# epoch 0  H=7.9971 C=8.0032 HO=-0.0061  A(t)=0
         1  ..k....-......>.  fffe6b0c80d5fc2dc2eceabdf0d63ecb
         1  .........,.D....  fffdb51ea0ec06bbbe2cb044c502f8cb
         1  ...............Q  fffdb50bbde3b0b0b811a28a1ce10251
         1  ....T...........  fffbf59e54e40701feb6dd06f2c1f3be
         1  ...i..N.......+>  fff8af69c7f14e89b59f8f11a3db2b3e
         1  ..>....J....g.$.  fff83e01a2d7154ae500c31867a324ab
         1  ..5..G.#!..}.j?*  fff835b1f64717232195bb7da76a3f2a
         1  ..._y.......1...  fff7d8207903bc951d8c899e31df0380
         1  ..."';..BEg.g..E  fff6b422273b03e9424567ba67eb1c45
         1  ...6u...,.P.#.fU  fff6803675d7edc82cd5508e23bf6655
# epoch 20  H=7.9952 C=7.9238 HO=0.0714  A(t)=0
        82  ................  d3d3d3d3d3d3d3d3d3d3d3d3d3d3d3d3
        40  NNNNNNNNNNNNNNNN  4e4e4e4e4e4e4e4e4e4e4e4e4e4e4e4e
        38  ................  2e2e2e2e2e2e2e2e2e2e2e2e2e2e2e2e
        37  ................  98989898989898989898989898989898
        37  jjjjjjjjjjjjjjjj  6a6a6a6a6a6a6a6a6a6a6a6a6a6a6a6a
        31  QQQQQQQQQQQQQQQQ  51515151515151515151515151515151
        30  ^^^^^^^^^^^^^^^^  5e5e5e5e5e5e5e5e5e5e5e5e5e5e5e5e
        20  ................  edededededededededededededededed
        16  .Q.V.Q.V.Q.V.Q.V  85510856855108568551085685510856
        16  V.Q.V.Q.V.Q.V.Q.  56855108568551085685510856855108
# epoch 40  H=7.9939 C=7.8488 HO=0.1452  A(t)=0
        80  ................  d3d3d3d3d3d3d3d3d3d3d3d3d3d3d3d3
        47  ++++++++++++++++  2b2b2b2b2b2b2b2b2b2b2b2b2b2b2b2b
        46  ................  07070707070707070707070707070707
        45  ................  eeeeeeeeeeeeeeeeeeeeeeeeeeeeeeee
        40  NNNNNNNNNNNNNNNN  4e4e4e4e4e4e4e4e4e4e4e4e4e4e4e4e
        39  jjjjjjjjjjjjjjjj  6a6a6a6a6a6a6a6a6a6a6a6a6a6a6a6a
        38  ................  dbdbdbdbdbdbdbdbdbdbdbdbdbdbdbdb
        38  ................  01010101010101010101010101010101
        37  ................  98989898989898989898989898989898
        37  HHHHHHHHHHHHHHHH  48484848484848484848484848484848
# epoch 60  H=7.9930 C=7.8212 HO=0.1718  A(t)=0
        80  ................  d3d3d3d3d3d3d3d3d3d3d3d3d3d3d3d3
        47  ++++++++++++++++  2b2b2b2b2b2b2b2b2b2b2b2b2b2b2b2b
        46  ................  07070707070707070707070707070707
        45  ................  eeeeeeeeeeeeeeeeeeeeeeeeeeeeeeee
        40  ................  bcbcbcbcbcbcbcbcbcbcbcbcbcbcbcbc
        40  NNNNNNNNNNNNNNNN  4e4e4e4e4e4e4e4e4e4e4e4e4e4e4e4e
        38  jjjjjjjjjjjjjjjj  6a6a6a6a6a6a6a6a6a6a6a6a6a6a6a6a
        38  PPPPPPPPPPPPPPPP  50505050505050505050505050505050
        38  ................  01010101010101010101010101010101
        36  ................  dbdbdbdbdbdbdbdbdbdbdbdbdbdbdbdb
# epoch 80  H=7.9927 C=7.8190 HO=0.1737  A(t)=0
        80  ................  d3d3d3d3d3d3d3d3d3d3d3d3d3d3d3d3
        45  ................  eeeeeeeeeeeeeeeeeeeeeeeeeeeeeeee
        45  ................  07070707070707070707070707070707
        39  ................  bcbcbcbcbcbcbcbcbcbcbcbcbcbcbcbc
        38  jjjjjjjjjjjjjjjj  6a6a6a6a6a6a6a6a6a6a6a6a6a6a6a6a
        37  ................  dbdbdbdbdbdbdbdbdbdbdbdbdbdbdbdb
        36  ................  01010101010101010101010101010101
        35  ................  98989898989898989898989898989898
        34  ................  90909090909090909090909090909090
        34  ++++++++++++++++  2b2b2b2b2b2b2b2b2b2b2b2b2b2b2b2b
# epoch 100  H=7.9915 C=7.7826 HO=0.2089  A(t)=16
        94  ................  b8b8b8b8b8b8b8b8b8b8b8b8b8b8b8b8
        79  ................  d3d3d3d3d3d3d3d3d3d3d3d3d3d3d3d3
        73  ................  01010101010101010101010101010101
        44  JJJJJJJJJJJJJJJJ  4a4a4a4a4a4a4a4a4a4a4a4a4a4a4a4a
        44  ................  07070707070707070707070707070707
        39  ................  bcbcbcbcbcbcbcbcbcbcbcbcbcbcbcbc
        37  ................  dbdbdbdbdbdbdbdbdbdbdbdbdbdbdbdb
        37  jjjjjjjjjjjjjjjj  6a6a6a6a6a6a6a6a6a6a6a6a6a6a6a6a
        34  ................  90909090909090909090909090909090
        34  ++++++++++++++++  2b2b2b2b2b2b2b2b2b2b2b2b2b2b2b2b
# epoch 120  H=7.9903 C=7.7506 HO=0.2397  A(t)=31
        98  ________________  20202020202020202020202020202020
        89  ................  b8b8b8b8b8b8b8b8b8b8b8b8b8b8b8b8
        74  ................  d3d3d3d3d3d3d3d3d3d3d3d3d3d3d3d3
        73  ................  01010101010101010101010101010101
        55  pppppppppppppppp  70707070707070707070707070707070
        44  ................  07070707070707070707070707070707
        43  JJJJJJJJJJJJJJJJ  4a4a4a4a4a4a4a4a4a4a4a4a4a4a4a4a
        39  ................  06060606060606060606060606060606
        38  ................  bcbcbcbcbcbcbcbcbcbcbcbcbcbcbcbc
        35  ................  dbdbdbdbdbdbdbdbdbdbdbdbdbdbdbdb
# epoch 140  H=7.9885 C=7.7000 HO=0.2886  A(t)=38
       121  ................  01010101010101010101010101010101
        79  ________________  20202020202020202020202020202020
        61  ................  d3d3d3d3d3d3d3d3d3d3d3d3d3d3d3d3
        56  ................  b8b8b8b8b8b8b8b8b8b8b8b8b8b8b8b8
        47  ................  ffffffffffffffffffffffffffffffff
        47  ................  fcfcfcfcfcfcfcfcfcfcfcfcfcfcfcfc
        44  $$$$$$$$$$$$$$$$  24242424242424242424242424242424
        44  ################  23232323232323232323232323232323
        43  ................  07070707070707070707070707070707
        41  ((((((((((((((((  28282828282828282828282828282828
# epoch 160  H=7.9855 C=7.6525 HO=0.3331  A(t)=40
       167  ................  01010101010101010101010101010101
        93  $$$$$$$$$$$$$$$$  24242424242424242424242424242424
        77  ________________  20202020202020202020202020202020
        75  ################  23232323232323232323232323232323
        60  ................  d3d3d3d3d3d3d3d3d3d3d3d3d3d3d3d3
        57  %%%%%%%%%%%%%%%%  25252525252525252525252525252525
        56  ................  b8b8b8b8b8b8b8b8b8b8b8b8b8b8b8b8
        48  ................  fefefefefefefefefefefefefefefefe
        47  ................  ffffffffffffffffffffffffffffffff
        47  ----------------  2d2d2d2d2d2d2d2d2d2d2d2d2d2d2d2d
# epoch 180  H=7.9852 C=7.6394 HO=0.3458  A(t)=45
       147  ................  01010101010101010101010101010101
        74  $$$$$$$$$$$$$$$$  24242424242424242424242424242424
        71  ################  23232323232323232323232323232323
        60  ________________  20202020202020202020202020202020
        50  ................  d3d3d3d3d3d3d3d3d3d3d3d3d3d3d3d3
        47  ................  ffffffffffffffffffffffffffffffff
        47  ................  09090909090909090909090909090909
        46  ................  fcfcfcfcfcfcfcfcfcfcfcfcfcfcfcfc
        46  ----------------  2d2d2d2d2d2d2d2d2d2d2d2d2d2d2d2d
        45  ................  fefefefefefefefefefefefefefefefe
# epoch 200  H=7.9842 C=7.6283 HO=0.3559  A(t)=49
       146  ................  01010101010101010101010101010101
        74  ................  ffffffffffffffffffffffffffffffff
        70  ################  23232323232323232323232323232323
        60  ________________  20202020202020202020202020202020
        57  $$$$$$$$$$$$$$$$  24242424242424242424242424242424
        47  ................  09090909090909090909090909090909
        46  ................  fcfcfcfcfcfcfcfcfcfcfcfcfcfcfcfc
        45  ................  fefefefefefefefefefefefefefefefe
        43  ................  e3e3e3e3e3e3e3e3e3e3e3e3e3e3e3e3
        41  ((((((((((((((((  28282828282828282828282828282828
# epoch 220  H=7.9833 C=7.6166 HO=0.3668  A(t)=58
       124  ................  01010101010101010101010101010101
        70  ################  23232323232323232323232323232323
        61  ................  a5a5a5a5a5a5a5a5a5a5a5a5a5a5a5a5
        59  ................  ffffffffffffffffffffffffffffffff
        57  $$$$$$$$$$$$$$$$  24242424242424242424242424242424
        48  ________________  20202020202020202020202020202020
        47  ................  09090909090909090909090909090909
        43  ................  e3e3e3e3e3e3e3e3e3e3e3e3e3e3e3e3
        41  ((((((((((((((((  28282828282828282828282828282828
        41  %%%%%%%%%%%%%%%%  25252525252525252525252525252525
# epoch 240  H=7.9823 C=7.5909 HO=0.3914  A(t)=61
        98  ................  01010101010101010101010101010101
        69  ################  23232323232323232323232323232323
        60  ................  a5a5a5a5a5a5a5a5a5a5a5a5a5a5a5a5
        55  $$$$$$$$$$$$$$$$  24242424242424242424242424242424
        47  ________________  20202020202020202020202020202020
        47  ................  09090909090909090909090909090909
        45  ................  ffffffffffffffffffffffffffffffff
        43  ................  e3e3e3e3e3e3e3e3e3e3e3e3e3e3e3e3
        40  ................  b8b8b8b8b8b8b8b8b8b8b8b8b8b8b8b8
        40  %%%%%%%%%%%%%%%%  25252525252525252525252525252525
# epoch 260  H=7.9808 C=7.5704 HO=0.4104  A(t)=65
       123  ................  b8b8b8b8b8b8b8b8b8b8b8b8b8b8b8b8
        89  ................  01010101010101010101010101010101
        69  ################  23232323232323232323232323232323
        57  ................  f7f7f7f7f7f7f7f7f7f7f7f7f7f7f7f7
        53  $$$$$$$$$$$$$$$$  24242424242424242424242424242424
        49  qqqqqqqqqqqqqqqq  71717171717171717171717171717171
        47  ................  ffffffffffffffffffffffffffffffff
        47  ________________  20202020202020202020202020202020
        45  ................  a5a5a5a5a5a5a5a5a5a5a5a5a5a5a5a5
        39  ................  fefefefefefefefefefefefefefefefe
# epoch 280  H=7.9806 C=7.5616 HO=0.4190  A(t)=68
       139  ................  b8b8b8b8b8b8b8b8b8b8b8b8b8b8b8b8
        88  ................  01010101010101010101010101010101
        67  qqqqqqqqqqqqqqqq  71717171717171717171717171717171
        53  ################  23232323232323232323232323232323
        52  ................  f7f7f7f7f7f7f7f7f7f7f7f7f7f7f7f7
        49  ................  ffffffffffffffffffffffffffffffff
        47  ________________  20202020202020202020202020202020
        44  ................  a5a5a5a5a5a5a5a5a5a5a5a5a5a5a5a5
        40  ................  02020202020202020202020202020202
        38  %%%%%%%%%%%%%%%%  25252525252525252525252525252525
# epoch 300  H=7.9796 C=7.5668 HO=0.4128  A(t)=70
       132  ................  b8b8b8b8b8b8b8b8b8b8b8b8b8b8b8b8
        88  ................  01010101010101010101010101010101
        58  qqqqqqqqqqqqqqqq  71717171717171717171717171717171
        52  ................  f7f7f7f7f7f7f7f7f7f7f7f7f7f7f7f7
        50  ################  23232323232323232323232323232323
        47  ________________  20202020202020202020202020202020
        46  ................  ffffffffffffffffffffffffffffffff
        44  ................  a5a5a5a5a5a5a5a5a5a5a5a5a5a5a5a5
        39  ................  02020202020202020202020202020202
        38  %%%%%%%%%%%%%%%%  25252525252525252525252525252525
# epoch 320  H=7.9794 C=7.5780 HO=0.4014  A(t)=76
       128  ................  b8b8b8b8b8b8b8b8b8b8b8b8b8b8b8b8
        79  ................  01010101010101010101010101010101
        57  qqqqqqqqqqqqqqqq  71717171717171717171717171717171
        51  ................  f7f7f7f7f7f7f7f7f7f7f7f7f7f7f7f7
        49  ################  23232323232323232323232323232323
        46  ................  ffffffffffffffffffffffffffffffff
        39  ................  02020202020202020202020202020202
        34  $$$$$$$$$$$$$$$$  24242424242424242424242424242424
        31  ................  d3d3d3d3d3d3d3d3d3d3d3d3d3d3d3d3
        31  %%%%%%%%%%%%%%%%  25252525252525252525252525252525
# epoch 340  H=7.9791 C=7.5851 HO=0.3940  A(t)=79
       127  ................  b8b8b8b8b8b8b8b8b8b8b8b8b8b8b8b8
        72  ................  01010101010101010101010101010101
        57  qqqqqqqqqqqqqqqq  71717171717171717171717171717171
        50  ................  f7f7f7f7f7f7f7f7f7f7f7f7f7f7f7f7
        46  ................  ffffffffffffffffffffffffffffffff
        39  ................  02020202020202020202020202020202
        34  $$$$$$$$$$$$$$$$  24242424242424242424242424242424
        33  ################  23232323232323232323232323232323
        31  %%%%%%%%%%%%%%%%  25252525252525252525252525252525
        30  ................  fefefefefefefefefefefefefefefefe
# epoch 360  H=7.9787 C=7.5815 HO=0.3971  A(t)=79
       127  ................  b8b8b8b8b8b8b8b8b8b8b8b8b8b8b8b8
        71  ................  01010101010101010101010101010101
        57  qqqqqqqqqqqqqqqq  71717171717171717171717171717171
        50  ................  f7f7f7f7f7f7f7f7f7f7f7f7f7f7f7f7
        34  $$$$$$$$$$$$$$$$  24242424242424242424242424242424
        34  ................  02020202020202020202020202020202
        33  ################  23232323232323232323232323232323
        30  ................  d3d3d3d3d3d3d3d3d3d3d3d3d3d3d3d3
        29  ................  fefefefefefefefefefefefefefefefe
        29  ================  3d3d3d3d3d3d3d3d3d3d3d3d3d3d3d3d
# epoch 380  H=7.9753 C=7.5498 HO=0.4255  A(t)=80
       119  ................  b8b8b8b8b8b8b8b8b8b8b8b8b8b8b8b8
        82  ................  05050505050505050505050505050505
        78  ================  3d3d3d3d3d3d3d3d3d3d3d3d3d3d3d3d
        75  ................  1b1b1b1b1b1b1b1b1b1b1b1b1b1b1b1b
        70  ................  01010101010101010101010101010101
        57  qqqqqqqqqqqqqqqq  71717171717171717171717171717171
        50  ................  f7f7f7f7f7f7f7f7f7f7f7f7f7f7f7f7
        34  $$$$$$$$$$$$$$$$  24242424242424242424242424242424
        34  ................  02020202020202020202020202020202
        33  ################  23232323232323232323232323232323
# epoch 400  H=7.9733 C=7.5482 HO=0.4250  A(t)=81
       111  ................  b8b8b8b8b8b8b8b8b8b8b8b8b8b8b8b8
        73  ................  1b1b1b1b1b1b1b1b1b1b1b1b1b1b1b1b
        70  ................  01010101010101010101010101010101
        65  ................  05050505050505050505050505050505
        64  ================  3d3d3d3d3d3d3d3d3d3d3d3d3d3d3d3d
        58  <<<<<<<<<<<<<<<<  3c3c3c3c3c3c3c3c3c3c3c3c3c3c3c3c
        50  ................  f7f7f7f7f7f7f7f7f7f7f7f7f7f7f7f7
        48  qqqqqqqqqqqqqqqq  71717171717171717171717171717171
        39  @@@@@@@@@@@@@@@@  40404040404040404040404040404040
        34  $$$$$$$$$$$$$$$$  24242424242424242424242424242424
# epoch 420  H=7.9721 C=7.5511 HO=0.4209  A(t)=81
       110  ................  b8b8b8b8b8b8b8b8b8b8b8b8b8b8b8b8
        77  ================  3d3d3d3d3d3d3d3d3d3d3d3d3d3d3d3d
        71  ................  1b1b1b1b1b1b1b1b1b1b1b1b1b1b1b1b
        65  ................  05050505050505050505050505050505
        57  <<<<<<<<<<<<<<<<  3c3c3c3c3c3c3c3c3c3c3c3c3c3c3c3c
        57  ................  01010101010101010101010101010101
        48  qqqqqqqqqqqqqqqq  71717171717171717171717171717171
        43  ................  f7f7f7f7f7f7f7f7f7f7f7f7f7f7f7f7
        35  @@@@@@@@@@@@@@@@  40404040404040404040404040404040
        34  $$$$$$$$$$$$$$$$  24242424242424242424242424242424
# epoch 440  H=7.9712 C=7.5547 HO=0.4166  A(t)=84
        84  ................  b8b8b8b8b8b8b8b8b8b8b8b8b8b8b8b8
        74  ================  3d3d3d3d3d3d3d3d3d3d3d3d3d3d3d3d
        70  ................  1b1b1b1b1b1b1b1b1b1b1b1b1b1b1b1b
        64  ................  05050505050505050505050505050505
        57  <<<<<<<<<<<<<<<<  3c3c3c3c3c3c3c3c3c3c3c3c3c3c3c3c
        48  qqqqqqqqqqqqqqqq  71717171717171717171717171717171
        44  ................  c9c9c9c9c9c9c9c9c9c9c9c9c9c9c9c9
        43  ................  f7f7f7f7f7f7f7f7f7f7f7f7f7f7f7f7
        35  ................  01010101010101010101010101010101
        34  $$$$$$$$$$$$$$$$  24242424242424242424242424242424
# epoch 460  H=7.9703 C=7.5625 HO=0.4078  A(t)=85
        84  ................  b8b8b8b8b8b8b8b8b8b8b8b8b8b8b8b8
        74  ================  3d3d3d3d3d3d3d3d3d3d3d3d3d3d3d3d
        57  <<<<<<<<<<<<<<<<  3c3c3c3c3c3c3c3c3c3c3c3c3c3c3c3c
        54  ................  05050505050505050505050505050505
        53  ................  1b1b1b1b1b1b1b1b1b1b1b1b1b1b1b1b
        48  qqqqqqqqqqqqqqqq  71717171717171717171717171717171
        43  ................  f7f7f7f7f7f7f7f7f7f7f7f7f7f7f7f7
        43  ................  c9c9c9c9c9c9c9c9c9c9c9c9c9c9c9c9
        35  ................  01010101010101010101010101010101
        29  $$$$$$$$$$$$$$$$  24242424242424242424242424242424
# epoch 480  H=7.9672 C=7.5437 HO=0.4235  A(t)=88
        82  ................  1b1b1b1b1b1b1b1b1b1b1b1b1b1b1b1b
        78  ................  b8b8b8b8b8b8b8b8b8b8b8b8b8b8b8b8
        74  ================  3d3d3d3d3d3d3d3d3d3d3d3d3d3d3d3d
        52  ................  12121212121212121212121212121212
        52  ................  05050505050505050505050505050505
        50  <<<<<<<<<<<<<<<<  3c3c3c3c3c3c3c3c3c3c3c3c3c3c3c3c
        48  qqqqqqqqqqqqqqqq  71717171717171717171717171717171
        47  ................  9e9e9e9e9e9e9e9e9e9e9e9e9e9e9e9e
        45  [[[[[[[[[[[[[[[[  5b5b5b5b5b5b5b5b5b5b5b5b5b5b5b5b
        35  ................  f7f7f7f7f7f7f7f7f7f7f7f7f7f7f7f7
# epoch 500  H=7.9668 C=7.5417 HO=0.4250  A(t)=88
        80  ................  1b1b1b1b1b1b1b1b1b1b1b1b1b1b1b1b
        78  ................  b8b8b8b8b8b8b8b8b8b8b8b8b8b8b8b8
        60  ================  3d3d3d3d3d3d3d3d3d3d3d3d3d3d3d3d
        52  ................  05050505050505050505050505050505
        50  <<<<<<<<<<<<<<<<  3c3c3c3c3c3c3c3c3c3c3c3c3c3c3c3c
        49  ................  b3b3b3b3b3b3b3b3b3b3b3b3b3b3b3b3
        48  qqqqqqqqqqqqqqqq  71717171717171717171717171717171
        46  ................  9e9e9e9e9e9e9e9e9e9e9e9e9e9e9e9e
        46  ................  12121212121212121212121212121212
        40  ................  b0b0b0b0b0b0b0b0b0b0b0b0b0b0b0b0
# epoch 520  H=7.9668 C=7.5238 HO=0.4430  A(t)=89
        80  ................  1b1b1b1b1b1b1b1b1b1b1b1b1b1b1b1b
        70  ................  b8b8b8b8b8b8b8b8b8b8b8b8b8b8b8b8
        59  ================  3d3d3d3d3d3d3d3d3d3d3d3d3d3d3d3d
        56  ................  dcdcdcdcdcdcdcdcdcdcdcdcdcdcdcdc
        50  <<<<<<<<<<<<<<<<  3c3c3c3c3c3c3c3c3c3c3c3c3c3c3c3c
        48  ................  f8f8f8f8f8f8f8f8f8f8f8f8f8f8f8f8
        47  ................  14141414141414141414141414141414
        46  ................  9e9e9e9e9e9e9e9e9e9e9e9e9e9e9e9e
        45  qqqqqqqqqqqqqqqq  71717171717171717171717171717171
        45  ................  12121212121212121212121212121212
# epoch 540  H=7.9622 C=7.4729 HO=0.4893  A(t)=89
       100  ================  3d3d3d3d3d3d3d3d3d3d3d3d3d3d3d3d
        97  ................  dcdcdcdcdcdcdcdcdcdcdcdcdcdcdcdc
        80  ................  1b1b1b1b1b1b1b1b1b1b1b1b1b1b1b1b
        70  <<<<<<<<<<<<<<<<  3c3c3c3c3c3c3c3c3c3c3c3c3c3c3c3c
        69  ................  b8b8b8b8b8b8b8b8b8b8b8b8b8b8b8b8
        56  ................  09090909090909090909090909090909
        56  ................  07070707070707070707070707070707
        52  ................  08080808080808080808080808080808
        48  ................  0d0d0d0d0d0d0d0d0d0d0d0d0d0d0d0d
        47  ................  14141414141414141414141414141414
# epoch 560  H=7.9608 C=7.4507 HO=0.5101  A(t)=89
        99  ================  3d3d3d3d3d3d3d3d3d3d3d3d3d3d3d3d
        96  ................  f6f6f6f6f6f6f6f6f6f6f6f6f6f6f6f6
        84  ................  dcdcdcdcdcdcdcdcdcdcdcdcdcdcdcdc
        69  ................  b8b8b8b8b8b8b8b8b8b8b8b8b8b8b8b8
        69  ................  1b1b1b1b1b1b1b1b1b1b1b1b1b1b1b1b
        55  ................  09090909090909090909090909090909
        53  <<<<<<<<<<<<<<<<  3c3c3c3c3c3c3c3c3c3c3c3c3c3c3c3c
        51  ................  08080808080808080808080808080808
        48  ................  11111111111111111111111111111111
        47  ................  14141414141414141414141414141414
# epoch 580  H=7.9593 C=7.4335 HO=0.5258  A(t)=90
        84  ................  f6f6f6f6f6f6f6f6f6f6f6f6f6f6f6f6
        83  ................  dcdcdcdcdcdcdcdcdcdcdcdcdcdcdcdc
        82  ================  3d3d3d3d3d3d3d3d3d3d3d3d3d3d3d3d
        69  ................  1b1b1b1b1b1b1b1b1b1b1b1b1b1b1b1b
        66  ................  b8b8b8b8b8b8b8b8b8b8b8b8b8b8b8b8
        55  ................  09090909090909090909090909090909
        53  <<<<<<<<<<<<<<<<  3c3c3c3c3c3c3c3c3c3c3c3c3c3c3c3c
        51  ................  08080808080808080808080808080808
        49  GGGGGGGGGGGGGGGG  47474747474747474747474747474747
        47  ................  19191919191919191919191919191919
# epoch 600  H=7.9566 C=7.4130 HO=0.5436  A(t)=93
        97  <<<<<<<<<<<<<<<<  3c3c3c3c3c3c3c3c3c3c3c3c3c3c3c3c
        84  ................  f6f6f6f6f6f6f6f6f6f6f6f6f6f6f6f6
        82  ................  dcdcdcdcdcdcdcdcdcdcdcdcdcdcdcdc
        77  GGGGGGGGGGGGGGGG  47474747474747474747474747474747
        74  ================  3d3d3d3d3d3d3d3d3d3d3d3d3d3d3d3d
        66  ................  b8b8b8b8b8b8b8b8b8b8b8b8b8b8b8b8
        64  }}}}}}}}}}}}}}}}  7d7d7d7d7d7d7d7d7d7d7d7d7d7d7d7d
        54  ................  09090909090909090909090909090909
        49  nnnnnnnnnnnnnnnn  6e6e6e6e6e6e6e6e6e6e6e6e6e6e6e6e
        46  ................  19191919191919191919191919191919
# epoch 620  H=7.9515 C=7.3965 HO=0.5550  A(t)=95
       145  <<<<<<<<<<<<<<<<  3c3c3c3c3c3c3c3c3c3c3c3c3c3c3c3c
        84  ................  f6f6f6f6f6f6f6f6f6f6f6f6f6f6f6f6
        81  ................  dcdcdcdcdcdcdcdcdcdcdcdcdcdcdcdc
        67  pppppppppppppppp  70707070707070707070707070707070
        63  ................  b8b8b8b8b8b8b8b8b8b8b8b8b8b8b8b8
        60  }}}}}}}}}}}}}}}}  7d7d7d7d7d7d7d7d7d7d7d7d7d7d7d7d
        59  GGGGGGGGGGGGGGGG  47474747474747474747474747474747
        58  ================  3d3d3d3d3d3d3d3d3d3d3d3d3d3d3d3d
        54  ................  09090909090909090909090909090909
        48  nnnnnnnnnnnnnnnn  6e6e6e6e6e6e6e6e6e6e6e6e6e6e6e6e
# epoch 640  H=7.9464 C=7.3889 HO=0.5575  A(t)=99
       189  <<<<<<<<<<<<<<<<  3c3c3c3c3c3c3c3c3c3c3c3c3c3c3c3c
        81  ................  dcdcdcdcdcdcdcdcdcdcdcdcdcdcdcdc
        68  pppppppppppppppp  70707070707070707070707070707070
        66  ................  f7f7f7f7f7f7f7f7f7f7f7f7f7f7f7f7
        63  ................  f6f6f6f6f6f6f6f6f6f6f6f6f6f6f6f6
        58  GGGGGGGGGGGGGGGG  47474747474747474747474747474747
        58  ================  3d3d3d3d3d3d3d3d3d3d3d3d3d3d3d3d
        57  ................  b8b8b8b8b8b8b8b8b8b8b8b8b8b8b8b8
        54  ................  09090909090909090909090909090909
        46  }}}}}}}}}}}}}}}}  7d7d7d7d7d7d7d7d7d7d7d7d7d7d7d7d
# epoch 660  H=7.9417 C=7.3845 HO=0.5571  A(t)=103
       167  <<<<<<<<<<<<<<<<  3c3c3c3c3c3c3c3c3c3c3c3c3c3c3c3c
        79  ................  dcdcdcdcdcdcdcdcdcdcdcdcdcdcdcdc
        63  ................  f6f6f6f6f6f6f6f6f6f6f6f6f6f6f6f6
        61  pppppppppppppppp  70707070707070707070707070707070
        57  ................  b8b8b8b8b8b8b8b8b8b8b8b8b8b8b8b8
        54  GGGGGGGGGGGGGGGG  47474747474747474747474747474747
        49  ================  3d3d3d3d3d3d3d3d3d3d3d3d3d3d3d3d
        46  ................  19191919191919191919191919191919
        45  ................  bebebebebebebebebebebebebebebebe
        44  }}}}}}}}}}}}}}}}  7d7d7d7d7d7d7d7d7d7d7d7d7d7d7d7d
# epoch 680  H=7.9355 C=7.3665 HO=0.5690  A(t)=105
       173  >>>>>>>>>>>>>>>>  3e3e3e3e3e3e3e3e3e3e3e3e3e3e3e3e
       164  <<<<<<<<<<<<<<<<  3c3c3c3c3c3c3c3c3c3c3c3c3c3c3c3c
        63  ................  dcdcdcdcdcdcdcdcdcdcdcdcdcdcdcdc
        62  pppppppppppppppp  70707070707070707070707070707070
        51  GGGGGGGGGGGGGGGG  47474747474747474747474747474747
        49  ================  3d3d3d3d3d3d3d3d3d3d3d3d3d3d3d3d
        48  ................  f6f6f6f6f6f6f6f6f6f6f6f6f6f6f6f6
        45  ................  bebebebebebebebebebebebebebebebe
        42  ................  f7f7f7f7f7f7f7f7f7f7f7f7f7f7f7f7
        42  tttttttttttttttt  74747474747474747474747474747474
# epoch 700  H=7.9338 C=7.3513 HO=0.5825  A(t)=107
       172  >>>>>>>>>>>>>>>>  3e3e3e3e3e3e3e3e3e3e3e3e3e3e3e3e
       146  <<<<<<<<<<<<<<<<  3c3c3c3c3c3c3c3c3c3c3c3c3c3c3c3c
       100  pppppppppppppppp  70707070707070707070707070707070
        58  ................  dcdcdcdcdcdcdcdcdcdcdcdcdcdcdcdc
        48  ................  f6f6f6f6f6f6f6f6f6f6f6f6f6f6f6f6
        48  ================  3d3d3d3d3d3d3d3d3d3d3d3d3d3d3d3d
        45  ................  bebebebebebebebebebebebebebebebe
        42  ................  f7f7f7f7f7f7f7f7f7f7f7f7f7f7f7f7
        42  tttttttttttttttt  74747474747474747474747474747474
        40  GGGGGGGGGGGGGGGG  47474747474747474747474747474747
# epoch 720  H=7.9291 C=7.3304 HO=0.5986  A(t)=107
       197  ................  c0c0c0c0c0c0c0c0c0c0c0c0c0c0c0c0
       145  >>>>>>>>>>>>>>>>  3e3e3e3e3e3e3e3e3e3e3e3e3e3e3e3e
       143  <<<<<<<<<<<<<<<<  3c3c3c3c3c3c3c3c3c3c3c3c3c3c3c3c
        74  pppppppppppppppp  70707070707070707070707070707070
        58  ................  dcdcdcdcdcdcdcdcdcdcdcdcdcdcdcdc
        47  yyyyyyyyyyyyyyyy  79797979797979797979797979797979
        42  ................  f7f7f7f7f7f7f7f7f7f7f7f7f7f7f7f7
        35  ................  f6f6f6f6f6f6f6f6f6f6f6f6f6f6f6f6
        34  ................  bebebebebebebebebebebebebebebebe
        34  ................  12121212121212121212121212121212
# epoch 740  H=7.9273 C=7.3242 HO=0.6030  A(t)=109
       171  ................  c0c0c0c0c0c0c0c0c0c0c0c0c0c0c0c0
       164  >>>>>>>>>>>>>>>>  3e3e3e3e3e3e3e3e3e3e3e3e3e3e3e3e
       143  <<<<<<<<<<<<<<<<  3c3c3c3c3c3c3c3c3c3c3c3c3c3c3c3c
        58  ................  dcdcdcdcdcdcdcdcdcdcdcdcdcdcdcdc
        52  pppppppppppppppp  70707070707070707070707070707070
        52  [[[[[[[[[[[[[[[[  5b5b5b5b5b5b5b5b5b5b5b5b5b5b5b5b
        48  ................  f1f1f1f1f1f1f1f1f1f1f1f1f1f1f1f1
        42  ................  f7f7f7f7f7f7f7f7f7f7f7f7f7f7f7f7
        35  ................  f6f6f6f6f6f6f6f6f6f6f6f6f6f6f6f6
        34  ................  bebebebebebebebebebebebebebebebe
# epoch 760  H=7.9174 C=7.3007 HO=0.6167  A(t)=109
       218  <<<<<<<<<<<<<<<<  3c3c3c3c3c3c3c3c3c3c3c3c3c3c3c3c
       139  >>>>>>>>>>>>>>>>  3e3e3e3e3e3e3e3e3e3e3e3e3e3e3e3e
       136  ................  c0c0c0c0c0c0c0c0c0c0c0c0c0c0c0c0
        87  [[[[[[[[[[[[[[[[  5b5b5b5b5b5b5b5b5b5b5b5b5b5b5b5b
        77  ================  3d3d3d3d3d3d3d3d3d3d3d3d3d3d3d3d
        61  ::::::::::::::::  3a3a3a3a3a3a3a3a3a3a3a3a3a3a3a3a
        57  ................  09090909090909090909090909090909
        52  pppppppppppppppp  70707070707070707070707070707070
        48  ................  d5d5d5d5d5d5d5d5d5d5d5d5d5d5d5d5
        45  ................  dcdcdcdcdcdcdcdcdcdcdcdcdcdcdcdc
# epoch 780  H=7.9153 C=7.2837 HO=0.6316  A(t)=113
       209  <<<<<<<<<<<<<<<<  3c3c3c3c3c3c3c3c3c3c3c3c3c3c3c3c
       129  ................  c0c0c0c0c0c0c0c0c0c0c0c0c0c0c0c0
       109  >>>>>>>>>>>>>>>>  3e3e3e3e3e3e3e3e3e3e3e3e3e3e3e3e
        81  ................  09090909090909090909090909090909
        76  ================  3d3d3d3d3d3d3d3d3d3d3d3d3d3d3d3d
        76  9999999999999999  39393939393939393939393939393939
        54  [[[[[[[[[[[[[[[[  5b5b5b5b5b5b5b5b5b5b5b5b5b5b5b5b
        49  xxxxxxxxxxxxxxxx  78787878787878787878787878787878
        48  ................  0b0b0b0b0b0b0b0b0b0b0b0b0b0b0b0b
        47  ................  d5d5d5d5d5d5d5d5d5d5d5d5d5d5d5d5
# epoch 800  H=7.9091 C=7.2498 HO=0.6594  A(t)=115
       348  <<<<<<<<<<<<<<<<  3c3c3c3c3c3c3c3c3c3c3c3c3c3c3c3c
       123  9999999999999999  39393939393939393939393939393939
        93  ................  c0c0c0c0c0c0c0c0c0c0c0c0c0c0c0c0
        92  >>>>>>>>>>>>>>>>  3e3e3e3e3e3e3e3e3e3e3e3e3e3e3e3e
        73  ================  3d3d3d3d3d3d3d3d3d3d3d3d3d3d3d3d
        57  ................  09090909090909090909090909090909
        54  [[[[[[[[[[[[[[[[  5b5b5b5b5b5b5b5b5b5b5b5b5b5b5b5b
        49  ................  8c8c8c8c8c8c8c8c8c8c8c8c8c8c8c8c
        49  xxxxxxxxxxxxxxxx  78787878787878787878787878787878
        47  ................  85858585858585858585858585858585
# epoch 820  H=7.9017 C=7.2242 HO=0.6774  A(t)=117
       297  <<<<<<<<<<<<<<<<  3c3c3c3c3c3c3c3c3c3c3c3c3c3c3c3c
       123  9999999999999999  39393939393939393939393939393939
       116  ================  3d3d3d3d3d3d3d3d3d3d3d3d3d3d3d3d
       101  [[[[[[[[[[[[[[[[  5b5b5b5b5b5b5b5b5b5b5b5b5b5b5b5b
        92  ................  c0c0c0c0c0c0c0c0c0c0c0c0c0c0c0c0
        92  {{{{{{{{{{{{{{{{  7b7b7b7b7b7b7b7b7b7b7b7b7b7b7b7b
        65  >>>>>>>>>>>>>>>>  3e3e3e3e3e3e3e3e3e3e3e3e3e3e3e3e
        53  ................  09090909090909090909090909090909
        48  ||||||||||||||||  7c7c7c7c7c7c7c7c7c7c7c7c7c7c7c7c
        47  ................  85858585858585858585858585858585
# epoch 840  H=7.8986 C=7.2205 HO=0.6781  A(t)=118
       227  <<<<<<<<<<<<<<<<  3c3c3c3c3c3c3c3c3c3c3c3c3c3c3c3c
       189  ................  0b0b0b0b0b0b0b0b0b0b0b0b0b0b0b0b
       122  9999999999999999  39393939393939393939393939393939
        94  ================  3d3d3d3d3d3d3d3d3d3d3d3d3d3d3d3d
        92  [[[[[[[[[[[[[[[[  5b5b5b5b5b5b5b5b5b5b5b5b5b5b5b5b
        85  ................  c0c0c0c0c0c0c0c0c0c0c0c0c0c0c0c0
        52  {{{{{{{{{{{{{{{{  7b7b7b7b7b7b7b7b7b7b7b7b7b7b7b7b
        50  ................  09090909090909090909090909090909
        45  ::::::::::::::::  3a3a3a3a3a3a3a3a3a3a3a3a3a3a3a3a
        39  >>>>>>>>>>>>>>>>  3e3e3e3e3e3e3e3e3e3e3e3e3e3e3e3e
# epoch 860  H=7.8939 C=7.2080 HO=0.6859  A(t)=121
       221  <<<<<<<<<<<<<<<<  3c3c3c3c3c3c3c3c3c3c3c3c3c3c3c3c
       185  ................  0b0b0b0b0b0b0b0b0b0b0b0b0b0b0b0b
       146  yyyyyyyyyyyyyyyy  79797979797979797979797979797979
       106  9999999999999999  39393939393939393939393939393939
        94  ================  3d3d3d3d3d3d3d3d3d3d3d3d3d3d3d3d
        87  [[[[[[[[[[[[[[[[  5b5b5b5b5b5b5b5b5b5b5b5b5b5b5b5b
        82  ................  c0c0c0c0c0c0c0c0c0c0c0c0c0c0c0c0
        52  ................  08080808080808080808080808080808
        49  ................  09090909090909090909090909090909
        46  {{{{{{{{{{{{{{{{  7b7b7b7b7b7b7b7b7b7b7b7b7b7b7b7b
# epoch 880  H=7.8935 C=7.2279 HO=0.6656  A(t)=122
       186  ................  0b0b0b0b0b0b0b0b0b0b0b0b0b0b0b0b
       160  <<<<<<<<<<<<<<<<  3c3c3c3c3c3c3c3c3c3c3c3c3c3c3c3c
       142  yyyyyyyyyyyyyyyy  79797979797979797979797979797979
        93  9999999999999999  39393939393939393939393939393939
        85  ================  3d3d3d3d3d3d3d3d3d3d3d3d3d3d3d3d
        64  [[[[[[[[[[[[[[[[  5b5b5b5b5b5b5b5b5b5b5b5b5b5b5b5b
        53  ................  c0c0c0c0c0c0c0c0c0c0c0c0c0c0c0c0
        46  {{{{{{{{{{{{{{{{  7b7b7b7b7b7b7b7b7b7b7b7b7b7b7b7b
        40  ................  09090909090909090909090909090909
        37  >>>>>>>>>>>>>>>>  3e3e3e3e3e3e3e3e3e3e3e3e3e3e3e3e
# epoch 900  H=7.8900 C=7.2458 HO=0.6441  A(t)=124
       187  ................  0b0b0b0b0b0b0b0b0b0b0b0b0b0b0b0b
       117  yyyyyyyyyyyyyyyy  79797979797979797979797979797979
       107  <<<<<<<<<<<<<<<<  3c3c3c3c3c3c3c3c3c3c3c3c3c3c3c3c
        92  9999999999999999  39393939393939393939393939393939
        83  ================  3d3d3d3d3d3d3d3d3d3d3d3d3d3d3d3d
        64  [[[[[[[[[[[[[[[[  5b5b5b5b5b5b5b5b5b5b5b5b5b5b5b5b
        46  {{{{{{{{{{{{{{{{  7b7b7b7b7b7b7b7b7b7b7b7b7b7b7b7b
        45  ................  c0c0c0c0c0c0c0c0c0c0c0c0c0c0c0c0
        36  >>>>>>>>>>>>>>>>  3e3e3e3e3e3e3e3e3e3e3e3e3e3e3e3e
        35  ................  09090909090909090909090909090909
# epoch 920  H=7.8871 C=7.2600 HO=0.6271  A(t)=124
       155  ................  0b0b0b0b0b0b0b0b0b0b0b0b0b0b0b0b
       117  yyyyyyyyyyyyyyyy  79797979797979797979797979797979
       105  <<<<<<<<<<<<<<<<  3c3c3c3c3c3c3c3c3c3c3c3c3c3c3c3c
        83  ================  3d3d3d3d3d3d3d3d3d3d3d3d3d3d3d3d
        63  9999999999999999  39393939393939393939393939393939
        50  [[[[[[[[[[[[[[[[  5b5b5b5b5b5b5b5b5b5b5b5b5b5b5b5b
        45  ................  c0c0c0c0c0c0c0c0c0c0c0c0c0c0c0c0
        45  {{{{{{{{{{{{{{{{  7b7b7b7b7b7b7b7b7b7b7b7b7b7b7b7b
        35  ................  09090909090909090909090909090909
        33  8888888888888888  38383838383838383838383838383838
# epoch 940  H=7.8751 C=7.2494 HO=0.6258  A(t)=124
       201  <<<<<<<<<<<<<<<<  3c3c3c3c3c3c3c3c3c3c3c3c3c3c3c3c
       149  ................  0b0b0b0b0b0b0b0b0b0b0b0b0b0b0b0b
        97  yyyyyyyyyyyyyyyy  79797979797979797979797979797979
        83  ================  3d3d3d3d3d3d3d3d3d3d3d3d3d3d3d3d
        50  9999999999999999  39393939393939393939393939393939
        48  ................  0e0e0e0e0e0e0e0e0e0e0e0e0e0e0e0e
        47  [[[[[[[[[[[[[[[[  5b5b5b5b5b5b5b5b5b5b5b5b5b5b5b5b
        35  ................  e9e9e9e9e9e9e9e9e9e9e9e9e9e9e9e9
        31  {{{{{{{{{{{{{{{{  7b7b7b7b7b7b7b7b7b7b7b7b7b7b7b7b
        31  FFFFFFFFFFFFFFFF  46464646464646464646464646464646
# epoch 960  H=7.8757 C=7.2560 HO=0.6197  A(t)=126
       186  <<<<<<<<<<<<<<<<  3c3c3c3c3c3c3c3c3c3c3c3c3c3c3c3c
       111  ................  0b0b0b0b0b0b0b0b0b0b0b0b0b0b0b0b
       104  tttttttttttttttt  74747474747474747474747474747474
        95  yyyyyyyyyyyyyyyy  79797979797979797979797979797979
        81  ================  3d3d3d3d3d3d3d3d3d3d3d3d3d3d3d3d
        41  9999999999999999  39393939393939393939393939393939
        35  ................  e9e9e9e9e9e9e9e9e9e9e9e9e9e9e9e9
        31  FFFFFFFFFFFFFFFF  46464646464646464646464646464646
        30  ................  0e0e0e0e0e0e0e0e0e0e0e0e0e0e0e0e
        28  ................  85858585858585858585858585858585
# epoch 980  H=7.8675 C=7.2552 HO=0.6123  A(t)=126
       209  <<<<<<<<<<<<<<<<  3c3c3c3c3c3c3c3c3c3c3c3c3c3c3c3c
       101  tttttttttttttttt  74747474747474747474747474747474
        99  ................  0b0b0b0b0b0b0b0b0b0b0b0b0b0b0b0b
        94  yyyyyyyyyyyyyyyy  79797979797979797979797979797979
        71  ================  3d3d3d3d3d3d3d3d3d3d3d3d3d3d3d3d
        49  uuuuuuuuuuuuuuuu  75757575757575757575757575757575
        41  9999999999999999  39393939393939393939393939393939
        32  ................  e9e9e9e9e9e9e9e9e9e9e9e9e9e9e9e9
        31  FFFFFFFFFFFFFFFF  46464646464646464646464646464646
        30  ................  0e0e0e0e0e0e0e0e0e0e0e0e0e0e0e0e
# epoch 1000  H=7.8611 C=7.2465 HO=0.6146  A(t)=127
       217  <<<<<<<<<<<<<<<<  3c3c3c3c3c3c3c3c3c3c3c3c3c3c3c3c
       162  tttttttttttttttt  74747474747474747474747474747474
        99  ................  0b0b0b0b0b0b0b0b0b0b0b0b0b0b0b0b
        95  yyyyyyyyyyyyyyyy  79797979797979797979797979797979
        54  ================  3d3d3d3d3d3d3d3d3d3d3d3d3d3d3d3d
        48  ................  d8d8d8d8d8d8d8d8d8d8d8d8d8d8d8d8
        40  9999999999999999  39393939393939393939393939393939
        34  uuuuuuuuuuuuuuuu  75757575757575757575757575757575
        33  ................  e9e9e9e9e9e9e9e9e9e9e9e9e9e9e9e9
        30  FFFFFFFFFFFFFFFF  46464646464646464646464646464646
# epoch 1020  H=7.8576 C=7.2423 HO=0.6153  A(t)=129
       169  <<<<<<<<<<<<<<<<  3c3c3c3c3c3c3c3c3c3c3c3c3c3c3c3c
       129  tttttttttttttttt  74747474747474747474747474747474
       103  ::::::::::::::::  3a3a3a3a3a3a3a3a3a3a3a3a3a3a3a3a
        86  ................  0b0b0b0b0b0b0b0b0b0b0b0b0b0b0b0b
        84  yyyyyyyyyyyyyyyy  79797979797979797979797979797979
        67  ................  d8d8d8d8d8d8d8d8d8d8d8d8d8d8d8d8
        42  ................  13131313131313131313131313131313
        40  ================  3d3d3d3d3d3d3d3d3d3d3d3d3d3d3d3d
        39  9999999999999999  39393939393939393939393939393939
        34  uuuuuuuuuuuuuuuu  75757575757575757575757575757575
# epoch 1040  H=7.8558 C=7.2391 HO=0.6167  A(t)=130
       139  <<<<<<<<<<<<<<<<  3c3c3c3c3c3c3c3c3c3c3c3c3c3c3c3c
       116  ::::::::::::::::  3a3a3a3a3a3a3a3a3a3a3a3a3a3a3a3a
       103  tttttttttttttttt  74747474747474747474747474747474
       101  >>>>>>>>>>>>>>>>  3e3e3e3e3e3e3e3e3e3e3e3e3e3e3e3e
        82  yyyyyyyyyyyyyyyy  79797979797979797979797979797979
        82  ................  0b0b0b0b0b0b0b0b0b0b0b0b0b0b0b0b
        49  ________________  5f5f5f5f5f5f5f5f5f5f5f5f5f5f5f5f
        42  ................  d8d8d8d8d8d8d8d8d8d8d8d8d8d8d8d8
        39  9999999999999999  39393939393939393939393939393939
        37  ................  13131313131313131313131313131313
# epoch 1060  H=7.8519 C=7.2291 HO=0.6228  A(t)=131
       138  ________________  5f5f5f5f5f5f5f5f5f5f5f5f5f5f5f5f
       131  <<<<<<<<<<<<<<<<  3c3c3c3c3c3c3c3c3c3c3c3c3c3c3c3c
       117  >>>>>>>>>>>>>>>>  3e3e3e3e3e3e3e3e3e3e3e3e3e3e3e3e
        88  tttttttttttttttt  74747474747474747474747474747474
        87  ::::::::::::::::  3a3a3a3a3a3a3a3a3a3a3a3a3a3a3a3a
        82  yyyyyyyyyyyyyyyy  79797979797979797979797979797979
        42  ................  d8d8d8d8d8d8d8d8d8d8d8d8d8d8d8d8
        41  ................  0b0b0b0b0b0b0b0b0b0b0b0b0b0b0b0b
        37  ................  13131313131313131313131313131313
        33  ................  e9e9e9e9e9e9e9e9e9e9e9e9e9e9e9e9
# epoch 1080  H=7.8486 C=7.2465 HO=0.6021  A(t)=132
       108  <<<<<<<<<<<<<<<<  3c3c3c3c3c3c3c3c3c3c3c3c3c3c3c3c
        97  >>>>>>>>>>>>>>>>  3e3e3e3e3e3e3e3e3e3e3e3e3e3e3e3e
        95  ________________  5f5f5f5f5f5f5f5f5f5f5f5f5f5f5f5f
        88  tttttttttttttttt  74747474747474747474747474747474
        87  ::::::::::::::::  3a3a3a3a3a3a3a3a3a3a3a3a3a3a3a3a
        82  yyyyyyyyyyyyyyyy  79797979797979797979797979797979
        45  ================  3d3d3d3d3d3d3d3d3d3d3d3d3d3d3d3d
        42  ................  d8d8d8d8d8d8d8d8d8d8d8d8d8d8d8d8
        33  ................  13131313131313131313131313131313
        32  ................  0b0b0b0b0b0b0b0b0b0b0b0b0b0b0b0b
# epoch 1100  H=7.8458 C=7.2498 HO=0.5960  A(t)=133
       147  <<<<<<<<<<<<<<<<  3c3c3c3c3c3c3c3c3c3c3c3c3c3c3c3c
        94  ________________  5f5f5f5f5f5f5f5f5f5f5f5f5f5f5f5f
        73  yyyyyyyyyyyyyyyy  79797979797979797979797979797979
        67  ::::::::::::::::  3a3a3a3a3a3a3a3a3a3a3a3a3a3a3a3a
        62  >>>>>>>>>>>>>>>>  3e3e3e3e3e3e3e3e3e3e3e3e3e3e3e3e
        61  tttttttttttttttt  74747474747474747474747474747474
        51  ................  dcdcdcdcdcdcdcdcdcdcdcdcdcdcdcdc
        47  ;;;;;;;;;;;;;;;;  3b3b3b3b3b3b3b3b3b3b3b3b3b3b3b3b
        46  ================  3d3d3d3d3d3d3d3d3d3d3d3d3d3d3d3d
        42  ................  d8d8d8d8d8d8d8d8d8d8d8d8d8d8d8d8
# epoch 1120  H=7.8465 C=7.2665 HO=0.5800  A(t)=133
       144  <<<<<<<<<<<<<<<<  3c3c3c3c3c3c3c3c3c3c3c3c3c3c3c3c
        73  ________________  5f5f5f5f5f5f5f5f5f5f5f5f5f5f5f5f
        66  ::::::::::::::::  3a3a3a3a3a3a3a3a3a3a3a3a3a3a3a3a
        65  yyyyyyyyyyyyyyyy  79797979797979797979797979797979
        51  ................  dcdcdcdcdcdcdcdcdcdcdcdcdcdcdcdc
        47  ;;;;;;;;;;;;;;;;  3b3b3b3b3b3b3b3b3b3b3b3b3b3b3b3b
        45  ================  3d3d3d3d3d3d3d3d3d3d3d3d3d3d3d3d
        44  tttttttttttttttt  74747474747474747474747474747474
        42  ................  d8d8d8d8d8d8d8d8d8d8d8d8d8d8d8d8
        37  >>>>>>>>>>>>>>>>  3e3e3e3e3e3e3e3e3e3e3e3e3e3e3e3e
# epoch 1140  H=7.8404 C=7.2634 HO=0.5769  A(t)=134
       141  <<<<<<<<<<<<<<<<  3c3c3c3c3c3c3c3c3c3c3c3c3c3c3c3c
        89  ================  3d3d3d3d3d3d3d3d3d3d3d3d3d3d3d3d
        77  tttttttttttttttt  74747474747474747474747474747474
        72  ________________  5f5f5f5f5f5f5f5f5f5f5f5f5f5f5f5f
        62  yyyyyyyyyyyyyyyy  79797979797979797979797979797979
        61  ::::::::::::::::  3a3a3a3a3a3a3a3a3a3a3a3a3a3a3a3a
        49  ................  1f1f1f1f1f1f1f1f1f1f1f1f1f1f1f1f
        44  ;;;;;;;;;;;;;;;;  3b3b3b3b3b3b3b3b3b3b3b3b3b3b3b3b
        42  ................  d8d8d8d8d8d8d8d8d8d8d8d8d8d8d8d8
        36  ................  dcdcdcdcdcdcdcdcdcdcdcdcdcdcdcdc
# epoch 1160  H=7.8341 C=7.2472 HO=0.5869  A(t)=135
       176  ................  dcdcdcdcdcdcdcdcdcdcdcdcdcdcdcdc
       127  <<<<<<<<<<<<<<<<  3c3c3c3c3c3c3c3c3c3c3c3c3c3c3c3c
        86  ================  3d3d3d3d3d3d3d3d3d3d3d3d3d3d3d3d
        69  tttttttttttttttt  74747474747474747474747474747474
        54  ________________  5f5f5f5f5f5f5f5f5f5f5f5f5f5f5f5f
        47  ::::::::::::::::  3a3a3a3a3a3a3a3a3a3a3a3a3a3a3a3a
        46  yyyyyyyyyyyyyyyy  79797979797979797979797979797979
        44  ;;;;;;;;;;;;;;;;  3b3b3b3b3b3b3b3b3b3b3b3b3b3b3b3b
        44  ................  1f1f1f1f1f1f1f1f1f1f1f1f1f1f1f1f
        42  ................  d8d8d8d8d8d8d8d8d8d8d8d8d8d8d8d8
# epoch 1180  H=7.8216 C=7.2511 HO=0.5705  A(t)=136
       212  <<<<<<<<<<<<<<<<  3c3c3c3c3c3c3c3c3c3c3c3c3c3c3c3c
       142  ................  dcdcdcdcdcdcdcdcdcdcdcdcdcdcdcdc
        70  ================  3d3d3d3d3d3d3d3d3d3d3d3d3d3d3d3d
        66  tttttttttttttttt  74747474747474747474747474747474
        53  ________________  5f5f5f5f5f5f5f5f5f5f5f5f5f5f5f5f
        49  ::::::::::::::::  3a3a3a3a3a3a3a3a3a3a3a3a3a3a3a3a
        43  ;;;;;;;;;;;;;;;;  3b3b3b3b3b3b3b3b3b3b3b3b3b3b3b3b
        39  yyyyyyyyyyyyyyyy  79797979797979797979797979797979
        36  CCCCCCCCCCCCCCCC  43434343434343434343434343434343
        30  ................  1f1f1f1f1f1f1f1f1f1f1f1f1f1f1f1f
# epoch 1200  H=7.8146 C=7.2697 HO=0.5449  A(t)=136
       195  <<<<<<<<<<<<<<<<  3c3c3c3c3c3c3c3c3c3c3c3c3c3c3c3c
       114  ................  dcdcdcdcdcdcdcdcdcdcdcdcdcdcdcdc
        69  ================  3d3d3d3d3d3d3d3d3d3d3d3d3d3d3d3d
        47  [[[[[[[[[[[[[[[[  5b5b5b5b5b5b5b5b5b5b5b5b5b5b5b5b
        39  tttttttttttttttt  74747474747474747474747474747474
        36  CCCCCCCCCCCCCCCC  43434343434343434343434343434343
        33  ;;;;;;;;;;;;;;;;  3b3b3b3b3b3b3b3b3b3b3b3b3b3b3b3b
        32  ::::::::::::::::  3a3a3a3a3a3a3a3a3a3a3a3a3a3a3a3a
        31  yyyyyyyyyyyyyyyy  79797979797979797979797979797979
        30  ................  1f1f1f1f1f1f1f1f1f1f1f1f1f1f1f1f
# epoch 1220  H=7.8060 C=7.2869 HO=0.5191  A(t)=137
       186  <<<<<<<<<<<<<<<<  3c3c3c3c3c3c3c3c3c3c3c3c3c3c3c3c
       106  ................  dcdcdcdcdcdcdcdcdcdcdcdcdcdcdcdc
        68  ================  3d3d3d3d3d3d3d3d3d3d3d3d3d3d3d3d
        47  XXXXXXXXXXXXXXXX  58585858585858585858585858585858
        33  tttttttttttttttt  74747474747474747474747474747474
        33  ;;;;;;;;;;;;;;;;  3b3b3b3b3b3b3b3b3b3b3b3b3b3b3b3b
        30  CCCCCCCCCCCCCCCC  43434343434343434343434343434343
        30  ................  1f1f1f1f1f1f1f1f1f1f1f1f1f1f1f1f
        29  uuuuuuuuuuuuuuuu  75757575757575757575757575757575
        29  [[[[[[[[[[[[[[[[  5b5b5b5b5b5b5b5b5b5b5b5b5b5b5b5b
# epoch 1240  H=7.7910 C=7.2794 HO=0.5116  A(t)=139
       232  <<<<<<<<<<<<<<<<  3c3c3c3c3c3c3c3c3c3c3c3c3c3c3c3c
        96  ................  dcdcdcdcdcdcdcdcdcdcdcdcdcdcdcdc
        68  ================  3d3d3d3d3d3d3d3d3d3d3d3d3d3d3d3d
        47  5555555555555555  35353535353535353535353535353535
        46  XXXXXXXXXXXXXXXX  58585858585858585858585858585858
        33  ;;;;;;;;;;;;;;;;  3b3b3b3b3b3b3b3b3b3b3b3b3b3b3b3b
        29  uuuuuuuuuuuuuuuu  75757575757575757575757575757575
        29  tttttttttttttttt  74747474747474747474747474747474
        28  [[[[[[[[[[[[[[[[  5b5b5b5b5b5b5b5b5b5b5b5b5b5b5b5b
        28  ................  1f1f1f1f1f1f1f1f1f1f1f1f1f1f1f1f
# epoch 1260  H=7.7843 C=7.2780 HO=0.5064  A(t)=139
       211  <<<<<<<<<<<<<<<<  3c3c3c3c3c3c3c3c3c3c3c3c3c3c3c3c
        94  ................  dcdcdcdcdcdcdcdcdcdcdcdcdcdcdcdc
        52  ================  3d3d3d3d3d3d3d3d3d3d3d3d3d3d3d3d
        45  5555555555555555  35353535353535353535353535353535
        44  XXXXXXXXXXXXXXXX  58585858585858585858585858585858
        35  ................  f0f0f0f0f0f0f0f0f0f0f0f0f0f0f0f0
        33  ;;;;;;;;;;;;;;;;  3b3b3b3b3b3b3b3b3b3b3b3b3b3b3b3b
        28  ................  d8d8d8d8d8d8d8d8d8d8d8d8d8d8d8d8
        28  ................  1f1f1f1f1f1f1f1f1f1f1f1f1f1f1f1f
        25  uuuuuuuuuuuuuuuu  75757575757575757575757575757575
# epoch 1280  H=7.7809 C=7.2720 HO=0.5089  A(t)=143
       177  <<<<<<<<<<<<<<<<  3c3c3c3c3c3c3c3c3c3c3c3c3c3c3c3c
        71  ................  f0f0f0f0f0f0f0f0f0f0f0f0f0f0f0f0
        67  ................  dcdcdcdcdcdcdcdcdcdcdcdcdcdcdcdc
        49  ================  3d3d3d3d3d3d3d3d3d3d3d3d3d3d3d3d
        44  5555555555555555  35353535353535353535353535353535
        40  ................  b9b9b9b9b9b9b9b9b9b9b9b9b9b9b9b9
        37  [[[[[[[[[[[[[[[[  5b5b5b5b5b5b5b5b5b5b5b5b5b5b5b5b
        34  XXXXXXXXXXXXXXXX  58585858585858585858585858585858
        33  ;;;;;;;;;;;;;;;;  3b3b3b3b3b3b3b3b3b3b3b3b3b3b3b3b
        27  ................  d8d8d8d8d8d8d8d8d8d8d8d8d8d8d8d8
# epoch 1300  H=7.7675 C=7.2639 HO=0.5036  A(t)=145
       154  <<<<<<<<<<<<<<<<  3c3c3c3c3c3c3c3c3c3c3c3c3c3c3c3c
       127  [[[[[[[[[[[[[[[[  5b5b5b5b5b5b5b5b5b5b5b5b5b5b5b5b
        82  ================  3d3d3d3d3d3d3d3d3d3d3d3d3d3d3d3d
        70  ................  f0f0f0f0f0f0f0f0f0f0f0f0f0f0f0f0
        66  ................  dcdcdcdcdcdcdcdcdcdcdcdcdcdcdcdc
        39  5555555555555555  35353535353535353535353535353535
        38  ................  b9b9b9b9b9b9b9b9b9b9b9b9b9b9b9b9
        33  ;;;;;;;;;;;;;;;;  3b3b3b3b3b3b3b3b3b3b3b3b3b3b3b3b
        27  XXXXXXXXXXXXXXXX  58585858585858585858585858585858
        26  ................  d8d8d8d8d8d8d8d8d8d8d8d8d8d8d8d8
# epoch 1320  H=7.7592 C=7.2661 HO=0.4930  A(t)=147
       177  ================  3d3d3d3d3d3d3d3d3d3d3d3d3d3d3d3d
       139  <<<<<<<<<<<<<<<<  3c3c3c3c3c3c3c3c3c3c3c3c3c3c3c3c
       125  [[[[[[[[[[[[[[[[  5b5b5b5b5b5b5b5b5b5b5b5b5b5b5b5b
        57  ................  dcdcdcdcdcdcdcdcdcdcdcdcdcdcdcdc
        48  ................  f0f0f0f0f0f0f0f0f0f0f0f0f0f0f0f0
        39  5555555555555555  35353535353535353535353535353535
        38  ................  b9b9b9b9b9b9b9b9b9b9b9b9b9b9b9b9
        38  3333333333333333  33333333333333333333333333333333
        27  XXXXXXXXXXXXXXXX  58585858585858585858585858585858
        24  8888888888888888  38383838383838383838383838383838
# epoch 1340  H=7.7578 C=7.2666 HO=0.4912  A(t)=148
       215  ================  3d3d3d3d3d3d3d3d3d3d3d3d3d3d3d3d
       108  [[[[[[[[[[[[[[[[  5b5b5b5b5b5b5b5b5b5b5b5b5b5b5b5b
        94  <<<<<<<<<<<<<<<<  3c3c3c3c3c3c3c3c3c3c3c3c3c3c3c3c
        57  ................  dcdcdcdcdcdcdcdcdcdcdcdcdcdcdcdc
        39  5555555555555555  35353535353535353535353535353535
        38  yyyyyyyyyyyyyyyy  79797979797979797979797979797979
        38  3333333333333333  33333333333333333333333333333333
        30  ................  f0f0f0f0f0f0f0f0f0f0f0f0f0f0f0f0
        27  XXXXXXXXXXXXXXXX  58585858585858585858585858585858
        24  8888888888888888  38383838383838383838383838383838
# epoch 1360  H=7.7509 C=7.2819 HO=0.4691  A(t)=148
       165  ================  3d3d3d3d3d3d3d3d3d3d3d3d3d3d3d3d
       106  [[[[[[[[[[[[[[[[  5b5b5b5b5b5b5b5b5b5b5b5b5b5b5b5b
        72  <<<<<<<<<<<<<<<<  3c3c3c3c3c3c3c3c3c3c3c3c3c3c3c3c
        71  yyyyyyyyyyyyyyyy  79797979797979797979797979797979
        39  ................  dcdcdcdcdcdcdcdcdcdcdcdcdcdcdcdc
        39  5555555555555555  35353535353535353535353535353535
        24  8888888888888888  38383838383838383838383838383838
        23  ................  b9b9b9b9b9b9b9b9b9b9b9b9b9b9b9b9
        23  3333333333333333  33333333333333333333333333333333
        20  ................  d8d8d8d8d8d8d8d8d8d8d8d8d8d8d8d8
# epoch 1380  H=7.7549 C=7.2823 HO=0.4726  A(t)=152
       144  ================  3d3d3d3d3d3d3d3d3d3d3d3d3d3d3d3d
        93  jjjjjjjjjjjjjjjj  6a6a6a6a6a6a6a6a6a6a6a6a6a6a6a6a
        68  [[[[[[[[[[[[[[[[  5b5b5b5b5b5b5b5b5b5b5b5b5b5b5b5b
        61  <<<<<<<<<<<<<<<<  3c3c3c3c3c3c3c3c3c3c3c3c3c3c3c3c
        51  yyyyyyyyyyyyyyyy  79797979797979797979797979797979
        36  >>>>>>>>>>>>>>>>  3e3e3e3e3e3e3e3e3e3e3e3e3e3e3e3e
        34  ................  d4d4d4d4d4d4d4d4d4d4d4d4d4d4d4d4
        28  ................  dcdcdcdcdcdcdcdcdcdcdcdcdcdcdcdc
        24  8888888888888888  38383838383838383838383838383838
        23  5555555555555555  35353535353535353535353535353535
# epoch 1400  H=7.7536 C=7.2823 HO=0.4712  A(t)=153
       112  ================  3d3d3d3d3d3d3d3d3d3d3d3d3d3d3d3d
        87  jjjjjjjjjjjjjjjj  6a6a6a6a6a6a6a6a6a6a6a6a6a6a6a6a
        61  [[[[[[[[[[[[[[[[  5b5b5b5b5b5b5b5b5b5b5b5b5b5b5b5b
        61  <<<<<<<<<<<<<<<<  3c3c3c3c3c3c3c3c3c3c3c3c3c3c3c3c
        47  ................  07070707070707070707070707070707
        35  ................  d4d4d4d4d4d4d4d4d4d4d4d4d4d4d4d4
        34  yyyyyyyyyyyyyyyy  79797979797979797979797979797979
        28  ................  dcdcdcdcdcdcdcdcdcdcdcdcdcdcdcdc
        23  3333333333333333  33333333333333333333333333333333
        21  ................  a5a5a5a5a5a5a5a5a5a5a5a5a5a5a5a5
# epoch 1420  H=7.7513 C=7.2682 HO=0.4831  A(t)=154
        78  ================  3d3d3d3d3d3d3d3d3d3d3d3d3d3d3d3d
        76  >>>>>>>>>>>>>>>>  3e3e3e3e3e3e3e3e3e3e3e3e3e3e3e3e
        73  jjjjjjjjjjjjjjjj  6a6a6a6a6a6a6a6a6a6a6a6a6a6a6a6a
        64  ................  bcbcbcbcbcbcbcbcbcbcbcbcbcbcbcbc
        61  ,,,,,,,,,,,,,,,,  2c2c2c2c2c2c2c2c2c2c2c2c2c2c2c2c
        60  [[[[[[[[[[[[[[[[  5b5b5b5b5b5b5b5b5b5b5b5b5b5b5b5b
        54  <<<<<<<<<<<<<<<<  3c3c3c3c3c3c3c3c3c3c3c3c3c3c3c3c
        42  zzzzzzzzzzzzzzzz  7a7a7a7a7a7a7a7a7a7a7a7a7a7a7a7a
        41  ................  07070707070707070707070707070707
        35  ................  d4d4d4d4d4d4d4d4d4d4d4d4d4d4d4d4
# epoch 1440  H=7.7560 C=7.2841 HO=0.4719  A(t)=154
       121  >>>>>>>>>>>>>>>>  3e3e3e3e3e3e3e3e3e3e3e3e3e3e3e3e
        61  ================  3d3d3d3d3d3d3d3d3d3d3d3d3d3d3d3d
        60  [[[[[[[[[[[[[[[[  5b5b5b5b5b5b5b5b5b5b5b5b5b5b5b5b
        58  jjjjjjjjjjjjjjjj  6a6a6a6a6a6a6a6a6a6a6a6a6a6a6a6a
        54  ,,,,,,,,,,,,,,,,  2c2c2c2c2c2c2c2c2c2c2c2c2c2c2c2c
        46  &&&&&&&&&&&&&&&&  26262626262626262626262626262626
        43  <<<<<<<<<<<<<<<<  3c3c3c3c3c3c3c3c3c3c3c3c3c3c3c3c
        34  ................  d4d4d4d4d4d4d4d4d4d4d4d4d4d4d4d4
        29  ................  13131313131313131313131313131313
        28  ................  dcdcdcdcdcdcdcdcdcdcdcdcdcdcdcdc
# epoch 1460  H=7.7546 C=7.2976 HO=0.4570  A(t)=154
       114  >>>>>>>>>>>>>>>>  3e3e3e3e3e3e3e3e3e3e3e3e3e3e3e3e
        58  jjjjjjjjjjjjjjjj  6a6a6a6a6a6a6a6a6a6a6a6a6a6a6a6a
        52  ================  3d3d3d3d3d3d3d3d3d3d3d3d3d3d3d3d
        42  <<<<<<<<<<<<<<<<  3c3c3c3c3c3c3c3c3c3c3c3c3c3c3c3c
        38  [[[[[[[[[[[[[[[[  5b5b5b5b5b5b5b5b5b5b5b5b5b5b5b5b
        37  ,,,,,,,,,,,,,,,,  2c2c2c2c2c2c2c2c2c2c2c2c2c2c2c2c
        34  ................  d4d4d4d4d4d4d4d4d4d4d4d4d4d4d4d4
        30  &&&&&&&&&&&&&&&&  26262626262626262626262626262626
        29  ................  13131313131313131313131313131313
        28  ................  dcdcdcdcdcdcdcdcdcdcdcdcdcdcdcdc
# epoch 1480  H=7.7551 C=7.3085 HO=0.4467  A(t)=154
        98  >>>>>>>>>>>>>>>>  3e3e3e3e3e3e3e3e3e3e3e3e3e3e3e3e
        58  jjjjjjjjjjjjjjjj  6a6a6a6a6a6a6a6a6a6a6a6a6a6a6a6a
        43  ;;;;;;;;;;;;;;;;  3b3b3b3b3b3b3b3b3b3b3b3b3b3b3b3b
        42  <<<<<<<<<<<<<<<<  3c3c3c3c3c3c3c3c3c3c3c3c3c3c3c3c
        33  ................  d4d4d4d4d4d4d4d4d4d4d4d4d4d4d4d4
        32  [[[[[[[[[[[[[[[[  5b5b5b5b5b5b5b5b5b5b5b5b5b5b5b5b
        32  ================  3d3d3d3d3d3d3d3d3d3d3d3d3d3d3d3d
        31  ................  bdbdbdbdbdbdbdbdbdbdbdbdbdbdbdbd
        30  &&&&&&&&&&&&&&&&  26262626262626262626262626262626
        28  ................  13131313131313131313131313131313
# epoch 1500  H=7.7586 C=7.3287 HO=0.4299  A(t)=154
        81  >>>>>>>>>>>>>>>>  3e3e3e3e3e3e3e3e3e3e3e3e3e3e3e3e
        42  <<<<<<<<<<<<<<<<  3c3c3c3c3c3c3c3c3c3c3c3c3c3c3c3c
        39  ;;;;;;;;;;;;;;;;  3b3b3b3b3b3b3b3b3b3b3b3b3b3b3b3b
        32  ................  d4d4d4d4d4d4d4d4d4d4d4d4d4d4d4d4
        32  jjjjjjjjjjjjjjjj  6a6a6a6a6a6a6a6a6a6a6a6a6a6a6a6a
        32  ================  3d3d3d3d3d3d3d3d3d3d3d3d3d3d3d3d
        31  ................  bdbdbdbdbdbdbdbdbdbdbdbdbdbdbdbd
        30  &&&&&&&&&&&&&&&&  26262626262626262626262626262626
        28  ................  13131313131313131313131313131313
        27  [[[[[[[[[[[[[[[[  5b5b5b5b5b5b5b5b5b5b5b5b5b5b5b5b
# epoch 1520  H=7.7591 C=7.3329 HO=0.4262  A(t)=155
        60  >>>>>>>>>>>>>>>>  3e3e3e3e3e3e3e3e3e3e3e3e3e3e3e3e
        44  ................  f7f7f7f7f7f7f7f7f7f7f7f7f7f7f7f7
        40  <<<<<<<<<<<<<<<<  3c3c3c3c3c3c3c3c3c3c3c3c3c3c3c3c
        40  ................  10101010101010101010101010101010
        39  ;;;;;;;;;;;;;;;;  3b3b3b3b3b3b3b3b3b3b3b3b3b3b3b3b
        32  ................  d4d4d4d4d4d4d4d4d4d4d4d4d4d4d4d4
        32  jjjjjjjjjjjjjjjj  6a6a6a6a6a6a6a6a6a6a6a6a6a6a6a6a
        30  ================  3d3d3d3d3d3d3d3d3d3d3d3d3d3d3d3d
        30  &&&&&&&&&&&&&&&&  26262626262626262626262626262626
        28  ................  13131313131313131313131313131313
# epoch 1540  H=7.7538 C=7.3292 HO=0.4246  A(t)=156
        45  ................  02020202020202020202020202020202
        43  ................  f7f7f7f7f7f7f7f7f7f7f7f7f7f7f7f7
        40  ????????????????  3f3f3f3f3f3f3f3f3f3f3f3f3f3f3f3f
        40  <<<<<<<<<<<<<<<<  3c3c3c3c3c3c3c3c3c3c3c3c3c3c3c3c
        39  >>>>>>>>>>>>>>>>  3e3e3e3e3e3e3e3e3e3e3e3e3e3e3e3e
        39  ;;;;;;;;;;;;;;;;  3b3b3b3b3b3b3b3b3b3b3b3b3b3b3b3b
        38  ................  10101010101010101010101010101010
        32  jjjjjjjjjjjjjjjj  6a6a6a6a6a6a6a6a6a6a6a6a6a6a6a6a
        30  ================  3d3d3d3d3d3d3d3d3d3d3d3d3d3d3d3d
        30  &&&&&&&&&&&&&&&&  26262626262626262626262626262626
# epoch 1560  H=7.7589 C=7.3469 HO=0.4120  A(t)=157
        44  ................  02020202020202020202020202020202
        40  ????????????????  3f3f3f3f3f3f3f3f3f3f3f3f3f3f3f3f
        39  >>>>>>>>>>>>>>>>  3e3e3e3e3e3e3e3e3e3e3e3e3e3e3e3e
        39  ;;;;;;;;;;;;;;;;  3b3b3b3b3b3b3b3b3b3b3b3b3b3b3b3b
        35  <<<<<<<<<<<<<<<<  3c3c3c3c3c3c3c3c3c3c3c3c3c3c3c3c
        32  jjjjjjjjjjjjjjjj  6a6a6a6a6a6a6a6a6a6a6a6a6a6a6a6a
        30  ================  3d3d3d3d3d3d3d3d3d3d3d3d3d3d3d3d
        28  &&&&&&&&&&&&&&&&  26262626262626262626262626262626
        27  ................  13131313131313131313131313131313
        25  ................  f7f7f7f7f7f7f7f7f7f7f7f7f7f7f7f7
# epoch 1580  H=7.7571 C=7.3651 HO=0.3920  A(t)=157
        41  >>>>>>>>>>>>>>>>  3e3e3e3e3e3e3e3e3e3e3e3e3e3e3e3e
        40  ????????????????  3f3f3f3f3f3f3f3f3f3f3f3f3f3f3f3f
        39  ;;;;;;;;;;;;;;;;  3b3b3b3b3b3b3b3b3b3b3b3b3b3b3b3b
        35  <<<<<<<<<<<<<<<<  3c3c3c3c3c3c3c3c3c3c3c3c3c3c3c3c
        32  jjjjjjjjjjjjjjjj  6a6a6a6a6a6a6a6a6a6a6a6a6a6a6a6a
        29  ================  3d3d3d3d3d3d3d3d3d3d3d3d3d3d3d3d
        28  &&&&&&&&&&&&&&&&  26262626262626262626262626262626
        28  ................  02020202020202020202020202020202
        27  ................  13131313131313131313131313131313
        25  ................  f7f7f7f7f7f7f7f7f7f7f7f7f7f7f7f7
# epoch 1600  H=7.7507 C=7.3511 HO=0.3996  A(t)=160
        46  ................  1b1b1b1b1b1b1b1b1b1b1b1b1b1b1b1b
        43  >>>>>>>>>>>>>>>>  3e3e3e3e3e3e3e3e3e3e3e3e3e3e3e3e
        39  ;;;;;;;;;;;;;;;;  3b3b3b3b3b3b3b3b3b3b3b3b3b3b3b3b
        35  <<<<<<<<<<<<<<<<  3c3c3c3c3c3c3c3c3c3c3c3c3c3c3c3c
        32  jjjjjjjjjjjjjjjj  6a6a6a6a6a6a6a6a6a6a6a6a6a6a6a6a
        32  ????????????????  3f3f3f3f3f3f3f3f3f3f3f3f3f3f3f3f
        32  ................  0a0a0a0a0a0a0a0a0a0a0a0a0a0a0a0a
        28  ================  3d3d3d3d3d3d3d3d3d3d3d3d3d3d3d3d
        28  &&&&&&&&&&&&&&&&  26262626262626262626262626262626
        28  ................  02020202020202020202020202020202
# epoch 1620  H=7.7509 C=7.3553 HO=0.3956  A(t)=161
        46  ................  1b1b1b1b1b1b1b1b1b1b1b1b1b1b1b1b
        39  ;;;;;;;;;;;;;;;;  3b3b3b3b3b3b3b3b3b3b3b3b3b3b3b3b
        34  <<<<<<<<<<<<<<<<  3c3c3c3c3c3c3c3c3c3c3c3c3c3c3c3c
        33  >>>>>>>>>>>>>>>>  3e3e3e3e3e3e3e3e3e3e3e3e3e3e3e3e
        32  jjjjjjjjjjjjjjjj  6a6a6a6a6a6a6a6a6a6a6a6a6a6a6a6a
        32  ????????????????  3f3f3f3f3f3f3f3f3f3f3f3f3f3f3f3f
        29  ................  04040404040404040404040404040404
        28  &&&&&&&&&&&&&&&&  26262626262626262626262626262626
        27  ................  02020202020202020202020202020202
        24  ................  f7f7f7f7f7f7f7f7f7f7f7f7f7f7f7f7
# epoch 1640  H=7.7383 C=7.3271 HO=0.4111  A(t)=161
       125  <<<<<<<<<<<<<<<<  3c3c3c3c3c3c3c3c3c3c3c3c3c3c3c3c
        92  ................  afafafafafafafafafafafafafafafaf
        81  zzzzzzzzzzzzzzzz  7a7a7a7a7a7a7a7a7a7a7a7a7a7a7a7a
        33  >>>>>>>>>>>>>>>>  3e3e3e3e3e3e3e3e3e3e3e3e3e3e3e3e
        33  ;;;;;;;;;;;;;;;;  3b3b3b3b3b3b3b3b3b3b3b3b3b3b3b3b
        32  jjjjjjjjjjjjjjjj  6a6a6a6a6a6a6a6a6a6a6a6a6a6a6a6a
        31  ????????????????  3f3f3f3f3f3f3f3f3f3f3f3f3f3f3f3f
        24  ................  f7f7f7f7f7f7f7f7f7f7f7f7f7f7f7f7
        22  &&&&&&&&&&&&&&&&  26262626262626262626262626262626
        20  ================  3d3d3d3d3d3d3d3d3d3d3d3d3d3d3d3d
# epoch 1660  H=7.7406 C=7.3447 HO=0.3959  A(t)=161
       109  <<<<<<<<<<<<<<<<  3c3c3c3c3c3c3c3c3c3c3c3c3c3c3c3c
        80  zzzzzzzzzzzzzzzz  7a7a7a7a7a7a7a7a7a7a7a7a7a7a7a7a
        68  ................  afafafafafafafafafafafafafafafaf
        49  ;;;;;;;;;;;;;;;;  3b3b3b3b3b3b3b3b3b3b3b3b3b3b3b3b
        32  jjjjjjjjjjjjjjjj  6a6a6a6a6a6a6a6a6a6a6a6a6a6a6a6a
        24  ................  f7f7f7f7f7f7f7f7f7f7f7f7f7f7f7f7
        23  ????????????????  3f3f3f3f3f3f3f3f3f3f3f3f3f3f3f3f
        22  &&&&&&&&&&&&&&&&  26262626262626262626262626262626
        19  ................  bdbdbdbdbdbdbdbdbdbdbdbdbdbdbdbd
        19  ................  13131313131313131313131313131313
# epoch 1680  H=7.7417 C=7.3396 HO=0.4021  A(t)=162
        82  <<<<<<<<<<<<<<<<  3c3c3c3c3c3c3c3c3c3c3c3c3c3c3c3c
        79  zzzzzzzzzzzzzzzz  7a7a7a7a7a7a7a7a7a7a7a7a7a7a7a7a
        68  ................  afafafafafafafafafafafafafafafaf
        62  ................  0a0a0a0a0a0a0a0a0a0a0a0a0a0a0a0a
        46  0000000000000000  30303030303030303030303030303030
        45  ;;;;;;;;;;;;;;;;  3b3b3b3b3b3b3b3b3b3b3b3b3b3b3b3b
        35  ................  f9f9f9f9f9f9f9f9f9f9f9f9f9f9f9f9
        32  jjjjjjjjjjjjjjjj  6a6a6a6a6a6a6a6a6a6a6a6a6a6a6a6a
        22  ????????????????  3f3f3f3f3f3f3f3f3f3f3f3f3f3f3f3f
        22  &&&&&&&&&&&&&&&&  26262626262626262626262626262626
# epoch 1700  H=7.7406 C=7.3217 HO=0.4190  A(t)=162
        82  ................  dddddddddddddddddddddddddddddddd
        67  <<<<<<<<<<<<<<<<  3c3c3c3c3c3c3c3c3c3c3c3c3c3c3c3c
        64  zzzzzzzzzzzzzzzz  7a7a7a7a7a7a7a7a7a7a7a7a7a7a7a7a
        60  ................  0a0a0a0a0a0a0a0a0a0a0a0a0a0a0a0a
        49  6666666666666666  36363636363636363636363636363636
        46  ................  c7c7c7c7c7c7c7c7c7c7c7c7c7c7c7c7
        46  0000000000000000  30303030303030303030303030303030
        40  ................  e4e4e4e4e4e4e4e4e4e4e4e4e4e4e4e4
        39  ;;;;;;;;;;;;;;;;  3b3b3b3b3b3b3b3b3b3b3b3b3b3b3b3b
        38  ................  afafafafafafafafafafafafafafafaf
# epoch 1720  H=7.7329 C=7.3190 HO=0.4139  A(t)=163
        82  ................  afafafafafafafafafafafafafafafaf
        77  ................  dddddddddddddddddddddddddddddddd
        66  <<<<<<<<<<<<<<<<  3c3c3c3c3c3c3c3c3c3c3c3c3c3c3c3c
        46  6666666666666666  36363636363636363636363636363636
        44  0000000000000000  30303030303030303030303030303030
        44  ................  0a0a0a0a0a0a0a0a0a0a0a0a0a0a0a0a
        44  ................  01010101010101010101010101010101
        39  ................  e4e4e4e4e4e4e4e4e4e4e4e4e4e4e4e4
        37  ................  c7c7c7c7c7c7c7c7c7c7c7c7c7c7c7c7
        32  }}}}}}}}}}}}}}}}  7d7d7d7d7d7d7d7d7d7d7d7d7d7d7d7d
# epoch 1740  H=7.7364 C=7.3342 HO=0.4022  A(t)=163
        82  ................  afafafafafafafafafafafafafafafaf
        77  ................  dddddddddddddddddddddddddddddddd
        64  <<<<<<<<<<<<<<<<  3c3c3c3c3c3c3c3c3c3c3c3c3c3c3c3c
        42  0000000000000000  30303030303030303030303030303030
        39  ................  e4e4e4e4e4e4e4e4e4e4e4e4e4e4e4e4
        38  }}}}}}}}}}}}}}}}  7d7d7d7d7d7d7d7d7d7d7d7d7d7d7d7d
        35  ................  c7c7c7c7c7c7c7c7c7c7c7c7c7c7c7c7
        31  jjjjjjjjjjjjjjjj  6a6a6a6a6a6a6a6a6a6a6a6a6a6a6a6a
        31  ................  0a0a0a0a0a0a0a0a0a0a0a0a0a0a0a0a
        27  6666666666666666  36363636363636363636363636363636
# epoch 1760  H=7.7352 C=7.3417 HO=0.3935  A(t)=164
        80  ................  afafafafafafafafafafafafafafafaf
        77  ................  dddddddddddddddddddddddddddddddd
        64  <<<<<<<<<<<<<<<<  3c3c3c3c3c3c3c3c3c3c3c3c3c3c3c3c
        55  ;;;;;;;;;;;;;;;;  3b3b3b3b3b3b3b3b3b3b3b3b3b3b3b3b
        39  ................  e4e4e4e4e4e4e4e4e4e4e4e4e4e4e4e4
        39  0000000000000000  30303030303030303030303030303030
        37  }}}}}}}}}}}}}}}}  7d7d7d7d7d7d7d7d7d7d7d7d7d7d7d7d
        31  jjjjjjjjjjjjjjjj  6a6a6a6a6a6a6a6a6a6a6a6a6a6a6a6a
        31  ................  0a0a0a0a0a0a0a0a0a0a0a0a0a0a0a0a
        29  ................  c7c7c7c7c7c7c7c7c7c7c7c7c7c7c7c7
# epoch 1780  H=7.7334 C=7.3596 HO=0.3738  A(t)=166
        77  ................  dddddddddddddddddddddddddddddddd
        69  ................  afafafafafafafafafafafafafafafaf
        49  ;;;;;;;;;;;;;;;;  3b3b3b3b3b3b3b3b3b3b3b3b3b3b3b3b
        39  ................  e4e4e4e4e4e4e4e4e4e4e4e4e4e4e4e4
        39  <<<<<<<<<<<<<<<<  3c3c3c3c3c3c3c3c3c3c3c3c3c3c3c3c
        39  0000000000000000  30303030303030303030303030303030
        37  }}}}}}}}}}}}}}}}  7d7d7d7d7d7d7d7d7d7d7d7d7d7d7d7d
        31  jjjjjjjjjjjjjjjj  6a6a6a6a6a6a6a6a6a6a6a6a6a6a6a6a
        31  ................  0a0a0a0a0a0a0a0a0a0a0a0a0a0a0a0a
        25  ................  01010101010101010101010101010101
# epoch 1800  H=7.7393 C=7.3690 HO=0.3703  A(t)=166
        69  ................  afafafafafafafafafafafafafafafaf
        52  ................  dddddddddddddddddddddddddddddddd
        48  ;;;;;;;;;;;;;;;;  3b3b3b3b3b3b3b3b3b3b3b3b3b3b3b3b
        39  <<<<<<<<<<<<<<<<  3c3c3c3c3c3c3c3c3c3c3c3c3c3c3c3c
        39  0000000000000000  30303030303030303030303030303030
        37  }}}}}}}}}}}}}}}}  7d7d7d7d7d7d7d7d7d7d7d7d7d7d7d7d
        31  ................  0a0a0a0a0a0a0a0a0a0a0a0a0a0a0a0a
        25  ................  01010101010101010101010101010101
        23  ................  e4e4e4e4e4e4e4e4e4e4e4e4e4e4e4e4
        23  ................  c7c7c7c7c7c7c7c7c7c7c7c7c7c7c7c7
# epoch 1820  H=7.7363 C=7.3722 HO=0.3641  A(t)=166
        69  ................  afafafafafafafafafafafafafafafaf
        46  ;;;;;;;;;;;;;;;;  3b3b3b3b3b3b3b3b3b3b3b3b3b3b3b3b
        46  ,,,,,,,,,,,,,,,,  2c2c2c2c2c2c2c2c2c2c2c2c2c2c2c2c
        43  ................  dddddddddddddddddddddddddddddddd
        39  0000000000000000  30303030303030303030303030303030
        37  }}}}}}}}}}}}}}}}  7d7d7d7d7d7d7d7d7d7d7d7d7d7d7d7d
        33  <<<<<<<<<<<<<<<<  3c3c3c3c3c3c3c3c3c3c3c3c3c3c3c3c
        27  ................  0a0a0a0a0a0a0a0a0a0a0a0a0a0a0a0a
        25  ................  01010101010101010101010101010101
        23  ................  e4e4e4e4e4e4e4e4e4e4e4e4e4e4e4e4
# epoch 1840  H=7.7283 C=7.3547 HO=0.3735  A(t)=166
        82  <<<<<<<<<<<<<<<<  3c3c3c3c3c3c3c3c3c3c3c3c3c3c3c3c
        46  ;;;;;;;;;;;;;;;;  3b3b3b3b3b3b3b3b3b3b3b3b3b3b3b3b
        44  ................  afafafafafafafafafafafafafafafaf
        43  ................  dddddddddddddddddddddddddddddddd
        43  ,,,,,,,,,,,,,,,,  2c2c2c2c2c2c2c2c2c2c2c2c2c2c2c2c
        37  }}}}}}}}}}}}}}}}  7d7d7d7d7d7d7d7d7d7d7d7d7d7d7d7d
        32  0000000000000000  30303030303030303030303030303030
        27  ................  0a0a0a0a0a0a0a0a0a0a0a0a0a0a0a0a
        25  ................  c1c1c1c1c1c1c1c1c1c1c1c1c1c1c1c1
        24  zzzzzzzzzzzzzzzz  7a7a7a7a7a7a7a7a7a7a7a7a7a7a7a7a
# epoch 1860  H=7.7247 C=7.3621 HO=0.3626  A(t)=166
        78  <<<<<<<<<<<<<<<<  3c3c3c3c3c3c3c3c3c3c3c3c3c3c3c3c
        44  ffffffffffffffff  66666666666666666666666666666666
        44  ;;;;;;;;;;;;;;;;  3b3b3b3b3b3b3b3b3b3b3b3b3b3b3b3b
        43  ................  dddddddddddddddddddddddddddddddd
        37  }}}}}}}}}}}}}}}}  7d7d7d7d7d7d7d7d7d7d7d7d7d7d7d7d
        32  0000000000000000  30303030303030303030303030303030
        31  ................  afafafafafafafafafafafafafafafaf
        25  ................  c1c1c1c1c1c1c1c1c1c1c1c1c1c1c1c1
        24  ................  efefefefefefefefefefefefefefefef
        24  >>>>>>>>>>>>>>>>  3e3e3e3e3e3e3e3e3e3e3e3e3e3e3e3e
# epoch 1880  H=7.7269 C=7.3713 HO=0.3556  A(t)=166
        77  <<<<<<<<<<<<<<<<  3c3c3c3c3c3c3c3c3c3c3c3c3c3c3c3c
        36  ................  dddddddddddddddddddddddddddddddd
        35  ................  b0b0b0b0b0b0b0b0b0b0b0b0b0b0b0b0
        34  ffffffffffffffff  66666666666666666666666666666666
        33  ::::::::::::::::  3a3a3a3a3a3a3a3a3a3a3a3a3a3a3a3a
        30  0000000000000000  30303030303030303030303030303030
        27  ;;;;;;;;;;;;;;;;  3b3b3b3b3b3b3b3b3b3b3b3b3b3b3b3b
        24  ................  efefefefefefefefefefefefefefefef
        23  ................  e4e4e4e4e4e4e4e4e4e4e4e4e4e4e4e4
        23  ................  afafafafafafafafafafafafafafafaf
# epoch 1900  H=7.7297 C=7.3715 HO=0.3583  A(t)=166
        77  <<<<<<<<<<<<<<<<  3c3c3c3c3c3c3c3c3c3c3c3c3c3c3c3c
        60  ffffffffffffffff  66666666666666666666666666666666
        44  ................  c8c8c8c8c8c8c8c8c8c8c8c8c8c8c8c8
        36  ................  dddddddddddddddddddddddddddddddd
        35  ................  b0b0b0b0b0b0b0b0b0b0b0b0b0b0b0b0
        30  0000000000000000  30303030303030303030303030303030
        27  ;;;;;;;;;;;;;;;;  3b3b3b3b3b3b3b3b3b3b3b3b3b3b3b3b
        23  ................  e4e4e4e4e4e4e4e4e4e4e4e4e4e4e4e4
        23  ................  afafafafafafafafafafafafafafafaf
        18  ................  efefefefefefefefefefefefefefefef
# epoch 1920  H=7.7260 C=7.3623 HO=0.3637  A(t)=167
        61  <<<<<<<<<<<<<<<<  3c3c3c3c3c3c3c3c3c3c3c3c3c3c3c3c
        48  ffffffffffffffff  66666666666666666666666666666666
        42  ................  c8c8c8c8c8c8c8c8c8c8c8c8c8c8c8c8
        42  ................  0d0d0d0d0d0d0d0d0d0d0d0d0d0d0d0d
        39  ................  d8d8d8d8d8d8d8d8d8d8d8d8d8d8d8d8
        36  ................  dddddddddddddddddddddddddddddddd
        30  0000000000000000  30303030303030303030303030303030
        29  ................  b0b0b0b0b0b0b0b0b0b0b0b0b0b0b0b0
        27  ;;;;;;;;;;;;;;;;  3b3b3b3b3b3b3b3b3b3b3b3b3b3b3b3b
        23  ................  e4e4e4e4e4e4e4e4e4e4e4e4e4e4e4e4
# epoch 1940  H=7.7190 C=7.3596 HO=0.3594  A(t)=168
        61  <<<<<<<<<<<<<<<<  3c3c3c3c3c3c3c3c3c3c3c3c3c3c3c3c
        49  ffffffffffffffff  66666666666666666666666666666666
        41  ................  f1f1f1f1f1f1f1f1f1f1f1f1f1f1f1f1
        39  ................  c8c8c8c8c8c8c8c8c8c8c8c8c8c8c8c8
        38  ................  d8d8d8d8d8d8d8d8d8d8d8d8d8d8d8d8
        35  ::::::::::::::::  3a3a3a3a3a3a3a3a3a3a3a3a3a3a3a3a
        30  0000000000000000  30303030303030303030303030303030
        29  ................  b0b0b0b0b0b0b0b0b0b0b0b0b0b0b0b0
        29  ................  0d0d0d0d0d0d0d0d0d0d0d0d0d0d0d0d
        27  ;;;;;;;;;;;;;;;;  3b3b3b3b3b3b3b3b3b3b3b3b3b3b3b3b
# epoch 1960  H=7.7190 C=7.3673 HO=0.3516  A(t)=168
       133  ................  c8c8c8c8c8c8c8c8c8c8c8c8c8c8c8c8
        52  <<<<<<<<<<<<<<<<  3c3c3c3c3c3c3c3c3c3c3c3c3c3c3c3c
        44  ffffffffffffffff  66666666666666666666666666666666
        35  ::::::::::::::::  3a3a3a3a3a3a3a3a3a3a3a3a3a3a3a3a
        30  0000000000000000  30303030303030303030303030303030
        29  ................  b0b0b0b0b0b0b0b0b0b0b0b0b0b0b0b0
        27  ;;;;;;;;;;;;;;;;  3b3b3b3b3b3b3b3b3b3b3b3b3b3b3b3b
        27  ................  0d0d0d0d0d0d0d0d0d0d0d0d0d0d0d0d
        24  ................  f1f1f1f1f1f1f1f1f1f1f1f1f1f1f1f1
        23  ................  afafafafafafafafafafafafafafafaf
# epoch 1980  H=7.7200 C=7.3840 HO=0.3360  A(t)=168
       107  ................  c8c8c8c8c8c8c8c8c8c8c8c8c8c8c8c8
        52  <<<<<<<<<<<<<<<<  3c3c3c3c3c3c3c3c3c3c3c3c3c3c3c3c
        30  0000000000000000  30303030303030303030303030303030
        29  ................  b0b0b0b0b0b0b0b0b0b0b0b0b0b0b0b0
        27  ;;;;;;;;;;;;;;;;  3b3b3b3b3b3b3b3b3b3b3b3b3b3b3b3b
        27  ................  0d0d0d0d0d0d0d0d0d0d0d0d0d0d0d0d
        24  ::::::::::::::::  3a3a3a3a3a3a3a3a3a3a3a3a3a3a3a3a
        23  ................  afafafafafafafafafafafafafafafaf
        20  ................  e4e4e4e4e4e4e4e4e4e4e4e4e4e4e4e4
        17  jjjjjjjjjjjjjjjj  6a6a6a6a6a6a6a6a6a6a6a6a6a6a6a6a
# epoch 2000  H=7.7193 C=7.3873 HO=0.3320  A(t)=168
        76  ................  c8c8c8c8c8c8c8c8c8c8c8c8c8c8c8c8
        52  ;;;;;;;;;;;;;;;;  3b3b3b3b3b3b3b3b3b3b3b3b3b3b3b3b
        43  <<<<<<<<<<<<<<<<  3c3c3c3c3c3c3c3c3c3c3c3c3c3c3c3c
        27  ................  0d0d0d0d0d0d0d0d0d0d0d0d0d0d0d0d
        24  ::::::::::::::::  3a3a3a3a3a3a3a3a3a3a3a3a3a3a3a3a
        23  ................  afafafafafafafafafafafafafafafaf
        18  ................  e4e4e4e4e4e4e4e4e4e4e4e4e4e4e4e4
        17  ffffffffffffffff  66666666666666666666666666666666
        16  ................  f9f9f9f9f9f9f9f9f9f9f9f9f9f9f9f9
        15  0000000000000000  30303030303030303030303030303030
