# epoch 0  H=7.9999 C=8.0025 HO=-0.0001  A(t)=0
         1  ....$.._Uo......  fffffc1b24d7e55f556fa714cdc9b19e
         1  ...gp..E......g.  fffff26770d8a845b9912ec0030267e2
         1  ...1*.c....8Q|..  ffffee312a0c63fb8ca8c338517c910c
         1  ...WT....R...t..  ffffe457549edb1fc052a61ffe74d38f
         1  ...pQo...E.C...D  ffffdd70516fbb11b445cd4319f49044
         1  ......3I`n......  ffffbbc7cad53349606e861b8adfbec9
         1  ...%....*#t:L...  ffffac2511e3af902a23743a4cb789d3
         1  ....}.d>..$.i...  ffff9ff57dcc643e0eb3241269d9cdc0
         1  ...S=HL..M.....U  ffff94533d484cca114d14c8cbd6ff55
         1  ...............n  ffff93a0f7f6868d1fcea7d90802e06e
# epoch 250  H=7.9864 C=7.8766 HO=0.0809  A(t)=0
       333  [[[[[[[[[[[[[[[[  5b5b5b5b5b5b5b5b5b5b5b5b5b5b5b5b
       237  ,,,,,,,,,,,,,,,,  2c2c2c2c2c2c2c2c2c2c2c2c2c2c2c2c
       198  ]]]]]]]]]]]]]]]]  5d5d5d5d5d5d5d5d5d5d5d5d5d5d5d5d
        83  cccccccccccccccc  63636363636363636363636363636363
        76  ................  1e1e1e1e1e1e1e1e1e1e1e1e1e1e1e1e
        72  ................  e3e3e3e3e3e3e3e3e3e3e3e3e3e3e3e3
        72  ................  2e2e2e2e2e2e2e2e2e2e2e2e2e2e2e2e
        68  ................  8f8f8f8f8f8f8f8f8f8f8f8f8f8f8f8f
        66  OOOOOOOOOOOOOOOO  4f4f4f4f4f4f4f4f4f4f4f4f4f4f4f4f
        58  ................  93939393939393939393939393939393
# epoch 500  H=7.9606 C=7.8230 HO=0.0860  A(t)=0
       492  ,,,,,,,,,,,,,,,,  2c2c2c2c2c2c2c2c2c2c2c2c2c2c2c2c
       348  ]]]]]]]]]]]]]]]]  5d5d5d5d5d5d5d5d5d5d5d5d5d5d5d5d
       207  [[[[[[[[[[[[[[[[  5b5b5b5b5b5b5b5b5b5b5b5b5b5b5b5b
       185  ................  2e2e2e2e2e2e2e2e2e2e2e2e2e2e2e2e
        86  ................  f0f0f0f0f0f0f0f0f0f0f0f0f0f0f0f0
        71  ................  b5b5b5b5b5b5b5b5b5b5b5b5b5b5b5b5
        71  ................  a5a5a5a5a5a5a5a5a5a5a5a5a5a5a5a5
        69  ................  fefefefefefefefefefefefefefefefe
        64  gggggggggggggggg  67676767676767676767676767676767
        62  ????????????????  3f3f3f3f3f3f3f3f3f3f3f3f3f3f3f3f
# epoch 750  H=7.9332 C=7.7688 HO=0.1054  A(t)=0
       509  ,,,,,,,,,,,,,,,,  2c2c2c2c2c2c2c2c2c2c2c2c2c2c2c2c
       229  ]]]]]]]]]]]]]]]]  5d5d5d5d5d5d5d5d5d5d5d5d5d5d5d5d
       217  [[[[[[[[[[[[[[[[  5b5b5b5b5b5b5b5b5b5b5b5b5b5b5b5b
        94  ................  dcdcdcdcdcdcdcdcdcdcdcdcdcdcdcdc
        87  ................  2e2e2e2e2e2e2e2e2e2e2e2e2e2e2e2e
        83  %%%%%%%%%%%%%%%%  25252525252525252525252525252525
        80  ZZZZZZZZZZZZZZZZ  5a5a5a5a5a5a5a5a5a5a5a5a5a5a5a5a
        73  ................  bbbbbbbbbbbbbbbbbbbbbbbbbbbbbbbb
        69  ................  f5f5f5f5f5f5f5f5f5f5f5f5f5f5f5f5
        69  2222222222222222  32323232323232323232323232323232
# epoch 1000  H=7.9063 C=7.7287 HO=0.1145  A(t)=0
       455  ,,,,,,,,,,,,,,,,  2c2c2c2c2c2c2c2c2c2c2c2c2c2c2c2c
       452  ]]]]]]]]]]]]]]]]  5d5d5d5d5d5d5d5d5d5d5d5d5d5d5d5d
       331  [[[[[[[[[[[[[[[[  5b5b5b5b5b5b5b5b5b5b5b5b5b5b5b5b
       128  ................  2e2e2e2e2e2e2e2e2e2e2e2e2e2e2e2e
       127  ................  92929292929292929292929292929292
       114  UUUUUUUUUUUUUUUU  55555555555555555555555555555555
       112  ................  bebebebebebebebebebebebebebebebe
       109  ................  cfcfcfcfcfcfcfcfcfcfcfcfcfcfcfcf
       109  \\\\\\\\\\\\\\\\  5c5c5c5c5c5c5c5c5c5c5c5c5c5c5c5c
       103  ================  3d3d3d3d3d3d3d3d3d3d3d3d3d3d3d3d
# epoch 1250  H=7.8876 C=7.6917 HO=0.1322  A(t)=210
       542  ,,,,,,,,,,,,,,,,  2c2c2c2c2c2c2c2c2c2c2c2c2c2c2c2c
       270  [[[[[[[[[[[[[[[[  5b5b5b5b5b5b5b5b5b5b5b5b5b5b5b5b
       261  ]]]]]]]]]]]]]]]]  5d5d5d5d5d5d5d5d5d5d5d5d5d5d5d5d
       260  ................  2e2e2e2e2e2e2e2e2e2e2e2e2e2e2e2e
       196  ................  01010101010101010101010101010101
       140  ================  3d3d3d3d3d3d3d3d3d3d3d3d3d3d3d3d
       133  ................  0a0a0a0a0a0a0a0a0a0a0a0a0a0a0a0a
       107  JJJJJJJJJJJJJJJJ  4a4a4a4a4a4a4a4a4a4a4a4a4a4a4a4a
       106  <<<<<<<<<<<<<<<<  3c3c3c3c3c3c3c3c3c3c3c3c3c3c3c3c
       104  ++++++++++++++++  2b2b2b2b2b2b2b2b2b2b2b2b2b2b2b2b
# epoch 1500  H=7.8729 C=7.6695 HO=0.1346  A(t)=222
       590  ,,,,,,,,,,,,,,,,  2c2c2c2c2c2c2c2c2c2c2c2c2c2c2c2c
       328  [[[[[[[[[[[[[[[[  5b5b5b5b5b5b5b5b5b5b5b5b5b5b5b5b
       254  ]]]]]]]]]]]]]]]]  5d5d5d5d5d5d5d5d5d5d5d5d5d5d5d5d
       153  ................  2e2e2e2e2e2e2e2e2e2e2e2e2e2e2e2e
       131  \\\\\\\\\\\\\\\\  5c5c5c5c5c5c5c5c5c5c5c5c5c5c5c5c
       123  ................  02020202020202020202020202020202
       119  ................  d3d3d3d3d3d3d3d3d3d3d3d3d3d3d3d3
       114  ................  abababababababababababababababab
       103  ................  0d0d0d0d0d0d0d0d0d0d0d0d0d0d0d0d
        92  ................  ffffffffffffffffffffffffffffffff
# epoch 1750  H=7.8601 C=7.6585 HO=0.1333  A(t)=243
       624  [[[[[[[[[[[[[[[[  5b5b5b5b5b5b5b5b5b5b5b5b5b5b5b5b
       608  ,,,,,,,,,,,,,,,,  2c2c2c2c2c2c2c2c2c2c2c2c2c2c2c2c
       270  ]]]]]]]]]]]]]]]]  5d5d5d5d5d5d5d5d5d5d5d5d5d5d5d5d
       125  ZZZZZZZZZZZZZZZZ  5a5a5a5a5a5a5a5a5a5a5a5a5a5a5a5a
       118  ................  8a8a8a8a8a8a8a8a8a8a8a8a8a8a8a8a
       116  ................  d9d9d9d9d9d9d9d9d9d9d9d9d9d9d9d9
       103  ................  2e2e2e2e2e2e2e2e2e2e2e2e2e2e2e2e
       102  ................  d8d8d8d8d8d8d8d8d8d8d8d8d8d8d8d8
        97  ~~~~~~~~~~~~~~~~  7e7e7e7e7e7e7e7e7e7e7e7e7e7e7e7e
        89  ****************  2a2a2a2a2a2a2a2a2a2a2a2a2a2a2a2a
# epoch 2000  H=7.8536 C=7.6585 HO=0.1271  A(t)=263
       613  [[[[[[[[[[[[[[[[  5b5b5b5b5b5b5b5b5b5b5b5b5b5b5b5b
       591  ,,,,,,,,,,,,,,,,  2c2c2c2c2c2c2c2c2c2c2c2c2c2c2c2c
       432  ]]]]]]]]]]]]]]]]  5d5d5d5d5d5d5d5d5d5d5d5d5d5d5d5d
       208  ................  2e2e2e2e2e2e2e2e2e2e2e2e2e2e2e2e
       165  ................  c2c2c2c2c2c2c2c2c2c2c2c2c2c2c2c2
       138  ................  01010101010101010101010101010101
       136  ZZZZZZZZZZZZZZZZ  5a5a5a5a5a5a5a5a5a5a5a5a5a5a5a5a
       130  ................  9c9c9c9c9c9c9c9c9c9c9c9c9c9c9c9c
       125  ................  03030303030303030303030303030303
       122  \\\\\\\\\\\\\\\\  5c5c5c5c5c5c5c5c5c5c5c5c5c5c5c5c
# epoch 2250  H=7.8473 C=7.6636 HO=0.1167  A(t)=275
       778  [[[[[[[[[[[[[[[[  5b5b5b5b5b5b5b5b5b5b5b5b5b5b5b5b
       428  ,,,,,,,,,,,,,,,,  2c2c2c2c2c2c2c2c2c2c2c2c2c2c2c2c
       271  ]]]]]]]]]]]]]]]]  5d5d5d5d5d5d5d5d5d5d5d5d5d5d5d5d
       140  ................  2e2e2e2e2e2e2e2e2e2e2e2e2e2e2e2e
       137  ;;;;;;;;;;;;;;;;  3b3b3b3b3b3b3b3b3b3b3b3b3b3b3b3b
       119  ZZZZZZZZZZZZZZZZ  5a5a5a5a5a5a5a5a5a5a5a5a5a5a5a5a
       109  \\\\\\\\\\\\\\\\  5c5c5c5c5c5c5c5c5c5c5c5c5c5c5c5c
        92  2222222222222222  32323232323232323232323232323232
        91  ^^^^^^^^^^^^^^^^  5e5e5e5e5e5e5e5e5e5e5e5e5e5e5e5e
        83  ................  d2d2d2d2d2d2d2d2d2d2d2d2d2d2d2d2
# epoch 2500  H=7.8383 C=7.6354 HO=0.1362  A(t)=287
       678  [[[[[[[[[[[[[[[[  5b5b5b5b5b5b5b5b5b5b5b5b5b5b5b5b
       566  ,,,,,,,,,,,,,,,,  2c2c2c2c2c2c2c2c2c2c2c2c2c2c2c2c
       474  ]]]]]]]]]]]]]]]]  5d5d5d5d5d5d5d5d5d5d5d5d5d5d5d5d
       283  ................  2e2e2e2e2e2e2e2e2e2e2e2e2e2e2e2e
       204  ................  01010101010101010101010101010101
       122  ZZZZZZZZZZZZZZZZ  5a5a5a5a5a5a5a5a5a5a5a5a5a5a5a5a
       122  <<<<<<<<<<<<<<<<  3c3c3c3c3c3c3c3c3c3c3c3c3c3c3c3c
       114  ................  02020202020202020202020202020202
        97  4444444444444444  34343434343434343434343434343434
        93  ................  81818181818181818181818181818181
# epoch 2750  H=7.8306 C=7.6437 HO=0.1220  A(t)=294
       478  ]]]]]]]]]]]]]]]]  5d5d5d5d5d5d5d5d5d5d5d5d5d5d5d5d
       441  ,,,,,,,,,,,,,,,,  2c2c2c2c2c2c2c2c2c2c2c2c2c2c2c2c
       408  [[[[[[[[[[[[[[[[  5b5b5b5b5b5b5b5b5b5b5b5b5b5b5b5b
       222  ................  2e2e2e2e2e2e2e2e2e2e2e2e2e2e2e2e
       208  ZZZZZZZZZZZZZZZZ  5a5a5a5a5a5a5a5a5a5a5a5a5a5a5a5a
       127  ................  dededededededededededededededede
       119  \\\\\\\\\\\\\\\\  5c5c5c5c5c5c5c5c5c5c5c5c5c5c5c5c
       102  ................  fcfcfcfcfcfcfcfcfcfcfcfcfcfcfcfc
       101  ))))))))))))))))  29292929292929292929292929292929
        91  ................  02020202020202020202020202020202
# epoch 3000  H=7.8183 C=7.6324 HO=0.1161  A(t)=298
       484  [[[[[[[[[[[[[[[[  5b5b5b5b5b5b5b5b5b5b5b5b5b5b5b5b
       465  ,,,,,,,,,,,,,,,,  2c2c2c2c2c2c2c2c2c2c2c2c2c2c2c2c
       224  ................  2e2e2e2e2e2e2e2e2e2e2e2e2e2e2e2e
       181  ]]]]]]]]]]]]]]]]  5d5d5d5d5d5d5d5d5d5d5d5d5d5d5d5d
       170  \\\\\\\\\\\\\\\\  5c5c5c5c5c5c5c5c5c5c5c5c5c5c5c5c
       137  ................  ffffffffffffffffffffffffffffffff
       124  ????????????????  3f3f3f3f3f3f3f3f3f3f3f3f3f3f3f3f
       111  ................  80808080808080808080808080808080
       104  ................  8a8a8a8a8a8a8a8a8a8a8a8a8a8a8a8a
        99  @@@@@@@@@@@@@@@@  40404040404040404040404040404040
# epoch 3250  H=7.8203 C=7.6367 HO=0.1177  A(t)=301
       706  ,,,,,,,,,,,,,,,,  2c2c2c2c2c2c2c2c2c2c2c2c2c2c2c2c
       354  [[[[[[[[[[[[[[[[  5b5b5b5b5b5b5b5b5b5b5b5b5b5b5b5b
       295  ]]]]]]]]]]]]]]]]  5d5d5d5d5d5d5d5d5d5d5d5d5d5d5d5d
       189  ................  2e2e2e2e2e2e2e2e2e2e2e2e2e2e2e2e
       118  ZZZZZZZZZZZZZZZZ  5a5a5a5a5a5a5a5a5a5a5a5a5a5a5a5a
       114  ????????????????  3f3f3f3f3f3f3f3f3f3f3f3f3f3f3f3f
       104  ^^^^^^^^^^^^^^^^  5e5e5e5e5e5e5e5e5e5e5e5e5e5e5e5e
       104  ................  04040404040404040404040404040404
       102  UUUUUUUUUUUUUUUU  55555555555555555555555555555555
        98  4444444444444444  34343434343434343434343434343434
# epoch 3500  H=7.8163 C=7.6195 HO=0.1330  A(t)=302
       710  [[[[[[[[[[[[[[[[  5b5b5b5b5b5b5b5b5b5b5b5b5b5b5b5b
       489  ,,,,,,,,,,,,,,,,  2c2c2c2c2c2c2c2c2c2c2c2c2c2c2c2c
       362  ]]]]]]]]]]]]]]]]  5d5d5d5d5d5d5d5d5d5d5d5d5d5d5d5d
       203  ................  2e2e2e2e2e2e2e2e2e2e2e2e2e2e2e2e
       202  ZZZZZZZZZZZZZZZZ  5a5a5a5a5a5a5a5a5a5a5a5a5a5a5a5a
       187  \\\\\\\\\\\\\\\\  5c5c5c5c5c5c5c5c5c5c5c5c5c5c5c5c
       160  gggggggggggggggg  67676767676767676767676767676767
       128  ''''''''''''''''  27272727272727272727272727272727
       112  ................  01010101010101010101010101010101
        93  ????????????????  3f3f3f3f3f3f3f3f3f3f3f3f3f3f3f3f
# epoch 3750  H=7.8058 C=7.6017 HO=0.1384  A(t)=302
       727  [[[[[[[[[[[[[[[[  5b5b5b5b5b5b5b5b5b5b5b5b5b5b5b5b
       599  ,,,,,,,,,,,,,,,,  2c2c2c2c2c2c2c2c2c2c2c2c2c2c2c2c
       503  ]]]]]]]]]]]]]]]]  5d5d5d5d5d5d5d5d5d5d5d5d5d5d5d5d
       277  ................  2e2e2e2e2e2e2e2e2e2e2e2e2e2e2e2e
       148  ................  ffffffffffffffffffffffffffffffff
       131  ................  01010101010101010101010101010101
       111  ................  c4c4c4c4c4c4c4c4c4c4c4c4c4c4c4c4
       106  ++++++++++++++++  2b2b2b2b2b2b2b2b2b2b2b2b2b2b2b2b
       103  1111111111111111  31313131313131313131313131313131
       101  5555555555555555  35353535353535353535353535353535
# epoch 4000  H=7.8008 C=7.5917 HO=0.1455  A(t)=302
       684  [[[[[[[[[[[[[[[[  5b5b5b5b5b5b5b5b5b5b5b5b5b5b5b5b
       545  ,,,,,,,,,,,,,,,,  2c2c2c2c2c2c2c2c2c2c2c2c2c2c2c2c
       376  ]]]]]]]]]]]]]]]]  5d5d5d5d5d5d5d5d5d5d5d5d5d5d5d5d
       233  ................  2e2e2e2e2e2e2e2e2e2e2e2e2e2e2e2e
       153  ................  01010101010101010101010101010101
       134  \\\\\\\\\\\\\\\\  5c5c5c5c5c5c5c5c5c5c5c5c5c5c5c5c
       108  ZZZZZZZZZZZZZZZZ  5a5a5a5a5a5a5a5a5a5a5a5a5a5a5a5a
        97  ................  9f9f9f9f9f9f9f9f9f9f9f9f9f9f9f9f
        92  ................  09090909090909090909090909090909
        90  ________________  5f5f5f5f5f5f5f5f5f5f5f5f5f5f5f5f
# epoch 4250  H=6.7100 C=3.4846 HO=4.0443  A(t)=302
     11366  ..{..J....[^..J0  7fbb7b80804a9080e1175b5ee1de4a30
     11301  ....{..J....[^..  05ef7fbb7b80804a9080e1175b5ee1de
     11257  {..J....[^..J0-,  7b80804a9080e1175b5ee1de4a302d2c
     11233  ...{..J....[^..J  ef7fbb7b80804a9080e1175b5ee1de4a
     11154  J....{..J....[^.  4a05ef7fbb7b80804a9080e1175b5ee1
     10990  pcJ....{..J....[  70634a05ef7fbb7b80804a9080e1175b
     10947  .{..J....[^..J0-  bb7b80804a9080e1175b5ee1de4a302d
     10936  cJ....{..J....[^  634a05ef7fbb7b80804a9080e1175b5e
     10824  -pcJ....{..J....  2d70634a05ef7fbb7b80804a9080e117
     10822  ..J....[^..J0-,~  80804a9080e1175b5ee1de4a302d2c7e
# epoch 4500  H=6.1400 C=0.9390 HO=5.5677  A(t)=302
      9025  [[[.J.O,~~.}.>Ut  5b5b5bde4a174f2c7e7e0b7de03e5574
      8986  .[[[.J.O,~~.}.>U  175b5b5bde4a174f2c7e7e0b7de03e55
      8979  ..[[[.J.O,~~.}.>  e1175b5b5bde4a174f2c7e7e0b7de03e
      8704  [[.J.O,~~.}.>Ut$  5b5bde4a174f2c7e7e0b7de03e557424
      8594  [.J.O,~~.}.>Ut$^  5bde4a174f2c7e7e0b7de03e5574245e
      8579  ....[[[.J.O,~~.}  9080e1175b5b5bde4a174f2c7e7e0b7d
      8511  ...[[[.J.O,~~.}.  80e1175b5b5bde4a174f2c7e7e0b7de0
      8269  .J....[[[.J.O,~~  804a9080e1175b5b5bde4a174f2c7e7e
      8075  J....[[[.J.O,~~.  4a9080e1175b5b5bde4a174f2c7e7e0b
      7985  .J.O,~~.}.>Ut$^.  de4a174f2c7e7e0b7de03e5574245e15
# epoch 4750  H=6.3219 C=1.0850 HO=5.7630  A(t)=302
      5779  [[[.J.O,~~.}.>Ut  5b5b5bde4a174f2c7e7e0b7de03e5574
      5511  [[.J.O,~~.}.>Ut$  5b5bde4a174f2c7e7e0b7de03e557424
      5299  .[[[.J.O,~~.}.>U  175b5b5bde4a174f2c7e7e0b7de03e55
      5256  ..[[[.J.O,~~.}.>  e1175b5b5bde4a174f2c7e7e0b7de03e
      5054  [.J.O,~~.}.>Ut$^  5bde4a174f2c7e7e0b7de03e5574245e
      4860  ...[[[.J.O,~~.}.  80e1175b5b5bde4a174f2c7e7e0b7de0
      4172  ....[[[.J.O,~~.}  9080e1175b5b5bde4a174f2c7e7e0b7d
      3980  .J.O,~~.}.>Ut$^.  de4a174f2c7e7e0b7de03e5574245e15
      3952  ...J....[[[.J.O,  0080804a9080e1175b5b5bde4a174f2c
      3871  J.O,~~.}.>Ut$^..  4a174f2c7e7e0b7de03e5574245e15de
# epoch 5000  H=6.4432 C=1.1350 HO=5.9014  A(t)=302
      3507  [[[.J.O,~~.}.>Ut  5b5b5bde4a174f2c7e7e0b7de03e5574
      3317  [.J.O,~~.}.>Ut$^  5bde4a174f2c7e7e0b7de03e5574245e
      3211  [[.J.O,~~.}.>Ut$  5b5bde4a174f2c7e7e0b7de03e557424
      3033  .[[[.J.O,~~.}.>U  175b5b5bde4a174f2c7e7e0b7de03e55
      2867  ..[[[.J.O,~~.}.>  e1175b5b5bde4a174f2c7e7e0b7de03e
      2791  .J.O,~~.}.>Ut$^.  de4a174f2c7e7e0b7de03e5574245e15
      2445  ...[[[.J.O,~~.}.  80e1175b5b5bde4a174f2c7e7e0b7de0
      2361  .J....[[[.J.O,~~  804a9080e1175b5b5bde4a174f2c7e7e
      2350  ....[[[.J.O,~~.}  9080e1175b5b5bde4a174f2c7e7e0b7d
      2191  J.O,~~.}.>Ut$^..  4a174f2c7e7e0b7de03e5574245e15de
# epoch 5250  H=6.5644 C=1.1713 HO=6.0358  A(t)=415
      2729  [[[.J.O,~~.}.>Ut  5b5b5bde4a174f2c7e7e0b7de03e5574
      2438  [[.J.O,~~.}.>Ut$  5b5bde4a174f2c7e7e0b7de03e557424
      2378  .[[[.J.O,~~.}.>U  175b5b5bde4a174f2c7e7e0b7de03e55
      2092  [.J.O,~~.}.>Ut$^  5bde4a174f2c7e7e0b7de03e5574245e
      2087  ..[[[.J.O,~~.}.>  e1175b5b5bde4a174f2c7e7e0b7de03e
      1797  .J.O,~~.}.>Ut$^.  de4a174f2c7e7e0b7de03e5574245e15
      1668  ...[[[.J.O,~~.}.  80e1175b5b5bde4a174f2c7e7e0b7de0
      1466  J.O,~~.}.>Ut$^..  4a174f2c7e7e0b7de03e5574245e15de
      1459  ,~~.}.>Ut$^..,0]  2c7e7e0b7de03e5574245e15de2c305d
      1417  ....[[[.J.O,~~.}  9080e1175b5b5bde4a174f2c7e7e0b7d
# epoch 5500  H=6.6636 C=1.1715 HO=6.1386  A(t)=1006
      2086  [[[.J.O,~~.}.>Ut  5b5b5bde4a174f2c7e7e0b7de03e5574
      1871  .[[[.J.O,~~.}.>U  175b5b5bde4a174f2c7e7e0b7de03e55
      1813  [[.J.O,~~.}.>Ut$  5b5bde4a174f2c7e7e0b7de03e557424
      1618  ..[[[.J.O,~~.}.>  e1175b5b5bde4a174f2c7e7e0b7de03e
      1518  [.J.O,~~.}.>Ut$^  5bde4a174f2c7e7e0b7de03e5574245e
      1456  .J.O,~~.}.>Ut$^.  de4a174f2c7e7e0b7de03e5574245e15
      1325  ~~.}.>Ut$^..,0].  7e7e0b7de03e5574245e15de2c305d1f
      1302  ,~~.}.>Ut$^..,0]  2c7e7e0b7de03e5574245e15de2c305d
      1128  J.O,~~.}.>Ut$^..  4a174f2c7e7e0b7de03e5574245e15de
      1102  .O,~~.}.>Ut$^..,  174f2c7e7e0b7de03e5574245e15de2c
# epoch 5750  H=6.7410 C=1.1902 HO=6.2241  A(t)=1450
      1332  [[[.J.O,~~.}.>Ut  5b5b5bde4a174f2c7e7e0b7de03e5574
      1210  [[.J.O,~~.}.>Ut$  5b5bde4a174f2c7e7e0b7de03e557424
       966  ,~~.}.>Ut$^..,0]  2c7e7e0b7de03e5574245e15de2c305d
       898  [.J.O,~~.}.>Ut$^  5bde4a174f2c7e7e0b7de03e5574245e
       892  ~~.}.>Ut$^..,0].  7e7e0b7de03e5574245e15de2c305d1f
       877  .J.O,~~.}.>Ut$^.  de4a174f2c7e7e0b7de03e5574245e15
       864  ^A*,0].$^...0].$  5e412a2c305d1f245e15de93305d1f24
       861  Bb[...]j]-m.`...  42625beaff845d6a5d2d6dae60aafaff
       859  .fBb[...]j]-m.`.  c66642625beaff845d6a5d2d6dae60aa
       858  .[[[.J.O,~~.}.>U  175b5b5bde4a174f2c7e7e0b7de03e55
