# epoch 0  H=7.9999 C=8.0025 HO=-0.0001  A(t)=0
         1  ...j.s..V..h7.y.  fffff26aab73cbae5684d76837b579b2
         1  ...*.....[.?b.g.  fffff22af589a880f35bc73f62df67b0
         1  ...K..>.s....T".  ffffe94b8cd63e0773a8dbaee4542298
         1  ....R4.v..90qe..  ffffe68c5234807681113930716505bf
         1  ......x._r..4...  ffffe29d821c78132072b21a34decede
         1  ...G..\IM.a.=...  ffffd147b2de5c494dd861843d91c7f4
         1  ...H4o_.><..-...  ffffc348346f20be3e3cd9b52dd4b9be
         1  ....m'...]..L&b_  ffffc0886d27ede9825df8fc4c266220
         1  .........+.T..H.  ffffb9e0e9dbce88b62b1f54edcd488e
         1  ....a<.,...3.._.  ffffa79b613ce92caa1ae8330b1720f2
# epoch 250  H=7.9866 C=7.8808 HO=0.0799  A(t)=0
       199  [[[[[[[[[[[[[[[[  5b5b5b5b5b5b5b5b5b5b5b5b5b5b5b5b
       156  ]]]]]]]]]]]]]]]]  5d5d5d5d5d5d5d5d5d5d5d5d5d5d5d5d
       155  ,,,,,,,,,,,,,,,,  2c2c2c2c2c2c2c2c2c2c2c2c2c2c2c2c
       108  ................  85858585858585858585858585858585
        96  ................  2e2e2e2e2e2e2e2e2e2e2e2e2e2e2e2e
        77  ................  01010101010101010101010101010101
        71  ;;;;;;;;;;;;;;;;  3b3b3b3b3b3b3b3b3b3b3b3b3b3b3b3b
        64  6666666666666666  36363636363636363636363636363636
        59  ................  88888888888888888888888888888888
        58  ................  fafafafafafafafafafafafafafafafa
# epoch 500  H=7.9624 C=7.8295 HO=0.0782  A(t)=0
       325  [[[[[[[[[[[[[[[[  5b5b5b5b5b5b5b5b5b5b5b5b5b5b5b5b
       214  ................  2e2e2e2e2e2e2e2e2e2e2e2e2e2e2e2e
       197  ,,,,,,,,,,,,,,,,  2c2c2c2c2c2c2c2c2c2c2c2c2c2c2c2c
       134  ................  85858585858585858585858585858585
       134  ]]]]]]]]]]]]]]]]  5d5d5d5d5d5d5d5d5d5d5d5d5d5d5d5d
       106  bbbbbbbbbbbbbbbb  62626262626262626262626262626262
        89  ................  cccccccccccccccccccccccccccccccc
        80  ................  fafafafafafafafafafafafafafafafa
        74  ................  dcdcdcdcdcdcdcdcdcdcdcdcdcdcdcdc
        67  ________________  5f5f5f5f5f5f5f5f5f5f5f5f5f5f5f5f
# epoch 750  H=7.9293 C=7.7634 HO=0.1069  A(t)=0
       562  ,,,,,,,,,,,,,,,,  2c2c2c2c2c2c2c2c2c2c2c2c2c2c2c2c
       384  [[[[[[[[[[[[[[[[  5b5b5b5b5b5b5b5b5b5b5b5b5b5b5b5b
       331  ]]]]]]]]]]]]]]]]  5d5d5d5d5d5d5d5d5d5d5d5d5d5d5d5d
       175  ................  2e2e2e2e2e2e2e2e2e2e2e2e2e2e2e2e
       135  ................  02020202020202020202020202020202
        94  ^^^^^^^^^^^^^^^^  5e5e5e5e5e5e5e5e5e5e5e5e5e5e5e5e
        89  RRRRRRRRRRRRRRRR  52525252525252525252525252525252
        81  >>>>>>>>>>>>>>>>  3e3e3e3e3e3e3e3e3e3e3e3e3e3e3e3e
        74  DDDDDDDDDDDDDDDD  44444444444444444444444444444444
        67  ................  e4e4e4e4e4e4e4e4e4e4e4e4e4e4e4e4
# epoch 1000  H=7.9038 C=7.7223 HO=0.1198  A(t)=0
       546  ,,,,,,,,,,,,,,,,  2c2c2c2c2c2c2c2c2c2c2c2c2c2c2c2c
       527  ]]]]]]]]]]]]]]]]  5d5d5d5d5d5d5d5d5d5d5d5d5d5d5d5d
       375  [[[[[[[[[[[[[[[[  5b5b5b5b5b5b5b5b5b5b5b5b5b5b5b5b
       135  ................  2e2e2e2e2e2e2e2e2e2e2e2e2e2e2e2e
       113  ~~~~~~~~~~~~~~~~  7e7e7e7e7e7e7e7e7e7e7e7e7e7e7e7e
       102  ................  f8f8f8f8f8f8f8f8f8f8f8f8f8f8f8f8
        99  @@@@@@@@@@@@@@@@  40404040404040404040404040404040
        88  ................  ffffffffffffffffffffffffffffffff
        88  ................  b0b0b0b0b0b0b0b0b0b0b0b0b0b0b0b0
        87  ................  87878787878787878787878787878787
# epoch 1250  H=7.8837 C=7.6868 HO=0.1293  A(t)=188
       497  [[[[[[[[[[[[[[[[  5b5b5b5b5b5b5b5b5b5b5b5b5b5b5b5b
       441  ,,,,,,,,,,,,,,,,  2c2c2c2c2c2c2c2c2c2c2c2c2c2c2c2c
       420  ]]]]]]]]]]]]]]]]  5d5d5d5d5d5d5d5d5d5d5d5d5d5d5d5d
       190  ................  2e2e2e2e2e2e2e2e2e2e2e2e2e2e2e2e
       117  ZZZZZZZZZZZZZZZZ  5a5a5a5a5a5a5a5a5a5a5a5a5a5a5a5a
       114  ................  14141414141414141414141414141414
        95  ................  01010101010101010101010101010101
        76  zzzzzzzzzzzzzzzz  7a7a7a7a7a7a7a7a7a7a7a7a7a7a7a7a
        73  ................  97979797979797979797979797979797
        72  \\\\\\\\\\\\\\\\  5c5c5c5c5c5c5c5c5c5c5c5c5c5c5c5c
# epoch 1500  H=7.8675 C=7.6686 HO=0.1304  A(t)=205
       480  [[[[[[[[[[[[[[[[  5b5b5b5b5b5b5b5b5b5b5b5b5b5b5b5b
       405  ,,,,,,,,,,,,,,,,  2c2c2c2c2c2c2c2c2c2c2c2c2c2c2c2c
       259  ]]]]]]]]]]]]]]]]  5d5d5d5d5d5d5d5d5d5d5d5d5d5d5d5d
       191  ................  2e2e2e2e2e2e2e2e2e2e2e2e2e2e2e2e
       111  ................  86868686868686868686868686868686
       111  \\\\\\\\\\\\\\\\  5c5c5c5c5c5c5c5c5c5c5c5c5c5c5c5c
       108  ................  ecececececececececececececececec
        96  7777777777777777  37373737373737373737373737373737
        83  ZZZZZZZZZZZZZZZZ  5a5a5a5a5a5a5a5a5a5a5a5a5a5a5a5a
        83  FFFFFFFFFFFFFFFF  46464646464646464646464646464646
# epoch 1750  H=7.8586 C=7.6741 HO=0.1154  A(t)=233
       404  [[[[[[[[[[[[[[[[  5b5b5b5b5b5b5b5b5b5b5b5b5b5b5b5b
       398  ,,,,,,,,,,,,,,,,  2c2c2c2c2c2c2c2c2c2c2c2c2c2c2c2c
       279  ]]]]]]]]]]]]]]]]  5d5d5d5d5d5d5d5d5d5d5d5d5d5d5d5d
       188  ................  01010101010101010101010101010101
       122  ................  c2c2c2c2c2c2c2c2c2c2c2c2c2c2c2c2
       117  ................  2e2e2e2e2e2e2e2e2e2e2e2e2e2e2e2e
       112  ................  92929292929292929292929292929292
       105  MMMMMMMMMMMMMMMM  4d4d4d4d4d4d4d4d4d4d4d4d4d4d4d4d
       103  ????????????????  3f3f3f3f3f3f3f3f3f3f3f3f3f3f3f3f
       100  \\\\\\\\\\\\\\\\  5c5c5c5c5c5c5c5c5c5c5c5c5c5c5c5c
# epoch 2000  H=7.8529 C=7.6630 HO=0.1246  A(t)=251
       663  ,,,,,,,,,,,,,,,,  2c2c2c2c2c2c2c2c2c2c2c2c2c2c2c2c
       372  [[[[[[[[[[[[[[[[  5b5b5b5b5b5b5b5b5b5b5b5b5b5b5b5b
       272  ]]]]]]]]]]]]]]]]  5d5d5d5d5d5d5d5d5d5d5d5d5d5d5d5d
       234  ................  2e2e2e2e2e2e2e2e2e2e2e2e2e2e2e2e
       147  ****************  2a2a2a2a2a2a2a2a2a2a2a2a2a2a2a2a
       123  7777777777777777  37373737373737373737373737373737
        95  ................  00000000000000000000000000000000
        91  iiiiiiiiiiiiiiii  69696969696969696969696969696969
        85  ................  c2c2c2c2c2c2c2c2c2c2c2c2c2c2c2c2
        82  &&&&&&&&&&&&&&&&  26262626262626262626262626262626
# epoch 2250  H=7.8493 C=7.6609 HO=0.1197  A(t)=273
       580  ,,,,,,,,,,,,,,,,  2c2c2c2c2c2c2c2c2c2c2c2c2c2c2c2c
       432  [[[[[[[[[[[[[[[[  5b5b5b5b5b5b5b5b5b5b5b5b5b5b5b5b
       420  ]]]]]]]]]]]]]]]]  5d5d5d5d5d5d5d5d5d5d5d5d5d5d5d5d
       238  ................  01010101010101010101010101010101
       188  ^^^^^^^^^^^^^^^^  5e5e5e5e5e5e5e5e5e5e5e5e5e5e5e5e
       158  ................  2e2e2e2e2e2e2e2e2e2e2e2e2e2e2e2e
       135  \\\\\\\\\\\\\\\\  5c5c5c5c5c5c5c5c5c5c5c5c5c5c5c5c
       129  ................  05050505050505050505050505050505
        95  QQQQQQQQQQQQQQQQ  51515151515151515151515151515151
        93  BBBBBBBBBBBBBBBB  42424242424242424242424242424242
# epoch 2500  H=7.8381 C=7.6313 HO=0.1393  A(t)=284
       680  [[[[[[[[[[[[[[[[  5b5b5b5b5b5b5b5b5b5b5b5b5b5b5b5b
       486  ,,,,,,,,,,,,,,,,  2c2c2c2c2c2c2c2c2c2c2c2c2c2c2c2c
       263  ]]]]]]]]]]]]]]]]  5d5d5d5d5d5d5d5d5d5d5d5d5d5d5d5d
       208  ................  2e2e2e2e2e2e2e2e2e2e2e2e2e2e2e2e
       199  ZZZZZZZZZZZZZZZZ  5a5a5a5a5a5a5a5a5a5a5a5a5a5a5a5a
       185  \\\\\\\\\\\\\\\\  5c5c5c5c5c5c5c5c5c5c5c5c5c5c5c5c
       158  ................  01010101010101010101010101010101
       130  llllllllllllllll  6c6c6c6c6c6c6c6c6c6c6c6c6c6c6c6c
       108  ................  b5b5b5b5b5b5b5b5b5b5b5b5b5b5b5b5
       107  9999999999999999  39393939393939393939393939393939
# epoch 2750  H=6.5390 C=1.8356 HO=5.7489  A(t)=288
     14330  .[.V.YV.{m...\..  9b5b7f562e5956e67b6dfa88fe5ce5f9
     13364  [.V.YV.{m...\..m  5b7f562e5956e67b6dfa88fe5ce5f96d
     12589  V.YV.{m...\..m.Y  562e5956e67b6dfa88fe5ce5f96df959
     12374  .V.YV.{m...\..m.  7f562e5956e67b6dfa88fe5ce5f96df9
     12154  V.{m...\..m.Y.\<  56e67b6dfa88fe5ce5f96df959f95c3c
     11660  .YV.{m...\..m.Y.  2e5956e67b6dfa88fe5ce5f96df959f9
     11382  .{m...\..m.Y.\<.  e67b6dfa88fe5ce5f96df959f95c3c82
     11223  YV.{m...\..m.Y.\  5956e67b6dfa88fe5ce5f96df959f95c
     10895  {m...\..m.Y.\<.c  7b6dfa88fe5ce5f96df959f95c3c8263
     10030  ................  e5e5e5e5e5e5e5e5e5e5e5e5e5e5e5e5
# epoch 3000  H=6.4844 C=1.5486 HO=5.6704  A(t)=289
     17086  ................  e5e5e5e5e5e5e5e5e5e5e5e5e5e5e5e5
      6560  .[.V.YV.{m...\..  9b5b7f562e5956e67b6dfa88fe5ce5f9
      5640  [.V.YV.{m...\..m  5b7f562e5956e67b6dfa88fe5ce5f96d
      5275  .YV.{m...\..m.Y.  2e5956e67b6dfa88fe5ce5f96df959f9
      5032  V.YV.{m...\..m.Y  562e5956e67b6dfa88fe5ce5f96df959
      5031  ]]]]]]]]]]]]]]]]  5d5d5d5d5d5d5d5d5d5d5d5d5d5d5d5d
      4931  V.{m...\..m.Y.\<  56e67b6dfa88fe5ce5f96df959f95c3c
      4876  .{m...\..m.Y.\<.  e67b6dfa88fe5ce5f96df959f95c3c82
      4865  .V.YV.{m...\..m.  7f562e5956e67b6dfa88fe5ce5f96df9
      4448  {m...\..m.Y.\<.c  7b6dfa88fe5ce5f96df959f95c3c8263
# epoch 3250  H=6.4427 C=1.5356 HO=5.6137  A(t)=289
     13352  ................  e5e5e5e5e5e5e5e5e5e5e5e5e5e5e5e5
      4389  ................  ffffffffffffffffffffffffffffffff
      4321  .[.V.YV.{m...\..  9b5b7f562e5956e67b6dfa88fe5ce5f9
      4020  ]]]]]]]]]]]]]]]]  5d5d5d5d5d5d5d5d5d5d5d5d5d5d5d5d
      3846  ................  d3d3d3d3d3d3d3d3d3d3d3d3d3d3d3d3
      3297  [.V.YV.{m...\..m  5b7f562e5956e67b6dfa88fe5ce5f96d
      2979  [[[[[[[[[[[[[[[[  5b5b5b5b5b5b5b5b5b5b5b5b5b5b5b5b
      2804  V.YV.{m...\..m.Y  562e5956e67b6dfa88fe5ce5f96df959
      2561  .V.YV.{m...\..m.  7f562e5956e67b6dfa88fe5ce5f96df9
      2508  V.{m...\..m.Y.\<  56e67b6dfa88fe5ce5f96df959f95c3c
# epoch 3500  H=6.4666 C=1.5873 HO=5.6361  A(t)=289
     13627  ................  e5e5e5e5e5e5e5e5e5e5e5e5e5e5e5e5
      5454  ................  fbfbfbfbfbfbfbfbfbfbfbfbfbfbfbfb
      3692  [[[[[[[[[[[[[[[[  5b5b5b5b5b5b5b5b5b5b5b5b5b5b5b5b
      3558  ................  d3d3d3d3d3d3d3d3d3d3d3d3d3d3d3d3
      3082  ````````````````  60606060606060606060606060606060
      3012  ................  1f1f1f1f1f1f1f1f1f1f1f1f1f1f1f1f
      1982  ................  e2e2e2e2e2e2e2e2e2e2e2e2e2e2e2e2
      1793  .[.V.YV.{m...\..  9b5b7f562e5956e67b6dfa88fe5ce5f9
      1614  V.YV.{m...\..m.Y  562e5956e67b6dfa88fe5ce5f96df959
      1421  [.V.YV.{m...\..m  5b7f562e5956e67b6dfa88fe5ce5f96d
# epoch 3750  H=6.5354 C=1.6232 HO=5.7058  A(t)=939
      8734  ................  e5e5e5e5e5e5e5e5e5e5e5e5e5e5e5e5
      8095  ````````````````  60606060606060606060606060606060
      3413  ................  d3d3d3d3d3d3d3d3d3d3d3d3d3d3d3d3
      3404  xxxxxxxxxxxxxxxx  78787878787878787878787878787878
      3215  ................  fbfbfbfbfbfbfbfbfbfbfbfbfbfbfbfb
      2668  ................  bebebebebebebebebebebebebebebebe
      2153  LLLLLLLLLLLLLLLL  4c4c4c4c4c4c4c4c4c4c4c4c4c4c4c4c
      1737  """"""""""""""""  22222222222222222222222222222222
      1736  &&&&&&&&&&&&&&&&  26262626262626262626262626262626
      1674  ................  99999999999999999999999999999999
# epoch 4000  H=6.5509 C=1.6359 HO=5.7214  A(t)=1307
      7941  ................  e5e5e5e5e5e5e5e5e5e5e5e5e5e5e5e5
      4970  ````````````````  60606060606060606060606060606060
      4308  CCCCCCCCCCCCCCCC  43434343434343434343434343434343
      3964  ................  99999999999999999999999999999999
      3358  xxxxxxxxxxxxxxxx  78787878787878787878787878787878
      3186  ................  d3d3d3d3d3d3d3d3d3d3d3d3d3d3d3d3
      2692  ................  c3c3c3c3c3c3c3c3c3c3c3c3c3c3c3c3
      2470  ''''''''''''''''  27272727272727272727272727272727
      2382  ]]]]]]]]]]]]]]]]  5d5d5d5d5d5d5d5d5d5d5d5d5d5d5d5d
      2037  }}}}}}}}}}}}}}}}  7d7d7d7d7d7d7d7d7d7d7d7d7d7d7d7d
