# epoch 0  H=7.9999 C=8.0025 HO=-0.0001  A(t)=0
         1  ....r..sJ..E@...  fffff79b72a5f0734aaf01454095cfcc
         1  .....3.,.....fP7  fffff11ffc331a2c10d2f1fabd665037
         1  .....#..js.j...v  ffffccb6002391876a73d36a11da8a76
         1  ......~b...;c-9.  ffffc5ecfae17e6292d7c03b632d39d3
         1  ....4......L..}D  ffffacb934e6d015c601c64cfcf97d44
         1  ....Q.B.!.:/...G  ffffabc851cd42f521833a2f1cbeb647
         1  .....@.:...we.7O  ffffa68cea40d53a1ed8ed7765b0374f
         1  ...p.c"....&.{..  ffffa170aa6322858e2e1526c37b00c1
         1  ...LfC[.af...VN.  ffff9b4c66435ba96166bfbea2564ef7
         1  ..}..-....R.._qY  ffff7ddcc92dbeedcd8152c504207159
# epoch 250  H=7.9883 C=7.8826 HO=0.0800  A(t)=0
       237  [[[[[[[[[[[[[[[[  5b5b5b5b5b5b5b5b5b5b5b5b5b5b5b5b
       160  ]]]]]]]]]]]]]]]]  5d5d5d5d5d5d5d5d5d5d5d5d5d5d5d5d
       131  ,,,,,,,,,,,,,,,,  2c2c2c2c2c2c2c2c2c2c2c2c2c2c2c2c
       109  ................  adadadadadadadadadadadadadadadad
       104  ................  8f8f8f8f8f8f8f8f8f8f8f8f8f8f8f8f
        89  <<<<<<<<<<<<<<<<  3c3c3c3c3c3c3c3c3c3c3c3c3c3c3c3c
        77  ................  03030303030303030303030303030303
        73  ................  d7d7d7d7d7d7d7d7d7d7d7d7d7d7d7d7
        70  ................  1b1b1b1b1b1b1b1b1b1b1b1b1b1b1b1b
        69  ................  babababababababababababababababa
# epoch 500  H=7.9628 C=7.8287 HO=0.0810  A(t)=0
       362  [[[[[[[[[[[[[[[[  5b5b5b5b5b5b5b5b5b5b5b5b5b5b5b5b
       316  ]]]]]]]]]]]]]]]]  5d5d5d5d5d5d5d5d5d5d5d5d5d5d5d5d
       239  ,,,,,,,,,,,,,,,,  2c2c2c2c2c2c2c2c2c2c2c2c2c2c2c2c
       193  ................  2e2e2e2e2e2e2e2e2e2e2e2e2e2e2e2e
       110  ................  1c1c1c1c1c1c1c1c1c1c1c1c1c1c1c1c
        89  ................  08080808080808080808080808080808
        84  ................  f8f8f8f8f8f8f8f8f8f8f8f8f8f8f8f8
        76  ................  dededededededededededededededede
        71  hhhhhhhhhhhhhhhh  68686868686868686868686868686868
        67  ................  e9e9e9e9e9e9e9e9e9e9e9e9e9e9e9e9
# epoch 750  H=7.9347 C=7.7824 HO=0.0936  A(t)=0
       548  ,,,,,,,,,,,,,,,,  2c2c2c2c2c2c2c2c2c2c2c2c2c2c2c2c
       424  ]]]]]]]]]]]]]]]]  5d5d5d5d5d5d5d5d5d5d5d5d5d5d5d5d
       217  [[[[[[[[[[[[[[[[  5b5b5b5b5b5b5b5b5b5b5b5b5b5b5b5b
       184  ................  2e2e2e2e2e2e2e2e2e2e2e2e2e2e2e2e
       145  ................  06060606060606060606060606060606
       143  ................  90909090909090909090909090909090
        87  ................  ffffffffffffffffffffffffffffffff
        87  KKKKKKKKKKKKKKKK  4b4b4b4b4b4b4b4b4b4b4b4b4b4b4b4b
        82  ................  04040404040404040404040404040404
        81  YYYYYYYYYYYYYYYY  59595959595959595959595959595959
# epoch 1000  H=7.9072 C=7.7212 HO=0.1197  A(t)=0
       481  [[[[[[[[[[[[[[[[  5b5b5b5b5b5b5b5b5b5b5b5b5b5b5b5b
       436  ,,,,,,,,,,,,,,,,  2c2c2c2c2c2c2c2c2c2c2c2c2c2c2c2c
       338  ]]]]]]]]]]]]]]]]  5d5d5d5d5d5d5d5d5d5d5d5d5d5d5d5d
       169  ................  2e2e2e2e2e2e2e2e2e2e2e2e2e2e2e2e
       118  ................  fdfdfdfdfdfdfdfdfdfdfdfdfdfdfdfd
       109  PPPPPPPPPPPPPPPP  50505050505050505050505050505050
        98  ................  8f8f8f8f8f8f8f8f8f8f8f8f8f8f8f8f
        98  CCCCCCCCCCCCCCCC  43434343434343434343434343434343
        97  ................  e6e6e6e6e6e6e6e6e6e6e6e6e6e6e6e6
        91  ................  c3c3c3c3c3c3c3c3c3c3c3c3c3c3c3c3
# epoch 1250  H=7.8816 C=7.6780 HO=0.1345  A(t)=201
       459  ,,,,,,,,,,,,,,,,  2c2c2c2c2c2c2c2c2c2c2c2c2c2c2c2c
       452  [[[[[[[[[[[[[[[[  5b5b5b5b5b5b5b5b5b5b5b5b5b5b5b5b
       393  ]]]]]]]]]]]]]]]]  5d5d5d5d5d5d5d5d5d5d5d5d5d5d5d5d
       349  ................  2e2e2e2e2e2e2e2e2e2e2e2e2e2e2e2e
       110  ................  e4e4e4e4e4e4e4e4e4e4e4e4e4e4e4e4
       107  ................  12121212121212121212121212121212
       106  SSSSSSSSSSSSSSSS  53535353535353535353535353535353
        94  JJJJJJJJJJJJJJJJ  4a4a4a4a4a4a4a4a4a4a4a4a4a4a4a4a
        93  ||||||||||||||||  7c7c7c7c7c7c7c7c7c7c7c7c7c7c7c7c
        86  0000000000000000  30303030303030303030303030303030
# epoch 1500  H=7.8666 C=7.6629 HO=0.1351  A(t)=219
       776  ,,,,,,,,,,,,,,,,  2c2c2c2c2c2c2c2c2c2c2c2c2c2c2c2c
       547  [[[[[[[[[[[[[[[[  5b5b5b5b5b5b5b5b5b5b5b5b5b5b5b5b
       404  ]]]]]]]]]]]]]]]]  5d5d5d5d5d5d5d5d5d5d5d5d5d5d5d5d
       198  ................  2e2e2e2e2e2e2e2e2e2e2e2e2e2e2e2e
       126  \\\\\\\\\\\\\\\\  5c5c5c5c5c5c5c5c5c5c5c5c5c5c5c5c
       100  ////////////////  2f2f2f2f2f2f2f2f2f2f2f2f2f2f2f2f
        85  ................  0d0d0d0d0d0d0d0d0d0d0d0d0d0d0d0d
        84  zzzzzzzzzzzzzzzz  7a7a7a7a7a7a7a7a7a7a7a7a7a7a7a7a
        83  ________________  5f5f5f5f5f5f5f5f5f5f5f5f5f5f5f5f
        80  ****************  2a2a2a2a2a2a2a2a2a2a2a2a2a2a2a2a
# epoch 1750  H=7.8551 C=7.6546 HO=0.1360  A(t)=236
       541  ,,,,,,,,,,,,,,,,  2c2c2c2c2c2c2c2c2c2c2c2c2c2c2c2c
       508  ]]]]]]]]]]]]]]]]  5d5d5d5d5d5d5d5d5d5d5d5d5d5d5d5d
       382  [[[[[[[[[[[[[[[[  5b5b5b5b5b5b5b5b5b5b5b5b5b5b5b5b
       168  ZZZZZZZZZZZZZZZZ  5a5a5a5a5a5a5a5a5a5a5a5a5a5a5a5a
       144  ................  01010101010101010101010101010101
       143  ................  2e2e2e2e2e2e2e2e2e2e2e2e2e2e2e2e
       124  ................  03030303030303030303030303030303
       123  ;;;;;;;;;;;;;;;;  3b3b3b3b3b3b3b3b3b3b3b3b3b3b3b3b
       114  qqqqqqqqqqqqqqqq  71717171717171717171717171717171
       113  ................  fefefefefefefefefefefefefefefefe
# epoch 2000  H=7.8471 C=7.6355 HO=0.1394  A(t)=259
       444  [[[[[[[[[[[[[[[[  5b5b5b5b5b5b5b5b5b5b5b5b5b5b5b5b
       418  ,,,,,,,,,,,,,,,,  2c2c2c2c2c2c2c2c2c2c2c2c2c2c2c2c
       296  ]]]]]]]]]]]]]]]]  5d5d5d5d5d5d5d5d5d5d5d5d5d5d5d5d
       170  ................  2e2e2e2e2e2e2e2e2e2e2e2e2e2e2e2e
       149  <<<<<<<<<<<<<<<<  3c3c3c3c3c3c3c3c3c3c3c3c3c3c3c3c
       143  ^^^^^^^^^^^^^^^^  5e5e5e5e5e5e5e5e5e5e5e5e5e5e5e5e
       128  ................  02020202020202020202020202020202
       116  ////////////////  2f2f2f2f2f2f2f2f2f2f2f2f2f2f2f2f
       111  3333333333333333  33333333333333333333333333333333
       109  YYYYYYYYYYYYYYYY  59595959595959595959595959595959
# epoch 2250  H=7.8379 C=7.6438 HO=0.1246  A(t)=276
       580  ,,,,,,,,,,,,,,,,  2c2c2c2c2c2c2c2c2c2c2c2c2c2c2c2c
       575  ]]]]]]]]]]]]]]]]  5d5d5d5d5d5d5d5d5d5d5d5d5d5d5d5d
       496  [[[[[[[[[[[[[[[[  5b5b5b5b5b5b5b5b5b5b5b5b5b5b5b5b
       276  ................  2e2e2e2e2e2e2e2e2e2e2e2e2e2e2e2e
       239  \\\\\\\\\\\\\\\\  5c5c5c5c5c5c5c5c5c5c5c5c5c5c5c5c
       132  ................  01010101010101010101010101010101
        90  ________________  5f5f5f5f5f5f5f5f5f5f5f5f5f5f5f5f
        88  ................  fdfdfdfdfdfdfdfdfdfdfdfdfdfdfdfd
        81  ................  80808080808080808080808080808080
        79  YYYYYYYYYYYYYYYY  59595959595959595959595959595959
# epoch 2500  H=7.8232 C=7.6271 HO=0.1275  A(t)=287
       612  ,,,,,,,,,,,,,,,,  2c2c2c2c2c2c2c2c2c2c2c2c2c2c2c2c
       569  ]]]]]]]]]]]]]]]]  5d5d5d5d5d5d5d5d5d5d5d5d5d5d5d5d
       358  [[[[[[[[[[[[[[[[  5b5b5b5b5b5b5b5b5b5b5b5b5b5b5b5b
       175  ................  ffffffffffffffffffffffffffffffff
       163  \\\\\\\\\\\\\\\\  5c5c5c5c5c5c5c5c5c5c5c5c5c5c5c5c
       145  ................  02020202020202020202020202020202
       127  ................  89898989898989898989898989898989
       121  ................  05050505050505050505050505050505
       119  ................  2e2e2e2e2e2e2e2e2e2e2e2e2e2e2e2e
       102  }}}}}}}}}}}}}}}}  7d7d7d7d7d7d7d7d7d7d7d7d7d7d7d7d
# epoch 2750  H=7.8186 C=7.6231 HO=0.1287  A(t)=293
       521  [[[[[[[[[[[[[[[[  5b5b5b5b5b5b5b5b5b5b5b5b5b5b5b5b
       460  ,,,,,,,,,,,,,,,,  2c2c2c2c2c2c2c2c2c2c2c2c2c2c2c2c
       350  ]]]]]]]]]]]]]]]]  5d5d5d5d5d5d5d5d5d5d5d5d5d5d5d5d
       247  ................  01010101010101010101010101010101
       229  ................  2e2e2e2e2e2e2e2e2e2e2e2e2e2e2e2e
       108  <<<<<<<<<<<<<<<<  3c3c3c3c3c3c3c3c3c3c3c3c3c3c3c3c
       105  ................  c9c9c9c9c9c9c9c9c9c9c9c9c9c9c9c9
       101  oooooooooooooooo  6f6f6f6f6f6f6f6f6f6f6f6f6f6f6f6f
        97  ................  08080808080808080808080808080808
        96  ;;;;;;;;;;;;;;;;  3b3b3b3b3b3b3b3b3b3b3b3b3b3b3b3b
# epoch 3000  H=7.8113 C=7.6030 HO=0.1406  A(t)=299
       517  [[[[[[[[[[[[[[[[  5b5b5b5b5b5b5b5b5b5b5b5b5b5b5b5b
       433  ,,,,,,,,,,,,,,,,  2c2c2c2c2c2c2c2c2c2c2c2c2c2c2c2c
       352  ]]]]]]]]]]]]]]]]  5d5d5d5d5d5d5d5d5d5d5d5d5d5d5d5d
       241  ^^^^^^^^^^^^^^^^  5e5e5e5e5e5e5e5e5e5e5e5e5e5e5e5e
       162  ................  fdfdfdfdfdfdfdfdfdfdfdfdfdfdfdfd
       158  ................  2e2e2e2e2e2e2e2e2e2e2e2e2e2e2e2e
       156  ................  01010101010101010101010101010101
       139  9999999999999999  39393939393939393939393939393939
       114  \\\\\\\\\\\\\\\\  5c5c5c5c5c5c5c5c5c5c5c5c5c5c5c5c
       112  ................  e3e3e3e3e3e3e3e3e3e3e3e3e3e3e3e3
# epoch 3250  H=7.8064 C=7.5842 HO=0.1526  A(t)=301
       535  [[[[[[[[[[[[[[[[  5b5b5b5b5b5b5b5b5b5b5b5b5b5b5b5b
       420  ]]]]]]]]]]]]]]]]  5d5d5d5d5d5d5d5d5d5d5d5d5d5d5d5d
       399  ,,,,,,,,,,,,,,,,  2c2c2c2c2c2c2c2c2c2c2c2c2c2c2c2c
       208  ................  2e2e2e2e2e2e2e2e2e2e2e2e2e2e2e2e
       132  <<<<<<<<<<<<<<<<  3c3c3c3c3c3c3c3c3c3c3c3c3c3c3c3c
       115  >>>>>>>>>>>>>>>>  3e3e3e3e3e3e3e3e3e3e3e3e3e3e3e3e
       110  ================  3d3d3d3d3d3d3d3d3d3d3d3d3d3d3d3d
       106  ................  fefefefefefefefefefefefefefefefe
       105  ^^^^^^^^^^^^^^^^  5e5e5e5e5e5e5e5e5e5e5e5e5e5e5e5e
       100  WWWWWWWWWWWWWWWW  57575757575757575757575757575757
# epoch 3500  H=7.8004 C=7.5849 HO=0.1502  A(t)=303
       595  ,,,,,,,,,,,,,,,,  2c2c2c2c2c2c2c2c2c2c2c2c2c2c2c2c
       589  [[[[[[[[[[[[[[[[  5b5b5b5b5b5b5b5b5b5b5b5b5b5b5b5b
       505  ]]]]]]]]]]]]]]]]  5d5d5d5d5d5d5d5d5d5d5d5d5d5d5d5d
       211  \\\\\\\\\\\\\\\\  5c5c5c5c5c5c5c5c5c5c5c5c5c5c5c5c
       177  ................  ffffffffffffffffffffffffffffffff
       145  WWWWWWWWWWWWWWWW  57575757575757575757575757575757
       132  ................  7f7f7f7f7f7f7f7f7f7f7f7f7f7f7f7f
       122  oooooooooooooooo  6f6f6f6f6f6f6f6f6f6f6f6f6f6f6f6f
       112  ................  2e2e2e2e2e2e2e2e2e2e2e2e2e2e2e2e
       109  ZZZZZZZZZZZZZZZZ  5a5a5a5a5a5a5a5a5a5a5a5a5a5a5a5a
# epoch 3750  H=7.7924 C=7.5697 HO=0.1539  A(t)=304
       611  [[[[[[[[[[[[[[[[  5b5b5b5b5b5b5b5b5b5b5b5b5b5b5b5b
       502  ,,,,,,,,,,,,,,,,  2c2c2c2c2c2c2c2c2c2c2c2c2c2c2c2c
       452  ]]]]]]]]]]]]]]]]  5d5d5d5d5d5d5d5d5d5d5d5d5d5d5d5d
       188  6666666666666666  36363636363636363636363636363636
       172  ................  2e2e2e2e2e2e2e2e2e2e2e2e2e2e2e2e
       159  3333333333333333  33333333333333333333333333333333
       156  ****************  2a2a2a2a2a2a2a2a2a2a2a2a2a2a2a2a
       132  \\\\\\\\\\\\\\\\  5c5c5c5c5c5c5c5c5c5c5c5c5c5c5c5c
       117  ................  fcfcfcfcfcfcfcfcfcfcfcfcfcfcfcfc
       102  ^^^^^^^^^^^^^^^^  5e5e5e5e5e5e5e5e5e5e5e5e5e5e5e5e
# epoch 4000  H=7.7878 C=7.5520 HO=0.1676  A(t)=305
       682  ,,,,,,,,,,,,,,,,  2c2c2c2c2c2c2c2c2c2c2c2c2c2c2c2c
       527  [[[[[[[[[[[[[[[[  5b5b5b5b5b5b5b5b5b5b5b5b5b5b5b5b
       299  ]]]]]]]]]]]]]]]]  5d5d5d5d5d5d5d5d5d5d5d5d5d5d5d5d
       241  ................  2e2e2e2e2e2e2e2e2e2e2e2e2e2e2e2e
       173  \\\\\\\\\\\\\\\\  5c5c5c5c5c5c5c5c5c5c5c5c5c5c5c5c
       137  ................  01010101010101010101010101010101
       125  ////////////////  2f2f2f2f2f2f2f2f2f2f2f2f2f2f2f2f
       116  <<<<<<<<<<<<<<<<  3c3c3c3c3c3c3c3c3c3c3c3c3c3c3c3c
       114  ++++++++++++++++  2b2b2b2b2b2b2b2b2b2b2b2b2b2b2b2b
       111  1111111111111111  31313131313131313131313131313131
# epoch 4250  H=7.7794 C=7.5532 HO=0.1566  A(t)=307
       655  ,,,,,,,,,,,,,,,,  2c2c2c2c2c2c2c2c2c2c2c2c2c2c2c2c
       626  [[[[[[[[[[[[[[[[  5b5b5b5b5b5b5b5b5b5b5b5b5b5b5b5b
       276  ................  2e2e2e2e2e2e2e2e2e2e2e2e2e2e2e2e
       234  ]]]]]]]]]]]]]]]]  5d5d5d5d5d5d5d5d5d5d5d5d5d5d5d5d
       211  \\\\\\\\\\\\\\\\  5c5c5c5c5c5c5c5c5c5c5c5c5c5c5c5c
       191  ................  fdfdfdfdfdfdfdfdfdfdfdfdfdfdfdfd
       147  >>>>>>>>>>>>>>>>  3e3e3e3e3e3e3e3e3e3e3e3e3e3e3e3e
       139  tttttttttttttttt  74747474747474747474747474747474
       126  ................  fefefefefefefefefefefefefefefefe
       122  ;;;;;;;;;;;;;;;;  3b3b3b3b3b3b3b3b3b3b3b3b3b3b3b3b
# epoch 4500  H=7.7701 C=7.5482 HO=0.1553  A(t)=307
       748  ,,,,,,,,,,,,,,,,  2c2c2c2c2c2c2c2c2c2c2c2c2c2c2c2c
       683  [[[[[[[[[[[[[[[[  5b5b5b5b5b5b5b5b5b5b5b5b5b5b5b5b
       363  ]]]]]]]]]]]]]]]]  5d5d5d5d5d5d5d5d5d5d5d5d5d5d5d5d
       230  ................  2e2e2e2e2e2e2e2e2e2e2e2e2e2e2e2e
       138  ................  01010101010101010101010101010101
       113  ZZZZZZZZZZZZZZZZ  5a5a5a5a5a5a5a5a5a5a5a5a5a5a5a5a
        99  ~~~~~~~~~~~~~~~~  7e7e7e7e7e7e7e7e7e7e7e7e7e7e7e7e
        99  \\\\\\\\\\\\\\\\  5c5c5c5c5c5c5c5c5c5c5c5c5c5c5c5c
        93  ----------------  2d2d2d2d2d2d2d2d2d2d2d2d2d2d2d2d
        89  >>>>>>>>>>>>>>>>  3e3e3e3e3e3e3e3e3e3e3e3e3e3e3e3e
# epoch 4750  H=7.7711 C=7.5392 HO=0.1641  A(t)=307
       711  ]]]]]]]]]]]]]]]]  5d5d5d5d5d5d5d5d5d5d5d5d5d5d5d5d
       671  ,,,,,,,,,,,,,,,,  2c2c2c2c2c2c2c2c2c2c2c2c2c2c2c2c
       411  [[[[[[[[[[[[[[[[  5b5b5b5b5b5b5b5b5b5b5b5b5b5b5b5b
       212  \\\\\\\\\\\\\\\\  5c5c5c5c5c5c5c5c5c5c5c5c5c5c5c5c
       127  ////////////////  2f2f2f2f2f2f2f2f2f2f2f2f2f2f2f2f
       121  }}}}}}}}}}}}}}}}  7d7d7d7d7d7d7d7d7d7d7d7d7d7d7d7d
       109  ................  2e2e2e2e2e2e2e2e2e2e2e2e2e2e2e2e
       105  ================  3d3d3d3d3d3d3d3d3d3d3d3d3d3d3d3d
       105  ++++++++++++++++  2b2b2b2b2b2b2b2b2b2b2b2b2b2b2b2b
       100  BBBBBBBBBBBBBBBB  42424242424242424242424242424242
# epoch 5000  H=7.7701 C=7.5536 HO=0.1501  A(t)=308
       589  ,,,,,,,,,,,,,,,,  2c2c2c2c2c2c2c2c2c2c2c2c2c2c2c2c
       562  [[[[[[[[[[[[[[[[  5b5b5b5b5b5b5b5b5b5b5b5b5b5b5b5b
       353  ................  2e2e2e2e2e2e2e2e2e2e2e2e2e2e2e2e
       227  ]]]]]]]]]]]]]]]]  5d5d5d5d5d5d5d5d5d5d5d5d5d5d5d5d
       180  ................  01010101010101010101010101010101
       162  \\\\\\\\\\\\\\\\  5c5c5c5c5c5c5c5c5c5c5c5c5c5c5c5c
       127  >>>>>>>>>>>>>>>>  3e3e3e3e3e3e3e3e3e3e3e3e3e3e3e3e
       105  ////////////////  2f2f2f2f2f2f2f2f2f2f2f2f2f2f2f2f
        94  SSSSSSSSSSSSSSSS  53535353535353535353535353535353
        91  4444444444444444  34343434343434343434343434343434
# epoch 5250  H=7.7674 C=7.5264 HO=0.1726  A(t)=309
       541  [[[[[[[[[[[[[[[[  5b5b5b5b5b5b5b5b5b5b5b5b5b5b5b5b
       528  ,,,,,,,,,,,,,,,,  2c2c2c2c2c2c2c2c2c2c2c2c2c2c2c2c
       428  ]]]]]]]]]]]]]]]]  5d5d5d5d5d5d5d5d5d5d5d5d5d5d5d5d
       294  ................  2e2e2e2e2e2e2e2e2e2e2e2e2e2e2e2e
       220  ================  3d3d3d3d3d3d3d3d3d3d3d3d3d3d3d3d
       183  \\\\\\\\\\\\\\\\  5c5c5c5c5c5c5c5c5c5c5c5c5c5c5c5c
       177  ////////////////  2f2f2f2f2f2f2f2f2f2f2f2f2f2f2f2f
       150  ````````````````  60606060606060606060606060606060
       149  ................  fefefefefefefefefefefefefefefefe
       144  ................  0d0d0d0d0d0d0d0d0d0d0d0d0d0d0d0d
# epoch 5500  H=7.7633 C=7.5394 HO=0.1547  A(t)=310
       703  ,,,,,,,,,,,,,,,,  2c2c2c2c2c2c2c2c2c2c2c2c2c2c2c2c
       681  [[[[[[[[[[[[[[[[  5b5b5b5b5b5b5b5b5b5b5b5b5b5b5b5b
       430  ]]]]]]]]]]]]]]]]  5d5d5d5d5d5d5d5d5d5d5d5d5d5d5d5d
       196  ................  03030303030303030303030303030303
       154  ................  2e2e2e2e2e2e2e2e2e2e2e2e2e2e2e2e
       131  ================  3d3d3d3d3d3d3d3d3d3d3d3d3d3d3d3d
       124  wwwwwwwwwwwwwwww  77777777777777777777777777777777
       117  \\\\\\\\\\\\\\\\  5c5c5c5c5c5c5c5c5c5c5c5c5c5c5c5c
       113  ::::::::::::::::  3a3a3a3a3a3a3a3a3a3a3a3a3a3a3a3a
       109  @@@@@@@@@@@@@@@@  40404040404040404040404040404040
# epoch 5750  H=7.7631 C=7.5440 HO=0.1532  A(t)=310
       616  ,,,,,,,,,,,,,,,,  2c2c2c2c2c2c2c2c2c2c2c2c2c2c2c2c
       413  [[[[[[[[[[[[[[[[  5b5b5b5b5b5b5b5b5b5b5b5b5b5b5b5b
       348  ]]]]]]]]]]]]]]]]  5d5d5d5d5d5d5d5d5d5d5d5d5d5d5d5d
       235  ((((((((((((((((  28282828282828282828282828282828
       169  ................  2e2e2e2e2e2e2e2e2e2e2e2e2e2e2e2e
       148  ................  07070707070707070707070707070707
       133  ................  ffffffffffffffffffffffffffffffff
       133  ................  fbfbfbfbfbfbfbfbfbfbfbfbfbfbfbfb
       127  ................  fefefefefefefefefefefefefefefefe
       127  ................  01010101010101010101010101010101
# epoch 6000  H=7.7623 C=7.5395 HO=0.1554  A(t)=310
       637  ]]]]]]]]]]]]]]]]  5d5d5d5d5d5d5d5d5d5d5d5d5d5d5d5d
       635  [[[[[[[[[[[[[[[[  5b5b5b5b5b5b5b5b5b5b5b5b5b5b5b5b
       428  ,,,,,,,,,,,,,,,,  2c2c2c2c2c2c2c2c2c2c2c2c2c2c2c2c
       248  ................  2e2e2e2e2e2e2e2e2e2e2e2e2e2e2e2e
       196  ................  00000000000000000000000000000000
       159  ''''''''''''''''  27272727272727272727272727272727
       158  ................  02020202020202020202020202020202
       154  \\\\\\\\\\\\\\\\  5c5c5c5c5c5c5c5c5c5c5c5c5c5c5c5c
       148  ................  01010101010101010101010101010101
       129  ................  ffffffffffffffffffffffffffffffff
# epoch 6250  H=7.7648 C=7.5484 HO=0.1551  A(t)=312
       683  ,,,,,,,,,,,,,,,,  2c2c2c2c2c2c2c2c2c2c2c2c2c2c2c2c
       482  [[[[[[[[[[[[[[[[  5b5b5b5b5b5b5b5b5b5b5b5b5b5b5b5b
       426  ]]]]]]]]]]]]]]]]  5d5d5d5d5d5d5d5d5d5d5d5d5d5d5d5d
       224  ................  01010101010101010101010101010101
       191  ................  ffffffffffffffffffffffffffffffff
       168  \\\\\\\\\\\\\\\\  5c5c5c5c5c5c5c5c5c5c5c5c5c5c5c5c
       153  ................  2e2e2e2e2e2e2e2e2e2e2e2e2e2e2e2e
       152  ''''''''''''''''  27272727272727272727272727272727
       151  XXXXXXXXXXXXXXXX  58585858585858585858585858585858
       137  ^^^^^^^^^^^^^^^^  5e5e5e5e5e5e5e5e5e5e5e5e5e5e5e5e
# epoch 6500  H=7.7627 C=7.5397 HO=0.1612  A(t)=313
      1057  ,,,,,,,,,,,,,,,,  2c2c2c2c2c2c2c2c2c2c2c2c2c2c2c2c
       605  [[[[[[[[[[[[[[[[  5b5b5b5b5b5b5b5b5b5b5b5b5b5b5b5b
       593  ]]]]]]]]]]]]]]]]  5d5d5d5d5d5d5d5d5d5d5d5d5d5d5d5d
       164  ................  07070707070707070707070707070707
       155  \\\\\\\\\\\\\\\\  5c5c5c5c5c5c5c5c5c5c5c5c5c5c5c5c
       148  ////////////////  2f2f2f2f2f2f2f2f2f2f2f2f2f2f2f2f
       133  ................  f9f9f9f9f9f9f9f9f9f9f9f9f9f9f9f9
       132  ................  01010101010101010101010101010101
       119  YYYYYYYYYYYYYYYY  59595959595959595959595959595959
       118  >>>>>>>>>>>>>>>>  3e3e3e3e3e3e3e3e3e3e3e3e3e3e3e3e
# epoch 6750  H=7.7676 C=7.5587 HO=0.1430  A(t)=313
       728  [[[[[[[[[[[[[[[[  5b5b5b5b5b5b5b5b5b5b5b5b5b5b5b5b
       607  ,,,,,,,,,,,,,,,,  2c2c2c2c2c2c2c2c2c2c2c2c2c2c2c2c
       391  ]]]]]]]]]]]]]]]]  5d5d5d5d5d5d5d5d5d5d5d5d5d5d5d5d
       144  ................  2e2e2e2e2e2e2e2e2e2e2e2e2e2e2e2e
       126  ++++++++++++++++  2b2b2b2b2b2b2b2b2b2b2b2b2b2b2b2b
       119  ................  fdfdfdfdfdfdfdfdfdfdfdfdfdfdfdfd
       109  ................  02020202020202020202020202020202
       105  ^^^^^^^^^^^^^^^^  5e5e5e5e5e5e5e5e5e5e5e5e5e5e5e5e
       100  nnnnnnnnnnnnnnnn  6e6e6e6e6e6e6e6e6e6e6e6e6e6e6e6e
        99  ;;;;;;;;;;;;;;;;  3b3b3b3b3b3b3b3b3b3b3b3b3b3b3b3b
# epoch 7000  H=7.7727 C=7.5506 HO=0.1566  A(t)=313
       577  [[[[[[[[[[[[[[[[  5b5b5b5b5b5b5b5b5b5b5b5b5b5b5b5b
       577  ,,,,,,,,,,,,,,,,  2c2c2c2c2c2c2c2c2c2c2c2c2c2c2c2c
       305  ]]]]]]]]]]]]]]]]  5d5d5d5d5d5d5d5d5d5d5d5d5d5d5d5d
       228  ................  01010101010101010101010101010101
       177  \\\\\\\\\\\\\\\\  5c5c5c5c5c5c5c5c5c5c5c5c5c5c5c5c
       143  ................  2e2e2e2e2e2e2e2e2e2e2e2e2e2e2e2e
       135  ................  04040404040404040404040404040404
       134  ;;;;;;;;;;;;;;;;  3b3b3b3b3b3b3b3b3b3b3b3b3b3b3b3b
       125  ................  fefefefefefefefefefefefefefefefe
       112  YYYYYYYYYYYYYYYY  59595959595959595959595959595959
# epoch 7250  H=7.7727 C=7.5534 HO=0.1555  A(t)=314
       565  [[[[[[[[[[[[[[[[  5b5b5b5b5b5b5b5b5b5b5b5b5b5b5b5b
       524  ]]]]]]]]]]]]]]]]  5d5d5d5d5d5d5d5d5d5d5d5d5d5d5d5d
       490  ,,,,,,,,,,,,,,,,  2c2c2c2c2c2c2c2c2c2c2c2c2c2c2c2c
       160  \\\\\\\\\\\\\\\\  5c5c5c5c5c5c5c5c5c5c5c5c5c5c5c5c
       160  ................  01010101010101010101010101010101
       124  ^^^^^^^^^^^^^^^^  5e5e5e5e5e5e5e5e5e5e5e5e5e5e5e5e
       117  ZZZZZZZZZZZZZZZZ  5a5a5a5a5a5a5a5a5a5a5a5a5a5a5a5a
       114  ................  02020202020202020202020202020202
       110  ................  2e2e2e2e2e2e2e2e2e2e2e2e2e2e2e2e
        98  ////////////////  2f2f2f2f2f2f2f2f2f2f2f2f2f2f2f2f
# epoch 7500  H=7.7720 C=7.5535 HO=0.1529  A(t)=314
       655  ,,,,,,,,,,,,,,,,  2c2c2c2c2c2c2c2c2c2c2c2c2c2c2c2c
       453  ]]]]]]]]]]]]]]]]  5d5d5d5d5d5d5d5d5d5d5d5d5d5d5d5d
       453  [[[[[[[[[[[[[[[[  5b5b5b5b5b5b5b5b5b5b5b5b5b5b5b5b
       187  ZZZZZZZZZZZZZZZZ  5a5a5a5a5a5a5a5a5a5a5a5a5a5a5a5a
       156  ................  01010101010101010101010101010101
       133  ................  2e2e2e2e2e2e2e2e2e2e2e2e2e2e2e2e
       132  ================  3d3d3d3d3d3d3d3d3d3d3d3d3d3d3d3d
       113  ________________  5f5f5f5f5f5f5f5f5f5f5f5f5f5f5f5f
       102  ////////////////  2f2f2f2f2f2f2f2f2f2f2f2f2f2f2f2f
        99  \\\\\\\\\\\\\\\\  5c5c5c5c5c5c5c5c5c5c5c5c5c5c5c5c
# epoch 7750  H=7.7753 C=7.5578 HO=0.1514  A(t)=314
       695  ]]]]]]]]]]]]]]]]  5d5d5d5d5d5d5d5d5d5d5d5d5d5d5d5d
       493  ,,,,,,,,,,,,,,,,  2c2c2c2c2c2c2c2c2c2c2c2c2c2c2c2c
       395  [[[[[[[[[[[[[[[[  5b5b5b5b5b5b5b5b5b5b5b5b5b5b5b5b
       178  ................  2e2e2e2e2e2e2e2e2e2e2e2e2e2e2e2e
       138  ................  83838383838383838383838383838383
       113  0000000000000000  30303030303030303030303030303030
       107  >>>>>>>>>>>>>>>>  3e3e3e3e3e3e3e3e3e3e3e3e3e3e3e3e
       107  ;;;;;;;;;;;;;;;;  3b3b3b3b3b3b3b3b3b3b3b3b3b3b3b3b
       107  ................  01010101010101010101010101010101
       102  ................  ffffffffffffffffffffffffffffffff
# epoch 8000  H=7.7715 C=7.5488 HO=0.1548  A(t)=314
       625  [[[[[[[[[[[[[[[[  5b5b5b5b5b5b5b5b5b5b5b5b5b5b5b5b
       545  ,,,,,,,,,,,,,,,,  2c2c2c2c2c2c2c2c2c2c2c2c2c2c2c2c
       406  ]]]]]]]]]]]]]]]]  5d5d5d5d5d5d5d5d5d5d5d5d5d5d5d5d
       269  ................  2e2e2e2e2e2e2e2e2e2e2e2e2e2e2e2e
       217  ................  fefefefefefefefefefefefefefefefe
       198  \\\\\\\\\\\\\\\\  5c5c5c5c5c5c5c5c5c5c5c5c5c5c5c5c
       167  ****************  2a2a2a2a2a2a2a2a2a2a2a2a2a2a2a2a
       133  ................  ffffffffffffffffffffffffffffffff
       120  ================  3d3d3d3d3d3d3d3d3d3d3d3d3d3d3d3d
       110  %%%%%%%%%%%%%%%%  25252525252525252525252525252525
# epoch 8250  H=7.7698 C=7.5495 HO=0.1495  A(t)=314
       532  ]]]]]]]]]]]]]]]]  5d5d5d5d5d5d5d5d5d5d5d5d5d5d5d5d
       496  ,,,,,,,,,,,,,,,,  2c2c2c2c2c2c2c2c2c2c2c2c2c2c2c2c
       495  [[[[[[[[[[[[[[[[  5b5b5b5b5b5b5b5b5b5b5b5b5b5b5b5b
       165  ................  01010101010101010101010101010101
       123  ................  2e2e2e2e2e2e2e2e2e2e2e2e2e2e2e2e
       103  ::::::::::::::::  3a3a3a3a3a3a3a3a3a3a3a3a3a3a3a3a
        99  \\\\\\\\\\\\\\\\  5c5c5c5c5c5c5c5c5c5c5c5c5c5c5c5c
        98  ________________  5f5f5f5f5f5f5f5f5f5f5f5f5f5f5f5f
        97  ))))))))))))))))  29292929292929292929292929292929
        94  ................  fcfcfcfcfcfcfcfcfcfcfcfcfcfcfcfc
# epoch 8500  H=7.7689 C=7.5532 HO=0.1533  A(t)=314
       952  [[[[[[[[[[[[[[[[  5b5b5b5b5b5b5b5b5b5b5b5b5b5b5b5b
       408  ,,,,,,,,,,,,,,,,  2c2c2c2c2c2c2c2c2c2c2c2c2c2c2c2c
       258  ]]]]]]]]]]]]]]]]  5d5d5d5d5d5d5d5d5d5d5d5d5d5d5d5d
       180  ................  01010101010101010101010101010101
       166  ////////////////  2f2f2f2f2f2f2f2f2f2f2f2f2f2f2f2f
       164  8888888888888888  38383838383838383838383838383838
       146  ................  ffffffffffffffffffffffffffffffff
       143  ................  2e2e2e2e2e2e2e2e2e2e2e2e2e2e2e2e
       131  ................  02020202020202020202020202020202
       122  \\\\\\\\\\\\\\\\  5c5c5c5c5c5c5c5c5c5c5c5c5c5c5c5c
# epoch 8750  H=7.7685 C=7.5369 HO=0.1648  A(t)=314
       794  ,,,,,,,,,,,,,,,,  2c2c2c2c2c2c2c2c2c2c2c2c2c2c2c2c
       459  [[[[[[[[[[[[[[[[  5b5b5b5b5b5b5b5b5b5b5b5b5b5b5b5b
       428  ]]]]]]]]]]]]]]]]  5d5d5d5d5d5d5d5d5d5d5d5d5d5d5d5d
       256  ................  2e2e2e2e2e2e2e2e2e2e2e2e2e2e2e2e
       152  \\\\\\\\\\\\\\\\  5c5c5c5c5c5c5c5c5c5c5c5c5c5c5c5c
       147  ................  02020202020202020202020202020202
       142  ZZZZZZZZZZZZZZZZ  5a5a5a5a5a5a5a5a5a5a5a5a5a5a5a5a
       142  ................  01010101010101010101010101010101
       119  ****************  2a2a2a2a2a2a2a2a2a2a2a2a2a2a2a2a
       112  ~~~~~~~~~~~~~~~~  7e7e7e7e7e7e7e7e7e7e7e7e7e7e7e7e
# epoch 9000  H=7.7744 C=7.5640 HO=0.1470  A(t)=314
       535  ,,,,,,,,,,,,,,,,  2c2c2c2c2c2c2c2c2c2c2c2c2c2c2c2c
       414  ]]]]]]]]]]]]]]]]  5d5d5d5d5d5d5d5d5d5d5d5d5d5d5d5d
       258  ................  2e2e2e2e2e2e2e2e2e2e2e2e2e2e2e2e
       190  \\\\\\\\\\\\\\\\  5c5c5c5c5c5c5c5c5c5c5c5c5c5c5c5c
       179  ................  01010101010101010101010101010101
       173  [[[[[[[[[[[[[[[[  5b5b5b5b5b5b5b5b5b5b5b5b5b5b5b5b
       145  ================  3d3d3d3d3d3d3d3d3d3d3d3d3d3d3d3d
       124  ~~~~~~~~~~~~~~~~  7e7e7e7e7e7e7e7e7e7e7e7e7e7e7e7e
       108  ________________  5f5f5f5f5f5f5f5f5f5f5f5f5f5f5f5f
       107  ................  fdfdfdfdfdfdfdfdfdfdfdfdfdfdfdfd
# epoch 9250  H=7.7680 C=7.5583 HO=0.1479  A(t)=314
       685  ,,,,,,,,,,,,,,,,  2c2c2c2c2c2c2c2c2c2c2c2c2c2c2c2c
       480  [[[[[[[[[[[[[[[[  5b5b5b5b5b5b5b5b5b5b5b5b5b5b5b5b
       421  ]]]]]]]]]]]]]]]]  5d5d5d5d5d5d5d5d5d5d5d5d5d5d5d5d
       214  \\\\\\\\\\\\\\\\  5c5c5c5c5c5c5c5c5c5c5c5c5c5c5c5c
       211  ................  2e2e2e2e2e2e2e2e2e2e2e2e2e2e2e2e
       146  <<<<<<<<<<<<<<<<  3c3c3c3c3c3c3c3c3c3c3c3c3c3c3c3c
       130  >>>>>>>>>>>>>>>>  3e3e3e3e3e3e3e3e3e3e3e3e3e3e3e3e
       128  ................  02020202020202020202020202020202
       121  ::::::::::::::::  3a3a3a3a3a3a3a3a3a3a3a3a3a3a3a3a
       111  ^^^^^^^^^^^^^^^^  5e5e5e5e5e5e5e5e5e5e5e5e5e5e5e5e
# epoch 9500  H=7.7666 C=7.5517 HO=0.1520  A(t)=314
       704  [[[[[[[[[[[[[[[[  5b5b5b5b5b5b5b5b5b5b5b5b5b5b5b5b
       631  ,,,,,,,,,,,,,,,,  2c2c2c2c2c2c2c2c2c2c2c2c2c2c2c2c
       316  ................  2e2e2e2e2e2e2e2e2e2e2e2e2e2e2e2e
       268  ]]]]]]]]]]]]]]]]  5d5d5d5d5d5d5d5d5d5d5d5d5d5d5d5d
       202  \\\\\\\\\\\\\\\\  5c5c5c5c5c5c5c5c5c5c5c5c5c5c5c5c
       174  ................  01010101010101010101010101010101
       128  ZZZZZZZZZZZZZZZZ  5a5a5a5a5a5a5a5a5a5a5a5a5a5a5a5a
       127  ................  ffffffffffffffffffffffffffffffff
       124  ................  e0e0e0e0e0e0e0e0e0e0e0e0e0e0e0e0
       114  ~~~~~~~~~~~~~~~~  7e7e7e7e7e7e7e7e7e7e7e7e7e7e7e7e
# epoch 9750  H=7.7621 C=7.5478 HO=0.1455  A(t)=314
       610  ,,,,,,,,,,,,,,,,  2c2c2c2c2c2c2c2c2c2c2c2c2c2c2c2c
       496  [[[[[[[[[[[[[[[[  5b5b5b5b5b5b5b5b5b5b5b5b5b5b5b5b
       434  ]]]]]]]]]]]]]]]]  5d5d5d5d5d5d5d5d5d5d5d5d5d5d5d5d
       223  0000000000000000  30303030303030303030303030303030
       172  >>>>>>>>>>>>>>>>  3e3e3e3e3e3e3e3e3e3e3e3e3e3e3e3e
       151  ................  01010101010101010101010101010101
       137  \\\\\\\\\\\\\\\\  5c5c5c5c5c5c5c5c5c5c5c5c5c5c5c5c
       133  ::::::::::::::::  3a3a3a3a3a3a3a3a3a3a3a3a3a3a3a3a
       128  ................  2e2e2e2e2e2e2e2e2e2e2e2e2e2e2e2e
        91  @@@@@@@@@@@@@@@@  40404040404040404040404040404040
# epoch 10000  H=7.7632 C=7.5327 HO=0.1637  A(t)=314
       741  ]]]]]]]]]]]]]]]]  5d5d5d5d5d5d5d5d5d5d5d5d5d5d5d5d
       598  [[[[[[[[[[[[[[[[  5b5b5b5b5b5b5b5b5b5b5b5b5b5b5b5b
       525  ,,,,,,,,,,,,,,,,  2c2c2c2c2c2c2c2c2c2c2c2c2c2c2c2c
       213  \\\\\\\\\\\\\\\\  5c5c5c5c5c5c5c5c5c5c5c5c5c5c5c5c
       207  ................  ffffffffffffffffffffffffffffffff
       169  ????????????????  3f3f3f3f3f3f3f3f3f3f3f3f3f3f3f3f
       165  ................  81818181818181818181818181818181
       153  ................  2e2e2e2e2e2e2e2e2e2e2e2e2e2e2e2e
       141  ^^^^^^^^^^^^^^^^  5e5e5e5e5e5e5e5e5e5e5e5e5e5e5e5e
       133  ................  02020202020202020202020202020202
# epoch 10250  H=7.7639 C=7.5181 HO=0.1763  A(t)=314
       969  ,,,,,,,,,,,,,,,,  2c2c2c2c2c2c2c2c2c2c2c2c2c2c2c2c
       601  [[[[[[[[[[[[[[[[  5b5b5b5b5b5b5b5b5b5b5b5b5b5b5b5b
       563  ]]]]]]]]]]]]]]]]  5d5d5d5d5d5d5d5d5d5d5d5d5d5d5d5d
       178  ;;;;;;;;;;;;;;;;  3b3b3b3b3b3b3b3b3b3b3b3b3b3b3b3b
       172  2222222222222222  32323232323232323232323232323232
       154  ................  05050505050505050505050505050505
       145  ................  2e2e2e2e2e2e2e2e2e2e2e2e2e2e2e2e
       127  1111111111111111  31313131313131313131313131313131
       120  \\\\\\\\\\\\\\\\  5c5c5c5c5c5c5c5c5c5c5c5c5c5c5c5c
       119  ................  01010101010101010101010101010101
# epoch 10500  H=7.7642 C=7.5436 HO=0.1571  A(t)=314
       538  ,,,,,,,,,,,,,,,,  2c2c2c2c2c2c2c2c2c2c2c2c2c2c2c2c
       394  [[[[[[[[[[[[[[[[  5b5b5b5b5b5b5b5b5b5b5b5b5b5b5b5b
       368  ]]]]]]]]]]]]]]]]  5d5d5d5d5d5d5d5d5d5d5d5d5d5d5d5d
       244  ................  2e2e2e2e2e2e2e2e2e2e2e2e2e2e2e2e
       186  \\\\\\\\\\\\\\\\  5c5c5c5c5c5c5c5c5c5c5c5c5c5c5c5c
       116  ((((((((((((((((  28282828282828282828282828282828
       105  ................  01010101010101010101010101010101
       104  AAAAAAAAAAAAAAAA  41414141414141414141414141414141
       102  ;;;;;;;;;;;;;;;;  3b3b3b3b3b3b3b3b3b3b3b3b3b3b3b3b
        97  <<<<<<<<<<<<<<<<  3c3c3c3c3c3c3c3c3c3c3c3c3c3c3c3c
# epoch 10750  H=7.7647 C=7.5394 HO=0.1589  A(t)=315
       668  ,,,,,,,,,,,,,,,,  2c2c2c2c2c2c2c2c2c2c2c2c2c2c2c2c
       603  [[[[[[[[[[[[[[[[  5b5b5b5b5b5b5b5b5b5b5b5b5b5b5b5b
       487  ]]]]]]]]]]]]]]]]  5d5d5d5d5d5d5d5d5d5d5d5d5d5d5d5d
       122  DDDDDDDDDDDDDDDD  44444444444444444444444444444444
       120  ................  2e2e2e2e2e2e2e2e2e2e2e2e2e2e2e2e
       116  ________________  5f5f5f5f5f5f5f5f5f5f5f5f5f5f5f5f
       111  ................  01010101010101010101010101010101
       107  <<<<<<<<<<<<<<<<  3c3c3c3c3c3c3c3c3c3c3c3c3c3c3c3c
       107  ................  05050505050505050505050505050505
       105  ////////////////  2f2f2f2f2f2f2f2f2f2f2f2f2f2f2f2f
# epoch 11000  H=7.7605 C=7.5438 HO=0.1515  A(t)=315
       731  ,,,,,,,,,,,,,,,,  2c2c2c2c2c2c2c2c2c2c2c2c2c2c2c2c
       602  ]]]]]]]]]]]]]]]]  5d5d5d5d5d5d5d5d5d5d5d5d5d5d5d5d
       571  [[[[[[[[[[[[[[[[  5b5b5b5b5b5b5b5b5b5b5b5b5b5b5b5b
       190  ................  01010101010101010101010101010101
       151  3333333333333333  33333333333333333333333333333333
       147  \\\\\\\\\\\\\\\\  5c5c5c5c5c5c5c5c5c5c5c5c5c5c5c5c
       141  ................  0b0b0b0b0b0b0b0b0b0b0b0b0b0b0b0b
       136  ================  3d3d3d3d3d3d3d3d3d3d3d3d3d3d3d3d
       124  ................  2e2e2e2e2e2e2e2e2e2e2e2e2e2e2e2e
       120  ////////////////  2f2f2f2f2f2f2f2f2f2f2f2f2f2f2f2f
# epoch 11250  H=7.7604 C=7.5542 HO=0.1419  A(t)=317
       540  ,,,,,,,,,,,,,,,,  2c2c2c2c2c2c2c2c2c2c2c2c2c2c2c2c
       390  [[[[[[[[[[[[[[[[  5b5b5b5b5b5b5b5b5b5b5b5b5b5b5b5b
       252  >>>>>>>>>>>>>>>>  3e3e3e3e3e3e3e3e3e3e3e3e3e3e3e3e
       242  ................  2e2e2e2e2e2e2e2e2e2e2e2e2e2e2e2e
       238  ]]]]]]]]]]]]]]]]  5d5d5d5d5d5d5d5d5d5d5d5d5d5d5d5d
       229  ................  ffffffffffffffffffffffffffffffff
       192  \\\\\\\\\\\\\\\\  5c5c5c5c5c5c5c5c5c5c5c5c5c5c5c5c
       189  ****************  2a2a2a2a2a2a2a2a2a2a2a2a2a2a2a2a
       140  ................  fcfcfcfcfcfcfcfcfcfcfcfcfcfcfcfc
       120  ................  01010101010101010101010101010101
# epoch 11500  H=7.7604 C=7.5426 HO=0.1521  A(t)=317
       541  [[[[[[[[[[[[[[[[  5b5b5b5b5b5b5b5b5b5b5b5b5b5b5b5b
       398  ]]]]]]]]]]]]]]]]  5d5d5d5d5d5d5d5d5d5d5d5d5d5d5d5d
       362  ,,,,,,,,,,,,,,,,  2c2c2c2c2c2c2c2c2c2c2c2c2c2c2c2c
       259  ................  01010101010101010101010101010101
       177  \\\\\\\\\\\\\\\\  5c5c5c5c5c5c5c5c5c5c5c5c5c5c5c5c
       147  ................  ffffffffffffffffffffffffffffffff
       141  ................  05050505050505050505050505050505
       135  ................  2e2e2e2e2e2e2e2e2e2e2e2e2e2e2e2e
       128  ////////////////  2f2f2f2f2f2f2f2f2f2f2f2f2f2f2f2f
       116  ;;;;;;;;;;;;;;;;  3b3b3b3b3b3b3b3b3b3b3b3b3b3b3b3b
# epoch 11750  H=7.7614 C=7.5506 HO=0.1497  A(t)=318
       613  [[[[[[[[[[[[[[[[  5b5b5b5b5b5b5b5b5b5b5b5b5b5b5b5b
       528  ,,,,,,,,,,,,,,,,  2c2c2c2c2c2c2c2c2c2c2c2c2c2c2c2c
       515  ]]]]]]]]]]]]]]]]  5d5d5d5d5d5d5d5d5d5d5d5d5d5d5d5d
       214  ................  2e2e2e2e2e2e2e2e2e2e2e2e2e2e2e2e
       140  \\\\\\\\\\\\\\\\  5c5c5c5c5c5c5c5c5c5c5c5c5c5c5c5c
       118  ................  02020202020202020202020202020202
       107  ^^^^^^^^^^^^^^^^  5e5e5e5e5e5e5e5e5e5e5e5e5e5e5e5e
       104  ................  81818181818181818181818181818181
       100  ;;;;;;;;;;;;;;;;  3b3b3b3b3b3b3b3b3b3b3b3b3b3b3b3b
        99  ................  fbfbfbfbfbfbfbfbfbfbfbfbfbfbfbfb
# epoch 12000  H=7.7583 C=7.5398 HO=0.1550  A(t)=318
       880  ,,,,,,,,,,,,,,,,  2c2c2c2c2c2c2c2c2c2c2c2c2c2c2c2c
       758  [[[[[[[[[[[[[[[[  5b5b5b5b5b5b5b5b5b5b5b5b5b5b5b5b
       644  ]]]]]]]]]]]]]]]]  5d5d5d5d5d5d5d5d5d5d5d5d5d5d5d5d
       239  ................  2e2e2e2e2e2e2e2e2e2e2e2e2e2e2e2e
       177  ................  01010101010101010101010101010101
       171  \\\\\\\\\\\\\\\\  5c5c5c5c5c5c5c5c5c5c5c5c5c5c5c5c
       142  ))))))))))))))))  29292929292929292929292929292929
       134  CCCCCCCCCCCCCCCC  43434343434343434343434343434343
       119  ZZZZZZZZZZZZZZZZ  5a5a5a5a5a5a5a5a5a5a5a5a5a5a5a5a
       113  ................  c4c4c4c4c4c4c4c4c4c4c4c4c4c4c4c4
# epoch 12250  H=7.7583 C=7.5459 HO=0.1499  A(t)=318
       934  ,,,,,,,,,,,,,,,,  2c2c2c2c2c2c2c2c2c2c2c2c2c2c2c2c
       515  ]]]]]]]]]]]]]]]]  5d5d5d5d5d5d5d5d5d5d5d5d5d5d5d5d
       496  [[[[[[[[[[[[[[[[  5b5b5b5b5b5b5b5b5b5b5b5b5b5b5b5b
       205  ................  2e2e2e2e2e2e2e2e2e2e2e2e2e2e2e2e
       191  ................  ffffffffffffffffffffffffffffffff
       161  ................  f7f7f7f7f7f7f7f7f7f7f7f7f7f7f7f7
       125  ----------------  2d2d2d2d2d2d2d2d2d2d2d2d2d2d2d2d
        98  ////////////////  2f2f2f2f2f2f2f2f2f2f2f2f2f2f2f2f
        96  ................  15151515151515151515151515151515
        85  ................  b8b8b8b8b8b8b8b8b8b8b8b8b8b8b8b8
# epoch 12500  H=7.7612 C=7.5361 HO=0.1598  A(t)=318
       546  ,,,,,,,,,,,,,,,,  2c2c2c2c2c2c2c2c2c2c2c2c2c2c2c2c
       499  [[[[[[[[[[[[[[[[  5b5b5b5b5b5b5b5b5b5b5b5b5b5b5b5b
       333  ]]]]]]]]]]]]]]]]  5d5d5d5d5d5d5d5d5d5d5d5d5d5d5d5d
       178  \\\\\\\\\\\\\\\\  5c5c5c5c5c5c5c5c5c5c5c5c5c5c5c5c
       154  ................  2e2e2e2e2e2e2e2e2e2e2e2e2e2e2e2e
       133  0000000000000000  30303030303030303030303030303030
       116  ================  3d3d3d3d3d3d3d3d3d3d3d3d3d3d3d3d
       115  ................  01010101010101010101010101010101
       104  ................  00000000000000000000000000000000
       100  ++++++++++++++++  2b2b2b2b2b2b2b2b2b2b2b2b2b2b2b2b
# epoch 12750  H=7.7568 C=7.5449 HO=0.1474  A(t)=318
       571  ,,,,,,,,,,,,,,,,  2c2c2c2c2c2c2c2c2c2c2c2c2c2c2c2c
       500  [[[[[[[[[[[[[[[[  5b5b5b5b5b5b5b5b5b5b5b5b5b5b5b5b
       490  ]]]]]]]]]]]]]]]]  5d5d5d5d5d5d5d5d5d5d5d5d5d5d5d5d
       228  \\\\\\\\\\\\\\\\  5c5c5c5c5c5c5c5c5c5c5c5c5c5c5c5c
       185  ................  2e2e2e2e2e2e2e2e2e2e2e2e2e2e2e2e
       151  ................  81818181818181818181818181818181
       110  ................  fefefefefefefefefefefefefefefefe
       110  &&&&&&&&&&&&&&&&  26262626262626262626262626262626
       108  ^^^^^^^^^^^^^^^^  5e5e5e5e5e5e5e5e5e5e5e5e5e5e5e5e
        98  ZZZZZZZZZZZZZZZZ  5a5a5a5a5a5a5a5a5a5a5a5a5a5a5a5a
# epoch 13000  H=7.7612 C=7.5474 HO=0.1494  A(t)=318
       636  ,,,,,,,,,,,,,,,,  2c2c2c2c2c2c2c2c2c2c2c2c2c2c2c2c
       613  [[[[[[[[[[[[[[[[  5b5b5b5b5b5b5b5b5b5b5b5b5b5b5b5b
       529  ]]]]]]]]]]]]]]]]  5d5d5d5d5d5d5d5d5d5d5d5d5d5d5d5d
       206  \\\\\\\\\\\\\\\\  5c5c5c5c5c5c5c5c5c5c5c5c5c5c5c5c
       182  ................  2e2e2e2e2e2e2e2e2e2e2e2e2e2e2e2e
       156  ................  01010101010101010101010101010101
       138  7777777777777777  37373737373737373737373737373737
       136  ////////////////  2f2f2f2f2f2f2f2f2f2f2f2f2f2f2f2f
       119  ................  fefefefefefefefefefefefefefefefe
       108  ................  02020202020202020202020202020202
# epoch 13250  H=7.7655 C=7.5562 HO=0.1458  A(t)=318
       706  [[[[[[[[[[[[[[[[  5b5b5b5b5b5b5b5b5b5b5b5b5b5b5b5b
       634  ,,,,,,,,,,,,,,,,  2c2c2c2c2c2c2c2c2c2c2c2c2c2c2c2c
       335  ]]]]]]]]]]]]]]]]  5d5d5d5d5d5d5d5d5d5d5d5d5d5d5d5d
       187  ................  2e2e2e2e2e2e2e2e2e2e2e2e2e2e2e2e
       171  \\\\\\\\\\\\\\\\  5c5c5c5c5c5c5c5c5c5c5c5c5c5c5c5c
       134  ;;;;;;;;;;;;;;;;  3b3b3b3b3b3b3b3b3b3b3b3b3b3b3b3b
       130  ................  ffffffffffffffffffffffffffffffff
       112  ................  02020202020202020202020202020202
       110  ................  a4a4a4a4a4a4a4a4a4a4a4a4a4a4a4a4
       101  ................  01010101010101010101010101010101
# epoch 13500  H=7.7647 C=7.5366 HO=0.1605  A(t)=318
       431  ]]]]]]]]]]]]]]]]  5d5d5d5d5d5d5d5d5d5d5d5d5d5d5d5d
       427  ,,,,,,,,,,,,,,,,  2c2c2c2c2c2c2c2c2c2c2c2c2c2c2c2c
       355  [[[[[[[[[[[[[[[[  5b5b5b5b5b5b5b5b5b5b5b5b5b5b5b5b
       304  ................  2e2e2e2e2e2e2e2e2e2e2e2e2e2e2e2e
       183  ;;;;;;;;;;;;;;;;  3b3b3b3b3b3b3b3b3b3b3b3b3b3b3b3b
       175  ????????????????  3f3f3f3f3f3f3f3f3f3f3f3f3f3f3f3f
       148  7777777777777777  37373737373737373737373737373737
       140  ~~~~~~~~~~~~~~~~  7e7e7e7e7e7e7e7e7e7e7e7e7e7e7e7e
       136  XXXXXXXXXXXXXXXX  58585858585858585858585858585858
       130  \\\\\\\\\\\\\\\\  5c5c5c5c5c5c5c5c5c5c5c5c5c5c5c5c
# epoch 13750  H=7.7629 C=7.5394 HO=0.1579  A(t)=318
       727  ,,,,,,,,,,,,,,,,  2c2c2c2c2c2c2c2c2c2c2c2c2c2c2c2c
       554  [[[[[[[[[[[[[[[[  5b5b5b5b5b5b5b5b5b5b5b5b5b5b5b5b
       455  ]]]]]]]]]]]]]]]]  5d5d5d5d5d5d5d5d5d5d5d5d5d5d5d5d
       205  ................  2e2e2e2e2e2e2e2e2e2e2e2e2e2e2e2e
       152  ----------------  2d2d2d2d2d2d2d2d2d2d2d2d2d2d2d2d
       128  \\\\\\\\\\\\\\\\  5c5c5c5c5c5c5c5c5c5c5c5c5c5c5c5c
       128  ''''''''''''''''  27272727272727272727272727272727
       124  ................  fefefefefefefefefefefefefefefefe
       113  ;;;;;;;;;;;;;;;;  3b3b3b3b3b3b3b3b3b3b3b3b3b3b3b3b
       109  ................  01010101010101010101010101010101
# epoch 14000  H=7.7622 C=7.5295 HO=0.1666  A(t)=318
       878  ,,,,,,,,,,,,,,,,  2c2c2c2c2c2c2c2c2c2c2c2c2c2c2c2c
       547  [[[[[[[[[[[[[[[[  5b5b5b5b5b5b5b5b5b5b5b5b5b5b5b5b
       346  ]]]]]]]]]]]]]]]]  5d5d5d5d5d5d5d5d5d5d5d5d5d5d5d5d
       157  ................  fefefefefefefefefefefefefefefefe
       150  ................  ffffffffffffffffffffffffffffffff
       147  ................  2e2e2e2e2e2e2e2e2e2e2e2e2e2e2e2e
       143  ^^^^^^^^^^^^^^^^  5e5e5e5e5e5e5e5e5e5e5e5e5e5e5e5e
       140  >>>>>>>>>>>>>>>>  3e3e3e3e3e3e3e3e3e3e3e3e3e3e3e3e
       124  ................  fdfdfdfdfdfdfdfdfdfdfdfdfdfdfdfd
       124  ................  cccccccccccccccccccccccccccccccc
# epoch 14250  H=7.7638 C=7.5379 HO=0.1607  A(t)=319
       604  ,,,,,,,,,,,,,,,,  2c2c2c2c2c2c2c2c2c2c2c2c2c2c2c2c
       548  ]]]]]]]]]]]]]]]]  5d5d5d5d5d5d5d5d5d5d5d5d5d5d5d5d
       412  [[[[[[[[[[[[[[[[  5b5b5b5b5b5b5b5b5b5b5b5b5b5b5b5b
       234  ................  01010101010101010101010101010101
       133  ................  2e2e2e2e2e2e2e2e2e2e2e2e2e2e2e2e
       127  ................  ffffffffffffffffffffffffffffffff
       118  \\\\\\\\\\\\\\\\  5c5c5c5c5c5c5c5c5c5c5c5c5c5c5c5c
       114  rrrrrrrrrrrrrrrr  72727272727272727272727272727272
       104  ................  acacacacacacacacacacacacacacacac
        93  ................  f4f4f4f4f4f4f4f4f4f4f4f4f4f4f4f4
# epoch 14500  H=7.7630 C=7.5449 HO=0.1510  A(t)=319
       638  ,,,,,,,,,,,,,,,,  2c2c2c2c2c2c2c2c2c2c2c2c2c2c2c2c
       557  [[[[[[[[[[[[[[[[  5b5b5b5b5b5b5b5b5b5b5b5b5b5b5b5b
       527  ]]]]]]]]]]]]]]]]  5d5d5d5d5d5d5d5d5d5d5d5d5d5d5d5d
       239  ................  2e2e2e2e2e2e2e2e2e2e2e2e2e2e2e2e
       186  \\\\\\\\\\\\\\\\  5c5c5c5c5c5c5c5c5c5c5c5c5c5c5c5c
       156  ................  01010101010101010101010101010101
       150  2222222222222222  32323232323232323232323232323232
       114  ................  17171717171717171717171717171717
        91  ;;;;;;;;;;;;;;;;  3b3b3b3b3b3b3b3b3b3b3b3b3b3b3b3b
        86  ................  02020202020202020202020202020202
# epoch 14750  H=7.7614 C=7.5631 HO=0.1349  A(t)=320
       656  [[[[[[[[[[[[[[[[  5b5b5b5b5b5b5b5b5b5b5b5b5b5b5b5b
       644  ,,,,,,,,,,,,,,,,  2c2c2c2c2c2c2c2c2c2c2c2c2c2c2c2c
       393  ]]]]]]]]]]]]]]]]  5d5d5d5d5d5d5d5d5d5d5d5d5d5d5d5d
       283  ................  2e2e2e2e2e2e2e2e2e2e2e2e2e2e2e2e
       178  ZZZZZZZZZZZZZZZZ  5a5a5a5a5a5a5a5a5a5a5a5a5a5a5a5a
       160  ................  fefefefefefefefefefefefefefefefe
       108  ;;;;;;;;;;;;;;;;  3b3b3b3b3b3b3b3b3b3b3b3b3b3b3b3b
       104  0000000000000000  30303030303030303030303030303030
       101  ................  ffffffffffffffffffffffffffffffff
       100  ................  06060606060606060606060606060606
# epoch 15000  H=7.7647 C=7.5474 HO=0.1532  A(t)=320
       792  [[[[[[[[[[[[[[[[  5b5b5b5b5b5b5b5b5b5b5b5b5b5b5b5b
       594  ,,,,,,,,,,,,,,,,  2c2c2c2c2c2c2c2c2c2c2c2c2c2c2c2c
       513  ]]]]]]]]]]]]]]]]  5d5d5d5d5d5d5d5d5d5d5d5d5d5d5d5d
       202  \\\\\\\\\\\\\\\\  5c5c5c5c5c5c5c5c5c5c5c5c5c5c5c5c
       175  ................  ffffffffffffffffffffffffffffffff
       163  ................  fefefefefefefefefefefefefefefefe
       153  ................  d9d9d9d9d9d9d9d9d9d9d9d9d9d9d9d9
       144  ................  2e2e2e2e2e2e2e2e2e2e2e2e2e2e2e2e
       143  ZZZZZZZZZZZZZZZZ  5a5a5a5a5a5a5a5a5a5a5a5a5a5a5a5a
       143  ................  02020202020202020202020202020202
# epoch 15250  H=7.7660 C=7.5507 HO=0.1524  A(t)=321
       880  ,,,,,,,,,,,,,,,,  2c2c2c2c2c2c2c2c2c2c2c2c2c2c2c2c
       614  [[[[[[[[[[[[[[[[  5b5b5b5b5b5b5b5b5b5b5b5b5b5b5b5b
       439  ]]]]]]]]]]]]]]]]  5d5d5d5d5d5d5d5d5d5d5d5d5d5d5d5d
       185  ................  2e2e2e2e2e2e2e2e2e2e2e2e2e2e2e2e
       142  ................  ffffffffffffffffffffffffffffffff
       135  0000000000000000  30303030303030303030303030303030
       125  &&&&&&&&&&&&&&&&  26262626262626262626262626262626
       123  7777777777777777  37373737373737373737373737373737
       117  ................  01010101010101010101010101010101
       110  <<<<<<<<<<<<<<<<  3c3c3c3c3c3c3c3c3c3c3c3c3c3c3c3c
# epoch 15500  H=7.7643 C=7.5637 HO=0.1393  A(t)=321
       709  [[[[[[[[[[[[[[[[  5b5b5b5b5b5b5b5b5b5b5b5b5b5b5b5b
       571  ,,,,,,,,,,,,,,,,  2c2c2c2c2c2c2c2c2c2c2c2c2c2c2c2c
       184  ]]]]]]]]]]]]]]]]  5d5d5d5d5d5d5d5d5d5d5d5d5d5d5d5d
       162  ................  01010101010101010101010101010101
       133  \\\\\\\\\\\\\\\\  5c5c5c5c5c5c5c5c5c5c5c5c5c5c5c5c
       126  ^^^^^^^^^^^^^^^^  5e5e5e5e5e5e5e5e5e5e5e5e5e5e5e5e
       123  ................  ffffffffffffffffffffffffffffffff
       122  6666666666666666  36363636363636363636363636363636
       114  ################  23232323232323232323232323232323
       103  ................  fbfbfbfbfbfbfbfbfbfbfbfbfbfbfbfb
# epoch 15750  H=7.7712 C=7.5648 HO=0.1440  A(t)=321
       598  [[[[[[[[[[[[[[[[  5b5b5b5b5b5b5b5b5b5b5b5b5b5b5b5b
       574  ]]]]]]]]]]]]]]]]  5d5d5d5d5d5d5d5d5d5d5d5d5d5d5d5d
       529  ,,,,,,,,,,,,,,,,  2c2c2c2c2c2c2c2c2c2c2c2c2c2c2c2c
       179  ................  fefefefefefefefefefefefefefefefe
       166  \\\\\\\\\\\\\\\\  5c5c5c5c5c5c5c5c5c5c5c5c5c5c5c5c
       158  ................  2e2e2e2e2e2e2e2e2e2e2e2e2e2e2e2e
       139  ................  03030303030303030303030303030303
       117  uuuuuuuuuuuuuuuu  75757575757575757575757575757575
       112  ((((((((((((((((  28282828282828282828282828282828
       108  7777777777777777  37373737373737373737373737373737
# epoch 16000  H=7.7727 C=7.5564 HO=0.1498  A(t)=321
       588  [[[[[[[[[[[[[[[[  5b5b5b5b5b5b5b5b5b5b5b5b5b5b5b5b
       538  ,,,,,,,,,,,,,,,,  2c2c2c2c2c2c2c2c2c2c2c2c2c2c2c2c
       426  ]]]]]]]]]]]]]]]]  5d5d5d5d5d5d5d5d5d5d5d5d5d5d5d5d
       289  ................  01010101010101010101010101010101
       143  9999999999999999  39393939393939393939393939393939
       139  <<<<<<<<<<<<<<<<  3c3c3c3c3c3c3c3c3c3c3c3c3c3c3c3c
       108  ................  02020202020202020202020202020202
       105  EEEEEEEEEEEEEEEE  45454545454545454545454545454545
        98  ****************  2a2a2a2a2a2a2a2a2a2a2a2a2a2a2a2a
        97  JJJJJJJJJJJJJJJJ  4a4a4a4a4a4a4a4a4a4a4a4a4a4a4a4a
# epoch 16250  H=7.7672 C=7.5469 HO=0.1537  A(t)=321
       688  ,,,,,,,,,,,,,,,,  2c2c2c2c2c2c2c2c2c2c2c2c2c2c2c2c
       565  ]]]]]]]]]]]]]]]]  5d5d5d5d5d5d5d5d5d5d5d5d5d5d5d5d
       537  [[[[[[[[[[[[[[[[  5b5b5b5b5b5b5b5b5b5b5b5b5b5b5b5b
       176  9999999999999999  39393939393939393939393939393939
       161  ................  2e2e2e2e2e2e2e2e2e2e2e2e2e2e2e2e
       146  BBBBBBBBBBBBBBBB  42424242424242424242424242424242
       131  ................  01010101010101010101010101010101
       129  ................  ffffffffffffffffffffffffffffffff
       112  ................  a4a4a4a4a4a4a4a4a4a4a4a4a4a4a4a4
       109  ................  f6f6f6f6f6f6f6f6f6f6f6f6f6f6f6f6
