# epoch 0  H=7.9999 C=8.0025 HO=-0.0001  A(t)=0
         1  ....e........>@.  ffffecf665ab0df9c7a8d000be3e4018
         1  .....Zu-3.c...~.  ffffd4039e5a752d338063c206ca7e9d
         1  ...H.E...h]R...K  ffffd248df45a3f488685d52b293fa4b
         1  .....H......1e.U  ffffc18db248059c14a6cfa631659255
         1  .......So.i...03  ffffb918c4b78f536fba698f99b03033
         1  .............V.S  ffffb913a6871a7f05a000988d56c253
         1  ...:........_...  ffffb73ad01a02cd0efd151f200ff29a
         1  .......>2.Uqz1..  ffffa8d8900ee13e32a055717a3107ff
         1  ...C3...aA..."Tg  ffffa04333eadbcd61418b8402225467
         1  ...t.`..B].=..8.  ffff9d74aa609a88425df13dfe8a38d2
# epoch 250  H=7.9950 C=7.6727 HO=0.3105  A(t)=0
      1410  [[[[[[[[[[[[[[[[  5b5b5b5b5b5b5b5b5b5b5b5b5b5b5b5b
       861  ................  ffffffffffffffffffffffffffffffff
       815  <<<<<<<<<<<<<<<<  3c3c3c3c3c3c3c3c3c3c3c3c3c3c3c3c
       796  ................  d8d8d8d8d8d8d8d8d8d8d8d8d8d8d8d8
       746  ,,,,,,,,,,,,,,,,  2c2c2c2c2c2c2c2c2c2c2c2c2c2c2c2c
       611  ................  01010101010101010101010101010101
       502  ................  02020202020202020202020202020202
       487  ................  babababababababababababababababa
       407  ................  a5a5a5a5a5a5a5a5a5a5a5a5a5a5a5a5
       393  mmmmmmmmmmmmmmmm  6d6d6d6d6d6d6d6d6d6d6d6d6d6d6d6d
# epoch 500  H=7.9821 C=7.5294 HO=0.4452  A(t)=0
      1911  <<<<<<<<<<<<<<<<  3c3c3c3c3c3c3c3c3c3c3c3c3c3c3c3c
      1467  [[[[[[[[[[[[[[[[  5b5b5b5b5b5b5b5b5b5b5b5b5b5b5b5b
      1172  ,,,,,,,,,,,,,,,,  2c2c2c2c2c2c2c2c2c2c2c2c2c2c2c2c
       737  ................  ffffffffffffffffffffffffffffffff
       724  >>>>>>>>>>>>>>>>  3e3e3e3e3e3e3e3e3e3e3e3e3e3e3e3e
       642  ................  01010101010101010101010101010101
       618  ================  3d3d3d3d3d3d3d3d3d3d3d3d3d3d3d3d
       562  ................  fefefefefefefefefefefefefefefefe
       555  ................  c5c5c5c5c5c5c5c5c5c5c5c5c5c5c5c5
       502  ................  03030303030303030303030303030303
# epoch 750  H=7.9641 C=7.4183 HO=0.5277  A(t)=0
      1567  [[[[[[[[[[[[[[[[  5b5b5b5b5b5b5b5b5b5b5b5b5b5b5b5b
      1546  <<<<<<<<<<<<<<<<  3c3c3c3c3c3c3c3c3c3c3c3c3c3c3c3c
      1128  ================  3d3d3d3d3d3d3d3d3d3d3d3d3d3d3d3d
       878  ,,,,,,,,,,,,,,,,  2c2c2c2c2c2c2c2c2c2c2c2c2c2c2c2c
       834  ................  01010101010101010101010101010101
       592  >>>>>>>>>>>>>>>>  3e3e3e3e3e3e3e3e3e3e3e3e3e3e3e3e
       568  ................  ffffffffffffffffffffffffffffffff
       536  ;;;;;;;;;;;;;;;;  3b3b3b3b3b3b3b3b3b3b3b3b3b3b3b3b
       479  @@@@@@@@@@@@@@@@  40404040404040404040404040404040
       415  ::::::::::::::::  3a3a3a3a3a3a3a3a3a3a3a3a3a3a3a3a
# epoch 1000  H=7.9412 C=7.3657 HO=0.5463  A(t)=0
      2012  <<<<<<<<<<<<<<<<  3c3c3c3c3c3c3c3c3c3c3c3c3c3c3c3c
      1660  [[[[[[[[[[[[[[[[  5b5b5b5b5b5b5b5b5b5b5b5b5b5b5b5b
      1158  ................  01010101010101010101010101010101
       940  ================  3d3d3d3d3d3d3d3d3d3d3d3d3d3d3d3d
       913  >>>>>>>>>>>>>>>>  3e3e3e3e3e3e3e3e3e3e3e3e3e3e3e3e
       865  ,,,,,,,,,,,,,,,,  2c2c2c2c2c2c2c2c2c2c2c2c2c2c2c2c
       572  ................  02020202020202020202020202020202
       451  ................  cececececececececececececececece
       441  RRRRRRRRRRRRRRRR  52525252525252525252525252525252
       430  ;;;;;;;;;;;;;;;;  3b3b3b3b3b3b3b3b3b3b3b3b3b3b3b3b
# epoch 1250  H=7.9105 C=7.3239 HO=0.5459  A(t)=263
      2463  <<<<<<<<<<<<<<<<  3c3c3c3c3c3c3c3c3c3c3c3c3c3c3c3c
      1854  [[[[[[[[[[[[[[[[  5b5b5b5b5b5b5b5b5b5b5b5b5b5b5b5b
      1158  ================  3d3d3d3d3d3d3d3d3d3d3d3d3d3d3d3d
       828  >>>>>>>>>>>>>>>>  3e3e3e3e3e3e3e3e3e3e3e3e3e3e3e3e
       798  ,,,,,,,,,,,,,,,,  2c2c2c2c2c2c2c2c2c2c2c2c2c2c2c2c
       649  ................  ffffffffffffffffffffffffffffffff
       584  ................  01010101010101010101010101010101
       558  }}}}}}}}}}}}}}}}  7d7d7d7d7d7d7d7d7d7d7d7d7d7d7d7d
       509  ;;;;;;;;;;;;;;;;  3b3b3b3b3b3b3b3b3b3b3b3b3b3b3b3b
       429  ................  02020202020202020202020202020202
# epoch 1500  H=7.8775 C=7.3266 HO=0.5007  A(t)=276
      2438  <<<<<<<<<<<<<<<<  3c3c3c3c3c3c3c3c3c3c3c3c3c3c3c3c
      2376  [[[[[[[[[[[[[[[[  5b5b5b5b5b5b5b5b5b5b5b5b5b5b5b5b
      1037  ,,,,,,,,,,,,,,,,  2c2c2c2c2c2c2c2c2c2c2c2c2c2c2c2c
      1018  ================  3d3d3d3d3d3d3d3d3d3d3d3d3d3d3d3d
       638  >>>>>>>>>>>>>>>>  3e3e3e3e3e3e3e3e3e3e3e3e3e3e3e3e
       605  ................  01010101010101010101010101010101
       594  ;;;;;;;;;;;;;;;;  3b3b3b3b3b3b3b3b3b3b3b3b3b3b3b3b
       481  ................  ffffffffffffffffffffffffffffffff
       343  ::::::::::::::::  3a3a3a3a3a3a3a3a3a3a3a3a3a3a3a3a
       321  ................  fefefefefefefefefefefefefefefefe
# epoch 1750  H=7.8427 C=7.2907 HO=0.4918  A(t)=287
      3005  [[[[[[[[[[[[[[[[  5b5b5b5b5b5b5b5b5b5b5b5b5b5b5b5b
      2298  <<<<<<<<<<<<<<<<  3c3c3c3c3c3c3c3c3c3c3c3c3c3c3c3c
      2016  ================  3d3d3d3d3d3d3d3d3d3d3d3d3d3d3d3d
       890  ;;;;;;;;;;;;;;;;  3b3b3b3b3b3b3b3b3b3b3b3b3b3b3b3b
       838  >>>>>>>>>>>>>>>>  3e3e3e3e3e3e3e3e3e3e3e3e3e3e3e3e
       762  ,,,,,,,,,,,,,,,,  2c2c2c2c2c2c2c2c2c2c2c2c2c2c2c2c
       455  ||||||||||||||||  7c7c7c7c7c7c7c7c7c7c7c7c7c7c7c7c
       452  ::::::::::::::::  3a3a3a3a3a3a3a3a3a3a3a3a3a3a3a3a
       371  ????????????????  3f3f3f3f3f3f3f3f3f3f3f3f3f3f3f3f
       352  ................  01010101010101010101010101010101
# epoch 2000  H=7.8071 C=7.2550 HO=0.4888  A(t)=296
      3073  [[[[[[[[[[[[[[[[  5b5b5b5b5b5b5b5b5b5b5b5b5b5b5b5b
      2689  <<<<<<<<<<<<<<<<  3c3c3c3c3c3c3c3c3c3c3c3c3c3c3c3c
      1481  ================  3d3d3d3d3d3d3d3d3d3d3d3d3d3d3d3d
       966  ;;;;;;;;;;;;;;;;  3b3b3b3b3b3b3b3b3b3b3b3b3b3b3b3b
       847  >>>>>>>>>>>>>>>>  3e3e3e3e3e3e3e3e3e3e3e3e3e3e3e3e
       759  ,,,,,,,,,,,,,,,,  2c2c2c2c2c2c2c2c2c2c2c2c2c2c2c2c
       486  ????????????????  3f3f3f3f3f3f3f3f3f3f3f3f3f3f3f3f
       401  ................  ffffffffffffffffffffffffffffffff
       380  zzzzzzzzzzzzzzzz  7a7a7a7a7a7a7a7a7a7a7a7a7a7a7a7a
       357  ................  89898989898989898989898989898989
# epoch 2250  H=7.7755 C=7.2394 HO=0.4676  A(t)=311
      2369  <<<<<<<<<<<<<<<<  3c3c3c3c3c3c3c3c3c3c3c3c3c3c3c3c
      1603  [[[[[[[[[[[[[[[[  5b5b5b5b5b5b5b5b5b5b5b5b5b5b5b5b
       852  ,,,,,,,,,,,,,,,,  2c2c2c2c2c2c2c2c2c2c2c2c2c2c2c2c
       808  >>>>>>>>>>>>>>>>  3e3e3e3e3e3e3e3e3e3e3e3e3e3e3e3e
       768  ================  3d3d3d3d3d3d3d3d3d3d3d3d3d3d3d3d
       665  ;;;;;;;;;;;;;;;;  3b3b3b3b3b3b3b3b3b3b3b3b3b3b3b3b
       568  {{{{{{{{{{{{{{{{  7b7b7b7b7b7b7b7b7b7b7b7b7b7b7b7b
       402  ::::::::::::::::  3a3a3a3a3a3a3a3a3a3a3a3a3a3a3a3a
       399  9999999999999999  39393939393939393939393939393939
       361  ZZZZZZZZZZZZZZZZ  5a5a5a5a5a5a5a5a5a5a5a5a5a5a5a5a
# epoch 2500  H=7.7478 C=7.2549 HO=0.4167  A(t)=317
      2007  <<<<<<<<<<<<<<<<  3c3c3c3c3c3c3c3c3c3c3c3c3c3c3c3c
      1317  [[[[[[[[[[[[[[[[  5b5b5b5b5b5b5b5b5b5b5b5b5b5b5b5b
       815  ,,,,,,,,,,,,,,,,  2c2c2c2c2c2c2c2c2c2c2c2c2c2c2c2c
       673  >>>>>>>>>>>>>>>>  3e3e3e3e3e3e3e3e3e3e3e3e3e3e3e3e
       566  ;;;;;;;;;;;;;;;;  3b3b3b3b3b3b3b3b3b3b3b3b3b3b3b3b
       526  ================  3d3d3d3d3d3d3d3d3d3d3d3d3d3d3d3d
       492  9999999999999999  39393939393939393939393939393939
       419  ::::::::::::::::  3a3a3a3a3a3a3a3a3a3a3a3a3a3a3a3a
       359  ????????????????  3f3f3f3f3f3f3f3f3f3f3f3f3f3f3f3f
       346  }}}}}}}}}}}}}}}}  7d7d7d7d7d7d7d7d7d7d7d7d7d7d7d7d
# epoch 2750  H=7.7278 C=7.2724 HO=0.3794  A(t)=321
      1592  <<<<<<<<<<<<<<<<  3c3c3c3c3c3c3c3c3c3c3c3c3c3c3c3c
      1482  [[[[[[[[[[[[[[[[  5b5b5b5b5b5b5b5b5b5b5b5b5b5b5b5b
       829  ,,,,,,,,,,,,,,,,  2c2c2c2c2c2c2c2c2c2c2c2c2c2c2c2c
       783  ================  3d3d3d3d3d3d3d3d3d3d3d3d3d3d3d3d
       559  ;;;;;;;;;;;;;;;;  3b3b3b3b3b3b3b3b3b3b3b3b3b3b3b3b
       527  >>>>>>>>>>>>>>>>  3e3e3e3e3e3e3e3e3e3e3e3e3e3e3e3e
       372  ::::::::::::::::  3a3a3a3a3a3a3a3a3a3a3a3a3a3a3a3a
       358  {{{{{{{{{{{{{{{{  7b7b7b7b7b7b7b7b7b7b7b7b7b7b7b7b
       288  8888888888888888  38383838383838383838383838383838
       287  9999999999999999  39393939393939393939393939393939
# epoch 3000  H=7.7092 C=7.2879 HO=0.3433  A(t)=329
      1478  <<<<<<<<<<<<<<<<  3c3c3c3c3c3c3c3c3c3c3c3c3c3c3c3c
      1158  [[[[[[[[[[[[[[[[  5b5b5b5b5b5b5b5b5b5b5b5b5b5b5b5b
       777  ================  3d3d3d3d3d3d3d3d3d3d3d3d3d3d3d3d
       550  ,,,,,,,,,,,,,,,,  2c2c2c2c2c2c2c2c2c2c2c2c2c2c2c2c
       481  ;;;;;;;;;;;;;;;;  3b3b3b3b3b3b3b3b3b3b3b3b3b3b3b3b
       412  9999999999999999  39393939393939393939393939393939
       408  ::::::::::::::::  3a3a3a3a3a3a3a3a3a3a3a3a3a3a3a3a
       395  ????????????????  3f3f3f3f3f3f3f3f3f3f3f3f3f3f3f3f
       350  >>>>>>>>>>>>>>>>  3e3e3e3e3e3e3e3e3e3e3e3e3e3e3e3e
       317  zzzzzzzzzzzzzzzz  7a7a7a7a7a7a7a7a7a7a7a7a7a7a7a7a
# epoch 3250  H=7.6934 C=7.2978 HO=0.3181  A(t)=335
      1506  <<<<<<<<<<<<<<<<  3c3c3c3c3c3c3c3c3c3c3c3c3c3c3c3c
      1248  [[[[[[[[[[[[[[[[  5b5b5b5b5b5b5b5b5b5b5b5b5b5b5b5b
       614  ================  3d3d3d3d3d3d3d3d3d3d3d3d3d3d3d3d
       566  ;;;;;;;;;;;;;;;;  3b3b3b3b3b3b3b3b3b3b3b3b3b3b3b3b
       421  ,,,,,,,,,,,,,,,,  2c2c2c2c2c2c2c2c2c2c2c2c2c2c2c2c
       398  ::::::::::::::::  3a3a3a3a3a3a3a3a3a3a3a3a3a3a3a3a
       391  >>>>>>>>>>>>>>>>  3e3e3e3e3e3e3e3e3e3e3e3e3e3e3e3e
       298  ????????????????  3f3f3f3f3f3f3f3f3f3f3f3f3f3f3f3f
       201  ................  84848484848484848484848484848484
       189  }}}}}}}}}}}}}}}}  7d7d7d7d7d7d7d7d7d7d7d7d7d7d7d7d
# epoch 3500  H=7.6730 C=7.2984 HO=0.3008  A(t)=338
      1424  <<<<<<<<<<<<<<<<  3c3c3c3c3c3c3c3c3c3c3c3c3c3c3c3c
       866  [[[[[[[[[[[[[[[[  5b5b5b5b5b5b5b5b5b5b5b5b5b5b5b5b
       740  VVVVVVVVVVVVVVVV  56565656565656565656565656565656
       693  ;;;;;;;;;;;;;;;;  3b3b3b3b3b3b3b3b3b3b3b3b3b3b3b3b
       590  ::::::::::::::::  3a3a3a3a3a3a3a3a3a3a3a3a3a3a3a3a
       467  ,,,,,,,,,,,,,,,,  2c2c2c2c2c2c2c2c2c2c2c2c2c2c2c2c
       388  ================  3d3d3d3d3d3d3d3d3d3d3d3d3d3d3d3d
       287  >>>>>>>>>>>>>>>>  3e3e3e3e3e3e3e3e3e3e3e3e3e3e3e3e
       282  ................  ffffffffffffffffffffffffffffffff
       255  ................  06060606060606060606060606060606
# epoch 3750  H=7.6633 C=7.3090 HO=0.2811  A(t)=338
      1745  <<<<<<<<<<<<<<<<  3c3c3c3c3c3c3c3c3c3c3c3c3c3c3c3c
       928  [[[[[[[[[[[[[[[[  5b5b5b5b5b5b5b5b5b5b5b5b5b5b5b5b
       699  ,,,,,,,,,,,,,,,,  2c2c2c2c2c2c2c2c2c2c2c2c2c2c2c2c
       645  ================  3d3d3d3d3d3d3d3d3d3d3d3d3d3d3d3d
       500  ;;;;;;;;;;;;;;;;  3b3b3b3b3b3b3b3b3b3b3b3b3b3b3b3b
       370  ::::::::::::::::  3a3a3a3a3a3a3a3a3a3a3a3a3a3a3a3a
       278  ????????????????  3f3f3f3f3f3f3f3f3f3f3f3f3f3f3f3f
       239  ................  94949494949494949494949494949494
       236  ................  02020202020202020202020202020202
       205  >>>>>>>>>>>>>>>>  3e3e3e3e3e3e3e3e3e3e3e3e3e3e3e3e
# epoch 4000  H=7.6467 C=7.3149 HO=0.2615  A(t)=342
      1357  <<<<<<<<<<<<<<<<  3c3c3c3c3c3c3c3c3c3c3c3c3c3c3c3c
      1335  [[[[[[[[[[[[[[[[  5b5b5b5b5b5b5b5b5b5b5b5b5b5b5b5b
       609  ================  3d3d3d3d3d3d3d3d3d3d3d3d3d3d3d3d
       601  ;;;;;;;;;;;;;;;;  3b3b3b3b3b3b3b3b3b3b3b3b3b3b3b3b
       430  ,,,,,,,,,,,,,,,,  2c2c2c2c2c2c2c2c2c2c2c2c2c2c2c2c
       395  ::::::::::::::::  3a3a3a3a3a3a3a3a3a3a3a3a3a3a3a3a
       368  ????????????????  3f3f3f3f3f3f3f3f3f3f3f3f3f3f3f3f
       294  >>>>>>>>>>>>>>>>  3e3e3e3e3e3e3e3e3e3e3e3e3e3e3e3e
       240  0000000000000000  30303030303030303030303030303030
       230  9999999999999999  39393939393939393939393939393939
# epoch 4250  H=7.6316 C=7.3144 HO=0.2448  A(t)=344
      1174  <<<<<<<<<<<<<<<<  3c3c3c3c3c3c3c3c3c3c3c3c3c3c3c3c
       809  [[[[[[[[[[[[[[[[  5b5b5b5b5b5b5b5b5b5b5b5b5b5b5b5b
       707  ,,,,,,,,,,,,,,,,  2c2c2c2c2c2c2c2c2c2c2c2c2c2c2c2c
       639  ================  3d3d3d3d3d3d3d3d3d3d3d3d3d3d3d3d
       446  ;;;;;;;;;;;;;;;;  3b3b3b3b3b3b3b3b3b3b3b3b3b3b3b3b
       424  >>>>>>>>>>>>>>>>  3e3e3e3e3e3e3e3e3e3e3e3e3e3e3e3e
       259  ::::::::::::::::  3a3a3a3a3a3a3a3a3a3a3a3a3a3a3a3a
       199  ................  15151515151515151515151515151515
       198  ||||||||||||||||  7c7c7c7c7c7c7c7c7c7c7c7c7c7c7c7c
       195  ................  01010101010101010101010101010101
# epoch 4500  H=7.6266 C=7.3165 HO=0.2426  A(t)=344
       996  <<<<<<<<<<<<<<<<  3c3c3c3c3c3c3c3c3c3c3c3c3c3c3c3c
       752  ;;;;;;;;;;;;;;;;  3b3b3b3b3b3b3b3b3b3b3b3b3b3b3b3b
       745  [[[[[[[[[[[[[[[[  5b5b5b5b5b5b5b5b5b5b5b5b5b5b5b5b
       595  ================  3d3d3d3d3d3d3d3d3d3d3d3d3d3d3d3d
       510  ,,,,,,,,,,,,,,,,  2c2c2c2c2c2c2c2c2c2c2c2c2c2c2c2c
       487  >>>>>>>>>>>>>>>>  3e3e3e3e3e3e3e3e3e3e3e3e3e3e3e3e
       384  9999999999999999  39393939393939393939393939393939
       290  ::::::::::::::::  3a3a3a3a3a3a3a3a3a3a3a3a3a3a3a3a
       194  VVVVVVVVVVVVVVVV  56565656565656565656565656565656
       184  ................  efefefefefefefefefefefefefefefef
# epoch 4750  H=7.3954 C=6.6766 HO=0.7853  A(t)=344
      2892  {.u>,.[,),[.,>u.  7b9d753e2cf45b2c292c5bf42c3e759d
      2849  .u>,.[,),[.,>u.{  9d753e2cf45b2c292c5bf42c3e759d7b
      2752  ]\{.u>,.[,),[.,>  5d5c7b9d753e2cf45b2c292c5bf42c3e
      2691  \{.u>,.[,),[.,>u  5c7b9d753e2cf45b2c292c5bf42c3e75
      2619  u>,.[,),[.,>u.{\  753e2cf45b2c292c5bf42c3e759d7b5c
      2555  2]\{.u>,.[,),[.,  325d5c7b9d753e2cf45b2c292c5bf42c
      2509  >,.[,),[.,>u.{\]  3e2cf45b2c292c5bf42c3e759d7b5c5d
      2468  ?2]\{.u>,.[,),[.  3f325d5c7b9d753e2cf45b2c292c5bf4
      2306  ,.[,),[.,>u.{\]2  2cf45b2c292c5bf42c3e759d7b5c5d32
      2192  <?2]\{.u>,.[,),[  3c3f325d5c7b9d753e2cf45b2c292c5b
# epoch 5000  H=5.7632 C=5.2164 HO=0.7792  A(t)=346
      5362  ................  00000000000000000000000000000000
      3362  <<<<<<<<<<<<<<<<  3c3c3c3c3c3c3c3c3c3c3c3c3c3c3c3c
      1471  {.u>,.[,),[.,>u.  7b9d753e2cf45b2c292c5bf42c3e759d
      1455  .u>,.[,),[.,>u.{  9d753e2cf45b2c292c5bf42c3e759d7b
      1382  }}}}}}}}}}}}}}}}  7d7d7d7d7d7d7d7d7d7d7d7d7d7d7d7d
      1363  ]\{.u>,.[,),[.,>  5d5c7b9d753e2cf45b2c292c5bf42c3e
      1312  \{.u>,.[,),[.,>u  5c7b9d753e2cf45b2c292c5bf42c3e75
      1269  2]\{.u>,.[,),[.,  325d5c7b9d753e2cf45b2c292c5bf42c
      1266  u>,.[,),[.,>u.{\  753e2cf45b2c292c5bf42c3e759d7b5c
      1226  >,.[,),[.,>u.{\]  3e2cf45b2c292c5bf42c3e759d7b5c5d
# epoch 5250  H=5.7830 C=5.5643 HO=0.3707  A(t)=347
      3524  ................  00000000000000000000000000000000
      2634  <<<<<<<<<<<<<<<<  3c3c3c3c3c3c3c3c3c3c3c3c3c3c3c3c
      1664  }}}}}}}}}}}}}}}}  7d7d7d7d7d7d7d7d7d7d7d7d7d7d7d7d
      1649  ................  01010101010101010101010101010101
      1428  ................  ffffffffffffffffffffffffffffffff
       432  ================  3d3d3d3d3d3d3d3d3d3d3d3d3d3d3d3d
       427  [[[[[[[[[[[[[[[[  5b5b5b5b5b5b5b5b5b5b5b5b5b5b5b5b
       391  ,,,,,,,,,,,,,,,,  2c2c2c2c2c2c2c2c2c2c2c2c2c2c2c2c
       344  ................  fefefefefefefefefefefefefefefefe
       291  {{{{{{{{{{{{{{{{  7b7b7b7b7b7b7b7b7b7b7b7b7b7b7b7b
# epoch 5500  H=5.9527 C=5.8889 HO=0.2032  A(t)=349
      2119  <<<<<<<<<<<<<<<<  3c3c3c3c3c3c3c3c3c3c3c3c3c3c3c3c
      2049  ................  00000000000000000000000000000000
      1532  }}}}}}}}}}}}}}}}  7d7d7d7d7d7d7d7d7d7d7d7d7d7d7d7d
      1407  ................  ffffffffffffffffffffffffffffffff
      1251  ................  01010101010101010101010101010101
       448  ................  02020202020202020202020202020202
       355  ................  fefefefefefefefefefefefefefefefe
       327  ================  3d3d3d3d3d3d3d3d3d3d3d3d3d3d3d3d
       305  [[[[[[[[[[[[[[[[  5b5b5b5b5b5b5b5b5b5b5b5b5b5b5b5b
       266  ;;;;;;;;;;;;;;;;  3b3b3b3b3b3b3b3b3b3b3b3b3b3b3b3b
# epoch 5750  H=6.1266 C=6.1303 HO=0.1341  A(t)=540
      1900  ................  00000000000000000000000000000000
      1685  <<<<<<<<<<<<<<<<  3c3c3c3c3c3c3c3c3c3c3c3c3c3c3c3c
      1444  }}}}}}}}}}}}}}}}  7d7d7d7d7d7d7d7d7d7d7d7d7d7d7d7d
      1318  ................  01010101010101010101010101010101
      1282  ................  ffffffffffffffffffffffffffffffff
       506  ................  02020202020202020202020202020202
       409  [[[[[[[[[[[[[[[[  5b5b5b5b5b5b5b5b5b5b5b5b5b5b5b5b
       393  ,,,,,,,,,,,,,,,,  2c2c2c2c2c2c2c2c2c2c2c2c2c2c2c2c
       357  ................  fefefefefefefefefefefefefefefefe
       326  ;;;;;;;;;;;;;;;;  3b3b3b3b3b3b3b3b3b3b3b3b3b3b3b3b
# epoch 6000  H=6.3045 C=6.3299 HO=0.1119  A(t)=837
      1368  <<<<<<<<<<<<<<<<  3c3c3c3c3c3c3c3c3c3c3c3c3c3c3c3c
      1277  ................  00000000000000000000000000000000
      1110  ................  01010101010101010101010101010101
      1051  ................  ffffffffffffffffffffffffffffffff
      1009  }}}}}}}}}}}}}}}}  7d7d7d7d7d7d7d7d7d7d7d7d7d7d7d7d
       831  [[[[[[[[[[[[[[[[  5b5b5b5b5b5b5b5b5b5b5b5b5b5b5b5b
       367  ................  02020202020202020202020202020202
       317  ================  3d3d3d3d3d3d3d3d3d3d3d3d3d3d3d3d
       281  ;;;;;;;;;;;;;;;;  3b3b3b3b3b3b3b3b3b3b3b3b3b3b3b3b
       230  ................  03030303030303030303030303030303
# epoch 6250  H=6.4482 C=6.4808 HO=0.1038  A(t)=861
      1316  ................  00000000000000000000000000000000
      1215  }}}}}}}}}}}}}}}}  7d7d7d7d7d7d7d7d7d7d7d7d7d7d7d7d
      1028  ................  ffffffffffffffffffffffffffffffff
      1009  <<<<<<<<<<<<<<<<  3c3c3c3c3c3c3c3c3c3c3c3c3c3c3c3c
       677  ................  01010101010101010101010101010101
       613  ................  fefefefefefefefefefefefefefefefe
       608  [[[[[[[[[[[[[[[[  5b5b5b5b5b5b5b5b5b5b5b5b5b5b5b5b
       471  ................  02020202020202020202020202020202
       287  ================  3d3d3d3d3d3d3d3d3d3d3d3d3d3d3d3d
       274  ;;;;;;;;;;;;;;;;  3b3b3b3b3b3b3b3b3b3b3b3b3b3b3b3b
# epoch 6500  H=6.5712 C=6.6029 HO=0.1035  A(t)=864
      1242  }}}}}}}}}}}}}}}}  7d7d7d7d7d7d7d7d7d7d7d7d7d7d7d7d
      1231  <<<<<<<<<<<<<<<<  3c3c3c3c3c3c3c3c3c3c3c3c3c3c3c3c
       995  ................  ffffffffffffffffffffffffffffffff
       940  ................  00000000000000000000000000000000
       563  ................  01010101010101010101010101010101
       376  [[[[[[[[[[[[[[[[  5b5b5b5b5b5b5b5b5b5b5b5b5b5b5b5b
       322  ................  fdfdfdfdfdfdfdfdfdfdfdfdfdfdfdfd
       238  ================  3d3d3d3d3d3d3d3d3d3d3d3d3d3d3d3d
       237  ................  02020202020202020202020202020202
       231  ~~~~~~~~~~~~~~~~  7e7e7e7e7e7e7e7e7e7e7e7e7e7e7e7e
# epoch 6750  H=6.6881 C=6.6983 HO=0.1129  A(t)=867
      1474  }}}}}}}}}}}}}}}}  7d7d7d7d7d7d7d7d7d7d7d7d7d7d7d7d
      1039  ................  00000000000000000000000000000000
       962  ................  01010101010101010101010101010101
       927  <<<<<<<<<<<<<<<<  3c3c3c3c3c3c3c3c3c3c3c3c3c3c3c3c
       703  ................  ffffffffffffffffffffffffffffffff
       430  [[[[[[[[[[[[[[[[  5b5b5b5b5b5b5b5b5b5b5b5b5b5b5b5b
       422  ................  fefefefefefefefefefefefefefefefe
       361  ================  3d3d3d3d3d3d3d3d3d3d3d3d3d3d3d3d
       335  ~~~~~~~~~~~~~~~~  7e7e7e7e7e7e7e7e7e7e7e7e7e7e7e7e
       307  ;;;;;;;;;;;;;;;;  3b3b3b3b3b3b3b3b3b3b3b3b3b3b3b3b
# epoch 7000  H=6.7933 C=6.7833 HO=0.1162  A(t)=869
      1363  }}}}}}}}}}}}}}}}  7d7d7d7d7d7d7d7d7d7d7d7d7d7d7d7d
      1108  ................  00000000000000000000000000000000
       745  ................  ffffffffffffffffffffffffffffffff
       554  <<<<<<<<<<<<<<<<  3c3c3c3c3c3c3c3c3c3c3c3c3c3c3c3c
       510  ................  01010101010101010101010101010101
       359  [[[[[[[[[[[[[[[[  5b5b5b5b5b5b5b5b5b5b5b5b5b5b5b5b
       256  ................  fefefefefefefefefefefefefefefefe
       218  ,,,,,,,,,,,,,,,,  2c2c2c2c2c2c2c2c2c2c2c2c2c2c2c2c
       205  >>>>>>>>>>>>>>>>  3e3e3e3e3e3e3e3e3e3e3e3e3e3e3e3e
       199  ================  3d3d3d3d3d3d3d3d3d3d3d3d3d3d3d3d
# epoch 7250  H=6.8812 C=6.8549 HO=0.1203  A(t)=875
      1245  }}}}}}}}}}}}}}}}  7d7d7d7d7d7d7d7d7d7d7d7d7d7d7d7d
       902  <<<<<<<<<<<<<<<<  3c3c3c3c3c3c3c3c3c3c3c3c3c3c3c3c
       756  ................  00000000000000000000000000000000
       700  ................  ffffffffffffffffffffffffffffffff
       546  ................  01010101010101010101010101010101
       376  ||||||||||||||||  7c7c7c7c7c7c7c7c7c7c7c7c7c7c7c7c
       338  [[[[[[[[[[[[[[[[  5b5b5b5b5b5b5b5b5b5b5b5b5b5b5b5b
       298  ................  02020202020202020202020202020202
       293  ................  fdfdfdfdfdfdfdfdfdfdfdfdfdfdfdfd
       253  ;;;;;;;;;;;;;;;;  3b3b3b3b3b3b3b3b3b3b3b3b3b3b3b3b
# epoch 7500  H=6.9699 C=6.9170 HO=0.1285  A(t)=881
      1366  }}}}}}}}}}}}}}}}  7d7d7d7d7d7d7d7d7d7d7d7d7d7d7d7d
       889  ................  ffffffffffffffffffffffffffffffff
       751  <<<<<<<<<<<<<<<<  3c3c3c3c3c3c3c3c3c3c3c3c3c3c3c3c
       719  ................  01010101010101010101010101010101
       445  ................  00000000000000000000000000000000
       364  ;;;;;;;;;;;;;;;;  3b3b3b3b3b3b3b3b3b3b3b3b3b3b3b3b
       289  ................  fdfdfdfdfdfdfdfdfdfdfdfdfdfdfdfd
       257  [[[[[[[[[[[[[[[[  5b5b5b5b5b5b5b5b5b5b5b5b5b5b5b5b
       229  ................  02020202020202020202020202020202
       208  ::::::::::::::::  3a3a3a3a3a3a3a3a3a3a3a3a3a3a3a3a
# epoch 7750  H=7.0569 C=6.9786 HO=0.1354  A(t)=884
      1207  }}}}}}}}}}}}}}}}  7d7d7d7d7d7d7d7d7d7d7d7d7d7d7d7d
       964  ................  ffffffffffffffffffffffffffffffff
       779  ................  00000000000000000000000000000000
       753  ................  01010101010101010101010101010101
       586  <<<<<<<<<<<<<<<<  3c3c3c3c3c3c3c3c3c3c3c3c3c3c3c3c
       545  [[[[[[[[[[[[[[[[  5b5b5b5b5b5b5b5b5b5b5b5b5b5b5b5b
       299  {{{{{{{{{{{{{{{{  7b7b7b7b7b7b7b7b7b7b7b7b7b7b7b7b
       291  ================  3d3d3d3d3d3d3d3d3d3d3d3d3d3d3d3d
       252  ;;;;;;;;;;;;;;;;  3b3b3b3b3b3b3b3b3b3b3b3b3b3b3b3b
       208  >>>>>>>>>>>>>>>>  3e3e3e3e3e3e3e3e3e3e3e3e3e3e3e3e
# epoch 8000  H=7.1399 C=7.0275 HO=0.1559  A(t)=888
      1079  }}}}}}}}}}}}}}}}  7d7d7d7d7d7d7d7d7d7d7d7d7d7d7d7d
       792  ................  01010101010101010101010101010101
       688  [[[[[[[[[[[[[[[[  5b5b5b5b5b5b5b5b5b5b5b5b5b5b5b5b
       630  ................  00000000000000000000000000000000
       567  ................  ffffffffffffffffffffffffffffffff
       410  ================  3d3d3d3d3d3d3d3d3d3d3d3d3d3d3d3d
       379  ||||||||||||||||  7c7c7c7c7c7c7c7c7c7c7c7c7c7c7c7c
       342  {{{{{{{{{{{{{{{{  7b7b7b7b7b7b7b7b7b7b7b7b7b7b7b7b
       326  <<<<<<<<<<<<<<<<  3c3c3c3c3c3c3c3c3c3c3c3c3c3c3c3c
       234  ;;;;;;;;;;;;;;;;  3b3b3b3b3b3b3b3b3b3b3b3b3b3b3b3b
# epoch 8250  H=7.2176 C=7.0698 HO=0.1812  A(t)=889
       695  ................  00000000000000000000000000000000
       676  ................  01010101010101010101010101010101
       588  ................  ffffffffffffffffffffffffffffffff
       491  <<<<<<<<<<<<<<<<  3c3c3c3c3c3c3c3c3c3c3c3c3c3c3c3c
       489  [[[[[[[[[[[[[[[[  5b5b5b5b5b5b5b5b5b5b5b5b5b5b5b5b
       450  {{{{{{{{{{{{{{{{  7b7b7b7b7b7b7b7b7b7b7b7b7b7b7b7b
       392  }}}}}}}}}}}}}}}}  7d7d7d7d7d7d7d7d7d7d7d7d7d7d7d7d
       385  ||||||||||||||||  7c7c7c7c7c7c7c7c7c7c7c7c7c7c7c7c
       343  ................  02020202020202020202020202020202
       234  ~~~~~~~~~~~~~~~~  7e7e7e7e7e7e7e7e7e7e7e7e7e7e7e7e
# epoch 8500  H=7.2692 C=7.0782 HO=0.2075  A(t)=889
       955  <<<<<<<<<<<<<<<<  3c3c3c3c3c3c3c3c3c3c3c3c3c3c3c3c
       932  ................  ffffffffffffffffffffffffffffffff
       673  ................  00000000000000000000000000000000
       654  ||||||||||||||||  7c7c7c7c7c7c7c7c7c7c7c7c7c7c7c7c
       590  {{{{{{{{{{{{{{{{  7b7b7b7b7b7b7b7b7b7b7b7b7b7b7b7b
       569  ................  01010101010101010101010101010101
       520  ................  02020202020202020202020202020202
       454  ;;;;;;;;;;;;;;;;  3b3b3b3b3b3b3b3b3b3b3b3b3b3b3b3b
       449  }}}}}}}}}}}}}}}}  7d7d7d7d7d7d7d7d7d7d7d7d7d7d7d7d
       431  [[[[[[[[[[[[[[[[  5b5b5b5b5b5b5b5b5b5b5b5b5b5b5b5b
# epoch 8750  H=7.3175 C=7.0954 HO=0.2252  A(t)=891
      1697  ................  ffffffffffffffffffffffffffffffff
       922  {{{{{{{{{{{{{{{{  7b7b7b7b7b7b7b7b7b7b7b7b7b7b7b7b
       596  [[[[[[[[[[[[[[[[  5b5b5b5b5b5b5b5b5b5b5b5b5b5b5b5b
       587  <<<<<<<<<<<<<<<<  3c3c3c3c3c3c3c3c3c3c3c3c3c3c3c3c
       484  ................  00000000000000000000000000000000
       464  ................  fefefefefefefefefefefefefefefefe
       451  ||||||||||||||||  7c7c7c7c7c7c7c7c7c7c7c7c7c7c7c7c
       413  ................  01010101010101010101010101010101
       389  ................  02020202020202020202020202020202
       334  ================  3d3d3d3d3d3d3d3d3d3d3d3d3d3d3d3d
# epoch 9000  H=7.3604 C=7.1212 HO=0.2353  A(t)=891
      1291  {{{{{{{{{{{{{{{{  7b7b7b7b7b7b7b7b7b7b7b7b7b7b7b7b
       831  ................  ffffffffffffffffffffffffffffffff
       578  <<<<<<<<<<<<<<<<  3c3c3c3c3c3c3c3c3c3c3c3c3c3c3c3c
       541  ||||||||||||||||  7c7c7c7c7c7c7c7c7c7c7c7c7c7c7c7c
       493  [[[[[[[[[[[[[[[[  5b5b5b5b5b5b5b5b5b5b5b5b5b5b5b5b
       491  ................  01010101010101010101010101010101
       486  ????????????????  3f3f3f3f3f3f3f3f3f3f3f3f3f3f3f3f
       484  ::::::::::::::::  3a3a3a3a3a3a3a3a3a3a3a3a3a3a3a3a
       438  xxxxxxxxxxxxxxxx  78787878787878787878787878787878
       434  zzzzzzzzzzzzzzzz  7a7a7a7a7a7a7a7a7a7a7a7a7a7a7a7a
# epoch 9250  H=7.3971 C=7.1339 HO=0.2460  A(t)=892
      1233  {{{{{{{{{{{{{{{{  7b7b7b7b7b7b7b7b7b7b7b7b7b7b7b7b
       950  ................  ffffffffffffffffffffffffffffffff
       710  ????????????????  3f3f3f3f3f3f3f3f3f3f3f3f3f3f3f3f
       704  <<<<<<<<<<<<<<<<  3c3c3c3c3c3c3c3c3c3c3c3c3c3c3c3c
       686  [[[[[[[[[[[[[[[[  5b5b5b5b5b5b5b5b5b5b5b5b5b5b5b5b
       671  ................  cececececececececececececececece
       618  ................  0d0d0d0d0d0d0d0d0d0d0d0d0d0d0d0d
       530  ||||||||||||||||  7c7c7c7c7c7c7c7c7c7c7c7c7c7c7c7c
       367  ................  01010101010101010101010101010101
       364  zzzzzzzzzzzzzzzz  7a7a7a7a7a7a7a7a7a7a7a7a7a7a7a7a
# epoch 9500  H=7.4227 C=7.1626 HO=0.2398  A(t)=897
      1359  {{{{{{{{{{{{{{{{  7b7b7b7b7b7b7b7b7b7b7b7b7b7b7b7b
      1228  ................  ffffffffffffffffffffffffffffffff
      1208  ................  01010101010101010101010101010101
       622  [[[[[[[[[[[[[[[[  5b5b5b5b5b5b5b5b5b5b5b5b5b5b5b5b
       466  <<<<<<<<<<<<<<<<  3c3c3c3c3c3c3c3c3c3c3c3c3c3c3c3c
       413  ;;;;;;;;;;;;;;;;  3b3b3b3b3b3b3b3b3b3b3b3b3b3b3b3b
       367  ================  3d3d3d3d3d3d3d3d3d3d3d3d3d3d3d3d
       316  zzzzzzzzzzzzzzzz  7a7a7a7a7a7a7a7a7a7a7a7a7a7a7a7a
       312  yyyyyyyyyyyyyyyy  79797979797979797979797979797979
       306  ||||||||||||||||  7c7c7c7c7c7c7c7c7c7c7c7c7c7c7c7c
# epoch 9750  H=7.4536 C=7.1826 HO=0.2445  A(t)=898
      1206  ................  ffffffffffffffffffffffffffffffff
      1199  ................  cacacacacacacacacacacacacacacaca
       912  ................  01010101010101010101010101010101
       846  {{{{{{{{{{{{{{{{  7b7b7b7b7b7b7b7b7b7b7b7b7b7b7b7b
       749  [[[[[[[[[[[[[[[[  5b5b5b5b5b5b5b5b5b5b5b5b5b5b5b5b
       515  <<<<<<<<<<<<<<<<  3c3c3c3c3c3c3c3c3c3c3c3c3c3c3c3c
       434  ||||||||||||||||  7c7c7c7c7c7c7c7c7c7c7c7c7c7c7c7c
       354  ................  00000000000000000000000000000000
       296  zzzzzzzzzzzzzzzz  7a7a7a7a7a7a7a7a7a7a7a7a7a7a7a7a
       293  ................  fcfcfcfcfcfcfcfcfcfcfcfcfcfcfcfc
# epoch 10000  H=7.4728 C=7.1951 HO=0.2537  A(t)=899
      1587  <<<<<<<<<<<<<<<<  3c3c3c3c3c3c3c3c3c3c3c3c3c3c3c3c
      1023  ................  ffffffffffffffffffffffffffffffff
       966  {{{{{{{{{{{{{{{{  7b7b7b7b7b7b7b7b7b7b7b7b7b7b7b7b
       875  [[[[[[[[[[[[[[[[  5b5b5b5b5b5b5b5b5b5b5b5b5b5b5b5b
       677  ................  05050505050505050505050505050505
       541  ................  01010101010101010101010101010101
       519  ||||||||||||||||  7c7c7c7c7c7c7c7c7c7c7c7c7c7c7c7c
       406  ================  3d3d3d3d3d3d3d3d3d3d3d3d3d3d3d3d
       402  zzzzzzzzzzzzzzzz  7a7a7a7a7a7a7a7a7a7a7a7a7a7a7a7a
       359  ::::::::::::::::  3a3a3a3a3a3a3a3a3a3a3a3a3a3a3a3a
# epoch 10250  H=7.4929 C=7.2224 HO=0.2420  A(t)=900
      1204  <<<<<<<<<<<<<<<<  3c3c3c3c3c3c3c3c3c3c3c3c3c3c3c3c
       997  ................  0a0a0a0a0a0a0a0a0a0a0a0a0a0a0a0a
       824  ................  ffffffffffffffffffffffffffffffff
       794  {{{{{{{{{{{{{{{{  7b7b7b7b7b7b7b7b7b7b7b7b7b7b7b7b
       688  ................  00000000000000000000000000000000
       497  [[[[[[[[[[[[[[[[  5b5b5b5b5b5b5b5b5b5b5b5b5b5b5b5b
       495  ................  fefefefefefefefefefefefefefefefe
       425  zzzzzzzzzzzzzzzz  7a7a7a7a7a7a7a7a7a7a7a7a7a7a7a7a
       421  ================  3d3d3d3d3d3d3d3d3d3d3d3d3d3d3d3d
       396  ||||||||||||||||  7c7c7c7c7c7c7c7c7c7c7c7c7c7c7c7c
# epoch 10500  H=7.5149 C=7.2466 HO=0.2369  A(t)=900
      2198  ................  0a0a0a0a0a0a0a0a0a0a0a0a0a0a0a0a
      1064  {{{{{{{{{{{{{{{{  7b7b7b7b7b7b7b7b7b7b7b7b7b7b7b7b
       996  ................  ffffffffffffffffffffffffffffffff
       895  <<<<<<<<<<<<<<<<  3c3c3c3c3c3c3c3c3c3c3c3c3c3c3c3c
       785  ................  00000000000000000000000000000000
       534  [[[[[[[[[[[[[[[[  5b5b5b5b5b5b5b5b5b5b5b5b5b5b5b5b
       433  ................  01010101010101010101010101010101
       370  ................  02020202020202020202020202020202
       258  zzzzzzzzzzzzzzzz  7a7a7a7a7a7a7a7a7a7a7a7a7a7a7a7a
       256  @@@@@@@@@@@@@@@@  40404040404040404040404040404040
# epoch 10750  H=7.5387 C=7.2708 HO=0.2326  A(t)=900
      1591  ................  0a0a0a0a0a0a0a0a0a0a0a0a0a0a0a0a
       878  <<<<<<<<<<<<<<<<  3c3c3c3c3c3c3c3c3c3c3c3c3c3c3c3c
       745  ................  ffffffffffffffffffffffffffffffff
       667  {{{{{{{{{{{{{{{{  7b7b7b7b7b7b7b7b7b7b7b7b7b7b7b7b
       542  [[[[[[[[[[[[[[[[  5b5b5b5b5b5b5b5b5b5b5b5b5b5b5b5b
       377  ................  fdfdfdfdfdfdfdfdfdfdfdfdfdfdfdfd
       361  ================  3d3d3d3d3d3d3d3d3d3d3d3d3d3d3d3d
       343  ................  00000000000000000000000000000000
       333  ................  fefefefefefefefefefefefefefefefe
       306  }}}}}}}}}}}}}}}}  7d7d7d7d7d7d7d7d7d7d7d7d7d7d7d7d
# epoch 11000  H=7.5548 C=7.2937 HO=0.2237  A(t)=900
       952  <<<<<<<<<<<<<<<<  3c3c3c3c3c3c3c3c3c3c3c3c3c3c3c3c
       748  [[[[[[[[[[[[[[[[  5b5b5b5b5b5b5b5b5b5b5b5b5b5b5b5b
       708  ................  01010101010101010101010101010101
       508  ................  ffffffffffffffffffffffffffffffff
       506  ................  0a0a0a0a0a0a0a0a0a0a0a0a0a0a0a0a
       503  ;;;;;;;;;;;;;;;;  3b3b3b3b3b3b3b3b3b3b3b3b3b3b3b3b
       477  {{{{{{{{{{{{{{{{  7b7b7b7b7b7b7b7b7b7b7b7b7b7b7b7b
       421  ================  3d3d3d3d3d3d3d3d3d3d3d3d3d3d3d3d
       375  zzzzzzzzzzzzzzzz  7a7a7a7a7a7a7a7a7a7a7a7a7a7a7a7a
       285  ................  f8f8f8f8f8f8f8f8f8f8f8f8f8f8f8f8
# epoch 11250  H=7.5766 C=7.3180 HO=0.2168  A(t)=902
      1018  [[[[[[[[[[[[[[[[  5b5b5b5b5b5b5b5b5b5b5b5b5b5b5b5b
       763  <<<<<<<<<<<<<<<<  3c3c3c3c3c3c3c3c3c3c3c3c3c3c3c3c
       600  ................  01010101010101010101010101010101
       530  {{{{{{{{{{{{{{{{  7b7b7b7b7b7b7b7b7b7b7b7b7b7b7b7b
       462  ================  3d3d3d3d3d3d3d3d3d3d3d3d3d3d3d3d
       439  ;;;;;;;;;;;;;;;;  3b3b3b3b3b3b3b3b3b3b3b3b3b3b3b3b
       438  ................  ffffffffffffffffffffffffffffffff
       435  ................  f8f8f8f8f8f8f8f8f8f8f8f8f8f8f8f8
       368  zzzzzzzzzzzzzzzz  7a7a7a7a7a7a7a7a7a7a7a7a7a7a7a7a
       284  ................  fefefefefefefefefefefefefefefefe
# epoch 11500  H=7.5892 C=7.3463 HO=0.1978  A(t)=903
       984  <<<<<<<<<<<<<<<<  3c3c3c3c3c3c3c3c3c3c3c3c3c3c3c3c
       584  [[[[[[[[[[[[[[[[  5b5b5b5b5b5b5b5b5b5b5b5b5b5b5b5b
       510  ................  01010101010101010101010101010101
       475  zzzzzzzzzzzzzzzz  7a7a7a7a7a7a7a7a7a7a7a7a7a7a7a7a
       394  ================  3d3d3d3d3d3d3d3d3d3d3d3d3d3d3d3d
       326  ................  ffffffffffffffffffffffffffffffff
       308  {{{{{{{{{{{{{{{{  7b7b7b7b7b7b7b7b7b7b7b7b7b7b7b7b
       283  ................  fefefefefefefefefefefefefefefefe
       273  ;;;;;;;;;;;;;;;;  3b3b3b3b3b3b3b3b3b3b3b3b3b3b3b3b
       217  >>>>>>>>>>>>>>>>  3e3e3e3e3e3e3e3e3e3e3e3e3e3e3e3e
# epoch 11750  H=7.5942 C=7.3485 HO=0.2004  A(t)=904
      1968  ................  00000000000000000000000000000000
      1166  <<<<<<<<<<<<<<<<  3c3c3c3c3c3c3c3c3c3c3c3c3c3c3c3c
       709  [[[[[[[[[[[[[[[[  5b5b5b5b5b5b5b5b5b5b5b5b5b5b5b5b
       552  ================  3d3d3d3d3d3d3d3d3d3d3d3d3d3d3d3d
       410  {{{{{{{{{{{{{{{{  7b7b7b7b7b7b7b7b7b7b7b7b7b7b7b7b
       347  ................  ffffffffffffffffffffffffffffffff
       343  ................  01010101010101010101010101010101
       337  ;;;;;;;;;;;;;;;;  3b3b3b3b3b3b3b3b3b3b3b3b3b3b3b3b
       283  ................  fefefefefefefefefefefefefefefefe
       269  zzzzzzzzzzzzzzzz  7a7a7a7a7a7a7a7a7a7a7a7a7a7a7a7a
# epoch 12000  H=7.6029 C=7.3495 HO=0.2054  A(t)=904
      3082  ................  00000000000000000000000000000000
       860  <<<<<<<<<<<<<<<<  3c3c3c3c3c3c3c3c3c3c3c3c3c3c3c3c
       575  [[[[[[[[[[[[[[[[  5b5b5b5b5b5b5b5b5b5b5b5b5b5b5b5b
       536  ================  3d3d3d3d3d3d3d3d3d3d3d3d3d3d3d3d
       392  {{{{{{{{{{{{{{{{  7b7b7b7b7b7b7b7b7b7b7b7b7b7b7b7b
       375  zzzzzzzzzzzzzzzz  7a7a7a7a7a7a7a7a7a7a7a7a7a7a7a7a
       322  ................  01010101010101010101010101010101
       283  ................  ffffffffffffffffffffffffffffffff
       247  ;;;;;;;;;;;;;;;;  3b3b3b3b3b3b3b3b3b3b3b3b3b3b3b3b
       232  ................  fdfdfdfdfdfdfdfdfdfdfdfdfdfdfdfd
# epoch 12250  H=7.6151 C=7.3692 HO=0.1965  A(t)=904
      1215  ................  00000000000000000000000000000000
       781  <<<<<<<<<<<<<<<<  3c3c3c3c3c3c3c3c3c3c3c3c3c3c3c3c
       507  ................  01010101010101010101010101010101
       493  ================  3d3d3d3d3d3d3d3d3d3d3d3d3d3d3d3d
       457  [[[[[[[[[[[[[[[[  5b5b5b5b5b5b5b5b5b5b5b5b5b5b5b5b
       340  {{{{{{{{{{{{{{{{  7b7b7b7b7b7b7b7b7b7b7b7b7b7b7b7b
       323  ????????????????  3f3f3f3f3f3f3f3f3f3f3f3f3f3f3f3f
       306  ;;;;;;;;;;;;;;;;  3b3b3b3b3b3b3b3b3b3b3b3b3b3b3b3b
       291  ................  ffffffffffffffffffffffffffffffff
       261  rrrrrrrrrrrrrrrr  72727272727272727272727272727272
# epoch 12500  H=7.6269 C=7.3835 HO=0.1960  A(t)=904
      1016  <<<<<<<<<<<<<<<<  3c3c3c3c3c3c3c3c3c3c3c3c3c3c3c3c
       696  {{{{{{{{{{{{{{{{  7b7b7b7b7b7b7b7b7b7b7b7b7b7b7b7b
       588  ================  3d3d3d3d3d3d3d3d3d3d3d3d3d3d3d3d
       464  [[[[[[[[[[[[[[[[  5b5b5b5b5b5b5b5b5b5b5b5b5b5b5b5b
       457  ................  00000000000000000000000000000000
       438  ::::::::::::::::  3a3a3a3a3a3a3a3a3a3a3a3a3a3a3a3a
       430  ;;;;;;;;;;;;;;;;  3b3b3b3b3b3b3b3b3b3b3b3b3b3b3b3b
       321  ,,,,,,,,,,,,,,,,  2c2c2c2c2c2c2c2c2c2c2c2c2c2c2c2c
       305  >>>>>>>>>>>>>>>>  3e3e3e3e3e3e3e3e3e3e3e3e3e3e3e3e
       305  ................  01010101010101010101010101010101
# epoch 12750  H=7.6296 C=7.3939 HO=0.1885  A(t)=904
      1250  <<<<<<<<<<<<<<<<  3c3c3c3c3c3c3c3c3c3c3c3c3c3c3c3c
       796  [[[[[[[[[[[[[[[[  5b5b5b5b5b5b5b5b5b5b5b5b5b5b5b5b
       655  ================  3d3d3d3d3d3d3d3d3d3d3d3d3d3d3d3d
       481  ,,,,,,,,,,,,,,,,  2c2c2c2c2c2c2c2c2c2c2c2c2c2c2c2c
       363  ;;;;;;;;;;;;;;;;  3b3b3b3b3b3b3b3b3b3b3b3b3b3b3b3b
       353  >>>>>>>>>>>>>>>>  3e3e3e3e3e3e3e3e3e3e3e3e3e3e3e3e
       333  ................  fefefefefefefefefefefefefefefefe
       331  {{{{{{{{{{{{{{{{  7b7b7b7b7b7b7b7b7b7b7b7b7b7b7b7b
       273  ::::::::::::::::  3a3a3a3a3a3a3a3a3a3a3a3a3a3a3a3a
       231  ................  ffffffffffffffffffffffffffffffff
# epoch 13000  H=7.6308 C=7.4003 HO=0.1839  A(t)=904
      1604  <<<<<<<<<<<<<<<<  3c3c3c3c3c3c3c3c3c3c3c3c3c3c3c3c
       697  [[[[[[[[[[[[[[[[  5b5b5b5b5b5b5b5b5b5b5b5b5b5b5b5b
       522  ================  3d3d3d3d3d3d3d3d3d3d3d3d3d3d3d3d
       499  ................  01010101010101010101010101010101
       323  {{{{{{{{{{{{{{{{  7b7b7b7b7b7b7b7b7b7b7b7b7b7b7b7b
       272  yyyyyyyyyyyyyyyy  79797979797979797979797979797979
       268  ................  ffffffffffffffffffffffffffffffff
       227  ;;;;;;;;;;;;;;;;  3b3b3b3b3b3b3b3b3b3b3b3b3b3b3b3b
       224  ,,,,,,,,,,,,,,,,  2c2c2c2c2c2c2c2c2c2c2c2c2c2c2c2c
       216  ::::::::::::::::  3a3a3a3a3a3a3a3a3a3a3a3a3a3a3a3a
# epoch 13250  H=7.6384 C=7.4137 HO=0.1774  A(t)=908
       955  <<<<<<<<<<<<<<<<  3c3c3c3c3c3c3c3c3c3c3c3c3c3c3c3c
       747  [[[[[[[[[[[[[[[[  5b5b5b5b5b5b5b5b5b5b5b5b5b5b5b5b
       465  ;;;;;;;;;;;;;;;;  3b3b3b3b3b3b3b3b3b3b3b3b3b3b3b3b
       364  ================  3d3d3d3d3d3d3d3d3d3d3d3d3d3d3d3d
       307  ::::::::::::::::  3a3a3a3a3a3a3a3a3a3a3a3a3a3a3a3a
       304  ................  01010101010101010101010101010101
       262  ................  ffffffffffffffffffffffffffffffff
       212  {{{{{{{{{{{{{{{{  7b7b7b7b7b7b7b7b7b7b7b7b7b7b7b7b
       190  ,,,,,,,,,,,,,,,,  2c2c2c2c2c2c2c2c2c2c2c2c2c2c2c2c
       186  ................  fefefefefefefefefefefefefefefefe
# epoch 13500  H=7.6407 C=7.3896 HO=0.2051  A(t)=908
      1581  [[[[[[[[[[[[[[[[  5b5b5b5b5b5b5b5b5b5b5b5b5b5b5b5b
       966  <<<<<<<<<<<<<<<<  3c3c3c3c3c3c3c3c3c3c3c3c3c3c3c3c
       560  ================  3d3d3d3d3d3d3d3d3d3d3d3d3d3d3d3d
       407  ;;;;;;;;;;;;;;;;  3b3b3b3b3b3b3b3b3b3b3b3b3b3b3b3b
       392  {{{{{{{{{{{{{{{{  7b7b7b7b7b7b7b7b7b7b7b7b7b7b7b7b
       366  ................  01010101010101010101010101010101
       303  9999999999999999  39393939393939393939393939393939
       279  ::::::::::::::::  3a3a3a3a3a3a3a3a3a3a3a3a3a3a3a3a
       271  ................  02020202020202020202020202020202
       261  }}}}}}}}}}}}}}}}  7d7d7d7d7d7d7d7d7d7d7d7d7d7d7d7d
# epoch 13750  H=7.6441 C=7.4001 HO=0.1980  A(t)=908
       924  [[[[[[[[[[[[[[[[  5b5b5b5b5b5b5b5b5b5b5b5b5b5b5b5b
       763  <<<<<<<<<<<<<<<<  3c3c3c3c3c3c3c3c3c3c3c3c3c3c3c3c
       500  ;;;;;;;;;;;;;;;;  3b3b3b3b3b3b3b3b3b3b3b3b3b3b3b3b
       426  ================  3d3d3d3d3d3d3d3d3d3d3d3d3d3d3d3d
       396  ,,,,,,,,,,,,,,,,  2c2c2c2c2c2c2c2c2c2c2c2c2c2c2c2c
       336  >>>>>>>>>>>>>>>>  3e3e3e3e3e3e3e3e3e3e3e3e3e3e3e3e
       277  {{{{{{{{{{{{{{{{  7b7b7b7b7b7b7b7b7b7b7b7b7b7b7b7b
       245  zzzzzzzzzzzzzzzz  7a7a7a7a7a7a7a7a7a7a7a7a7a7a7a7a
       244  BBBBBBBBBBBBBBBB  42424242424242424242424242424242
       211  ................  ffffffffffffffffffffffffffffffff
# epoch 14000  H=7.6438 C=7.3839 HO=0.2172  A(t)=908
      1293  <<<<<<<<<<<<<<<<  3c3c3c3c3c3c3c3c3c3c3c3c3c3c3c3c
       915  [[[[[[[[[[[[[[[[  5b5b5b5b5b5b5b5b5b5b5b5b5b5b5b5b
       479  ================  3d3d3d3d3d3d3d3d3d3d3d3d3d3d3d3d
       469  ;;;;;;;;;;;;;;;;  3b3b3b3b3b3b3b3b3b3b3b3b3b3b3b3b
       357  ,,,,,,,,,,,,,,,,  2c2c2c2c2c2c2c2c2c2c2c2c2c2c2c2c
       298  ................  01010101010101010101010101010101
       272  ................  ffffffffffffffffffffffffffffffff
       269  4444444444444444  34343434343434343434343434343434
       223  ................  fefefefefefefefefefefefefefefefe
       222  {{{{{{{{{{{{{{{{  7b7b7b7b7b7b7b7b7b7b7b7b7b7b7b7b
# epoch 14250  H=7.6411 C=7.3923 HO=0.2057  A(t)=908
      1159  <<<<<<<<<<<<<<<<  3c3c3c3c3c3c3c3c3c3c3c3c3c3c3c3c
       522  [[[[[[[[[[[[[[[[  5b5b5b5b5b5b5b5b5b5b5b5b5b5b5b5b
       496  ================  3d3d3d3d3d3d3d3d3d3d3d3d3d3d3d3d
       437  ;;;;;;;;;;;;;;;;  3b3b3b3b3b3b3b3b3b3b3b3b3b3b3b3b
       304  ................  ffffffffffffffffffffffffffffffff
       285  ::::::::::::::::  3a3a3a3a3a3a3a3a3a3a3a3a3a3a3a3a
       269  ................  01010101010101010101010101010101
       268  {{{{{{{{{{{{{{{{  7b7b7b7b7b7b7b7b7b7b7b7b7b7b7b7b
       240  >>>>>>>>>>>>>>>>  3e3e3e3e3e3e3e3e3e3e3e3e3e3e3e3e
       210  ????????????????  3f3f3f3f3f3f3f3f3f3f3f3f3f3f3f3f
# epoch 14500  H=7.6390 C=7.3928 HO=0.1997  A(t)=909
      1134  <<<<<<<<<<<<<<<<  3c3c3c3c3c3c3c3c3c3c3c3c3c3c3c3c
       587  [[[[[[[[[[[[[[[[  5b5b5b5b5b5b5b5b5b5b5b5b5b5b5b5b
       364  ================  3d3d3d3d3d3d3d3d3d3d3d3d3d3d3d3d
       360  ;;;;;;;;;;;;;;;;  3b3b3b3b3b3b3b3b3b3b3b3b3b3b3b3b
       328  ,,,,,,,,,,,,,,,,  2c2c2c2c2c2c2c2c2c2c2c2c2c2c2c2c
       319  >>>>>>>>>>>>>>>>  3e3e3e3e3e3e3e3e3e3e3e3e3e3e3e3e
       307  {{{{{{{{{{{{{{{{  7b7b7b7b7b7b7b7b7b7b7b7b7b7b7b7b
       289  ................  ffffffffffffffffffffffffffffffff
       279  ................  fefefefefefefefefefefefefefefefe
       254  }}}}}}}}}}}}}}}}  7d7d7d7d7d7d7d7d7d7d7d7d7d7d7d7d
# epoch 14750  H=7.6378 C=7.3970 HO=0.1935  A(t)=909
       877  <<<<<<<<<<<<<<<<  3c3c3c3c3c3c3c3c3c3c3c3c3c3c3c3c
       594  [[[[[[[[[[[[[[[[  5b5b5b5b5b5b5b5b5b5b5b5b5b5b5b5b
       462  ;;;;;;;;;;;;;;;;  3b3b3b3b3b3b3b3b3b3b3b3b3b3b3b3b
       386  ================  3d3d3d3d3d3d3d3d3d3d3d3d3d3d3d3d
       290  ::::::::::::::::  3a3a3a3a3a3a3a3a3a3a3a3a3a3a3a3a
       268  ................  04040404040404040404040404040404
       213  {{{{{{{{{{{{{{{{  7b7b7b7b7b7b7b7b7b7b7b7b7b7b7b7b
       206  3333333333333333  33333333333333333333333333333333
       205  ????????????????  3f3f3f3f3f3f3f3f3f3f3f3f3f3f3f3f
       204  AAAAAAAAAAAAAAAA  41414141414141414141414141414141
# epoch 15000  H=7.6234 C=7.3503 HO=0.2361  A(t)=909
       963  <<<<<<<<<<<<<<<<  3c3c3c3c3c3c3c3c3c3c3c3c3c3c3c3c
       893  [[[[[[[[[[[[[[[[  5b5b5b5b5b5b5b5b5b5b5b5b5b5b5b5b
       826  ;;;;;;;;;;;;;;;;  3b3b3b3b3b3b3b3b3b3b3b3b3b3b3b3b
       352  ................  ffffffffffffffffffffffffffffffff
       298  ================  3d3d3d3d3d3d3d3d3d3d3d3d3d3d3d3d
       296  @@@@@@@@@@@@@@@@  40404040404040404040404040404040
       296  ,,,,,,,,,,,,,,,,  2c2c2c2c2c2c2c2c2c2c2c2c2c2c2c2c
       295  ]]]]]]]]]]]]]]]]  5d5d5d5d5d5d5d5d5d5d5d5d5d5d5d5d
       295  ????????????????  3f3f3f3f3f3f3f3f3f3f3f3f3f3f3f3f
       245  ::::::::::::::::  3a3a3a3a3a3a3a3a3a3a3a3a3a3a3a3a
# epoch 15250  H=7.4307 C=7.0467 HO=0.3801  A(t)=910
      1715  <<<<<<<<<<<<<<<<  3c3c3c3c3c3c3c3c3c3c3c3c3c3c3c3c
       835  <[YZ,].:b[......  3c5b595a2c5d023a625b02de00d80000
       488  ;;;;;;;;;;;;;;;;  3b3b3b3b3b3b3b3b3b3b3b3b3b3b3b3b
       421  ,].:b[......<,b.  2c5d023a625b02de00d800003c2c6200
       406  [YZ,].:b[......<  5b595a2c5d023a625b02de00d800003c
       404  Z,].:b[......<,b  5a2c5d023a625b02de00d800003c2c62
       397  YZ,].:b[......<,  595a2c5d023a625b02de00d800003c2c
       370  [[[[[[[[[[[[[[[[  5b5b5b5b5b5b5b5b5b5b5b5b5b5b5b5b
       225  zzzzzzzzzzzzzzzz  7a7a7a7a7a7a7a7a7a7a7a7a7a7a7a7a
       223  ????????????????  3f3f3f3f3f3f3f3f3f3f3f3f3f3f3f3f
# epoch 15500  H=7.2729 C=6.9592 HO=0.3308  A(t)=910
      1919  <<<<<<<<<<<<<<<<  3c3c3c3c3c3c3c3c3c3c3c3c3c3c3c3c
       778  ;;;;;;;;;;;;;;;;  3b3b3b3b3b3b3b3b3b3b3b3b3b3b3b3b
       592  ZZZZZZZZZZZZZZZZ  5a5a5a5a5a5a5a5a5a5a5a5a5a5a5a5a
       542  ================  3d3d3d3d3d3d3d3d3d3d3d3d3d3d3d3d
       445  <[YZ,].:b[......  3c5b595a2c5d023a625b02de00d80000
       388  ,,,,,,,,,,,,,,,,  2c2c2c2c2c2c2c2c2c2c2c2c2c2c2c2c
       236  ,].:b[......<,b.  2c5d023a625b02de00d800003c2c6200
       226  [YZ,].:b[......<  5b595a2c5d023a625b02de00d800003c
       209  YZ,].:b[......<,  595a2c5d023a625b02de00d800003c2c
       206  Z,].:b[......<,b  5a2c5d023a625b02de00d800003c2c62
# epoch 15750  H=7.1772 C=6.9766 HO=0.2291  A(t)=910
      3889  <<<<<<<<<<<<<<<<  3c3c3c3c3c3c3c3c3c3c3c3c3c3c3c3c
      1177  ZZZZZZZZZZZZZZZZ  5a5a5a5a5a5a5a5a5a5a5a5a5a5a5a5a
       766  [[[[[[[[[[[[[[[[  5b5b5b5b5b5b5b5b5b5b5b5b5b5b5b5b
       754  ................  00000000000000000000000000000000
       395  ;;;;;;;;;;;;;;;;  3b3b3b3b3b3b3b3b3b3b3b3b3b3b3b3b
       345  ================  3d3d3d3d3d3d3d3d3d3d3d3d3d3d3d3d
       202  ................  ffffffffffffffffffffffffffffffff
       142  ::::::::::::::::  3a3a3a3a3a3a3a3a3a3a3a3a3a3a3a3a
       137  <[YZ,].:b[......  3c5b595a2c5d023a625b02de00d80000
       135  ,,,,,,,,,,,,,,,,  2c2c2c2c2c2c2c2c2c2c2c2c2c2c2c2c
# epoch 16000  H=7.1357 C=7.0115 HO=0.1474  A(t)=1007
      2061  <<<<<<<<<<<<<<<<  3c3c3c3c3c3c3c3c3c3c3c3c3c3c3c3c
      1652  ;;;;;;;;;;;;;;;;  3b3b3b3b3b3b3b3b3b3b3b3b3b3b3b3b
       681  ================  3d3d3d3d3d3d3d3d3d3d3d3d3d3d3d3d
       445  ****************  2a2a2a2a2a2a2a2a2a2a2a2a2a2a2a2a
       406  ,,,,,,,,,,,,,,,,  2c2c2c2c2c2c2c2c2c2c2c2c2c2c2c2c
       393  [[[[[[[[[[[[[[[[  5b5b5b5b5b5b5b5b5b5b5b5b5b5b5b5b
       251  ................  01010101010101010101010101010101
       221  ................  1f1f1f1f1f1f1f1f1f1f1f1f1f1f1f1f
       208  ZZZZZZZZZZZZZZZZ  5a5a5a5a5a5a5a5a5a5a5a5a5a5a5a5a
       197  ................  05050505050505050505050505050505
