# epoch 0  H=7.9999 C=8.0025 HO=-0.0001  A(t)=0
         1  ...#....K36{...K  ffffe023a2b5ff9b4b33367bd9f9bf4b
         1  ...g|.J.....X.N.  ffffce677ca44aeedfb9e81258b54eb9
         1  ...Cw.n;..o.h.U.  ffffcd4377fc6e3bb8fe6faf680d55f4
         1  ...c.4....-E...$  ffffc163813416c29ef22d4588190b24
         1  ....>..<...W..g.  ffffbead3ee7a93cd8c8a557dddd67ec
         1  ...]REe......{1G  ffffb95d524565fa16d983a80b7b3147
         1  ......X....).h..  ffffa6e2afa758c1fdbc8e29d3681112
         1  .......+.....O..  ffffa686b2b6862b97a6c8c3c04f9913
         1  .....9...|e.f...  ffff8edeae392ebbc57c65a966eebc04
         1  ..............==  ffff8ca4c7c51a1804c00a818e8e3d3d
# epoch 250  H=7.9965 C=7.9069 HO=0.0745  A(t)=0
       379  [[[[[[[[[[[[[[[[  5b5b5b5b5b5b5b5b5b5b5b5b5b5b5b5b
       280  ]]]]]]]]]]]]]]]]  5d5d5d5d5d5d5d5d5d5d5d5d5d5d5d5d
       138  ,,,,,,,,,,,,,,,,  2c2c2c2c2c2c2c2c2c2c2c2c2c2c2c2c
        86  ................  d5d5d5d5d5d5d5d5d5d5d5d5d5d5d5d5
        83  ................  97979797979797979797979797979797
        78  &&&&&&&&&&&&&&&&  26262626262626262626262626262626
        66  ................  e3e3e3e3e3e3e3e3e3e3e3e3e3e3e3e3
        60  ||||||||||||||||  7c7c7c7c7c7c7c7c7c7c7c7c7c7c7c7c
        58  EEEEEEEEEEEEEEEE  45454545454545454545454545454545
        53  ^^^^^^^^^^^^^^^^  5e5e5e5e5e5e5e5e5e5e5e5e5e5e5e5e
# epoch 500  H=7.9929 C=7.8754 HO=0.0894  A(t)=0
       221  [[[[[[[[[[[[[[[[  5b5b5b5b5b5b5b5b5b5b5b5b5b5b5b5b
       216  ]]]]]]]]]]]]]]]]  5d5d5d5d5d5d5d5d5d5d5d5d5d5d5d5d
       195  ,,,,,,,,,,,,,,,,  2c2c2c2c2c2c2c2c2c2c2c2c2c2c2c2c
        92  ................  01010101010101010101010101010101
        71  cccccccccccccccc  63636363636363636363636363636363
        71  ................  00000000000000000000000000000000
        69  \\\\\\\\\\\\\\\\  5c5c5c5c5c5c5c5c5c5c5c5c5c5c5c5c
        59  qqqqqqqqqqqqqqqq  71717171717171717171717171717171
        54  wwwwwwwwwwwwwwww  77777777777777777777777777777777
        52  ................  8a8a8a8a8a8a8a8a8a8a8a8a8a8a8a8a
# epoch 750  H=7.9890 C=7.8578 HO=0.0967  A(t)=0
       246  ,,,,,,,,,,,,,,,,  2c2c2c2c2c2c2c2c2c2c2c2c2c2c2c2c
       193  ]]]]]]]]]]]]]]]]  5d5d5d5d5d5d5d5d5d5d5d5d5d5d5d5d
       193  [[[[[[[[[[[[[[[[  5b5b5b5b5b5b5b5b5b5b5b5b5b5b5b5b
        75  ................  ffffffffffffffffffffffffffffffff
        61  ................  cdcdcdcdcdcdcdcdcdcdcdcdcdcdcdcd
        55  wwwwwwwwwwwwwwww  77777777777777777777777777777777
        52  dddddddddddddddd  64646464646464646464646464646464
        50  ................  7f7f7f7f7f7f7f7f7f7f7f7f7f7f7f7f
        45  ................  13131313131313131313131313131313
        42  MMMMMMMMMMMMMMMM  4d4d4d4d4d4d4d4d4d4d4d4d4d4d4d4d
# epoch 1000  H=7.9851 C=7.8439 HO=0.1044  A(t)=0
       161  ]]]]]]]]]]]]]]]]  5d5d5d5d5d5d5d5d5d5d5d5d5d5d5d5d
       146  [[[[[[[[[[[[[[[[  5b5b5b5b5b5b5b5b5b5b5b5b5b5b5b5b
       143  ................  2e2e2e2e2e2e2e2e2e2e2e2e2e2e2e2e
       141  ,,,,,,,,,,,,,,,,  2c2c2c2c2c2c2c2c2c2c2c2c2c2c2c2c
        73  llllllllllllllll  6c6c6c6c6c6c6c6c6c6c6c6c6c6c6c6c
        62  ................  ffffffffffffffffffffffffffffffff
        56  ~~~~~~~~~~~~~~~~  7e7e7e7e7e7e7e7e7e7e7e7e7e7e7e7e
        51  ................  adadadadadadadadadadadadadadadad
        48  ;;;;;;;;;;;;;;;;  3b3b3b3b3b3b3b3b3b3b3b3b3b3b3b3b
        46  ................  13131313131313131313131313131313
# epoch 1250  H=7.9811 C=7.8285 HO=0.1129  A(t)=199
       212  [[[[[[[[[[[[[[[[  5b5b5b5b5b5b5b5b5b5b5b5b5b5b5b5b
       159  ]]]]]]]]]]]]]]]]  5d5d5d5d5d5d5d5d5d5d5d5d5d5d5d5d
        98  ,,,,,,,,,,,,,,,,  2c2c2c2c2c2c2c2c2c2c2c2c2c2c2c2c
        75  BBBBBBBBBBBBBBBB  42424242424242424242424242424242
        72  ................  2e2e2e2e2e2e2e2e2e2e2e2e2e2e2e2e
        65  ................  c1c1c1c1c1c1c1c1c1c1c1c1c1c1c1c1
        62  ................  b6b6b6b6b6b6b6b6b6b6b6b6b6b6b6b6
        55  ................  e3e3e3e3e3e3e3e3e3e3e3e3e3e3e3e3
        53  ................  f3f3f3f3f3f3f3f3f3f3f3f3f3f3f3f3
        46  ................  fdfdfdfdfdfdfdfdfdfdfdfdfdfdfdfd
# epoch 1500  H=7.9786 C=7.8179 HO=0.1167  A(t)=210
       223  [[[[[[[[[[[[[[[[  5b5b5b5b5b5b5b5b5b5b5b5b5b5b5b5b
       200  ,,,,,,,,,,,,,,,,  2c2c2c2c2c2c2c2c2c2c2c2c2c2c2c2c
       160  ]]]]]]]]]]]]]]]]  5d5d5d5d5d5d5d5d5d5d5d5d5d5d5d5d
        70  ................  e0e0e0e0e0e0e0e0e0e0e0e0e0e0e0e0
        63  \\\\\\\\\\\\\\\\  5c5c5c5c5c5c5c5c5c5c5c5c5c5c5c5c
        62  ................  8d8d8d8d8d8d8d8d8d8d8d8d8d8d8d8d
        59  ................  01010101010101010101010101010101
        53  ................  f6f6f6f6f6f6f6f6f6f6f6f6f6f6f6f6
        49  ................  dddddddddddddddddddddddddddddddd
        49  ................  b6b6b6b6b6b6b6b6b6b6b6b6b6b6b6b6
# epoch 1750  H=7.9759 C=7.8109 HO=0.1225  A(t)=215
       229  ]]]]]]]]]]]]]]]]  5d5d5d5d5d5d5d5d5d5d5d5d5d5d5d5d
       178  [[[[[[[[[[[[[[[[  5b5b5b5b5b5b5b5b5b5b5b5b5b5b5b5b
       133  ,,,,,,,,,,,,,,,,  2c2c2c2c2c2c2c2c2c2c2c2c2c2c2c2c
        82  ................  0f0f0f0f0f0f0f0f0f0f0f0f0f0f0f0f
        68  gggggggggggggggg  67676767676767676767676767676767
        64  ................  c2c2c2c2c2c2c2c2c2c2c2c2c2c2c2c2
        64  ................  89898989898989898989898989898989
        58  ................  8e8e8e8e8e8e8e8e8e8e8e8e8e8e8e8e
        56  ................  a1a1a1a1a1a1a1a1a1a1a1a1a1a1a1a1
        51  xxxxxxxxxxxxxxxx  78787878787878787878787878787878
# epoch 2000  H=7.9737 C=7.8032 HO=0.1273  A(t)=222
       172  [[[[[[[[[[[[[[[[  5b5b5b5b5b5b5b5b5b5b5b5b5b5b5b5b
       144  ,,,,,,,,,,,,,,,,  2c2c2c2c2c2c2c2c2c2c2c2c2c2c2c2c
        97  YYYYYYYYYYYYYYYY  59595959595959595959595959595959
        94  ]]]]]]]]]]]]]]]]  5d5d5d5d5d5d5d5d5d5d5d5d5d5d5d5d
        77  ................  2e2e2e2e2e2e2e2e2e2e2e2e2e2e2e2e
        54  2222222222222222  32323232323232323232323232323232
        51  %%%%%%%%%%%%%%%%  25252525252525252525252525252525
        50  ZZZZZZZZZZZZZZZZ  5a5a5a5a5a5a5a5a5a5a5a5a5a5a5a5a
        48  ................  eeeeeeeeeeeeeeeeeeeeeeeeeeeeeeee
        48  ................  19191919191919191919191919191919
# epoch 2250  H=7.9719 C=7.8017 HO=0.1255  A(t)=231
       194  ]]]]]]]]]]]]]]]]  5d5d5d5d5d5d5d5d5d5d5d5d5d5d5d5d
       162  ,,,,,,,,,,,,,,,,  2c2c2c2c2c2c2c2c2c2c2c2c2c2c2c2c
        98  [[[[[[[[[[[[[[[[  5b5b5b5b5b5b5b5b5b5b5b5b5b5b5b5b
        73  }}}}}}}}}}}}}}}}  7d7d7d7d7d7d7d7d7d7d7d7d7d7d7d7d
        65  ................  d2d2d2d2d2d2d2d2d2d2d2d2d2d2d2d2
        64  ................  2e2e2e2e2e2e2e2e2e2e2e2e2e2e2e2e
        54  ................  d7d7d7d7d7d7d7d7d7d7d7d7d7d7d7d7
        52  ................  19191919191919191919191919191919
        49  ................  f8f8f8f8f8f8f8f8f8f8f8f8f8f8f8f8
        45  llllllllllllllll  6c6c6c6c6c6c6c6c6c6c6c6c6c6c6c6c
# epoch 2500  H=7.9702 C=7.7957 HO=0.1235  A(t)=240
       165  ,,,,,,,,,,,,,,,,  2c2c2c2c2c2c2c2c2c2c2c2c2c2c2c2c
       150  [[[[[[[[[[[[[[[[  5b5b5b5b5b5b5b5b5b5b5b5b5b5b5b5b
       112  ]]]]]]]]]]]]]]]]  5d5d5d5d5d5d5d5d5d5d5d5d5d5d5d5d
        79  ................  2e2e2e2e2e2e2e2e2e2e2e2e2e2e2e2e
        79  ))))))))))))))))  29292929292929292929292929292929
        55  ZZZZZZZZZZZZZZZZ  5a5a5a5a5a5a5a5a5a5a5a5a5a5a5a5a
        44  uuuuuuuuuuuuuuuu  75757575757575757575757575757575
        43  ;;;;;;;;;;;;;;;;  3b3b3b3b3b3b3b3b3b3b3b3b3b3b3b3b
        41  ................  8a8a8a8a8a8a8a8a8a8a8a8a8a8a8a8a
        38  ................  07070707070707070707070707070707
# epoch 2750  H=7.9686 C=7.7900 HO=0.1279  A(t)=246
       196  ]]]]]]]]]]]]]]]]  5d5d5d5d5d5d5d5d5d5d5d5d5d5d5d5d
       159  ,,,,,,,,,,,,,,,,  2c2c2c2c2c2c2c2c2c2c2c2c2c2c2c2c
        98  [[[[[[[[[[[[[[[[  5b5b5b5b5b5b5b5b5b5b5b5b5b5b5b5b
        98  ................  06060606060606060606060606060606
        71  ................  05050505050505050505050505050505
        58  iiiiiiiiiiiiiiii  69696969696969696969696969696969
        52  ................  2e2e2e2e2e2e2e2e2e2e2e2e2e2e2e2e
        48  ................  9b9b9b9b9b9b9b9b9b9b9b9b9b9b9b9b
        47  xxxxxxxxxxxxxxxx  78787878787878787878787878787878
        43  ~~~~~~~~~~~~~~~~  7e7e7e7e7e7e7e7e7e7e7e7e7e7e7e7e
# epoch 3000  H=7.9671 C=7.7891 HO=0.1231  A(t)=249
       189  [[[[[[[[[[[[[[[[  5b5b5b5b5b5b5b5b5b5b5b5b5b5b5b5b
       131  ]]]]]]]]]]]]]]]]  5d5d5d5d5d5d5d5d5d5d5d5d5d5d5d5d
        99  ,,,,,,,,,,,,,,,,  2c2c2c2c2c2c2c2c2c2c2c2c2c2c2c2c
        82  ................  01010101010101010101010101010101
        69  ................  06060606060606060606060606060606
        63  ================  3d3d3d3d3d3d3d3d3d3d3d3d3d3d3d3d
        54  TTTTTTTTTTTTTTTT  54545454545454545454545454545454
        52  ................  c4c4c4c4c4c4c4c4c4c4c4c4c4c4c4c4
        49  BBBBBBBBBBBBBBBB  42424242424242424242424242424242
        47  ................  ebebebebebebebebebebebebebebebeb
# epoch 3250  H=7.9662 C=7.7805 HO=0.1350  A(t)=251
       204  ]]]]]]]]]]]]]]]]  5d5d5d5d5d5d5d5d5d5d5d5d5d5d5d5d
       195  ,,,,,,,,,,,,,,,,  2c2c2c2c2c2c2c2c2c2c2c2c2c2c2c2c
       190  [[[[[[[[[[[[[[[[  5b5b5b5b5b5b5b5b5b5b5b5b5b5b5b5b
        83  ================  3d3d3d3d3d3d3d3d3d3d3d3d3d3d3d3d
        62  ................  fcfcfcfcfcfcfcfcfcfcfcfcfcfcfcfc
        61  ................  01010101010101010101010101010101
        52  ................  ebebebebebebebebebebebebebebebeb
        49  yyyyyyyyyyyyyyyy  79797979797979797979797979797979
        47  ................  82828282828282828282828282828282
        44  ****************  2a2a2a2a2a2a2a2a2a2a2a2a2a2a2a2a
# epoch 3500  H=7.9650 C=7.7806 HO=0.1322  A(t)=253
       206  [[[[[[[[[[[[[[[[  5b5b5b5b5b5b5b5b5b5b5b5b5b5b5b5b
       187  ]]]]]]]]]]]]]]]]  5d5d5d5d5d5d5d5d5d5d5d5d5d5d5d5d
        83  xxxxxxxxxxxxxxxx  78787878787878787878787878787878
        81  ****************  2a2a2a2a2a2a2a2a2a2a2a2a2a2a2a2a
        75  ,,,,,,,,,,,,,,,,  2c2c2c2c2c2c2c2c2c2c2c2c2c2c2c2c
        72  ................  2e2e2e2e2e2e2e2e2e2e2e2e2e2e2e2e
        64  ................  a8a8a8a8a8a8a8a8a8a8a8a8a8a8a8a8
        61  ................  1f1f1f1f1f1f1f1f1f1f1f1f1f1f1f1f
        53  8888888888888888  38383838383838383838383838383838
        52  ................  fcfcfcfcfcfcfcfcfcfcfcfcfcfcfcfc
# epoch 3750  H=7.9625 C=7.7797 HO=0.1322  A(t)=254
       311  ,,,,,,,,,,,,,,,,  2c2c2c2c2c2c2c2c2c2c2c2c2c2c2c2c
       242  [[[[[[[[[[[[[[[[  5b5b5b5b5b5b5b5b5b5b5b5b5b5b5b5b
        99  ]]]]]]]]]]]]]]]]  5d5d5d5d5d5d5d5d5d5d5d5d5d5d5d5d
        67  ................  aaaaaaaaaaaaaaaaaaaaaaaaaaaaaaaa
        63  ................  e8e8e8e8e8e8e8e8e8e8e8e8e8e8e8e8
        58  ................  fdfdfdfdfdfdfdfdfdfdfdfdfdfdfdfd
        58  ;;;;;;;;;;;;;;;;  3b3b3b3b3b3b3b3b3b3b3b3b3b3b3b3b
        56  ................  2e2e2e2e2e2e2e2e2e2e2e2e2e2e2e2e
        55  BBBBBBBBBBBBBBBB  42424242424242424242424242424242
        53  ................  bbbbbbbbbbbbbbbbbbbbbbbbbbbbbbbb
# epoch 4000  H=7.9607 C=7.7743 HO=0.1334  A(t)=255
       285  [[[[[[[[[[[[[[[[  5b5b5b5b5b5b5b5b5b5b5b5b5b5b5b5b
       152  ,,,,,,,,,,,,,,,,  2c2c2c2c2c2c2c2c2c2c2c2c2c2c2c2c
       140  ]]]]]]]]]]]]]]]]  5d5d5d5d5d5d5d5d5d5d5d5d5d5d5d5d
        83  ))))))))))))))))  29292929292929292929292929292929
        81  ................  2e2e2e2e2e2e2e2e2e2e2e2e2e2e2e2e
        58  ................  ffffffffffffffffffffffffffffffff
        57  ................  01010101010101010101010101010101
        56  4444444444444444  34343434343434343434343434343434
        53  ................  aeaeaeaeaeaeaeaeaeaeaeaeaeaeaeae
        49  ................  f1f1f1f1f1f1f1f1f1f1f1f1f1f1f1f1
# epoch 4250  H=7.9575 C=7.7595 HO=0.1467  A(t)=255
       376  [[[[[[[[[[[[[[[[  5b5b5b5b5b5b5b5b5b5b5b5b5b5b5b5b
       189  ,,,,,,,,,,,,,,,,  2c2c2c2c2c2c2c2c2c2c2c2c2c2c2c2c
       125  ................  03030303030303030303030303030303
       113  ]]]]]]]]]]]]]]]]  5d5d5d5d5d5d5d5d5d5d5d5d5d5d5d5d
        80  bbbbbbbbbbbbbbbb  62626262626262626262626262626262
        72  ................  f6f6f6f6f6f6f6f6f6f6f6f6f6f6f6f6
        68  ................  2e2e2e2e2e2e2e2e2e2e2e2e2e2e2e2e
        64  ................  fbfbfbfbfbfbfbfbfbfbfbfbfbfbfbfb
        55  &&&&&&&&&&&&&&&&  26262626262626262626262626262626
        54  ))))))))))))))))  29292929292929292929292929292929
# epoch 4500  H=7.9559 C=7.7566 HO=0.1417  A(t)=255
       313  [[[[[[[[[[[[[[[[  5b5b5b5b5b5b5b5b5b5b5b5b5b5b5b5b
       227  ,,,,,,,,,,,,,,,,  2c2c2c2c2c2c2c2c2c2c2c2c2c2c2c2c
       144  ]]]]]]]]]]]]]]]]  5d5d5d5d5d5d5d5d5d5d5d5d5d5d5d5d
       107  ................  ffffffffffffffffffffffffffffffff
        72  EEEEEEEEEEEEEEEE  45454545454545454545454545454545
        65  ................  f6f6f6f6f6f6f6f6f6f6f6f6f6f6f6f6
        64  GGGGGGGGGGGGGGGG  47474747474747474747474747474747
        59  ________________  5f5f5f5f5f5f5f5f5f5f5f5f5f5f5f5f
        58  ................  05050505050505050505050505050505
        54  ================  3d3d3d3d3d3d3d3d3d3d3d3d3d3d3d3d
# epoch 4750  H=7.9545 C=7.7551 HO=0.1466  A(t)=255
       274  ,,,,,,,,,,,,,,,,  2c2c2c2c2c2c2c2c2c2c2c2c2c2c2c2c
       146  ]]]]]]]]]]]]]]]]  5d5d5d5d5d5d5d5d5d5d5d5d5d5d5d5d
        89  [[[[[[[[[[[[[[[[  5b5b5b5b5b5b5b5b5b5b5b5b5b5b5b5b
        82  ................  2e2e2e2e2e2e2e2e2e2e2e2e2e2e2e2e
        77  ................  99999999999999999999999999999999
        70  ................  f8f8f8f8f8f8f8f8f8f8f8f8f8f8f8f8
        54  nnnnnnnnnnnnnnnn  6e6e6e6e6e6e6e6e6e6e6e6e6e6e6e6e
        50  ................  bcbcbcbcbcbcbcbcbcbcbcbcbcbcbcbc
        42  ................  1e1e1e1e1e1e1e1e1e1e1e1e1e1e1e1e
        40  ................  03030303030303030303030303030303
# epoch 5000  H=7.9529 C=7.7500 HO=0.1456  A(t)=255
       194  ,,,,,,,,,,,,,,,,  2c2c2c2c2c2c2c2c2c2c2c2c2c2c2c2c
       145  [[[[[[[[[[[[[[[[  5b5b5b5b5b5b5b5b5b5b5b5b5b5b5b5b
        93  ]]]]]]]]]]]]]]]]  5d5d5d5d5d5d5d5d5d5d5d5d5d5d5d5d
        88  ................  2e2e2e2e2e2e2e2e2e2e2e2e2e2e2e2e
        66  ................  efefefefefefefefefefefefefefefef
        62  >>>>>>>>>>>>>>>>  3e3e3e3e3e3e3e3e3e3e3e3e3e3e3e3e
        54  ................  d2d2d2d2d2d2d2d2d2d2d2d2d2d2d2d2
        49  ****************  2a2a2a2a2a2a2a2a2a2a2a2a2a2a2a2a
        47  ................  1e1e1e1e1e1e1e1e1e1e1e1e1e1e1e1e
        44  ................  b7b7b7b7b7b7b7b7b7b7b7b7b7b7b7b7
# epoch 5250  H=7.9519 C=7.7477 HO=0.1481  A(t)=255
       189  ,,,,,,,,,,,,,,,,  2c2c2c2c2c2c2c2c2c2c2c2c2c2c2c2c
       138  [[[[[[[[[[[[[[[[  5b5b5b5b5b5b5b5b5b5b5b5b5b5b5b5b
       133  ]]]]]]]]]]]]]]]]  5d5d5d5d5d5d5d5d5d5d5d5d5d5d5d5d
        97  ................  cccccccccccccccccccccccccccccccc
        93  ................  2e2e2e2e2e2e2e2e2e2e2e2e2e2e2e2e
        70  ................  fdfdfdfdfdfdfdfdfdfdfdfdfdfdfdfd
        58  }}}}}}}}}}}}}}}}  7d7d7d7d7d7d7d7d7d7d7d7d7d7d7d7d
        55  ................  05050505050505050505050505050505
        53  \\\\\\\\\\\\\\\\  5c5c5c5c5c5c5c5c5c5c5c5c5c5c5c5c
        50  ZZZZZZZZZZZZZZZZ  5a5a5a5a5a5a5a5a5a5a5a5a5a5a5a5a
# epoch 5500  H=7.9500 C=7.7447 HO=0.1482  A(t)=255
       181  ,,,,,,,,,,,,,,,,  2c2c2c2c2c2c2c2c2c2c2c2c2c2c2c2c
       156  [[[[[[[[[[[[[[[[  5b5b5b5b5b5b5b5b5b5b5b5b5b5b5b5b
       135  ]]]]]]]]]]]]]]]]  5d5d5d5d5d5d5d5d5d5d5d5d5d5d5d5d
        73  ................  cdcdcdcdcdcdcdcdcdcdcdcdcdcdcdcd
        56  ................  02020202020202020202020202020202
        55  ................  fefefefefefefefefefefefefefefefe
        52  \\\\\\\\\\\\\\\\  5c5c5c5c5c5c5c5c5c5c5c5c5c5c5c5c
        47  ................  86868686868686868686868686868686
        44  9999999999999999  39393939393939393939393939393939
        43  ................  91919191919191919191919191919191
# epoch 5750  H=7.9484 C=7.7416 HO=0.1513  A(t)=255
       357  [[[[[[[[[[[[[[[[  5b5b5b5b5b5b5b5b5b5b5b5b5b5b5b5b
       314  ]]]]]]]]]]]]]]]]  5d5d5d5d5d5d5d5d5d5d5d5d5d5d5d5d
       167  ,,,,,,,,,,,,,,,,  2c2c2c2c2c2c2c2c2c2c2c2c2c2c2c2c
        68  ................  2e2e2e2e2e2e2e2e2e2e2e2e2e2e2e2e
        66  ................  86868686868686868686868686868686
        65  $$$$$$$$$$$$$$$$  24242424242424242424242424242424
        61  ................  cacacacacacacacacacacacacacacaca
        58  VVVVVVVVVVVVVVVV  56565656565656565656565656565656
        53  >>>>>>>>>>>>>>>>  3e3e3e3e3e3e3e3e3e3e3e3e3e3e3e3e
        43  9999999999999999  39393939393939393939393939393939
# epoch 6000  H=7.9478 C=7.7365 HO=0.1515  A(t)=255
       221  ,,,,,,,,,,,,,,,,  2c2c2c2c2c2c2c2c2c2c2c2c2c2c2c2c
       186  ]]]]]]]]]]]]]]]]  5d5d5d5d5d5d5d5d5d5d5d5d5d5d5d5d
       176  [[[[[[[[[[[[[[[[  5b5b5b5b5b5b5b5b5b5b5b5b5b5b5b5b
        60  ZZZZZZZZZZZZZZZZ  5a5a5a5a5a5a5a5a5a5a5a5a5a5a5a5a
        49  ++++++++++++++++  2b2b2b2b2b2b2b2b2b2b2b2b2b2b2b2b
        40  ................  fefefefefefefefefefefefefefefefe
        39  ................  fbfbfbfbfbfbfbfbfbfbfbfbfbfbfbfb
        39  ................  aaaaaaaaaaaaaaaaaaaaaaaaaaaaaaaa
        39  ~~~~~~~~~~~~~~~~  7e7e7e7e7e7e7e7e7e7e7e7e7e7e7e7e
        39  DDDDDDDDDDDDDDDD  44444444444444444444444444444444
# epoch 6250  H=7.9490 C=7.7383 HO=0.1535  A(t)=255
       147  ]]]]]]]]]]]]]]]]  5d5d5d5d5d5d5d5d5d5d5d5d5d5d5d5d
       146  ,,,,,,,,,,,,,,,,  2c2c2c2c2c2c2c2c2c2c2c2c2c2c2c2c
       130  [[[[[[[[[[[[[[[[  5b5b5b5b5b5b5b5b5b5b5b5b5b5b5b5b
        84  ................  fefefefefefefefefefefefefefefefe
        72  ................  91919191919191919191919191919191
        58  ................  f7f7f7f7f7f7f7f7f7f7f7f7f7f7f7f7
        57  ................  bdbdbdbdbdbdbdbdbdbdbdbdbdbdbdbd
        49  ................  c4c4c4c4c4c4c4c4c4c4c4c4c4c4c4c4
        47  ================  3d3d3d3d3d3d3d3d3d3d3d3d3d3d3d3d
        46  ................  a4a4a4a4a4a4a4a4a4a4a4a4a4a4a4a4
# epoch 6500  H=7.9493 C=7.7392 HO=0.1495  A(t)=255
       322  [[[[[[[[[[[[[[[[  5b5b5b5b5b5b5b5b5b5b5b5b5b5b5b5b
       205  ,,,,,,,,,,,,,,,,  2c2c2c2c2c2c2c2c2c2c2c2c2c2c2c2c
       170  ]]]]]]]]]]]]]]]]  5d5d5d5d5d5d5d5d5d5d5d5d5d5d5d5d
       103  ................  2e2e2e2e2e2e2e2e2e2e2e2e2e2e2e2e
        64  ................  fefefefefefefefefefefefefefefefe
        53  ................  bebebebebebebebebebebebebebebebe
        52  ................  01010101010101010101010101010101
        47  ................  97979797979797979797979797979797
        45  ................  f2f2f2f2f2f2f2f2f2f2f2f2f2f2f2f2
        45  ................  f1f1f1f1f1f1f1f1f1f1f1f1f1f1f1f1
# epoch 6750  H=7.9475 C=7.7355 HO=0.1531  A(t)=255
       296  [[[[[[[[[[[[[[[[  5b5b5b5b5b5b5b5b5b5b5b5b5b5b5b5b
       210  ,,,,,,,,,,,,,,,,  2c2c2c2c2c2c2c2c2c2c2c2c2c2c2c2c
       207  ]]]]]]]]]]]]]]]]  5d5d5d5d5d5d5d5d5d5d5d5d5d5d5d5d
       114  ................  ffffffffffffffffffffffffffffffff
        68  ................  f4f4f4f4f4f4f4f4f4f4f4f4f4f4f4f4
        66  ................  94949494949494949494949494949494
        61  DDDDDDDDDDDDDDDD  44444444444444444444444444444444
        60  ................  bebebebebebebebebebebebebebebebe
        50  ................  82828282828282828282828282828282
        50  ffffffffffffffff  66666666666666666666666666666666
# epoch 7000  H=7.9475 C=7.7402 HO=0.1443  A(t)=256
       227  ,,,,,,,,,,,,,,,,  2c2c2c2c2c2c2c2c2c2c2c2c2c2c2c2c
       130  [[[[[[[[[[[[[[[[  5b5b5b5b5b5b5b5b5b5b5b5b5b5b5b5b
       119  ]]]]]]]]]]]]]]]]  5d5d5d5d5d5d5d5d5d5d5d5d5d5d5d5d
        91  ................  01010101010101010101010101010101
        68  qqqqqqqqqqqqqqqq  71717171717171717171717171717171
        62  ................  a5a5a5a5a5a5a5a5a5a5a5a5a5a5a5a5
        60  ................  fbfbfbfbfbfbfbfbfbfbfbfbfbfbfbfb
        55  kkkkkkkkkkkkkkkk  6b6b6b6b6b6b6b6b6b6b6b6b6b6b6b6b
        53  ................  ffffffffffffffffffffffffffffffff
        49  OOOOOOOOOOOOOOOO  4f4f4f4f4f4f4f4f4f4f4f4f4f4f4f4f
# epoch 7250  H=7.9475 C=7.7369 HO=0.1508  A(t)=256
       216  [[[[[[[[[[[[[[[[  5b5b5b5b5b5b5b5b5b5b5b5b5b5b5b5b
       162  ,,,,,,,,,,,,,,,,  2c2c2c2c2c2c2c2c2c2c2c2c2c2c2c2c
        89  ]]]]]]]]]]]]]]]]  5d5d5d5d5d5d5d5d5d5d5d5d5d5d5d5d
        70  ................  80808080808080808080808080808080
        69  ................  01010101010101010101010101010101
        65  ................  1e1e1e1e1e1e1e1e1e1e1e1e1e1e1e1e
        57  ^^^^^^^^^^^^^^^^  5e5e5e5e5e5e5e5e5e5e5e5e5e5e5e5e
        55  ................  02020202020202020202020202020202
        47  ................  acacacacacacacacacacacacacacacac
        47  ................  12121212121212121212121212121212
# epoch 7500  H=7.9475 C=7.7359 HO=0.1538  A(t)=256
       219  ,,,,,,,,,,,,,,,,  2c2c2c2c2c2c2c2c2c2c2c2c2c2c2c2c
       139  ]]]]]]]]]]]]]]]]  5d5d5d5d5d5d5d5d5d5d5d5d5d5d5d5d
       131  ................  ffffffffffffffffffffffffffffffff
       122  [[[[[[[[[[[[[[[[  5b5b5b5b5b5b5b5b5b5b5b5b5b5b5b5b
       115  ................  2e2e2e2e2e2e2e2e2e2e2e2e2e2e2e2e
        91  \\\\\\\\\\\\\\\\  5c5c5c5c5c5c5c5c5c5c5c5c5c5c5c5c
        75  ................  c2c2c2c2c2c2c2c2c2c2c2c2c2c2c2c2
        67  ssssssssssssssss  73737373737373737373737373737373
        67  ................  01010101010101010101010101010101
        61  ................  95959595959595959595959595959595
# epoch 7750  H=7.9470 C=7.7354 HO=0.1486  A(t)=256
       316  [[[[[[[[[[[[[[[[  5b5b5b5b5b5b5b5b5b5b5b5b5b5b5b5b
       174  ,,,,,,,,,,,,,,,,  2c2c2c2c2c2c2c2c2c2c2c2c2c2c2c2c
       157  ]]]]]]]]]]]]]]]]  5d5d5d5d5d5d5d5d5d5d5d5d5d5d5d5d
        82  ................  2e2e2e2e2e2e2e2e2e2e2e2e2e2e2e2e
        81  ................  ffffffffffffffffffffffffffffffff
        65  \\\\\\\\\\\\\\\\  5c5c5c5c5c5c5c5c5c5c5c5c5c5c5c5c
        53  ................  eeeeeeeeeeeeeeeeeeeeeeeeeeeeeeee
        42  8888888888888888  38383838383838383838383838383838
        41  ................  fcfcfcfcfcfcfcfcfcfcfcfcfcfcfcfc
        41  ZZZZZZZZZZZZZZZZ  5a5a5a5a5a5a5a5a5a5a5a5a5a5a5a5a
# epoch 8000  H=7.9443 C=7.7258 HO=0.1580  A(t)=256
       447  ,,,,,,,,,,,,,,,,  2c2c2c2c2c2c2c2c2c2c2c2c2c2c2c2c
       262  ]]]]]]]]]]]]]]]]  5d5d5d5d5d5d5d5d5d5d5d5d5d5d5d5d
       188  [[[[[[[[[[[[[[[[  5b5b5b5b5b5b5b5b5b5b5b5b5b5b5b5b
        79  ^^^^^^^^^^^^^^^^  5e5e5e5e5e5e5e5e5e5e5e5e5e5e5e5e
        79  ................  01010101010101010101010101010101
        75  ................  eaeaeaeaeaeaeaeaeaeaeaeaeaeaeaea
        56  RRRRRRRRRRRRRRRR  52525252525252525252525252525252
        56  <<<<<<<<<<<<<<<<  3c3c3c3c3c3c3c3c3c3c3c3c3c3c3c3c
        54  pppppppppppppppp  70707070707070707070707070707070
        53  ................  e9e9e9e9e9e9e9e9e9e9e9e9e9e9e9e9
# epoch 8250  H=7.9445 C=7.7297 HO=0.1531  A(t)=256
       284  ]]]]]]]]]]]]]]]]  5d5d5d5d5d5d5d5d5d5d5d5d5d5d5d5d
       179  ,,,,,,,,,,,,,,,,  2c2c2c2c2c2c2c2c2c2c2c2c2c2c2c2c
       169  [[[[[[[[[[[[[[[[  5b5b5b5b5b5b5b5b5b5b5b5b5b5b5b5b
        96  ................  e5e5e5e5e5e5e5e5e5e5e5e5e5e5e5e5
        88  SSSSSSSSSSSSSSSS  53535353535353535353535353535353
        78  8888888888888888  38383838383838383838383838383838
        63  ................  dededededededededededededededede
        54  ^^^^^^^^^^^^^^^^  5e5e5e5e5e5e5e5e5e5e5e5e5e5e5e5e
        47  ................  90909090909090909090909090909090
        46  ................  01010101010101010101010101010101
# epoch 8500  H=7.9446 C=7.7266 HO=0.1562  A(t)=256
       233  [[[[[[[[[[[[[[[[  5b5b5b5b5b5b5b5b5b5b5b5b5b5b5b5b
       215  ]]]]]]]]]]]]]]]]  5d5d5d5d5d5d5d5d5d5d5d5d5d5d5d5d
       167  ................  2e2e2e2e2e2e2e2e2e2e2e2e2e2e2e2e
       116  ,,,,,,,,,,,,,,,,  2c2c2c2c2c2c2c2c2c2c2c2c2c2c2c2c
        99  ................  b7b7b7b7b7b7b7b7b7b7b7b7b7b7b7b7
        72  ................  02020202020202020202020202020202
        66  \\\\\\\\\\\\\\\\  5c5c5c5c5c5c5c5c5c5c5c5c5c5c5c5c
        60  ................  1b1b1b1b1b1b1b1b1b1b1b1b1b1b1b1b
        51  ................  d4d4d4d4d4d4d4d4d4d4d4d4d4d4d4d4
        49  ................  dededededededededededededededede
# epoch 8750  H=7.9443 C=7.7240 HO=0.1610  A(t)=256
       305  ,,,,,,,,,,,,,,,,  2c2c2c2c2c2c2c2c2c2c2c2c2c2c2c2c
       252  [[[[[[[[[[[[[[[[  5b5b5b5b5b5b5b5b5b5b5b5b5b5b5b5b
       171  ]]]]]]]]]]]]]]]]  5d5d5d5d5d5d5d5d5d5d5d5d5d5d5d5d
        98  ................  2e2e2e2e2e2e2e2e2e2e2e2e2e2e2e2e
        90  ................  ffffffffffffffffffffffffffffffff
        65  ________________  5f5f5f5f5f5f5f5f5f5f5f5f5f5f5f5f
        62  <<<<<<<<<<<<<<<<  3c3c3c3c3c3c3c3c3c3c3c3c3c3c3c3c
        59  ................  b5b5b5b5b5b5b5b5b5b5b5b5b5b5b5b5
        55  ................  b4b4b4b4b4b4b4b4b4b4b4b4b4b4b4b4
        51  ................  1b1b1b1b1b1b1b1b1b1b1b1b1b1b1b1b
# epoch 9000  H=7.9439 C=7.7193 HO=0.1632  A(t)=256
       325  ,,,,,,,,,,,,,,,,  2c2c2c2c2c2c2c2c2c2c2c2c2c2c2c2c
       275  ]]]]]]]]]]]]]]]]  5d5d5d5d5d5d5d5d5d5d5d5d5d5d5d5d
       194  [[[[[[[[[[[[[[[[  5b5b5b5b5b5b5b5b5b5b5b5b5b5b5b5b
       174  ................  01010101010101010101010101010101
        77  ................  ffffffffffffffffffffffffffffffff
        77  ................  2e2e2e2e2e2e2e2e2e2e2e2e2e2e2e2e
        70  ................  eaeaeaeaeaeaeaeaeaeaeaeaeaeaeaea
        65  ................  9c9c9c9c9c9c9c9c9c9c9c9c9c9c9c9c
        60  ________________  5f5f5f5f5f5f5f5f5f5f5f5f5f5f5f5f
        59  gggggggggggggggg  67676767676767676767676767676767
# epoch 9250  H=7.9432 C=7.7147 HO=0.1655  A(t)=256
       253  ,,,,,,,,,,,,,,,,  2c2c2c2c2c2c2c2c2c2c2c2c2c2c2c2c
       207  [[[[[[[[[[[[[[[[  5b5b5b5b5b5b5b5b5b5b5b5b5b5b5b5b
       203  ]]]]]]]]]]]]]]]]  5d5d5d5d5d5d5d5d5d5d5d5d5d5d5d5d
       112  ................  2e2e2e2e2e2e2e2e2e2e2e2e2e2e2e2e
        93  ................  01010101010101010101010101010101
        80  ................  f1f1f1f1f1f1f1f1f1f1f1f1f1f1f1f1
        71  ZZZZZZZZZZZZZZZZ  5a5a5a5a5a5a5a5a5a5a5a5a5a5a5a5a
        66  ................  adadadadadadadadadadadadadadadad
        62  ................  92929292929292929292929292929292
        59  6666666666666666  36363636363636363636363636363636
# epoch 9500  H=7.9431 C=7.7187 HO=0.1572  A(t)=256
       314  ]]]]]]]]]]]]]]]]  5d5d5d5d5d5d5d5d5d5d5d5d5d5d5d5d
       310  [[[[[[[[[[[[[[[[  5b5b5b5b5b5b5b5b5b5b5b5b5b5b5b5b
       129  ,,,,,,,,,,,,,,,,  2c2c2c2c2c2c2c2c2c2c2c2c2c2c2c2c
        93  TTTTTTTTTTTTTTTT  54545454545454545454545454545454
        83  ................  01010101010101010101010101010101
        71  ................  2e2e2e2e2e2e2e2e2e2e2e2e2e2e2e2e
        67  ZZZZZZZZZZZZZZZZ  5a5a5a5a5a5a5a5a5a5a5a5a5a5a5a5a
        62  ................  bfbfbfbfbfbfbfbfbfbfbfbfbfbfbfbf
        49  ................  babababababababababababababababa
        48  ................  efefefefefefefefefefefefefefefef
# epoch 9750  H=7.9419 C=7.7227 HO=0.1569  A(t)=256
       225  ,,,,,,,,,,,,,,,,  2c2c2c2c2c2c2c2c2c2c2c2c2c2c2c2c
       186  ]]]]]]]]]]]]]]]]  5d5d5d5d5d5d5d5d5d5d5d5d5d5d5d5d
       179  [[[[[[[[[[[[[[[[  5b5b5b5b5b5b5b5b5b5b5b5b5b5b5b5b
       157  ................  2e2e2e2e2e2e2e2e2e2e2e2e2e2e2e2e
        89  \\\\\\\\\\\\\\\\  5c5c5c5c5c5c5c5c5c5c5c5c5c5c5c5c
        56  ................  d4d4d4d4d4d4d4d4d4d4d4d4d4d4d4d4
        55  ................  f1f1f1f1f1f1f1f1f1f1f1f1f1f1f1f1
        52  6666666666666666  36363636363636363636363636363636
        49  ZZZZZZZZZZZZZZZZ  5a5a5a5a5a5a5a5a5a5a5a5a5a5a5a5a
        46  ^^^^^^^^^^^^^^^^  5e5e5e5e5e5e5e5e5e5e5e5e5e5e5e5e
# epoch 10000  H=7.9408 C=7.7198 HO=0.1562  A(t)=256
       313  ]]]]]]]]]]]]]]]]  5d5d5d5d5d5d5d5d5d5d5d5d5d5d5d5d
       264  [[[[[[[[[[[[[[[[  5b5b5b5b5b5b5b5b5b5b5b5b5b5b5b5b
       228  ,,,,,,,,,,,,,,,,  2c2c2c2c2c2c2c2c2c2c2c2c2c2c2c2c
        92  ................  ffffffffffffffffffffffffffffffff
        73  FFFFFFFFFFFFFFFF  46464646464646464646464646464646
        68  ................  2e2e2e2e2e2e2e2e2e2e2e2e2e2e2e2e
        57  ................  b3b3b3b3b3b3b3b3b3b3b3b3b3b3b3b3
        57  {{{{{{{{{{{{{{{{  7b7b7b7b7b7b7b7b7b7b7b7b7b7b7b7b
        55  ................  aaaaaaaaaaaaaaaaaaaaaaaaaaaaaaaa
        54  ;;;;;;;;;;;;;;;;  3b3b3b3b3b3b3b3b3b3b3b3b3b3b3b3b
# epoch 10250  H=7.9396 C=7.7148 HO=0.1603  A(t)=256
       305  ]]]]]]]]]]]]]]]]  5d5d5d5d5d5d5d5d5d5d5d5d5d5d5d5d
       263  ,,,,,,,,,,,,,,,,  2c2c2c2c2c2c2c2c2c2c2c2c2c2c2c2c
       164  [[[[[[[[[[[[[[[[  5b5b5b5b5b5b5b5b5b5b5b5b5b5b5b5b
       117  ................  f6f6f6f6f6f6f6f6f6f6f6f6f6f6f6f6
        73  pppppppppppppppp  70707070707070707070707070707070
        72  ................  bdbdbdbdbdbdbdbdbdbdbdbdbdbdbdbd
        63  ................  0f0f0f0f0f0f0f0f0f0f0f0f0f0f0f0f
        59  ................  dfdfdfdfdfdfdfdfdfdfdfdfdfdfdfdf
        57  <<<<<<<<<<<<<<<<  3c3c3c3c3c3c3c3c3c3c3c3c3c3c3c3c
        57  ................  03030303030303030303030303030303
# epoch 10500  H=7.9400 C=7.7136 HO=0.1633  A(t)=256
       211  ]]]]]]]]]]]]]]]]  5d5d5d5d5d5d5d5d5d5d5d5d5d5d5d5d
       188  [[[[[[[[[[[[[[[[  5b5b5b5b5b5b5b5b5b5b5b5b5b5b5b5b
       176  ,,,,,,,,,,,,,,,,  2c2c2c2c2c2c2c2c2c2c2c2c2c2c2c2c
        56  ................  84848484848484848484848484848484
        52  ................  d3d3d3d3d3d3d3d3d3d3d3d3d3d3d3d3
        52  RRRRRRRRRRRRRRRR  52525252525252525252525252525252
        50  ................  0f0f0f0f0f0f0f0f0f0f0f0f0f0f0f0f
        49  ZZZZZZZZZZZZZZZZ  5a5a5a5a5a5a5a5a5a5a5a5a5a5a5a5a
        47  ................  a9a9a9a9a9a9a9a9a9a9a9a9a9a9a9a9
        44  ................  f6f6f6f6f6f6f6f6f6f6f6f6f6f6f6f6
# epoch 10750  H=7.9399 C=7.7209 HO=0.1560  A(t)=256
       255  ]]]]]]]]]]]]]]]]  5d5d5d5d5d5d5d5d5d5d5d5d5d5d5d5d
       240  ,,,,,,,,,,,,,,,,  2c2c2c2c2c2c2c2c2c2c2c2c2c2c2c2c
       134  [[[[[[[[[[[[[[[[  5b5b5b5b5b5b5b5b5b5b5b5b5b5b5b5b
        76  ................  ffffffffffffffffffffffffffffffff
        72  ................  01010101010101010101010101010101
        70  ................  b3b3b3b3b3b3b3b3b3b3b3b3b3b3b3b3
        52  ................  1a1a1a1a1a1a1a1a1a1a1a1a1a1a1a1a
        45  ................  2e2e2e2e2e2e2e2e2e2e2e2e2e2e2e2e
        43  TTTTTTTTTTTTTTTT  54545454545454545454545454545454
        43  ................  00000000000000000000000000000000
# epoch 11000  H=7.9406 C=7.7200 HO=0.1602  A(t)=256
       286  [[[[[[[[[[[[[[[[  5b5b5b5b5b5b5b5b5b5b5b5b5b5b5b5b
       255  ]]]]]]]]]]]]]]]]  5d5d5d5d5d5d5d5d5d5d5d5d5d5d5d5d
       116  ,,,,,,,,,,,,,,,,  2c2c2c2c2c2c2c2c2c2c2c2c2c2c2c2c
        93  ................  9b9b9b9b9b9b9b9b9b9b9b9b9b9b9b9b
        65  ZZZZZZZZZZZZZZZZ  5a5a5a5a5a5a5a5a5a5a5a5a5a5a5a5a
        58  \\\\\\\\\\\\\\\\  5c5c5c5c5c5c5c5c5c5c5c5c5c5c5c5c
        58  KKKKKKKKKKKKKKKK  4b4b4b4b4b4b4b4b4b4b4b4b4b4b4b4b
        56  ................  ffffffffffffffffffffffffffffffff
        51  ................  b0b0b0b0b0b0b0b0b0b0b0b0b0b0b0b0
        49  ................  f4f4f4f4f4f4f4f4f4f4f4f4f4f4f4f4
# epoch 11250  H=7.9410 C=7.7179 HO=0.1602  A(t)=256
       167  [[[[[[[[[[[[[[[[  5b5b5b5b5b5b5b5b5b5b5b5b5b5b5b5b
       164  ,,,,,,,,,,,,,,,,  2c2c2c2c2c2c2c2c2c2c2c2c2c2c2c2c
       139  ]]]]]]]]]]]]]]]]  5d5d5d5d5d5d5d5d5d5d5d5d5d5d5d5d
        88  ................  f7f7f7f7f7f7f7f7f7f7f7f7f7f7f7f7
        71  ZZZZZZZZZZZZZZZZ  5a5a5a5a5a5a5a5a5a5a5a5a5a5a5a5a
        61  <<<<<<<<<<<<<<<<  3c3c3c3c3c3c3c3c3c3c3c3c3c3c3c3c
        57  ................  2e2e2e2e2e2e2e2e2e2e2e2e2e2e2e2e
        52  YYYYYYYYYYYYYYYY  59595959595959595959595959595959
        50  ................  b0b0b0b0b0b0b0b0b0b0b0b0b0b0b0b0
        49  ffffffffffffffff  66666666666666666666666666666666
# epoch 11500  H=7.9395 C=7.7152 HO=0.1627  A(t)=256
       251  ,,,,,,,,,,,,,,,,  2c2c2c2c2c2c2c2c2c2c2c2c2c2c2c2c
       227  ]]]]]]]]]]]]]]]]  5d5d5d5d5d5d5d5d5d5d5d5d5d5d5d5d
       129  [[[[[[[[[[[[[[[[  5b5b5b5b5b5b5b5b5b5b5b5b5b5b5b5b
        99  ................  edededededededededededededededed
        80  ................  f9f9f9f9f9f9f9f9f9f9f9f9f9f9f9f9
        66  \\\\\\\\\\\\\\\\  5c5c5c5c5c5c5c5c5c5c5c5c5c5c5c5c
        61  >>>>>>>>>>>>>>>>  3e3e3e3e3e3e3e3e3e3e3e3e3e3e3e3e
        55  ................  f7f7f7f7f7f7f7f7f7f7f7f7f7f7f7f7
        52  tttttttttttttttt  74747474747474747474747474747474
        51  HHHHHHHHHHHHHHHH  48484848484848484848484848484848
# epoch 11750  H=7.9381 C=7.7174 HO=0.1586  A(t)=256
       275  ,,,,,,,,,,,,,,,,  2c2c2c2c2c2c2c2c2c2c2c2c2c2c2c2c
       206  >>>>>>>>>>>>>>>>  3e3e3e3e3e3e3e3e3e3e3e3e3e3e3e3e
       149  [[[[[[[[[[[[[[[[  5b5b5b5b5b5b5b5b5b5b5b5b5b5b5b5b
       122  \\\\\\\\\\\\\\\\  5c5c5c5c5c5c5c5c5c5c5c5c5c5c5c5c
        86  OOOOOOOOOOOOOOOO  4f4f4f4f4f4f4f4f4f4f4f4f4f4f4f4f
        63  ^^^^^^^^^^^^^^^^  5e5e5e5e5e5e5e5e5e5e5e5e5e5e5e5e
        62  ................  02020202020202020202020202020202
        57  ................  dfdfdfdfdfdfdfdfdfdfdfdfdfdfdfdf
        56  ]]]]]]]]]]]]]]]]  5d5d5d5d5d5d5d5d5d5d5d5d5d5d5d5d
        53  ................  15151515151515151515151515151515
# epoch 12000  H=7.9368 C=7.7133 HO=0.1595  A(t)=256
       305  ,,,,,,,,,,,,,,,,  2c2c2c2c2c2c2c2c2c2c2c2c2c2c2c2c
       187  ]]]]]]]]]]]]]]]]  5d5d5d5d5d5d5d5d5d5d5d5d5d5d5d5d
        90  ................  2e2e2e2e2e2e2e2e2e2e2e2e2e2e2e2e
        88  >>>>>>>>>>>>>>>>  3e3e3e3e3e3e3e3e3e3e3e3e3e3e3e3e
        81  [[[[[[[[[[[[[[[[  5b5b5b5b5b5b5b5b5b5b5b5b5b5b5b5b
        77  ................  fdfdfdfdfdfdfdfdfdfdfdfdfdfdfdfd
        66  ................  09090909090909090909090909090909
        51  ................  b6b6b6b6b6b6b6b6b6b6b6b6b6b6b6b6
        50  ................  a1a1a1a1a1a1a1a1a1a1a1a1a1a1a1a1
        48  ................  dededededededededededededededede
# epoch 12250  H=7.9369 C=7.7162 HO=0.1609  A(t)=256
       304  >>>>>>>>>>>>>>>>  3e3e3e3e3e3e3e3e3e3e3e3e3e3e3e3e
       297  ,,,,,,,,,,,,,,,,  2c2c2c2c2c2c2c2c2c2c2c2c2c2c2c2c
       144  ................  2e2e2e2e2e2e2e2e2e2e2e2e2e2e2e2e
       112  [[[[[[[[[[[[[[[[  5b5b5b5b5b5b5b5b5b5b5b5b5b5b5b5b
        79  ]]]]]]]]]]]]]]]]  5d5d5d5d5d5d5d5d5d5d5d5d5d5d5d5d
        72  ................  90909090909090909090909090909090
        64  ZZZZZZZZZZZZZZZZ  5a5a5a5a5a5a5a5a5a5a5a5a5a5a5a5a
        53  ................  ffffffffffffffffffffffffffffffff
        50  ................  fcfcfcfcfcfcfcfcfcfcfcfcfcfcfcfc
        48  <<<<<<<<<<<<<<<<  3c3c3c3c3c3c3c3c3c3c3c3c3c3c3c3c
# epoch 12500  H=7.9367 C=7.7111 HO=0.1661  A(t)=256
       304  [[[[[[[[[[[[[[[[  5b5b5b5b5b5b5b5b5b5b5b5b5b5b5b5b
       232  ,,,,,,,,,,,,,,,,  2c2c2c2c2c2c2c2c2c2c2c2c2c2c2c2c
       174  ................  08080808080808080808080808080808
       137  ................  2e2e2e2e2e2e2e2e2e2e2e2e2e2e2e2e
        62  ]]]]]]]]]]]]]]]]  5d5d5d5d5d5d5d5d5d5d5d5d5d5d5d5d
        59  OOOOOOOOOOOOOOOO  4f4f4f4f4f4f4f4f4f4f4f4f4f4f4f4f
        55  ................  01010101010101010101010101010101
        53  ................  9b9b9b9b9b9b9b9b9b9b9b9b9b9b9b9b
        52  2222222222222222  32323232323232323232323232323232
        51  ................  aaaaaaaaaaaaaaaaaaaaaaaaaaaaaaaa
# epoch 12750  H=7.9369 C=7.7123 HO=0.1665  A(t)=256
       317  [[[[[[[[[[[[[[[[  5b5b5b5b5b5b5b5b5b5b5b5b5b5b5b5b
       177  ,,,,,,,,,,,,,,,,  2c2c2c2c2c2c2c2c2c2c2c2c2c2c2c2c
       150  ................  2e2e2e2e2e2e2e2e2e2e2e2e2e2e2e2e
       111  ]]]]]]]]]]]]]]]]  5d5d5d5d5d5d5d5d5d5d5d5d5d5d5d5d
       101  >>>>>>>>>>>>>>>>  3e3e3e3e3e3e3e3e3e3e3e3e3e3e3e3e
        97  {{{{{{{{{{{{{{{{  7b7b7b7b7b7b7b7b7b7b7b7b7b7b7b7b
        80  ................  08080808080808080808080808080808
        65  ................  8a8a8a8a8a8a8a8a8a8a8a8a8a8a8a8a
        62  ................  93939393939393939393939393939393
        60  ................  d0d0d0d0d0d0d0d0d0d0d0d0d0d0d0d0
# epoch 13000  H=7.9376 C=7.7154 HO=0.1662  A(t)=256
       158  ,,,,,,,,,,,,,,,,  2c2c2c2c2c2c2c2c2c2c2c2c2c2c2c2c
       148  ]]]]]]]]]]]]]]]]  5d5d5d5d5d5d5d5d5d5d5d5d5d5d5d5d
       140  [[[[[[[[[[[[[[[[  5b5b5b5b5b5b5b5b5b5b5b5b5b5b5b5b
        84  ................  2e2e2e2e2e2e2e2e2e2e2e2e2e2e2e2e
        67  ................  dcdcdcdcdcdcdcdcdcdcdcdcdcdcdcdc
        57  zzzzzzzzzzzzzzzz  7a7a7a7a7a7a7a7a7a7a7a7a7a7a7a7a
        56  ................  90909090909090909090909090909090
        50  <<<<<<<<<<<<<<<<  3c3c3c3c3c3c3c3c3c3c3c3c3c3c3c3c
        48  VVVVVVVVVVVVVVVV  56565656565656565656565656565656
        47  wwwwwwwwwwwwwwww  77777777777777777777777777777777
# epoch 13250  H=7.9383 C=7.7197 HO=0.1605  A(t)=259
       213  ]]]]]]]]]]]]]]]]  5d5d5d5d5d5d5d5d5d5d5d5d5d5d5d5d
       126  ,,,,,,,,,,,,,,,,  2c2c2c2c2c2c2c2c2c2c2c2c2c2c2c2c
       124  [[[[[[[[[[[[[[[[  5b5b5b5b5b5b5b5b5b5b5b5b5b5b5b5b
        95  \\\\\\\\\\\\\\\\  5c5c5c5c5c5c5c5c5c5c5c5c5c5c5c5c
        64  ZZZZZZZZZZZZZZZZ  5a5a5a5a5a5a5a5a5a5a5a5a5a5a5a5a
        62  ................  d5d5d5d5d5d5d5d5d5d5d5d5d5d5d5d5
        56  ................  80808080808080808080808080808080
        48  ................  edededededededededededededededed
        48  ffffffffffffffff  66666666666666666666666666666666
        45  5555555555555555  35353535353535353535353535353535
# epoch 13500  H=7.9394 C=7.7175 HO=0.1620  A(t)=259
       243  ]]]]]]]]]]]]]]]]  5d5d5d5d5d5d5d5d5d5d5d5d5d5d5d5d
       194  ,,,,,,,,,,,,,,,,  2c2c2c2c2c2c2c2c2c2c2c2c2c2c2c2c
       164  [[[[[[[[[[[[[[[[  5b5b5b5b5b5b5b5b5b5b5b5b5b5b5b5b
        80  ................  91919191919191919191919191919191
        62  ................  d0d0d0d0d0d0d0d0d0d0d0d0d0d0d0d0
        55  ................  b7b7b7b7b7b7b7b7b7b7b7b7b7b7b7b7
        55  KKKKKKKKKKKKKKKK  4b4b4b4b4b4b4b4b4b4b4b4b4b4b4b4b
        53  ................  efefefefefefefefefefefefefefefef
        53  ................  12121212121212121212121212121212
        51  ................  81818181818181818181818181818181
# epoch 13750  H=7.9394 C=7.7148 HO=0.1627  A(t)=259
       217  ,,,,,,,,,,,,,,,,  2c2c2c2c2c2c2c2c2c2c2c2c2c2c2c2c
       182  [[[[[[[[[[[[[[[[  5b5b5b5b5b5b5b5b5b5b5b5b5b5b5b5b
       156  ]]]]]]]]]]]]]]]]  5d5d5d5d5d5d5d5d5d5d5d5d5d5d5d5d
       120  ................  1c1c1c1c1c1c1c1c1c1c1c1c1c1c1c1c
        73  ................  e0e0e0e0e0e0e0e0e0e0e0e0e0e0e0e0
        70  ................  dededededededededededededededede
        70  ................  81818181818181818181818181818181
        62  ................  d5d5d5d5d5d5d5d5d5d5d5d5d5d5d5d5
        61  YYYYYYYYYYYYYYYY  59595959595959595959595959595959
        59  ||||||||||||||||  7c7c7c7c7c7c7c7c7c7c7c7c7c7c7c7c
# epoch 14000  H=7.9398 C=7.7163 HO=0.1597  A(t)=259
       216  ,,,,,,,,,,,,,,,,  2c2c2c2c2c2c2c2c2c2c2c2c2c2c2c2c
       181  ]]]]]]]]]]]]]]]]  5d5d5d5d5d5d5d5d5d5d5d5d5d5d5d5d
       159  [[[[[[[[[[[[[[[[  5b5b5b5b5b5b5b5b5b5b5b5b5b5b5b5b
        97  ................  01010101010101010101010101010101
        70  ................  bdbdbdbdbdbdbdbdbdbdbdbdbdbdbdbd
        66  uuuuuuuuuuuuuuuu  75757575757575757575757575757575
        52  ................  eeeeeeeeeeeeeeeeeeeeeeeeeeeeeeee
        52  2222222222222222  32323232323232323232323232323232
        48  ~~~~~~~~~~~~~~~~  7e7e7e7e7e7e7e7e7e7e7e7e7e7e7e7e
        48  ================  3d3d3d3d3d3d3d3d3d3d3d3d3d3d3d3d
# epoch 14250  H=7.9409 C=7.7170 HO=0.1652  A(t)=259
       227  ]]]]]]]]]]]]]]]]  5d5d5d5d5d5d5d5d5d5d5d5d5d5d5d5d
       208  [[[[[[[[[[[[[[[[  5b5b5b5b5b5b5b5b5b5b5b5b5b5b5b5b
       171  ,,,,,,,,,,,,,,,,  2c2c2c2c2c2c2c2c2c2c2c2c2c2c2c2c
        69  ................  01010101010101010101010101010101
        64  KKKKKKKKKKKKKKKK  4b4b4b4b4b4b4b4b4b4b4b4b4b4b4b4b
        58  {{{{{{{{{{{{{{{{  7b7b7b7b7b7b7b7b7b7b7b7b7b7b7b7b
        58  DDDDDDDDDDDDDDDD  44444444444444444444444444444444
        57  ................  05050505050505050505050505050505
        55  IIIIIIIIIIIIIIII  49494949494949494949494949494949
        54  ................  06060606060606060606060606060606
# epoch 14500  H=7.9406 C=7.7214 HO=0.1581  A(t)=259
       228  ]]]]]]]]]]]]]]]]  5d5d5d5d5d5d5d5d5d5d5d5d5d5d5d5d
       226  [[[[[[[[[[[[[[[[  5b5b5b5b5b5b5b5b5b5b5b5b5b5b5b5b
       159  ,,,,,,,,,,,,,,,,  2c2c2c2c2c2c2c2c2c2c2c2c2c2c2c2c
        98  iiiiiiiiiiiiiiii  69696969696969696969696969696969
        83  ................  e1e1e1e1e1e1e1e1e1e1e1e1e1e1e1e1
        59  2222222222222222  32323232323232323232323232323232
        57  ................  d7d7d7d7d7d7d7d7d7d7d7d7d7d7d7d7
        56  ................  f9f9f9f9f9f9f9f9f9f9f9f9f9f9f9f9
        54  ................  cececececececececececececececece
        54  ................  01010101010101010101010101010101
# epoch 14750  H=7.9411 C=7.7190 HO=0.1587  A(t)=259
       182  [[[[[[[[[[[[[[[[  5b5b5b5b5b5b5b5b5b5b5b5b5b5b5b5b
       118  ]]]]]]]]]]]]]]]]  5d5d5d5d5d5d5d5d5d5d5d5d5d5d5d5d
       112  ,,,,,,,,,,,,,,,,  2c2c2c2c2c2c2c2c2c2c2c2c2c2c2c2c
        93  \\\\\\\\\\\\\\\\  5c5c5c5c5c5c5c5c5c5c5c5c5c5c5c5c
        87  iiiiiiiiiiiiiiii  69696969696969696969696969696969
        71  ................  9b9b9b9b9b9b9b9b9b9b9b9b9b9b9b9b
        64  >>>>>>>>>>>>>>>>  3e3e3e3e3e3e3e3e3e3e3e3e3e3e3e3e
        63  llllllllllllllll  6c6c6c6c6c6c6c6c6c6c6c6c6c6c6c6c
        60  ................  d4d4d4d4d4d4d4d4d4d4d4d4d4d4d4d4
        60  ................  98989898989898989898989898989898
# epoch 15000  H=7.9419 C=7.7187 HO=0.1603  A(t)=259
       263  ,,,,,,,,,,,,,,,,  2c2c2c2c2c2c2c2c2c2c2c2c2c2c2c2c
       214  [[[[[[[[[[[[[[[[  5b5b5b5b5b5b5b5b5b5b5b5b5b5b5b5b
       157  ]]]]]]]]]]]]]]]]  5d5d5d5d5d5d5d5d5d5d5d5d5d5d5d5d
       102  ................  c8c8c8c8c8c8c8c8c8c8c8c8c8c8c8c8
        87  ................  0e0e0e0e0e0e0e0e0e0e0e0e0e0e0e0e
        65  ````````````````  60606060606060606060606060606060
        62  ................  9b9b9b9b9b9b9b9b9b9b9b9b9b9b9b9b
        59  ................  87878787878787878787878787878787
        57  ................  1d1d1d1d1d1d1d1d1d1d1d1d1d1d1d1d
        56  KKKKKKKKKKKKKKKK  4b4b4b4b4b4b4b4b4b4b4b4b4b4b4b4b
# epoch 15250  H=7.9416 C=7.7230 HO=0.1594  A(t)=259
       267  [[[[[[[[[[[[[[[[  5b5b5b5b5b5b5b5b5b5b5b5b5b5b5b5b
       231  ,,,,,,,,,,,,,,,,  2c2c2c2c2c2c2c2c2c2c2c2c2c2c2c2c
       108  ................  2e2e2e2e2e2e2e2e2e2e2e2e2e2e2e2e
        90  ]]]]]]]]]]]]]]]]  5d5d5d5d5d5d5d5d5d5d5d5d5d5d5d5d
        80  ................  01010101010101010101010101010101
        65  >>>>>>>>>>>>>>>>  3e3e3e3e3e3e3e3e3e3e3e3e3e3e3e3e
        57  XXXXXXXXXXXXXXXX  58585858585858585858585858585858
        53  ................  d8d8d8d8d8d8d8d8d8d8d8d8d8d8d8d8
        51  ................  a7a7a7a7a7a7a7a7a7a7a7a7a7a7a7a7
        48  wwwwwwwwwwwwwwww  77777777777777777777777777777777
# epoch 15500  H=7.9414 C=7.7254 HO=0.1547  A(t)=259
       194  ,,,,,,,,,,,,,,,,  2c2c2c2c2c2c2c2c2c2c2c2c2c2c2c2c
       180  [[[[[[[[[[[[[[[[  5b5b5b5b5b5b5b5b5b5b5b5b5b5b5b5b
       153  ]]]]]]]]]]]]]]]]  5d5d5d5d5d5d5d5d5d5d5d5d5d5d5d5d
        91  \\\\\\\\\\\\\\\\  5c5c5c5c5c5c5c5c5c5c5c5c5c5c5c5c
        88  ZZZZZZZZZZZZZZZZ  5a5a5a5a5a5a5a5a5a5a5a5a5a5a5a5a
        69  ................  ffffffffffffffffffffffffffffffff
        63  ................  01010101010101010101010101010101
        57  ................  c4c4c4c4c4c4c4c4c4c4c4c4c4c4c4c4
        57  ................  2e2e2e2e2e2e2e2e2e2e2e2e2e2e2e2e
        50  SSSSSSSSSSSSSSSS  53535353535353535353535353535353
# epoch 15750  H=7.9412 C=7.7197 HO=0.1607  A(t)=259
       401  [[[[[[[[[[[[[[[[  5b5b5b5b5b5b5b5b5b5b5b5b5b5b5b5b
       224  ,,,,,,,,,,,,,,,,  2c2c2c2c2c2c2c2c2c2c2c2c2c2c2c2c
       134  ]]]]]]]]]]]]]]]]  5d5d5d5d5d5d5d5d5d5d5d5d5d5d5d5d
        96  <<<<<<<<<<<<<<<<  3c3c3c3c3c3c3c3c3c3c3c3c3c3c3c3c
        89  ................  12121212121212121212121212121212
        73  %%%%%%%%%%%%%%%%  25252525252525252525252525252525
        71  ))))))))))))))))  29292929292929292929292929292929
        69  DDDDDDDDDDDDDDDD  44444444444444444444444444444444
        55  ................  c9c9c9c9c9c9c9c9c9c9c9c9c9c9c9c9
        53  ................  01010101010101010101010101010101
# epoch 16000  H=7.9405 C=7.7173 HO=0.1605  A(t)=259
       283  [[[[[[[[[[[[[[[[  5b5b5b5b5b5b5b5b5b5b5b5b5b5b5b5b
       234  ]]]]]]]]]]]]]]]]  5d5d5d5d5d5d5d5d5d5d5d5d5d5d5d5d
       225  ,,,,,,,,,,,,,,,,  2c2c2c2c2c2c2c2c2c2c2c2c2c2c2c2c
        97  ................  bdbdbdbdbdbdbdbdbdbdbdbdbdbdbdbd
        82  ::::::::::::::::  3a3a3a3a3a3a3a3a3a3a3a3a3a3a3a3a
        68  ................  d1d1d1d1d1d1d1d1d1d1d1d1d1d1d1d1
        68  TTTTTTTTTTTTTTTT  54545454545454545454545454545454
        55  &&&&&&&&&&&&&&&&  26262626262626262626262626262626
        53  ................  8a8a8a8a8a8a8a8a8a8a8a8a8a8a8a8a
        51  CCCCCCCCCCCCCCCC  43434343434343434343434343434343
