# epoch 0  H=7.9999 C=8.0025 HO=-0.0001  A(t)=0
         1  ...<....^.p.d..1  fffff33cf4fcdbc95ee6708964d29931
         1  ..........7.g.f.  fffff315850906e10214371767ec66c7
         1  .....9U.I...Z.g.  fffff1f2d03955f64983cebe5aec67aa
         1  .......=kb.ax..9  ffffeb1e9a1fb93d6b62e76178f9e239
         1  ....O.....N.^A..  ffffe92e4ff69cb6109f4e155e41958d
         1  .....7.m......c.  ffffe4a08a378e6dd3d5d410ad0d63c7
         1  ........<e.Fh...  ffffd9c50c8cc8c63c65f44668ea95e5
         1  ....(.1...../df.  ffffc7b528ef3197c8feafe52f646603
         1  .....v....4...r.  ffffbfda08769510e7c034bd1c8f72be
         1  ....(A.V.{.....]  ffffb1f92841eb56d57bb4ab1e0caf5d
# epoch 250  H=7.9960 C=7.6610 HO=0.3230  A(t)=0
      1099  [[[[[[[[[[[[[[[[  5b5b5b5b5b5b5b5b5b5b5b5b5b5b5b5b
       722  ................  fefefefefefefefefefefefefefefefe
       653  iiiiiiiiiiiiiiii  69696969696969696969696969696969
       650  ................  06060606060606060606060606060606
       571  ................  ffffffffffffffffffffffffffffffff
       532  >>>>>>>>>>>>>>>>  3e3e3e3e3e3e3e3e3e3e3e3e3e3e3e3e
       513  ,,,,,,,,,,,,,,,,  2c2c2c2c2c2c2c2c2c2c2c2c2c2c2c2c
       488  <<<<<<<<<<<<<<<<  3c3c3c3c3c3c3c3c3c3c3c3c3c3c3c3c
       460  ................  f1f1f1f1f1f1f1f1f1f1f1f1f1f1f1f1
       445  ................  01010101010101010101010101010101
# epoch 500  H=7.9827 C=7.5041 HO=0.4677  A(t)=0
      2051  <<<<<<<<<<<<<<<<  3c3c3c3c3c3c3c3c3c3c3c3c3c3c3c3c
      1333  [[[[[[[[[[[[[[[[  5b5b5b5b5b5b5b5b5b5b5b5b5b5b5b5b
       925  ................  ffffffffffffffffffffffffffffffff
       829  ................  fefefefefefefefefefefefefefefefe
       671  >>>>>>>>>>>>>>>>  3e3e3e3e3e3e3e3e3e3e3e3e3e3e3e3e
       605  ................  02020202020202020202020202020202
       552  ................  01010101010101010101010101010101
       526  ::::::::::::::::  3a3a3a3a3a3a3a3a3a3a3a3a3a3a3a3a
       521  ................  fdfdfdfdfdfdfdfdfdfdfdfdfdfdfdfd
       462  ffffffffffffffff  66666666666666666666666666666666
# epoch 750  H=7.9635 C=7.4257 HO=0.5196  A(t)=0
      2598  <<<<<<<<<<<<<<<<  3c3c3c3c3c3c3c3c3c3c3c3c3c3c3c3c
      1628  [[[[[[[[[[[[[[[[  5b5b5b5b5b5b5b5b5b5b5b5b5b5b5b5b
       946  ,,,,,,,,,,,,,,,,  2c2c2c2c2c2c2c2c2c2c2c2c2c2c2c2c
       863  >>>>>>>>>>>>>>>>  3e3e3e3e3e3e3e3e3e3e3e3e3e3e3e3e
       799  ................  01010101010101010101010101010101
       752  ;;;;;;;;;;;;;;;;  3b3b3b3b3b3b3b3b3b3b3b3b3b3b3b3b
       558  ................  02020202020202020202020202020202
       524  ................  04040404040404040404040404040404
       478  ................  ffffffffffffffffffffffffffffffff
       464  ================  3d3d3d3d3d3d3d3d3d3d3d3d3d3d3d3d
# epoch 1000  H=7.9384 C=7.3967 HO=0.5126  A(t)=0
      2588  <<<<<<<<<<<<<<<<  3c3c3c3c3c3c3c3c3c3c3c3c3c3c3c3c
      2054  [[[[[[[[[[[[[[[[  5b5b5b5b5b5b5b5b5b5b5b5b5b5b5b5b
      1014  >>>>>>>>>>>>>>>>  3e3e3e3e3e3e3e3e3e3e3e3e3e3e3e3e
       964  ................  ffffffffffffffffffffffffffffffff
       788  ================  3d3d3d3d3d3d3d3d3d3d3d3d3d3d3d3d
       775  ................  01010101010101010101010101010101
       715  ;;;;;;;;;;;;;;;;  3b3b3b3b3b3b3b3b3b3b3b3b3b3b3b3b
       566  ,,,,,,,,,,,,,,,,  2c2c2c2c2c2c2c2c2c2c2c2c2c2c2c2c
       407  ................  fefefefefefefefefefefefefefefefe
       358  ................  04040404040404040404040404040404
# epoch 1250  H=7.9150 C=7.3773 HO=0.4989  A(t)=264
      2174  <<<<<<<<<<<<<<<<  3c3c3c3c3c3c3c3c3c3c3c3c3c3c3c3c
      2078  [[[[[[[[[[[[[[[[  5b5b5b5b5b5b5b5b5b5b5b5b5b5b5b5b
      1004  >>>>>>>>>>>>>>>>  3e3e3e3e3e3e3e3e3e3e3e3e3e3e3e3e
       946  ================  3d3d3d3d3d3d3d3d3d3d3d3d3d3d3d3d
       865  ;;;;;;;;;;;;;;;;  3b3b3b3b3b3b3b3b3b3b3b3b3b3b3b3b
       823  ................  ffffffffffffffffffffffffffffffff
       785  ,,,,,,,,,,,,,,,,  2c2c2c2c2c2c2c2c2c2c2c2c2c2c2c2c
       566  ::::::::::::::::  3a3a3a3a3a3a3a3a3a3a3a3a3a3a3a3a
       402  ................  98989898989898989898989898989898
       402  @@@@@@@@@@@@@@@@  40404040404040404040404040404040
# epoch 1500  H=7.8910 C=7.3443 HO=0.4991  A(t)=271
      2002  <<<<<<<<<<<<<<<<  3c3c3c3c3c3c3c3c3c3c3c3c3c3c3c3c
      1967  [[[[[[[[[[[[[[[[  5b5b5b5b5b5b5b5b5b5b5b5b5b5b5b5b
      1031  ,,,,,,,,,,,,,,,,  2c2c2c2c2c2c2c2c2c2c2c2c2c2c2c2c
       798  ;;;;;;;;;;;;;;;;  3b3b3b3b3b3b3b3b3b3b3b3b3b3b3b3b
       735  ................  ffffffffffffffffffffffffffffffff
       716  ================  3d3d3d3d3d3d3d3d3d3d3d3d3d3d3d3d
       567  >>>>>>>>>>>>>>>>  3e3e3e3e3e3e3e3e3e3e3e3e3e3e3e3e
       562  ::::::::::::::::  3a3a3a3a3a3a3a3a3a3a3a3a3a3a3a3a
       453  ................  01010101010101010101010101010101
       446  9999999999999999  39393939393939393939393939393939
# epoch 1750  H=7.8605 C=7.3199 HO=0.4825  A(t)=296
      2216  [[[[[[[[[[[[[[[[  5b5b5b5b5b5b5b5b5b5b5b5b5b5b5b5b
      2027  <<<<<<<<<<<<<<<<  3c3c3c3c3c3c3c3c3c3c3c3c3c3c3c3c
       950  ================  3d3d3d3d3d3d3d3d3d3d3d3d3d3d3d3d
       943  ;;;;;;;;;;;;;;;;  3b3b3b3b3b3b3b3b3b3b3b3b3b3b3b3b
       857  >>>>>>>>>>>>>>>>  3e3e3e3e3e3e3e3e3e3e3e3e3e3e3e3e
       609  ::::::::::::::::  3a3a3a3a3a3a3a3a3a3a3a3a3a3a3a3a
       578  ................  01010101010101010101010101010101
       572  ,,,,,,,,,,,,,,,,  2c2c2c2c2c2c2c2c2c2c2c2c2c2c2c2c
       506  ................  ffffffffffffffffffffffffffffffff
       499  NNNNNNNNNNNNNNNN  4e4e4e4e4e4e4e4e4e4e4e4e4e4e4e4e
# epoch 2000  H=7.8293 C=7.2897 HO=0.4762  A(t)=300
      2723  <<<<<<<<<<<<<<<<  3c3c3c3c3c3c3c3c3c3c3c3c3c3c3c3c
      1616  [[[[[[[[[[[[[[[[  5b5b5b5b5b5b5b5b5b5b5b5b5b5b5b5b
      1040  ;;;;;;;;;;;;;;;;  3b3b3b3b3b3b3b3b3b3b3b3b3b3b3b3b
       916  ================  3d3d3d3d3d3d3d3d3d3d3d3d3d3d3d3d
       854  ::::::::::::::::  3a3a3a3a3a3a3a3a3a3a3a3a3a3a3a3a
       809  >>>>>>>>>>>>>>>>  3e3e3e3e3e3e3e3e3e3e3e3e3e3e3e3e
       805  ,,,,,,,,,,,,,,,,  2c2c2c2c2c2c2c2c2c2c2c2c2c2c2c2c
       460  ................  ffffffffffffffffffffffffffffffff
       421  NNNNNNNNNNNNNNNN  4e4e4e4e4e4e4e4e4e4e4e4e4e4e4e4e
       401  ????????????????  3f3f3f3f3f3f3f3f3f3f3f3f3f3f3f3f
# epoch 2250  H=7.8005 C=7.2730 HO=0.4590  A(t)=311
      2382  <<<<<<<<<<<<<<<<  3c3c3c3c3c3c3c3c3c3c3c3c3c3c3c3c
      1721  [[[[[[[[[[[[[[[[  5b5b5b5b5b5b5b5b5b5b5b5b5b5b5b5b
      1096  ================  3d3d3d3d3d3d3d3d3d3d3d3d3d3d3d3d
       765  >>>>>>>>>>>>>>>>  3e3e3e3e3e3e3e3e3e3e3e3e3e3e3e3e
       759  ;;;;;;;;;;;;;;;;  3b3b3b3b3b3b3b3b3b3b3b3b3b3b3b3b
       690  ,,,,,,,,,,,,,,,,  2c2c2c2c2c2c2c2c2c2c2c2c2c2c2c2c
       463  ????????????????  3f3f3f3f3f3f3f3f3f3f3f3f3f3f3f3f
       444  {{{{{{{{{{{{{{{{  7b7b7b7b7b7b7b7b7b7b7b7b7b7b7b7b
       395  ................  ffffffffffffffffffffffffffffffff
       383  ::::::::::::::::  3a3a3a3a3a3a3a3a3a3a3a3a3a3a3a3a
# epoch 2500  H=7.7705 C=7.2660 HO=0.4315  A(t)=318
      1765  <<<<<<<<<<<<<<<<  3c3c3c3c3c3c3c3c3c3c3c3c3c3c3c3c
      1223  ================  3d3d3d3d3d3d3d3d3d3d3d3d3d3d3d3d
       916  ,,,,,,,,,,,,,,,,  2c2c2c2c2c2c2c2c2c2c2c2c2c2c2c2c
       909  ;;;;;;;;;;;;;;;;  3b3b3b3b3b3b3b3b3b3b3b3b3b3b3b3b
       812  >>>>>>>>>>>>>>>>  3e3e3e3e3e3e3e3e3e3e3e3e3e3e3e3e
       663  [[[[[[[[[[[[[[[[  5b5b5b5b5b5b5b5b5b5b5b5b5b5b5b5b
       406  ::::::::::::::::  3a3a3a3a3a3a3a3a3a3a3a3a3a3a3a3a
       387  AAAAAAAAAAAAAAAA  41414141414141414141414141414141
       352  ????????????????  3f3f3f3f3f3f3f3f3f3f3f3f3f3f3f3f
       270  ................  2e2e2e2e2e2e2e2e2e2e2e2e2e2e2e2e
# epoch 2750  H=7.7385 C=7.2717 HO=0.3899  A(t)=322
      1758  <<<<<<<<<<<<<<<<  3c3c3c3c3c3c3c3c3c3c3c3c3c3c3c3c
      1072  ================  3d3d3d3d3d3d3d3d3d3d3d3d3d3d3d3d
       919  ,,,,,,,,,,,,,,,,  2c2c2c2c2c2c2c2c2c2c2c2c2c2c2c2c
       752  [[[[[[[[[[[[[[[[  5b5b5b5b5b5b5b5b5b5b5b5b5b5b5b5b
       673  ;;;;;;;;;;;;;;;;  3b3b3b3b3b3b3b3b3b3b3b3b3b3b3b3b
       406  >>>>>>>>>>>>>>>>  3e3e3e3e3e3e3e3e3e3e3e3e3e3e3e3e
       364  AAAAAAAAAAAAAAAA  41414141414141414141414141414141
       327  ????????????????  3f3f3f3f3f3f3f3f3f3f3f3f3f3f3f3f
       305  ................  ffffffffffffffffffffffffffffffff
       297  ::::::::::::::::  3a3a3a3a3a3a3a3a3a3a3a3a3a3a3a3a
# epoch 3000  H=7.7097 C=7.2573 HO=0.3757  A(t)=324
      1432  <<<<<<<<<<<<<<<<  3c3c3c3c3c3c3c3c3c3c3c3c3c3c3c3c
      1155  [[[[[[[[[[[[[[[[  5b5b5b5b5b5b5b5b5b5b5b5b5b5b5b5b
       944  ;;;;;;;;;;;;;;;;  3b3b3b3b3b3b3b3b3b3b3b3b3b3b3b3b
       854  ,,,,,,,,,,,,,,,,  2c2c2c2c2c2c2c2c2c2c2c2c2c2c2c2c
       819  ================  3d3d3d3d3d3d3d3d3d3d3d3d3d3d3d3d
       475  ::::::::::::::::  3a3a3a3a3a3a3a3a3a3a3a3a3a3a3a3a
       365  >>>>>>>>>>>>>>>>  3e3e3e3e3e3e3e3e3e3e3e3e3e3e3e3e
       289  ????????????????  3f3f3f3f3f3f3f3f3f3f3f3f3f3f3f3f
       271  ||||||||||||||||  7c7c7c7c7c7c7c7c7c7c7c7c7c7c7c7c
       260  AAAAAAAAAAAAAAAA  41414141414141414141414141414141
# epoch 3250  H=7.6863 C=7.2661 HO=0.3475  A(t)=328
      1735  [[[[[[[[[[[[[[[[  5b5b5b5b5b5b5b5b5b5b5b5b5b5b5b5b
      1363  <<<<<<<<<<<<<<<<  3c3c3c3c3c3c3c3c3c3c3c3c3c3c3c3c
       831  ================  3d3d3d3d3d3d3d3d3d3d3d3d3d3d3d3d
       800  ;;;;;;;;;;;;;;;;  3b3b3b3b3b3b3b3b3b3b3b3b3b3b3b3b
       722  ,,,,,,,,,,,,,,,,  2c2c2c2c2c2c2c2c2c2c2c2c2c2c2c2c
       681  ................  f3f3f3f3f3f3f3f3f3f3f3f3f3f3f3f3
       573  >>>>>>>>>>>>>>>>  3e3e3e3e3e3e3e3e3e3e3e3e3e3e3e3e
       478  ::::::::::::::::  3a3a3a3a3a3a3a3a3a3a3a3a3a3a3a3a
       269  3333333333333333  33333333333333333333333333333333
       250  @@@@@@@@@@@@@@@@  40404040404040404040404040404040
# epoch 3500  H=7.6761 C=7.3007 HO=0.3021  A(t)=336
      1243  <<<<<<<<<<<<<<<<  3c3c3c3c3c3c3c3c3c3c3c3c3c3c3c3c
      1119  [[[[[[[[[[[[[[[[  5b5b5b5b5b5b5b5b5b5b5b5b5b5b5b5b
       701  ................  f3f3f3f3f3f3f3f3f3f3f3f3f3f3f3f3
       572  ;;;;;;;;;;;;;;;;  3b3b3b3b3b3b3b3b3b3b3b3b3b3b3b3b
       490  ================  3d3d3d3d3d3d3d3d3d3d3d3d3d3d3d3d
       482  ,,,,,,,,,,,,,,,,  2c2c2c2c2c2c2c2c2c2c2c2c2c2c2c2c
       338  >>>>>>>>>>>>>>>>  3e3e3e3e3e3e3e3e3e3e3e3e3e3e3e3e
       235  ::::::::::::::::  3a3a3a3a3a3a3a3a3a3a3a3a3a3a3a3a
       211  3333333333333333  33333333333333333333333333333333
       201  ................  c8c8c8c8c8c8c8c8c8c8c8c8c8c8c8c8
# epoch 3750  H=7.6519 C=7.3004 HO=0.2813  A(t)=339
      1633  <<<<<<<<<<<<<<<<  3c3c3c3c3c3c3c3c3c3c3c3c3c3c3c3c
       604  [[[[[[[[[[[[[[[[  5b5b5b5b5b5b5b5b5b5b5b5b5b5b5b5b
       574  ,,,,,,,,,,,,,,,,  2c2c2c2c2c2c2c2c2c2c2c2c2c2c2c2c
       567  ::::::::::::::::  3a3a3a3a3a3a3a3a3a3a3a3a3a3a3a3a
       519  ;;;;;;;;;;;;;;;;  3b3b3b3b3b3b3b3b3b3b3b3b3b3b3b3b
       376  ================  3d3d3d3d3d3d3d3d3d3d3d3d3d3d3d3d
       341  >>>>>>>>>>>>>>>>  3e3e3e3e3e3e3e3e3e3e3e3e3e3e3e3e
       283  ????????????????  3f3f3f3f3f3f3f3f3f3f3f3f3f3f3f3f
       200  ................  ffffffffffffffffffffffffffffffff
       198  ................  fefefefefefefefefefefefefefefefe
# epoch 4000  H=7.6324 C=7.3015 HO=0.2581  A(t)=339
      1036  <<<<<<<<<<<<<<<<  3c3c3c3c3c3c3c3c3c3c3c3c3c3c3c3c
       737  [[[[[[[[[[[[[[[[  5b5b5b5b5b5b5b5b5b5b5b5b5b5b5b5b
       703  ================  3d3d3d3d3d3d3d3d3d3d3d3d3d3d3d3d
       622  ,,,,,,,,,,,,,,,,  2c2c2c2c2c2c2c2c2c2c2c2c2c2c2c2c
       617  ;;;;;;;;;;;;;;;;  3b3b3b3b3b3b3b3b3b3b3b3b3b3b3b3b
       517  ::::::::::::::::  3a3a3a3a3a3a3a3a3a3a3a3a3a3a3a3a
       440  >>>>>>>>>>>>>>>>  3e3e3e3e3e3e3e3e3e3e3e3e3e3e3e3e
       260  3333333333333333  33333333333333333333333333333333
       223  8888888888888888  38383838383838383838383838383838
       198  6666666666666666  36363636363636363636363636363636
# epoch 4250  H=7.6296 C=7.3053 HO=0.2581  A(t)=341
      1166  <<<<<<<<<<<<<<<<  3c3c3c3c3c3c3c3c3c3c3c3c3c3c3c3c
       701  [[[[[[[[[[[[[[[[  5b5b5b5b5b5b5b5b5b5b5b5b5b5b5b5b
       692  ,,,,,,,,,,,,,,,,  2c2c2c2c2c2c2c2c2c2c2c2c2c2c2c2c
       512  ;;;;;;;;;;;;;;;;  3b3b3b3b3b3b3b3b3b3b3b3b3b3b3b3b
       509  ================  3d3d3d3d3d3d3d3d3d3d3d3d3d3d3d3d
       454  bbbbbbbbbbbbbbbb  62626262626262626262626262626262
       319  ::::::::::::::::  3a3a3a3a3a3a3a3a3a3a3a3a3a3a3a3a
       241  >>>>>>>>>>>>>>>>  3e3e3e3e3e3e3e3e3e3e3e3e3e3e3e3e
       220  @@@@@@@@@@@@@@@@  40404040404040404040404040404040
       214  ????????????????  3f3f3f3f3f3f3f3f3f3f3f3f3f3f3f3f
# epoch 4500  H=7.6170 C=7.2899 HO=0.2602  A(t)=341
      1055  <<<<<<<<<<<<<<<<  3c3c3c3c3c3c3c3c3c3c3c3c3c3c3c3c
       852  ,,,,,,,,,,,,,,,,  2c2c2c2c2c2c2c2c2c2c2c2c2c2c2c2c
       681  ;;;;;;;;;;;;;;;;  3b3b3b3b3b3b3b3b3b3b3b3b3b3b3b3b
       582  [[[[[[[[[[[[[[[[  5b5b5b5b5b5b5b5b5b5b5b5b5b5b5b5b
       540  ================  3d3d3d3d3d3d3d3d3d3d3d3d3d3d3d3d
       487  ::::::::::::::::  3a3a3a3a3a3a3a3a3a3a3a3a3a3a3a3a
       404  {{{{{{{{{{{{{{{{  7b7b7b7b7b7b7b7b7b7b7b7b7b7b7b7b
       331  7777777777777777  37373737373737373737373737373737
       317  >>>>>>>>>>>>>>>>  3e3e3e3e3e3e3e3e3e3e3e3e3e3e3e3e
       311  9999999999999999  39393939393939393939393939393939
# epoch 4750  H=7.5943 C=7.2877 HO=0.2462  A(t)=343
      1283  <<<<<<<<<<<<<<<<  3c3c3c3c3c3c3c3c3c3c3c3c3c3c3c3c
       934  [[[[[[[[[[[[[[[[  5b5b5b5b5b5b5b5b5b5b5b5b5b5b5b5b
       691  ,,,,,,,,,,,,,,,,  2c2c2c2c2c2c2c2c2c2c2c2c2c2c2c2c
       547  ;;;;;;;;;;;;;;;;  3b3b3b3b3b3b3b3b3b3b3b3b3b3b3b3b
       511  ::::::::::::::::  3a3a3a3a3a3a3a3a3a3a3a3a3a3a3a3a
       490  ================  3d3d3d3d3d3d3d3d3d3d3d3d3d3d3d3d
       289  >>>>>>>>>>>>>>>>  3e3e3e3e3e3e3e3e3e3e3e3e3e3e3e3e
       289  8888888888888888  38383838383838383838383838383838
       260  ................  2e2e2e2e2e2e2e2e2e2e2e2e2e2e2e2e
       236  9999999999999999  39393939393939393939393939393939
# epoch 5000  H=7.5928 C=7.3018 HO=0.2332  A(t)=343
       899  <<<<<<<<<<<<<<<<  3c3c3c3c3c3c3c3c3c3c3c3c3c3c3c3c
       691  ;;;;;;;;;;;;;;;;  3b3b3b3b3b3b3b3b3b3b3b3b3b3b3b3b
       673  ================  3d3d3d3d3d3d3d3d3d3d3d3d3d3d3d3d
       624  [[[[[[[[[[[[[[[[  5b5b5b5b5b5b5b5b5b5b5b5b5b5b5b5b
       477  ,,,,,,,,,,,,,,,,  2c2c2c2c2c2c2c2c2c2c2c2c2c2c2c2c
       435  ????????????????  3f3f3f3f3f3f3f3f3f3f3f3f3f3f3f3f
       299  >>>>>>>>>>>>>>>>  3e3e3e3e3e3e3e3e3e3e3e3e3e3e3e3e
       266  ::::::::::::::::  3a3a3a3a3a3a3a3a3a3a3a3a3a3a3a3a
       254  @@@@@@@@@@@@@@@@  40404040404040404040404040404040
       220  ................  2e2e2e2e2e2e2e2e2e2e2e2e2e2e2e2e
# epoch 5250  H=7.5885 C=7.3118 HO=0.2178  A(t)=343
       857  ;;;;;;;;;;;;;;;;  3b3b3b3b3b3b3b3b3b3b3b3b3b3b3b3b
       671  <<<<<<<<<<<<<<<<  3c3c3c3c3c3c3c3c3c3c3c3c3c3c3c3c
       590  ,,,,,,,,,,,,,,,,  2c2c2c2c2c2c2c2c2c2c2c2c2c2c2c2c
       528  ================  3d3d3d3d3d3d3d3d3d3d3d3d3d3d3d3d
       463  [[[[[[[[[[[[[[[[  5b5b5b5b5b5b5b5b5b5b5b5b5b5b5b5b
       455  ::::::::::::::::  3a3a3a3a3a3a3a3a3a3a3a3a3a3a3a3a
       280  ????????????????  3f3f3f3f3f3f3f3f3f3f3f3f3f3f3f3f
       252  0000000000000000  30303030303030303030303030303030
       243  >>>>>>>>>>>>>>>>  3e3e3e3e3e3e3e3e3e3e3e3e3e3e3e3e
       232  @@@@@@@@@@@@@@@@  40404040404040404040404040404040
# epoch 5500  H=7.5799 C=7.2993 HO=0.2260  A(t)=344
      1208  <<<<<<<<<<<<<<<<  3c3c3c3c3c3c3c3c3c3c3c3c3c3c3c3c
       875  ;;;;;;;;;;;;;;;;  3b3b3b3b3b3b3b3b3b3b3b3b3b3b3b3b
       836  ,,,,,,,,,,,,,,,,  2c2c2c2c2c2c2c2c2c2c2c2c2c2c2c2c
       458  [[[[[[[[[[[[[[[[  5b5b5b5b5b5b5b5b5b5b5b5b5b5b5b5b
       437  ================  3d3d3d3d3d3d3d3d3d3d3d3d3d3d3d3d
       383  >>>>>>>>>>>>>>>>  3e3e3e3e3e3e3e3e3e3e3e3e3e3e3e3e
       333  ................  2e2e2e2e2e2e2e2e2e2e2e2e2e2e2e2e
       276  9999999999999999  39393939393939393939393939393939
       264  ................  07070707070707070707070707070707
       260  ))))))))))))))))  29292929292929292929292929292929
# epoch 5750  H=7.5713 C=7.2948 HO=0.2221  A(t)=345
       945  <<<<<<<<<<<<<<<<  3c3c3c3c3c3c3c3c3c3c3c3c3c3c3c3c
       769  ,,,,,,,,,,,,,,,,  2c2c2c2c2c2c2c2c2c2c2c2c2c2c2c2c
       614  ================  3d3d3d3d3d3d3d3d3d3d3d3d3d3d3d3d
       495  [[[[[[[[[[[[[[[[  5b5b5b5b5b5b5b5b5b5b5b5b5b5b5b5b
       475  9999999999999999  39393939393939393939393939393939
       470  ;;;;;;;;;;;;;;;;  3b3b3b3b3b3b3b3b3b3b3b3b3b3b3b3b
       435  ::::::::::::::::  3a3a3a3a3a3a3a3a3a3a3a3a3a3a3a3a
       319  >>>>>>>>>>>>>>>>  3e3e3e3e3e3e3e3e3e3e3e3e3e3e3e3e
       293  ????????????????  3f3f3f3f3f3f3f3f3f3f3f3f3f3f3f3f
       216  !!!!!!!!!!!!!!!!  21212121212121212121212121212121
# epoch 6000  H=7.5526 C=7.2884 HO=0.2117  A(t)=348
      1377  <<<<<<<<<<<<<<<<  3c3c3c3c3c3c3c3c3c3c3c3c3c3c3c3c
       792  ================  3d3d3d3d3d3d3d3d3d3d3d3d3d3d3d3d
       731  ,,,,,,,,,,,,,,,,  2c2c2c2c2c2c2c2c2c2c2c2c2c2c2c2c
       647  ;;;;;;;;;;;;;;;;  3b3b3b3b3b3b3b3b3b3b3b3b3b3b3b3b
       504  [[[[[[[[[[[[[[[[  5b5b5b5b5b5b5b5b5b5b5b5b5b5b5b5b
       379  >>>>>>>>>>>>>>>>  3e3e3e3e3e3e3e3e3e3e3e3e3e3e3e3e
       317  ::::::::::::::::  3a3a3a3a3a3a3a3a3a3a3a3a3a3a3a3a
       267  7777777777777777  37373737373737373737373737373737
       216  ????????????????  3f3f3f3f3f3f3f3f3f3f3f3f3f3f3f3f
       182  9999999999999999  39393939393939393939393939393939
# epoch 6250  H=7.5443 C=7.2907 HO=0.2039  A(t)=350
       991  <<<<<<<<<<<<<<<<  3c3c3c3c3c3c3c3c3c3c3c3c3c3c3c3c
       685  ,,,,,,,,,,,,,,,,  2c2c2c2c2c2c2c2c2c2c2c2c2c2c2c2c
       566  ================  3d3d3d3d3d3d3d3d3d3d3d3d3d3d3d3d
       477  ;;;;;;;;;;;;;;;;  3b3b3b3b3b3b3b3b3b3b3b3b3b3b3b3b
       389  >>>>>>>>>>>>>>>>  3e3e3e3e3e3e3e3e3e3e3e3e3e3e3e3e
       371  [[[[[[[[[[[[[[[[  5b5b5b5b5b5b5b5b5b5b5b5b5b5b5b5b
       283  ????????????????  3f3f3f3f3f3f3f3f3f3f3f3f3f3f3f3f
       274  ::::::::::::::::  3a3a3a3a3a3a3a3a3a3a3a3a3a3a3a3a
       203  0000000000000000  30303030303030303030303030303030
       194  zzzzzzzzzzzzzzzz  7a7a7a7a7a7a7a7a7a7a7a7a7a7a7a7a
# epoch 6500  H=7.5384 C=7.2869 HO=0.2054  A(t)=351
       908  ,,,,,,,,,,,,,,,,  2c2c2c2c2c2c2c2c2c2c2c2c2c2c2c2c
       764  <<<<<<<<<<<<<<<<  3c3c3c3c3c3c3c3c3c3c3c3c3c3c3c3c
       551  ================  3d3d3d3d3d3d3d3d3d3d3d3d3d3d3d3d
       492  [[[[[[[[[[[[[[[[  5b5b5b5b5b5b5b5b5b5b5b5b5b5b5b5b
       419  ::::::::::::::::  3a3a3a3a3a3a3a3a3a3a3a3a3a3a3a3a
       375  ;;;;;;;;;;;;;;;;  3b3b3b3b3b3b3b3b3b3b3b3b3b3b3b3b
       263  >>>>>>>>>>>>>>>>  3e3e3e3e3e3e3e3e3e3e3e3e3e3e3e3e
       238  ????????????????  3f3f3f3f3f3f3f3f3f3f3f3f3f3f3f3f
       195  8888888888888888  38383838383838383838383838383838
       193  ]]]]]]]]]]]]]]]]  5d5d5d5d5d5d5d5d5d5d5d5d5d5d5d5d
# epoch 6750  H=7.5425 C=7.2847 HO=0.2121  A(t)=352
       633  ,,,,,,,,,,,,,,,,  2c2c2c2c2c2c2c2c2c2c2c2c2c2c2c2c
       624  ;;;;;;;;;;;;;;;;  3b3b3b3b3b3b3b3b3b3b3b3b3b3b3b3b
       589  <<<<<<<<<<<<<<<<  3c3c3c3c3c3c3c3c3c3c3c3c3c3c3c3c
       532  ================  3d3d3d3d3d3d3d3d3d3d3d3d3d3d3d3d
       468  [[[[[[[[[[[[[[[[  5b5b5b5b5b5b5b5b5b5b5b5b5b5b5b5b
       418  ::::::::::::::::  3a3a3a3a3a3a3a3a3a3a3a3a3a3a3a3a
       406  >>>>>>>>>>>>>>>>  3e3e3e3e3e3e3e3e3e3e3e3e3e3e3e3e
       317  ????????????????  3f3f3f3f3f3f3f3f3f3f3f3f3f3f3f3f
       258  9999999999999999  39393939393939393939393939393939
       252  8888888888888888  38383838383838383838383838383838
# epoch 7000  H=7.5477 C=7.2869 HO=0.2140  A(t)=352
       998  <<<<<<<<<<<<<<<<  3c3c3c3c3c3c3c3c3c3c3c3c3c3c3c3c
       839  ,,,,,,,,,,,,,,,,  2c2c2c2c2c2c2c2c2c2c2c2c2c2c2c2c
       817  ;;;;;;;;;;;;;;;;  3b3b3b3b3b3b3b3b3b3b3b3b3b3b3b3b
       498  ================  3d3d3d3d3d3d3d3d3d3d3d3d3d3d3d3d
       493  [[[[[[[[[[[[[[[[  5b5b5b5b5b5b5b5b5b5b5b5b5b5b5b5b
       463  ::::::::::::::::  3a3a3a3a3a3a3a3a3a3a3a3a3a3a3a3a
       298  9999999999999999  39393939393939393939393939393939
       205  ????????????????  3f3f3f3f3f3f3f3f3f3f3f3f3f3f3f3f
       202  >>>>>>>>>>>>>>>>  3e3e3e3e3e3e3e3e3e3e3e3e3e3e3e3e
       189  ................  ffffffffffffffffffffffffffffffff
# epoch 7250  H=7.5444 C=7.2705 HO=0.2302  A(t)=352
       971  <<<<<<<<<<<<<<<<  3c3c3c3c3c3c3c3c3c3c3c3c3c3c3c3c
       870  ,,,,,,,,,,,,,,,,  2c2c2c2c2c2c2c2c2c2c2c2c2c2c2c2c
       773  ;;;;;;;;;;;;;;;;  3b3b3b3b3b3b3b3b3b3b3b3b3b3b3b3b
       499  [[[[[[[[[[[[[[[[  5b5b5b5b5b5b5b5b5b5b5b5b5b5b5b5b
       412  9999999999999999  39393939393939393939393939393939
       411  ::::::::::::::::  3a3a3a3a3a3a3a3a3a3a3a3a3a3a3a3a
       316  ================  3d3d3d3d3d3d3d3d3d3d3d3d3d3d3d3d
       298  5555555555555555  35353535353535353535353535353535
       288  >>>>>>>>>>>>>>>>  3e3e3e3e3e3e3e3e3e3e3e3e3e3e3e3e
       260  ????????????????  3f3f3f3f3f3f3f3f3f3f3f3f3f3f3f3f
# epoch 7500  H=7.5427 C=7.2730 HO=0.2238  A(t)=354
       937  <<<<<<<<<<<<<<<<  3c3c3c3c3c3c3c3c3c3c3c3c3c3c3c3c
       720  [[[[[[[[[[[[[[[[  5b5b5b5b5b5b5b5b5b5b5b5b5b5b5b5b
       710  ;;;;;;;;;;;;;;;;  3b3b3b3b3b3b3b3b3b3b3b3b3b3b3b3b
       597  ,,,,,,,,,,,,,,,,  2c2c2c2c2c2c2c2c2c2c2c2c2c2c2c2c
       342  ::::::::::::::::  3a3a3a3a3a3a3a3a3a3a3a3a3a3a3a3a
       337  >>>>>>>>>>>>>>>>  3e3e3e3e3e3e3e3e3e3e3e3e3e3e3e3e
       293  ????????????????  3f3f3f3f3f3f3f3f3f3f3f3f3f3f3f3f
       266  ................  2e2e2e2e2e2e2e2e2e2e2e2e2e2e2e2e
       250  GGGGGGGGGGGGGGGG  47474747474747474747474747474747
       244  ================  3d3d3d3d3d3d3d3d3d3d3d3d3d3d3d3d
# epoch 7750  H=7.5369 C=7.2611 HO=0.2327  A(t)=354
       877  [[[[[[[[[[[[[[[[  5b5b5b5b5b5b5b5b5b5b5b5b5b5b5b5b
       768  ,,,,,,,,,,,,,,,,  2c2c2c2c2c2c2c2c2c2c2c2c2c2c2c2c
       654  ;;;;;;;;;;;;;;;;  3b3b3b3b3b3b3b3b3b3b3b3b3b3b3b3b
       603  <<<<<<<<<<<<<<<<  3c3c3c3c3c3c3c3c3c3c3c3c3c3c3c3c
       506  ................  00000000000000000000000000000000
       455  ????????????????  3f3f3f3f3f3f3f3f3f3f3f3f3f3f3f3f
       379  ================  3d3d3d3d3d3d3d3d3d3d3d3d3d3d3d3d
       357  ::::::::::::::::  3a3a3a3a3a3a3a3a3a3a3a3a3a3a3a3a
       345  >>>>>>>>>>>>>>>>  3e3e3e3e3e3e3e3e3e3e3e3e3e3e3e3e
       284  9999999999999999  39393939393939393939393939393939
# epoch 8000  H=7.5320 C=7.2407 HO=0.2474  A(t)=354
      1789  ,,,,,,,,,,,,,,,,  2c2c2c2c2c2c2c2c2c2c2c2c2c2c2c2c
      1324  ................  00000000000000000000000000000000
       746  <<<<<<<<<<<<<<<<  3c3c3c3c3c3c3c3c3c3c3c3c3c3c3c3c
       707  [[[[[[[[[[[[[[[[  5b5b5b5b5b5b5b5b5b5b5b5b5b5b5b5b
       508  ;;;;;;;;;;;;;;;;  3b3b3b3b3b3b3b3b3b3b3b3b3b3b3b3b
       453  ................  2e2e2e2e2e2e2e2e2e2e2e2e2e2e2e2e
       438  ::::::::::::::::  3a3a3a3a3a3a3a3a3a3a3a3a3a3a3a3a
       393  >>>>>>>>>>>>>>>>  3e3e3e3e3e3e3e3e3e3e3e3e3e3e3e3e
       374  ================  3d3d3d3d3d3d3d3d3d3d3d3d3d3d3d3d
       322  8888888888888888  38383838383838383838383838383838
# epoch 8250  H=7.5214 C=7.2199 HO=0.2556  A(t)=354
      1760  ,,,,,,,,,,,,,,,,  2c2c2c2c2c2c2c2c2c2c2c2c2c2c2c2c
       804  <<<<<<<<<<<<<<<<  3c3c3c3c3c3c3c3c3c3c3c3c3c3c3c3c
       649  ;;;;;;;;;;;;;;;;  3b3b3b3b3b3b3b3b3b3b3b3b3b3b3b3b
       607  [[[[[[[[[[[[[[[[  5b5b5b5b5b5b5b5b5b5b5b5b5b5b5b5b
       469  ................  92929292929292929292929292929292
       424  ================  3d3d3d3d3d3d3d3d3d3d3d3d3d3d3d3d
       387  JJJJJJJJJJJJJJJJ  4a4a4a4a4a4a4a4a4a4a4a4a4a4a4a4a
       384  ::::::::::::::::  3a3a3a3a3a3a3a3a3a3a3a3a3a3a3a3a
       372  >>>>>>>>>>>>>>>>  3e3e3e3e3e3e3e3e3e3e3e3e3e3e3e3e
       338  ????????????????  3f3f3f3f3f3f3f3f3f3f3f3f3f3f3f3f
# epoch 8500  H=7.5004 C=7.2169 HO=0.2422  A(t)=356
      1115  <<<<<<<<<<<<<<<<  3c3c3c3c3c3c3c3c3c3c3c3c3c3c3c3c
       811  ,,,,,,,,,,,,,,,,  2c2c2c2c2c2c2c2c2c2c2c2c2c2c2c2c
       789  ;;;;;;;;;;;;;;;;  3b3b3b3b3b3b3b3b3b3b3b3b3b3b3b3b
       784  ================  3d3d3d3d3d3d3d3d3d3d3d3d3d3d3d3d
       687  [[[[[[[[[[[[[[[[  5b5b5b5b5b5b5b5b5b5b5b5b5b5b5b5b
       498  ::::::::::::::::  3a3a3a3a3a3a3a3a3a3a3a3a3a3a3a3a
       298  ????????????????  3f3f3f3f3f3f3f3f3f3f3f3f3f3f3f3f
       271  >>>>>>>>>>>>>>>>  3e3e3e3e3e3e3e3e3e3e3e3e3e3e3e3e
       193  ]]]]]]]]]]]]]]]]  5d5d5d5d5d5d5d5d5d5d5d5d5d5d5d5d
       185  tttttttttttttttt  74747474747474747474747474747474
# epoch 8750  H=7.4953 C=7.2135 HO=0.2370  A(t)=359
      1351  <<<<<<<<<<<<<<<<  3c3c3c3c3c3c3c3c3c3c3c3c3c3c3c3c
      1255  ================  3d3d3d3d3d3d3d3d3d3d3d3d3d3d3d3d
       950  [[[[[[[[[[[[[[[[  5b5b5b5b5b5b5b5b5b5b5b5b5b5b5b5b
       798  ,,,,,,,,,,,,,,,,  2c2c2c2c2c2c2c2c2c2c2c2c2c2c2c2c
       733  ;;;;;;;;;;;;;;;;  3b3b3b3b3b3b3b3b3b3b3b3b3b3b3b3b
       432  ::::::::::::::::  3a3a3a3a3a3a3a3a3a3a3a3a3a3a3a3a
       402  ????????????????  3f3f3f3f3f3f3f3f3f3f3f3f3f3f3f3f
       308  @@@@@@@@@@@@@@@@  40404040404040404040404040404040
       291  >>>>>>>>>>>>>>>>  3e3e3e3e3e3e3e3e3e3e3e3e3e3e3e3e
       267  CCCCCCCCCCCCCCCC  43434343434343434343434343434343
# epoch 9000  H=7.4975 C=7.2148 HO=0.2386  A(t)=361
      1064  <<<<<<<<<<<<<<<<  3c3c3c3c3c3c3c3c3c3c3c3c3c3c3c3c
      1011  [[[[[[[[[[[[[[[[  5b5b5b5b5b5b5b5b5b5b5b5b5b5b5b5b
       974  ;;;;;;;;;;;;;;;;  3b3b3b3b3b3b3b3b3b3b3b3b3b3b3b3b
       811  ,,,,,,,,,,,,,,,,  2c2c2c2c2c2c2c2c2c2c2c2c2c2c2c2c
       592  ================  3d3d3d3d3d3d3d3d3d3d3d3d3d3d3d3d
       463  >>>>>>>>>>>>>>>>  3e3e3e3e3e3e3e3e3e3e3e3e3e3e3e3e
       412  7777777777777777  37373737373737373737373737373737
       399  ::::::::::::::::  3a3a3a3a3a3a3a3a3a3a3a3a3a3a3a3a
       296  ????????????????  3f3f3f3f3f3f3f3f3f3f3f3f3f3f3f3f
       285  @@@@@@@@@@@@@@@@  40404040404040404040404040404040
# epoch 9250  H=7.4969 C=7.2160 HO=0.2350  A(t)=362
      1047  <<<<<<<<<<<<<<<<  3c3c3c3c3c3c3c3c3c3c3c3c3c3c3c3c
       906  ================  3d3d3d3d3d3d3d3d3d3d3d3d3d3d3d3d
       810  [[[[[[[[[[[[[[[[  5b5b5b5b5b5b5b5b5b5b5b5b5b5b5b5b
       618  ,,,,,,,,,,,,,,,,  2c2c2c2c2c2c2c2c2c2c2c2c2c2c2c2c
       491  ;;;;;;;;;;;;;;;;  3b3b3b3b3b3b3b3b3b3b3b3b3b3b3b3b
       363  ????????????????  3f3f3f3f3f3f3f3f3f3f3f3f3f3f3f3f
       340  ::::::::::::::::  3a3a3a3a3a3a3a3a3a3a3a3a3a3a3a3a
       299  9999999999999999  39393939393939393939393939393939
       295  >>>>>>>>>>>>>>>>  3e3e3e3e3e3e3e3e3e3e3e3e3e3e3e3e
       291  @@@@@@@@@@@@@@@@  40404040404040404040404040404040
# epoch 9500  H=7.4966 C=7.2147 HO=0.2416  A(t)=363
       906  ,,,,,,,,,,,,,,,,  2c2c2c2c2c2c2c2c2c2c2c2c2c2c2c2c
       791  [[[[[[[[[[[[[[[[  5b5b5b5b5b5b5b5b5b5b5b5b5b5b5b5b
       688  <<<<<<<<<<<<<<<<  3c3c3c3c3c3c3c3c3c3c3c3c3c3c3c3c
       683  ;;;;;;;;;;;;;;;;  3b3b3b3b3b3b3b3b3b3b3b3b3b3b3b3b
       661  ================  3d3d3d3d3d3d3d3d3d3d3d3d3d3d3d3d
       412  9999999999999999  39393939393939393939393939393939
       394  >>>>>>>>>>>>>>>>  3e3e3e3e3e3e3e3e3e3e3e3e3e3e3e3e
       289  ????????????????  3f3f3f3f3f3f3f3f3f3f3f3f3f3f3f3f
       260  7777777777777777  37373737373737373737373737373737
       243  ::::::::::::::::  3a3a3a3a3a3a3a3a3a3a3a3a3a3a3a3a
# epoch 9750  H=7.4983 C=7.2127 HO=0.2456  A(t)=365
      1032  <<<<<<<<<<<<<<<<  3c3c3c3c3c3c3c3c3c3c3c3c3c3c3c3c
       957  ,,,,,,,,,,,,,,,,  2c2c2c2c2c2c2c2c2c2c2c2c2c2c2c2c
       866  ================  3d3d3d3d3d3d3d3d3d3d3d3d3d3d3d3d
       737  ;;;;;;;;;;;;;;;;  3b3b3b3b3b3b3b3b3b3b3b3b3b3b3b3b
       614  [[[[[[[[[[[[[[[[  5b5b5b5b5b5b5b5b5b5b5b5b5b5b5b5b
       394  ????????????????  3f3f3f3f3f3f3f3f3f3f3f3f3f3f3f3f
       299  9999999999999999  39393939393939393939393939393939
       298  ::::::::::::::::  3a3a3a3a3a3a3a3a3a3a3a3a3a3a3a3a
       280  >>>>>>>>>>>>>>>>  3e3e3e3e3e3e3e3e3e3e3e3e3e3e3e3e
       271  DDDDDDDDDDDDDDDD  44444444444444444444444444444444
# epoch 10000  H=7.5037 C=7.2328 HO=0.2258  A(t)=368
       901  ;;;;;;;;;;;;;;;;  3b3b3b3b3b3b3b3b3b3b3b3b3b3b3b3b
       769  ================  3d3d3d3d3d3d3d3d3d3d3d3d3d3d3d3d
       724  ,,,,,,,,,,,,,,,,  2c2c2c2c2c2c2c2c2c2c2c2c2c2c2c2c
       701  [[[[[[[[[[[[[[[[  5b5b5b5b5b5b5b5b5b5b5b5b5b5b5b5b
       695  <<<<<<<<<<<<<<<<  3c3c3c3c3c3c3c3c3c3c3c3c3c3c3c3c
       374  ????????????????  3f3f3f3f3f3f3f3f3f3f3f3f3f3f3f3f
       268  >>>>>>>>>>>>>>>>  3e3e3e3e3e3e3e3e3e3e3e3e3e3e3e3e
       231  9999999999999999  39393939393939393939393939393939
       198  ::::::::::::::::  3a3a3a3a3a3a3a3a3a3a3a3a3a3a3a3a
       196  @@@@@@@@@@@@@@@@  40404040404040404040404040404040
# epoch 10250  H=7.5078 C=7.2258 HO=0.2362  A(t)=368
       940  ,,,,,,,,,,,,,,,,  2c2c2c2c2c2c2c2c2c2c2c2c2c2c2c2c
       840  <<<<<<<<<<<<<<<<  3c3c3c3c3c3c3c3c3c3c3c3c3c3c3c3c
       725  ================  3d3d3d3d3d3d3d3d3d3d3d3d3d3d3d3d
       560  ;;;;;;;;;;;;;;;;  3b3b3b3b3b3b3b3b3b3b3b3b3b3b3b3b
       540  [[[[[[[[[[[[[[[[  5b5b5b5b5b5b5b5b5b5b5b5b5b5b5b5b
       497  ????????????????  3f3f3f3f3f3f3f3f3f3f3f3f3f3f3f3f
       284  >>>>>>>>>>>>>>>>  3e3e3e3e3e3e3e3e3e3e3e3e3e3e3e3e
       279  ................  2e2e2e2e2e2e2e2e2e2e2e2e2e2e2e2e
       257  7777777777777777  37373737373737373737373737373737
       251  HHHHHHHHHHHHHHHH  48484848484848484848484848484848
# epoch 10500  H=7.5091 C=7.2161 HO=0.2482  A(t)=368
       838  <<<<<<<<<<<<<<<<  3c3c3c3c3c3c3c3c3c3c3c3c3c3c3c3c
       806  [[[[[[[[[[[[[[[[  5b5b5b5b5b5b5b5b5b5b5b5b5b5b5b5b
       797  ================  3d3d3d3d3d3d3d3d3d3d3d3d3d3d3d3d
       732  >>>>>>>>>>>>>>>>  3e3e3e3e3e3e3e3e3e3e3e3e3e3e3e3e
       602  ,,,,,,,,,,,,,,,,  2c2c2c2c2c2c2c2c2c2c2c2c2c2c2c2c
       591  ;;;;;;;;;;;;;;;;  3b3b3b3b3b3b3b3b3b3b3b3b3b3b3b3b
       366  ::::::::::::::::  3a3a3a3a3a3a3a3a3a3a3a3a3a3a3a3a
       365  ????????????????  3f3f3f3f3f3f3f3f3f3f3f3f3f3f3f3f
       357  @@@@@@@@@@@@@@@@  40404040404040404040404040404040
       299  9999999999999999  39393939393939393939393939393939
# epoch 10750  H=7.5102 C=7.2004 HO=0.2627  A(t)=368
       895  [[[[[[[[[[[[[[[[  5b5b5b5b5b5b5b5b5b5b5b5b5b5b5b5b
       869  ,,,,,,,,,,,,,,,,  2c2c2c2c2c2c2c2c2c2c2c2c2c2c2c2c
       790  ================  3d3d3d3d3d3d3d3d3d3d3d3d3d3d3d3d
       788  <<<<<<<<<<<<<<<<  3c3c3c3c3c3c3c3c3c3c3c3c3c3c3c3c
       625  ;;;;;;;;;;;;;;;;  3b3b3b3b3b3b3b3b3b3b3b3b3b3b3b3b
       378  ::::::::::::::::  3a3a3a3a3a3a3a3a3a3a3a3a3a3a3a3a
       366  >>>>>>>>>>>>>>>>  3e3e3e3e3e3e3e3e3e3e3e3e3e3e3e3e
       320  ????????????????  3f3f3f3f3f3f3f3f3f3f3f3f3f3f3f3f
       313  4444444444444444  34343434343434343434343434343434
       297  8888888888888888  38383838383838383838383838383838
# epoch 11000  H=7.5147 C=7.1914 HO=0.2751  A(t)=368
      1010  <<<<<<<<<<<<<<<<  3c3c3c3c3c3c3c3c3c3c3c3c3c3c3c3c
       911  [[[[[[[[[[[[[[[[  5b5b5b5b5b5b5b5b5b5b5b5b5b5b5b5b
       878  ,,,,,,,,,,,,,,,,  2c2c2c2c2c2c2c2c2c2c2c2c2c2c2c2c
       872  ================  3d3d3d3d3d3d3d3d3d3d3d3d3d3d3d3d
       739  ;;;;;;;;;;;;;;;;  3b3b3b3b3b3b3b3b3b3b3b3b3b3b3b3b
       486  8888888888888888  38383838383838383838383838383838
       346  ::::::::::::::::  3a3a3a3a3a3a3a3a3a3a3a3a3a3a3a3a
       305  >>>>>>>>>>>>>>>>  3e3e3e3e3e3e3e3e3e3e3e3e3e3e3e3e
       291  9999999999999999  39393939393939393939393939393939
       268  ????????????????  3f3f3f3f3f3f3f3f3f3f3f3f3f3f3f3f
# epoch 11250  H=7.5175 C=7.1846 HO=0.2822  A(t)=370
      1028  [[[[[[[[[[[[[[[[  5b5b5b5b5b5b5b5b5b5b5b5b5b5b5b5b
      1018  <<<<<<<<<<<<<<<<  3c3c3c3c3c3c3c3c3c3c3c3c3c3c3c3c
       957  ,,,,,,,,,,,,,,,,  2c2c2c2c2c2c2c2c2c2c2c2c2c2c2c2c
       830  ;;;;;;;;;;;;;;;;  3b3b3b3b3b3b3b3b3b3b3b3b3b3b3b3b
       539  ================  3d3d3d3d3d3d3d3d3d3d3d3d3d3d3d3d
       495  >>>>>>>>>>>>>>>>  3e3e3e3e3e3e3e3e3e3e3e3e3e3e3e3e
       411  7777777777777777  37373737373737373737373737373737
       410  @@@@@@@@@@@@@@@@  40404040404040404040404040404040
       331  ????????????????  3f3f3f3f3f3f3f3f3f3f3f3f3f3f3f3f
       327  9999999999999999  39393939393939393939393939393939
# epoch 11500  H=7.5224 C=7.1850 HO=0.2881  A(t)=371
      1047  <<<<<<<<<<<<<<<<  3c3c3c3c3c3c3c3c3c3c3c3c3c3c3c3c
       919  [[[[[[[[[[[[[[[[  5b5b5b5b5b5b5b5b5b5b5b5b5b5b5b5b
       870  ;;;;;;;;;;;;;;;;  3b3b3b3b3b3b3b3b3b3b3b3b3b3b3b3b
       699  ,,,,,,,,,,,,,,,,  2c2c2c2c2c2c2c2c2c2c2c2c2c2c2c2c
       643  ================  3d3d3d3d3d3d3d3d3d3d3d3d3d3d3d3d
       632  >>>>>>>>>>>>>>>>  3e3e3e3e3e3e3e3e3e3e3e3e3e3e3e3e
       388  ::::::::::::::::  3a3a3a3a3a3a3a3a3a3a3a3a3a3a3a3a
       375  9999999999999999  39393939393939393939393939393939
       348  ????????????????  3f3f3f3f3f3f3f3f3f3f3f3f3f3f3f3f
       298  0000000000000000  30303030303030303030303030303030
# epoch 11750  H=7.5272 C=7.1979 HO=0.2739  A(t)=372
      1142  <<<<<<<<<<<<<<<<  3c3c3c3c3c3c3c3c3c3c3c3c3c3c3c3c
       932  ================  3d3d3d3d3d3d3d3d3d3d3d3d3d3d3d3d
       928  [[[[[[[[[[[[[[[[  5b5b5b5b5b5b5b5b5b5b5b5b5b5b5b5b
       729  ,,,,,,,,,,,,,,,,  2c2c2c2c2c2c2c2c2c2c2c2c2c2c2c2c
       533  ::::::::::::::::  3a3a3a3a3a3a3a3a3a3a3a3a3a3a3a3a
       507  ;;;;;;;;;;;;;;;;  3b3b3b3b3b3b3b3b3b3b3b3b3b3b3b3b
       381  >>>>>>>>>>>>>>>>  3e3e3e3e3e3e3e3e3e3e3e3e3e3e3e3e
       304  ................  2e2e2e2e2e2e2e2e2e2e2e2e2e2e2e2e
       300  6666666666666666  36363636363636363636363636363636
       267  8888888888888888  38383838383838383838383838383838
# epoch 12000  H=7.5355 C=7.1866 HO=0.2927  A(t)=374
      1126  ,,,,,,,,,,,,,,,,  2c2c2c2c2c2c2c2c2c2c2c2c2c2c2c2c
       980  <<<<<<<<<<<<<<<<  3c3c3c3c3c3c3c3c3c3c3c3c3c3c3c3c
       917  [[[[[[[[[[[[[[[[  5b5b5b5b5b5b5b5b5b5b5b5b5b5b5b5b
       777  ================  3d3d3d3d3d3d3d3d3d3d3d3d3d3d3d3d
       633  >>>>>>>>>>>>>>>>  3e3e3e3e3e3e3e3e3e3e3e3e3e3e3e3e
       551  ;;;;;;;;;;;;;;;;  3b3b3b3b3b3b3b3b3b3b3b3b3b3b3b3b
       416  ::::::::::::::::  3a3a3a3a3a3a3a3a3a3a3a3a3a3a3a3a
       387  ????????????????  3f3f3f3f3f3f3f3f3f3f3f3f3f3f3f3f
       366  9999999999999999  39393939393939393939393939393939
       292  7777777777777777  37373737373737373737373737373737
# epoch 12250  H=7.5210 C=7.1771 HO=0.2890  A(t)=374
      1282  <<<<<<<<<<<<<<<<  3c3c3c3c3c3c3c3c3c3c3c3c3c3c3c3c
       919  ,,,,,,,,,,,,,,,,  2c2c2c2c2c2c2c2c2c2c2c2c2c2c2c2c
       697  ;;;;;;;;;;;;;;;;  3b3b3b3b3b3b3b3b3b3b3b3b3b3b3b3b
       655  ================  3d3d3d3d3d3d3d3d3d3d3d3d3d3d3d3d
       572  [[[[[[[[[[[[[[[[  5b5b5b5b5b5b5b5b5b5b5b5b5b5b5b5b
       570  ::::::::::::::::  3a3a3a3a3a3a3a3a3a3a3a3a3a3a3a3a
       542  >>>>>>>>>>>>>>>>  3e3e3e3e3e3e3e3e3e3e3e3e3e3e3e3e
       406  8888888888888888  38383838383838383838383838383838
       371  ????????????????  3f3f3f3f3f3f3f3f3f3f3f3f3f3f3f3f
       257  9999999999999999  39393939393939393939393939393939
# epoch 12500  H=7.5214 C=7.1803 HO=0.2825  A(t)=374
       818  <<<<<<<<<<<<<<<<  3c3c3c3c3c3c3c3c3c3c3c3c3c3c3c3c
       779  ,,,,,,,,,,,,,,,,  2c2c2c2c2c2c2c2c2c2c2c2c2c2c2c2c
       715  ================  3d3d3d3d3d3d3d3d3d3d3d3d3d3d3d3d
       559  ;;;;;;;;;;;;;;;;  3b3b3b3b3b3b3b3b3b3b3b3b3b3b3b3b
       501  ::::::::::::::::  3a3a3a3a3a3a3a3a3a3a3a3a3a3a3a3a
       477  [[[[[[[[[[[[[[[[  5b5b5b5b5b5b5b5b5b5b5b5b5b5b5b5b
       449  >>>>>>>>>>>>>>>>  3e3e3e3e3e3e3e3e3e3e3e3e3e3e3e3e
       380  6666666666666666  36363636363636363636363636363636
       362  7777777777777777  37373737373737373737373737373737
       360  9999999999999999  39393939393939393939393939393939
# epoch 12750  H=7.5203 C=7.1833 HO=0.2823  A(t)=374
      1161  <<<<<<<<<<<<<<<<  3c3c3c3c3c3c3c3c3c3c3c3c3c3c3c3c
      1039  ,,,,,,,,,,,,,,,,  2c2c2c2c2c2c2c2c2c2c2c2c2c2c2c2c
       881  ;;;;;;;;;;;;;;;;  3b3b3b3b3b3b3b3b3b3b3b3b3b3b3b3b
       581  ================  3d3d3d3d3d3d3d3d3d3d3d3d3d3d3d3d
       553  >>>>>>>>>>>>>>>>  3e3e3e3e3e3e3e3e3e3e3e3e3e3e3e3e
       542  [[[[[[[[[[[[[[[[  5b5b5b5b5b5b5b5b5b5b5b5b5b5b5b5b
       483  ::::::::::::::::  3a3a3a3a3a3a3a3a3a3a3a3a3a3a3a3a
       387  5555555555555555  35353535353535353535353535353535
       349  7777777777777777  37373737373737373737373737373737
       301  9999999999999999  39393939393939393939393939393939
# epoch 13000  H=7.5199 C=7.1792 HO=0.2899  A(t)=376
       965  [[[[[[[[[[[[[[[[  5b5b5b5b5b5b5b5b5b5b5b5b5b5b5b5b
       882  ,,,,,,,,,,,,,,,,  2c2c2c2c2c2c2c2c2c2c2c2c2c2c2c2c
       764  <<<<<<<<<<<<<<<<  3c3c3c3c3c3c3c3c3c3c3c3c3c3c3c3c
       705  ;;;;;;;;;;;;;;;;  3b3b3b3b3b3b3b3b3b3b3b3b3b3b3b3b
       661  >>>>>>>>>>>>>>>>  3e3e3e3e3e3e3e3e3e3e3e3e3e3e3e3e
       540  ================  3d3d3d3d3d3d3d3d3d3d3d3d3d3d3d3d
       435  ::::::::::::::::  3a3a3a3a3a3a3a3a3a3a3a3a3a3a3a3a
       360  @@@@@@@@@@@@@@@@  40404040404040404040404040404040
       290  9999999999999999  39393939393939393939393939393939
       255  ????????????????  3f3f3f3f3f3f3f3f3f3f3f3f3f3f3f3f
# epoch 13250  H=7.5150 C=7.1734 HO=0.2895  A(t)=376
      1210  <<<<<<<<<<<<<<<<  3c3c3c3c3c3c3c3c3c3c3c3c3c3c3c3c
       897  ,,,,,,,,,,,,,,,,  2c2c2c2c2c2c2c2c2c2c2c2c2c2c2c2c
       814  ;;;;;;;;;;;;;;;;  3b3b3b3b3b3b3b3b3b3b3b3b3b3b3b3b
       633  [[[[[[[[[[[[[[[[  5b5b5b5b5b5b5b5b5b5b5b5b5b5b5b5b
       614  ================  3d3d3d3d3d3d3d3d3d3d3d3d3d3d3d3d
       489  >>>>>>>>>>>>>>>>  3e3e3e3e3e3e3e3e3e3e3e3e3e3e3e3e
       428  @@@@@@@@@@@@@@@@  40404040404040404040404040404040
       397  ::::::::::::::::  3a3a3a3a3a3a3a3a3a3a3a3a3a3a3a3a
       331  ????????????????  3f3f3f3f3f3f3f3f3f3f3f3f3f3f3f3f
       303  9999999999999999  39393939393939393939393939393939
# epoch 13500  H=7.5100 C=7.1717 HO=0.2841  A(t)=378
      1205  <<<<<<<<<<<<<<<<  3c3c3c3c3c3c3c3c3c3c3c3c3c3c3c3c
       789  ;;;;;;;;;;;;;;;;  3b3b3b3b3b3b3b3b3b3b3b3b3b3b3b3b
       756  ================  3d3d3d3d3d3d3d3d3d3d3d3d3d3d3d3d
       641  ,,,,,,,,,,,,,,,,  2c2c2c2c2c2c2c2c2c2c2c2c2c2c2c2c
       513  [[[[[[[[[[[[[[[[  5b5b5b5b5b5b5b5b5b5b5b5b5b5b5b5b
       433  ::::::::::::::::  3a3a3a3a3a3a3a3a3a3a3a3a3a3a3a3a
       335  >>>>>>>>>>>>>>>>  3e3e3e3e3e3e3e3e3e3e3e3e3e3e3e3e
       330  9999999999999999  39393939393939393939393939393939
       280  ////////////////  2f2f2f2f2f2f2f2f2f2f2f2f2f2f2f2f
       279  7777777777777777  37373737373737373737373737373737
# epoch 13750  H=7.5065 C=7.1821 HO=0.2734  A(t)=378
      1100  <<<<<<<<<<<<<<<<  3c3c3c3c3c3c3c3c3c3c3c3c3c3c3c3c
       942  ================  3d3d3d3d3d3d3d3d3d3d3d3d3d3d3d3d
       803  ;;;;;;;;;;;;;;;;  3b3b3b3b3b3b3b3b3b3b3b3b3b3b3b3b
       749  ,,,,,,,,,,,,,,,,  2c2c2c2c2c2c2c2c2c2c2c2c2c2c2c2c
       586  [[[[[[[[[[[[[[[[  5b5b5b5b5b5b5b5b5b5b5b5b5b5b5b5b
       516  >>>>>>>>>>>>>>>>  3e3e3e3e3e3e3e3e3e3e3e3e3e3e3e3e
       392  ::::::::::::::::  3a3a3a3a3a3a3a3a3a3a3a3a3a3a3a3a
       290  9999999999999999  39393939393939393939393939393939
       271  ................  2e2e2e2e2e2e2e2e2e2e2e2e2e2e2e2e
       262  ????????????????  3f3f3f3f3f3f3f3f3f3f3f3f3f3f3f3f
# epoch 14000  H=7.4999 C=7.1811 HO=0.2697  A(t)=380
      1071  ,,,,,,,,,,,,,,,,  2c2c2c2c2c2c2c2c2c2c2c2c2c2c2c2c
       885  <<<<<<<<<<<<<<<<  3c3c3c3c3c3c3c3c3c3c3c3c3c3c3c3c
       772  ================  3d3d3d3d3d3d3d3d3d3d3d3d3d3d3d3d
       702  [[[[[[[[[[[[[[[[  5b5b5b5b5b5b5b5b5b5b5b5b5b5b5b5b
       663  >>>>>>>>>>>>>>>>  3e3e3e3e3e3e3e3e3e3e3e3e3e3e3e3e
       598  AAAAAAAAAAAAAAAA  41414141414141414141414141414141
       549  ;;;;;;;;;;;;;;;;  3b3b3b3b3b3b3b3b3b3b3b3b3b3b3b3b
       360  9999999999999999  39393939393939393939393939393939
       332  ::::::::::::::::  3a3a3a3a3a3a3a3a3a3a3a3a3a3a3a3a
       291  ................  2e2e2e2e2e2e2e2e2e2e2e2e2e2e2e2e
# epoch 14250  H=7.4902 C=7.1822 HO=0.2611  A(t)=380
      1466  <<<<<<<<<<<<<<<<  3c3c3c3c3c3c3c3c3c3c3c3c3c3c3c3c
       933  [[[[[[[[[[[[[[[[  5b5b5b5b5b5b5b5b5b5b5b5b5b5b5b5b
       869  ,,,,,,,,,,,,,,,,  2c2c2c2c2c2c2c2c2c2c2c2c2c2c2c2c
       846  ================  3d3d3d3d3d3d3d3d3d3d3d3d3d3d3d3d
       684  ;;;;;;;;;;;;;;;;  3b3b3b3b3b3b3b3b3b3b3b3b3b3b3b3b
       451  ::::::::::::::::  3a3a3a3a3a3a3a3a3a3a3a3a3a3a3a3a
       330  9999999999999999  39393939393939393939393939393939
       278  >>>>>>>>>>>>>>>>  3e3e3e3e3e3e3e3e3e3e3e3e3e3e3e3e
       270  7777777777777777  37373737373737373737373737373737
       253  DDDDDDDDDDDDDDDD  44444444444444444444444444444444
# epoch 14500  H=7.4924 C=7.1923 HO=0.2493  A(t)=381
      1182  <<<<<<<<<<<<<<<<  3c3c3c3c3c3c3c3c3c3c3c3c3c3c3c3c
       907  ,,,,,,,,,,,,,,,,  2c2c2c2c2c2c2c2c2c2c2c2c2c2c2c2c
       681  ;;;;;;;;;;;;;;;;  3b3b3b3b3b3b3b3b3b3b3b3b3b3b3b3b
       653  ================  3d3d3d3d3d3d3d3d3d3d3d3d3d3d3d3d
       575  [[[[[[[[[[[[[[[[  5b5b5b5b5b5b5b5b5b5b5b5b5b5b5b5b
       530  >>>>>>>>>>>>>>>>  3e3e3e3e3e3e3e3e3e3e3e3e3e3e3e3e
       415  9999999999999999  39393939393939393939393939393939
       396  ::::::::::::::::  3a3a3a3a3a3a3a3a3a3a3a3a3a3a3a3a
       262  ................  2e2e2e2e2e2e2e2e2e2e2e2e2e2e2e2e
       254  @@@@@@@@@@@@@@@@  40404040404040404040404040404040
# epoch 14750  H=7.4868 C=7.2026 HO=0.2365  A(t)=382
       716  <<<<<<<<<<<<<<<<  3c3c3c3c3c3c3c3c3c3c3c3c3c3c3c3c
       663  ================  3d3d3d3d3d3d3d3d3d3d3d3d3d3d3d3d
       652  ,,,,,,,,,,,,,,,,  2c2c2c2c2c2c2c2c2c2c2c2c2c2c2c2c
       610  ;;;;;;;;;;;;;;;;  3b3b3b3b3b3b3b3b3b3b3b3b3b3b3b3b
       482  ::::::::::::::::  3a3a3a3a3a3a3a3a3a3a3a3a3a3a3a3a
       426  [[[[[[[[[[[[[[[[  5b5b5b5b5b5b5b5b5b5b5b5b5b5b5b5b
       375  >>>>>>>>>>>>>>>>  3e3e3e3e3e3e3e3e3e3e3e3e3e3e3e3e
       283  @@@@@@@@@@@@@@@@  40404040404040404040404040404040
       272  2222222222222222  32323232323232323232323232323232
       246  9999999999999999  39393939393939393939393939393939
# epoch 15000  H=7.4955 C=7.2098 HO=0.2402  A(t)=384
       727  ;;;;;;;;;;;;;;;;  3b3b3b3b3b3b3b3b3b3b3b3b3b3b3b3b
       719  ================  3d3d3d3d3d3d3d3d3d3d3d3d3d3d3d3d
       719  <<<<<<<<<<<<<<<<  3c3c3c3c3c3c3c3c3c3c3c3c3c3c3c3c
       702  [[[[[[[[[[[[[[[[  5b5b5b5b5b5b5b5b5b5b5b5b5b5b5b5b
       692  ,,,,,,,,,,,,,,,,  2c2c2c2c2c2c2c2c2c2c2c2c2c2c2c2c
       434  >>>>>>>>>>>>>>>>  3e3e3e3e3e3e3e3e3e3e3e3e3e3e3e3e
       350  9999999999999999  39393939393939393939393939393939
       343  ::::::::::::::::  3a3a3a3a3a3a3a3a3a3a3a3a3a3a3a3a
       276  8888888888888888  38383838383838383838383838383838
       271  7777777777777777  37373737373737373737373737373737
# epoch 15250  H=7.4948 C=7.1962 HO=0.2530  A(t)=384
       976  ,,,,,,,,,,,,,,,,  2c2c2c2c2c2c2c2c2c2c2c2c2c2c2c2c
       747  [[[[[[[[[[[[[[[[  5b5b5b5b5b5b5b5b5b5b5b5b5b5b5b5b
       659  <<<<<<<<<<<<<<<<  3c3c3c3c3c3c3c3c3c3c3c3c3c3c3c3c
       650  ================  3d3d3d3d3d3d3d3d3d3d3d3d3d3d3d3d
       625  ;;;;;;;;;;;;;;;;  3b3b3b3b3b3b3b3b3b3b3b3b3b3b3b3b
       609  9999999999999999  39393939393939393939393939393939
       570  >>>>>>>>>>>>>>>>  3e3e3e3e3e3e3e3e3e3e3e3e3e3e3e3e
       559  ::::::::::::::::  3a3a3a3a3a3a3a3a3a3a3a3a3a3a3a3a
       350  ????????????????  3f3f3f3f3f3f3f3f3f3f3f3f3f3f3f3f
       349  8888888888888888  38383838383838383838383838383838
# epoch 15500  H=7.4932 C=7.1785 HO=0.2705  A(t)=385
      1039  ================  3d3d3d3d3d3d3d3d3d3d3d3d3d3d3d3d
       981  ,,,,,,,,,,,,,,,,  2c2c2c2c2c2c2c2c2c2c2c2c2c2c2c2c
       945  <<<<<<<<<<<<<<<<  3c3c3c3c3c3c3c3c3c3c3c3c3c3c3c3c
       914  ;;;;;;;;;;;;;;;;  3b3b3b3b3b3b3b3b3b3b3b3b3b3b3b3b
       823  [[[[[[[[[[[[[[[[  5b5b5b5b5b5b5b5b5b5b5b5b5b5b5b5b
       624  ::::::::::::::::  3a3a3a3a3a3a3a3a3a3a3a3a3a3a3a3a
       467  >>>>>>>>>>>>>>>>  3e3e3e3e3e3e3e3e3e3e3e3e3e3e3e3e
       412  ????????????????  3f3f3f3f3f3f3f3f3f3f3f3f3f3f3f3f
       365  @@@@@@@@@@@@@@@@  40404040404040404040404040404040
       281  9999999999999999  39393939393939393939393939393939
# epoch 15750  H=7.4950 C=7.1821 HO=0.2681  A(t)=385
       823  ,,,,,,,,,,,,,,,,  2c2c2c2c2c2c2c2c2c2c2c2c2c2c2c2c
       797  ================  3d3d3d3d3d3d3d3d3d3d3d3d3d3d3d3d
       784  <<<<<<<<<<<<<<<<  3c3c3c3c3c3c3c3c3c3c3c3c3c3c3c3c
       733  [[[[[[[[[[[[[[[[  5b5b5b5b5b5b5b5b5b5b5b5b5b5b5b5b
       680  ;;;;;;;;;;;;;;;;  3b3b3b3b3b3b3b3b3b3b3b3b3b3b3b3b
       570  ::::::::::::::::  3a3a3a3a3a3a3a3a3a3a3a3a3a3a3a3a
       479  >>>>>>>>>>>>>>>>  3e3e3e3e3e3e3e3e3e3e3e3e3e3e3e3e
       449  9999999999999999  39393939393939393939393939393939
       306  7777777777777777  37373737373737373737373737373737
       304  ????????????????  3f3f3f3f3f3f3f3f3f3f3f3f3f3f3f3f
# epoch 16000  H=7.4944 C=7.1735 HO=0.2756  A(t)=385
       930  <<<<<<<<<<<<<<<<  3c3c3c3c3c3c3c3c3c3c3c3c3c3c3c3c
       865  ,,,,,,,,,,,,,,,,  2c2c2c2c2c2c2c2c2c2c2c2c2c2c2c2c
       744  ;;;;;;;;;;;;;;;;  3b3b3b3b3b3b3b3b3b3b3b3b3b3b3b3b
       657  ================  3d3d3d3d3d3d3d3d3d3d3d3d3d3d3d3d
       586  [[[[[[[[[[[[[[[[  5b5b5b5b5b5b5b5b5b5b5b5b5b5b5b5b
       504  8888888888888888  38383838383838383838383838383838
       471  ::::::::::::::::  3a3a3a3a3a3a3a3a3a3a3a3a3a3a3a3a
       382  ????????????????  3f3f3f3f3f3f3f3f3f3f3f3f3f3f3f3f
       332  >>>>>>>>>>>>>>>>  3e3e3e3e3e3e3e3e3e3e3e3e3e3e3e3e
       269  9999999999999999  39393939393939393939393939393939
