# epoch 0  H=7.9999 C=8.0025 HO=-0.0025  A(t)=0
         1  ...N??H^...!k8..  fffffd4e3f3f485ee193a6216b38febd
         1  .....c.[7..$..._  fffff4b3d563de5b370df3248513ca5f
         1  ........].or..R.  ffffee8a0fe2e5905d146f72960a52d9
         1  .........1.[....  ffffe9910185b3aac631805bd3811707
         1  .....z"f.w.j.F.|  ffffca99f27a2266fb77d06ad6462e7c
         1  ...?..."..J.I..S  ffffc63ff2950922e4114a1649971953
         1  ...8....V....L.j  ffff9e38a2f9028c568f04fc9e4c8c6a
         1  ....e.......aB..  ffff99c465cebccfde02acf26142eb0a
         1  ........:c......  ffff8dc29f19acda3a630b8811809de9
         1  ....}zNZa....4..  ffff8acd7d7a4e5a611ffdf8f03407ab
# epoch 200  H=7.9969 C=7.6844 HO=0.3125  A(t)=0
      1222  [[[[[[[[[[[[[[[[  5b5b5b5b5b5b5b5b5b5b5b5b5b5b5b5b
       638  ,,,,,,,,,,,,,,,,  2c2c2c2c2c2c2c2c2c2c2c2c2c2c2c2c
       553  ................  05050505050505050505050505050505
       547  ................  01010101010101010101010101010101
       537  ................  ffffffffffffffffffffffffffffffff
       526  >>>>>>>>>>>>>>>>  3e3e3e3e3e3e3e3e3e3e3e3e3e3e3e3e
       517  rrrrrrrrrrrrrrrr  72727272727272727272727272727272
       463  ................  02020202020202020202020202020202
       451  ................  06060606060606060606060606060606
       446  ................  b9b9b9b9b9b9b9b9b9b9b9b9b9b9b9b9
# epoch 400  H=7.9892 C=7.5348 HO=0.4544  A(t)=0
      2290  [[[[[[[[[[[[[[[[  5b5b5b5b5b5b5b5b5b5b5b5b5b5b5b5b
      1010  ................  fefefefefefefefefefefefefefefefe
       972  ,,,,,,,,,,,,,,,,  2c2c2c2c2c2c2c2c2c2c2c2c2c2c2c2c
       708  ................  02020202020202020202020202020202
       673  ................  edededededededededededededededed
       653  <<<<<<<<<<<<<<<<  3c3c3c3c3c3c3c3c3c3c3c3c3c3c3c3c
       610  ................  01010101010101010101010101010101
       592  ................  ffffffffffffffffffffffffffffffff
       558  >>>>>>>>>>>>>>>>  3e3e3e3e3e3e3e3e3e3e3e3e3e3e3e3e
       503  ................  cacacacacacacacacacacacacacacaca
# epoch 600  H=7.9770 C=7.4508 HO=0.5262  A(t)=0
      2165  [[[[[[[[[[[[[[[[  5b5b5b5b5b5b5b5b5b5b5b5b5b5b5b5b
      1287  <<<<<<<<<<<<<<<<  3c3c3c3c3c3c3c3c3c3c3c3c3c3c3c3c
       768  ,,,,,,,,,,,,,,,,  2c2c2c2c2c2c2c2c2c2c2c2c2c2c2c2c
       719  ................  ffffffffffffffffffffffffffffffff
       697  ................  01010101010101010101010101010101
       691  >>>>>>>>>>>>>>>>  3e3e3e3e3e3e3e3e3e3e3e3e3e3e3e3e
       644  ================  3d3d3d3d3d3d3d3d3d3d3d3d3d3d3d3d
       580  ................  02020202020202020202020202020202
       560  ................  edededededededededededededededed
       537  ????????????????  3f3f3f3f3f3f3f3f3f3f3f3f3f3f3f3f
# epoch 800  H=7.9628 C=7.4127 HO=0.5502  A(t)=0
      2626  [[[[[[[[[[[[[[[[  5b5b5b5b5b5b5b5b5b5b5b5b5b5b5b5b
       975  <<<<<<<<<<<<<<<<  3c3c3c3c3c3c3c3c3c3c3c3c3c3c3c3c
       857  ................  ffffffffffffffffffffffffffffffff
       754  ,,,,,,,,,,,,,,,,  2c2c2c2c2c2c2c2c2c2c2c2c2c2c2c2c
       598  ;;;;;;;;;;;;;;;;  3b3b3b3b3b3b3b3b3b3b3b3b3b3b3b3b
       529  ================  3d3d3d3d3d3d3d3d3d3d3d3d3d3d3d3d
       518  >>>>>>>>>>>>>>>>  3e3e3e3e3e3e3e3e3e3e3e3e3e3e3e3e
       459  ................  fdfdfdfdfdfdfdfdfdfdfdfdfdfdfdfd
       441  BBBBBBBBBBBBBBBB  42424242424242424242424242424242
       416  ................  01010101010101010101010101010101
# epoch 1000  H=7.9438 C=7.3693 HO=0.5745  A(t)=261
      2183  [[[[[[[[[[[[[[[[  5b5b5b5b5b5b5b5b5b5b5b5b5b5b5b5b
      1428  <<<<<<<<<<<<<<<<  3c3c3c3c3c3c3c3c3c3c3c3c3c3c3c3c
      1110  >>>>>>>>>>>>>>>>  3e3e3e3e3e3e3e3e3e3e3e3e3e3e3e3e
      1007  ................  ffffffffffffffffffffffffffffffff
       873  ,,,,,,,,,,,,,,,,  2c2c2c2c2c2c2c2c2c2c2c2c2c2c2c2c
       839  ================  3d3d3d3d3d3d3d3d3d3d3d3d3d3d3d3d
       597  ;;;;;;;;;;;;;;;;  3b3b3b3b3b3b3b3b3b3b3b3b3b3b3b3b
       530  ................  acacacacacacacacacacacacacacacac
       508  ................  f7f7f7f7f7f7f7f7f7f7f7f7f7f7f7f7
       494  ::::::::::::::::  3a3a3a3a3a3a3a3a3a3a3a3a3a3a3a3a
# epoch 1200  H=7.9237 C=7.3380 HO=0.5857  A(t)=271
      2084  [[[[[[[[[[[[[[[[  5b5b5b5b5b5b5b5b5b5b5b5b5b5b5b5b
      1950  <<<<<<<<<<<<<<<<  3c3c3c3c3c3c3c3c3c3c3c3c3c3c3c3c
      1123  >>>>>>>>>>>>>>>>  3e3e3e3e3e3e3e3e3e3e3e3e3e3e3e3e
       784  ................  ffffffffffffffffffffffffffffffff
       740  ================  3d3d3d3d3d3d3d3d3d3d3d3d3d3d3d3d
       709  ,,,,,,,,,,,,,,,,  2c2c2c2c2c2c2c2c2c2c2c2c2c2c2c2c
       495  ;;;;;;;;;;;;;;;;  3b3b3b3b3b3b3b3b3b3b3b3b3b3b3b3b
       480  ::::::::::::::::  3a3a3a3a3a3a3a3a3a3a3a3a3a3a3a3a
       479  ////////////////  2f2f2f2f2f2f2f2f2f2f2f2f2f2f2f2f
       478  ................  01010101010101010101010101010101
# epoch 1400  H=7.9026 C=7.3247 HO=0.5778  A(t)=283
      1936  <<<<<<<<<<<<<<<<  3c3c3c3c3c3c3c3c3c3c3c3c3c3c3c3c
      1879  [[[[[[[[[[[[[[[[  5b5b5b5b5b5b5b5b5b5b5b5b5b5b5b5b
       756  >>>>>>>>>>>>>>>>  3e3e3e3e3e3e3e3e3e3e3e3e3e3e3e3e
       555  ,,,,,,,,,,,,,,,,  2c2c2c2c2c2c2c2c2c2c2c2c2c2c2c2c
       553  ::::::::::::::::  3a3a3a3a3a3a3a3a3a3a3a3a3a3a3a3a
       490  ;;;;;;;;;;;;;;;;  3b3b3b3b3b3b3b3b3b3b3b3b3b3b3b3b
       453  ================  3d3d3d3d3d3d3d3d3d3d3d3d3d3d3d3d
       444  ................  02020202020202020202020202020202
       440  {{{{{{{{{{{{{{{{  7b7b7b7b7b7b7b7b7b7b7b7b7b7b7b7b
       407  ~~~~~~~~~~~~~~~~  7e7e7e7e7e7e7e7e7e7e7e7e7e7e7e7e
# epoch 1600  H=7.8764 C=7.2960 HO=0.5804  A(t)=289
      2463  <<<<<<<<<<<<<<<<  3c3c3c3c3c3c3c3c3c3c3c3c3c3c3c3c
      2202  [[[[[[[[[[[[[[[[  5b5b5b5b5b5b5b5b5b5b5b5b5b5b5b5b
      1177  ;;;;;;;;;;;;;;;;  3b3b3b3b3b3b3b3b3b3b3b3b3b3b3b3b
       730  >>>>>>>>>>>>>>>>  3e3e3e3e3e3e3e3e3e3e3e3e3e3e3e3e
       626  ................  01010101010101010101010101010101
       580  ================  3d3d3d3d3d3d3d3d3d3d3d3d3d3d3d3d
       578  ????????????????  3f3f3f3f3f3f3f3f3f3f3f3f3f3f3f3f
       559  ................  03030303030303030303030303030303
       554  ................  ffffffffffffffffffffffffffffffff
       495  ................  d2d2d2d2d2d2d2d2d2d2d2d2d2d2d2d2
# epoch 1800  H=7.8500 C=7.2854 HO=0.5646  A(t)=294
      2108  <<<<<<<<<<<<<<<<  3c3c3c3c3c3c3c3c3c3c3c3c3c3c3c3c
      1905  [[[[[[[[[[[[[[[[  5b5b5b5b5b5b5b5b5b5b5b5b5b5b5b5b
      1062  ================  3d3d3d3d3d3d3d3d3d3d3d3d3d3d3d3d
       912  >>>>>>>>>>>>>>>>  3e3e3e3e3e3e3e3e3e3e3e3e3e3e3e3e
       797  ;;;;;;;;;;;;;;;;  3b3b3b3b3b3b3b3b3b3b3b3b3b3b3b3b
       707  ,,,,,,,,,,,,,,,,  2c2c2c2c2c2c2c2c2c2c2c2c2c2c2c2c
       569  {{{{{{{{{{{{{{{{  7b7b7b7b7b7b7b7b7b7b7b7b7b7b7b7b
       450  ::::::::::::::::  3a3a3a3a3a3a3a3a3a3a3a3a3a3a3a3a
       428  ????????????????  3f3f3f3f3f3f3f3f3f3f3f3f3f3f3f3f
       423  }}}}}}}}}}}}}}}}  7d7d7d7d7d7d7d7d7d7d7d7d7d7d7d7d
# epoch 2000  H=7.8256 C=7.2796 HO=0.5461  A(t)=296
      2252  <<<<<<<<<<<<<<<<  3c3c3c3c3c3c3c3c3c3c3c3c3c3c3c3c
      1716  [[[[[[[[[[[[[[[[  5b5b5b5b5b5b5b5b5b5b5b5b5b5b5b5b
       986  ,,,,,,,,,,,,,,,,  2c2c2c2c2c2c2c2c2c2c2c2c2c2c2c2c
       890  ================  3d3d3d3d3d3d3d3d3d3d3d3d3d3d3d3d
       728  ;;;;;;;;;;;;;;;;  3b3b3b3b3b3b3b3b3b3b3b3b3b3b3b3b
       634  ................  01010101010101010101010101010101
       585  >>>>>>>>>>>>>>>>  3e3e3e3e3e3e3e3e3e3e3e3e3e3e3e3e
       419  9999999999999999  39393939393939393939393939393939
       373  ::::::::::::::::  3a3a3a3a3a3a3a3a3a3a3a3a3a3a3a3a
       371  }}}}}}}}}}}}}}}}  7d7d7d7d7d7d7d7d7d7d7d7d7d7d7d7d
# epoch 2200  H=7.8022 C=7.2650 HO=0.5372  A(t)=305
      2519  [[[[[[[[[[[[[[[[  5b5b5b5b5b5b5b5b5b5b5b5b5b5b5b5b
      2076  <<<<<<<<<<<<<<<<  3c3c3c3c3c3c3c3c3c3c3c3c3c3c3c3c
      1206  ================  3d3d3d3d3d3d3d3d3d3d3d3d3d3d3d3d
       919  ;;;;;;;;;;;;;;;;  3b3b3b3b3b3b3b3b3b3b3b3b3b3b3b3b
       728  >>>>>>>>>>>>>>>>  3e3e3e3e3e3e3e3e3e3e3e3e3e3e3e3e
       519  ,,,,,,,,,,,,,,,,  2c2c2c2c2c2c2c2c2c2c2c2c2c2c2c2c
       501  ................  01010101010101010101010101010101
       416  ::::::::::::::::  3a3a3a3a3a3a3a3a3a3a3a3a3a3a3a3a
       333  ZZZZZZZZZZZZZZZZ  5a5a5a5a5a5a5a5a5a5a5a5a5a5a5a5a
       306  ................  fefefefefefefefefefefefefefefefe
# epoch 2400  H=7.7797 C=7.2713 HO=0.5084  A(t)=311
      1855  <<<<<<<<<<<<<<<<  3c3c3c3c3c3c3c3c3c3c3c3c3c3c3c3c
      1681  [[[[[[[[[[[[[[[[  5b5b5b5b5b5b5b5b5b5b5b5b5b5b5b5b
      1191  ................  ffffffffffffffffffffffffffffffff
       820  ================  3d3d3d3d3d3d3d3d3d3d3d3d3d3d3d3d
       761  >>>>>>>>>>>>>>>>  3e3e3e3e3e3e3e3e3e3e3e3e3e3e3e3e
       626  ;;;;;;;;;;;;;;;;  3b3b3b3b3b3b3b3b3b3b3b3b3b3b3b3b
       479  ::::::::::::::::  3a3a3a3a3a3a3a3a3a3a3a3a3a3a3a3a
       435  ................  01010101010101010101010101010101
       357  ????????????????  3f3f3f3f3f3f3f3f3f3f3f3f3f3f3f3f
       355  ,,,,,,,,,,,,,,,,  2c2c2c2c2c2c2c2c2c2c2c2c2c2c2c2c
# epoch 2600  H=7.7609 C=7.2814 HO=0.4795  A(t)=320
      1697  <<<<<<<<<<<<<<<<  3c3c3c3c3c3c3c3c3c3c3c3c3c3c3c3c
      1152  ................  ffffffffffffffffffffffffffffffff
       969  [[[[[[[[[[[[[[[[  5b5b5b5b5b5b5b5b5b5b5b5b5b5b5b5b
       862  ================  3d3d3d3d3d3d3d3d3d3d3d3d3d3d3d3d
       657  ;;;;;;;;;;;;;;;;  3b3b3b3b3b3b3b3b3b3b3b3b3b3b3b3b
       539  ::::::::::::::::  3a3a3a3a3a3a3a3a3a3a3a3a3a3a3a3a
       522  ,,,,,,,,,,,,,,,,  2c2c2c2c2c2c2c2c2c2c2c2c2c2c2c2c
       486  >>>>>>>>>>>>>>>>  3e3e3e3e3e3e3e3e3e3e3e3e3e3e3e3e
       376  ................  01010101010101010101010101010101
       336  zzzzzzzzzzzzzzzz  7a7a7a7a7a7a7a7a7a7a7a7a7a7a7a7a
# epoch 2800  H=7.7421 C=7.2890 HO=0.4532  A(t)=325
      1446  <<<<<<<<<<<<<<<<  3c3c3c3c3c3c3c3c3c3c3c3c3c3c3c3c
      1010  [[[[[[[[[[[[[[[[  5b5b5b5b5b5b5b5b5b5b5b5b5b5b5b5b
       932  ================  3d3d3d3d3d3d3d3d3d3d3d3d3d3d3d3d
       715  ,,,,,,,,,,,,,,,,  2c2c2c2c2c2c2c2c2c2c2c2c2c2c2c2c
       598  ;;;;;;;;;;;;;;;;  3b3b3b3b3b3b3b3b3b3b3b3b3b3b3b3b
       557  ................  ffffffffffffffffffffffffffffffff
       514  >>>>>>>>>>>>>>>>  3e3e3e3e3e3e3e3e3e3e3e3e3e3e3e3e
       413  ????????????????  3f3f3f3f3f3f3f3f3f3f3f3f3f3f3f3f
       411  ................  01010101010101010101010101010101
       330  zzzzzzzzzzzzzzzz  7a7a7a7a7a7a7a7a7a7a7a7a7a7a7a7a
# epoch 3000  H=7.7168 C=7.2935 HO=0.4233  A(t)=329
      1587  <<<<<<<<<<<<<<<<  3c3c3c3c3c3c3c3c3c3c3c3c3c3c3c3c
      1439  [[[[[[[[[[[[[[[[  5b5b5b5b5b5b5b5b5b5b5b5b5b5b5b5b
       679  ;;;;;;;;;;;;;;;;  3b3b3b3b3b3b3b3b3b3b3b3b3b3b3b3b
       592  ================  3d3d3d3d3d3d3d3d3d3d3d3d3d3d3d3d
       569  ,,,,,,,,,,,,,,,,  2c2c2c2c2c2c2c2c2c2c2c2c2c2c2c2c
       533  >>>>>>>>>>>>>>>>  3e3e3e3e3e3e3e3e3e3e3e3e3e3e3e3e
       472  ................  ffffffffffffffffffffffffffffffff
       358  ::::::::::::::::  3a3a3a3a3a3a3a3a3a3a3a3a3a3a3a3a
       292  {{{{{{{{{{{{{{{{  7b7b7b7b7b7b7b7b7b7b7b7b7b7b7b7b
       251  ................  01010101010101010101010101010101
# epoch 3200  H=7.6986 C=7.2837 HO=0.4148  A(t)=339
      1708  <<<<<<<<<<<<<<<<  3c3c3c3c3c3c3c3c3c3c3c3c3c3c3c3c
      1173  ;;;;;;;;;;;;;;;;  3b3b3b3b3b3b3b3b3b3b3b3b3b3b3b3b
      1132  [[[[[[[[[[[[[[[[  5b5b5b5b5b5b5b5b5b5b5b5b5b5b5b5b
       909  ================  3d3d3d3d3d3d3d3d3d3d3d3d3d3d3d3d
       670  ,,,,,,,,,,,,,,,,  2c2c2c2c2c2c2c2c2c2c2c2c2c2c2c2c
       578  >>>>>>>>>>>>>>>>  3e3e3e3e3e3e3e3e3e3e3e3e3e3e3e3e
       399  {{{{{{{{{{{{{{{{  7b7b7b7b7b7b7b7b7b7b7b7b7b7b7b7b
       390  ::::::::::::::::  3a3a3a3a3a3a3a3a3a3a3a3a3a3a3a3a
       348  ????????????????  3f3f3f3f3f3f3f3f3f3f3f3f3f3f3f3f
       279  3333333333333333  33333333333333333333333333333333
# epoch 3400  H=7.6762 C=7.2931 HO=0.3831  A(t)=339
      1887  <<<<<<<<<<<<<<<<  3c3c3c3c3c3c3c3c3c3c3c3c3c3c3c3c
      1019  [[[[[[[[[[[[[[[[  5b5b5b5b5b5b5b5b5b5b5b5b5b5b5b5b
       765  ,,,,,,,,,,,,,,,,  2c2c2c2c2c2c2c2c2c2c2c2c2c2c2c2c
       719  ================  3d3d3d3d3d3d3d3d3d3d3d3d3d3d3d3d
       611  ;;;;;;;;;;;;;;;;  3b3b3b3b3b3b3b3b3b3b3b3b3b3b3b3b
       577  >>>>>>>>>>>>>>>>  3e3e3e3e3e3e3e3e3e3e3e3e3e3e3e3e
       345  ::::::::::::::::  3a3a3a3a3a3a3a3a3a3a3a3a3a3a3a3a
       312  AAAAAAAAAAAAAAAA  41414141414141414141414141414141
       278  9999999999999999  39393939393939393939393939393939
       277  ????????????????  3f3f3f3f3f3f3f3f3f3f3f3f3f3f3f3f
# epoch 3600  H=7.6646 C=7.3002 HO=0.3644  A(t)=344
      1648  <<<<<<<<<<<<<<<<  3c3c3c3c3c3c3c3c3c3c3c3c3c3c3c3c
       971  [[[[[[[[[[[[[[[[  5b5b5b5b5b5b5b5b5b5b5b5b5b5b5b5b
       661  ;;;;;;;;;;;;;;;;  3b3b3b3b3b3b3b3b3b3b3b3b3b3b3b3b
       512  ================  3d3d3d3d3d3d3d3d3d3d3d3d3d3d3d3d
       470  ,,,,,,,,,,,,,,,,  2c2c2c2c2c2c2c2c2c2c2c2c2c2c2c2c
       456  >>>>>>>>>>>>>>>>  3e3e3e3e3e3e3e3e3e3e3e3e3e3e3e3e
       227  zzzzzzzzzzzzzzzz  7a7a7a7a7a7a7a7a7a7a7a7a7a7a7a7a
       226  5555555555555555  35353535353535353535353535353535
       224  ????????????????  3f3f3f3f3f3f3f3f3f3f3f3f3f3f3f3f
       222  9999999999999999  39393939393939393939393939393939
# epoch 3800  H=7.6479 C=7.3003 HO=0.3476  A(t)=344
      1250  <<<<<<<<<<<<<<<<  3c3c3c3c3c3c3c3c3c3c3c3c3c3c3c3c
       773  [[[[[[[[[[[[[[[[  5b5b5b5b5b5b5b5b5b5b5b5b5b5b5b5b
       762  ;;;;;;;;;;;;;;;;  3b3b3b3b3b3b3b3b3b3b3b3b3b3b3b3b
       497  ,,,,,,,,,,,,,,,,  2c2c2c2c2c2c2c2c2c2c2c2c2c2c2c2c
       441  ================  3d3d3d3d3d3d3d3d3d3d3d3d3d3d3d3d
       357  ::::::::::::::::  3a3a3a3a3a3a3a3a3a3a3a3a3a3a3a3a
       329  >>>>>>>>>>>>>>>>  3e3e3e3e3e3e3e3e3e3e3e3e3e3e3e3e
       301  9999999999999999  39393939393939393939393939393939
       268  BBBBBBBBBBBBBBBB  42424242424242424242424242424242
       264  ????????????????  3f3f3f3f3f3f3f3f3f3f3f3f3f3f3f3f
# epoch 4000  H=7.6367 C=7.3108 HO=0.3259  A(t)=346
      1100  <<<<<<<<<<<<<<<<  3c3c3c3c3c3c3c3c3c3c3c3c3c3c3c3c
       618  ;;;;;;;;;;;;;;;;  3b3b3b3b3b3b3b3b3b3b3b3b3b3b3b3b
       600  ,,,,,,,,,,,,,,,,  2c2c2c2c2c2c2c2c2c2c2c2c2c2c2c2c
       598  [[[[[[[[[[[[[[[[  5b5b5b5b5b5b5b5b5b5b5b5b5b5b5b5b
       486  ================  3d3d3d3d3d3d3d3d3d3d3d3d3d3d3d3d
       383  >>>>>>>>>>>>>>>>  3e3e3e3e3e3e3e3e3e3e3e3e3e3e3e3e
       332  ::::::::::::::::  3a3a3a3a3a3a3a3a3a3a3a3a3a3a3a3a
       291  ????????????????  3f3f3f3f3f3f3f3f3f3f3f3f3f3f3f3f
       219  ................  ffffffffffffffffffffffffffffffff
       200  ................  f9f9f9f9f9f9f9f9f9f9f9f9f9f9f9f9
# epoch 4200  H=7.6297 C=7.3114 HO=0.3183  A(t)=348
      1128  <<<<<<<<<<<<<<<<  3c3c3c3c3c3c3c3c3c3c3c3c3c3c3c3c
       664  [[[[[[[[[[[[[[[[  5b5b5b5b5b5b5b5b5b5b5b5b5b5b5b5b
       646  ,,,,,,,,,,,,,,,,  2c2c2c2c2c2c2c2c2c2c2c2c2c2c2c2c
       640  ================  3d3d3d3d3d3d3d3d3d3d3d3d3d3d3d3d
       537  ;;;;;;;;;;;;;;;;  3b3b3b3b3b3b3b3b3b3b3b3b3b3b3b3b
       389  >>>>>>>>>>>>>>>>  3e3e3e3e3e3e3e3e3e3e3e3e3e3e3e3e
       262  ................  2e2e2e2e2e2e2e2e2e2e2e2e2e2e2e2e
       240  \\\\\\\\\\\\\\\\  5c5c5c5c5c5c5c5c5c5c5c5c5c5c5c5c
       218  ................  1a1a1a1a1a1a1a1a1a1a1a1a1a1a1a1a
       217  ................  01010101010101010101010101010101
# epoch 4400  H=7.6224 C=7.3178 HO=0.3046  A(t)=351
      1080  <<<<<<<<<<<<<<<<  3c3c3c3c3c3c3c3c3c3c3c3c3c3c3c3c
       733  [[[[[[[[[[[[[[[[  5b5b5b5b5b5b5b5b5b5b5b5b5b5b5b5b
       590  ,,,,,,,,,,,,,,,,  2c2c2c2c2c2c2c2c2c2c2c2c2c2c2c2c
       501  ;;;;;;;;;;;;;;;;  3b3b3b3b3b3b3b3b3b3b3b3b3b3b3b3b
       428  ================  3d3d3d3d3d3d3d3d3d3d3d3d3d3d3d3d
       271  ::::::::::::::::  3a3a3a3a3a3a3a3a3a3a3a3a3a3a3a3a
       264  >>>>>>>>>>>>>>>>  3e3e3e3e3e3e3e3e3e3e3e3e3e3e3e3e
       234  9999999999999999  39393939393939393939393939393939
       222  {{{{{{{{{{{{{{{{  7b7b7b7b7b7b7b7b7b7b7b7b7b7b7b7b
       165  AAAAAAAAAAAAAAAA  41414141414141414141414141414141
# epoch 4600  H=7.6132 C=7.3213 HO=0.2919  A(t)=352
       740  [[[[[[[[[[[[[[[[  5b5b5b5b5b5b5b5b5b5b5b5b5b5b5b5b
       722  ;;;;;;;;;;;;;;;;  3b3b3b3b3b3b3b3b3b3b3b3b3b3b3b3b
       693  ,,,,,,,,,,,,,,,,  2c2c2c2c2c2c2c2c2c2c2c2c2c2c2c2c
       621  <<<<<<<<<<<<<<<<  3c3c3c3c3c3c3c3c3c3c3c3c3c3c3c3c
       510  ================  3d3d3d3d3d3d3d3d3d3d3d3d3d3d3d3d
       493  ::::::::::::::::  3a3a3a3a3a3a3a3a3a3a3a3a3a3a3a3a
       398  >>>>>>>>>>>>>>>>  3e3e3e3e3e3e3e3e3e3e3e3e3e3e3e3e
       333  8888888888888888  38383838383838383838383838383838
       259  9999999999999999  39393939393939393939393939393939
       244  KKKKKKKKKKKKKKKK  4b4b4b4b4b4b4b4b4b4b4b4b4b4b4b4b
# epoch 4800  H=7.6048 C=7.3154 HO=0.2893  A(t)=354
       868  <<<<<<<<<<<<<<<<  3c3c3c3c3c3c3c3c3c3c3c3c3c3c3c3c
       827  [[[[[[[[[[[[[[[[  5b5b5b5b5b5b5b5b5b5b5b5b5b5b5b5b
       737  ,,,,,,,,,,,,,,,,  2c2c2c2c2c2c2c2c2c2c2c2c2c2c2c2c
       572  ;;;;;;;;;;;;;;;;  3b3b3b3b3b3b3b3b3b3b3b3b3b3b3b3b
       557  ================  3d3d3d3d3d3d3d3d3d3d3d3d3d3d3d3d
       409  >>>>>>>>>>>>>>>>  3e3e3e3e3e3e3e3e3e3e3e3e3e3e3e3e
       374  ::::::::::::::::  3a3a3a3a3a3a3a3a3a3a3a3a3a3a3a3a
       277  9999999999999999  39393939393939393939393939393939
       241  8888888888888888  38383838383838383838383838383838
       226  ................  01010101010101010101010101010101
# epoch 5000  H=7.5916 C=7.3095 HO=0.2821  A(t)=354
      1205  <<<<<<<<<<<<<<<<  3c3c3c3c3c3c3c3c3c3c3c3c3c3c3c3c
       706  [[[[[[[[[[[[[[[[  5b5b5b5b5b5b5b5b5b5b5b5b5b5b5b5b
       683  ;;;;;;;;;;;;;;;;  3b3b3b3b3b3b3b3b3b3b3b3b3b3b3b3b
       565  ================  3d3d3d3d3d3d3d3d3d3d3d3d3d3d3d3d
       456  ,,,,,,,,,,,,,,,,  2c2c2c2c2c2c2c2c2c2c2c2c2c2c2c2c
       325  @@@@@@@@@@@@@@@@  40404040404040404040404040404040
       288  ::::::::::::::::  3a3a3a3a3a3a3a3a3a3a3a3a3a3a3a3a
       287  ????????????????  3f3f3f3f3f3f3f3f3f3f3f3f3f3f3f3f
       271  9999999999999999  39393939393939393939393939393939
       204  ................  14141414141414141414141414141414
# epoch 5200  H=7.5845 C=7.3029 HO=0.2816  A(t)=356
      1340  <<<<<<<<<<<<<<<<  3c3c3c3c3c3c3c3c3c3c3c3c3c3c3c3c
       790  [[[[[[[[[[[[[[[[  5b5b5b5b5b5b5b5b5b5b5b5b5b5b5b5b
       663  ================  3d3d3d3d3d3d3d3d3d3d3d3d3d3d3d3d
       508  ,,,,,,,,,,,,,,,,  2c2c2c2c2c2c2c2c2c2c2c2c2c2c2c2c
       470  ;;;;;;;;;;;;;;;;  3b3b3b3b3b3b3b3b3b3b3b3b3b3b3b3b
       426  9999999999999999  39393939393939393939393939393939
       373  >>>>>>>>>>>>>>>>  3e3e3e3e3e3e3e3e3e3e3e3e3e3e3e3e
       322  ????????????????  3f3f3f3f3f3f3f3f3f3f3f3f3f3f3f3f
       306  @@@@@@@@@@@@@@@@  40404040404040404040404040404040
       245  {{{{{{{{{{{{{{{{  7b7b7b7b7b7b7b7b7b7b7b7b7b7b7b7b
# epoch 5400  H=7.5879 C=7.3101 HO=0.2778  A(t)=358
       937  <<<<<<<<<<<<<<<<  3c3c3c3c3c3c3c3c3c3c3c3c3c3c3c3c
       604  [[[[[[[[[[[[[[[[  5b5b5b5b5b5b5b5b5b5b5b5b5b5b5b5b
       603  ;;;;;;;;;;;;;;;;  3b3b3b3b3b3b3b3b3b3b3b3b3b3b3b3b
       440  ================  3d3d3d3d3d3d3d3d3d3d3d3d3d3d3d3d
       373  ,,,,,,,,,,,,,,,,  2c2c2c2c2c2c2c2c2c2c2c2c2c2c2c2c
       295  ::::::::::::::::  3a3a3a3a3a3a3a3a3a3a3a3a3a3a3a3a
       287  >>>>>>>>>>>>>>>>  3e3e3e3e3e3e3e3e3e3e3e3e3e3e3e3e
       258  }}}}}}}}}}}}}}}}  7d7d7d7d7d7d7d7d7d7d7d7d7d7d7d7d
       248  9999999999999999  39393939393939393939393939393939
       229  @@@@@@@@@@@@@@@@  40404040404040404040404040404040
# epoch 5600  H=7.5890 C=7.3113 HO=0.2777  A(t)=358
       956  <<<<<<<<<<<<<<<<  3c3c3c3c3c3c3c3c3c3c3c3c3c3c3c3c
       639  ;;;;;;;;;;;;;;;;  3b3b3b3b3b3b3b3b3b3b3b3b3b3b3b3b
       598  [[[[[[[[[[[[[[[[  5b5b5b5b5b5b5b5b5b5b5b5b5b5b5b5b
       513  ,,,,,,,,,,,,,,,,  2c2c2c2c2c2c2c2c2c2c2c2c2c2c2c2c
       456  ::::::::::::::::  3a3a3a3a3a3a3a3a3a3a3a3a3a3a3a3a
       369  ================  3d3d3d3d3d3d3d3d3d3d3d3d3d3d3d3d
       347  9999999999999999  39393939393939393939393939393939
       243  >>>>>>>>>>>>>>>>  3e3e3e3e3e3e3e3e3e3e3e3e3e3e3e3e
       223  ????????????????  3f3f3f3f3f3f3f3f3f3f3f3f3f3f3f3f
       214  \\\\\\\\\\\\\\\\  5c5c5c5c5c5c5c5c5c5c5c5c5c5c5c5c
# epoch 5800  H=7.5848 C=7.3124 HO=0.2723  A(t)=358
       909  [[[[[[[[[[[[[[[[  5b5b5b5b5b5b5b5b5b5b5b5b5b5b5b5b
       873  <<<<<<<<<<<<<<<<  3c3c3c3c3c3c3c3c3c3c3c3c3c3c3c3c
       546  ,,,,,,,,,,,,,,,,  2c2c2c2c2c2c2c2c2c2c2c2c2c2c2c2c
       531  ;;;;;;;;;;;;;;;;  3b3b3b3b3b3b3b3b3b3b3b3b3b3b3b3b
       482  ================  3d3d3d3d3d3d3d3d3d3d3d3d3d3d3d3d
       390  9999999999999999  39393939393939393939393939393939
       364  ::::::::::::::::  3a3a3a3a3a3a3a3a3a3a3a3a3a3a3a3a
       241  ................  acacacacacacacacacacacacacacacac
       216  ????????????????  3f3f3f3f3f3f3f3f3f3f3f3f3f3f3f3f
       210  HHHHHHHHHHHHHHHH  48484848484848484848484848484848
# epoch 6000  H=7.5743 C=7.3021 HO=0.2721  A(t)=358
      1146  <<<<<<<<<<<<<<<<  3c3c3c3c3c3c3c3c3c3c3c3c3c3c3c3c
       962  [[[[[[[[[[[[[[[[  5b5b5b5b5b5b5b5b5b5b5b5b5b5b5b5b
       559  ;;;;;;;;;;;;;;;;  3b3b3b3b3b3b3b3b3b3b3b3b3b3b3b3b
       556  ,,,,,,,,,,,,,,,,  2c2c2c2c2c2c2c2c2c2c2c2c2c2c2c2c
       498  ================  3d3d3d3d3d3d3d3d3d3d3d3d3d3d3d3d
       336  ::::::::::::::::  3a3a3a3a3a3a3a3a3a3a3a3a3a3a3a3a
       335  9999999999999999  39393939393939393939393939393939
       251  @@@@@@@@@@@@@@@@  40404040404040404040404040404040
       219  7777777777777777  37373737373737373737373737373737
       179  8888888888888888  38383838383838383838383838383838
# epoch 6200  H=7.5615 C=7.2936 HO=0.2678  A(t)=359
       946  <<<<<<<<<<<<<<<<  3c3c3c3c3c3c3c3c3c3c3c3c3c3c3c3c
       799  ;;;;;;;;;;;;;;;;  3b3b3b3b3b3b3b3b3b3b3b3b3b3b3b3b
       655  ,,,,,,,,,,,,,,,,  2c2c2c2c2c2c2c2c2c2c2c2c2c2c2c2c
       645  [[[[[[[[[[[[[[[[  5b5b5b5b5b5b5b5b5b5b5b5b5b5b5b5b
       482  ================  3d3d3d3d3d3d3d3d3d3d3d3d3d3d3d3d
       430  9999999999999999  39393939393939393939393939393939
       369  >>>>>>>>>>>>>>>>  3e3e3e3e3e3e3e3e3e3e3e3e3e3e3e3e
       257  8888888888888888  38383838383838383838383838383838
       221  7777777777777777  37373737373737373737373737373737
       205  ????????????????  3f3f3f3f3f3f3f3f3f3f3f3f3f3f3f3f
# epoch 6400  H=7.5532 C=7.2890 HO=0.2642  A(t)=359
       975  <<<<<<<<<<<<<<<<  3c3c3c3c3c3c3c3c3c3c3c3c3c3c3c3c
       867  ================  3d3d3d3d3d3d3d3d3d3d3d3d3d3d3d3d
       709  [[[[[[[[[[[[[[[[  5b5b5b5b5b5b5b5b5b5b5b5b5b5b5b5b
       483  ,,,,,,,,,,,,,,,,  2c2c2c2c2c2c2c2c2c2c2c2c2c2c2c2c
       442  ;;;;;;;;;;;;;;;;  3b3b3b3b3b3b3b3b3b3b3b3b3b3b3b3b
       326  ????????????????  3f3f3f3f3f3f3f3f3f3f3f3f3f3f3f3f
       282  >>>>>>>>>>>>>>>>  3e3e3e3e3e3e3e3e3e3e3e3e3e3e3e3e
       232  8888888888888888  38383838383838383838383838383838
       227  ::::::::::::::::  3a3a3a3a3a3a3a3a3a3a3a3a3a3a3a3a
       211  9999999999999999  39393939393939393939393939393939
# epoch 6600  H=7.5439 C=7.2847 HO=0.2592  A(t)=364
      1308  <<<<<<<<<<<<<<<<  3c3c3c3c3c3c3c3c3c3c3c3c3c3c3c3c
       728  ;;;;;;;;;;;;;;;;  3b3b3b3b3b3b3b3b3b3b3b3b3b3b3b3b
       520  [[[[[[[[[[[[[[[[  5b5b5b5b5b5b5b5b5b5b5b5b5b5b5b5b
       486  ================  3d3d3d3d3d3d3d3d3d3d3d3d3d3d3d3d
       476  ,,,,,,,,,,,,,,,,  2c2c2c2c2c2c2c2c2c2c2c2c2c2c2c2c
       372  9999999999999999  39393939393939393939393939393939
       292  ::::::::::::::::  3a3a3a3a3a3a3a3a3a3a3a3a3a3a3a3a
       257  ????????????????  3f3f3f3f3f3f3f3f3f3f3f3f3f3f3f3f
       213  ~~~~~~~~~~~~~~~~  7e7e7e7e7e7e7e7e7e7e7e7e7e7e7e7e
       206  6666666666666666  36363636363636363636363636363636
# epoch 6800  H=7.5451 C=7.2931 HO=0.2519  A(t)=364
      1027  <<<<<<<<<<<<<<<<  3c3c3c3c3c3c3c3c3c3c3c3c3c3c3c3c
       766  [[[[[[[[[[[[[[[[  5b5b5b5b5b5b5b5b5b5b5b5b5b5b5b5b
       636  ,,,,,,,,,,,,,,,,  2c2c2c2c2c2c2c2c2c2c2c2c2c2c2c2c
       465  ================  3d3d3d3d3d3d3d3d3d3d3d3d3d3d3d3d
       451  ;;;;;;;;;;;;;;;;  3b3b3b3b3b3b3b3b3b3b3b3b3b3b3b3b
       363  9999999999999999  39393939393939393939393939393939
       301  @@@@@@@@@@@@@@@@  40404040404040404040404040404040
       270  >>>>>>>>>>>>>>>>  3e3e3e3e3e3e3e3e3e3e3e3e3e3e3e3e
       256  ::::::::::::::::  3a3a3a3a3a3a3a3a3a3a3a3a3a3a3a3a
       233  ????????????????  3f3f3f3f3f3f3f3f3f3f3f3f3f3f3f3f
# epoch 7000  H=7.5474 C=7.2885 HO=0.2589  A(t)=365
      1270  ................  00000000000000000000000000000000
       844  [[[[[[[[[[[[[[[[  5b5b5b5b5b5b5b5b5b5b5b5b5b5b5b5b
       827  <<<<<<<<<<<<<<<<  3c3c3c3c3c3c3c3c3c3c3c3c3c3c3c3c
       701  ,,,,,,,,,,,,,,,,  2c2c2c2c2c2c2c2c2c2c2c2c2c2c2c2c
       554  ================  3d3d3d3d3d3d3d3d3d3d3d3d3d3d3d3d
       546  ;;;;;;;;;;;;;;;;  3b3b3b3b3b3b3b3b3b3b3b3b3b3b3b3b
       252  ::::::::::::::::  3a3a3a3a3a3a3a3a3a3a3a3a3a3a3a3a
       246  ................  e7e7e7e7e7e7e7e7e7e7e7e7e7e7e7e7
       242  AAAAAAAAAAAAAAAA  41414141414141414141414141414141
       233  >>>>>>>>>>>>>>>>  3e3e3e3e3e3e3e3e3e3e3e3e3e3e3e3e
# epoch 7200  H=7.5408 C=7.2792 HO=0.2616  A(t)=370
      1774  ................  00000000000000000000000000000000
      1063  <<<<<<<<<<<<<<<<  3c3c3c3c3c3c3c3c3c3c3c3c3c3c3c3c
       667  ================  3d3d3d3d3d3d3d3d3d3d3d3d3d3d3d3d
       638  [[[[[[[[[[[[[[[[  5b5b5b5b5b5b5b5b5b5b5b5b5b5b5b5b
       540  ;;;;;;;;;;;;;;;;  3b3b3b3b3b3b3b3b3b3b3b3b3b3b3b3b
       518  ,,,,,,,,,,,,,,,,  2c2c2c2c2c2c2c2c2c2c2c2c2c2c2c2c
       356  >>>>>>>>>>>>>>>>  3e3e3e3e3e3e3e3e3e3e3e3e3e3e3e3e
       342  ::::::::::::::::  3a3a3a3a3a3a3a3a3a3a3a3a3a3a3a3a
       309  8888888888888888  38383838383838383838383838383838
       269  ????????????????  3f3f3f3f3f3f3f3f3f3f3f3f3f3f3f3f
# epoch 7400  H=7.5414 C=7.2891 HO=0.2524  A(t)=372
      1024  <<<<<<<<<<<<<<<<  3c3c3c3c3c3c3c3c3c3c3c3c3c3c3c3c
       770  ,,,,,,,,,,,,,,,,  2c2c2c2c2c2c2c2c2c2c2c2c2c2c2c2c
       718  ================  3d3d3d3d3d3d3d3d3d3d3d3d3d3d3d3d
       634  ;;;;;;;;;;;;;;;;  3b3b3b3b3b3b3b3b3b3b3b3b3b3b3b3b
       612  ................  00000000000000000000000000000000
       397  [[[[[[[[[[[[[[[[  5b5b5b5b5b5b5b5b5b5b5b5b5b5b5b5b
       305  ????????????????  3f3f3f3f3f3f3f3f3f3f3f3f3f3f3f3f
       282  ::::::::::::::::  3a3a3a3a3a3a3a3a3a3a3a3a3a3a3a3a
       267  >>>>>>>>>>>>>>>>  3e3e3e3e3e3e3e3e3e3e3e3e3e3e3e3e
       239  8888888888888888  38383838383838383838383838383838
# epoch 7600  H=7.5344 C=7.2855 HO=0.2489  A(t)=373
      1009  <<<<<<<<<<<<<<<<  3c3c3c3c3c3c3c3c3c3c3c3c3c3c3c3c
       753  ,,,,,,,,,,,,,,,,  2c2c2c2c2c2c2c2c2c2c2c2c2c2c2c2c
       692  ;;;;;;;;;;;;;;;;  3b3b3b3b3b3b3b3b3b3b3b3b3b3b3b3b
       635  ================  3d3d3d3d3d3d3d3d3d3d3d3d3d3d3d3d
       483  [[[[[[[[[[[[[[[[  5b5b5b5b5b5b5b5b5b5b5b5b5b5b5b5b
       441  ::::::::::::::::  3a3a3a3a3a3a3a3a3a3a3a3a3a3a3a3a
       396  >>>>>>>>>>>>>>>>  3e3e3e3e3e3e3e3e3e3e3e3e3e3e3e3e
       225  9999999999999999  39393939393939393939393939393939
       215  8888888888888888  38383838383838383838383838383838
       213  ????????????????  3f3f3f3f3f3f3f3f3f3f3f3f3f3f3f3f
# epoch 7800  H=7.5328 C=7.2760 HO=0.2568  A(t)=373
       814  ================  3d3d3d3d3d3d3d3d3d3d3d3d3d3d3d3d
       678  <<<<<<<<<<<<<<<<  3c3c3c3c3c3c3c3c3c3c3c3c3c3c3c3c
       528  ;;;;;;;;;;;;;;;;  3b3b3b3b3b3b3b3b3b3b3b3b3b3b3b3b
       520  ,,,,,,,,,,,,,,,,  2c2c2c2c2c2c2c2c2c2c2c2c2c2c2c2c
       470  [[[[[[[[[[[[[[[[  5b5b5b5b5b5b5b5b5b5b5b5b5b5b5b5b
       361  ::::::::::::::::  3a3a3a3a3a3a3a3a3a3a3a3a3a3a3a3a
       271  ????????????????  3f3f3f3f3f3f3f3f3f3f3f3f3f3f3f3f
       243  8888888888888888  38383838383838383838383838383838
       208  9999999999999999  39393939393939393939393939393939
       197  EEEEEEEEEEEEEEEE  45454545454545454545454545454545
# epoch 8000  H=7.5362 C=7.2814 HO=0.2547  A(t)=373
       674  ================  3d3d3d3d3d3d3d3d3d3d3d3d3d3d3d3d
       666  <<<<<<<<<<<<<<<<  3c3c3c3c3c3c3c3c3c3c3c3c3c3c3c3c
       641  ,,,,,,,,,,,,,,,,  2c2c2c2c2c2c2c2c2c2c2c2c2c2c2c2c
       438  ::::::::::::::::  3a3a3a3a3a3a3a3a3a3a3a3a3a3a3a3a
       428  [[[[[[[[[[[[[[[[  5b5b5b5b5b5b5b5b5b5b5b5b5b5b5b5b
       422  4444444444444444  34343434343434343434343434343434
       409  ;;;;;;;;;;;;;;;;  3b3b3b3b3b3b3b3b3b3b3b3b3b3b3b3b
       375  ????????????????  3f3f3f3f3f3f3f3f3f3f3f3f3f3f3f3f
       306  >>>>>>>>>>>>>>>>  3e3e3e3e3e3e3e3e3e3e3e3e3e3e3e3e
       272  7777777777777777  37373737373737373737373737373737
# epoch 8200  H=7.5298 C=7.2796 HO=0.2503  A(t)=373
       702  <<<<<<<<<<<<<<<<  3c3c3c3c3c3c3c3c3c3c3c3c3c3c3c3c
       692  ,,,,,,,,,,,,,,,,  2c2c2c2c2c2c2c2c2c2c2c2c2c2c2c2c
       640  ================  3d3d3d3d3d3d3d3d3d3d3d3d3d3d3d3d
       538  ;;;;;;;;;;;;;;;;  3b3b3b3b3b3b3b3b3b3b3b3b3b3b3b3b
       378  ????????????????  3f3f3f3f3f3f3f3f3f3f3f3f3f3f3f3f
       370  [[[[[[[[[[[[[[[[  5b5b5b5b5b5b5b5b5b5b5b5b5b5b5b5b
       358  ::::::::::::::::  3a3a3a3a3a3a3a3a3a3a3a3a3a3a3a3a
       322  9999999999999999  39393939393939393939393939393939
       311  >>>>>>>>>>>>>>>>  3e3e3e3e3e3e3e3e3e3e3e3e3e3e3e3e
       249  7777777777777777  37373737373737373737373737373737
# epoch 8400  H=7.5267 C=7.2736 HO=0.2530  A(t)=375
       700  ,,,,,,,,,,,,,,,,  2c2c2c2c2c2c2c2c2c2c2c2c2c2c2c2c
       593  ================  3d3d3d3d3d3d3d3d3d3d3d3d3d3d3d3d
       560  <<<<<<<<<<<<<<<<  3c3c3c3c3c3c3c3c3c3c3c3c3c3c3c3c
       466  ;;;;;;;;;;;;;;;;  3b3b3b3b3b3b3b3b3b3b3b3b3b3b3b3b
       455  9999999999999999  39393939393939393939393939393939
       389  [[[[[[[[[[[[[[[[  5b5b5b5b5b5b5b5b5b5b5b5b5b5b5b5b
       341  ::::::::::::::::  3a3a3a3a3a3a3a3a3a3a3a3a3a3a3a3a
       294  >>>>>>>>>>>>>>>>  3e3e3e3e3e3e3e3e3e3e3e3e3e3e3e3e
       259  BBBBBBBBBBBBBBBB  42424242424242424242424242424242
       254  ????????????????  3f3f3f3f3f3f3f3f3f3f3f3f3f3f3f3f
# epoch 8600  H=7.5196 C=7.2718 HO=0.2478  A(t)=376
       709  <<<<<<<<<<<<<<<<  3c3c3c3c3c3c3c3c3c3c3c3c3c3c3c3c
       665  ================  3d3d3d3d3d3d3d3d3d3d3d3d3d3d3d3d
       575  ::::::::::::::::  3a3a3a3a3a3a3a3a3a3a3a3a3a3a3a3a
       556  ;;;;;;;;;;;;;;;;  3b3b3b3b3b3b3b3b3b3b3b3b3b3b3b3b
       536  ,,,,,,,,,,,,,,,,  2c2c2c2c2c2c2c2c2c2c2c2c2c2c2c2c
       476  [[[[[[[[[[[[[[[[  5b5b5b5b5b5b5b5b5b5b5b5b5b5b5b5b
       400  9999999999999999  39393939393939393939393939393939
       343  >>>>>>>>>>>>>>>>  3e3e3e3e3e3e3e3e3e3e3e3e3e3e3e3e
       293  5555555555555555  35353535353535353535353535353535
       267  7777777777777777  37373737373737373737373737373737
# epoch 8800  H=7.5094 C=7.2591 HO=0.2504  A(t)=377
      1020  <<<<<<<<<<<<<<<<  3c3c3c3c3c3c3c3c3c3c3c3c3c3c3c3c
       663  ================  3d3d3d3d3d3d3d3d3d3d3d3d3d3d3d3d
       587  ,,,,,,,,,,,,,,,,  2c2c2c2c2c2c2c2c2c2c2c2c2c2c2c2c
       485  ;;;;;;;;;;;;;;;;  3b3b3b3b3b3b3b3b3b3b3b3b3b3b3b3b
       417  9999999999999999  39393939393939393939393939393939
       391  >>>>>>>>>>>>>>>>  3e3e3e3e3e3e3e3e3e3e3e3e3e3e3e3e
       381  ::::::::::::::::  3a3a3a3a3a3a3a3a3a3a3a3a3a3a3a3a
       335  8888888888888888  38383838383838383838383838383838
       297  [[[[[[[[[[[[[[[[  5b5b5b5b5b5b5b5b5b5b5b5b5b5b5b5b
       244  ????????????????  3f3f3f3f3f3f3f3f3f3f3f3f3f3f3f3f
# epoch 9000  H=7.5001 C=7.2516 HO=0.2485  A(t)=377
      1062  <<<<<<<<<<<<<<<<  3c3c3c3c3c3c3c3c3c3c3c3c3c3c3c3c
       633  ,,,,,,,,,,,,,,,,  2c2c2c2c2c2c2c2c2c2c2c2c2c2c2c2c
       589  ================  3d3d3d3d3d3d3d3d3d3d3d3d3d3d3d3d
       565  ::::::::::::::::  3a3a3a3a3a3a3a3a3a3a3a3a3a3a3a3a
       562  ;;;;;;;;;;;;;;;;  3b3b3b3b3b3b3b3b3b3b3b3b3b3b3b3b
       499  [[[[[[[[[[[[[[[[  5b5b5b5b5b5b5b5b5b5b5b5b5b5b5b5b
       409  9999999999999999  39393939393939393939393939393939
       345  >>>>>>>>>>>>>>>>  3e3e3e3e3e3e3e3e3e3e3e3e3e3e3e3e
       267  ????????????????  3f3f3f3f3f3f3f3f3f3f3f3f3f3f3f3f
       224  7777777777777777  37373737373737373737373737373737
# epoch 9200  H=7.5087 C=7.2635 HO=0.2452  A(t)=377
       864  <<<<<<<<<<<<<<<<  3c3c3c3c3c3c3c3c3c3c3c3c3c3c3c3c
       759  ,,,,,,,,,,,,,,,,  2c2c2c2c2c2c2c2c2c2c2c2c2c2c2c2c
       654  ::::::::::::::::  3a3a3a3a3a3a3a3a3a3a3a3a3a3a3a3a
       577  [[[[[[[[[[[[[[[[  5b5b5b5b5b5b5b5b5b5b5b5b5b5b5b5b
       567  ================  3d3d3d3d3d3d3d3d3d3d3d3d3d3d3d3d
       406  9999999999999999  39393939393939393939393939393939
       397  ;;;;;;;;;;;;;;;;  3b3b3b3b3b3b3b3b3b3b3b3b3b3b3b3b
       355  >>>>>>>>>>>>>>>>  3e3e3e3e3e3e3e3e3e3e3e3e3e3e3e3e
       296  8888888888888888  38383838383838383838383838383838
       252  ????????????????  3f3f3f3f3f3f3f3f3f3f3f3f3f3f3f3f
# epoch 9400  H=7.5137 C=7.2744 HO=0.2392  A(t)=377
       822  <<<<<<<<<<<<<<<<  3c3c3c3c3c3c3c3c3c3c3c3c3c3c3c3c
       812  ================  3d3d3d3d3d3d3d3d3d3d3d3d3d3d3d3d
       554  ,,,,,,,,,,,,,,,,  2c2c2c2c2c2c2c2c2c2c2c2c2c2c2c2c
       467  [[[[[[[[[[[[[[[[  5b5b5b5b5b5b5b5b5b5b5b5b5b5b5b5b
       455  >>>>>>>>>>>>>>>>  3e3e3e3e3e3e3e3e3e3e3e3e3e3e3e3e
       451  ;;;;;;;;;;;;;;;;  3b3b3b3b3b3b3b3b3b3b3b3b3b3b3b3b
       337  ::::::::::::::::  3a3a3a3a3a3a3a3a3a3a3a3a3a3a3a3a
       329  9999999999999999  39393939393939393939393939393939
       270  8888888888888888  38383838383838383838383838383838
       170  AAAAAAAAAAAAAAAA  41414141414141414141414141414141
# epoch 9600  H=7.5157 C=7.2674 HO=0.2482  A(t)=378
      1120  <<<<<<<<<<<<<<<<  3c3c3c3c3c3c3c3c3c3c3c3c3c3c3c3c
       589  ================  3d3d3d3d3d3d3d3d3d3d3d3d3d3d3d3d
       517  ,,,,,,,,,,,,,,,,  2c2c2c2c2c2c2c2c2c2c2c2c2c2c2c2c
       500  ;;;;;;;;;;;;;;;;  3b3b3b3b3b3b3b3b3b3b3b3b3b3b3b3b
       474  [[[[[[[[[[[[[[[[  5b5b5b5b5b5b5b5b5b5b5b5b5b5b5b5b
       436  ::::::::::::::::  3a3a3a3a3a3a3a3a3a3a3a3a3a3a3a3a
       427  9999999999999999  39393939393939393939393939393939
       264  >>>>>>>>>>>>>>>>  3e3e3e3e3e3e3e3e3e3e3e3e3e3e3e3e
       258  ????????????????  3f3f3f3f3f3f3f3f3f3f3f3f3f3f3f3f
       192  8888888888888888  38383838383838383838383838383838
# epoch 9800  H=7.5091 C=7.2601 HO=0.2490  A(t)=378
       993  <<<<<<<<<<<<<<<<  3c3c3c3c3c3c3c3c3c3c3c3c3c3c3c3c
       662  ;;;;;;;;;;;;;;;;  3b3b3b3b3b3b3b3b3b3b3b3b3b3b3b3b
       526  >>>>>>>>>>>>>>>>  3e3e3e3e3e3e3e3e3e3e3e3e3e3e3e3e
       507  ,,,,,,,,,,,,,,,,  2c2c2c2c2c2c2c2c2c2c2c2c2c2c2c2c
       409  [[[[[[[[[[[[[[[[  5b5b5b5b5b5b5b5b5b5b5b5b5b5b5b5b
       394  ::::::::::::::::  3a3a3a3a3a3a3a3a3a3a3a3a3a3a3a3a
       311  ================  3d3d3d3d3d3d3d3d3d3d3d3d3d3d3d3d
       226  @@@@@@@@@@@@@@@@  40404040404040404040404040404040
       206  ????????????????  3f3f3f3f3f3f3f3f3f3f3f3f3f3f3f3f
       188  5555555555555555  35353535353535353535353535353535
# epoch 10000  H=7.5082 C=7.2584 HO=0.2498  A(t)=378
       956  <<<<<<<<<<<<<<<<  3c3c3c3c3c3c3c3c3c3c3c3c3c3c3c3c
       839  ,,,,,,,,,,,,,,,,  2c2c2c2c2c2c2c2c2c2c2c2c2c2c2c2c
       636  ;;;;;;;;;;;;;;;;  3b3b3b3b3b3b3b3b3b3b3b3b3b3b3b3b
       526  ================  3d3d3d3d3d3d3d3d3d3d3d3d3d3d3d3d
       361  ????????????????  3f3f3f3f3f3f3f3f3f3f3f3f3f3f3f3f
       357  >>>>>>>>>>>>>>>>  3e3e3e3e3e3e3e3e3e3e3e3e3e3e3e3e
       353  [[[[[[[[[[[[[[[[  5b5b5b5b5b5b5b5b5b5b5b5b5b5b5b5b
       302  ::::::::::::::::  3a3a3a3a3a3a3a3a3a3a3a3a3a3a3a3a
       192  ................  ffffffffffffffffffffffffffffffff
       192  9999999999999999  39393939393939393939393939393939
# epoch 10200  H=7.5112 C=7.2584 HO=0.2528  A(t)=379
       697  ,,,,,,,,,,,,,,,,  2c2c2c2c2c2c2c2c2c2c2c2c2c2c2c2c
       664  <<<<<<<<<<<<<<<<  3c3c3c3c3c3c3c3c3c3c3c3c3c3c3c3c
       646  [[[[[[[[[[[[[[[[  5b5b5b5b5b5b5b5b5b5b5b5b5b5b5b5b
       635  ================  3d3d3d3d3d3d3d3d3d3d3d3d3d3d3d3d
       545  ;;;;;;;;;;;;;;;;  3b3b3b3b3b3b3b3b3b3b3b3b3b3b3b3b
       496  ::::::::::::::::  3a3a3a3a3a3a3a3a3a3a3a3a3a3a3a3a
       451  9999999999999999  39393939393939393939393939393939
       391  >>>>>>>>>>>>>>>>  3e3e3e3e3e3e3e3e3e3e3e3e3e3e3e3e
       333  ????????????????  3f3f3f3f3f3f3f3f3f3f3f3f3f3f3f3f
       276  8888888888888888  38383838383838383838383838383838
# epoch 10400  H=7.5141 C=7.2535 HO=0.2606  A(t)=379
      1079  <<<<<<<<<<<<<<<<  3c3c3c3c3c3c3c3c3c3c3c3c3c3c3c3c
       748  ================  3d3d3d3d3d3d3d3d3d3d3d3d3d3d3d3d
       678  [[[[[[[[[[[[[[[[  5b5b5b5b5b5b5b5b5b5b5b5b5b5b5b5b
       573  ::::::::::::::::  3a3a3a3a3a3a3a3a3a3a3a3a3a3a3a3a
       562  ,,,,,,,,,,,,,,,,  2c2c2c2c2c2c2c2c2c2c2c2c2c2c2c2c
       535  >>>>>>>>>>>>>>>>  3e3e3e3e3e3e3e3e3e3e3e3e3e3e3e3e
       448  9999999999999999  39393939393939393939393939393939
       388  ????????????????  3f3f3f3f3f3f3f3f3f3f3f3f3f3f3f3f
       366  ;;;;;;;;;;;;;;;;  3b3b3b3b3b3b3b3b3b3b3b3b3b3b3b3b
       254  @@@@@@@@@@@@@@@@  40404040404040404040404040404040
# epoch 10600  H=7.5153 C=7.2481 HO=0.2672  A(t)=379
      1389  <<<<<<<<<<<<<<<<  3c3c3c3c3c3c3c3c3c3c3c3c3c3c3c3c
       675  ;;;;;;;;;;;;;;;;  3b3b3b3b3b3b3b3b3b3b3b3b3b3b3b3b
       664  ,,,,,,,,,,,,,,,,  2c2c2c2c2c2c2c2c2c2c2c2c2c2c2c2c
       583  ================  3d3d3d3d3d3d3d3d3d3d3d3d3d3d3d3d
       534  [[[[[[[[[[[[[[[[  5b5b5b5b5b5b5b5b5b5b5b5b5b5b5b5b
       443  >>>>>>>>>>>>>>>>  3e3e3e3e3e3e3e3e3e3e3e3e3e3e3e3e
       415  ????????????????  3f3f3f3f3f3f3f3f3f3f3f3f3f3f3f3f
       389  0000000000000000  30303030303030303030303030303030
       326  ::::::::::::::::  3a3a3a3a3a3a3a3a3a3a3a3a3a3a3a3a
       282  9999999999999999  39393939393939393939393939393939
# epoch 10800  H=7.5202 C=7.2485 HO=0.2717  A(t)=380
       954  <<<<<<<<<<<<<<<<  3c3c3c3c3c3c3c3c3c3c3c3c3c3c3c3c
       850  ;;;;;;;;;;;;;;;;  3b3b3b3b3b3b3b3b3b3b3b3b3b3b3b3b
       762  ================  3d3d3d3d3d3d3d3d3d3d3d3d3d3d3d3d
       630  ,,,,,,,,,,,,,,,,  2c2c2c2c2c2c2c2c2c2c2c2c2c2c2c2c
       487  [[[[[[[[[[[[[[[[  5b5b5b5b5b5b5b5b5b5b5b5b5b5b5b5b
       332  ????????????????  3f3f3f3f3f3f3f3f3f3f3f3f3f3f3f3f
       294  BBBBBBBBBBBBBBBB  42424242424242424242424242424242
       294  >>>>>>>>>>>>>>>>  3e3e3e3e3e3e3e3e3e3e3e3e3e3e3e3e
       290  9999999999999999  39393939393939393939393939393939
       267  ::::::::::::::::  3a3a3a3a3a3a3a3a3a3a3a3a3a3a3a3a
# epoch 11000  H=7.5216 C=7.2381 HO=0.2834  A(t)=381
       866  ================  3d3d3d3d3d3d3d3d3d3d3d3d3d3d3d3d
       689  ,,,,,,,,,,,,,,,,  2c2c2c2c2c2c2c2c2c2c2c2c2c2c2c2c
       677  <<<<<<<<<<<<<<<<  3c3c3c3c3c3c3c3c3c3c3c3c3c3c3c3c
       649  [[[[[[[[[[[[[[[[  5b5b5b5b5b5b5b5b5b5b5b5b5b5b5b5b
       608  ;;;;;;;;;;;;;;;;  3b3b3b3b3b3b3b3b3b3b3b3b3b3b3b3b
       433  >>>>>>>>>>>>>>>>  3e3e3e3e3e3e3e3e3e3e3e3e3e3e3e3e
       425  9999999999999999  39393939393939393939393939393939
       397  8888888888888888  38383838383838383838383838383838
       348  ::::::::::::::::  3a3a3a3a3a3a3a3a3a3a3a3a3a3a3a3a
       339  ????????????????  3f3f3f3f3f3f3f3f3f3f3f3f3f3f3f3f
# epoch 11200  H=7.5224 C=7.2295 HO=0.2930  A(t)=386
       764  [[[[[[[[[[[[[[[[  5b5b5b5b5b5b5b5b5b5b5b5b5b5b5b5b
       741  ,,,,,,,,,,,,,,,,  2c2c2c2c2c2c2c2c2c2c2c2c2c2c2c2c
       705  ================  3d3d3d3d3d3d3d3d3d3d3d3d3d3d3d3d
       600  <<<<<<<<<<<<<<<<  3c3c3c3c3c3c3c3c3c3c3c3c3c3c3c3c
       579  >>>>>>>>>>>>>>>>  3e3e3e3e3e3e3e3e3e3e3e3e3e3e3e3e
       573  8888888888888888  38383838383838383838383838383838
       448  ;;;;;;;;;;;;;;;;  3b3b3b3b3b3b3b3b3b3b3b3b3b3b3b3b
       441  9999999999999999  39393939393939393939393939393939
       413  ::::::::::::::::  3a3a3a3a3a3a3a3a3a3a3a3a3a3a3a3a
       281  ????????????????  3f3f3f3f3f3f3f3f3f3f3f3f3f3f3f3f
# epoch 11400  H=7.5163 C=7.2325 HO=0.2838  A(t)=388
       792  ,,,,,,,,,,,,,,,,  2c2c2c2c2c2c2c2c2c2c2c2c2c2c2c2c
       708  ================  3d3d3d3d3d3d3d3d3d3d3d3d3d3d3d3d
       705  <<<<<<<<<<<<<<<<  3c3c3c3c3c3c3c3c3c3c3c3c3c3c3c3c
       613  ;;;;;;;;;;;;;;;;  3b3b3b3b3b3b3b3b3b3b3b3b3b3b3b3b
       405  [[[[[[[[[[[[[[[[  5b5b5b5b5b5b5b5b5b5b5b5b5b5b5b5b
       363  8888888888888888  38383838383838383838383838383838
       361  >>>>>>>>>>>>>>>>  3e3e3e3e3e3e3e3e3e3e3e3e3e3e3e3e
       341  1111111111111111  31313131313131313131313131313131
       329  ::::::::::::::::  3a3a3a3a3a3a3a3a3a3a3a3a3a3a3a3a
       297  ????????????????  3f3f3f3f3f3f3f3f3f3f3f3f3f3f3f3f
# epoch 11600  H=7.5161 C=7.2343 HO=0.2817  A(t)=390
       816  ,,,,,,,,,,,,,,,,  2c2c2c2c2c2c2c2c2c2c2c2c2c2c2c2c
       806  ================  3d3d3d3d3d3d3d3d3d3d3d3d3d3d3d3d
       709  ;;;;;;;;;;;;;;;;  3b3b3b3b3b3b3b3b3b3b3b3b3b3b3b3b
       577  <<<<<<<<<<<<<<<<  3c3c3c3c3c3c3c3c3c3c3c3c3c3c3c3c
       445  [[[[[[[[[[[[[[[[  5b5b5b5b5b5b5b5b5b5b5b5b5b5b5b5b
       432  ::::::::::::::::  3a3a3a3a3a3a3a3a3a3a3a3a3a3a3a3a
       350  8888888888888888  38383838383838383838383838383838
       326  9999999999999999  39393939393939393939393939393939
       277  >>>>>>>>>>>>>>>>  3e3e3e3e3e3e3e3e3e3e3e3e3e3e3e3e
       226  ????????????????  3f3f3f3f3f3f3f3f3f3f3f3f3f3f3f3f
# epoch 11800  H=7.5233 C=7.2208 HO=0.3025  A(t)=391
       930  ;;;;;;;;;;;;;;;;  3b3b3b3b3b3b3b3b3b3b3b3b3b3b3b3b
       832  ================  3d3d3d3d3d3d3d3d3d3d3d3d3d3d3d3d
       798  ,,,,,,,,,,,,,,,,  2c2c2c2c2c2c2c2c2c2c2c2c2c2c2c2c
       748  [[[[[[[[[[[[[[[[  5b5b5b5b5b5b5b5b5b5b5b5b5b5b5b5b
       618  <<<<<<<<<<<<<<<<  3c3c3c3c3c3c3c3c3c3c3c3c3c3c3c3c
       423  ????????????????  3f3f3f3f3f3f3f3f3f3f3f3f3f3f3f3f
       418  8888888888888888  38383838383838383838383838383838
       407  ::::::::::::::::  3a3a3a3a3a3a3a3a3a3a3a3a3a3a3a3a
       404  >>>>>>>>>>>>>>>>  3e3e3e3e3e3e3e3e3e3e3e3e3e3e3e3e
       389  9999999999999999  39393939393939393939393939393939
# epoch 12000  H=7.5171 C=7.2089 HO=0.3083  A(t)=393
       988  ================  3d3d3d3d3d3d3d3d3d3d3d3d3d3d3d3d
       961  [[[[[[[[[[[[[[[[  5b5b5b5b5b5b5b5b5b5b5b5b5b5b5b5b
       837  ,,,,,,,,,,,,,,,,  2c2c2c2c2c2c2c2c2c2c2c2c2c2c2c2c
       788  ;;;;;;;;;;;;;;;;  3b3b3b3b3b3b3b3b3b3b3b3b3b3b3b3b
       722  <<<<<<<<<<<<<<<<  3c3c3c3c3c3c3c3c3c3c3c3c3c3c3c3c
       552  ::::::::::::::::  3a3a3a3a3a3a3a3a3a3a3a3a3a3a3a3a
       431  8888888888888888  38383838383838383838383838383838
       378  ????????????????  3f3f3f3f3f3f3f3f3f3f3f3f3f3f3f3f
       341  9999999999999999  39393939393939393939393939393939
       268  0000000000000000  30303030303030303030303030303030
# epoch 12200  H=7.5201 C=7.2134 HO=0.3067  A(t)=398
       828  <<<<<<<<<<<<<<<<  3c3c3c3c3c3c3c3c3c3c3c3c3c3c3c3c
       772  [[[[[[[[[[[[[[[[  5b5b5b5b5b5b5b5b5b5b5b5b5b5b5b5b
       750  ,,,,,,,,,,,,,,,,  2c2c2c2c2c2c2c2c2c2c2c2c2c2c2c2c
       704  ================  3d3d3d3d3d3d3d3d3d3d3d3d3d3d3d3d
       466  >>>>>>>>>>>>>>>>  3e3e3e3e3e3e3e3e3e3e3e3e3e3e3e3e
       466  9999999999999999  39393939393939393939393939393939
       458  ;;;;;;;;;;;;;;;;  3b3b3b3b3b3b3b3b3b3b3b3b3b3b3b3b
       365  ::::::::::::::::  3a3a3a3a3a3a3a3a3a3a3a3a3a3a3a3a
       336  8888888888888888  38383838383838383838383838383838
       305  7777777777777777  37373737373737373737373737373737
# epoch 12400  H=7.5176 C=7.1987 HO=0.3189  A(t)=398
      1151  <<<<<<<<<<<<<<<<  3c3c3c3c3c3c3c3c3c3c3c3c3c3c3c3c
       945  ,,,,,,,,,,,,,,,,  2c2c2c2c2c2c2c2c2c2c2c2c2c2c2c2c
       792  ;;;;;;;;;;;;;;;;  3b3b3b3b3b3b3b3b3b3b3b3b3b3b3b3b
       734  ::::::::::::::::  3a3a3a3a3a3a3a3a3a3a3a3a3a3a3a3a
       725  ================  3d3d3d3d3d3d3d3d3d3d3d3d3d3d3d3d
       572  >>>>>>>>>>>>>>>>  3e3e3e3e3e3e3e3e3e3e3e3e3e3e3e3e
       556  [[[[[[[[[[[[[[[[  5b5b5b5b5b5b5b5b5b5b5b5b5b5b5b5b
       408  8888888888888888  38383838383838383838383838383838
       321  9999999999999999  39393939393939393939393939393939
       254  ????????????????  3f3f3f3f3f3f3f3f3f3f3f3f3f3f3f3f
# epoch 12600  H=7.5147 C=7.1851 HO=0.3296  A(t)=399
      1055  [[[[[[[[[[[[[[[[  5b5b5b5b5b5b5b5b5b5b5b5b5b5b5b5b
      1038  ;;;;;;;;;;;;;;;;  3b3b3b3b3b3b3b3b3b3b3b3b3b3b3b3b
       992  ,,,,,,,,,,,,,,,,  2c2c2c2c2c2c2c2c2c2c2c2c2c2c2c2c
       834  <<<<<<<<<<<<<<<<  3c3c3c3c3c3c3c3c3c3c3c3c3c3c3c3c
       647  ================  3d3d3d3d3d3d3d3d3d3d3d3d3d3d3d3d
       639  ::::::::::::::::  3a3a3a3a3a3a3a3a3a3a3a3a3a3a3a3a
       481  >>>>>>>>>>>>>>>>  3e3e3e3e3e3e3e3e3e3e3e3e3e3e3e3e
       403  9999999999999999  39393939393939393939393939393939
       398  8888888888888888  38383838383838383838383838383838
       327  7777777777777777  37373737373737373737373737373737
# epoch 12800  H=7.5127 C=7.1838 HO=0.3289  A(t)=400
       864  ,,,,,,,,,,,,,,,,  2c2c2c2c2c2c2c2c2c2c2c2c2c2c2c2c
       845  [[[[[[[[[[[[[[[[  5b5b5b5b5b5b5b5b5b5b5b5b5b5b5b5b
       831  <<<<<<<<<<<<<<<<  3c3c3c3c3c3c3c3c3c3c3c3c3c3c3c3c
       800  ;;;;;;;;;;;;;;;;  3b3b3b3b3b3b3b3b3b3b3b3b3b3b3b3b
       722  ::::::::::::::::  3a3a3a3a3a3a3a3a3a3a3a3a3a3a3a3a
       652  ================  3d3d3d3d3d3d3d3d3d3d3d3d3d3d3d3d
       577  >>>>>>>>>>>>>>>>  3e3e3e3e3e3e3e3e3e3e3e3e3e3e3e3e
       431  @@@@@@@@@@@@@@@@  40404040404040404040404040404040
       277  GGGGGGGGGGGGGGGG  47474747474747474747474747474747
       272  9999999999999999  39393939393939393939393939393939
# epoch 13000  H=7.5179 C=7.1808 HO=0.3371  A(t)=406
      1050  ;;;;;;;;;;;;;;;;  3b3b3b3b3b3b3b3b3b3b3b3b3b3b3b3b
      1014  [[[[[[[[[[[[[[[[  5b5b5b5b5b5b5b5b5b5b5b5b5b5b5b5b
       949  <<<<<<<<<<<<<<<<  3c3c3c3c3c3c3c3c3c3c3c3c3c3c3c3c
       637  ================  3d3d3d3d3d3d3d3d3d3d3d3d3d3d3d3d
       627  ,,,,,,,,,,,,,,,,  2c2c2c2c2c2c2c2c2c2c2c2c2c2c2c2c
       621  >>>>>>>>>>>>>>>>  3e3e3e3e3e3e3e3e3e3e3e3e3e3e3e3e
       587  ::::::::::::::::  3a3a3a3a3a3a3a3a3a3a3a3a3a3a3a3a
       432  9999999999999999  39393939393939393939393939393939
       324  3333333333333333  33333333333333333333333333333333
       317  @@@@@@@@@@@@@@@@  40404040404040404040404040404040
# epoch 13200  H=7.5262 C=7.1941 HO=0.3321  A(t)=406
      1120  <<<<<<<<<<<<<<<<  3c3c3c3c3c3c3c3c3c3c3c3c3c3c3c3c
      1114  ;;;;;;;;;;;;;;;;  3b3b3b3b3b3b3b3b3b3b3b3b3b3b3b3b
      1020  ,,,,,,,,,,,,,,,,  2c2c2c2c2c2c2c2c2c2c2c2c2c2c2c2c
       792  [[[[[[[[[[[[[[[[  5b5b5b5b5b5b5b5b5b5b5b5b5b5b5b5b
       627  ::::::::::::::::  3a3a3a3a3a3a3a3a3a3a3a3a3a3a3a3a
       615  >>>>>>>>>>>>>>>>  3e3e3e3e3e3e3e3e3e3e3e3e3e3e3e3e
       457  ================  3d3d3d3d3d3d3d3d3d3d3d3d3d3d3d3d
       438  ????????????????  3f3f3f3f3f3f3f3f3f3f3f3f3f3f3f3f
       376  9999999999999999  39393939393939393939393939393939
       327  @@@@@@@@@@@@@@@@  40404040404040404040404040404040
# epoch 13400  H=7.5277 C=7.1861 HO=0.3416  A(t)=408
      1186  <<<<<<<<<<<<<<<<  3c3c3c3c3c3c3c3c3c3c3c3c3c3c3c3c
       840  ;;;;;;;;;;;;;;;;  3b3b3b3b3b3b3b3b3b3b3b3b3b3b3b3b
       765  ,,,,,,,,,,,,,,,,  2c2c2c2c2c2c2c2c2c2c2c2c2c2c2c2c
       639  [[[[[[[[[[[[[[[[  5b5b5b5b5b5b5b5b5b5b5b5b5b5b5b5b
       597  ================  3d3d3d3d3d3d3d3d3d3d3d3d3d3d3d3d
       549  >>>>>>>>>>>>>>>>  3e3e3e3e3e3e3e3e3e3e3e3e3e3e3e3e
       529  ::::::::::::::::  3a3a3a3a3a3a3a3a3a3a3a3a3a3a3a3a
       431  ????????????????  3f3f3f3f3f3f3f3f3f3f3f3f3f3f3f3f
       261  6666666666666666  36363636363636363636363636363636
       256  8888888888888888  38383838383838383838383838383838
# epoch 13600  H=7.5284 C=7.1877 HO=0.3407  A(t)=409
      1138  <<<<<<<<<<<<<<<<  3c3c3c3c3c3c3c3c3c3c3c3c3c3c3c3c
      1067  [[[[[[[[[[[[[[[[  5b5b5b5b5b5b5b5b5b5b5b5b5b5b5b5b
       788  ;;;;;;;;;;;;;;;;  3b3b3b3b3b3b3b3b3b3b3b3b3b3b3b3b
       668  ================  3d3d3d3d3d3d3d3d3d3d3d3d3d3d3d3d
       634  ,,,,,,,,,,,,,,,,  2c2c2c2c2c2c2c2c2c2c2c2c2c2c2c2c
       632  >>>>>>>>>>>>>>>>  3e3e3e3e3e3e3e3e3e3e3e3e3e3e3e3e
       551  ::::::::::::::::  3a3a3a3a3a3a3a3a3a3a3a3a3a3a3a3a
       445  ????????????????  3f3f3f3f3f3f3f3f3f3f3f3f3f3f3f3f
       380  8888888888888888  38383838383838383838383838383838
       370  ////////////////  2f2f2f2f2f2f2f2f2f2f2f2f2f2f2f2f
# epoch 13800  H=7.5315 C=7.1859 HO=0.3456  A(t)=412
      1118  <<<<<<<<<<<<<<<<  3c3c3c3c3c3c3c3c3c3c3c3c3c3c3c3c
       968  [[[[[[[[[[[[[[[[  5b5b5b5b5b5b5b5b5b5b5b5b5b5b5b5b
       805  ,,,,,,,,,,,,,,,,  2c2c2c2c2c2c2c2c2c2c2c2c2c2c2c2c
       743  ================  3d3d3d3d3d3d3d3d3d3d3d3d3d3d3d3d
       705  ;;;;;;;;;;;;;;;;  3b3b3b3b3b3b3b3b3b3b3b3b3b3b3b3b
       537  >>>>>>>>>>>>>>>>  3e3e3e3e3e3e3e3e3e3e3e3e3e3e3e3e
       500  ::::::::::::::::  3a3a3a3a3a3a3a3a3a3a3a3a3a3a3a3a
       440  9999999999999999  39393939393939393939393939393939
       347  ????????????????  3f3f3f3f3f3f3f3f3f3f3f3f3f3f3f3f
       259  ////////////////  2f2f2f2f2f2f2f2f2f2f2f2f2f2f2f2f
# epoch 14000  H=7.5194 C=7.1990 HO=0.3204  A(t)=415
      1292  <<<<<<<<<<<<<<<<  3c3c3c3c3c3c3c3c3c3c3c3c3c3c3c3c
       825  ,,,,,,,,,,,,,,,,  2c2c2c2c2c2c2c2c2c2c2c2c2c2c2c2c
       751  [[[[[[[[[[[[[[[[  5b5b5b5b5b5b5b5b5b5b5b5b5b5b5b5b
       701  >>>>>>>>>>>>>>>>  3e3e3e3e3e3e3e3e3e3e3e3e3e3e3e3e
       586  ::::::::::::::::  3a3a3a3a3a3a3a3a3a3a3a3a3a3a3a3a
       548  ;;;;;;;;;;;;;;;;  3b3b3b3b3b3b3b3b3b3b3b3b3b3b3b3b
       541  ================  3d3d3d3d3d3d3d3d3d3d3d3d3d3d3d3d
       338  ????????????????  3f3f3f3f3f3f3f3f3f3f3f3f3f3f3f3f
       296  JJJJJJJJJJJJJJJJ  4a4a4a4a4a4a4a4a4a4a4a4a4a4a4a4a
       275  9999999999999999  39393939393939393939393939393939
# epoch 14200  H=7.5105 C=7.1844 HO=0.3261  A(t)=415
      1304  <<<<<<<<<<<<<<<<  3c3c3c3c3c3c3c3c3c3c3c3c3c3c3c3c
       933  ;;;;;;;;;;;;;;;;  3b3b3b3b3b3b3b3b3b3b3b3b3b3b3b3b
       881  [[[[[[[[[[[[[[[[  5b5b5b5b5b5b5b5b5b5b5b5b5b5b5b5b
       793  ,,,,,,,,,,,,,,,,  2c2c2c2c2c2c2c2c2c2c2c2c2c2c2c2c
       642  >>>>>>>>>>>>>>>>  3e3e3e3e3e3e3e3e3e3e3e3e3e3e3e3e
       586  ================  3d3d3d3d3d3d3d3d3d3d3d3d3d3d3d3d
       406  ::::::::::::::::  3a3a3a3a3a3a3a3a3a3a3a3a3a3a3a3a
       373  AAAAAAAAAAAAAAAA  41414141414141414141414141414141
       358  ????????????????  3f3f3f3f3f3f3f3f3f3f3f3f3f3f3f3f
       333  @@@@@@@@@@@@@@@@  40404040404040404040404040404040
# epoch 14400  H=7.5152 C=7.1984 HO=0.3167  A(t)=417
       901  [[[[[[[[[[[[[[[[  5b5b5b5b5b5b5b5b5b5b5b5b5b5b5b5b
       771  <<<<<<<<<<<<<<<<  3c3c3c3c3c3c3c3c3c3c3c3c3c3c3c3c
       764  ================  3d3d3d3d3d3d3d3d3d3d3d3d3d3d3d3d
       678  ,,,,,,,,,,,,,,,,  2c2c2c2c2c2c2c2c2c2c2c2c2c2c2c2c
       596  ;;;;;;;;;;;;;;;;  3b3b3b3b3b3b3b3b3b3b3b3b3b3b3b3b
       416  ::::::::::::::::  3a3a3a3a3a3a3a3a3a3a3a3a3a3a3a3a
       405  >>>>>>>>>>>>>>>>  3e3e3e3e3e3e3e3e3e3e3e3e3e3e3e3e
       362  ????????????????  3f3f3f3f3f3f3f3f3f3f3f3f3f3f3f3f
       265  @@@@@@@@@@@@@@@@  40404040404040404040404040404040
       257  9999999999999999  39393939393939393939393939393939
# epoch 14600  H=7.5140 C=7.1990 HO=0.3150  A(t)=418
      1216  <<<<<<<<<<<<<<<<  3c3c3c3c3c3c3c3c3c3c3c3c3c3c3c3c
      1004  [[[[[[[[[[[[[[[[  5b5b5b5b5b5b5b5b5b5b5b5b5b5b5b5b
       794  ================  3d3d3d3d3d3d3d3d3d3d3d3d3d3d3d3d
       755  ,,,,,,,,,,,,,,,,  2c2c2c2c2c2c2c2c2c2c2c2c2c2c2c2c
       626  ;;;;;;;;;;;;;;;;  3b3b3b3b3b3b3b3b3b3b3b3b3b3b3b3b
       604  >>>>>>>>>>>>>>>>  3e3e3e3e3e3e3e3e3e3e3e3e3e3e3e3e
       398  ::::::::::::::::  3a3a3a3a3a3a3a3a3a3a3a3a3a3a3a3a
       384  9999999999999999  39393939393939393939393939393939
       279  1111111111111111  31313131313131313131313131313131
       260  ????????????????  3f3f3f3f3f3f3f3f3f3f3f3f3f3f3f3f
