# epoch 0  H=7.9999 C=8.0025 HO=-0.0001  A(t)=0
         1  ....O\..>.....q{  fffff7144f5cee803e979c1d80ab717b
         1  .......&xG..V.!.  ffffda11e0e0812678470adb56e92184
         1  ...P.3d.4X...-W{  ffffd950e333640e3458d3e5a72d577b
         1  ...q....3.Q.....  ffffcf71a5e1edf533ad51b5eb91b2d3
         1  ....|x..y..=....  ffffc9b67c7881ec791ac83d10e7aa04
         1  ....h....C.....5  ffffaec9680f0ce59a43aef7d5cfca35
         1  ......x.k..>.UVG  ffff98a715e7788b6bc3d73e86555647
         1  .........Q......  ffff92e6b6f5b77fc2518ceaf4c68a2e
         1  ........I}......  ffff88ab10cab7ca497de60da3ff8d8d
         1  .......kK_.U..@.  ffff861d81bae16b4b5fc555d8034005
# epoch 250  H=7.9881 C=7.8797 HO=0.0828  A(t)=0
       215  ,,,,,,,,,,,,,,,,  2c2c2c2c2c2c2c2c2c2c2c2c2c2c2c2c
       208  ]]]]]]]]]]]]]]]]  5d5d5d5d5d5d5d5d5d5d5d5d5d5d5d5d
       179  [[[[[[[[[[[[[[[[  5b5b5b5b5b5b5b5b5b5b5b5b5b5b5b5b
       104  ................  cacacacacacacacacacacacacacacaca
        98  ................  93939393939393939393939393939393
        81  ................  dededededededededededededededede
        68  ................  fdfdfdfdfdfdfdfdfdfdfdfdfdfdfdfd
        65  BBBBBBBBBBBBBBBB  42424242424242424242424242424242
        56  ................  c0c0c0c0c0c0c0c0c0c0c0c0c0c0c0c0
        55  ________________  20202020202020202020202020202020
# epoch 500  H=7.9678 C=7.8360 HO=0.0808  A(t)=0
       229  ]]]]]]]]]]]]]]]]  5d5d5d5d5d5d5d5d5d5d5d5d5d5d5d5d
       182  [[[[[[[[[[[[[[[[  5b5b5b5b5b5b5b5b5b5b5b5b5b5b5b5b
       154  ................  2e2e2e2e2e2e2e2e2e2e2e2e2e2e2e2e
       133  ,,,,,,,,,,,,,,,,  2c2c2c2c2c2c2c2c2c2c2c2c2c2c2c2c
       113  ................  83838383838383838383838383838383
        98  ................  cececececececececececececececece
        93  aaaaaaaaaaaaaaaa  61616161616161616161616161616161
        85  <<<<<<<<<<<<<<<<  3c3c3c3c3c3c3c3c3c3c3c3c3c3c3c3c
        81  ))))))))))))))))  29292929292929292929292929292929
        73  SSSSSSSSSSSSSSSS  53535353535353535353535353535353
# epoch 750  H=7.9408 C=7.7784 HO=0.1015  A(t)=0
       451  [[[[[[[[[[[[[[[[  5b5b5b5b5b5b5b5b5b5b5b5b5b5b5b5b
       334  ,,,,,,,,,,,,,,,,  2c2c2c2c2c2c2c2c2c2c2c2c2c2c2c2c
       184  ................  2e2e2e2e2e2e2e2e2e2e2e2e2e2e2e2e
       181  ]]]]]]]]]]]]]]]]  5d5d5d5d5d5d5d5d5d5d5d5d5d5d5d5d
        95  ................  c8c8c8c8c8c8c8c8c8c8c8c8c8c8c8c8
        92  2222222222222222  32323232323232323232323232323232
        91  \\\\\\\\\\\\\\\\  5c5c5c5c5c5c5c5c5c5c5c5c5c5c5c5c
        81  ................  e0e0e0e0e0e0e0e0e0e0e0e0e0e0e0e0
        75  ................  f9f9f9f9f9f9f9f9f9f9f9f9f9f9f9f9
        75  ................  e9e9e9e9e9e9e9e9e9e9e9e9e9e9e9e9
# epoch 1000  H=7.9105 C=7.7303 HO=0.1157  A(t)=0
       563  ,,,,,,,,,,,,,,,,  2c2c2c2c2c2c2c2c2c2c2c2c2c2c2c2c
       510  [[[[[[[[[[[[[[[[  5b5b5b5b5b5b5b5b5b5b5b5b5b5b5b5b
       344  ]]]]]]]]]]]]]]]]  5d5d5d5d5d5d5d5d5d5d5d5d5d5d5d5d
       182  ................  2e2e2e2e2e2e2e2e2e2e2e2e2e2e2e2e
       119  ................  03030303030303030303030303030303
        96  YYYYYYYYYYYYYYYY  59595959595959595959595959595959
        88  LLLLLLLLLLLLLLLL  4c4c4c4c4c4c4c4c4c4c4c4c4c4c4c4c
        82  ................  d7d7d7d7d7d7d7d7d7d7d7d7d7d7d7d7
        80  ................  11111111111111111111111111111111
        68  ................  1d1d1d1d1d1d1d1d1d1d1d1d1d1d1d1d
# epoch 1250  H=7.8872 C=7.6978 HO=0.1221  A(t)=207
       620  [[[[[[[[[[[[[[[[  5b5b5b5b5b5b5b5b5b5b5b5b5b5b5b5b
       599  ,,,,,,,,,,,,,,,,  2c2c2c2c2c2c2c2c2c2c2c2c2c2c2c2c
       292  ................  2e2e2e2e2e2e2e2e2e2e2e2e2e2e2e2e
       133  ]]]]]]]]]]]]]]]]  5d5d5d5d5d5d5d5d5d5d5d5d5d5d5d5d
       108  ................  ffffffffffffffffffffffffffffffff
        99  zzzzzzzzzzzzzzzz  7a7a7a7a7a7a7a7a7a7a7a7a7a7a7a7a
        93  ................  02020202020202020202020202020202
        92  ................  efefefefefefefefefefefefefefefef
        88  ||||||||||||||||  7c7c7c7c7c7c7c7c7c7c7c7c7c7c7c7c
        87  LLLLLLLLLLLLLLLL  4c4c4c4c4c4c4c4c4c4c4c4c4c4c4c4c
# epoch 1500  H=7.8686 C=7.6665 HO=0.1316  A(t)=224
       578  ,,,,,,,,,,,,,,,,  2c2c2c2c2c2c2c2c2c2c2c2c2c2c2c2c
       444  [[[[[[[[[[[[[[[[  5b5b5b5b5b5b5b5b5b5b5b5b5b5b5b5b
       155  ]]]]]]]]]]]]]]]]  5d5d5d5d5d5d5d5d5d5d5d5d5d5d5d5d
       149  ................  81818181818181818181818181818181
       126  ^^^^^^^^^^^^^^^^  5e5e5e5e5e5e5e5e5e5e5e5e5e5e5e5e
       123  ................  ffffffffffffffffffffffffffffffff
       121  ................  13131313131313131313131313131313
       116  \\\\\\\\\\\\\\\\  5c5c5c5c5c5c5c5c5c5c5c5c5c5c5c5c
       108  >>>>>>>>>>>>>>>>  3e3e3e3e3e3e3e3e3e3e3e3e3e3e3e3e
       105  ................  9a9a9a9a9a9a9a9a9a9a9a9a9a9a9a9a
# epoch 1750  H=7.8611 C=7.6642 HO=0.1290  A(t)=239
       666  [[[[[[[[[[[[[[[[  5b5b5b5b5b5b5b5b5b5b5b5b5b5b5b5b
       440  ,,,,,,,,,,,,,,,,  2c2c2c2c2c2c2c2c2c2c2c2c2c2c2c2c
       355  ]]]]]]]]]]]]]]]]  5d5d5d5d5d5d5d5d5d5d5d5d5d5d5d5d
       158  ****************  2a2a2a2a2a2a2a2a2a2a2a2a2a2a2a2a
       150  ................  01010101010101010101010101010101
       142  !!!!!!!!!!!!!!!!  21212121212121212121212121212121
       131  ................  0e0e0e0e0e0e0e0e0e0e0e0e0e0e0e0e
       128  \\\\\\\\\\\\\\\\  5c5c5c5c5c5c5c5c5c5c5c5c5c5c5c5c
       105  <<<<<<<<<<<<<<<<  3c3c3c3c3c3c3c3c3c3c3c3c3c3c3c3c
       100  ................  07070707070707070707070707070707
# epoch 2000  H=7.8514 C=7.6534 HO=0.1332  A(t)=255
       601  ,,,,,,,,,,,,,,,,  2c2c2c2c2c2c2c2c2c2c2c2c2c2c2c2c
       419  ]]]]]]]]]]]]]]]]  5d5d5d5d5d5d5d5d5d5d5d5d5d5d5d5d
       324  [[[[[[[[[[[[[[[[  5b5b5b5b5b5b5b5b5b5b5b5b5b5b5b5b
       162  ................  01010101010101010101010101010101
       153  ................  2e2e2e2e2e2e2e2e2e2e2e2e2e2e2e2e
       149  \\\\\\\\\\\\\\\\  5c5c5c5c5c5c5c5c5c5c5c5c5c5c5c5c
       131  ................  babababababababababababababababa
       101  ****************  2a2a2a2a2a2a2a2a2a2a2a2a2a2a2a2a
        98  ~~~~~~~~~~~~~~~~  7e7e7e7e7e7e7e7e7e7e7e7e7e7e7e7e
        90  ................  fdfdfdfdfdfdfdfdfdfdfdfdfdfdfdfd
# epoch 2250  H=7.8417 C=7.6439 HO=0.1245  A(t)=275
       652  [[[[[[[[[[[[[[[[  5b5b5b5b5b5b5b5b5b5b5b5b5b5b5b5b
       554  ,,,,,,,,,,,,,,,,  2c2c2c2c2c2c2c2c2c2c2c2c2c2c2c2c
       261  ]]]]]]]]]]]]]]]]  5d5d5d5d5d5d5d5d5d5d5d5d5d5d5d5d
       157  ||||||||||||||||  7c7c7c7c7c7c7c7c7c7c7c7c7c7c7c7c
       146  ................  01010101010101010101010101010101
       136  0000000000000000  30303030303030303030303030303030
       117  >>>>>>>>>>>>>>>>  3e3e3e3e3e3e3e3e3e3e3e3e3e3e3e3e
       110  OOOOOOOOOOOOOOOO  4f4f4f4f4f4f4f4f4f4f4f4f4f4f4f4f
       100  <<<<<<<<<<<<<<<<  3c3c3c3c3c3c3c3c3c3c3c3c3c3c3c3c
        92  ????????????????  3f3f3f3f3f3f3f3f3f3f3f3f3f3f3f3f
# epoch 2500  H=7.8368 C=7.6393 HO=0.1303  A(t)=284
       581  ,,,,,,,,,,,,,,,,  2c2c2c2c2c2c2c2c2c2c2c2c2c2c2c2c
       417  [[[[[[[[[[[[[[[[  5b5b5b5b5b5b5b5b5b5b5b5b5b5b5b5b
       413  ]]]]]]]]]]]]]]]]  5d5d5d5d5d5d5d5d5d5d5d5d5d5d5d5d
       197  \\\\\\\\\\\\\\\\  5c5c5c5c5c5c5c5c5c5c5c5c5c5c5c5c
       194  ................  2e2e2e2e2e2e2e2e2e2e2e2e2e2e2e2e
       137  <<<<<<<<<<<<<<<<  3c3c3c3c3c3c3c3c3c3c3c3c3c3c3c3c
       133  ................  01010101010101010101010101010101
       126  ................  04040404040404040404040404040404
       108  ................  84848484848484848484848484848484
       104  ................  e3e3e3e3e3e3e3e3e3e3e3e3e3e3e3e3
# epoch 2750  H=7.8338 C=7.6669 HO=0.1043  A(t)=294
       465  [[[[[[[[[[[[[[[[  5b5b5b5b5b5b5b5b5b5b5b5b5b5b5b5b
       355  ,,,,,,,,,,,,,,,,  2c2c2c2c2c2c2c2c2c2c2c2c2c2c2c2c
       174  ................  01010101010101010101010101010101
       173  ]]]]]]]]]]]]]]]]  5d5d5d5d5d5d5d5d5d5d5d5d5d5d5d5d
       158  ................  2e2e2e2e2e2e2e2e2e2e2e2e2e2e2e2e
       122  \\\\\\\\\\\\\\\\  5c5c5c5c5c5c5c5c5c5c5c5c5c5c5c5c
       113  CCCCCCCCCCCCCCCC  43434343434343434343434343434343
        86  ................  fefefefefefefefefefefefefefefefe
        75  ????????????????  3f3f3f3f3f3f3f3f3f3f3f3f3f3f3f3f
        67  kkkkkkkkkkkkkkkk  6b6b6b6b6b6b6b6b6b6b6b6b6b6b6b6b
# epoch 3000  H=7.8328 C=7.6408 HO=0.1270  A(t)=295
       550  [[[[[[[[[[[[[[[[  5b5b5b5b5b5b5b5b5b5b5b5b5b5b5b5b
       422  ]]]]]]]]]]]]]]]]  5d5d5d5d5d5d5d5d5d5d5d5d5d5d5d5d
       366  ,,,,,,,,,,,,,,,,  2c2c2c2c2c2c2c2c2c2c2c2c2c2c2c2c
       147  ................  2e2e2e2e2e2e2e2e2e2e2e2e2e2e2e2e
       143  \\\\\\\\\\\\\\\\  5c5c5c5c5c5c5c5c5c5c5c5c5c5c5c5c
       109  ................  b8b8b8b8b8b8b8b8b8b8b8b8b8b8b8b8
        96  ................  e5e5e5e5e5e5e5e5e5e5e5e5e5e5e5e5
        92  ................  01010101010101010101010101010101
        91  ................  97979797979797979797979797979797
        83  ................  ffffffffffffffffffffffffffffffff
# epoch 3250  H=7.8221 C=7.6128 HO=0.1423  A(t)=297
       582  ,,,,,,,,,,,,,,,,  2c2c2c2c2c2c2c2c2c2c2c2c2c2c2c2c
       569  [[[[[[[[[[[[[[[[  5b5b5b5b5b5b5b5b5b5b5b5b5b5b5b5b
       562  ]]]]]]]]]]]]]]]]  5d5d5d5d5d5d5d5d5d5d5d5d5d5d5d5d
       199  ................  01010101010101010101010101010101
       188  ZZZZZZZZZZZZZZZZ  5a5a5a5a5a5a5a5a5a5a5a5a5a5a5a5a
       173  ................  ffffffffffffffffffffffffffffffff
       129  \\\\\\\\\\\\\\\\  5c5c5c5c5c5c5c5c5c5c5c5c5c5c5c5c
       106  ................  2e2e2e2e2e2e2e2e2e2e2e2e2e2e2e2e
        94  ^^^^^^^^^^^^^^^^  5e5e5e5e5e5e5e5e5e5e5e5e5e5e5e5e
        89  ................  c2c2c2c2c2c2c2c2c2c2c2c2c2c2c2c2
# epoch 3500  H=7.8091 C=7.6061 HO=0.1330  A(t)=304
       476  [[[[[[[[[[[[[[[[  5b5b5b5b5b5b5b5b5b5b5b5b5b5b5b5b
       441  ]]]]]]]]]]]]]]]]  5d5d5d5d5d5d5d5d5d5d5d5d5d5d5d5d
       381  ,,,,,,,,,,,,,,,,  2c2c2c2c2c2c2c2c2c2c2c2c2c2c2c2c
       233  ................  01010101010101010101010101010101
       153  ................  82828282828282828282828282828282
       132  YYYYYYYYYYYYYYYY  59595959595959595959595959595959
       117  \\\\\\\\\\\\\\\\  5c5c5c5c5c5c5c5c5c5c5c5c5c5c5c5c
       114  ................  fcfcfcfcfcfcfcfcfcfcfcfcfcfcfcfc
       107  ================  3d3d3d3d3d3d3d3d3d3d3d3d3d3d3d3d
        99  ................  ffffffffffffffffffffffffffffffff
# epoch 3750  H=7.8008 C=7.5882 HO=0.1443  A(t)=304
       575  [[[[[[[[[[[[[[[[  5b5b5b5b5b5b5b5b5b5b5b5b5b5b5b5b
       520  ,,,,,,,,,,,,,,,,  2c2c2c2c2c2c2c2c2c2c2c2c2c2c2c2c
       340  ................  2e2e2e2e2e2e2e2e2e2e2e2e2e2e2e2e
       304  ]]]]]]]]]]]]]]]]  5d5d5d5d5d5d5d5d5d5d5d5d5d5d5d5d
       236  \\\\\\\\\\\\\\\\  5c5c5c5c5c5c5c5c5c5c5c5c5c5c5c5c
       121  ................  04040404040404040404040404040404
       120  ................  d6d6d6d6d6d6d6d6d6d6d6d6d6d6d6d6
       119  ................  fdfdfdfdfdfdfdfdfdfdfdfdfdfdfdfd
       104  ................  ffffffffffffffffffffffffffffffff
       102  ................  fefefefefefefefefefefefefefefefe
# epoch 4000  H=7.7953 C=7.5767 HO=0.1523  A(t)=305
       769  ,,,,,,,,,,,,,,,,  2c2c2c2c2c2c2c2c2c2c2c2c2c2c2c2c
       565  [[[[[[[[[[[[[[[[  5b5b5b5b5b5b5b5b5b5b5b5b5b5b5b5b
       451  ]]]]]]]]]]]]]]]]  5d5d5d5d5d5d5d5d5d5d5d5d5d5d5d5d
       306  ................  2e2e2e2e2e2e2e2e2e2e2e2e2e2e2e2e
       238  \\\\\\\\\\\\\\\\  5c5c5c5c5c5c5c5c5c5c5c5c5c5c5c5c
       115  ................  f9f9f9f9f9f9f9f9f9f9f9f9f9f9f9f9
       113  ////////////////  2f2f2f2f2f2f2f2f2f2f2f2f2f2f2f2f
       111  ................  01010101010101010101010101010101
       108  YYYYYYYYYYYYYYYY  59595959595959595959595959595959
       103  <<<<<<<<<<<<<<<<  3c3c3c3c3c3c3c3c3c3c3c3c3c3c3c3c
# epoch 4250  H=7.7906 C=7.5676 HO=0.1563  A(t)=306
       460  ,,,,,,,,,,,,,,,,  2c2c2c2c2c2c2c2c2c2c2c2c2c2c2c2c
       452  ]]]]]]]]]]]]]]]]  5d5d5d5d5d5d5d5d5d5d5d5d5d5d5d5d
       321  [[[[[[[[[[[[[[[[  5b5b5b5b5b5b5b5b5b5b5b5b5b5b5b5b
       186  ^^^^^^^^^^^^^^^^  5e5e5e5e5e5e5e5e5e5e5e5e5e5e5e5e
       168  ................  2e2e2e2e2e2e2e2e2e2e2e2e2e2e2e2e
       165  ................  01010101010101010101010101010101
       161  tttttttttttttttt  74747474747474747474747474747474
       134  ................  10101010101010101010101010101010
       121  4444444444444444  34343434343434343434343434343434
       103  ................  e1e1e1e1e1e1e1e1e1e1e1e1e1e1e1e1
# epoch 4500  H=7.7882 C=7.5729 HO=0.1480  A(t)=308
       512  [[[[[[[[[[[[[[[[  5b5b5b5b5b5b5b5b5b5b5b5b5b5b5b5b
       455  ]]]]]]]]]]]]]]]]  5d5d5d5d5d5d5d5d5d5d5d5d5d5d5d5d
       338  ,,,,,,,,,,,,,,,,  2c2c2c2c2c2c2c2c2c2c2c2c2c2c2c2c
       177  ................  2e2e2e2e2e2e2e2e2e2e2e2e2e2e2e2e
       157  2222222222222222  32323232323232323232323232323232
       152  \\\\\\\\\\\\\\\\  5c5c5c5c5c5c5c5c5c5c5c5c5c5c5c5c
       146  bbbbbbbbbbbbbbbb  62626262626262626262626262626262
       143  ................  01010101010101010101010101010101
       131  EEEEEEEEEEEEEEEE  45454545454545454545454545454545
       124  llllllllllllllll  6c6c6c6c6c6c6c6c6c6c6c6c6c6c6c6c
# epoch 4750  H=7.7828 C=7.5632 HO=0.1533  A(t)=308
       769  [[[[[[[[[[[[[[[[  5b5b5b5b5b5b5b5b5b5b5b5b5b5b5b5b
       706  ,,,,,,,,,,,,,,,,  2c2c2c2c2c2c2c2c2c2c2c2c2c2c2c2c
       592  ]]]]]]]]]]]]]]]]  5d5d5d5d5d5d5d5d5d5d5d5d5d5d5d5d
       204  ................  2e2e2e2e2e2e2e2e2e2e2e2e2e2e2e2e
       186  ................  01010101010101010101010101010101
       155  <<<<<<<<<<<<<<<<  3c3c3c3c3c3c3c3c3c3c3c3c3c3c3c3c
       134  ................  fefefefefefefefefefefefefefefefe
       132  ))))))))))))))))  29292929292929292929292929292929
       128  ................  87878787878787878787878787878787
       110  ;;;;;;;;;;;;;;;;  3b3b3b3b3b3b3b3b3b3b3b3b3b3b3b3b
# epoch 5000  H=7.7852 C=7.5752 HO=0.1480  A(t)=308
       989  [[[[[[[[[[[[[[[[  5b5b5b5b5b5b5b5b5b5b5b5b5b5b5b5b
       507  ,,,,,,,,,,,,,,,,  2c2c2c2c2c2c2c2c2c2c2c2c2c2c2c2c
       463  ]]]]]]]]]]]]]]]]  5d5d5d5d5d5d5d5d5d5d5d5d5d5d5d5d
       199  ................  fdfdfdfdfdfdfdfdfdfdfdfdfdfdfdfd
       178  \\\\\\\\\\\\\\\\  5c5c5c5c5c5c5c5c5c5c5c5c5c5c5c5c
       160  ................  01010101010101010101010101010101
       132  ----------------  2d2d2d2d2d2d2d2d2d2d2d2d2d2d2d2d
       127  ................  dfdfdfdfdfdfdfdfdfdfdfdfdfdfdfdf
       124  ................  ffffffffffffffffffffffffffffffff
       119  ................  2e2e2e2e2e2e2e2e2e2e2e2e2e2e2e2e
# epoch 5250  H=7.7808 C=7.5703 HO=0.1447  A(t)=309
       793  [[[[[[[[[[[[[[[[  5b5b5b5b5b5b5b5b5b5b5b5b5b5b5b5b
       534  ,,,,,,,,,,,,,,,,  2c2c2c2c2c2c2c2c2c2c2c2c2c2c2c2c
       355  ]]]]]]]]]]]]]]]]  5d5d5d5d5d5d5d5d5d5d5d5d5d5d5d5d
       196  ................  2e2e2e2e2e2e2e2e2e2e2e2e2e2e2e2e
       146  ))))))))))))))))  29292929292929292929292929292929
       133  \\\\\\\\\\\\\\\\  5c5c5c5c5c5c5c5c5c5c5c5c5c5c5c5c
       125  ................  01010101010101010101010101010101
       110  ................  fbfbfbfbfbfbfbfbfbfbfbfbfbfbfbfb
        96  ****************  2a2a2a2a2a2a2a2a2a2a2a2a2a2a2a2a
        93  ................  ffffffffffffffffffffffffffffffff
# epoch 5500  H=7.7821 C=7.5737 HO=0.1450  A(t)=309
       674  ,,,,,,,,,,,,,,,,  2c2c2c2c2c2c2c2c2c2c2c2c2c2c2c2c
       593  [[[[[[[[[[[[[[[[  5b5b5b5b5b5b5b5b5b5b5b5b5b5b5b5b
       576  ]]]]]]]]]]]]]]]]  5d5d5d5d5d5d5d5d5d5d5d5d5d5d5d5d
       122  ................  cececececececececececececececece
       105  ................  81818181818181818181818181818181
       102  YYYYYYYYYYYYYYYY  59595959595959595959595959595959
       102  ................  2e2e2e2e2e2e2e2e2e2e2e2e2e2e2e2e
        98  <<<<<<<<<<<<<<<<  3c3c3c3c3c3c3c3c3c3c3c3c3c3c3c3c
        96  !!!!!!!!!!!!!!!!  21212121212121212121212121212121
        94  \\\\\\\\\\\\\\\\  5c5c5c5c5c5c5c5c5c5c5c5c5c5c5c5c
# epoch 5750  H=7.7755 C=7.5627 HO=0.1475  A(t)=310
       588  [[[[[[[[[[[[[[[[  5b5b5b5b5b5b5b5b5b5b5b5b5b5b5b5b
       585  ,,,,,,,,,,,,,,,,  2c2c2c2c2c2c2c2c2c2c2c2c2c2c2c2c
       348  ]]]]]]]]]]]]]]]]  5d5d5d5d5d5d5d5d5d5d5d5d5d5d5d5d
       219  \\\\\\\\\\\\\\\\  5c5c5c5c5c5c5c5c5c5c5c5c5c5c5c5c
       208  ................  01010101010101010101010101010101
       185  ................  ffffffffffffffffffffffffffffffff
       141  ................  2e2e2e2e2e2e2e2e2e2e2e2e2e2e2e2e
       139  ................  fdfdfdfdfdfdfdfdfdfdfdfdfdfdfdfd
       131  ................  84848484848484848484848484848484
       114  llllllllllllllll  6c6c6c6c6c6c6c6c6c6c6c6c6c6c6c6c
# epoch 6000  H=7.7749 C=7.5664 HO=0.1488  A(t)=310
       663  [[[[[[[[[[[[[[[[  5b5b5b5b5b5b5b5b5b5b5b5b5b5b5b5b
       614  ,,,,,,,,,,,,,,,,  2c2c2c2c2c2c2c2c2c2c2c2c2c2c2c2c
       450  ]]]]]]]]]]]]]]]]  5d5d5d5d5d5d5d5d5d5d5d5d5d5d5d5d
       177  ................  2e2e2e2e2e2e2e2e2e2e2e2e2e2e2e2e
       153  ................  01010101010101010101010101010101
       124  \\\\\\\\\\\\\\\\  5c5c5c5c5c5c5c5c5c5c5c5c5c5c5c5c
       117  ________________  5f5f5f5f5f5f5f5f5f5f5f5f5f5f5f5f
       117  ^^^^^^^^^^^^^^^^  5e5e5e5e5e5e5e5e5e5e5e5e5e5e5e5e
       116  ;;;;;;;;;;;;;;;;  3b3b3b3b3b3b3b3b3b3b3b3b3b3b3b3b
       106  IIIIIIIIIIIIIIII  49494949494949494949494949494949
# epoch 6250  H=7.7785 C=7.5633 HO=0.1491  A(t)=311
       524  [[[[[[[[[[[[[[[[  5b5b5b5b5b5b5b5b5b5b5b5b5b5b5b5b
       504  ,,,,,,,,,,,,,,,,  2c2c2c2c2c2c2c2c2c2c2c2c2c2c2c2c
       307  ]]]]]]]]]]]]]]]]  5d5d5d5d5d5d5d5d5d5d5d5d5d5d5d5d
       168  ................  2e2e2e2e2e2e2e2e2e2e2e2e2e2e2e2e
       163  \\\\\\\\\\\\\\\\  5c5c5c5c5c5c5c5c5c5c5c5c5c5c5c5c
       129  ................  ffffffffffffffffffffffffffffffff
       116  ................  fefefefefefefefefefefefefefefefe
       116  ZZZZZZZZZZZZZZZZ  5a5a5a5a5a5a5a5a5a5a5a5a5a5a5a5a
       116  @@@@@@@@@@@@@@@@  40404040404040404040404040404040
       114  ................  01010101010101010101010101010101
# epoch 6500  H=7.7739 C=7.5617 HO=0.1477  A(t)=312
       524  [[[[[[[[[[[[[[[[  5b5b5b5b5b5b5b5b5b5b5b5b5b5b5b5b
       505  ,,,,,,,,,,,,,,,,  2c2c2c2c2c2c2c2c2c2c2c2c2c2c2c2c
       315  ]]]]]]]]]]]]]]]]  5d5d5d5d5d5d5d5d5d5d5d5d5d5d5d5d
       282  ................  2e2e2e2e2e2e2e2e2e2e2e2e2e2e2e2e
       218  ................  01010101010101010101010101010101
       193  \\\\\\\\\\\\\\\\  5c5c5c5c5c5c5c5c5c5c5c5c5c5c5c5c
       142  ................  10101010101010101010101010101010
       135  ................  ffffffffffffffffffffffffffffffff
       119  ................  f1f1f1f1f1f1f1f1f1f1f1f1f1f1f1f1
       116  @@@@@@@@@@@@@@@@  40404040404040404040404040404040
# epoch 6750  H=7.7741 C=7.5611 HO=0.1534  A(t)=312
       609  [[[[[[[[[[[[[[[[  5b5b5b5b5b5b5b5b5b5b5b5b5b5b5b5b
       554  ,,,,,,,,,,,,,,,,  2c2c2c2c2c2c2c2c2c2c2c2c2c2c2c2c
       237  ]]]]]]]]]]]]]]]]  5d5d5d5d5d5d5d5d5d5d5d5d5d5d5d5d
       221  ................  2e2e2e2e2e2e2e2e2e2e2e2e2e2e2e2e
       186  ZZZZZZZZZZZZZZZZ  5a5a5a5a5a5a5a5a5a5a5a5a5a5a5a5a
       142  ................  fefefefefefefefefefefefefefefefe
       138  ................  04040404040404040404040404040404
       127  ................  eeeeeeeeeeeeeeeeeeeeeeeeeeeeeeee
       121  """"""""""""""""  22222222222222222222222222222222
       113  ^^^^^^^^^^^^^^^^  5e5e5e5e5e5e5e5e5e5e5e5e5e5e5e5e
# epoch 7000  H=7.7672 C=7.5456 HO=0.1561  A(t)=312
       856  ,,,,,,,,,,,,,,,,  2c2c2c2c2c2c2c2c2c2c2c2c2c2c2c2c
       538  [[[[[[[[[[[[[[[[  5b5b5b5b5b5b5b5b5b5b5b5b5b5b5b5b
       526  ]]]]]]]]]]]]]]]]  5d5d5d5d5d5d5d5d5d5d5d5d5d5d5d5d
       197  ................  01010101010101010101010101010101
       189  ^^^^^^^^^^^^^^^^  5e5e5e5e5e5e5e5e5e5e5e5e5e5e5e5e
       181  ................  2e2e2e2e2e2e2e2e2e2e2e2e2e2e2e2e
       163  ................  8c8c8c8c8c8c8c8c8c8c8c8c8c8c8c8c
       139  NNNNNNNNNNNNNNNN  4e4e4e4e4e4e4e4e4e4e4e4e4e4e4e4e
       126  ZZZZZZZZZZZZZZZZ  5a5a5a5a5a5a5a5a5a5a5a5a5a5a5a5a
       117  ................  83838383838383838383838383838383
# epoch 7250  H=7.7650 C=7.5292 HO=0.1724  A(t)=312
       577  [[[[[[[[[[[[[[[[  5b5b5b5b5b5b5b5b5b5b5b5b5b5b5b5b
       555  ,,,,,,,,,,,,,,,,  2c2c2c2c2c2c2c2c2c2c2c2c2c2c2c2c
       383  ]]]]]]]]]]]]]]]]  5d5d5d5d5d5d5d5d5d5d5d5d5d5d5d5d
       348  \\\\\\\\\\\\\\\\  5c5c5c5c5c5c5c5c5c5c5c5c5c5c5c5c
       161  ................  fefefefefefefefefefefefefefefefe
       146  >>>>>>>>>>>>>>>>  3e3e3e3e3e3e3e3e3e3e3e3e3e3e3e3e
       142  ................  2e2e2e2e2e2e2e2e2e2e2e2e2e2e2e2e
       133  ................  03030303030303030303030303030303
       110  ????????????????  3f3f3f3f3f3f3f3f3f3f3f3f3f3f3f3f
       109  ZZZZZZZZZZZZZZZZ  5a5a5a5a5a5a5a5a5a5a5a5a5a5a5a5a
# epoch 7500  H=7.7645 C=7.5422 HO=0.1576  A(t)=312
       508  ,,,,,,,,,,,,,,,,  2c2c2c2c2c2c2c2c2c2c2c2c2c2c2c2c
       471  [[[[[[[[[[[[[[[[  5b5b5b5b5b5b5b5b5b5b5b5b5b5b5b5b
       452  ]]]]]]]]]]]]]]]]  5d5d5d5d5d5d5d5d5d5d5d5d5d5d5d5d
       206  ................  02020202020202020202020202020202
       194  ................  ffffffffffffffffffffffffffffffff
       186  ================  3d3d3d3d3d3d3d3d3d3d3d3d3d3d3d3d
       183  ................  01010101010101010101010101010101
       168  ZZZZZZZZZZZZZZZZ  5a5a5a5a5a5a5a5a5a5a5a5a5a5a5a5a
       137  ................  fefefefefefefefefefefefefefefefe
       124  5555555555555555  35353535353535353535353535353535
# epoch 7750  H=7.7614 C=7.5441 HO=0.1545  A(t)=313
       756  [[[[[[[[[[[[[[[[  5b5b5b5b5b5b5b5b5b5b5b5b5b5b5b5b
       571  ,,,,,,,,,,,,,,,,  2c2c2c2c2c2c2c2c2c2c2c2c2c2c2c2c
       359  ]]]]]]]]]]]]]]]]  5d5d5d5d5d5d5d5d5d5d5d5d5d5d5d5d
       257  \\\\\\\\\\\\\\\\  5c5c5c5c5c5c5c5c5c5c5c5c5c5c5c5c
       204  ................  2e2e2e2e2e2e2e2e2e2e2e2e2e2e2e2e
       198  ................  ffffffffffffffffffffffffffffffff
       132  ................  02020202020202020202020202020202
       130  ................  01010101010101010101010101010101
       123  ................  04040404040404040404040404040404
       121  ................  fdfdfdfdfdfdfdfdfdfdfdfdfdfdfdfd
# epoch 8000  H=7.7660 C=7.5577 HO=0.1447  A(t)=313
       692  ,,,,,,,,,,,,,,,,  2c2c2c2c2c2c2c2c2c2c2c2c2c2c2c2c
       621  [[[[[[[[[[[[[[[[  5b5b5b5b5b5b5b5b5b5b5b5b5b5b5b5b
       448  ]]]]]]]]]]]]]]]]  5d5d5d5d5d5d5d5d5d5d5d5d5d5d5d5d
       150  ................  03030303030303030303030303030303
       142  ................  2e2e2e2e2e2e2e2e2e2e2e2e2e2e2e2e
       136  ++++++++++++++++  2b2b2b2b2b2b2b2b2b2b2b2b2b2b2b2b
       121  ////////////////  2f2f2f2f2f2f2f2f2f2f2f2f2f2f2f2f
       111  \\\\\\\\\\\\\\\\  5c5c5c5c5c5c5c5c5c5c5c5c5c5c5c5c
       108  ................  d1d1d1d1d1d1d1d1d1d1d1d1d1d1d1d1
       107  &&&&&&&&&&&&&&&&  26262626262626262626262626262626
# epoch 8250  H=7.7664 C=7.5573 HO=0.1473  A(t)=313
       772  ,,,,,,,,,,,,,,,,  2c2c2c2c2c2c2c2c2c2c2c2c2c2c2c2c
       737  [[[[[[[[[[[[[[[[  5b5b5b5b5b5b5b5b5b5b5b5b5b5b5b5b
       296  ]]]]]]]]]]]]]]]]  5d5d5d5d5d5d5d5d5d5d5d5d5d5d5d5d
       248  ^^^^^^^^^^^^^^^^  5e5e5e5e5e5e5e5e5e5e5e5e5e5e5e5e
       188  ................  01010101010101010101010101010101
       130  \\\\\\\\\\\\\\\\  5c5c5c5c5c5c5c5c5c5c5c5c5c5c5c5c
       127  ZZZZZZZZZZZZZZZZ  5a5a5a5a5a5a5a5a5a5a5a5a5a5a5a5a
       111  YYYYYYYYYYYYYYYY  59595959595959595959595959595959
       111  ++++++++++++++++  2b2b2b2b2b2b2b2b2b2b2b2b2b2b2b2b
       108  ................  02020202020202020202020202020202
# epoch 8500  H=7.7677 C=7.5449 HO=0.1560  A(t)=313
       752  ,,,,,,,,,,,,,,,,  2c2c2c2c2c2c2c2c2c2c2c2c2c2c2c2c
       642  ]]]]]]]]]]]]]]]]  5d5d5d5d5d5d5d5d5d5d5d5d5d5d5d5d
       459  [[[[[[[[[[[[[[[[  5b5b5b5b5b5b5b5b5b5b5b5b5b5b5b5b
       173  ................  ffffffffffffffffffffffffffffffff
       173  ................  2e2e2e2e2e2e2e2e2e2e2e2e2e2e2e2e
       169  ZZZZZZZZZZZZZZZZ  5a5a5a5a5a5a5a5a5a5a5a5a5a5a5a5a
       161  ................  01010101010101010101010101010101
       144  >>>>>>>>>>>>>>>>  3e3e3e3e3e3e3e3e3e3e3e3e3e3e3e3e
       138  \\\\\\\\\\\\\\\\  5c5c5c5c5c5c5c5c5c5c5c5c5c5c5c5c
       126  XXXXXXXXXXXXXXXX  58585858585858585858585858585858
# epoch 8750  H=7.7632 C=7.5619 HO=0.1389  A(t)=314
       698  [[[[[[[[[[[[[[[[  5b5b5b5b5b5b5b5b5b5b5b5b5b5b5b5b
       557  ,,,,,,,,,,,,,,,,  2c2c2c2c2c2c2c2c2c2c2c2c2c2c2c2c
       238  \\\\\\\\\\\\\\\\  5c5c5c5c5c5c5c5c5c5c5c5c5c5c5c5c
       194  ]]]]]]]]]]]]]]]]  5d5d5d5d5d5d5d5d5d5d5d5d5d5d5d5d
       192  ................  2e2e2e2e2e2e2e2e2e2e2e2e2e2e2e2e
       177  ................  01010101010101010101010101010101
       123  ................  fbfbfbfbfbfbfbfbfbfbfbfbfbfbfbfb
       110  ^^^^^^^^^^^^^^^^  5e5e5e5e5e5e5e5e5e5e5e5e5e5e5e5e
       108  ................  ffffffffffffffffffffffffffffffff
       108  VVVVVVVVVVVVVVVV  56565656565656565656565656565656
# epoch 9000  H=7.7658 C=7.5527 HO=0.1457  A(t)=314
       871  ,,,,,,,,,,,,,,,,  2c2c2c2c2c2c2c2c2c2c2c2c2c2c2c2c
       523  ]]]]]]]]]]]]]]]]  5d5d5d5d5d5d5d5d5d5d5d5d5d5d5d5d
       484  [[[[[[[[[[[[[[[[  5b5b5b5b5b5b5b5b5b5b5b5b5b5b5b5b
       221  ................  2e2e2e2e2e2e2e2e2e2e2e2e2e2e2e2e
       177  \\\\\\\\\\\\\\\\  5c5c5c5c5c5c5c5c5c5c5c5c5c5c5c5c
       112  iiiiiiiiiiiiiiii  69696969696969696969696969696969
       103  ++++++++++++++++  2b2b2b2b2b2b2b2b2b2b2b2b2b2b2b2b
       101  ((((((((((((((((  28282828282828282828282828282828
        99  ................  ffffffffffffffffffffffffffffffff
        91  9999999999999999  39393939393939393939393939393939
# epoch 9250  H=7.7663 C=7.5582 HO=0.1421  A(t)=314
       520  ,,,,,,,,,,,,,,,,  2c2c2c2c2c2c2c2c2c2c2c2c2c2c2c2c
       514  [[[[[[[[[[[[[[[[  5b5b5b5b5b5b5b5b5b5b5b5b5b5b5b5b
       452  ]]]]]]]]]]]]]]]]  5d5d5d5d5d5d5d5d5d5d5d5d5d5d5d5d
       322  ................  2e2e2e2e2e2e2e2e2e2e2e2e2e2e2e2e
       213  ................  01010101010101010101010101010101
       159  \\\\\\\\\\\\\\\\  5c5c5c5c5c5c5c5c5c5c5c5c5c5c5c5c
       138  ^^^^^^^^^^^^^^^^  5e5e5e5e5e5e5e5e5e5e5e5e5e5e5e5e
       125  ................  ffffffffffffffffffffffffffffffff
       113  ................  8c8c8c8c8c8c8c8c8c8c8c8c8c8c8c8c
       113  ________________  5f5f5f5f5f5f5f5f5f5f5f5f5f5f5f5f
# epoch 9500  H=5.0978 C=0.8802 HO=4.3102  A(t)=314
     43156  \.[!....>.,..'}.  5cd45b21fb0e14a03ea12ca0a0277d9c
     42532  [!....>.,..'}.N.  5b21fb0e14a03ea12ca0a0277d9c4eef
     41919  .[!....>.,..'}.N  d45b21fb0e14a03ea12ca0a0277d9c4e
     40922  .\.[!....>.,..'}  d65cd45b21fb0e14a03ea12ca0a0277d
     40643  ....>.,..'}.N.8]  fb0e14a03ea12ca0a0277d9c4eef385d
     40629  !....>.,..'}.N.8  21fb0e14a03ea12ca0a0277d9c4eef38
     39827  ..\.[!....>.,..'  d6d65cd45b21fb0e14a03ea12ca0a027
     39208  .....\.[!....>.,  fe9fb3d6d65cd45b21fb0e14a03ea12c
     39180  ...\.[!....>.,..  b3d6d65cd45b21fb0e14a03ea12ca0a0
     39158  ......\.[!....>.  9dfe9fb3d6d65cd45b21fb0e14a03ea1
# epoch 9750  H=5.2156 C=0.9619 HO=4.3845  A(t)=314
     21495  .....\.[!....>.,  fe9fb3d6d65cd45b21fb0e14a03ea12c
     21495  ......\.[!....>.  9dfe9fb3d6d65cd45b21fb0e14a03ea1
     20718  \.[!....>.,..'}.  5cd45b21fb0e14a03ea12ca0a0277d9c
     20684  .\.[!....>.,..'}  d65cd45b21fb0e14a03ea12ca0a0277d
     19487  ....\.[!....>.,.  9fb3d6d65cd45b21fb0e14a03ea12ca0
     19050  ..\.[!....>.,..'  d6d65cd45b21fb0e14a03ea12ca0a027
     18852  ...\.[!....>.,..  b3d6d65cd45b21fb0e14a03ea12ca0a0
     18786  .[!....>.,..'}.N  d45b21fb0e14a03ea12ca0a0277d9c4e
     18512  [!....>.,..'}.N.  5b21fb0e14a03ea12ca0a0277d9c4eef
     17831  ....>.,..'}.N.8]  fb0e14a03ea12ca0a0277d9c4eef385d
# epoch 10000  H=5.3792 C=1.0135 HO=4.5444  A(t)=314
     11123  [!....>.,..'}.N.  5b21fb0e14a03ea12ca0a0277d9c4eef
     10740  .\.[!....>.,..'}  d65cd45b21fb0e14a03ea12ca0a0277d
     10482  ...>.,..'}.N.8].  0e14a03ea12ca0a0277d9c4eef385dff
     10481  \.[!....>.,..'}.  5cd45b21fb0e14a03ea12ca0a0277d9c
     10429  .....\.[!....>.,  fe9fb3d6d65cd45b21fb0e14a03ea12c
     10429  ......\.[!....>.  9dfe9fb3d6d65cd45b21fb0e14a03ea1
     10403  .[!....>.,..'}.N  d45b21fb0e14a03ea12ca0a0277d9c4e
      9924  ....\.[!....>.,.  9fb3d6d65cd45b21fb0e14a03ea12ca0
      9664  ....>.,..'}.N.8]  fb0e14a03ea12ca0a0277d9c4eef385d
      9547  .>.,..'}.N.8]...  a03ea12ca0a0277d9c4eef385dfffe01
# epoch 10250  H=5.4698 C=0.9325 HO=4.7440  A(t)=314
      5971  ...>.,..'}.N.8].  0e14a03ea12ca0a0277d9c4eef385dff
      5720  .>.,..'}.N.8]...  a03ea12ca0a0277d9c4eef385dfffe01
      5581  >.,..'}.N.8]....  3ea12ca0a0277d9c4eef385dfffe01ff
      5050  .\.[!....>.,..'}  d65cd45b21fb0e14a03ea12ca0a0277d
      4966  [!....>.,..'}.N.  5b21fb0e14a03ea12ca0a0277d9c4eef
      4884  ....>.,..'}.N.8]  fb0e14a03ea12ca0a0277d9c4eef385d
      4876  .[!....>.,..'}.N  d45b21fb0e14a03ea12ca0a0277d9c4e
      4547  \.[!....>.,..'}.  5cd45b21fb0e14a03ea12ca0a0277d9c
      4507  ..>.,..'}.N.8]..  14a03ea12ca0a0277d9c4eef385dfffe
      4299  .,..'}.N.8].....  a12ca0a0277d9c4eef385dfffe01ffff
# epoch 10500  H=5.6351 C=0.9228 HO=4.9781  A(t)=677
      3203  ...>.,..'}.N.8].  0e14a03ea12ca0a0277d9c4eef385dff
      3148  \.[!....>.,..'}.  5cd45b21fb0e14a03ea12ca0a0277d9c
      3054  .\.[!....>.,..'}  d65cd45b21fb0e14a03ea12ca0a0277d
      2750  .>.,..'}.N.8]...  a03ea12ca0a0277d9c4eef385dfffe01
      2704  .[!....>.,..'}.N  d45b21fb0e14a03ea12ca0a0277d9c4e
      2661  ..>.,..'}.N.8]..  14a03ea12ca0a0277d9c4eef385dfffe
      2637  ....>.,..'}.N.8]  fb0e14a03ea12ca0a0277d9c4eef385d
      2373  >.,..'}.N.8]....  3ea12ca0a0277d9c4eef385dfffe01ff
      2287  [!....>.,..'}.N.  5b21fb0e14a03ea12ca0a0277d9c4eef
      2226  .,..'}.N.8].....  a12ca0a0277d9c4eef385dfffe01ffff
# epoch 10750  H=5.7958 C=0.9079 HO=5.1574  A(t)=971
      2384  >.,..'}.N8.]....  3ea12ca0a0277d9c4e38c55dff1601ff
      2304  .,..'}.N8.].....  a12ca0a0277d9c4e38c55dff1601ffff
      2262  .[!....>.,..'}.N  a45b21fb0e14a03ea12ca0a0277d9c4e
      2217  ...>.,..'}.N.8].  0e14a03ea12ca0a0277d9c4eef385dff
      2205  ....>.,..'}.N8.]  fb0e14a03ea12ca0a0277d9c4e38c55d
      2205  ...>.,..'}.N8.].  0e14a03ea12ca0a0277d9c4e38c55dff
      2193  .>.,..'}.N8.]...  a03ea12ca0a0277d9c4e38c55dff1601
      2153  ..>.,..'}.N8.]..  14a03ea12ca0a0277d9c4e38c55dff16
      2150  [!....>.,..'}.N8  5b21fb0e14a03ea12ca0a0277d9c4e38
      2078  G\.[!....>.,..'}  475ca45b21fb0e14a03ea12ca0a0277d
# epoch 11000  H=5.9633 C=0.9301 HO=5.3165  A(t)=1352
      1396  ...>.,...}.N.8].  0ec6a03ea12c86a0ce7d9c4eef385d82
      1389  ..[!....>W,...}.  e8d45b21870e14a03e572ca0a3a87d9c
      1389  .[!....>W,...}.N  d45b21870e14a03e572ca0a3a87d9c4e
      1380  >.,..'}.N8.]....  3ea12ca0a0277d9c4e38c55dff1601ff
      1368  ..>.,...}.N.8]..  c6a03ea12c86a0ce7d9c4eef385d82fe
      1316  >W,...}.N.8]....  3e572ca0a3a87d9c4eef385dff1c01ff
      1276  ....>W,...}.N.8]  870e14a03e572ca0a3a87d9c4eef385d
      1265  [!....>W,...}.N.  5b21870e14a03e572ca0a3a87d9c4eef
      1264  !....>W,...}.N.8  21870e14a03e572ca0a3a87d9c4eef38
      1255  .>.,..L}...8]...  ec3ea12ca0a34c7d9caaef385dffb301
