# epoch 0  H=7.9999 C=8.0025 HO=-0.0001  A(t)=0
         1  .......j.&5.....  fffffcb0c9c7c56a18263512e4888ba9
         1  ....p.....Uaw!..  fffff02e70ddfc94b91c55617721d6fd
         1  ......_nj.e.....  ffffea97e2bc206e6a1e659d01fe7fda
         1  ....1...g1._...P  ffffe8df31ebffda6731815fa51dd050
         1  .....afGo...v..<  ffffd588ce6166476f14afaf76a9b93c
         1  ...J...rc].vcYM.  ffffbf4a818bf972635de57663594d0c
         1  .........v..v.m.  ffffb4b5eabefe96ae76fe0a76ec6def
         1  ..........$._.\)  ffffa7a5c6adbb7f9fc82481209f5c29
         1  ...r.....k.c....  ffffa672e51facf69c6b9863890af49d
         1  ...+.,.Jg...$P.q  ffff8f2b102cc64a67da1fe524501171
# epoch 250  H=7.9947 C=7.6377 HO=0.3461  A(t)=0
      1334  ................  ffffffffffffffffffffffffffffffff
      1231  [[[[[[[[[[[[[[[[  5b5b5b5b5b5b5b5b5b5b5b5b5b5b5b5b
       796  ,,,,,,,,,,,,,,,,  2c2c2c2c2c2c2c2c2c2c2c2c2c2c2c2c
       763  ................  01010101010101010101010101010101
       742  ................  02020202020202020202020202020202
       660  ................  f4f4f4f4f4f4f4f4f4f4f4f4f4f4f4f4
       588  ................  96969696969696969696969696969696
       539  >>>>>>>>>>>>>>>>  3e3e3e3e3e3e3e3e3e3e3e3e3e3e3e3e
       514  ................  87878787878787878787878787878787
       482  ????????????????  3f3f3f3f3f3f3f3f3f3f3f3f3f3f3f3f
# epoch 500  H=7.9835 C=7.4978 HO=0.4687  A(t)=0
      1531  ................  ffffffffffffffffffffffffffffffff
      1297  [[[[[[[[[[[[[[[[  5b5b5b5b5b5b5b5b5b5b5b5b5b5b5b5b
      1192  <<<<<<<<<<<<<<<<  3c3c3c3c3c3c3c3c3c3c3c3c3c3c3c3c
       909  ================  3d3d3d3d3d3d3d3d3d3d3d3d3d3d3d3d
       789  \\\\\\\\\\\\\\\\  5c5c5c5c5c5c5c5c5c5c5c5c5c5c5c5c
       762  ................  01010101010101010101010101010101
       671  >>>>>>>>>>>>>>>>  3e3e3e3e3e3e3e3e3e3e3e3e3e3e3e3e
       498  kkkkkkkkkkkkkkkk  6b6b6b6b6b6b6b6b6b6b6b6b6b6b6b6b
       476  ................  02020202020202020202020202020202
       441  ,,,,,,,,,,,,,,,,  2c2c2c2c2c2c2c2c2c2c2c2c2c2c2c2c
# epoch 750  H=7.9664 C=7.4383 HO=0.5093  A(t)=0
      2154  [[[[[[[[[[[[[[[[  5b5b5b5b5b5b5b5b5b5b5b5b5b5b5b5b
      1872  <<<<<<<<<<<<<<<<  3c3c3c3c3c3c3c3c3c3c3c3c3c3c3c3c
       952  ................  ffffffffffffffffffffffffffffffff
       817  ================  3d3d3d3d3d3d3d3d3d3d3d3d3d3d3d3d
       744  ................  01010101010101010101010101010101
       734  ;;;;;;;;;;;;;;;;  3b3b3b3b3b3b3b3b3b3b3b3b3b3b3b3b
       581  >>>>>>>>>>>>>>>>  3e3e3e3e3e3e3e3e3e3e3e3e3e3e3e3e
       570  ,,,,,,,,,,,,,,,,  2c2c2c2c2c2c2c2c2c2c2c2c2c2c2c2c
       559  8888888888888888  38383838383838383838383838383838
       555  ZZZZZZZZZZZZZZZZ  5a5a5a5a5a5a5a5a5a5a5a5a5a5a5a5a
# epoch 1000  H=7.9424 C=7.3957 HO=0.5160  A(t)=0
      2497  [[[[[[[[[[[[[[[[  5b5b5b5b5b5b5b5b5b5b5b5b5b5b5b5b
      1946  <<<<<<<<<<<<<<<<  3c3c3c3c3c3c3c3c3c3c3c3c3c3c3c3c
       969  ;;;;;;;;;;;;;;;;  3b3b3b3b3b3b3b3b3b3b3b3b3b3b3b3b
       810  >>>>>>>>>>>>>>>>  3e3e3e3e3e3e3e3e3e3e3e3e3e3e3e3e
       789  ,,,,,,,,,,,,,,,,  2c2c2c2c2c2c2c2c2c2c2c2c2c2c2c2c
       774  ................  01010101010101010101010101010101
       690  ================  3d3d3d3d3d3d3d3d3d3d3d3d3d3d3d3d
       614  ................  ffffffffffffffffffffffffffffffff
       458  ::::::::::::::::  3a3a3a3a3a3a3a3a3a3a3a3a3a3a3a3a
       436  ZZZZZZZZZZZZZZZZ  5a5a5a5a5a5a5a5a5a5a5a5a5a5a5a5a
# epoch 1250  H=7.9157 C=7.3611 HO=0.5134  A(t)=263
      2657  [[[[[[[[[[[[[[[[  5b5b5b5b5b5b5b5b5b5b5b5b5b5b5b5b
      2043  <<<<<<<<<<<<<<<<  3c3c3c3c3c3c3c3c3c3c3c3c3c3c3c3c
      1215  ================  3d3d3d3d3d3d3d3d3d3d3d3d3d3d3d3d
       953  >>>>>>>>>>>>>>>>  3e3e3e3e3e3e3e3e3e3e3e3e3e3e3e3e
       884  ,,,,,,,,,,,,,,,,  2c2c2c2c2c2c2c2c2c2c2c2c2c2c2c2c
       574  ;;;;;;;;;;;;;;;;  3b3b3b3b3b3b3b3b3b3b3b3b3b3b3b3b
       478  ................  01010101010101010101010101010101
       470  ................  ffffffffffffffffffffffffffffffff
       466  ::::::::::::::::  3a3a3a3a3a3a3a3a3a3a3a3a3a3a3a3a
       454  ????????????????  3f3f3f3f3f3f3f3f3f3f3f3f3f3f3f3f
# epoch 1500  H=7.8866 C=7.3361 HO=0.4983  A(t)=276
      2561  <<<<<<<<<<<<<<<<  3c3c3c3c3c3c3c3c3c3c3c3c3c3c3c3c
      2388  [[[[[[[[[[[[[[[[  5b5b5b5b5b5b5b5b5b5b5b5b5b5b5b5b
      1199  ================  3d3d3d3d3d3d3d3d3d3d3d3d3d3d3d3d
       813  ;;;;;;;;;;;;;;;;  3b3b3b3b3b3b3b3b3b3b3b3b3b3b3b3b
       801  >>>>>>>>>>>>>>>>  3e3e3e3e3e3e3e3e3e3e3e3e3e3e3e3e
       678  ,,,,,,,,,,,,,,,,  2c2c2c2c2c2c2c2c2c2c2c2c2c2c2c2c
       662  ::::::::::::::::  3a3a3a3a3a3a3a3a3a3a3a3a3a3a3a3a
       454  \\\\\\\\\\\\\\\\  5c5c5c5c5c5c5c5c5c5c5c5c5c5c5c5c
       408  ................  ffffffffffffffffffffffffffffffff
       400  ????????????????  3f3f3f3f3f3f3f3f3f3f3f3f3f3f3f3f
# epoch 1750  H=7.8517 C=7.2797 HO=0.5137  A(t)=288
      3023  <<<<<<<<<<<<<<<<  3c3c3c3c3c3c3c3c3c3c3c3c3c3c3c3c
      2214  [[[[[[[[[[[[[[[[  5b5b5b5b5b5b5b5b5b5b5b5b5b5b5b5b
      1513  ;;;;;;;;;;;;;;;;  3b3b3b3b3b3b3b3b3b3b3b3b3b3b3b3b
      1023  ,,,,,,,,,,,,,,,,  2c2c2c2c2c2c2c2c2c2c2c2c2c2c2c2c
       790  >>>>>>>>>>>>>>>>  3e3e3e3e3e3e3e3e3e3e3e3e3e3e3e3e
       788  ================  3d3d3d3d3d3d3d3d3d3d3d3d3d3d3d3d
       552  \\\\\\\\\\\\\\\\  5c5c5c5c5c5c5c5c5c5c5c5c5c5c5c5c
       477  ::::::::::::::::  3a3a3a3a3a3a3a3a3a3a3a3a3a3a3a3a
       452  ................  ffffffffffffffffffffffffffffffff
       396  ????????????????  3f3f3f3f3f3f3f3f3f3f3f3f3f3f3f3f
# epoch 2000  H=7.8143 C=7.2703 HO=0.4782  A(t)=304
      2726  <<<<<<<<<<<<<<<<  3c3c3c3c3c3c3c3c3c3c3c3c3c3c3c3c
      2056  [[[[[[[[[[[[[[[[  5b5b5b5b5b5b5b5b5b5b5b5b5b5b5b5b
      1091  ,,,,,,,,,,,,,,,,  2c2c2c2c2c2c2c2c2c2c2c2c2c2c2c2c
       948  ;;;;;;;;;;;;;;;;  3b3b3b3b3b3b3b3b3b3b3b3b3b3b3b3b
       843  ================  3d3d3d3d3d3d3d3d3d3d3d3d3d3d3d3d
       779  >>>>>>>>>>>>>>>>  3e3e3e3e3e3e3e3e3e3e3e3e3e3e3e3e
       490  ????????????????  3f3f3f3f3f3f3f3f3f3f3f3f3f3f3f3f
       467  ................  ffffffffffffffffffffffffffffffff
       429  ................  c8c8c8c8c8c8c8c8c8c8c8c8c8c8c8c8
       422  ................  01010101010101010101010101010101
# epoch 2250  H=7.7797 C=7.2632 HO=0.4366  A(t)=313
      2817  <<<<<<<<<<<<<<<<  3c3c3c3c3c3c3c3c3c3c3c3c3c3c3c3c
      1815  [[[[[[[[[[[[[[[[  5b5b5b5b5b5b5b5b5b5b5b5b5b5b5b5b
      1102  ;;;;;;;;;;;;;;;;  3b3b3b3b3b3b3b3b3b3b3b3b3b3b3b3b
       630  >>>>>>>>>>>>>>>>  3e3e3e3e3e3e3e3e3e3e3e3e3e3e3e3e
       628  ================  3d3d3d3d3d3d3d3d3d3d3d3d3d3d3d3d
       594  ,,,,,,,,,,,,,,,,  2c2c2c2c2c2c2c2c2c2c2c2c2c2c2c2c
       397  ................  01010101010101010101010101010101
       389  ::::::::::::::::  3a3a3a3a3a3a3a3a3a3a3a3a3a3a3a3a
       329  \\\\\\\\\\\\\\\\  5c5c5c5c5c5c5c5c5c5c5c5c5c5c5c5c
       321  zzzzzzzzzzzzzzzz  7a7a7a7a7a7a7a7a7a7a7a7a7a7a7a7a
# epoch 2500  H=7.7427 C=7.2560 HO=0.4059  A(t)=316
      2067  <<<<<<<<<<<<<<<<  3c3c3c3c3c3c3c3c3c3c3c3c3c3c3c3c
      1560  [[[[[[[[[[[[[[[[  5b5b5b5b5b5b5b5b5b5b5b5b5b5b5b5b
      1025  ;;;;;;;;;;;;;;;;  3b3b3b3b3b3b3b3b3b3b3b3b3b3b3b3b
       720  ,,,,,,,,,,,,,,,,  2c2c2c2c2c2c2c2c2c2c2c2c2c2c2c2c
       660  >>>>>>>>>>>>>>>>  3e3e3e3e3e3e3e3e3e3e3e3e3e3e3e3e
       543  ================  3d3d3d3d3d3d3d3d3d3d3d3d3d3d3d3d
       438  ::::::::::::::::  3a3a3a3a3a3a3a3a3a3a3a3a3a3a3a3a
       369  ................  ffffffffffffffffffffffffffffffff
       332  9999999999999999  39393939393939393939393939393939
       308  ????????????????  3f3f3f3f3f3f3f3f3f3f3f3f3f3f3f3f
# epoch 2750  H=7.7160 C=7.2647 HO=0.3718  A(t)=324
      1719  <<<<<<<<<<<<<<<<  3c3c3c3c3c3c3c3c3c3c3c3c3c3c3c3c
      1038  [[[[[[[[[[[[[[[[  5b5b5b5b5b5b5b5b5b5b5b5b5b5b5b5b
       786  ;;;;;;;;;;;;;;;;  3b3b3b3b3b3b3b3b3b3b3b3b3b3b3b3b
       680  ================  3d3d3d3d3d3d3d3d3d3d3d3d3d3d3d3d
       554  ,,,,,,,,,,,,,,,,  2c2c2c2c2c2c2c2c2c2c2c2c2c2c2c2c
       499  >>>>>>>>>>>>>>>>  3e3e3e3e3e3e3e3e3e3e3e3e3e3e3e3e
       361  ::::::::::::::::  3a3a3a3a3a3a3a3a3a3a3a3a3a3a3a3a
       282  @@@@@@@@@@@@@@@@  40404040404040404040404040404040
       280  zzzzzzzzzzzzzzzz  7a7a7a7a7a7a7a7a7a7a7a7a7a7a7a7a
       271  7777777777777777  37373737373737373737373737373737
# epoch 3000  H=7.6872 C=7.2740 HO=0.3381  A(t)=325
      1651  <<<<<<<<<<<<<<<<  3c3c3c3c3c3c3c3c3c3c3c3c3c3c3c3c
      1275  [[[[[[[[[[[[[[[[  5b5b5b5b5b5b5b5b5b5b5b5b5b5b5b5b
       912  ================  3d3d3d3d3d3d3d3d3d3d3d3d3d3d3d3d
       818  ;;;;;;;;;;;;;;;;  3b3b3b3b3b3b3b3b3b3b3b3b3b3b3b3b
       625  ,,,,,,,,,,,,,,,,  2c2c2c2c2c2c2c2c2c2c2c2c2c2c2c2c
       457  >>>>>>>>>>>>>>>>  3e3e3e3e3e3e3e3e3e3e3e3e3e3e3e3e
       404  ::::::::::::::::  3a3a3a3a3a3a3a3a3a3a3a3a3a3a3a3a
       325  ????????????????  3f3f3f3f3f3f3f3f3f3f3f3f3f3f3f3f
       280  9999999999999999  39393939393939393939393939393939
       240  @@@@@@@@@@@@@@@@  40404040404040404040404040404040
# epoch 3250  H=7.6696 C=7.2942 HO=0.3050  A(t)=327
      1498  <<<<<<<<<<<<<<<<  3c3c3c3c3c3c3c3c3c3c3c3c3c3c3c3c
       968  [[[[[[[[[[[[[[[[  5b5b5b5b5b5b5b5b5b5b5b5b5b5b5b5b
       636  ;;;;;;;;;;;;;;;;  3b3b3b3b3b3b3b3b3b3b3b3b3b3b3b3b
       503  ================  3d3d3d3d3d3d3d3d3d3d3d3d3d3d3d3d
       431  >>>>>>>>>>>>>>>>  3e3e3e3e3e3e3e3e3e3e3e3e3e3e3e3e
       415  {{{{{{{{{{{{{{{{  7b7b7b7b7b7b7b7b7b7b7b7b7b7b7b7b
       411  ,,,,,,,,,,,,,,,,  2c2c2c2c2c2c2c2c2c2c2c2c2c2c2c2c
       292  ::::::::::::::::  3a3a3a3a3a3a3a3a3a3a3a3a3a3a3a3a
       205  ................  eeeeeeeeeeeeeeeeeeeeeeeeeeeeeeee
       205  9999999999999999  39393939393939393939393939393939
# epoch 3500  H=7.6541 C=7.3149 HO=0.2670  A(t)=330
      1204  <<<<<<<<<<<<<<<<  3c3c3c3c3c3c3c3c3c3c3c3c3c3c3c3c
       705  [[[[[[[[[[[[[[[[  5b5b5b5b5b5b5b5b5b5b5b5b5b5b5b5b
       519  ================  3d3d3d3d3d3d3d3d3d3d3d3d3d3d3d3d
       506  >>>>>>>>>>>>>>>>  3e3e3e3e3e3e3e3e3e3e3e3e3e3e3e3e
       484  ,,,,,,,,,,,,,,,,  2c2c2c2c2c2c2c2c2c2c2c2c2c2c2c2c
       445  ;;;;;;;;;;;;;;;;  3b3b3b3b3b3b3b3b3b3b3b3b3b3b3b3b
       228  zzzzzzzzzzzzzzzz  7a7a7a7a7a7a7a7a7a7a7a7a7a7a7a7a
       228  ::::::::::::::::  3a3a3a3a3a3a3a3a3a3a3a3a3a3a3a3a
       224  ????????????????  3f3f3f3f3f3f3f3f3f3f3f3f3f3f3f3f
       205  ................  2e2e2e2e2e2e2e2e2e2e2e2e2e2e2e2e
# epoch 3750  H=7.6437 C=7.3410 HO=0.2307  A(t)=330
      1068  <<<<<<<<<<<<<<<<  3c3c3c3c3c3c3c3c3c3c3c3c3c3c3c3c
       668  ================  3d3d3d3d3d3d3d3d3d3d3d3d3d3d3d3d
       619  ,,,,,,,,,,,,,,,,  2c2c2c2c2c2c2c2c2c2c2c2c2c2c2c2c
       610  [[[[[[[[[[[[[[[[  5b5b5b5b5b5b5b5b5b5b5b5b5b5b5b5b
       324  >>>>>>>>>>>>>>>>  3e3e3e3e3e3e3e3e3e3e3e3e3e3e3e3e
       300  ::::::::::::::::  3a3a3a3a3a3a3a3a3a3a3a3a3a3a3a3a
       294  ;;;;;;;;;;;;;;;;  3b3b3b3b3b3b3b3b3b3b3b3b3b3b3b3b
       182  ////////////////  2f2f2f2f2f2f2f2f2f2f2f2f2f2f2f2f
       166  {{{{{{{{{{{{{{{{  7b7b7b7b7b7b7b7b7b7b7b7b7b7b7b7b
       166  ????????????????  3f3f3f3f3f3f3f3f3f3f3f3f3f3f3f3f
# epoch 4000  H=7.6374 C=7.3414 HO=0.2270  A(t)=331
       951  <<<<<<<<<<<<<<<<  3c3c3c3c3c3c3c3c3c3c3c3c3c3c3c3c
       749  ,,,,,,,,,,,,,,,,  2c2c2c2c2c2c2c2c2c2c2c2c2c2c2c2c
       743  ================  3d3d3d3d3d3d3d3d3d3d3d3d3d3d3d3d
       725  [[[[[[[[[[[[[[[[  5b5b5b5b5b5b5b5b5b5b5b5b5b5b5b5b
       522  ;;;;;;;;;;;;;;;;  3b3b3b3b3b3b3b3b3b3b3b3b3b3b3b3b
       347  ::::::::::::::::  3a3a3a3a3a3a3a3a3a3a3a3a3a3a3a3a
       307  >>>>>>>>>>>>>>>>  3e3e3e3e3e3e3e3e3e3e3e3e3e3e3e3e
       257  {{{{{{{{{{{{{{{{  7b7b7b7b7b7b7b7b7b7b7b7b7b7b7b7b
       247  ????????????????  3f3f3f3f3f3f3f3f3f3f3f3f3f3f3f3f
       226  ////////////////  2f2f2f2f2f2f2f2f2f2f2f2f2f2f2f2f
# epoch 4250  H=7.6272 C=7.3448 HO=0.2180  A(t)=331
      1220  <<<<<<<<<<<<<<<<  3c3c3c3c3c3c3c3c3c3c3c3c3c3c3c3c
       696  [[[[[[[[[[[[[[[[  5b5b5b5b5b5b5b5b5b5b5b5b5b5b5b5b
       615  ;;;;;;;;;;;;;;;;  3b3b3b3b3b3b3b3b3b3b3b3b3b3b3b3b
       557  ================  3d3d3d3d3d3d3d3d3d3d3d3d3d3d3d3d
       419  ,,,,,,,,,,,,,,,,  2c2c2c2c2c2c2c2c2c2c2c2c2c2c2c2c
       367  9999999999999999  39393939393939393939393939393939
       341  {{{{{{{{{{{{{{{{  7b7b7b7b7b7b7b7b7b7b7b7b7b7b7b7b
       340  ::::::::::::::::  3a3a3a3a3a3a3a3a3a3a3a3a3a3a3a3a
       304  >>>>>>>>>>>>>>>>  3e3e3e3e3e3e3e3e3e3e3e3e3e3e3e3e
       237  zzzzzzzzzzzzzzzz  7a7a7a7a7a7a7a7a7a7a7a7a7a7a7a7a
# epoch 4500  H=7.6233 C=7.3568 HO=0.2029  A(t)=331
       949  [[[[[[[[[[[[[[[[  5b5b5b5b5b5b5b5b5b5b5b5b5b5b5b5b
       872  <<<<<<<<<<<<<<<<  3c3c3c3c3c3c3c3c3c3c3c3c3c3c3c3c
       496  ================  3d3d3d3d3d3d3d3d3d3d3d3d3d3d3d3d
       473  ;;;;;;;;;;;;;;;;  3b3b3b3b3b3b3b3b3b3b3b3b3b3b3b3b
       291  ::::::::::::::::  3a3a3a3a3a3a3a3a3a3a3a3a3a3a3a3a
       288  >>>>>>>>>>>>>>>>  3e3e3e3e3e3e3e3e3e3e3e3e3e3e3e3e
       269  ||||||||||||||||  7c7c7c7c7c7c7c7c7c7c7c7c7c7c7c7c
       251  ,,,,,,,,,,,,,,,,  2c2c2c2c2c2c2c2c2c2c2c2c2c2c2c2c
       206  ................  2e2e2e2e2e2e2e2e2e2e2e2e2e2e2e2e
       201  AAAAAAAAAAAAAAAA  41414141414141414141414141414141
# epoch 4750  H=7.6174 C=7.3678 HO=0.1901  A(t)=331
       729  <<<<<<<<<<<<<<<<  3c3c3c3c3c3c3c3c3c3c3c3c3c3c3c3c
       708  [[[[[[[[[[[[[[[[  5b5b5b5b5b5b5b5b5b5b5b5b5b5b5b5b
       538  ;;;;;;;;;;;;;;;;  3b3b3b3b3b3b3b3b3b3b3b3b3b3b3b3b
       495  ================  3d3d3d3d3d3d3d3d3d3d3d3d3d3d3d3d
       365  ,,,,,,,,,,,,,,,,  2c2c2c2c2c2c2c2c2c2c2c2c2c2c2c2c
       285  >>>>>>>>>>>>>>>>  3e3e3e3e3e3e3e3e3e3e3e3e3e3e3e3e
       277  7777777777777777  37373737373737373737373737373737
       210  zzzzzzzzzzzzzzzz  7a7a7a7a7a7a7a7a7a7a7a7a7a7a7a7a
       196  {{{{{{{{{{{{{{{{  7b7b7b7b7b7b7b7b7b7b7b7b7b7b7b7b
       186  &&&&&&&&&&&&&&&&  26262626262626262626262626262626
# epoch 5000  H=7.6041 C=7.3600 HO=0.1921  A(t)=331
       698  <<<<<<<<<<<<<<<<  3c3c3c3c3c3c3c3c3c3c3c3c3c3c3c3c
       629  ================  3d3d3d3d3d3d3d3d3d3d3d3d3d3d3d3d
       616  [[[[[[[[[[[[[[[[  5b5b5b5b5b5b5b5b5b5b5b5b5b5b5b5b
       510  ;;;;;;;;;;;;;;;;  3b3b3b3b3b3b3b3b3b3b3b3b3b3b3b3b
       395  ,,,,,,,,,,,,,,,,  2c2c2c2c2c2c2c2c2c2c2c2c2c2c2c2c
       393  ................  00000000000000000000000000000000
       263  7777777777777777  37373737373737373737373737373737
       259  ::::::::::::::::  3a3a3a3a3a3a3a3a3a3a3a3a3a3a3a3a
       244  >>>>>>>>>>>>>>>>  3e3e3e3e3e3e3e3e3e3e3e3e3e3e3e3e
       168  ................  ffffffffffffffffffffffffffffffff
# epoch 5250  H=7.5978 C=7.3438 HO=0.2025  A(t)=332
      2444  ................  00000000000000000000000000000000
      1203  <<<<<<<<<<<<<<<<  3c3c3c3c3c3c3c3c3c3c3c3c3c3c3c3c
       709  ================  3d3d3d3d3d3d3d3d3d3d3d3d3d3d3d3d
       575  ,,,,,,,,,,,,,,,,  2c2c2c2c2c2c2c2c2c2c2c2c2c2c2c2c
       427  [[[[[[[[[[[[[[[[  5b5b5b5b5b5b5b5b5b5b5b5b5b5b5b5b
       361  ;;;;;;;;;;;;;;;;  3b3b3b3b3b3b3b3b3b3b3b3b3b3b3b3b
       254  7777777777777777  37373737373737373737373737373737
       234  >>>>>>>>>>>>>>>>  3e3e3e3e3e3e3e3e3e3e3e3e3e3e3e3e
       220  yyyyyyyyyyyyyyyy  79797979797979797979797979797979
       180  8888888888888888  38383838383838383838383838383838
# epoch 5500  H=7.5943 C=7.3408 HO=0.2047  A(t)=332
       949  <<<<<<<<<<<<<<<<  3c3c3c3c3c3c3c3c3c3c3c3c3c3c3c3c
       708  [[[[[[[[[[[[[[[[  5b5b5b5b5b5b5b5b5b5b5b5b5b5b5b5b
       606  ................  00000000000000000000000000000000
       457  ,,,,,,,,,,,,,,,,  2c2c2c2c2c2c2c2c2c2c2c2c2c2c2c2c
       422  ;;;;;;;;;;;;;;;;  3b3b3b3b3b3b3b3b3b3b3b3b3b3b3b3b
       329  ::::::::::::::::  3a3a3a3a3a3a3a3a3a3a3a3a3a3a3a3a
       315  ================  3d3d3d3d3d3d3d3d3d3d3d3d3d3d3d3d
       295  >>>>>>>>>>>>>>>>  3e3e3e3e3e3e3e3e3e3e3e3e3e3e3e3e
       237  {{{{{{{{{{{{{{{{  7b7b7b7b7b7b7b7b7b7b7b7b7b7b7b7b
       232  7777777777777777  37373737373737373737373737373737
# epoch 5750  H=7.5879 C=7.3402 HO=0.1947  A(t)=333
       761  <<<<<<<<<<<<<<<<  3c3c3c3c3c3c3c3c3c3c3c3c3c3c3c3c
       721  ................  00000000000000000000000000000000
       436  ,,,,,,,,,,,,,,,,  2c2c2c2c2c2c2c2c2c2c2c2c2c2c2c2c
       418  [[[[[[[[[[[[[[[[  5b5b5b5b5b5b5b5b5b5b5b5b5b5b5b5b
       417  ;;;;;;;;;;;;;;;;  3b3b3b3b3b3b3b3b3b3b3b3b3b3b3b3b
       369  ================  3d3d3d3d3d3d3d3d3d3d3d3d3d3d3d3d
       249  ::::::::::::::::  3a3a3a3a3a3a3a3a3a3a3a3a3a3a3a3a
       172  {{{{{{{{{{{{{{{{  7b7b7b7b7b7b7b7b7b7b7b7b7b7b7b7b
       169  ||||||||||||||||  7c7c7c7c7c7c7c7c7c7c7c7c7c7c7c7c
       151  ????????????????  3f3f3f3f3f3f3f3f3f3f3f3f3f3f3f3f
# epoch 6000  H=7.5790 C=7.3296 HO=0.1994  A(t)=334
       800  <<<<<<<<<<<<<<<<  3c3c3c3c3c3c3c3c3c3c3c3c3c3c3c3c
       770  ,,,,,,,,,,,,,,,,  2c2c2c2c2c2c2c2c2c2c2c2c2c2c2c2c
       642  [[[[[[[[[[[[[[[[  5b5b5b5b5b5b5b5b5b5b5b5b5b5b5b5b
       581  ================  3d3d3d3d3d3d3d3d3d3d3d3d3d3d3d3d
       480  ;;;;;;;;;;;;;;;;  3b3b3b3b3b3b3b3b3b3b3b3b3b3b3b3b
       266  ::::::::::::::::  3a3a3a3a3a3a3a3a3a3a3a3a3a3a3a3a
       263  >>>>>>>>>>>>>>>>  3e3e3e3e3e3e3e3e3e3e3e3e3e3e3e3e
       219  9999999999999999  39393939393939393939393939393939
       171  ZZZZZZZZZZZZZZZZ  5a5a5a5a5a5a5a5a5a5a5a5a5a5a5a5a
       168  ????????????????  3f3f3f3f3f3f3f3f3f3f3f3f3f3f3f3f
# epoch 6250  H=7.5695 C=7.3227 HO=0.1987  A(t)=335
      1092  <<<<<<<<<<<<<<<<  3c3c3c3c3c3c3c3c3c3c3c3c3c3c3c3c
       769  ,,,,,,,,,,,,,,,,  2c2c2c2c2c2c2c2c2c2c2c2c2c2c2c2c
       630  ;;;;;;;;;;;;;;;;  3b3b3b3b3b3b3b3b3b3b3b3b3b3b3b3b
       587  [[[[[[[[[[[[[[[[  5b5b5b5b5b5b5b5b5b5b5b5b5b5b5b5b
       581  ================  3d3d3d3d3d3d3d3d3d3d3d3d3d3d3d3d
       378  ::::::::::::::::  3a3a3a3a3a3a3a3a3a3a3a3a3a3a3a3a
       235  ????????????????  3f3f3f3f3f3f3f3f3f3f3f3f3f3f3f3f
       209  8888888888888888  38383838383838383838383838383838
       205  >>>>>>>>>>>>>>>>  3e3e3e3e3e3e3e3e3e3e3e3e3e3e3e3e
       199  9999999999999999  39393939393939393939393939393939
# epoch 6500  H=7.5722 C=7.3208 HO=0.2032  A(t)=337
       725  <<<<<<<<<<<<<<<<  3c3c3c3c3c3c3c3c3c3c3c3c3c3c3c3c
       721  ;;;;;;;;;;;;;;;;  3b3b3b3b3b3b3b3b3b3b3b3b3b3b3b3b
       716  [[[[[[[[[[[[[[[[  5b5b5b5b5b5b5b5b5b5b5b5b5b5b5b5b
       570  ================  3d3d3d3d3d3d3d3d3d3d3d3d3d3d3d3d
       544  ,,,,,,,,,,,,,,,,  2c2c2c2c2c2c2c2c2c2c2c2c2c2c2c2c
       347  ::::::::::::::::  3a3a3a3a3a3a3a3a3a3a3a3a3a3a3a3a
       291  ????????????????  3f3f3f3f3f3f3f3f3f3f3f3f3f3f3f3f
       217  >>>>>>>>>>>>>>>>  3e3e3e3e3e3e3e3e3e3e3e3e3e3e3e3e
       205  \\\\\\\\\\\\\\\\  5c5c5c5c5c5c5c5c5c5c5c5c5c5c5c5c
       189  ////////////////  2f2f2f2f2f2f2f2f2f2f2f2f2f2f2f2f
# epoch 6750  H=7.5748 C=7.3203 HO=0.2122  A(t)=337
      1045  <<<<<<<<<<<<<<<<  3c3c3c3c3c3c3c3c3c3c3c3c3c3c3c3c
       696  ;;;;;;;;;;;;;;;;  3b3b3b3b3b3b3b3b3b3b3b3b3b3b3b3b
       682  ,,,,,,,,,,,,,,,,  2c2c2c2c2c2c2c2c2c2c2c2c2c2c2c2c
       638  %%%%%%%%%%%%%%%%  25252525252525252525252525252525
       574  [[[[[[[[[[[[[[[[  5b5b5b5b5b5b5b5b5b5b5b5b5b5b5b5b
       555  ================  3d3d3d3d3d3d3d3d3d3d3d3d3d3d3d3d
       471  ::::::::::::::::  3a3a3a3a3a3a3a3a3a3a3a3a3a3a3a3a
       223  8888888888888888  38383838383838383838383838383838
       221  @@@@@@@@@@@@@@@@  40404040404040404040404040404040
       210  >>>>>>>>>>>>>>>>  3e3e3e3e3e3e3e3e3e3e3e3e3e3e3e3e
# epoch 7000  H=7.5679 C=7.3194 HO=0.2043  A(t)=337
      1091  <<<<<<<<<<<<<<<<  3c3c3c3c3c3c3c3c3c3c3c3c3c3c3c3c
       527  [[[[[[[[[[[[[[[[  5b5b5b5b5b5b5b5b5b5b5b5b5b5b5b5b
       514  ,,,,,,,,,,,,,,,,  2c2c2c2c2c2c2c2c2c2c2c2c2c2c2c2c
       480  ;;;;;;;;;;;;;;;;  3b3b3b3b3b3b3b3b3b3b3b3b3b3b3b3b
       382  %%%%%%%%%%%%%%%%  25252525252525252525252525252525
       320  ================  3d3d3d3d3d3d3d3d3d3d3d3d3d3d3d3d
       315  >>>>>>>>>>>>>>>>  3e3e3e3e3e3e3e3e3e3e3e3e3e3e3e3e
       258  9999999999999999  39393939393939393939393939393939
       254  8888888888888888  38383838383838383838383838383838
       190  6666666666666666  36363636363636363636363636363636
# epoch 7250  H=7.5704 C=7.3044 HO=0.2207  A(t)=337
       772  <<<<<<<<<<<<<<<<  3c3c3c3c3c3c3c3c3c3c3c3c3c3c3c3c
       744  ;;;;;;;;;;;;;;;;  3b3b3b3b3b3b3b3b3b3b3b3b3b3b3b3b
       635  [[[[[[[[[[[[[[[[  5b5b5b5b5b5b5b5b5b5b5b5b5b5b5b5b
       584  ================  3d3d3d3d3d3d3d3d3d3d3d3d3d3d3d3d
       493  ,,,,,,,,,,,,,,,,  2c2c2c2c2c2c2c2c2c2c2c2c2c2c2c2c
       359  9999999999999999  39393939393939393939393939393939
       334  ????????????????  3f3f3f3f3f3f3f3f3f3f3f3f3f3f3f3f
       267  ::::::::::::::::  3a3a3a3a3a3a3a3a3a3a3a3a3a3a3a3a
       259  8888888888888888  38383838383838383838383838383838
       214  >>>>>>>>>>>>>>>>  3e3e3e3e3e3e3e3e3e3e3e3e3e3e3e3e
# epoch 7500  H=7.5727 C=7.3132 HO=0.2122  A(t)=338
       671  ,,,,,,,,,,,,,,,,  2c2c2c2c2c2c2c2c2c2c2c2c2c2c2c2c
       585  <<<<<<<<<<<<<<<<  3c3c3c3c3c3c3c3c3c3c3c3c3c3c3c3c
       548  ================  3d3d3d3d3d3d3d3d3d3d3d3d3d3d3d3d
       530  ;;;;;;;;;;;;;;;;  3b3b3b3b3b3b3b3b3b3b3b3b3b3b3b3b
       345  ::::::::::::::::  3a3a3a3a3a3a3a3a3a3a3a3a3a3a3a3a
       342  [[[[[[[[[[[[[[[[  5b5b5b5b5b5b5b5b5b5b5b5b5b5b5b5b
       278  ????????????????  3f3f3f3f3f3f3f3f3f3f3f3f3f3f3f3f
       269  ................  2e2e2e2e2e2e2e2e2e2e2e2e2e2e2e2e
       266  1111111111111111  31313131313131313131313131313131
       238  ................  fcfcfcfcfcfcfcfcfcfcfcfcfcfcfcfc
# epoch 7750  H=7.5710 C=7.3089 HO=0.2163  A(t)=338
       846  <<<<<<<<<<<<<<<<  3c3c3c3c3c3c3c3c3c3c3c3c3c3c3c3c
       814  ,,,,,,,,,,,,,,,,  2c2c2c2c2c2c2c2c2c2c2c2c2c2c2c2c
       762  [[[[[[[[[[[[[[[[  5b5b5b5b5b5b5b5b5b5b5b5b5b5b5b5b
       658  ;;;;;;;;;;;;;;;;  3b3b3b3b3b3b3b3b3b3b3b3b3b3b3b3b
       527  ================  3d3d3d3d3d3d3d3d3d3d3d3d3d3d3d3d
       481  >>>>>>>>>>>>>>>>  3e3e3e3e3e3e3e3e3e3e3e3e3e3e3e3e
       373  ????????????????  3f3f3f3f3f3f3f3f3f3f3f3f3f3f3f3f
       307  ::::::::::::::::  3a3a3a3a3a3a3a3a3a3a3a3a3a3a3a3a
       266  ................  00000000000000000000000000000000
       250  9999999999999999  39393939393939393939393939393939
# epoch 8000  H=7.5675 C=7.3008 HO=0.2200  A(t)=338
       765  <<<<<<<<<<<<<<<<  3c3c3c3c3c3c3c3c3c3c3c3c3c3c3c3c
       740  ,,,,,,,,,,,,,,,,  2c2c2c2c2c2c2c2c2c2c2c2c2c2c2c2c
       663  ;;;;;;;;;;;;;;;;  3b3b3b3b3b3b3b3b3b3b3b3b3b3b3b3b
       635  ================  3d3d3d3d3d3d3d3d3d3d3d3d3d3d3d3d
       547  ::::::::::::::::  3a3a3a3a3a3a3a3a3a3a3a3a3a3a3a3a
       508  [[[[[[[[[[[[[[[[  5b5b5b5b5b5b5b5b5b5b5b5b5b5b5b5b
       296  >>>>>>>>>>>>>>>>  3e3e3e3e3e3e3e3e3e3e3e3e3e3e3e3e
       272  9999999999999999  39393939393939393939393939393939
       262  CCCCCCCCCCCCCCCC  43434343434343434343434343434343
       240  @@@@@@@@@@@@@@@@  40404040404040404040404040404040
# epoch 8250  H=7.5669 C=7.2934 HO=0.2293  A(t)=338
       857  <<<<<<<<<<<<<<<<  3c3c3c3c3c3c3c3c3c3c3c3c3c3c3c3c
       701  ,,,,,,,,,,,,,,,,  2c2c2c2c2c2c2c2c2c2c2c2c2c2c2c2c
       635  ;;;;;;;;;;;;;;;;  3b3b3b3b3b3b3b3b3b3b3b3b3b3b3b3b
       607  [[[[[[[[[[[[[[[[  5b5b5b5b5b5b5b5b5b5b5b5b5b5b5b5b
       518  ::::::::::::::::  3a3a3a3a3a3a3a3a3a3a3a3a3a3a3a3a
       366  ================  3d3d3d3d3d3d3d3d3d3d3d3d3d3d3d3d
       347  ????????????????  3f3f3f3f3f3f3f3f3f3f3f3f3f3f3f3f
       338  9999999999999999  39393939393939393939393939393939
       281  >>>>>>>>>>>>>>>>  3e3e3e3e3e3e3e3e3e3e3e3e3e3e3e3e
       253  8888888888888888  38383838383838383838383838383838
# epoch 8500  H=7.5531 C=7.2820 HO=0.2268  A(t)=339
      1185  <<<<<<<<<<<<<<<<  3c3c3c3c3c3c3c3c3c3c3c3c3c3c3c3c
       969  [[[[[[[[[[[[[[[[  5b5b5b5b5b5b5b5b5b5b5b5b5b5b5b5b
       645  ;;;;;;;;;;;;;;;;  3b3b3b3b3b3b3b3b3b3b3b3b3b3b3b3b
       620  ================  3d3d3d3d3d3d3d3d3d3d3d3d3d3d3d3d
       607  ,,,,,,,,,,,,,,,,  2c2c2c2c2c2c2c2c2c2c2c2c2c2c2c2c
       377  ::::::::::::::::  3a3a3a3a3a3a3a3a3a3a3a3a3a3a3a3a
       335  @@@@@@@@@@@@@@@@  40404040404040404040404040404040
       286  >>>>>>>>>>>>>>>>  3e3e3e3e3e3e3e3e3e3e3e3e3e3e3e3e
       261  ................  02020202020202020202020202020202
       250  ????????????????  3f3f3f3f3f3f3f3f3f3f3f3f3f3f3f3f
# epoch 8750  H=7.5454 C=7.2683 HO=0.2306  A(t)=341
       965  <<<<<<<<<<<<<<<<  3c3c3c3c3c3c3c3c3c3c3c3c3c3c3c3c
       753  ;;;;;;;;;;;;;;;;  3b3b3b3b3b3b3b3b3b3b3b3b3b3b3b3b
       616  ,,,,,,,,,,,,,,,,  2c2c2c2c2c2c2c2c2c2c2c2c2c2c2c2c
       609  ================  3d3d3d3d3d3d3d3d3d3d3d3d3d3d3d3d
       604  [[[[[[[[[[[[[[[[  5b5b5b5b5b5b5b5b5b5b5b5b5b5b5b5b
       351  ::::::::::::::::  3a3a3a3a3a3a3a3a3a3a3a3a3a3a3a3a
       349  ????????????????  3f3f3f3f3f3f3f3f3f3f3f3f3f3f3f3f
       324  9999999999999999  39393939393939393939393939393939
       263  >>>>>>>>>>>>>>>>  3e3e3e3e3e3e3e3e3e3e3e3e3e3e3e3e
       221  AAAAAAAAAAAAAAAA  41414141414141414141414141414141
# epoch 9000  H=7.5390 C=7.2687 HO=0.2212  A(t)=342
       857  ,,,,,,,,,,,,,,,,  2c2c2c2c2c2c2c2c2c2c2c2c2c2c2c2c
       827  <<<<<<<<<<<<<<<<  3c3c3c3c3c3c3c3c3c3c3c3c3c3c3c3c
       698  ================  3d3d3d3d3d3d3d3d3d3d3d3d3d3d3d3d
       687  [[[[[[[[[[[[[[[[  5b5b5b5b5b5b5b5b5b5b5b5b5b5b5b5b
       510  ;;;;;;;;;;;;;;;;  3b3b3b3b3b3b3b3b3b3b3b3b3b3b3b3b
       420  >>>>>>>>>>>>>>>>  3e3e3e3e3e3e3e3e3e3e3e3e3e3e3e3e
       369  ::::::::::::::::  3a3a3a3a3a3a3a3a3a3a3a3a3a3a3a3a
       318  8888888888888888  38383838383838383838383838383838
       238  ????????????????  3f3f3f3f3f3f3f3f3f3f3f3f3f3f3f3f
       202  9999999999999999  39393939393939393939393939393939
# epoch 9250  H=7.5324 C=7.2676 HO=0.2212  A(t)=343
       753  ,,,,,,,,,,,,,,,,  2c2c2c2c2c2c2c2c2c2c2c2c2c2c2c2c
       706  ================  3d3d3d3d3d3d3d3d3d3d3d3d3d3d3d3d
       684  <<<<<<<<<<<<<<<<  3c3c3c3c3c3c3c3c3c3c3c3c3c3c3c3c
       653  [[[[[[[[[[[[[[[[  5b5b5b5b5b5b5b5b5b5b5b5b5b5b5b5b
       530  ;;;;;;;;;;;;;;;;  3b3b3b3b3b3b3b3b3b3b3b3b3b3b3b3b
       339  >>>>>>>>>>>>>>>>  3e3e3e3e3e3e3e3e3e3e3e3e3e3e3e3e
       322  ::::::::::::::::  3a3a3a3a3a3a3a3a3a3a3a3a3a3a3a3a
       258  7777777777777777  37373737373737373737373737373737
       233  @@@@@@@@@@@@@@@@  40404040404040404040404040404040
       223  9999999999999999  39393939393939393939393939393939
# epoch 9500  H=7.5265 C=7.2624 HO=0.2208  A(t)=344
       990  <<<<<<<<<<<<<<<<  3c3c3c3c3c3c3c3c3c3c3c3c3c3c3c3c
       672  ,,,,,,,,,,,,,,,,  2c2c2c2c2c2c2c2c2c2c2c2c2c2c2c2c
       650  ================  3d3d3d3d3d3d3d3d3d3d3d3d3d3d3d3d
       626  ;;;;;;;;;;;;;;;;  3b3b3b3b3b3b3b3b3b3b3b3b3b3b3b3b
       507  ::::::::::::::::  3a3a3a3a3a3a3a3a3a3a3a3a3a3a3a3a
       478  [[[[[[[[[[[[[[[[  5b5b5b5b5b5b5b5b5b5b5b5b5b5b5b5b
       436  >>>>>>>>>>>>>>>>  3e3e3e3e3e3e3e3e3e3e3e3e3e3e3e3e
       295  AAAAAAAAAAAAAAAA  41414141414141414141414141414141
       292  7777777777777777  37373737373737373737373737373737
       281  ????????????????  3f3f3f3f3f3f3f3f3f3f3f3f3f3f3f3f
# epoch 9750  H=7.5190 C=7.2587 HO=0.2175  A(t)=345
      1138  <<<<<<<<<<<<<<<<  3c3c3c3c3c3c3c3c3c3c3c3c3c3c3c3c
       709  ;;;;;;;;;;;;;;;;  3b3b3b3b3b3b3b3b3b3b3b3b3b3b3b3b
       657  ================  3d3d3d3d3d3d3d3d3d3d3d3d3d3d3d3d
       628  [[[[[[[[[[[[[[[[  5b5b5b5b5b5b5b5b5b5b5b5b5b5b5b5b
       572  ::::::::::::::::  3a3a3a3a3a3a3a3a3a3a3a3a3a3a3a3a
       486  ,,,,,,,,,,,,,,,,  2c2c2c2c2c2c2c2c2c2c2c2c2c2c2c2c
       350  >>>>>>>>>>>>>>>>  3e3e3e3e3e3e3e3e3e3e3e3e3e3e3e3e
       236  ????????????????  3f3f3f3f3f3f3f3f3f3f3f3f3f3f3f3f
       229  AAAAAAAAAAAAAAAA  41414141414141414141414141414141
       223  9999999999999999  39393939393939393939393939393939
# epoch 10000  H=7.5186 C=7.2504 HO=0.2237  A(t)=345
      1071  ,,,,,,,,,,,,,,,,  2c2c2c2c2c2c2c2c2c2c2c2c2c2c2c2c
       881  <<<<<<<<<<<<<<<<  3c3c3c3c3c3c3c3c3c3c3c3c3c3c3c3c
       738  ================  3d3d3d3d3d3d3d3d3d3d3d3d3d3d3d3d
       632  [[[[[[[[[[[[[[[[  5b5b5b5b5b5b5b5b5b5b5b5b5b5b5b5b
       588  ;;;;;;;;;;;;;;;;  3b3b3b3b3b3b3b3b3b3b3b3b3b3b3b3b
       370  ::::::::::::::::  3a3a3a3a3a3a3a3a3a3a3a3a3a3a3a3a
       328  >>>>>>>>>>>>>>>>  3e3e3e3e3e3e3e3e3e3e3e3e3e3e3e3e
       243  ????????????????  3f3f3f3f3f3f3f3f3f3f3f3f3f3f3f3f
       220  AAAAAAAAAAAAAAAA  41414141414141414141414141414141
       212  ................  ffffffffffffffffffffffffffffffff
# epoch 10250  H=7.5197 C=7.2390 HO=0.2355  A(t)=345
      1059  ================  3d3d3d3d3d3d3d3d3d3d3d3d3d3d3d3d
       927  <<<<<<<<<<<<<<<<  3c3c3c3c3c3c3c3c3c3c3c3c3c3c3c3c
       879  ,,,,,,,,,,,,,,,,  2c2c2c2c2c2c2c2c2c2c2c2c2c2c2c2c
       805  [[[[[[[[[[[[[[[[  5b5b5b5b5b5b5b5b5b5b5b5b5b5b5b5b
       588  ;;;;;;;;;;;;;;;;  3b3b3b3b3b3b3b3b3b3b3b3b3b3b3b3b
       460  ::::::::::::::::  3a3a3a3a3a3a3a3a3a3a3a3a3a3a3a3a
       408  7777777777777777  37373737373737373737373737373737
       367  >>>>>>>>>>>>>>>>  3e3e3e3e3e3e3e3e3e3e3e3e3e3e3e3e
       360  ????????????????  3f3f3f3f3f3f3f3f3f3f3f3f3f3f3f3f
       351  8888888888888888  38383838383838383838383838383838
# epoch 10500  H=7.5177 C=7.2298 HO=0.2427  A(t)=345
      1024  ,,,,,,,,,,,,,,,,  2c2c2c2c2c2c2c2c2c2c2c2c2c2c2c2c
       883  <<<<<<<<<<<<<<<<  3c3c3c3c3c3c3c3c3c3c3c3c3c3c3c3c
       738  ================  3d3d3d3d3d3d3d3d3d3d3d3d3d3d3d3d
       668  ;;;;;;;;;;;;;;;;  3b3b3b3b3b3b3b3b3b3b3b3b3b3b3b3b
       505  >>>>>>>>>>>>>>>>  3e3e3e3e3e3e3e3e3e3e3e3e3e3e3e3e
       437  [[[[[[[[[[[[[[[[  5b5b5b5b5b5b5b5b5b5b5b5b5b5b5b5b
       361  ::::::::::::::::  3a3a3a3a3a3a3a3a3a3a3a3a3a3a3a3a
       341  9999999999999999  39393939393939393939393939393939
       296  ????????????????  3f3f3f3f3f3f3f3f3f3f3f3f3f3f3f3f
       262  6666666666666666  36363636363636363636363636363636
# epoch 10750  H=7.5124 C=7.2291 HO=0.2377  A(t)=345
      1109  <<<<<<<<<<<<<<<<  3c3c3c3c3c3c3c3c3c3c3c3c3c3c3c3c
       801  ,,,,,,,,,,,,,,,,  2c2c2c2c2c2c2c2c2c2c2c2c2c2c2c2c
       758  ================  3d3d3d3d3d3d3d3d3d3d3d3d3d3d3d3d
       650  [[[[[[[[[[[[[[[[  5b5b5b5b5b5b5b5b5b5b5b5b5b5b5b5b
       470  ::::::::::::::::  3a3a3a3a3a3a3a3a3a3a3a3a3a3a3a3a
       429  ;;;;;;;;;;;;;;;;  3b3b3b3b3b3b3b3b3b3b3b3b3b3b3b3b
       380  >>>>>>>>>>>>>>>>  3e3e3e3e3e3e3e3e3e3e3e3e3e3e3e3e
       358  9999999999999999  39393939393939393939393939393939
       353  6666666666666666  36363636363636363636363636363636
       329  @@@@@@@@@@@@@@@@  40404040404040404040404040404040
# epoch 11000  H=7.5222 C=7.2344 HO=0.2371  A(t)=350
      1119  <<<<<<<<<<<<<<<<  3c3c3c3c3c3c3c3c3c3c3c3c3c3c3c3c
       668  ;;;;;;;;;;;;;;;;  3b3b3b3b3b3b3b3b3b3b3b3b3b3b3b3b
       661  [[[[[[[[[[[[[[[[  5b5b5b5b5b5b5b5b5b5b5b5b5b5b5b5b
       633  ================  3d3d3d3d3d3d3d3d3d3d3d3d3d3d3d3d
       538  ,,,,,,,,,,,,,,,,  2c2c2c2c2c2c2c2c2c2c2c2c2c2c2c2c
       401  ????????????????  3f3f3f3f3f3f3f3f3f3f3f3f3f3f3f3f
       335  ::::::::::::::::  3a3a3a3a3a3a3a3a3a3a3a3a3a3a3a3a
       259  >>>>>>>>>>>>>>>>  3e3e3e3e3e3e3e3e3e3e3e3e3e3e3e3e
       245  8888888888888888  38383838383838383838383838383838
       234  KKKKKKKKKKKKKKKK  4b4b4b4b4b4b4b4b4b4b4b4b4b4b4b4b
# epoch 11250  H=7.5165 C=7.2311 HO=0.2403  A(t)=350
      1150  <<<<<<<<<<<<<<<<  3c3c3c3c3c3c3c3c3c3c3c3c3c3c3c3c
      1019  ,,,,,,,,,,,,,,,,  2c2c2c2c2c2c2c2c2c2c2c2c2c2c2c2c
       927  [[[[[[[[[[[[[[[[  5b5b5b5b5b5b5b5b5b5b5b5b5b5b5b5b
       771  ;;;;;;;;;;;;;;;;  3b3b3b3b3b3b3b3b3b3b3b3b3b3b3b3b
       536  ????????????????  3f3f3f3f3f3f3f3f3f3f3f3f3f3f3f3f
       472  ================  3d3d3d3d3d3d3d3d3d3d3d3d3d3d3d3d
       397  ::::::::::::::::  3a3a3a3a3a3a3a3a3a3a3a3a3a3a3a3a
       390  7777777777777777  37373737373737373737373737373737
       368  >>>>>>>>>>>>>>>>  3e3e3e3e3e3e3e3e3e3e3e3e3e3e3e3e
       309  9999999999999999  39393939393939393939393939393939
# epoch 11500  H=7.5119 C=7.2232 HO=0.2415  A(t)=350
      1131  [[[[[[[[[[[[[[[[  5b5b5b5b5b5b5b5b5b5b5b5b5b5b5b5b
       935  ,,,,,,,,,,,,,,,,  2c2c2c2c2c2c2c2c2c2c2c2c2c2c2c2c
       797  <<<<<<<<<<<<<<<<  3c3c3c3c3c3c3c3c3c3c3c3c3c3c3c3c
       563  ================  3d3d3d3d3d3d3d3d3d3d3d3d3d3d3d3d
       517  ;;;;;;;;;;;;;;;;  3b3b3b3b3b3b3b3b3b3b3b3b3b3b3b3b
       459  >>>>>>>>>>>>>>>>  3e3e3e3e3e3e3e3e3e3e3e3e3e3e3e3e
       421  ::::::::::::::::  3a3a3a3a3a3a3a3a3a3a3a3a3a3a3a3a
       357  9999999999999999  39393939393939393939393939393939
       353  AAAAAAAAAAAAAAAA  41414141414141414141414141414141
       338  7777777777777777  37373737373737373737373737373737
# epoch 11750  H=7.5136 C=7.2070 HO=0.2592  A(t)=352
      1032  <<<<<<<<<<<<<<<<  3c3c3c3c3c3c3c3c3c3c3c3c3c3c3c3c
       938  ,,,,,,,,,,,,,,,,  2c2c2c2c2c2c2c2c2c2c2c2c2c2c2c2c
       823  [[[[[[[[[[[[[[[[  5b5b5b5b5b5b5b5b5b5b5b5b5b5b5b5b
       804  ;;;;;;;;;;;;;;;;  3b3b3b3b3b3b3b3b3b3b3b3b3b3b3b3b
       523  ::::::::::::::::  3a3a3a3a3a3a3a3a3a3a3a3a3a3a3a3a
       490  ================  3d3d3d3d3d3d3d3d3d3d3d3d3d3d3d3d
       463  >>>>>>>>>>>>>>>>  3e3e3e3e3e3e3e3e3e3e3e3e3e3e3e3e
       355  ????????????????  3f3f3f3f3f3f3f3f3f3f3f3f3f3f3f3f
       300  8888888888888888  38383838383838383838383838383838
       285  AAAAAAAAAAAAAAAA  41414141414141414141414141414141
# epoch 12000  H=7.5101 C=7.2048 HO=0.2582  A(t)=352
      1126  <<<<<<<<<<<<<<<<  3c3c3c3c3c3c3c3c3c3c3c3c3c3c3c3c
      1063  ,,,,,,,,,,,,,,,,  2c2c2c2c2c2c2c2c2c2c2c2c2c2c2c2c
       835  [[[[[[[[[[[[[[[[  5b5b5b5b5b5b5b5b5b5b5b5b5b5b5b5b
       707  ;;;;;;;;;;;;;;;;  3b3b3b3b3b3b3b3b3b3b3b3b3b3b3b3b
       602  ================  3d3d3d3d3d3d3d3d3d3d3d3d3d3d3d3d
       578  ::::::::::::::::  3a3a3a3a3a3a3a3a3a3a3a3a3a3a3a3a
       500  >>>>>>>>>>>>>>>>  3e3e3e3e3e3e3e3e3e3e3e3e3e3e3e3e
       395  ................  2e2e2e2e2e2e2e2e2e2e2e2e2e2e2e2e
       276  ????????????????  3f3f3f3f3f3f3f3f3f3f3f3f3f3f3f3f
       262  AAAAAAAAAAAAAAAA  41414141414141414141414141414141
# epoch 12250  H=7.5082 C=7.2160 HO=0.2457  A(t)=354
      1081  <<<<<<<<<<<<<<<<  3c3c3c3c3c3c3c3c3c3c3c3c3c3c3c3c
       636  ;;;;;;;;;;;;;;;;  3b3b3b3b3b3b3b3b3b3b3b3b3b3b3b3b
       572  [[[[[[[[[[[[[[[[  5b5b5b5b5b5b5b5b5b5b5b5b5b5b5b5b
       530  ,,,,,,,,,,,,,,,,  2c2c2c2c2c2c2c2c2c2c2c2c2c2c2c2c
       520  ================  3d3d3d3d3d3d3d3d3d3d3d3d3d3d3d3d
       512  >>>>>>>>>>>>>>>>  3e3e3e3e3e3e3e3e3e3e3e3e3e3e3e3e
       427  ::::::::::::::::  3a3a3a3a3a3a3a3a3a3a3a3a3a3a3a3a
       397  @@@@@@@@@@@@@@@@  40404040404040404040404040404040
       345  6666666666666666  36363636363636363636363636363636
       251  9999999999999999  39393939393939393939393939393939
# epoch 12500  H=7.5134 C=7.2349 HO=0.2310  A(t)=354
      1055  <<<<<<<<<<<<<<<<  3c3c3c3c3c3c3c3c3c3c3c3c3c3c3c3c
       688  [[[[[[[[[[[[[[[[  5b5b5b5b5b5b5b5b5b5b5b5b5b5b5b5b
       643  ,,,,,,,,,,,,,,,,  2c2c2c2c2c2c2c2c2c2c2c2c2c2c2c2c
       470  ;;;;;;;;;;;;;;;;  3b3b3b3b3b3b3b3b3b3b3b3b3b3b3b3b
       439  ================  3d3d3d3d3d3d3d3d3d3d3d3d3d3d3d3d
       388  @@@@@@@@@@@@@@@@  40404040404040404040404040404040
       371  >>>>>>>>>>>>>>>>  3e3e3e3e3e3e3e3e3e3e3e3e3e3e3e3e
       292  3333333333333333  33333333333333333333333333333333
       266  ::::::::::::::::  3a3a3a3a3a3a3a3a3a3a3a3a3a3a3a3a
       243  ................  ffffffffffffffffffffffffffffffff
# epoch 12750  H=7.5146 C=7.2435 HO=0.2215  A(t)=356
      1380  <<<<<<<<<<<<<<<<  3c3c3c3c3c3c3c3c3c3c3c3c3c3c3c3c
       983  [[[[[[[[[[[[[[[[  5b5b5b5b5b5b5b5b5b5b5b5b5b5b5b5b
       664  ,,,,,,,,,,,,,,,,  2c2c2c2c2c2c2c2c2c2c2c2c2c2c2c2c
       618  >>>>>>>>>>>>>>>>  3e3e3e3e3e3e3e3e3e3e3e3e3e3e3e3e
       602  ;;;;;;;;;;;;;;;;  3b3b3b3b3b3b3b3b3b3b3b3b3b3b3b3b
       473  ================  3d3d3d3d3d3d3d3d3d3d3d3d3d3d3d3d
       299  7777777777777777  37373737373737373737373737373737
       219  ::::::::::::::::  3a3a3a3a3a3a3a3a3a3a3a3a3a3a3a3a
       169  ................  c0c0c0c0c0c0c0c0c0c0c0c0c0c0c0c0
       165  ................  8b8b8b8b8b8b8b8b8b8b8b8b8b8b8b8b
# epoch 13000  H=7.5111 C=7.2428 HO=0.2231  A(t)=356
      1059  <<<<<<<<<<<<<<<<  3c3c3c3c3c3c3c3c3c3c3c3c3c3c3c3c
       747  [[[[[[[[[[[[[[[[  5b5b5b5b5b5b5b5b5b5b5b5b5b5b5b5b
       711  ,,,,,,,,,,,,,,,,  2c2c2c2c2c2c2c2c2c2c2c2c2c2c2c2c
       600  ;;;;;;;;;;;;;;;;  3b3b3b3b3b3b3b3b3b3b3b3b3b3b3b3b
       539  ================  3d3d3d3d3d3d3d3d3d3d3d3d3d3d3d3d
       433  >>>>>>>>>>>>>>>>  3e3e3e3e3e3e3e3e3e3e3e3e3e3e3e3e
       359  ::::::::::::::::  3a3a3a3a3a3a3a3a3a3a3a3a3a3a3a3a
       305  9999999999999999  39393939393939393939393939393939
       289  ????????????????  3f3f3f3f3f3f3f3f3f3f3f3f3f3f3f3f
       214  ................  2e2e2e2e2e2e2e2e2e2e2e2e2e2e2e2e
# epoch 13250  H=7.5107 C=7.2451 HO=0.2203  A(t)=356
       841  ,,,,,,,,,,,,,,,,  2c2c2c2c2c2c2c2c2c2c2c2c2c2c2c2c
       676  ================  3d3d3d3d3d3d3d3d3d3d3d3d3d3d3d3d
       627  <<<<<<<<<<<<<<<<  3c3c3c3c3c3c3c3c3c3c3c3c3c3c3c3c
       579  ;;;;;;;;;;;;;;;;  3b3b3b3b3b3b3b3b3b3b3b3b3b3b3b3b
       544  [[[[[[[[[[[[[[[[  5b5b5b5b5b5b5b5b5b5b5b5b5b5b5b5b
       466  ::::::::::::::::  3a3a3a3a3a3a3a3a3a3a3a3a3a3a3a3a
       344  9999999999999999  39393939393939393939393939393939
       329  ????????????????  3f3f3f3f3f3f3f3f3f3f3f3f3f3f3f3f
       316  >>>>>>>>>>>>>>>>  3e3e3e3e3e3e3e3e3e3e3e3e3e3e3e3e
       245  8888888888888888  38383838383838383838383838383838
# epoch 13500  H=7.5063 C=7.2280 HO=0.2336  A(t)=356
      1107  <<<<<<<<<<<<<<<<  3c3c3c3c3c3c3c3c3c3c3c3c3c3c3c3c
       960  ,,,,,,,,,,,,,,,,  2c2c2c2c2c2c2c2c2c2c2c2c2c2c2c2c
       736  ================  3d3d3d3d3d3d3d3d3d3d3d3d3d3d3d3d
       617  ;;;;;;;;;;;;;;;;  3b3b3b3b3b3b3b3b3b3b3b3b3b3b3b3b
       444  ::::::::::::::::  3a3a3a3a3a3a3a3a3a3a3a3a3a3a3a3a
       415  [[[[[[[[[[[[[[[[  5b5b5b5b5b5b5b5b5b5b5b5b5b5b5b5b
       341  ????????????????  3f3f3f3f3f3f3f3f3f3f3f3f3f3f3f3f
       326  7777777777777777  37373737373737373737373737373737
       322  9999999999999999  39393939393939393939393939393939
       272  >>>>>>>>>>>>>>>>  3e3e3e3e3e3e3e3e3e3e3e3e3e3e3e3e
# epoch 13750  H=7.5079 C=7.2343 HO=0.2297  A(t)=356
       954  ,,,,,,,,,,,,,,,,  2c2c2c2c2c2c2c2c2c2c2c2c2c2c2c2c
       866  ================  3d3d3d3d3d3d3d3d3d3d3d3d3d3d3d3d
       615  <<<<<<<<<<<<<<<<  3c3c3c3c3c3c3c3c3c3c3c3c3c3c3c3c
       562  [[[[[[[[[[[[[[[[  5b5b5b5b5b5b5b5b5b5b5b5b5b5b5b5b
       400  ;;;;;;;;;;;;;;;;  3b3b3b3b3b3b3b3b3b3b3b3b3b3b3b3b
       350  ::::::::::::::::  3a3a3a3a3a3a3a3a3a3a3a3a3a3a3a3a
       342  >>>>>>>>>>>>>>>>  3e3e3e3e3e3e3e3e3e3e3e3e3e3e3e3e
       329  9999999999999999  39393939393939393939393939393939
       259  CCCCCCCCCCCCCCCC  43434343434343434343434343434343
       249  ????????????????  3f3f3f3f3f3f3f3f3f3f3f3f3f3f3f3f
# epoch 14000  H=7.5002 C=7.2252 HO=0.2316  A(t)=359
       983  ,,,,,,,,,,,,,,,,  2c2c2c2c2c2c2c2c2c2c2c2c2c2c2c2c
       933  <<<<<<<<<<<<<<<<  3c3c3c3c3c3c3c3c3c3c3c3c3c3c3c3c
       859  ================  3d3d3d3d3d3d3d3d3d3d3d3d3d3d3d3d
       437  >>>>>>>>>>>>>>>>  3e3e3e3e3e3e3e3e3e3e3e3e3e3e3e3e
       395  ::::::::::::::::  3a3a3a3a3a3a3a3a3a3a3a3a3a3a3a3a
       389  ;;;;;;;;;;;;;;;;  3b3b3b3b3b3b3b3b3b3b3b3b3b3b3b3b
       344  [[[[[[[[[[[[[[[[  5b5b5b5b5b5b5b5b5b5b5b5b5b5b5b5b
       318  4444444444444444  34343434343434343434343434343434
       232  ................  d0d0d0d0d0d0d0d0d0d0d0d0d0d0d0d0
       218  ................  2e2e2e2e2e2e2e2e2e2e2e2e2e2e2e2e
# epoch 14250  H=7.4934 C=7.2152 HO=0.2379  A(t)=359
      1213  ,,,,,,,,,,,,,,,,  2c2c2c2c2c2c2c2c2c2c2c2c2c2c2c2c
      1073  <<<<<<<<<<<<<<<<  3c3c3c3c3c3c3c3c3c3c3c3c3c3c3c3c
       965  ================  3d3d3d3d3d3d3d3d3d3d3d3d3d3d3d3d
       678  [[[[[[[[[[[[[[[[  5b5b5b5b5b5b5b5b5b5b5b5b5b5b5b5b
       527  ;;;;;;;;;;;;;;;;  3b3b3b3b3b3b3b3b3b3b3b3b3b3b3b3b
       431  >>>>>>>>>>>>>>>>  3e3e3e3e3e3e3e3e3e3e3e3e3e3e3e3e
       355  8888888888888888  38383838383838383838383838383838
       336  ????????????????  3f3f3f3f3f3f3f3f3f3f3f3f3f3f3f3f
       330  7777777777777777  37373737373737373737373737373737
       328  ::::::::::::::::  3a3a3a3a3a3a3a3a3a3a3a3a3a3a3a3a
# epoch 14500  H=7.4937 C=7.2122 HO=0.2396  A(t)=359
      1405  <<<<<<<<<<<<<<<<  3c3c3c3c3c3c3c3c3c3c3c3c3c3c3c3c
       978  ,,,,,,,,,,,,,,,,  2c2c2c2c2c2c2c2c2c2c2c2c2c2c2c2c
       819  >>>>>>>>>>>>>>>>  3e3e3e3e3e3e3e3e3e3e3e3e3e3e3e3e
       709  ================  3d3d3d3d3d3d3d3d3d3d3d3d3d3d3d3d
       652  [[[[[[[[[[[[[[[[  5b5b5b5b5b5b5b5b5b5b5b5b5b5b5b5b
       464  ::::::::::::::::  3a3a3a3a3a3a3a3a3a3a3a3a3a3a3a3a
       456  ;;;;;;;;;;;;;;;;  3b3b3b3b3b3b3b3b3b3b3b3b3b3b3b3b
       296  7777777777777777  37373737373737373737373737373737
       292  ????????????????  3f3f3f3f3f3f3f3f3f3f3f3f3f3f3f3f
       270  9999999999999999  39393939393939393939393939393939
# epoch 14750  H=7.4954 C=7.2052 HO=0.2470  A(t)=359
       941  <<<<<<<<<<<<<<<<  3c3c3c3c3c3c3c3c3c3c3c3c3c3c3c3c
       719  ,,,,,,,,,,,,,,,,  2c2c2c2c2c2c2c2c2c2c2c2c2c2c2c2c
       613  >>>>>>>>>>>>>>>>  3e3e3e3e3e3e3e3e3e3e3e3e3e3e3e3e
       564  ================  3d3d3d3d3d3d3d3d3d3d3d3d3d3d3d3d
       563  [[[[[[[[[[[[[[[[  5b5b5b5b5b5b5b5b5b5b5b5b5b5b5b5b
       555  ;;;;;;;;;;;;;;;;  3b3b3b3b3b3b3b3b3b3b3b3b3b3b3b3b
       515  ::::::::::::::::  3a3a3a3a3a3a3a3a3a3a3a3a3a3a3a3a
       416  9999999999999999  39393939393939393939393939393939
       269  ????????????????  3f3f3f3f3f3f3f3f3f3f3f3f3f3f3f3f
       250  7777777777777777  37373737373737373737373737373737
# epoch 15000  H=7.4978 C=7.2017 HO=0.2494  A(t)=360
      1197  <<<<<<<<<<<<<<<<  3c3c3c3c3c3c3c3c3c3c3c3c3c3c3c3c
       880  ,,,,,,,,,,,,,,,,  2c2c2c2c2c2c2c2c2c2c2c2c2c2c2c2c
       674  [[[[[[[[[[[[[[[[  5b5b5b5b5b5b5b5b5b5b5b5b5b5b5b5b
       622  ;;;;;;;;;;;;;;;;  3b3b3b3b3b3b3b3b3b3b3b3b3b3b3b3b
       532  ::::::::::::::::  3a3a3a3a3a3a3a3a3a3a3a3a3a3a3a3a
       496  ================  3d3d3d3d3d3d3d3d3d3d3d3d3d3d3d3d
       465  >>>>>>>>>>>>>>>>  3e3e3e3e3e3e3e3e3e3e3e3e3e3e3e3e
       446  9999999999999999  39393939393939393939393939393939
       446  7777777777777777  37373737373737373737373737373737
       295  8888888888888888  38383838383838383838383838383838
# epoch 15250  H=7.4862 C=7.1908 HO=0.2533  A(t)=362
       994  ,,,,,,,,,,,,,,,,  2c2c2c2c2c2c2c2c2c2c2c2c2c2c2c2c
       990  <<<<<<<<<<<<<<<<  3c3c3c3c3c3c3c3c3c3c3c3c3c3c3c3c
       794  [[[[[[[[[[[[[[[[  5b5b5b5b5b5b5b5b5b5b5b5b5b5b5b5b
       779  ;;;;;;;;;;;;;;;;  3b3b3b3b3b3b3b3b3b3b3b3b3b3b3b3b
       633  ::::::::::::::::  3a3a3a3a3a3a3a3a3a3a3a3a3a3a3a3a
       588  ================  3d3d3d3d3d3d3d3d3d3d3d3d3d3d3d3d
       558  >>>>>>>>>>>>>>>>  3e3e3e3e3e3e3e3e3e3e3e3e3e3e3e3e
       391  9999999999999999  39393939393939393939393939393939
       285  8888888888888888  38383838383838383838383838383838
       263  @@@@@@@@@@@@@@@@  40404040404040404040404040404040
# epoch 15500  H=7.4837 C=7.2015 HO=0.2394  A(t)=363
       772  ================  3d3d3d3d3d3d3d3d3d3d3d3d3d3d3d3d
       754  ,,,,,,,,,,,,,,,,  2c2c2c2c2c2c2c2c2c2c2c2c2c2c2c2c
       741  ;;;;;;;;;;;;;;;;  3b3b3b3b3b3b3b3b3b3b3b3b3b3b3b3b
       679  <<<<<<<<<<<<<<<<  3c3c3c3c3c3c3c3c3c3c3c3c3c3c3c3c
       517  [[[[[[[[[[[[[[[[  5b5b5b5b5b5b5b5b5b5b5b5b5b5b5b5b
       425  >>>>>>>>>>>>>>>>  3e3e3e3e3e3e3e3e3e3e3e3e3e3e3e3e
       287  ::::::::::::::::  3a3a3a3a3a3a3a3a3a3a3a3a3a3a3a3a
       266  GGGGGGGGGGGGGGGG  47474747474747474747474747474747
       266  FFFFFFFFFFFFFFFF  46464646464646464646464646464646
       245  9999999999999999  39393939393939393939393939393939
# epoch 15750  H=7.4834 C=7.1887 HO=0.2463  A(t)=368
      1188  <<<<<<<<<<<<<<<<  3c3c3c3c3c3c3c3c3c3c3c3c3c3c3c3c
       833  ================  3d3d3d3d3d3d3d3d3d3d3d3d3d3d3d3d
       754  ,,,,,,,,,,,,,,,,  2c2c2c2c2c2c2c2c2c2c2c2c2c2c2c2c
       753  [[[[[[[[[[[[[[[[  5b5b5b5b5b5b5b5b5b5b5b5b5b5b5b5b
       566  ;;;;;;;;;;;;;;;;  3b3b3b3b3b3b3b3b3b3b3b3b3b3b3b3b
       563  ::::::::::::::::  3a3a3a3a3a3a3a3a3a3a3a3a3a3a3a3a
       537  >>>>>>>>>>>>>>>>  3e3e3e3e3e3e3e3e3e3e3e3e3e3e3e3e
       422  8888888888888888  38383838383838383838383838383838
       391  @@@@@@@@@@@@@@@@  40404040404040404040404040404040
       334  6666666666666666  36363636363636363636363636363636
# epoch 16000  H=7.4885 C=7.1922 HO=0.2520  A(t)=370
      1042  <<<<<<<<<<<<<<<<  3c3c3c3c3c3c3c3c3c3c3c3c3c3c3c3c
       782  [[[[[[[[[[[[[[[[  5b5b5b5b5b5b5b5b5b5b5b5b5b5b5b5b
       701  >>>>>>>>>>>>>>>>  3e3e3e3e3e3e3e3e3e3e3e3e3e3e3e3e
       692  ;;;;;;;;;;;;;;;;  3b3b3b3b3b3b3b3b3b3b3b3b3b3b3b3b
       692  ,,,,,,,,,,,,,,,,  2c2c2c2c2c2c2c2c2c2c2c2c2c2c2c2c
       517  ================  3d3d3d3d3d3d3d3d3d3d3d3d3d3d3d3d
       339  7777777777777777  37373737373737373737373737373737
       329  8888888888888888  38383838383838383838383838383838
       322  ::::::::::::::::  3a3a3a3a3a3a3a3a3a3a3a3a3a3a3a3a
       269  ????????????????  3f3f3f3f3f3f3f3f3f3f3f3f3f3f3f3f
