# epoch 7000  H=6.4013 C=1.5147 HO=5.6180  A(t)=0
       741  ]x...YY...[:Y4.4  5d78b2c7125959d8a0c75b3a59341e34
       648  t*Yp..&[[>......  742a5970948e265b5b3e92089108a095
       648  4t*Yp..&[[>.....  34742a5970948e265b5b3e92089108a0
       648  *Yp..&[[>.......  2a5970948e265b5b3e92089108a095fd
       644  4t4Y.Fo&[[>...h.  34743459e9466f265b5b3eeaebe268a0
       636  t4Y.Fo&[[>...h..  743459e9466f265b5b3eeaebe268a0e2
       635  4t..YF..[[>.....  3474a9d759468ef25b5b3eea08e708fa
       634  Y.Fo&[[>...h....  59e9466f265b5b3eeaebe268a0e2fde7
       634  4Y.Fo&[[>...h...  3459e9466f265b5b3eeaebe268a0e2fd
       631  t..YF..[[>......  74a9d759468ef25b5b3eea08e708fae2
# epoch 7250  H=6.5173 C=1.5229 HO=5.7394  A(t)=0
      1088  ]&M...d.L.[Y.4.4  5d264dc7f2b764d84cc75b5997341e34
       903  4t.YYF..[[>.....  3474df595946fd0e5b5b3eea08e7f5a0
       899  t.YYF..[[>......  74df595946fd0e5b5b3eea08e7f5a0e2
       854  ]+]&M...d.L.[Y.4  5d2b5d264dc7f2b764d84cc75b599734
       854  8]+]&M...d.L.[Y.  385d2b5d264dc7f2b764d84cc75b5997
       854  +]&M...d.L.[Y.4.  2b5d264dc7f2b764d84cc75b5997341e
       827  .YYF..[[>.......  df595946fd0e5b5b3eea08e7f5a0e2fd
       713  F..[[>........m}  46fd0e5b5b3eea08e7f5a0e2fd096d7d
       703  YYF..[[>........  595946fd0e5b5b3eea08e7f5a0e2fd09
       695  }Q..Q?.,Y.b..8]+  7d510897513ffa2c590a620bc7385d2b
# epoch 7500  H=6.6242 C=1.4865 HO=5.8464  A(t)=0
       984  Q?.,Y.b..8]+]&M.  513ffa2c590a620bc7385d2b5d264dc7
       905  4t.YYF..[[>.....  3474df595946fd0e5b5b3eea08e7f5a0
       893  t.YYF..[[>......  74df595946fd0e5b5b3eea08e7f5a0e2
       889  .YYF..[[>.......  df595946fd0e5b5b3eea08e7f5a0e2fd
       740  &M...d.L.[Y.4.4.  264dc7f2b764d84cc75b5997341e349d
       737  ]&M...d.L.[Y.4.4  5d264dc7f2b764d84cc75b5997341e34
       709  .QQ?-,..bQ.S]s..  9d51513f2d2cba0a6251c7535d73b0c7
       708  >....w...d}m.QQ?  3eeaa2a9fc77e208e7647d6d9d51513f
       706  ..[[>....w...d}m  abd45b5b3eeaa2a9fc77e208e7647d6d
       706  [>....w...d}m.QQ  5b3eeaa2a9fc77e208e7647d6d9d5151
# epoch 7750  H=6.7269 C=1.5180 HO=5.9500  A(t)=0
       851  .1[[>........m}U  8e315b5b3ec108e708a0e2fde76d7d55
       845  F.1[[>........m}  468e315b5b3ec108e708a0e2fde76d7d
       839  Q..7@]&.(t.Y.!..  51c5ed37405d26d92874dc59d821c7c1
       837  bQ..7@]&.(t.Y.!.  6251c5ed37405d26d92874dc59d821c7
       817  HbQ..7@]&.(t.Y.!  486251c5ed37405d26d92874dc59d821
       811  ..7@]&.(t.Y.!..Y  c5ed37405d26d92874dc59d821c7c159
       804  4t4..F.1[[>.....  347434a41a468e315b5b3ec108e708a0
       803  ,YHbQ..7@]&.(t.Y  2c59486251c5ed37405d26d92874dc59
       797  YHbQ..7@]&.(t.Y.  59486251c5ed37405d26d92874dc59d8
       793  ?_,YHbQ..7@]&.(t  3f5f2c59486251c5ed37405d26d92874
# epoch 8000  H=6.7834 C=1.4940 HO=5.9964  A(t)=1204
       692  Q..].......Y...[  51c7f05db8b584b0e5129259d182c75b
       692  .Q..].......Y...  0151c7f05db8b584b0e5129259d182c7
       686  t.Y.F^.[[>..Y...  74a359ba465e015b5b3eea085908fae2
       686  4t.Y.F^.[[>..Y..  3474a359ba465e015b5b3eea085908fa
       642  4t..YF.O[[>.....  3474d69f59469b4f5b5b3eea08e708a0
       626  ..].......Y...[Y  c7f05db8b584b0e5129259d182c75b59
       608  .].......Y...[YY  f05db8b584b0e5129259d182c75b5959
       600  t..YF.O[[>.....H  74d69f59469b4f5b5b3eea08e708a048
       598  .......Y...[YY4.  b8b584b0e5129259d182c75b5959341e
       598  ].......Y...[YY4  5db8b584b0e5129259d182c75b595934
# epoch 8250  H=6.8410 C=1.7459 HO=5.9124  A(t)=1573
      1247  4t.Y.F^.[[>..Y..  3474a359ba465e015b5b3eea085908fa
      1186  t.Y.F^.[[>..Y...  74a359ba465e015b5b3eea085908fae2
      1122  [>..Y....Bm}Q.QQ  5b3eea085908fae2fd426d7d51085151
      1106  .[[>..Y....Bm}Q.  015b5b3eea085908fae2fd426d7d5108
      1087  [[>..Y....Bm}Q.Q  5b5b3eea085908fae2fd426d7d510851
      1011  ^.[[>..Y....Bm}Q  5e015b5b3eea085908fae2fd426d7d51
      1001  .Y.F^.[[>..Y....  a359ba465e015b5b3eea085908fae2fd
      1000  Y.F^.[[>..Y....B  59ba465e015b5b3eea085908fae2fd42
       994  F^.[[>..Y....Bm}  465e015b5b3eea085908fae2fd426d7d
       972  ,...Q..].......Y  2c130a0151c7f05db8b584b0e5129259
# epoch 8500  H=6.8401 C=1.4790 HO=6.0549  A(t)=1891
       984  F..[[>....u...m}  46fd0e5b5b3eea0804a475e2fd096d7d
       976  YF..[[>....u...m  5946fd0e5b5b3eea0804a475e2fd096d
       950  EF.[[>.?\0....m}  4546945b5b3eea3f5c30a0e2fd196d7d
       930  [[>.?\0....m}w.:  5b5b3eea3f5c30a0e2fd196d7d77083a
       928  .[[>.?\0....m}w.  945b5b3eea3f5c30a0e2fd196d7d7708
       928  F.[[>.?\0....m}w  46945b5b3eea3f5c30a0e2fd196d7d77
       918  [>.?\0....m}w.:.  5b3eea3f5c30a0e2fd196d7d77083adc
       907  }...Q?.,y.b...]+  7dc30897513ffa2c790a620bc79d5d2b
       901  ...Q?.,y.b...]+]  c30897513ffa2c790a620bc79d5d2b5d
       882  [[>....u...m}...  5b5b3eea0804a475e2fd096d7dc30897
# epoch 8750  H=6.9625 C=1.4604 HO=6.1874  A(t)=2164
      1156  .b...]+]&p...d.L  0a620bc79d5d2b5d2670c7f2e464d84c
      1083  .Q?.,y.b...]+]&p  97513ffa2c790a620bc79d5d2b5d2670
      1069  ?.,y.b...]+]&p..  3ffa2c790a620bc79d5d2b5d2670c7f2
      1067  Q?.,y.b...]+]&p.  513ffa2c790a620bc79d5d2b5d2670c7
      1043  ,y.b...]+]&p...d  2c790a620bc79d5d2b5d2670c7f2e464
      1039  .,y.b...]+]&p...  fa2c790a620bc79d5d2b5d2670c7f2e4
      1028  Y.EF.[[>.?\0....  59824546945b5b3eea3f5c30a0e2fd19
       978  4t4Y.EF.[[>.?\0.  34743459824546945b5b3eea3f5c30a0
       962  EF.[[>.?\0....m}  4546945b5b3eea3f5c30a0e2fd196d7d
       953  y.b...]+]&p...d.  790a620bc79d5d2b5d2670c7f2e464d8
# epoch 9000  H=7.0139 C=1.5043 HO=6.2351  A(t)=2541
       925  ,Y.PQ..]h.....("  2c59b550511bf05d68ebf6cbc7b02822
       924  Y.PQ..]h.....("Q  59b550511bf05d68ebf6cbc7b0282251
       908  4t.YYF..[[>.....  3474df595946010e5b5b3eea08e7f512
       895  .,Y.PQ..]h.....(  e72c59b550511bf05d68ebf6cbc7b028
       880  F..[[>........m}  46010e5b5b3eea08e7f512e2fd096d7d
       860  t.YYF..[[>......  74df595946010e5b5b3eea08e7f512e2
       860  .[[>........m}..  0e5b5b3eea08e7f512e2fd096d7dc308
       858  ..[[>........m}.  010e5b5b3eea08e7f512e2fd096d7dc3
       855  .YYF..[[>.......  df595946010e5b5b3eea08e7f512e2fd
       855  YF..[[>........m  5946010e5b5b3eea08e7f512e2fd096d
# epoch 9250  H=7.0643 C=1.5088 HO=6.2873  A(t)=2956
       922  F..[[>....u...m}  46fd0e5b5b3eea0804a475e2fd096d7d
       872  YF..[[>....u...m  5946fd0e5b5b3eea0804a475e2fd096d
       855  ..[[>....u...m}.  fd0e5b5b3eea0804a475e2fd096d7dc3
       811  .[[>........m}..  0e5b5b3eea08e7f512e2fd096d7dc308
       805  F..[[>........m}  46010e5b5b3eea08e7f512e2fd096d7d
       805  ..[[>........m}.  010e5b5b3eea08e7f512e2fd096d7dc3
       765  .,Y.PQ..]h.....(  e72c59b550511bf05d68ebf6cbc7b028
       764  ,tE....]+]&....d  2c7445870bc09d5d2b5d26a0c7f2e464
       759  ,Y.PQ..]h.....("  2c59b550511bf05d68ebf6cbc7b02822
       724  ,/.C..]I$......Y  2c2f0a43c8c75d4924bccecfc79abe59
# epoch 9500  H=7.1232 C=1.5411 HO=6.3367  A(t)=3442
       970  Eo.[[>.?.......}  456f945b5b3e0a3fe20ba0e2fd19127d
       968  o.[[>.?.......}w  6f945b5b3e0a3fe20ba0e2fd19127d77
       962  .Eo.[[>.?.......  e9456f945b5b3e0a3fe20ba0e2fd1912
       955  ..\.[>....u...m}  d7fd5cb25b3e140804a475e2fd096d7d
       842  .[[>.?.......}w.  945b5b3e0a3fe20ba0e2fd19127d7708
       836  .[>....u...m}...  b25b3e140804a475e2fd096d7dc30897
       835  \.[>....u...m}..  5cb25b3e140804a475e2fd096d7dc308
       799  .\.[>....u...m}.  fd5cb25b3e140804a475e2fd096d7dc3
       757  ...\.[>....u...m  89d7fd5cb25b3e140804a475e2fd096d
       755  .[[>........m}..  0e5b5b3eea08e7f512e2fd096d7dc308
# epoch 9750  H=7.1709 C=1.5353 HO=6.3971  A(t)=3776
       906  }...Q..,yE.o..]+  7dc3089751b6fa2c7945876fc79d5d2b
       866  ..\.[>....u...m}  d7fd5cb25b3e140804a475e2fd096d7d
       837  .}...Q..,yE.o..]  867dc3089751b6fa2c7945876fc79d5d
       837  ..}...Q..,yE.o..  09867dc3089751b6fa2c7945876fc79d
       785  .....}...Q..,yE.  a6e2fd09867dc3089751b6fa2c794587
       779  ...}...Q..,yE.o.  fd09867dc3089751b6fa2c7945876fc7
       779  ....}...Q..,yE.o  e2fd09867dc3089751b6fa2c7945876f
       775  .......}...Q..,y  bfa4a6e2fd09867dc3089751b6fa2c79
       773  ......}...Q..,yE  a4a6e2fd09867dc3089751b6fa2c7945
       714  .\.[>....u...m}.  fd5cb25b3e140804a475e2fd096d7dc3
# epoch 10000  H=7.1936 C=1.5416 HO=6.4232  A(t)=4242
       780  \.[>....u...m}..  5cb25b3e140804a475e2fd096d7dc308
       737  .[>....u...m}...  b25b3e140804a475e2fd096d7dc30897
       645  .Cf.]I$`!....Y..  0a4366965d49246021cfc79abe59d8a0
       641  Cf.]I$`!....Y...  4366965d49246021cfc79abe59d8a0c7
       639  f.]I$`!....Y..._  66965d49246021cfc79abe59d8a0c75f
       626  /.Cf.]I$`!....Y.  2f0a4366965d49246021cfc79abe59d8
       625  ,/.Cf.]I$`!....Y  2c2f0a4366965d49246021cfc79abe59
       616  `!....Y..._:Y4]4  6021cfc79abe59d8a0c75f3a59345d34
       612  .,I.C..]I+z..E.&  fa2c490a43c8e85d492b7a968e451226
       612  ,I.C..]I+z..E.&Y  2c490a43c8e85d492b7a968e45122659
# epoch 10250  H=7.2435 C=1.4840 HO=6.4686  A(t)=4683
       827  ...}..Qv..,Y..Qc  d7819a7de40c5176aeea2c5905d75163
       693  .m}w.:...,.....]  196d7d77083ad5b6962cabded7c8c75d
       647  .m}Q.Q.?.,YBbQ..  e76d7d510851c83fba2c59426251c797
       642  ].M...y.j.[E.4..  5d174dc7f2e4798b6ac75b4597348edc
       635  ..m}w.:...,.....  87196d7d77083ad5b6962cabded7c8c7
       629  ...m}w.:...,....  fd87196d7d77083ad5b6962cabded7c8
       627  .M...y.j.[E.4...  174dc7f2e4798b6ac75b4597348edc86
       622  .,...Q..].n&....  fa2caf0a0151b1f05dac6e26fde512fb
       622  ,...Q..].n&....Y  2caf0a0151b1f05dac6e26fde512fb59
       620  .Q..].n&....Y`k.  0151b1f05dac6e26fde512fb59606bc7
# epoch 10500  H=7.1864 C=1.5772 HO=6.3981  A(t)=5052
      1690  ..[[>..N.....m}.  01e15b5b3eea084ef598e2fd096d7dc3
      1617  ]+].M...y.j.[E.4  5d2b5d174dc7f2e4798b6ac75b459734
      1595  +].M...y.j.[E.4.  2b5d174dc7f2e4798b6ac75b4597348e
      1572  ....]+]&....d.L.  870bc09d5d2b5d26a0c7f2e464d84cc7
      1543  }s..Q.2,tE....]+  7d73089751b6322c7445870bc09d5d2b
      1539  m}s..Q.2,tE....]  6d7d73089751b6322c7445870bc09d5d
      1537  s..Q.2,tE....]+]  73089751b6322c7445870bc09d5d2b5d
      1536  ..Q.2,tE....]+]&  089751b6322c7445870bc09d5d2b5d26
      1524  [>..N.....m}.P.Q  5b3eea084ef598e2fd096d7dc350f651
      1516  .m}s..Q.2,tE....  e06d7d73089751b6322c7445870bc09d
# epoch 10750  H=7.2305 C=1.5231 HO=6.4486  A(t)=5379
      1419  ..[[>..N.....m}.  01e15b5b3eea084ef598e2fd096d7dc3
      1111  F..[[>..N.....m}  4601e15b5b3eea084ef598e2fd096d7d
      1103  .F..[[>..N.....m  cf4601e15b5b3eea084ef598e2fd096d
      1090  .[[>..N.....m}.P  e15b5b3eea084ef598e2fd096d7dc350
      1062  [[>..N.....m}.P.  5b5b3eea084ef598e2fd096d7dc350f6
      1020  [>..N.....m}.P.Q  5b3eea084ef598e2fd096d7dc350f651
       990  [[>........m}...  5b5b3eea93e7f5dfe2fd096d7dc3f7f6
       979  >..N.....m}.P.Q.  3eea084ef598e2fd096d7dc350f651ee
       922  ..[[>........m}.  010e5b5b3eea93e7f5dfe2fd096d7dc3
       912  .[[>........m}..  0e5b5b3eea93e7f5dfe2fd096d7dc3f7
# epoch 11000  H=7.2579 C=1.5319 HO=6.4741  A(t)=5701
       962  [[>........m}...  5b5b3eea93e7f5dfe2fd096d7dc3f7f6
       854  YYu..[[>........  595975010e5b5b3eea93e7f5dfe2fd09
       774  .[[>........m}..  0e5b5b3eea93e7f5dfe2fd096d7dc3f7
       762  4t.YYu..[[>.....  3474be595975010e5b5b3eea93e7f5df
       758  t.YYu..[[>......  74be595975010e5b5b3eea93e7f5dfe2
       756  .YYu..[[>.......  be595975010e5b5b3eea93e7f5dfe2fd
       688  u..[[>........m}  75010e5b5b3eea93e7f5dfe2fd096d7d
       676  ..[[>........m}.  010e5b5b3eea93e7f5dfe2fd096d7dc3
       629  ...Q..,Y.....]+]  c3f7f65198fa2c59f6fe0bf1a55d2b5d
       629  }...Q..,Y.....]+  7dc3f7f65198fa2c59f6fe0bf1a55d2b
# epoch 11250  H=7.2867 C=1.5010 HO=6.5116  A(t)=6036
      1096  ....}N.:3..,..CI  e2fd19127d4e083a33c7192c120a4349
      1053  }N.:3..,..CI.]I.  7d4e083a33c7192c120a4349c75d490c
      1044  ..}N.:3..,..CI.]  19127d4e083a33c7192c120a4349c75d
      1030  ...}N.:3..,..CI.  fd19127d4e083a33c7192c120a4349c7
      1029  .}N.:3..,..CI.]I  127d4e083a33c7192c120a4349c75d49
      1009  N.:3..,..CI.]I.y  4e083a33c7192c120a4349c75d490c79
       977  .:3..,..CI.]I.y.  083a33c7192c120a4349c75d490c7996
       955  :3..,..CI.]I.y.U  3a33c7192c120a4349c75d490c799655
       949  3..,..CI.]I.y.U.  33c7192c120a4349c75d490c799655c7
       934  .E.....}N.:3..,.  e245a0e2fd19127d4e083a33c7192c12
