# epoch 0  H=7.9999 C=8.0025 HO=-0.0001  A(t)=0
         1  .......8~.H.Db,<  fffff9aac99bcc387ebc48fd44622c3c
         1  ...b..Ge.R...q,+  fffff86217dd47658652b1981f712c2b
         1  ...............M  ffffec1ea3a7d8fa028ac1b1f19cf64d
         1  ......._.....Fk.  ffffbdabe2821420e8af08ef0e466bcd
         1  .....k...k.42.W.  ffffba99026b18b1b56b803432d857a4
         1  ...^0.Y.....nd:&  ffffa35e30ea59ba84b1e1c66e643a26
         1  ......H.....x..8  ffffa0c00cdf48989cf3f4e078dfcd38
         1  ...;............  ffff9d3b17c415c1ab85f0c2f5d7948f
         1  ....._.(.K..r.M=  ffff99ffff209a28ff4ba2eb72eb4d3d
         1  ......WR........  ffff820393d25752adb3a99ffe17e10a
# epoch 250  H=7.9860 C=7.8713 HO=0.0846  A(t)=0
       452  [[[[[[[[[[[[[[[[  5b5b5b5b5b5b5b5b5b5b5b5b5b5b5b5b
       149  ]]]]]]]]]]]]]]]]  5d5d5d5d5d5d5d5d5d5d5d5d5d5d5d5d
       141  ,,,,,,,,,,,,,,,,  2c2c2c2c2c2c2c2c2c2c2c2c2c2c2c2c
        89  ................  b5b5b5b5b5b5b5b5b5b5b5b5b5b5b5b5
        75  ................  bdbdbdbdbdbdbdbdbdbdbdbdbdbdbdbd
        66  ................  b7b7b7b7b7b7b7b7b7b7b7b7b7b7b7b7
        62  >>>>>>>>>>>>>>>>  3e3e3e3e3e3e3e3e3e3e3e3e3e3e3e3e
        59  ................  17171717171717171717171717171717
        58  rrrrrrrrrrrrrrrr  72727272727272727272727272727272
        58  gggggggggggggggg  67676767676767676767676767676767
# epoch 500  H=7.9620 C=7.8191 HO=0.0894  A(t)=0
       353  [[[[[[[[[[[[[[[[  5b5b5b5b5b5b5b5b5b5b5b5b5b5b5b5b
       222  ,,,,,,,,,,,,,,,,  2c2c2c2c2c2c2c2c2c2c2c2c2c2c2c2c
       189  ]]]]]]]]]]]]]]]]  5d5d5d5d5d5d5d5d5d5d5d5d5d5d5d5d
       141  ................  cdcdcdcdcdcdcdcdcdcdcdcdcdcdcdcd
       104  ________________  20202020202020202020202020202020
       100  ................  2e2e2e2e2e2e2e2e2e2e2e2e2e2e2e2e
        98  ^^^^^^^^^^^^^^^^  5e5e5e5e5e5e5e5e5e5e5e5e5e5e5e5e
        85  \\\\\\\\\\\\\\\\  5c5c5c5c5c5c5c5c5c5c5c5c5c5c5c5c
        78  DDDDDDDDDDDDDDDD  44444444444444444444444444444444
        69  ................  84848484848484848484848484848484
# epoch 750  H=7.9302 C=7.7523 HO=0.1134  A(t)=0
       567  [[[[[[[[[[[[[[[[  5b5b5b5b5b5b5b5b5b5b5b5b5b5b5b5b
       482  ,,,,,,,,,,,,,,,,  2c2c2c2c2c2c2c2c2c2c2c2c2c2c2c2c
       183  ]]]]]]]]]]]]]]]]  5d5d5d5d5d5d5d5d5d5d5d5d5d5d5d5d
       172  ................  8d8d8d8d8d8d8d8d8d8d8d8d8d8d8d8d
       121  \\\\\\\\\\\\\\\\  5c5c5c5c5c5c5c5c5c5c5c5c5c5c5c5c
       110  ................  06060606060606060606060606060606
       107  mmmmmmmmmmmmmmmm  6d6d6d6d6d6d6d6d6d6d6d6d6d6d6d6d
        83  ................  e0e0e0e0e0e0e0e0e0e0e0e0e0e0e0e0
        79  wwwwwwwwwwwwwwww  77777777777777777777777777777777
        79  ****************  2a2a2a2a2a2a2a2a2a2a2a2a2a2a2a2a
# epoch 1000  H=7.9008 C=7.7107 HO=0.1228  A(t)=0
       456  ,,,,,,,,,,,,,,,,  2c2c2c2c2c2c2c2c2c2c2c2c2c2c2c2c
       405  [[[[[[[[[[[[[[[[  5b5b5b5b5b5b5b5b5b5b5b5b5b5b5b5b
       371  ................  2e2e2e2e2e2e2e2e2e2e2e2e2e2e2e2e
       163  ]]]]]]]]]]]]]]]]  5d5d5d5d5d5d5d5d5d5d5d5d5d5d5d5d
       134  ................  c8c8c8c8c8c8c8c8c8c8c8c8c8c8c8c8
       125  ^^^^^^^^^^^^^^^^  5e5e5e5e5e5e5e5e5e5e5e5e5e5e5e5e
       122  ................  01010101010101010101010101010101
       100  ................  85858585858585858585858585858585
        92  ZZZZZZZZZZZZZZZZ  5a5a5a5a5a5a5a5a5a5a5a5a5a5a5a5a
        92  KKKKKKKKKKKKKKKK  4b4b4b4b4b4b4b4b4b4b4b4b4b4b4b4b
# epoch 1250  H=7.8746 C=7.6664 HO=0.1377  A(t)=211
       573  ,,,,,,,,,,,,,,,,  2c2c2c2c2c2c2c2c2c2c2c2c2c2c2c2c
       480  [[[[[[[[[[[[[[[[  5b5b5b5b5b5b5b5b5b5b5b5b5b5b5b5b
       471  ................  2e2e2e2e2e2e2e2e2e2e2e2e2e2e2e2e
       427  ]]]]]]]]]]]]]]]]  5d5d5d5d5d5d5d5d5d5d5d5d5d5d5d5d
        97  ................  f7f7f7f7f7f7f7f7f7f7f7f7f7f7f7f7
        96  QQQQQQQQQQQQQQQQ  51515151515151515151515151515151
        96  ................  1a1a1a1a1a1a1a1a1a1a1a1a1a1a1a1a
        93  ................  f3f3f3f3f3f3f3f3f3f3f3f3f3f3f3f3
        89  XXXXXXXXXXXXXXXX  58585858585858585858585858585858
        83  ................  0a0a0a0a0a0a0a0a0a0a0a0a0a0a0a0a
# epoch 1500  H=7.8607 C=7.6448 HO=0.1398  A(t)=225
       586  ,,,,,,,,,,,,,,,,  2c2c2c2c2c2c2c2c2c2c2c2c2c2c2c2c
       527  [[[[[[[[[[[[[[[[  5b5b5b5b5b5b5b5b5b5b5b5b5b5b5b5b
       309  ]]]]]]]]]]]]]]]]  5d5d5d5d5d5d5d5d5d5d5d5d5d5d5d5d
       150  <<<<<<<<<<<<<<<<  3c3c3c3c3c3c3c3c3c3c3c3c3c3c3c3c
       144  ................  2e2e2e2e2e2e2e2e2e2e2e2e2e2e2e2e
       140  ................  81818181818181818181818181818181
       132  ................  84848484848484848484848484848484
       113  ****************  2a2a2a2a2a2a2a2a2a2a2a2a2a2a2a2a
       112  \\\\\\\\\\\\\\\\  5c5c5c5c5c5c5c5c5c5c5c5c5c5c5c5c
       108  ................  b1b1b1b1b1b1b1b1b1b1b1b1b1b1b1b1
# epoch 1750  H=7.8500 C=7.6467 HO=0.1330  A(t)=239
       472  ,,,,,,,,,,,,,,,,  2c2c2c2c2c2c2c2c2c2c2c2c2c2c2c2c
       430  [[[[[[[[[[[[[[[[  5b5b5b5b5b5b5b5b5b5b5b5b5b5b5b5b
       200  ................  2e2e2e2e2e2e2e2e2e2e2e2e2e2e2e2e
       192  ]]]]]]]]]]]]]]]]  5d5d5d5d5d5d5d5d5d5d5d5d5d5d5d5d
       145  ................  01010101010101010101010101010101
       103  ................  02020202020202020202020202020202
       100  ZZZZZZZZZZZZZZZZ  5a5a5a5a5a5a5a5a5a5a5a5a5a5a5a5a
        98  {{{{{{{{{{{{{{{{  7b7b7b7b7b7b7b7b7b7b7b7b7b7b7b7b
        96  4444444444444444  34343434343434343434343434343434
        94  ````````````````  60606060606060606060606060606060
# epoch 2000  H=6.1652 C=2.0303 HO=4.7480  A(t)=240
     21427  ...w.AA<......j{  ee7ff177f141413cfeb0c1c212136a7b
     21250  t4t4...[...q;u.~  74347434c6e1ce5be4e5e4713b75cd7e
     21200  4t4...[...q;u.~.  347434c6e1ce5be4e5e4713b75cd7eb6
     20983  t4...[...q;u.~.\  7434c6e1ce5be4e5e4713b75cd7eb65c
     20918  4...[...q;u.~.\.  34c6e1ce5be4e5e4713b75cd7eb65c1b
     20820  A<......j{..C,l.  413cfeb0c1c212136a7bfdff432c6cb8
     20800  AA<......j{..C,l  41413cfeb0c1c212136a7bfdff432c6c
     20564  ....w.AA<......j  f1ee7ff177f141413cfeb0c1c212136a
     20486  .AA<......j{..C,  f141413cfeb0c1c212136a7bfdff432c
     20310  <......j{..C,l.6  3cfeb0c1c212136a7bfdff432c6cb836
# epoch 2250  H=5.8742 C=1.6384 HO=4.6409  A(t)=240
     13139  .q;u.~.\.;|.....  e4713b75cd7eb65c1b3b7c0ff1ee7ff1
     12348  q;u.~.\.;|.....w  713b75cd7eb65c1b3b7c0ff1ee7ff177
     12016  ;u.~.\.;|.....w.  3b75cd7eb65c1b3b7c0ff1ee7ff177f1
     10865  u.~.\.;|.....w.A  75cd7eb65c1b3b7c0ff1ee7ff177f141
     10826  .~.\.;|.....w.AA  cd7eb65c1b3b7c0ff1ee7ff177f14141
      9969  t4,4...[...q;u.~  74342c34c6e1ce5be4e5e4713b75cd7e
      9765  4,4...[...q;u.~.  342c34c6e1ce5be4e5e4713b75cd7eb6
      9603  ,4...[...q;u.~.\  2c34c6e1ce5be4e5e4713b75cd7eb65c
      9514  4...[...q;u.~.\.  34c6e1ce5be4e5e4713b75cd7eb65c1b
      9098  .[...q;u.~.\.;|.  ce5be4e5e4713b75cd7eb65c1b3b7c0f
# epoch 2500  H=5.9612 C=1.4444 HO=5.1143  A(t)=240
      9792  t4,4...[...q;u.~  74342c34c6e1ce5be4e5e4713b75cd7e
      9106  [...q;u.~.\.;|..  5be4e5e4713b75cd7eb65c1b3b7c0ff1
      9082  4,4...[...q;u.~.  342c34c6e1ce5be4e5e4713b75cd7eb6
      8826  .[...q;u.~.\.;|.  ce5be4e5e4713b75cd7eb65c1b3b7c0f
      8560  ...[...q;u.~.\.;  c6e1ce5be4e5e4713b75cd7eb65c1b3b
      8517  ..[...q;u.~.\.;|  e1ce5be4e5e4713b75cd7eb65c1b3b7c
      8320  4...[...q;u.~.\.  34c6e1ce5be4e5e4713b75cd7eb65c1b
      8270  ,4...[...q;u.~.\  2c34c6e1ce5be4e5e4713b75cd7eb65c
      8016  ...q;u.~.\.;|...  e4e5e4713b75cd7eb65c1b3b7c0ff1ee
      7953  .q;u.~.\.;|.....  e4713b75cd7eb65c1b3b7c0ff1ee7ff1
# epoch 2750  H=6.1234 C=1.4282 HO=5.3108  A(t)=240
      4132  ...j{..C,l.].<]+  c212136a7bfdff432c6cb85df03c5d2b
      3896  t4,4...[...q;u.~  74342c34c6e1ce5be4e5e4713b75cd7e
      3851  ;u.~.\.;|.....w.  3b75cd7eb65c1b3b7c0ff1ee7ff177f1
      3707  ~.\.;|.....w.AA<  7eb65c1b3b7c0ff1ee7ff177f141413c
      3705  4,4...[...q;u.~.  342c34c6e1ce5be4e5e4713b75cd7eb6
      3642  .q;u.~.\.;|.....  e4713b75cd7eb65c1b3b7c0ff1ee7ff1
      3619  ...[...q;u.~.\.;  c6e1ce5be4e5e4713b75cd7eb65c1b3b
      3611  u.~.\.;|.....w.A  75cd7eb65c1b3b7c0ff1ee7ff177f141
      3608  q;u.~.\.;|.....w  713b75cd7eb65c1b3b7c0ff1ee7ff177
      3553  [...q;u.~.\.;|..  5be4e5e4713b75cd7eb65c1b3b7c0ff1
# epoch 3000  H=6.3176 C=1.4730 HO=5.5031  A(t)=312
      1726  ...j{..C,l.].<]+  c212136a7bfdff432c6cb85df03c5d2b
      1604  t4,4...[...q;u.~  74342c34c6e1ce5be4e5e4713b75cd7e
      1550  ~.\.;|.....w.AA<  7eb65c1b3b7c0ff1ee7ff177f141413c
      1539  <......j{..C,l.]  3cfea9c1c212136a7bfdff432c6cb85d
      1522  ..j{..C,l.].<]+.  12136a7bfdff432c6cb85df03c5d2b1b
      1498  ....j{..C,l.].<]  c1c212136a7bfdff432c6cb85df03c5d
      1429  .~.\.;|.....w.AA  cd7eb65c1b3b7c0ff1ee7ff177f14141
      1306  ..[...q;u.~.\.;|  e1ce5be4e5e4713b75cd7eb65c1b3b7c
      1292  4,4...[...q;u.~.  342c34c6e1ce5be4e5e4713b75cd7eb6
      1260  .j{..C,l.].<]+..  136a7bfdff432c6cb85df03c5d2b1b01
