epoch       0  HO=-0.0026  meanSteps=     0.0  copy=0.000  A(t)=0  sim=0.0s
epoch     200  HO=0.2898  meanSteps=   556.7  copy=0.500  A(t)=0  sim=5.6s
epoch     400  HO=0.4211  meanSteps=   537.8  copy=0.487  A(t)=0  sim=11.0s
epoch     600  HO=0.5104  meanSteps=   532.4  copy=0.487  A(t)=0  sim=16.5s
epoch     800  HO=0.5641  meanSteps=   528.3  copy=0.486  A(t)=0  sim=21.9s
epoch    1000  HO=0.5882  meanSteps=   528.2  copy=0.497  A(t)=308  sim=27.5s
epoch    1200  HO=0.5689  meanSteps=   536.8  copy=0.509  A(t)=316  sim=33.2s
epoch    1400  HO=0.5801  meanSteps=   545.2  copy=0.526  A(t)=324  sim=39.1s
epoch    1600  HO=0.5765  meanSteps=   558.9  copy=0.550  A(t)=334  sim=45.1s
epoch    1800  HO=0.5890  meanSteps=   576.6  copy=0.590  A(t)=345  sim=51.2s
epoch    2000  HO=0.5781  meanSteps=   583.8  copy=0.636  A(t)=366  sim=57.4s
epoch    2200  HO=0.5442  meanSteps=   586.9  copy=0.681  A(t)=380  sim=63.8s
epoch    2400  HO=0.5186  meanSteps=   595.3  copy=0.714  A(t)=386  sim=70.3s
epoch    2600  HO=0.4831  meanSteps=   602.0  copy=0.751  A(t)=390  sim=76.9s
epoch    2800  HO=0.4395  meanSteps=   616.0  copy=0.773  A(t)=399  sim=83.7s
epoch    3000  HO=0.3980  meanSteps=   620.1  copy=0.792  A(t)=404  sim=90.8s
epoch    3200  HO=0.3779  meanSteps=   624.6  copy=0.802  A(t)=406  sim=97.9s
epoch    3400  HO=0.3627  meanSteps=   622.6  copy=0.807  A(t)=408  sim=104.9s
epoch    3600  HO=0.3396  meanSteps=   631.2  copy=0.811  A(t)=411  sim=112.1s
epoch    3800  HO=0.3170  meanSteps=   650.1  copy=0.814  A(t)=412  sim=119.2s
epoch    4000  HO=0.3057  meanSteps=   666.3  copy=0.813  A(t)=416  sim=126.4s
epoch    4200  HO=0.2926  meanSteps=   685.1  copy=0.810  A(t)=416  sim=133.7s
epoch    4400  HO=0.2828  meanSteps=   698.4  copy=0.820  A(t)=418  sim=141.2s
epoch    4600  HO=0.2681  meanSteps=   703.1  copy=0.823  A(t)=418  sim=148.7s
epoch    4800  HO=0.2612  meanSteps=   705.5  copy=0.816  A(t)=418  sim=156.1s
epoch    5000  HO=0.2711  meanSteps=   717.2  copy=0.820  A(t)=420  sim=163.8s
epoch    5200  HO=0.2592  meanSteps=   709.6  copy=0.824  A(t)=420  sim=171.4s
epoch    5400  HO=0.2575  meanSteps=   708.0  copy=0.830  A(t)=421  sim=179.1s
epoch    5600  HO=0.2578  meanSteps=   706.4  copy=0.834  A(t)=421  sim=186.7s
epoch    5800  HO=0.2602  meanSteps=   715.3  copy=0.836  A(t)=423  sim=194.3s
epoch    6000  HO=0.2595  meanSteps=   708.8  copy=0.846  A(t)=423  sim=202.1s
epoch    6200  HO=0.2602  meanSteps=   708.8  copy=0.849  A(t)=423  sim=209.7s
epoch    6400  HO=0.2608  meanSteps=   713.4  copy=0.853  A(t)=423  sim=217.4s
epoch    6600  HO=0.2634  meanSteps=   710.0  copy=0.860  A(t)=426  sim=225.1s
epoch    6800  HO=0.2550  meanSteps=   708.2  copy=0.862  A(t)=426  sim=232.9s
epoch    7000  HO=0.2576  meanSteps=   695.4  copy=0.863  A(t)=426  sim=240.4s
epoch    7200  HO=0.2576  meanSteps=   687.7  copy=0.865  A(t)=426  sim=247.9s
epoch    7400  HO=0.2636  meanSteps=   693.8  copy=0.864  A(t)=427  sim=255.8s
epoch    7600  HO=0.2760  meanSteps=   685.4  copy=0.864  A(t)=429  sim=263.2s
epoch    7800  HO=0.2775  meanSteps=   687.4  copy=0.865  A(t)=429  sim=270.7s
epoch    8000  HO=0.2809  meanSteps=   679.3  copy=0.860  A(t)=430  sim=278.1s
epoch    8200  HO=0.2904  meanSteps=   667.3  copy=0.857  A(t)=430  sim=285.4s
epoch    8400  HO=0.2997  meanSteps=   666.8  copy=0.855  A(t)=431  sim=292.8s
epoch    8600  HO=0.3047  meanSteps=   665.3  copy=0.851  A(t)=431  sim=300.3s
epoch    8800  HO=0.3053  meanSteps=   670.6  copy=0.850  A(t)=431  sim=307.7s
epoch    9000  HO=0.3117  meanSteps=   676.0  copy=0.851  A(t)=431  sim=315.2s
epoch    9200  HO=0.3142  meanSteps=   674.7  copy=0.852  A(t)=431  sim=322.6s
epoch    9400  HO=0.3100  meanSteps=   674.4  copy=0.852  A(t)=431  sim=330.1s
epoch    9600  HO=0.3154  meanSteps=   664.6  copy=0.848  A(t)=431  sim=337.4s
epoch    9800  HO=0.3157  meanSteps=   658.2  copy=0.849  A(t)=432  sim=344.8s
epoch   10000  HO=0.3311  meanSteps=   651.9  copy=0.848  A(t)=433  sim=352.1s
epoch   10200  HO=0.3502  meanSteps=   641.2  copy=0.846  A(t)=438  sim=359.2s
epoch   10400  HO=0.3398  meanSteps=   639.8  copy=0.845  A(t)=439  sim=366.4s
epoch   10600  HO=0.3459  meanSteps=   636.0  copy=0.844  A(t)=439  sim=373.4s
epoch   10800  HO=0.3468  meanSteps=   633.8  copy=0.842  A(t)=439  sim=380.6s
epoch   11000  HO=0.3434  meanSteps=   633.1  copy=0.848  A(t)=439  sim=387.6s
epoch   11200  HO=0.3276  meanSteps=   636.8  copy=0.853  A(t)=441  sim=394.9s
epoch   11400  HO=0.3174  meanSteps=   638.7  copy=0.852  A(t)=441  sim=402.0s
epoch   11600  HO=0.3073  meanSteps=   646.1  copy=0.852  A(t)=443  sim=409.3s
epoch   11800  HO=0.3058  meanSteps=   648.0  copy=0.855  A(t)=443  sim=416.5s
epoch   12000  HO=0.3059  meanSteps=   640.2  copy=0.858  A(t)=443  sim=423.7s
epoch   12200  HO=0.2944  meanSteps=   620.4  copy=0.858  A(t)=443  sim=431.0s
epoch   12400  HO=0.2884  meanSteps=   630.8  copy=0.850  A(t)=443  sim=438.1s
epoch   12600  HO=0.2919  meanSteps=   626.8  copy=0.849  A(t)=445  sim=445.3s
epoch   12800  HO=0.3001  meanSteps=   635.8  copy=0.850  A(t)=445  sim=452.5s
epoch   13000  HO=0.3074  meanSteps=   636.8  copy=0.852  A(t)=451  sim=459.7s
epoch   13200  HO=0.3089  meanSteps=   629.2  copy=0.858  A(t)=451  sim=466.9s
epoch   13400  HO=0.3086  meanSteps=   637.0  copy=0.857  A(t)=451  sim=474.2s
epoch   13600  HO=0.3031  meanSteps=   622.1  copy=0.859  A(t)=452  sim=481.2s
epoch   13800  HO=0.3085  meanSteps=   618.6  copy=0.858  A(t)=452  sim=488.6s
epoch   14000  HO=0.3164  meanSteps=   629.5  copy=0.857  A(t)=452  sim=495.8s
epoch   14200  HO=0.3166  meanSteps=   629.3  copy=0.856  A(t)=453  sim=503.0s
epoch   14400  HO=0.3197  meanSteps=   624.0  copy=0.857  A(t)=455  sim=510.1s
epoch   14600  HO=0.3242  meanSteps=   631.0  copy=0.859  A(t)=455  sim=517.4s
epoch   14800  HO=0.3200  meanSteps=   638.4  copy=0.856  A(t)=456  sim=524.9s
epoch   15000  HO=0.3182  meanSteps=   631.6  copy=0.851  A(t)=456  sim=532.0s
epoch   15200  HO=0.3173  meanSteps=   627.0  copy=0.853  A(t)=458  sim=539.5s
epoch   15400  HO=0.3109  meanSteps=   630.7  copy=0.852  A(t)=461  sim=546.6s
epoch   15600  HO=0.3110  meanSteps=   632.9  copy=0.858  A(t)=461  sim=554.0s
epoch   15800  HO=0.3092  meanSteps=   630.0  copy=0.862  A(t)=461  sim=561.3s
epoch   16000  HO=0.3109  meanSteps=   633.2  copy=0.861  A(t)=462  sim=568.5s
epoch   16200  HO=0.3200  meanSteps=   635.8  copy=0.863  A(t)=465  sim=575.7s
epoch   16400  HO=0.3264  meanSteps=   644.9  copy=0.861  A(t)=465  sim=582.9s
epoch   16600  HO=0.3227  meanSteps=   647.5  copy=0.862  A(t)=465  sim=590.2s
epoch   16800  HO=0.3144  meanSteps=   660.1  copy=0.864  A(t)=465  sim=597.6s
epoch   17000  HO=0.3181  meanSteps=   667.3  copy=0.864  A(t)=465  sim=605.0s
epoch   17200  HO=0.3154  meanSteps=   663.9  copy=0.862  A(t)=466  sim=612.4s
epoch   17400  HO=0.3106  meanSteps=   654.5  copy=0.861  A(t)=468  sim=619.6s
epoch   17600  HO=0.3228  meanSteps=   646.3  copy=0.860  A(t)=476  sim=626.9s
epoch   17800  HO=0.3144  meanSteps=   637.9  copy=0.864  A(t)=477  sim=634.2s
epoch   18000  HO=0.3170  meanSteps=   626.9  copy=0.870  A(t)=477  sim=641.4s
epoch   18200  HO=0.3165  meanSteps=   614.2  copy=0.871  A(t)=478  sim=648.8s
epoch   18400  HO=0.3018  meanSteps=   607.5  copy=0.875  A(t)=479  sim=655.8s
epoch   18600  HO=0.2918  meanSteps=   611.3  copy=0.873  A(t)=479  sim=662.9s
epoch   18800  HO=0.3004  meanSteps=   606.5  copy=0.872  A(t)=479  sim=670.0s
epoch   19000  HO=0.3187  meanSteps=   593.2  copy=0.870  A(t)=479  sim=678.9s
epoch   19200  HO=0.3072  meanSteps=   592.7  copy=0.874  A(t)=480  sim=686.5s
epoch   19400  HO=0.2943  meanSteps=   595.5  copy=0.871  A(t)=480  sim=693.4s
epoch   19600  HO=0.2922  meanSteps=   593.3  copy=0.869  A(t)=480  sim=700.3s
epoch   19800  HO=0.3026  meanSteps=   581.6  copy=0.865  A(t)=480  sim=708.4s
epoch   20000  HO=0.3138  meanSteps=   587.1  copy=0.866  A(t)=480  sim=716.5s
epoch   20200  HO=0.3149  meanSteps=   590.4  copy=0.869  A(t)=480  sim=723.8s
epoch   20400  HO=0.3144  meanSteps=   597.9  copy=0.865  A(t)=480  sim=731.1s
epoch   20600  HO=0.3138  meanSteps=   603.1  copy=0.859  A(t)=482  sim=738.9s
epoch   20800  HO=0.3121  meanSteps=   618.9  copy=0.859  A(t)=482  sim=747.5s
epoch   21000  HO=0.3193  meanSteps=   626.0  copy=0.861  A(t)=482  sim=755.7s
epoch   21200  HO=0.3166  meanSteps=   630.8  copy=0.859  A(t)=482  sim=763.1s
epoch   21400  HO=0.3092  meanSteps=   638.9  copy=0.857  A(t)=482  sim=770.3s
epoch   21600  HO=0.3006  meanSteps=   641.6  copy=0.855  A(t)=482  sim=778.2s
epoch   21800  HO=0.2942  meanSteps=   644.1  copy=0.857  A(t)=484  sim=785.4s
epoch   22000  HO=0.2923  meanSteps=   648.5  copy=0.856  A(t)=484  sim=792.8s
epoch   22200  HO=0.2872  meanSteps=   649.1  copy=0.857  A(t)=485  sim=800.3s
epoch   22400  HO=0.2889  meanSteps=   651.3  copy=0.858  A(t)=485  sim=807.8s
epoch   22600  HO=0.2917  meanSteps=   649.6  copy=0.860  A(t)=485  sim=815.4s
epoch   22800  HO=0.2987  meanSteps=   653.3  copy=0.862  A(t)=486  sim=823.3s
epoch   23000  HO=0.3023  meanSteps=   653.8  copy=0.872  A(t)=487  sim=830.7s
epoch   23200  HO=0.3124  meanSteps=   652.9  copy=0.877  A(t)=487  sim=838.2s
epoch   23400  HO=0.3181  meanSteps=   646.9  copy=0.878  A(t)=487  sim=845.7s
epoch   23600  HO=0.3098  meanSteps=   647.7  copy=0.879  A(t)=489  sim=853.1s
epoch   23800  HO=0.3103  meanSteps=   637.8  copy=0.874  A(t)=489  sim=860.3s
epoch   24000  HO=0.3083  meanSteps=   637.7  copy=0.869  A(t)=489  sim=867.5s
epoch   24200  HO=0.3084  meanSteps=   634.5  copy=0.864  A(t)=489  sim=874.6s
epoch   24400  HO=0.3089  meanSteps=   627.5  copy=0.862  A(t)=489  sim=881.8s
epoch   24600  HO=0.3174  meanSteps=   628.7  copy=0.861  A(t)=489  sim=889.0s
epoch   24800  HO=0.3106  meanSteps=   625.9  copy=0.861  A(t)=489  sim=896.5s
epoch   25000  HO=0.3061  meanSteps=   629.1  copy=0.858  A(t)=489  sim=903.7s
epoch   25200  HO=0.3140  meanSteps=   622.5  copy=0.856  A(t)=489  sim=910.8s
epoch   25400  HO=0.3129  meanSteps=   622.5  copy=0.856  A(t)=489  sim=918.1s
epoch   25600  HO=0.3196  meanSteps=   630.8  copy=0.858  A(t)=490  sim=925.2s
epoch   25800  HO=0.3293  meanSteps=   646.7  copy=0.857  A(t)=490  sim=932.6s
epoch   26000  HO=0.3347  meanSteps=   651.6  copy=0.852  A(t)=490  sim=939.8s
epoch   26200  HO=0.3309  meanSteps=   651.4  copy=0.845  A(t)=490  sim=947.1s
epoch   26400  HO=0.3409  meanSteps=   654.3  copy=0.847  A(t)=490  sim=954.5s
epoch   26600  HO=0.3471  meanSteps=   652.4  copy=0.850  A(t)=490  sim=961.9s
epoch   26800  HO=0.3492  meanSteps=   647.5  copy=0.853  A(t)=492  sim=969.2s
epoch   27000  HO=0.3394  meanSteps=   647.9  copy=0.851  A(t)=492  sim=976.5s
epoch   27200  HO=0.3415  meanSteps=   652.7  copy=0.853  A(t)=492  sim=983.9s
epoch   27400  HO=0.3430  meanSteps=   649.1  copy=0.854  A(t)=492  sim=991.3s
epoch   27600  HO=0.3363  meanSteps=   655.7  copy=0.856  A(t)=492  sim=998.6s
epoch   27800  HO=0.3344  meanSteps=   667.4  copy=0.852  A(t)=492  sim=1005.9s
epoch   28000  HO=0.3321  meanSteps=   665.6  copy=0.854  A(t)=492  sim=1013.3s
epoch   28200  HO=0.3336  meanSteps=   665.3  copy=0.853  A(t)=492  sim=1020.8s
epoch   28400  HO=0.3310  meanSteps=   662.8  copy=0.856  A(t)=492  sim=1028.2s
epoch   28600  HO=0.3229  meanSteps=   661.5  copy=0.860  A(t)=492  sim=1035.9s
epoch   28800  HO=0.3278  meanSteps=   658.1  copy=0.865  A(t)=492  sim=1043.2s
epoch   29000  HO=0.3253  meanSteps=   662.2  copy=0.867  A(t)=492  sim=1050.6s
epoch   29200  HO=0.3201  meanSteps=   657.1  copy=0.870  A(t)=492  sim=1057.9s
epoch   29400  HO=0.3227  meanSteps=   657.5  copy=0.867  A(t)=492  sim=1065.2s
epoch   29600  HO=0.3302  meanSteps=   654.4  copy=0.863  A(t)=494  sim=1072.5s
epoch   29800  HO=0.3320  meanSteps=   659.0  copy=0.857  A(t)=494  sim=1079.9s
epoch   30000  HO=0.3338  meanSteps=   661.0  copy=0.859  A(t)=495  sim=1087.2s
epoch   30200  HO=0.3319  meanSteps=   658.4  copy=0.858  A(t)=499  sim=1094.4s
epoch   30400  HO=0.3355  meanSteps=   667.2  copy=0.858  A(t)=499  sim=1101.7s
epoch   30600  HO=0.3535  meanSteps=   677.6  copy=0.863  A(t)=499  sim=1109.2s
epoch   30800  HO=0.3469  meanSteps=   685.3  copy=0.865  A(t)=499  sim=1116.6s
epoch   31000  HO=0.3499  meanSteps=   684.1  copy=0.866  A(t)=499  sim=1124.0s
epoch   31200  HO=0.3256  meanSteps=   675.5  copy=0.866  A(t)=499  sim=1131.5s
epoch   31400  HO=0.3159  meanSteps=   668.2  copy=0.867  A(t)=499  sim=1138.8s
epoch   31600  HO=0.3174  meanSteps=   668.6  copy=0.864  A(t)=499  sim=1146.1s
epoch   31800  HO=0.3166  meanSteps=   671.6  copy=0.858  A(t)=499  sim=1153.5s
epoch   32000  HO=0.3158  meanSteps=   672.5  copy=0.858  A(t)=501  sim=1160.9s
epoch   32200  HO=0.3182  meanSteps=   669.9  copy=0.861  A(t)=501  sim=1168.4s
epoch   32400  HO=0.3190  meanSteps=   656.6  copy=0.862  A(t)=501  sim=1176.0s
epoch   32600  HO=0.3240  meanSteps=   643.8  copy=0.862  A(t)=501  sim=1183.1s
epoch   32800  HO=0.3250  meanSteps=   649.6  copy=0.858  A(t)=501  sim=1190.4s
epoch   33000  HO=0.3174  meanSteps=   653.3  copy=0.857  A(t)=501  sim=1197.7s
epoch   33200  HO=0.3237  meanSteps=   644.8  copy=0.860  A(t)=501  sim=1205.1s
epoch   33400  HO=0.3170  meanSteps=   646.7  copy=0.862  A(t)=501  sim=1212.4s
epoch   33600  HO=0.3105  meanSteps=   647.9  copy=0.860  A(t)=501  sim=1219.6s
epoch   33800  HO=0.3127  meanSteps=   633.3  copy=0.861  A(t)=503  sim=1226.9s
epoch   34000  HO=0.3171  meanSteps=   638.0  copy=0.863  A(t)=503  sim=1234.1s
epoch   34200  HO=0.3251  meanSteps=   646.1  copy=0.861  A(t)=505  sim=1241.3s
epoch   34400  HO=0.3290  meanSteps=   633.0  copy=0.860  A(t)=505  sim=1248.5s
epoch   34600  HO=0.3251  meanSteps=   632.8  copy=0.856  A(t)=505  sim=1255.7s
epoch   34800  HO=0.3168  meanSteps=   632.9  copy=0.853  A(t)=506  sim=1262.9s
epoch   35000  HO=0.3321  meanSteps=   637.0  copy=0.856  A(t)=506  sim=1270.1s
epoch   35200  HO=0.3528  meanSteps=   627.7  copy=0.855  A(t)=510  sim=1277.2s
epoch   35400  HO=0.3391  meanSteps=   625.5  copy=0.851  A(t)=510  sim=1284.3s
epoch   35600  HO=0.3461  meanSteps=   633.5  copy=0.850  A(t)=510  sim=1291.4s
epoch   35800  HO=0.3439  meanSteps=   637.7  copy=0.853  A(t)=512  sim=1298.7s
epoch   36000  HO=0.3473  meanSteps=   649.0  copy=0.857  A(t)=514  sim=1306.0s
epoch   36200  HO=0.3413  meanSteps=   656.2  copy=0.859  A(t)=516  sim=1313.5s
epoch   36400  HO=0.3406  meanSteps=   652.9  copy=0.857  A(t)=518  sim=1320.9s
epoch   36600  HO=0.3343  meanSteps=   648.6  copy=0.854  A(t)=518  sim=1328.0s
epoch   36800  HO=0.3239  meanSteps=   651.7  copy=0.851  A(t)=518  sim=1335.2s
epoch   37000  HO=0.3273  meanSteps=   641.3  copy=0.854  A(t)=518  sim=1342.4s
epoch   37200  HO=0.3247  meanSteps=   641.6  copy=0.855  A(t)=518  sim=1349.8s
epoch   37400  HO=0.3253  meanSteps=   639.8  copy=0.855  A(t)=518  sim=1357.0s
epoch   37600  HO=0.3202  meanSteps=   637.8  copy=0.860  A(t)=518  sim=1364.3s
epoch   37800  HO=0.3049  meanSteps=   637.1  copy=0.862  A(t)=520  sim=1371.5s
epoch   38000  HO=0.2995  meanSteps=   639.6  copy=0.862  A(t)=521  sim=1378.9s
epoch   38200  HO=0.2978  meanSteps=   637.7  copy=0.860  A(t)=521  sim=1386.1s
epoch   38400  HO=0.2981  meanSteps=   637.2  copy=0.864  A(t)=521  sim=1393.3s
epoch   38600  HO=0.3039  meanSteps=   634.8  copy=0.870  A(t)=521  sim=1400.5s
epoch   38800  HO=0.2981  meanSteps=   631.1  copy=0.870  A(t)=521  sim=1407.8s
epoch   39000  HO=0.2907  meanSteps=   625.0  copy=0.868  A(t)=521  sim=1415.0s
epoch   39200  HO=0.2857  meanSteps=   615.6  copy=0.864  A(t)=521  sim=1422.0s
epoch   39400  HO=0.2842  meanSteps=   606.3  copy=0.865  A(t)=521  sim=1428.9s
epoch   39600  HO=0.2946  meanSteps=   599.4  copy=0.864  A(t)=521  sim=1435.9s
epoch   39800  HO=0.2932  meanSteps=   590.2  copy=0.862  A(t)=521  sim=1442.7s
epoch   40000  HO=0.2898  meanSteps=   588.8  copy=0.862  A(t)=523  sim=1449.8s
epoch   40200  HO=0.3015  meanSteps=   584.5  copy=0.865  A(t)=525  sim=1456.6s
epoch   40400  HO=0.3039  meanSteps=   582.9  copy=0.865  A(t)=525  sim=1463.8s
epoch   40600  HO=0.2925  meanSteps=   580.6  copy=0.862  A(t)=525  sim=1471.0s
epoch   40800  HO=0.2894  meanSteps=   576.1  copy=0.863  A(t)=525  sim=1477.7s
epoch   41000  HO=0.2863  meanSteps=   583.2  copy=0.861  A(t)=525  sim=1484.6s
epoch   41200  HO=0.2977  meanSteps=   581.5  copy=0.858  A(t)=525  sim=1491.5s
epoch   41400  HO=0.3064  meanSteps=   578.7  copy=0.860  A(t)=525  sim=1498.2s
epoch   41600  HO=0.3121  meanSteps=   581.9  copy=0.859  A(t)=525  sim=1505.1s
epoch   41800  HO=0.3343  meanSteps=   586.6  copy=0.858  A(t)=525  sim=1512.1s
epoch   42000  HO=0.3303  meanSteps=   584.2  copy=0.862  A(t)=525  sim=1518.9s
epoch   42200  HO=0.3234  meanSteps=   579.3  copy=0.858  A(t)=525  sim=1525.9s
epoch   42400  HO=0.3317  meanSteps=   580.3  copy=0.852  A(t)=525  sim=1532.7s
epoch   42600  HO=0.3374  meanSteps=   583.4  copy=0.851  A(t)=525  sim=1539.6s
epoch   42800  HO=0.3573  meanSteps=   590.4  copy=0.850  A(t)=525  sim=1546.5s
epoch   43000  HO=0.3554  meanSteps=   594.0  copy=0.854  A(t)=525  sim=1553.5s
epoch   43200  HO=0.3505  meanSteps=   593.8  copy=0.858  A(t)=527  sim=1560.4s
epoch   43400  HO=0.3470  meanSteps=   595.0  copy=0.855  A(t)=529  sim=1567.3s
epoch   43600  HO=0.3440  meanSteps=   600.6  copy=0.850  A(t)=529  sim=1574.3s
epoch   43800  HO=0.3579  meanSteps=   619.0  copy=0.855  A(t)=531  sim=1581.4s
epoch   44000  HO=0.3475  meanSteps=   619.8  copy=0.857  A(t)=531  sim=1588.5s
epoch   44200  HO=0.3464  meanSteps=   629.0  copy=0.859  A(t)=532  sim=1595.7s
epoch   44400  HO=0.3524  meanSteps=   644.8  copy=0.861  A(t)=532  sim=1602.9s
epoch   44600  HO=0.3478  meanSteps=   643.5  copy=0.864  A(t)=532  sim=1610.1s
epoch   44800  HO=0.3452  meanSteps=   634.3  copy=0.865  A(t)=532  sim=1617.4s
epoch   45000  HO=0.3559  meanSteps=   636.5  copy=0.861  A(t)=532  sim=1624.6s
epoch   45200  HO=0.3476  meanSteps=   633.4  copy=0.859  A(t)=534  sim=1631.7s
epoch   45400  HO=0.3492  meanSteps=   623.5  copy=0.862  A(t)=534  sim=1638.7s
epoch   45600  HO=0.3520  meanSteps=   621.3  copy=0.860  A(t)=534  sim=1645.8s
epoch   45800  HO=0.3554  meanSteps=   632.8  copy=0.856  A(t)=535  sim=1653.0s
epoch   46000  HO=0.3629  meanSteps=   620.4  copy=0.853  A(t)=537  sim=1660.0s
epoch   46200  HO=0.3554  meanSteps=   623.2  copy=0.855  A(t)=537  sim=1667.2s
epoch   46400  HO=0.3637  meanSteps=   631.9  copy=0.855  A(t)=537  sim=1674.4s
epoch   46600  HO=0.3547  meanSteps=   640.0  copy=0.856  A(t)=537  sim=1681.8s
epoch   46800  HO=0.3474  meanSteps=   646.0  copy=0.852  A(t)=538  sim=1689.0s
epoch   47000  HO=0.3451  meanSteps=   644.2  copy=0.853  A(t)=538  sim=1696.4s
epoch   47200  HO=0.3443  meanSteps=   640.9  copy=0.854  A(t)=540  sim=1703.7s
epoch   47400  HO=0.3331  meanSteps=   648.4  copy=0.859  A(t)=540  sim=1710.9s
epoch   47600  HO=0.3187  meanSteps=   653.5  copy=0.859  A(t)=540  sim=1718.2s
epoch   47800  HO=0.3121  meanSteps=   654.6  copy=0.859  A(t)=543  sim=1725.4s
epoch   48000  HO=0.3086  meanSteps=   649.7  copy=0.864  A(t)=543  sim=1733.0s
epoch   48200  HO=0.2996  meanSteps=   643.7  copy=0.866  A(t)=543  sim=1740.5s
epoch   48400  HO=0.3019  meanSteps=   656.2  copy=0.862  A(t)=543  sim=1747.8s
epoch   48600  HO=0.3060  meanSteps=   659.7  copy=0.865  A(t)=543  sim=1755.1s
epoch   48800  HO=0.3099  meanSteps=   658.8  copy=0.872  A(t)=545  sim=1762.3s
epoch   49000  HO=0.3129  meanSteps=   655.0  copy=0.873  A(t)=545  sim=1769.8s
epoch   49200  HO=0.3163  meanSteps=   663.6  copy=0.873  A(t)=547  sim=1777.3s
epoch   49400  HO=0.3163  meanSteps=   659.9  copy=0.874  A(t)=547  sim=1784.8s
epoch   49600  HO=0.3173  meanSteps=   656.5  copy=0.875  A(t)=547  sim=1792.1s
epoch   49800  HO=0.3254  meanSteps=   651.2  copy=0.870  A(t)=547  sim=1799.5s
epoch   50000  HO=0.3263  meanSteps=   643.5  copy=0.869  A(t)=547  sim=1806.8s
epoch   50200  HO=0.3327  meanSteps=   635.6  copy=0.870  A(t)=547  sim=1814.1s
epoch   50400  HO=0.3248  meanSteps=   632.8  copy=0.869  A(t)=547  sim=1821.3s
epoch   50600  HO=0.3256  meanSteps=   638.1  copy=0.869  A(t)=547  sim=1828.7s
epoch   50800  HO=0.3145  meanSteps=   634.0  copy=0.869  A(t)=548  sim=1836.0s
epoch   51000  HO=0.3123  meanSteps=   643.3  copy=0.871  A(t)=548  sim=1843.3s
epoch   51200  HO=0.3071  meanSteps=   639.1  copy=0.872  A(t)=550  sim=1850.4s
epoch   51400  HO=0.3015  meanSteps=   630.1  copy=0.870  A(t)=550  sim=1857.7s
epoch   51600  HO=0.3014  meanSteps=   633.5  copy=0.869  A(t)=550  sim=1865.0s
epoch   51800  HO=0.2977  meanSteps=   624.0  copy=0.869  A(t)=550  sim=1872.3s
epoch   52000  HO=0.3000  meanSteps=   618.4  copy=0.869  A(t)=550  sim=1879.4s
epoch   52200  HO=0.3023  meanSteps=   607.4  copy=0.863  A(t)=550  sim=1886.3s
epoch   52400  HO=0.3038  meanSteps=   610.6  copy=0.862  A(t)=550  sim=1893.4s
epoch   52600  HO=0.2998  meanSteps=   606.9  copy=0.861  A(t)=553  sim=1900.4s
epoch   52800  HO=0.3034  meanSteps=   609.2  copy=0.860  A(t)=553  sim=1907.5s
epoch   53000  HO=0.3053  meanSteps=   603.8  copy=0.861  A(t)=553  sim=1914.5s
epoch   53200  HO=0.3054  meanSteps=   598.3  copy=0.857  A(t)=553  sim=1921.6s
epoch   53400  HO=0.3109  meanSteps=   590.5  copy=0.858  A(t)=553  sim=1928.5s
epoch   53600  HO=0.3254  meanSteps=   598.0  copy=0.858  A(t)=553  sim=1935.5s
epoch   53800  HO=0.3194  meanSteps=   603.2  copy=0.858  A(t)=553  sim=1942.6s
epoch   54000  HO=0.3346  meanSteps=   611.4  copy=0.863  A(t)=553  sim=1949.6s
epoch   54200  HO=0.3343  meanSteps=   625.0  copy=0.865  A(t)=554  sim=1956.7s
epoch   54400  HO=0.3364  meanSteps=   628.4  copy=0.862  A(t)=554  sim=1963.8s
epoch   54600  HO=0.3334  meanSteps=   627.4  copy=0.860  A(t)=554  sim=1971.0s
epoch   54800  HO=0.3244  meanSteps=   634.5  copy=0.858  A(t)=555  sim=1978.2s
epoch   55000  HO=0.3183  meanSteps=   636.0  copy=0.854  A(t)=556  sim=1985.3s
epoch   55200  HO=0.3185  meanSteps=   636.5  copy=0.857  A(t)=556  sim=1992.4s
epoch   55400  HO=0.3279  meanSteps=   651.6  copy=0.859  A(t)=557  sim=1999.6s
epoch   55600  HO=0.3286  meanSteps=   657.0  copy=0.860  A(t)=557  sim=2007.1s
epoch   55800  HO=0.3273  meanSteps=   648.2  copy=0.864  A(t)=557  sim=2014.4s
epoch   56000  HO=0.3292  meanSteps=   646.2  copy=0.866  A(t)=557  sim=2021.5s
epoch   56200  HO=0.3305  meanSteps=   650.2  copy=0.865  A(t)=557  sim=2029.0s
epoch   56400  HO=0.3296  meanSteps=   645.0  copy=0.864  A(t)=557  sim=2036.2s
epoch   56600  HO=0.3266  meanSteps=   650.9  copy=0.863  A(t)=560  sim=2043.5s
epoch   56800  HO=0.3238  meanSteps=   648.4  copy=0.866  A(t)=560  sim=2050.9s
epoch   57000  HO=0.3258  meanSteps=   643.8  copy=0.867  A(t)=562  sim=2058.4s
epoch   57200  HO=0.3289  meanSteps=   639.0  copy=0.871  A(t)=562  sim=2065.7s
epoch   57400  HO=0.3174  meanSteps=   630.3  copy=0.869  A(t)=562  sim=2072.9s
epoch   57600  HO=0.3193  meanSteps=   634.8  copy=0.868  A(t)=563  sim=2080.0s
epoch   57800  HO=0.3256  meanSteps=   632.9  copy=0.864  A(t)=563  sim=2087.2s
epoch   58000  HO=0.3152  meanSteps=   636.0  copy=0.862  A(t)=564  sim=2094.4s
epoch   58200  HO=0.3064  meanSteps=   638.8  copy=0.863  A(t)=564  sim=2101.8s
epoch   58400  HO=0.3067  meanSteps=   636.8  copy=0.866  A(t)=566  sim=2109.0s
epoch   58600  HO=0.2981  meanSteps=   633.4  copy=0.870  A(t)=566  sim=2116.1s
epoch   58800  HO=0.3119  meanSteps=   633.0  copy=0.872  A(t)=566  sim=2123.4s
epoch   59000  HO=0.3085  meanSteps=   630.5  copy=0.866  A(t)=566  sim=2130.5s
epoch   59200  HO=0.3027  meanSteps=   626.9  copy=0.867  A(t)=566  sim=2137.7s
epoch   59400  HO=0.2824  meanSteps=   619.4  copy=0.865  A(t)=566  sim=2144.9s
epoch   59600  HO=0.2863  meanSteps=   618.1  copy=0.865  A(t)=566  sim=2152.0s
epoch   59800  HO=0.2902  meanSteps=   620.5  copy=0.863  A(t)=566  sim=2159.2s
epoch   60000  HO=0.2912  meanSteps=   620.0  copy=0.866  A(t)=566  sim=2166.3s
epoch   60200  HO=0.2897  meanSteps=   615.4  copy=0.864  A(t)=566  sim=2173.4s
epoch   60400  HO=0.3045  meanSteps=   621.6  copy=0.863  A(t)=566  sim=2180.6s
epoch   60600  HO=0.3077  meanSteps=   628.0  copy=0.865  A(t)=566  sim=2187.8s
epoch   60800  HO=0.2996  meanSteps=   632.3  copy=0.865  A(t)=566  sim=2195.0s
epoch   61000  HO=0.3029  meanSteps=   631.7  copy=0.863  A(t)=566  sim=2202.0s
epoch   61200  HO=0.3014  meanSteps=   622.5  copy=0.867  A(t)=566  sim=2209.3s
epoch   61400  HO=0.3006  meanSteps=   613.6  copy=0.872  A(t)=566  sim=2216.5s
epoch   61600  HO=0.2934  meanSteps=   616.0  copy=0.874  A(t)=566  sim=2223.6s
epoch   61800  HO=0.2865  meanSteps=   615.4  copy=0.867  A(t)=566  sim=2230.7s
epoch   62000  HO=0.2963  meanSteps=   623.9  copy=0.863  A(t)=566  sim=2237.9s
epoch   62200  HO=0.2954  meanSteps=   626.3  copy=0.860  A(t)=566  sim=2245.0s
epoch   62400  HO=0.3001  meanSteps=   628.7  copy=0.860  A(t)=566  sim=2252.2s
epoch   62600  HO=0.3024  meanSteps=   624.1  copy=0.862  A(t)=567  sim=2259.4s
epoch   62800  HO=0.3171  meanSteps=   618.9  copy=0.866  A(t)=567  sim=2266.5s
epoch   63000  HO=0.3244  meanSteps=   618.2  copy=0.866  A(t)=567  sim=2273.7s
epoch   63200  HO=0.3069  meanSteps=   617.4  copy=0.871  A(t)=567  sim=2280.7s
epoch   63400  HO=0.3062  meanSteps=   618.6  copy=0.873  A(t)=567  sim=2288.0s
epoch   63600  HO=0.2978  meanSteps=   617.2  copy=0.872  A(t)=567  sim=2295.0s
epoch   63800  HO=0.2931  meanSteps=   606.6  copy=0.871  A(t)=567  sim=2302.0s
epoch   64000  HO=0.2915  meanSteps=   606.9  copy=0.874  A(t)=569  sim=2309.1s
done: 64000 epochs in 2659.1s wall (2309.1s simulating), runs/bff_n32768_s1
