epoch       0  HO=-0.0060  meanSteps=     0.0  copy=0.000  A(t)=0  sim=0.0s
epoch     200  HO=0.3400  meanSteps=   533.3  copy=0.510  A(t)=0  sim=0.2s
epoch     400  HO=0.4401  meanSteps=   541.3  copy=0.492  A(t)=0  sim=0.5s
epoch     600  HO=0.4576  meanSteps=   545.9  copy=0.505  A(t)=0  sim=0.6s
epoch     800  HO=0.4894  meanSteps=   503.0  copy=0.565  A(t)=0  sim=0.8s
epoch    1000  HO=0.5198  meanSteps=   426.8  copy=0.646  A(t)=22  sim=1.0s
epoch    1200  HO=0.4967  meanSteps=   437.3  copy=0.726  A(t)=25  sim=1.2s
epoch    1400  HO=0.4180  meanSteps=   498.9  copy=0.780  A(t)=29  sim=1.4s
epoch    1600  HO=0.4527  meanSteps=   529.7  copy=0.789  A(t)=31  sim=1.6s
epoch    1800  HO=0.4232  meanSteps=   566.5  copy=0.806  A(t)=34  sim=1.8s
epoch    2000  HO=0.4116  meanSteps=   591.4  copy=0.797  A(t)=35  sim=2.1s
epoch    2200  HO=0.3324  meanSteps=   536.2  copy=0.804  A(t)=39  sim=2.5s
epoch    2400  HO=0.3316  meanSteps=   536.3  copy=0.841  A(t)=42  sim=2.7s
epoch    2600  HO=0.3378  meanSteps=   516.8  copy=0.866  A(t)=43  sim=3.0s
epoch    2800  HO=0.3112  meanSteps=   519.1  copy=0.894  A(t)=47  sim=3.2s
epoch    3000  HO=0.3006  meanSteps=   499.2  copy=0.889  A(t)=47  sim=3.4s
epoch    3200  HO=0.2722  meanSteps=   503.9  copy=0.898  A(t)=49  sim=3.6s
epoch    3400  HO=0.2933  meanSteps=   444.5  copy=0.893  A(t)=52  sim=4.0s
epoch    3600  HO=0.3384  meanSteps=   468.3  copy=0.864  A(t)=54  sim=4.2s
epoch    3800  HO=0.3468  meanSteps=   521.8  copy=0.836  A(t)=55  sim=4.4s
epoch    4000  HO=0.3578  meanSteps=   544.5  copy=0.831  A(t)=55  sim=4.6s
epoch    4200  HO=0.3537  meanSteps=   557.2  copy=0.827  A(t)=58  sim=4.8s
epoch    4400  HO=0.3960  meanSteps=   595.1  copy=0.805  A(t)=61  sim=5.0s
epoch    4600  HO=0.3665  meanSteps=   597.2  copy=0.810  A(t)=63  sim=5.2s
epoch    4800  HO=0.3512  meanSteps=   610.0  copy=0.789  A(t)=66  sim=5.4s
epoch    5000  HO=0.3308  meanSteps=   656.6  copy=0.781  A(t)=67  sim=5.6s
epoch    5200  HO=0.3179  meanSteps=   646.2  copy=0.777  A(t)=68  sim=5.9s
epoch    5400  HO=0.2976  meanSteps=   634.7  copy=0.773  A(t)=68  sim=6.1s
epoch    5600  HO=0.2542  meanSteps=   603.3  copy=0.753  A(t)=72  sim=6.3s
epoch    5800  HO=0.2458  meanSteps=   620.8  copy=0.745  A(t)=73  sim=6.5s
epoch    6000  HO=0.2530  meanSteps=   610.1  copy=0.747  A(t)=75  sim=6.8s
epoch    6200  HO=0.2258  meanSteps=   621.0  copy=0.784  A(t)=79  sim=7.0s
epoch    6400  HO=0.2106  meanSteps=   594.4  copy=0.807  A(t)=80  sim=7.2s
epoch    6600  HO=0.2327  meanSteps=   598.9  copy=0.825  A(t)=81  sim=7.4s
epoch    6800  HO=0.2591  meanSteps=   611.0  copy=0.832  A(t)=83  sim=7.6s
epoch    7000  HO=0.3287  meanSteps=   622.7  copy=0.845  A(t)=83  sim=7.8s
epoch    7200  HO=0.2849  meanSteps=   575.9  copy=0.876  A(t)=83  sim=8.0s
epoch    7400  HO=0.1939  meanSteps=   526.7  copy=0.880  A(t)=83  sim=8.2s
epoch    7600  HO=0.1440  meanSteps=   464.8  copy=0.879  A(t)=83  sim=8.4s
epoch    7800  HO=0.1464  meanSteps=   462.3  copy=0.863  A(t)=83  sim=8.6s
epoch    8000  HO=0.1448  meanSteps=   470.9  copy=0.858  A(t)=83  sim=8.8s
epoch    8200  HO=0.0986  meanSteps=   464.3  copy=0.857  A(t)=83  sim=9.0s
epoch    8400  HO=0.1357  meanSteps=   477.8  copy=0.860  A(t)=83  sim=9.2s
epoch    8600  HO=0.1074  meanSteps=   512.6  copy=0.853  A(t)=83  sim=9.4s
epoch    8800  HO=0.1432  meanSteps=   554.6  copy=0.856  A(t)=83  sim=9.6s
epoch    9000  HO=0.1505  meanSteps=   574.0  copy=0.844  A(t)=83  sim=9.9s
epoch    9200  HO=0.1143  meanSteps=   539.9  copy=0.836  A(t)=86  sim=10.1s
epoch    9400  HO=0.1533  meanSteps=   556.6  copy=0.849  A(t)=87  sim=10.3s
epoch    9600  HO=0.1554  meanSteps=   572.8  copy=0.839  A(t)=89  sim=10.5s
epoch    9800  HO=0.1735  meanSteps=   569.4  copy=0.832  A(t)=92  sim=10.7s
epoch   10000  HO=0.2173  meanSteps=   596.5  copy=0.827  A(t)=92  sim=10.9s
epoch   10200  HO=0.2089  meanSteps=   557.7  copy=0.834  A(t)=93  sim=11.2s
epoch   10400  HO=0.2299  meanSteps=   516.6  copy=0.808  A(t)=95  sim=11.4s
epoch   10600  HO=0.2450  meanSteps=   542.8  copy=0.771  A(t)=95  sim=11.6s
epoch   10800  HO=0.2870  meanSteps=   541.8  copy=0.777  A(t)=95  sim=11.8s
epoch   11000  HO=0.3029  meanSteps=   493.7  copy=0.791  A(t)=97  sim=12.0s
epoch   11200  HO=0.3866  meanSteps=   456.2  copy=0.807  A(t)=98  sim=12.1s
epoch   11400  HO=0.3266  meanSteps=   433.4  copy=0.818  A(t)=102  sim=12.3s
epoch   11600  HO=0.3198  meanSteps=   409.1  copy=0.834  A(t)=104  sim=12.5s
epoch   11800  HO=0.2783  meanSteps=   410.8  copy=0.862  A(t)=104  sim=12.7s
epoch   12000  HO=0.2519  meanSteps=   434.0  copy=0.886  A(t)=105  sim=12.9s
epoch   12200  HO=0.2360  meanSteps=   477.3  copy=0.893  A(t)=106  sim=13.0s
epoch   12400  HO=0.2225  meanSteps=   516.8  copy=0.875  A(t)=106  sim=13.2s
epoch   12600  HO=0.2320  meanSteps=   531.8  copy=0.886  A(t)=106  sim=13.4s
epoch   12800  HO=0.2000  meanSteps=   546.6  copy=0.893  A(t)=106  sim=13.6s
epoch   13000  HO=0.2028  meanSteps=   470.6  copy=0.916  A(t)=106  sim=13.8s
epoch   13200  HO=0.1772  meanSteps=   468.5  copy=0.902  A(t)=106  sim=14.0s
epoch   13400  HO=0.1853  meanSteps=   470.8  copy=0.891  A(t)=106  sim=14.2s
epoch   13600  HO=0.1723  meanSteps=   455.1  copy=0.885  A(t)=106  sim=14.4s
epoch   13800  HO=0.1886  meanSteps=   482.3  copy=0.862  A(t)=106  sim=14.6s
epoch   14000  HO=0.2327  meanSteps=   526.2  copy=0.854  A(t)=106  sim=14.8s
epoch   14200  HO=0.2849  meanSteps=   604.0  copy=0.846  A(t)=107  sim=15.0s
epoch   14400  HO=0.3192  meanSteps=   604.7  copy=0.843  A(t)=108  sim=15.3s
epoch   14600  HO=0.2842  meanSteps=   609.0  copy=0.853  A(t)=108  sim=15.5s
epoch   14800  HO=0.2167  meanSteps=   641.2  copy=0.844  A(t)=108  sim=15.7s
epoch   15000  HO=0.3161  meanSteps=   609.5  copy=0.840  A(t)=110  sim=15.9s
epoch   15200  HO=0.3575  meanSteps=   570.7  copy=0.871  A(t)=110  sim=16.1s
epoch   15400  HO=0.3503  meanSteps=   598.9  copy=0.860  A(t)=110  sim=16.3s
epoch   15600  HO=0.3462  meanSteps=   554.8  copy=0.854  A(t)=110  sim=16.5s
epoch   15800  HO=0.3998  meanSteps=   590.7  copy=0.829  A(t)=111  sim=16.7s
epoch   16000  HO=0.3453  meanSteps=   617.2  copy=0.808  A(t)=112  sim=16.9s
epoch   16200  HO=0.4082  meanSteps=   667.3  copy=0.814  A(t)=113  sim=17.2s
epoch   16400  HO=0.3844  meanSteps=   721.5  copy=0.782  A(t)=113  sim=17.4s
epoch   16600  HO=0.4243  meanSteps=   741.7  copy=0.771  A(t)=115  sim=17.6s
epoch   16800  HO=0.3881  meanSteps=   721.2  copy=0.765  A(t)=115  sim=17.9s
epoch   17000  HO=0.3650  meanSteps=   680.8  copy=0.775  A(t)=116  sim=18.1s
epoch   17200  HO=0.3151  meanSteps=   639.6  copy=0.756  A(t)=116  sim=18.3s
epoch   17400  HO=0.3388  meanSteps=   690.8  copy=0.732  A(t)=119  sim=18.6s
epoch   17600  HO=0.3174  meanSteps=   721.8  copy=0.711  A(t)=120  sim=18.8s
epoch   17800  HO=0.3419  meanSteps=   705.0  copy=0.722  A(t)=120  sim=19.0s
epoch   18000  HO=0.3134  meanSteps=   706.1  copy=0.685  A(t)=122  sim=19.3s
epoch   18200  HO=0.2545  meanSteps=   725.4  copy=0.681  A(t)=124  sim=19.5s
epoch   18400  HO=0.2578  meanSteps=   733.5  copy=0.672  A(t)=126  sim=19.7s
epoch   18600  HO=0.2316  meanSteps=   645.1  copy=0.683  A(t)=129  sim=19.9s
epoch   18800  HO=0.2343  meanSteps=   620.9  copy=0.694  A(t)=130  sim=20.2s
epoch   19000  HO=0.2662  meanSteps=   607.5  copy=0.708  A(t)=130  sim=20.4s
epoch   19200  HO=0.2710  meanSteps=   709.2  copy=0.682  A(t)=133  sim=20.6s
epoch   19400  HO=0.3179  meanSteps=   816.2  copy=0.713  A(t)=133  sim=20.9s
epoch   19600  HO=0.2693  meanSteps=   785.9  copy=0.759  A(t)=133  sim=21.2s
epoch   19800  HO=0.2350  meanSteps=   833.4  copy=0.803  A(t)=134  sim=21.4s
epoch   20000  HO=0.2135  meanSteps=   818.7  copy=0.815  A(t)=135  sim=21.7s
epoch   20200  HO=0.1976  meanSteps=   797.1  copy=0.823  A(t)=136  sim=21.9s
epoch   20400  HO=0.2357  meanSteps=   832.7  copy=0.841  A(t)=136  sim=22.2s
epoch   20600  HO=0.1834  meanSteps=   859.5  copy=0.839  A(t)=136  sim=22.5s
epoch   20800  HO=0.2013  meanSteps=   951.6  copy=0.824  A(t)=136  sim=22.7s
epoch   21000  HO=0.2108  meanSteps=   895.2  copy=0.831  A(t)=136  sim=23.0s
epoch   21200  HO=0.2206  meanSteps=   787.0  copy=0.862  A(t)=137  sim=23.2s
epoch   21400  HO=0.2462  meanSteps=   674.9  copy=0.870  A(t)=137  sim=23.5s
epoch   21600  HO=0.2066  meanSteps=   677.3  copy=0.884  A(t)=137  sim=23.7s
epoch   21800  HO=0.1972  meanSteps=   637.5  copy=0.856  A(t)=137  sim=23.9s
epoch   22000  HO=0.1641  meanSteps=   658.2  copy=0.838  A(t)=138  sim=24.2s
epoch   22200  HO=0.1979  meanSteps=   735.3  copy=0.839  A(t)=139  sim=24.4s
epoch   22400  HO=0.2677  meanSteps=   734.4  copy=0.825  A(t)=140  sim=24.7s
epoch   22600  HO=0.2351  meanSteps=   766.5  copy=0.830  A(t)=141  sim=25.0s
epoch   22800  HO=0.2055  meanSteps=   774.4  copy=0.848  A(t)=141  sim=25.2s
epoch   23000  HO=0.1999  meanSteps=   772.8  copy=0.837  A(t)=143  sim=25.5s
epoch   23200  HO=0.1992  meanSteps=   778.7  copy=0.849  A(t)=144  sim=25.7s
epoch   23400  HO=0.2196  meanSteps=   790.0  copy=0.859  A(t)=144  sim=26.0s
epoch   23600  HO=0.2442  meanSteps=   699.7  copy=0.870  A(t)=145  sim=26.2s
epoch   23800  HO=0.2312  meanSteps=   675.2  copy=0.856  A(t)=145  sim=26.4s
epoch   24000  HO=0.2282  meanSteps=   667.4  copy=0.842  A(t)=145  sim=26.7s
epoch   24200  HO=0.2687  meanSteps=   612.9  copy=0.838  A(t)=146  sim=26.9s
epoch   24400  HO=0.2587  meanSteps=   572.6  copy=0.844  A(t)=146  sim=27.1s
epoch   24600  HO=0.2828  meanSteps=   560.4  copy=0.873  A(t)=147  sim=27.3s
epoch   24800  HO=0.2742  meanSteps=   555.0  copy=0.878  A(t)=148  sim=27.5s
epoch   25000  HO=0.2664  meanSteps=   538.7  copy=0.876  A(t)=148  sim=27.7s
epoch   25200  HO=0.2659  meanSteps=   577.1  copy=0.885  A(t)=148  sim=27.9s
epoch   25400  HO=0.2612  meanSteps=   570.2  copy=0.884  A(t)=149  sim=28.1s
epoch   25600  HO=0.2372  meanSteps=   569.7  copy=0.888  A(t)=150  sim=28.3s
epoch   25800  HO=0.1995  meanSteps=   549.6  copy=0.887  A(t)=151  sim=28.6s
epoch   26000  HO=0.1880  meanSteps=   505.9  copy=0.867  A(t)=151  sim=28.8s
epoch   26200  HO=0.2223  meanSteps=   514.9  copy=0.845  A(t)=151  sim=29.0s
epoch   26400  HO=0.2544  meanSteps=   528.2  copy=0.831  A(t)=152  sim=29.2s
epoch   26600  HO=0.3259  meanSteps=   546.4  copy=0.830  A(t)=152  sim=29.4s
epoch   26800  HO=0.3280  meanSteps=   541.2  copy=0.819  A(t)=152  sim=29.5s
epoch   27000  HO=0.3435  meanSteps=   569.3  copy=0.845  A(t)=153  sim=29.8s
epoch   27200  HO=0.3859  meanSteps=   579.0  copy=0.860  A(t)=154  sim=30.0s
epoch   27400  HO=0.3249  meanSteps=   540.0  copy=0.846  A(t)=155  sim=30.2s
epoch   27600  HO=0.2702  meanSteps=   500.8  copy=0.836  A(t)=155  sim=30.4s
epoch   27800  HO=0.3245  meanSteps=   506.7  copy=0.819  A(t)=155  sim=30.6s
epoch   28000  HO=0.3428  meanSteps=   537.9  copy=0.833  A(t)=155  sim=30.8s
epoch   28200  HO=0.3156  meanSteps=   519.4  copy=0.826  A(t)=156  sim=31.0s
epoch   28400  HO=0.4506  meanSteps=   473.7  copy=0.813  A(t)=156  sim=31.1s
epoch   28600  HO=0.4114  meanSteps=   462.4  copy=0.822  A(t)=158  sim=31.3s
epoch   28800  HO=0.4149  meanSteps=   437.6  copy=0.824  A(t)=158  sim=31.5s
epoch   29000  HO=0.4024  meanSteps=   405.8  copy=0.835  A(t)=158  sim=31.7s
epoch   29200  HO=0.3860  meanSteps=   361.1  copy=0.804  A(t)=160  sim=31.8s
epoch   29400  HO=0.2767  meanSteps=   340.1  copy=0.786  A(t)=161  sim=32.0s
epoch   29600  HO=0.2756  meanSteps=   370.9  copy=0.790  A(t)=161  sim=32.2s
epoch   29800  HO=0.3595  meanSteps=   423.3  copy=0.782  A(t)=163  sim=32.4s
epoch   30000  HO=0.4519  meanSteps=   395.4  copy=0.810  A(t)=163  sim=32.5s
epoch   30200  HO=0.4574  meanSteps=   426.9  copy=0.839  A(t)=163  sim=32.7s
epoch   30400  HO=0.4274  meanSteps=   491.7  copy=0.864  A(t)=163  sim=32.9s
epoch   30600  HO=0.3584  meanSteps=   557.6  copy=0.856  A(t)=163  sim=33.1s
epoch   30800  HO=0.3813  meanSteps=   592.9  copy=0.860  A(t)=164  sim=33.3s
epoch   31000  HO=0.3634  meanSteps=   583.9  copy=0.887  A(t)=164  sim=33.5s
epoch   31200  HO=0.3485  meanSteps=   623.2  copy=0.888  A(t)=165  sim=33.7s
epoch   31400  HO=0.3549  meanSteps=   691.1  copy=0.848  A(t)=167  sim=34.0s
epoch   31600  HO=0.3333  meanSteps=   693.3  copy=0.871  A(t)=168  sim=34.2s
epoch   31800  HO=0.3842  meanSteps=   622.6  copy=0.894  A(t)=168  sim=34.4s
epoch   32000  HO=0.3408  meanSteps=   574.6  copy=0.905  A(t)=168  sim=34.6s
epoch   32200  HO=0.3338  meanSteps=   513.8  copy=0.915  A(t)=169  sim=34.8s
epoch   32400  HO=0.3497  meanSteps=   583.4  copy=0.913  A(t)=169  sim=35.0s
epoch   32600  HO=0.3818  meanSteps=   604.3  copy=0.902  A(t)=170  sim=35.2s
epoch   32800  HO=0.3864  meanSteps=   617.3  copy=0.897  A(t)=170  sim=35.5s
epoch   33000  HO=0.3590  meanSteps=   623.0  copy=0.892  A(t)=170  sim=35.7s
epoch   33200  HO=0.3369  meanSteps=   611.9  copy=0.900  A(t)=171  sim=35.9s
epoch   33400  HO=0.3560  meanSteps=   612.6  copy=0.895  A(t)=171  sim=36.1s
epoch   33600  HO=0.3696  meanSteps=   629.8  copy=0.887  A(t)=171  sim=36.3s
epoch   33800  HO=0.3955  meanSteps=   616.3  copy=0.873  A(t)=172  sim=36.5s
epoch   34000  HO=0.4058  meanSteps=   618.3  copy=0.864  A(t)=172  sim=36.8s
epoch   34200  HO=0.3817  meanSteps=   600.4  copy=0.852  A(t)=173  sim=37.0s
epoch   34400  HO=0.3334  meanSteps=   596.4  copy=0.830  A(t)=173  sim=37.2s
epoch   34600  HO=0.3384  meanSteps=   573.5  copy=0.823  A(t)=174  sim=37.4s
epoch   34800  HO=0.3560  meanSteps=   507.2  copy=0.830  A(t)=174  sim=37.6s
epoch   35000  HO=0.3312  meanSteps=   449.9  copy=0.820  A(t)=174  sim=37.8s
epoch   35200  HO=0.3642  meanSteps=   442.0  copy=0.801  A(t)=174  sim=38.0s
epoch   35400  HO=0.2871  meanSteps=   428.1  copy=0.790  A(t)=174  sim=38.2s
epoch   35600  HO=0.2966  meanSteps=   441.8  copy=0.779  A(t)=174  sim=38.3s
epoch   35800  HO=0.3294  meanSteps=   445.4  copy=0.756  A(t)=174  sim=38.5s
epoch   36000  HO=0.3278  meanSteps=   448.6  copy=0.720  A(t)=174  sim=38.7s
epoch   36200  HO=0.4143  meanSteps=   478.9  copy=0.694  A(t)=174  sim=38.9s
epoch   36400  HO=0.4672  meanSteps=   610.1  copy=0.655  A(t)=176  sim=39.1s
epoch   36600  HO=0.5092  meanSteps=   712.9  copy=0.655  A(t)=176  sim=39.3s
epoch   36800  HO=0.5796  meanSteps=   653.4  copy=0.666  A(t)=178  sim=39.5s
epoch   37000  HO=0.5376  meanSteps=   652.6  copy=0.692  A(t)=179  sim=39.8s
epoch   37200  HO=0.4938  meanSteps=   617.1  copy=0.691  A(t)=181  sim=40.0s
epoch   37400  HO=0.5021  meanSteps=   606.0  copy=0.714  A(t)=181  sim=40.2s
epoch   37600  HO=0.4643  meanSteps=   639.7  copy=0.738  A(t)=182  sim=40.4s
epoch   37800  HO=0.4392  meanSteps=   640.2  copy=0.716  A(t)=182  sim=40.6s
epoch   38000  HO=0.4335  meanSteps=   609.7  copy=0.704  A(t)=182  sim=40.8s
epoch   38200  HO=0.4067  meanSteps=   634.5  copy=0.721  A(t)=182  sim=41.1s
epoch   38400  HO=0.4448  meanSteps=   697.1  copy=0.770  A(t)=184  sim=41.3s
epoch   38600  HO=0.4012  meanSteps=   799.6  copy=0.818  A(t)=184  sim=41.6s
epoch   38800  HO=0.3733  meanSteps=   867.9  copy=0.812  A(t)=184  sim=41.9s
epoch   39000  HO=0.3813  meanSteps=   896.4  copy=0.832  A(t)=185  sim=42.2s
epoch   39200  HO=0.3427  meanSteps=   956.5  copy=0.839  A(t)=187  sim=42.4s
epoch   39400  HO=0.2569  meanSteps=   983.9  copy=0.839  A(t)=187  sim=42.7s
epoch   39600  HO=0.2517  meanSteps=  1053.5  copy=0.868  A(t)=187  sim=43.0s
epoch   39800  HO=0.2047  meanSteps=  1063.3  copy=0.880  A(t)=187  sim=43.3s
epoch   40000  HO=0.1851  meanSteps=   957.5  copy=0.895  A(t)=187  sim=43.6s
epoch   40200  HO=0.1709  meanSteps=   869.0  copy=0.889  A(t)=187  sim=43.9s
epoch   40400  HO=0.2010  meanSteps=   848.6  copy=0.897  A(t)=188  sim=44.2s
epoch   40600  HO=0.2296  meanSteps=   862.3  copy=0.893  A(t)=188  sim=44.4s
epoch   40800  HO=0.2458  meanSteps=   842.2  copy=0.869  A(t)=188  sim=44.7s
epoch   41000  HO=0.2387  meanSteps=   761.0  copy=0.861  A(t)=188  sim=44.9s
epoch   41200  HO=0.2334  meanSteps=   810.1  copy=0.857  A(t)=188  sim=45.2s
epoch   41400  HO=0.2314  meanSteps=   795.2  copy=0.854  A(t)=188  sim=45.4s
epoch   41600  HO=0.2533  meanSteps=   853.1  copy=0.861  A(t)=188  sim=45.7s
epoch   41800  HO=0.2725  meanSteps=   968.8  copy=0.844  A(t)=188  sim=46.0s
epoch   42000  HO=0.2959  meanSteps=  1021.6  copy=0.833  A(t)=188  sim=46.3s
epoch   42200  HO=0.3193  meanSteps=  1036.2  copy=0.818  A(t)=190  sim=46.5s
epoch   42400  HO=0.4704  meanSteps=  1096.6  copy=0.815  A(t)=190  sim=46.9s
epoch   42600  HO=0.4441  meanSteps=  1057.6  copy=0.804  A(t)=190  sim=47.2s
epoch   42800  HO=0.3421  meanSteps=  1068.4  copy=0.822  A(t)=191  sim=47.5s
epoch   43000  HO=0.2963  meanSteps=  1012.5  copy=0.791  A(t)=191  sim=47.7s
epoch   43200  HO=0.2577  meanSteps=  1060.8  copy=0.757  A(t)=191  sim=48.1s
epoch   43400  HO=0.2222  meanSteps=  1048.4  copy=0.720  A(t)=191  sim=48.4s
epoch   43600  HO=0.1800  meanSteps=   983.9  copy=0.712  A(t)=191  sim=48.6s
epoch   43800  HO=0.1709  meanSteps=   964.0  copy=0.714  A(t)=191  sim=48.9s
epoch   44000  HO=0.1638  meanSteps=   907.8  copy=0.728  A(t)=191  sim=49.2s
epoch   44200  HO=0.1559  meanSteps=   927.4  copy=0.730  A(t)=192  sim=49.4s
epoch   44400  HO=0.1608  meanSteps=   900.6  copy=0.721  A(t)=192  sim=49.7s
epoch   44600  HO=0.1542  meanSteps=   856.6  copy=0.714  A(t)=193  sim=50.0s
epoch   44800  HO=0.1707  meanSteps=   893.0  copy=0.702  A(t)=193  sim=50.2s
epoch   45000  HO=0.1453  meanSteps=   875.4  copy=0.683  A(t)=193  sim=50.5s
epoch   45200  HO=0.1497  meanSteps=   875.1  copy=0.666  A(t)=193  sim=50.8s
epoch   45400  HO=0.1598  meanSteps=   812.2  copy=0.660  A(t)=194  sim=51.0s
epoch   45600  HO=0.2287  meanSteps=   769.7  copy=0.660  A(t)=194  sim=51.3s
epoch   45800  HO=0.1988  meanSteps=   751.9  copy=0.639  A(t)=194  sim=51.5s
epoch   46000  HO=0.2238  meanSteps=   810.3  copy=0.662  A(t)=195  sim=51.8s
epoch   46200  HO=0.2247  meanSteps=   863.3  copy=0.671  A(t)=195  sim=52.0s
epoch   46400  HO=0.3295  meanSteps=   951.6  copy=0.665  A(t)=195  sim=52.3s
epoch   46600  HO=0.3357  meanSteps=   981.7  copy=0.692  A(t)=196  sim=52.6s
epoch   46800  HO=0.3178  meanSteps=   934.1  copy=0.710  A(t)=197  sim=52.9s
epoch   47000  HO=0.2567  meanSteps=   889.5  copy=0.708  A(t)=197  sim=53.1s
epoch   47200  HO=0.2303  meanSteps=   892.9  copy=0.705  A(t)=199  sim=53.4s
epoch   47400  HO=0.1771  meanSteps=   923.1  copy=0.707  A(t)=201  sim=53.7s
epoch   47600  HO=0.1481  meanSteps=   919.2  copy=0.686  A(t)=201  sim=54.0s
epoch   47800  HO=0.1232  meanSteps=   932.1  copy=0.650  A(t)=201  sim=54.3s
epoch   48000  HO=0.1120  meanSteps=   916.2  copy=0.641  A(t)=201  sim=54.5s
epoch   48200  HO=0.1153  meanSteps=   885.1  copy=0.656  A(t)=201  sim=54.8s
epoch   48400  HO=0.1245  meanSteps=   887.3  copy=0.640  A(t)=201  sim=55.1s
epoch   48600  HO=0.1271  meanSteps=   911.0  copy=0.596  A(t)=201  sim=55.3s
epoch   48800  HO=0.0990  meanSteps=   848.7  copy=0.573  A(t)=201  sim=55.6s
epoch   49000  HO=0.1353  meanSteps=   888.4  copy=0.569  A(t)=201  sim=55.9s
epoch   49200  HO=0.1267  meanSteps=   954.2  copy=0.575  A(t)=201  sim=56.1s
epoch   49400  HO=0.1919  meanSteps=  1016.4  copy=0.572  A(t)=201  sim=56.4s
epoch   49600  HO=0.2573  meanSteps=  1057.6  copy=0.602  A(t)=201  sim=56.7s
epoch   49800  HO=0.3543  meanSteps=  1036.5  copy=0.662  A(t)=201  sim=57.0s
epoch   50000  HO=0.3225  meanSteps=  1032.5  copy=0.664  A(t)=201  sim=57.3s
epoch   50200  HO=0.3971  meanSteps=  1089.6  copy=0.646  A(t)=201  sim=57.6s
epoch   50400  HO=0.4060  meanSteps=  1071.7  copy=0.676  A(t)=201  sim=57.9s
epoch   50600  HO=0.3434  meanSteps=   943.0  copy=0.717  A(t)=201  sim=58.2s
epoch   50800  HO=0.3572  meanSteps=   884.6  copy=0.718  A(t)=201  sim=58.4s
epoch   51000  HO=0.2963  meanSteps=   897.2  copy=0.740  A(t)=201  sim=58.7s
epoch   51200  HO=0.2268  meanSteps=   862.1  copy=0.732  A(t)=203  sim=58.9s
epoch   51400  HO=0.1923  meanSteps=   849.8  copy=0.761  A(t)=203  sim=59.2s
epoch   51600  HO=0.2216  meanSteps=   809.5  copy=0.760  A(t)=204  sim=59.5s
epoch   51800  HO=0.1925  meanSteps=   813.5  copy=0.766  A(t)=204  sim=59.7s
epoch   52000  HO=0.1479  meanSteps=   802.9  copy=0.786  A(t)=204  sim=59.9s
epoch   52200  HO=0.1423  meanSteps=   818.4  copy=0.789  A(t)=205  sim=60.2s
epoch   52400  HO=0.1999  meanSteps=   821.6  copy=0.766  A(t)=205  sim=60.4s
epoch   52600  HO=0.1865  meanSteps=   811.9  copy=0.797  A(t)=205  sim=60.7s
epoch   52800  HO=0.1750  meanSteps=   739.1  copy=0.791  A(t)=205  sim=61.0s
epoch   53000  HO=0.1996  meanSteps=   671.4  copy=0.806  A(t)=205  sim=61.2s
epoch   53200  HO=0.2145  meanSteps=   674.3  copy=0.805  A(t)=206  sim=61.4s
epoch   53400  HO=0.1549  meanSteps=   618.5  copy=0.797  A(t)=207  sim=61.6s
epoch   53600  HO=0.1488  meanSteps=   563.0  copy=0.822  A(t)=207  sim=61.8s
epoch   53800  HO=0.1457  meanSteps=   527.8  copy=0.848  A(t)=207  sim=62.0s
epoch   54000  HO=0.1618  meanSteps=   511.4  copy=0.837  A(t)=208  sim=62.2s
epoch   54200  HO=0.1503  meanSteps=   484.9  copy=0.841  A(t)=208  sim=62.4s
epoch   54400  HO=0.1245  meanSteps=   447.1  copy=0.851  A(t)=208  sim=62.6s
epoch   54600  HO=0.1449  meanSteps=   457.1  copy=0.838  A(t)=208  sim=62.7s
epoch   54800  HO=0.1474  meanSteps=   500.1  copy=0.836  A(t)=209  sim=63.0s
epoch   55000  HO=0.1201  meanSteps=   553.4  copy=0.824  A(t)=210  sim=63.2s
epoch   55200  HO=0.1246  meanSteps=   504.3  copy=0.820  A(t)=210  sim=63.4s
epoch   55400  HO=0.1200  meanSteps=   494.6  copy=0.820  A(t)=212  sim=63.6s
epoch   55600  HO=0.1219  meanSteps=   542.8  copy=0.844  A(t)=212  sim=63.8s
epoch   55800  HO=0.1645  meanSteps=   553.0  copy=0.844  A(t)=212  sim=64.0s
epoch   56000  HO=0.1862  meanSteps=   537.6  copy=0.869  A(t)=212  sim=64.2s
epoch   56200  HO=0.1587  meanSteps=   553.0  copy=0.862  A(t)=212  sim=64.4s
epoch   56400  HO=0.1551  meanSteps=   574.2  copy=0.847  A(t)=212  sim=64.6s
epoch   56600  HO=0.1393  meanSteps=   565.1  copy=0.870  A(t)=212  sim=64.8s
epoch   56800  HO=0.1351  meanSteps=   548.4  copy=0.884  A(t)=214  sim=65.0s
epoch   57000  HO=0.1076  meanSteps=   546.6  copy=0.891  A(t)=214  sim=65.3s
epoch   57200  HO=0.1262  meanSteps=   566.5  copy=0.893  A(t)=214  sim=65.5s
epoch   57400  HO=0.1054  meanSteps=   613.8  copy=0.894  A(t)=214  sim=65.7s
epoch   57600  HO=0.1460  meanSteps=   636.0  copy=0.879  A(t)=214  sim=66.0s
epoch   57800  HO=0.1824  meanSteps=   675.0  copy=0.868  A(t)=214  sim=66.2s
epoch   58000  HO=0.1869  meanSteps=   677.3  copy=0.863  A(t)=214  sim=66.4s
epoch   58200  HO=0.1873  meanSteps=   674.4  copy=0.858  A(t)=214  sim=66.7s
epoch   58400  HO=0.2348  meanSteps=   721.3  copy=0.848  A(t)=214  sim=66.9s
epoch   58600  HO=0.2495  meanSteps=   726.8  copy=0.828  A(t)=214  sim=67.2s
epoch   58800  HO=0.2729  meanSteps=   696.4  copy=0.824  A(t)=215  sim=67.4s
epoch   59000  HO=0.2742  meanSteps=   721.1  copy=0.812  A(t)=215  sim=67.7s
epoch   59200  HO=0.2885  meanSteps=   718.4  copy=0.799  A(t)=215  sim=68.0s
epoch   59400  HO=0.2781  meanSteps=   694.8  copy=0.819  A(t)=215  sim=68.2s
epoch   59600  HO=0.2537  meanSteps=   736.2  copy=0.838  A(t)=215  sim=68.5s
epoch   59800  HO=0.2862  meanSteps=   771.6  copy=0.831  A(t)=215  sim=68.7s
epoch   60000  HO=0.3254  meanSteps=   729.3  copy=0.838  A(t)=217  sim=69.0s
epoch   60200  HO=0.3065  meanSteps=   727.2  copy=0.861  A(t)=217  sim=69.2s
epoch   60400  HO=0.3069  meanSteps=   654.4  copy=0.877  A(t)=217  sim=69.4s
epoch   60600  HO=0.3161  meanSteps=   638.6  copy=0.882  A(t)=218  sim=69.7s
epoch   60800  HO=0.3047  meanSteps=   676.7  copy=0.887  A(t)=218  sim=69.9s
epoch   61000  HO=0.3547  meanSteps=   670.1  copy=0.879  A(t)=218  sim=70.1s
epoch   61200  HO=0.3645  meanSteps=   654.6  copy=0.887  A(t)=218  sim=70.3s
epoch   61400  HO=0.3117  meanSteps=   678.4  copy=0.887  A(t)=219  sim=70.6s
epoch   61600  HO=0.2701  meanSteps=   694.5  copy=0.869  A(t)=221  sim=70.8s
epoch   61800  HO=0.2564  meanSteps=   724.6  copy=0.854  A(t)=222  sim=71.0s
epoch   62000  HO=0.2795  meanSteps=   724.0  copy=0.850  A(t)=222  sim=71.6s
epoch   62200  HO=0.2426  meanSteps=   712.6  copy=0.838  A(t)=222  sim=71.8s
epoch   62400  HO=0.2128  meanSteps=   737.8  copy=0.863  A(t)=222  sim=72.1s
epoch   62600  HO=0.1904  meanSteps=   800.9  copy=0.879  A(t)=223  sim=72.4s
epoch   62800  HO=0.1604  meanSteps=   887.6  copy=0.870  A(t)=223  sim=72.6s
epoch   63000  HO=0.1463  meanSteps=   859.8  copy=0.840  A(t)=223  sim=72.9s
epoch   63200  HO=0.1548  meanSteps=   790.0  copy=0.851  A(t)=223  sim=73.2s
epoch   63400  HO=0.1788  meanSteps=   723.0  copy=0.885  A(t)=223  sim=73.4s
epoch   63600  HO=0.1964  meanSteps=   699.6  copy=0.886  A(t)=223  sim=73.6s
epoch   63800  HO=0.2161  meanSteps=   678.5  copy=0.880  A(t)=223  sim=73.9s
epoch   64000  HO=0.2396  meanSteps=   685.7  copy=0.892  A(t)=223  sim=74.1s
epoch   64200  HO=0.3145  meanSteps=   736.7  copy=0.886  A(t)=223  sim=74.3s
epoch   64400  HO=0.3378  meanSteps=   798.9  copy=0.891  A(t)=223  sim=74.6s
epoch   64600  HO=0.2861  meanSteps=   709.3  copy=0.901  A(t)=223  sim=74.8s
epoch   64800  HO=0.3144  meanSteps=   662.2  copy=0.903  A(t)=223  sim=75.1s
epoch   65000  HO=0.3293  meanSteps=   642.6  copy=0.914  A(t)=224  sim=75.3s
epoch   65200  HO=0.3010  meanSteps=   583.3  copy=0.916  A(t)=226  sim=75.6s
epoch   65400  HO=0.2648  meanSteps=   553.4  copy=0.918  A(t)=227  sim=75.8s
epoch   65600  HO=0.2965  meanSteps=   505.3  copy=0.928  A(t)=227  sim=76.0s
epoch   65800  HO=0.2717  meanSteps=   477.8  copy=0.911  A(t)=227  sim=76.2s
epoch   66000  HO=0.3564  meanSteps=   493.7  copy=0.865  A(t)=227  sim=76.4s
epoch   66200  HO=0.4068  meanSteps=   493.0  copy=0.844  A(t)=227  sim=76.6s
epoch   66400  HO=0.3740  meanSteps=   500.6  copy=0.851  A(t)=227  sim=76.8s
epoch   66600  HO=0.3873  meanSteps=   562.9  copy=0.858  A(t)=227  sim=77.0s
epoch   66800  HO=0.3897  meanSteps=   677.0  copy=0.861  A(t)=227  sim=77.2s
epoch   67000  HO=0.4238  meanSteps=   668.6  copy=0.833  A(t)=227  sim=77.4s
epoch   67200  HO=0.5094  meanSteps=   725.8  copy=0.848  A(t)=227  sim=77.7s
epoch   67400  HO=0.4696  meanSteps=   701.0  copy=0.857  A(t)=227  sim=77.9s
epoch   67600  HO=0.4604  meanSteps=   765.0  copy=0.842  A(t)=228  sim=78.2s
epoch   67800  HO=0.4158  meanSteps=   734.3  copy=0.843  A(t)=228  sim=78.4s
epoch   68000  HO=0.3733  meanSteps=   761.3  copy=0.831  A(t)=228  sim=78.7s
epoch   68200  HO=0.3320  meanSteps=   766.8  copy=0.851  A(t)=228  sim=78.9s
epoch   68400  HO=0.3383  meanSteps=   806.7  copy=0.863  A(t)=228  sim=79.2s
epoch   68600  HO=0.3536  meanSteps=   830.6  copy=0.869  A(t)=228  sim=79.4s
epoch   68800  HO=0.3312  meanSteps=   861.3  copy=0.860  A(t)=228  sim=79.7s
epoch   69000  HO=0.3475  meanSteps=   851.1  copy=0.848  A(t)=228  sim=80.0s
epoch   69200  HO=0.3709  meanSteps=   815.6  copy=0.833  A(t)=228  sim=80.3s
epoch   69400  HO=0.3470  meanSteps=   792.9  copy=0.805  A(t)=228  sim=80.5s
epoch   69600  HO=0.3507  meanSteps=   744.7  copy=0.831  A(t)=229  sim=80.8s
epoch   69800  HO=0.2727  meanSteps=   705.2  copy=0.838  A(t)=229  sim=81.0s
epoch   70000  HO=0.2181  meanSteps=   665.6  copy=0.846  A(t)=229  sim=81.3s
epoch   70200  HO=0.2297  meanSteps=   672.3  copy=0.832  A(t)=229  sim=81.6s
epoch   70400  HO=0.2123  meanSteps=   682.1  copy=0.858  A(t)=229  sim=81.8s
epoch   70600  HO=0.2457  meanSteps=   645.2  copy=0.862  A(t)=229  sim=82.0s
epoch   70800  HO=0.2050  meanSteps=   626.0  copy=0.874  A(t)=229  sim=82.3s
epoch   71000  HO=0.2544  meanSteps=   619.3  copy=0.882  A(t)=229  sim=82.5s
epoch   71200  HO=0.2676  meanSteps=   615.5  copy=0.877  A(t)=229  sim=82.8s
epoch   71400  HO=0.4573  meanSteps=   664.7  copy=0.867  A(t)=229  sim=83.0s
epoch   71600  HO=0.4394  meanSteps=   862.0  copy=0.851  A(t)=229  sim=83.2s
epoch   71800  HO=0.4537  meanSteps=   895.9  copy=0.881  A(t)=230  sim=83.5s
epoch   72000  HO=0.4123  meanSteps=   833.3  copy=0.893  A(t)=230  sim=83.8s
epoch   72200  HO=0.4202  meanSteps=   869.0  copy=0.893  A(t)=230  sim=84.1s
epoch   72400  HO=0.4620  meanSteps=   856.8  copy=0.903  A(t)=231  sim=84.4s
epoch   72600  HO=0.4592  meanSteps=   844.8  copy=0.894  A(t)=232  sim=84.6s
epoch   72800  HO=0.4304  meanSteps=   751.4  copy=0.896  A(t)=232  sim=84.9s
epoch   73000  HO=0.3921  meanSteps=   674.2  copy=0.892  A(t)=232  sim=85.1s
epoch   73200  HO=0.3662  meanSteps=   648.6  copy=0.866  A(t)=232  sim=85.3s
epoch   73400  HO=0.3590  meanSteps=   658.8  copy=0.849  A(t)=232  sim=85.5s
epoch   73600  HO=0.3229  meanSteps=   643.9  copy=0.834  A(t)=232  sim=85.8s
epoch   73800  HO=0.3416  meanSteps=   719.5  copy=0.783  A(t)=232  sim=86.0s
epoch   74000  HO=0.3510  meanSteps=   919.8  copy=0.726  A(t)=232  sim=86.3s
epoch   74200  HO=0.4273  meanSteps=   871.2  copy=0.724  A(t)=232  sim=86.6s
epoch   74400  HO=0.3765  meanSteps=   888.5  copy=0.720  A(t)=232  sim=86.9s
epoch   74600  HO=0.3442  meanSteps=   880.8  copy=0.688  A(t)=232  sim=87.1s
epoch   74800  HO=0.3228  meanSteps=   943.3  copy=0.687  A(t)=233  sim=87.5s
epoch   75000  HO=0.2860  meanSteps=   925.9  copy=0.694  A(t)=234  sim=87.8s
epoch   75200  HO=0.2680  meanSteps=   931.5  copy=0.740  A(t)=234  sim=88.0s
epoch   75400  HO=0.2479  meanSteps=   861.7  copy=0.738  A(t)=234  sim=88.3s
epoch   75600  HO=0.2656  meanSteps=   843.5  copy=0.769  A(t)=234  sim=88.6s
epoch   75800  HO=0.3143  meanSteps=   812.6  copy=0.812  A(t)=234  sim=88.8s
epoch   76000  HO=0.3263  meanSteps=   812.1  copy=0.853  A(t)=234  sim=89.1s
epoch   76200  HO=0.3517  meanSteps=   846.9  copy=0.848  A(t)=234  sim=89.3s
epoch   76400  HO=0.3190  meanSteps=   783.4  copy=0.865  A(t)=234  sim=89.6s
epoch   76600  HO=0.3178  meanSteps=   781.3  copy=0.861  A(t)=234  sim=89.8s
epoch   76800  HO=0.3083  meanSteps=   755.5  copy=0.866  A(t)=234  sim=90.1s
epoch   77000  HO=0.2406  meanSteps=   686.4  copy=0.872  A(t)=234  sim=90.3s
epoch   77200  HO=0.1750  meanSteps=   621.0  copy=0.879  A(t)=234  sim=90.5s
epoch   77400  HO=0.1595  meanSteps=   585.2  copy=0.863  A(t)=234  sim=90.7s
epoch   77600  HO=0.1775  meanSteps=   530.6  copy=0.883  A(t)=234  sim=90.9s
epoch   77800  HO=0.1995  meanSteps=   525.9  copy=0.895  A(t)=234  sim=91.1s
epoch   78000  HO=0.1940  meanSteps=   517.0  copy=0.924  A(t)=234  sim=91.3s
epoch   78200  HO=0.1738  meanSteps=   546.7  copy=0.920  A(t)=234  sim=91.5s
epoch   78400  HO=0.1757  meanSteps=   553.2  copy=0.921  A(t)=235  sim=91.7s
epoch   78600  HO=0.1685  meanSteps=   488.9  copy=0.920  A(t)=235  sim=91.9s
epoch   78800  HO=0.1489  meanSteps=   513.5  copy=0.905  A(t)=235  sim=92.1s
epoch   79000  HO=0.1435  meanSteps=   563.6  copy=0.903  A(t)=236  sim=92.3s
epoch   79200  HO=0.1537  meanSteps=   553.4  copy=0.897  A(t)=236  sim=92.5s
epoch   79400  HO=0.1899  meanSteps=   517.5  copy=0.880  A(t)=236  sim=92.7s
epoch   79600  HO=0.2011  meanSteps=   594.4  copy=0.863  A(t)=237  sim=92.9s
epoch   79800  HO=0.1628  meanSteps=   571.7  copy=0.848  A(t)=237  sim=93.1s
epoch   80000  HO=0.1982  meanSteps=   557.0  copy=0.834  A(t)=237  sim=93.3s
epoch   80200  HO=0.2449  meanSteps=   565.0  copy=0.850  A(t)=237  sim=93.5s
epoch   80400  HO=0.2258  meanSteps=   567.5  copy=0.871  A(t)=237  sim=93.7s
epoch   80600  HO=0.2284  meanSteps=   616.0  copy=0.886  A(t)=237  sim=93.9s
epoch   80800  HO=0.2072  meanSteps=   620.8  copy=0.885  A(t)=237  sim=94.2s
epoch   81000  HO=0.1812  meanSteps=   592.4  copy=0.886  A(t)=237  sim=94.4s
epoch   81200  HO=0.2187  meanSteps=   571.9  copy=0.879  A(t)=238  sim=94.6s
epoch   81400  HO=0.2132  meanSteps=   559.2  copy=0.875  A(t)=239  sim=94.8s
epoch   81600  HO=0.2291  meanSteps=   533.7  copy=0.855  A(t)=239  sim=95.0s
epoch   81800  HO=0.1952  meanSteps=   456.2  copy=0.816  A(t)=239  sim=95.1s
epoch   82000  HO=0.2499  meanSteps=   458.2  copy=0.806  A(t)=239  sim=95.3s
epoch   82200  HO=0.2653  meanSteps=   508.8  copy=0.819  A(t)=239  sim=95.5s
epoch   82400  HO=0.3046  meanSteps=   524.9  copy=0.819  A(t)=239  sim=95.7s
epoch   82600  HO=0.3030  meanSteps=   503.4  copy=0.814  A(t)=239  sim=95.9s
epoch   82800  HO=0.3119  meanSteps=   526.5  copy=0.805  A(t)=239  sim=96.1s
epoch   83000  HO=0.3139  meanSteps=   547.2  copy=0.806  A(t)=239  sim=96.3s
epoch   83200  HO=0.2550  meanSteps=   557.6  copy=0.818  A(t)=240  sim=96.5s
epoch   83400  HO=0.2520  meanSteps=   599.3  copy=0.810  A(t)=240  sim=96.7s
epoch   83600  HO=0.2777  meanSteps=   592.4  copy=0.809  A(t)=240  sim=97.0s
epoch   83800  HO=0.3476  meanSteps=   602.7  copy=0.803  A(t)=241  sim=97.2s
epoch   84000  HO=0.3299  meanSteps=   611.6  copy=0.804  A(t)=241  sim=97.4s
epoch   84200  HO=0.2911  meanSteps=   618.3  copy=0.818  A(t)=241  sim=97.6s
epoch   84400  HO=0.3056  meanSteps=   625.2  copy=0.827  A(t)=241  sim=97.8s
epoch   84600  HO=0.2726  meanSteps=   605.3  copy=0.836  A(t)=241  sim=98.0s
epoch   84800  HO=0.2746  meanSteps=   605.2  copy=0.858  A(t)=242  sim=98.2s
epoch   85000  HO=0.2597  meanSteps=   669.5  copy=0.841  A(t)=242  sim=98.5s
epoch   85200  HO=0.2531  meanSteps=   604.3  copy=0.817  A(t)=242  sim=98.7s
epoch   85400  HO=0.2612  meanSteps=   585.7  copy=0.796  A(t)=242  sim=98.9s
epoch   85600  HO=0.2215  meanSteps=   582.4  copy=0.786  A(t)=242  sim=99.1s
epoch   85800  HO=0.2529  meanSteps=   576.3  copy=0.777  A(t)=242  sim=99.3s
epoch   86000  HO=0.2279  meanSteps=   579.5  copy=0.770  A(t)=242  sim=99.5s
epoch   86200  HO=0.1902  meanSteps=   582.9  copy=0.749  A(t)=242  sim=99.7s
epoch   86400  HO=0.1646  meanSteps=   564.4  copy=0.745  A(t)=242  sim=99.9s
epoch   86600  HO=0.2067  meanSteps=   568.4  copy=0.750  A(t)=242  sim=100.1s
epoch   86800  HO=0.2807  meanSteps=   613.5  copy=0.777  A(t)=242  sim=100.3s
epoch   87000  HO=0.2605  meanSteps=   655.7  copy=0.806  A(t)=242  sim=100.5s
epoch   87200  HO=0.2416  meanSteps=   628.5  copy=0.873  A(t)=242  sim=100.7s
epoch   87400  HO=0.2733  meanSteps=   573.4  copy=0.871  A(t)=242  sim=101.0s
epoch   87600  HO=0.2563  meanSteps=   547.5  copy=0.873  A(t)=242  sim=101.2s
epoch   87800  HO=0.2373  meanSteps=   491.4  copy=0.918  A(t)=242  sim=101.3s
epoch   88000  HO=0.2378  meanSteps=   515.4  copy=0.892  A(t)=242  sim=101.5s
epoch   88200  HO=0.3778  meanSteps=   554.4  copy=0.856  A(t)=242  sim=101.8s
epoch   88400  HO=0.4841  meanSteps=   589.6  copy=0.865  A(t)=242  sim=102.0s
epoch   88600  HO=0.3924  meanSteps=   620.7  copy=0.875  A(t)=242  sim=102.2s
epoch   88800  HO=0.3254  meanSteps=   636.5  copy=0.892  A(t)=242  sim=102.4s
epoch   89000  HO=0.2927  meanSteps=   655.3  copy=0.904  A(t)=242  sim=102.7s
epoch   89200  HO=0.2737  meanSteps=   695.3  copy=0.890  A(t)=242  sim=102.9s
epoch   89400  HO=0.2948  meanSteps=   708.5  copy=0.868  A(t)=242  sim=103.2s
epoch   89600  HO=0.2746  meanSteps=   679.3  copy=0.859  A(t)=242  sim=103.5s
epoch   89800  HO=0.2289  meanSteps=   663.7  copy=0.866  A(t)=242  sim=103.8s
epoch   90000  HO=0.2251  meanSteps=   664.3  copy=0.857  A(t)=242  sim=104.2s
epoch   90200  HO=0.1829  meanSteps=   707.2  copy=0.850  A(t)=242  sim=104.5s
epoch   90400  HO=0.2314  meanSteps=   668.9  copy=0.841  A(t)=242  sim=104.7s
epoch   90600  HO=0.1981  meanSteps=   666.6  copy=0.856  A(t)=242  sim=105.2s
epoch   90800  HO=0.2269  meanSteps=   652.2  copy=0.868  A(t)=242  sim=105.5s
epoch   91000  HO=0.2720  meanSteps=   646.0  copy=0.893  A(t)=242  sim=105.7s
epoch   91200  HO=0.2495  meanSteps=   666.2  copy=0.873  A(t)=242  sim=106.1s
epoch   91400  HO=0.1843  meanSteps=   651.7  copy=0.858  A(t)=242  sim=106.3s
epoch   91600  HO=0.2306  meanSteps=   663.2  copy=0.840  A(t)=242  sim=106.6s
epoch   91800  HO=0.2222  meanSteps=   654.9  copy=0.830  A(t)=242  sim=106.8s
epoch   92000  HO=0.2211  meanSteps=   664.4  copy=0.810  A(t)=242  sim=107.0s
epoch   92200  HO=0.2424  meanSteps=   698.1  copy=0.806  A(t)=242  sim=107.3s
epoch   92400  HO=0.2443  meanSteps=   716.7  copy=0.811  A(t)=242  sim=107.5s
epoch   92600  HO=0.2620  meanSteps=   712.4  copy=0.817  A(t)=242  sim=107.7s
epoch   92800  HO=0.2318  meanSteps=   668.5  copy=0.818  A(t)=242  sim=107.9s
epoch   93000  HO=0.2259  meanSteps=   681.3  copy=0.823  A(t)=242  sim=108.2s
epoch   93200  HO=0.2488  meanSteps=   675.4  copy=0.825  A(t)=242  sim=108.4s
epoch   93400  HO=0.2688  meanSteps=   700.8  copy=0.825  A(t)=242  sim=108.6s
epoch   93600  HO=0.3151  meanSteps=   694.1  copy=0.821  A(t)=242  sim=108.8s
epoch   93800  HO=0.2821  meanSteps=   652.7  copy=0.819  A(t)=242  sim=109.1s
epoch   94000  HO=0.2888  meanSteps=   590.5  copy=0.835  A(t)=242  sim=109.3s
epoch   94200  HO=0.2804  meanSteps=   556.3  copy=0.840  A(t)=242  sim=109.5s
epoch   94400  HO=0.3135  meanSteps=   560.9  copy=0.833  A(t)=242  sim=109.7s
epoch   94600  HO=0.2749  meanSteps=   581.9  copy=0.813  A(t)=242  sim=109.9s
epoch   94800  HO=0.2501  meanSteps=   633.6  copy=0.793  A(t)=242  sim=110.1s
epoch   95000  HO=0.2559  meanSteps=   639.5  copy=0.754  A(t)=242  sim=110.3s
epoch   95200  HO=0.3106  meanSteps=   588.3  copy=0.748  A(t)=242  sim=110.5s
epoch   95400  HO=0.2913  meanSteps=   576.2  copy=0.825  A(t)=242  sim=110.7s
epoch   95600  HO=0.2299  meanSteps=   532.1  copy=0.847  A(t)=242  sim=110.9s
epoch   95800  HO=0.2727  meanSteps=   502.6  copy=0.856  A(t)=242  sim=111.1s
epoch   96000  HO=0.3156  meanSteps=   528.8  copy=0.860  A(t)=242  sim=111.3s
epoch   96200  HO=0.3135  meanSteps=   456.4  copy=0.854  A(t)=242  sim=111.5s
epoch   96400  HO=0.3183  meanSteps=   428.4  copy=0.833  A(t)=242  sim=111.7s
epoch   96600  HO=0.2908  meanSteps=   420.9  copy=0.851  A(t)=242  sim=111.9s
epoch   96800  HO=0.2581  meanSteps=   422.5  copy=0.850  A(t)=242  sim=112.0s
epoch   97000  HO=0.2277  meanSteps=   460.8  copy=0.838  A(t)=243  sim=112.2s
epoch   97200  HO=0.2535  meanSteps=   518.6  copy=0.834  A(t)=243  sim=112.4s
epoch   97400  HO=0.2219  meanSteps=   496.7  copy=0.848  A(t)=243  sim=112.6s
epoch   97600  HO=0.2634  meanSteps=   527.5  copy=0.846  A(t)=244  sim=112.8s
epoch   97800  HO=0.2502  meanSteps=   508.7  copy=0.838  A(t)=244  sim=113.0s
epoch   98000  HO=0.2783  meanSteps=   497.7  copy=0.833  A(t)=244  sim=113.2s
epoch   98200  HO=0.2490  meanSteps=   538.3  copy=0.838  A(t)=244  sim=113.4s
epoch   98400  HO=0.2672  meanSteps=   490.6  copy=0.869  A(t)=244  sim=113.6s
epoch   98600  HO=0.2652  meanSteps=   472.6  copy=0.878  A(t)=244  sim=113.8s
epoch   98800  HO=0.2651  meanSteps=   492.7  copy=0.882  A(t)=244  sim=114.0s
epoch   99000  HO=0.2712  meanSteps=   545.5  copy=0.867  A(t)=244  sim=114.2s
epoch   99200  HO=0.3178  meanSteps=   565.1  copy=0.842  A(t)=244  sim=114.4s
epoch   99400  HO=0.3967  meanSteps=   562.6  copy=0.841  A(t)=245  sim=114.6s
epoch   99600  HO=0.3790  meanSteps=   572.5  copy=0.851  A(t)=245  sim=114.8s
epoch   99800  HO=0.3753  meanSteps=   606.5  copy=0.875  A(t)=245  sim=115.1s
epoch  100000  HO=0.3885  meanSteps=   609.5  copy=0.869  A(t)=245  sim=115.4s
epoch  100200  HO=0.4025  meanSteps=   582.1  copy=0.877  A(t)=245  sim=115.8s
epoch  100400  HO=0.2978  meanSteps=   542.6  copy=0.866  A(t)=245  sim=116.0s
epoch  100600  HO=0.2871  meanSteps=   490.9  copy=0.850  A(t)=246  sim=116.2s
epoch  100800  HO=0.2713  meanSteps=   443.7  copy=0.839  A(t)=246  sim=116.5s
epoch  101000  HO=0.3030  meanSteps=   460.7  copy=0.833  A(t)=246  sim=116.8s
epoch  101200  HO=0.3566  meanSteps=   457.0  copy=0.826  A(t)=246  sim=117.0s
epoch  101400  HO=0.3064  meanSteps=   443.9  copy=0.835  A(t)=246  sim=117.2s
epoch  101600  HO=0.2789  meanSteps=   426.5  copy=0.836  A(t)=246  sim=117.3s
epoch  101800  HO=0.2549  meanSteps=   455.1  copy=0.850  A(t)=246  sim=117.7s
epoch  102000  HO=0.3366  meanSteps=   494.7  copy=0.884  A(t)=246  sim=118.1s
epoch  102200  HO=0.3491  meanSteps=   466.3  copy=0.913  A(t)=246  sim=118.3s
epoch  102400  HO=0.3652  meanSteps=   461.9  copy=0.918  A(t)=247  sim=118.5s
epoch  102600  HO=0.3718  meanSteps=   498.0  copy=0.916  A(t)=247  sim=118.8s
epoch  102800  HO=0.4098  meanSteps=   460.5  copy=0.910  A(t)=247  sim=119.0s
epoch  103000  HO=0.4278  meanSteps=   492.1  copy=0.883  A(t)=247  sim=119.3s
epoch  103200  HO=0.3724  meanSteps=   555.8  copy=0.886  A(t)=247  sim=119.5s
epoch  103400  HO=0.3881  meanSteps=   598.9  copy=0.872  A(t)=247  sim=119.8s
epoch  103600  HO=0.3595  meanSteps=   609.8  copy=0.848  A(t)=247  sim=120.1s
epoch  103800  HO=0.4069  meanSteps=   621.1  copy=0.826  A(t)=247  sim=120.3s
epoch  104000  HO=0.4071  meanSteps=   593.1  copy=0.828  A(t)=247  sim=120.5s
epoch  104200  HO=0.4006  meanSteps=   586.2  copy=0.831  A(t)=247  sim=120.7s
epoch  104400  HO=0.4062  meanSteps=   555.0  copy=0.816  A(t)=247  sim=120.9s
epoch  104600  HO=0.4490  meanSteps=   519.3  copy=0.815  A(t)=247  sim=121.1s
epoch  104800  HO=0.4463  meanSteps=   541.7  copy=0.816  A(t)=247  sim=121.3s
epoch  105000  HO=0.5021  meanSteps=   630.0  copy=0.809  A(t)=247  sim=121.6s
epoch  105200  HO=0.6186  meanSteps=   718.7  copy=0.828  A(t)=248  sim=121.8s
epoch  105400  HO=0.5191  meanSteps=   748.5  copy=0.835  A(t)=248  sim=122.0s
epoch  105600  HO=0.4635  meanSteps=   720.3  copy=0.822  A(t)=248  sim=122.3s
epoch  105800  HO=0.4251  meanSteps=   764.6  copy=0.842  A(t)=248  sim=122.5s
epoch  106000  HO=0.5077  meanSteps=   820.4  copy=0.850  A(t)=248  sim=122.8s
epoch  106200  HO=0.4626  meanSteps=   773.1  copy=0.844  A(t)=250  sim=123.1s
epoch  106400  HO=0.4485  meanSteps=   755.1  copy=0.858  A(t)=250  sim=123.3s
epoch  106600  HO=0.3899  meanSteps=   702.9  copy=0.878  A(t)=250  sim=123.6s
epoch  106800  HO=0.3624  meanSteps=   681.2  copy=0.886  A(t)=250  sim=123.8s
epoch  107000  HO=0.3747  meanSteps=   690.4  copy=0.879  A(t)=250  sim=124.1s
epoch  107200  HO=0.4274  meanSteps=   708.5  copy=0.879  A(t)=250  sim=124.3s
epoch  107400  HO=0.4228  meanSteps=   766.3  copy=0.887  A(t)=250  sim=124.5s
epoch  107600  HO=0.3680  meanSteps=   746.1  copy=0.869  A(t)=250  sim=124.8s
epoch  107800  HO=0.3693  meanSteps=   750.2  copy=0.865  A(t)=250  sim=125.0s
epoch  108000  HO=0.3889  meanSteps=   728.6  copy=0.861  A(t)=250  sim=125.3s
epoch  108200  HO=0.4161  meanSteps=   773.1  copy=0.873  A(t)=250  sim=125.5s
epoch  108400  HO=0.3682  meanSteps=   705.3  copy=0.869  A(t)=250  sim=125.8s
epoch  108600  HO=0.3503  meanSteps=   652.4  copy=0.841  A(t)=250  sim=126.0s
epoch  108800  HO=0.3284  meanSteps=   655.7  copy=0.828  A(t)=250  sim=126.3s
epoch  109000  HO=0.2702  meanSteps=   653.0  copy=0.817  A(t)=250  sim=126.5s
epoch  109200  HO=0.2625  meanSteps=   643.5  copy=0.811  A(t)=250  sim=126.8s
epoch  109400  HO=0.2851  meanSteps=   633.7  copy=0.839  A(t)=250  sim=127.0s
epoch  109600  HO=0.3142  meanSteps=   651.4  copy=0.878  A(t)=250  sim=127.2s
epoch  109800  HO=0.3113  meanSteps=   645.4  copy=0.898  A(t)=251  sim=127.4s
epoch  110000  HO=0.2982  meanSteps=   672.7  copy=0.894  A(t)=251  sim=127.6s
epoch  110200  HO=0.2938  meanSteps=   629.2  copy=0.878  A(t)=251  sim=127.9s
epoch  110400  HO=0.2905  meanSteps=   584.5  copy=0.861  A(t)=251  sim=128.1s
epoch  110600  HO=0.2706  meanSteps=   587.5  copy=0.865  A(t)=251  sim=128.3s
epoch  110800  HO=0.3158  meanSteps=   611.7  copy=0.861  A(t)=251  sim=128.5s
epoch  111000  HO=0.3669  meanSteps=   624.5  copy=0.848  A(t)=251  sim=128.7s
epoch  111200  HO=0.3944  meanSteps=   658.5  copy=0.820  A(t)=251  sim=128.9s
epoch  111400  HO=0.3874  meanSteps=   596.5  copy=0.820  A(t)=251  sim=129.1s
epoch  111600  HO=0.3909  meanSteps=   588.9  copy=0.850  A(t)=252  sim=129.3s
epoch  111800  HO=0.3507  meanSteps=   641.9  copy=0.876  A(t)=252  sim=129.6s
epoch  112000  HO=0.3041  meanSteps=   646.8  copy=0.883  A(t)=252  sim=129.8s
epoch  112200  HO=0.3037  meanSteps=   594.4  copy=0.903  A(t)=252  sim=130.0s
epoch  112400  HO=0.3339  meanSteps=   570.6  copy=0.899  A(t)=252  sim=130.2s
epoch  112600  HO=0.3038  meanSteps=   564.2  copy=0.890  A(t)=253  sim=130.5s
epoch  112800  HO=0.2814  meanSteps=   565.6  copy=0.885  A(t)=253  sim=130.7s
epoch  113000  HO=0.3040  meanSteps=   545.0  copy=0.904  A(t)=253  sim=130.9s
epoch  113200  HO=0.3587  meanSteps=   502.7  copy=0.891  A(t)=254  sim=131.1s
epoch  113400  HO=0.3703  meanSteps=   534.8  copy=0.883  A(t)=254  sim=131.3s
epoch  113600  HO=0.3441  meanSteps=   528.9  copy=0.887  A(t)=254  sim=131.5s
epoch  113800  HO=0.3011  meanSteps=   514.0  copy=0.873  A(t)=254  sim=131.7s
epoch  114000  HO=0.3201  meanSteps=   513.6  copy=0.858  A(t)=254  sim=131.8s
epoch  114200  HO=0.2917  meanSteps=   506.8  copy=0.874  A(t)=254  sim=132.0s
epoch  114400  HO=0.3130  meanSteps=   502.4  copy=0.885  A(t)=254  sim=132.2s
epoch  114600  HO=0.3159  meanSteps=   515.8  copy=0.884  A(t)=254  sim=132.4s
epoch  114800  HO=0.3761  meanSteps=   585.7  copy=0.876  A(t)=254  sim=132.6s
epoch  115000  HO=0.4155  meanSteps=   562.1  copy=0.850  A(t)=254  sim=132.8s
epoch  115200  HO=0.3632  meanSteps=   545.5  copy=0.838  A(t)=254  sim=133.1s
epoch  115400  HO=0.3396  meanSteps=   552.7  copy=0.835  A(t)=254  sim=133.3s
epoch  115600  HO=0.2817  meanSteps=   555.7  copy=0.847  A(t)=254  sim=133.5s
epoch  115800  HO=0.3110  meanSteps=   489.5  copy=0.852  A(t)=254  sim=133.7s
epoch  116000  HO=0.2963  meanSteps=   456.4  copy=0.856  A(t)=254  sim=133.8s
epoch  116200  HO=0.3145  meanSteps=   474.6  copy=0.847  A(t)=254  sim=134.0s
epoch  116400  HO=0.3476  meanSteps=   465.4  copy=0.823  A(t)=254  sim=134.2s
epoch  116600  HO=0.3637  meanSteps=   504.0  copy=0.775  A(t)=254  sim=134.4s
epoch  116800  HO=0.4066  meanSteps=   575.9  copy=0.759  A(t)=254  sim=134.6s
epoch  117000  HO=0.5069  meanSteps=   648.2  copy=0.762  A(t)=254  sim=134.8s
epoch  117200  HO=0.5536  meanSteps=   838.6  copy=0.787  A(t)=254  sim=135.1s
epoch  117400  HO=0.5599  meanSteps=   798.1  copy=0.777  A(t)=255  sim=135.3s
epoch  117600  HO=0.5500  meanSteps=   691.0  copy=0.787  A(t)=255  sim=135.6s
epoch  117800  HO=0.5362  meanSteps=   709.5  copy=0.840  A(t)=255  sim=135.8s
epoch  118000  HO=0.4553  meanSteps=   799.8  copy=0.857  A(t)=255  sim=136.0s
epoch  118200  HO=0.4273  meanSteps=   783.2  copy=0.862  A(t)=255  sim=136.3s
epoch  118400  HO=0.3894  meanSteps=   742.2  copy=0.862  A(t)=255  sim=136.5s
epoch  118600  HO=0.3972  meanSteps=   766.9  copy=0.837  A(t)=255  sim=136.8s
epoch  118800  HO=0.4121  meanSteps=   822.9  copy=0.816  A(t)=255  sim=137.1s
epoch  119000  HO=0.3881  meanSteps=   898.3  copy=0.830  A(t)=255  sim=137.3s
epoch  119200  HO=0.3839  meanSteps=   928.7  copy=0.838  A(t)=255  sim=137.6s
epoch  119400  HO=0.3358  meanSteps=   919.3  copy=0.830  A(t)=255  sim=137.9s
epoch  119600  HO=0.2997  meanSteps=   832.6  copy=0.843  A(t)=255  sim=138.2s
epoch  119800  HO=0.3232  meanSteps=   830.0  copy=0.855  A(t)=255  sim=138.4s
epoch  120000  HO=0.4300  meanSteps=   880.7  copy=0.880  A(t)=255  sim=138.7s
epoch  120200  HO=0.3432  meanSteps=   818.3  copy=0.893  A(t)=255  sim=139.0s
epoch  120400  HO=0.2798  meanSteps=   830.9  copy=0.880  A(t)=255  sim=139.3s
epoch  120600  HO=0.2531  meanSteps=   801.5  copy=0.867  A(t)=255  sim=139.5s
epoch  120800  HO=0.2822  meanSteps=   752.5  copy=0.857  A(t)=255  sim=139.8s
epoch  121000  HO=0.2960  meanSteps=   698.2  copy=0.859  A(t)=255  sim=140.0s
epoch  121200  HO=0.3089  meanSteps=   625.8  copy=0.896  A(t)=255  sim=140.2s
epoch  121400  HO=0.2611  meanSteps=   552.7  copy=0.903  A(t)=255  sim=140.4s
epoch  121600  HO=0.2362  meanSteps=   585.0  copy=0.890  A(t)=255  sim=140.7s
epoch  121800  HO=0.2723  meanSteps=   647.9  copy=0.890  A(t)=255  sim=140.9s
epoch  122000  HO=0.2337  meanSteps=   640.5  copy=0.900  A(t)=255  sim=141.1s
epoch  122200  HO=0.2361  meanSteps=   588.0  copy=0.891  A(t)=255  sim=141.3s
epoch  122400  HO=0.2204  meanSteps=   615.6  copy=0.886  A(t)=255  sim=141.5s
epoch  122600  HO=0.1878  meanSteps=   573.9  copy=0.906  A(t)=255  sim=141.7s
epoch  122800  HO=0.2071  meanSteps=   602.3  copy=0.897  A(t)=255  sim=142.0s
epoch  123000  HO=0.2022  meanSteps=   576.7  copy=0.895  A(t)=255  sim=142.2s
epoch  123200  HO=0.1664  meanSteps=   561.6  copy=0.894  A(t)=255  sim=142.4s
epoch  123400  HO=0.1452  meanSteps=   568.8  copy=0.907  A(t)=255  sim=142.6s
epoch  123600  HO=0.1531  meanSteps=   552.9  copy=0.900  A(t)=255  sim=142.8s
epoch  123800  HO=0.1388  meanSteps=   569.6  copy=0.886  A(t)=255  sim=143.0s
epoch  124000  HO=0.1568  meanSteps=   576.5  copy=0.880  A(t)=255  sim=143.2s
epoch  124200  HO=0.1329  meanSteps=   609.3  copy=0.858  A(t)=255  sim=143.4s
epoch  124400  HO=0.1782  meanSteps=   600.1  copy=0.818  A(t)=255  sim=143.6s
epoch  124600  HO=0.1500  meanSteps=   609.6  copy=0.780  A(t)=255  sim=143.9s
epoch  124800  HO=0.2271  meanSteps=   603.4  copy=0.759  A(t)=255  sim=144.1s
epoch  125000  HO=0.3125  meanSteps=   578.0  copy=0.761  A(t)=255  sim=144.3s
epoch  125200  HO=0.2228  meanSteps=   566.8  copy=0.776  A(t)=255  sim=144.6s
epoch  125400  HO=0.2241  meanSteps=   553.4  copy=0.774  A(t)=255  sim=144.8s
epoch  125600  HO=0.1959  meanSteps=   548.2  copy=0.780  A(t)=255  sim=144.9s
epoch  125800  HO=0.2182  meanSteps=   510.1  copy=0.783  A(t)=255  sim=145.1s
epoch  126000  HO=0.2337  meanSteps=   516.6  copy=0.787  A(t)=255  sim=145.3s
epoch  126200  HO=0.1839  meanSteps=   506.7  copy=0.769  A(t)=255  sim=145.5s
epoch  126400  HO=0.2080  meanSteps=   461.9  copy=0.764  A(t)=255  sim=145.7s
epoch  126600  HO=0.3155  meanSteps=   424.0  copy=0.767  A(t)=255  sim=145.9s
epoch  126800  HO=0.2938  meanSteps=   454.2  copy=0.754  A(t)=255  sim=146.1s
epoch  127000  HO=0.3943  meanSteps=   551.8  copy=0.750  A(t)=255  sim=146.3s
epoch  127200  HO=0.4557  meanSteps=   639.5  copy=0.771  A(t)=255  sim=146.5s
epoch  127400  HO=0.4202  meanSteps=   685.3  copy=0.780  A(t)=255  sim=146.7s
epoch  127600  HO=0.4913  meanSteps=   697.8  copy=0.796  A(t)=255  sim=146.9s
epoch  127800  HO=0.4237  meanSteps=   779.2  copy=0.782  A(t)=255  sim=147.2s
epoch  128000  HO=0.5293  meanSteps=   849.1  copy=0.763  A(t)=255  sim=147.4s
epoch  128200  HO=0.5186  meanSteps=   845.0  copy=0.785  A(t)=255  sim=147.7s
epoch  128400  HO=0.4951  meanSteps=   842.8  copy=0.806  A(t)=255  sim=147.9s
epoch  128600  HO=0.4467  meanSteps=   775.0  copy=0.826  A(t)=255  sim=148.2s
epoch  128800  HO=0.4197  meanSteps=   760.5  copy=0.812  A(t)=255  sim=148.5s
epoch  129000  HO=0.4083  meanSteps=   733.3  copy=0.803  A(t)=256  sim=148.7s
epoch  129200  HO=0.3929  meanSteps=   696.6  copy=0.782  A(t)=256  sim=148.9s
epoch  129400  HO=0.3735  meanSteps=   802.1  copy=0.767  A(t)=256  sim=149.2s
epoch  129600  HO=0.3098  meanSteps=   880.5  copy=0.749  A(t)=256  sim=149.5s
epoch  129800  HO=0.3051  meanSteps=   877.0  copy=0.756  A(t)=256  sim=149.7s
epoch  130000  HO=0.3481  meanSteps=   892.6  copy=0.783  A(t)=256  sim=150.0s
epoch  130200  HO=0.3184  meanSteps=   929.8  copy=0.802  A(t)=256  sim=150.3s
epoch  130400  HO=0.3180  meanSteps=   934.9  copy=0.791  A(t)=256  sim=150.5s
epoch  130600  HO=0.3209  meanSteps=   951.9  copy=0.764  A(t)=256  sim=150.8s
epoch  130800  HO=0.2819  meanSteps=   978.2  copy=0.734  A(t)=256  sim=151.1s
epoch  131000  HO=0.2887  meanSteps=   962.7  copy=0.720  A(t)=256  sim=151.4s
epoch  131200  HO=0.2883  meanSteps=   943.0  copy=0.743  A(t)=256  sim=151.7s
epoch  131400  HO=0.2604  meanSteps=   887.4  copy=0.744  A(t)=256  sim=151.9s
epoch  131600  HO=0.2591  meanSteps=   916.3  copy=0.728  A(t)=256  sim=152.2s
epoch  131800  HO=0.2551  meanSteps=   925.5  copy=0.708  A(t)=256  sim=152.5s
epoch  132000  HO=0.2124  meanSteps=   911.1  copy=0.691  A(t)=256  sim=152.8s
epoch  132200  HO=0.1760  meanSteps=   873.4  copy=0.696  A(t)=256  sim=153.0s
epoch  132400  HO=0.2391  meanSteps=   929.3  copy=0.722  A(t)=256  sim=153.3s
epoch  132600  HO=0.2696  meanSteps=   920.6  copy=0.792  A(t)=256  sim=153.6s
epoch  132800  HO=0.2669  meanSteps=   870.5  copy=0.803  A(t)=256  sim=153.9s
epoch  133000  HO=0.3474  meanSteps=   809.4  copy=0.813  A(t)=256  sim=154.1s
epoch  133200  HO=0.4109  meanSteps=   717.5  copy=0.797  A(t)=256  sim=154.3s
epoch  133400  HO=0.3101  meanSteps=   644.8  copy=0.756  A(t)=256  sim=154.6s
epoch  133600  HO=0.2518  meanSteps=   604.1  copy=0.739  A(t)=256  sim=154.8s
epoch  133800  HO=0.3020  meanSteps=   660.5  copy=0.725  A(t)=256  sim=155.0s
epoch  134000  HO=0.2928  meanSteps=   610.6  copy=0.737  A(t)=256  sim=155.2s
epoch  134200  HO=0.2463  meanSteps=   556.3  copy=0.729  A(t)=256  sim=155.4s
epoch  134400  HO=0.2289  meanSteps=   527.7  copy=0.723  A(t)=256  sim=155.6s
epoch  134600  HO=0.2642  meanSteps=   477.3  copy=0.717  A(t)=256  sim=155.8s
epoch  134800  HO=0.2697  meanSteps=   452.1  copy=0.744  A(t)=256  sim=156.0s
epoch  135000  HO=0.2926  meanSteps=   465.3  copy=0.780  A(t)=256  sim=156.2s
epoch  135200  HO=0.2736  meanSteps=   498.1  copy=0.796  A(t)=256  sim=156.3s
epoch  135400  HO=0.2081  meanSteps=   499.6  copy=0.832  A(t)=256  sim=156.5s
epoch  135600  HO=0.2035  meanSteps=   524.5  copy=0.821  A(t)=256  sim=156.7s
epoch  135800  HO=0.2158  meanSteps=   520.7  copy=0.823  A(t)=256  sim=156.9s
epoch  136000  HO=0.2122  meanSteps=   537.9  copy=0.826  A(t)=256  sim=157.1s
epoch  136200  HO=0.2077  meanSteps=   539.0  copy=0.843  A(t)=256  sim=157.3s
epoch  136400  HO=0.2190  meanSteps=   500.9  copy=0.863  A(t)=256  sim=157.5s
epoch  136600  HO=0.2097  meanSteps=   515.6  copy=0.828  A(t)=256  sim=157.7s
epoch  136800  HO=0.1926  meanSteps=   482.1  copy=0.820  A(t)=256  sim=157.9s
epoch  137000  HO=0.1329  meanSteps=   489.2  copy=0.828  A(t)=256  sim=158.1s
epoch  137200  HO=0.0975  meanSteps=   491.0  copy=0.784  A(t)=256  sim=158.3s
epoch  137400  HO=0.1157  meanSteps=   473.9  copy=0.802  A(t)=256  sim=158.5s
epoch  137600  HO=0.1005  meanSteps=   475.8  copy=0.826  A(t)=256  sim=158.7s
epoch  137800  HO=0.1497  meanSteps=   530.2  copy=0.836  A(t)=256  sim=158.9s
epoch  138000  HO=0.1501  meanSteps=   499.0  copy=0.870  A(t)=256  sim=159.0s
epoch  138200  HO=0.1584  meanSteps=   472.2  copy=0.882  A(t)=256  sim=159.2s
epoch  138400  HO=0.1508  meanSteps=   463.3  copy=0.867  A(t)=256  sim=159.4s
epoch  138600  HO=0.2659  meanSteps=   500.0  copy=0.867  A(t)=256  sim=159.6s
epoch  138800  HO=0.2825  meanSteps=   482.1  copy=0.862  A(t)=256  sim=159.8s
epoch  139000  HO=0.2642  meanSteps=   433.9  copy=0.852  A(t)=256  sim=160.0s
epoch  139200  HO=0.2525  meanSteps=   424.3  copy=0.857  A(t)=256  sim=160.2s
epoch  139400  HO=0.2513  meanSteps=   504.7  copy=0.846  A(t)=256  sim=160.4s
epoch  139600  HO=0.2220  meanSteps=   512.8  copy=0.843  A(t)=256  sim=160.6s
epoch  139800  HO=0.1734  meanSteps=   467.4  copy=0.836  A(t)=256  sim=160.8s
epoch  140000  HO=0.2268  meanSteps=   509.6  copy=0.845  A(t)=256  sim=161.0s
epoch  140200  HO=0.2061  meanSteps=   508.7  copy=0.851  A(t)=256  sim=161.2s
epoch  140400  HO=0.1765  meanSteps=   509.1  copy=0.860  A(t)=256  sim=161.4s
epoch  140600  HO=0.1374  meanSteps=   505.1  copy=0.853  A(t)=256  sim=161.5s
epoch  140800  HO=0.1794  meanSteps=   574.9  copy=0.840  A(t)=256  sim=161.8s
epoch  141000  HO=0.2669  meanSteps=   583.4  copy=0.847  A(t)=256  sim=162.0s
epoch  141200  HO=0.1979  meanSteps=   573.1  copy=0.840  A(t)=256  sim=162.2s
epoch  141400  HO=0.2378  meanSteps=   604.7  copy=0.840  A(t)=256  sim=162.4s
epoch  141600  HO=0.2343  meanSteps=   689.1  copy=0.836  A(t)=256  sim=162.6s
epoch  141800  HO=0.2496  meanSteps=   801.0  copy=0.849  A(t)=256  sim=162.8s
epoch  142000  HO=0.2748  meanSteps=   789.4  copy=0.866  A(t)=256  sim=163.1s
epoch  142200  HO=0.3149  meanSteps=   825.8  copy=0.871  A(t)=256  sim=163.3s
epoch  142400  HO=0.3400  meanSteps=   817.1  copy=0.878  A(t)=256  sim=163.6s
epoch  142600  HO=0.3289  meanSteps=   820.5  copy=0.866  A(t)=256  sim=163.8s
epoch  142800  HO=0.3182  meanSteps=   829.6  copy=0.850  A(t)=256  sim=164.1s
epoch  143000  HO=0.3188  meanSteps=   874.1  copy=0.841  A(t)=256  sim=164.5s
epoch  143200  HO=0.3526  meanSteps=   858.7  copy=0.839  A(t)=256  sim=164.8s
epoch  143400  HO=0.3353  meanSteps=   993.7  copy=0.816  A(t)=256  sim=165.1s
epoch  143600  HO=0.3622  meanSteps=   930.9  copy=0.832  A(t)=256  sim=165.4s
epoch  143800  HO=0.3820  meanSteps=   882.2  copy=0.831  A(t)=256  sim=165.7s
epoch  144000  HO=0.3531  meanSteps=   896.5  copy=0.822  A(t)=256  sim=165.9s
epoch  144200  HO=0.3010  meanSteps=   889.5  copy=0.839  A(t)=256  sim=166.2s
epoch  144400  HO=0.2911  meanSteps=   892.0  copy=0.833  A(t)=256  sim=166.4s
epoch  144600  HO=0.2449  meanSteps=   889.2  copy=0.813  A(t)=256  sim=166.7s
epoch  144800  HO=0.2566  meanSteps=   855.9  copy=0.825  A(t)=256  sim=167.0s
epoch  145000  HO=0.2425  meanSteps=   816.2  copy=0.837  A(t)=256  sim=167.2s
epoch  145200  HO=0.2937  meanSteps=   817.9  copy=0.847  A(t)=256  sim=167.5s
epoch  145400  HO=0.2927  meanSteps=   805.0  copy=0.847  A(t)=256  sim=167.7s
epoch  145600  HO=0.2728  meanSteps=   791.6  copy=0.851  A(t)=256  sim=168.0s
epoch  145800  HO=0.3066  meanSteps=   811.3  copy=0.841  A(t)=256  sim=168.2s
epoch  146000  HO=0.3870  meanSteps=   821.6  copy=0.855  A(t)=256  sim=168.5s
epoch  146200  HO=0.4048  meanSteps=   821.6  copy=0.859  A(t)=257  sim=168.7s
epoch  146400  HO=0.3650  meanSteps=   757.5  copy=0.858  A(t)=257  sim=169.0s
epoch  146600  HO=0.3164  meanSteps=   757.3  copy=0.843  A(t)=257  sim=169.2s
epoch  146800  HO=0.2878  meanSteps=   744.8  copy=0.850  A(t)=257  sim=169.5s
epoch  147000  HO=0.2593  meanSteps=   735.4  copy=0.829  A(t)=257  sim=169.7s
epoch  147200  HO=0.3605  meanSteps=   733.0  copy=0.798  A(t)=257  sim=170.0s
epoch  147400  HO=0.3256  meanSteps=   731.4  copy=0.806  A(t)=257  sim=170.2s
epoch  147600  HO=0.3456  meanSteps=   756.7  copy=0.817  A(t)=257  sim=170.4s
epoch  147800  HO=0.2856  meanSteps=   724.7  copy=0.824  A(t)=257  sim=170.7s
epoch  148000  HO=0.2474  meanSteps=   709.7  copy=0.808  A(t)=257  sim=170.9s
epoch  148200  HO=0.2309  meanSteps=   610.1  copy=0.815  A(t)=257  sim=171.1s
epoch  148400  HO=0.2366  meanSteps=   547.2  copy=0.817  A(t)=257  sim=171.3s
epoch  148600  HO=0.2360  meanSteps=   496.9  copy=0.812  A(t)=257  sim=171.5s
epoch  148800  HO=0.2517  meanSteps=   503.8  copy=0.822  A(t)=257  sim=171.7s
epoch  149000  HO=0.2466  meanSteps=   468.4  copy=0.818  A(t)=257  sim=171.9s
epoch  149200  HO=0.2084  meanSteps=   486.3  copy=0.800  A(t)=257  sim=172.1s
epoch  149400  HO=0.1762  meanSteps=   498.1  copy=0.780  A(t)=257  sim=172.3s
epoch  149600  HO=0.1708  meanSteps=   467.9  copy=0.749  A(t)=257  sim=172.4s
epoch  149800  HO=0.1774  meanSteps=   469.2  copy=0.730  A(t)=257  sim=172.6s
epoch  150000  HO=0.2289  meanSteps=   457.1  copy=0.728  A(t)=257  sim=172.8s
epoch  150200  HO=0.2414  meanSteps=   495.1  copy=0.726  A(t)=257  sim=173.0s
epoch  150400  HO=0.2740  meanSteps=   505.4  copy=0.705  A(t)=257  sim=173.2s
epoch  150600  HO=0.2686  meanSteps=   501.8  copy=0.718  A(t)=257  sim=173.4s
epoch  150800  HO=0.3198  meanSteps=   492.8  copy=0.741  A(t)=257  sim=173.5s
epoch  151000  HO=0.3529  meanSteps=   465.2  copy=0.761  A(t)=257  sim=173.7s
epoch  151200  HO=0.3589  meanSteps=   478.8  copy=0.789  A(t)=257  sim=173.9s
epoch  151400  HO=0.3858  meanSteps=   466.7  copy=0.814  A(t)=257  sim=174.1s
epoch  151600  HO=0.3245  meanSteps=   486.0  copy=0.831  A(t)=257  sim=174.3s
epoch  151800  HO=0.3060  meanSteps=   445.9  copy=0.848  A(t)=257  sim=174.4s
epoch  152000  HO=0.3186  meanSteps=   477.0  copy=0.866  A(t)=257  sim=174.6s
epoch  152200  HO=0.2744  meanSteps=   431.8  copy=0.880  A(t)=257  sim=174.8s
epoch  152400  HO=0.1997  meanSteps=   429.1  copy=0.884  A(t)=257  sim=175.0s
epoch  152600  HO=0.1751  meanSteps=   384.3  copy=0.869  A(t)=257  sim=175.2s
epoch  152800  HO=0.1537  meanSteps=   363.5  copy=0.869  A(t)=257  sim=175.3s
epoch  153000  HO=0.1410  meanSteps=   332.1  copy=0.874  A(t)=257  sim=175.5s
epoch  153200  HO=0.1551  meanSteps=   296.2  copy=0.884  A(t)=257  sim=175.6s
epoch  153400  HO=0.1683  meanSteps=   309.7  copy=0.892  A(t)=257  sim=175.8s
epoch  153600  HO=0.1785  meanSteps=   305.5  copy=0.893  A(t)=257  sim=176.0s
epoch  153800  HO=0.2293  meanSteps=   343.4  copy=0.885  A(t)=257  sim=176.1s
epoch  154000  HO=0.2622  meanSteps=   371.6  copy=0.854  A(t)=257  sim=176.3s
epoch  154200  HO=0.3186  meanSteps=   389.1  copy=0.851  A(t)=257  sim=176.5s
epoch  154400  HO=0.3795  meanSteps=   398.7  copy=0.879  A(t)=257  sim=176.6s
epoch  154600  HO=0.3824  meanSteps=   406.0  copy=0.855  A(t)=257  sim=176.8s
epoch  154800  HO=0.4177  meanSteps=   417.1  copy=0.847  A(t)=257  sim=177.0s
epoch  155000  HO=0.3879  meanSteps=   409.4  copy=0.821  A(t)=257  sim=177.1s
epoch  155200  HO=0.4571  meanSteps=   407.0  copy=0.789  A(t)=257  sim=177.3s
epoch  155400  HO=0.5494  meanSteps=   413.3  copy=0.781  A(t)=257  sim=177.5s
epoch  155600  HO=0.5277  meanSteps=   449.4  copy=0.782  A(t)=257  sim=177.7s
epoch  155800  HO=0.4501  meanSteps=   425.8  copy=0.768  A(t)=257  sim=177.8s
epoch  156000  HO=0.4502  meanSteps=   411.6  copy=0.778  A(t)=257  sim=178.0s
epoch  156200  HO=0.4260  meanSteps=   401.4  copy=0.803  A(t)=257  sim=178.2s
epoch  156400  HO=0.3553  meanSteps=   379.3  copy=0.827  A(t)=257  sim=178.3s
epoch  156600  HO=0.3586  meanSteps=   390.7  copy=0.826  A(t)=257  sim=178.5s
epoch  156800  HO=0.2777  meanSteps=   446.4  copy=0.801  A(t)=257  sim=178.7s
epoch  157000  HO=0.2974  meanSteps=   449.4  copy=0.806  A(t)=257  sim=178.9s
epoch  157200  HO=0.2783  meanSteps=   439.7  copy=0.800  A(t)=257  sim=179.0s
epoch  157400  HO=0.3516  meanSteps=   448.9  copy=0.807  A(t)=257  sim=179.2s
epoch  157600  HO=0.2905  meanSteps=   494.9  copy=0.809  A(t)=257  sim=179.4s
epoch  157800  HO=0.3295  meanSteps=   513.4  copy=0.795  A(t)=257  sim=179.6s
epoch  158000  HO=0.3322  meanSteps=   637.0  copy=0.780  A(t)=257  sim=179.8s
epoch  158200  HO=0.2983  meanSteps=   635.8  copy=0.779  A(t)=257  sim=180.0s
epoch  158400  HO=0.4260  meanSteps=   652.5  copy=0.788  A(t)=257  sim=180.3s
epoch  158600  HO=0.3744  meanSteps=   684.9  copy=0.789  A(t)=257  sim=180.5s
epoch  158800  HO=0.3760  meanSteps=   663.7  copy=0.796  A(t)=257  sim=180.7s
epoch  159000  HO=0.3303  meanSteps=   663.7  copy=0.813  A(t)=257  sim=180.9s
epoch  159200  HO=0.3213  meanSteps=   645.4  copy=0.808  A(t)=257  sim=181.1s
epoch  159400  HO=0.3541  meanSteps=   588.3  copy=0.797  A(t)=257  sim=181.3s
epoch  159600  HO=0.4187  meanSteps=   591.2  copy=0.810  A(t)=257  sim=181.5s
epoch  159800  HO=0.4261  meanSteps=   605.3  copy=0.823  A(t)=257  sim=181.8s
epoch  160000  HO=0.4299  meanSteps=   605.3  copy=0.840  A(t)=257  sim=182.0s
epoch  160200  HO=0.4134  meanSteps=   614.3  copy=0.844  A(t)=257  sim=182.2s
epoch  160400  HO=0.3824  meanSteps=   661.6  copy=0.853  A(t)=257  sim=182.4s
epoch  160600  HO=0.3526  meanSteps=   689.9  copy=0.861  A(t)=257  sim=182.7s
epoch  160800  HO=0.3170  meanSteps=   636.3  copy=0.865  A(t)=257  sim=182.9s
epoch  161000  HO=0.2706  meanSteps=   598.9  copy=0.862  A(t)=257  sim=183.1s
epoch  161200  HO=0.2739  meanSteps=   560.7  copy=0.851  A(t)=257  sim=183.3s
epoch  161400  HO=0.2236  meanSteps=   597.7  copy=0.829  A(t)=257  sim=183.5s
epoch  161600  HO=0.2500  meanSteps=   619.5  copy=0.811  A(t)=257  sim=183.7s
epoch  161800  HO=0.3783  meanSteps=   664.9  copy=0.809  A(t)=257  sim=184.0s
epoch  162000  HO=0.3909  meanSteps=   599.7  copy=0.827  A(t)=257  sim=184.2s
epoch  162200  HO=0.4194  meanSteps=   535.2  copy=0.833  A(t)=257  sim=184.4s
epoch  162400  HO=0.4484  meanSteps=   555.1  copy=0.838  A(t)=257  sim=184.6s
epoch  162600  HO=0.5078  meanSteps=   576.6  copy=0.829  A(t)=257  sim=184.8s
epoch  162800  HO=0.4396  meanSteps=   565.0  copy=0.824  A(t)=257  sim=185.0s
epoch  163000  HO=0.4258  meanSteps=   572.8  copy=0.821  A(t)=257  sim=185.2s
epoch  163200  HO=0.4498  meanSteps=   598.4  copy=0.816  A(t)=257  sim=185.4s
epoch  163400  HO=0.3889  meanSteps=   608.4  copy=0.811  A(t)=257  sim=185.6s
epoch  163600  HO=0.3179  meanSteps=   672.7  copy=0.821  A(t)=257  sim=185.8s
epoch  163800  HO=0.3344  meanSteps=   655.0  copy=0.811  A(t)=257  sim=186.0s
epoch  164000  HO=0.3360  meanSteps=   665.8  copy=0.848  A(t)=257  sim=186.3s
epoch  164200  HO=0.3285  meanSteps=   586.5  copy=0.846  A(t)=257  sim=186.5s
epoch  164400  HO=0.3480  meanSteps=   546.2  copy=0.876  A(t)=257  sim=186.7s
epoch  164600  HO=0.2838  meanSteps=   567.9  copy=0.864  A(t)=258  sim=186.9s
epoch  164800  HO=0.3054  meanSteps=   512.1  copy=0.856  A(t)=258  sim=187.1s
epoch  165000  HO=0.3471  meanSteps=   543.3  copy=0.855  A(t)=258  sim=187.3s
epoch  165200  HO=0.3153  meanSteps=   575.5  copy=0.886  A(t)=258  sim=187.5s
epoch  165400  HO=0.3310  meanSteps=   566.3  copy=0.887  A(t)=258  sim=187.7s
epoch  165600  HO=0.3092  meanSteps=   595.5  copy=0.874  A(t)=258  sim=187.9s
epoch  165800  HO=0.3211  meanSteps=   597.3  copy=0.866  A(t)=258  sim=188.1s
epoch  166000  HO=0.3539  meanSteps=   618.5  copy=0.886  A(t)=258  sim=188.3s
epoch  166200  HO=0.3492  meanSteps=   678.1  copy=0.884  A(t)=258  sim=188.6s
epoch  166400  HO=0.2915  meanSteps=   663.7  copy=0.897  A(t)=258  sim=188.8s
epoch  166600  HO=0.2826  meanSteps=   658.6  copy=0.894  A(t)=258  sim=189.0s
epoch  166800  HO=0.2741  meanSteps=   639.2  copy=0.870  A(t)=258  sim=189.2s
epoch  167000  HO=0.2985  meanSteps=   716.7  copy=0.836  A(t)=258  sim=189.4s
epoch  167200  HO=0.2978  meanSteps=   701.9  copy=0.834  A(t)=258  sim=189.7s
epoch  167400  HO=0.2849  meanSteps=   626.9  copy=0.825  A(t)=258  sim=190.0s
epoch  167600  HO=0.2635  meanSteps=   586.9  copy=0.807  A(t)=258  sim=190.2s
epoch  167800  HO=0.2511  meanSteps=   564.8  copy=0.803  A(t)=258  sim=190.5s
epoch  168000  HO=0.2945  meanSteps=   557.3  copy=0.805  A(t)=258  sim=190.7s
epoch  168200  HO=0.3262  meanSteps=   576.4  copy=0.829  A(t)=258  sim=191.0s
epoch  168400  HO=0.2876  meanSteps=   606.0  copy=0.857  A(t)=258  sim=191.2s
epoch  168600  HO=0.2782  meanSteps=   629.8  copy=0.828  A(t)=258  sim=191.4s
epoch  168800  HO=0.2749  meanSteps=   697.5  copy=0.813  A(t)=258  sim=191.6s
epoch  169000  HO=0.2679  meanSteps=   764.7  copy=0.794  A(t)=258  sim=191.9s
epoch  169200  HO=0.2841  meanSteps=   827.4  copy=0.803  A(t)=258  sim=192.1s
epoch  169400  HO=0.2522  meanSteps=   782.1  copy=0.819  A(t)=258  sim=192.4s
epoch  169600  HO=0.2511  meanSteps=   757.3  copy=0.819  A(t)=258  sim=192.6s
epoch  169800  HO=0.2853  meanSteps=   750.0  copy=0.835  A(t)=258  sim=192.9s
epoch  170000  HO=0.2877  meanSteps=   689.5  copy=0.838  A(t)=258  sim=193.1s
epoch  170200  HO=0.2781  meanSteps=   664.0  copy=0.851  A(t)=258  sim=193.3s
epoch  170400  HO=0.2879  meanSteps=   636.0  copy=0.891  A(t)=258  sim=193.5s
epoch  170600  HO=0.2492  meanSteps=   618.4  copy=0.885  A(t)=258  sim=193.7s
epoch  170800  HO=0.2051  meanSteps=   587.5  copy=0.884  A(t)=258  sim=194.0s
epoch  171000  HO=0.2075  meanSteps=   558.7  copy=0.879  A(t)=258  sim=194.2s
epoch  171200  HO=0.2063  meanSteps=   585.2  copy=0.884  A(t)=258  sim=194.4s
epoch  171400  HO=0.1387  meanSteps=   577.9  copy=0.896  A(t)=258  sim=194.6s
epoch  171600  HO=0.1582  meanSteps=   571.7  copy=0.883  A(t)=258  sim=194.8s
epoch  171800  HO=0.1692  meanSteps=   544.7  copy=0.865  A(t)=258  sim=195.0s
epoch  172000  HO=0.2172  meanSteps=   572.0  copy=0.858  A(t)=258  sim=195.2s
epoch  172200  HO=0.2225  meanSteps=   563.3  copy=0.835  A(t)=258  sim=195.4s
epoch  172400  HO=0.2615  meanSteps=   578.8  copy=0.826  A(t)=259  sim=195.6s
epoch  172600  HO=0.2376  meanSteps=   577.1  copy=0.809  A(t)=259  sim=195.8s
epoch  172800  HO=0.2209  meanSteps=   580.1  copy=0.803  A(t)=259  sim=196.1s
epoch  173000  HO=0.2324  meanSteps=   560.4  copy=0.802  A(t)=259  sim=196.3s
epoch  173200  HO=0.3092  meanSteps=   509.2  copy=0.805  A(t)=259  sim=196.5s
epoch  173400  HO=0.3589  meanSteps=   525.4  copy=0.770  A(t)=259  sim=196.7s
epoch  173600  HO=0.3953  meanSteps=   537.8  copy=0.783  A(t)=259  sim=196.9s
epoch  173800  HO=0.3632  meanSteps=   535.4  copy=0.796  A(t)=259  sim=197.1s
epoch  174000  HO=0.4073  meanSteps=   551.7  copy=0.813  A(t)=259  sim=197.2s
epoch  174200  HO=0.5107  meanSteps=   618.4  copy=0.847  A(t)=259  sim=197.5s
epoch  174400  HO=0.4297  meanSteps=   670.9  copy=0.875  A(t)=259  sim=197.7s
epoch  174600  HO=0.3583  meanSteps=   705.7  copy=0.856  A(t)=259  sim=197.9s
epoch  174800  HO=0.4112  meanSteps=   662.8  copy=0.842  A(t)=259  sim=198.1s
epoch  175000  HO=0.3617  meanSteps=   678.5  copy=0.839  A(t)=259  sim=198.4s
epoch  175200  HO=0.3198  meanSteps=   641.3  copy=0.864  A(t)=260  sim=198.6s
epoch  175400  HO=0.2514  meanSteps=   617.0  copy=0.873  A(t)=260  sim=198.8s
epoch  175600  HO=0.2490  meanSteps=   592.8  copy=0.887  A(t)=261  sim=199.0s
epoch  175800  HO=0.2688  meanSteps=   714.3  copy=0.858  A(t)=261  sim=199.3s
epoch  176000  HO=0.2453  meanSteps=   705.3  copy=0.842  A(t)=261  sim=199.5s
epoch  176200  HO=0.2749  meanSteps=   694.5  copy=0.821  A(t)=261  sim=199.7s
epoch  176400  HO=0.3105  meanSteps=   628.4  copy=0.833  A(t)=261  sim=200.0s
epoch  176600  HO=0.3188  meanSteps=   583.9  copy=0.824  A(t)=261  sim=200.2s
epoch  176800  HO=0.4090  meanSteps=   627.1  copy=0.815  A(t)=261  sim=200.4s
epoch  177000  HO=0.3525  meanSteps=   650.6  copy=0.820  A(t)=261  sim=200.6s
epoch  177200  HO=0.3986  meanSteps=   668.4  copy=0.854  A(t)=261  sim=200.9s
epoch  177400  HO=0.3623  meanSteps=   665.5  copy=0.859  A(t)=261  sim=201.1s
epoch  177600  HO=0.2972  meanSteps=   640.1  copy=0.839  A(t)=261  sim=201.4s
epoch  177800  HO=0.2956  meanSteps=   681.2  copy=0.838  A(t)=261  sim=201.6s
epoch  178000  HO=0.2582  meanSteps=   753.1  copy=0.804  A(t)=261  sim=201.9s
epoch  178200  HO=0.2283  meanSteps=   772.1  copy=0.794  A(t)=261  sim=202.1s
epoch  178400  HO=0.2151  meanSteps=   784.6  copy=0.787  A(t)=261  sim=202.4s
epoch  178600  HO=0.2557  meanSteps=   703.2  copy=0.813  A(t)=261  sim=202.6s
epoch  178800  HO=0.2181  meanSteps=   679.7  copy=0.834  A(t)=261  sim=202.9s
epoch  179000  HO=0.2363  meanSteps=   743.1  copy=0.850  A(t)=261  sim=203.2s
epoch  179200  HO=0.2676  meanSteps=   795.0  copy=0.868  A(t)=261  sim=203.4s
epoch  179400  HO=0.2633  meanSteps=   754.3  copy=0.881  A(t)=261  sim=203.7s
epoch  179600  HO=0.2385  meanSteps=   787.2  copy=0.888  A(t)=261  sim=203.9s
epoch  179800  HO=0.2432  meanSteps=   789.6  copy=0.887  A(t)=261  sim=204.2s
epoch  180000  HO=0.2285  meanSteps=   688.0  copy=0.909  A(t)=261  sim=204.5s
epoch  180200  HO=0.1877  meanSteps=   717.9  copy=0.914  A(t)=261  sim=204.7s
epoch  180400  HO=0.1885  meanSteps=   736.2  copy=0.917  A(t)=261  sim=205.0s
epoch  180600  HO=0.1973  meanSteps=   754.6  copy=0.920  A(t)=261  sim=205.2s
epoch  180800  HO=0.2072  meanSteps=   737.2  copy=0.909  A(t)=261  sim=205.5s
epoch  181000  HO=0.1921  meanSteps=   751.3  copy=0.897  A(t)=261  sim=205.7s
epoch  181200  HO=0.1640  meanSteps=   698.6  copy=0.901  A(t)=261  sim=205.9s
epoch  181400  HO=0.1511  meanSteps=   679.2  copy=0.895  A(t)=261  sim=206.2s
epoch  181600  HO=0.1863  meanSteps=   701.3  copy=0.888  A(t)=261  sim=206.4s
epoch  181800  HO=0.2218  meanSteps=   697.0  copy=0.866  A(t)=261  sim=206.6s
epoch  182000  HO=0.2187  meanSteps=   637.8  copy=0.857  A(t)=261  sim=206.9s
epoch  182200  HO=0.1618  meanSteps=   582.7  copy=0.864  A(t)=261  sim=207.1s
epoch  182400  HO=0.1699  meanSteps=   518.3  copy=0.869  A(t)=261  sim=207.3s
epoch  182600  HO=0.2399  meanSteps=   562.2  copy=0.857  A(t)=261  sim=207.5s
epoch  182800  HO=0.2603  meanSteps=   597.9  copy=0.864  A(t)=261  sim=207.7s
epoch  183000  HO=0.2108  meanSteps=   536.0  copy=0.865  A(t)=261  sim=207.9s
epoch  183200  HO=0.2202  meanSteps=   523.7  copy=0.830  A(t)=261  sim=208.1s
epoch  183400  HO=0.2640  meanSteps=   563.0  copy=0.814  A(t)=261  sim=208.3s
epoch  183600  HO=0.3478  meanSteps=   614.7  copy=0.795  A(t)=261  sim=208.5s
epoch  183800  HO=0.5264  meanSteps=   735.3  copy=0.796  A(t)=261  sim=208.8s
epoch  184000  HO=0.5479  meanSteps=   675.0  copy=0.819  A(t)=261  sim=209.0s
epoch  184200  HO=0.4444  meanSteps=   628.8  copy=0.845  A(t)=261  sim=209.2s
epoch  184400  HO=0.4355  meanSteps=   663.9  copy=0.800  A(t)=261  sim=209.4s
epoch  184600  HO=0.4423  meanSteps=   641.1  copy=0.787  A(t)=261  sim=209.6s
epoch  184800  HO=0.4733  meanSteps=   589.0  copy=0.812  A(t)=261  sim=209.9s
epoch  185000  HO=0.4489  meanSteps=   606.8  copy=0.804  A(t)=261  sim=210.1s
epoch  185200  HO=0.4759  meanSteps=   641.8  copy=0.824  A(t)=261  sim=210.3s
epoch  185400  HO=0.4294  meanSteps=   717.4  copy=0.860  A(t)=261  sim=210.5s
epoch  185600  HO=0.4100  meanSteps=   753.9  copy=0.874  A(t)=261  sim=210.8s
epoch  185800  HO=0.3944  meanSteps=   768.5  copy=0.864  A(t)=261  sim=211.0s
epoch  186000  HO=0.3863  meanSteps=   822.1  copy=0.857  A(t)=261  sim=211.3s
epoch  186200  HO=0.4179  meanSteps=   909.3  copy=0.838  A(t)=261  sim=211.6s
epoch  186400  HO=0.4147  meanSteps=   878.0  copy=0.833  A(t)=261  sim=211.9s
epoch  186600  HO=0.3692  meanSteps=   859.0  copy=0.844  A(t)=261  sim=212.1s
epoch  186800  HO=0.3969  meanSteps=   861.3  copy=0.835  A(t)=261  sim=212.4s
epoch  187000  HO=0.4231  meanSteps=   749.3  copy=0.815  A(t)=261  sim=212.6s
epoch  187200  HO=0.4181  meanSteps=   758.7  copy=0.804  A(t)=261  sim=212.9s
epoch  187400  HO=0.4815  meanSteps=   727.8  copy=0.806  A(t)=261  sim=213.1s
epoch  187600  HO=0.4772  meanSteps=   695.9  copy=0.801  A(t)=261  sim=213.3s
epoch  187800  HO=0.4591  meanSteps=   649.9  copy=0.805  A(t)=261  sim=213.5s
epoch  188000  HO=0.5201  meanSteps=   651.9  copy=0.784  A(t)=261  sim=213.7s
epoch  188200  HO=0.5503  meanSteps=   732.1  copy=0.809  A(t)=261  sim=214.0s
epoch  188400  HO=0.6436  meanSteps=   804.7  copy=0.784  A(t)=261  sim=214.2s
epoch  188600  HO=0.5405  meanSteps=   816.9  copy=0.771  A(t)=261  sim=214.5s
epoch  188800  HO=0.5747  meanSteps=   848.2  copy=0.789  A(t)=261  sim=214.7s
epoch  189000  HO=0.6514  meanSteps=   838.9  copy=0.835  A(t)=261  sim=215.0s
epoch  189200  HO=0.6434  meanSteps=   878.5  copy=0.813  A(t)=261  sim=215.2s
epoch  189400  HO=0.6656  meanSteps=   928.7  copy=0.819  A(t)=261  sim=215.5s
epoch  189600  HO=0.5094  meanSteps=   940.7  copy=0.827  A(t)=261  sim=215.8s
epoch  189800  HO=0.5366  meanSteps=   881.3  copy=0.854  A(t)=261  sim=216.1s
epoch  190000  HO=0.4841  meanSteps=   922.5  copy=0.852  A(t)=261  sim=216.4s
epoch  190200  HO=0.4704  meanSteps=   918.5  copy=0.860  A(t)=261  sim=216.6s
epoch  190400  HO=0.4528  meanSteps=   984.1  copy=0.852  A(t)=261  sim=216.9s
epoch  190600  HO=0.3525  meanSteps=   977.0  copy=0.858  A(t)=261  sim=217.2s
epoch  190800  HO=0.3709  meanSteps=   944.7  copy=0.856  A(t)=261  sim=217.5s
epoch  191000  HO=0.3474  meanSteps=   837.0  copy=0.840  A(t)=261  sim=217.7s
epoch  191200  HO=0.3448  meanSteps=   785.2  copy=0.870  A(t)=261  sim=218.0s
epoch  191400  HO=0.3276  meanSteps=   742.8  copy=0.864  A(t)=261  sim=218.2s
epoch  191600  HO=0.2688  meanSteps=   697.0  copy=0.873  A(t)=261  sim=218.4s
epoch  191800  HO=0.2742  meanSteps=   679.8  copy=0.857  A(t)=261  sim=218.7s
epoch  192000  HO=0.2725  meanSteps=   622.4  copy=0.857  A(t)=261  sim=218.9s
epoch  192200  HO=0.2565  meanSteps=   614.4  copy=0.865  A(t)=261  sim=219.1s
epoch  192400  HO=0.2676  meanSteps=   645.8  copy=0.867  A(t)=261  sim=219.4s
epoch  192600  HO=0.2696  meanSteps=   646.2  copy=0.858  A(t)=261  sim=219.6s
epoch  192800  HO=0.3029  meanSteps=   567.7  copy=0.869  A(t)=262  sim=219.8s
epoch  193000  HO=0.2957  meanSteps=   572.0  copy=0.889  A(t)=262  sim=220.1s
epoch  193200  HO=0.2508  meanSteps=   555.3  copy=0.910  A(t)=262  sim=220.3s
epoch  193400  HO=0.2557  meanSteps=   549.6  copy=0.909  A(t)=262  sim=220.5s
epoch  193600  HO=0.2402  meanSteps=   576.4  copy=0.908  A(t)=262  sim=220.7s
epoch  193800  HO=0.1742  meanSteps=   558.6  copy=0.914  A(t)=262  sim=220.9s
epoch  194000  HO=0.1389  meanSteps=   555.9  copy=0.918  A(t)=262  sim=221.2s
epoch  194200  HO=0.1755  meanSteps=   528.9  copy=0.910  A(t)=262  sim=221.4s
epoch  194400  HO=0.2289  meanSteps=   530.7  copy=0.908  A(t)=262  sim=221.6s
epoch  194600  HO=0.2393  meanSteps=   520.7  copy=0.914  A(t)=262  sim=221.8s
epoch  194800  HO=0.1950  meanSteps=   525.4  copy=0.907  A(t)=262  sim=222.0s
epoch  195000  HO=0.2037  meanSteps=   516.7  copy=0.887  A(t)=262  sim=222.2s
epoch  195200  HO=0.2059  meanSteps=   522.5  copy=0.878  A(t)=262  sim=222.4s
epoch  195400  HO=0.2167  meanSteps=   502.4  copy=0.849  A(t)=262  sim=222.6s
epoch  195600  HO=0.2215  meanSteps=   560.0  copy=0.830  A(t)=262  sim=222.8s
epoch  195800  HO=0.3584  meanSteps=   636.8  copy=0.825  A(t)=262  sim=223.0s
epoch  196000  HO=0.5290  meanSteps=   736.2  copy=0.830  A(t)=262  sim=223.2s
epoch  196200  HO=0.6487  meanSteps=   763.1  copy=0.808  A(t)=262  sim=223.5s
epoch  196400  HO=0.6943  meanSteps=   811.9  copy=0.771  A(t)=262  sim=223.8s
epoch  196600  HO=0.6143  meanSteps=   804.9  copy=0.797  A(t)=262  sim=224.0s
epoch  196800  HO=0.4961  meanSteps=   708.5  copy=0.837  A(t)=262  sim=224.2s
epoch  197000  HO=0.4269  meanSteps=   748.1  copy=0.862  A(t)=262  sim=224.5s
epoch  197200  HO=0.3609  meanSteps=   763.8  copy=0.886  A(t)=262  sim=224.8s
epoch  197400  HO=0.3081  meanSteps=   835.5  copy=0.873  A(t)=262  sim=225.0s
epoch  197600  HO=0.2744  meanSteps=   845.9  copy=0.880  A(t)=262  sim=225.3s
epoch  197800  HO=0.2638  meanSteps=   901.2  copy=0.894  A(t)=262  sim=225.6s
epoch  198000  HO=0.2987  meanSteps=   891.9  copy=0.893  A(t)=262  sim=225.9s
epoch  198200  HO=0.3205  meanSteps=   776.4  copy=0.914  A(t)=262  sim=226.1s
epoch  198400  HO=0.4014  meanSteps=   756.4  copy=0.893  A(t)=262  sim=226.4s
epoch  198600  HO=0.4129  meanSteps=   709.2  copy=0.863  A(t)=262  sim=226.6s
epoch  198800  HO=0.3831  meanSteps=   696.2  copy=0.875  A(t)=262  sim=226.9s
epoch  199000  HO=0.4916  meanSteps=   752.2  copy=0.876  A(t)=262  sim=227.2s
epoch  199200  HO=0.4845  meanSteps=   820.2  copy=0.848  A(t)=262  sim=227.4s
epoch  199400  HO=0.4488  meanSteps=   829.5  copy=0.841  A(t)=262  sim=227.7s
epoch  199600  HO=0.4688  meanSteps=   783.7  copy=0.860  A(t)=262  sim=227.9s
epoch  199800  HO=0.4586  meanSteps=   789.8  copy=0.846  A(t)=262  sim=228.2s
epoch  200000  HO=0.4662  meanSteps=   774.5  copy=0.837  A(t)=262  sim=228.4s
done: 200000 epochs in 248.3s wall (228.4s simulating), runs/bff_long_s1
