epoch       0  HO=-0.0061  meanSteps=     0.0  copy=0.000  A(t)=0  sim=0.0s
epoch      20  HO=0.0714  meanSteps=   564.8  copy=0.523  A(t)=0  sim=0.0s
epoch      40  HO=0.1452  meanSteps=   546.2  copy=0.521  A(t)=0  sim=0.1s
epoch      60  HO=0.1718  meanSteps=   552.4  copy=0.512  A(t)=0  sim=0.1s
epoch      80  HO=0.1737  meanSteps=   547.8  copy=0.522  A(t)=0  sim=0.1s
epoch     100  HO=0.2089  meanSteps=   535.8  copy=0.517  A(t)=16  sim=0.2s
epoch     120  HO=0.2397  meanSteps=   499.2  copy=0.504  A(t)=31  sim=0.2s
epoch     140  HO=0.2886  meanSteps=   521.9  copy=0.512  A(t)=38  sim=0.2s
epoch     160  HO=0.3331  meanSteps=   528.1  copy=0.512  A(t)=40  sim=0.2s
epoch     180  HO=0.3458  meanSteps=   542.2  copy=0.504  A(t)=45  sim=0.2s
epoch     200  HO=0.3559  meanSteps=   569.7  copy=0.503  A(t)=49  sim=0.2s
epoch     220  HO=0.3668  meanSteps=   571.2  copy=0.507  A(t)=58  sim=0.3s
epoch     240  HO=0.3914  meanSteps=   566.9  copy=0.507  A(t)=61  sim=0.3s
epoch     260  HO=0.4104  meanSteps=   588.2  copy=0.510  A(t)=65  sim=0.3s
epoch     280  HO=0.4190  meanSteps=   571.0  copy=0.510  A(t)=68  sim=0.3s
epoch     300  HO=0.4128  meanSteps=   562.4  copy=0.512  A(t)=70  sim=0.4s
epoch     320  HO=0.4014  meanSteps=   578.1  copy=0.504  A(t)=76  sim=0.4s
epoch     340  HO=0.3940  meanSteps=   597.4  copy=0.497  A(t)=79  sim=0.4s
epoch     360  HO=0.3971  meanSteps=   593.6  copy=0.495  A(t)=79  sim=0.4s
epoch     380  HO=0.4255  meanSteps=   581.4  copy=0.496  A(t)=80  sim=0.4s
epoch     400  HO=0.4250  meanSteps=   596.3  copy=0.499  A(t)=81  sim=0.4s
epoch     420  HO=0.4209  meanSteps=   568.9  copy=0.495  A(t)=81  sim=0.5s
epoch     440  HO=0.4166  meanSteps=   608.1  copy=0.498  A(t)=84  sim=0.5s
epoch     460  HO=0.4078  meanSteps=   595.8  copy=0.490  A(t)=85  sim=0.5s
epoch     480  HO=0.4235  meanSteps=   616.7  copy=0.502  A(t)=88  sim=0.5s
epoch     500  HO=0.4250  meanSteps=   627.4  copy=0.496  A(t)=88  sim=0.5s
epoch     520  HO=0.4430  meanSteps=   602.7  copy=0.497  A(t)=89  sim=0.6s
epoch     540  HO=0.4893  meanSteps=   596.8  copy=0.491  A(t)=89  sim=0.6s
epoch     560  HO=0.5101  meanSteps=   608.0  copy=0.500  A(t)=89  sim=0.6s
epoch     580  HO=0.5258  meanSteps=   586.9  copy=0.503  A(t)=90  sim=0.7s
epoch     600  HO=0.5436  meanSteps=   605.5  copy=0.512  A(t)=93  sim=0.7s
epoch     620  HO=0.5550  meanSteps=   583.6  copy=0.512  A(t)=95  sim=0.7s
epoch     640  HO=0.5575  meanSteps=   581.3  copy=0.516  A(t)=99  sim=0.7s
epoch     660  HO=0.5571  meanSteps=   572.6  copy=0.515  A(t)=103  sim=0.7s
epoch     680  HO=0.5690  meanSteps=   565.4  copy=0.526  A(t)=105  sim=0.8s
epoch     700  HO=0.5825  meanSteps=   570.5  copy=0.538  A(t)=107  sim=0.8s
epoch     720  HO=0.5986  meanSteps=   571.0  copy=0.547  A(t)=107  sim=0.8s
epoch     740  HO=0.6030  meanSteps=   576.8  copy=0.551  A(t)=109  sim=0.8s
epoch     760  HO=0.6167  meanSteps=   569.2  copy=0.549  A(t)=109  sim=0.8s
epoch     780  HO=0.6316  meanSteps=   562.4  copy=0.550  A(t)=113  sim=0.8s
epoch     800  HO=0.6594  meanSteps=   605.0  copy=0.559  A(t)=115  sim=0.9s
epoch     820  HO=0.6774  meanSteps=   571.1  copy=0.552  A(t)=117  sim=0.9s
epoch     840  HO=0.6781  meanSteps=   582.5  copy=0.549  A(t)=118  sim=0.9s
epoch     860  HO=0.6859  meanSteps=   570.5  copy=0.554  A(t)=121  sim=0.9s
epoch     880  HO=0.6656  meanSteps=   549.1  copy=0.548  A(t)=122  sim=0.9s
epoch     900  HO=0.6441  meanSteps=   562.8  copy=0.548  A(t)=124  sim=0.9s
epoch     920  HO=0.6271  meanSteps=   564.6  copy=0.556  A(t)=124  sim=1.0s
epoch     940  HO=0.6258  meanSteps=   572.3  copy=0.543  A(t)=124  sim=1.0s
epoch     960  HO=0.6197  meanSteps=   569.7  copy=0.543  A(t)=126  sim=1.0s
epoch     980  HO=0.6123  meanSteps=   588.7  copy=0.542  A(t)=126  sim=1.0s
epoch    1000  HO=0.6146  meanSteps=   611.2  copy=0.544  A(t)=127  sim=1.0s
epoch    1020  HO=0.6153  meanSteps=   575.1  copy=0.554  A(t)=129  sim=1.1s
epoch    1040  HO=0.6167  meanSteps=   581.0  copy=0.559  A(t)=130  sim=1.1s
epoch    1060  HO=0.6228  meanSteps=   605.9  copy=0.550  A(t)=131  sim=1.1s
epoch    1080  HO=0.6021  meanSteps=   604.8  copy=0.554  A(t)=132  sim=1.2s
epoch    1100  HO=0.5960  meanSteps=   586.7  copy=0.575  A(t)=133  sim=1.2s
epoch    1120  HO=0.5800  meanSteps=   590.3  copy=0.574  A(t)=133  sim=1.2s
epoch    1140  HO=0.5769  meanSteps=   611.8  copy=0.572  A(t)=134  sim=1.2s
epoch    1160  HO=0.5869  meanSteps=   619.6  copy=0.567  A(t)=135  sim=1.3s
epoch    1180  HO=0.5705  meanSteps=   598.4  copy=0.566  A(t)=136  sim=1.3s
epoch    1200  HO=0.5449  meanSteps=   590.5  copy=0.582  A(t)=136  sim=1.3s
epoch    1220  HO=0.5191  meanSteps=   595.7  copy=0.591  A(t)=137  sim=1.3s
epoch    1240  HO=0.5116  meanSteps=   607.7  copy=0.617  A(t)=139  sim=1.3s
epoch    1260  HO=0.5064  meanSteps=   600.8  copy=0.626  A(t)=139  sim=1.4s
epoch    1280  HO=0.5089  meanSteps=   647.3  copy=0.618  A(t)=143  sim=1.4s
epoch    1300  HO=0.5036  meanSteps=   640.3  copy=0.621  A(t)=145  sim=1.4s
epoch    1320  HO=0.4930  meanSteps=   653.3  copy=0.631  A(t)=147  sim=1.5s
epoch    1340  HO=0.4912  meanSteps=   651.0  copy=0.629  A(t)=148  sim=1.5s
epoch    1360  HO=0.4691  meanSteps=   668.5  copy=0.635  A(t)=148  sim=1.5s
epoch    1380  HO=0.4726  meanSteps=   672.2  copy=0.624  A(t)=152  sim=1.5s
epoch    1400  HO=0.4712  meanSteps=   689.7  copy=0.623  A(t)=153  sim=1.5s
epoch    1420  HO=0.4831  meanSteps=   661.7  copy=0.608  A(t)=154  sim=1.6s
epoch    1440  HO=0.4719  meanSteps=   627.0  copy=0.610  A(t)=154  sim=1.6s
epoch    1460  HO=0.4570  meanSteps=   655.3  copy=0.605  A(t)=154  sim=1.6s
epoch    1480  HO=0.4467  meanSteps=   637.1  copy=0.599  A(t)=154  sim=1.7s
epoch    1500  HO=0.4299  meanSteps=   615.1  copy=0.608  A(t)=154  sim=1.7s
epoch    1520  HO=0.4262  meanSteps=   621.0  copy=0.598  A(t)=155  sim=1.7s
epoch    1540  HO=0.4246  meanSteps=   619.4  copy=0.602  A(t)=156  sim=1.7s
epoch    1560  HO=0.4120  meanSteps=   585.5  copy=0.593  A(t)=157  sim=1.8s
epoch    1580  HO=0.3920  meanSteps=   618.8  copy=0.605  A(t)=157  sim=1.8s
epoch    1600  HO=0.3996  meanSteps=   603.9  copy=0.619  A(t)=160  sim=1.8s
epoch    1620  HO=0.3956  meanSteps=   592.1  copy=0.645  A(t)=161  sim=1.8s
epoch    1640  HO=0.4111  meanSteps=   573.1  copy=0.662  A(t)=161  sim=1.8s
epoch    1660  HO=0.3959  meanSteps=   583.1  copy=0.665  A(t)=161  sim=1.9s
epoch    1680  HO=0.4021  meanSteps=   573.1  copy=0.655  A(t)=162  sim=1.9s
epoch    1700  HO=0.4190  meanSteps=   588.9  copy=0.663  A(t)=162  sim=1.9s
epoch    1720  HO=0.4139  meanSteps=   577.1  copy=0.667  A(t)=163  sim=1.9s
epoch    1740  HO=0.4022  meanSteps=   561.5  copy=0.662  A(t)=163  sim=1.9s
epoch    1760  HO=0.3935  meanSteps=   579.5  copy=0.650  A(t)=164  sim=2.0s
epoch    1780  HO=0.3738  meanSteps=   565.9  copy=0.651  A(t)=166  sim=2.0s
epoch    1800  HO=0.3703  meanSteps=   596.1  copy=0.646  A(t)=166  sim=2.0s
epoch    1820  HO=0.3641  meanSteps=   576.2  copy=0.651  A(t)=166  sim=2.0s
epoch    1840  HO=0.3735  meanSteps=   555.8  copy=0.667  A(t)=166  sim=2.1s
epoch    1860  HO=0.3626  meanSteps=   543.1  copy=0.686  A(t)=166  sim=2.1s
epoch    1880  HO=0.3556  meanSteps=   539.0  copy=0.690  A(t)=166  sim=2.1s
epoch    1900  HO=0.3583  meanSteps=   529.5  copy=0.696  A(t)=166  sim=2.1s
epoch    1920  HO=0.3637  meanSteps=   513.7  copy=0.701  A(t)=167  sim=2.1s
epoch    1940  HO=0.3594  meanSteps=   518.3  copy=0.695  A(t)=168  sim=2.2s
epoch    1960  HO=0.3516  meanSteps=   496.8  copy=0.686  A(t)=168  sim=2.2s
epoch    1980  HO=0.3360  meanSteps=   528.1  copy=0.693  A(t)=168  sim=2.2s
epoch    2000  HO=0.3320  meanSteps=   547.2  copy=0.702  A(t)=168  sim=2.2s
done: 2000 epochs in 4.7s wall (2.2s simulating), runs/bff_plant_s1
