epoch       0  HO=-0.0064  meanSteps=     0.0  copy=0.000  A(t)=0  sim=0.0s
epoch      20  HO=0.0153  meanSteps=   616.9  copy=0.507  A(t)=0  sim=0.0s
epoch      40  HO=0.0366  meanSteps=   605.2  copy=0.496  A(t)=0  sim=0.0s
epoch      60  HO=0.0608  meanSteps=   594.2  copy=0.487  A(t)=0  sim=0.1s
epoch      80  HO=0.0844  meanSteps=   613.1  copy=0.484  A(t)=0  sim=0.1s
epoch     100  HO=0.0910  meanSteps=   603.2  copy=0.485  A(t)=8  sim=0.1s
epoch     120  HO=0.1115  meanSteps=   641.1  copy=0.484  A(t)=12  sim=0.2s
epoch     140  HO=0.1942  meanSteps=   638.6  copy=0.480  A(t)=15  sim=0.2s
epoch     160  HO=0.2226  meanSteps=   616.0  copy=0.480  A(t)=18  sim=0.2s
epoch     180  HO=0.2191  meanSteps=   637.3  copy=0.483  A(t)=19  sim=0.3s
epoch     200  HO=0.2287  meanSteps=   609.7  copy=0.479  A(t)=21  sim=0.3s
epoch     220  HO=0.2308  meanSteps=   610.9  copy=0.478  A(t)=31  sim=0.3s
epoch     240  HO=0.2607  meanSteps=   655.3  copy=0.482  A(t)=33  sim=0.4s
epoch     260  HO=0.2616  meanSteps=   647.7  copy=0.473  A(t)=34  sim=0.4s
epoch     280  HO=0.2587  meanSteps=   635.8  copy=0.468  A(t)=35  sim=0.5s
epoch     300  HO=0.2551  meanSteps=   650.8  copy=0.474  A(t)=35  sim=0.5s
epoch     320  HO=0.2676  meanSteps=   618.2  copy=0.460  A(t)=49  sim=0.5s
epoch     340  HO=0.2691  meanSteps=   615.9  copy=0.450  A(t)=53  sim=0.6s
epoch     360  HO=0.2758  meanSteps=   607.9  copy=0.459  A(t)=54  sim=0.6s
epoch     380  HO=0.2779  meanSteps=   619.8  copy=0.457  A(t)=54  sim=0.6s
epoch     400  HO=0.3144  meanSteps=   632.3  copy=0.452  A(t)=55  sim=0.6s
epoch     420  HO=0.3228  meanSteps=   641.3  copy=0.443  A(t)=56  sim=0.7s
epoch     440  HO=0.3262  meanSteps=   614.7  copy=0.440  A(t)=58  sim=0.7s
epoch     460  HO=0.3242  meanSteps=   611.4  copy=0.433  A(t)=72  sim=0.7s
epoch     480  HO=0.3192  meanSteps=   641.0  copy=0.438  A(t)=96  sim=0.7s
epoch     500  HO=0.3229  meanSteps=   640.0  copy=0.432  A(t)=99  sim=0.7s
epoch     520  HO=0.3351  meanSteps=   627.7  copy=0.438  A(t)=101  sim=0.8s
epoch     540  HO=0.3384  meanSteps=   644.3  copy=0.436  A(t)=103  sim=0.8s
epoch     560  HO=0.3387  meanSteps=   634.0  copy=0.430  A(t)=103  sim=0.8s
epoch     580  HO=0.3387  meanSteps=   637.9  copy=0.430  A(t)=106  sim=0.8s
epoch     600  HO=0.3413  meanSteps=   650.0  copy=0.431  A(t)=109  sim=0.8s
epoch     620  HO=0.3446  meanSteps=   660.2  copy=0.433  A(t)=109  sim=0.9s
epoch     640  HO=0.3683  meanSteps=   630.2  copy=0.429  A(t)=109  sim=0.9s
epoch     660  HO=0.3606  meanSteps=   628.8  copy=0.425  A(t)=109  sim=0.9s
epoch     680  HO=0.3663  meanSteps=   633.9  copy=0.424  A(t)=109  sim=0.9s
epoch     700  HO=0.3738  meanSteps=   655.1  copy=0.422  A(t)=110  sim=0.9s
epoch     720  HO=0.3899  meanSteps=   667.6  copy=0.423  A(t)=112  sim=1.0s
epoch     740  HO=0.4036  meanSteps=   662.2  copy=0.427  A(t)=112  sim=1.0s
epoch     760  HO=0.4190  meanSteps=   683.5  copy=0.423  A(t)=112  sim=1.0s
epoch     780  HO=0.4175  meanSteps=   674.3  copy=0.434  A(t)=112  sim=1.0s
epoch     800  HO=0.4003  meanSteps=   685.4  copy=0.435  A(t)=114  sim=1.0s
epoch     820  HO=0.3821  meanSteps=   698.7  copy=0.442  A(t)=116  sim=1.1s
epoch     840  HO=0.3772  meanSteps=   744.0  copy=0.439  A(t)=119  sim=1.1s
epoch     860  HO=0.3697  meanSteps=   731.7  copy=0.431  A(t)=119  sim=1.1s
epoch     880  HO=0.3603  meanSteps=   722.8  copy=0.428  A(t)=119  sim=1.1s
epoch     900  HO=0.3594  meanSteps=   701.2  copy=0.426  A(t)=119  sim=1.2s
epoch     920  HO=0.3720  meanSteps=   694.8  copy=0.434  A(t)=121  sim=1.2s
epoch     940  HO=0.3827  meanSteps=   683.4  copy=0.439  A(t)=121  sim=1.2s
epoch     960  HO=0.4353  meanSteps=   656.3  copy=0.447  A(t)=121  sim=1.2s
epoch     980  HO=0.4605  meanSteps=   654.0  copy=0.452  A(t)=123  sim=1.2s
epoch    1000  HO=0.4739  meanSteps=   619.3  copy=0.448  A(t)=125  sim=1.2s
epoch    1020  HO=0.4643  meanSteps=   624.8  copy=0.446  A(t)=127  sim=1.3s
epoch    1040  HO=0.4500  meanSteps=   634.8  copy=0.457  A(t)=130  sim=1.3s
epoch    1060  HO=0.4599  meanSteps=   617.8  copy=0.462  A(t)=133  sim=1.3s
epoch    1080  HO=0.4644  meanSteps=   628.6  copy=0.457  A(t)=133  sim=1.4s
epoch    1100  HO=0.4582  meanSteps=   629.3  copy=0.452  A(t)=133  sim=1.4s
epoch    1120  HO=0.4542  meanSteps=   626.5  copy=0.463  A(t)=133  sim=1.4s
epoch    1140  HO=0.4498  meanSteps=   595.3  copy=0.458  A(t)=135  sim=1.4s
epoch    1160  HO=0.4588  meanSteps=   602.1  copy=0.464  A(t)=136  sim=1.4s
epoch    1180  HO=0.4757  meanSteps=   589.4  copy=0.482  A(t)=136  sim=1.4s
epoch    1200  HO=0.4664  meanSteps=   537.2  copy=0.473  A(t)=138  sim=1.5s
epoch    1220  HO=0.4726  meanSteps=   555.0  copy=0.480  A(t)=139  sim=1.5s
epoch    1240  HO=0.4884  meanSteps=   570.1  copy=0.480  A(t)=142  sim=1.5s
epoch    1260  HO=0.4812  meanSteps=   526.8  copy=0.481  A(t)=145  sim=1.6s
epoch    1280  HO=0.5107  meanSteps=   519.2  copy=0.471  A(t)=150  sim=1.6s
epoch    1300  HO=0.5285  meanSteps=   537.1  copy=0.476  A(t)=151  sim=1.7s
epoch    1320  HO=0.5270  meanSteps=   530.5  copy=0.480  A(t)=154  sim=1.7s
epoch    1340  HO=0.5191  meanSteps=   533.0  copy=0.471  A(t)=155  sim=1.7s
epoch    1360  HO=0.5032  meanSteps=   519.0  copy=0.475  A(t)=156  sim=1.8s
epoch    1380  HO=0.4899  meanSteps=   539.9  copy=0.477  A(t)=156  sim=1.8s
epoch    1400  HO=0.4942  meanSteps=   515.6  copy=0.470  A(t)=156  sim=1.8s
epoch    1420  HO=0.4860  meanSteps=   497.0  copy=0.479  A(t)=156  sim=1.8s
epoch    1440  HO=0.4799  meanSteps=   473.2  copy=0.477  A(t)=157  sim=1.8s
epoch    1460  HO=0.4696  meanSteps=   451.1  copy=0.468  A(t)=157  sim=1.8s
epoch    1480  HO=0.4694  meanSteps=   453.2  copy=0.459  A(t)=157  sim=1.8s
epoch    1500  HO=0.4665  meanSteps=   485.0  copy=0.452  A(t)=157  sim=1.9s
epoch    1520  HO=0.4694  meanSteps=   498.3  copy=0.452  A(t)=157  sim=1.9s
epoch    1540  HO=0.4630  meanSteps=   514.4  copy=0.455  A(t)=157  sim=1.9s
epoch    1560  HO=0.4499  meanSteps=   490.4  copy=0.458  A(t)=157  sim=2.0s
epoch    1580  HO=0.4341  meanSteps=   472.8  copy=0.461  A(t)=157  sim=2.0s
epoch    1600  HO=0.4205  meanSteps=   484.0  copy=0.465  A(t)=157  sim=2.0s
epoch    1620  HO=0.4218  meanSteps=   480.4  copy=0.470  A(t)=159  sim=2.1s
epoch    1640  HO=0.4104  meanSteps=   511.5  copy=0.470  A(t)=159  sim=2.1s
epoch    1660  HO=0.4015  meanSteps=   493.8  copy=0.473  A(t)=159  sim=2.1s
epoch    1680  HO=0.3968  meanSteps=   513.4  copy=0.475  A(t)=159  sim=2.1s
epoch    1700  HO=0.4025  meanSteps=   529.9  copy=0.490  A(t)=159  sim=2.2s
epoch    1720  HO=0.4190  meanSteps=   509.7  copy=0.495  A(t)=161  sim=2.2s
epoch    1740  HO=0.4095  meanSteps=   498.2  copy=0.510  A(t)=161  sim=2.2s
epoch    1760  HO=0.4087  meanSteps=   490.9  copy=0.521  A(t)=162  sim=2.2s
epoch    1780  HO=0.4062  meanSteps=   500.4  copy=0.517  A(t)=163  sim=2.2s
epoch    1800  HO=0.4093  meanSteps=   476.9  copy=0.532  A(t)=164  sim=2.2s
epoch    1820  HO=0.4204  meanSteps=   477.2  copy=0.549  A(t)=166  sim=2.3s
epoch    1840  HO=0.4146  meanSteps=   483.3  copy=0.530  A(t)=167  sim=2.3s
epoch    1860  HO=0.4186  meanSteps=   500.6  copy=0.528  A(t)=167  sim=2.3s
epoch    1880  HO=0.4126  meanSteps=   500.7  copy=0.534  A(t)=167  sim=2.3s
epoch    1900  HO=0.4055  meanSteps=   495.5  copy=0.529  A(t)=169  sim=2.4s
epoch    1920  HO=0.4112  meanSteps=   502.2  copy=0.529  A(t)=169  sim=2.4s
epoch    1940  HO=0.4181  meanSteps=   512.3  copy=0.526  A(t)=170  sim=2.4s
epoch    1960  HO=0.4099  meanSteps=   515.7  copy=0.522  A(t)=171  sim=2.4s
epoch    1980  HO=0.4176  meanSteps=   526.8  copy=0.533  A(t)=171  sim=2.5s
epoch    2000  HO=0.4152  meanSteps=   522.9  copy=0.543  A(t)=174  sim=2.5s
epoch    2020  HO=0.4239  meanSteps=   543.1  copy=0.546  A(t)=175  sim=2.5s
epoch    2040  HO=0.4084  meanSteps=   552.5  copy=0.540  A(t)=175  sim=2.5s
epoch    2060  HO=0.4021  meanSteps=   535.7  copy=0.536  A(t)=175  sim=2.5s
epoch    2080  HO=0.3954  meanSteps=   531.5  copy=0.527  A(t)=176  sim=2.5s
epoch    2100  HO=0.4067  meanSteps=   527.0  copy=0.529  A(t)=177  sim=2.6s
epoch    2120  HO=0.4232  meanSteps=   513.6  copy=0.533  A(t)=177  sim=2.6s
epoch    2140  HO=0.4254  meanSteps=   530.9  copy=0.527  A(t)=177  sim=2.6s
epoch    2160  HO=0.4186  meanSteps=   532.3  copy=0.528  A(t)=177  sim=2.7s
epoch    2180  HO=0.4045  meanSteps=   520.4  copy=0.526  A(t)=177  sim=2.7s
epoch    2200  HO=0.4264  meanSteps=   540.5  copy=0.528  A(t)=179  sim=2.7s
epoch    2220  HO=0.4267  meanSteps=   529.7  copy=0.525  A(t)=180  sim=2.8s
epoch    2240  HO=0.4196  meanSteps=   509.5  copy=0.536  A(t)=180  sim=2.8s
epoch    2260  HO=0.4258  meanSteps=   528.2  copy=0.532  A(t)=180  sim=2.8s
epoch    2280  HO=0.4191  meanSteps=   507.5  copy=0.529  A(t)=182  sim=2.9s
epoch    2300  HO=0.4303  meanSteps=   509.1  copy=0.521  A(t)=182  sim=2.9s
epoch    2320  HO=0.4179  meanSteps=   508.7  copy=0.521  A(t)=182  sim=2.9s
epoch    2340  HO=0.4141  meanSteps=   506.3  copy=0.536  A(t)=185  sim=3.0s
epoch    2360  HO=0.4197  meanSteps=   478.3  copy=0.531  A(t)=186  sim=3.0s
epoch    2380  HO=0.4427  meanSteps=   509.4  copy=0.526  A(t)=188  sim=3.0s
epoch    2400  HO=0.4504  meanSteps=   505.4  copy=0.535  A(t)=188  sim=3.1s
epoch    2420  HO=0.4398  meanSteps=   517.1  copy=0.534  A(t)=188  sim=3.1s
epoch    2440  HO=0.4486  meanSteps=   507.8  copy=0.568  A(t)=189  sim=3.1s
epoch    2460  HO=0.4648  meanSteps=   496.8  copy=0.585  A(t)=192  sim=3.2s
epoch    2480  HO=0.4546  meanSteps=   504.5  copy=0.618  A(t)=194  sim=3.2s
epoch    2500  HO=0.4720  meanSteps=   508.9  copy=0.615  A(t)=194  sim=3.2s
epoch    2520  HO=0.4764  meanSteps=   531.2  copy=0.609  A(t)=196  sim=3.3s
epoch    2540  HO=0.4815  meanSteps=   521.4  copy=0.607  A(t)=198  sim=3.3s
epoch    2560  HO=0.4833  meanSteps=   526.4  copy=0.620  A(t)=199  sim=3.3s
epoch    2580  HO=0.4632  meanSteps=   503.8  copy=0.613  A(t)=199  sim=3.3s
epoch    2600  HO=0.4663  meanSteps=   484.2  copy=0.602  A(t)=202  sim=3.4s
epoch    2620  HO=0.4517  meanSteps=   470.0  copy=0.594  A(t)=205  sim=3.4s
epoch    2640  HO=0.4477  meanSteps=   459.7  copy=0.600  A(t)=207  sim=3.4s
epoch    2660  HO=0.4480  meanSteps=   447.3  copy=0.594  A(t)=207  sim=3.4s
epoch    2680  HO=0.4506  meanSteps=   474.6  copy=0.609  A(t)=208  sim=3.4s
epoch    2700  HO=0.4673  meanSteps=   484.8  copy=0.614  A(t)=208  sim=3.5s
epoch    2720  HO=0.4798  meanSteps=   521.9  copy=0.618  A(t)=208  sim=3.5s
epoch    2740  HO=0.4885  meanSteps=   512.5  copy=0.624  A(t)=208  sim=3.5s
epoch    2760  HO=0.4808  meanSteps=   518.4  copy=0.627  A(t)=208  sim=3.6s
epoch    2780  HO=0.4850  meanSteps=   554.0  copy=0.629  A(t)=208  sim=3.6s
epoch    2800  HO=0.4871  meanSteps=   568.8  copy=0.615  A(t)=209  sim=3.6s
epoch    2820  HO=0.4854  meanSteps=   589.2  copy=0.617  A(t)=210  sim=3.7s
epoch    2840  HO=0.4878  meanSteps=   604.5  copy=0.622  A(t)=211  sim=3.7s
epoch    2860  HO=0.5079  meanSteps=   628.3  copy=0.635  A(t)=211  sim=3.7s
epoch    2880  HO=0.5129  meanSteps=   624.2  copy=0.651  A(t)=211  sim=3.8s
epoch    2900  HO=0.5378  meanSteps=   651.5  copy=0.667  A(t)=212  sim=3.8s
epoch    2920  HO=0.5449  meanSteps=   664.3  copy=0.668  A(t)=212  sim=3.9s
epoch    2940  HO=0.5579  meanSteps=   678.3  copy=0.668  A(t)=215  sim=3.9s
epoch    2960  HO=0.5399  meanSteps=   706.3  copy=0.672  A(t)=216  sim=4.0s
epoch    2980  HO=0.5357  meanSteps=   698.8  copy=0.691  A(t)=219  sim=4.0s
epoch    3000  HO=0.5520  meanSteps=   703.2  copy=0.721  A(t)=219  sim=4.0s
epoch    3020  HO=0.5753  meanSteps=   739.8  copy=0.721  A(t)=222  sim=4.1s
epoch    3040  HO=0.5713  meanSteps=   731.4  copy=0.723  A(t)=222  sim=4.1s
epoch    3060  HO=0.5712  meanSteps=   704.2  copy=0.717  A(t)=222  sim=4.2s
epoch    3080  HO=0.5604  meanSteps=   737.8  copy=0.728  A(t)=222  sim=4.2s
epoch    3100  HO=0.5739  meanSteps=   775.4  copy=0.727  A(t)=224  sim=4.3s
epoch    3120  HO=0.5677  meanSteps=   789.6  copy=0.728  A(t)=224  sim=4.3s
epoch    3140  HO=0.5459  meanSteps=   800.0  copy=0.727  A(t)=225  sim=4.3s
epoch    3160  HO=0.5304  meanSteps=   798.3  copy=0.724  A(t)=226  sim=4.4s
epoch    3180  HO=0.5067  meanSteps=   763.8  copy=0.742  A(t)=227  sim=4.4s
epoch    3200  HO=0.4987  meanSteps=   792.5  copy=0.742  A(t)=230  sim=4.5s
epoch    3220  HO=0.4766  meanSteps=   797.5  copy=0.745  A(t)=230  sim=4.5s
epoch    3240  HO=0.4656  meanSteps=   791.8  copy=0.735  A(t)=230  sim=4.6s
epoch    3260  HO=0.4545  meanSteps=   802.3  copy=0.733  A(t)=230  sim=4.6s
epoch    3280  HO=0.4473  meanSteps=   799.8  copy=0.730  A(t)=231  sim=4.7s
epoch    3300  HO=0.4468  meanSteps=   841.3  copy=0.727  A(t)=231  sim=4.7s
epoch    3320  HO=0.4482  meanSteps=   826.9  copy=0.733  A(t)=232  sim=4.8s
epoch    3340  HO=0.4360  meanSteps=   830.3  copy=0.747  A(t)=232  sim=4.8s
epoch    3360  HO=0.4383  meanSteps=   840.1  copy=0.755  A(t)=232  sim=4.9s
epoch    3380  HO=0.4623  meanSteps=   868.9  copy=0.745  A(t)=233  sim=4.9s
epoch    3400  HO=0.4572  meanSteps=   842.0  copy=0.760  A(t)=234  sim=4.9s
epoch    3420  HO=0.4724  meanSteps=   861.0  copy=0.765  A(t)=237  sim=5.0s
epoch    3440  HO=0.4614  meanSteps=   863.0  copy=0.750  A(t)=237  sim=5.0s
epoch    3460  HO=0.4422  meanSteps=   864.8  copy=0.761  A(t)=244  sim=5.0s
epoch    3480  HO=0.4495  meanSteps=   845.0  copy=0.758  A(t)=245  sim=5.0s
epoch    3500  HO=0.4395  meanSteps=   835.0  copy=0.752  A(t)=245  sim=5.1s
epoch    3520  HO=0.4324  meanSteps=   847.0  copy=0.752  A(t)=245  sim=5.1s
epoch    3540  HO=0.4300  meanSteps=   839.6  copy=0.733  A(t)=246  sim=5.2s
epoch    3560  HO=0.4351  meanSteps=   858.3  copy=0.736  A(t)=247  sim=5.2s
epoch    3580  HO=0.4385  meanSteps=   820.5  copy=0.736  A(t)=247  sim=5.2s
epoch    3600  HO=0.4379  meanSteps=   854.2  copy=0.743  A(t)=248  sim=5.3s
epoch    3620  HO=0.4311  meanSteps=   894.4  copy=0.751  A(t)=248  sim=5.3s
epoch    3640  HO=0.4397  meanSteps=   882.8  copy=0.755  A(t)=248  sim=5.3s
epoch    3660  HO=0.4252  meanSteps=   846.5  copy=0.762  A(t)=248  sim=5.4s
epoch    3680  HO=0.4260  meanSteps=   817.7  copy=0.766  A(t)=248  sim=5.4s
epoch    3700  HO=0.4165  meanSteps=   802.0  copy=0.752  A(t)=248  sim=5.4s
epoch    3720  HO=0.4109  meanSteps=   793.1  copy=0.753  A(t)=252  sim=5.5s
epoch    3740  HO=0.4032  meanSteps=   832.2  copy=0.744  A(t)=252  sim=5.5s
epoch    3760  HO=0.4013  meanSteps=   853.8  copy=0.745  A(t)=252  sim=5.6s
epoch    3780  HO=0.3983  meanSteps=   856.8  copy=0.748  A(t)=252  sim=5.6s
epoch    3800  HO=0.3856  meanSteps=   861.7  copy=0.739  A(t)=253  sim=5.6s
epoch    3820  HO=0.3917  meanSteps=   852.6  copy=0.734  A(t)=253  sim=5.7s
epoch    3840  HO=0.3875  meanSteps=   897.1  copy=0.738  A(t)=253  sim=5.7s
epoch    3860  HO=0.3845  meanSteps=   878.5  copy=0.740  A(t)=253  sim=5.7s
epoch    3880  HO=0.4188  meanSteps=   865.9  copy=0.752  A(t)=254  sim=5.8s
epoch    3900  HO=0.4123  meanSteps=   856.0  copy=0.769  A(t)=255  sim=5.8s
epoch    3920  HO=0.3914  meanSteps=   843.5  copy=0.773  A(t)=255  sim=5.8s
epoch    3940  HO=0.3903  meanSteps=   862.2  copy=0.770  A(t)=255  sim=5.8s
epoch    3960  HO=0.4030  meanSteps=   857.6  copy=0.778  A(t)=258  sim=5.9s
epoch    3980  HO=0.4070  meanSteps=   840.6  copy=0.780  A(t)=258  sim=5.9s
epoch    4000  HO=0.3969  meanSteps=   842.4  copy=0.775  A(t)=258  sim=5.9s
epoch    4020  HO=0.4120  meanSteps=   867.1  copy=0.788  A(t)=258  sim=6.0s
epoch    4040  HO=0.4101  meanSteps=   844.8  copy=0.787  A(t)=259  sim=6.0s
epoch    4060  HO=0.4060  meanSteps=   862.9  copy=0.788  A(t)=260  sim=6.0s
epoch    4080  HO=0.4146  meanSteps=   894.3  copy=0.784  A(t)=260  sim=6.0s
epoch    4100  HO=0.4116  meanSteps=   886.2  copy=0.787  A(t)=261  sim=6.1s
epoch    4120  HO=0.3986  meanSteps=   873.1  copy=0.793  A(t)=264  sim=6.1s
epoch    4140  HO=0.3964  meanSteps=   817.4  copy=0.811  A(t)=264  sim=6.2s
epoch    4160  HO=0.4017  meanSteps=   829.9  copy=0.822  A(t)=269  sim=6.2s
epoch    4180  HO=0.3945  meanSteps=   833.2  copy=0.826  A(t)=270  sim=6.2s
epoch    4200  HO=0.3956  meanSteps=   826.0  copy=0.828  A(t)=271  sim=6.2s
epoch    4220  HO=0.3957  meanSteps=   824.4  copy=0.833  A(t)=271  sim=6.3s
epoch    4240  HO=0.3749  meanSteps=   825.4  copy=0.834  A(t)=277  sim=6.3s
epoch    4260  HO=0.3740  meanSteps=   837.8  copy=0.840  A(t)=277  sim=6.4s
epoch    4280  HO=0.3679  meanSteps=   880.4  copy=0.840  A(t)=277  sim=6.4s
epoch    4300  HO=0.3819  meanSteps=   852.9  copy=0.844  A(t)=278  sim=6.5s
epoch    4320  HO=0.3835  meanSteps=   875.2  copy=0.846  A(t)=278  sim=6.5s
epoch    4340  HO=0.3720  meanSteps=   871.0  copy=0.848  A(t)=279  sim=6.5s
epoch    4360  HO=0.3712  meanSteps=   891.1  copy=0.832  A(t)=280  sim=6.5s
epoch    4380  HO=0.3543  meanSteps=   916.1  copy=0.831  A(t)=280  sim=6.6s
epoch    4400  HO=0.3599  meanSteps=   887.1  copy=0.835  A(t)=282  sim=6.6s
epoch    4420  HO=0.3566  meanSteps=   902.5  copy=0.838  A(t)=282  sim=6.7s
epoch    4440  HO=0.3755  meanSteps=   926.1  copy=0.828  A(t)=282  sim=6.7s
epoch    4460  HO=0.3685  meanSteps=   923.3  copy=0.831  A(t)=283  sim=6.7s
epoch    4480  HO=0.3644  meanSteps=   934.1  copy=0.843  A(t)=284  sim=6.8s
epoch    4500  HO=0.3728  meanSteps=   921.8  copy=0.841  A(t)=284  sim=6.8s
epoch    4520  HO=0.3806  meanSteps=   946.1  copy=0.844  A(t)=286  sim=6.8s
epoch    4540  HO=0.3648  meanSteps=   945.1  copy=0.849  A(t)=289  sim=6.8s
epoch    4560  HO=0.3627  meanSteps=   912.3  copy=0.837  A(t)=289  sim=6.9s
epoch    4580  HO=0.3740  meanSteps=   943.8  copy=0.830  A(t)=292  sim=6.9s
epoch    4600  HO=0.3521  meanSteps=   965.4  copy=0.829  A(t)=294  sim=7.0s
epoch    4620  HO=0.3766  meanSteps=   974.4  copy=0.834  A(t)=294  sim=7.1s
epoch    4640  HO=0.3774  meanSteps=   977.4  copy=0.842  A(t)=294  sim=7.1s
epoch    4660  HO=0.3784  meanSteps=   962.1  copy=0.853  A(t)=297  sim=7.1s
epoch    4680  HO=0.3808  meanSteps=   942.4  copy=0.848  A(t)=297  sim=7.2s
epoch    4700  HO=0.3777  meanSteps=   947.1  copy=0.855  A(t)=297  sim=7.2s
epoch    4720  HO=0.3708  meanSteps=   958.1  copy=0.841  A(t)=298  sim=7.2s
epoch    4740  HO=0.3682  meanSteps=   903.5  copy=0.859  A(t)=300  sim=7.3s
epoch    4760  HO=0.3632  meanSteps=   923.3  copy=0.862  A(t)=300  sim=7.3s
epoch    4780  HO=0.3532  meanSteps=   934.5  copy=0.872  A(t)=300  sim=7.3s
epoch    4800  HO=0.3431  meanSteps=   912.7  copy=0.863  A(t)=300  sim=7.4s
epoch    4820  HO=0.3302  meanSteps=   929.3  copy=0.857  A(t)=300  sim=7.4s
epoch    4840  HO=0.3080  meanSteps=   900.7  copy=0.857  A(t)=300  sim=7.4s
epoch    4860  HO=0.2965  meanSteps=   889.4  copy=0.858  A(t)=300  sim=7.4s
epoch    4880  HO=0.2804  meanSteps=   897.9  copy=0.851  A(t)=300  sim=7.5s
epoch    4900  HO=0.2828  meanSteps=   914.4  copy=0.852  A(t)=300  sim=7.5s
epoch    4920  HO=0.2762  meanSteps=   892.8  copy=0.847  A(t)=300  sim=7.5s
epoch    4940  HO=0.2720  meanSteps=   891.1  copy=0.847  A(t)=300  sim=7.6s
epoch    4960  HO=0.2708  meanSteps=   912.8  copy=0.848  A(t)=300  sim=7.6s
epoch    4980  HO=0.2801  meanSteps=   922.7  copy=0.842  A(t)=300  sim=7.6s
epoch    5000  HO=0.2713  meanSteps=   938.8  copy=0.844  A(t)=300  sim=7.7s
epoch    5020  HO=0.2671  meanSteps=   903.7  copy=0.843  A(t)=300  sim=7.7s
epoch    5040  HO=0.2593  meanSteps=   895.0  copy=0.845  A(t)=300  sim=7.8s
epoch    5060  HO=0.2544  meanSteps=   911.1  copy=0.833  A(t)=300  sim=7.8s
epoch    5080  HO=0.2485  meanSteps=   910.8  copy=0.829  A(t)=300  sim=7.8s
epoch    5100  HO=0.2500  meanSteps=   894.6  copy=0.823  A(t)=300  sim=7.9s
epoch    5120  HO=0.2466  meanSteps=   899.6  copy=0.827  A(t)=300  sim=7.9s
epoch    5140  HO=0.2445  meanSteps=   883.7  copy=0.829  A(t)=300  sim=7.9s
epoch    5160  HO=0.2355  meanSteps=   886.9  copy=0.830  A(t)=300  sim=8.0s
epoch    5180  HO=0.2317  meanSteps=   869.3  copy=0.835  A(t)=300  sim=8.0s
epoch    5200  HO=0.2365  meanSteps=   879.4  copy=0.830  A(t)=300  sim=8.0s
epoch    5220  HO=0.2306  meanSteps=   876.0  copy=0.828  A(t)=300  sim=8.1s
epoch    5240  HO=0.2300  meanSteps=   866.2  copy=0.822  A(t)=300  sim=8.1s
epoch    5260  HO=0.2422  meanSteps=   845.5  copy=0.833  A(t)=300  sim=8.1s
epoch    5280  HO=0.2313  meanSteps=   841.5  copy=0.837  A(t)=300  sim=8.2s
epoch    5300  HO=0.2334  meanSteps=   829.2  copy=0.828  A(t)=300  sim=8.2s
epoch    5320  HO=0.2246  meanSteps=   835.6  copy=0.833  A(t)=300  sim=8.2s
epoch    5340  HO=0.2268  meanSteps=   828.9  copy=0.838  A(t)=300  sim=8.2s
epoch    5360  HO=0.2200  meanSteps=   815.0  copy=0.824  A(t)=300  sim=8.3s
epoch    5380  HO=0.2235  meanSteps=   811.6  copy=0.831  A(t)=300  sim=8.3s
epoch    5400  HO=0.2169  meanSteps=   803.5  copy=0.832  A(t)=300  sim=8.4s
epoch    5420  HO=0.2123  meanSteps=   787.1  copy=0.823  A(t)=300  sim=8.4s
epoch    5440  HO=0.2179  meanSteps=   799.7  copy=0.822  A(t)=300  sim=8.4s
epoch    5460  HO=0.2190  meanSteps=   801.8  copy=0.828  A(t)=302  sim=8.4s
epoch    5480  HO=0.2252  meanSteps=   827.6  copy=0.821  A(t)=302  sim=8.5s
epoch    5500  HO=0.2219  meanSteps=   841.1  copy=0.815  A(t)=302  sim=8.5s
epoch    5520  HO=0.2257  meanSteps=   835.7  copy=0.812  A(t)=303  sim=8.6s
epoch    5540  HO=0.2308  meanSteps=   847.2  copy=0.813  A(t)=303  sim=8.6s
epoch    5560  HO=0.2251  meanSteps=   847.6  copy=0.818  A(t)=304  sim=8.7s
epoch    5580  HO=0.2320  meanSteps=   875.0  copy=0.816  A(t)=304  sim=8.7s
epoch    5600  HO=0.2399  meanSteps=   860.3  copy=0.817  A(t)=304  sim=8.8s
epoch    5620  HO=0.2524  meanSteps=   888.4  copy=0.812  A(t)=304  sim=8.8s
epoch    5640  HO=0.2413  meanSteps=   872.9  copy=0.809  A(t)=304  sim=8.9s
epoch    5660  HO=0.2397  meanSteps=   907.4  copy=0.799  A(t)=304  sim=8.9s
epoch    5680  HO=0.2354  meanSteps=   945.5  copy=0.797  A(t)=305  sim=9.0s
epoch    5700  HO=0.2371  meanSteps=   952.1  copy=0.798  A(t)=306  sim=9.0s
epoch    5720  HO=0.2476  meanSteps=   921.8  copy=0.806  A(t)=306  sim=9.1s
epoch    5740  HO=0.2614  meanSteps=   894.5  copy=0.812  A(t)=306  sim=9.2s
epoch    5760  HO=0.2512  meanSteps=   897.6  copy=0.812  A(t)=306  sim=9.2s
epoch    5780  HO=0.2610  meanSteps=   899.7  copy=0.807  A(t)=306  sim=9.3s
epoch    5800  HO=0.2592  meanSteps=   896.5  copy=0.804  A(t)=306  sim=9.3s
epoch    5820  HO=0.2595  meanSteps=   915.7  copy=0.804  A(t)=306  sim=9.3s
epoch    5840  HO=0.2620  meanSteps=   959.9  copy=0.798  A(t)=306  sim=9.4s
epoch    5860  HO=0.2589  meanSteps=   962.2  copy=0.783  A(t)=306  sim=9.4s
epoch    5880  HO=0.2536  meanSteps=   934.6  copy=0.782  A(t)=306  sim=9.4s
epoch    5900  HO=0.2565  meanSteps=   883.1  copy=0.782  A(t)=306  sim=9.5s
epoch    5920  HO=0.2559  meanSteps=   883.5  copy=0.783  A(t)=306  sim=9.5s
epoch    5940  HO=0.2559  meanSteps=   866.7  copy=0.787  A(t)=309  sim=9.5s
epoch    5960  HO=0.2588  meanSteps=   874.4  copy=0.780  A(t)=310  sim=9.6s
epoch    5980  HO=0.2668  meanSteps=   857.3  copy=0.780  A(t)=311  sim=9.6s
epoch    6000  HO=0.2586  meanSteps=   850.1  copy=0.777  A(t)=311  sim=9.7s
epoch    6020  HO=0.2497  meanSteps=   863.7  copy=0.771  A(t)=311  sim=9.7s
epoch    6040  HO=0.2428  meanSteps=   834.4  copy=0.766  A(t)=312  sim=9.7s
epoch    6060  HO=0.2522  meanSteps=   835.3  copy=0.764  A(t)=315  sim=9.7s
epoch    6080  HO=0.2575  meanSteps=   836.9  copy=0.757  A(t)=315  sim=9.8s
epoch    6100  HO=0.2626  meanSteps=   830.7  copy=0.747  A(t)=315  sim=9.8s
epoch    6120  HO=0.2665  meanSteps=   815.0  copy=0.753  A(t)=315  sim=9.9s
epoch    6140  HO=0.2604  meanSteps=   826.3  copy=0.763  A(t)=315  sim=9.9s
epoch    6160  HO=0.2729  meanSteps=   847.7  copy=0.763  A(t)=315  sim=10.0s
epoch    6180  HO=0.2798  meanSteps=   847.3  copy=0.758  A(t)=315  sim=10.0s
epoch    6200  HO=0.2874  meanSteps=   871.4  copy=0.761  A(t)=316  sim=10.1s
epoch    6220  HO=0.2790  meanSteps=   871.9  copy=0.766  A(t)=317  sim=10.1s
epoch    6240  HO=0.2760  meanSteps=   857.1  copy=0.760  A(t)=317  sim=10.2s
epoch    6260  HO=0.2895  meanSteps=   871.3  copy=0.755  A(t)=317  sim=10.2s
epoch    6280  HO=0.2793  meanSteps=   854.1  copy=0.753  A(t)=317  sim=10.3s
epoch    6300  HO=0.2766  meanSteps=   857.0  copy=0.749  A(t)=317  sim=10.3s
epoch    6320  HO=0.2733  meanSteps=   864.0  copy=0.741  A(t)=317  sim=10.4s
epoch    6340  HO=0.2919  meanSteps=   870.6  copy=0.740  A(t)=317  sim=10.4s
epoch    6360  HO=0.2816  meanSteps=   913.9  copy=0.731  A(t)=317  sim=10.5s
epoch    6380  HO=0.2890  meanSteps=   920.3  copy=0.719  A(t)=317  sim=10.5s
epoch    6400  HO=0.2902  meanSteps=   882.0  copy=0.729  A(t)=317  sim=10.6s
epoch    6420  HO=0.2994  meanSteps=   854.8  copy=0.732  A(t)=317  sim=10.6s
epoch    6440  HO=0.3072  meanSteps=   837.8  copy=0.721  A(t)=317  sim=10.7s
epoch    6460  HO=0.3102  meanSteps=   816.2  copy=0.730  A(t)=317  sim=10.7s
epoch    6480  HO=0.3456  meanSteps=   827.6  copy=0.748  A(t)=317  sim=10.8s
epoch    6500  HO=0.3486  meanSteps=   818.0  copy=0.748  A(t)=317  sim=10.8s
epoch    6520  HO=0.3521  meanSteps=   799.7  copy=0.741  A(t)=317  sim=10.9s
epoch    6540  HO=0.3598  meanSteps=   765.1  copy=0.737  A(t)=319  sim=10.9s
epoch    6560  HO=0.3958  meanSteps=   773.3  copy=0.735  A(t)=322  sim=11.0s
epoch    6580  HO=0.4245  meanSteps=   791.4  copy=0.734  A(t)=322  sim=11.0s
epoch    6600  HO=0.4126  meanSteps=   772.0  copy=0.731  A(t)=330  sim=11.1s
epoch    6620  HO=0.4068  meanSteps=   761.1  copy=0.716  A(t)=337  sim=11.1s
epoch    6640  HO=0.4076  meanSteps=   768.2  copy=0.711  A(t)=338  sim=11.2s
epoch    6660  HO=0.4072  meanSteps=   776.9  copy=0.724  A(t)=341  sim=11.2s
epoch    6680  HO=0.4079  meanSteps=   793.4  copy=0.709  A(t)=341  sim=11.3s
epoch    6700  HO=0.3962  meanSteps=   778.1  copy=0.709  A(t)=343  sim=11.3s
epoch    6720  HO=0.3864  meanSteps=   755.3  copy=0.710  A(t)=343  sim=11.3s
epoch    6740  HO=0.3807  meanSteps=   758.9  copy=0.700  A(t)=343  sim=11.4s
epoch    6760  HO=0.3655  meanSteps=   760.1  copy=0.694  A(t)=343  sim=11.4s
epoch    6780  HO=0.3570  meanSteps=   763.1  copy=0.691  A(t)=343  sim=11.5s
epoch    6800  HO=0.3535  meanSteps=   781.6  copy=0.687  A(t)=343  sim=11.5s
epoch    6820  HO=0.3448  meanSteps=   777.7  copy=0.688  A(t)=343  sim=11.6s
epoch    6840  HO=0.3388  meanSteps=   771.7  copy=0.684  A(t)=343  sim=11.6s
epoch    6860  HO=0.3342  meanSteps=   753.7  copy=0.684  A(t)=343  sim=11.7s
epoch    6880  HO=0.3339  meanSteps=   746.7  copy=0.695  A(t)=343  sim=11.7s
epoch    6900  HO=0.3312  meanSteps=   728.8  copy=0.692  A(t)=343  sim=11.8s
epoch    6920  HO=0.3225  meanSteps=   739.1  copy=0.701  A(t)=346  sim=11.8s
epoch    6940  HO=0.3157  meanSteps=   750.5  copy=0.710  A(t)=348  sim=11.9s
epoch    6960  HO=0.3018  meanSteps=   748.0  copy=0.707  A(t)=348  sim=11.9s
epoch    6980  HO=0.2962  meanSteps=   743.5  copy=0.715  A(t)=349  sim=12.0s
epoch    7000  HO=0.2857  meanSteps=   737.8  copy=0.705  A(t)=349  sim=12.0s
epoch    7020  HO=0.2850  meanSteps=   769.1  copy=0.712  A(t)=349  sim=12.1s
epoch    7040  HO=0.2918  meanSteps=   768.1  copy=0.710  A(t)=349  sim=12.1s
epoch    7060  HO=0.2815  meanSteps=   787.9  copy=0.696  A(t)=349  sim=12.1s
epoch    7080  HO=0.2792  meanSteps=   790.7  copy=0.691  A(t)=349  sim=12.2s
epoch    7100  HO=0.2784  meanSteps=   783.3  copy=0.689  A(t)=349  sim=12.2s
epoch    7120  HO=0.2753  meanSteps=   775.7  copy=0.686  A(t)=350  sim=12.2s
epoch    7140  HO=0.2649  meanSteps=   818.5  copy=0.683  A(t)=350  sim=12.2s
epoch    7160  HO=0.2713  meanSteps=   831.4  copy=0.678  A(t)=350  sim=12.3s
epoch    7180  HO=0.2643  meanSteps=   875.0  copy=0.675  A(t)=351  sim=12.3s
epoch    7200  HO=0.2543  meanSteps=   902.5  copy=0.684  A(t)=351  sim=12.4s
epoch    7220  HO=0.2583  meanSteps=   874.3  copy=0.689  A(t)=351  sim=12.4s
epoch    7240  HO=0.2539  meanSteps=   874.4  copy=0.675  A(t)=352  sim=12.4s
epoch    7260  HO=0.2468  meanSteps=   885.1  copy=0.678  A(t)=352  sim=12.5s
epoch    7280  HO=0.2516  meanSteps=   882.0  copy=0.669  A(t)=352  sim=12.5s
epoch    7300  HO=0.2432  meanSteps=   895.9  copy=0.664  A(t)=352  sim=12.5s
epoch    7320  HO=0.2459  meanSteps=   891.9  copy=0.665  A(t)=352  sim=12.5s
epoch    7340  HO=0.2369  meanSteps=   910.5  copy=0.654  A(t)=354  sim=12.6s
epoch    7360  HO=0.2347  meanSteps=   934.5  copy=0.655  A(t)=356  sim=12.6s
epoch    7380  HO=0.2292  meanSteps=   932.7  copy=0.662  A(t)=356  sim=12.6s
epoch    7400  HO=0.2259  meanSteps=   906.2  copy=0.667  A(t)=356  sim=12.6s
epoch    7420  HO=0.2190  meanSteps=   881.1  copy=0.673  A(t)=356  sim=12.7s
epoch    7440  HO=0.2227  meanSteps=   897.1  copy=0.668  A(t)=356  sim=12.7s
epoch    7460  HO=0.2246  meanSteps=   832.7  copy=0.667  A(t)=356  sim=12.7s
epoch    7480  HO=0.2243  meanSteps=   817.3  copy=0.668  A(t)=356  sim=12.8s
epoch    7500  HO=0.2226  meanSteps=   832.8  copy=0.669  A(t)=356  sim=12.8s
epoch    7520  HO=0.2240  meanSteps=   870.1  copy=0.660  A(t)=356  sim=12.8s
epoch    7540  HO=0.2202  meanSteps=   850.7  copy=0.651  A(t)=356  sim=12.9s
epoch    7560  HO=0.2167  meanSteps=   833.4  copy=0.650  A(t)=356  sim=12.9s
epoch    7580  HO=0.2355  meanSteps=   812.9  copy=0.639  A(t)=356  sim=12.9s
epoch    7600  HO=0.2703  meanSteps=   807.3  copy=0.639  A(t)=356  sim=12.9s
epoch    7620  HO=0.2963  meanSteps=   789.7  copy=0.636  A(t)=356  sim=13.0s
epoch    7640  HO=0.2865  meanSteps=   785.7  copy=0.644  A(t)=356  sim=13.0s
epoch    7660  HO=0.2802  meanSteps=   756.1  copy=0.630  A(t)=356  sim=13.0s
epoch    7680  HO=0.2752  meanSteps=   742.5  copy=0.623  A(t)=356  sim=13.0s
epoch    7700  HO=0.2675  meanSteps=   721.8  copy=0.626  A(t)=356  sim=13.1s
epoch    7720  HO=0.2654  meanSteps=   742.9  copy=0.634  A(t)=356  sim=13.1s
epoch    7740  HO=0.2595  meanSteps=   736.1  copy=0.619  A(t)=356  sim=13.1s
epoch    7760  HO=0.2576  meanSteps=   749.6  copy=0.619  A(t)=356  sim=13.1s
epoch    7780  HO=0.2657  meanSteps=   747.7  copy=0.621  A(t)=356  sim=13.2s
epoch    7800  HO=0.2573  meanSteps=   730.8  copy=0.619  A(t)=357  sim=13.2s
epoch    7820  HO=0.2522  meanSteps=   726.3  copy=0.613  A(t)=357  sim=13.3s
epoch    7840  HO=0.2497  meanSteps=   726.9  copy=0.616  A(t)=357  sim=13.3s
epoch    7860  HO=0.2458  meanSteps=   702.5  copy=0.621  A(t)=357  sim=13.3s
epoch    7880  HO=0.2361  meanSteps=   704.6  copy=0.617  A(t)=357  sim=13.3s
epoch    7900  HO=0.2402  meanSteps=   694.8  copy=0.618  A(t)=357  sim=13.4s
epoch    7920  HO=0.2319  meanSteps=   685.2  copy=0.620  A(t)=357  sim=13.4s
epoch    7940  HO=0.2277  meanSteps=   705.1  copy=0.633  A(t)=357  sim=13.4s
epoch    7960  HO=0.2301  meanSteps=   709.5  copy=0.615  A(t)=357  sim=13.4s
epoch    7980  HO=0.2317  meanSteps=   680.7  copy=0.607  A(t)=357  sim=13.5s
epoch    8000  HO=0.2245  meanSteps=   703.9  copy=0.612  A(t)=357  sim=13.5s
epoch    8020  HO=0.2229  meanSteps=   687.9  copy=0.611  A(t)=357  sim=13.5s
epoch    8040  HO=0.2151  meanSteps=   673.9  copy=0.605  A(t)=359  sim=13.5s
epoch    8060  HO=0.2070  meanSteps=   679.7  copy=0.619  A(t)=359  sim=13.6s
epoch    8080  HO=0.2107  meanSteps=   665.4  copy=0.626  A(t)=359  sim=13.6s
epoch    8100  HO=0.2182  meanSteps=   685.9  copy=0.627  A(t)=359  sim=13.6s
epoch    8120  HO=0.2109  meanSteps=   666.2  copy=0.631  A(t)=361  sim=13.7s
epoch    8140  HO=0.2298  meanSteps=   713.7  copy=0.628  A(t)=361  sim=13.7s
epoch    8160  HO=0.2275  meanSteps=   705.9  copy=0.636  A(t)=361  sim=13.7s
epoch    8180  HO=0.2273  meanSteps=   723.4  copy=0.635  A(t)=361  sim=13.8s
epoch    8200  HO=0.2150  meanSteps=   707.3  copy=0.647  A(t)=361  sim=13.8s
epoch    8220  HO=0.2273  meanSteps=   721.2  copy=0.651  A(t)=361  sim=13.8s
epoch    8240  HO=0.2294  meanSteps=   734.1  copy=0.625  A(t)=361  sim=13.8s
epoch    8260  HO=0.2253  meanSteps=   752.0  copy=0.621  A(t)=361  sim=13.9s
epoch    8280  HO=0.2263  meanSteps=   755.3  copy=0.630  A(t)=361  sim=13.9s
epoch    8300  HO=0.2297  meanSteps=   754.9  copy=0.625  A(t)=364  sim=14.0s
epoch    8320  HO=0.2229  meanSteps=   816.9  copy=0.625  A(t)=364  sim=14.0s
epoch    8340  HO=0.2156  meanSteps=   794.4  copy=0.616  A(t)=364  sim=14.0s
epoch    8360  HO=0.2101  meanSteps=   787.2  copy=0.605  A(t)=364  sim=14.0s
epoch    8380  HO=0.2144  meanSteps=   775.7  copy=0.610  A(t)=364  sim=14.1s
epoch    8400  HO=0.2167  meanSteps=   792.5  copy=0.612  A(t)=364  sim=14.1s
epoch    8420  HO=0.2145  meanSteps=   795.0  copy=0.611  A(t)=364  sim=14.1s
epoch    8440  HO=0.2146  meanSteps=   791.2  copy=0.612  A(t)=364  sim=14.1s
epoch    8460  HO=0.2049  meanSteps=   793.2  copy=0.605  A(t)=364  sim=14.2s
epoch    8480  HO=0.2056  meanSteps=   808.0  copy=0.599  A(t)=364  sim=14.2s
epoch    8500  HO=0.2193  meanSteps=   808.5  copy=0.598  A(t)=366  sim=14.2s
epoch    8520  HO=0.2117  meanSteps=   775.5  copy=0.598  A(t)=366  sim=14.3s
epoch    8540  HO=0.2079  meanSteps=   764.7  copy=0.598  A(t)=366  sim=14.3s
epoch    8560  HO=0.2074  meanSteps=   816.4  copy=0.600  A(t)=366  sim=14.3s
epoch    8580  HO=0.2201  meanSteps=   834.0  copy=0.596  A(t)=366  sim=14.3s
epoch    8600  HO=0.2361  meanSteps=   821.2  copy=0.595  A(t)=366  sim=14.3s
epoch    8620  HO=0.2390  meanSteps=   814.5  copy=0.598  A(t)=367  sim=14.4s
epoch    8640  HO=0.2247  meanSteps=   792.4  copy=0.596  A(t)=367  sim=14.4s
epoch    8660  HO=0.2300  meanSteps=   819.7  copy=0.592  A(t)=367  sim=14.4s
epoch    8680  HO=0.2248  meanSteps=   841.7  copy=0.590  A(t)=367  sim=14.4s
epoch    8700  HO=0.2189  meanSteps=   836.7  copy=0.599  A(t)=368  sim=14.5s
epoch    8720  HO=0.2336  meanSteps=   830.4  copy=0.590  A(t)=370  sim=14.5s
epoch    8740  HO=0.2339  meanSteps=   818.4  copy=0.596  A(t)=370  sim=14.6s
epoch    8760  HO=0.2248  meanSteps=   836.3  copy=0.600  A(t)=370  sim=14.6s
epoch    8780  HO=0.2443  meanSteps=   829.6  copy=0.604  A(t)=370  sim=14.6s
epoch    8800  HO=0.2395  meanSteps=   887.2  copy=0.608  A(t)=370  sim=14.7s
epoch    8820  HO=0.2532  meanSteps=   926.9  copy=0.615  A(t)=370  sim=14.7s
epoch    8840  HO=0.2620  meanSteps=   934.7  copy=0.614  A(t)=370  sim=14.7s
epoch    8860  HO=0.2546  meanSteps=   896.4  copy=0.612  A(t)=371  sim=14.7s
epoch    8880  HO=0.2480  meanSteps=   878.0  copy=0.618  A(t)=371  sim=14.8s
epoch    8900  HO=0.2475  meanSteps=   917.8  copy=0.621  A(t)=372  sim=14.8s
epoch    8920  HO=0.2432  meanSteps=   944.3  copy=0.630  A(t)=372  sim=14.9s
epoch    8940  HO=0.2603  meanSteps=   955.4  copy=0.633  A(t)=372  sim=14.9s
epoch    8960  HO=0.2795  meanSteps=   984.4  copy=0.641  A(t)=373  sim=15.0s
epoch    8980  HO=0.2911  meanSteps=   961.3  copy=0.647  A(t)=373  sim=15.0s
epoch    9000  HO=0.2812  meanSteps=   938.5  copy=0.659  A(t)=373  sim=15.0s
epoch    9020  HO=0.2743  meanSteps=   916.4  copy=0.654  A(t)=374  sim=15.1s
epoch    9040  HO=0.2733  meanSteps=   938.7  copy=0.647  A(t)=376  sim=15.1s
epoch    9060  HO=0.2820  meanSteps=   925.1  copy=0.655  A(t)=376  sim=15.1s
epoch    9080  HO=0.2897  meanSteps=   933.6  copy=0.665  A(t)=380  sim=15.2s
epoch    9100  HO=0.2818  meanSteps=   919.2  copy=0.676  A(t)=380  sim=15.2s
epoch    9120  HO=0.2735  meanSteps=   889.0  copy=0.671  A(t)=380  sim=15.3s
epoch    9140  HO=0.2885  meanSteps=   933.3  copy=0.676  A(t)=380  sim=15.4s
epoch    9160  HO=0.2898  meanSteps=   946.1  copy=0.677  A(t)=380  sim=15.4s
epoch    9180  HO=0.2793  meanSteps=   909.5  copy=0.671  A(t)=380  sim=15.5s
epoch    9200  HO=0.2703  meanSteps=   898.3  copy=0.674  A(t)=380  sim=15.5s
epoch    9220  HO=0.2714  meanSteps=   922.3  copy=0.680  A(t)=380  sim=15.6s
epoch    9240  HO=0.2578  meanSteps=   941.6  copy=0.679  A(t)=380  sim=15.6s
epoch    9260  HO=0.2653  meanSteps=   953.8  copy=0.681  A(t)=380  sim=15.7s
epoch    9280  HO=0.2511  meanSteps=   953.9  copy=0.690  A(t)=380  sim=15.7s
epoch    9300  HO=0.2542  meanSteps=   977.0  copy=0.693  A(t)=380  sim=15.8s
epoch    9320  HO=0.2570  meanSteps=   996.0  copy=0.689  A(t)=380  sim=15.8s
epoch    9340  HO=0.2550  meanSteps=  1009.9  copy=0.690  A(t)=380  sim=15.9s
epoch    9360  HO=0.2571  meanSteps=  1015.8  copy=0.688  A(t)=380  sim=16.0s
epoch    9380  HO=0.2601  meanSteps=  1032.1  copy=0.681  A(t)=382  sim=16.0s
epoch    9400  HO=0.2395  meanSteps=  1035.0  copy=0.687  A(t)=382  sim=16.1s
epoch    9420  HO=0.2409  meanSteps=  1038.6  copy=0.675  A(t)=382  sim=16.1s
epoch    9440  HO=0.2326  meanSteps=  1003.5  copy=0.681  A(t)=382  sim=16.2s
epoch    9460  HO=0.2254  meanSteps=  1028.3  copy=0.687  A(t)=382  sim=16.2s
epoch    9480  HO=0.2174  meanSteps=  1045.9  copy=0.682  A(t)=382  sim=16.3s
epoch    9500  HO=0.2115  meanSteps=  1032.0  copy=0.683  A(t)=382  sim=16.4s
epoch    9520  HO=0.2148  meanSteps=  1047.0  copy=0.685  A(t)=382  sim=16.4s
epoch    9540  HO=0.2224  meanSteps=  1046.1  copy=0.681  A(t)=382  sim=16.5s
epoch    9560  HO=0.2185  meanSteps=  1023.1  copy=0.674  A(t)=383  sim=16.5s
epoch    9580  HO=0.2097  meanSteps=   993.1  copy=0.676  A(t)=383  sim=16.6s
epoch    9600  HO=0.2117  meanSteps=  1022.0  copy=0.667  A(t)=383  sim=16.6s
epoch    9620  HO=0.2285  meanSteps=  1021.7  copy=0.673  A(t)=383  sim=16.7s
epoch    9640  HO=0.2227  meanSteps=  1028.6  copy=0.671  A(t)=383  sim=16.7s
epoch    9660  HO=0.2112  meanSteps=  1027.6  copy=0.674  A(t)=383  sim=16.8s
epoch    9680  HO=0.2099  meanSteps=  1056.6  copy=0.671  A(t)=383  sim=16.8s
epoch    9700  HO=0.1964  meanSteps=  1052.6  copy=0.667  A(t)=383  sim=16.8s
epoch    9720  HO=0.2058  meanSteps=  1053.6  copy=0.671  A(t)=383  sim=16.9s
epoch    9740  HO=0.2059  meanSteps=  1020.4  copy=0.669  A(t)=383  sim=16.9s
epoch    9760  HO=0.2005  meanSteps=  1004.3  copy=0.660  A(t)=383  sim=16.9s
epoch    9780  HO=0.1944  meanSteps=  1004.8  copy=0.671  A(t)=383  sim=17.0s
epoch    9800  HO=0.1960  meanSteps=  1039.3  copy=0.668  A(t)=383  sim=17.0s
epoch    9820  HO=0.1904  meanSteps=  1028.1  copy=0.667  A(t)=387  sim=17.0s
epoch    9840  HO=0.1834  meanSteps=  1011.7  copy=0.673  A(t)=387  sim=17.1s
epoch    9860  HO=0.1789  meanSteps=   994.1  copy=0.673  A(t)=387  sim=17.1s
epoch    9880  HO=0.1739  meanSteps=  1008.7  copy=0.675  A(t)=387  sim=17.2s
epoch    9900  HO=0.1704  meanSteps=  1020.5  copy=0.652  A(t)=387  sim=17.2s
epoch    9920  HO=0.1673  meanSteps=  1031.4  copy=0.651  A(t)=387  sim=17.3s
epoch    9940  HO=0.1761  meanSteps=  1036.8  copy=0.656  A(t)=387  sim=17.3s
epoch    9960  HO=0.1730  meanSteps=  1039.9  copy=0.667  A(t)=387  sim=17.4s
epoch    9980  HO=0.1745  meanSteps=  1071.2  copy=0.672  A(t)=387  sim=17.5s
epoch   10000  HO=0.1694  meanSteps=  1065.0  copy=0.665  A(t)=387  sim=17.6s
epoch   10020  HO=0.1786  meanSteps=  1030.1  copy=0.660  A(t)=387  sim=17.6s
epoch   10040  HO=0.1688  meanSteps=  1009.1  copy=0.656  A(t)=387  sim=17.6s
epoch   10060  HO=0.1715  meanSteps=  1009.5  copy=0.654  A(t)=387  sim=17.7s
epoch   10080  HO=0.1740  meanSteps=   991.8  copy=0.666  A(t)=387  sim=17.7s
epoch   10100  HO=0.1842  meanSteps=  1026.2  copy=0.667  A(t)=388  sim=17.7s
epoch   10120  HO=0.1896  meanSteps=  1011.6  copy=0.661  A(t)=388  sim=17.8s
epoch   10140  HO=0.1807  meanSteps=  1017.3  copy=0.667  A(t)=388  sim=17.8s
epoch   10160  HO=0.1771  meanSteps=  1055.5  copy=0.676  A(t)=388  sim=17.9s
epoch   10180  HO=0.1897  meanSteps=  1063.8  copy=0.681  A(t)=389  sim=17.9s
epoch   10200  HO=0.1936  meanSteps=  1078.7  copy=0.683  A(t)=390  sim=18.0s
epoch   10220  HO=0.2179  meanSteps=  1113.8  copy=0.682  A(t)=390  sim=18.0s
epoch   10240  HO=0.2140  meanSteps=  1089.8  copy=0.688  A(t)=390  sim=18.0s
epoch   10260  HO=0.2184  meanSteps=  1122.5  copy=0.683  A(t)=390  sim=18.1s
epoch   10280  HO=0.2326  meanSteps=  1127.2  copy=0.673  A(t)=392  sim=18.1s
epoch   10300  HO=0.2339  meanSteps=  1098.5  copy=0.667  A(t)=393  sim=18.2s
epoch   10320  HO=0.2418  meanSteps=  1079.3  copy=0.665  A(t)=393  sim=18.2s
epoch   10340  HO=0.2485  meanSteps=  1067.9  copy=0.664  A(t)=395  sim=18.2s
epoch   10360  HO=0.2509  meanSteps=  1076.4  copy=0.672  A(t)=395  sim=18.3s
epoch   10380  HO=0.2596  meanSteps=  1091.5  copy=0.667  A(t)=395  sim=18.3s
epoch   10400  HO=0.2502  meanSteps=  1090.3  copy=0.677  A(t)=395  sim=18.4s
epoch   10420  HO=0.2519  meanSteps=  1099.7  copy=0.683  A(t)=398  sim=18.4s
epoch   10440  HO=0.2435  meanSteps=  1074.3  copy=0.684  A(t)=398  sim=18.5s
epoch   10460  HO=0.2447  meanSteps=  1078.9  copy=0.695  A(t)=398  sim=18.6s
epoch   10480  HO=0.2310  meanSteps=  1061.9  copy=0.688  A(t)=398  sim=18.6s
epoch   10500  HO=0.2263  meanSteps=  1039.4  copy=0.687  A(t)=398  sim=18.7s
epoch   10520  HO=0.2189  meanSteps=  1018.4  copy=0.677  A(t)=398  sim=18.7s
epoch   10540  HO=0.2201  meanSteps=  1055.9  copy=0.687  A(t)=400  sim=18.7s
epoch   10560  HO=0.2191  meanSteps=  1069.2  copy=0.682  A(t)=400  sim=18.7s
epoch   10580  HO=0.2119  meanSteps=  1052.8  copy=0.670  A(t)=400  sim=18.8s
epoch   10600  HO=0.2072  meanSteps=  1031.4  copy=0.663  A(t)=400  sim=18.8s
epoch   10620  HO=0.2078  meanSteps=  1057.0  copy=0.665  A(t)=400  sim=18.9s
epoch   10640  HO=0.2124  meanSteps=  1031.2  copy=0.657  A(t)=400  sim=18.9s
epoch   10660  HO=0.2086  meanSteps=  1040.8  copy=0.651  A(t)=400  sim=18.9s
epoch   10680  HO=0.2014  meanSteps=  1066.4  copy=0.662  A(t)=400  sim=19.0s
epoch   10700  HO=0.1941  meanSteps=  1064.9  copy=0.651  A(t)=400  sim=19.0s
epoch   10720  HO=0.2053  meanSteps=  1057.4  copy=0.658  A(t)=400  sim=19.0s
epoch   10740  HO=0.2150  meanSteps=  1073.5  copy=0.664  A(t)=400  sim=19.1s
epoch   10760  HO=0.2073  meanSteps=  1095.8  copy=0.662  A(t)=400  sim=19.1s
epoch   10780  HO=0.2068  meanSteps=  1076.3  copy=0.664  A(t)=400  sim=19.1s
epoch   10800  HO=0.2028  meanSteps=  1093.6  copy=0.675  A(t)=400  sim=19.2s
epoch   10820  HO=0.2101  meanSteps=  1048.5  copy=0.668  A(t)=401  sim=19.2s
epoch   10840  HO=0.2167  meanSteps=  1017.6  copy=0.679  A(t)=401  sim=19.3s
epoch   10860  HO=0.2084  meanSteps=  1033.6  copy=0.676  A(t)=401  sim=19.3s
epoch   10880  HO=0.2165  meanSteps=  1030.0  copy=0.684  A(t)=401  sim=19.3s
epoch   10900  HO=0.2079  meanSteps=  1008.5  copy=0.692  A(t)=401  sim=19.4s
epoch   10920  HO=0.2005  meanSteps=   987.3  copy=0.698  A(t)=401  sim=19.4s
epoch   10940  HO=0.1958  meanSteps=   980.7  copy=0.686  A(t)=401  sim=19.4s
epoch   10960  HO=0.1889  meanSteps=   985.5  copy=0.676  A(t)=401  sim=19.4s
epoch   10980  HO=0.1846  meanSteps=   974.3  copy=0.676  A(t)=401  sim=19.5s
epoch   11000  HO=0.1763  meanSteps=   969.3  copy=0.684  A(t)=401  sim=19.6s
epoch   11020  HO=0.1810  meanSteps=   961.1  copy=0.695  A(t)=401  sim=19.6s
epoch   11040  HO=0.1770  meanSteps=   954.4  copy=0.694  A(t)=401  sim=19.6s
epoch   11060  HO=0.1667  meanSteps=   934.2  copy=0.697  A(t)=401  sim=19.7s
epoch   11080  HO=0.1779  meanSteps=   962.9  copy=0.705  A(t)=401  sim=19.7s
epoch   11100  HO=0.1714  meanSteps=   966.3  copy=0.701  A(t)=401  sim=19.7s
epoch   11120  HO=0.1740  meanSteps=   952.2  copy=0.704  A(t)=401  sim=19.8s
epoch   11140  HO=0.1703  meanSteps=   952.2  copy=0.721  A(t)=401  sim=19.8s
epoch   11160  HO=0.1644  meanSteps=   951.5  copy=0.726  A(t)=401  sim=19.9s
epoch   11180  HO=0.1682  meanSteps=   997.6  copy=0.718  A(t)=401  sim=19.9s
epoch   11200  HO=0.1710  meanSteps=  1001.4  copy=0.714  A(t)=401  sim=20.0s
epoch   11220  HO=0.1756  meanSteps=  1001.5  copy=0.723  A(t)=402  sim=20.0s
epoch   11240  HO=0.1756  meanSteps=   989.8  copy=0.739  A(t)=402  sim=20.1s
epoch   11260  HO=0.1790  meanSteps=  1014.8  copy=0.759  A(t)=402  sim=20.1s
epoch   11280  HO=0.1760  meanSteps=   973.9  copy=0.762  A(t)=402  sim=20.1s
epoch   11300  HO=0.1720  meanSteps=   992.5  copy=0.776  A(t)=402  sim=20.2s
epoch   11320  HO=0.1778  meanSteps=   986.9  copy=0.782  A(t)=402  sim=20.2s
epoch   11340  HO=0.1740  meanSteps=  1002.2  copy=0.793  A(t)=403  sim=20.2s
epoch   11360  HO=0.1593  meanSteps=  1010.2  copy=0.795  A(t)=403  sim=20.2s
epoch   11380  HO=0.1624  meanSteps=   997.8  copy=0.791  A(t)=404  sim=20.3s
epoch   11400  HO=0.1616  meanSteps=   954.4  copy=0.787  A(t)=404  sim=20.3s
epoch   11420  HO=0.1517  meanSteps=   977.4  copy=0.787  A(t)=404  sim=20.3s
epoch   11440  HO=0.1549  meanSteps=   983.0  copy=0.784  A(t)=404  sim=20.4s
epoch   11460  HO=0.1424  meanSteps=   950.2  copy=0.789  A(t)=406  sim=20.4s
epoch   11480  HO=0.1445  meanSteps=   928.0  copy=0.796  A(t)=406  sim=20.4s
epoch   11500  HO=0.1375  meanSteps=   921.8  copy=0.800  A(t)=406  sim=20.5s
epoch   11520  HO=0.1433  meanSteps=   923.3  copy=0.798  A(t)=406  sim=20.5s
epoch   11540  HO=0.1347  meanSteps=   953.0  copy=0.808  A(t)=406  sim=20.5s
epoch   11560  HO=0.1386  meanSteps=   943.9  copy=0.812  A(t)=406  sim=20.6s
epoch   11580  HO=0.1408  meanSteps=   950.5  copy=0.818  A(t)=406  sim=20.6s
epoch   11600  HO=0.1439  meanSteps=   973.3  copy=0.810  A(t)=406  sim=20.7s
epoch   11620  HO=0.1416  meanSteps=   948.2  copy=0.814  A(t)=406  sim=20.7s
epoch   11640  HO=0.1320  meanSteps=   944.1  copy=0.817  A(t)=406  sim=20.7s
epoch   11660  HO=0.1386  meanSteps=   969.4  copy=0.820  A(t)=406  sim=20.8s
epoch   11680  HO=0.1377  meanSteps=  1007.4  copy=0.830  A(t)=406  sim=20.8s
epoch   11700  HO=0.1537  meanSteps=  1025.0  copy=0.829  A(t)=406  sim=20.9s
epoch   11720  HO=0.1535  meanSteps=  1010.7  copy=0.842  A(t)=406  sim=20.9s
epoch   11740  HO=0.1632  meanSteps=   975.5  copy=0.842  A(t)=406  sim=21.0s
epoch   11760  HO=0.1704  meanSteps=   969.4  copy=0.851  A(t)=406  sim=21.0s
epoch   11780  HO=0.1528  meanSteps=   964.2  copy=0.850  A(t)=407  sim=21.0s
epoch   11800  HO=0.1426  meanSteps=   965.4  copy=0.848  A(t)=407  sim=21.0s
epoch   11820  HO=0.1327  meanSteps=   940.4  copy=0.845  A(t)=407  sim=21.1s
epoch   11840  HO=0.1290  meanSteps=   929.4  copy=0.840  A(t)=407  sim=21.1s
epoch   11860  HO=0.1305  meanSteps=   915.6  copy=0.842  A(t)=407  sim=21.1s
epoch   11880  HO=0.1248  meanSteps=   909.5  copy=0.848  A(t)=407  sim=21.2s
epoch   11900  HO=0.1333  meanSteps=   904.7  copy=0.841  A(t)=407  sim=21.2s
epoch   11920  HO=0.1326  meanSteps=   910.0  copy=0.836  A(t)=407  sim=21.2s
epoch   11940  HO=0.1235  meanSteps=   907.9  copy=0.844  A(t)=407  sim=21.2s
epoch   11960  HO=0.1145  meanSteps=   922.0  copy=0.838  A(t)=408  sim=21.3s
epoch   11980  HO=0.1169  meanSteps=   974.6  copy=0.829  A(t)=408  sim=21.4s
epoch   12000  HO=0.1125  meanSteps=   957.7  copy=0.831  A(t)=408  sim=21.4s
epoch   12020  HO=0.1168  meanSteps=   966.5  copy=0.826  A(t)=412  sim=21.5s
epoch   12040  HO=0.1216  meanSteps=   985.4  copy=0.842  A(t)=412  sim=21.5s
epoch   12060  HO=0.1432  meanSteps=   954.6  copy=0.863  A(t)=412  sim=21.5s
epoch   12080  HO=0.1506  meanSteps=   948.3  copy=0.863  A(t)=412  sim=21.6s
epoch   12100  HO=0.1429  meanSteps=   944.2  copy=0.859  A(t)=414  sim=21.6s
epoch   12120  HO=0.1370  meanSteps=   924.6  copy=0.870  A(t)=415  sim=21.6s
epoch   12140  HO=0.1360  meanSteps=   913.0  copy=0.860  A(t)=415  sim=21.6s
epoch   12160  HO=0.1340  meanSteps=   934.1  copy=0.862  A(t)=415  sim=21.7s
epoch   12180  HO=0.1196  meanSteps=   916.0  copy=0.871  A(t)=415  sim=21.8s
epoch   12200  HO=0.1283  meanSteps=   912.5  copy=0.880  A(t)=415  sim=21.8s
epoch   12220  HO=0.1340  meanSteps=   915.3  copy=0.875  A(t)=415  sim=21.8s
epoch   12240  HO=0.1273  meanSteps=   919.0  copy=0.874  A(t)=415  sim=21.9s
epoch   12260  HO=0.1302  meanSteps=   928.2  copy=0.879  A(t)=415  sim=21.9s
epoch   12280  HO=0.1377  meanSteps=   959.1  copy=0.880  A(t)=415  sim=21.9s
epoch   12300  HO=0.1497  meanSteps=   940.3  copy=0.870  A(t)=415  sim=22.0s
epoch   12320  HO=0.1399  meanSteps=   953.2  copy=0.874  A(t)=415  sim=22.0s
epoch   12340  HO=0.1369  meanSteps=   972.6  copy=0.870  A(t)=416  sim=22.1s
epoch   12360  HO=0.1305  meanSteps=   980.7  copy=0.857  A(t)=416  sim=22.1s
epoch   12380  HO=0.1339  meanSteps=   959.7  copy=0.856  A(t)=416  sim=22.2s
epoch   12400  HO=0.1381  meanSteps=   918.2  copy=0.851  A(t)=416  sim=22.2s
epoch   12420  HO=0.1364  meanSteps=   920.8  copy=0.842  A(t)=416  sim=22.2s
epoch   12440  HO=0.1390  meanSteps=   921.3  copy=0.834  A(t)=416  sim=22.2s
epoch   12460  HO=0.1435  meanSteps=   945.1  copy=0.835  A(t)=416  sim=22.3s
epoch   12480  HO=0.1416  meanSteps=   917.4  copy=0.839  A(t)=416  sim=22.3s
epoch   12500  HO=0.1519  meanSteps=   925.4  copy=0.840  A(t)=417  sim=22.4s
epoch   12520  HO=0.1601  meanSteps=   885.8  copy=0.847  A(t)=417  sim=22.4s
epoch   12540  HO=0.1734  meanSteps=   909.6  copy=0.849  A(t)=417  sim=22.4s
epoch   12560  HO=0.1634  meanSteps=   952.5  copy=0.856  A(t)=417  sim=22.5s
epoch   12580  HO=0.1820  meanSteps=   946.1  copy=0.862  A(t)=417  sim=22.5s
epoch   12600  HO=0.1723  meanSteps=   952.8  copy=0.874  A(t)=417  sim=22.5s
epoch   12620  HO=0.1776  meanSteps=   986.8  copy=0.864  A(t)=417  sim=22.6s
epoch   12640  HO=0.1909  meanSteps=   984.5  copy=0.875  A(t)=417  sim=22.6s
epoch   12660  HO=0.2038  meanSteps=   987.3  copy=0.861  A(t)=417  sim=22.6s
epoch   12680  HO=0.2190  meanSteps=  1002.4  copy=0.866  A(t)=417  sim=22.7s
epoch   12700  HO=0.2252  meanSteps=   980.0  copy=0.861  A(t)=417  sim=22.7s
epoch   12720  HO=0.2182  meanSteps=   962.3  copy=0.870  A(t)=417  sim=22.7s
epoch   12740  HO=0.2029  meanSteps=   952.9  copy=0.872  A(t)=417  sim=22.8s
epoch   12760  HO=0.2036  meanSteps=   961.8  copy=0.872  A(t)=417  sim=22.8s
epoch   12780  HO=0.1987  meanSteps=  1004.2  copy=0.869  A(t)=417  sim=22.8s
epoch   12800  HO=0.2089  meanSteps=   970.0  copy=0.862  A(t)=417  sim=22.9s
epoch   12820  HO=0.2005  meanSteps=   960.0  copy=0.872  A(t)=417  sim=22.9s
epoch   12840  HO=0.2098  meanSteps=   955.2  copy=0.877  A(t)=417  sim=22.9s
epoch   12860  HO=0.2131  meanSteps=   957.6  copy=0.881  A(t)=417  sim=23.0s
epoch   12880  HO=0.2075  meanSteps=   935.2  copy=0.879  A(t)=417  sim=23.0s
epoch   12900  HO=0.2135  meanSteps=   924.6  copy=0.879  A(t)=417  sim=23.1s
epoch   12920  HO=0.1970  meanSteps=   923.4  copy=0.879  A(t)=418  sim=23.1s
epoch   12940  HO=0.1827  meanSteps=   930.5  copy=0.880  A(t)=418  sim=23.1s
epoch   12960  HO=0.1730  meanSteps=   911.6  copy=0.879  A(t)=418  sim=23.1s
epoch   12980  HO=0.1724  meanSteps=   934.3  copy=0.876  A(t)=418  sim=23.2s
epoch   13000  HO=0.1772  meanSteps=   905.9  copy=0.880  A(t)=418  sim=23.2s
epoch   13020  HO=0.1820  meanSteps=   903.5  copy=0.879  A(t)=418  sim=23.3s
epoch   13040  HO=0.1915  meanSteps=   930.0  copy=0.868  A(t)=418  sim=23.3s
epoch   13060  HO=0.1731  meanSteps=   951.4  copy=0.864  A(t)=418  sim=23.3s
epoch   13080  HO=0.1750  meanSteps=   942.4  copy=0.868  A(t)=418  sim=23.4s
epoch   13100  HO=0.1684  meanSteps=   932.6  copy=0.866  A(t)=418  sim=23.4s
epoch   13120  HO=0.1773  meanSteps=   960.5  copy=0.863  A(t)=418  sim=23.5s
epoch   13140  HO=0.1827  meanSteps=   968.1  copy=0.856  A(t)=418  sim=23.5s
epoch   13160  HO=0.1854  meanSteps=  1001.0  copy=0.856  A(t)=418  sim=23.5s
epoch   13180  HO=0.1960  meanSteps=  1022.8  copy=0.851  A(t)=418  sim=23.6s
epoch   13200  HO=0.1988  meanSteps=  1035.8  copy=0.852  A(t)=418  sim=23.6s
epoch   13220  HO=0.2061  meanSteps=  1034.6  copy=0.837  A(t)=418  sim=23.7s
epoch   13240  HO=0.2003  meanSteps=  1050.8  copy=0.841  A(t)=418  sim=23.7s
epoch   13260  HO=0.1944  meanSteps=  1048.4  copy=0.845  A(t)=424  sim=23.8s
epoch   13280  HO=0.1887  meanSteps=  1055.8  copy=0.838  A(t)=428  sim=23.8s
epoch   13300  HO=0.1854  meanSteps=  1032.1  copy=0.838  A(t)=428  sim=23.9s
epoch   13320  HO=0.1697  meanSteps=  1017.7  copy=0.840  A(t)=428  sim=23.9s
epoch   13340  HO=0.1694  meanSteps=  1006.3  copy=0.839  A(t)=428  sim=24.0s
epoch   13360  HO=0.1789  meanSteps=   992.2  copy=0.835  A(t)=431  sim=24.1s
epoch   13380  HO=0.1781  meanSteps=   994.7  copy=0.846  A(t)=431  sim=24.1s
epoch   13400  HO=0.1700  meanSteps=  1003.9  copy=0.839  A(t)=431  sim=24.2s
epoch   13420  HO=0.1587  meanSteps=  1003.1  copy=0.839  A(t)=431  sim=24.2s
epoch   13440  HO=0.1607  meanSteps=  1001.3  copy=0.831  A(t)=431  sim=24.3s
epoch   13460  HO=0.1605  meanSteps=   998.9  copy=0.826  A(t)=431  sim=24.3s
epoch   13480  HO=0.1529  meanSteps=   991.6  copy=0.825  A(t)=431  sim=24.4s
epoch   13500  HO=0.1522  meanSteps=   997.7  copy=0.820  A(t)=431  sim=24.5s
epoch   13520  HO=0.1548  meanSteps=  1010.9  copy=0.825  A(t)=433  sim=24.5s
epoch   13540  HO=0.1469  meanSteps=   985.4  copy=0.829  A(t)=433  sim=24.6s
epoch   13560  HO=0.1471  meanSteps=   979.2  copy=0.825  A(t)=433  sim=24.6s
epoch   13580  HO=0.1311  meanSteps=   942.5  copy=0.822  A(t)=433  sim=24.7s
epoch   13600  HO=0.1302  meanSteps=   958.1  copy=0.833  A(t)=433  sim=24.7s
epoch   13620  HO=0.1325  meanSteps=   973.2  copy=0.828  A(t)=433  sim=24.8s
epoch   13640  HO=0.1323  meanSteps=  1007.6  copy=0.820  A(t)=433  sim=24.9s
epoch   13660  HO=0.1406  meanSteps=  1019.8  copy=0.817  A(t)=433  sim=24.9s
epoch   13680  HO=0.1572  meanSteps=  1010.1  copy=0.820  A(t)=433  sim=25.0s
epoch   13700  HO=0.1639  meanSteps=  1002.3  copy=0.827  A(t)=434  sim=25.0s
epoch   13720  HO=0.1745  meanSteps=   989.7  copy=0.828  A(t)=434  sim=25.1s
epoch   13740  HO=0.1807  meanSteps=   998.0  copy=0.833  A(t)=434  sim=25.2s
epoch   13760  HO=0.1725  meanSteps=   954.8  copy=0.827  A(t)=434  sim=25.2s
epoch   13780  HO=0.1727  meanSteps=   950.9  copy=0.829  A(t)=434  sim=25.3s
epoch   13800  HO=0.1740  meanSteps=   937.0  copy=0.823  A(t)=434  sim=25.3s
epoch   13820  HO=0.1716  meanSteps=   954.3  copy=0.821  A(t)=434  sim=25.4s
epoch   13840  HO=0.1629  meanSteps=   974.4  copy=0.816  A(t)=434  sim=25.4s
epoch   13860  HO=0.1563  meanSteps=   948.8  copy=0.808  A(t)=434  sim=25.4s
epoch   13880  HO=0.1639  meanSteps=   939.2  copy=0.808  A(t)=434  sim=25.4s
epoch   13900  HO=0.1627  meanSteps=   925.6  copy=0.802  A(t)=434  sim=25.5s
epoch   13920  HO=0.1612  meanSteps=   960.7  copy=0.807  A(t)=434  sim=25.5s
epoch   13940  HO=0.1615  meanSteps=   955.2  copy=0.817  A(t)=434  sim=25.6s
epoch   13960  HO=0.1618  meanSteps=   970.3  copy=0.817  A(t)=434  sim=25.6s
epoch   13980  HO=0.1555  meanSteps=   967.6  copy=0.820  A(t)=434  sim=25.6s
epoch   14000  HO=0.1635  meanSteps=   996.2  copy=0.816  A(t)=434  sim=25.7s
epoch   14020  HO=0.1658  meanSteps=   989.8  copy=0.824  A(t)=435  sim=25.7s
epoch   14040  HO=0.1587  meanSteps=  1005.7  copy=0.817  A(t)=435  sim=25.8s
epoch   14060  HO=0.1466  meanSteps=  1018.1  copy=0.810  A(t)=438  sim=25.8s
epoch   14080  HO=0.1436  meanSteps=  1023.8  copy=0.811  A(t)=438  sim=25.9s
epoch   14100  HO=0.1494  meanSteps=  1041.1  copy=0.808  A(t)=440  sim=26.0s
epoch   14120  HO=0.1428  meanSteps=  1053.0  copy=0.813  A(t)=440  sim=26.0s
epoch   14140  HO=0.1448  meanSteps=  1069.5  copy=0.814  A(t)=440  sim=26.1s
epoch   14160  HO=0.1364  meanSteps=  1068.8  copy=0.810  A(t)=440  sim=26.1s
epoch   14180  HO=0.1325  meanSteps=  1040.3  copy=0.803  A(t)=443  sim=26.2s
epoch   14200  HO=0.1217  meanSteps=  1053.2  copy=0.800  A(t)=443  sim=26.3s
epoch   14220  HO=0.1161  meanSteps=  1052.2  copy=0.797  A(t)=443  sim=26.3s
epoch   14240  HO=0.1126  meanSteps=  1056.4  copy=0.797  A(t)=443  sim=26.4s
epoch   14260  HO=0.1241  meanSteps=  1053.2  copy=0.792  A(t)=444  sim=26.5s
epoch   14280  HO=0.1227  meanSteps=  1050.1  copy=0.794  A(t)=444  sim=26.6s
epoch   14300  HO=0.1188  meanSteps=  1041.0  copy=0.795  A(t)=444  sim=26.6s
epoch   14320  HO=0.1175  meanSteps=  1001.5  copy=0.802  A(t)=444  sim=26.7s
epoch   14340  HO=0.1245  meanSteps=  1030.6  copy=0.809  A(t)=446  sim=26.8s
epoch   14360  HO=0.1227  meanSteps=  1051.3  copy=0.805  A(t)=446  sim=26.8s
epoch   14380  HO=0.1350  meanSteps=  1044.2  copy=0.807  A(t)=446  sim=26.9s
epoch   14400  HO=0.1311  meanSteps=  1040.5  copy=0.821  A(t)=446  sim=27.0s
epoch   14420  HO=0.1268  meanSteps=  1080.4  copy=0.814  A(t)=446  sim=27.0s
epoch   14440  HO=0.1309  meanSteps=  1073.6  copy=0.815  A(t)=446  sim=27.1s
epoch   14460  HO=0.1367  meanSteps=  1055.0  copy=0.812  A(t)=446  sim=27.1s
epoch   14480  HO=0.1337  meanSteps=  1027.4  copy=0.816  A(t)=448  sim=27.2s
epoch   14500  HO=0.1401  meanSteps=  1004.7  copy=0.812  A(t)=448  sim=27.3s
epoch   14520  HO=0.1287  meanSteps=  1019.6  copy=0.820  A(t)=448  sim=27.3s
epoch   14540  HO=0.1367  meanSteps=  1008.6  copy=0.825  A(t)=448  sim=27.4s
epoch   14560  HO=0.1391  meanSteps=  1022.5  copy=0.827  A(t)=448  sim=27.4s
epoch   14580  HO=0.1425  meanSteps=  1003.7  copy=0.831  A(t)=450  sim=27.5s
epoch   14600  HO=0.1459  meanSteps=  1004.4  copy=0.825  A(t)=450  sim=27.6s
epoch   14620  HO=0.1486  meanSteps=   970.3  copy=0.823  A(t)=450  sim=27.6s
epoch   14640  HO=0.1484  meanSteps=   957.5  copy=0.822  A(t)=450  sim=27.7s
epoch   14660  HO=0.1552  meanSteps=   937.8  copy=0.825  A(t)=450  sim=27.7s
epoch   14680  HO=0.1582  meanSteps=   956.9  copy=0.828  A(t)=451  sim=27.8s
epoch   14700  HO=0.1616  meanSteps=   942.3  copy=0.838  A(t)=451  sim=27.8s
epoch   14720  HO=0.1552  meanSteps=   929.7  copy=0.840  A(t)=451  sim=27.8s
epoch   14740  HO=0.1662  meanSteps=   942.3  copy=0.830  A(t)=451  sim=27.8s
epoch   14760  HO=0.1594  meanSteps=   921.1  copy=0.830  A(t)=451  sim=27.9s
epoch   14780  HO=0.1706  meanSteps=   889.5  copy=0.846  A(t)=451  sim=27.9s
epoch   14800  HO=0.1709  meanSteps=   876.4  copy=0.852  A(t)=451  sim=27.9s
epoch   14820  HO=0.1727  meanSteps=   867.6  copy=0.856  A(t)=451  sim=27.9s
epoch   14840  HO=0.1677  meanSteps=   879.9  copy=0.855  A(t)=451  sim=28.0s
epoch   14860  HO=0.1677  meanSteps=   874.9  copy=0.861  A(t)=451  sim=28.0s
epoch   14880  HO=0.1711  meanSteps=   859.2  copy=0.856  A(t)=451  sim=28.1s
epoch   14900  HO=0.1554  meanSteps=   870.1  copy=0.850  A(t)=451  sim=28.1s
epoch   14920  HO=0.1668  meanSteps=   855.9  copy=0.853  A(t)=451  sim=28.2s
epoch   14940  HO=0.1589  meanSteps=   855.5  copy=0.861  A(t)=451  sim=28.2s
epoch   14960  HO=0.1837  meanSteps=   870.4  copy=0.877  A(t)=453  sim=28.2s
epoch   14980  HO=0.1736  meanSteps=   890.2  copy=0.887  A(t)=453  sim=28.2s
epoch   15000  HO=0.1679  meanSteps=   855.7  copy=0.894  A(t)=453  sim=28.3s
epoch   15020  HO=0.1695  meanSteps=   833.8  copy=0.886  A(t)=453  sim=28.3s
epoch   15040  HO=0.1565  meanSteps=   848.8  copy=0.883  A(t)=455  sim=28.3s
epoch   15060  HO=0.1560  meanSteps=   836.2  copy=0.881  A(t)=455  sim=28.4s
epoch   15080  HO=0.1643  meanSteps=   837.4  copy=0.878  A(t)=455  sim=28.4s
epoch   15100  HO=0.1641  meanSteps=   846.6  copy=0.879  A(t)=455  sim=28.4s
epoch   15120  HO=0.1668  meanSteps=   864.0  copy=0.879  A(t)=455  sim=28.5s
epoch   15140  HO=0.1665  meanSteps=   854.3  copy=0.874  A(t)=455  sim=28.5s
epoch   15160  HO=0.1735  meanSteps=   869.0  copy=0.875  A(t)=455  sim=28.6s
epoch   15180  HO=0.1673  meanSteps=   854.0  copy=0.875  A(t)=455  sim=28.6s
epoch   15200  HO=0.1644  meanSteps=   833.8  copy=0.874  A(t)=455  sim=28.6s
epoch   15220  HO=0.1703  meanSteps=   817.1  copy=0.884  A(t)=455  sim=28.7s
epoch   15240  HO=0.1621  meanSteps=   809.4  copy=0.881  A(t)=455  sim=28.7s
epoch   15260  HO=0.1637  meanSteps=   800.2  copy=0.874  A(t)=455  sim=28.8s
epoch   15280  HO=0.1600  meanSteps=   830.5  copy=0.884  A(t)=455  sim=28.8s
epoch   15300  HO=0.1703  meanSteps=   829.4  copy=0.885  A(t)=459  sim=28.9s
epoch   15320  HO=0.1740  meanSteps=   812.4  copy=0.877  A(t)=459  sim=28.9s
epoch   15340  HO=0.1670  meanSteps=   780.8  copy=0.877  A(t)=459  sim=29.0s
epoch   15360  HO=0.1641  meanSteps=   787.6  copy=0.870  A(t)=459  sim=29.0s
epoch   15380  HO=0.1605  meanSteps=   770.5  copy=0.862  A(t)=461  sim=29.1s
epoch   15400  HO=0.1705  meanSteps=   806.4  copy=0.854  A(t)=461  sim=29.1s
epoch   15420  HO=0.1791  meanSteps=   847.3  copy=0.852  A(t)=461  sim=29.2s
epoch   15440  HO=0.1855  meanSteps=   858.3  copy=0.845  A(t)=463  sim=29.2s
epoch   15460  HO=0.2125  meanSteps=   821.4  copy=0.855  A(t)=463  sim=29.3s
epoch   15480  HO=0.2275  meanSteps=   857.4  copy=0.852  A(t)=463  sim=29.3s
epoch   15500  HO=0.2345  meanSteps=   860.9  copy=0.861  A(t)=463  sim=29.4s
epoch   15520  HO=0.2229  meanSteps=   877.2  copy=0.861  A(t)=463  sim=29.4s
epoch   15540  HO=0.2084  meanSteps=   888.2  copy=0.863  A(t)=467  sim=29.5s
epoch   15560  HO=0.2033  meanSteps=   915.7  copy=0.867  A(t)=467  sim=29.5s
epoch   15580  HO=0.2120  meanSteps=   918.8  copy=0.880  A(t)=467  sim=29.6s
epoch   15600  HO=0.2245  meanSteps=   928.4  copy=0.884  A(t)=467  sim=29.7s
epoch   15620  HO=0.2241  meanSteps=   904.7  copy=0.887  A(t)=467  sim=29.7s
epoch   15640  HO=0.2152  meanSteps=   886.4  copy=0.897  A(t)=467  sim=29.8s
epoch   15660  HO=0.1932  meanSteps=   893.2  copy=0.902  A(t)=467  sim=29.8s
epoch   15680  HO=0.1848  meanSteps=   881.5  copy=0.898  A(t)=467  sim=29.8s
epoch   15700  HO=0.1815  meanSteps=   837.2  copy=0.904  A(t)=467  sim=29.8s
epoch   15720  HO=0.1798  meanSteps=   823.1  copy=0.916  A(t)=467  sim=29.9s
epoch   15740  HO=0.1775  meanSteps=   828.4  copy=0.912  A(t)=467  sim=29.9s
epoch   15760  HO=0.1627  meanSteps=   834.2  copy=0.914  A(t)=467  sim=30.0s
epoch   15780  HO=0.1598  meanSteps=   822.6  copy=0.918  A(t)=467  sim=30.0s
epoch   15800  HO=0.1577  meanSteps=   864.0  copy=0.919  A(t)=467  sim=30.1s
epoch   15820  HO=0.1549  meanSteps=   858.7  copy=0.922  A(t)=467  sim=30.1s
epoch   15840  HO=0.1545  meanSteps=   821.4  copy=0.919  A(t)=467  sim=30.2s
epoch   15860  HO=0.1669  meanSteps=   825.5  copy=0.919  A(t)=467  sim=30.2s
epoch   15880  HO=0.1577  meanSteps=   810.0  copy=0.922  A(t)=467  sim=30.3s
epoch   15900  HO=0.1608  meanSteps=   812.4  copy=0.920  A(t)=467  sim=30.3s
epoch   15920  HO=0.1579  meanSteps=   821.6  copy=0.927  A(t)=467  sim=30.4s
epoch   15940  HO=0.1525  meanSteps=   815.7  copy=0.932  A(t)=467  sim=30.4s
epoch   15960  HO=0.1482  meanSteps=   831.9  copy=0.930  A(t)=467  sim=30.4s
epoch   15980  HO=0.1465  meanSteps=   825.8  copy=0.929  A(t)=467  sim=30.4s
epoch   16000  HO=0.1418  meanSteps=   817.5  copy=0.931  A(t)=467  sim=30.5s
epoch   16020  HO=0.1376  meanSteps=   823.8  copy=0.935  A(t)=467  sim=30.5s
epoch   16040  HO=0.1474  meanSteps=   845.4  copy=0.927  A(t)=467  sim=30.5s
epoch   16060  HO=0.1415  meanSteps=   812.2  copy=0.924  A(t)=467  sim=30.6s
epoch   16080  HO=0.1570  meanSteps=   825.9  copy=0.913  A(t)=467  sim=30.6s
epoch   16100  HO=0.1632  meanSteps=   847.5  copy=0.922  A(t)=467  sim=30.6s
epoch   16120  HO=0.1738  meanSteps=   840.3  copy=0.925  A(t)=467  sim=30.6s
epoch   16140  HO=0.1769  meanSteps=   826.9  copy=0.925  A(t)=467  sim=30.7s
epoch   16160  HO=0.1767  meanSteps=   792.0  copy=0.927  A(t)=468  sim=30.7s
epoch   16180  HO=0.1776  meanSteps=   774.7  copy=0.923  A(t)=468  sim=30.8s
epoch   16200  HO=0.1789  meanSteps=   765.0  copy=0.916  A(t)=469  sim=30.8s
epoch   16220  HO=0.1872  meanSteps=   766.3  copy=0.918  A(t)=469  sim=30.8s
epoch   16240  HO=0.1913  meanSteps=   773.2  copy=0.917  A(t)=469  sim=30.8s
epoch   16260  HO=0.1929  meanSteps=   809.6  copy=0.917  A(t)=469  sim=30.9s
epoch   16280  HO=0.1853  meanSteps=   808.8  copy=0.917  A(t)=469  sim=30.9s
epoch   16300  HO=0.1844  meanSteps=   776.4  copy=0.919  A(t)=469  sim=30.9s
epoch   16320  HO=0.1926  meanSteps=   761.7  copy=0.924  A(t)=469  sim=31.0s
epoch   16340  HO=0.1849  meanSteps=   745.8  copy=0.926  A(t)=469  sim=31.0s
epoch   16360  HO=0.1840  meanSteps=   727.5  copy=0.922  A(t)=469  sim=31.0s
epoch   16380  HO=0.1720  meanSteps=   721.9  copy=0.924  A(t)=469  sim=31.0s
epoch   16400  HO=0.1800  meanSteps=   724.5  copy=0.921  A(t)=469  sim=31.1s
epoch   16420  HO=0.1927  meanSteps=   743.4  copy=0.911  A(t)=469  sim=31.1s
epoch   16440  HO=0.1920  meanSteps=   774.1  copy=0.909  A(t)=469  sim=31.1s
epoch   16460  HO=0.2047  meanSteps=   771.3  copy=0.905  A(t)=469  sim=31.2s
epoch   16480  HO=0.2231  meanSteps=   787.1  copy=0.908  A(t)=469  sim=31.2s
epoch   16500  HO=0.2324  meanSteps=   786.5  copy=0.896  A(t)=469  sim=31.2s
epoch   16520  HO=0.2393  meanSteps=   778.8  copy=0.889  A(t)=471  sim=31.3s
epoch   16540  HO=0.2264  meanSteps=   792.5  copy=0.877  A(t)=471  sim=31.3s
epoch   16560  HO=0.2510  meanSteps=   792.7  copy=0.868  A(t)=471  sim=31.3s
epoch   16580  HO=0.2522  meanSteps=   778.4  copy=0.871  A(t)=471  sim=31.3s
epoch   16600  HO=0.2655  meanSteps=   770.7  copy=0.865  A(t)=473  sim=31.4s
epoch   16620  HO=0.2753  meanSteps=   747.9  copy=0.867  A(t)=473  sim=31.4s
epoch   16640  HO=0.2841  meanSteps=   758.5  copy=0.865  A(t)=473  sim=31.4s
epoch   16660  HO=0.2797  meanSteps=   742.8  copy=0.866  A(t)=473  sim=31.5s
epoch   16680  HO=0.2920  meanSteps=   740.3  copy=0.864  A(t)=473  sim=31.5s
epoch   16700  HO=0.2978  meanSteps=   750.4  copy=0.862  A(t)=474  sim=31.6s
epoch   16720  HO=0.2847  meanSteps=   777.9  copy=0.860  A(t)=474  sim=31.6s
epoch   16740  HO=0.2786  meanSteps=   778.7  copy=0.858  A(t)=474  sim=31.7s
epoch   16760  HO=0.2771  meanSteps=   765.1  copy=0.860  A(t)=474  sim=31.7s
epoch   16780  HO=0.2945  meanSteps=   763.1  copy=0.860  A(t)=474  sim=31.8s
epoch   16800  HO=0.3057  meanSteps=   794.3  copy=0.862  A(t)=474  sim=31.8s
epoch   16820  HO=0.3285  meanSteps=   778.5  copy=0.865  A(t)=474  sim=31.8s
epoch   16840  HO=0.3214  meanSteps=   805.5  copy=0.858  A(t)=474  sim=31.8s
epoch   16860  HO=0.3082  meanSteps=   817.9  copy=0.848  A(t)=474  sim=31.9s
epoch   16880  HO=0.3079  meanSteps=   829.0  copy=0.859  A(t)=474  sim=31.9s
epoch   16900  HO=0.2960  meanSteps=   827.0  copy=0.858  A(t)=474  sim=31.9s
epoch   16920  HO=0.3018  meanSteps=   817.1  copy=0.861  A(t)=474  sim=32.0s
epoch   16940  HO=0.3082  meanSteps=   813.2  copy=0.860  A(t)=474  sim=32.0s
epoch   16960  HO=0.3219  meanSteps=   808.9  copy=0.858  A(t)=476  sim=32.1s
epoch   16980  HO=0.3333  meanSteps=   786.1  copy=0.864  A(t)=476  sim=32.1s
epoch   17000  HO=0.3171  meanSteps=   754.8  copy=0.867  A(t)=476  sim=32.1s
epoch   17020  HO=0.3063  meanSteps=   776.7  copy=0.867  A(t)=477  sim=32.2s
epoch   17040  HO=0.3240  meanSteps=   769.8  copy=0.868  A(t)=477  sim=32.2s
epoch   17060  HO=0.3242  meanSteps=   811.6  copy=0.869  A(t)=477  sim=32.2s
epoch   17080  HO=0.3306  meanSteps=   789.0  copy=0.877  A(t)=477  sim=32.3s
epoch   17100  HO=0.3365  meanSteps=   794.8  copy=0.878  A(t)=477  sim=32.3s
epoch   17120  HO=0.3388  meanSteps=   782.7  copy=0.878  A(t)=477  sim=32.3s
epoch   17140  HO=0.3396  meanSteps=   750.6  copy=0.882  A(t)=477  sim=32.4s
epoch   17160  HO=0.3354  meanSteps=   748.9  copy=0.889  A(t)=477  sim=32.4s
epoch   17180  HO=0.3229  meanSteps=   779.4  copy=0.886  A(t)=477  sim=32.4s
epoch   17200  HO=0.3452  meanSteps=   831.7  copy=0.888  A(t)=479  sim=32.4s
epoch   17220  HO=0.3513  meanSteps=   826.5  copy=0.886  A(t)=479  sim=32.5s
epoch   17240  HO=0.3429  meanSteps=   806.6  copy=0.892  A(t)=479  sim=32.5s
epoch   17260  HO=0.3329  meanSteps=   758.0  copy=0.896  A(t)=479  sim=32.5s
epoch   17280  HO=0.3348  meanSteps=   731.2  copy=0.899  A(t)=481  sim=32.5s
epoch   17300  HO=0.3414  meanSteps=   715.5  copy=0.892  A(t)=481  sim=32.6s
epoch   17320  HO=0.3358  meanSteps=   714.7  copy=0.888  A(t)=483  sim=32.6s
epoch   17340  HO=0.3266  meanSteps=   728.1  copy=0.881  A(t)=483  sim=32.7s
epoch   17360  HO=0.3279  meanSteps=   709.3  copy=0.878  A(t)=484  sim=32.7s
epoch   17380  HO=0.3256  meanSteps=   717.0  copy=0.885  A(t)=486  sim=32.7s
epoch   17400  HO=0.3390  meanSteps=   709.7  copy=0.885  A(t)=486  sim=32.7s
epoch   17420  HO=0.3306  meanSteps=   704.7  copy=0.880  A(t)=486  sim=32.8s
epoch   17440  HO=0.3384  meanSteps=   689.8  copy=0.882  A(t)=489  sim=32.8s
epoch   17460  HO=0.3409  meanSteps=   709.7  copy=0.891  A(t)=489  sim=32.8s
epoch   17480  HO=0.3593  meanSteps=   685.1  copy=0.886  A(t)=489  sim=32.8s
epoch   17500  HO=0.3445  meanSteps=   687.6  copy=0.878  A(t)=489  sim=32.9s
epoch   17520  HO=0.3214  meanSteps=   709.5  copy=0.883  A(t)=489  sim=32.9s
epoch   17540  HO=0.3170  meanSteps=   705.4  copy=0.879  A(t)=489  sim=32.9s
epoch   17560  HO=0.3156  meanSteps=   703.0  copy=0.877  A(t)=489  sim=32.9s
epoch   17580  HO=0.3132  meanSteps=   695.9  copy=0.874  A(t)=489  sim=33.0s
epoch   17600  HO=0.3121  meanSteps=   691.6  copy=0.880  A(t)=489  sim=33.0s
epoch   17620  HO=0.2985  meanSteps=   682.9  copy=0.870  A(t)=489  sim=33.0s
epoch   17640  HO=0.2915  meanSteps=   671.0  copy=0.860  A(t)=491  sim=33.0s
epoch   17660  HO=0.2968  meanSteps=   676.6  copy=0.854  A(t)=491  sim=33.1s
epoch   17680  HO=0.2850  meanSteps=   660.8  copy=0.864  A(t)=491  sim=33.1s
epoch   17700  HO=0.2795  meanSteps=   667.4  copy=0.868  A(t)=491  sim=33.1s
epoch   17720  HO=0.2756  meanSteps=   658.9  copy=0.879  A(t)=492  sim=33.2s
epoch   17740  HO=0.2776  meanSteps=   634.3  copy=0.889  A(t)=492  sim=33.2s
epoch   17760  HO=0.2708  meanSteps=   619.7  copy=0.884  A(t)=492  sim=33.2s
epoch   17780  HO=0.2783  meanSteps=   628.9  copy=0.880  A(t)=492  sim=33.3s
epoch   17800  HO=0.2708  meanSteps=   632.0  copy=0.879  A(t)=492  sim=33.3s
epoch   17820  HO=0.2775  meanSteps=   615.7  copy=0.874  A(t)=492  sim=33.3s
epoch   17840  HO=0.2827  meanSteps=   610.8  copy=0.873  A(t)=492  sim=33.3s
epoch   17860  HO=0.2759  meanSteps=   613.2  copy=0.870  A(t)=492  sim=33.4s
epoch   17880  HO=0.2720  meanSteps=   607.5  copy=0.872  A(t)=492  sim=33.4s
epoch   17900  HO=0.2802  meanSteps=   609.8  copy=0.863  A(t)=492  sim=33.4s
epoch   17920  HO=0.2732  meanSteps=   609.1  copy=0.857  A(t)=492  sim=33.5s
epoch   17940  HO=0.2688  meanSteps=   605.6  copy=0.860  A(t)=495  sim=33.5s
epoch   17960  HO=0.2758  meanSteps=   618.5  copy=0.857  A(t)=495  sim=33.5s
epoch   17980  HO=0.2744  meanSteps=   640.6  copy=0.852  A(t)=495  sim=33.5s
epoch   18000  HO=0.2813  meanSteps=   684.3  copy=0.857  A(t)=495  sim=33.6s
epoch   18020  HO=0.2947  meanSteps=   641.6  copy=0.857  A(t)=495  sim=33.6s
epoch   18040  HO=0.3045  meanSteps=   662.3  copy=0.863  A(t)=495  sim=33.6s
epoch   18060  HO=0.3118  meanSteps=   678.7  copy=0.870  A(t)=495  sim=33.6s
epoch   18080  HO=0.3318  meanSteps=   663.6  copy=0.870  A(t)=495  sim=33.7s
epoch   18100  HO=0.3260  meanSteps=   676.1  copy=0.872  A(t)=495  sim=33.7s
epoch   18120  HO=0.3292  meanSteps=   696.7  copy=0.867  A(t)=495  sim=33.8s
epoch   18140  HO=0.3323  meanSteps=   676.6  copy=0.863  A(t)=495  sim=33.8s
epoch   18160  HO=0.3376  meanSteps=   672.8  copy=0.866  A(t)=497  sim=33.8s
epoch   18180  HO=0.3345  meanSteps=   674.1  copy=0.868  A(t)=497  sim=33.8s
epoch   18200  HO=0.3336  meanSteps=   703.3  copy=0.871  A(t)=497  sim=33.9s
epoch   18220  HO=0.3307  meanSteps=   684.6  copy=0.863  A(t)=497  sim=33.9s
epoch   18240  HO=0.3283  meanSteps=   694.1  copy=0.865  A(t)=499  sim=33.9s
epoch   18260  HO=0.3142  meanSteps=   696.7  copy=0.865  A(t)=499  sim=33.9s
epoch   18280  HO=0.3221  meanSteps=   703.6  copy=0.864  A(t)=499  sim=33.9s
epoch   18300  HO=0.3296  meanSteps=   672.2  copy=0.868  A(t)=499  sim=34.0s
epoch   18320  HO=0.3137  meanSteps=   677.7  copy=0.867  A(t)=499  sim=34.0s
epoch   18340  HO=0.3355  meanSteps=   679.3  copy=0.870  A(t)=499  sim=34.0s
epoch   18360  HO=0.3431  meanSteps=   676.1  copy=0.868  A(t)=501  sim=34.1s
epoch   18380  HO=0.3460  meanSteps=   679.7  copy=0.869  A(t)=501  sim=34.1s
epoch   18400  HO=0.3382  meanSteps=   656.2  copy=0.866  A(t)=501  sim=34.1s
epoch   18420  HO=0.3299  meanSteps=   657.5  copy=0.866  A(t)=501  sim=34.1s
epoch   18440  HO=0.3433  meanSteps=   663.7  copy=0.863  A(t)=503  sim=34.2s
epoch   18460  HO=0.3292  meanSteps=   657.3  copy=0.860  A(t)=505  sim=34.2s
epoch   18480  HO=0.3431  meanSteps=   664.0  copy=0.859  A(t)=505  sim=34.2s
epoch   18500  HO=0.3351  meanSteps=   666.3  copy=0.857  A(t)=507  sim=34.2s
epoch   18520  HO=0.3215  meanSteps=   673.1  copy=0.854  A(t)=507  sim=34.2s
epoch   18540  HO=0.3160  meanSteps=   672.0  copy=0.848  A(t)=507  sim=34.3s
epoch   18560  HO=0.3206  meanSteps=   677.5  copy=0.848  A(t)=509  sim=34.3s
epoch   18580  HO=0.3254  meanSteps=   680.5  copy=0.848  A(t)=509  sim=34.3s
epoch   18600  HO=0.3170  meanSteps=   689.3  copy=0.844  A(t)=510  sim=34.3s
epoch   18620  HO=0.3062  meanSteps=   690.8  copy=0.851  A(t)=510  sim=34.4s
epoch   18640  HO=0.2965  meanSteps=   657.4  copy=0.847  A(t)=510  sim=34.4s
epoch   18660  HO=0.2851  meanSteps=   653.2  copy=0.845  A(t)=510  sim=34.4s
epoch   18680  HO=0.2881  meanSteps=   653.9  copy=0.841  A(t)=510  sim=34.4s
epoch   18700  HO=0.2789  meanSteps=   637.3  copy=0.844  A(t)=510  sim=34.5s
epoch   18720  HO=0.2905  meanSteps=   627.1  copy=0.846  A(t)=510  sim=34.5s
epoch   18740  HO=0.2990  meanSteps=   651.0  copy=0.842  A(t)=510  sim=34.5s
epoch   18760  HO=0.2930  meanSteps=   640.4  copy=0.839  A(t)=510  sim=34.5s
epoch   18780  HO=0.2867  meanSteps=   647.4  copy=0.836  A(t)=510  sim=34.5s
epoch   18800  HO=0.2717  meanSteps=   654.6  copy=0.838  A(t)=510  sim=34.6s
epoch   18820  HO=0.2747  meanSteps=   613.4  copy=0.849  A(t)=510  sim=34.6s
epoch   18840  HO=0.2731  meanSteps=   625.4  copy=0.848  A(t)=512  sim=34.6s
epoch   18860  HO=0.2686  meanSteps=   599.8  copy=0.848  A(t)=512  sim=34.6s
epoch   18880  HO=0.2567  meanSteps=   615.7  copy=0.849  A(t)=512  sim=34.7s
epoch   18900  HO=0.2524  meanSteps=   608.5  copy=0.850  A(t)=512  sim=34.7s
epoch   18920  HO=0.2572  meanSteps=   600.1  copy=0.851  A(t)=512  sim=34.7s
epoch   18940  HO=0.2557  meanSteps=   599.8  copy=0.852  A(t)=512  sim=34.7s
epoch   18960  HO=0.2486  meanSteps=   613.3  copy=0.854  A(t)=512  sim=34.8s
epoch   18980  HO=0.2512  meanSteps=   598.2  copy=0.848  A(t)=512  sim=34.8s
epoch   19000  HO=0.2573  meanSteps=   598.9  copy=0.848  A(t)=512  sim=34.8s
epoch   19020  HO=0.2514  meanSteps=   588.1  copy=0.843  A(t)=512  sim=34.8s
epoch   19040  HO=0.2565  meanSteps=   580.0  copy=0.848  A(t)=514  sim=34.8s
epoch   19060  HO=0.2527  meanSteps=   572.8  copy=0.850  A(t)=514  sim=34.9s
epoch   19080  HO=0.2421  meanSteps=   595.4  copy=0.843  A(t)=514  sim=34.9s
epoch   19100  HO=0.2527  meanSteps=   605.0  copy=0.843  A(t)=514  sim=34.9s
epoch   19120  HO=0.2464  meanSteps=   584.6  copy=0.837  A(t)=514  sim=34.9s
epoch   19140  HO=0.2292  meanSteps=   579.8  copy=0.833  A(t)=514  sim=34.9s
epoch   19160  HO=0.2318  meanSteps=   584.6  copy=0.827  A(t)=514  sim=35.0s
epoch   19180  HO=0.2272  meanSteps=   574.0  copy=0.827  A(t)=514  sim=35.0s
epoch   19200  HO=0.2226  meanSteps=   602.0  copy=0.831  A(t)=514  sim=35.0s
epoch   19220  HO=0.2323  meanSteps=   623.7  copy=0.828  A(t)=514  sim=35.0s
epoch   19240  HO=0.2326  meanSteps=   640.1  copy=0.835  A(t)=514  sim=35.1s
epoch   19260  HO=0.2387  meanSteps=   620.7  copy=0.829  A(t)=514  sim=35.1s
epoch   19280  HO=0.2591  meanSteps=   655.3  copy=0.824  A(t)=516  sim=35.1s
epoch   19300  HO=0.2572  meanSteps=   650.7  copy=0.829  A(t)=516  sim=35.1s
epoch   19320  HO=0.2601  meanSteps=   643.7  copy=0.822  A(t)=516  sim=35.2s
epoch   19340  HO=0.2586  meanSteps=   623.5  copy=0.819  A(t)=516  sim=35.2s
epoch   19360  HO=0.2515  meanSteps=   611.9  copy=0.821  A(t)=516  sim=35.2s
epoch   19380  HO=0.2536  meanSteps=   620.1  copy=0.825  A(t)=520  sim=35.2s
epoch   19400  HO=0.2433  meanSteps=   609.0  copy=0.828  A(t)=520  sim=35.2s
epoch   19420  HO=0.2318  meanSteps=   623.4  copy=0.833  A(t)=520  sim=35.3s
epoch   19440  HO=0.2307  meanSteps=   629.9  copy=0.832  A(t)=520  sim=35.3s
epoch   19460  HO=0.2215  meanSteps=   623.7  copy=0.828  A(t)=520  sim=35.3s
epoch   19480  HO=0.2107  meanSteps=   630.4  copy=0.829  A(t)=520  sim=35.3s
epoch   19500  HO=0.2240  meanSteps=   605.6  copy=0.830  A(t)=520  sim=35.3s
epoch   19520  HO=0.2128  meanSteps=   605.6  copy=0.824  A(t)=521  sim=35.4s
epoch   19540  HO=0.2364  meanSteps=   618.8  copy=0.827  A(t)=521  sim=35.4s
epoch   19560  HO=0.2380  meanSteps=   657.1  copy=0.815  A(t)=521  sim=35.4s
epoch   19580  HO=0.2199  meanSteps=   648.6  copy=0.808  A(t)=521  sim=35.4s
epoch   19600  HO=0.2342  meanSteps=   619.0  copy=0.815  A(t)=521  sim=35.5s
epoch   19620  HO=0.2503  meanSteps=   581.2  copy=0.824  A(t)=522  sim=35.5s
epoch   19640  HO=0.2571  meanSteps=   578.9  copy=0.823  A(t)=522  sim=35.5s
epoch   19660  HO=0.2549  meanSteps=   595.5  copy=0.823  A(t)=522  sim=35.5s
epoch   19680  HO=0.2549  meanSteps=   574.4  copy=0.816  A(t)=522  sim=35.5s
epoch   19700  HO=0.2535  meanSteps=   579.8  copy=0.824  A(t)=529  sim=35.6s
epoch   19720  HO=0.2592  meanSteps=   565.4  copy=0.820  A(t)=529  sim=35.6s
epoch   19740  HO=0.2576  meanSteps=   559.6  copy=0.824  A(t)=529  sim=35.6s
epoch   19760  HO=0.2494  meanSteps=   571.8  copy=0.828  A(t)=529  sim=35.6s
epoch   19780  HO=0.2547  meanSteps=   581.5  copy=0.837  A(t)=529  sim=35.6s
epoch   19800  HO=0.2410  meanSteps=   565.0  copy=0.839  A(t)=529  sim=35.7s
epoch   19820  HO=0.2538  meanSteps=   564.2  copy=0.838  A(t)=529  sim=35.7s
epoch   19840  HO=0.2507  meanSteps=   572.0  copy=0.837  A(t)=529  sim=35.7s
epoch   19860  HO=0.2631  meanSteps=   567.6  copy=0.839  A(t)=529  sim=35.7s
epoch   19880  HO=0.2688  meanSteps=   577.1  copy=0.848  A(t)=529  sim=35.8s
epoch   19900  HO=0.2594  meanSteps=   586.5  copy=0.844  A(t)=529  sim=35.8s
epoch   19920  HO=0.2563  meanSteps=   559.1  copy=0.850  A(t)=529  sim=35.8s
epoch   19940  HO=0.2551  meanSteps=   564.9  copy=0.862  A(t)=531  sim=35.8s
epoch   19960  HO=0.2521  meanSteps=   559.3  copy=0.866  A(t)=533  sim=35.8s
epoch   19980  HO=0.2442  meanSteps=   567.9  copy=0.874  A(t)=535  sim=35.9s
epoch   20000  HO=0.2422  meanSteps=   545.3  copy=0.873  A(t)=535  sim=35.9s
done: 20000 epochs in 63.5s wall (35.9s simulating), runs/bff_s3
