epoch       0  HO=-0.0025  meanSteps=     0.0  copy=0.000  A(t)=0  sim=0.0s
epoch     200  HO=0.3125  meanSteps=   547.8  copy=0.502  A(t)=0  sim=5.5s
epoch     400  HO=0.4544  meanSteps=   525.6  copy=0.490  A(t)=0  sim=10.9s
epoch     600  HO=0.5262  meanSteps=   519.7  copy=0.484  A(t)=0  sim=16.3s
epoch     800  HO=0.5502  meanSteps=   522.4  copy=0.481  A(t)=0  sim=21.7s
epoch    1000  HO=0.5745  meanSteps=   521.2  copy=0.485  A(t)=261  sim=27.1s
epoch    1200  HO=0.5857  meanSteps=   518.7  copy=0.498  A(t)=271  sim=32.7s
epoch    1400  HO=0.5778  meanSteps=   512.8  copy=0.515  A(t)=283  sim=38.3s
epoch    1600  HO=0.5804  meanSteps=   515.4  copy=0.534  A(t)=289  sim=43.9s
epoch    1800  HO=0.5646  meanSteps=   528.5  copy=0.557  A(t)=294  sim=49.6s
epoch    2000  HO=0.5461  meanSteps=   553.6  copy=0.576  A(t)=296  sim=55.5s
epoch    2200  HO=0.5372  meanSteps=   577.3  copy=0.606  A(t)=305  sim=61.7s
epoch    2400  HO=0.5084  meanSteps=   589.2  copy=0.628  A(t)=311  sim=68.0s
epoch    2600  HO=0.4795  meanSteps=   609.9  copy=0.663  A(t)=320  sim=74.4s
epoch    2800  HO=0.4532  meanSteps=   613.6  copy=0.696  A(t)=325  sim=81.1s
epoch    3000  HO=0.4233  meanSteps=   630.5  copy=0.722  A(t)=329  sim=87.9s
epoch    3200  HO=0.4148  meanSteps=   639.4  copy=0.743  A(t)=339  sim=94.9s
epoch    3400  HO=0.3831  meanSteps=   653.0  copy=0.763  A(t)=339  sim=101.9s
epoch    3600  HO=0.3644  meanSteps=   670.8  copy=0.780  A(t)=344  sim=109.2s
epoch    3800  HO=0.3476  meanSteps=   664.1  copy=0.799  A(t)=344  sim=116.4s
epoch    4000  HO=0.3259  meanSteps=   673.2  copy=0.810  A(t)=346  sim=123.6s
epoch    4200  HO=0.3183  meanSteps=   684.6  copy=0.821  A(t)=348  sim=130.9s
epoch    4400  HO=0.3046  meanSteps=   704.3  copy=0.823  A(t)=351  sim=138.4s
epoch    4600  HO=0.2919  meanSteps=   724.6  copy=0.823  A(t)=352  sim=146.1s
epoch    4800  HO=0.2893  meanSteps=   736.3  copy=0.827  A(t)=354  sim=153.7s
epoch    5000  HO=0.2821  meanSteps=   738.8  copy=0.831  A(t)=354  sim=161.5s
epoch    5200  HO=0.2816  meanSteps=   751.6  copy=0.838  A(t)=356  sim=169.3s
epoch    5400  HO=0.2778  meanSteps=   754.6  copy=0.841  A(t)=358  sim=177.3s
epoch    5600  HO=0.2777  meanSteps=   761.1  copy=0.842  A(t)=358  sim=185.4s
epoch    5800  HO=0.2723  meanSteps=   771.3  copy=0.844  A(t)=358  sim=193.6s
epoch    6000  HO=0.2721  meanSteps=   777.2  copy=0.843  A(t)=358  sim=201.8s
epoch    6200  HO=0.2678  meanSteps=   778.5  copy=0.844  A(t)=359  sim=209.9s
epoch    6400  HO=0.2642  meanSteps=   758.0  copy=0.848  A(t)=359  sim=217.8s
epoch    6600  HO=0.2592  meanSteps=   748.6  copy=0.848  A(t)=364  sim=225.8s
epoch    6800  HO=0.2519  meanSteps=   745.5  copy=0.851  A(t)=364  sim=233.7s
epoch    7000  HO=0.2589  meanSteps=   750.0  copy=0.853  A(t)=365  sim=241.6s
epoch    7200  HO=0.2616  meanSteps=   738.1  copy=0.850  A(t)=370  sim=249.6s
epoch    7400  HO=0.2524  meanSteps=   721.9  copy=0.852  A(t)=372  sim=257.4s
epoch    7600  HO=0.2489  meanSteps=   722.8  copy=0.854  A(t)=373  sim=265.1s
epoch    7800  HO=0.2568  meanSteps=   714.7  copy=0.858  A(t)=373  sim=272.8s
epoch    8000  HO=0.2547  meanSteps=   711.6  copy=0.861  A(t)=373  sim=280.4s
epoch    8200  HO=0.2503  meanSteps=   702.0  copy=0.863  A(t)=373  sim=288.0s
epoch    8400  HO=0.2530  meanSteps=   698.8  copy=0.866  A(t)=375  sim=295.7s
epoch    8600  HO=0.2478  meanSteps=   701.4  copy=0.866  A(t)=376  sim=303.4s
epoch    8800  HO=0.2504  meanSteps=   683.2  copy=0.866  A(t)=377  sim=310.8s
epoch    9000  HO=0.2485  meanSteps=   666.0  copy=0.868  A(t)=377  sim=318.3s
epoch    9200  HO=0.2452  meanSteps=   652.9  copy=0.868  A(t)=377  sim=325.6s
epoch    9400  HO=0.2392  meanSteps=   647.8  copy=0.870  A(t)=377  sim=332.9s
epoch    9600  HO=0.2482  meanSteps=   654.5  copy=0.868  A(t)=378  sim=340.1s
epoch    9800  HO=0.2490  meanSteps=   641.9  copy=0.868  A(t)=378  sim=347.3s
epoch   10000  HO=0.2498  meanSteps=   639.3  copy=0.869  A(t)=378  sim=354.5s
epoch   10200  HO=0.2528  meanSteps=   631.8  copy=0.864  A(t)=379  sim=361.7s
epoch   10400  HO=0.2606  meanSteps=   629.5  copy=0.862  A(t)=379  sim=368.9s
epoch   10600  HO=0.2672  meanSteps=   622.2  copy=0.862  A(t)=379  sim=376.0s
epoch   10800  HO=0.2717  meanSteps=   612.7  copy=0.864  A(t)=380  sim=383.0s
epoch   11000  HO=0.2834  meanSteps=   609.4  copy=0.866  A(t)=381  sim=390.1s
epoch   11200  HO=0.2930  meanSteps=   604.8  copy=0.865  A(t)=386  sim=397.1s
epoch   11400  HO=0.2838  meanSteps=   606.1  copy=0.862  A(t)=388  sim=404.1s
epoch   11600  HO=0.2817  meanSteps=   609.9  copy=0.861  A(t)=390  sim=411.1s
epoch   11800  HO=0.3025  meanSteps=   617.2  copy=0.856  A(t)=391  sim=418.1s
epoch   12000  HO=0.3083  meanSteps=   615.3  copy=0.857  A(t)=393  sim=425.2s
epoch   12200  HO=0.3067  meanSteps=   614.8  copy=0.857  A(t)=398  sim=432.2s
epoch   12400  HO=0.3189  meanSteps=   614.1  copy=0.858  A(t)=398  sim=439.2s
epoch   12600  HO=0.3296  meanSteps=   626.8  copy=0.856  A(t)=399  sim=446.2s
epoch   12800  HO=0.3289  meanSteps=   635.4  copy=0.855  A(t)=400  sim=453.4s
epoch   13000  HO=0.3371  meanSteps=   633.9  copy=0.857  A(t)=406  sim=460.7s
epoch   13200  HO=0.3321  meanSteps=   635.8  copy=0.853  A(t)=406  sim=467.8s
epoch   13400  HO=0.3416  meanSteps=   631.2  copy=0.848  A(t)=408  sim=475.0s
epoch   13600  HO=0.3407  meanSteps=   631.4  copy=0.847  A(t)=409  sim=482.2s
epoch   13800  HO=0.3456  meanSteps=   628.5  copy=0.853  A(t)=412  sim=489.3s
epoch   14000  HO=0.3204  meanSteps=   621.9  copy=0.855  A(t)=415  sim=496.3s
epoch   14200  HO=0.3261  meanSteps=   618.6  copy=0.854  A(t)=415  sim=503.4s
epoch   14400  HO=0.3167  meanSteps=   608.1  copy=0.858  A(t)=417  sim=510.3s
epoch   14600  HO=0.3150  meanSteps=   609.0  copy=0.859  A(t)=418  sim=517.5s
epoch   14800  HO=0.3269  meanSteps=   630.6  copy=0.859  A(t)=421  sim=525.0s
epoch   15000  HO=0.3208  meanSteps=   637.0  copy=0.862  A(t)=421  sim=532.1s
epoch   15200  HO=0.3169  meanSteps=   637.1  copy=0.856  A(t)=421  sim=539.8s
epoch   15400  HO=0.3193  meanSteps=   644.7  copy=0.859  A(t)=421  sim=547.1s
epoch   15600  HO=0.3151  meanSteps=   647.0  copy=0.858  A(t)=423  sim=554.4s
epoch   15800  HO=0.3160  meanSteps=   644.5  copy=0.859  A(t)=423  sim=561.6s
epoch   16000  HO=0.3195  meanSteps=   643.0  copy=0.860  A(t)=423  sim=569.0s
epoch   16200  HO=0.3206  meanSteps=   633.6  copy=0.859  A(t)=423  sim=576.1s
epoch   16400  HO=0.3241  meanSteps=   635.3  copy=0.860  A(t)=424  sim=583.2s
epoch   16600  HO=0.3190  meanSteps=   634.4  copy=0.858  A(t)=424  sim=590.3s
epoch   16800  HO=0.3126  meanSteps=   633.4  copy=0.854  A(t)=425  sim=597.4s
epoch   17000  HO=0.3064  meanSteps=   629.0  copy=0.853  A(t)=425  sim=604.5s
epoch   17200  HO=0.3018  meanSteps=   632.0  copy=0.853  A(t)=425  sim=611.6s
epoch   17400  HO=0.3030  meanSteps=   634.7  copy=0.850  A(t)=425  sim=618.7s
epoch   17600  HO=0.2960  meanSteps=   633.4  copy=0.851  A(t)=425  sim=626.0s
epoch   17800  HO=0.2954  meanSteps=   635.6  copy=0.855  A(t)=427  sim=633.5s
epoch   18000  HO=0.2900  meanSteps=   628.8  copy=0.858  A(t)=427  sim=640.7s
epoch   18200  HO=0.2890  meanSteps=   623.9  copy=0.857  A(t)=427  sim=648.1s
epoch   18400  HO=0.2925  meanSteps=   636.1  copy=0.858  A(t)=428  sim=655.4s
epoch   18600  HO=0.3022  meanSteps=   641.0  copy=0.864  A(t)=429  sim=662.9s
epoch   18800  HO=0.2998  meanSteps=   652.1  copy=0.864  A(t)=430  sim=670.3s
epoch   19000  HO=0.2985  meanSteps=   663.8  copy=0.869  A(t)=430  sim=678.9s
epoch   19200  HO=0.3139  meanSteps=   666.5  copy=0.871  A(t)=431  sim=686.5s
epoch   19400  HO=0.3248  meanSteps=   670.9  copy=0.874  A(t)=431  sim=693.9s
epoch   19600  HO=0.3153  meanSteps=   649.8  copy=0.877  A(t)=433  sim=701.3s
epoch   19800  HO=0.3136  meanSteps=   637.0  copy=0.877  A(t)=433  sim=710.4s
epoch   20000  HO=0.3180  meanSteps=   643.3  copy=0.878  A(t)=433  sim=718.9s
epoch   20200  HO=0.3183  meanSteps=   642.1  copy=0.879  A(t)=435  sim=726.4s
epoch   20400  HO=0.3161  meanSteps=   640.7  copy=0.874  A(t)=435  sim=733.9s
epoch   20600  HO=0.3143  meanSteps=   633.0  copy=0.871  A(t)=437  sim=741.9s
epoch   20800  HO=0.3044  meanSteps=   629.4  copy=0.870  A(t)=437  sim=750.5s
epoch   21000  HO=0.3077  meanSteps=   631.5  copy=0.868  A(t)=438  sim=758.2s
epoch   21200  HO=0.3278  meanSteps=   640.1  copy=0.868  A(t)=439  sim=765.3s
epoch   21400  HO=0.3296  meanSteps=   630.7  copy=0.863  A(t)=439  sim=772.6s
epoch   21600  HO=0.3359  meanSteps=   612.3  copy=0.860  A(t)=439  sim=780.0s
epoch   21800  HO=0.3395  meanSteps=   617.7  copy=0.857  A(t)=441  sim=787.0s
epoch   22000  HO=0.3286  meanSteps=   625.9  copy=0.855  A(t)=441  sim=794.1s
epoch   22200  HO=0.3309  meanSteps=   624.4  copy=0.858  A(t)=441  sim=801.1s
epoch   22400  HO=0.3469  meanSteps=   612.7  copy=0.857  A(t)=441  sim=808.2s
epoch   22600  HO=0.3530  meanSteps=   617.6  copy=0.855  A(t)=441  sim=815.2s
epoch   22800  HO=0.3664  meanSteps=   622.5  copy=0.852  A(t)=443  sim=822.6s
epoch   23000  HO=0.3534  meanSteps=   627.3  copy=0.850  A(t)=443  sim=829.7s
epoch   23200  HO=0.3420  meanSteps=   621.5  copy=0.848  A(t)=444  sim=836.9s
epoch   23400  HO=0.3457  meanSteps=   618.7  copy=0.850  A(t)=444  sim=843.9s
epoch   23600  HO=0.3348  meanSteps=   616.3  copy=0.855  A(t)=444  sim=850.9s
epoch   23800  HO=0.3257  meanSteps=   617.8  copy=0.852  A(t)=444  sim=857.9s
epoch   24000  HO=0.3233  meanSteps=   618.3  copy=0.851  A(t)=444  sim=865.1s
epoch   24200  HO=0.3278  meanSteps=   625.2  copy=0.852  A(t)=446  sim=872.2s
epoch   24400  HO=0.3313  meanSteps=   640.7  copy=0.851  A(t)=446  sim=879.4s
epoch   24600  HO=0.3289  meanSteps=   640.1  copy=0.851  A(t)=446  sim=886.6s
epoch   24800  HO=0.3212  meanSteps=   637.9  copy=0.851  A(t)=450  sim=894.1s
epoch   25000  HO=0.3188  meanSteps=   633.5  copy=0.850  A(t)=451  sim=901.2s
epoch   25200  HO=0.3209  meanSteps=   632.0  copy=0.854  A(t)=451  sim=908.4s
epoch   25400  HO=0.3147  meanSteps=   626.2  copy=0.856  A(t)=451  sim=915.7s
epoch   25600  HO=0.3271  meanSteps=   637.2  copy=0.857  A(t)=451  sim=922.8s
epoch   25800  HO=0.3113  meanSteps=   635.4  copy=0.861  A(t)=451  sim=930.0s
epoch   26000  HO=0.3114  meanSteps=   641.6  copy=0.861  A(t)=451  sim=937.2s
epoch   26200  HO=0.3144  meanSteps=   648.1  copy=0.859  A(t)=451  sim=944.4s
epoch   26400  HO=0.3218  meanSteps=   644.5  copy=0.862  A(t)=451  sim=951.6s
epoch   26600  HO=0.3175  meanSteps=   644.4  copy=0.863  A(t)=451  sim=958.9s
epoch   26800  HO=0.3204  meanSteps=   636.8  copy=0.865  A(t)=453  sim=966.2s
epoch   27000  HO=0.3131  meanSteps=   633.2  copy=0.868  A(t)=453  sim=973.5s
epoch   27200  HO=0.3131  meanSteps=   629.0  copy=0.867  A(t)=454  sim=980.6s
epoch   27400  HO=0.3142  meanSteps=   614.8  copy=0.863  A(t)=454  sim=987.7s
epoch   27600  HO=0.3211  meanSteps=   620.5  copy=0.861  A(t)=455  sim=994.7s
epoch   27800  HO=0.3279  meanSteps=   613.9  copy=0.860  A(t)=455  sim=1001.6s
epoch   28000  HO=0.3157  meanSteps=   606.4  copy=0.859  A(t)=457  sim=1008.6s
epoch   28200  HO=0.3111  meanSteps=   606.3  copy=0.861  A(t)=457  sim=1015.7s
epoch   28400  HO=0.3092  meanSteps=   601.7  copy=0.860  A(t)=457  sim=1022.7s
epoch   28600  HO=0.3041  meanSteps=   601.9  copy=0.858  A(t)=457  sim=1029.8s
epoch   28800  HO=0.3053  meanSteps=   602.3  copy=0.858  A(t)=459  sim=1037.0s
epoch   29000  HO=0.3087  meanSteps=   602.2  copy=0.861  A(t)=459  sim=1043.9s
epoch   29200  HO=0.3094  meanSteps=   610.4  copy=0.857  A(t)=459  sim=1050.9s
epoch   29400  HO=0.3167  meanSteps=   615.8  copy=0.857  A(t)=461  sim=1058.0s
epoch   29600  HO=0.3125  meanSteps=   622.3  copy=0.860  A(t)=461  sim=1065.2s
epoch   29800  HO=0.3072  meanSteps=   631.2  copy=0.860  A(t)=461  sim=1072.3s
epoch   30000  HO=0.3095  meanSteps=   641.3  copy=0.857  A(t)=461  sim=1079.6s
epoch   30200  HO=0.3142  meanSteps=   645.9  copy=0.855  A(t)=463  sim=1086.8s
epoch   30400  HO=0.3210  meanSteps=   657.1  copy=0.858  A(t)=463  sim=1094.0s
epoch   30600  HO=0.3209  meanSteps=   655.4  copy=0.860  A(t)=464  sim=1101.3s
epoch   30800  HO=0.3176  meanSteps=   650.2  copy=0.860  A(t)=464  sim=1108.5s
epoch   31000  HO=0.3138  meanSteps=   646.7  copy=0.861  A(t)=464  sim=1115.7s
epoch   31200  HO=0.3194  meanSteps=   637.0  copy=0.862  A(t)=464  sim=1122.9s
epoch   31400  HO=0.3131  meanSteps=   628.6  copy=0.865  A(t)=464  sim=1130.0s
epoch   31600  HO=0.3145  meanSteps=   632.1  copy=0.864  A(t)=464  sim=1137.2s
epoch   31800  HO=0.3057  meanSteps=   632.2  copy=0.862  A(t)=465  sim=1144.2s
epoch   32000  HO=0.2962  meanSteps=   624.5  copy=0.865  A(t)=465  sim=1151.3s
epoch   32200  HO=0.3007  meanSteps=   624.8  copy=0.863  A(t)=465  sim=1158.4s
epoch   32400  HO=0.3120  meanSteps=   623.0  copy=0.857  A(t)=466  sim=1165.7s
epoch   32600  HO=0.3052  meanSteps=   620.3  copy=0.856  A(t)=466  sim=1172.7s
epoch   32800  HO=0.3147  meanSteps=   616.6  copy=0.855  A(t)=466  sim=1179.8s
epoch   33000  HO=0.3132  meanSteps=   628.0  copy=0.858  A(t)=466  sim=1187.0s
epoch   33200  HO=0.3087  meanSteps=   630.3  copy=0.858  A(t)=466  sim=1194.4s
epoch   33400  HO=0.3179  meanSteps=   622.7  copy=0.859  A(t)=466  sim=1201.6s
epoch   33600  HO=0.3173  meanSteps=   619.5  copy=0.856  A(t)=466  sim=1208.6s
epoch   33800  HO=0.3079  meanSteps=   622.8  copy=0.855  A(t)=468  sim=1215.8s
epoch   34000  HO=0.3088  meanSteps=   625.3  copy=0.854  A(t)=468  sim=1223.0s
epoch   34200  HO=0.3164  meanSteps=   623.3  copy=0.857  A(t)=468  sim=1230.1s
epoch   34400  HO=0.3183  meanSteps=   618.8  copy=0.860  A(t)=469  sim=1237.3s
epoch   34600  HO=0.3200  meanSteps=   621.6  copy=0.857  A(t)=469  sim=1244.3s
epoch   34800  HO=0.3088  meanSteps=   622.0  copy=0.853  A(t)=469  sim=1251.4s
epoch   35000  HO=0.3087  meanSteps=   630.2  copy=0.852  A(t)=469  sim=1258.4s
epoch   35200  HO=0.3166  meanSteps=   625.7  copy=0.858  A(t)=469  sim=1265.5s
epoch   35400  HO=0.3038  meanSteps=   623.8  copy=0.859  A(t)=471  sim=1272.5s
epoch   35600  HO=0.3010  meanSteps=   617.3  copy=0.863  A(t)=471  sim=1279.5s
epoch   35800  HO=0.2971  meanSteps=   619.3  copy=0.861  A(t)=474  sim=1286.5s
epoch   36000  HO=0.2968  meanSteps=   618.0  copy=0.860  A(t)=474  sim=1293.6s
epoch   36200  HO=0.2983  meanSteps=   616.4  copy=0.858  A(t)=474  sim=1300.9s
epoch   36400  HO=0.2957  meanSteps=   609.9  copy=0.860  A(t)=474  sim=1308.0s
epoch   36600  HO=0.2917  meanSteps=   616.3  copy=0.858  A(t)=474  sim=1315.1s
epoch   36800  HO=0.3010  meanSteps=   631.3  copy=0.858  A(t)=474  sim=1322.2s
epoch   37000  HO=0.2911  meanSteps=   633.8  copy=0.857  A(t)=474  sim=1329.3s
epoch   37200  HO=0.2961  meanSteps=   634.8  copy=0.851  A(t)=474  sim=1336.6s
epoch   37400  HO=0.2879  meanSteps=   644.3  copy=0.855  A(t)=476  sim=1343.7s
epoch   37600  HO=0.2889  meanSteps=   645.5  copy=0.858  A(t)=476  sim=1351.2s
epoch   37800  HO=0.2920  meanSteps=   636.6  copy=0.859  A(t)=476  sim=1358.3s
epoch   38000  HO=0.3047  meanSteps=   633.7  copy=0.856  A(t)=476  sim=1365.4s
epoch   38200  HO=0.3033  meanSteps=   634.7  copy=0.854  A(t)=476  sim=1372.5s
epoch   38400  HO=0.2956  meanSteps=   632.6  copy=0.854  A(t)=476  sim=1379.7s
epoch   38600  HO=0.3060  meanSteps=   648.3  copy=0.852  A(t)=476  sim=1387.0s
epoch   38800  HO=0.3206  meanSteps=   657.1  copy=0.850  A(t)=476  sim=1394.3s
epoch   39000  HO=0.3206  meanSteps=   661.1  copy=0.850  A(t)=476  sim=1401.6s
epoch   39200  HO=0.3175  meanSteps=   672.3  copy=0.854  A(t)=483  sim=1409.0s
epoch   39400  HO=0.3159  meanSteps=   666.8  copy=0.856  A(t)=486  sim=1416.4s
epoch   39600  HO=0.3048  meanSteps=   662.4  copy=0.858  A(t)=488  sim=1423.6s
epoch   39800  HO=0.2996  meanSteps=   657.2  copy=0.860  A(t)=488  sim=1431.0s
epoch   40000  HO=0.2890  meanSteps=   651.0  copy=0.855  A(t)=488  sim=1438.3s
epoch   40200  HO=0.2892  meanSteps=   653.9  copy=0.854  A(t)=488  sim=1445.7s
epoch   40400  HO=0.2963  meanSteps=   646.0  copy=0.854  A(t)=490  sim=1453.2s
epoch   40600  HO=0.3083  meanSteps=   643.8  copy=0.849  A(t)=490  sim=1460.3s
epoch   40800  HO=0.3149  meanSteps=   640.8  copy=0.851  A(t)=492  sim=1467.5s
epoch   41000  HO=0.3151  meanSteps=   637.3  copy=0.850  A(t)=492  sim=1474.7s
epoch   41200  HO=0.3142  meanSteps=   632.3  copy=0.848  A(t)=492  sim=1481.9s
epoch   41400  HO=0.3139  meanSteps=   640.1  copy=0.845  A(t)=492  sim=1489.1s
epoch   41600  HO=0.3227  meanSteps=   643.4  copy=0.844  A(t)=492  sim=1496.3s
epoch   41800  HO=0.3198  meanSteps=   643.1  copy=0.846  A(t)=492  sim=1503.6s
epoch   42000  HO=0.3246  meanSteps=   646.1  copy=0.845  A(t)=492  sim=1510.9s
epoch   42200  HO=0.3221  meanSteps=   655.5  copy=0.847  A(t)=495  sim=1518.3s
epoch   42400  HO=0.3226  meanSteps=   653.6  copy=0.848  A(t)=496  sim=1525.7s
epoch   42600  HO=0.3243  meanSteps=   656.4  copy=0.847  A(t)=496  sim=1533.0s
epoch   42800  HO=0.3180  meanSteps=   664.1  copy=0.849  A(t)=496  sim=1540.3s
epoch   43000  HO=0.3247  meanSteps=   663.2  copy=0.852  A(t)=496  sim=1547.6s
epoch   43200  HO=0.3304  meanSteps=   654.7  copy=0.854  A(t)=496  sim=1554.8s
epoch   43400  HO=0.3209  meanSteps=   651.2  copy=0.857  A(t)=496  sim=1562.0s
epoch   43600  HO=0.3170  meanSteps=   658.3  copy=0.861  A(t)=496  sim=1569.2s
epoch   43800  HO=0.3223  meanSteps=   656.7  copy=0.862  A(t)=497  sim=1576.5s
epoch   44000  HO=0.3201  meanSteps=   659.0  copy=0.863  A(t)=497  sim=1583.8s
epoch   44200  HO=0.3141  meanSteps=   648.8  copy=0.863  A(t)=499  sim=1591.1s
epoch   44400  HO=0.3140  meanSteps=   639.0  copy=0.864  A(t)=500  sim=1598.3s
epoch   44600  HO=0.3159  meanSteps=   639.2  copy=0.867  A(t)=502  sim=1605.7s
epoch   44800  HO=0.3075  meanSteps=   648.3  copy=0.864  A(t)=502  sim=1613.0s
epoch   45000  HO=0.2976  meanSteps=   642.3  copy=0.860  A(t)=502  sim=1620.2s
epoch   45200  HO=0.3063  meanSteps=   632.6  copy=0.855  A(t)=503  sim=1627.3s
epoch   45400  HO=0.3211  meanSteps=   635.9  copy=0.851  A(t)=503  sim=1634.5s
epoch   45600  HO=0.3266  meanSteps=   636.2  copy=0.855  A(t)=503  sim=1641.7s
epoch   45800  HO=0.3219  meanSteps=   631.2  copy=0.859  A(t)=503  sim=1648.9s
epoch   46000  HO=0.3159  meanSteps=   635.0  copy=0.859  A(t)=503  sim=1656.2s
epoch   46200  HO=0.3129  meanSteps=   645.2  copy=0.854  A(t)=503  sim=1663.4s
epoch   46400  HO=0.3141  meanSteps=   660.8  copy=0.852  A(t)=503  sim=1670.7s
epoch   46600  HO=0.3214  meanSteps=   661.3  copy=0.856  A(t)=507  sim=1678.2s
epoch   46800  HO=0.3174  meanSteps=   661.0  copy=0.858  A(t)=508  sim=1685.8s
epoch   47000  HO=0.3134  meanSteps=   653.7  copy=0.858  A(t)=508  sim=1693.2s
epoch   47200  HO=0.3094  meanSteps=   642.1  copy=0.859  A(t)=508  sim=1700.4s
epoch   47400  HO=0.3043  meanSteps=   641.6  copy=0.857  A(t)=508  sim=1707.6s
epoch   47600  HO=0.2973  meanSteps=   635.4  copy=0.863  A(t)=508  sim=1714.9s
epoch   47800  HO=0.2911  meanSteps=   626.4  copy=0.867  A(t)=512  sim=1722.2s
epoch   48000  HO=0.2833  meanSteps=   613.6  copy=0.863  A(t)=512  sim=1729.4s
epoch   48200  HO=0.2755  meanSteps=   606.6  copy=0.857  A(t)=513  sim=1736.5s
epoch   48400  HO=0.2898  meanSteps=   602.5  copy=0.858  A(t)=513  sim=1743.4s
epoch   48600  HO=0.2926  meanSteps=   607.2  copy=0.860  A(t)=513  sim=1750.4s
epoch   48800  HO=0.2965  meanSteps=   604.7  copy=0.858  A(t)=514  sim=1757.4s
epoch   49000  HO=0.2945  meanSteps=   606.7  copy=0.857  A(t)=514  sim=1764.5s
epoch   49200  HO=0.2942  meanSteps=   613.1  copy=0.857  A(t)=515  sim=1771.6s
epoch   49400  HO=0.3045  meanSteps=   616.1  copy=0.858  A(t)=517  sim=1778.7s
epoch   49600  HO=0.3080  meanSteps=   616.5  copy=0.862  A(t)=517  sim=1785.8s
epoch   49800  HO=0.3136  meanSteps=   616.1  copy=0.868  A(t)=517  sim=1792.9s
epoch   50000  HO=0.3276  meanSteps=   620.3  copy=0.871  A(t)=517  sim=1800.0s
epoch   50200  HO=0.3211  meanSteps=   613.6  copy=0.873  A(t)=517  sim=1807.0s
epoch   50400  HO=0.3107  meanSteps=   614.4  copy=0.874  A(t)=517  sim=1814.2s
epoch   50600  HO=0.3037  meanSteps=   615.9  copy=0.873  A(t)=517  sim=1821.3s
epoch   50800  HO=0.3136  meanSteps=   612.9  copy=0.867  A(t)=517  sim=1828.3s
epoch   51000  HO=0.3267  meanSteps=   609.5  copy=0.864  A(t)=519  sim=1835.3s
epoch   51200  HO=0.3249  meanSteps=   603.9  copy=0.865  A(t)=519  sim=1842.4s
epoch   51400  HO=0.3222  meanSteps=   600.9  copy=0.868  A(t)=519  sim=1849.4s
epoch   51600  HO=0.3200  meanSteps=   607.8  copy=0.868  A(t)=520  sim=1856.5s
epoch   51800  HO=0.3205  meanSteps=   614.1  copy=0.863  A(t)=520  sim=1863.6s
epoch   52000  HO=0.3140  meanSteps=   616.8  copy=0.860  A(t)=522  sim=1870.7s
epoch   52200  HO=0.3100  meanSteps=   611.0  copy=0.856  A(t)=522  sim=1877.8s
epoch   52400  HO=0.3171  meanSteps=   606.0  copy=0.855  A(t)=524  sim=1884.7s
epoch   52600  HO=0.3151  meanSteps=   612.9  copy=0.854  A(t)=524  sim=1891.8s
epoch   52800  HO=0.3159  meanSteps=   622.1  copy=0.857  A(t)=524  sim=1899.0s
epoch   53000  HO=0.3136  meanSteps=   617.0  copy=0.859  A(t)=524  sim=1906.2s
epoch   53200  HO=0.3173  meanSteps=   628.8  copy=0.865  A(t)=524  sim=1913.5s
epoch   53400  HO=0.3172  meanSteps=   633.7  copy=0.863  A(t)=525  sim=1920.9s
epoch   53600  HO=0.3159  meanSteps=   647.7  copy=0.859  A(t)=525  sim=1928.1s
epoch   53800  HO=0.3157  meanSteps=   646.7  copy=0.858  A(t)=525  sim=1935.4s
epoch   54000  HO=0.3141  meanSteps=   645.3  copy=0.862  A(t)=525  sim=1942.8s
epoch   54200  HO=0.3111  meanSteps=   648.2  copy=0.867  A(t)=525  sim=1950.1s
epoch   54400  HO=0.3124  meanSteps=   647.3  copy=0.864  A(t)=525  sim=1957.5s
epoch   54600  HO=0.3170  meanSteps=   649.7  copy=0.860  A(t)=525  sim=1964.8s
epoch   54800  HO=0.3039  meanSteps=   651.1  copy=0.862  A(t)=525  sim=1972.1s
epoch   55000  HO=0.3163  meanSteps=   657.5  copy=0.864  A(t)=526  sim=1979.4s
epoch   55200  HO=0.3183  meanSteps=   663.4  copy=0.864  A(t)=526  sim=1986.8s
epoch   55400  HO=0.3255  meanSteps=   665.1  copy=0.862  A(t)=527  sim=1994.3s
epoch   55600  HO=0.3258  meanSteps=   664.2  copy=0.861  A(t)=527  sim=2001.5s
epoch   55800  HO=0.3341  meanSteps=   664.1  copy=0.860  A(t)=527  sim=2008.7s
epoch   56000  HO=0.3335  meanSteps=   665.6  copy=0.861  A(t)=528  sim=2016.4s
epoch   56200  HO=0.3419  meanSteps=   671.1  copy=0.857  A(t)=528  sim=2023.8s
epoch   56400  HO=0.3414  meanSteps=   676.4  copy=0.855  A(t)=528  sim=2031.2s
epoch   56600  HO=0.3390  meanSteps=   677.7  copy=0.863  A(t)=528  sim=2038.7s
epoch   56800  HO=0.3385  meanSteps=   679.5  copy=0.863  A(t)=530  sim=2046.3s
epoch   57000  HO=0.3393  meanSteps=   678.0  copy=0.860  A(t)=530  sim=2053.9s
epoch   57200  HO=0.3350  meanSteps=   676.3  copy=0.859  A(t)=530  sim=2061.3s
epoch   57400  HO=0.3378  meanSteps=   675.6  copy=0.859  A(t)=530  sim=2068.8s
epoch   57600  HO=0.3362  meanSteps=   675.2  copy=0.854  A(t)=530  sim=2076.2s
epoch   57800  HO=0.3392  meanSteps=   669.2  copy=0.852  A(t)=530  sim=2083.7s
epoch   58000  HO=0.3271  meanSteps=   668.3  copy=0.853  A(t)=532  sim=2091.1s
epoch   58200  HO=0.3280  meanSteps=   676.2  copy=0.857  A(t)=533  sim=2098.5s
epoch   58400  HO=0.3232  meanSteps=   666.2  copy=0.856  A(t)=533  sim=2106.0s
epoch   58600  HO=0.3336  meanSteps=   656.1  copy=0.851  A(t)=533  sim=2113.3s
epoch   58800  HO=0.3437  meanSteps=   649.5  copy=0.850  A(t)=533  sim=2120.6s
epoch   59000  HO=0.3490  meanSteps=   651.6  copy=0.855  A(t)=535  sim=2127.7s
epoch   59200  HO=0.3503  meanSteps=   648.7  copy=0.854  A(t)=537  sim=2134.9s
epoch   59400  HO=0.3578  meanSteps=   638.1  copy=0.849  A(t)=539  sim=2142.1s
epoch   59600  HO=0.3458  meanSteps=   632.7  copy=0.842  A(t)=539  sim=2149.3s
epoch   59800  HO=0.3389  meanSteps=   630.7  copy=0.838  A(t)=541  sim=2156.4s
epoch   60000  HO=0.3413  meanSteps=   626.1  copy=0.841  A(t)=542  sim=2163.4s
epoch   60200  HO=0.3444  meanSteps=   631.8  copy=0.842  A(t)=542  sim=2170.6s
epoch   60400  HO=0.3475  meanSteps=   632.9  copy=0.844  A(t)=542  sim=2177.8s
epoch   60600  HO=0.3475  meanSteps=   640.7  copy=0.842  A(t)=542  sim=2185.0s
epoch   60800  HO=0.3584  meanSteps=   646.5  copy=0.847  A(t)=542  sim=2192.2s
epoch   61000  HO=0.3556  meanSteps=   654.0  copy=0.849  A(t)=546  sim=2199.6s
epoch   61200  HO=0.3465  meanSteps=   650.2  copy=0.848  A(t)=548  sim=2206.8s
epoch   61400  HO=0.3578  meanSteps=   640.2  copy=0.850  A(t)=549  sim=2214.0s
epoch   61600  HO=0.3529  meanSteps=   622.4  copy=0.857  A(t)=549  sim=2221.2s
epoch   61800  HO=0.3254  meanSteps=   615.6  copy=0.863  A(t)=549  sim=2228.5s
epoch   62000  HO=0.3170  meanSteps=   614.1  copy=0.864  A(t)=551  sim=2235.6s
epoch   62200  HO=0.3088  meanSteps=   612.3  copy=0.865  A(t)=553  sim=2242.7s
epoch   62400  HO=0.2820  meanSteps=   606.9  copy=0.864  A(t)=555  sim=2249.7s
epoch   62600  HO=0.2729  meanSteps=   612.0  copy=0.856  A(t)=555  sim=2256.7s
epoch   62800  HO=0.2862  meanSteps=   613.3  copy=0.854  A(t)=555  sim=2263.9s
epoch   63000  HO=0.2934  meanSteps=   623.5  copy=0.854  A(t)=555  sim=2271.0s
epoch   63200  HO=0.2967  meanSteps=   616.1  copy=0.858  A(t)=555  sim=2278.1s
epoch   63400  HO=0.2878  meanSteps=   607.1  copy=0.863  A(t)=556  sim=2285.0s
epoch   63600  HO=0.2853  meanSteps=   600.4  copy=0.859  A(t)=556  sim=2291.9s
epoch   63800  HO=0.2892  meanSteps=   599.9  copy=0.856  A(t)=556  sim=2298.7s
epoch   64000  HO=0.2898  meanSteps=   593.1  copy=0.854  A(t)=556  sim=2305.6s
done: 64000 epochs in 2666.9s wall (2305.6s simulating), runs/bff_n32768_s3
