epoch       0  HO=-0.0029  meanSteps=     0.0  copy=0.000  A(t)=0  sim=0.0s
epoch      20  HO=0.0417  meanSteps=   611.4  copy=0.515  A(t)=0  sim=0.2s
epoch      40  HO=0.0953  meanSteps=   590.4  copy=0.507  A(t)=0  sim=0.4s
epoch      60  HO=0.1363  meanSteps=   575.8  copy=0.501  A(t)=0  sim=0.7s
epoch      80  HO=0.1673  meanSteps=   574.0  copy=0.497  A(t)=0  sim=0.8s
epoch     100  HO=0.2020  meanSteps=   556.5  copy=0.494  A(t)=80  sim=1.0s
epoch     120  HO=0.2275  meanSteps=   567.7  copy=0.491  A(t)=118  sim=1.1s
epoch     140  HO=0.2578  meanSteps=   563.4  copy=0.486  A(t)=147  sim=1.4s
epoch     160  HO=0.2754  meanSteps=   564.1  copy=0.493  A(t)=170  sim=1.5s
epoch     180  HO=0.3108  meanSteps=   552.9  copy=0.491  A(t)=181  sim=1.8s
epoch     200  HO=0.3319  meanSteps=   550.0  copy=0.492  A(t)=194  sim=1.9s
epoch     220  HO=0.3534  meanSteps=   550.1  copy=0.491  A(t)=204  sim=2.1s
epoch     240  HO=0.3719  meanSteps=   543.9  copy=0.486  A(t)=207  sim=2.2s
epoch     260  HO=0.3882  meanSteps=   545.4  copy=0.483  A(t)=217  sim=2.3s
epoch     280  HO=0.4084  meanSteps=   543.2  copy=0.479  A(t)=220  sim=2.5s
epoch     300  HO=0.4342  meanSteps=   542.4  copy=0.481  A(t)=226  sim=2.6s
epoch     320  HO=0.4420  meanSteps=   535.8  copy=0.476  A(t)=229  sim=2.7s
epoch     340  HO=0.4520  meanSteps=   530.2  copy=0.474  A(t)=231  sim=2.9s
epoch     360  HO=0.4603  meanSteps=   534.5  copy=0.472  A(t)=238  sim=3.0s
epoch     380  HO=0.4730  meanSteps=   541.8  copy=0.471  A(t)=257  sim=3.2s
epoch     400  HO=0.4844  meanSteps=   530.6  copy=0.467  A(t)=261  sim=3.3s
epoch     420  HO=0.4890  meanSteps=   532.4  copy=0.470  A(t)=263  sim=3.4s
epoch     440  HO=0.4974  meanSteps=   537.7  copy=0.471  A(t)=263  sim=3.6s
epoch     460  HO=0.4985  meanSteps=   541.8  copy=0.475  A(t)=265  sim=3.7s
epoch     480  HO=0.5010  meanSteps=   535.8  copy=0.478  A(t)=265  sim=3.8s
epoch     500  HO=0.5095  meanSteps=   540.1  copy=0.479  A(t)=271  sim=4.0s
epoch     520  HO=0.5146  meanSteps=   533.7  copy=0.479  A(t)=276  sim=4.1s
epoch     540  HO=0.5208  meanSteps=   538.5  copy=0.475  A(t)=277  sim=4.2s
epoch     560  HO=0.5189  meanSteps=   533.1  copy=0.478  A(t)=279  sim=4.4s
epoch     580  HO=0.5223  meanSteps=   534.1  copy=0.478  A(t)=283  sim=4.5s
epoch     600  HO=0.5234  meanSteps=   530.7  copy=0.479  A(t)=283  sim=4.6s
epoch     620  HO=0.5330  meanSteps=   522.2  copy=0.480  A(t)=285  sim=4.8s
epoch     640  HO=0.5464  meanSteps=   524.0  copy=0.483  A(t)=285  sim=5.0s
epoch     660  HO=0.5473  meanSteps=   526.3  copy=0.485  A(t)=286  sim=5.1s
epoch     680  HO=0.5482  meanSteps=   531.8  copy=0.493  A(t)=310  sim=5.2s
epoch     700  HO=0.5445  meanSteps=   529.7  copy=0.490  A(t)=321  sim=5.3s
epoch     720  HO=0.5504  meanSteps=   524.8  copy=0.486  A(t)=322  sim=5.5s
epoch     740  HO=0.5556  meanSteps=   522.1  copy=0.486  A(t)=322  sim=5.6s
epoch     760  HO=0.5644  meanSteps=   526.9  copy=0.486  A(t)=324  sim=5.7s
epoch     780  HO=0.5627  meanSteps=   529.2  copy=0.487  A(t)=324  sim=5.9s
epoch     800  HO=0.5584  meanSteps=   537.3  copy=0.490  A(t)=327  sim=6.0s
epoch     820  HO=0.5519  meanSteps=   540.1  copy=0.492  A(t)=327  sim=6.1s
epoch     840  HO=0.5455  meanSteps=   546.5  copy=0.496  A(t)=327  sim=6.3s
epoch     860  HO=0.5513  meanSteps=   542.7  copy=0.491  A(t)=328  sim=6.4s
epoch     880  HO=0.5552  meanSteps=   539.4  copy=0.495  A(t)=328  sim=6.6s
epoch     900  HO=0.5517  meanSteps=   533.6  copy=0.497  A(t)=328  sim=6.7s
epoch     920  HO=0.5557  meanSteps=   533.7  copy=0.498  A(t)=332  sim=6.8s
epoch     940  HO=0.5522  meanSteps=   536.2  copy=0.499  A(t)=332  sim=7.0s
epoch     960  HO=0.5531  meanSteps=   524.4  copy=0.504  A(t)=333  sim=7.1s
epoch     980  HO=0.5544  meanSteps=   529.0  copy=0.504  A(t)=334  sim=7.3s
epoch    1000  HO=0.5551  meanSteps=   535.0  copy=0.507  A(t)=334  sim=7.4s
epoch    1020  HO=0.5576  meanSteps=   535.8  copy=0.507  A(t)=336  sim=7.5s
epoch    1040  HO=0.5571  meanSteps=   524.2  copy=0.513  A(t)=345  sim=7.7s
epoch    1060  HO=0.5486  meanSteps=   528.7  copy=0.513  A(t)=347  sim=7.8s
epoch    1080  HO=0.5544  meanSteps=   529.9  copy=0.516  A(t)=347  sim=7.9s
epoch    1100  HO=0.5576  meanSteps=   529.0  copy=0.521  A(t)=349  sim=8.1s
epoch    1120  HO=0.5509  meanSteps=   529.1  copy=0.523  A(t)=350  sim=8.2s
epoch    1140  HO=0.5587  meanSteps=   532.5  copy=0.524  A(t)=356  sim=8.3s
epoch    1160  HO=0.5619  meanSteps=   538.0  copy=0.529  A(t)=356  sim=8.5s
epoch    1180  HO=0.5683  meanSteps=   536.2  copy=0.533  A(t)=358  sim=8.6s
epoch    1200  HO=0.5663  meanSteps=   538.7  copy=0.534  A(t)=358  sim=8.8s
epoch    1220  HO=0.5675  meanSteps=   535.9  copy=0.536  A(t)=358  sim=8.9s
epoch    1240  HO=0.5704  meanSteps=   536.0  copy=0.542  A(t)=358  sim=9.0s
epoch    1260  HO=0.5692  meanSteps=   544.1  copy=0.542  A(t)=358  sim=9.2s
epoch    1280  HO=0.5622  meanSteps=   543.0  copy=0.545  A(t)=358  sim=9.3s
epoch    1300  HO=0.5623  meanSteps=   539.9  copy=0.545  A(t)=361  sim=9.4s
epoch    1320  HO=0.5588  meanSteps=   546.5  copy=0.546  A(t)=365  sim=9.6s
epoch    1340  HO=0.5613  meanSteps=   528.7  copy=0.546  A(t)=365  sim=9.7s
epoch    1360  HO=0.5629  meanSteps=   533.1  copy=0.550  A(t)=369  sim=9.9s
epoch    1380  HO=0.5603  meanSteps=   530.4  copy=0.553  A(t)=371  sim=10.0s
epoch    1400  HO=0.5647  meanSteps=   533.8  copy=0.556  A(t)=373  sim=10.1s
epoch    1420  HO=0.5640  meanSteps=   526.4  copy=0.559  A(t)=375  sim=10.3s
epoch    1440  HO=0.5696  meanSteps=   528.1  copy=0.568  A(t)=375  sim=10.4s
epoch    1460  HO=0.5785  meanSteps=   544.4  copy=0.572  A(t)=378  sim=10.6s
epoch    1480  HO=0.5806  meanSteps=   537.5  copy=0.578  A(t)=381  sim=10.7s
epoch    1500  HO=0.5830  meanSteps=   531.0  copy=0.583  A(t)=382  sim=10.9s
epoch    1520  HO=0.5863  meanSteps=   538.1  copy=0.590  A(t)=393  sim=11.0s
epoch    1540  HO=0.5966  meanSteps=   534.3  copy=0.592  A(t)=398  sim=11.1s
epoch    1560  HO=0.5968  meanSteps=   531.2  copy=0.598  A(t)=402  sim=11.3s
epoch    1580  HO=0.5893  meanSteps=   529.2  copy=0.602  A(t)=403  sim=11.4s
epoch    1600  HO=0.5852  meanSteps=   539.4  copy=0.606  A(t)=406  sim=11.6s
epoch    1620  HO=0.5748  meanSteps=   528.1  copy=0.610  A(t)=407  sim=11.7s
epoch    1640  HO=0.5679  meanSteps=   526.5  copy=0.614  A(t)=409  sim=11.9s
epoch    1660  HO=0.5703  meanSteps=   532.7  copy=0.617  A(t)=411  sim=12.1s
epoch    1680  HO=0.5769  meanSteps=   533.4  copy=0.621  A(t)=413  sim=12.2s
epoch    1700  HO=0.5723  meanSteps=   541.5  copy=0.625  A(t)=417  sim=12.3s
epoch    1720  HO=0.5722  meanSteps=   542.6  copy=0.628  A(t)=417  sim=12.5s
epoch    1740  HO=0.5661  meanSteps=   534.4  copy=0.632  A(t)=418  sim=12.6s
epoch    1760  HO=0.5573  meanSteps=   524.0  copy=0.630  A(t)=424  sim=12.8s
epoch    1780  HO=0.5502  meanSteps=   519.2  copy=0.629  A(t)=425  sim=12.9s
epoch    1800  HO=0.5466  meanSteps=   522.5  copy=0.638  A(t)=427  sim=13.1s
epoch    1820  HO=0.5338  meanSteps=   528.3  copy=0.645  A(t)=429  sim=13.2s
epoch    1840  HO=0.5277  meanSteps=   526.7  copy=0.647  A(t)=429  sim=13.3s
epoch    1860  HO=0.5267  meanSteps=   514.4  copy=0.649  A(t)=432  sim=13.5s
epoch    1880  HO=0.5253  meanSteps=   518.3  copy=0.649  A(t)=432  sim=13.6s
epoch    1900  HO=0.5119  meanSteps=   522.7  copy=0.652  A(t)=432  sim=13.8s
epoch    1920  HO=0.5069  meanSteps=   525.2  copy=0.653  A(t)=434  sim=13.9s
epoch    1940  HO=0.5128  meanSteps=   518.5  copy=0.655  A(t)=438  sim=14.1s
epoch    1960  HO=0.5083  meanSteps=   512.0  copy=0.659  A(t)=440  sim=14.2s
epoch    1980  HO=0.4963  meanSteps=   520.9  copy=0.663  A(t)=444  sim=14.4s
epoch    2000  HO=0.4892  meanSteps=   526.9  copy=0.668  A(t)=444  sim=14.5s
epoch    2020  HO=0.4889  meanSteps=   527.9  copy=0.676  A(t)=444  sim=14.7s
epoch    2040  HO=0.4905  meanSteps=   535.7  copy=0.681  A(t)=446  sim=14.9s
epoch    2060  HO=0.4890  meanSteps=   534.4  copy=0.684  A(t)=448  sim=15.0s
epoch    2080  HO=0.4966  meanSteps=   528.2  copy=0.690  A(t)=456  sim=15.1s
epoch    2100  HO=0.4976  meanSteps=   539.7  copy=0.696  A(t)=464  sim=15.3s
epoch    2120  HO=0.4935  meanSteps=   543.1  copy=0.704  A(t)=466  sim=15.4s
epoch    2140  HO=0.4918  meanSteps=   540.7  copy=0.707  A(t)=471  sim=15.6s
epoch    2160  HO=0.4968  meanSteps=   535.8  copy=0.710  A(t)=471  sim=15.7s
epoch    2180  HO=0.4922  meanSteps=   531.9  copy=0.714  A(t)=473  sim=15.9s
epoch    2200  HO=0.4988  meanSteps=   532.6  copy=0.715  A(t)=475  sim=16.1s
epoch    2220  HO=0.4963  meanSteps=   523.1  copy=0.719  A(t)=480  sim=16.2s
epoch    2240  HO=0.4951  meanSteps=   531.3  copy=0.725  A(t)=486  sim=16.4s
epoch    2260  HO=0.4889  meanSteps=   533.0  copy=0.730  A(t)=486  sim=16.5s
epoch    2280  HO=0.4992  meanSteps=   539.4  copy=0.740  A(t)=490  sim=16.7s
epoch    2300  HO=0.4968  meanSteps=   543.8  copy=0.752  A(t)=494  sim=16.8s
epoch    2320  HO=0.4974  meanSteps=   546.9  copy=0.758  A(t)=497  sim=17.0s
epoch    2340  HO=0.5041  meanSteps=   548.5  copy=0.763  A(t)=497  sim=17.1s
epoch    2360  HO=0.5026  meanSteps=   557.7  copy=0.770  A(t)=502  sim=17.3s
epoch    2380  HO=0.5036  meanSteps=   545.5  copy=0.779  A(t)=502  sim=17.4s
epoch    2400  HO=0.5017  meanSteps=   539.2  copy=0.783  A(t)=504  sim=17.6s
epoch    2420  HO=0.5012  meanSteps=   534.4  copy=0.784  A(t)=506  sim=17.7s
epoch    2440  HO=0.5079  meanSteps=   537.0  copy=0.788  A(t)=509  sim=17.9s
epoch    2460  HO=0.4976  meanSteps=   526.4  copy=0.790  A(t)=513  sim=18.0s
epoch    2480  HO=0.4976  meanSteps=   526.6  copy=0.788  A(t)=517  sim=18.2s
epoch    2500  HO=0.4928  meanSteps=   527.3  copy=0.790  A(t)=531  sim=18.3s
epoch    2520  HO=0.4872  meanSteps=   527.0  copy=0.793  A(t)=537  sim=18.5s
epoch    2540  HO=0.4903  meanSteps=   533.8  copy=0.793  A(t)=539  sim=18.6s
epoch    2560  HO=0.4847  meanSteps=   535.2  copy=0.793  A(t)=541  sim=18.8s
epoch    2580  HO=0.4777  meanSteps=   545.2  copy=0.796  A(t)=543  sim=19.0s
epoch    2600  HO=0.4769  meanSteps=   563.4  copy=0.800  A(t)=546  sim=19.1s
epoch    2620  HO=0.4732  meanSteps=   564.6  copy=0.798  A(t)=548  sim=19.3s
epoch    2640  HO=0.4770  meanSteps=   546.8  copy=0.798  A(t)=548  sim=19.4s
epoch    2660  HO=0.4760  meanSteps=   551.2  copy=0.799  A(t)=549  sim=19.6s
epoch    2680  HO=0.4679  meanSteps=   546.1  copy=0.798  A(t)=556  sim=19.8s
epoch    2700  HO=0.4651  meanSteps=   555.0  copy=0.799  A(t)=562  sim=19.9s
epoch    2720  HO=0.4580  meanSteps=   556.4  copy=0.799  A(t)=566  sim=20.1s
epoch    2740  HO=0.4527  meanSteps=   558.2  copy=0.796  A(t)=568  sim=20.3s
epoch    2760  HO=0.4419  meanSteps=   557.1  copy=0.794  A(t)=568  sim=20.4s
epoch    2780  HO=0.4389  meanSteps=   553.6  copy=0.798  A(t)=568  sim=20.6s
epoch    2800  HO=0.4342  meanSteps=   549.9  copy=0.800  A(t)=570  sim=20.8s
epoch    2820  HO=0.4342  meanSteps=   555.1  copy=0.806  A(t)=579  sim=21.0s
epoch    2840  HO=0.4310  meanSteps=   559.9  copy=0.813  A(t)=585  sim=21.1s
epoch    2860  HO=0.4266  meanSteps=   564.2  copy=0.814  A(t)=591  sim=21.3s
epoch    2880  HO=0.4176  meanSteps=   560.9  copy=0.821  A(t)=599  sim=21.4s
epoch    2900  HO=0.4157  meanSteps=   559.7  copy=0.821  A(t)=599  sim=21.6s
epoch    2920  HO=0.4114  meanSteps=   561.3  copy=0.818  A(t)=599  sim=21.8s
epoch    2940  HO=0.4098  meanSteps=   561.6  copy=0.816  A(t)=601  sim=21.9s
epoch    2960  HO=0.4047  meanSteps=   564.0  copy=0.819  A(t)=601  sim=22.1s
epoch    2980  HO=0.4056  meanSteps=   566.3  copy=0.819  A(t)=603  sim=22.3s
epoch    3000  HO=0.4004  meanSteps=   568.0  copy=0.816  A(t)=606  sim=22.4s
epoch    3020  HO=0.3984  meanSteps=   569.7  copy=0.817  A(t)=606  sim=22.6s
epoch    3040  HO=0.3962  meanSteps=   575.4  copy=0.816  A(t)=611  sim=22.8s
epoch    3060  HO=0.3946  meanSteps=   569.9  copy=0.817  A(t)=612  sim=22.9s
epoch    3080  HO=0.3989  meanSteps=   569.1  copy=0.820  A(t)=614  sim=23.1s
epoch    3100  HO=0.3913  meanSteps=   570.9  copy=0.826  A(t)=614  sim=23.2s
epoch    3120  HO=0.3867  meanSteps=   563.9  copy=0.830  A(t)=646  sim=23.4s
epoch    3140  HO=0.3798  meanSteps=   571.2  copy=0.833  A(t)=650  sim=23.6s
epoch    3160  HO=0.3747  meanSteps=   569.5  copy=0.834  A(t)=652  sim=23.7s
epoch    3180  HO=0.3729  meanSteps=   574.9  copy=0.834  A(t)=658  sim=23.9s
epoch    3200  HO=0.3691  meanSteps=   570.0  copy=0.835  A(t)=658  sim=24.0s
epoch    3220  HO=0.3840  meanSteps=   567.6  copy=0.835  A(t)=661  sim=24.2s
epoch    3240  HO=0.3876  meanSteps=   562.3  copy=0.834  A(t)=661  sim=24.4s
epoch    3260  HO=0.3922  meanSteps=   568.9  copy=0.828  A(t)=664  sim=24.5s
epoch    3280  HO=0.4047  meanSteps=   565.1  copy=0.830  A(t)=667  sim=24.7s
epoch    3300  HO=0.4078  meanSteps=   554.6  copy=0.831  A(t)=677  sim=24.8s
epoch    3320  HO=0.4093  meanSteps=   551.7  copy=0.833  A(t)=679  sim=25.0s
epoch    3340  HO=0.4152  meanSteps=   552.6  copy=0.836  A(t)=683  sim=25.2s
epoch    3360  HO=0.4186  meanSteps=   555.4  copy=0.839  A(t)=690  sim=25.3s
epoch    3380  HO=0.4129  meanSteps=   548.7  copy=0.841  A(t)=692  sim=25.5s
epoch    3400  HO=0.4113  meanSteps=   547.2  copy=0.838  A(t)=692  sim=25.7s
epoch    3420  HO=0.4065  meanSteps=   555.7  copy=0.844  A(t)=696  sim=25.8s
epoch    3440  HO=0.4060  meanSteps=   553.9  copy=0.844  A(t)=697  sim=26.0s
epoch    3460  HO=0.4054  meanSteps=   557.4  copy=0.847  A(t)=700  sim=26.2s
epoch    3480  HO=0.3949  meanSteps=   558.2  copy=0.851  A(t)=705  sim=26.3s
epoch    3500  HO=0.3882  meanSteps=   549.9  copy=0.852  A(t)=712  sim=26.5s
epoch    3520  HO=0.3837  meanSteps=   543.8  copy=0.854  A(t)=712  sim=26.7s
epoch    3540  HO=0.3890  meanSteps=   545.9  copy=0.857  A(t)=713  sim=26.8s
epoch    3560  HO=0.3854  meanSteps=   554.3  copy=0.861  A(t)=713  sim=27.0s
epoch    3580  HO=0.3875  meanSteps=   563.0  copy=0.861  A(t)=716  sim=27.1s
epoch    3600  HO=0.3787  meanSteps=   563.0  copy=0.860  A(t)=716  sim=27.3s
epoch    3620  HO=0.3764  meanSteps=   561.8  copy=0.857  A(t)=718  sim=27.5s
epoch    3640  HO=0.3768  meanSteps=   567.1  copy=0.859  A(t)=723  sim=27.6s
epoch    3660  HO=0.3741  meanSteps=   568.5  copy=0.859  A(t)=723  sim=27.8s
epoch    3680  HO=0.3661  meanSteps=   569.7  copy=0.858  A(t)=723  sim=28.0s
epoch    3700  HO=0.3587  meanSteps=   566.0  copy=0.858  A(t)=724  sim=28.1s
epoch    3720  HO=0.3579  meanSteps=   568.4  copy=0.855  A(t)=728  sim=28.3s
epoch    3740  HO=0.3528  meanSteps=   583.0  copy=0.853  A(t)=728  sim=28.4s
epoch    3760  HO=0.3523  meanSteps=   569.9  copy=0.857  A(t)=728  sim=28.6s
epoch    3780  HO=0.3486  meanSteps=   573.7  copy=0.858  A(t)=730  sim=28.8s
epoch    3800  HO=0.3530  meanSteps=   565.4  copy=0.858  A(t)=734  sim=28.9s
epoch    3820  HO=0.3531  meanSteps=   551.1  copy=0.862  A(t)=734  sim=29.1s
epoch    3840  HO=0.3504  meanSteps=   551.4  copy=0.864  A(t)=734  sim=29.3s
epoch    3860  HO=0.3488  meanSteps=   557.8  copy=0.865  A(t)=736  sim=29.4s
epoch    3880  HO=0.3426  meanSteps=   556.5  copy=0.865  A(t)=736  sim=29.6s
epoch    3900  HO=0.3432  meanSteps=   550.2  copy=0.866  A(t)=736  sim=29.7s
epoch    3920  HO=0.3372  meanSteps=   552.3  copy=0.865  A(t)=738  sim=29.9s
epoch    3940  HO=0.3335  meanSteps=   561.7  copy=0.862  A(t)=738  sim=30.1s
epoch    3960  HO=0.3300  meanSteps=   553.6  copy=0.864  A(t)=741  sim=30.2s
epoch    3980  HO=0.3253  meanSteps=   555.4  copy=0.865  A(t)=744  sim=30.4s
epoch    4000  HO=0.3231  meanSteps=   563.4  copy=0.867  A(t)=747  sim=30.5s
epoch    4020  HO=0.3258  meanSteps=   558.3  copy=0.868  A(t)=747  sim=30.7s
epoch    4040  HO=0.3267  meanSteps=   567.7  copy=0.868  A(t)=747  sim=30.9s
epoch    4060  HO=0.3252  meanSteps=   567.2  copy=0.871  A(t)=747  sim=31.0s
epoch    4080  HO=0.3211  meanSteps=   561.7  copy=0.869  A(t)=750  sim=31.2s
epoch    4100  HO=0.3192  meanSteps=   550.4  copy=0.872  A(t)=754  sim=31.4s
epoch    4120  HO=0.3247  meanSteps=   551.5  copy=0.876  A(t)=758  sim=31.5s
epoch    4140  HO=0.3215  meanSteps=   556.0  copy=0.871  A(t)=762  sim=31.7s
epoch    4160  HO=0.3243  meanSteps=   568.7  copy=0.870  A(t)=766  sim=31.9s
epoch    4180  HO=0.3194  meanSteps=   569.8  copy=0.870  A(t)=768  sim=32.1s
epoch    4200  HO=0.3173  meanSteps=   573.4  copy=0.869  A(t)=768  sim=32.2s
epoch    4220  HO=0.3177  meanSteps=   562.4  copy=0.871  A(t)=775  sim=32.4s
epoch    4240  HO=0.3229  meanSteps=   559.9  copy=0.871  A(t)=779  sim=32.5s
epoch    4260  HO=0.3190  meanSteps=   554.0  copy=0.871  A(t)=780  sim=32.7s
epoch    4280  HO=0.3216  meanSteps=   559.1  copy=0.867  A(t)=780  sim=32.9s
epoch    4300  HO=0.3336  meanSteps=   561.1  copy=0.868  A(t)=780  sim=33.0s
epoch    4320  HO=0.3363  meanSteps=   565.2  copy=0.867  A(t)=783  sim=33.3s
epoch    4340  HO=0.3372  meanSteps=   563.3  copy=0.865  A(t)=783  sim=33.4s
epoch    4360  HO=0.3342  meanSteps=   562.3  copy=0.865  A(t)=783  sim=33.6s
epoch    4380  HO=0.3355  meanSteps=   557.1  copy=0.865  A(t)=783  sim=33.7s
epoch    4400  HO=0.3369  meanSteps=   549.8  copy=0.859  A(t)=783  sim=33.9s
epoch    4420  HO=0.3385  meanSteps=   559.8  copy=0.864  A(t)=786  sim=34.1s
epoch    4440  HO=0.3363  meanSteps=   557.2  copy=0.858  A(t)=788  sim=34.2s
epoch    4460  HO=0.3334  meanSteps=   556.8  copy=0.859  A(t)=788  sim=34.4s
epoch    4480  HO=0.3340  meanSteps=   557.4  copy=0.860  A(t)=791  sim=34.5s
epoch    4500  HO=0.3328  meanSteps=   568.4  copy=0.855  A(t)=794  sim=34.7s
epoch    4520  HO=0.3301  meanSteps=   564.4  copy=0.857  A(t)=794  sim=34.9s
epoch    4540  HO=0.3248  meanSteps=   568.5  copy=0.860  A(t)=794  sim=35.0s
epoch    4560  HO=0.3219  meanSteps=   574.2  copy=0.860  A(t)=794  sim=35.2s
epoch    4580  HO=0.3219  meanSteps=   578.1  copy=0.865  A(t)=794  sim=35.4s
epoch    4600  HO=0.3221  meanSteps=   576.8  copy=0.863  A(t)=796  sim=35.5s
epoch    4620  HO=0.3218  meanSteps=   576.9  copy=0.864  A(t)=797  sim=35.7s
epoch    4640  HO=0.3261  meanSteps=   578.7  copy=0.861  A(t)=797  sim=35.9s
epoch    4660  HO=0.3226  meanSteps=   580.5  copy=0.858  A(t)=805  sim=36.1s
epoch    4680  HO=0.3186  meanSteps=   580.8  copy=0.858  A(t)=814  sim=36.3s
epoch    4700  HO=0.3142  meanSteps=   578.1  copy=0.862  A(t)=817  sim=36.4s
epoch    4720  HO=0.3238  meanSteps=   580.8  copy=0.863  A(t)=817  sim=36.6s
epoch    4740  HO=0.3235  meanSteps=   581.9  copy=0.865  A(t)=820  sim=36.8s
epoch    4760  HO=0.3190  meanSteps=   581.6  copy=0.866  A(t)=820  sim=36.9s
epoch    4780  HO=0.3224  meanSteps=   588.4  copy=0.866  A(t)=820  sim=37.1s
epoch    4800  HO=0.3233  meanSteps=   585.7  copy=0.863  A(t)=820  sim=37.3s
epoch    4820  HO=0.3176  meanSteps=   593.2  copy=0.865  A(t)=824  sim=37.4s
epoch    4840  HO=0.3182  meanSteps=   595.6  copy=0.864  A(t)=826  sim=37.6s
epoch    4860  HO=0.3131  meanSteps=   595.6  copy=0.864  A(t)=829  sim=37.8s
epoch    4880  HO=0.3161  meanSteps=   585.3  copy=0.864  A(t)=831  sim=37.9s
epoch    4900  HO=0.3201  meanSteps=   584.1  copy=0.867  A(t)=835  sim=38.1s
epoch    4920  HO=0.3202  meanSteps=   589.9  copy=0.867  A(t)=840  sim=38.3s
epoch    4940  HO=0.3133  meanSteps=   588.5  copy=0.870  A(t)=842  sim=38.5s
epoch    4960  HO=0.3139  meanSteps=   587.5  copy=0.871  A(t)=842  sim=38.6s
epoch    4980  HO=0.3108  meanSteps=   600.4  copy=0.869  A(t)=844  sim=38.8s
epoch    5000  HO=0.3106  meanSteps=   601.2  copy=0.869  A(t)=844  sim=39.0s
epoch    5020  HO=0.3077  meanSteps=   608.5  copy=0.869  A(t)=851  sim=39.2s
epoch    5040  HO=0.3087  meanSteps=   606.1  copy=0.873  A(t)=853  sim=39.3s
epoch    5060  HO=0.3094  meanSteps=   609.0  copy=0.872  A(t)=853  sim=39.5s
epoch    5080  HO=0.3091  meanSteps=   601.3  copy=0.872  A(t)=855  sim=39.7s
epoch    5100  HO=0.3115  meanSteps=   601.6  copy=0.870  A(t)=855  sim=39.8s
epoch    5120  HO=0.3062  meanSteps=   609.4  copy=0.871  A(t)=855  sim=40.0s
epoch    5140  HO=0.3039  meanSteps=   610.1  copy=0.867  A(t)=855  sim=40.2s
epoch    5160  HO=0.3028  meanSteps=   616.0  copy=0.866  A(t)=863  sim=40.4s
epoch    5180  HO=0.3011  meanSteps=   620.7  copy=0.865  A(t)=867  sim=40.5s
epoch    5200  HO=0.2994  meanSteps=   614.7  copy=0.865  A(t)=867  sim=40.7s
epoch    5220  HO=0.2941  meanSteps=   615.6  copy=0.869  A(t)=871  sim=40.9s
epoch    5240  HO=0.2894  meanSteps=   617.7  copy=0.868  A(t)=874  sim=41.1s
epoch    5260  HO=0.2973  meanSteps=   621.7  copy=0.868  A(t)=876  sim=41.2s
epoch    5280  HO=0.2902  meanSteps=   614.0  copy=0.865  A(t)=878  sim=41.4s
epoch    5300  HO=0.2870  meanSteps=   611.4  copy=0.865  A(t)=880  sim=41.6s
epoch    5320  HO=0.2871  meanSteps=   605.7  copy=0.866  A(t)=880  sim=41.7s
epoch    5340  HO=0.2928  meanSteps=   601.7  copy=0.867  A(t)=884  sim=41.9s
epoch    5360  HO=0.3009  meanSteps=   606.4  copy=0.868  A(t)=887  sim=42.1s
epoch    5380  HO=0.2984  meanSteps=   599.3  copy=0.867  A(t)=887  sim=42.3s
epoch    5400  HO=0.2944  meanSteps=   605.4  copy=0.867  A(t)=887  sim=42.4s
epoch    5420  HO=0.2950  meanSteps=   607.6  copy=0.869  A(t)=889  sim=42.6s
epoch    5440  HO=0.2961  meanSteps=   608.5  copy=0.870  A(t)=890  sim=42.8s
epoch    5460  HO=0.2996  meanSteps=   606.3  copy=0.865  A(t)=890  sim=43.0s
epoch    5480  HO=0.3049  meanSteps=   605.2  copy=0.866  A(t)=890  sim=43.1s
epoch    5500  HO=0.3027  meanSteps=   610.8  copy=0.864  A(t)=900  sim=43.3s
epoch    5520  HO=0.3011  meanSteps=   607.4  copy=0.861  A(t)=900  sim=43.5s
epoch    5540  HO=0.2994  meanSteps=   607.1  copy=0.860  A(t)=902  sim=43.6s
epoch    5560  HO=0.2968  meanSteps=   604.4  copy=0.863  A(t)=905  sim=43.8s
epoch    5580  HO=0.2925  meanSteps=   604.2  copy=0.864  A(t)=907  sim=44.0s
epoch    5600  HO=0.2953  meanSteps=   604.6  copy=0.869  A(t)=909  sim=44.1s
epoch    5620  HO=0.2896  meanSteps=   614.7  copy=0.869  A(t)=909  sim=44.3s
epoch    5640  HO=0.2918  meanSteps=   614.8  copy=0.868  A(t)=909  sim=44.5s
epoch    5660  HO=0.2880  meanSteps=   613.6  copy=0.864  A(t)=909  sim=44.7s
epoch    5680  HO=0.2894  meanSteps=   616.2  copy=0.862  A(t)=909  sim=44.9s
epoch    5700  HO=0.2861  meanSteps=   615.4  copy=0.863  A(t)=911  sim=45.1s
epoch    5720  HO=0.2869  meanSteps=   617.3  copy=0.863  A(t)=911  sim=45.2s
epoch    5740  HO=0.2927  meanSteps=   612.8  copy=0.869  A(t)=913  sim=45.4s
epoch    5760  HO=0.2913  meanSteps=   615.9  copy=0.869  A(t)=913  sim=45.6s
epoch    5780  HO=0.2904  meanSteps=   618.5  copy=0.871  A(t)=916  sim=45.8s
epoch    5800  HO=0.2863  meanSteps=   617.3  copy=0.871  A(t)=919  sim=46.0s
epoch    5820  HO=0.2808  meanSteps=   618.7  copy=0.875  A(t)=925  sim=46.1s
epoch    5840  HO=0.2814  meanSteps=   616.3  copy=0.873  A(t)=927  sim=46.3s
epoch    5860  HO=0.2838  meanSteps=   615.4  copy=0.873  A(t)=927  sim=46.5s
epoch    5880  HO=0.2823  meanSteps=   615.2  copy=0.874  A(t)=929  sim=46.6s
epoch    5900  HO=0.2810  meanSteps=   611.8  copy=0.874  A(t)=934  sim=46.8s
epoch    5920  HO=0.2845  meanSteps=   608.0  copy=0.876  A(t)=934  sim=47.0s
epoch    5940  HO=0.2828  meanSteps=   607.1  copy=0.875  A(t)=935  sim=47.2s
epoch    5960  HO=0.2829  meanSteps=   617.2  copy=0.876  A(t)=935  sim=47.3s
epoch    5980  HO=0.2834  meanSteps=   621.0  copy=0.875  A(t)=937  sim=47.5s
epoch    6000  HO=0.2824  meanSteps=   619.0  copy=0.875  A(t)=939  sim=47.7s
epoch    6020  HO=0.2794  meanSteps=   614.9  copy=0.876  A(t)=941  sim=47.9s
epoch    6040  HO=0.2814  meanSteps=   621.3  copy=0.875  A(t)=947  sim=48.0s
epoch    6060  HO=0.2813  meanSteps=   616.7  copy=0.875  A(t)=957  sim=48.2s
epoch    6080  HO=0.2813  meanSteps=   619.6  copy=0.874  A(t)=961  sim=48.4s
epoch    6100  HO=0.2793  meanSteps=   616.5  copy=0.873  A(t)=963  sim=48.6s
epoch    6120  HO=0.2836  meanSteps=   616.0  copy=0.876  A(t)=970  sim=48.7s
epoch    6140  HO=0.2855  meanSteps=   623.7  copy=0.874  A(t)=970  sim=48.9s
epoch    6160  HO=0.2848  meanSteps=   615.4  copy=0.871  A(t)=974  sim=49.1s
epoch    6180  HO=0.2870  meanSteps=   609.0  copy=0.870  A(t)=976  sim=49.2s
epoch    6200  HO=0.2847  meanSteps=   605.4  copy=0.873  A(t)=978  sim=49.4s
epoch    6220  HO=0.2914  meanSteps=   607.9  copy=0.871  A(t)=980  sim=49.6s
epoch    6240  HO=0.2911  meanSteps=   612.7  copy=0.873  A(t)=982  sim=49.8s
epoch    6260  HO=0.2958  meanSteps=   604.3  copy=0.873  A(t)=985  sim=49.9s
epoch    6280  HO=0.2945  meanSteps=   607.5  copy=0.871  A(t)=987  sim=50.1s
epoch    6300  HO=0.2952  meanSteps=   608.2  copy=0.872  A(t)=987  sim=50.3s
epoch    6320  HO=0.3000  meanSteps=   610.8  copy=0.870  A(t)=989  sim=50.5s
epoch    6340  HO=0.3016  meanSteps=   605.8  copy=0.870  A(t)=989  sim=50.6s
epoch    6360  HO=0.3038  meanSteps=   613.6  copy=0.871  A(t)=992  sim=50.8s
epoch    6380  HO=0.3051  meanSteps=   621.3  copy=0.869  A(t)=992  sim=51.0s
epoch    6400  HO=0.2996  meanSteps=   610.9  copy=0.865  A(t)=992  sim=51.2s
epoch    6420  HO=0.2965  meanSteps=   620.1  copy=0.865  A(t)=993  sim=51.4s
epoch    6440  HO=0.2994  meanSteps=   616.6  copy=0.865  A(t)=997  sim=51.5s
epoch    6460  HO=0.2979  meanSteps=   611.5  copy=0.864  A(t)=997  sim=51.7s
epoch    6480  HO=0.2986  meanSteps=   599.3  copy=0.861  A(t)=999  sim=51.9s
epoch    6500  HO=0.2963  meanSteps=   601.9  copy=0.858  A(t)=999  sim=52.1s
epoch    6520  HO=0.3014  meanSteps=   603.2  copy=0.861  A(t)=999  sim=52.2s
epoch    6540  HO=0.3068  meanSteps=   600.7  copy=0.860  A(t)=1002  sim=52.4s
epoch    6560  HO=0.3022  meanSteps=   611.1  copy=0.860  A(t)=1006  sim=52.6s
epoch    6580  HO=0.3071  meanSteps=   604.9  copy=0.863  A(t)=1006  sim=52.8s
epoch    6600  HO=0.3075  meanSteps=   603.9  copy=0.862  A(t)=1009  sim=52.9s
epoch    6620  HO=0.3077  meanSteps=   605.3  copy=0.861  A(t)=1011  sim=53.1s
epoch    6640  HO=0.3075  meanSteps=   609.0  copy=0.863  A(t)=1013  sim=53.3s
epoch    6660  HO=0.3013  meanSteps=   606.7  copy=0.868  A(t)=1015  sim=53.5s
epoch    6680  HO=0.2973  meanSteps=   605.9  copy=0.865  A(t)=1015  sim=53.8s
epoch    6700  HO=0.3032  meanSteps=   607.1  copy=0.863  A(t)=1019  sim=53.9s
epoch    6720  HO=0.3052  meanSteps=   609.6  copy=0.866  A(t)=1022  sim=54.1s
epoch    6740  HO=0.3069  meanSteps=   619.0  copy=0.872  A(t)=1028  sim=54.4s
epoch    6760  HO=0.3071  meanSteps=   622.3  copy=0.871  A(t)=1030  sim=54.6s
epoch    6780  HO=0.3106  meanSteps=   618.7  copy=0.874  A(t)=1037  sim=55.0s
epoch    6800  HO=0.3119  meanSteps=   623.0  copy=0.873  A(t)=1039  sim=55.1s
epoch    6820  HO=0.3139  meanSteps=   625.7  copy=0.875  A(t)=1042  sim=55.3s
epoch    6840  HO=0.3177  meanSteps=   629.3  copy=0.874  A(t)=1042  sim=55.5s
epoch    6860  HO=0.3185  meanSteps=   633.0  copy=0.875  A(t)=1046  sim=55.7s
epoch    6880  HO=0.3247  meanSteps=   627.8  copy=0.875  A(t)=1050  sim=55.9s
epoch    6900  HO=0.3205  meanSteps=   629.2  copy=0.875  A(t)=1054  sim=56.0s
epoch    6920  HO=0.3124  meanSteps=   622.8  copy=0.875  A(t)=1055  sim=56.2s
epoch    6940  HO=0.3116  meanSteps=   614.5  copy=0.873  A(t)=1055  sim=56.4s
epoch    6960  HO=0.3088  meanSteps=   612.8  copy=0.870  A(t)=1059  sim=56.6s
epoch    6980  HO=0.3109  meanSteps=   612.1  copy=0.872  A(t)=1061  sim=56.7s
epoch    7000  HO=0.3106  meanSteps=   604.9  copy=0.873  A(t)=1061  sim=56.9s
epoch    7020  HO=0.3036  meanSteps=   596.1  copy=0.871  A(t)=1067  sim=57.1s
epoch    7040  HO=0.3053  meanSteps=   599.0  copy=0.870  A(t)=1068  sim=57.3s
epoch    7060  HO=0.3057  meanSteps=   600.1  copy=0.870  A(t)=1070  sim=57.4s
epoch    7080  HO=0.3035  meanSteps=   611.1  copy=0.872  A(t)=1071  sim=57.6s
epoch    7100  HO=0.3098  meanSteps=   610.1  copy=0.874  A(t)=1071  sim=57.8s
epoch    7120  HO=0.3051  meanSteps=   607.1  copy=0.875  A(t)=1078  sim=58.0s
epoch    7140  HO=0.3048  meanSteps=   608.9  copy=0.874  A(t)=1081  sim=58.2s
epoch    7160  HO=0.3042  meanSteps=   603.2  copy=0.875  A(t)=1083  sim=58.3s
epoch    7180  HO=0.2998  meanSteps=   596.6  copy=0.873  A(t)=1085  sim=58.5s
epoch    7200  HO=0.3037  meanSteps=   593.9  copy=0.874  A(t)=1088  sim=58.7s
epoch    7220  HO=0.2991  meanSteps=   594.7  copy=0.875  A(t)=1090  sim=58.9s
epoch    7240  HO=0.3002  meanSteps=   603.3  copy=0.877  A(t)=1095  sim=59.1s
epoch    7260  HO=0.3007  meanSteps=   608.7  copy=0.877  A(t)=1097  sim=59.3s
epoch    7280  HO=0.3004  meanSteps=   602.5  copy=0.881  A(t)=1097  sim=59.4s
epoch    7300  HO=0.3033  meanSteps=   596.4  copy=0.880  A(t)=1097  sim=59.6s
epoch    7320  HO=0.2984  meanSteps=   603.4  copy=0.882  A(t)=1103  sim=59.8s
epoch    7340  HO=0.2975  meanSteps=   603.8  copy=0.880  A(t)=1108  sim=60.1s
epoch    7360  HO=0.2930  meanSteps=   613.8  copy=0.878  A(t)=1110  sim=60.2s
epoch    7380  HO=0.2892  meanSteps=   605.1  copy=0.878  A(t)=1115  sim=60.6s
epoch    7400  HO=0.2858  meanSteps=   602.1  copy=0.876  A(t)=1117  sim=60.8s
epoch    7420  HO=0.2835  meanSteps=   608.4  copy=0.877  A(t)=1119  sim=61.1s
epoch    7440  HO=0.2815  meanSteps=   612.3  copy=0.878  A(t)=1119  sim=61.3s
epoch    7460  HO=0.2776  meanSteps=   610.1  copy=0.877  A(t)=1122  sim=61.4s
epoch    7480  HO=0.2773  meanSteps=   606.0  copy=0.873  A(t)=1124  sim=61.6s
epoch    7500  HO=0.2734  meanSteps=   609.4  copy=0.875  A(t)=1124  sim=61.8s
epoch    7520  HO=0.2774  meanSteps=   612.0  copy=0.871  A(t)=1124  sim=62.0s
epoch    7540  HO=0.2809  meanSteps=   616.4  copy=0.873  A(t)=1125  sim=62.2s
epoch    7560  HO=0.2836  meanSteps=   609.8  copy=0.873  A(t)=1125  sim=62.3s
epoch    7580  HO=0.2862  meanSteps=   606.6  copy=0.872  A(t)=1125  sim=62.5s
epoch    7600  HO=0.2877  meanSteps=   606.9  copy=0.872  A(t)=1127  sim=62.7s
epoch    7620  HO=0.2865  meanSteps=   606.7  copy=0.876  A(t)=1132  sim=62.9s
epoch    7640  HO=0.2876  meanSteps=   598.1  copy=0.879  A(t)=1134  sim=63.0s
epoch    7660  HO=0.2900  meanSteps=   594.4  copy=0.880  A(t)=1134  sim=63.2s
epoch    7680  HO=0.2863  meanSteps=   597.4  copy=0.881  A(t)=1136  sim=63.4s
epoch    7700  HO=0.2813  meanSteps=   591.8  copy=0.882  A(t)=1136  sim=63.5s
epoch    7720  HO=0.2846  meanSteps=   587.9  copy=0.883  A(t)=1136  sim=63.7s
epoch    7740  HO=0.2811  meanSteps=   585.6  copy=0.885  A(t)=1139  sim=63.9s
epoch    7760  HO=0.2814  meanSteps=   585.4  copy=0.886  A(t)=1139  sim=64.1s
epoch    7780  HO=0.2790  meanSteps=   584.5  copy=0.886  A(t)=1140  sim=64.2s
epoch    7800  HO=0.2839  meanSteps=   583.8  copy=0.886  A(t)=1143  sim=64.4s
epoch    7820  HO=0.2823  meanSteps=   582.2  copy=0.884  A(t)=1143  sim=64.6s
epoch    7840  HO=0.2796  meanSteps=   587.5  copy=0.882  A(t)=1144  sim=64.8s
epoch    7860  HO=0.2770  meanSteps=   591.8  copy=0.881  A(t)=1144  sim=64.9s
epoch    7880  HO=0.2720  meanSteps=   587.3  copy=0.881  A(t)=1147  sim=65.1s
epoch    7900  HO=0.2810  meanSteps=   587.2  copy=0.881  A(t)=1147  sim=65.3s
epoch    7920  HO=0.2719  meanSteps=   583.1  copy=0.877  A(t)=1151  sim=65.5s
epoch    7940  HO=0.2704  meanSteps=   587.7  copy=0.873  A(t)=1156  sim=65.7s
epoch    7960  HO=0.2733  meanSteps=   588.0  copy=0.873  A(t)=1156  sim=65.8s
epoch    7980  HO=0.2694  meanSteps=   597.6  copy=0.872  A(t)=1156  sim=66.0s
epoch    8000  HO=0.2659  meanSteps=   601.0  copy=0.875  A(t)=1156  sim=66.2s
epoch    8020  HO=0.2623  meanSteps=   603.8  copy=0.875  A(t)=1158  sim=66.3s
epoch    8040  HO=0.2550  meanSteps=   602.4  copy=0.875  A(t)=1162  sim=66.5s
epoch    8060  HO=0.2552  meanSteps=   606.5  copy=0.877  A(t)=1162  sim=66.7s
epoch    8080  HO=0.2557  meanSteps=   602.8  copy=0.878  A(t)=1167  sim=66.9s
epoch    8100  HO=0.2607  meanSteps=   608.3  copy=0.876  A(t)=1167  sim=67.0s
epoch    8120  HO=0.2634  meanSteps=   615.9  copy=0.874  A(t)=1167  sim=67.2s
epoch    8140  HO=0.2607  meanSteps=   612.3  copy=0.875  A(t)=1169  sim=67.4s
epoch    8160  HO=0.2579  meanSteps=   616.6  copy=0.872  A(t)=1174  sim=67.6s
epoch    8180  HO=0.2551  meanSteps=   623.8  copy=0.870  A(t)=1174  sim=67.7s
epoch    8200  HO=0.2535  meanSteps=   627.1  copy=0.869  A(t)=1176  sim=67.9s
epoch    8220  HO=0.2493  meanSteps=   620.3  copy=0.867  A(t)=1176  sim=68.1s
epoch    8240  HO=0.2502  meanSteps=   621.4  copy=0.870  A(t)=1179  sim=68.3s
epoch    8260  HO=0.2514  meanSteps=   620.4  copy=0.869  A(t)=1187  sim=68.5s
epoch    8280  HO=0.2510  meanSteps=   623.0  copy=0.868  A(t)=1187  sim=68.6s
epoch    8300  HO=0.2463  meanSteps=   624.4  copy=0.867  A(t)=1190  sim=68.8s
epoch    8320  HO=0.2517  meanSteps=   619.0  copy=0.870  A(t)=1191  sim=69.0s
epoch    8340  HO=0.2576  meanSteps=   629.2  copy=0.871  A(t)=1196  sim=69.2s
epoch    8360  HO=0.2600  meanSteps=   631.4  copy=0.871  A(t)=1199  sim=69.3s
epoch    8380  HO=0.2625  meanSteps=   632.9  copy=0.873  A(t)=1199  sim=69.6s
epoch    8400  HO=0.2690  meanSteps=   638.5  copy=0.869  A(t)=1199  sim=69.7s
epoch    8420  HO=0.2724  meanSteps=   641.6  copy=0.869  A(t)=1199  sim=69.9s
epoch    8440  HO=0.2692  meanSteps=   636.7  copy=0.866  A(t)=1202  sim=70.1s
epoch    8460  HO=0.2715  meanSteps=   633.8  copy=0.866  A(t)=1204  sim=70.3s
epoch    8480  HO=0.2759  meanSteps=   633.2  copy=0.867  A(t)=1204  sim=70.4s
epoch    8500  HO=0.2828  meanSteps=   644.1  copy=0.869  A(t)=1206  sim=70.6s
epoch    8520  HO=0.2880  meanSteps=   648.4  copy=0.866  A(t)=1211  sim=70.8s
epoch    8540  HO=0.2888  meanSteps=   644.3  copy=0.868  A(t)=1211  sim=71.0s
epoch    8560  HO=0.2958  meanSteps=   655.9  copy=0.865  A(t)=1216  sim=71.2s
epoch    8580  HO=0.2945  meanSteps=   646.2  copy=0.868  A(t)=1217  sim=71.4s
epoch    8600  HO=0.2896  meanSteps=   634.6  copy=0.867  A(t)=1219  sim=71.6s
epoch    8620  HO=0.2940  meanSteps=   646.6  copy=0.867  A(t)=1221  sim=71.7s
epoch    8640  HO=0.2859  meanSteps=   642.8  copy=0.864  A(t)=1225  sim=71.9s
epoch    8660  HO=0.2819  meanSteps=   637.5  copy=0.858  A(t)=1227  sim=72.1s
epoch    8680  HO=0.2786  meanSteps=   633.1  copy=0.856  A(t)=1228  sim=72.3s
epoch    8700  HO=0.2779  meanSteps=   633.8  copy=0.858  A(t)=1228  sim=72.4s
epoch    8720  HO=0.2767  meanSteps=   629.4  copy=0.855  A(t)=1228  sim=72.6s
epoch    8740  HO=0.2744  meanSteps=   628.1  copy=0.854  A(t)=1228  sim=72.8s
epoch    8760  HO=0.2776  meanSteps=   626.6  copy=0.853  A(t)=1232  sim=73.0s
epoch    8780  HO=0.2737  meanSteps=   632.3  copy=0.849  A(t)=1232  sim=73.1s
epoch    8800  HO=0.2735  meanSteps=   628.8  copy=0.850  A(t)=1232  sim=73.3s
epoch    8820  HO=0.2681  meanSteps=   629.3  copy=0.850  A(t)=1234  sim=73.5s
epoch    8840  HO=0.2665  meanSteps=   627.3  copy=0.852  A(t)=1234  sim=73.7s
epoch    8860  HO=0.2648  meanSteps=   630.1  copy=0.853  A(t)=1234  sim=73.8s
epoch    8880  HO=0.2613  meanSteps=   621.0  copy=0.851  A(t)=1238  sim=74.0s
epoch    8900  HO=0.2646  meanSteps=   628.5  copy=0.851  A(t)=1240  sim=74.2s
epoch    8920  HO=0.2656  meanSteps=   624.0  copy=0.850  A(t)=1244  sim=74.4s
epoch    8940  HO=0.2614  meanSteps=   625.3  copy=0.851  A(t)=1246  sim=74.6s
epoch    8960  HO=0.2585  meanSteps=   636.8  copy=0.851  A(t)=1246  sim=74.8s
epoch    8980  HO=0.2569  meanSteps=   643.9  copy=0.847  A(t)=1246  sim=74.9s
epoch    9000  HO=0.2576  meanSteps=   652.4  copy=0.847  A(t)=1248  sim=75.1s
epoch    9020  HO=0.2546  meanSteps=   657.8  copy=0.848  A(t)=1252  sim=75.3s
epoch    9040  HO=0.2525  meanSteps=   652.5  copy=0.843  A(t)=1253  sim=75.5s
epoch    9060  HO=0.2472  meanSteps=   649.5  copy=0.843  A(t)=1255  sim=75.6s
epoch    9080  HO=0.2490  meanSteps=   635.9  copy=0.845  A(t)=1256  sim=75.8s
epoch    9100  HO=0.2444  meanSteps=   634.2  copy=0.841  A(t)=1256  sim=76.0s
epoch    9120  HO=0.2406  meanSteps=   630.7  copy=0.840  A(t)=1262  sim=76.2s
epoch    9140  HO=0.2433  meanSteps=   638.1  copy=0.840  A(t)=1262  sim=76.4s
epoch    9160  HO=0.2434  meanSteps=   640.3  copy=0.839  A(t)=1264  sim=76.5s
epoch    9180  HO=0.2399  meanSteps=   642.4  copy=0.839  A(t)=1264  sim=76.8s
epoch    9200  HO=0.2372  meanSteps=   642.4  copy=0.840  A(t)=1266  sim=76.9s
epoch    9220  HO=0.2368  meanSteps=   638.2  copy=0.837  A(t)=1266  sim=77.1s
epoch    9240  HO=0.2355  meanSteps=   646.8  copy=0.837  A(t)=1268  sim=77.3s
epoch    9260  HO=0.2362  meanSteps=   648.3  copy=0.833  A(t)=1273  sim=77.5s
epoch    9280  HO=0.2375  meanSteps=   636.0  copy=0.834  A(t)=1273  sim=77.7s
epoch    9300  HO=0.2358  meanSteps=   630.6  copy=0.835  A(t)=1273  sim=77.8s
epoch    9320  HO=0.2378  meanSteps=   631.7  copy=0.833  A(t)=1275  sim=78.0s
epoch    9340  HO=0.2434  meanSteps=   632.6  copy=0.836  A(t)=1277  sim=78.2s
epoch    9360  HO=0.2414  meanSteps=   643.8  copy=0.838  A(t)=1277  sim=78.4s
epoch    9380  HO=0.2431  meanSteps=   649.5  copy=0.837  A(t)=1277  sim=78.6s
epoch    9400  HO=0.2422  meanSteps=   653.8  copy=0.839  A(t)=1277  sim=78.8s
epoch    9420  HO=0.2437  meanSteps=   649.6  copy=0.841  A(t)=1279  sim=78.9s
epoch    9440  HO=0.2440  meanSteps=   648.3  copy=0.843  A(t)=1281  sim=79.1s
epoch    9460  HO=0.2408  meanSteps=   664.8  copy=0.842  A(t)=1283  sim=79.3s
epoch    9480  HO=0.2456  meanSteps=   664.0  copy=0.839  A(t)=1283  sim=79.5s
epoch    9500  HO=0.2464  meanSteps=   665.1  copy=0.841  A(t)=1285  sim=79.7s
epoch    9520  HO=0.2536  meanSteps=   668.9  copy=0.841  A(t)=1285  sim=79.8s
epoch    9540  HO=0.2523  meanSteps=   658.9  copy=0.839  A(t)=1289  sim=80.1s
epoch    9560  HO=0.2517  meanSteps=   657.8  copy=0.838  A(t)=1293  sim=80.3s
epoch    9580  HO=0.2541  meanSteps=   664.1  copy=0.842  A(t)=1293  sim=80.4s
epoch    9600  HO=0.2577  meanSteps=   663.2  copy=0.844  A(t)=1293  sim=80.6s
epoch    9620  HO=0.2583  meanSteps=   664.9  copy=0.844  A(t)=1293  sim=80.8s
epoch    9640  HO=0.2600  meanSteps=   674.2  copy=0.845  A(t)=1293  sim=81.0s
epoch    9660  HO=0.2549  meanSteps=   680.0  copy=0.846  A(t)=1296  sim=81.2s
epoch    9680  HO=0.2554  meanSteps=   675.4  copy=0.847  A(t)=1301  sim=81.4s
epoch    9700  HO=0.2532  meanSteps=   672.5  copy=0.848  A(t)=1306  sim=81.5s
epoch    9720  HO=0.2605  meanSteps=   670.6  copy=0.852  A(t)=1306  sim=81.7s
epoch    9740  HO=0.2559  meanSteps=   672.0  copy=0.850  A(t)=1306  sim=81.9s
epoch    9760  HO=0.2508  meanSteps=   675.8  copy=0.849  A(t)=1306  sim=82.1s
epoch    9780  HO=0.2556  meanSteps=   677.8  copy=0.850  A(t)=1306  sim=82.3s
epoch    9800  HO=0.2521  meanSteps=   689.4  copy=0.850  A(t)=1309  sim=82.5s
epoch    9820  HO=0.2616  meanSteps=   686.2  copy=0.853  A(t)=1309  sim=82.7s
epoch    9840  HO=0.2594  meanSteps=   673.9  copy=0.853  A(t)=1309  sim=82.8s
epoch    9860  HO=0.2608  meanSteps=   687.7  copy=0.858  A(t)=1313  sim=83.0s
epoch    9880  HO=0.2573  meanSteps=   688.9  copy=0.856  A(t)=1316  sim=83.2s
epoch    9900  HO=0.2626  meanSteps=   689.0  copy=0.856  A(t)=1316  sim=83.4s
epoch    9920  HO=0.2648  meanSteps=   684.5  copy=0.857  A(t)=1318  sim=83.6s
epoch    9940  HO=0.2620  meanSteps=   674.7  copy=0.853  A(t)=1318  sim=83.8s
epoch    9960  HO=0.2603  meanSteps=   670.0  copy=0.851  A(t)=1320  sim=84.0s
epoch    9980  HO=0.2621  meanSteps=   662.8  copy=0.853  A(t)=1320  sim=84.1s
epoch   10000  HO=0.2658  meanSteps=   660.3  copy=0.855  A(t)=1322  sim=84.3s
epoch   10020  HO=0.2686  meanSteps=   670.6  copy=0.854  A(t)=1322  sim=84.5s
epoch   10040  HO=0.2732  meanSteps=   676.5  copy=0.855  A(t)=1326  sim=84.7s
epoch   10060  HO=0.2737  meanSteps=   683.0  copy=0.858  A(t)=1326  sim=84.9s
epoch   10080  HO=0.2743  meanSteps=   683.5  copy=0.858  A(t)=1328  sim=85.1s
epoch   10100  HO=0.2682  meanSteps=   691.5  copy=0.861  A(t)=1328  sim=85.3s
epoch   10120  HO=0.2607  meanSteps=   681.2  copy=0.862  A(t)=1334  sim=85.5s
epoch   10140  HO=0.2603  meanSteps=   679.0  copy=0.860  A(t)=1336  sim=85.7s
epoch   10160  HO=0.2596  meanSteps=   677.4  copy=0.858  A(t)=1336  sim=85.9s
epoch   10180  HO=0.2601  meanSteps=   688.9  copy=0.858  A(t)=1336  sim=86.0s
epoch   10200  HO=0.2553  meanSteps=   677.1  copy=0.857  A(t)=1336  sim=86.2s
epoch   10220  HO=0.2573  meanSteps=   676.7  copy=0.856  A(t)=1339  sim=86.4s
epoch   10240  HO=0.2583  meanSteps=   679.5  copy=0.856  A(t)=1339  sim=86.6s
epoch   10260  HO=0.2551  meanSteps=   674.0  copy=0.856  A(t)=1339  sim=86.8s
epoch   10280  HO=0.2593  meanSteps=   667.3  copy=0.854  A(t)=1339  sim=87.1s
epoch   10300  HO=0.2613  meanSteps=   673.0  copy=0.855  A(t)=1339  sim=87.3s
epoch   10320  HO=0.2572  meanSteps=   657.5  copy=0.854  A(t)=1339  sim=87.6s
epoch   10340  HO=0.2543  meanSteps=   664.6  copy=0.853  A(t)=1343  sim=87.8s
epoch   10360  HO=0.2562  meanSteps=   652.2  copy=0.853  A(t)=1349  sim=88.0s
epoch   10380  HO=0.2613  meanSteps=   648.5  copy=0.853  A(t)=1352  sim=88.2s
epoch   10400  HO=0.2597  meanSteps=   649.3  copy=0.852  A(t)=1354  sim=88.4s
epoch   10420  HO=0.2576  meanSteps=   649.8  copy=0.850  A(t)=1354  sim=88.6s
epoch   10440  HO=0.2620  meanSteps=   643.4  copy=0.851  A(t)=1354  sim=88.7s
epoch   10460  HO=0.2652  meanSteps=   642.7  copy=0.854  A(t)=1356  sim=88.9s
epoch   10480  HO=0.2656  meanSteps=   651.7  copy=0.858  A(t)=1356  sim=89.1s
epoch   10500  HO=0.2636  meanSteps=   652.8  copy=0.856  A(t)=1356  sim=89.3s
epoch   10520  HO=0.2665  meanSteps=   651.0  copy=0.855  A(t)=1358  sim=89.5s
epoch   10540  HO=0.2637  meanSteps=   639.6  copy=0.854  A(t)=1358  sim=89.6s
epoch   10560  HO=0.2608  meanSteps=   649.1  copy=0.854  A(t)=1360  sim=89.8s
epoch   10580  HO=0.2526  meanSteps=   656.2  copy=0.852  A(t)=1360  sim=90.0s
epoch   10600  HO=0.2588  meanSteps=   662.6  copy=0.851  A(t)=1360  sim=90.2s
epoch   10620  HO=0.2560  meanSteps=   662.8  copy=0.852  A(t)=1360  sim=90.3s
epoch   10640  HO=0.2561  meanSteps=   657.2  copy=0.854  A(t)=1362  sim=90.5s
epoch   10660  HO=0.2624  meanSteps=   661.7  copy=0.854  A(t)=1362  sim=90.7s
epoch   10680  HO=0.2637  meanSteps=   651.0  copy=0.856  A(t)=1362  sim=90.9s
epoch   10700  HO=0.2664  meanSteps=   654.2  copy=0.855  A(t)=1362  sim=91.1s
epoch   10720  HO=0.2691  meanSteps=   655.2  copy=0.856  A(t)=1362  sim=91.2s
epoch   10740  HO=0.2743  meanSteps=   660.7  copy=0.857  A(t)=1362  sim=91.4s
epoch   10760  HO=0.2723  meanSteps=   664.7  copy=0.860  A(t)=1366  sim=91.6s
epoch   10780  HO=0.2736  meanSteps=   652.9  copy=0.861  A(t)=1368  sim=91.8s
epoch   10800  HO=0.2659  meanSteps=   653.7  copy=0.859  A(t)=1371  sim=92.0s
epoch   10820  HO=0.2722  meanSteps=   652.5  copy=0.859  A(t)=1373  sim=92.2s
epoch   10840  HO=0.2709  meanSteps=   653.5  copy=0.860  A(t)=1375  sim=92.3s
epoch   10860  HO=0.2653  meanSteps=   662.5  copy=0.857  A(t)=1379  sim=92.5s
epoch   10880  HO=0.2646  meanSteps=   660.2  copy=0.857  A(t)=1381  sim=92.7s
epoch   10900  HO=0.2671  meanSteps=   662.3  copy=0.856  A(t)=1381  sim=92.9s
epoch   10920  HO=0.2713  meanSteps=   663.0  copy=0.855  A(t)=1381  sim=93.0s
epoch   10940  HO=0.2789  meanSteps=   661.8  copy=0.855  A(t)=1384  sim=93.2s
epoch   10960  HO=0.2782  meanSteps=   679.4  copy=0.856  A(t)=1384  sim=93.4s
epoch   10980  HO=0.2764  meanSteps=   677.1  copy=0.853  A(t)=1389  sim=93.6s
epoch   11000  HO=0.2792  meanSteps=   676.5  copy=0.853  A(t)=1389  sim=93.8s
epoch   11020  HO=0.2876  meanSteps=   673.9  copy=0.853  A(t)=1391  sim=94.0s
epoch   11040  HO=0.2865  meanSteps=   677.2  copy=0.851  A(t)=1395  sim=94.2s
epoch   11060  HO=0.2828  meanSteps=   681.3  copy=0.852  A(t)=1396  sim=94.4s
epoch   11080  HO=0.2847  meanSteps=   678.9  copy=0.852  A(t)=1400  sim=94.5s
epoch   11100  HO=0.2889  meanSteps=   674.8  copy=0.854  A(t)=1402  sim=94.7s
epoch   11120  HO=0.2914  meanSteps=   682.2  copy=0.856  A(t)=1402  sim=94.9s
epoch   11140  HO=0.2910  meanSteps=   672.8  copy=0.856  A(t)=1402  sim=95.1s
epoch   11160  HO=0.2945  meanSteps=   675.6  copy=0.858  A(t)=1406  sim=95.3s
epoch   11180  HO=0.2959  meanSteps=   670.3  copy=0.857  A(t)=1410  sim=95.4s
epoch   11200  HO=0.2938  meanSteps=   660.9  copy=0.856  A(t)=1412  sim=95.6s
epoch   11220  HO=0.2934  meanSteps=   660.7  copy=0.852  A(t)=1416  sim=95.8s
epoch   11240  HO=0.2944  meanSteps=   657.8  copy=0.852  A(t)=1420  sim=96.0s
epoch   11260  HO=0.2918  meanSteps=   658.1  copy=0.849  A(t)=1426  sim=96.2s
epoch   11280  HO=0.2940  meanSteps=   669.6  copy=0.847  A(t)=1427  sim=96.3s
epoch   11300  HO=0.2917  meanSteps=   669.9  copy=0.846  A(t)=1427  sim=96.5s
epoch   11320  HO=0.2846  meanSteps=   669.8  copy=0.845  A(t)=1427  sim=96.7s
epoch   11340  HO=0.2828  meanSteps=   664.5  copy=0.844  A(t)=1429  sim=96.9s
epoch   11360  HO=0.2781  meanSteps=   668.5  copy=0.843  A(t)=1429  sim=97.1s
epoch   11380  HO=0.2736  meanSteps=   661.0  copy=0.844  A(t)=1434  sim=97.3s
epoch   11400  HO=0.2693  meanSteps=   650.4  copy=0.848  A(t)=1434  sim=97.5s
epoch   11420  HO=0.2691  meanSteps=   654.5  copy=0.842  A(t)=1434  sim=97.6s
epoch   11440  HO=0.2686  meanSteps=   653.5  copy=0.840  A(t)=1438  sim=97.8s
epoch   11460  HO=0.2692  meanSteps=   656.8  copy=0.841  A(t)=1438  sim=98.0s
epoch   11480  HO=0.2717  meanSteps=   652.2  copy=0.841  A(t)=1442  sim=98.2s
epoch   11500  HO=0.2700  meanSteps=   645.7  copy=0.843  A(t)=1447  sim=98.4s
epoch   11520  HO=0.2689  meanSteps=   654.7  copy=0.841  A(t)=1447  sim=98.6s
epoch   11540  HO=0.2649  meanSteps=   649.1  copy=0.837  A(t)=1447  sim=98.7s
epoch   11560  HO=0.2689  meanSteps=   662.0  copy=0.836  A(t)=1447  sim=98.9s
epoch   11580  HO=0.2756  meanSteps=   656.2  copy=0.834  A(t)=1447  sim=99.1s
epoch   11600  HO=0.2806  meanSteps=   661.2  copy=0.834  A(t)=1451  sim=99.3s
epoch   11620  HO=0.2764  meanSteps=   663.3  copy=0.833  A(t)=1453  sim=99.5s
epoch   11640  HO=0.2815  meanSteps=   668.2  copy=0.837  A(t)=1453  sim=99.7s
epoch   11660  HO=0.2827  meanSteps=   673.1  copy=0.838  A(t)=1459  sim=99.9s
epoch   11680  HO=0.2869  meanSteps=   668.6  copy=0.835  A(t)=1462  sim=100.1s
epoch   11700  HO=0.2877  meanSteps=   670.7  copy=0.835  A(t)=1468  sim=100.2s
epoch   11720  HO=0.2857  meanSteps=   666.9  copy=0.836  A(t)=1468  sim=100.4s
epoch   11740  HO=0.2856  meanSteps=   671.4  copy=0.837  A(t)=1473  sim=100.6s
epoch   11760  HO=0.2855  meanSteps=   676.1  copy=0.837  A(t)=1477  sim=100.8s
epoch   11780  HO=0.2852  meanSteps=   678.8  copy=0.838  A(t)=1477  sim=101.0s
epoch   11800  HO=0.2917  meanSteps=   676.6  copy=0.841  A(t)=1480  sim=101.4s
epoch   11820  HO=0.2914  meanSteps=   674.1  copy=0.838  A(t)=1484  sim=101.7s
epoch   11840  HO=0.3017  meanSteps=   674.3  copy=0.840  A(t)=1484  sim=101.8s
epoch   11860  HO=0.3086  meanSteps=   671.1  copy=0.844  A(t)=1488  sim=102.0s
epoch   11880  HO=0.3141  meanSteps=   679.6  copy=0.844  A(t)=1488  sim=102.2s
epoch   11900  HO=0.3215  meanSteps=   686.6  copy=0.846  A(t)=1492  sim=102.4s
epoch   11920  HO=0.3253  meanSteps=   687.1  copy=0.850  A(t)=1501  sim=102.6s
epoch   11940  HO=0.3273  meanSteps=   684.6  copy=0.852  A(t)=1501  sim=102.7s
epoch   11960  HO=0.3245  meanSteps=   671.4  copy=0.855  A(t)=1503  sim=102.9s
epoch   11980  HO=0.3232  meanSteps=   675.9  copy=0.856  A(t)=1505  sim=103.1s
epoch   12000  HO=0.3256  meanSteps=   669.5  copy=0.860  A(t)=1505  sim=103.3s
epoch   12020  HO=0.3199  meanSteps=   674.9  copy=0.859  A(t)=1509  sim=103.5s
epoch   12040  HO=0.3127  meanSteps=   691.7  copy=0.859  A(t)=1511  sim=103.6s
epoch   12060  HO=0.3106  meanSteps=   691.2  copy=0.857  A(t)=1514  sim=103.8s
epoch   12080  HO=0.3074  meanSteps=   694.6  copy=0.859  A(t)=1517  sim=104.0s
epoch   12100  HO=0.3070  meanSteps=   696.7  copy=0.858  A(t)=1517  sim=104.2s
epoch   12120  HO=0.3124  meanSteps=   699.0  copy=0.860  A(t)=1519  sim=104.4s
epoch   12140  HO=0.3086  meanSteps=   700.1  copy=0.860  A(t)=1521  sim=104.6s
epoch   12160  HO=0.3064  meanSteps=   681.1  copy=0.863  A(t)=1524  sim=104.8s
epoch   12180  HO=0.3027  meanSteps=   679.0  copy=0.868  A(t)=1529  sim=105.0s
epoch   12200  HO=0.2983  meanSteps=   681.2  copy=0.870  A(t)=1531  sim=105.2s
epoch   12220  HO=0.2977  meanSteps=   674.8  copy=0.871  A(t)=1534  sim=105.3s
epoch   12240  HO=0.3016  meanSteps=   669.1  copy=0.871  A(t)=1534  sim=105.5s
epoch   12260  HO=0.3074  meanSteps=   670.0  copy=0.873  A(t)=1538  sim=105.7s
epoch   12280  HO=0.3098  meanSteps=   671.4  copy=0.874  A(t)=1540  sim=105.9s
epoch   12300  HO=0.3060  meanSteps=   673.7  copy=0.873  A(t)=1542  sim=106.1s
epoch   12320  HO=0.3026  meanSteps=   673.1  copy=0.871  A(t)=1544  sim=106.3s
epoch   12340  HO=0.3062  meanSteps=   680.3  copy=0.867  A(t)=1547  sim=106.5s
epoch   12360  HO=0.3018  meanSteps=   679.8  copy=0.865  A(t)=1553  sim=106.6s
epoch   12380  HO=0.3029  meanSteps=   678.9  copy=0.866  A(t)=1553  sim=106.8s
epoch   12400  HO=0.3008  meanSteps=   682.1  copy=0.865  A(t)=1556  sim=107.0s
epoch   12420  HO=0.2973  meanSteps=   678.7  copy=0.865  A(t)=1560  sim=107.2s
epoch   12440  HO=0.2972  meanSteps=   682.7  copy=0.866  A(t)=1562  sim=107.4s
epoch   12460  HO=0.2897  meanSteps=   679.3  copy=0.865  A(t)=1571  sim=107.6s
epoch   12480  HO=0.2883  meanSteps=   674.4  copy=0.863  A(t)=1571  sim=107.8s
epoch   12500  HO=0.2940  meanSteps=   680.5  copy=0.863  A(t)=1573  sim=108.0s
epoch   12520  HO=0.2923  meanSteps=   679.4  copy=0.858  A(t)=1573  sim=108.2s
epoch   12540  HO=0.2945  meanSteps=   676.0  copy=0.856  A(t)=1575  sim=108.3s
epoch   12560  HO=0.2930  meanSteps=   674.7  copy=0.854  A(t)=1577  sim=108.5s
epoch   12580  HO=0.2937  meanSteps=   673.9  copy=0.851  A(t)=1579  sim=108.7s
epoch   12600  HO=0.2904  meanSteps=   674.1  copy=0.848  A(t)=1579  sim=108.9s
epoch   12620  HO=0.3029  meanSteps=   666.1  copy=0.848  A(t)=1579  sim=109.1s
epoch   12640  HO=0.2988  meanSteps=   659.5  copy=0.850  A(t)=1587  sim=109.3s
epoch   12660  HO=0.2981  meanSteps=   666.6  copy=0.849  A(t)=1587  sim=109.5s
epoch   12680  HO=0.3001  meanSteps=   656.6  copy=0.849  A(t)=1587  sim=109.6s
epoch   12700  HO=0.3065  meanSteps=   663.1  copy=0.846  A(t)=1592  sim=109.8s
epoch   12720  HO=0.3052  meanSteps=   659.9  copy=0.844  A(t)=1597  sim=110.0s
epoch   12740  HO=0.3053  meanSteps=   661.8  copy=0.846  A(t)=1599  sim=110.2s
epoch   12760  HO=0.3005  meanSteps=   651.6  copy=0.844  A(t)=1606  sim=110.4s
epoch   12780  HO=0.2996  meanSteps=   653.5  copy=0.844  A(t)=1610  sim=110.5s
epoch   12800  HO=0.3005  meanSteps=   654.4  copy=0.844  A(t)=1610  sim=110.7s
epoch   12820  HO=0.2993  meanSteps=   645.3  copy=0.847  A(t)=1612  sim=110.9s
epoch   12840  HO=0.3011  meanSteps=   644.9  copy=0.850  A(t)=1615  sim=111.1s
epoch   12860  HO=0.3027  meanSteps=   649.3  copy=0.851  A(t)=1620  sim=111.2s
epoch   12880  HO=0.3021  meanSteps=   651.4  copy=0.853  A(t)=1620  sim=111.4s
epoch   12900  HO=0.3066  meanSteps=   649.4  copy=0.853  A(t)=1622  sim=111.6s
epoch   12920  HO=0.3129  meanSteps=   645.8  copy=0.855  A(t)=1625  sim=111.8s
epoch   12940  HO=0.3272  meanSteps=   648.2  copy=0.857  A(t)=1627  sim=112.0s
epoch   12960  HO=0.3232  meanSteps=   644.3  copy=0.857  A(t)=1633  sim=112.1s
epoch   12980  HO=0.3240  meanSteps=   639.7  copy=0.857  A(t)=1640  sim=112.3s
epoch   13000  HO=0.3264  meanSteps=   636.8  copy=0.858  A(t)=1642  sim=112.5s
epoch   13020  HO=0.3264  meanSteps=   642.8  copy=0.855  A(t)=1652  sim=112.7s
epoch   13040  HO=0.3262  meanSteps=   637.3  copy=0.856  A(t)=1652  sim=112.8s
epoch   13060  HO=0.3243  meanSteps=   633.3  copy=0.854  A(t)=1654  sim=113.0s
epoch   13080  HO=0.3206  meanSteps=   624.9  copy=0.854  A(t)=1657  sim=113.2s
epoch   13100  HO=0.3189  meanSteps=   618.2  copy=0.849  A(t)=1661  sim=113.3s
epoch   13120  HO=0.3143  meanSteps=   620.0  copy=0.848  A(t)=1662  sim=113.5s
epoch   13140  HO=0.3176  meanSteps=   616.9  copy=0.847  A(t)=1662  sim=113.7s
epoch   13160  HO=0.3071  meanSteps=   630.5  copy=0.847  A(t)=1662  sim=113.9s
epoch   13180  HO=0.3140  meanSteps=   638.4  copy=0.850  A(t)=1662  sim=114.0s
epoch   13200  HO=0.3131  meanSteps=   635.2  copy=0.847  A(t)=1664  sim=114.2s
epoch   13220  HO=0.3125  meanSteps=   636.0  copy=0.845  A(t)=1664  sim=114.4s
epoch   13240  HO=0.3204  meanSteps=   636.4  copy=0.847  A(t)=1664  sim=114.6s
epoch   13260  HO=0.3239  meanSteps=   643.7  copy=0.848  A(t)=1666  sim=114.8s
epoch   13280  HO=0.3186  meanSteps=   652.3  copy=0.843  A(t)=1668  sim=115.0s
epoch   13300  HO=0.3177  meanSteps=   647.4  copy=0.842  A(t)=1668  sim=115.1s
epoch   13320  HO=0.3230  meanSteps=   632.2  copy=0.845  A(t)=1675  sim=115.3s
epoch   13340  HO=0.3247  meanSteps=   629.5  copy=0.844  A(t)=1680  sim=115.5s
epoch   13360  HO=0.3255  meanSteps=   627.4  copy=0.843  A(t)=1683  sim=115.7s
epoch   13380  HO=0.3277  meanSteps=   620.0  copy=0.845  A(t)=1683  sim=115.9s
epoch   13400  HO=0.3232  meanSteps=   607.8  copy=0.845  A(t)=1683  sim=116.0s
epoch   13420  HO=0.3318  meanSteps=   607.7  copy=0.844  A(t)=1683  sim=116.2s
epoch   13440  HO=0.3285  meanSteps=   605.8  copy=0.846  A(t)=1685  sim=116.4s
epoch   13460  HO=0.3261  meanSteps=   608.1  copy=0.848  A(t)=1685  sim=116.6s
epoch   13480  HO=0.3271  meanSteps=   604.9  copy=0.849  A(t)=1685  sim=116.7s
epoch   13500  HO=0.3317  meanSteps=   602.3  copy=0.850  A(t)=1693  sim=116.9s
epoch   13520  HO=0.3280  meanSteps=   602.6  copy=0.851  A(t)=1697  sim=117.1s
epoch   13540  HO=0.3298  meanSteps=   605.6  copy=0.853  A(t)=1699  sim=117.2s
epoch   13560  HO=0.3413  meanSteps=   607.9  copy=0.853  A(t)=1710  sim=117.4s
epoch   13580  HO=0.3526  meanSteps=   604.3  copy=0.854  A(t)=1710  sim=117.6s
epoch   13600  HO=0.3533  meanSteps=   600.4  copy=0.851  A(t)=1712  sim=117.7s
epoch   13620  HO=0.3490  meanSteps=   610.8  copy=0.854  A(t)=1718  sim=117.9s
epoch   13640  HO=0.3490  meanSteps=   609.3  copy=0.850  A(t)=1720  sim=118.1s
epoch   13660  HO=0.3470  meanSteps=   610.3  copy=0.848  A(t)=1726  sim=118.3s
epoch   13680  HO=0.3455  meanSteps=   613.9  copy=0.852  A(t)=1726  sim=118.4s
epoch   13700  HO=0.3463  meanSteps=   612.7  copy=0.849  A(t)=1726  sim=118.6s
epoch   13720  HO=0.3430  meanSteps=   616.5  copy=0.848  A(t)=1728  sim=118.8s
epoch   13740  HO=0.3415  meanSteps=   610.2  copy=0.848  A(t)=1730  sim=119.0s
epoch   13760  HO=0.3391  meanSteps=   614.8  copy=0.849  A(t)=1734  sim=119.1s
epoch   13780  HO=0.3369  meanSteps=   618.3  copy=0.852  A(t)=1737  sim=119.3s
epoch   13800  HO=0.3327  meanSteps=   625.8  copy=0.853  A(t)=1742  sim=119.5s
epoch   13820  HO=0.3302  meanSteps=   624.1  copy=0.853  A(t)=1747  sim=119.7s
epoch   13840  HO=0.3297  meanSteps=   624.8  copy=0.854  A(t)=1751  sim=119.8s
epoch   13860  HO=0.3287  meanSteps=   621.0  copy=0.858  A(t)=1757  sim=120.0s
epoch   13880  HO=0.3261  meanSteps=   621.4  copy=0.855  A(t)=1759  sim=120.2s
epoch   13900  HO=0.3213  meanSteps=   616.7  copy=0.856  A(t)=1766  sim=120.4s
epoch   13920  HO=0.3221  meanSteps=   607.6  copy=0.857  A(t)=1766  sim=120.5s
epoch   13940  HO=0.3207  meanSteps=   603.5  copy=0.861  A(t)=1774  sim=120.7s
epoch   13960  HO=0.3236  meanSteps=   615.7  copy=0.859  A(t)=1774  sim=120.9s
epoch   13980  HO=0.3211  meanSteps=   619.9  copy=0.862  A(t)=1774  sim=121.1s
epoch   14000  HO=0.3258  meanSteps=   618.8  copy=0.866  A(t)=1776  sim=121.2s
epoch   14020  HO=0.3270  meanSteps=   622.6  copy=0.867  A(t)=1777  sim=121.4s
epoch   14040  HO=0.3218  meanSteps=   611.0  copy=0.867  A(t)=1777  sim=121.6s
epoch   14060  HO=0.3179  meanSteps=   604.4  copy=0.866  A(t)=1777  sim=121.9s
epoch   14080  HO=0.3170  meanSteps=   609.0  copy=0.865  A(t)=1779  sim=122.0s
epoch   14100  HO=0.3091  meanSteps=   603.9  copy=0.864  A(t)=1781  sim=122.2s
epoch   14120  HO=0.3054  meanSteps=   606.1  copy=0.869  A(t)=1781  sim=122.4s
epoch   14140  HO=0.3048  meanSteps=   612.6  copy=0.870  A(t)=1783  sim=122.6s
epoch   14160  HO=0.3143  meanSteps=   619.0  copy=0.870  A(t)=1783  sim=122.7s
epoch   14180  HO=0.3135  meanSteps=   620.5  copy=0.867  A(t)=1785  sim=122.9s
epoch   14200  HO=0.3095  meanSteps=   623.4  copy=0.867  A(t)=1785  sim=123.1s
epoch   14220  HO=0.3083  meanSteps=   614.6  copy=0.868  A(t)=1787  sim=123.3s
epoch   14240  HO=0.3080  meanSteps=   605.0  copy=0.871  A(t)=1788  sim=123.4s
epoch   14260  HO=0.3076  meanSteps=   603.1  copy=0.870  A(t)=1793  sim=123.6s
epoch   14280  HO=0.3113  meanSteps=   601.8  copy=0.871  A(t)=1793  sim=123.8s
epoch   14300  HO=0.3083  meanSteps=   603.3  copy=0.869  A(t)=1793  sim=123.9s
epoch   14320  HO=0.3085  meanSteps=   605.7  copy=0.869  A(t)=1797  sim=124.1s
epoch   14340  HO=0.3086  meanSteps=   607.8  copy=0.868  A(t)=1799  sim=124.3s
epoch   14360  HO=0.3173  meanSteps=   604.5  copy=0.869  A(t)=1801  sim=124.5s
epoch   14380  HO=0.3168  meanSteps=   598.0  copy=0.869  A(t)=1803  sim=124.6s
epoch   14400  HO=0.3212  meanSteps=   598.2  copy=0.869  A(t)=1806  sim=124.8s
epoch   14420  HO=0.3180  meanSteps=   604.8  copy=0.869  A(t)=1806  sim=125.0s
epoch   14440  HO=0.3097  meanSteps=   605.3  copy=0.871  A(t)=1806  sim=125.1s
epoch   14460  HO=0.3111  meanSteps=   613.1  copy=0.872  A(t)=1806  sim=125.3s
epoch   14480  HO=0.3127  meanSteps=   624.2  copy=0.870  A(t)=1812  sim=125.5s
epoch   14500  HO=0.3139  meanSteps=   639.1  copy=0.870  A(t)=1814  sim=125.7s
epoch   14520  HO=0.3125  meanSteps=   641.7  copy=0.866  A(t)=1814  sim=125.8s
epoch   14540  HO=0.3168  meanSteps=   638.6  copy=0.866  A(t)=1819  sim=126.0s
epoch   14560  HO=0.3198  meanSteps=   644.7  copy=0.868  A(t)=1823  sim=126.2s
epoch   14580  HO=0.3164  meanSteps=   640.9  copy=0.865  A(t)=1825  sim=126.4s
epoch   14600  HO=0.3112  meanSteps=   651.2  copy=0.867  A(t)=1829  sim=126.6s
epoch   14620  HO=0.3087  meanSteps=   652.9  copy=0.867  A(t)=1831  sim=126.8s
epoch   14640  HO=0.3156  meanSteps=   659.9  copy=0.865  A(t)=1833  sim=127.0s
epoch   14660  HO=0.3133  meanSteps=   663.7  copy=0.866  A(t)=1833  sim=127.1s
epoch   14680  HO=0.3062  meanSteps=   662.2  copy=0.866  A(t)=1833  sim=127.3s
epoch   14700  HO=0.3054  meanSteps=   653.3  copy=0.868  A(t)=1835  sim=127.5s
epoch   14720  HO=0.3094  meanSteps=   653.5  copy=0.870  A(t)=1839  sim=127.7s
epoch   14740  HO=0.3090  meanSteps=   654.3  copy=0.867  A(t)=1839  sim=127.9s
epoch   14760  HO=0.3084  meanSteps=   656.8  copy=0.866  A(t)=1840  sim=128.1s
epoch   14780  HO=0.3101  meanSteps=   649.8  copy=0.864  A(t)=1854  sim=128.3s
epoch   14800  HO=0.3187  meanSteps=   649.2  copy=0.866  A(t)=1854  sim=128.4s
epoch   14820  HO=0.3177  meanSteps=   650.3  copy=0.865  A(t)=1854  sim=128.6s
epoch   14840  HO=0.3185  meanSteps=   651.0  copy=0.865  A(t)=1856  sim=128.8s
epoch   14860  HO=0.3216  meanSteps=   651.4  copy=0.866  A(t)=1860  sim=129.0s
epoch   14880  HO=0.3259  meanSteps=   644.2  copy=0.866  A(t)=1867  sim=129.2s
epoch   14900  HO=0.3212  meanSteps=   635.5  copy=0.869  A(t)=1869  sim=129.3s
epoch   14920  HO=0.3241  meanSteps=   633.4  copy=0.869  A(t)=1869  sim=129.5s
epoch   14940  HO=0.3176  meanSteps=   621.0  copy=0.869  A(t)=1879  sim=129.7s
epoch   14960  HO=0.3083  meanSteps=   625.6  copy=0.869  A(t)=1881  sim=129.9s
epoch   14980  HO=0.3081  meanSteps=   626.5  copy=0.867  A(t)=1881  sim=130.1s
epoch   15000  HO=0.3086  meanSteps=   632.5  copy=0.869  A(t)=1890  sim=130.3s
epoch   15020  HO=0.3118  meanSteps=   645.4  copy=0.866  A(t)=1890  sim=130.4s
epoch   15040  HO=0.3112  meanSteps=   647.9  copy=0.864  A(t)=1892  sim=130.6s
epoch   15060  HO=0.3129  meanSteps=   644.0  copy=0.862  A(t)=1892  sim=130.8s
epoch   15080  HO=0.3099  meanSteps=   641.4  copy=0.860  A(t)=1892  sim=131.0s
epoch   15100  HO=0.3102  meanSteps=   639.0  copy=0.861  A(t)=1896  sim=131.2s
epoch   15120  HO=0.3061  meanSteps=   632.0  copy=0.860  A(t)=1903  sim=131.4s
epoch   15140  HO=0.3118  meanSteps=   627.0  copy=0.862  A(t)=1906  sim=131.5s
epoch   15160  HO=0.3134  meanSteps=   625.3  copy=0.864  A(t)=1906  sim=131.7s
epoch   15180  HO=0.3137  meanSteps=   610.0  copy=0.863  A(t)=1908  sim=131.9s
epoch   15200  HO=0.3142  meanSteps=   608.1  copy=0.861  A(t)=1912  sim=132.1s
epoch   15220  HO=0.3160  meanSteps=   609.4  copy=0.857  A(t)=1914  sim=132.2s
epoch   15240  HO=0.3094  meanSteps=   614.6  copy=0.857  A(t)=1917  sim=132.4s
epoch   15260  HO=0.3070  meanSteps=   615.9  copy=0.861  A(t)=1922  sim=132.6s
epoch   15280  HO=0.3056  meanSteps=   613.2  copy=0.860  A(t)=1924  sim=132.8s
epoch   15300  HO=0.3025  meanSteps=   615.7  copy=0.861  A(t)=1924  sim=133.0s
epoch   15320  HO=0.3022  meanSteps=   617.8  copy=0.862  A(t)=1930  sim=133.2s
epoch   15340  HO=0.3078  meanSteps=   617.6  copy=0.864  A(t)=1932  sim=133.3s
epoch   15360  HO=0.3101  meanSteps=   617.4  copy=0.863  A(t)=1934  sim=133.5s
epoch   15380  HO=0.3141  meanSteps=   610.3  copy=0.864  A(t)=1938  sim=133.7s
epoch   15400  HO=0.3125  meanSteps=   622.8  copy=0.863  A(t)=1942  sim=133.9s
epoch   15420  HO=0.3209  meanSteps=   617.9  copy=0.863  A(t)=1942  sim=134.0s
epoch   15440  HO=0.3226  meanSteps=   615.7  copy=0.864  A(t)=1942  sim=134.2s
epoch   15460  HO=0.3204  meanSteps=   618.2  copy=0.865  A(t)=1942  sim=134.4s
epoch   15480  HO=0.3178  meanSteps=   628.8  copy=0.868  A(t)=1942  sim=134.6s
epoch   15500  HO=0.3176  meanSteps=   632.5  copy=0.870  A(t)=1942  sim=134.8s
epoch   15520  HO=0.3212  meanSteps=   627.1  copy=0.867  A(t)=1946  sim=135.0s
epoch   15540  HO=0.3161  meanSteps=   627.6  copy=0.869  A(t)=1952  sim=135.1s
epoch   15560  HO=0.3241  meanSteps=   621.2  copy=0.867  A(t)=1954  sim=135.3s
epoch   15580  HO=0.3212  meanSteps=   621.9  copy=0.865  A(t)=1958  sim=135.5s
epoch   15600  HO=0.3168  meanSteps=   626.3  copy=0.866  A(t)=1960  sim=135.7s
epoch   15620  HO=0.3135  meanSteps=   627.6  copy=0.865  A(t)=1960  sim=135.8s
epoch   15640  HO=0.3147  meanSteps=   628.8  copy=0.865  A(t)=1960  sim=136.0s
epoch   15660  HO=0.3204  meanSteps=   619.7  copy=0.864  A(t)=1962  sim=136.2s
epoch   15680  HO=0.3164  meanSteps=   621.3  copy=0.864  A(t)=1962  sim=136.4s
epoch   15700  HO=0.3137  meanSteps=   630.5  copy=0.864  A(t)=1962  sim=136.6s
epoch   15720  HO=0.3104  meanSteps=   641.3  copy=0.867  A(t)=1962  sim=136.7s
epoch   15740  HO=0.3115  meanSteps=   643.3  copy=0.867  A(t)=1966  sim=136.9s
epoch   15760  HO=0.3111  meanSteps=   646.6  copy=0.862  A(t)=1967  sim=137.1s
epoch   15780  HO=0.3143  meanSteps=   640.9  copy=0.864  A(t)=1967  sim=137.3s
epoch   15800  HO=0.3151  meanSteps=   639.3  copy=0.866  A(t)=1967  sim=137.5s
epoch   15820  HO=0.3175  meanSteps=   634.0  copy=0.867  A(t)=1971  sim=137.7s
epoch   15840  HO=0.3127  meanSteps=   633.5  copy=0.865  A(t)=1971  sim=137.8s
epoch   15860  HO=0.3136  meanSteps=   634.3  copy=0.866  A(t)=1977  sim=138.0s
epoch   15880  HO=0.3129  meanSteps=   637.6  copy=0.866  A(t)=1979  sim=138.2s
epoch   15900  HO=0.3106  meanSteps=   632.4  copy=0.866  A(t)=1988  sim=138.4s
epoch   15920  HO=0.3106  meanSteps=   623.3  copy=0.867  A(t)=1988  sim=138.6s
epoch   15940  HO=0.3095  meanSteps=   627.5  copy=0.867  A(t)=1990  sim=138.8s
epoch   15960  HO=0.3043  meanSteps=   630.6  copy=0.867  A(t)=1990  sim=139.0s
epoch   15980  HO=0.2995  meanSteps=   619.9  copy=0.871  A(t)=1994  sim=139.2s
epoch   16000  HO=0.2986  meanSteps=   626.1  copy=0.873  A(t)=1994  sim=139.3s
epoch   16020  HO=0.3005  meanSteps=   624.1  copy=0.873  A(t)=2001  sim=139.5s
epoch   16040  HO=0.3023  meanSteps=   613.8  copy=0.870  A(t)=2004  sim=139.7s
epoch   16060  HO=0.2974  meanSteps=   609.6  copy=0.874  A(t)=2005  sim=139.8s
epoch   16080  HO=0.3010  meanSteps=   618.7  copy=0.875  A(t)=2010  sim=140.0s
epoch   16100  HO=0.3092  meanSteps=   614.9  copy=0.873  A(t)=2012  sim=140.2s
epoch   16120  HO=0.3137  meanSteps=   606.7  copy=0.875  A(t)=2012  sim=140.4s
epoch   16140  HO=0.3142  meanSteps=   596.0  copy=0.874  A(t)=2015  sim=140.6s
epoch   16160  HO=0.3160  meanSteps=   604.7  copy=0.873  A(t)=2015  sim=140.7s
epoch   16180  HO=0.3148  meanSteps=   603.6  copy=0.876  A(t)=2017  sim=140.9s
epoch   16200  HO=0.3104  meanSteps=   596.7  copy=0.873  A(t)=2017  sim=141.1s
epoch   16220  HO=0.3106  meanSteps=   588.0  copy=0.875  A(t)=2017  sim=141.2s
epoch   16240  HO=0.3090  meanSteps=   595.9  copy=0.875  A(t)=2018  sim=141.4s
epoch   16260  HO=0.3037  meanSteps=   601.4  copy=0.873  A(t)=2022  sim=141.6s
epoch   16280  HO=0.3061  meanSteps=   596.9  copy=0.875  A(t)=2023  sim=141.8s
epoch   16300  HO=0.3076  meanSteps=   603.5  copy=0.872  A(t)=2023  sim=141.9s
epoch   16320  HO=0.3041  meanSteps=   592.5  copy=0.873  A(t)=2023  sim=142.1s
epoch   16340  HO=0.3014  meanSteps=   588.7  copy=0.874  A(t)=2023  sim=142.3s
epoch   16360  HO=0.3068  meanSteps=   588.1  copy=0.875  A(t)=2023  sim=142.4s
epoch   16380  HO=0.3020  meanSteps=   586.6  copy=0.874  A(t)=2028  sim=142.6s
epoch   16400  HO=0.3041  meanSteps=   586.4  copy=0.877  A(t)=2036  sim=142.8s
epoch   16420  HO=0.3040  meanSteps=   588.1  copy=0.875  A(t)=2036  sim=142.9s
epoch   16440  HO=0.3042  meanSteps=   580.6  copy=0.875  A(t)=2036  sim=143.1s
epoch   16460  HO=0.3023  meanSteps=   575.7  copy=0.877  A(t)=2036  sim=143.3s
epoch   16480  HO=0.3018  meanSteps=   567.8  copy=0.878  A(t)=2038  sim=143.4s
epoch   16500  HO=0.3001  meanSteps=   567.4  copy=0.879  A(t)=2040  sim=143.6s
epoch   16520  HO=0.3005  meanSteps=   571.5  copy=0.881  A(t)=2040  sim=143.8s
epoch   16540  HO=0.3021  meanSteps=   580.7  copy=0.877  A(t)=2040  sim=143.9s
epoch   16560  HO=0.3008  meanSteps=   586.7  copy=0.878  A(t)=2040  sim=144.1s
epoch   16580  HO=0.3026  meanSteps=   589.7  copy=0.876  A(t)=2040  sim=144.3s
epoch   16600  HO=0.3010  meanSteps=   585.7  copy=0.877  A(t)=2040  sim=144.4s
epoch   16620  HO=0.3028  meanSteps=   581.3  copy=0.877  A(t)=2042  sim=144.6s
epoch   16640  HO=0.3081  meanSteps=   579.5  copy=0.879  A(t)=2042  sim=144.8s
epoch   16660  HO=0.3036  meanSteps=   580.1  copy=0.879  A(t)=2042  sim=144.9s
epoch   16680  HO=0.3039  meanSteps=   577.1  copy=0.875  A(t)=2045  sim=145.1s
epoch   16700  HO=0.3091  meanSteps=   575.8  copy=0.875  A(t)=2049  sim=145.3s
epoch   16720  HO=0.3110  meanSteps=   576.1  copy=0.875  A(t)=2051  sim=145.4s
epoch   16740  HO=0.3140  meanSteps=   582.7  copy=0.873  A(t)=2051  sim=145.6s
epoch   16760  HO=0.3150  meanSteps=   584.9  copy=0.869  A(t)=2055  sim=145.8s
epoch   16780  HO=0.3219  meanSteps=   583.0  copy=0.868  A(t)=2055  sim=145.9s
epoch   16800  HO=0.3259  meanSteps=   581.3  copy=0.867  A(t)=2061  sim=146.1s
epoch   16820  HO=0.3218  meanSteps=   579.4  copy=0.864  A(t)=2066  sim=146.3s
epoch   16840  HO=0.3278  meanSteps=   583.7  copy=0.863  A(t)=2066  sim=146.4s
epoch   16860  HO=0.3249  meanSteps=   576.5  copy=0.866  A(t)=2070  sim=146.6s
epoch   16880  HO=0.3234  meanSteps=   579.2  copy=0.866  A(t)=2072  sim=146.8s
epoch   16900  HO=0.3258  meanSteps=   581.8  copy=0.865  A(t)=2074  sim=146.9s
epoch   16920  HO=0.3312  meanSteps=   588.0  copy=0.864  A(t)=2076  sim=147.1s
epoch   16940  HO=0.3348  meanSteps=   580.8  copy=0.863  A(t)=2077  sim=147.3s
epoch   16960  HO=0.3380  meanSteps=   582.9  copy=0.865  A(t)=2077  sim=147.4s
epoch   16980  HO=0.3448  meanSteps=   584.0  copy=0.865  A(t)=2079  sim=147.6s
epoch   17000  HO=0.3428  meanSteps=   592.4  copy=0.864  A(t)=2083  sim=147.8s
epoch   17020  HO=0.3458  meanSteps=   587.7  copy=0.864  A(t)=2083  sim=148.0s
epoch   17040  HO=0.3439  meanSteps=   577.9  copy=0.861  A(t)=2083  sim=148.1s
epoch   17060  HO=0.3448  meanSteps=   582.4  copy=0.859  A(t)=2085  sim=148.3s
epoch   17080  HO=0.3388  meanSteps=   580.8  copy=0.862  A(t)=2087  sim=148.5s
epoch   17100  HO=0.3400  meanSteps=   586.1  copy=0.859  A(t)=2087  sim=148.6s
epoch   17120  HO=0.3425  meanSteps=   581.3  copy=0.862  A(t)=2087  sim=148.8s
epoch   17140  HO=0.3448  meanSteps=   586.3  copy=0.862  A(t)=2092  sim=149.0s
epoch   17160  HO=0.3504  meanSteps=   587.6  copy=0.863  A(t)=2094  sim=149.1s
epoch   17180  HO=0.3541  meanSteps=   602.1  copy=0.861  A(t)=2096  sim=149.3s
epoch   17200  HO=0.3565  meanSteps=   599.2  copy=0.859  A(t)=2096  sim=149.5s
epoch   17220  HO=0.3619  meanSteps=   600.1  copy=0.859  A(t)=2106  sim=149.6s
epoch   17240  HO=0.3612  meanSteps=   603.7  copy=0.860  A(t)=2106  sim=149.8s
epoch   17260  HO=0.3626  meanSteps=   604.5  copy=0.859  A(t)=2109  sim=150.0s
epoch   17280  HO=0.3639  meanSteps=   598.4  copy=0.855  A(t)=2109  sim=150.2s
epoch   17300  HO=0.3660  meanSteps=   600.9  copy=0.857  A(t)=2109  sim=150.3s
epoch   17320  HO=0.3703  meanSteps=   604.1  copy=0.855  A(t)=2111  sim=150.5s
epoch   17340  HO=0.3660  meanSteps=   599.3  copy=0.853  A(t)=2113  sim=150.7s
epoch   17360  HO=0.3664  meanSteps=   598.2  copy=0.854  A(t)=2115  sim=150.8s
epoch   17380  HO=0.3696  meanSteps=   606.3  copy=0.854  A(t)=2115  sim=151.0s
epoch   17400  HO=0.3645  meanSteps=   610.0  copy=0.852  A(t)=2115  sim=151.2s
epoch   17420  HO=0.3711  meanSteps=   599.9  copy=0.852  A(t)=2119  sim=151.4s
epoch   17440  HO=0.3751  meanSteps=   606.0  copy=0.856  A(t)=2124  sim=151.6s
epoch   17460  HO=0.3702  meanSteps=   607.2  copy=0.857  A(t)=2129  sim=151.7s
epoch   17480  HO=0.3745  meanSteps=   595.6  copy=0.852  A(t)=2131  sim=151.9s
epoch   17500  HO=0.3767  meanSteps=   592.4  copy=0.853  A(t)=2134  sim=152.1s
epoch   17520  HO=0.3756  meanSteps=   598.6  copy=0.852  A(t)=2135  sim=152.2s
epoch   17540  HO=0.3799  meanSteps=   602.2  copy=0.853  A(t)=2135  sim=152.4s
epoch   17560  HO=0.3798  meanSteps=   610.6  copy=0.851  A(t)=2138  sim=152.6s
epoch   17580  HO=0.3833  meanSteps=   595.3  copy=0.854  A(t)=2144  sim=152.7s
epoch   17600  HO=0.3855  meanSteps=   592.4  copy=0.850  A(t)=2146  sim=152.9s
epoch   17620  HO=0.3783  meanSteps=   590.9  copy=0.851  A(t)=2149  sim=153.1s
epoch   17640  HO=0.3769  meanSteps=   595.1  copy=0.853  A(t)=2153  sim=153.2s
epoch   17660  HO=0.3718  meanSteps=   588.3  copy=0.854  A(t)=2153  sim=153.4s
epoch   17680  HO=0.3741  meanSteps=   591.8  copy=0.855  A(t)=2159  sim=153.6s
epoch   17700  HO=0.3728  meanSteps=   597.7  copy=0.855  A(t)=2160  sim=153.8s
epoch   17720  HO=0.3806  meanSteps=   599.2  copy=0.853  A(t)=2160  sim=153.9s
epoch   17740  HO=0.3851  meanSteps=   591.2  copy=0.853  A(t)=2163  sim=154.1s
epoch   17760  HO=0.3853  meanSteps=   593.3  copy=0.853  A(t)=2166  sim=154.3s
epoch   17780  HO=0.3906  meanSteps=   591.9  copy=0.854  A(t)=2170  sim=154.4s
epoch   17800  HO=0.3882  meanSteps=   585.0  copy=0.854  A(t)=2170  sim=154.6s
epoch   17820  HO=0.3939  meanSteps=   588.1  copy=0.855  A(t)=2172  sim=154.8s
epoch   17840  HO=0.3934  meanSteps=   584.2  copy=0.858  A(t)=2172  sim=155.0s
epoch   17860  HO=0.3996  meanSteps=   573.7  copy=0.856  A(t)=2172  sim=155.1s
epoch   17880  HO=0.3983  meanSteps=   573.3  copy=0.860  A(t)=2174  sim=155.3s
epoch   17900  HO=0.4001  meanSteps=   575.7  copy=0.860  A(t)=2176  sim=155.4s
epoch   17920  HO=0.4024  meanSteps=   574.7  copy=0.862  A(t)=2176  sim=155.6s
epoch   17940  HO=0.3947  meanSteps=   575.2  copy=0.858  A(t)=2178  sim=155.8s
epoch   17960  HO=0.3843  meanSteps=   574.4  copy=0.857  A(t)=2180  sim=156.0s
epoch   17980  HO=0.3833  meanSteps=   573.0  copy=0.857  A(t)=2182  sim=156.1s
epoch   18000  HO=0.3835  meanSteps=   564.0  copy=0.859  A(t)=2182  sim=156.3s
epoch   18020  HO=0.3825  meanSteps=   575.7  copy=0.859  A(t)=2184  sim=156.4s
epoch   18040  HO=0.3790  meanSteps=   581.5  copy=0.859  A(t)=2186  sim=156.6s
epoch   18060  HO=0.3755  meanSteps=   578.2  copy=0.858  A(t)=2186  sim=156.8s
epoch   18080  HO=0.3778  meanSteps=   587.9  copy=0.858  A(t)=2188  sim=157.0s
epoch   18100  HO=0.3773  meanSteps=   586.9  copy=0.860  A(t)=2188  sim=157.2s
epoch   18120  HO=0.3752  meanSteps=   585.7  copy=0.859  A(t)=2190  sim=157.3s
epoch   18140  HO=0.3691  meanSteps=   589.2  copy=0.858  A(t)=2190  sim=157.5s
epoch   18160  HO=0.3670  meanSteps=   596.4  copy=0.859  A(t)=2194  sim=157.7s
epoch   18180  HO=0.3680  meanSteps=   599.7  copy=0.859  A(t)=2196  sim=157.8s
epoch   18200  HO=0.3669  meanSteps=   604.7  copy=0.857  A(t)=2196  sim=158.0s
epoch   18220  HO=0.3730  meanSteps=   598.2  copy=0.858  A(t)=2196  sim=158.2s
epoch   18240  HO=0.3655  meanSteps=   599.3  copy=0.859  A(t)=2205  sim=158.3s
epoch   18260  HO=0.3645  meanSteps=   599.1  copy=0.858  A(t)=2205  sim=158.5s
epoch   18280  HO=0.3636  meanSteps=   594.0  copy=0.861  A(t)=2213  sim=158.7s
epoch   18300  HO=0.3641  meanSteps=   599.3  copy=0.860  A(t)=2217  sim=158.9s
epoch   18320  HO=0.3648  meanSteps=   595.3  copy=0.862  A(t)=2222  sim=159.0s
epoch   18340  HO=0.3625  meanSteps=   588.2  copy=0.864  A(t)=2224  sim=159.2s
epoch   18360  HO=0.3579  meanSteps=   591.5  copy=0.865  A(t)=2227  sim=159.4s
epoch   18380  HO=0.3555  meanSteps=   585.2  copy=0.864  A(t)=2230  sim=159.5s
epoch   18400  HO=0.3494  meanSteps=   586.7  copy=0.867  A(t)=2237  sim=159.7s
epoch   18420  HO=0.3528  meanSteps=   578.7  copy=0.866  A(t)=2241  sim=159.9s
epoch   18440  HO=0.3481  meanSteps=   585.4  copy=0.869  A(t)=2241  sim=160.1s
epoch   18460  HO=0.3513  meanSteps=   595.3  copy=0.871  A(t)=2241  sim=160.2s
epoch   18480  HO=0.3505  meanSteps=   591.1  copy=0.869  A(t)=2243  sim=160.4s
epoch   18500  HO=0.3567  meanSteps=   582.8  copy=0.866  A(t)=2247  sim=160.6s
epoch   18520  HO=0.3508  meanSteps=   581.0  copy=0.868  A(t)=2253  sim=160.7s
epoch   18540  HO=0.3454  meanSteps=   579.4  copy=0.866  A(t)=2259  sim=160.9s
epoch   18560  HO=0.3463  meanSteps=   585.3  copy=0.867  A(t)=2261  sim=161.1s
epoch   18580  HO=0.3426  meanSteps=   580.1  copy=0.863  A(t)=2263  sim=161.3s
epoch   18600  HO=0.3408  meanSteps=   575.6  copy=0.859  A(t)=2265  sim=161.5s
epoch   18620  HO=0.3373  meanSteps=   583.6  copy=0.862  A(t)=2265  sim=161.6s
epoch   18640  HO=0.3336  meanSteps=   579.8  copy=0.865  A(t)=2265  sim=161.8s
epoch   18660  HO=0.3291  meanSteps=   578.9  copy=0.866  A(t)=2265  sim=162.0s
epoch   18680  HO=0.3224  meanSteps=   571.3  copy=0.867  A(t)=2275  sim=162.1s
epoch   18700  HO=0.3189  meanSteps=   587.7  copy=0.868  A(t)=2281  sim=162.3s
epoch   18720  HO=0.3182  meanSteps=   577.9  copy=0.871  A(t)=2287  sim=162.5s
epoch   18740  HO=0.3157  meanSteps=   580.7  copy=0.872  A(t)=2290  sim=162.6s
epoch   18760  HO=0.3098  meanSteps=   576.3  copy=0.869  A(t)=2292  sim=162.8s
epoch   18780  HO=0.3048  meanSteps=   577.7  copy=0.868  A(t)=2296  sim=163.0s
epoch   18800  HO=0.3057  meanSteps=   574.3  copy=0.867  A(t)=2296  sim=163.2s
epoch   18820  HO=0.3081  meanSteps=   567.3  copy=0.864  A(t)=2298  sim=163.3s
epoch   18840  HO=0.2962  meanSteps=   562.9  copy=0.863  A(t)=2298  sim=163.5s
epoch   18860  HO=0.2979  meanSteps=   562.9  copy=0.862  A(t)=2298  sim=163.7s
epoch   18880  HO=0.2963  meanSteps=   561.1  copy=0.863  A(t)=2300  sim=163.9s
epoch   18900  HO=0.2899  meanSteps=   556.2  copy=0.862  A(t)=2302  sim=164.0s
epoch   18920  HO=0.2874  meanSteps=   550.4  copy=0.863  A(t)=2306  sim=164.2s
epoch   18940  HO=0.2840  meanSteps=   544.1  copy=0.862  A(t)=2308  sim=164.4s
epoch   18960  HO=0.2865  meanSteps=   555.1  copy=0.861  A(t)=2308  sim=164.6s
epoch   18980  HO=0.2874  meanSteps=   552.6  copy=0.860  A(t)=2308  sim=164.7s
epoch   19000  HO=0.2873  meanSteps=   553.9  copy=0.860  A(t)=2308  sim=164.9s
epoch   19020  HO=0.2883  meanSteps=   552.5  copy=0.858  A(t)=2313  sim=165.1s
epoch   19040  HO=0.2828  meanSteps=   550.8  copy=0.858  A(t)=2318  sim=165.3s
epoch   19060  HO=0.2891  meanSteps=   546.5  copy=0.857  A(t)=2328  sim=165.4s
epoch   19080  HO=0.2932  meanSteps=   551.3  copy=0.855  A(t)=2328  sim=165.6s
epoch   19100  HO=0.2967  meanSteps=   554.9  copy=0.860  A(t)=2337  sim=165.8s
epoch   19120  HO=0.2997  meanSteps=   558.2  copy=0.863  A(t)=2337  sim=165.9s
epoch   19140  HO=0.3016  meanSteps=   554.7  copy=0.859  A(t)=2339  sim=166.1s
epoch   19160  HO=0.2986  meanSteps=   554.9  copy=0.860  A(t)=2341  sim=166.3s
epoch   19180  HO=0.3031  meanSteps=   551.0  copy=0.861  A(t)=2341  sim=166.4s
epoch   19200  HO=0.3003  meanSteps=   551.5  copy=0.861  A(t)=2341  sim=166.6s
epoch   19220  HO=0.2960  meanSteps=   554.2  copy=0.860  A(t)=2344  sim=166.7s
epoch   19240  HO=0.2965  meanSteps=   551.5  copy=0.859  A(t)=2346  sim=166.9s
epoch   19260  HO=0.2985  meanSteps=   563.6  copy=0.861  A(t)=2346  sim=167.1s
epoch   19280  HO=0.3032  meanSteps=   568.5  copy=0.860  A(t)=2346  sim=167.2s
epoch   19300  HO=0.3030  meanSteps=   577.2  copy=0.857  A(t)=2346  sim=167.4s
epoch   19320  HO=0.3035  meanSteps=   578.7  copy=0.859  A(t)=2350  sim=167.6s
epoch   19340  HO=0.3062  meanSteps=   581.1  copy=0.856  A(t)=2354  sim=167.7s
epoch   19360  HO=0.3079  meanSteps=   573.5  copy=0.855  A(t)=2358  sim=167.9s
epoch   19380  HO=0.3062  meanSteps=   579.3  copy=0.854  A(t)=2363  sim=168.1s
epoch   19400  HO=0.3081  meanSteps=   577.3  copy=0.852  A(t)=2365  sim=168.2s
epoch   19420  HO=0.3070  meanSteps=   578.4  copy=0.854  A(t)=2365  sim=168.4s
epoch   19440  HO=0.3081  meanSteps=   583.2  copy=0.854  A(t)=2367  sim=168.6s
epoch   19460  HO=0.3106  meanSteps=   576.9  copy=0.850  A(t)=2371  sim=168.7s
epoch   19480  HO=0.3095  meanSteps=   572.4  copy=0.847  A(t)=2373  sim=168.9s
epoch   19500  HO=0.3099  meanSteps=   566.0  copy=0.847  A(t)=2373  sim=169.1s
epoch   19520  HO=0.3096  meanSteps=   575.7  copy=0.846  A(t)=2373  sim=169.2s
epoch   19540  HO=0.3081  meanSteps=   577.0  copy=0.851  A(t)=2373  sim=169.4s
epoch   19560  HO=0.3102  meanSteps=   579.1  copy=0.849  A(t)=2375  sim=169.6s
epoch   19580  HO=0.3105  meanSteps=   578.9  copy=0.845  A(t)=2375  sim=169.7s
epoch   19600  HO=0.3082  meanSteps=   576.2  copy=0.846  A(t)=2380  sim=169.9s
epoch   19620  HO=0.3040  meanSteps=   580.8  copy=0.849  A(t)=2380  sim=170.1s
epoch   19640  HO=0.3094  meanSteps=   585.9  copy=0.852  A(t)=2380  sim=170.2s
epoch   19660  HO=0.3098  meanSteps=   581.5  copy=0.855  A(t)=2383  sim=170.4s
epoch   19680  HO=0.3069  meanSteps=   576.9  copy=0.851  A(t)=2387  sim=170.6s
epoch   19700  HO=0.3084  meanSteps=   577.2  copy=0.851  A(t)=2387  sim=170.7s
epoch   19720  HO=0.3072  meanSteps=   578.1  copy=0.852  A(t)=2387  sim=170.9s
epoch   19740  HO=0.3047  meanSteps=   577.6  copy=0.853  A(t)=2387  sim=171.1s
epoch   19760  HO=0.3101  meanSteps=   575.1  copy=0.850  A(t)=2387  sim=171.2s
epoch   19780  HO=0.3072  meanSteps=   570.2  copy=0.851  A(t)=2387  sim=171.4s
epoch   19800  HO=0.2964  meanSteps=   579.2  copy=0.845  A(t)=2390  sim=171.5s
epoch   19820  HO=0.3048  meanSteps=   581.2  copy=0.847  A(t)=2395  sim=171.7s
epoch   19840  HO=0.2998  meanSteps=   579.0  copy=0.845  A(t)=2401  sim=171.9s
epoch   19860  HO=0.3001  meanSteps=   578.1  copy=0.845  A(t)=2401  sim=172.0s
epoch   19880  HO=0.3010  meanSteps=   583.5  copy=0.846  A(t)=2406  sim=172.2s
epoch   19900  HO=0.3031  meanSteps=   582.8  copy=0.847  A(t)=2408  sim=172.4s
epoch   19920  HO=0.3067  meanSteps=   588.9  copy=0.843  A(t)=2408  sim=172.5s
epoch   19940  HO=0.3025  meanSteps=   590.9  copy=0.841  A(t)=2408  sim=172.7s
epoch   19960  HO=0.3071  meanSteps=   595.0  copy=0.846  A(t)=2410  sim=172.9s
epoch   19980  HO=0.3133  meanSteps=   601.8  copy=0.844  A(t)=2410  sim=173.0s
epoch   20000  HO=0.3203  meanSteps=   593.9  copy=0.844  A(t)=2410  sim=173.2s
done: 20000 epochs in 350.7s wall (173.2s simulating), runs/bff_n8192_s3
