epoch       0  HO=-0.0059  meanSteps=     0.0  copy=0.000  A(t)=0  sim=0.0s
epoch      20  HO=0.0313  meanSteps=   665.6  copy=0.496  A(t)=0  sim=0.1s
epoch      40  HO=0.0595  meanSteps=   652.4  copy=0.495  A(t)=0  sim=0.1s
epoch      60  HO=0.1091  meanSteps=   606.1  copy=0.495  A(t)=0  sim=0.1s
epoch      80  HO=0.1525  meanSteps=   614.7  copy=0.505  A(t)=0  sim=0.2s
epoch     100  HO=0.1896  meanSteps=   582.4  copy=0.507  A(t)=10  sim=0.2s
epoch     120  HO=0.2161  meanSteps=   561.3  copy=0.500  A(t)=12  sim=0.2s
epoch     140  HO=0.2264  meanSteps=   581.0  copy=0.487  A(t)=18  sim=0.3s
epoch     160  HO=0.2618  meanSteps=   598.0  copy=0.482  A(t)=24  sim=0.3s
epoch     180  HO=0.3007  meanSteps=   563.3  copy=0.476  A(t)=26  sim=0.3s
epoch     200  HO=0.3187  meanSteps=   552.2  copy=0.477  A(t)=29  sim=0.4s
epoch     220  HO=0.3267  meanSteps=   562.5  copy=0.462  A(t)=32  sim=0.4s
epoch     240  HO=0.3419  meanSteps=   572.1  copy=0.452  A(t)=36  sim=0.4s
epoch     260  HO=0.3478  meanSteps=   567.8  copy=0.442  A(t)=39  sim=0.4s
epoch     280  HO=0.3648  meanSteps=   580.5  copy=0.440  A(t)=41  sim=0.5s
epoch     300  HO=0.3714  meanSteps=   588.4  copy=0.438  A(t)=43  sim=0.5s
epoch     320  HO=0.3725  meanSteps=   592.1  copy=0.438  A(t)=44  sim=0.5s
epoch     340  HO=0.3897  meanSteps=   525.7  copy=0.449  A(t)=46  sim=0.5s
epoch     360  HO=0.4003  meanSteps=   532.1  copy=0.447  A(t)=47  sim=0.5s
epoch     380  HO=0.4096  meanSteps=   519.2  copy=0.436  A(t)=47  sim=0.5s
epoch     400  HO=0.4011  meanSteps=   504.9  copy=0.428  A(t)=48  sim=0.6s
epoch     420  HO=0.3905  meanSteps=   529.1  copy=0.432  A(t)=49  sim=0.6s
epoch     440  HO=0.4089  meanSteps=   540.0  copy=0.435  A(t)=51  sim=0.6s
epoch     460  HO=0.4104  meanSteps=   517.5  copy=0.435  A(t)=51  sim=0.7s
epoch     480  HO=0.4086  meanSteps=   526.8  copy=0.418  A(t)=51  sim=0.7s
epoch     500  HO=0.3927  meanSteps=   503.5  copy=0.412  A(t)=51  sim=0.7s
epoch     520  HO=0.3859  meanSteps=   518.5  copy=0.408  A(t)=52  sim=0.8s
epoch     540  HO=0.3761  meanSteps=   483.3  copy=0.413  A(t)=52  sim=0.8s
epoch     560  HO=0.3805  meanSteps=   495.7  copy=0.421  A(t)=52  sim=0.8s
epoch     580  HO=0.3984  meanSteps=   501.6  copy=0.423  A(t)=52  sim=0.8s
epoch     600  HO=0.4246  meanSteps=   512.8  copy=0.428  A(t)=52  sim=0.8s
epoch     620  HO=0.4194  meanSteps=   525.5  copy=0.430  A(t)=53  sim=0.8s
epoch     640  HO=0.4150  meanSteps=   487.9  copy=0.439  A(t)=56  sim=0.9s
epoch     660  HO=0.4081  meanSteps=   482.4  copy=0.438  A(t)=57  sim=0.9s
epoch     680  HO=0.4060  meanSteps=   493.1  copy=0.445  A(t)=58  sim=0.9s
epoch     700  HO=0.4039  meanSteps=   506.1  copy=0.447  A(t)=58  sim=0.9s
epoch     720  HO=0.3951  meanSteps=   484.8  copy=0.443  A(t)=58  sim=0.9s
epoch     740  HO=0.3831  meanSteps=   492.3  copy=0.429  A(t)=58  sim=1.0s
epoch     760  HO=0.3900  meanSteps=   483.0  copy=0.435  A(t)=58  sim=1.0s
epoch     780  HO=0.3901  meanSteps=   475.8  copy=0.425  A(t)=59  sim=1.0s
epoch     800  HO=0.3802  meanSteps=   442.7  copy=0.415  A(t)=59  sim=1.0s
epoch     820  HO=0.3707  meanSteps=   473.8  copy=0.410  A(t)=59  sim=1.0s
epoch     840  HO=0.3742  meanSteps=   474.0  copy=0.406  A(t)=60  sim=1.0s
epoch     860  HO=0.3688  meanSteps=   487.9  copy=0.406  A(t)=60  sim=1.1s
epoch     880  HO=0.3671  meanSteps=   476.0  copy=0.408  A(t)=60  sim=1.1s
epoch     900  HO=0.3596  meanSteps=   520.9  copy=0.400  A(t)=60  sim=1.1s
epoch     920  HO=0.3515  meanSteps=   497.3  copy=0.394  A(t)=61  sim=1.1s
epoch     940  HO=0.3491  meanSteps=   495.6  copy=0.403  A(t)=62  sim=1.2s
epoch     960  HO=0.3463  meanSteps=   472.8  copy=0.398  A(t)=64  sim=1.2s
epoch     980  HO=0.3453  meanSteps=   510.2  copy=0.398  A(t)=64  sim=1.2s
epoch    1000  HO=0.3368  meanSteps=   503.2  copy=0.395  A(t)=64  sim=1.3s
epoch    1020  HO=0.3295  meanSteps=   494.4  copy=0.401  A(t)=64  sim=1.3s
epoch    1040  HO=0.3207  meanSteps=   486.4  copy=0.402  A(t)=66  sim=1.3s
epoch    1060  HO=0.3198  meanSteps=   479.7  copy=0.408  A(t)=66  sim=1.4s
epoch    1080  HO=0.3104  meanSteps=   503.7  copy=0.419  A(t)=66  sim=1.4s
epoch    1100  HO=0.3157  meanSteps=   483.5  copy=0.431  A(t)=66  sim=1.4s
epoch    1120  HO=0.3457  meanSteps=   502.2  copy=0.424  A(t)=66  sim=1.4s
epoch    1140  HO=0.3624  meanSteps=   503.2  copy=0.426  A(t)=67  sim=1.5s
epoch    1160  HO=0.3716  meanSteps=   485.9  copy=0.432  A(t)=67  sim=1.5s
epoch    1180  HO=0.3618  meanSteps=   477.6  copy=0.433  A(t)=67  sim=1.5s
epoch    1200  HO=0.3547  meanSteps=   482.3  copy=0.429  A(t)=69  sim=1.5s
epoch    1220  HO=0.3676  meanSteps=   514.8  copy=0.430  A(t)=71  sim=1.5s
epoch    1240  HO=0.3938  meanSteps=   515.7  copy=0.437  A(t)=71  sim=1.6s
epoch    1260  HO=0.4063  meanSteps=   517.4  copy=0.452  A(t)=71  sim=1.6s
epoch    1280  HO=0.3970  meanSteps=   520.4  copy=0.449  A(t)=72  sim=1.6s
epoch    1300  HO=0.4246  meanSteps=   493.5  copy=0.451  A(t)=74  sim=1.7s
epoch    1320  HO=0.4388  meanSteps=   495.9  copy=0.458  A(t)=75  sim=1.7s
epoch    1340  HO=0.5027  meanSteps=   510.8  copy=0.459  A(t)=80  sim=1.7s
epoch    1360  HO=0.5053  meanSteps=   509.2  copy=0.472  A(t)=80  sim=1.7s
epoch    1380  HO=0.4965  meanSteps=   521.4  copy=0.481  A(t)=82  sim=1.7s
epoch    1400  HO=0.5175  meanSteps=   524.9  copy=0.479  A(t)=82  sim=1.8s
epoch    1420  HO=0.5103  meanSteps=   483.2  copy=0.481  A(t)=85  sim=1.8s
epoch    1440  HO=0.5280  meanSteps=   473.8  copy=0.489  A(t)=87  sim=1.8s
epoch    1460  HO=0.5545  meanSteps=   471.4  copy=0.496  A(t)=88  sim=1.8s
epoch    1480  HO=0.5544  meanSteps=   479.6  copy=0.499  A(t)=90  sim=1.8s
epoch    1500  HO=0.5402  meanSteps=   479.8  copy=0.498  A(t)=90  sim=1.8s
epoch    1520  HO=0.5572  meanSteps=   458.1  copy=0.505  A(t)=90  sim=1.8s
epoch    1540  HO=0.5390  meanSteps=   455.7  copy=0.493  A(t)=91  sim=1.9s
epoch    1560  HO=0.5358  meanSteps=   445.7  copy=0.497  A(t)=93  sim=1.9s
epoch    1580  HO=0.5256  meanSteps=   458.2  copy=0.489  A(t)=94  sim=1.9s
epoch    1600  HO=0.5131  meanSteps=   477.6  copy=0.491  A(t)=97  sim=1.9s
epoch    1620  HO=0.5132  meanSteps=   485.6  copy=0.478  A(t)=97  sim=2.0s
epoch    1640  HO=0.5299  meanSteps=   482.4  copy=0.474  A(t)=98  sim=2.0s
epoch    1660  HO=0.5332  meanSteps=   509.4  copy=0.482  A(t)=99  sim=2.0s
epoch    1680  HO=0.5446  meanSteps=   498.7  copy=0.478  A(t)=99  sim=2.0s
epoch    1700  HO=0.5835  meanSteps=   501.3  copy=0.502  A(t)=102  sim=2.0s
epoch    1720  HO=0.5768  meanSteps=   483.9  copy=0.513  A(t)=103  sim=2.0s
epoch    1740  HO=0.5748  meanSteps=   498.7  copy=0.529  A(t)=105  sim=2.1s
epoch    1760  HO=0.5753  meanSteps=   506.0  copy=0.536  A(t)=106  sim=2.1s
epoch    1780  HO=0.5845  meanSteps=   494.8  copy=0.540  A(t)=109  sim=2.1s
epoch    1800  HO=0.5766  meanSteps=   478.9  copy=0.537  A(t)=109  sim=2.2s
epoch    1820  HO=0.5878  meanSteps=   499.8  copy=0.539  A(t)=111  sim=2.2s
epoch    1840  HO=0.5874  meanSteps=   481.6  copy=0.521  A(t)=115  sim=2.2s
epoch    1860  HO=0.6000  meanSteps=   502.5  copy=0.516  A(t)=116  sim=2.2s
epoch    1880  HO=0.5967  meanSteps=   477.0  copy=0.520  A(t)=117  sim=2.2s
epoch    1900  HO=0.5995  meanSteps=   498.1  copy=0.524  A(t)=119  sim=2.3s
epoch    1920  HO=0.5983  meanSteps=   493.8  copy=0.528  A(t)=120  sim=2.3s
epoch    1940  HO=0.5995  meanSteps=   483.4  copy=0.529  A(t)=122  sim=2.3s
epoch    1960  HO=0.5907  meanSteps=   504.0  copy=0.538  A(t)=123  sim=2.3s
epoch    1980  HO=0.5927  meanSteps=   488.5  copy=0.553  A(t)=125  sim=2.3s
epoch    2000  HO=0.5960  meanSteps=   490.9  copy=0.562  A(t)=126  sim=2.3s
epoch    2020  HO=0.5820  meanSteps=   500.1  copy=0.557  A(t)=127  sim=2.4s
epoch    2040  HO=0.5692  meanSteps=   487.9  copy=0.556  A(t)=127  sim=2.4s
epoch    2060  HO=0.5624  meanSteps=   502.0  copy=0.564  A(t)=129  sim=2.4s
epoch    2080  HO=0.5528  meanSteps=   522.5  copy=0.579  A(t)=131  sim=2.4s
epoch    2100  HO=0.5456  meanSteps=   528.7  copy=0.575  A(t)=131  sim=2.5s
epoch    2120  HO=0.5688  meanSteps=   521.6  copy=0.571  A(t)=131  sim=2.5s
epoch    2140  HO=0.5622  meanSteps=   513.8  copy=0.579  A(t)=131  sim=2.5s
epoch    2160  HO=0.5603  meanSteps=   513.0  copy=0.584  A(t)=132  sim=2.5s
epoch    2180  HO=0.5636  meanSteps=   490.2  copy=0.591  A(t)=133  sim=2.6s
epoch    2200  HO=0.5733  meanSteps=   490.4  copy=0.589  A(t)=135  sim=2.6s
epoch    2220  HO=0.5615  meanSteps=   490.8  copy=0.601  A(t)=136  sim=2.6s
epoch    2240  HO=0.5689  meanSteps=   485.3  copy=0.609  A(t)=137  sim=2.6s
epoch    2260  HO=0.5658  meanSteps=   494.3  copy=0.627  A(t)=139  sim=2.6s
epoch    2280  HO=0.5566  meanSteps=   502.3  copy=0.622  A(t)=143  sim=2.7s
epoch    2300  HO=0.5680  meanSteps=   514.2  copy=0.636  A(t)=143  sim=2.7s
epoch    2320  HO=0.5597  meanSteps=   468.3  copy=0.648  A(t)=145  sim=2.7s
epoch    2340  HO=0.5566  meanSteps=   482.3  copy=0.666  A(t)=146  sim=2.7s
epoch    2360  HO=0.5453  meanSteps=   451.0  copy=0.674  A(t)=148  sim=2.7s
epoch    2380  HO=0.5405  meanSteps=   461.0  copy=0.677  A(t)=151  sim=2.8s
epoch    2400  HO=0.5431  meanSteps=   458.3  copy=0.676  A(t)=153  sim=2.8s
epoch    2420  HO=0.5378  meanSteps=   444.3  copy=0.690  A(t)=153  sim=2.8s
epoch    2440  HO=0.5359  meanSteps=   454.0  copy=0.696  A(t)=154  sim=2.8s
epoch    2460  HO=0.5314  meanSteps=   472.9  copy=0.698  A(t)=154  sim=2.8s
epoch    2480  HO=0.5286  meanSteps=   468.9  copy=0.696  A(t)=155  sim=2.9s
epoch    2500  HO=0.5174  meanSteps=   437.6  copy=0.710  A(t)=155  sim=2.9s
epoch    2520  HO=0.5147  meanSteps=   453.7  copy=0.703  A(t)=157  sim=2.9s
epoch    2540  HO=0.5043  meanSteps=   434.2  copy=0.710  A(t)=157  sim=2.9s
epoch    2560  HO=0.5103  meanSteps=   422.8  copy=0.722  A(t)=159  sim=2.9s
epoch    2580  HO=0.5152  meanSteps=   445.8  copy=0.727  A(t)=159  sim=2.9s
epoch    2600  HO=0.5266  meanSteps=   462.0  copy=0.727  A(t)=159  sim=3.0s
epoch    2620  HO=0.5110  meanSteps=   467.2  copy=0.724  A(t)=159  sim=3.0s
epoch    2640  HO=0.5406  meanSteps=   449.9  copy=0.725  A(t)=159  sim=3.0s
epoch    2660  HO=0.5304  meanSteps=   449.3  copy=0.724  A(t)=161  sim=3.0s
epoch    2680  HO=0.5184  meanSteps=   440.1  copy=0.714  A(t)=162  sim=3.1s
epoch    2700  HO=0.5192  meanSteps=   419.8  copy=0.708  A(t)=164  sim=3.1s
epoch    2720  HO=0.5083  meanSteps=   434.2  copy=0.695  A(t)=168  sim=3.1s
epoch    2740  HO=0.4976  meanSteps=   418.2  copy=0.697  A(t)=172  sim=3.1s
epoch    2760  HO=0.5111  meanSteps=   452.3  copy=0.700  A(t)=172  sim=3.1s
epoch    2780  HO=0.4885  meanSteps=   424.9  copy=0.697  A(t)=172  sim=3.1s
epoch    2800  HO=0.4792  meanSteps=   437.0  copy=0.700  A(t)=172  sim=3.2s
epoch    2820  HO=0.4748  meanSteps=   452.6  copy=0.709  A(t)=172  sim=3.2s
epoch    2840  HO=0.4714  meanSteps=   458.6  copy=0.705  A(t)=174  sim=3.2s
epoch    2860  HO=0.4829  meanSteps=   468.3  copy=0.709  A(t)=174  sim=3.3s
epoch    2880  HO=0.4685  meanSteps=   478.0  copy=0.703  A(t)=174  sim=3.3s
epoch    2900  HO=0.4532  meanSteps=   468.7  copy=0.716  A(t)=175  sim=3.3s
epoch    2920  HO=0.4412  meanSteps=   513.8  copy=0.718  A(t)=176  sim=3.3s
epoch    2940  HO=0.4403  meanSteps=   512.7  copy=0.718  A(t)=177  sim=3.3s
epoch    2960  HO=0.4298  meanSteps=   538.9  copy=0.700  A(t)=177  sim=3.4s
epoch    2980  HO=0.4217  meanSteps=   525.8  copy=0.709  A(t)=178  sim=3.4s
epoch    3000  HO=0.4268  meanSteps=   546.4  copy=0.721  A(t)=179  sim=3.4s
epoch    3020  HO=0.4144  meanSteps=   541.8  copy=0.735  A(t)=179  sim=3.4s
epoch    3040  HO=0.4322  meanSteps=   557.9  copy=0.737  A(t)=179  sim=3.5s
epoch    3060  HO=0.4330  meanSteps=   558.5  copy=0.734  A(t)=179  sim=3.5s
epoch    3080  HO=0.4176  meanSteps=   579.0  copy=0.733  A(t)=180  sim=3.5s
epoch    3100  HO=0.4120  meanSteps=   580.8  copy=0.733  A(t)=180  sim=3.5s
epoch    3120  HO=0.4192  meanSteps=   583.9  copy=0.739  A(t)=181  sim=3.6s
epoch    3140  HO=0.4189  meanSteps=   562.4  copy=0.739  A(t)=181  sim=3.6s
epoch    3160  HO=0.4471  meanSteps=   562.5  copy=0.749  A(t)=181  sim=3.6s
epoch    3180  HO=0.4276  meanSteps=   541.1  copy=0.756  A(t)=181  sim=3.7s
epoch    3200  HO=0.4537  meanSteps=   586.0  copy=0.774  A(t)=182  sim=3.7s
epoch    3220  HO=0.4563  meanSteps=   598.9  copy=0.779  A(t)=182  sim=3.7s
epoch    3240  HO=0.4570  meanSteps=   578.0  copy=0.778  A(t)=183  sim=3.8s
epoch    3260  HO=0.4400  meanSteps=   559.8  copy=0.782  A(t)=184  sim=3.8s
epoch    3280  HO=0.4500  meanSteps=   570.6  copy=0.773  A(t)=185  sim=3.8s
epoch    3300  HO=0.4418  meanSteps=   543.3  copy=0.774  A(t)=186  sim=3.8s
epoch    3320  HO=0.4288  meanSteps=   564.5  copy=0.788  A(t)=186  sim=3.8s
epoch    3340  HO=0.4386  meanSteps=   566.7  copy=0.781  A(t)=187  sim=3.9s
epoch    3360  HO=0.4383  meanSteps=   575.1  copy=0.775  A(t)=187  sim=3.9s
epoch    3380  HO=0.4248  meanSteps=   588.6  copy=0.781  A(t)=187  sim=3.9s
epoch    3400  HO=0.4068  meanSteps=   589.6  copy=0.790  A(t)=187  sim=3.9s
epoch    3420  HO=0.4116  meanSteps=   585.9  copy=0.795  A(t)=193  sim=3.9s
epoch    3440  HO=0.4241  meanSteps=   591.1  copy=0.787  A(t)=195  sim=4.0s
epoch    3460  HO=0.4208  meanSteps=   588.3  copy=0.785  A(t)=195  sim=4.0s
epoch    3480  HO=0.4083  meanSteps=   620.7  copy=0.781  A(t)=195  sim=4.0s
epoch    3500  HO=0.4093  meanSteps=   612.0  copy=0.775  A(t)=195  sim=4.0s
epoch    3520  HO=0.4059  meanSteps=   583.0  copy=0.775  A(t)=195  sim=4.1s
epoch    3540  HO=0.3939  meanSteps=   559.5  copy=0.769  A(t)=195  sim=4.1s
epoch    3560  HO=0.3913  meanSteps=   559.6  copy=0.768  A(t)=195  sim=4.1s
epoch    3580  HO=0.3789  meanSteps=   557.5  copy=0.763  A(t)=196  sim=4.1s
epoch    3600  HO=0.3685  meanSteps=   560.0  copy=0.764  A(t)=196  sim=4.2s
epoch    3620  HO=0.3631  meanSteps=   552.8  copy=0.762  A(t)=196  sim=4.2s
epoch    3640  HO=0.3596  meanSteps=   546.0  copy=0.768  A(t)=198  sim=4.2s
epoch    3660  HO=0.3716  meanSteps=   518.8  copy=0.772  A(t)=199  sim=4.2s
epoch    3680  HO=0.3641  meanSteps=   537.4  copy=0.771  A(t)=199  sim=4.3s
epoch    3700  HO=0.3565  meanSteps=   527.0  copy=0.770  A(t)=199  sim=4.3s
epoch    3720  HO=0.3684  meanSteps=   514.1  copy=0.774  A(t)=199  sim=4.3s
epoch    3740  HO=0.3738  meanSteps=   508.2  copy=0.782  A(t)=199  sim=4.3s
epoch    3760  HO=0.3613  meanSteps=   506.6  copy=0.779  A(t)=199  sim=4.3s
epoch    3780  HO=0.3471  meanSteps=   521.7  copy=0.779  A(t)=199  sim=4.3s
epoch    3800  HO=0.3364  meanSteps=   518.4  copy=0.774  A(t)=199  sim=4.4s
epoch    3820  HO=0.3284  meanSteps=   506.4  copy=0.759  A(t)=199  sim=4.4s
epoch    3840  HO=0.3166  meanSteps=   502.9  copy=0.764  A(t)=199  sim=4.5s
epoch    3860  HO=0.3073  meanSteps=   490.3  copy=0.759  A(t)=199  sim=4.5s
epoch    3880  HO=0.2962  meanSteps=   496.4  copy=0.757  A(t)=199  sim=4.5s
epoch    3900  HO=0.2802  meanSteps=   501.6  copy=0.755  A(t)=199  sim=4.5s
epoch    3920  HO=0.2845  meanSteps=   499.9  copy=0.759  A(t)=199  sim=4.6s
epoch    3940  HO=0.2767  meanSteps=   500.5  copy=0.759  A(t)=199  sim=4.6s
epoch    3960  HO=0.2737  meanSteps=   512.9  copy=0.770  A(t)=199  sim=4.6s
epoch    3980  HO=0.2794  meanSteps=   517.4  copy=0.762  A(t)=199  sim=4.6s
epoch    4000  HO=0.2764  meanSteps=   537.2  copy=0.754  A(t)=199  sim=4.7s
epoch    4020  HO=0.2860  meanSteps=   536.2  copy=0.745  A(t)=199  sim=4.7s
epoch    4040  HO=0.2922  meanSteps=   541.9  copy=0.746  A(t)=199  sim=4.7s
epoch    4060  HO=0.2879  meanSteps=   534.8  copy=0.745  A(t)=199  sim=4.8s
epoch    4080  HO=0.2830  meanSteps=   555.9  copy=0.740  A(t)=201  sim=4.8s
epoch    4100  HO=0.2877  meanSteps=   540.3  copy=0.747  A(t)=202  sim=4.8s
epoch    4120  HO=0.2786  meanSteps=   536.7  copy=0.752  A(t)=203  sim=4.8s
epoch    4140  HO=0.2745  meanSteps=   562.4  copy=0.753  A(t)=203  sim=4.8s
epoch    4160  HO=0.2700  meanSteps=   542.3  copy=0.755  A(t)=203  sim=4.9s
epoch    4180  HO=0.2699  meanSteps=   522.4  copy=0.763  A(t)=203  sim=4.9s
epoch    4200  HO=0.2592  meanSteps=   499.1  copy=0.767  A(t)=203  sim=4.9s
epoch    4220  HO=0.2487  meanSteps=   509.5  copy=0.772  A(t)=203  sim=5.0s
epoch    4240  HO=0.2399  meanSteps=   495.8  copy=0.764  A(t)=203  sim=5.0s
epoch    4260  HO=0.2377  meanSteps=   503.5  copy=0.770  A(t)=203  sim=5.0s
epoch    4280  HO=0.2236  meanSteps=   494.0  copy=0.772  A(t)=203  sim=5.1s
epoch    4300  HO=0.2227  meanSteps=   479.9  copy=0.771  A(t)=203  sim=5.1s
epoch    4320  HO=0.2197  meanSteps=   491.5  copy=0.777  A(t)=203  sim=5.1s
epoch    4340  HO=0.2219  meanSteps=   484.1  copy=0.767  A(t)=205  sim=5.2s
epoch    4360  HO=0.2239  meanSteps=   480.9  copy=0.768  A(t)=205  sim=5.2s
epoch    4380  HO=0.2191  meanSteps=   482.2  copy=0.768  A(t)=205  sim=5.2s
epoch    4400  HO=0.2224  meanSteps=   499.7  copy=0.772  A(t)=205  sim=5.3s
epoch    4420  HO=0.2221  meanSteps=   531.8  copy=0.780  A(t)=205  sim=5.3s
epoch    4440  HO=0.2145  meanSteps=   534.4  copy=0.781  A(t)=205  sim=5.4s
epoch    4460  HO=0.2368  meanSteps=   527.1  copy=0.781  A(t)=206  sim=5.4s
epoch    4480  HO=0.2557  meanSteps=   507.8  copy=0.785  A(t)=207  sim=5.4s
epoch    4500  HO=0.2465  meanSteps=   489.4  copy=0.786  A(t)=208  sim=5.5s
epoch    4520  HO=0.2554  meanSteps=   492.5  copy=0.785  A(t)=208  sim=5.5s
epoch    4540  HO=0.2454  meanSteps=   483.6  copy=0.787  A(t)=209  sim=5.5s
epoch    4560  HO=0.2376  meanSteps=   486.9  copy=0.781  A(t)=209  sim=5.6s
epoch    4580  HO=0.2305  meanSteps=   501.5  copy=0.781  A(t)=209  sim=5.6s
epoch    4600  HO=0.2219  meanSteps=   483.9  copy=0.785  A(t)=209  sim=5.6s
epoch    4620  HO=0.2273  meanSteps=   477.0  copy=0.782  A(t)=209  sim=5.7s
epoch    4640  HO=0.2153  meanSteps=   504.9  copy=0.772  A(t)=209  sim=5.7s
epoch    4660  HO=0.2375  meanSteps=   515.2  copy=0.778  A(t)=209  sim=5.7s
epoch    4680  HO=0.2319  meanSteps=   512.9  copy=0.770  A(t)=209  sim=5.7s
epoch    4700  HO=0.2309  meanSteps=   508.4  copy=0.777  A(t)=210  sim=5.8s
epoch    4720  HO=0.2486  meanSteps=   509.0  copy=0.775  A(t)=210  sim=5.8s
epoch    4740  HO=0.2418  meanSteps=   498.1  copy=0.781  A(t)=210  sim=5.8s
epoch    4760  HO=0.2388  meanSteps=   498.2  copy=0.786  A(t)=210  sim=5.8s
epoch    4780  HO=0.2369  meanSteps=   485.6  copy=0.790  A(t)=211  sim=5.9s
epoch    4800  HO=0.2438  meanSteps=   486.1  copy=0.796  A(t)=211  sim=5.9s
epoch    4820  HO=0.2466  meanSteps=   508.4  copy=0.794  A(t)=211  sim=5.9s
epoch    4840  HO=0.2490  meanSteps=   495.3  copy=0.783  A(t)=211  sim=5.9s
epoch    4860  HO=0.2610  meanSteps=   538.5  copy=0.788  A(t)=211  sim=5.9s
epoch    4880  HO=0.2663  meanSteps=   526.6  copy=0.797  A(t)=211  sim=6.0s
epoch    4900  HO=0.2622  meanSteps=   524.7  copy=0.808  A(t)=212  sim=6.0s
epoch    4920  HO=0.2702  meanSteps=   538.5  copy=0.804  A(t)=212  sim=6.0s
epoch    4940  HO=0.2692  meanSteps=   519.4  copy=0.801  A(t)=212  sim=6.0s
epoch    4960  HO=0.2719  meanSteps=   534.0  copy=0.806  A(t)=212  sim=6.1s
epoch    4980  HO=0.2677  meanSteps=   529.4  copy=0.801  A(t)=212  sim=6.1s
epoch    5000  HO=0.2697  meanSteps=   541.4  copy=0.815  A(t)=212  sim=6.1s
epoch    5020  HO=0.2706  meanSteps=   532.2  copy=0.809  A(t)=213  sim=6.1s
epoch    5040  HO=0.2703  meanSteps=   551.1  copy=0.813  A(t)=213  sim=6.1s
epoch    5060  HO=0.2651  meanSteps=   552.2  copy=0.815  A(t)=213  sim=6.2s
epoch    5080  HO=0.2550  meanSteps=   554.0  copy=0.819  A(t)=213  sim=6.2s
epoch    5100  HO=0.2395  meanSteps=   543.9  copy=0.821  A(t)=214  sim=6.2s
epoch    5120  HO=0.2310  meanSteps=   545.8  copy=0.824  A(t)=215  sim=6.3s
epoch    5140  HO=0.2337  meanSteps=   577.8  copy=0.826  A(t)=215  sim=6.3s
epoch    5160  HO=0.2376  meanSteps=   557.4  copy=0.816  A(t)=215  sim=6.3s
epoch    5180  HO=0.2247  meanSteps=   565.9  copy=0.806  A(t)=215  sim=6.3s
epoch    5200  HO=0.2254  meanSteps=   559.0  copy=0.809  A(t)=215  sim=6.4s
epoch    5220  HO=0.2316  meanSteps=   548.4  copy=0.808  A(t)=215  sim=6.4s
epoch    5240  HO=0.2430  meanSteps=   536.8  copy=0.811  A(t)=215  sim=6.4s
epoch    5260  HO=0.2452  meanSteps=   573.5  copy=0.804  A(t)=216  sim=6.4s
epoch    5280  HO=0.2558  meanSteps=   607.0  copy=0.813  A(t)=217  sim=6.5s
epoch    5300  HO=0.2643  meanSteps=   602.9  copy=0.816  A(t)=217  sim=6.5s
epoch    5320  HO=0.2618  meanSteps=   581.8  copy=0.818  A(t)=218  sim=6.5s
epoch    5340  HO=0.2636  meanSteps=   578.6  copy=0.817  A(t)=218  sim=6.5s
epoch    5360  HO=0.2640  meanSteps=   590.9  copy=0.817  A(t)=222  sim=6.6s
epoch    5380  HO=0.2671  meanSteps=   599.1  copy=0.822  A(t)=224  sim=6.6s
epoch    5400  HO=0.2722  meanSteps=   612.5  copy=0.821  A(t)=225  sim=6.6s
epoch    5420  HO=0.2784  meanSteps=   581.4  copy=0.811  A(t)=225  sim=6.7s
epoch    5440  HO=0.2706  meanSteps=   583.3  copy=0.819  A(t)=225  sim=6.7s
epoch    5460  HO=0.2580  meanSteps=   594.0  copy=0.820  A(t)=226  sim=6.7s
epoch    5480  HO=0.2700  meanSteps=   603.9  copy=0.824  A(t)=226  sim=6.7s
epoch    5500  HO=0.2928  meanSteps=   617.2  copy=0.825  A(t)=226  sim=6.7s
epoch    5520  HO=0.2965  meanSteps=   605.9  copy=0.823  A(t)=226  sim=6.8s
epoch    5540  HO=0.3220  meanSteps=   610.6  copy=0.822  A(t)=226  sim=6.8s
epoch    5560  HO=0.3065  meanSteps=   618.6  copy=0.821  A(t)=226  sim=6.8s
epoch    5580  HO=0.3305  meanSteps=   625.0  copy=0.821  A(t)=226  sim=6.9s
epoch    5600  HO=0.3222  meanSteps=   647.5  copy=0.825  A(t)=226  sim=6.9s
epoch    5620  HO=0.3455  meanSteps=   665.1  copy=0.842  A(t)=227  sim=6.9s
epoch    5640  HO=0.3670  meanSteps=   639.6  copy=0.845  A(t)=227  sim=7.0s
epoch    5660  HO=0.3674  meanSteps=   636.5  copy=0.845  A(t)=227  sim=7.0s
epoch    5680  HO=0.3726  meanSteps=   635.1  copy=0.850  A(t)=227  sim=7.0s
epoch    5700  HO=0.3732  meanSteps=   653.3  copy=0.845  A(t)=228  sim=7.0s
epoch    5720  HO=0.3810  meanSteps=   679.8  copy=0.842  A(t)=232  sim=7.0s
epoch    5740  HO=0.4144  meanSteps=   671.9  copy=0.855  A(t)=232  sim=7.1s
epoch    5760  HO=0.4154  meanSteps=   680.5  copy=0.860  A(t)=233  sim=7.1s
epoch    5780  HO=0.4007  meanSteps=   677.7  copy=0.855  A(t)=233  sim=7.2s
epoch    5800  HO=0.4111  meanSteps=   706.1  copy=0.859  A(t)=233  sim=7.2s
epoch    5820  HO=0.4139  meanSteps=   727.5  copy=0.851  A(t)=234  sim=7.2s
epoch    5840  HO=0.4042  meanSteps=   722.4  copy=0.843  A(t)=234  sim=7.2s
epoch    5860  HO=0.3980  meanSteps=   768.2  copy=0.843  A(t)=234  sim=7.3s
epoch    5880  HO=0.3914  meanSteps=   774.1  copy=0.840  A(t)=238  sim=7.3s
epoch    5900  HO=0.3874  meanSteps=   744.8  copy=0.842  A(t)=239  sim=7.3s
epoch    5920  HO=0.3777  meanSteps=   756.8  copy=0.840  A(t)=239  sim=7.3s
epoch    5940  HO=0.3800  meanSteps=   771.5  copy=0.852  A(t)=239  sim=7.4s
epoch    5960  HO=0.3939  meanSteps=   785.1  copy=0.864  A(t)=243  sim=7.4s
epoch    5980  HO=0.3849  meanSteps=   794.0  copy=0.872  A(t)=243  sim=7.4s
epoch    6000  HO=0.3696  meanSteps=   818.2  copy=0.869  A(t)=244  sim=7.4s
epoch    6020  HO=0.3736  meanSteps=   878.2  copy=0.868  A(t)=244  sim=7.5s
epoch    6040  HO=0.3775  meanSteps=   860.6  copy=0.871  A(t)=245  sim=7.5s
epoch    6060  HO=0.3617  meanSteps=   826.8  copy=0.866  A(t)=246  sim=7.5s
epoch    6080  HO=0.3394  meanSteps=   833.6  copy=0.871  A(t)=246  sim=7.6s
epoch    6100  HO=0.3566  meanSteps=   840.9  copy=0.867  A(t)=247  sim=7.6s
epoch    6120  HO=0.3687  meanSteps=   851.8  copy=0.874  A(t)=247  sim=7.6s
epoch    6140  HO=0.3603  meanSteps=   818.9  copy=0.870  A(t)=247  sim=7.7s
epoch    6160  HO=0.3486  meanSteps=   825.1  copy=0.873  A(t)=247  sim=7.7s
epoch    6180  HO=0.3461  meanSteps=   828.8  copy=0.875  A(t)=247  sim=7.8s
epoch    6200  HO=0.3559  meanSteps=   798.5  copy=0.872  A(t)=247  sim=7.8s
epoch    6220  HO=0.3347  meanSteps=   779.4  copy=0.877  A(t)=247  sim=7.9s
epoch    6240  HO=0.3451  meanSteps=   752.4  copy=0.877  A(t)=247  sim=7.9s
epoch    6260  HO=0.3370  meanSteps=   756.6  copy=0.884  A(t)=248  sim=7.9s
epoch    6280  HO=0.3313  meanSteps=   753.9  copy=0.887  A(t)=249  sim=8.0s
epoch    6300  HO=0.3252  meanSteps=   749.4  copy=0.891  A(t)=249  sim=8.0s
epoch    6320  HO=0.3177  meanSteps=   736.2  copy=0.892  A(t)=250  sim=8.0s
epoch    6340  HO=0.3169  meanSteps=   716.6  copy=0.888  A(t)=250  sim=8.0s
epoch    6360  HO=0.3098  meanSteps=   724.9  copy=0.889  A(t)=250  sim=8.1s
epoch    6380  HO=0.2986  meanSteps=   684.8  copy=0.885  A(t)=251  sim=8.1s
epoch    6400  HO=0.3247  meanSteps=   711.6  copy=0.885  A(t)=251  sim=8.1s
epoch    6420  HO=0.3200  meanSteps=   697.6  copy=0.888  A(t)=251  sim=8.2s
epoch    6440  HO=0.3189  meanSteps=   688.4  copy=0.886  A(t)=252  sim=8.2s
epoch    6460  HO=0.3103  meanSteps=   710.3  copy=0.885  A(t)=252  sim=8.3s
epoch    6480  HO=0.3076  meanSteps=   717.2  copy=0.882  A(t)=252  sim=8.3s
epoch    6500  HO=0.3142  meanSteps=   696.4  copy=0.889  A(t)=252  sim=8.4s
epoch    6520  HO=0.3256  meanSteps=   686.0  copy=0.887  A(t)=255  sim=8.4s
epoch    6540  HO=0.2992  meanSteps=   700.1  copy=0.892  A(t)=255  sim=8.5s
epoch    6560  HO=0.3116  meanSteps=   721.1  copy=0.899  A(t)=255  sim=8.5s
epoch    6580  HO=0.3129  meanSteps=   757.4  copy=0.887  A(t)=256  sim=8.5s
epoch    6600  HO=0.2952  meanSteps=   736.6  copy=0.895  A(t)=257  sim=8.5s
epoch    6620  HO=0.2982  meanSteps=   748.1  copy=0.892  A(t)=257  sim=8.6s
epoch    6640  HO=0.3178  meanSteps=   749.8  copy=0.888  A(t)=259  sim=8.6s
epoch    6660  HO=0.3063  meanSteps=   743.5  copy=0.888  A(t)=259  sim=8.6s
epoch    6680  HO=0.3013  meanSteps=   727.1  copy=0.888  A(t)=259  sim=8.7s
epoch    6700  HO=0.3092  meanSteps=   718.7  copy=0.894  A(t)=262  sim=8.7s
epoch    6720  HO=0.3097  meanSteps=   722.8  copy=0.903  A(t)=264  sim=8.8s
epoch    6740  HO=0.3296  meanSteps=   724.0  copy=0.898  A(t)=268  sim=8.8s
epoch    6760  HO=0.3195  meanSteps=   744.4  copy=0.894  A(t)=268  sim=8.8s
epoch    6780  HO=0.3187  meanSteps=   713.1  copy=0.898  A(t)=271  sim=8.8s
epoch    6800  HO=0.3212  meanSteps=   771.1  copy=0.900  A(t)=271  sim=8.9s
epoch    6820  HO=0.3173  meanSteps=   777.9  copy=0.898  A(t)=272  sim=8.9s
epoch    6840  HO=0.3060  meanSteps=   758.6  copy=0.894  A(t)=272  sim=9.0s
epoch    6860  HO=0.2941  meanSteps=   747.0  copy=0.888  A(t)=272  sim=9.0s
epoch    6880  HO=0.2795  meanSteps=   746.5  copy=0.887  A(t)=272  sim=9.0s
epoch    6900  HO=0.2806  meanSteps=   761.8  copy=0.879  A(t)=272  sim=9.1s
epoch    6920  HO=0.2716  meanSteps=   759.2  copy=0.877  A(t)=273  sim=9.1s
epoch    6940  HO=0.2765  meanSteps=   749.4  copy=0.875  A(t)=276  sim=9.1s
epoch    6960  HO=0.2662  meanSteps=   743.9  copy=0.887  A(t)=276  sim=9.2s
epoch    6980  HO=0.2813  meanSteps=   709.5  copy=0.890  A(t)=276  sim=9.2s
epoch    7000  HO=0.3032  meanSteps=   699.0  copy=0.892  A(t)=276  sim=9.2s
epoch    7020  HO=0.3008  meanSteps=   712.3  copy=0.897  A(t)=276  sim=9.2s
epoch    7040  HO=0.3030  meanSteps=   728.0  copy=0.892  A(t)=276  sim=9.3s
epoch    7060  HO=0.2876  meanSteps=   705.7  copy=0.887  A(t)=276  sim=9.3s
epoch    7080  HO=0.2788  meanSteps=   705.0  copy=0.882  A(t)=276  sim=9.3s
epoch    7100  HO=0.2846  meanSteps=   711.1  copy=0.870  A(t)=276  sim=9.4s
epoch    7120  HO=0.2878  meanSteps=   732.1  copy=0.856  A(t)=276  sim=9.4s
epoch    7140  HO=0.2807  meanSteps=   755.9  copy=0.855  A(t)=276  sim=9.4s
epoch    7160  HO=0.2897  meanSteps=   754.0  copy=0.841  A(t)=276  sim=9.4s
epoch    7180  HO=0.2942  meanSteps=   771.2  copy=0.844  A(t)=276  sim=9.5s
epoch    7200  HO=0.2999  meanSteps=   775.7  copy=0.848  A(t)=276  sim=9.5s
epoch    7220  HO=0.3028  meanSteps=   752.5  copy=0.856  A(t)=276  sim=9.5s
epoch    7240  HO=0.2861  meanSteps=   721.4  copy=0.857  A(t)=277  sim=9.6s
epoch    7260  HO=0.2858  meanSteps=   726.8  copy=0.854  A(t)=279  sim=9.6s
epoch    7280  HO=0.3080  meanSteps=   704.9  copy=0.855  A(t)=279  sim=9.6s
epoch    7300  HO=0.3075  meanSteps=   693.6  copy=0.855  A(t)=279  sim=9.6s
epoch    7320  HO=0.2981  meanSteps=   686.8  copy=0.866  A(t)=279  sim=9.7s
epoch    7340  HO=0.3004  meanSteps=   658.0  copy=0.865  A(t)=279  sim=9.7s
epoch    7360  HO=0.2778  meanSteps=   685.6  copy=0.865  A(t)=279  sim=9.7s
epoch    7380  HO=0.2796  meanSteps=   675.5  copy=0.857  A(t)=281  sim=9.8s
epoch    7400  HO=0.2776  meanSteps=   661.1  copy=0.855  A(t)=283  sim=9.8s
epoch    7420  HO=0.2714  meanSteps=   658.6  copy=0.858  A(t)=284  sim=9.8s
epoch    7440  HO=0.2850  meanSteps=   685.0  copy=0.864  A(t)=284  sim=9.8s
epoch    7460  HO=0.2775  meanSteps=   669.5  copy=0.866  A(t)=285  sim=9.9s
epoch    7480  HO=0.2934  meanSteps=   672.0  copy=0.873  A(t)=285  sim=9.9s
epoch    7500  HO=0.2814  meanSteps=   668.1  copy=0.874  A(t)=286  sim=9.9s
epoch    7520  HO=0.2865  meanSteps=   668.1  copy=0.875  A(t)=286  sim=9.9s
epoch    7540  HO=0.2857  meanSteps=   673.1  copy=0.880  A(t)=286  sim=10.0s
epoch    7560  HO=0.2748  meanSteps=   676.2  copy=0.871  A(t)=287  sim=10.0s
epoch    7580  HO=0.2778  meanSteps=   700.8  copy=0.868  A(t)=287  sim=10.0s
epoch    7600  HO=0.2991  meanSteps=   683.7  copy=0.864  A(t)=288  sim=10.1s
epoch    7620  HO=0.3049  meanSteps=   684.3  copy=0.862  A(t)=288  sim=10.1s
epoch    7640  HO=0.3022  meanSteps=   682.3  copy=0.860  A(t)=288  sim=10.1s
epoch    7660  HO=0.3118  meanSteps=   702.1  copy=0.857  A(t)=288  sim=10.2s
epoch    7680  HO=0.3137  meanSteps=   721.0  copy=0.856  A(t)=288  sim=10.2s
epoch    7700  HO=0.3134  meanSteps=   722.2  copy=0.858  A(t)=288  sim=10.2s
epoch    7720  HO=0.3037  meanSteps=   733.3  copy=0.865  A(t)=288  sim=10.2s
epoch    7740  HO=0.2946  meanSteps=   716.4  copy=0.851  A(t)=288  sim=10.2s
epoch    7760  HO=0.3068  meanSteps=   733.7  copy=0.848  A(t)=289  sim=10.3s
epoch    7780  HO=0.3151  meanSteps=   708.5  copy=0.845  A(t)=289  sim=10.3s
epoch    7800  HO=0.3150  meanSteps=   657.0  copy=0.848  A(t)=289  sim=10.4s
epoch    7820  HO=0.3108  meanSteps=   642.4  copy=0.851  A(t)=289  sim=10.4s
epoch    7840  HO=0.3212  meanSteps=   680.3  copy=0.846  A(t)=289  sim=10.4s
epoch    7860  HO=0.3517  meanSteps=   683.4  copy=0.836  A(t)=289  sim=10.4s
epoch    7880  HO=0.3516  meanSteps=   719.0  copy=0.841  A(t)=289  sim=10.4s
epoch    7900  HO=0.3554  meanSteps=   718.9  copy=0.838  A(t)=289  sim=10.5s
epoch    7920  HO=0.3700  meanSteps=   741.0  copy=0.842  A(t)=289  sim=10.5s
epoch    7940  HO=0.3920  meanSteps=   747.8  copy=0.847  A(t)=290  sim=10.5s
epoch    7960  HO=0.4011  meanSteps=   739.5  copy=0.842  A(t)=292  sim=10.5s
epoch    7980  HO=0.4009  meanSteps=   755.6  copy=0.845  A(t)=293  sim=10.6s
epoch    8000  HO=0.3922  meanSteps=   739.5  copy=0.830  A(t)=294  sim=10.6s
epoch    8020  HO=0.4088  meanSteps=   765.1  copy=0.833  A(t)=295  sim=10.7s
epoch    8040  HO=0.4189  meanSteps=   779.7  copy=0.838  A(t)=298  sim=10.7s
epoch    8060  HO=0.4322  meanSteps=   799.8  copy=0.848  A(t)=300  sim=10.7s
epoch    8080  HO=0.4252  meanSteps=   792.2  copy=0.851  A(t)=300  sim=10.8s
epoch    8100  HO=0.4368  meanSteps=   775.4  copy=0.868  A(t)=300  sim=10.8s
epoch    8120  HO=0.4477  meanSteps=   784.6  copy=0.871  A(t)=301  sim=10.8s
epoch    8140  HO=0.4402  meanSteps=   796.8  copy=0.857  A(t)=302  sim=10.9s
epoch    8160  HO=0.4362  meanSteps=   809.9  copy=0.859  A(t)=305  sim=10.9s
epoch    8180  HO=0.4731  meanSteps=   826.7  copy=0.854  A(t)=306  sim=11.0s
epoch    8200  HO=0.4682  meanSteps=   850.2  copy=0.853  A(t)=306  sim=11.0s
epoch    8220  HO=0.4759  meanSteps=   870.0  copy=0.854  A(t)=306  sim=11.1s
epoch    8240  HO=0.4929  meanSteps=   875.5  copy=0.861  A(t)=306  sim=11.1s
epoch    8260  HO=0.4811  meanSteps=   851.4  copy=0.860  A(t)=308  sim=11.2s
epoch    8280  HO=0.4700  meanSteps=   833.1  copy=0.859  A(t)=309  sim=11.3s
epoch    8300  HO=0.4849  meanSteps=   856.1  copy=0.853  A(t)=310  sim=11.3s
epoch    8320  HO=0.4799  meanSteps=   846.6  copy=0.858  A(t)=310  sim=11.4s
epoch    8340  HO=0.4715  meanSteps=   871.3  copy=0.854  A(t)=310  sim=11.4s
epoch    8360  HO=0.4980  meanSteps=   898.8  copy=0.856  A(t)=311  sim=11.5s
epoch    8380  HO=0.5079  meanSteps=   869.9  copy=0.856  A(t)=312  sim=11.5s
epoch    8400  HO=0.5364  meanSteps=   853.2  copy=0.852  A(t)=313  sim=11.6s
epoch    8420  HO=0.5381  meanSteps=   861.9  copy=0.845  A(t)=313  sim=11.6s
epoch    8440  HO=0.5284  meanSteps=   852.4  copy=0.850  A(t)=315  sim=11.7s
epoch    8460  HO=0.5310  meanSteps=   834.5  copy=0.850  A(t)=318  sim=11.7s
epoch    8480  HO=0.5174  meanSteps=   823.6  copy=0.859  A(t)=318  sim=11.8s
epoch    8500  HO=0.5328  meanSteps=   846.6  copy=0.859  A(t)=320  sim=11.8s
epoch    8520  HO=0.5377  meanSteps=   826.0  copy=0.865  A(t)=320  sim=11.9s
epoch    8540  HO=0.5313  meanSteps=   820.3  copy=0.871  A(t)=320  sim=11.9s
epoch    8560  HO=0.5100  meanSteps=   808.9  copy=0.866  A(t)=321  sim=11.9s
epoch    8580  HO=0.5171  meanSteps=   829.4  copy=0.865  A(t)=322  sim=11.9s
epoch    8600  HO=0.5205  meanSteps=   789.3  copy=0.865  A(t)=322  sim=12.0s
epoch    8620  HO=0.5040  meanSteps=   752.3  copy=0.859  A(t)=322  sim=12.0s
epoch    8640  HO=0.4941  meanSteps=   706.6  copy=0.864  A(t)=322  sim=12.1s
epoch    8660  HO=0.5117  meanSteps=   693.5  copy=0.865  A(t)=323  sim=12.1s
epoch    8680  HO=0.5055  meanSteps=   680.0  copy=0.867  A(t)=323  sim=12.2s
epoch    8700  HO=0.5172  meanSteps=   684.3  copy=0.864  A(t)=323  sim=12.2s
epoch    8720  HO=0.5197  meanSteps=   691.5  copy=0.868  A(t)=323  sim=12.2s
epoch    8740  HO=0.5248  meanSteps=   642.2  copy=0.864  A(t)=323  sim=12.2s
epoch    8760  HO=0.5303  meanSteps=   695.0  copy=0.870  A(t)=323  sim=12.2s
epoch    8780  HO=0.5191  meanSteps=   693.6  copy=0.865  A(t)=323  sim=12.3s
epoch    8800  HO=0.5077  meanSteps=   695.5  copy=0.875  A(t)=323  sim=12.3s
epoch    8820  HO=0.5085  meanSteps=   709.9  copy=0.874  A(t)=323  sim=12.4s
epoch    8840  HO=0.5059  meanSteps=   721.8  copy=0.863  A(t)=324  sim=12.4s
epoch    8860  HO=0.4925  meanSteps=   705.5  copy=0.852  A(t)=324  sim=12.5s
epoch    8880  HO=0.4769  meanSteps=   745.8  copy=0.857  A(t)=326  sim=12.5s
epoch    8900  HO=0.4912  meanSteps=   731.7  copy=0.850  A(t)=326  sim=12.6s
epoch    8920  HO=0.4790  meanSteps=   726.8  copy=0.852  A(t)=326  sim=12.6s
epoch    8940  HO=0.4789  meanSteps=   697.9  copy=0.856  A(t)=326  sim=12.6s
epoch    8960  HO=0.4936  meanSteps=   698.4  copy=0.862  A(t)=328  sim=12.7s
epoch    8980  HO=0.4920  meanSteps=   688.0  copy=0.866  A(t)=329  sim=12.7s
epoch    9000  HO=0.4842  meanSteps=   674.7  copy=0.867  A(t)=331  sim=12.8s
epoch    9020  HO=0.4867  meanSteps=   643.0  copy=0.871  A(t)=331  sim=12.8s
epoch    9040  HO=0.4776  meanSteps=   636.5  copy=0.875  A(t)=331  sim=12.9s
epoch    9060  HO=0.4743  meanSteps=   646.1  copy=0.876  A(t)=332  sim=12.9s
epoch    9080  HO=0.4617  meanSteps=   671.9  copy=0.880  A(t)=332  sim=13.0s
epoch    9100  HO=0.4778  meanSteps=   660.5  copy=0.897  A(t)=333  sim=13.0s
epoch    9120  HO=0.4567  meanSteps=   650.3  copy=0.903  A(t)=333  sim=13.0s
epoch    9140  HO=0.4345  meanSteps=   632.8  copy=0.905  A(t)=333  sim=13.1s
epoch    9160  HO=0.4286  meanSteps=   632.9  copy=0.912  A(t)=333  sim=13.1s
epoch    9180  HO=0.4325  meanSteps=   639.6  copy=0.914  A(t)=335  sim=13.2s
epoch    9200  HO=0.4201  meanSteps=   646.5  copy=0.914  A(t)=335  sim=13.2s
epoch    9220  HO=0.4100  meanSteps=   648.0  copy=0.911  A(t)=335  sim=13.3s
epoch    9240  HO=0.4078  meanSteps=   658.4  copy=0.905  A(t)=335  sim=13.3s
epoch    9260  HO=0.4000  meanSteps=   648.1  copy=0.910  A(t)=335  sim=13.4s
epoch    9280  HO=0.3930  meanSteps=   651.8  copy=0.914  A(t)=335  sim=13.4s
epoch    9300  HO=0.3886  meanSteps=   678.9  copy=0.912  A(t)=335  sim=13.4s
epoch    9320  HO=0.4384  meanSteps=   676.8  copy=0.918  A(t)=335  sim=13.5s
epoch    9340  HO=0.4302  meanSteps=   624.6  copy=0.919  A(t)=335  sim=13.5s
epoch    9360  HO=0.3924  meanSteps=   643.7  copy=0.916  A(t)=335  sim=13.6s
epoch    9380  HO=0.3795  meanSteps=   681.5  copy=0.913  A(t)=335  sim=13.6s
epoch    9400  HO=0.3636  meanSteps=   700.1  copy=0.907  A(t)=337  sim=13.7s
epoch    9420  HO=0.3513  meanSteps=   729.4  copy=0.898  A(t)=337  sim=13.7s
epoch    9440  HO=0.3496  meanSteps=   729.5  copy=0.893  A(t)=337  sim=13.8s
epoch    9460  HO=0.3351  meanSteps=   716.3  copy=0.894  A(t)=337  sim=13.8s
epoch    9480  HO=0.3215  meanSteps=   723.3  copy=0.883  A(t)=337  sim=13.9s
epoch    9500  HO=0.3171  meanSteps=   741.4  copy=0.881  A(t)=339  sim=13.9s
epoch    9520  HO=0.3146  meanSteps=   759.3  copy=0.884  A(t)=343  sim=14.0s
epoch    9540  HO=0.3206  meanSteps=   786.2  copy=0.876  A(t)=343  sim=14.0s
epoch    9560  HO=0.2970  meanSteps=   755.5  copy=0.879  A(t)=343  sim=14.1s
epoch    9580  HO=0.3040  meanSteps=   748.4  copy=0.878  A(t)=343  sim=14.1s
epoch    9600  HO=0.3065  meanSteps=   773.9  copy=0.879  A(t)=343  sim=14.2s
epoch    9620  HO=0.3059  meanSteps=   766.0  copy=0.876  A(t)=343  sim=14.2s
epoch    9640  HO=0.2940  meanSteps=   727.1  copy=0.877  A(t)=343  sim=14.3s
epoch    9660  HO=0.2892  meanSteps=   703.5  copy=0.875  A(t)=345  sim=14.3s
epoch    9680  HO=0.2916  meanSteps=   720.2  copy=0.876  A(t)=347  sim=14.4s
epoch    9700  HO=0.2846  meanSteps=   715.7  copy=0.877  A(t)=349  sim=14.4s
epoch    9720  HO=0.2735  meanSteps=   725.9  copy=0.875  A(t)=349  sim=14.5s
epoch    9740  HO=0.2794  meanSteps=   755.6  copy=0.869  A(t)=349  sim=14.5s
epoch    9760  HO=0.2813  meanSteps=   728.9  copy=0.867  A(t)=349  sim=14.5s
epoch    9780  HO=0.2789  meanSteps=   688.6  copy=0.881  A(t)=349  sim=14.6s
epoch    9800  HO=0.3018  meanSteps=   687.9  copy=0.875  A(t)=349  sim=14.6s
epoch    9820  HO=0.3154  meanSteps=   665.1  copy=0.881  A(t)=349  sim=14.7s
epoch    9840  HO=0.3058  meanSteps=   639.1  copy=0.875  A(t)=353  sim=14.7s
epoch    9860  HO=0.2968  meanSteps=   648.2  copy=0.875  A(t)=353  sim=14.7s
epoch    9880  HO=0.3067  meanSteps=   654.1  copy=0.878  A(t)=356  sim=14.8s
epoch    9900  HO=0.3294  meanSteps=   676.8  copy=0.880  A(t)=356  sim=14.8s
epoch    9920  HO=0.3316  meanSteps=   681.6  copy=0.882  A(t)=356  sim=14.8s
epoch    9940  HO=0.3208  meanSteps=   669.1  copy=0.872  A(t)=356  sim=14.8s
epoch    9960  HO=0.3368  meanSteps=   718.6  copy=0.869  A(t)=356  sim=14.9s
epoch    9980  HO=0.3318  meanSteps=   715.4  copy=0.876  A(t)=356  sim=14.9s
epoch   10000  HO=0.3415  meanSteps=   730.2  copy=0.880  A(t)=356  sim=14.9s
epoch   10020  HO=0.3622  meanSteps=   741.7  copy=0.867  A(t)=356  sim=15.0s
epoch   10040  HO=0.3880  meanSteps=   746.0  copy=0.866  A(t)=356  sim=15.0s
epoch   10060  HO=0.3931  meanSteps=   722.0  copy=0.863  A(t)=356  sim=15.0s
epoch   10080  HO=0.4151  meanSteps=   725.0  copy=0.864  A(t)=356  sim=15.0s
epoch   10100  HO=0.4204  meanSteps=   748.3  copy=0.864  A(t)=356  sim=15.1s
epoch   10120  HO=0.4348  meanSteps=   724.1  copy=0.872  A(t)=362  sim=15.1s
epoch   10140  HO=0.4577  meanSteps=   703.3  copy=0.869  A(t)=362  sim=15.2s
epoch   10160  HO=0.4410  meanSteps=   705.3  copy=0.871  A(t)=362  sim=15.2s
epoch   10180  HO=0.4398  meanSteps=   707.3  copy=0.865  A(t)=362  sim=15.2s
epoch   10200  HO=0.4411  meanSteps=   729.7  copy=0.857  A(t)=362  sim=15.2s
epoch   10220  HO=0.4519  meanSteps=   721.3  copy=0.857  A(t)=362  sim=15.3s
epoch   10240  HO=0.4617  meanSteps=   740.5  copy=0.863  A(t)=362  sim=15.3s
epoch   10260  HO=0.4509  meanSteps=   741.5  copy=0.854  A(t)=364  sim=15.3s
epoch   10280  HO=0.4480  meanSteps=   790.0  copy=0.856  A(t)=364  sim=15.4s
epoch   10300  HO=0.4327  meanSteps=   788.0  copy=0.865  A(t)=364  sim=15.4s
epoch   10320  HO=0.4501  meanSteps=   768.5  copy=0.872  A(t)=364  sim=15.5s
epoch   10340  HO=0.4409  meanSteps=   737.2  copy=0.875  A(t)=366  sim=15.5s
epoch   10360  HO=0.4261  meanSteps=   742.5  copy=0.873  A(t)=367  sim=15.5s
epoch   10380  HO=0.4109  meanSteps=   761.3  copy=0.867  A(t)=367  sim=15.6s
epoch   10400  HO=0.3914  meanSteps=   764.8  copy=0.868  A(t)=367  sim=15.6s
epoch   10420  HO=0.3835  meanSteps=   801.5  copy=0.873  A(t)=367  sim=15.6s
epoch   10440  HO=0.3989  meanSteps=   790.5  copy=0.869  A(t)=367  sim=15.6s
epoch   10460  HO=0.3928  meanSteps=   738.7  copy=0.875  A(t)=367  sim=15.7s
epoch   10480  HO=0.3922  meanSteps=   736.0  copy=0.878  A(t)=367  sim=15.7s
epoch   10500  HO=0.3876  meanSteps=   700.9  copy=0.871  A(t)=367  sim=15.7s
epoch   10520  HO=0.3844  meanSteps=   715.6  copy=0.879  A(t)=367  sim=15.8s
epoch   10540  HO=0.3813  meanSteps=   726.0  copy=0.879  A(t)=367  sim=15.8s
epoch   10560  HO=0.4000  meanSteps=   750.7  copy=0.873  A(t)=367  sim=15.8s
epoch   10580  HO=0.3868  meanSteps=   774.0  copy=0.870  A(t)=367  sim=15.9s
epoch   10600  HO=0.3887  meanSteps=   770.6  copy=0.870  A(t)=367  sim=15.9s
epoch   10620  HO=0.3663  meanSteps=   781.1  copy=0.870  A(t)=369  sim=16.0s
epoch   10640  HO=0.3793  meanSteps=   801.6  copy=0.861  A(t)=369  sim=16.0s
epoch   10660  HO=0.3842  meanSteps=   823.0  copy=0.858  A(t)=369  sim=16.0s
epoch   10680  HO=0.3791  meanSteps=   819.3  copy=0.863  A(t)=370  sim=16.0s
epoch   10700  HO=0.3791  meanSteps=   801.2  copy=0.863  A(t)=370  sim=16.1s
epoch   10720  HO=0.3806  meanSteps=   810.5  copy=0.863  A(t)=370  sim=16.1s
epoch   10740  HO=0.3737  meanSteps=   805.4  copy=0.871  A(t)=373  sim=16.2s
epoch   10760  HO=0.3673  meanSteps=   804.1  copy=0.867  A(t)=373  sim=16.2s
epoch   10780  HO=0.3435  meanSteps=   785.6  copy=0.866  A(t)=373  sim=16.2s
epoch   10800  HO=0.3569  meanSteps=   794.8  copy=0.877  A(t)=374  sim=16.2s
epoch   10820  HO=0.3415  meanSteps=   807.2  copy=0.860  A(t)=374  sim=16.3s
epoch   10840  HO=0.3512  meanSteps=   825.2  copy=0.868  A(t)=374  sim=16.3s
epoch   10860  HO=0.3578  meanSteps=   821.8  copy=0.870  A(t)=374  sim=16.3s
epoch   10880  HO=0.3439  meanSteps=   823.1  copy=0.875  A(t)=374  sim=16.3s
epoch   10900  HO=0.3335  meanSteps=   820.7  copy=0.878  A(t)=374  sim=16.4s
epoch   10920  HO=0.3520  meanSteps=   820.9  copy=0.867  A(t)=374  sim=16.4s
epoch   10940  HO=0.3471  meanSteps=   827.8  copy=0.873  A(t)=374  sim=16.5s
epoch   10960  HO=0.3407  meanSteps=   841.5  copy=0.864  A(t)=374  sim=16.5s
epoch   10980  HO=0.3476  meanSteps=   825.2  copy=0.862  A(t)=374  sim=16.5s
epoch   11000  HO=0.3383  meanSteps=   862.3  copy=0.861  A(t)=380  sim=16.5s
epoch   11020  HO=0.3270  meanSteps=   871.8  copy=0.848  A(t)=380  sim=16.6s
epoch   11040  HO=0.3228  meanSteps=   871.9  copy=0.840  A(t)=380  sim=16.6s
epoch   11060  HO=0.3230  meanSteps=   883.8  copy=0.846  A(t)=380  sim=16.6s
epoch   11080  HO=0.3373  meanSteps=   882.5  copy=0.851  A(t)=380  sim=16.7s
epoch   11100  HO=0.3580  meanSteps=   868.5  copy=0.850  A(t)=380  sim=16.7s
epoch   11120  HO=0.3700  meanSteps=   881.2  copy=0.853  A(t)=382  sim=16.8s
epoch   11140  HO=0.3737  meanSteps=   845.4  copy=0.850  A(t)=385  sim=16.9s
epoch   11160  HO=0.3577  meanSteps=   814.3  copy=0.844  A(t)=385  sim=16.9s
epoch   11180  HO=0.3651  meanSteps=   828.6  copy=0.839  A(t)=385  sim=17.0s
epoch   11200  HO=0.3639  meanSteps=   820.6  copy=0.840  A(t)=385  sim=17.0s
epoch   11220  HO=0.3592  meanSteps=   862.2  copy=0.847  A(t)=385  sim=17.1s
epoch   11240  HO=0.3532  meanSteps=   874.7  copy=0.845  A(t)=385  sim=17.1s
epoch   11260  HO=0.3564  meanSteps=   844.5  copy=0.842  A(t)=385  sim=17.2s
epoch   11280  HO=0.3439  meanSteps=   798.7  copy=0.837  A(t)=385  sim=17.2s
epoch   11300  HO=0.3532  meanSteps=   805.4  copy=0.831  A(t)=386  sim=17.3s
epoch   11320  HO=0.3330  meanSteps=   827.2  copy=0.825  A(t)=386  sim=17.3s
epoch   11340  HO=0.3177  meanSteps=   811.3  copy=0.823  A(t)=386  sim=17.4s
epoch   11360  HO=0.3051  meanSteps=   858.8  copy=0.820  A(t)=386  sim=17.4s
epoch   11380  HO=0.2999  meanSteps=   826.4  copy=0.818  A(t)=386  sim=17.5s
epoch   11400  HO=0.3036  meanSteps=   826.6  copy=0.831  A(t)=388  sim=17.5s
epoch   11420  HO=0.3001  meanSteps=   777.0  copy=0.828  A(t)=388  sim=17.6s
epoch   11440  HO=0.3010  meanSteps=   784.3  copy=0.822  A(t)=388  sim=17.6s
epoch   11460  HO=0.3104  meanSteps=   789.1  copy=0.823  A(t)=388  sim=17.7s
epoch   11480  HO=0.3151  meanSteps=   790.2  copy=0.817  A(t)=388  sim=17.7s
epoch   11500  HO=0.3056  meanSteps=   799.0  copy=0.805  A(t)=388  sim=17.8s
epoch   11520  HO=0.3010  meanSteps=   799.3  copy=0.806  A(t)=389  sim=17.8s
epoch   11540  HO=0.2951  meanSteps=   784.2  copy=0.796  A(t)=389  sim=17.9s
epoch   11560  HO=0.2845  meanSteps=   829.6  copy=0.797  A(t)=389  sim=17.9s
epoch   11580  HO=0.2979  meanSteps=   825.7  copy=0.798  A(t)=389  sim=18.0s
epoch   11600  HO=0.2962  meanSteps=   801.0  copy=0.805  A(t)=390  sim=18.0s
epoch   11620  HO=0.2908  meanSteps=   796.6  copy=0.789  A(t)=390  sim=18.1s
epoch   11640  HO=0.2985  meanSteps=   825.1  copy=0.781  A(t)=390  sim=18.1s
epoch   11660  HO=0.2968  meanSteps=   797.4  copy=0.775  A(t)=390  sim=18.2s
epoch   11680  HO=0.3030  meanSteps=   813.7  copy=0.777  A(t)=392  sim=18.2s
epoch   11700  HO=0.2920  meanSteps=   779.0  copy=0.777  A(t)=392  sim=18.3s
epoch   11720  HO=0.2783  meanSteps=   787.6  copy=0.779  A(t)=392  sim=18.3s
epoch   11740  HO=0.2829  meanSteps=   760.6  copy=0.783  A(t)=392  sim=18.4s
epoch   11760  HO=0.2880  meanSteps=   777.2  copy=0.772  A(t)=393  sim=18.4s
epoch   11780  HO=0.2866  meanSteps=   765.0  copy=0.768  A(t)=393  sim=18.4s
epoch   11800  HO=0.3046  meanSteps=   770.9  copy=0.767  A(t)=393  sim=18.4s
epoch   11820  HO=0.2870  meanSteps=   762.3  copy=0.778  A(t)=395  sim=18.5s
epoch   11840  HO=0.2934  meanSteps=   746.1  copy=0.773  A(t)=395  sim=18.5s
epoch   11860  HO=0.2886  meanSteps=   734.9  copy=0.762  A(t)=397  sim=18.6s
epoch   11880  HO=0.2844  meanSteps=   756.4  copy=0.754  A(t)=397  sim=18.6s
epoch   11900  HO=0.2713  meanSteps=   782.9  copy=0.768  A(t)=397  sim=18.7s
epoch   11920  HO=0.2700  meanSteps=   778.2  copy=0.764  A(t)=397  sim=18.7s
epoch   11940  HO=0.2657  meanSteps=   806.6  copy=0.768  A(t)=397  sim=18.8s
epoch   11960  HO=0.2523  meanSteps=   779.9  copy=0.772  A(t)=397  sim=18.8s
epoch   11980  HO=0.2452  meanSteps=   758.7  copy=0.764  A(t)=397  sim=18.8s
epoch   12000  HO=0.2495  meanSteps=   726.9  copy=0.753  A(t)=397  sim=18.9s
epoch   12020  HO=0.2395  meanSteps=   740.4  copy=0.755  A(t)=397  sim=18.9s
epoch   12040  HO=0.2411  meanSteps=   715.4  copy=0.768  A(t)=397  sim=19.0s
epoch   12060  HO=0.2517  meanSteps=   743.4  copy=0.762  A(t)=397  sim=19.0s
epoch   12080  HO=0.2643  meanSteps=   747.2  copy=0.766  A(t)=397  sim=19.1s
epoch   12100  HO=0.2827  meanSteps=   741.8  copy=0.768  A(t)=397  sim=19.1s
epoch   12120  HO=0.2726  meanSteps=   759.5  copy=0.772  A(t)=397  sim=19.2s
epoch   12140  HO=0.2621  meanSteps=   731.8  copy=0.764  A(t)=397  sim=19.2s
epoch   12160  HO=0.2767  meanSteps=   713.2  copy=0.767  A(t)=397  sim=19.2s
epoch   12180  HO=0.3053  meanSteps=   716.1  copy=0.771  A(t)=397  sim=19.3s
epoch   12200  HO=0.2828  meanSteps=   752.2  copy=0.769  A(t)=397  sim=19.3s
epoch   12220  HO=0.2790  meanSteps=   745.2  copy=0.772  A(t)=397  sim=19.4s
epoch   12240  HO=0.2709  meanSteps=   754.4  copy=0.778  A(t)=397  sim=19.4s
epoch   12260  HO=0.2698  meanSteps=   732.9  copy=0.772  A(t)=397  sim=19.5s
epoch   12280  HO=0.2927  meanSteps=   735.3  copy=0.774  A(t)=399  sim=19.5s
epoch   12300  HO=0.2844  meanSteps=   722.0  copy=0.781  A(t)=399  sim=19.6s
epoch   12320  HO=0.2861  meanSteps=   694.6  copy=0.772  A(t)=399  sim=19.6s
epoch   12340  HO=0.2860  meanSteps=   717.8  copy=0.768  A(t)=399  sim=19.7s
epoch   12360  HO=0.2834  meanSteps=   718.4  copy=0.772  A(t)=401  sim=19.7s
epoch   12380  HO=0.2842  meanSteps=   700.8  copy=0.771  A(t)=401  sim=19.8s
epoch   12400  HO=0.2925  meanSteps=   703.1  copy=0.785  A(t)=402  sim=19.8s
epoch   12420  HO=0.3005  meanSteps=   722.7  copy=0.787  A(t)=402  sim=19.8s
epoch   12440  HO=0.2961  meanSteps=   723.4  copy=0.786  A(t)=402  sim=19.9s
epoch   12460  HO=0.3058  meanSteps=   722.5  copy=0.785  A(t)=402  sim=19.9s
epoch   12480  HO=0.2863  meanSteps=   715.8  copy=0.792  A(t)=402  sim=19.9s
epoch   12500  HO=0.3035  meanSteps=   740.3  copy=0.788  A(t)=402  sim=19.9s
epoch   12520  HO=0.2897  meanSteps=   739.2  copy=0.788  A(t)=402  sim=19.9s
epoch   12540  HO=0.2823  meanSteps=   738.1  copy=0.787  A(t)=404  sim=20.0s
epoch   12560  HO=0.2824  meanSteps=   771.2  copy=0.788  A(t)=404  sim=20.0s
epoch   12580  HO=0.2863  meanSteps=   756.2  copy=0.793  A(t)=404  sim=20.0s
epoch   12600  HO=0.2716  meanSteps=   723.2  copy=0.799  A(t)=404  sim=20.1s
epoch   12620  HO=0.3080  meanSteps=   761.7  copy=0.806  A(t)=404  sim=20.1s
epoch   12640  HO=0.3102  meanSteps=   735.0  copy=0.822  A(t)=404  sim=20.1s
epoch   12660  HO=0.3131  meanSteps=   767.1  copy=0.828  A(t)=404  sim=20.2s
epoch   12680  HO=0.3320  meanSteps=   767.8  copy=0.826  A(t)=407  sim=20.2s
epoch   12700  HO=0.3332  meanSteps=   758.2  copy=0.824  A(t)=407  sim=20.2s
epoch   12720  HO=0.3507  meanSteps=   737.6  copy=0.821  A(t)=407  sim=20.2s
epoch   12740  HO=0.3433  meanSteps=   735.0  copy=0.822  A(t)=407  sim=20.3s
epoch   12760  HO=0.3374  meanSteps=   742.0  copy=0.818  A(t)=408  sim=20.3s
epoch   12780  HO=0.3395  meanSteps=   737.3  copy=0.818  A(t)=408  sim=20.4s
epoch   12800  HO=0.3379  meanSteps=   733.6  copy=0.826  A(t)=408  sim=20.4s
epoch   12820  HO=0.3279  meanSteps=   708.6  copy=0.825  A(t)=408  sim=20.4s
epoch   12840  HO=0.3543  meanSteps=   704.4  copy=0.820  A(t)=408  sim=20.4s
epoch   12860  HO=0.3747  meanSteps=   716.9  copy=0.835  A(t)=408  sim=20.5s
epoch   12880  HO=0.3782  meanSteps=   708.1  copy=0.819  A(t)=408  sim=20.5s
epoch   12900  HO=0.3724  meanSteps=   689.4  copy=0.821  A(t)=408  sim=20.5s
epoch   12920  HO=0.3823  meanSteps=   706.6  copy=0.816  A(t)=409  sim=20.6s
epoch   12940  HO=0.3796  meanSteps=   690.5  copy=0.815  A(t)=412  sim=20.6s
epoch   12960  HO=0.3710  meanSteps=   686.9  copy=0.818  A(t)=412  sim=20.6s
epoch   12980  HO=0.3799  meanSteps=   685.9  copy=0.825  A(t)=412  sim=20.7s
epoch   13000  HO=0.3695  meanSteps=   686.9  copy=0.832  A(t)=412  sim=20.7s
epoch   13020  HO=0.3740  meanSteps=   695.1  copy=0.832  A(t)=412  sim=20.7s
epoch   13040  HO=0.3686  meanSteps=   698.3  copy=0.837  A(t)=415  sim=20.7s
epoch   13060  HO=0.3658  meanSteps=   689.5  copy=0.838  A(t)=415  sim=20.7s
epoch   13080  HO=0.3491  meanSteps=   695.5  copy=0.837  A(t)=415  sim=20.8s
epoch   13100  HO=0.3544  meanSteps=   691.9  copy=0.843  A(t)=415  sim=20.8s
epoch   13120  HO=0.3705  meanSteps=   700.4  copy=0.839  A(t)=415  sim=20.9s
epoch   13140  HO=0.3684  meanSteps=   672.6  copy=0.830  A(t)=415  sim=20.9s
epoch   13160  HO=0.3593  meanSteps=   667.9  copy=0.829  A(t)=415  sim=20.9s
epoch   13180  HO=0.3635  meanSteps=   636.9  copy=0.821  A(t)=415  sim=21.0s
epoch   13200  HO=0.3518  meanSteps=   628.9  copy=0.813  A(t)=415  sim=21.0s
epoch   13220  HO=0.3418  meanSteps=   662.6  copy=0.816  A(t)=415  sim=21.0s
epoch   13240  HO=0.3428  meanSteps=   656.5  copy=0.823  A(t)=415  sim=21.0s
epoch   13260  HO=0.3397  meanSteps=   686.4  copy=0.826  A(t)=415  sim=21.0s
epoch   13280  HO=0.3523  meanSteps=   687.1  copy=0.830  A(t)=415  sim=21.1s
epoch   13300  HO=0.3387  meanSteps=   683.5  copy=0.819  A(t)=415  sim=21.1s
epoch   13320  HO=0.3419  meanSteps=   649.6  copy=0.818  A(t)=415  sim=21.1s
epoch   13340  HO=0.3468  meanSteps=   606.5  copy=0.828  A(t)=415  sim=21.2s
epoch   13360  HO=0.3425  meanSteps=   617.8  copy=0.824  A(t)=415  sim=21.2s
epoch   13380  HO=0.3443  meanSteps=   627.9  copy=0.825  A(t)=415  sim=21.2s
epoch   13400  HO=0.3401  meanSteps=   631.1  copy=0.826  A(t)=415  sim=21.2s
epoch   13420  HO=0.3316  meanSteps=   610.3  copy=0.820  A(t)=415  sim=21.3s
epoch   13440  HO=0.3200  meanSteps=   609.1  copy=0.821  A(t)=415  sim=21.3s
epoch   13460  HO=0.3155  meanSteps=   587.0  copy=0.826  A(t)=415  sim=21.3s
epoch   13480  HO=0.3391  meanSteps=   592.2  copy=0.826  A(t)=415  sim=21.4s
epoch   13500  HO=0.3344  meanSteps=   588.4  copy=0.818  A(t)=415  sim=21.4s
epoch   13520  HO=0.3429  meanSteps=   585.0  copy=0.810  A(t)=415  sim=21.4s
epoch   13540  HO=0.3350  meanSteps=   598.5  copy=0.810  A(t)=415  sim=21.4s
epoch   13560  HO=0.3393  meanSteps=   626.8  copy=0.804  A(t)=415  sim=21.4s
epoch   13580  HO=0.3386  meanSteps=   622.3  copy=0.812  A(t)=415  sim=21.5s
epoch   13600  HO=0.3307  meanSteps=   631.1  copy=0.808  A(t)=415  sim=21.5s
epoch   13620  HO=0.3455  meanSteps=   658.9  copy=0.803  A(t)=415  sim=21.6s
epoch   13640  HO=0.3419  meanSteps=   664.1  copy=0.806  A(t)=415  sim=21.6s
epoch   13660  HO=0.3431  meanSteps=   648.2  copy=0.806  A(t)=415  sim=21.7s
epoch   13680  HO=0.3602  meanSteps=   647.5  copy=0.804  A(t)=415  sim=21.7s
epoch   13700  HO=0.3542  meanSteps=   657.2  copy=0.804  A(t)=415  sim=21.7s
epoch   13720  HO=0.3564  meanSteps=   655.9  copy=0.810  A(t)=417  sim=21.8s
epoch   13740  HO=0.3537  meanSteps=   695.4  copy=0.807  A(t)=417  sim=21.8s
epoch   13760  HO=0.3574  meanSteps=   701.7  copy=0.804  A(t)=419  sim=21.8s
epoch   13780  HO=0.3532  meanSteps=   720.2  copy=0.804  A(t)=419  sim=21.8s
epoch   13800  HO=0.3466  meanSteps=   706.4  copy=0.821  A(t)=419  sim=21.8s
epoch   13820  HO=0.3610  meanSteps=   696.3  copy=0.829  A(t)=419  sim=21.9s
epoch   13840  HO=0.3622  meanSteps=   696.1  copy=0.823  A(t)=423  sim=21.9s
epoch   13860  HO=0.3765  meanSteps=   697.5  copy=0.821  A(t)=423  sim=21.9s
epoch   13880  HO=0.3755  meanSteps=   683.0  copy=0.827  A(t)=423  sim=22.0s
epoch   13900  HO=0.3779  meanSteps=   659.3  copy=0.834  A(t)=423  sim=22.0s
epoch   13920  HO=0.3697  meanSteps=   652.3  copy=0.834  A(t)=423  sim=22.0s
epoch   13940  HO=0.3792  meanSteps=   634.8  copy=0.836  A(t)=423  sim=22.0s
epoch   13960  HO=0.3860  meanSteps=   646.2  copy=0.836  A(t)=423  sim=22.1s
epoch   13980  HO=0.3938  meanSteps=   596.6  copy=0.834  A(t)=423  sim=22.1s
epoch   14000  HO=0.3996  meanSteps=   610.1  copy=0.839  A(t)=423  sim=22.1s
epoch   14020  HO=0.3940  meanSteps=   622.1  copy=0.834  A(t)=423  sim=22.2s
epoch   14040  HO=0.3888  meanSteps=   630.3  copy=0.832  A(t)=425  sim=22.2s
epoch   14060  HO=0.3762  meanSteps=   655.2  copy=0.829  A(t)=425  sim=22.2s
epoch   14080  HO=0.3673  meanSteps=   610.4  copy=0.824  A(t)=425  sim=22.2s
epoch   14100  HO=0.3547  meanSteps=   632.2  copy=0.821  A(t)=425  sim=22.2s
epoch   14120  HO=0.3536  meanSteps=   615.3  copy=0.812  A(t)=425  sim=22.3s
epoch   14140  HO=0.3395  meanSteps=   627.1  copy=0.816  A(t)=425  sim=22.3s
epoch   14160  HO=0.3270  meanSteps=   621.1  copy=0.824  A(t)=427  sim=22.3s
epoch   14180  HO=0.3216  meanSteps=   650.9  copy=0.810  A(t)=427  sim=22.4s
epoch   14200  HO=0.3157  meanSteps=   643.3  copy=0.804  A(t)=427  sim=22.4s
epoch   14220  HO=0.3269  meanSteps=   661.4  copy=0.802  A(t)=427  sim=22.5s
epoch   14240  HO=0.3125  meanSteps=   639.8  copy=0.803  A(t)=427  sim=22.5s
epoch   14260  HO=0.3188  meanSteps=   638.9  copy=0.809  A(t)=427  sim=22.5s
epoch   14280  HO=0.3153  meanSteps=   629.8  copy=0.806  A(t)=427  sim=22.6s
epoch   14300  HO=0.3088  meanSteps=   654.6  copy=0.806  A(t)=427  sim=22.6s
epoch   14320  HO=0.3064  meanSteps=   655.9  copy=0.812  A(t)=427  sim=22.7s
epoch   14340  HO=0.3049  meanSteps=   640.3  copy=0.809  A(t)=427  sim=22.7s
epoch   14360  HO=0.3104  meanSteps=   644.5  copy=0.814  A(t)=427  sim=22.8s
epoch   14380  HO=0.2996  meanSteps=   634.6  copy=0.806  A(t)=427  sim=22.8s
epoch   14400  HO=0.2998  meanSteps=   624.0  copy=0.807  A(t)=427  sim=22.9s
epoch   14420  HO=0.2976  meanSteps=   657.1  copy=0.812  A(t)=427  sim=22.9s
epoch   14440  HO=0.2992  meanSteps=   672.1  copy=0.805  A(t)=430  sim=23.0s
epoch   14460  HO=0.2921  meanSteps=   690.2  copy=0.803  A(t)=430  sim=23.0s
epoch   14480  HO=0.3036  meanSteps=   720.3  copy=0.810  A(t)=430  sim=23.0s
epoch   14500  HO=0.3207  meanSteps=   692.6  copy=0.812  A(t)=430  sim=23.0s
epoch   14520  HO=0.3045  meanSteps=   620.4  copy=0.815  A(t)=430  sim=23.1s
epoch   14540  HO=0.3099  meanSteps=   613.4  copy=0.817  A(t)=430  sim=23.1s
epoch   14560  HO=0.3083  meanSteps=   617.4  copy=0.824  A(t)=430  sim=23.1s
epoch   14580  HO=0.3043  meanSteps=   618.3  copy=0.825  A(t)=430  sim=23.1s
epoch   14600  HO=0.3187  meanSteps=   589.1  copy=0.823  A(t)=432  sim=23.2s
epoch   14620  HO=0.3138  meanSteps=   564.1  copy=0.825  A(t)=432  sim=23.2s
epoch   14640  HO=0.3248  meanSteps=   554.2  copy=0.825  A(t)=432  sim=23.2s
epoch   14660  HO=0.3291  meanSteps=   561.9  copy=0.831  A(t)=432  sim=23.3s
epoch   14680  HO=0.3204  meanSteps=   571.6  copy=0.824  A(t)=434  sim=23.3s
epoch   14700  HO=0.3307  meanSteps=   572.8  copy=0.823  A(t)=434  sim=23.3s
epoch   14720  HO=0.3226  meanSteps=   582.1  copy=0.825  A(t)=434  sim=23.3s
epoch   14740  HO=0.3086  meanSteps=   575.8  copy=0.830  A(t)=434  sim=23.4s
epoch   14760  HO=0.3128  meanSteps=   554.6  copy=0.833  A(t)=436  sim=23.4s
epoch   14780  HO=0.3328  meanSteps=   555.2  copy=0.820  A(t)=439  sim=23.4s
epoch   14800  HO=0.3251  meanSteps=   551.4  copy=0.824  A(t)=439  sim=23.4s
epoch   14820  HO=0.3233  meanSteps=   559.4  copy=0.815  A(t)=439  sim=23.5s
epoch   14840  HO=0.3455  meanSteps=   564.1  copy=0.819  A(t)=439  sim=23.5s
epoch   14860  HO=0.3465  meanSteps=   570.0  copy=0.812  A(t)=439  sim=23.5s
epoch   14880  HO=0.3494  meanSteps=   580.6  copy=0.803  A(t)=439  sim=23.5s
epoch   14900  HO=0.3580  meanSteps=   594.8  copy=0.806  A(t)=439  sim=23.5s
epoch   14920  HO=0.3567  meanSteps=   606.7  copy=0.809  A(t)=439  sim=23.6s
epoch   14940  HO=0.3800  meanSteps=   590.5  copy=0.821  A(t)=439  sim=23.6s
epoch   14960  HO=0.3626  meanSteps=   606.4  copy=0.823  A(t)=439  sim=23.6s
epoch   14980  HO=0.3596  meanSteps=   606.8  copy=0.820  A(t)=439  sim=23.6s
epoch   15000  HO=0.3459  meanSteps=   613.6  copy=0.822  A(t)=439  sim=23.6s
epoch   15020  HO=0.3519  meanSteps=   630.0  copy=0.825  A(t)=439  sim=23.7s
epoch   15040  HO=0.3571  meanSteps=   620.6  copy=0.819  A(t)=439  sim=23.7s
epoch   15060  HO=0.3784  meanSteps=   612.9  copy=0.815  A(t)=439  sim=23.8s
epoch   15080  HO=0.3528  meanSteps=   624.8  copy=0.807  A(t)=439  sim=23.8s
epoch   15100  HO=0.3489  meanSteps=   615.8  copy=0.805  A(t)=439  sim=23.9s
epoch   15120  HO=0.3627  meanSteps=   609.4  copy=0.803  A(t)=440  sim=23.9s
epoch   15140  HO=0.3605  meanSteps=   623.9  copy=0.819  A(t)=440  sim=23.9s
epoch   15160  HO=0.3500  meanSteps=   614.0  copy=0.820  A(t)=440  sim=24.0s
epoch   15180  HO=0.3448  meanSteps=   606.5  copy=0.814  A(t)=440  sim=24.0s
epoch   15200  HO=0.3478  meanSteps=   598.3  copy=0.803  A(t)=442  sim=24.0s
epoch   15220  HO=0.3612  meanSteps=   599.6  copy=0.810  A(t)=442  sim=24.0s
epoch   15240  HO=0.3573  meanSteps=   582.8  copy=0.814  A(t)=442  sim=24.1s
epoch   15260  HO=0.3520  meanSteps=   559.1  copy=0.826  A(t)=442  sim=24.1s
epoch   15280  HO=0.3338  meanSteps=   561.3  copy=0.835  A(t)=442  sim=24.1s
epoch   15300  HO=0.3490  meanSteps=   579.5  copy=0.841  A(t)=444  sim=24.2s
epoch   15320  HO=0.3516  meanSteps=   553.3  copy=0.842  A(t)=444  sim=24.2s
epoch   15340  HO=0.3461  meanSteps=   569.3  copy=0.841  A(t)=444  sim=24.3s
epoch   15360  HO=0.3439  meanSteps=   557.9  copy=0.846  A(t)=444  sim=24.3s
epoch   15380  HO=0.3427  meanSteps=   571.9  copy=0.846  A(t)=450  sim=24.3s
epoch   15400  HO=0.3442  meanSteps=   570.6  copy=0.853  A(t)=454  sim=24.3s
epoch   15420  HO=0.3358  meanSteps=   583.4  copy=0.858  A(t)=454  sim=24.4s
epoch   15440  HO=0.3377  meanSteps=   578.3  copy=0.859  A(t)=454  sim=24.4s
epoch   15460  HO=0.3559  meanSteps=   594.3  copy=0.866  A(t)=454  sim=24.4s
epoch   15480  HO=0.3561  meanSteps=   581.8  copy=0.863  A(t)=454  sim=24.4s
epoch   15500  HO=0.3552  meanSteps=   607.0  copy=0.865  A(t)=454  sim=24.4s
epoch   15520  HO=0.3630  meanSteps=   620.0  copy=0.872  A(t)=454  sim=24.5s
epoch   15540  HO=0.3479  meanSteps=   648.0  copy=0.879  A(t)=454  sim=24.5s
epoch   15560  HO=0.3365  meanSteps=   654.6  copy=0.867  A(t)=457  sim=24.6s
epoch   15580  HO=0.3225  meanSteps=   644.1  copy=0.870  A(t)=457  sim=24.6s
epoch   15600  HO=0.3206  meanSteps=   661.1  copy=0.865  A(t)=457  sim=24.6s
epoch   15620  HO=0.3079  meanSteps=   630.5  copy=0.877  A(t)=457  sim=24.6s
epoch   15640  HO=0.2962  meanSteps=   614.3  copy=0.856  A(t)=457  sim=24.7s
epoch   15660  HO=0.2820  meanSteps=   618.5  copy=0.856  A(t)=457  sim=24.7s
epoch   15680  HO=0.2755  meanSteps=   630.3  copy=0.851  A(t)=460  sim=24.7s
epoch   15700  HO=0.2860  meanSteps=   595.3  copy=0.854  A(t)=460  sim=24.7s
epoch   15720  HO=0.2843  meanSteps=   621.9  copy=0.859  A(t)=460  sim=24.7s
epoch   15740  HO=0.2717  meanSteps=   654.9  copy=0.865  A(t)=460  sim=24.8s
epoch   15760  HO=0.2847  meanSteps=   678.1  copy=0.874  A(t)=460  sim=24.8s
epoch   15780  HO=0.2865  meanSteps=   692.7  copy=0.869  A(t)=461  sim=24.8s
epoch   15800  HO=0.3174  meanSteps=   620.8  copy=0.875  A(t)=461  sim=24.9s
epoch   15820  HO=0.2994  meanSteps=   587.2  copy=0.890  A(t)=461  sim=24.9s
epoch   15840  HO=0.3263  meanSteps=   563.5  copy=0.893  A(t)=461  sim=24.9s
epoch   15860  HO=0.3354  meanSteps=   534.5  copy=0.902  A(t)=461  sim=24.9s
epoch   15880  HO=0.3370  meanSteps=   530.8  copy=0.899  A(t)=461  sim=25.0s
epoch   15900  HO=0.3173  meanSteps=   557.6  copy=0.898  A(t)=461  sim=25.0s
epoch   15920  HO=0.3126  meanSteps=   569.1  copy=0.895  A(t)=461  sim=25.0s
epoch   15940  HO=0.2960  meanSteps=   578.8  copy=0.896  A(t)=461  sim=25.0s
epoch   15960  HO=0.2833  meanSteps=   567.0  copy=0.895  A(t)=461  sim=25.1s
epoch   15980  HO=0.2861  meanSteps=   553.7  copy=0.891  A(t)=461  sim=25.1s
epoch   16000  HO=0.2702  meanSteps=   555.3  copy=0.893  A(t)=461  sim=25.1s
epoch   16020  HO=0.2743  meanSteps=   572.2  copy=0.900  A(t)=461  sim=25.1s
epoch   16040  HO=0.2820  meanSteps=   545.8  copy=0.901  A(t)=461  sim=25.2s
epoch   16060  HO=0.2900  meanSteps=   537.9  copy=0.903  A(t)=461  sim=25.2s
epoch   16080  HO=0.2861  meanSteps=   535.6  copy=0.893  A(t)=461  sim=25.2s
epoch   16100  HO=0.2749  meanSteps=   525.2  copy=0.895  A(t)=461  sim=25.3s
epoch   16120  HO=0.2711  meanSteps=   494.7  copy=0.892  A(t)=461  sim=25.3s
epoch   16140  HO=0.2729  meanSteps=   501.5  copy=0.899  A(t)=461  sim=25.3s
epoch   16160  HO=0.2804  meanSteps=   506.1  copy=0.902  A(t)=461  sim=25.4s
epoch   16180  HO=0.2829  meanSteps=   493.2  copy=0.909  A(t)=461  sim=25.4s
epoch   16200  HO=0.2813  meanSteps=   497.9  copy=0.906  A(t)=461  sim=25.5s
epoch   16220  HO=0.2688  meanSteps=   499.2  copy=0.908  A(t)=461  sim=25.5s
epoch   16240  HO=0.2709  meanSteps=   476.9  copy=0.909  A(t)=461  sim=25.6s
epoch   16260  HO=0.2569  meanSteps=   490.4  copy=0.904  A(t)=461  sim=25.6s
epoch   16280  HO=0.2537  meanSteps=   484.7  copy=0.898  A(t)=461  sim=25.6s
epoch   16300  HO=0.2532  meanSteps=   491.8  copy=0.886  A(t)=461  sim=25.7s
epoch   16320  HO=0.2507  meanSteps=   442.3  copy=0.894  A(t)=461  sim=25.7s
epoch   16340  HO=0.2563  meanSteps=   461.8  copy=0.903  A(t)=461  sim=25.7s
epoch   16360  HO=0.2774  meanSteps=   474.9  copy=0.905  A(t)=461  sim=25.8s
epoch   16380  HO=0.2634  meanSteps=   463.2  copy=0.908  A(t)=461  sim=25.8s
epoch   16400  HO=0.2703  meanSteps=   479.3  copy=0.910  A(t)=461  sim=25.9s
epoch   16420  HO=0.2626  meanSteps=   461.9  copy=0.903  A(t)=461  sim=25.9s
epoch   16440  HO=0.2732  meanSteps=   442.0  copy=0.906  A(t)=461  sim=25.9s
epoch   16460  HO=0.2846  meanSteps=   447.6  copy=0.910  A(t)=461  sim=26.0s
epoch   16480  HO=0.2797  meanSteps=   480.7  copy=0.912  A(t)=461  sim=26.0s
epoch   16500  HO=0.2996  meanSteps=   465.4  copy=0.910  A(t)=461  sim=26.1s
epoch   16520  HO=0.2925  meanSteps=   473.0  copy=0.912  A(t)=461  sim=26.1s
epoch   16540  HO=0.2773  meanSteps=   497.9  copy=0.918  A(t)=461  sim=26.1s
epoch   16560  HO=0.2658  meanSteps=   514.1  copy=0.911  A(t)=461  sim=26.2s
epoch   16580  HO=0.2708  meanSteps=   507.6  copy=0.910  A(t)=464  sim=26.2s
epoch   16600  HO=0.2766  meanSteps=   482.0  copy=0.901  A(t)=464  sim=26.2s
epoch   16620  HO=0.2819  meanSteps=   494.8  copy=0.896  A(t)=464  sim=26.2s
epoch   16640  HO=0.2836  meanSteps=   469.5  copy=0.893  A(t)=464  sim=26.2s
epoch   16660  HO=0.2809  meanSteps=   461.8  copy=0.888  A(t)=464  sim=26.3s
epoch   16680  HO=0.2864  meanSteps=   469.8  copy=0.885  A(t)=464  sim=26.3s
epoch   16700  HO=0.2791  meanSteps=   471.7  copy=0.887  A(t)=464  sim=26.3s
epoch   16720  HO=0.2719  meanSteps=   490.5  copy=0.878  A(t)=464  sim=26.4s
epoch   16740  HO=0.2553  meanSteps=   480.3  copy=0.874  A(t)=464  sim=26.4s
epoch   16760  HO=0.2458  meanSteps=   470.5  copy=0.869  A(t)=464  sim=26.4s
epoch   16780  HO=0.2343  meanSteps=   513.2  copy=0.870  A(t)=464  sim=26.5s
epoch   16800  HO=0.2609  meanSteps=   497.6  copy=0.878  A(t)=464  sim=26.5s
epoch   16820  HO=0.2514  meanSteps=   506.9  copy=0.884  A(t)=464  sim=26.5s
epoch   16840  HO=0.2533  meanSteps=   524.5  copy=0.887  A(t)=464  sim=26.5s
epoch   16860  HO=0.2550  meanSteps=   533.2  copy=0.883  A(t)=464  sim=26.5s
epoch   16880  HO=0.2594  meanSteps=   532.4  copy=0.874  A(t)=464  sim=26.6s
epoch   16900  HO=0.2660  meanSteps=   554.6  copy=0.879  A(t)=464  sim=26.6s
epoch   16920  HO=0.2667  meanSteps=   566.5  copy=0.878  A(t)=464  sim=26.6s
epoch   16940  HO=0.2557  meanSteps=   544.8  copy=0.879  A(t)=464  sim=26.6s
epoch   16960  HO=0.2606  meanSteps=   557.4  copy=0.879  A(t)=466  sim=26.7s
epoch   16980  HO=0.2604  meanSteps=   546.2  copy=0.882  A(t)=466  sim=26.7s
epoch   17000  HO=0.2504  meanSteps=   532.0  copy=0.885  A(t)=466  sim=26.7s
epoch   17020  HO=0.2558  meanSteps=   551.6  copy=0.877  A(t)=466  sim=26.7s
epoch   17040  HO=0.2494  meanSteps=   540.3  copy=0.883  A(t)=466  sim=26.8s
epoch   17060  HO=0.2463  meanSteps=   530.5  copy=0.879  A(t)=466  sim=26.8s
epoch   17080  HO=0.2515  meanSteps=   546.7  copy=0.875  A(t)=466  sim=26.8s
epoch   17100  HO=0.2538  meanSteps=   532.4  copy=0.872  A(t)=466  sim=26.9s
epoch   17120  HO=0.2631  meanSteps=   540.1  copy=0.875  A(t)=466  sim=26.9s
epoch   17140  HO=0.2625  meanSteps=   545.1  copy=0.864  A(t)=466  sim=26.9s
epoch   17160  HO=0.2682  meanSteps=   546.3  copy=0.859  A(t)=466  sim=26.9s
epoch   17180  HO=0.2663  meanSteps=   567.9  copy=0.859  A(t)=466  sim=27.0s
epoch   17200  HO=0.2618  meanSteps=   584.4  copy=0.860  A(t)=466  sim=27.0s
epoch   17220  HO=0.2628  meanSteps=   571.4  copy=0.865  A(t)=466  sim=27.0s
epoch   17240  HO=0.2594  meanSteps=   588.1  copy=0.870  A(t)=466  sim=27.0s
epoch   17260  HO=0.2634  meanSteps=   621.1  copy=0.869  A(t)=466  sim=27.1s
epoch   17280  HO=0.2540  meanSteps=   628.5  copy=0.870  A(t)=466  sim=27.1s
epoch   17300  HO=0.2522  meanSteps=   615.2  copy=0.865  A(t)=466  sim=27.1s
epoch   17320  HO=0.2483  meanSteps=   603.0  copy=0.864  A(t)=466  sim=27.1s
epoch   17340  HO=0.2452  meanSteps=   640.2  copy=0.864  A(t)=466  sim=27.1s
epoch   17360  HO=0.2490  meanSteps=   628.9  copy=0.865  A(t)=466  sim=27.2s
epoch   17380  HO=0.2375  meanSteps=   607.3  copy=0.858  A(t)=466  sim=27.2s
epoch   17400  HO=0.2392  meanSteps=   611.3  copy=0.859  A(t)=466  sim=27.3s
epoch   17420  HO=0.2339  meanSteps=   593.4  copy=0.850  A(t)=466  sim=27.3s
epoch   17440  HO=0.2450  meanSteps=   598.6  copy=0.854  A(t)=466  sim=27.3s
epoch   17460  HO=0.2338  meanSteps=   608.8  copy=0.858  A(t)=466  sim=27.3s
epoch   17480  HO=0.2391  meanSteps=   636.9  copy=0.869  A(t)=466  sim=27.4s
epoch   17500  HO=0.2401  meanSteps=   621.5  copy=0.878  A(t)=467  sim=27.4s
epoch   17520  HO=0.2334  meanSteps=   646.3  copy=0.877  A(t)=467  sim=27.4s
epoch   17540  HO=0.2186  meanSteps=   644.5  copy=0.871  A(t)=467  sim=27.4s
epoch   17560  HO=0.2097  meanSteps=   651.0  copy=0.879  A(t)=467  sim=27.5s
epoch   17580  HO=0.2064  meanSteps=   635.1  copy=0.877  A(t)=467  sim=27.5s
epoch   17600  HO=0.2147  meanSteps=   618.8  copy=0.890  A(t)=467  sim=27.6s
epoch   17620  HO=0.2115  meanSteps=   612.1  copy=0.885  A(t)=467  sim=27.6s
epoch   17640  HO=0.2111  meanSteps=   635.0  copy=0.891  A(t)=467  sim=27.6s
epoch   17660  HO=0.2143  meanSteps=   630.5  copy=0.891  A(t)=469  sim=27.7s
epoch   17680  HO=0.2110  meanSteps=   619.8  copy=0.893  A(t)=469  sim=27.7s
epoch   17700  HO=0.1952  meanSteps=   636.5  copy=0.895  A(t)=469  sim=27.8s
epoch   17720  HO=0.1991  meanSteps=   618.4  copy=0.889  A(t)=469  sim=27.8s
epoch   17740  HO=0.1830  meanSteps=   626.0  copy=0.894  A(t)=469  sim=27.9s
epoch   17760  HO=0.1847  meanSteps=   600.9  copy=0.890  A(t)=469  sim=27.9s
epoch   17780  HO=0.1908  meanSteps=   615.8  copy=0.883  A(t)=469  sim=28.0s
epoch   17800  HO=0.1857  meanSteps=   588.8  copy=0.885  A(t)=469  sim=28.0s
epoch   17820  HO=0.1865  meanSteps=   596.9  copy=0.887  A(t)=469  sim=28.1s
epoch   17840  HO=0.1847  meanSteps=   595.5  copy=0.892  A(t)=469  sim=28.1s
epoch   17860  HO=0.1853  meanSteps=   606.6  copy=0.896  A(t)=469  sim=28.1s
epoch   17880  HO=0.1804  meanSteps=   600.9  copy=0.902  A(t)=469  sim=28.2s
epoch   17900  HO=0.1752  meanSteps=   580.1  copy=0.896  A(t)=469  sim=28.2s
epoch   17920  HO=0.1676  meanSteps=   572.5  copy=0.892  A(t)=469  sim=28.3s
epoch   17940  HO=0.1742  meanSteps=   591.6  copy=0.891  A(t)=469  sim=28.3s
epoch   17960  HO=0.1575  meanSteps=   571.4  copy=0.895  A(t)=469  sim=28.4s
epoch   17980  HO=0.1601  meanSteps=   548.5  copy=0.896  A(t)=469  sim=28.4s
epoch   18000  HO=0.1661  meanSteps=   554.2  copy=0.896  A(t)=470  sim=28.4s
epoch   18020  HO=0.1818  meanSteps=   592.3  copy=0.897  A(t)=470  sim=28.5s
epoch   18040  HO=0.1975  meanSteps=   583.8  copy=0.898  A(t)=470  sim=28.5s
epoch   18060  HO=0.1948  meanSteps=   611.5  copy=0.886  A(t)=470  sim=28.6s
epoch   18080  HO=0.1900  meanSteps=   598.2  copy=0.892  A(t)=470  sim=28.6s
epoch   18100  HO=0.2031  meanSteps=   592.5  copy=0.888  A(t)=470  sim=28.7s
epoch   18120  HO=0.1896  meanSteps=   592.0  copy=0.889  A(t)=470  sim=28.7s
epoch   18140  HO=0.1855  meanSteps=   559.7  copy=0.897  A(t)=470  sim=28.7s
epoch   18160  HO=0.1988  meanSteps=   542.9  copy=0.900  A(t)=470  sim=28.8s
epoch   18180  HO=0.2018  meanSteps=   559.5  copy=0.895  A(t)=470  sim=28.8s
epoch   18200  HO=0.2065  meanSteps=   550.9  copy=0.894  A(t)=470  sim=28.9s
epoch   18220  HO=0.2122  meanSteps=   554.7  copy=0.893  A(t)=470  sim=28.9s
epoch   18240  HO=0.2218  meanSteps=   535.0  copy=0.902  A(t)=470  sim=28.9s
epoch   18260  HO=0.2205  meanSteps=   541.4  copy=0.889  A(t)=470  sim=29.0s
epoch   18280  HO=0.2175  meanSteps=   533.2  copy=0.876  A(t)=470  sim=29.0s
epoch   18300  HO=0.2063  meanSteps=   540.4  copy=0.881  A(t)=472  sim=29.1s
epoch   18320  HO=0.2065  meanSteps=   577.8  copy=0.890  A(t)=472  sim=29.1s
epoch   18340  HO=0.2198  meanSteps=   611.4  copy=0.895  A(t)=472  sim=29.1s
epoch   18360  HO=0.2274  meanSteps=   615.0  copy=0.887  A(t)=472  sim=29.2s
epoch   18380  HO=0.2428  meanSteps=   623.0  copy=0.886  A(t)=474  sim=29.2s
epoch   18400  HO=0.2615  meanSteps=   623.8  copy=0.886  A(t)=474  sim=29.3s
epoch   18420  HO=0.2495  meanSteps=   614.7  copy=0.886  A(t)=474  sim=29.3s
epoch   18440  HO=0.2643  meanSteps=   599.1  copy=0.880  A(t)=474  sim=29.3s
epoch   18460  HO=0.2491  meanSteps=   619.7  copy=0.889  A(t)=476  sim=29.4s
epoch   18480  HO=0.2329  meanSteps=   609.4  copy=0.893  A(t)=476  sim=29.4s
epoch   18500  HO=0.2310  meanSteps=   630.7  copy=0.892  A(t)=476  sim=29.5s
epoch   18520  HO=0.2395  meanSteps=   624.0  copy=0.890  A(t)=476  sim=29.5s
epoch   18540  HO=0.2435  meanSteps=   607.7  copy=0.882  A(t)=476  sim=29.6s
epoch   18560  HO=0.2464  meanSteps=   613.9  copy=0.882  A(t)=476  sim=29.6s
epoch   18580  HO=0.2530  meanSteps=   623.2  copy=0.875  A(t)=476  sim=29.7s
epoch   18600  HO=0.2608  meanSteps=   596.2  copy=0.871  A(t)=476  sim=29.7s
epoch   18620  HO=0.2705  meanSteps=   617.4  copy=0.870  A(t)=476  sim=29.7s
epoch   18640  HO=0.2761  meanSteps=   630.7  copy=0.877  A(t)=476  sim=29.8s
epoch   18660  HO=0.2816  meanSteps=   639.5  copy=0.871  A(t)=478  sim=29.8s
epoch   18680  HO=0.2949  meanSteps=   643.4  copy=0.877  A(t)=478  sim=29.9s
epoch   18700  HO=0.3010  meanSteps=   651.0  copy=0.871  A(t)=478  sim=29.9s
epoch   18720  HO=0.3083  meanSteps=   677.2  copy=0.871  A(t)=478  sim=30.0s
epoch   18740  HO=0.3180  meanSteps=   635.3  copy=0.865  A(t)=478  sim=30.0s
epoch   18760  HO=0.3325  meanSteps=   586.0  copy=0.864  A(t)=484  sim=30.0s
epoch   18780  HO=0.3354  meanSteps=   572.2  copy=0.870  A(t)=484  sim=30.1s
epoch   18800  HO=0.3330  meanSteps=   580.1  copy=0.872  A(t)=484  sim=30.1s
epoch   18820  HO=0.3204  meanSteps=   584.4  copy=0.879  A(t)=484  sim=30.2s
epoch   18840  HO=0.3209  meanSteps=   562.4  copy=0.877  A(t)=486  sim=30.2s
epoch   18860  HO=0.3154  meanSteps=   540.5  copy=0.879  A(t)=486  sim=30.2s
epoch   18880  HO=0.3157  meanSteps=   544.9  copy=0.886  A(t)=486  sim=30.3s
epoch   18900  HO=0.3029  meanSteps=   549.8  copy=0.883  A(t)=488  sim=30.3s
epoch   18920  HO=0.3161  meanSteps=   538.3  copy=0.870  A(t)=488  sim=30.3s
epoch   18940  HO=0.3032  meanSteps=   522.9  copy=0.873  A(t)=488  sim=30.3s
epoch   18960  HO=0.3075  meanSteps=   521.8  copy=0.879  A(t)=491  sim=30.4s
epoch   18980  HO=0.3020  meanSteps=   549.6  copy=0.875  A(t)=491  sim=30.4s
epoch   19000  HO=0.2914  meanSteps=   555.1  copy=0.876  A(t)=491  sim=30.4s
epoch   19020  HO=0.2816  meanSteps=   568.8  copy=0.876  A(t)=491  sim=30.4s
epoch   19040  HO=0.2644  meanSteps=   571.7  copy=0.878  A(t)=491  sim=30.5s
epoch   19060  HO=0.2725  meanSteps=   575.2  copy=0.873  A(t)=493  sim=30.5s
epoch   19080  HO=0.2695  meanSteps=   572.4  copy=0.878  A(t)=493  sim=30.5s
epoch   19100  HO=0.2962  meanSteps=   557.4  copy=0.879  A(t)=493  sim=30.5s
epoch   19120  HO=0.2817  meanSteps=   541.2  copy=0.883  A(t)=493  sim=30.5s
epoch   19140  HO=0.2799  meanSteps=   537.6  copy=0.889  A(t)=493  sim=30.6s
epoch   19160  HO=0.2674  meanSteps=   559.1  copy=0.889  A(t)=493  sim=30.6s
epoch   19180  HO=0.2710  meanSteps=   557.5  copy=0.885  A(t)=493  sim=30.6s
epoch   19200  HO=0.2657  meanSteps=   577.1  copy=0.889  A(t)=493  sim=30.6s
epoch   19220  HO=0.2565  meanSteps=   629.7  copy=0.893  A(t)=493  sim=30.7s
epoch   19240  HO=0.2549  meanSteps=   581.6  copy=0.889  A(t)=493  sim=30.7s
epoch   19260  HO=0.2486  meanSteps=   599.0  copy=0.887  A(t)=493  sim=30.7s
epoch   19280  HO=0.2373  meanSteps=   594.9  copy=0.886  A(t)=493  sim=30.7s
epoch   19300  HO=0.2583  meanSteps=   597.8  copy=0.896  A(t)=495  sim=30.7s
epoch   19320  HO=0.2540  meanSteps=   619.7  copy=0.891  A(t)=497  sim=30.8s
epoch   19340  HO=0.2477  meanSteps=   594.2  copy=0.897  A(t)=497  sim=30.8s
epoch   19360  HO=0.2521  meanSteps=   629.3  copy=0.890  A(t)=497  sim=30.8s
epoch   19380  HO=0.2416  meanSteps=   624.6  copy=0.891  A(t)=497  sim=30.8s
epoch   19400  HO=0.2278  meanSteps=   601.5  copy=0.887  A(t)=497  sim=30.9s
epoch   19420  HO=0.2213  meanSteps=   609.3  copy=0.886  A(t)=497  sim=30.9s
epoch   19440  HO=0.2199  meanSteps=   602.8  copy=0.890  A(t)=497  sim=30.9s
epoch   19460  HO=0.2179  meanSteps=   580.7  copy=0.895  A(t)=497  sim=30.9s
epoch   19480  HO=0.2119  meanSteps=   580.9  copy=0.894  A(t)=497  sim=30.9s
epoch   19500  HO=0.2097  meanSteps=   604.1  copy=0.884  A(t)=497  sim=31.0s
epoch   19520  HO=0.2117  meanSteps=   590.3  copy=0.883  A(t)=497  sim=31.0s
epoch   19540  HO=0.2069  meanSteps=   591.5  copy=0.885  A(t)=497  sim=31.0s
epoch   19560  HO=0.1950  meanSteps=   602.8  copy=0.894  A(t)=497  sim=31.1s
epoch   19580  HO=0.2020  meanSteps=   580.7  copy=0.893  A(t)=497  sim=31.1s
epoch   19600  HO=0.1871  meanSteps=   593.7  copy=0.892  A(t)=497  sim=31.1s
epoch   19620  HO=0.1921  meanSteps=   620.2  copy=0.889  A(t)=497  sim=31.1s
epoch   19640  HO=0.1908  meanSteps=   625.5  copy=0.888  A(t)=497  sim=31.1s
epoch   19660  HO=0.1857  meanSteps=   641.6  copy=0.876  A(t)=497  sim=31.2s
epoch   19680  HO=0.1927  meanSteps=   639.8  copy=0.866  A(t)=497  sim=31.2s
epoch   19700  HO=0.1930  meanSteps=   613.9  copy=0.863  A(t)=497  sim=31.3s
epoch   19720  HO=0.1915  meanSteps=   643.5  copy=0.863  A(t)=497  sim=31.3s
epoch   19740  HO=0.1860  meanSteps=   609.6  copy=0.859  A(t)=497  sim=31.3s
epoch   19760  HO=0.1675  meanSteps=   615.4  copy=0.853  A(t)=497  sim=31.3s
epoch   19780  HO=0.1739  meanSteps=   611.5  copy=0.849  A(t)=497  sim=31.3s
epoch   19800  HO=0.1880  meanSteps=   628.7  copy=0.849  A(t)=497  sim=31.4s
epoch   19820  HO=0.1897  meanSteps=   617.1  copy=0.853  A(t)=497  sim=31.4s
epoch   19840  HO=0.2191  meanSteps=   623.2  copy=0.854  A(t)=497  sim=31.5s
epoch   19860  HO=0.2240  meanSteps=   591.0  copy=0.860  A(t)=497  sim=31.5s
epoch   19880  HO=0.2314  meanSteps=   621.6  copy=0.859  A(t)=497  sim=31.5s
epoch   19900  HO=0.2422  meanSteps=   621.4  copy=0.869  A(t)=497  sim=31.5s
epoch   19920  HO=0.2519  meanSteps=   596.8  copy=0.876  A(t)=497  sim=31.5s
epoch   19940  HO=0.2459  meanSteps=   575.2  copy=0.874  A(t)=497  sim=31.6s
epoch   19960  HO=0.2323  meanSteps=   585.8  copy=0.874  A(t)=497  sim=31.6s
epoch   19980  HO=0.2246  meanSteps=   615.3  copy=0.875  A(t)=497  sim=31.6s
epoch   20000  HO=0.2259  meanSteps=   593.8  copy=0.876  A(t)=499  sim=31.7s
done: 20000 epochs in 60.0s wall (31.7s simulating), runs/bff_s2
