epoch       0  HO=-0.0060  meanSteps=     0.0  copy=0.000  A(t)=0  sim=0.0s
epoch      20  HO=0.0404  meanSteps=   565.2  copy=0.522  A(t)=0  sim=0.0s
epoch      40  HO=0.1161  meanSteps=   546.0  copy=0.520  A(t)=0  sim=0.0s
epoch      60  HO=0.1505  meanSteps=   543.1  copy=0.510  A(t)=0  sim=0.1s
epoch      80  HO=0.1586  meanSteps=   537.0  copy=0.517  A(t)=0  sim=0.1s
epoch     100  HO=0.1967  meanSteps=   529.6  copy=0.514  A(t)=11  sim=0.1s
epoch     120  HO=0.2211  meanSteps=   489.6  copy=0.504  A(t)=25  sim=0.1s
epoch     140  HO=0.2575  meanSteps=   530.8  copy=0.507  A(t)=32  sim=0.1s
epoch     160  HO=0.3211  meanSteps=   520.9  copy=0.508  A(t)=34  sim=0.2s
epoch     180  HO=0.3255  meanSteps=   528.5  copy=0.505  A(t)=39  sim=0.2s
epoch     200  HO=0.3400  meanSteps=   542.1  copy=0.496  A(t)=43  sim=0.2s
epoch     220  HO=0.3677  meanSteps=   528.3  copy=0.498  A(t)=51  sim=0.3s
epoch     240  HO=0.3915  meanSteps=   549.8  copy=0.496  A(t)=55  sim=0.3s
epoch     260  HO=0.4142  meanSteps=   556.7  copy=0.488  A(t)=56  sim=0.3s
epoch     280  HO=0.4277  meanSteps=   539.9  copy=0.489  A(t)=60  sim=0.3s
epoch     300  HO=0.4286  meanSteps=   524.9  copy=0.485  A(t)=61  sim=0.3s
epoch     320  HO=0.4321  meanSteps=   530.3  copy=0.491  A(t)=66  sim=0.4s
epoch     340  HO=0.4293  meanSteps=   553.2  copy=0.493  A(t)=68  sim=0.4s
epoch     360  HO=0.4165  meanSteps=   555.7  copy=0.504  A(t)=70  sim=0.4s
epoch     380  HO=0.4352  meanSteps=   539.7  copy=0.492  A(t)=70  sim=0.4s
epoch     400  HO=0.4401  meanSteps=   534.0  copy=0.486  A(t)=71  sim=0.5s
epoch     420  HO=0.4325  meanSteps=   547.9  copy=0.489  A(t)=72  sim=0.5s
epoch     440  HO=0.4201  meanSteps=   557.1  copy=0.505  A(t)=72  sim=0.5s
epoch     460  HO=0.4286  meanSteps=   529.4  copy=0.513  A(t)=73  sim=0.6s
epoch     480  HO=0.4407  meanSteps=   567.3  copy=0.521  A(t)=73  sim=0.6s
epoch     500  HO=0.4410  meanSteps=   553.5  copy=0.511  A(t)=74  sim=0.6s
epoch     520  HO=0.4492  meanSteps=   550.2  copy=0.506  A(t)=74  sim=0.7s
epoch     540  HO=0.4443  meanSteps=   546.3  copy=0.493  A(t)=75  sim=0.7s
epoch     560  HO=0.4648  meanSteps=   540.5  copy=0.501  A(t)=76  sim=0.7s
epoch     580  HO=0.4621  meanSteps=   523.6  copy=0.500  A(t)=77  sim=0.8s
epoch     600  HO=0.4576  meanSteps=   542.8  copy=0.508  A(t)=79  sim=0.8s
epoch     620  HO=0.4599  meanSteps=   545.1  copy=0.521  A(t)=79  sim=0.8s
epoch     640  HO=0.4627  meanSteps=   549.3  copy=0.534  A(t)=82  sim=0.9s
epoch     660  HO=0.4528  meanSteps=   551.3  copy=0.543  A(t)=82  sim=0.9s
epoch     680  HO=0.4589  meanSteps=   481.0  copy=0.553  A(t)=83  sim=0.9s
epoch     700  HO=0.4786  meanSteps=   488.6  copy=0.559  A(t)=84  sim=1.0s
epoch     720  HO=0.4851  meanSteps=   488.4  copy=0.572  A(t)=84  sim=1.0s
epoch     740  HO=0.4911  meanSteps=   494.8  copy=0.589  A(t)=84  sim=1.0s
epoch     760  HO=0.4699  meanSteps=   491.4  copy=0.591  A(t)=85  sim=1.1s
epoch     780  HO=0.4871  meanSteps=   490.2  copy=0.593  A(t)=88  sim=1.1s
epoch     800  HO=0.4894  meanSteps=   449.8  copy=0.593  A(t)=92  sim=1.1s
epoch     820  HO=0.5063  meanSteps=   446.8  copy=0.596  A(t)=96  sim=1.1s
epoch     840  HO=0.5093  meanSteps=   431.1  copy=0.602  A(t)=96  sim=1.2s
epoch     860  HO=0.5291  meanSteps=   455.3  copy=0.622  A(t)=99  sim=1.2s
epoch     880  HO=0.5078  meanSteps=   425.8  copy=0.638  A(t)=99  sim=1.2s
epoch     900  HO=0.5026  meanSteps=   413.6  copy=0.644  A(t)=99  sim=1.3s
epoch     920  HO=0.4921  meanSteps=   411.2  copy=0.648  A(t)=99  sim=1.3s
epoch     940  HO=0.5115  meanSteps=   408.9  copy=0.672  A(t)=101  sim=1.3s
epoch     960  HO=0.5110  meanSteps=   417.9  copy=0.675  A(t)=101  sim=1.4s
epoch     980  HO=0.5197  meanSteps=   419.0  copy=0.682  A(t)=102  sim=1.4s
epoch    1000  HO=0.5198  meanSteps=   438.7  copy=0.684  A(t)=103  sim=1.4s
epoch    1020  HO=0.5132  meanSteps=   422.6  copy=0.689  A(t)=105  sim=1.5s
epoch    1040  HO=0.4830  meanSteps=   414.9  copy=0.688  A(t)=108  sim=1.5s
epoch    1060  HO=0.4969  meanSteps=   424.6  copy=0.702  A(t)=110  sim=1.5s
epoch    1080  HO=0.4946  meanSteps=   445.4  copy=0.713  A(t)=112  sim=1.5s
epoch    1100  HO=0.5086  meanSteps=   454.7  copy=0.718  A(t)=112  sim=1.5s
epoch    1120  HO=0.5201  meanSteps=   437.3  copy=0.720  A(t)=112  sim=1.6s
epoch    1140  HO=0.5211  meanSteps=   446.5  copy=0.739  A(t)=115  sim=1.6s
epoch    1160  HO=0.5059  meanSteps=   432.2  copy=0.747  A(t)=116  sim=1.6s
epoch    1180  HO=0.4931  meanSteps=   451.0  copy=0.764  A(t)=118  sim=1.6s
epoch    1200  HO=0.4967  meanSteps=   443.6  copy=0.782  A(t)=123  sim=1.6s
epoch    1220  HO=0.4819  meanSteps=   489.0  copy=0.777  A(t)=123  sim=1.7s
epoch    1240  HO=0.4691  meanSteps=   488.8  copy=0.785  A(t)=123  sim=1.7s
epoch    1260  HO=0.4631  meanSteps=   490.8  copy=0.768  A(t)=125  sim=1.7s
epoch    1280  HO=0.4633  meanSteps=   486.6  copy=0.776  A(t)=127  sim=1.7s
epoch    1300  HO=0.4663  meanSteps=   492.3  copy=0.782  A(t)=127  sim=1.7s
epoch    1320  HO=0.4533  meanSteps=   494.9  copy=0.790  A(t)=129  sim=1.8s
epoch    1340  HO=0.4617  meanSteps=   517.1  copy=0.787  A(t)=133  sim=1.8s
epoch    1360  HO=0.4477  meanSteps=   518.2  copy=0.785  A(t)=136  sim=1.8s
epoch    1380  HO=0.4270  meanSteps=   507.2  copy=0.773  A(t)=136  sim=1.8s
epoch    1400  HO=0.4180  meanSteps=   504.3  copy=0.777  A(t)=136  sim=1.8s
epoch    1420  HO=0.4122  meanSteps=   513.9  copy=0.760  A(t)=138  sim=1.9s
epoch    1440  HO=0.4074  meanSteps=   527.4  copy=0.760  A(t)=139  sim=1.9s
epoch    1460  HO=0.4061  meanSteps=   557.8  copy=0.767  A(t)=141  sim=1.9s
epoch    1480  HO=0.4381  meanSteps=   531.9  copy=0.785  A(t)=143  sim=1.9s
epoch    1500  HO=0.4338  meanSteps=   526.3  copy=0.788  A(t)=143  sim=2.0s
epoch    1520  HO=0.4294  meanSteps=   527.1  copy=0.811  A(t)=145  sim=2.0s
epoch    1540  HO=0.4408  meanSteps=   521.1  copy=0.807  A(t)=145  sim=2.0s
epoch    1560  HO=0.4319  meanSteps=   512.5  copy=0.807  A(t)=147  sim=2.0s
epoch    1580  HO=0.4467  meanSteps=   543.2  copy=0.805  A(t)=148  sim=2.0s
epoch    1600  HO=0.4527  meanSteps=   535.4  copy=0.803  A(t)=149  sim=2.1s
epoch    1620  HO=0.4397  meanSteps=   540.3  copy=0.805  A(t)=150  sim=2.1s
epoch    1640  HO=0.4422  meanSteps=   550.0  copy=0.814  A(t)=151  sim=2.1s
epoch    1660  HO=0.4336  meanSteps=   553.2  copy=0.807  A(t)=154  sim=2.1s
epoch    1680  HO=0.4434  meanSteps=   558.9  copy=0.804  A(t)=155  sim=2.1s
epoch    1700  HO=0.4559  meanSteps=   559.6  copy=0.814  A(t)=156  sim=2.2s
epoch    1720  HO=0.4589  meanSteps=   548.4  copy=0.801  A(t)=157  sim=2.2s
epoch    1740  HO=0.4549  meanSteps=   570.5  copy=0.804  A(t)=158  sim=2.2s
epoch    1760  HO=0.4438  meanSteps=   597.2  copy=0.799  A(t)=160  sim=2.2s
epoch    1780  HO=0.4338  meanSteps=   595.9  copy=0.808  A(t)=165  sim=2.3s
epoch    1800  HO=0.4232  meanSteps=   591.0  copy=0.801  A(t)=165  sim=2.3s
epoch    1820  HO=0.4247  meanSteps=   600.8  copy=0.794  A(t)=170  sim=2.3s
epoch    1840  HO=0.4430  meanSteps=   589.4  copy=0.792  A(t)=170  sim=2.3s
epoch    1860  HO=0.4496  meanSteps=   593.2  copy=0.801  A(t)=170  sim=2.4s
epoch    1880  HO=0.4375  meanSteps=   595.8  copy=0.796  A(t)=170  sim=2.4s
epoch    1900  HO=0.4291  meanSteps=   598.7  copy=0.791  A(t)=172  sim=2.4s
epoch    1920  HO=0.4287  meanSteps=   606.3  copy=0.800  A(t)=174  sim=2.4s
epoch    1940  HO=0.4243  meanSteps=   589.1  copy=0.801  A(t)=174  sim=2.5s
epoch    1960  HO=0.4190  meanSteps=   590.2  copy=0.806  A(t)=175  sim=2.5s
epoch    1980  HO=0.4138  meanSteps=   569.8  copy=0.796  A(t)=176  sim=2.5s
epoch    2000  HO=0.4116  meanSteps=   580.9  copy=0.790  A(t)=178  sim=2.6s
epoch    2020  HO=0.4100  meanSteps=   574.8  copy=0.794  A(t)=179  sim=2.6s
epoch    2040  HO=0.3970  meanSteps=   546.0  copy=0.800  A(t)=179  sim=2.6s
epoch    2060  HO=0.3783  meanSteps=   551.4  copy=0.801  A(t)=179  sim=2.6s
epoch    2080  HO=0.3736  meanSteps=   548.0  copy=0.801  A(t)=180  sim=2.7s
epoch    2100  HO=0.3747  meanSteps=   533.2  copy=0.798  A(t)=180  sim=2.7s
epoch    2120  HO=0.3686  meanSteps=   502.7  copy=0.805  A(t)=181  sim=2.7s
epoch    2140  HO=0.3726  meanSteps=   519.8  copy=0.814  A(t)=181  sim=2.7s
epoch    2160  HO=0.3561  meanSteps=   524.0  copy=0.808  A(t)=181  sim=2.8s
epoch    2180  HO=0.3476  meanSteps=   535.7  copy=0.809  A(t)=181  sim=2.8s
epoch    2200  HO=0.3324  meanSteps=   526.7  copy=0.814  A(t)=182  sim=2.8s
epoch    2220  HO=0.3354  meanSteps=   546.7  copy=0.818  A(t)=183  sim=2.8s
epoch    2240  HO=0.3217  meanSteps=   538.5  copy=0.832  A(t)=183  sim=2.8s
epoch    2260  HO=0.3246  meanSteps=   539.6  copy=0.829  A(t)=183  sim=2.9s
epoch    2280  HO=0.3194  meanSteps=   530.4  copy=0.828  A(t)=183  sim=2.9s
epoch    2300  HO=0.3284  meanSteps=   547.2  copy=0.839  A(t)=187  sim=2.9s
epoch    2320  HO=0.3294  meanSteps=   532.2  copy=0.853  A(t)=187  sim=2.9s
epoch    2340  HO=0.3271  meanSteps=   525.0  copy=0.855  A(t)=188  sim=2.9s
epoch    2360  HO=0.3167  meanSteps=   518.6  copy=0.854  A(t)=189  sim=3.0s
epoch    2380  HO=0.3151  meanSteps=   530.5  copy=0.852  A(t)=193  sim=3.0s
epoch    2400  HO=0.3316  meanSteps=   554.0  copy=0.848  A(t)=193  sim=3.0s
epoch    2420  HO=0.3228  meanSteps=   543.7  copy=0.851  A(t)=194  sim=3.0s
epoch    2440  HO=0.3196  meanSteps=   546.6  copy=0.865  A(t)=194  sim=3.0s
epoch    2460  HO=0.3269  meanSteps=   523.6  copy=0.865  A(t)=196  sim=3.1s
epoch    2480  HO=0.3256  meanSteps=   524.9  copy=0.860  A(t)=197  sim=3.1s
epoch    2500  HO=0.3332  meanSteps=   514.3  copy=0.860  A(t)=197  sim=3.1s
epoch    2520  HO=0.3330  meanSteps=   488.0  copy=0.864  A(t)=197  sim=3.2s
epoch    2540  HO=0.3276  meanSteps=   477.6  copy=0.866  A(t)=199  sim=3.2s
epoch    2560  HO=0.3218  meanSteps=   510.2  copy=0.869  A(t)=199  sim=3.2s
epoch    2580  HO=0.3295  meanSteps=   517.6  copy=0.876  A(t)=200  sim=3.2s
epoch    2600  HO=0.3378  meanSteps=   521.1  copy=0.886  A(t)=200  sim=3.3s
epoch    2620  HO=0.3311  meanSteps=   500.0  copy=0.888  A(t)=200  sim=3.3s
epoch    2640  HO=0.3290  meanSteps=   513.1  copy=0.895  A(t)=200  sim=3.3s
epoch    2660  HO=0.3293  meanSteps=   492.4  copy=0.895  A(t)=202  sim=3.3s
epoch    2680  HO=0.3295  meanSteps=   495.8  copy=0.886  A(t)=204  sim=3.4s
epoch    2700  HO=0.3211  meanSteps=   508.8  copy=0.888  A(t)=205  sim=3.4s
epoch    2720  HO=0.3306  meanSteps=   532.1  copy=0.893  A(t)=212  sim=3.4s
epoch    2740  HO=0.3156  meanSteps=   552.9  copy=0.891  A(t)=214  sim=3.5s
epoch    2760  HO=0.3206  meanSteps=   529.7  copy=0.901  A(t)=215  sim=3.5s
epoch    2780  HO=0.3076  meanSteps=   532.6  copy=0.900  A(t)=215  sim=3.6s
epoch    2800  HO=0.3112  meanSteps=   533.4  copy=0.904  A(t)=218  sim=3.6s
epoch    2820  HO=0.3086  meanSteps=   506.8  copy=0.898  A(t)=218  sim=3.6s
epoch    2840  HO=0.3047  meanSteps=   492.8  copy=0.892  A(t)=219  sim=3.7s
epoch    2860  HO=0.3009  meanSteps=   507.8  copy=0.895  A(t)=219  sim=3.7s
epoch    2880  HO=0.2941  meanSteps=   506.5  copy=0.888  A(t)=221  sim=3.8s
epoch    2900  HO=0.2877  meanSteps=   516.6  copy=0.888  A(t)=221  sim=3.8s
epoch    2920  HO=0.2842  meanSteps=   509.3  copy=0.887  A(t)=221  sim=3.8s
epoch    2940  HO=0.2794  meanSteps=   499.7  copy=0.877  A(t)=222  sim=3.8s
epoch    2960  HO=0.2855  meanSteps=   479.7  copy=0.881  A(t)=224  sim=3.9s
epoch    2980  HO=0.3117  meanSteps=   472.7  copy=0.889  A(t)=224  sim=3.9s
epoch    3000  HO=0.3006  meanSteps=   500.5  copy=0.894  A(t)=224  sim=3.9s
epoch    3020  HO=0.2945  meanSteps=   505.1  copy=0.891  A(t)=224  sim=4.0s
epoch    3040  HO=0.3049  meanSteps=   515.5  copy=0.895  A(t)=225  sim=4.0s
epoch    3060  HO=0.2973  meanSteps=   492.0  copy=0.901  A(t)=226  sim=4.0s
epoch    3080  HO=0.2998  meanSteps=   505.5  copy=0.899  A(t)=226  sim=4.0s
epoch    3100  HO=0.3040  meanSteps=   518.2  copy=0.894  A(t)=226  sim=4.1s
epoch    3120  HO=0.3009  meanSteps=   513.2  copy=0.897  A(t)=227  sim=4.1s
epoch    3140  HO=0.2926  meanSteps=   515.3  copy=0.900  A(t)=227  sim=4.1s
epoch    3160  HO=0.2869  meanSteps=   495.8  copy=0.899  A(t)=227  sim=4.1s
epoch    3180  HO=0.2792  meanSteps=   494.5  copy=0.901  A(t)=228  sim=4.1s
epoch    3200  HO=0.2722  meanSteps=   484.2  copy=0.901  A(t)=230  sim=4.2s
epoch    3220  HO=0.2701  meanSteps=   468.1  copy=0.901  A(t)=230  sim=4.2s
epoch    3240  HO=0.2559  meanSteps=   451.5  copy=0.900  A(t)=231  sim=4.3s
epoch    3260  HO=0.2598  meanSteps=   442.3  copy=0.897  A(t)=232  sim=4.3s
epoch    3280  HO=0.2793  meanSteps=   440.6  copy=0.893  A(t)=232  sim=4.3s
epoch    3300  HO=0.2781  meanSteps=   428.9  copy=0.891  A(t)=234  sim=4.3s
epoch    3320  HO=0.2776  meanSteps=   449.9  copy=0.883  A(t)=234  sim=4.3s
epoch    3340  HO=0.2667  meanSteps=   460.5  copy=0.890  A(t)=235  sim=4.4s
epoch    3360  HO=0.2615  meanSteps=   431.8  copy=0.889  A(t)=237  sim=4.4s
epoch    3380  HO=0.2581  meanSteps=   439.5  copy=0.894  A(t)=237  sim=4.4s
epoch    3400  HO=0.2933  meanSteps=   431.8  copy=0.889  A(t)=237  sim=4.4s
epoch    3420  HO=0.2789  meanSteps=   431.8  copy=0.879  A(t)=237  sim=4.4s
epoch    3440  HO=0.2765  meanSteps=   448.9  copy=0.870  A(t)=237  sim=4.5s
epoch    3460  HO=0.2806  meanSteps=   452.5  copy=0.874  A(t)=237  sim=4.5s
epoch    3480  HO=0.2951  meanSteps=   486.0  copy=0.869  A(t)=239  sim=4.5s
epoch    3500  HO=0.2974  meanSteps=   491.2  copy=0.862  A(t)=239  sim=4.6s
epoch    3520  HO=0.2960  meanSteps=   482.3  copy=0.863  A(t)=239  sim=4.6s
epoch    3540  HO=0.3010  meanSteps=   462.3  copy=0.861  A(t)=239  sim=4.6s
epoch    3560  HO=0.3027  meanSteps=   459.6  copy=0.858  A(t)=241  sim=4.6s
epoch    3580  HO=0.3177  meanSteps=   465.8  copy=0.859  A(t)=241  sim=4.6s
epoch    3600  HO=0.3384  meanSteps=   502.6  copy=0.850  A(t)=243  sim=4.7s
epoch    3620  HO=0.3245  meanSteps=   504.3  copy=0.840  A(t)=244  sim=4.7s
epoch    3640  HO=0.3250  meanSteps=   523.7  copy=0.851  A(t)=245  sim=4.7s
epoch    3660  HO=0.3542  meanSteps=   525.0  copy=0.845  A(t)=246  sim=4.8s
epoch    3680  HO=0.3610  meanSteps=   521.9  copy=0.842  A(t)=246  sim=4.8s
epoch    3700  HO=0.3700  meanSteps=   514.3  copy=0.840  A(t)=246  sim=4.8s
epoch    3720  HO=0.3583  meanSteps=   516.3  copy=0.831  A(t)=247  sim=4.9s
epoch    3740  HO=0.3485  meanSteps=   505.5  copy=0.822  A(t)=248  sim=4.9s
epoch    3760  HO=0.3447  meanSteps=   533.3  copy=0.822  A(t)=248  sim=4.9s
epoch    3780  HO=0.3361  meanSteps=   537.7  copy=0.829  A(t)=248  sim=4.9s
epoch    3800  HO=0.3468  meanSteps=   535.7  copy=0.835  A(t)=248  sim=4.9s
epoch    3820  HO=0.3382  meanSteps=   537.0  copy=0.834  A(t)=249  sim=5.0s
epoch    3840  HO=0.3374  meanSteps=   516.1  copy=0.837  A(t)=252  sim=5.0s
epoch    3860  HO=0.3543  meanSteps=   536.8  copy=0.839  A(t)=252  sim=5.0s
epoch    3880  HO=0.3449  meanSteps=   541.5  copy=0.844  A(t)=252  sim=5.0s
epoch    3900  HO=0.3564  meanSteps=   535.0  copy=0.833  A(t)=252  sim=5.0s
epoch    3920  HO=0.3400  meanSteps=   547.8  copy=0.825  A(t)=252  sim=5.1s
epoch    3940  HO=0.3640  meanSteps=   553.5  copy=0.823  A(t)=255  sim=5.1s
epoch    3960  HO=0.3578  meanSteps=   555.3  copy=0.818  A(t)=256  sim=5.1s
epoch    3980  HO=0.3504  meanSteps=   547.3  copy=0.823  A(t)=256  sim=5.1s
epoch    4000  HO=0.3578  meanSteps=   575.1  copy=0.831  A(t)=259  sim=5.2s
epoch    4020  HO=0.3569  meanSteps=   543.3  copy=0.831  A(t)=261  sim=5.2s
epoch    4040  HO=0.3626  meanSteps=   549.1  copy=0.826  A(t)=261  sim=5.2s
epoch    4060  HO=0.3731  meanSteps=   554.8  copy=0.828  A(t)=262  sim=5.2s
epoch    4080  HO=0.3707  meanSteps=   565.1  copy=0.824  A(t)=265  sim=5.3s
epoch    4100  HO=0.3590  meanSteps=   580.5  copy=0.839  A(t)=265  sim=5.3s
epoch    4120  HO=0.3455  meanSteps=   585.9  copy=0.833  A(t)=265  sim=5.3s
epoch    4140  HO=0.3572  meanSteps=   548.9  copy=0.829  A(t)=270  sim=5.3s
epoch    4160  HO=0.3505  meanSteps=   535.3  copy=0.833  A(t)=271  sim=5.4s
epoch    4180  HO=0.3477  meanSteps=   549.2  copy=0.817  A(t)=271  sim=5.4s
epoch    4200  HO=0.3537  meanSteps=   560.0  copy=0.808  A(t)=273  sim=5.4s
epoch    4220  HO=0.3508  meanSteps=   583.4  copy=0.811  A(t)=273  sim=5.5s
epoch    4240  HO=0.3539  meanSteps=   570.2  copy=0.813  A(t)=273  sim=5.5s
epoch    4260  HO=0.3562  meanSteps=   585.8  copy=0.812  A(t)=275  sim=5.5s
epoch    4280  HO=0.3401  meanSteps=   599.0  copy=0.807  A(t)=276  sim=5.5s
epoch    4300  HO=0.3435  meanSteps=   583.3  copy=0.810  A(t)=276  sim=5.6s
epoch    4320  HO=0.3554  meanSteps=   595.0  copy=0.801  A(t)=276  sim=5.6s
epoch    4340  HO=0.3513  meanSteps=   607.9  copy=0.798  A(t)=278  sim=5.6s
epoch    4360  HO=0.3586  meanSteps=   601.7  copy=0.806  A(t)=278  sim=5.7s
epoch    4380  HO=0.3755  meanSteps=   616.3  copy=0.796  A(t)=282  sim=5.7s
epoch    4400  HO=0.3960  meanSteps=   608.3  copy=0.796  A(t)=286  sim=5.7s
epoch    4420  HO=0.3907  meanSteps=   582.1  copy=0.800  A(t)=286  sim=5.8s
epoch    4440  HO=0.4098  meanSteps=   598.8  copy=0.799  A(t)=288  sim=5.8s
epoch    4460  HO=0.4054  meanSteps=   597.7  copy=0.809  A(t)=288  sim=5.8s
epoch    4480  HO=0.3819  meanSteps=   622.8  copy=0.814  A(t)=289  sim=5.8s
epoch    4500  HO=0.3881  meanSteps=   605.7  copy=0.812  A(t)=293  sim=5.9s
epoch    4520  HO=0.3877  meanSteps=   586.4  copy=0.820  A(t)=293  sim=5.9s
epoch    4540  HO=0.3811  meanSteps=   587.1  copy=0.812  A(t)=293  sim=5.9s
epoch    4560  HO=0.3759  meanSteps=   594.8  copy=0.817  A(t)=293  sim=5.9s
epoch    4580  HO=0.3626  meanSteps=   594.3  copy=0.816  A(t)=296  sim=6.0s
epoch    4600  HO=0.3665  meanSteps=   602.1  copy=0.798  A(t)=296  sim=6.0s
epoch    4620  HO=0.3663  meanSteps=   582.3  copy=0.791  A(t)=297  sim=6.0s
epoch    4640  HO=0.3740  meanSteps=   593.1  copy=0.799  A(t)=297  sim=6.0s
epoch    4660  HO=0.3665  meanSteps=   591.6  copy=0.799  A(t)=297  sim=6.1s
epoch    4680  HO=0.3687  meanSteps=   599.9  copy=0.788  A(t)=298  sim=6.1s
epoch    4700  HO=0.3546  meanSteps=   605.1  copy=0.783  A(t)=298  sim=6.2s
epoch    4720  HO=0.3599  meanSteps=   618.6  copy=0.792  A(t)=301  sim=6.2s
epoch    4740  HO=0.3578  meanSteps=   621.0  copy=0.786  A(t)=301  sim=6.3s
epoch    4760  HO=0.3567  meanSteps=   619.0  copy=0.784  A(t)=301  sim=6.3s
epoch    4780  HO=0.3568  meanSteps=   644.4  copy=0.781  A(t)=301  sim=6.3s
epoch    4800  HO=0.3512  meanSteps=   625.2  copy=0.783  A(t)=301  sim=6.4s
epoch    4820  HO=0.3481  meanSteps=   631.1  copy=0.774  A(t)=301  sim=6.4s
epoch    4840  HO=0.3528  meanSteps=   645.0  copy=0.778  A(t)=303  sim=6.5s
epoch    4860  HO=0.3482  meanSteps=   628.8  copy=0.778  A(t)=304  sim=6.5s
epoch    4880  HO=0.3371  meanSteps=   659.8  copy=0.778  A(t)=304  sim=6.6s
epoch    4900  HO=0.3389  meanSteps=   676.9  copy=0.781  A(t)=304  sim=6.6s
epoch    4920  HO=0.3395  meanSteps=   665.3  copy=0.784  A(t)=304  sim=6.7s
epoch    4940  HO=0.3602  meanSteps=   661.1  copy=0.790  A(t)=304  sim=6.7s
epoch    4960  HO=0.3578  meanSteps=   657.1  copy=0.786  A(t)=304  sim=6.7s
epoch    4980  HO=0.3438  meanSteps=   664.9  copy=0.786  A(t)=304  sim=6.8s
epoch    5000  HO=0.3308  meanSteps=   676.3  copy=0.775  A(t)=304  sim=6.8s
epoch    5020  HO=0.3218  meanSteps=   677.9  copy=0.763  A(t)=304  sim=6.9s
epoch    5040  HO=0.3115  meanSteps=   651.6  copy=0.769  A(t)=304  sim=6.9s
epoch    5060  HO=0.3087  meanSteps=   648.1  copy=0.770  A(t)=304  sim=7.0s
epoch    5080  HO=0.3041  meanSteps=   639.5  copy=0.776  A(t)=304  sim=7.0s
epoch    5100  HO=0.3017  meanSteps=   647.1  copy=0.782  A(t)=304  sim=7.1s
epoch    5120  HO=0.3030  meanSteps=   650.6  copy=0.782  A(t)=304  sim=7.1s
epoch    5140  HO=0.2985  meanSteps=   639.2  copy=0.782  A(t)=304  sim=7.1s
epoch    5160  HO=0.3042  meanSteps=   639.6  copy=0.783  A(t)=304  sim=7.2s
epoch    5180  HO=0.3044  meanSteps=   633.6  copy=0.785  A(t)=304  sim=7.2s
epoch    5200  HO=0.3179  meanSteps=   634.8  copy=0.781  A(t)=304  sim=7.3s
epoch    5220  HO=0.3348  meanSteps=   626.3  copy=0.784  A(t)=304  sim=7.3s
epoch    5240  HO=0.3302  meanSteps=   636.0  copy=0.793  A(t)=304  sim=7.4s
epoch    5260  HO=0.3383  meanSteps=   655.3  copy=0.782  A(t)=304  sim=7.4s
epoch    5280  HO=0.3348  meanSteps=   646.0  copy=0.784  A(t)=308  sim=7.5s
epoch    5300  HO=0.3260  meanSteps=   626.2  copy=0.779  A(t)=308  sim=7.5s
epoch    5320  HO=0.3229  meanSteps=   646.2  copy=0.779  A(t)=308  sim=7.6s
epoch    5340  HO=0.3232  meanSteps=   626.9  copy=0.772  A(t)=311  sim=7.6s
epoch    5360  HO=0.3125  meanSteps=   630.0  copy=0.765  A(t)=311  sim=7.6s
epoch    5380  HO=0.3060  meanSteps=   628.3  copy=0.757  A(t)=311  sim=7.7s
epoch    5400  HO=0.2976  meanSteps=   625.5  copy=0.738  A(t)=311  sim=7.7s
epoch    5420  HO=0.2873  meanSteps=   622.1  copy=0.739  A(t)=311  sim=7.8s
epoch    5440  HO=0.2772  meanSteps=   611.7  copy=0.758  A(t)=311  sim=7.8s
epoch    5460  HO=0.2665  meanSteps=   605.7  copy=0.757  A(t)=311  sim=7.9s
epoch    5480  HO=0.2662  meanSteps=   598.7  copy=0.766  A(t)=311  sim=7.9s
epoch    5500  HO=0.2504  meanSteps=   613.7  copy=0.758  A(t)=311  sim=7.9s
epoch    5520  HO=0.2510  meanSteps=   583.4  copy=0.756  A(t)=313  sim=8.0s
epoch    5540  HO=0.2474  meanSteps=   590.4  copy=0.756  A(t)=313  sim=8.0s
epoch    5560  HO=0.2352  meanSteps=   584.3  copy=0.753  A(t)=313  sim=8.1s
epoch    5580  HO=0.2293  meanSteps=   620.7  copy=0.746  A(t)=313  sim=8.1s
epoch    5600  HO=0.2542  meanSteps=   602.1  copy=0.745  A(t)=313  sim=8.2s
epoch    5620  HO=0.2677  meanSteps=   601.2  copy=0.744  A(t)=313  sim=8.2s
epoch    5640  HO=0.2629  meanSteps=   612.0  copy=0.745  A(t)=313  sim=8.2s
epoch    5660  HO=0.2820  meanSteps=   609.1  copy=0.749  A(t)=313  sim=8.2s
epoch    5680  HO=0.2763  meanSteps=   629.3  copy=0.745  A(t)=313  sim=8.3s
epoch    5700  HO=0.2714  meanSteps=   646.2  copy=0.748  A(t)=313  sim=8.3s
epoch    5720  HO=0.2633  meanSteps=   669.7  copy=0.742  A(t)=313  sim=8.3s
epoch    5740  HO=0.2535  meanSteps=   638.9  copy=0.740  A(t)=314  sim=8.3s
epoch    5760  HO=0.2466  meanSteps=   616.0  copy=0.746  A(t)=314  sim=8.4s
epoch    5780  HO=0.2409  meanSteps=   593.0  copy=0.744  A(t)=314  sim=8.4s
epoch    5800  HO=0.2458  meanSteps=   593.0  copy=0.748  A(t)=314  sim=8.4s
epoch    5820  HO=0.2421  meanSteps=   585.0  copy=0.744  A(t)=314  sim=8.4s
epoch    5840  HO=0.2392  meanSteps=   598.8  copy=0.744  A(t)=314  sim=8.4s
epoch    5860  HO=0.2411  meanSteps=   581.7  copy=0.752  A(t)=314  sim=8.5s
epoch    5880  HO=0.2405  meanSteps=   572.6  copy=0.756  A(t)=314  sim=8.5s
epoch    5900  HO=0.2511  meanSteps=   626.7  copy=0.751  A(t)=314  sim=8.6s
epoch    5920  HO=0.2590  meanSteps=   630.3  copy=0.742  A(t)=314  sim=8.6s
epoch    5940  HO=0.2757  meanSteps=   633.8  copy=0.747  A(t)=314  sim=8.6s
epoch    5960  HO=0.2651  meanSteps=   638.7  copy=0.748  A(t)=314  sim=8.6s
epoch    5980  HO=0.2579  meanSteps=   620.2  copy=0.740  A(t)=314  sim=8.6s
epoch    6000  HO=0.2530  meanSteps=   613.2  copy=0.748  A(t)=314  sim=8.7s
epoch    6020  HO=0.2470  meanSteps=   625.0  copy=0.750  A(t)=314  sim=8.7s
epoch    6040  HO=0.2305  meanSteps=   653.5  copy=0.764  A(t)=314  sim=8.7s
epoch    6060  HO=0.2294  meanSteps=   623.3  copy=0.776  A(t)=315  sim=8.7s
epoch    6080  HO=0.2268  meanSteps=   628.7  copy=0.780  A(t)=315  sim=8.8s
epoch    6100  HO=0.2293  meanSteps=   633.5  copy=0.781  A(t)=315  sim=8.8s
epoch    6120  HO=0.2254  meanSteps=   630.3  copy=0.792  A(t)=315  sim=8.8s
epoch    6140  HO=0.2235  meanSteps=   609.9  copy=0.785  A(t)=315  sim=8.8s
epoch    6160  HO=0.2213  meanSteps=   608.8  copy=0.796  A(t)=317  sim=8.9s
epoch    6180  HO=0.2270  meanSteps=   600.9  copy=0.805  A(t)=317  sim=8.9s
epoch    6200  HO=0.2258  meanSteps=   595.8  copy=0.811  A(t)=317  sim=8.9s
epoch    6220  HO=0.2189  meanSteps=   603.7  copy=0.816  A(t)=317  sim=8.9s
epoch    6240  HO=0.2176  meanSteps=   606.3  copy=0.804  A(t)=319  sim=9.0s
epoch    6260  HO=0.2124  meanSteps=   612.3  copy=0.799  A(t)=322  sim=9.0s
epoch    6280  HO=0.2122  meanSteps=   598.3  copy=0.803  A(t)=323  sim=9.0s
epoch    6300  HO=0.2043  meanSteps=   602.5  copy=0.802  A(t)=323  sim=9.0s
epoch    6320  HO=0.2032  meanSteps=   586.7  copy=0.802  A(t)=323  sim=9.0s
epoch    6340  HO=0.2140  meanSteps=   587.9  copy=0.805  A(t)=323  sim=9.1s
epoch    6360  HO=0.2167  meanSteps=   575.5  copy=0.808  A(t)=323  sim=9.1s
epoch    6380  HO=0.2122  meanSteps=   587.1  copy=0.813  A(t)=324  sim=9.1s
epoch    6400  HO=0.2106  meanSteps=   583.6  copy=0.820  A(t)=324  sim=9.2s
epoch    6420  HO=0.2107  meanSteps=   583.8  copy=0.823  A(t)=324  sim=9.2s
epoch    6440  HO=0.2208  meanSteps=   582.2  copy=0.825  A(t)=324  sim=9.2s
epoch    6460  HO=0.2251  meanSteps=   571.7  copy=0.832  A(t)=324  sim=9.2s
epoch    6480  HO=0.2193  meanSteps=   564.6  copy=0.824  A(t)=325  sim=9.3s
epoch    6500  HO=0.2159  meanSteps=   574.8  copy=0.821  A(t)=325  sim=9.3s
epoch    6520  HO=0.2249  meanSteps=   615.0  copy=0.825  A(t)=325  sim=9.3s
epoch    6540  HO=0.2233  meanSteps=   615.8  copy=0.825  A(t)=325  sim=9.3s
epoch    6560  HO=0.2486  meanSteps=   639.1  copy=0.823  A(t)=325  sim=9.4s
epoch    6580  HO=0.2415  meanSteps=   622.5  copy=0.832  A(t)=325  sim=9.4s
epoch    6600  HO=0.2327  meanSteps=   619.3  copy=0.821  A(t)=325  sim=9.4s
epoch    6620  HO=0.2244  meanSteps=   629.7  copy=0.825  A(t)=325  sim=9.5s
epoch    6640  HO=0.2338  meanSteps=   620.0  copy=0.825  A(t)=327  sim=9.5s
epoch    6660  HO=0.2374  meanSteps=   611.6  copy=0.830  A(t)=327  sim=9.5s
epoch    6680  HO=0.2438  meanSteps=   605.8  copy=0.824  A(t)=327  sim=9.5s
epoch    6700  HO=0.2439  meanSteps=   587.5  copy=0.835  A(t)=327  sim=9.6s
epoch    6720  HO=0.2613  meanSteps=   592.1  copy=0.830  A(t)=327  sim=9.6s
epoch    6740  HO=0.2554  meanSteps=   608.5  copy=0.839  A(t)=328  sim=9.6s
epoch    6760  HO=0.2559  meanSteps=   622.6  copy=0.840  A(t)=328  sim=9.6s
epoch    6780  HO=0.2430  meanSteps=   616.4  copy=0.837  A(t)=328  sim=9.7s
epoch    6800  HO=0.2591  meanSteps=   615.5  copy=0.834  A(t)=331  sim=9.7s
epoch    6820  HO=0.2732  meanSteps=   621.5  copy=0.834  A(t)=331  sim=9.7s
epoch    6840  HO=0.2615  meanSteps=   624.7  copy=0.832  A(t)=333  sim=9.7s
epoch    6860  HO=0.2627  meanSteps=   627.2  copy=0.828  A(t)=333  sim=9.8s
epoch    6880  HO=0.2988  meanSteps=   631.2  copy=0.825  A(t)=335  sim=9.8s
epoch    6900  HO=0.2942  meanSteps=   612.0  copy=0.841  A(t)=335  sim=9.9s
epoch    6920  HO=0.3243  meanSteps=   606.0  copy=0.839  A(t)=335  sim=9.9s
epoch    6940  HO=0.3380  meanSteps=   620.7  copy=0.848  A(t)=335  sim=9.9s
epoch    6960  HO=0.3289  meanSteps=   625.5  copy=0.859  A(t)=340  sim=9.9s
epoch    6980  HO=0.3366  meanSteps=   631.5  copy=0.867  A(t)=340  sim=10.0s
epoch    7000  HO=0.3287  meanSteps=   626.2  copy=0.874  A(t)=340  sim=10.0s
epoch    7020  HO=0.3278  meanSteps=   588.6  copy=0.879  A(t)=340  sim=10.0s
epoch    7040  HO=0.3084  meanSteps=   585.0  copy=0.879  A(t)=340  sim=10.0s
epoch    7060  HO=0.3171  meanSteps=   570.0  copy=0.878  A(t)=342  sim=10.1s
epoch    7080  HO=0.3227  meanSteps=   570.1  copy=0.874  A(t)=344  sim=10.1s
epoch    7100  HO=0.3132  meanSteps=   571.8  copy=0.874  A(t)=345  sim=10.1s
epoch    7120  HO=0.3102  meanSteps=   583.7  copy=0.875  A(t)=345  sim=10.1s
epoch    7140  HO=0.3014  meanSteps=   556.1  copy=0.877  A(t)=346  sim=10.2s
epoch    7160  HO=0.2864  meanSteps=   575.2  copy=0.874  A(t)=346  sim=10.2s
epoch    7180  HO=0.2829  meanSteps=   581.4  copy=0.875  A(t)=347  sim=10.2s
epoch    7200  HO=0.2849  meanSteps=   576.7  copy=0.875  A(t)=348  sim=10.3s
epoch    7220  HO=0.2747  meanSteps=   580.7  copy=0.879  A(t)=348  sim=10.3s
epoch    7240  HO=0.2795  meanSteps=   576.2  copy=0.877  A(t)=348  sim=10.3s
epoch    7260  HO=0.2582  meanSteps=   553.7  copy=0.886  A(t)=348  sim=10.3s
epoch    7280  HO=0.2559  meanSteps=   536.2  copy=0.884  A(t)=348  sim=10.4s
epoch    7300  HO=0.2333  meanSteps=   528.1  copy=0.880  A(t)=348  sim=10.4s
epoch    7320  HO=0.2246  meanSteps=   520.8  copy=0.877  A(t)=348  sim=10.4s
epoch    7340  HO=0.2207  meanSteps=   499.8  copy=0.876  A(t)=348  sim=10.4s
epoch    7360  HO=0.2046  meanSteps=   482.1  copy=0.875  A(t)=348  sim=10.4s
epoch    7380  HO=0.2054  meanSteps=   489.0  copy=0.881  A(t)=348  sim=10.5s
epoch    7400  HO=0.1939  meanSteps=   500.7  copy=0.885  A(t)=348  sim=10.5s
epoch    7420  HO=0.1836  meanSteps=   474.5  copy=0.882  A(t)=348  sim=10.6s
epoch    7440  HO=0.1783  meanSteps=   481.3  copy=0.874  A(t)=348  sim=10.6s
epoch    7460  HO=0.1726  meanSteps=   469.1  copy=0.881  A(t)=348  sim=10.6s
epoch    7480  HO=0.1658  meanSteps=   481.7  copy=0.874  A(t)=348  sim=10.7s
epoch    7500  HO=0.1519  meanSteps=   469.5  copy=0.878  A(t)=348  sim=10.7s
epoch    7520  HO=0.1620  meanSteps=   467.1  copy=0.881  A(t)=349  sim=10.7s
epoch    7540  HO=0.1604  meanSteps=   447.3  copy=0.883  A(t)=349  sim=10.7s
epoch    7560  HO=0.1515  meanSteps=   451.8  copy=0.876  A(t)=351  sim=10.8s
epoch    7580  HO=0.1473  meanSteps=   449.1  copy=0.882  A(t)=351  sim=10.8s
epoch    7600  HO=0.1440  meanSteps=   456.4  copy=0.879  A(t)=351  sim=10.8s
epoch    7620  HO=0.1530  meanSteps=   457.9  copy=0.873  A(t)=351  sim=10.8s
epoch    7640  HO=0.1553  meanSteps=   448.6  copy=0.878  A(t)=351  sim=10.9s
epoch    7660  HO=0.1457  meanSteps=   450.5  copy=0.871  A(t)=353  sim=10.9s
epoch    7680  HO=0.1415  meanSteps=   442.0  copy=0.865  A(t)=353  sim=10.9s
epoch    7700  HO=0.1548  meanSteps=   450.7  copy=0.867  A(t)=353  sim=11.0s
epoch    7720  HO=0.1591  meanSteps=   475.4  copy=0.863  A(t)=353  sim=11.0s
epoch    7740  HO=0.1506  meanSteps=   471.7  copy=0.854  A(t)=353  sim=11.0s
epoch    7760  HO=0.1496  meanSteps=   480.2  copy=0.855  A(t)=353  sim=11.0s
epoch    7780  HO=0.1538  meanSteps=   471.6  copy=0.850  A(t)=355  sim=11.0s
epoch    7800  HO=0.1464  meanSteps=   474.9  copy=0.851  A(t)=355  sim=11.1s
epoch    7820  HO=0.1408  meanSteps=   479.7  copy=0.857  A(t)=355  sim=11.1s
epoch    7840  HO=0.1455  meanSteps=   497.1  copy=0.862  A(t)=355  sim=11.1s
epoch    7860  HO=0.1362  meanSteps=   486.3  copy=0.858  A(t)=355  sim=11.2s
epoch    7880  HO=0.1307  meanSteps=   465.1  copy=0.859  A(t)=355  sim=11.2s
epoch    7900  HO=0.1288  meanSteps=   467.7  copy=0.869  A(t)=355  sim=11.2s
epoch    7920  HO=0.1236  meanSteps=   460.9  copy=0.863  A(t)=357  sim=11.2s
epoch    7940  HO=0.1283  meanSteps=   465.8  copy=0.851  A(t)=357  sim=11.2s
epoch    7960  HO=0.1359  meanSteps=   466.1  copy=0.853  A(t)=357  sim=11.3s
epoch    7980  HO=0.1427  meanSteps=   459.4  copy=0.859  A(t)=357  sim=11.3s
epoch    8000  HO=0.1448  meanSteps=   460.9  copy=0.853  A(t)=357  sim=11.3s
epoch    8020  HO=0.1378  meanSteps=   464.1  copy=0.848  A(t)=357  sim=11.4s
epoch    8040  HO=0.1396  meanSteps=   469.6  copy=0.850  A(t)=357  sim=11.4s
epoch    8060  HO=0.1329  meanSteps=   446.9  copy=0.854  A(t)=359  sim=11.4s
epoch    8080  HO=0.1235  meanSteps=   448.4  copy=0.859  A(t)=359  sim=11.5s
epoch    8100  HO=0.1276  meanSteps=   451.3  copy=0.855  A(t)=359  sim=11.5s
epoch    8120  HO=0.1154  meanSteps=   453.9  copy=0.859  A(t)=359  sim=11.6s
epoch    8140  HO=0.1178  meanSteps=   461.4  copy=0.857  A(t)=359  sim=11.6s
epoch    8160  HO=0.1148  meanSteps=   481.0  copy=0.862  A(t)=359  sim=11.7s
epoch    8180  HO=0.1065  meanSteps=   483.3  copy=0.865  A(t)=359  sim=11.7s
epoch    8200  HO=0.0986  meanSteps=   483.3  copy=0.860  A(t)=359  sim=11.7s
epoch    8220  HO=0.0967  meanSteps=   490.5  copy=0.857  A(t)=359  sim=11.8s
epoch    8240  HO=0.0962  meanSteps=   500.8  copy=0.855  A(t)=359  sim=11.8s
epoch    8260  HO=0.0874  meanSteps=   476.9  copy=0.855  A(t)=359  sim=11.8s
epoch    8280  HO=0.0968  meanSteps=   444.8  copy=0.858  A(t)=359  sim=11.8s
epoch    8300  HO=0.0965  meanSteps=   449.6  copy=0.857  A(t)=359  sim=11.8s
epoch    8320  HO=0.1041  meanSteps=   461.1  copy=0.862  A(t)=359  sim=11.9s
epoch    8340  HO=0.1308  meanSteps=   491.5  copy=0.866  A(t)=359  sim=11.9s
epoch    8360  HO=0.1289  meanSteps=   484.2  copy=0.862  A(t)=359  sim=12.0s
epoch    8380  HO=0.1334  meanSteps=   482.5  copy=0.865  A(t)=359  sim=12.0s
epoch    8400  HO=0.1357  meanSteps=   496.1  copy=0.862  A(t)=359  sim=12.0s
epoch    8420  HO=0.1164  meanSteps=   510.0  copy=0.857  A(t)=359  sim=12.1s
epoch    8440  HO=0.1187  meanSteps=   515.4  copy=0.854  A(t)=360  sim=12.1s
epoch    8460  HO=0.1069  meanSteps=   495.3  copy=0.850  A(t)=360  sim=12.1s
epoch    8480  HO=0.1093  meanSteps=   503.5  copy=0.849  A(t)=360  sim=12.2s
epoch    8500  HO=0.1184  meanSteps=   512.9  copy=0.852  A(t)=360  sim=12.2s
epoch    8520  HO=0.1093  meanSteps=   504.3  copy=0.849  A(t)=360  sim=12.3s
epoch    8540  HO=0.1115  meanSteps=   502.9  copy=0.849  A(t)=360  sim=12.3s
epoch    8560  HO=0.1152  meanSteps=   505.7  copy=0.857  A(t)=360  sim=12.3s
epoch    8580  HO=0.1129  meanSteps=   528.5  copy=0.860  A(t)=362  sim=12.4s
epoch    8600  HO=0.1074  meanSteps=   547.4  copy=0.854  A(t)=362  sim=12.4s
epoch    8620  HO=0.1157  meanSteps=   553.4  copy=0.855  A(t)=362  sim=12.5s
epoch    8640  HO=0.1111  meanSteps=   562.2  copy=0.858  A(t)=364  sim=12.5s
epoch    8660  HO=0.1234  meanSteps=   555.0  copy=0.851  A(t)=364  sim=12.6s
epoch    8680  HO=0.1253  meanSteps=   536.4  copy=0.854  A(t)=364  sim=12.6s
epoch    8700  HO=0.1306  meanSteps=   541.0  copy=0.846  A(t)=364  sim=12.6s
epoch    8720  HO=0.1399  meanSteps=   523.7  copy=0.856  A(t)=364  sim=12.6s
epoch    8740  HO=0.1491  meanSteps=   537.0  copy=0.862  A(t)=364  sim=12.7s
epoch    8760  HO=0.1475  meanSteps=   571.7  copy=0.862  A(t)=364  sim=12.7s
epoch    8780  HO=0.1413  meanSteps=   575.7  copy=0.862  A(t)=364  sim=12.7s
epoch    8800  HO=0.1432  meanSteps=   590.1  copy=0.855  A(t)=364  sim=12.7s
epoch    8820  HO=0.1336  meanSteps=   604.0  copy=0.853  A(t)=364  sim=12.8s
epoch    8840  HO=0.1366  meanSteps=   598.5  copy=0.852  A(t)=364  sim=12.8s
epoch    8860  HO=0.1316  meanSteps=   580.2  copy=0.851  A(t)=364  sim=12.9s
epoch    8880  HO=0.1358  meanSteps=   574.4  copy=0.847  A(t)=364  sim=12.9s
epoch    8900  HO=0.1312  meanSteps=   574.4  copy=0.851  A(t)=364  sim=12.9s
epoch    8920  HO=0.1402  meanSteps=   551.3  copy=0.850  A(t)=364  sim=13.0s
epoch    8940  HO=0.1466  meanSteps=   577.2  copy=0.842  A(t)=364  sim=13.0s
epoch    8960  HO=0.1478  meanSteps=   564.9  copy=0.835  A(t)=364  sim=13.0s
epoch    8980  HO=0.1489  meanSteps=   548.9  copy=0.831  A(t)=364  sim=13.0s
epoch    9000  HO=0.1505  meanSteps=   566.0  copy=0.830  A(t)=364  sim=13.1s
epoch    9020  HO=0.1485  meanSteps=   543.6  copy=0.837  A(t)=364  sim=13.1s
epoch    9040  HO=0.1427  meanSteps=   534.6  copy=0.830  A(t)=366  sim=13.1s
epoch    9060  HO=0.1358  meanSteps=   536.6  copy=0.838  A(t)=366  sim=13.1s
epoch    9080  HO=0.1359  meanSteps=   538.8  copy=0.836  A(t)=366  sim=13.1s
epoch    9100  HO=0.1307  meanSteps=   529.0  copy=0.833  A(t)=366  sim=13.2s
epoch    9120  HO=0.1195  meanSteps=   537.1  copy=0.843  A(t)=366  sim=13.2s
epoch    9140  HO=0.1127  meanSteps=   540.2  copy=0.836  A(t)=366  sim=13.2s
epoch    9160  HO=0.1081  meanSteps=   556.9  copy=0.839  A(t)=366  sim=13.2s
epoch    9180  HO=0.1219  meanSteps=   539.3  copy=0.835  A(t)=366  sim=13.3s
epoch    9200  HO=0.1143  meanSteps=   542.8  copy=0.834  A(t)=366  sim=13.3s
epoch    9220  HO=0.1273  meanSteps=   549.1  copy=0.846  A(t)=366  sim=13.3s
epoch    9240  HO=0.1334  meanSteps=   543.8  copy=0.849  A(t)=366  sim=13.3s
epoch    9260  HO=0.1469  meanSteps=   553.6  copy=0.854  A(t)=366  sim=13.3s
epoch    9280  HO=0.1587  meanSteps=   544.8  copy=0.861  A(t)=366  sim=13.4s
epoch    9300  HO=0.1546  meanSteps=   567.4  copy=0.853  A(t)=366  sim=13.4s
epoch    9320  HO=0.1504  meanSteps=   554.4  copy=0.846  A(t)=366  sim=13.5s
epoch    9340  HO=0.1637  meanSteps=   566.2  copy=0.848  A(t)=366  sim=13.5s
epoch    9360  HO=0.1544  meanSteps=   559.2  copy=0.846  A(t)=366  sim=13.5s
epoch    9380  HO=0.1602  meanSteps=   557.0  copy=0.841  A(t)=366  sim=13.6s
epoch    9400  HO=0.1533  meanSteps=   570.2  copy=0.844  A(t)=366  sim=13.6s
epoch    9420  HO=0.1525  meanSteps=   560.8  copy=0.837  A(t)=366  sim=13.7s
epoch    9440  HO=0.1489  meanSteps=   554.1  copy=0.838  A(t)=366  sim=13.7s
epoch    9460  HO=0.1493  meanSteps=   556.8  copy=0.836  A(t)=366  sim=13.7s
epoch    9480  HO=0.1565  meanSteps=   569.7  copy=0.841  A(t)=366  sim=13.8s
epoch    9500  HO=0.1465  meanSteps=   571.0  copy=0.834  A(t)=366  sim=13.8s
epoch    9520  HO=0.1583  meanSteps=   582.5  copy=0.837  A(t)=366  sim=13.8s
epoch    9540  HO=0.1520  meanSteps=   584.0  copy=0.836  A(t)=366  sim=13.8s
epoch    9560  HO=0.1549  meanSteps=   579.6  copy=0.848  A(t)=366  sim=13.9s
epoch    9580  HO=0.1614  meanSteps=   584.3  copy=0.844  A(t)=366  sim=13.9s
epoch    9600  HO=0.1554  meanSteps=   584.9  copy=0.842  A(t)=366  sim=13.9s
epoch    9620  HO=0.1527  meanSteps=   579.4  copy=0.838  A(t)=366  sim=14.0s
epoch    9640  HO=0.1688  meanSteps=   585.6  copy=0.833  A(t)=366  sim=14.0s
epoch    9660  HO=0.1795  meanSteps=   589.7  copy=0.834  A(t)=366  sim=14.0s
epoch    9680  HO=0.1961  meanSteps=   566.8  copy=0.841  A(t)=366  sim=14.1s
epoch    9700  HO=0.1947  meanSteps=   533.8  copy=0.830  A(t)=366  sim=14.1s
epoch    9720  HO=0.1919  meanSteps=   542.4  copy=0.822  A(t)=367  sim=14.1s
epoch    9740  HO=0.1887  meanSteps=   548.3  copy=0.825  A(t)=367  sim=14.1s
epoch    9760  HO=0.1807  meanSteps=   570.1  copy=0.832  A(t)=367  sim=14.1s
epoch    9780  HO=0.1787  meanSteps=   580.2  copy=0.835  A(t)=367  sim=14.2s
epoch    9800  HO=0.1735  meanSteps=   597.3  copy=0.830  A(t)=367  sim=14.2s
epoch    9820  HO=0.1758  meanSteps=   599.6  copy=0.823  A(t)=369  sim=14.2s
epoch    9840  HO=0.1928  meanSteps=   586.2  copy=0.823  A(t)=369  sim=14.2s
epoch    9860  HO=0.2072  meanSteps=   613.3  copy=0.824  A(t)=369  sim=14.3s
epoch    9880  HO=0.2122  meanSteps=   603.9  copy=0.823  A(t)=369  sim=14.3s
epoch    9900  HO=0.2146  meanSteps=   593.0  copy=0.841  A(t)=369  sim=14.3s
epoch    9920  HO=0.2091  meanSteps=   581.1  copy=0.833  A(t)=369  sim=14.4s
epoch    9940  HO=0.2087  meanSteps=   592.7  copy=0.833  A(t)=369  sim=14.4s
epoch    9960  HO=0.1967  meanSteps=   594.5  copy=0.830  A(t)=369  sim=14.4s
epoch    9980  HO=0.1894  meanSteps=   597.5  copy=0.818  A(t)=369  sim=14.4s
epoch   10000  HO=0.2173  meanSteps=   603.3  copy=0.823  A(t)=369  sim=14.5s
epoch   10020  HO=0.2024  meanSteps=   576.2  copy=0.822  A(t)=369  sim=14.5s
epoch   10040  HO=0.2168  meanSteps=   572.7  copy=0.817  A(t)=369  sim=14.5s
epoch   10060  HO=0.2195  meanSteps=   562.5  copy=0.828  A(t)=374  sim=14.5s
epoch   10080  HO=0.2097  meanSteps=   554.9  copy=0.835  A(t)=376  sim=14.6s
epoch   10100  HO=0.2148  meanSteps=   567.2  copy=0.838  A(t)=376  sim=14.6s
epoch   10120  HO=0.2062  meanSteps=   575.8  copy=0.844  A(t)=377  sim=14.6s
epoch   10140  HO=0.2102  meanSteps=   565.7  copy=0.845  A(t)=377  sim=14.6s
epoch   10160  HO=0.2123  meanSteps=   525.9  copy=0.841  A(t)=377  sim=14.6s
epoch   10180  HO=0.2131  meanSteps=   523.3  copy=0.839  A(t)=377  sim=14.7s
epoch   10200  HO=0.2089  meanSteps=   553.2  copy=0.828  A(t)=377  sim=14.7s
epoch   10220  HO=0.2060  meanSteps=   548.5  copy=0.828  A(t)=377  sim=14.7s
epoch   10240  HO=0.1952  meanSteps=   531.3  copy=0.830  A(t)=377  sim=14.7s
epoch   10260  HO=0.1966  meanSteps=   527.9  copy=0.829  A(t)=377  sim=14.7s
epoch   10280  HO=0.1841  meanSteps=   501.0  copy=0.824  A(t)=377  sim=14.8s
epoch   10300  HO=0.1909  meanSteps=   523.5  copy=0.817  A(t)=377  sim=14.8s
epoch   10320  HO=0.1935  meanSteps=   509.3  copy=0.800  A(t)=377  sim=14.8s
epoch   10340  HO=0.2071  meanSteps=   513.3  copy=0.790  A(t)=377  sim=14.9s
epoch   10360  HO=0.2265  meanSteps=   522.4  copy=0.791  A(t)=377  sim=14.9s
epoch   10380  HO=0.2277  meanSteps=   493.8  copy=0.783  A(t)=381  sim=15.0s
epoch   10400  HO=0.2299  meanSteps=   494.9  copy=0.784  A(t)=381  sim=15.0s
epoch   10420  HO=0.2253  meanSteps=   513.6  copy=0.778  A(t)=381  sim=15.0s
epoch   10440  HO=0.2235  meanSteps=   501.9  copy=0.778  A(t)=381  sim=15.0s
epoch   10460  HO=0.2395  meanSteps=   537.2  copy=0.782  A(t)=381  sim=15.1s
epoch   10480  HO=0.2482  meanSteps=   574.1  copy=0.779  A(t)=382  sim=15.1s
epoch   10500  HO=0.2489  meanSteps=   548.3  copy=0.768  A(t)=382  sim=15.1s
epoch   10520  HO=0.2536  meanSteps=   558.6  copy=0.772  A(t)=382  sim=15.1s
epoch   10540  HO=0.2562  meanSteps=   542.3  copy=0.769  A(t)=382  sim=15.1s
epoch   10560  HO=0.2501  meanSteps=   553.3  copy=0.759  A(t)=382  sim=15.2s
epoch   10580  HO=0.2457  meanSteps=   539.3  copy=0.767  A(t)=383  sim=15.2s
epoch   10600  HO=0.2450  meanSteps=   559.2  copy=0.760  A(t)=383  sim=15.2s
epoch   10620  HO=0.2554  meanSteps=   564.8  copy=0.765  A(t)=385  sim=15.2s
epoch   10640  HO=0.2729  meanSteps=   556.1  copy=0.763  A(t)=385  sim=15.2s
epoch   10660  HO=0.2867  meanSteps=   564.5  copy=0.766  A(t)=385  sim=15.3s
epoch   10680  HO=0.2801  meanSteps=   551.1  copy=0.764  A(t)=385  sim=15.3s
epoch   10700  HO=0.2768  meanSteps=   525.1  copy=0.772  A(t)=386  sim=15.3s
epoch   10720  HO=0.2770  meanSteps=   519.8  copy=0.786  A(t)=386  sim=15.3s
epoch   10740  HO=0.2670  meanSteps=   527.2  copy=0.789  A(t)=386  sim=15.4s
epoch   10760  HO=0.2766  meanSteps=   530.5  copy=0.791  A(t)=386  sim=15.4s
epoch   10780  HO=0.2702  meanSteps=   547.0  copy=0.792  A(t)=386  sim=15.4s
epoch   10800  HO=0.2870  meanSteps=   531.7  copy=0.785  A(t)=386  sim=15.4s
epoch   10820  HO=0.2942  meanSteps=   525.8  copy=0.787  A(t)=386  sim=15.4s
epoch   10840  HO=0.2930  meanSteps=   525.1  copy=0.789  A(t)=386  sim=15.5s
epoch   10860  HO=0.2919  meanSteps=   510.9  copy=0.794  A(t)=386  sim=15.5s
epoch   10880  HO=0.2898  meanSteps=   512.2  copy=0.792  A(t)=386  sim=15.5s
epoch   10900  HO=0.3019  meanSteps=   493.3  copy=0.784  A(t)=386  sim=15.6s
epoch   10920  HO=0.2993  meanSteps=   473.6  copy=0.789  A(t)=387  sim=15.6s
epoch   10940  HO=0.2984  meanSteps=   471.6  copy=0.787  A(t)=388  sim=15.7s
epoch   10960  HO=0.2917  meanSteps=   464.0  copy=0.795  A(t)=390  sim=15.7s
epoch   10980  HO=0.2965  meanSteps=   479.9  copy=0.790  A(t)=390  sim=15.7s
epoch   11000  HO=0.3029  meanSteps=   480.1  copy=0.803  A(t)=390  sim=15.8s
epoch   11020  HO=0.3064  meanSteps=   491.4  copy=0.811  A(t)=390  sim=15.8s
epoch   11040  HO=0.3386  meanSteps=   471.5  copy=0.817  A(t)=390  sim=15.8s
epoch   11060  HO=0.3572  meanSteps=   468.5  copy=0.817  A(t)=390  sim=15.9s
epoch   11080  HO=0.3597  meanSteps=   482.0  copy=0.811  A(t)=390  sim=15.9s
epoch   11100  HO=0.3526  meanSteps=   444.4  copy=0.807  A(t)=390  sim=16.0s
epoch   11120  HO=0.3628  meanSteps=   457.1  copy=0.798  A(t)=394  sim=16.0s
epoch   11140  HO=0.3634  meanSteps=   428.5  copy=0.799  A(t)=394  sim=16.0s
epoch   11160  HO=0.3611  meanSteps=   429.9  copy=0.797  A(t)=395  sim=16.1s
epoch   11180  HO=0.3702  meanSteps=   453.5  copy=0.806  A(t)=395  sim=16.1s
epoch   11200  HO=0.3866  meanSteps=   435.6  copy=0.805  A(t)=395  sim=16.1s
epoch   11220  HO=0.3778  meanSteps=   428.6  copy=0.805  A(t)=395  sim=16.2s
epoch   11240  HO=0.3728  meanSteps=   423.3  copy=0.809  A(t)=395  sim=16.2s
epoch   11260  HO=0.3640  meanSteps=   423.4  copy=0.810  A(t)=395  sim=16.2s
epoch   11280  HO=0.3564  meanSteps=   440.0  copy=0.816  A(t)=395  sim=16.3s
epoch   11300  HO=0.3561  meanSteps=   444.2  copy=0.817  A(t)=398  sim=16.3s
epoch   11320  HO=0.3517  meanSteps=   445.1  copy=0.824  A(t)=398  sim=16.3s
epoch   11340  HO=0.3524  meanSteps=   431.1  copy=0.823  A(t)=401  sim=16.4s
epoch   11360  HO=0.3332  meanSteps=   427.5  copy=0.820  A(t)=401  sim=16.4s
epoch   11380  HO=0.3181  meanSteps=   429.0  copy=0.819  A(t)=401  sim=16.5s
epoch   11400  HO=0.3266  meanSteps=   441.3  copy=0.833  A(t)=401  sim=16.5s
epoch   11420  HO=0.3283  meanSteps=   447.6  copy=0.832  A(t)=401  sim=16.5s
epoch   11440  HO=0.3278  meanSteps=   440.4  copy=0.831  A(t)=401  sim=16.5s
epoch   11460  HO=0.3252  meanSteps=   438.3  copy=0.828  A(t)=401  sim=16.6s
epoch   11480  HO=0.3220  meanSteps=   420.1  copy=0.836  A(t)=401  sim=16.6s
epoch   11500  HO=0.3310  meanSteps=   415.9  copy=0.832  A(t)=401  sim=16.6s
epoch   11520  HO=0.3241  meanSteps=   399.4  copy=0.830  A(t)=401  sim=16.6s
epoch   11540  HO=0.3167  meanSteps=   393.5  copy=0.826  A(t)=401  sim=16.6s
epoch   11560  HO=0.3075  meanSteps=   387.2  copy=0.833  A(t)=401  sim=16.7s
epoch   11580  HO=0.3207  meanSteps=   376.1  copy=0.841  A(t)=401  sim=16.7s
epoch   11600  HO=0.3198  meanSteps=   372.9  copy=0.847  A(t)=403  sim=16.7s
epoch   11620  HO=0.3264  meanSteps=   383.0  copy=0.842  A(t)=403  sim=16.8s
epoch   11640  HO=0.3196  meanSteps=   388.1  copy=0.851  A(t)=403  sim=16.8s
epoch   11660  HO=0.3181  meanSteps=   388.7  copy=0.861  A(t)=403  sim=16.8s
epoch   11680  HO=0.3170  meanSteps=   393.9  copy=0.848  A(t)=403  sim=16.8s
epoch   11700  HO=0.3101  meanSteps=   407.2  copy=0.862  A(t)=403  sim=16.8s
epoch   11720  HO=0.3046  meanSteps=   425.0  copy=0.859  A(t)=403  sim=16.9s
epoch   11740  HO=0.2927  meanSteps=   425.3  copy=0.872  A(t)=403  sim=16.9s
epoch   11760  HO=0.2934  meanSteps=   434.2  copy=0.877  A(t)=404  sim=16.9s
epoch   11780  HO=0.2935  meanSteps=   435.0  copy=0.868  A(t)=404  sim=16.9s
epoch   11800  HO=0.2783  meanSteps=   428.0  copy=0.877  A(t)=404  sim=17.0s
epoch   11820  HO=0.2677  meanSteps=   442.6  copy=0.889  A(t)=404  sim=17.0s
epoch   11840  HO=0.2577  meanSteps=   439.8  copy=0.891  A(t)=404  sim=17.0s
epoch   11860  HO=0.2762  meanSteps=   440.3  copy=0.885  A(t)=404  sim=17.1s
epoch   11880  HO=0.2805  meanSteps=   431.5  copy=0.887  A(t)=404  sim=17.1s
epoch   11900  HO=0.2732  meanSteps=   431.2  copy=0.882  A(t)=404  sim=17.1s
epoch   11920  HO=0.2774  meanSteps=   427.1  copy=0.881  A(t)=404  sim=17.1s
epoch   11940  HO=0.2716  meanSteps=   419.6  copy=0.882  A(t)=404  sim=17.2s
epoch   11960  HO=0.2745  meanSteps=   427.7  copy=0.885  A(t)=408  sim=17.2s
epoch   11980  HO=0.2670  meanSteps=   435.4  copy=0.888  A(t)=409  sim=17.2s
epoch   12000  HO=0.2519  meanSteps=   444.8  copy=0.894  A(t)=409  sim=17.2s
epoch   12020  HO=0.2672  meanSteps=   463.8  copy=0.895  A(t)=409  sim=17.2s
epoch   12040  HO=0.2489  meanSteps=   448.5  copy=0.902  A(t)=409  sim=17.3s
epoch   12060  HO=0.2509  meanSteps=   443.0  copy=0.898  A(t)=409  sim=17.3s
epoch   12080  HO=0.2508  meanSteps=   442.1  copy=0.897  A(t)=409  sim=17.3s
epoch   12100  HO=0.2352  meanSteps=   473.2  copy=0.888  A(t)=414  sim=17.3s
epoch   12120  HO=0.2426  meanSteps=   461.8  copy=0.898  A(t)=416  sim=17.3s
epoch   12140  HO=0.2352  meanSteps=   481.3  copy=0.897  A(t)=416  sim=17.4s
epoch   12160  HO=0.2186  meanSteps=   510.4  copy=0.886  A(t)=418  sim=17.4s
epoch   12180  HO=0.2219  meanSteps=   532.1  copy=0.889  A(t)=418  sim=17.4s
epoch   12200  HO=0.2360  meanSteps=   517.0  copy=0.885  A(t)=418  sim=17.4s
epoch   12220  HO=0.2288  meanSteps=   525.2  copy=0.883  A(t)=418  sim=17.4s
epoch   12240  HO=0.2208  meanSteps=   533.4  copy=0.878  A(t)=420  sim=17.5s
epoch   12260  HO=0.2116  meanSteps=   536.0  copy=0.870  A(t)=420  sim=17.5s
epoch   12280  HO=0.2161  meanSteps=   524.5  copy=0.866  A(t)=420  sim=17.5s
epoch   12300  HO=0.2167  meanSteps=   523.1  copy=0.874  A(t)=420  sim=17.5s
epoch   12320  HO=0.2115  meanSteps=   522.1  copy=0.871  A(t)=420  sim=17.6s
epoch   12340  HO=0.2163  meanSteps=   505.3  copy=0.875  A(t)=420  sim=17.6s
epoch   12360  HO=0.2164  meanSteps=   512.3  copy=0.877  A(t)=420  sim=17.7s
epoch   12380  HO=0.2208  meanSteps=   489.9  copy=0.882  A(t)=420  sim=17.7s
epoch   12400  HO=0.2225  meanSteps=   495.8  copy=0.878  A(t)=420  sim=17.7s
epoch   12420  HO=0.2520  meanSteps=   511.1  copy=0.892  A(t)=420  sim=17.7s
epoch   12440  HO=0.2344  meanSteps=   502.9  copy=0.885  A(t)=422  sim=17.8s
epoch   12460  HO=0.2419  meanSteps=   511.0  copy=0.885  A(t)=422  sim=17.8s
epoch   12480  HO=0.2584  meanSteps=   525.7  copy=0.882  A(t)=422  sim=17.8s
epoch   12500  HO=0.2585  meanSteps=   558.6  copy=0.890  A(t)=423  sim=17.8s
epoch   12520  HO=0.2481  meanSteps=   547.3  copy=0.887  A(t)=423  sim=17.9s
epoch   12540  HO=0.2449  meanSteps=   546.5  copy=0.892  A(t)=423  sim=17.9s
epoch   12560  HO=0.2407  meanSteps=   541.1  copy=0.885  A(t)=427  sim=17.9s
epoch   12580  HO=0.2299  meanSteps=   537.1  copy=0.880  A(t)=427  sim=18.0s
epoch   12600  HO=0.2320  meanSteps=   536.6  copy=0.886  A(t)=427  sim=18.0s
epoch   12620  HO=0.2317  meanSteps=   525.8  copy=0.878  A(t)=429  sim=18.1s
epoch   12640  HO=0.2235  meanSteps=   533.7  copy=0.880  A(t)=429  sim=18.1s
epoch   12660  HO=0.2261  meanSteps=   545.9  copy=0.884  A(t)=429  sim=18.2s
epoch   12680  HO=0.2474  meanSteps=   539.5  copy=0.892  A(t)=429  sim=18.2s
epoch   12700  HO=0.2444  meanSteps=   550.9  copy=0.902  A(t)=429  sim=18.2s
epoch   12720  HO=0.2313  meanSteps=   546.0  copy=0.901  A(t)=429  sim=18.3s
epoch   12740  HO=0.2259  meanSteps=   568.6  copy=0.901  A(t)=429  sim=18.3s
epoch   12760  HO=0.2101  meanSteps=   570.1  copy=0.897  A(t)=431  sim=18.4s
epoch   12780  HO=0.2053  meanSteps=   559.1  copy=0.897  A(t)=431  sim=18.4s
epoch   12800  HO=0.2000  meanSteps=   526.1  copy=0.898  A(t)=433  sim=18.4s
epoch   12820  HO=0.1938  meanSteps=   515.7  copy=0.899  A(t)=433  sim=18.4s
epoch   12840  HO=0.2069  meanSteps=   483.0  copy=0.904  A(t)=433  sim=18.4s
epoch   12860  HO=0.2106  meanSteps=   470.0  copy=0.910  A(t)=436  sim=18.5s
epoch   12880  HO=0.2073  meanSteps=   463.9  copy=0.921  A(t)=436  sim=18.5s
epoch   12900  HO=0.2150  meanSteps=   460.0  copy=0.919  A(t)=436  sim=18.5s
epoch   12920  HO=0.2237  meanSteps=   478.6  copy=0.923  A(t)=437  sim=18.5s
epoch   12940  HO=0.2085  meanSteps=   473.1  copy=0.920  A(t)=437  sim=18.5s
epoch   12960  HO=0.1966  meanSteps=   455.0  copy=0.924  A(t)=437  sim=18.6s
epoch   12980  HO=0.2028  meanSteps=   459.4  copy=0.921  A(t)=437  sim=18.6s
epoch   13000  HO=0.2028  meanSteps=   447.5  copy=0.920  A(t)=437  sim=18.6s
epoch   13020  HO=0.2075  meanSteps=   455.7  copy=0.912  A(t)=437  sim=18.6s
epoch   13040  HO=0.2149  meanSteps=   460.4  copy=0.910  A(t)=437  sim=18.6s
epoch   13060  HO=0.2098  meanSteps=   449.3  copy=0.912  A(t)=437  sim=18.7s
epoch   13080  HO=0.1969  meanSteps=   469.9  copy=0.913  A(t)=437  sim=18.7s
epoch   13100  HO=0.1942  meanSteps=   462.2  copy=0.906  A(t)=437  sim=18.7s
epoch   13120  HO=0.1926  meanSteps=   478.1  copy=0.901  A(t)=437  sim=18.7s
epoch   13140  HO=0.1979  meanSteps=   482.8  copy=0.895  A(t)=437  sim=18.8s
epoch   13160  HO=0.2006  meanSteps=   472.8  copy=0.891  A(t)=437  sim=18.8s
epoch   13180  HO=0.1944  meanSteps=   474.4  copy=0.893  A(t)=437  sim=18.8s
epoch   13200  HO=0.1772  meanSteps=   479.2  copy=0.890  A(t)=438  sim=18.8s
epoch   13220  HO=0.1720  meanSteps=   476.1  copy=0.885  A(t)=440  sim=18.8s
epoch   13240  HO=0.1738  meanSteps=   475.9  copy=0.893  A(t)=440  sim=18.9s
epoch   13260  HO=0.1778  meanSteps=   475.9  copy=0.892  A(t)=442  sim=18.9s
epoch   13280  HO=0.1832  meanSteps=   480.9  copy=0.892  A(t)=442  sim=18.9s
epoch   13300  HO=0.1828  meanSteps=   489.3  copy=0.893  A(t)=442  sim=18.9s
epoch   13320  HO=0.1769  meanSteps=   487.2  copy=0.901  A(t)=442  sim=19.0s
epoch   13340  HO=0.1868  meanSteps=   455.4  copy=0.894  A(t)=442  sim=19.0s
epoch   13360  HO=0.1961  meanSteps=   461.1  copy=0.886  A(t)=442  sim=19.0s
epoch   13380  HO=0.1962  meanSteps=   451.1  copy=0.887  A(t)=442  sim=19.0s
epoch   13400  HO=0.1853  meanSteps=   454.6  copy=0.890  A(t)=442  sim=19.1s
epoch   13420  HO=0.1887  meanSteps=   430.4  copy=0.889  A(t)=442  sim=19.1s
epoch   13440  HO=0.1863  meanSteps=   425.2  copy=0.892  A(t)=442  sim=19.1s
epoch   13460  HO=0.1717  meanSteps=   427.6  copy=0.892  A(t)=442  sim=19.1s
epoch   13480  HO=0.1766  meanSteps=   452.0  copy=0.896  A(t)=442  sim=19.1s
epoch   13500  HO=0.1804  meanSteps=   450.2  copy=0.883  A(t)=442  sim=19.2s
epoch   13520  HO=0.1899  meanSteps=   458.6  copy=0.878  A(t)=442  sim=19.2s
epoch   13540  HO=0.1789  meanSteps=   464.6  copy=0.881  A(t)=442  sim=19.2s
epoch   13560  HO=0.1654  meanSteps=   466.8  copy=0.886  A(t)=442  sim=19.2s
epoch   13580  HO=0.1744  meanSteps=   481.7  copy=0.883  A(t)=442  sim=19.2s
epoch   13600  HO=0.1723  meanSteps=   493.9  copy=0.874  A(t)=442  sim=19.3s
epoch   13620  HO=0.1790  meanSteps=   493.0  copy=0.879  A(t)=442  sim=19.3s
epoch   13640  HO=0.1682  meanSteps=   489.2  copy=0.875  A(t)=442  sim=19.3s
epoch   13660  HO=0.1699  meanSteps=   487.4  copy=0.875  A(t)=442  sim=19.3s
epoch   13680  HO=0.1653  meanSteps=   484.5  copy=0.857  A(t)=442  sim=19.3s
epoch   13700  HO=0.1574  meanSteps=   462.0  copy=0.850  A(t)=442  sim=19.4s
epoch   13720  HO=0.1584  meanSteps=   471.3  copy=0.844  A(t)=442  sim=19.4s
epoch   13740  HO=0.1559  meanSteps=   474.4  copy=0.846  A(t)=442  sim=19.4s
epoch   13760  HO=0.1587  meanSteps=   477.1  copy=0.856  A(t)=442  sim=19.4s
epoch   13780  HO=0.1639  meanSteps=   489.4  copy=0.864  A(t)=442  sim=19.5s
epoch   13800  HO=0.1886  meanSteps=   494.7  copy=0.875  A(t)=442  sim=19.5s
epoch   13820  HO=0.1849  meanSteps=   495.0  copy=0.867  A(t)=446  sim=19.6s
epoch   13840  HO=0.1708  meanSteps=   490.6  copy=0.865  A(t)=446  sim=19.6s
epoch   13860  HO=0.1772  meanSteps=   495.0  copy=0.864  A(t)=447  sim=19.6s
epoch   13880  HO=0.2013  meanSteps=   504.4  copy=0.867  A(t)=447  sim=19.7s
epoch   13900  HO=0.2115  meanSteps=   497.9  copy=0.852  A(t)=447  sim=19.7s
epoch   13920  HO=0.2166  meanSteps=   524.4  copy=0.849  A(t)=447  sim=19.7s
epoch   13940  HO=0.2159  meanSteps=   543.6  copy=0.844  A(t)=449  sim=19.7s
epoch   13960  HO=0.2097  meanSteps=   552.7  copy=0.833  A(t)=449  sim=19.7s
epoch   13980  HO=0.2212  meanSteps=   564.9  copy=0.846  A(t)=449  sim=19.8s
epoch   14000  HO=0.2327  meanSteps=   593.6  copy=0.852  A(t)=449  sim=19.8s
epoch   14020  HO=0.2423  meanSteps=   609.2  copy=0.850  A(t)=449  sim=19.8s
epoch   14040  HO=0.2391  meanSteps=   575.4  copy=0.852  A(t)=449  sim=19.9s
epoch   14060  HO=0.2354  meanSteps=   572.5  copy=0.841  A(t)=449  sim=19.9s
epoch   14080  HO=0.2591  meanSteps=   609.1  copy=0.845  A(t)=449  sim=19.9s
epoch   14100  HO=0.2537  meanSteps=   608.5  copy=0.850  A(t)=449  sim=20.0s
epoch   14120  HO=0.2487  meanSteps=   622.3  copy=0.851  A(t)=449  sim=20.0s
epoch   14140  HO=0.2557  meanSteps=   636.9  copy=0.846  A(t)=449  sim=20.0s
epoch   14160  HO=0.2520  meanSteps=   580.3  copy=0.843  A(t)=454  sim=20.0s
epoch   14180  HO=0.2605  meanSteps=   576.5  copy=0.842  A(t)=454  sim=20.1s
epoch   14200  HO=0.2849  meanSteps=   648.9  copy=0.840  A(t)=454  sim=20.1s
epoch   14220  HO=0.2718  meanSteps=   626.6  copy=0.840  A(t)=454  sim=20.2s
epoch   14240  HO=0.2665  meanSteps=   632.8  copy=0.851  A(t)=454  sim=20.2s
epoch   14260  HO=0.2630  meanSteps=   606.1  copy=0.847  A(t)=454  sim=20.2s
epoch   14280  HO=0.2696  meanSteps=   601.2  copy=0.845  A(t)=454  sim=20.3s
epoch   14300  HO=0.2721  meanSteps=   608.8  copy=0.838  A(t)=454  sim=20.3s
epoch   14320  HO=0.2981  meanSteps=   595.0  copy=0.836  A(t)=456  sim=20.4s
epoch   14340  HO=0.2915  meanSteps=   584.9  copy=0.838  A(t)=456  sim=20.4s
epoch   14360  HO=0.3002  meanSteps=   596.9  copy=0.843  A(t)=456  sim=20.4s
epoch   14380  HO=0.3044  meanSteps=   587.8  copy=0.847  A(t)=456  sim=20.4s
epoch   14400  HO=0.3192  meanSteps=   606.8  copy=0.849  A(t)=456  sim=20.4s
epoch   14420  HO=0.3086  meanSteps=   607.3  copy=0.854  A(t)=456  sim=20.5s
epoch   14440  HO=0.3115  meanSteps=   593.5  copy=0.857  A(t)=456  sim=20.5s
epoch   14460  HO=0.3166  meanSteps=   581.4  copy=0.862  A(t)=456  sim=20.6s
epoch   14480  HO=0.3160  meanSteps=   601.8  copy=0.862  A(t)=456  sim=20.6s
epoch   14500  HO=0.3065  meanSteps=   609.3  copy=0.863  A(t)=456  sim=20.6s
epoch   14520  HO=0.2995  meanSteps=   603.6  copy=0.858  A(t)=456  sim=20.7s
epoch   14540  HO=0.2978  meanSteps=   611.9  copy=0.850  A(t)=456  sim=20.7s
epoch   14560  HO=0.2909  meanSteps=   600.0  copy=0.843  A(t)=456  sim=20.8s
epoch   14580  HO=0.2864  meanSteps=   617.4  copy=0.839  A(t)=456  sim=20.8s
epoch   14600  HO=0.2842  meanSteps=   663.6  copy=0.839  A(t)=456  sim=20.9s
epoch   14620  HO=0.2746  meanSteps=   669.8  copy=0.846  A(t)=456  sim=20.9s
epoch   14640  HO=0.2739  meanSteps=   664.0  copy=0.848  A(t)=456  sim=20.9s
epoch   14660  HO=0.2564  meanSteps=   638.8  copy=0.849  A(t)=456  sim=20.9s
epoch   14680  HO=0.2570  meanSteps=   622.3  copy=0.847  A(t)=456  sim=20.9s
epoch   14700  HO=0.2584  meanSteps=   649.9  copy=0.846  A(t)=456  sim=21.0s
epoch   14720  HO=0.2466  meanSteps=   648.0  copy=0.848  A(t)=456  sim=21.0s
epoch   14740  HO=0.2427  meanSteps=   657.0  copy=0.846  A(t)=456  sim=21.1s
epoch   14760  HO=0.2405  meanSteps=   647.9  copy=0.836  A(t)=456  sim=21.1s
epoch   14780  HO=0.2291  meanSteps=   607.6  copy=0.837  A(t)=456  sim=21.1s
epoch   14800  HO=0.2167  meanSteps=   607.1  copy=0.837  A(t)=456  sim=21.2s
epoch   14820  HO=0.2174  meanSteps=   597.4  copy=0.839  A(t)=456  sim=21.2s
epoch   14840  HO=0.2254  meanSteps=   614.2  copy=0.833  A(t)=456  sim=21.2s
epoch   14860  HO=0.2405  meanSteps=   635.5  copy=0.838  A(t)=456  sim=21.2s
epoch   14880  HO=0.2811  meanSteps=   608.7  copy=0.842  A(t)=456  sim=21.3s
epoch   14900  HO=0.2743  meanSteps=   612.1  copy=0.844  A(t)=456  sim=21.3s
epoch   14920  HO=0.2676  meanSteps=   600.7  copy=0.836  A(t)=456  sim=21.3s
epoch   14940  HO=0.2816  meanSteps=   603.9  copy=0.831  A(t)=456  sim=21.4s
epoch   14960  HO=0.2801  meanSteps=   597.0  copy=0.841  A(t)=456  sim=21.4s
epoch   14980  HO=0.2926  meanSteps=   621.0  copy=0.841  A(t)=456  sim=21.5s
epoch   15000  HO=0.3161  meanSteps=   604.2  copy=0.859  A(t)=456  sim=21.5s
epoch   15020  HO=0.3203  meanSteps=   588.6  copy=0.872  A(t)=456  sim=21.5s
epoch   15040  HO=0.3221  meanSteps=   558.7  copy=0.869  A(t)=456  sim=21.5s
epoch   15060  HO=0.3466  meanSteps=   554.8  copy=0.875  A(t)=456  sim=21.6s
epoch   15080  HO=0.3576  meanSteps=   559.9  copy=0.875  A(t)=464  sim=21.6s
epoch   15100  HO=0.3452  meanSteps=   547.4  copy=0.876  A(t)=464  sim=21.6s
epoch   15120  HO=0.3301  meanSteps=   545.9  copy=0.876  A(t)=464  sim=21.6s
epoch   15140  HO=0.3285  meanSteps=   562.1  copy=0.866  A(t)=465  sim=21.7s
epoch   15160  HO=0.3352  meanSteps=   594.2  copy=0.867  A(t)=465  sim=21.7s
epoch   15180  HO=0.3445  meanSteps=   592.2  copy=0.867  A(t)=467  sim=21.8s
epoch   15200  HO=0.3575  meanSteps=   602.8  copy=0.870  A(t)=467  sim=21.8s
epoch   15220  HO=0.3622  meanSteps=   601.3  copy=0.870  A(t)=467  sim=21.8s
epoch   15240  HO=0.3635  meanSteps=   589.6  copy=0.858  A(t)=467  sim=21.9s
epoch   15260  HO=0.3658  meanSteps=   603.1  copy=0.864  A(t)=467  sim=21.9s
epoch   15280  HO=0.3680  meanSteps=   607.1  copy=0.855  A(t)=467  sim=21.9s
epoch   15300  HO=0.3598  meanSteps=   591.6  copy=0.852  A(t)=467  sim=21.9s
epoch   15320  HO=0.3572  meanSteps=   607.2  copy=0.858  A(t)=467  sim=22.0s
epoch   15340  HO=0.3687  meanSteps=   617.7  copy=0.854  A(t)=467  sim=22.0s
epoch   15360  HO=0.3721  meanSteps=   588.7  copy=0.859  A(t)=467  sim=22.0s
epoch   15380  HO=0.3608  meanSteps=   595.5  copy=0.866  A(t)=467  sim=22.0s
epoch   15400  HO=0.3503  meanSteps=   586.9  copy=0.863  A(t)=467  sim=22.1s
epoch   15420  HO=0.3566  meanSteps=   592.8  copy=0.864  A(t)=467  sim=22.1s
epoch   15440  HO=0.3694  meanSteps=   572.6  copy=0.867  A(t)=470  sim=22.2s
epoch   15460  HO=0.3758  meanSteps=   565.1  copy=0.859  A(t)=470  sim=22.2s
epoch   15480  HO=0.3620  meanSteps=   531.9  copy=0.862  A(t)=471  sim=22.3s
epoch   15500  HO=0.3588  meanSteps=   545.5  copy=0.859  A(t)=471  sim=22.3s
epoch   15520  HO=0.3417  meanSteps=   524.7  copy=0.849  A(t)=471  sim=22.3s
epoch   15540  HO=0.3326  meanSteps=   522.9  copy=0.844  A(t)=471  sim=22.4s
epoch   15560  HO=0.3437  meanSteps=   536.4  copy=0.852  A(t)=471  sim=22.4s
epoch   15580  HO=0.3547  meanSteps=   575.1  copy=0.845  A(t)=471  sim=22.4s
epoch   15600  HO=0.3462  meanSteps=   581.2  copy=0.842  A(t)=471  sim=22.4s
epoch   15620  HO=0.3463  meanSteps=   588.7  copy=0.841  A(t)=471  sim=22.5s
epoch   15640  HO=0.3479  meanSteps=   553.3  copy=0.840  A(t)=471  sim=22.5s
epoch   15660  HO=0.3354  meanSteps=   570.0  copy=0.835  A(t)=471  sim=22.5s
epoch   15680  HO=0.3424  meanSteps=   580.9  copy=0.826  A(t)=471  sim=22.5s
epoch   15700  HO=0.3534  meanSteps=   585.9  copy=0.826  A(t)=471  sim=22.6s
epoch   15720  HO=0.3760  meanSteps=   590.3  copy=0.829  A(t)=471  sim=22.6s
epoch   15740  HO=0.3825  meanSteps=   611.4  copy=0.820  A(t)=471  sim=22.6s
epoch   15760  HO=0.4067  meanSteps=   600.3  copy=0.827  A(t)=471  sim=22.7s
epoch   15780  HO=0.4057  meanSteps=   622.0  copy=0.829  A(t)=471  sim=22.7s
epoch   15800  HO=0.3998  meanSteps=   603.7  copy=0.821  A(t)=471  sim=22.7s
epoch   15820  HO=0.3902  meanSteps=   621.8  copy=0.821  A(t)=471  sim=22.7s
epoch   15840  HO=0.3827  meanSteps=   616.6  copy=0.814  A(t)=471  sim=22.7s
epoch   15860  HO=0.3806  meanSteps=   615.7  copy=0.815  A(t)=471  sim=22.8s
epoch   15880  HO=0.3765  meanSteps=   602.3  copy=0.816  A(t)=471  sim=22.8s
epoch   15900  HO=0.3799  meanSteps=   608.7  copy=0.804  A(t)=471  sim=22.9s
epoch   15920  HO=0.3722  meanSteps=   616.0  copy=0.808  A(t)=471  sim=22.9s
epoch   15940  HO=0.3639  meanSteps=   600.4  copy=0.797  A(t)=471  sim=22.9s
epoch   15960  HO=0.3555  meanSteps=   621.0  copy=0.798  A(t)=473  sim=22.9s
epoch   15980  HO=0.3501  meanSteps=   628.9  copy=0.799  A(t)=474  sim=22.9s
epoch   16000  HO=0.3453  meanSteps=   640.1  copy=0.805  A(t)=474  sim=23.0s
epoch   16020  HO=0.3290  meanSteps=   637.0  copy=0.807  A(t)=474  sim=23.0s
epoch   16040  HO=0.3274  meanSteps=   630.6  copy=0.812  A(t)=474  sim=23.0s
epoch   16060  HO=0.3419  meanSteps=   637.9  copy=0.818  A(t)=474  sim=23.0s
epoch   16080  HO=0.3476  meanSteps=   654.0  copy=0.815  A(t)=474  sim=23.1s
epoch   16100  HO=0.3836  meanSteps=   679.7  copy=0.813  A(t)=474  sim=23.1s
epoch   16120  HO=0.3882  meanSteps=   684.6  copy=0.820  A(t)=474  sim=23.1s
epoch   16140  HO=0.3982  meanSteps=   690.9  copy=0.817  A(t)=474  sim=23.1s
epoch   16160  HO=0.4083  meanSteps=   672.9  copy=0.817  A(t)=474  sim=23.2s
epoch   16180  HO=0.4006  meanSteps=   685.6  copy=0.810  A(t)=474  sim=23.2s
epoch   16200  HO=0.4082  meanSteps=   699.3  copy=0.808  A(t)=474  sim=23.2s
epoch   16220  HO=0.4197  meanSteps=   726.7  copy=0.798  A(t)=474  sim=23.3s
epoch   16240  HO=0.4179  meanSteps=   739.4  copy=0.797  A(t)=474  sim=23.3s
epoch   16260  HO=0.4121  meanSteps=   706.4  copy=0.800  A(t)=474  sim=23.3s
epoch   16280  HO=0.4074  meanSteps=   695.0  copy=0.785  A(t)=474  sim=23.3s
epoch   16300  HO=0.3934  meanSteps=   700.3  copy=0.780  A(t)=474  sim=23.4s
epoch   16320  HO=0.3901  meanSteps=   716.4  copy=0.772  A(t)=474  sim=23.4s
epoch   16340  HO=0.3858  meanSteps=   729.4  copy=0.769  A(t)=474  sim=23.4s
epoch   16360  HO=0.3827  meanSteps=   714.5  copy=0.775  A(t)=474  sim=23.5s
epoch   16380  HO=0.3829  meanSteps=   735.5  copy=0.774  A(t)=474  sim=23.5s
epoch   16400  HO=0.3844  meanSteps=   751.2  copy=0.772  A(t)=474  sim=23.6s
epoch   16420  HO=0.3778  meanSteps=   762.8  copy=0.770  A(t)=474  sim=23.6s
epoch   16440  HO=0.3872  meanSteps=   743.6  copy=0.768  A(t)=474  sim=23.6s
epoch   16460  HO=0.3838  meanSteps=   733.0  copy=0.778  A(t)=475  sim=23.7s
epoch   16480  HO=0.3947  meanSteps=   754.6  copy=0.774  A(t)=475  sim=23.7s
epoch   16500  HO=0.4008  meanSteps=   766.4  copy=0.778  A(t)=475  sim=23.8s
epoch   16520  HO=0.3880  meanSteps=   774.4  copy=0.772  A(t)=475  sim=23.8s
epoch   16540  HO=0.4080  meanSteps=   750.0  copy=0.774  A(t)=477  sim=23.8s
epoch   16560  HO=0.4187  meanSteps=   721.4  copy=0.767  A(t)=477  sim=23.8s
epoch   16580  HO=0.4313  meanSteps=   711.7  copy=0.771  A(t)=477  sim=23.9s
epoch   16600  HO=0.4243  meanSteps=   699.6  copy=0.757  A(t)=477  sim=23.9s
epoch   16620  HO=0.4264  meanSteps=   715.9  copy=0.757  A(t)=477  sim=23.9s
epoch   16640  HO=0.4126  meanSteps=   735.3  copy=0.761  A(t)=477  sim=24.0s
epoch   16660  HO=0.4120  meanSteps=   724.8  copy=0.761  A(t)=477  sim=24.0s
epoch   16680  HO=0.4219  meanSteps=   719.3  copy=0.763  A(t)=479  sim=24.1s
epoch   16700  HO=0.4141  meanSteps=   721.2  copy=0.760  A(t)=479  sim=24.1s
epoch   16720  HO=0.3965  meanSteps=   734.0  copy=0.762  A(t)=479  sim=24.2s
epoch   16740  HO=0.4033  meanSteps=   716.7  copy=0.768  A(t)=479  sim=24.2s
epoch   16760  HO=0.3892  meanSteps=   711.9  copy=0.773  A(t)=481  sim=24.3s
epoch   16780  HO=0.3811  meanSteps=   722.7  copy=0.774  A(t)=484  sim=24.3s
epoch   16800  HO=0.3881  meanSteps=   709.8  copy=0.773  A(t)=486  sim=24.4s
epoch   16820  HO=0.3924  meanSteps=   705.9  copy=0.772  A(t)=486  sim=24.5s
epoch   16840  HO=0.3857  meanSteps=   705.8  copy=0.773  A(t)=486  sim=24.5s
epoch   16860  HO=0.3832  meanSteps=   686.4  copy=0.776  A(t)=486  sim=24.5s
epoch   16880  HO=0.3901  meanSteps=   672.3  copy=0.770  A(t)=486  sim=24.5s
epoch   16900  HO=0.3901  meanSteps=   692.1  copy=0.765  A(t)=486  sim=24.6s
epoch   16920  HO=0.3734  meanSteps=   696.6  copy=0.778  A(t)=486  sim=24.6s
epoch   16940  HO=0.3586  meanSteps=   682.8  copy=0.783  A(t)=486  sim=24.6s
epoch   16960  HO=0.3613  meanSteps=   662.2  copy=0.779  A(t)=486  sim=24.7s
epoch   16980  HO=0.3698  meanSteps=   655.0  copy=0.778  A(t)=486  sim=24.7s
epoch   17000  HO=0.3650  meanSteps=   648.9  copy=0.773  A(t)=486  sim=24.8s
epoch   17020  HO=0.3586  meanSteps=   620.8  copy=0.772  A(t)=486  sim=24.8s
epoch   17040  HO=0.3530  meanSteps=   646.0  copy=0.766  A(t)=486  sim=24.8s
epoch   17060  HO=0.3547  meanSteps=   617.9  copy=0.757  A(t)=486  sim=24.8s
epoch   17080  HO=0.3596  meanSteps=   648.9  copy=0.752  A(t)=486  sim=24.9s
epoch   17100  HO=0.3568  meanSteps=   651.2  copy=0.757  A(t)=486  sim=24.9s
epoch   17120  HO=0.3526  meanSteps=   643.6  copy=0.754  A(t)=486  sim=24.9s
epoch   17140  HO=0.3324  meanSteps=   659.8  copy=0.748  A(t)=486  sim=24.9s
epoch   17160  HO=0.3490  meanSteps=   643.3  copy=0.758  A(t)=486  sim=25.0s
epoch   17180  HO=0.3273  meanSteps=   635.1  copy=0.751  A(t)=486  sim=25.0s
epoch   17200  HO=0.3151  meanSteps=   629.7  copy=0.745  A(t)=488  sim=25.0s
epoch   17220  HO=0.3011  meanSteps=   650.0  copy=0.736  A(t)=488  sim=25.0s
epoch   17240  HO=0.3086  meanSteps=   627.8  copy=0.736  A(t)=488  sim=25.1s
epoch   17260  HO=0.3060  meanSteps=   681.6  copy=0.739  A(t)=488  sim=25.1s
epoch   17280  HO=0.3157  meanSteps=   732.0  copy=0.732  A(t)=488  sim=25.1s
epoch   17300  HO=0.3318  meanSteps=   741.1  copy=0.732  A(t)=488  sim=25.1s
epoch   17320  HO=0.3454  meanSteps=   730.7  copy=0.735  A(t)=488  sim=25.2s
epoch   17340  HO=0.3381  meanSteps=   699.9  copy=0.734  A(t)=488  sim=25.2s
epoch   17360  HO=0.3475  meanSteps=   695.9  copy=0.728  A(t)=492  sim=25.3s
epoch   17380  HO=0.3392  meanSteps=   683.8  copy=0.724  A(t)=492  sim=25.3s
epoch   17400  HO=0.3388  meanSteps=   665.3  copy=0.722  A(t)=494  sim=25.4s
epoch   17420  HO=0.3271  meanSteps=   695.7  copy=0.720  A(t)=494  sim=25.4s
epoch   17440  HO=0.3228  meanSteps=   703.3  copy=0.715  A(t)=494  sim=25.4s
epoch   17460  HO=0.3329  meanSteps=   690.0  copy=0.699  A(t)=494  sim=25.5s
epoch   17480  HO=0.3257  meanSteps=   708.1  copy=0.705  A(t)=494  sim=25.5s
epoch   17500  HO=0.3359  meanSteps=   723.9  copy=0.704  A(t)=496  sim=25.6s
epoch   17520  HO=0.3367  meanSteps=   720.3  copy=0.706  A(t)=498  sim=25.6s
epoch   17540  HO=0.3288  meanSteps=   746.0  copy=0.705  A(t)=498  sim=25.7s
epoch   17560  HO=0.3247  meanSteps=   729.8  copy=0.714  A(t)=498  sim=25.7s
epoch   17580  HO=0.3159  meanSteps=   752.1  copy=0.715  A(t)=498  sim=25.8s
epoch   17600  HO=0.3174  meanSteps=   749.1  copy=0.724  A(t)=498  sim=25.8s
epoch   17620  HO=0.3121  meanSteps=   745.7  copy=0.720  A(t)=498  sim=25.9s
epoch   17640  HO=0.3231  meanSteps=   741.0  copy=0.726  A(t)=498  sim=25.9s
epoch   17660  HO=0.3202  meanSteps=   694.6  copy=0.720  A(t)=498  sim=26.0s
epoch   17680  HO=0.3481  meanSteps=   700.9  copy=0.711  A(t)=498  sim=26.0s
epoch   17700  HO=0.3553  meanSteps=   687.4  copy=0.732  A(t)=498  sim=26.0s
epoch   17720  HO=0.3704  meanSteps=   695.8  copy=0.731  A(t)=502  sim=26.0s
epoch   17740  HO=0.3629  meanSteps=   678.9  copy=0.719  A(t)=502  sim=26.0s
epoch   17760  HO=0.3513  meanSteps=   688.6  copy=0.723  A(t)=504  sim=26.1s
epoch   17780  HO=0.3517  meanSteps=   710.5  copy=0.727  A(t)=504  sim=26.1s
epoch   17800  HO=0.3419  meanSteps=   706.5  copy=0.707  A(t)=504  sim=26.1s
epoch   17820  HO=0.3461  meanSteps=   700.5  copy=0.706  A(t)=504  sim=26.1s
epoch   17840  HO=0.3433  meanSteps=   704.5  copy=0.710  A(t)=504  sim=26.2s
epoch   17860  HO=0.3387  meanSteps=   717.5  copy=0.694  A(t)=504  sim=26.2s
epoch   17880  HO=0.3339  meanSteps=   687.8  copy=0.686  A(t)=508  sim=26.2s
epoch   17900  HO=0.3239  meanSteps=   686.7  copy=0.679  A(t)=508  sim=26.3s
epoch   17920  HO=0.3382  meanSteps=   697.5  copy=0.678  A(t)=508  sim=26.3s
epoch   17940  HO=0.3398  meanSteps=   717.5  copy=0.672  A(t)=508  sim=26.3s
epoch   17960  HO=0.3332  meanSteps=   728.0  copy=0.678  A(t)=508  sim=26.3s
epoch   17980  HO=0.3245  meanSteps=   720.4  copy=0.674  A(t)=508  sim=26.4s
epoch   18000  HO=0.3134  meanSteps=   700.3  copy=0.674  A(t)=508  sim=26.4s
epoch   18020  HO=0.3030  meanSteps=   692.3  copy=0.682  A(t)=508  sim=26.5s
epoch   18040  HO=0.2951  meanSteps=   701.8  copy=0.675  A(t)=508  sim=26.5s
epoch   18060  HO=0.2890  meanSteps=   693.8  copy=0.689  A(t)=508  sim=26.6s
epoch   18080  HO=0.2759  meanSteps=   722.1  copy=0.683  A(t)=508  sim=26.6s
epoch   18100  HO=0.2742  meanSteps=   739.8  copy=0.684  A(t)=508  sim=26.7s
epoch   18120  HO=0.2750  meanSteps=   738.7  copy=0.684  A(t)=508  sim=26.7s
epoch   18140  HO=0.2631  meanSteps=   733.5  copy=0.681  A(t)=508  sim=26.8s
epoch   18160  HO=0.2613  meanSteps=   747.8  copy=0.681  A(t)=508  sim=26.8s
epoch   18180  HO=0.2551  meanSteps=   739.3  copy=0.678  A(t)=508  sim=26.9s
epoch   18200  HO=0.2545  meanSteps=   745.2  copy=0.675  A(t)=508  sim=26.9s
epoch   18220  HO=0.2527  meanSteps=   753.6  copy=0.659  A(t)=508  sim=26.9s
epoch   18240  HO=0.2464  meanSteps=   751.9  copy=0.654  A(t)=508  sim=27.0s
epoch   18260  HO=0.2399  meanSteps=   769.9  copy=0.664  A(t)=508  sim=27.0s
epoch   18280  HO=0.2436  meanSteps=   750.0  copy=0.661  A(t)=508  sim=27.1s
epoch   18300  HO=0.2452  meanSteps=   769.1  copy=0.663  A(t)=508  sim=27.1s
epoch   18320  HO=0.2388  meanSteps=   750.3  copy=0.670  A(t)=508  sim=27.2s
epoch   18340  HO=0.2347  meanSteps=   700.5  copy=0.684  A(t)=508  sim=27.2s
epoch   18360  HO=0.2426  meanSteps=   703.2  copy=0.687  A(t)=508  sim=27.3s
epoch   18380  HO=0.2496  meanSteps=   693.6  copy=0.691  A(t)=508  sim=27.3s
epoch   18400  HO=0.2578  meanSteps=   692.7  copy=0.688  A(t)=508  sim=27.3s
epoch   18420  HO=0.2545  meanSteps=   664.2  copy=0.705  A(t)=508  sim=27.4s
epoch   18440  HO=0.2551  meanSteps=   669.5  copy=0.703  A(t)=508  sim=27.4s
epoch   18460  HO=0.2529  meanSteps=   661.1  copy=0.693  A(t)=508  sim=27.4s
epoch   18480  HO=0.2417  meanSteps=   629.3  copy=0.679  A(t)=508  sim=27.4s
epoch   18500  HO=0.2412  meanSteps=   652.5  copy=0.681  A(t)=508  sim=27.5s
epoch   18520  HO=0.2521  meanSteps=   632.2  copy=0.675  A(t)=508  sim=27.5s
epoch   18540  HO=0.2426  meanSteps=   626.3  copy=0.675  A(t)=508  sim=27.6s
epoch   18560  HO=0.2423  meanSteps=   643.7  copy=0.669  A(t)=508  sim=27.6s
epoch   18580  HO=0.2404  meanSteps=   638.8  copy=0.675  A(t)=510  sim=27.7s
epoch   18600  HO=0.2316  meanSteps=   633.5  copy=0.678  A(t)=510  sim=27.7s
epoch   18620  HO=0.2352  meanSteps=   619.1  copy=0.678  A(t)=510  sim=27.8s
epoch   18640  HO=0.2243  meanSteps=   616.9  copy=0.679  A(t)=512  sim=27.8s
epoch   18660  HO=0.2177  meanSteps=   649.9  copy=0.676  A(t)=512  sim=27.8s
epoch   18680  HO=0.2098  meanSteps=   648.2  copy=0.677  A(t)=512  sim=27.9s
epoch   18700  HO=0.2334  meanSteps=   604.0  copy=0.688  A(t)=512  sim=27.9s
epoch   18720  HO=0.2291  meanSteps=   627.8  copy=0.700  A(t)=512  sim=27.9s
epoch   18740  HO=0.2443  meanSteps=   608.9  copy=0.703  A(t)=512  sim=27.9s
epoch   18760  HO=0.2333  meanSteps=   618.6  copy=0.705  A(t)=512  sim=27.9s
epoch   18780  HO=0.2272  meanSteps=   618.3  copy=0.709  A(t)=514  sim=28.0s
epoch   18800  HO=0.2343  meanSteps=   597.7  copy=0.726  A(t)=514  sim=28.0s
epoch   18820  HO=0.2478  meanSteps=   592.1  copy=0.723  A(t)=514  sim=28.0s
epoch   18840  HO=0.2406  meanSteps=   614.5  copy=0.721  A(t)=514  sim=28.1s
epoch   18860  HO=0.2381  meanSteps=   590.5  copy=0.718  A(t)=514  sim=28.1s
epoch   18880  HO=0.2405  meanSteps=   576.1  copy=0.712  A(t)=517  sim=28.1s
epoch   18900  HO=0.2411  meanSteps=   595.6  copy=0.715  A(t)=517  sim=28.1s
epoch   18920  HO=0.2296  meanSteps=   604.1  copy=0.709  A(t)=517  sim=28.2s
epoch   18940  HO=0.2365  meanSteps=   627.7  copy=0.702  A(t)=517  sim=28.2s
epoch   18960  HO=0.2500  meanSteps=   627.9  copy=0.701  A(t)=517  sim=28.2s
epoch   18980  HO=0.2595  meanSteps=   614.6  copy=0.692  A(t)=517  sim=28.2s
epoch   19000  HO=0.2662  meanSteps=   631.8  copy=0.693  A(t)=517  sim=28.3s
epoch   19020  HO=0.2562  meanSteps=   660.8  copy=0.686  A(t)=517  sim=28.3s
epoch   19040  HO=0.2636  meanSteps=   654.2  copy=0.678  A(t)=519  sim=28.3s
epoch   19060  HO=0.2501  meanSteps=   659.2  copy=0.677  A(t)=519  sim=28.3s
epoch   19080  HO=0.2494  meanSteps=   646.4  copy=0.662  A(t)=519  sim=28.4s
epoch   19100  HO=0.2466  meanSteps=   668.6  copy=0.661  A(t)=519  sim=28.4s
epoch   19120  HO=0.2492  meanSteps=   689.9  copy=0.666  A(t)=519  sim=28.4s
epoch   19140  HO=0.2606  meanSteps=   732.1  copy=0.691  A(t)=519  sim=28.5s
epoch   19160  HO=0.2655  meanSteps=   767.1  copy=0.689  A(t)=519  sim=28.5s
epoch   19180  HO=0.2787  meanSteps=   802.2  copy=0.702  A(t)=519  sim=28.5s
epoch   19200  HO=0.2710  meanSteps=   811.1  copy=0.705  A(t)=519  sim=28.6s
epoch   19220  HO=0.2708  meanSteps=   839.7  copy=0.707  A(t)=519  sim=28.6s
epoch   19240  HO=0.2938  meanSteps=   864.0  copy=0.706  A(t)=521  sim=28.6s
epoch   19260  HO=0.2924  meanSteps=   807.6  copy=0.715  A(t)=521  sim=28.6s
epoch   19280  HO=0.2858  meanSteps=   823.1  copy=0.701  A(t)=521  sim=28.7s
epoch   19300  HO=0.2735  meanSteps=   805.2  copy=0.706  A(t)=523  sim=28.7s
epoch   19320  HO=0.2699  meanSteps=   803.7  copy=0.719  A(t)=525  sim=28.7s
epoch   19340  HO=0.3146  meanSteps=   818.1  copy=0.718  A(t)=528  sim=28.7s
epoch   19360  HO=0.3094  meanSteps=   811.6  copy=0.715  A(t)=528  sim=28.8s
epoch   19380  HO=0.3113  meanSteps=   790.9  copy=0.718  A(t)=528  sim=28.8s
epoch   19400  HO=0.3179  meanSteps=   798.4  copy=0.726  A(t)=528  sim=28.9s
epoch   19420  HO=0.3227  meanSteps=   789.8  copy=0.735  A(t)=530  sim=28.9s
epoch   19440  HO=0.3192  meanSteps=   760.2  copy=0.752  A(t)=530  sim=28.9s
epoch   19460  HO=0.3076  meanSteps=   763.0  copy=0.744  A(t)=530  sim=28.9s
epoch   19480  HO=0.3060  meanSteps=   797.0  copy=0.747  A(t)=530  sim=29.0s
epoch   19500  HO=0.2982  meanSteps=   770.3  copy=0.757  A(t)=530  sim=29.0s
epoch   19520  HO=0.2865  meanSteps=   785.5  copy=0.760  A(t)=530  sim=29.0s
epoch   19540  HO=0.2774  meanSteps=   787.3  copy=0.766  A(t)=533  sim=29.1s
epoch   19560  HO=0.2703  meanSteps=   780.4  copy=0.769  A(t)=533  sim=29.1s
epoch   19580  HO=0.2734  meanSteps=   811.6  copy=0.778  A(t)=533  sim=29.1s
epoch   19600  HO=0.2693  meanSteps=   813.7  copy=0.781  A(t)=533  sim=29.1s
epoch   19620  HO=0.2600  meanSteps=   819.7  copy=0.776  A(t)=533  sim=29.2s
epoch   19640  HO=0.2461  meanSteps=   812.6  copy=0.779  A(t)=533  sim=29.2s
epoch   19660  HO=0.2291  meanSteps=   841.0  copy=0.795  A(t)=533  sim=29.2s
epoch   19680  HO=0.2366  meanSteps=   856.4  copy=0.801  A(t)=535  sim=29.3s
epoch   19700  HO=0.2392  meanSteps=   832.5  copy=0.803  A(t)=535  sim=29.3s
epoch   19720  HO=0.2399  meanSteps=   848.7  copy=0.811  A(t)=535  sim=29.3s
epoch   19740  HO=0.2467  meanSteps=   854.2  copy=0.817  A(t)=536  sim=29.4s
epoch   19760  HO=0.2553  meanSteps=   839.1  copy=0.816  A(t)=540  sim=29.4s
epoch   19780  HO=0.2348  meanSteps=   841.7  copy=0.812  A(t)=540  sim=29.4s
epoch   19800  HO=0.2350  meanSteps=   788.7  copy=0.818  A(t)=540  sim=29.5s
epoch   19820  HO=0.2435  meanSteps=   818.8  copy=0.816  A(t)=541  sim=29.5s
epoch   19840  HO=0.2405  meanSteps=   782.6  copy=0.821  A(t)=541  sim=29.6s
epoch   19860  HO=0.2273  meanSteps=   810.7  copy=0.821  A(t)=541  sim=29.6s
epoch   19880  HO=0.2172  meanSteps=   850.0  copy=0.820  A(t)=543  sim=29.7s
epoch   19900  HO=0.2216  meanSteps=   845.6  copy=0.825  A(t)=543  sim=29.7s
epoch   19920  HO=0.2060  meanSteps=   811.2  copy=0.823  A(t)=543  sim=29.8s
epoch   19940  HO=0.2043  meanSteps=   817.0  copy=0.811  A(t)=543  sim=29.8s
epoch   19960  HO=0.1941  meanSteps=   805.2  copy=0.813  A(t)=543  sim=29.8s
epoch   19980  HO=0.2061  meanSteps=   816.8  copy=0.799  A(t)=547  sim=29.8s
epoch   20000  HO=0.2135  meanSteps=   828.8  copy=0.797  A(t)=547  sim=29.9s
done: 20000 epochs in 57.4s wall (29.9s simulating), runs/bff_s1
