epoch       0  HO=-0.0030  meanSteps=     0.0  copy=0.000  A(t)=0  sim=0.0s
epoch      20  HO=0.0509  meanSteps=   588.0  copy=0.520  A(t)=0  sim=0.1s
epoch      40  HO=0.1008  meanSteps=   562.4  copy=0.512  A(t)=0  sim=0.3s
epoch      60  HO=0.1391  meanSteps=   561.3  copy=0.503  A(t)=0  sim=0.5s
epoch      80  HO=0.1676  meanSteps=   563.1  copy=0.500  A(t)=0  sim=0.7s
epoch     100  HO=0.2018  meanSteps=   559.3  copy=0.495  A(t)=89  sim=0.8s
epoch     120  HO=0.2197  meanSteps=   548.0  copy=0.489  A(t)=131  sim=1.0s
epoch     140  HO=0.2527  meanSteps=   541.8  copy=0.487  A(t)=151  sim=1.2s
epoch     160  HO=0.2777  meanSteps=   535.9  copy=0.485  A(t)=170  sim=1.4s
epoch     180  HO=0.2998  meanSteps=   540.3  copy=0.486  A(t)=184  sim=1.6s
epoch     200  HO=0.3146  meanSteps=   533.9  copy=0.484  A(t)=195  sim=1.8s
epoch     220  HO=0.3306  meanSteps=   527.0  copy=0.478  A(t)=213  sim=1.9s
epoch     240  HO=0.3453  meanSteps=   538.7  copy=0.474  A(t)=220  sim=2.0s
epoch     260  HO=0.3604  meanSteps=   537.7  copy=0.477  A(t)=231  sim=2.2s
epoch     280  HO=0.3718  meanSteps=   521.2  copy=0.478  A(t)=233  sim=2.3s
epoch     300  HO=0.3772  meanSteps=   522.1  copy=0.481  A(t)=235  sim=2.4s
epoch     320  HO=0.3846  meanSteps=   526.4  copy=0.478  A(t)=241  sim=2.6s
epoch     340  HO=0.3833  meanSteps=   520.5  copy=0.477  A(t)=247  sim=2.7s
epoch     360  HO=0.3965  meanSteps=   511.9  copy=0.477  A(t)=249  sim=2.8s
epoch     380  HO=0.3976  meanSteps=   518.9  copy=0.477  A(t)=254  sim=2.9s
epoch     400  HO=0.4139  meanSteps=   534.7  copy=0.477  A(t)=256  sim=3.1s
epoch     420  HO=0.4202  meanSteps=   533.6  copy=0.475  A(t)=259  sim=3.2s
epoch     440  HO=0.4223  meanSteps=   540.4  copy=0.471  A(t)=262  sim=3.4s
epoch     460  HO=0.4285  meanSteps=   541.3  copy=0.471  A(t)=264  sim=3.5s
epoch     480  HO=0.4445  meanSteps=   538.6  copy=0.471  A(t)=269  sim=3.6s
epoch     500  HO=0.4516  meanSteps=   535.9  copy=0.471  A(t)=273  sim=3.8s
epoch     520  HO=0.4644  meanSteps=   540.2  copy=0.471  A(t)=275  sim=3.9s
epoch     540  HO=0.4730  meanSteps=   542.6  copy=0.468  A(t)=279  sim=4.1s
epoch     560  HO=0.4876  meanSteps=   551.9  copy=0.468  A(t)=281  sim=4.2s
epoch     580  HO=0.4997  meanSteps=   552.6  copy=0.468  A(t)=283  sim=4.3s
epoch     600  HO=0.5049  meanSteps=   544.0  copy=0.469  A(t)=284  sim=4.5s
epoch     620  HO=0.5036  meanSteps=   548.0  copy=0.472  A(t)=285  sim=4.6s
epoch     640  HO=0.4989  meanSteps=   545.3  copy=0.469  A(t)=293  sim=4.8s
epoch     660  HO=0.5036  meanSteps=   550.3  copy=0.469  A(t)=294  sim=4.9s
epoch     680  HO=0.5052  meanSteps=   549.9  copy=0.475  A(t)=297  sim=5.0s
epoch     700  HO=0.5056  meanSteps=   541.2  copy=0.473  A(t)=300  sim=5.2s
epoch     720  HO=0.5185  meanSteps=   542.1  copy=0.476  A(t)=300  sim=5.3s
epoch     740  HO=0.5278  meanSteps=   537.9  copy=0.476  A(t)=302  sim=5.4s
epoch     760  HO=0.5329  meanSteps=   535.4  copy=0.480  A(t)=305  sim=5.6s
epoch     780  HO=0.5309  meanSteps=   534.3  copy=0.485  A(t)=307  sim=5.7s
epoch     800  HO=0.5319  meanSteps=   543.3  copy=0.484  A(t)=316  sim=5.8s
epoch     820  HO=0.5321  meanSteps=   538.1  copy=0.483  A(t)=316  sim=6.0s
epoch     840  HO=0.5361  meanSteps=   538.8  copy=0.486  A(t)=316  sim=6.1s
epoch     860  HO=0.5356  meanSteps=   529.4  copy=0.484  A(t)=316  sim=6.3s
epoch     880  HO=0.5337  meanSteps=   534.9  copy=0.490  A(t)=316  sim=6.4s
epoch     900  HO=0.5318  meanSteps=   545.6  copy=0.491  A(t)=319  sim=6.5s
epoch     920  HO=0.5245  meanSteps=   540.3  copy=0.488  A(t)=321  sim=6.7s
epoch     940  HO=0.5269  meanSteps=   539.2  copy=0.493  A(t)=324  sim=6.8s
epoch     960  HO=0.5338  meanSteps=   541.4  copy=0.495  A(t)=324  sim=6.9s
epoch     980  HO=0.5387  meanSteps=   536.8  copy=0.494  A(t)=326  sim=7.1s
epoch    1000  HO=0.5517  meanSteps=   542.8  copy=0.498  A(t)=327  sim=7.2s
epoch    1020  HO=0.5526  meanSteps=   541.7  copy=0.501  A(t)=327  sim=7.4s
epoch    1040  HO=0.5486  meanSteps=   538.3  copy=0.509  A(t)=327  sim=7.5s
epoch    1060  HO=0.5459  meanSteps=   531.8  copy=0.513  A(t)=327  sim=7.6s
epoch    1080  HO=0.5429  meanSteps=   537.8  copy=0.509  A(t)=330  sim=7.8s
epoch    1100  HO=0.5488  meanSteps=   534.9  copy=0.513  A(t)=332  sim=7.9s
epoch    1120  HO=0.5513  meanSteps=   531.3  copy=0.517  A(t)=332  sim=8.1s
epoch    1140  HO=0.5520  meanSteps=   539.8  copy=0.519  A(t)=333  sim=8.2s
epoch    1160  HO=0.5545  meanSteps=   533.0  copy=0.521  A(t)=335  sim=8.4s
epoch    1180  HO=0.5544  meanSteps=   535.1  copy=0.526  A(t)=340  sim=8.5s
epoch    1200  HO=0.5579  meanSteps=   525.1  copy=0.529  A(t)=340  sim=8.7s
epoch    1220  HO=0.5617  meanSteps=   521.9  copy=0.535  A(t)=342  sim=8.8s
epoch    1240  HO=0.5626  meanSteps=   521.7  copy=0.535  A(t)=351  sim=8.9s
epoch    1260  HO=0.5633  meanSteps=   521.1  copy=0.543  A(t)=351  sim=9.1s
epoch    1280  HO=0.5681  meanSteps=   517.3  copy=0.547  A(t)=351  sim=9.2s
epoch    1300  HO=0.5682  meanSteps=   523.1  copy=0.546  A(t)=351  sim=9.3s
epoch    1320  HO=0.5641  meanSteps=   524.8  copy=0.548  A(t)=353  sim=9.5s
epoch    1340  HO=0.5561  meanSteps=   522.7  copy=0.551  A(t)=353  sim=9.6s
epoch    1360  HO=0.5563  meanSteps=   519.5  copy=0.551  A(t)=353  sim=9.7s
epoch    1380  HO=0.5596  meanSteps=   518.1  copy=0.556  A(t)=353  sim=9.9s
epoch    1400  HO=0.5663  meanSteps=   518.2  copy=0.556  A(t)=355  sim=10.0s
epoch    1420  HO=0.5706  meanSteps=   523.5  copy=0.556  A(t)=355  sim=10.2s
epoch    1440  HO=0.5763  meanSteps=   514.9  copy=0.557  A(t)=360  sim=10.3s
epoch    1460  HO=0.5679  meanSteps=   516.7  copy=0.563  A(t)=362  sim=10.4s
epoch    1480  HO=0.5669  meanSteps=   519.3  copy=0.564  A(t)=371  sim=10.6s
epoch    1500  HO=0.5664  meanSteps=   523.1  copy=0.567  A(t)=374  sim=10.7s
epoch    1520  HO=0.5679  meanSteps=   537.2  copy=0.570  A(t)=382  sim=10.8s
epoch    1540  HO=0.5654  meanSteps=   534.2  copy=0.573  A(t)=385  sim=11.0s
epoch    1560  HO=0.5634  meanSteps=   544.0  copy=0.576  A(t)=390  sim=11.1s
epoch    1580  HO=0.5625  meanSteps=   540.7  copy=0.578  A(t)=390  sim=11.3s
epoch    1600  HO=0.5597  meanSteps=   540.9  copy=0.580  A(t)=398  sim=11.4s
epoch    1620  HO=0.5555  meanSteps=   553.4  copy=0.578  A(t)=401  sim=11.6s
epoch    1640  HO=0.5569  meanSteps=   564.4  copy=0.580  A(t)=406  sim=11.7s
epoch    1660  HO=0.5559  meanSteps=   566.4  copy=0.584  A(t)=408  sim=11.8s
epoch    1680  HO=0.5523  meanSteps=   565.3  copy=0.590  A(t)=408  sim=12.0s
epoch    1700  HO=0.5543  meanSteps=   568.7  copy=0.591  A(t)=411  sim=12.1s
epoch    1720  HO=0.5611  meanSteps=   569.7  copy=0.590  A(t)=412  sim=12.3s
epoch    1740  HO=0.5469  meanSteps=   573.6  copy=0.595  A(t)=414  sim=12.4s
epoch    1760  HO=0.5432  meanSteps=   577.9  copy=0.598  A(t)=418  sim=12.6s
epoch    1780  HO=0.5405  meanSteps=   579.6  copy=0.603  A(t)=419  sim=12.7s
epoch    1800  HO=0.5500  meanSteps=   578.8  copy=0.610  A(t)=419  sim=12.9s
epoch    1820  HO=0.5466  meanSteps=   583.8  copy=0.616  A(t)=421  sim=13.0s
epoch    1840  HO=0.5510  meanSteps=   582.9  copy=0.623  A(t)=427  sim=13.2s
epoch    1860  HO=0.5447  meanSteps=   582.1  copy=0.626  A(t)=431  sim=13.3s
epoch    1880  HO=0.5518  meanSteps=   582.6  copy=0.630  A(t)=447  sim=13.5s
epoch    1900  HO=0.5636  meanSteps=   589.9  copy=0.637  A(t)=447  sim=13.6s
epoch    1920  HO=0.5676  meanSteps=   585.1  copy=0.641  A(t)=448  sim=13.8s
epoch    1940  HO=0.5617  meanSteps=   592.9  copy=0.641  A(t)=448  sim=13.9s
epoch    1960  HO=0.5540  meanSteps=   584.8  copy=0.643  A(t)=448  sim=14.1s
epoch    1980  HO=0.5527  meanSteps=   590.7  copy=0.647  A(t)=448  sim=14.2s
epoch    2000  HO=0.5572  meanSteps=   592.7  copy=0.645  A(t)=452  sim=14.4s
epoch    2020  HO=0.5567  meanSteps=   590.9  copy=0.653  A(t)=457  sim=14.6s
epoch    2040  HO=0.5554  meanSteps=   598.7  copy=0.653  A(t)=457  sim=14.7s
epoch    2060  HO=0.5570  meanSteps=   600.3  copy=0.656  A(t)=463  sim=14.9s
epoch    2080  HO=0.5562  meanSteps=   589.5  copy=0.663  A(t)=463  sim=15.0s
epoch    2100  HO=0.5515  meanSteps=   597.4  copy=0.664  A(t)=470  sim=15.2s
epoch    2120  HO=0.5543  meanSteps=   606.7  copy=0.665  A(t)=473  sim=15.4s
epoch    2140  HO=0.5498  meanSteps=   615.2  copy=0.668  A(t)=479  sim=15.5s
epoch    2160  HO=0.5472  meanSteps=   606.2  copy=0.674  A(t)=481  sim=15.7s
epoch    2180  HO=0.5448  meanSteps=   611.4  copy=0.681  A(t)=485  sim=15.9s
epoch    2200  HO=0.5463  meanSteps=   627.3  copy=0.686  A(t)=488  sim=16.0s
epoch    2220  HO=0.5444  meanSteps=   620.5  copy=0.689  A(t)=488  sim=16.2s
epoch    2240  HO=0.5431  meanSteps=   633.6  copy=0.694  A(t)=493  sim=16.4s
epoch    2260  HO=0.5453  meanSteps=   634.4  copy=0.704  A(t)=493  sim=16.5s
epoch    2280  HO=0.5415  meanSteps=   625.7  copy=0.706  A(t)=496  sim=16.7s
epoch    2300  HO=0.5294  meanSteps=   627.6  copy=0.709  A(t)=500  sim=16.9s
epoch    2320  HO=0.5277  meanSteps=   636.1  copy=0.713  A(t)=502  sim=17.0s
epoch    2340  HO=0.5273  meanSteps=   638.6  copy=0.715  A(t)=502  sim=17.2s
epoch    2360  HO=0.5266  meanSteps=   653.9  copy=0.719  A(t)=502  sim=17.3s
epoch    2380  HO=0.5191  meanSteps=   673.5  copy=0.717  A(t)=502  sim=17.5s
epoch    2400  HO=0.5159  meanSteps=   661.3  copy=0.715  A(t)=504  sim=17.7s
epoch    2420  HO=0.5129  meanSteps=   664.1  copy=0.720  A(t)=512  sim=17.9s
epoch    2440  HO=0.5095  meanSteps=   672.6  copy=0.726  A(t)=513  sim=18.0s
epoch    2460  HO=0.5099  meanSteps=   672.0  copy=0.728  A(t)=515  sim=18.2s
epoch    2480  HO=0.5037  meanSteps=   660.4  copy=0.730  A(t)=518  sim=18.4s
epoch    2500  HO=0.4990  meanSteps=   651.9  copy=0.732  A(t)=518  sim=18.6s
epoch    2520  HO=0.4998  meanSteps=   653.3  copy=0.734  A(t)=518  sim=18.7s
epoch    2540  HO=0.5021  meanSteps=   660.4  copy=0.733  A(t)=518  sim=18.9s
epoch    2560  HO=0.4976  meanSteps=   662.5  copy=0.731  A(t)=520  sim=19.1s
epoch    2580  HO=0.4942  meanSteps=   664.3  copy=0.729  A(t)=522  sim=19.3s
epoch    2600  HO=0.4900  meanSteps=   674.3  copy=0.728  A(t)=528  sim=19.4s
epoch    2620  HO=0.4872  meanSteps=   670.5  copy=0.725  A(t)=528  sim=19.6s
epoch    2640  HO=0.4890  meanSteps=   673.8  copy=0.733  A(t)=528  sim=19.8s
epoch    2660  HO=0.4853  meanSteps=   683.3  copy=0.735  A(t)=534  sim=20.0s
epoch    2680  HO=0.4794  meanSteps=   692.9  copy=0.738  A(t)=534  sim=20.1s
epoch    2700  HO=0.4769  meanSteps=   682.8  copy=0.740  A(t)=534  sim=20.3s
epoch    2720  HO=0.4768  meanSteps=   691.7  copy=0.744  A(t)=536  sim=20.5s
epoch    2740  HO=0.4754  meanSteps=   691.8  copy=0.742  A(t)=536  sim=20.7s
epoch    2760  HO=0.4721  meanSteps=   689.4  copy=0.744  A(t)=539  sim=20.9s
epoch    2780  HO=0.4712  meanSteps=   695.0  copy=0.746  A(t)=539  sim=21.1s
epoch    2800  HO=0.4680  meanSteps=   703.8  copy=0.747  A(t)=539  sim=21.2s
epoch    2820  HO=0.4651  meanSteps=   704.3  copy=0.747  A(t)=548  sim=21.4s
epoch    2840  HO=0.4626  meanSteps=   692.7  copy=0.748  A(t)=550  sim=21.6s
epoch    2860  HO=0.4598  meanSteps=   689.5  copy=0.753  A(t)=550  sim=21.8s
epoch    2880  HO=0.4582  meanSteps=   706.2  copy=0.754  A(t)=553  sim=22.0s
epoch    2900  HO=0.4576  meanSteps=   706.9  copy=0.757  A(t)=553  sim=22.2s
epoch    2920  HO=0.4484  meanSteps=   695.2  copy=0.753  A(t)=553  sim=22.4s
epoch    2940  HO=0.4426  meanSteps=   697.6  copy=0.750  A(t)=558  sim=22.6s
epoch    2960  HO=0.4387  meanSteps=   682.8  copy=0.756  A(t)=558  sim=22.8s
epoch    2980  HO=0.4373  meanSteps=   693.9  copy=0.754  A(t)=563  sim=22.9s
epoch    3000  HO=0.4309  meanSteps=   703.0  copy=0.755  A(t)=565  sim=23.2s
epoch    3020  HO=0.4231  meanSteps=   695.3  copy=0.755  A(t)=572  sim=23.3s
epoch    3040  HO=0.4169  meanSteps=   708.4  copy=0.759  A(t)=578  sim=23.5s
epoch    3060  HO=0.4171  meanSteps=   710.5  copy=0.764  A(t)=580  sim=23.7s
epoch    3080  HO=0.4214  meanSteps=   715.3  copy=0.765  A(t)=582  sim=23.9s
epoch    3100  HO=0.4223  meanSteps=   712.6  copy=0.767  A(t)=587  sim=24.1s
epoch    3120  HO=0.4249  meanSteps=   712.5  copy=0.762  A(t)=591  sim=24.2s
epoch    3140  HO=0.4211  meanSteps=   705.9  copy=0.766  A(t)=599  sim=24.4s
epoch    3160  HO=0.4163  meanSteps=   705.3  copy=0.767  A(t)=599  sim=24.6s
epoch    3180  HO=0.4196  meanSteps=   721.8  copy=0.764  A(t)=599  sim=24.8s
epoch    3200  HO=0.4157  meanSteps=   724.2  copy=0.766  A(t)=602  sim=25.0s
epoch    3220  HO=0.4120  meanSteps=   731.9  copy=0.767  A(t)=604  sim=25.2s
epoch    3240  HO=0.4152  meanSteps=   737.9  copy=0.768  A(t)=605  sim=25.4s
epoch    3260  HO=0.4136  meanSteps=   746.2  copy=0.767  A(t)=613  sim=25.6s
epoch    3280  HO=0.4108  meanSteps=   754.8  copy=0.764  A(t)=613  sim=25.7s
epoch    3300  HO=0.4090  meanSteps=   766.0  copy=0.764  A(t)=618  sim=25.9s
epoch    3320  HO=0.4133  meanSteps=   778.3  copy=0.761  A(t)=622  sim=26.1s
epoch    3340  HO=0.4148  meanSteps=   780.4  copy=0.758  A(t)=624  sim=26.3s
epoch    3360  HO=0.4156  meanSteps=   788.0  copy=0.755  A(t)=625  sim=26.5s
epoch    3380  HO=0.4113  meanSteps=   791.7  copy=0.755  A(t)=625  sim=26.7s
epoch    3400  HO=0.4087  meanSteps=   781.4  copy=0.758  A(t)=633  sim=26.9s
epoch    3420  HO=0.4103  meanSteps=   785.9  copy=0.762  A(t)=642  sim=27.1s
epoch    3440  HO=0.4033  meanSteps=   784.8  copy=0.764  A(t)=648  sim=27.3s
epoch    3460  HO=0.4021  meanSteps=   790.1  copy=0.763  A(t)=650  sim=27.5s
epoch    3480  HO=0.3980  meanSteps=   800.8  copy=0.767  A(t)=650  sim=27.7s
epoch    3500  HO=0.3969  meanSteps=   803.6  copy=0.767  A(t)=653  sim=27.9s
epoch    3520  HO=0.3987  meanSteps=   809.0  copy=0.767  A(t)=653  sim=28.1s
epoch    3540  HO=0.4001  meanSteps=   802.5  copy=0.768  A(t)=660  sim=28.3s
epoch    3560  HO=0.3963  meanSteps=   796.4  copy=0.768  A(t)=662  sim=28.5s
epoch    3580  HO=0.3909  meanSteps=   789.2  copy=0.769  A(t)=662  sim=28.7s
epoch    3600  HO=0.3857  meanSteps=   791.0  copy=0.772  A(t)=664  sim=28.9s
epoch    3620  HO=0.3866  meanSteps=   783.9  copy=0.768  A(t)=667  sim=29.1s
epoch    3640  HO=0.3895  meanSteps=   792.3  copy=0.767  A(t)=669  sim=29.3s
epoch    3660  HO=0.3846  meanSteps=   797.8  copy=0.768  A(t)=671  sim=29.5s
epoch    3680  HO=0.3838  meanSteps=   795.8  copy=0.770  A(t)=671  sim=29.7s
epoch    3700  HO=0.3803  meanSteps=   794.3  copy=0.768  A(t)=679  sim=29.9s
epoch    3720  HO=0.3809  meanSteps=   789.1  copy=0.772  A(t)=682  sim=30.1s
epoch    3740  HO=0.3803  meanSteps=   799.7  copy=0.768  A(t)=684  sim=30.3s
epoch    3760  HO=0.3767  meanSteps=   801.4  copy=0.766  A(t)=685  sim=30.5s
epoch    3780  HO=0.3772  meanSteps=   801.7  copy=0.764  A(t)=687  sim=30.7s
epoch    3800  HO=0.3757  meanSteps=   815.6  copy=0.766  A(t)=687  sim=30.9s
epoch    3820  HO=0.3670  meanSteps=   827.6  copy=0.764  A(t)=690  sim=31.1s
epoch    3840  HO=0.3649  meanSteps=   823.9  copy=0.764  A(t)=690  sim=31.3s
epoch    3860  HO=0.3622  meanSteps=   819.0  copy=0.764  A(t)=690  sim=31.5s
epoch    3880  HO=0.3602  meanSteps=   830.5  copy=0.767  A(t)=690  sim=31.7s
epoch    3900  HO=0.3649  meanSteps=   839.3  copy=0.770  A(t)=692  sim=32.0s
epoch    3920  HO=0.3600  meanSteps=   842.7  copy=0.770  A(t)=692  sim=32.2s
epoch    3940  HO=0.3621  meanSteps=   841.1  copy=0.769  A(t)=696  sim=32.4s
epoch    3960  HO=0.3595  meanSteps=   831.8  copy=0.773  A(t)=696  sim=32.6s
epoch    3980  HO=0.3557  meanSteps=   838.8  copy=0.774  A(t)=700  sim=32.8s
epoch    4000  HO=0.3502  meanSteps=   840.9  copy=0.778  A(t)=703  sim=33.1s
epoch    4020  HO=0.3489  meanSteps=   843.4  copy=0.781  A(t)=703  sim=33.3s
epoch    4040  HO=0.3456  meanSteps=   839.3  copy=0.783  A(t)=707  sim=33.5s
epoch    4060  HO=0.3479  meanSteps=   825.5  copy=0.784  A(t)=709  sim=33.7s
epoch    4080  HO=0.3423  meanSteps=   828.0  copy=0.785  A(t)=709  sim=33.9s
epoch    4100  HO=0.3392  meanSteps=   837.0  copy=0.785  A(t)=711  sim=34.2s
epoch    4120  HO=0.3396  meanSteps=   836.4  copy=0.788  A(t)=711  sim=34.4s
epoch    4140  HO=0.3332  meanSteps=   843.3  copy=0.786  A(t)=711  sim=34.6s
epoch    4160  HO=0.3324  meanSteps=   842.5  copy=0.787  A(t)=711  sim=34.8s
epoch    4180  HO=0.3254  meanSteps=   853.5  copy=0.786  A(t)=719  sim=35.0s
epoch    4200  HO=0.3192  meanSteps=   857.5  copy=0.786  A(t)=721  sim=35.2s
epoch    4220  HO=0.3107  meanSteps=   855.1  copy=0.789  A(t)=723  sim=35.4s
epoch    4240  HO=0.3077  meanSteps=   845.8  copy=0.787  A(t)=723  sim=35.6s
epoch    4260  HO=0.3073  meanSteps=   836.7  copy=0.787  A(t)=725  sim=35.9s
epoch    4280  HO=0.3086  meanSteps=   843.8  copy=0.784  A(t)=729  sim=36.1s
epoch    4300  HO=0.3065  meanSteps=   833.5  copy=0.782  A(t)=729  sim=36.3s
epoch    4320  HO=0.3023  meanSteps=   833.6  copy=0.781  A(t)=739  sim=36.5s
epoch    4340  HO=0.3006  meanSteps=   838.3  copy=0.781  A(t)=741  sim=36.7s
epoch    4360  HO=0.2945  meanSteps=   850.1  copy=0.782  A(t)=741  sim=36.9s
epoch    4380  HO=0.2931  meanSteps=   849.5  copy=0.782  A(t)=741  sim=37.1s
epoch    4400  HO=0.2896  meanSteps=   862.5  copy=0.785  A(t)=743  sim=37.4s
epoch    4420  HO=0.2874  meanSteps=   857.7  copy=0.790  A(t)=743  sim=37.6s
epoch    4440  HO=0.2854  meanSteps=   867.2  copy=0.792  A(t)=743  sim=37.8s
epoch    4460  HO=0.2850  meanSteps=   865.0  copy=0.796  A(t)=745  sim=38.0s
epoch    4480  HO=0.2762  meanSteps=   864.7  copy=0.798  A(t)=747  sim=38.2s
epoch    4500  HO=0.2737  meanSteps=   865.4  copy=0.800  A(t)=747  sim=38.5s
epoch    4520  HO=0.2737  meanSteps=   876.6  copy=0.800  A(t)=747  sim=38.7s
epoch    4540  HO=0.2766  meanSteps=   866.9  copy=0.798  A(t)=751  sim=38.9s
epoch    4560  HO=0.2763  meanSteps=   865.1  copy=0.800  A(t)=751  sim=39.2s
epoch    4580  HO=0.2744  meanSteps=   875.1  copy=0.801  A(t)=754  sim=39.4s
epoch    4600  HO=0.2777  meanSteps=   874.0  copy=0.799  A(t)=763  sim=39.6s
epoch    4620  HO=0.2738  meanSteps=   876.8  copy=0.801  A(t)=765  sim=39.8s
epoch    4640  HO=0.2727  meanSteps=   874.1  copy=0.803  A(t)=765  sim=40.1s
epoch    4660  HO=0.2720  meanSteps=   874.1  copy=0.805  A(t)=765  sim=40.3s
epoch    4680  HO=0.2713  meanSteps=   870.2  copy=0.805  A(t)=772  sim=40.5s
epoch    4700  HO=0.2699  meanSteps=   870.0  copy=0.807  A(t)=774  sim=40.7s
epoch    4720  HO=0.2683  meanSteps=   864.4  copy=0.807  A(t)=776  sim=40.9s
epoch    4740  HO=0.2677  meanSteps=   864.2  copy=0.808  A(t)=776  sim=41.1s
epoch    4760  HO=0.2671  meanSteps=   859.6  copy=0.812  A(t)=779  sim=41.3s
epoch    4780  HO=0.2628  meanSteps=   865.3  copy=0.812  A(t)=789  sim=41.5s
epoch    4800  HO=0.2589  meanSteps=   871.0  copy=0.817  A(t)=789  sim=41.7s
epoch    4820  HO=0.2632  meanSteps=   861.7  copy=0.816  A(t)=791  sim=42.0s
epoch    4840  HO=0.2599  meanSteps=   847.7  copy=0.820  A(t)=791  sim=42.2s
epoch    4860  HO=0.2571  meanSteps=   858.2  copy=0.821  A(t)=793  sim=42.4s
epoch    4880  HO=0.2556  meanSteps=   859.2  copy=0.823  A(t)=797  sim=42.6s
epoch    4900  HO=0.2549  meanSteps=   849.2  copy=0.826  A(t)=802  sim=42.8s
epoch    4920  HO=0.2572  meanSteps=   857.3  copy=0.830  A(t)=802  sim=43.0s
epoch    4940  HO=0.2475  meanSteps=   867.2  copy=0.831  A(t)=804  sim=43.2s
epoch    4960  HO=0.2435  meanSteps=   876.5  copy=0.831  A(t)=808  sim=43.4s
epoch    4980  HO=0.2411  meanSteps=   876.2  copy=0.831  A(t)=810  sim=43.7s
epoch    5000  HO=0.2460  meanSteps=   879.6  copy=0.833  A(t)=813  sim=43.9s
epoch    5020  HO=0.2407  meanSteps=   873.1  copy=0.838  A(t)=813  sim=44.1s
epoch    5040  HO=0.2402  meanSteps=   872.5  copy=0.836  A(t)=813  sim=44.3s
epoch    5060  HO=0.2392  meanSteps=   861.1  copy=0.836  A(t)=813  sim=44.5s
epoch    5080  HO=0.2348  meanSteps=   860.1  copy=0.834  A(t)=815  sim=44.7s
epoch    5100  HO=0.2323  meanSteps=   852.4  copy=0.835  A(t)=815  sim=45.0s
epoch    5120  HO=0.2337  meanSteps=   842.2  copy=0.833  A(t)=815  sim=45.2s
epoch    5140  HO=0.2372  meanSteps=   855.3  copy=0.835  A(t)=815  sim=45.4s
epoch    5160  HO=0.2389  meanSteps=   837.8  copy=0.839  A(t)=817  sim=45.6s
epoch    5180  HO=0.2358  meanSteps=   858.7  copy=0.835  A(t)=817  sim=45.8s
epoch    5200  HO=0.2277  meanSteps=   857.2  copy=0.834  A(t)=819  sim=46.0s
epoch    5220  HO=0.2262  meanSteps=   839.7  copy=0.832  A(t)=819  sim=46.2s
epoch    5240  HO=0.2270  meanSteps=   840.4  copy=0.832  A(t)=819  sim=46.4s
epoch    5260  HO=0.2259  meanSteps=   839.3  copy=0.831  A(t)=819  sim=46.6s
epoch    5280  HO=0.2276  meanSteps=   851.5  copy=0.833  A(t)=819  sim=46.9s
epoch    5300  HO=0.2261  meanSteps=   842.5  copy=0.837  A(t)=819  sim=47.1s
epoch    5320  HO=0.2227  meanSteps=   832.8  copy=0.839  A(t)=819  sim=47.3s
epoch    5340  HO=0.2212  meanSteps=   836.3  copy=0.838  A(t)=823  sim=47.5s
epoch    5360  HO=0.2193  meanSteps=   832.3  copy=0.834  A(t)=826  sim=47.9s
epoch    5380  HO=0.2185  meanSteps=   840.1  copy=0.833  A(t)=826  sim=48.1s
epoch    5400  HO=0.2167  meanSteps=   840.3  copy=0.830  A(t)=828  sim=48.4s
epoch    5420  HO=0.2175  meanSteps=   834.4  copy=0.831  A(t)=832  sim=48.6s
epoch    5440  HO=0.2164  meanSteps=   828.7  copy=0.834  A(t)=832  sim=48.8s
epoch    5460  HO=0.2143  meanSteps=   836.9  copy=0.833  A(t)=834  sim=49.0s
epoch    5480  HO=0.2147  meanSteps=   822.5  copy=0.831  A(t)=840  sim=49.2s
epoch    5500  HO=0.2177  meanSteps=   822.7  copy=0.834  A(t)=840  sim=49.4s
epoch    5520  HO=0.2182  meanSteps=   824.3  copy=0.837  A(t)=842  sim=49.6s
epoch    5540  HO=0.2159  meanSteps=   815.1  copy=0.834  A(t)=842  sim=49.8s
epoch    5560  HO=0.2121  meanSteps=   808.4  copy=0.832  A(t)=842  sim=50.0s
epoch    5580  HO=0.2116  meanSteps=   797.3  copy=0.833  A(t)=842  sim=50.2s
epoch    5600  HO=0.2122  meanSteps=   797.5  copy=0.830  A(t)=842  sim=50.4s
epoch    5620  HO=0.2090  meanSteps=   796.6  copy=0.832  A(t)=842  sim=50.6s
epoch    5640  HO=0.2127  meanSteps=   794.8  copy=0.834  A(t)=844  sim=50.8s
epoch    5660  HO=0.2101  meanSteps=   788.8  copy=0.832  A(t)=844  sim=51.0s
epoch    5680  HO=0.2089  meanSteps=   788.2  copy=0.832  A(t)=844  sim=51.3s
epoch    5700  HO=0.2040  meanSteps=   789.6  copy=0.832  A(t)=846  sim=51.5s
epoch    5720  HO=0.2069  meanSteps=   791.6  copy=0.834  A(t)=847  sim=51.7s
epoch    5740  HO=0.2131  meanSteps=   786.9  copy=0.832  A(t)=847  sim=51.9s
epoch    5760  HO=0.2136  meanSteps=   785.7  copy=0.830  A(t)=849  sim=52.1s
epoch    5780  HO=0.2131  meanSteps=   779.3  copy=0.831  A(t)=851  sim=52.3s
epoch    5800  HO=0.2114  meanSteps=   778.5  copy=0.835  A(t)=851  sim=52.5s
epoch    5820  HO=0.2156  meanSteps=   767.9  copy=0.840  A(t)=851  sim=52.7s
epoch    5840  HO=0.2137  meanSteps=   766.5  copy=0.840  A(t)=851  sim=52.9s
epoch    5860  HO=0.2182  meanSteps=   752.7  copy=0.842  A(t)=853  sim=53.1s
epoch    5880  HO=0.2151  meanSteps=   746.1  copy=0.843  A(t)=855  sim=53.3s
epoch    5900  HO=0.2079  meanSteps=   747.9  copy=0.842  A(t)=855  sim=53.5s
epoch    5920  HO=0.2054  meanSteps=   746.0  copy=0.844  A(t)=857  sim=53.7s
epoch    5940  HO=0.2057  meanSteps=   745.0  copy=0.850  A(t)=859  sim=53.9s
epoch    5960  HO=0.2062  meanSteps=   742.1  copy=0.846  A(t)=859  sim=54.1s
epoch    5980  HO=0.2071  meanSteps=   739.7  copy=0.847  A(t)=859  sim=54.3s
epoch    6000  HO=0.2068  meanSteps=   736.1  copy=0.851  A(t)=859  sim=54.5s
epoch    6020  HO=0.2088  meanSteps=   741.3  copy=0.853  A(t)=861  sim=54.7s
epoch    6040  HO=0.2105  meanSteps=   745.5  copy=0.857  A(t)=864  sim=54.9s
epoch    6060  HO=0.2131  meanSteps=   744.6  copy=0.862  A(t)=864  sim=55.1s
epoch    6080  HO=0.2122  meanSteps=   745.5  copy=0.863  A(t)=864  sim=55.3s
epoch    6100  HO=0.2125  meanSteps=   753.1  copy=0.863  A(t)=864  sim=55.5s
epoch    6120  HO=0.2120  meanSteps=   748.8  copy=0.861  A(t)=866  sim=55.7s
epoch    6140  HO=0.2106  meanSteps=   746.5  copy=0.862  A(t)=876  sim=55.9s
epoch    6160  HO=0.2095  meanSteps=   738.6  copy=0.860  A(t)=878  sim=56.1s
epoch    6180  HO=0.2096  meanSteps=   746.6  copy=0.859  A(t)=878  sim=56.3s
epoch    6200  HO=0.2076  meanSteps=   739.4  copy=0.861  A(t)=880  sim=56.5s
epoch    6220  HO=0.2054  meanSteps=   739.3  copy=0.863  A(t)=880  sim=56.7s
epoch    6240  HO=0.2067  meanSteps=   734.7  copy=0.865  A(t)=880  sim=56.9s
epoch    6260  HO=0.2094  meanSteps=   732.1  copy=0.863  A(t)=882  sim=57.1s
epoch    6280  HO=0.2060  meanSteps=   729.9  copy=0.865  A(t)=888  sim=57.3s
epoch    6300  HO=0.2083  meanSteps=   725.1  copy=0.867  A(t)=888  sim=57.6s
epoch    6320  HO=0.2116  meanSteps=   721.3  copy=0.865  A(t)=888  sim=57.8s
epoch    6340  HO=0.2115  meanSteps=   725.8  copy=0.862  A(t)=889  sim=58.0s
epoch    6360  HO=0.2125  meanSteps=   720.4  copy=0.861  A(t)=889  sim=58.2s
epoch    6380  HO=0.2119  meanSteps=   718.9  copy=0.863  A(t)=889  sim=58.4s
epoch    6400  HO=0.2125  meanSteps=   716.6  copy=0.861  A(t)=889  sim=58.8s
epoch    6420  HO=0.2135  meanSteps=   708.6  copy=0.859  A(t)=889  sim=59.0s
epoch    6440  HO=0.2133  meanSteps=   699.2  copy=0.859  A(t)=892  sim=59.2s
epoch    6460  HO=0.2176  meanSteps=   704.4  copy=0.859  A(t)=893  sim=59.4s
epoch    6480  HO=0.2148  meanSteps=   700.9  copy=0.859  A(t)=893  sim=59.6s
epoch    6500  HO=0.2143  meanSteps=   698.3  copy=0.861  A(t)=895  sim=59.8s
epoch    6520  HO=0.2174  meanSteps=   709.0  copy=0.859  A(t)=895  sim=60.0s
epoch    6540  HO=0.2179  meanSteps=   723.6  copy=0.860  A(t)=895  sim=60.2s
epoch    6560  HO=0.2297  meanSteps=   736.6  copy=0.859  A(t)=897  sim=60.4s
epoch    6580  HO=0.2322  meanSteps=   734.7  copy=0.860  A(t)=897  sim=60.6s
epoch    6600  HO=0.2303  meanSteps=   738.3  copy=0.860  A(t)=897  sim=60.8s
epoch    6620  HO=0.2320  meanSteps=   744.4  copy=0.860  A(t)=901  sim=61.0s
epoch    6640  HO=0.2279  meanSteps=   753.7  copy=0.858  A(t)=901  sim=61.2s
epoch    6660  HO=0.2313  meanSteps=   767.1  copy=0.855  A(t)=903  sim=61.4s
epoch    6680  HO=0.2331  meanSteps=   755.4  copy=0.858  A(t)=903  sim=61.6s
epoch    6700  HO=0.2294  meanSteps=   751.3  copy=0.855  A(t)=909  sim=61.8s
epoch    6720  HO=0.2228  meanSteps=   748.5  copy=0.855  A(t)=913  sim=62.0s
epoch    6740  HO=0.2244  meanSteps=   748.9  copy=0.853  A(t)=917  sim=62.2s
epoch    6760  HO=0.2249  meanSteps=   736.8  copy=0.854  A(t)=917  sim=62.4s
epoch    6780  HO=0.2241  meanSteps=   749.4  copy=0.854  A(t)=917  sim=62.6s
epoch    6800  HO=0.2209  meanSteps=   766.2  copy=0.853  A(t)=917  sim=62.8s
epoch    6820  HO=0.2227  meanSteps=   756.2  copy=0.853  A(t)=917  sim=63.0s
epoch    6840  HO=0.2201  meanSteps=   765.0  copy=0.852  A(t)=919  sim=63.2s
epoch    6860  HO=0.2210  meanSteps=   772.7  copy=0.854  A(t)=922  sim=63.4s
epoch    6880  HO=0.2201  meanSteps=   757.7  copy=0.856  A(t)=924  sim=63.6s
epoch    6900  HO=0.2175  meanSteps=   753.6  copy=0.858  A(t)=926  sim=63.8s
epoch    6920  HO=0.2140  meanSteps=   758.8  copy=0.859  A(t)=926  sim=64.0s
epoch    6940  HO=0.2137  meanSteps=   756.6  copy=0.863  A(t)=926  sim=64.3s
epoch    6960  HO=0.2177  meanSteps=   757.1  copy=0.863  A(t)=926  sim=64.6s
epoch    6980  HO=0.2178  meanSteps=   752.1  copy=0.864  A(t)=932  sim=64.8s
epoch    7000  HO=0.2180  meanSteps=   747.3  copy=0.863  A(t)=935  sim=65.1s
epoch    7020  HO=0.2207  meanSteps=   738.2  copy=0.864  A(t)=935  sim=65.3s
epoch    7040  HO=0.2229  meanSteps=   744.8  copy=0.865  A(t)=935  sim=65.5s
epoch    7060  HO=0.2242  meanSteps=   752.1  copy=0.866  A(t)=937  sim=65.7s
epoch    7080  HO=0.2208  meanSteps=   745.7  copy=0.871  A(t)=937  sim=66.0s
epoch    7100  HO=0.2190  meanSteps=   743.5  copy=0.868  A(t)=945  sim=66.2s
epoch    7120  HO=0.2180  meanSteps=   754.4  copy=0.865  A(t)=945  sim=66.4s
epoch    7140  HO=0.2187  meanSteps=   762.4  copy=0.868  A(t)=947  sim=66.7s
epoch    7160  HO=0.2124  meanSteps=   751.2  copy=0.870  A(t)=949  sim=67.0s
epoch    7180  HO=0.2143  meanSteps=   749.5  copy=0.869  A(t)=949  sim=67.2s
epoch    7200  HO=0.2106  meanSteps=   747.1  copy=0.869  A(t)=949  sim=67.4s
epoch    7220  HO=0.2146  meanSteps=   746.3  copy=0.869  A(t)=951  sim=67.6s
epoch    7240  HO=0.2122  meanSteps=   741.2  copy=0.868  A(t)=951  sim=67.8s
epoch    7260  HO=0.2145  meanSteps=   749.6  copy=0.866  A(t)=951  sim=68.0s
epoch    7280  HO=0.2129  meanSteps=   744.6  copy=0.865  A(t)=954  sim=68.2s
epoch    7300  HO=0.2120  meanSteps=   752.4  copy=0.863  A(t)=954  sim=68.4s
epoch    7320  HO=0.2099  meanSteps=   745.0  copy=0.866  A(t)=956  sim=68.6s
epoch    7340  HO=0.2048  meanSteps=   746.3  copy=0.866  A(t)=958  sim=68.8s
epoch    7360  HO=0.2072  meanSteps=   748.0  copy=0.866  A(t)=960  sim=69.1s
epoch    7380  HO=0.2070  meanSteps=   754.0  copy=0.869  A(t)=960  sim=69.3s
epoch    7400  HO=0.2120  meanSteps=   761.7  copy=0.872  A(t)=960  sim=69.5s
epoch    7420  HO=0.2134  meanSteps=   758.1  copy=0.876  A(t)=960  sim=69.7s
epoch    7440  HO=0.2128  meanSteps=   750.3  copy=0.877  A(t)=964  sim=69.8s
epoch    7460  HO=0.2132  meanSteps=   753.4  copy=0.876  A(t)=970  sim=70.1s
epoch    7480  HO=0.2089  meanSteps=   765.7  copy=0.874  A(t)=974  sim=70.3s
epoch    7500  HO=0.2093  meanSteps=   765.9  copy=0.870  A(t)=977  sim=70.5s
epoch    7520  HO=0.2038  meanSteps=   760.1  copy=0.868  A(t)=977  sim=70.7s
epoch    7540  HO=0.2085  meanSteps=   759.1  copy=0.867  A(t)=980  sim=70.9s
epoch    7560  HO=0.2100  meanSteps=   760.9  copy=0.869  A(t)=984  sim=71.1s
epoch    7580  HO=0.2080  meanSteps=   763.8  copy=0.868  A(t)=984  sim=71.3s
epoch    7600  HO=0.2103  meanSteps=   769.3  copy=0.868  A(t)=984  sim=71.5s
epoch    7620  HO=0.2146  meanSteps=   761.9  copy=0.870  A(t)=987  sim=71.7s
epoch    7640  HO=0.2178  meanSteps=   763.4  copy=0.873  A(t)=987  sim=71.9s
epoch    7660  HO=0.2224  meanSteps=   768.3  copy=0.876  A(t)=987  sim=72.1s
epoch    7680  HO=0.2194  meanSteps=   776.0  copy=0.875  A(t)=988  sim=72.3s
epoch    7700  HO=0.2146  meanSteps=   776.4  copy=0.876  A(t)=988  sim=72.5s
epoch    7720  HO=0.2115  meanSteps=   780.9  copy=0.876  A(t)=990  sim=72.7s
epoch    7740  HO=0.2139  meanSteps=   781.2  copy=0.878  A(t)=992  sim=73.0s
epoch    7760  HO=0.2150  meanSteps=   773.6  copy=0.875  A(t)=992  sim=73.2s
epoch    7780  HO=0.2247  meanSteps=   774.6  copy=0.877  A(t)=992  sim=73.4s
epoch    7800  HO=0.2244  meanSteps=   770.2  copy=0.874  A(t)=992  sim=73.6s
epoch    7820  HO=0.2265  meanSteps=   771.4  copy=0.871  A(t)=994  sim=73.8s
epoch    7840  HO=0.2302  meanSteps=   778.6  copy=0.874  A(t)=994  sim=74.0s
epoch    7860  HO=0.2289  meanSteps=   781.4  copy=0.873  A(t)=994  sim=74.2s
epoch    7880  HO=0.2284  meanSteps=   785.7  copy=0.873  A(t)=996  sim=74.4s
epoch    7900  HO=0.2285  meanSteps=   779.4  copy=0.868  A(t)=999  sim=74.6s
epoch    7920  HO=0.2279  meanSteps=   776.2  copy=0.866  A(t)=1000  sim=74.8s
epoch    7940  HO=0.2321  meanSteps=   771.6  copy=0.867  A(t)=1003  sim=75.0s
epoch    7960  HO=0.2300  meanSteps=   777.4  copy=0.866  A(t)=1007  sim=75.2s
epoch    7980  HO=0.2314  meanSteps=   775.4  copy=0.868  A(t)=1007  sim=75.4s
epoch    8000  HO=0.2338  meanSteps=   778.5  copy=0.872  A(t)=1010  sim=75.6s
epoch    8020  HO=0.2340  meanSteps=   787.1  copy=0.874  A(t)=1010  sim=75.8s
epoch    8040  HO=0.2262  meanSteps=   798.5  copy=0.875  A(t)=1010  sim=76.0s
epoch    8060  HO=0.2294  meanSteps=   797.9  copy=0.875  A(t)=1010  sim=76.2s
epoch    8080  HO=0.2306  meanSteps=   794.7  copy=0.874  A(t)=1010  sim=76.4s
epoch    8100  HO=0.2306  meanSteps=   803.6  copy=0.875  A(t)=1010  sim=76.6s
epoch    8120  HO=0.2402  meanSteps=   799.4  copy=0.876  A(t)=1010  sim=76.8s
epoch    8140  HO=0.2388  meanSteps=   807.8  copy=0.874  A(t)=1010  sim=77.0s
epoch    8160  HO=0.2366  meanSteps=   805.7  copy=0.874  A(t)=1012  sim=77.2s
epoch    8180  HO=0.2322  meanSteps=   789.6  copy=0.873  A(t)=1012  sim=77.4s
epoch    8200  HO=0.2308  meanSteps=   787.7  copy=0.874  A(t)=1017  sim=77.6s
epoch    8220  HO=0.2278  meanSteps=   787.4  copy=0.873  A(t)=1019  sim=77.8s
epoch    8240  HO=0.2276  meanSteps=   804.6  copy=0.872  A(t)=1023  sim=78.1s
epoch    8260  HO=0.2352  meanSteps=   802.2  copy=0.872  A(t)=1027  sim=78.3s
epoch    8280  HO=0.2394  meanSteps=   795.8  copy=0.873  A(t)=1029  sim=78.5s
epoch    8300  HO=0.2436  meanSteps=   792.7  copy=0.871  A(t)=1031  sim=78.7s
epoch    8320  HO=0.2368  meanSteps=   780.3  copy=0.873  A(t)=1033  sim=78.9s
epoch    8340  HO=0.2459  meanSteps=   774.0  copy=0.868  A(t)=1040  sim=79.1s
epoch    8360  HO=0.2515  meanSteps=   774.1  copy=0.864  A(t)=1042  sim=79.3s
epoch    8380  HO=0.2552  meanSteps=   767.0  copy=0.861  A(t)=1042  sim=79.5s
epoch    8400  HO=0.2472  meanSteps=   764.0  copy=0.864  A(t)=1044  sim=79.7s
epoch    8420  HO=0.2533  meanSteps=   759.7  copy=0.862  A(t)=1044  sim=79.9s
epoch    8440  HO=0.2595  meanSteps=   765.9  copy=0.864  A(t)=1044  sim=80.1s
epoch    8460  HO=0.2579  meanSteps=   764.2  copy=0.862  A(t)=1048  sim=80.3s
epoch    8480  HO=0.2598  meanSteps=   770.5  copy=0.864  A(t)=1051  sim=80.5s
epoch    8500  HO=0.2626  meanSteps=   762.7  copy=0.865  A(t)=1052  sim=80.7s
epoch    8520  HO=0.2666  meanSteps=   767.7  copy=0.860  A(t)=1056  sim=80.9s
epoch    8540  HO=0.2616  meanSteps=   765.9  copy=0.860  A(t)=1056  sim=81.1s
epoch    8560  HO=0.2669  meanSteps=   770.3  copy=0.860  A(t)=1059  sim=81.3s
epoch    8580  HO=0.2654  meanSteps=   757.7  copy=0.862  A(t)=1063  sim=81.5s
epoch    8600  HO=0.2726  meanSteps=   762.9  copy=0.863  A(t)=1063  sim=81.7s
epoch    8620  HO=0.2728  meanSteps=   767.9  copy=0.863  A(t)=1063  sim=81.9s
epoch    8640  HO=0.2682  meanSteps=   763.9  copy=0.864  A(t)=1063  sim=82.2s
epoch    8660  HO=0.2667  meanSteps=   767.3  copy=0.865  A(t)=1065  sim=82.4s
epoch    8680  HO=0.2707  meanSteps=   768.5  copy=0.865  A(t)=1067  sim=82.6s
epoch    8700  HO=0.2747  meanSteps=   763.6  copy=0.863  A(t)=1067  sim=82.8s
epoch    8720  HO=0.2799  meanSteps=   773.0  copy=0.861  A(t)=1067  sim=83.0s
epoch    8740  HO=0.2804  meanSteps=   759.2  copy=0.864  A(t)=1067  sim=83.3s
epoch    8760  HO=0.2787  meanSteps=   751.9  copy=0.865  A(t)=1069  sim=83.5s
epoch    8780  HO=0.2756  meanSteps=   766.8  copy=0.867  A(t)=1069  sim=83.7s
epoch    8800  HO=0.2726  meanSteps=   772.2  copy=0.865  A(t)=1072  sim=83.9s
epoch    8820  HO=0.2727  meanSteps=   764.6  copy=0.861  A(t)=1079  sim=84.0s
epoch    8840  HO=0.2690  meanSteps=   758.3  copy=0.860  A(t)=1079  sim=84.2s
epoch    8860  HO=0.2691  meanSteps=   748.0  copy=0.861  A(t)=1084  sim=84.4s
epoch    8880  HO=0.2684  meanSteps=   753.1  copy=0.864  A(t)=1086  sim=84.6s
epoch    8900  HO=0.2666  meanSteps=   771.2  copy=0.864  A(t)=1086  sim=84.8s
epoch    8920  HO=0.2677  meanSteps=   771.3  copy=0.863  A(t)=1086  sim=85.0s
epoch    8940  HO=0.2648  meanSteps=   771.1  copy=0.863  A(t)=1086  sim=85.2s
epoch    8960  HO=0.2648  meanSteps=   766.2  copy=0.861  A(t)=1086  sim=85.4s
epoch    8980  HO=0.2652  meanSteps=   759.3  copy=0.861  A(t)=1088  sim=85.6s
epoch    9000  HO=0.2640  meanSteps=   755.9  copy=0.863  A(t)=1088  sim=85.8s
epoch    9020  HO=0.2689  meanSteps=   760.9  copy=0.863  A(t)=1092  sim=86.0s
epoch    9040  HO=0.2754  meanSteps=   758.9  copy=0.864  A(t)=1092  sim=86.2s
epoch    9060  HO=0.2686  meanSteps=   749.1  copy=0.863  A(t)=1092  sim=86.4s
epoch    9080  HO=0.2690  meanSteps=   739.4  copy=0.865  A(t)=1099  sim=86.6s
epoch    9100  HO=0.2681  meanSteps=   744.1  copy=0.865  A(t)=1099  sim=86.8s
epoch    9120  HO=0.2653  meanSteps=   738.1  copy=0.867  A(t)=1099  sim=87.0s
epoch    9140  HO=0.2593  meanSteps=   744.1  copy=0.863  A(t)=1102  sim=87.2s
epoch    9160  HO=0.2603  meanSteps=   740.9  copy=0.865  A(t)=1102  sim=87.4s
epoch    9180  HO=0.2565  meanSteps=   732.4  copy=0.867  A(t)=1105  sim=87.6s
epoch    9200  HO=0.2559  meanSteps=   742.7  copy=0.863  A(t)=1106  sim=87.8s
epoch    9220  HO=0.2584  meanSteps=   727.8  copy=0.862  A(t)=1106  sim=88.0s
epoch    9240  HO=0.2529  meanSteps=   734.3  copy=0.863  A(t)=1106  sim=88.1s
epoch    9260  HO=0.2541  meanSteps=   744.7  copy=0.865  A(t)=1109  sim=88.3s
epoch    9280  HO=0.2567  meanSteps=   743.0  copy=0.861  A(t)=1113  sim=88.5s
epoch    9300  HO=0.2587  meanSteps=   736.0  copy=0.861  A(t)=1113  sim=88.7s
epoch    9320  HO=0.2635  meanSteps=   735.1  copy=0.860  A(t)=1120  sim=89.0s
epoch    9340  HO=0.2637  meanSteps=   726.8  copy=0.861  A(t)=1122  sim=89.1s
epoch    9360  HO=0.2613  meanSteps=   723.5  copy=0.859  A(t)=1129  sim=89.3s
epoch    9380  HO=0.2616  meanSteps=   722.7  copy=0.856  A(t)=1130  sim=89.5s
epoch    9400  HO=0.2664  meanSteps=   714.8  copy=0.858  A(t)=1130  sim=89.7s
epoch    9420  HO=0.2659  meanSteps=   723.9  copy=0.857  A(t)=1133  sim=89.9s
epoch    9440  HO=0.2669  meanSteps=   712.9  copy=0.860  A(t)=1133  sim=90.1s
epoch    9460  HO=0.2634  meanSteps=   721.3  copy=0.864  A(t)=1135  sim=90.3s
epoch    9480  HO=0.2664  meanSteps=   715.7  copy=0.866  A(t)=1138  sim=90.5s
epoch    9500  HO=0.2650  meanSteps=   710.2  copy=0.863  A(t)=1138  sim=90.7s
epoch    9520  HO=0.2617  meanSteps=   711.6  copy=0.863  A(t)=1141  sim=90.8s
epoch    9540  HO=0.2569  meanSteps=   713.1  copy=0.867  A(t)=1143  sim=91.0s
epoch    9560  HO=0.2528  meanSteps=   706.0  copy=0.866  A(t)=1145  sim=91.2s
epoch    9580  HO=0.2564  meanSteps=   709.7  copy=0.868  A(t)=1147  sim=91.4s
epoch    9600  HO=0.2517  meanSteps=   711.4  copy=0.869  A(t)=1152  sim=91.6s
epoch    9620  HO=0.2542  meanSteps=   711.2  copy=0.870  A(t)=1159  sim=91.8s
epoch    9640  HO=0.2548  meanSteps=   708.9  copy=0.872  A(t)=1159  sim=92.0s
epoch    9660  HO=0.2531  meanSteps=   706.2  copy=0.874  A(t)=1163  sim=92.2s
epoch    9680  HO=0.2472  meanSteps=   713.5  copy=0.873  A(t)=1163  sim=92.4s
epoch    9700  HO=0.2461  meanSteps=   715.1  copy=0.872  A(t)=1167  sim=92.6s
epoch    9720  HO=0.2451  meanSteps=   714.7  copy=0.870  A(t)=1169  sim=92.8s
epoch    9740  HO=0.2459  meanSteps=   713.7  copy=0.867  A(t)=1169  sim=93.1s
epoch    9760  HO=0.2485  meanSteps=   709.8  copy=0.867  A(t)=1173  sim=93.3s
epoch    9780  HO=0.2492  meanSteps=   719.0  copy=0.869  A(t)=1173  sim=93.5s
epoch    9800  HO=0.2550  meanSteps=   709.0  copy=0.868  A(t)=1176  sim=93.7s
epoch    9820  HO=0.2488  meanSteps=   711.7  copy=0.868  A(t)=1181  sim=93.9s
epoch    9840  HO=0.2485  meanSteps=   716.4  copy=0.866  A(t)=1181  sim=94.0s
epoch    9860  HO=0.2489  meanSteps=   709.9  copy=0.865  A(t)=1184  sim=94.2s
epoch    9880  HO=0.2450  meanSteps=   712.9  copy=0.864  A(t)=1186  sim=94.4s
epoch    9900  HO=0.2514  meanSteps=   705.9  copy=0.863  A(t)=1186  sim=94.6s
epoch    9920  HO=0.2538  meanSteps=   702.4  copy=0.864  A(t)=1186  sim=94.8s
epoch    9940  HO=0.2497  meanSteps=   695.2  copy=0.865  A(t)=1196  sim=95.0s
epoch    9960  HO=0.2497  meanSteps=   690.5  copy=0.868  A(t)=1196  sim=95.2s
epoch    9980  HO=0.2520  meanSteps=   688.7  copy=0.865  A(t)=1196  sim=95.4s
epoch   10000  HO=0.2506  meanSteps=   691.2  copy=0.871  A(t)=1198  sim=95.5s
epoch   10020  HO=0.2518  meanSteps=   687.8  copy=0.871  A(t)=1198  sim=95.7s
epoch   10040  HO=0.2445  meanSteps=   685.3  copy=0.874  A(t)=1200  sim=95.9s
epoch   10060  HO=0.2476  meanSteps=   696.2  copy=0.870  A(t)=1202  sim=96.1s
epoch   10080  HO=0.2466  meanSteps=   689.1  copy=0.869  A(t)=1204  sim=96.3s
epoch   10100  HO=0.2527  meanSteps=   680.8  copy=0.871  A(t)=1208  sim=96.5s
epoch   10120  HO=0.2559  meanSteps=   665.2  copy=0.872  A(t)=1208  sim=96.7s
epoch   10140  HO=0.2627  meanSteps=   668.0  copy=0.871  A(t)=1208  sim=96.9s
epoch   10160  HO=0.2694  meanSteps=   672.8  copy=0.872  A(t)=1210  sim=97.0s
epoch   10180  HO=0.2710  meanSteps=   673.3  copy=0.871  A(t)=1210  sim=97.2s
epoch   10200  HO=0.2668  meanSteps=   671.3  copy=0.872  A(t)=1210  sim=97.4s
epoch   10220  HO=0.2588  meanSteps=   671.9  copy=0.872  A(t)=1216  sim=97.6s
epoch   10240  HO=0.2562  meanSteps=   671.1  copy=0.873  A(t)=1216  sim=97.8s
epoch   10260  HO=0.2610  meanSteps=   674.3  copy=0.869  A(t)=1221  sim=97.9s
epoch   10280  HO=0.2601  meanSteps=   681.3  copy=0.867  A(t)=1223  sim=98.1s
epoch   10300  HO=0.2623  meanSteps=   676.4  copy=0.871  A(t)=1224  sim=98.3s
epoch   10320  HO=0.2678  meanSteps=   661.9  copy=0.870  A(t)=1224  sim=98.5s
epoch   10340  HO=0.2763  meanSteps=   663.0  copy=0.870  A(t)=1224  sim=98.7s
epoch   10360  HO=0.2764  meanSteps=   660.2  copy=0.873  A(t)=1224  sim=98.9s
epoch   10380  HO=0.2770  meanSteps=   657.4  copy=0.873  A(t)=1227  sim=99.1s
epoch   10400  HO=0.2814  meanSteps=   654.8  copy=0.873  A(t)=1227  sim=99.2s
epoch   10420  HO=0.2849  meanSteps=   663.2  copy=0.875  A(t)=1232  sim=99.4s
epoch   10440  HO=0.2907  meanSteps=   665.2  copy=0.876  A(t)=1232  sim=99.6s
epoch   10460  HO=0.2926  meanSteps=   659.4  copy=0.877  A(t)=1239  sim=99.8s
epoch   10480  HO=0.2936  meanSteps=   660.1  copy=0.877  A(t)=1241  sim=100.0s
epoch   10500  HO=0.2963  meanSteps=   662.0  copy=0.878  A(t)=1243  sim=100.2s
epoch   10520  HO=0.3003  meanSteps=   665.6  copy=0.877  A(t)=1245  sim=100.4s
epoch   10540  HO=0.2998  meanSteps=   671.0  copy=0.877  A(t)=1249  sim=100.5s
epoch   10560  HO=0.3017  meanSteps=   665.3  copy=0.879  A(t)=1253  sim=100.7s
epoch   10580  HO=0.3042  meanSteps=   664.1  copy=0.879  A(t)=1255  sim=100.9s
epoch   10600  HO=0.3039  meanSteps=   665.4  copy=0.880  A(t)=1257  sim=101.1s
epoch   10620  HO=0.3090  meanSteps=   663.4  copy=0.878  A(t)=1257  sim=101.3s
epoch   10640  HO=0.3053  meanSteps=   660.8  copy=0.878  A(t)=1257  sim=101.4s
epoch   10660  HO=0.3068  meanSteps=   670.3  copy=0.873  A(t)=1259  sim=101.6s
epoch   10680  HO=0.3081  meanSteps=   670.6  copy=0.872  A(t)=1261  sim=101.8s
epoch   10700  HO=0.3020  meanSteps=   671.9  copy=0.875  A(t)=1263  sim=102.0s
epoch   10720  HO=0.3010  meanSteps=   673.1  copy=0.878  A(t)=1268  sim=102.2s
epoch   10740  HO=0.3089  meanSteps=   673.6  copy=0.878  A(t)=1270  sim=102.3s
epoch   10760  HO=0.3057  meanSteps=   675.9  copy=0.881  A(t)=1272  sim=102.5s
epoch   10780  HO=0.3003  meanSteps=   666.4  copy=0.881  A(t)=1281  sim=102.7s
epoch   10800  HO=0.2977  meanSteps=   671.5  copy=0.882  A(t)=1285  sim=102.9s
epoch   10820  HO=0.2959  meanSteps=   670.4  copy=0.884  A(t)=1287  sim=103.1s
epoch   10840  HO=0.2963  meanSteps=   667.2  copy=0.884  A(t)=1287  sim=103.3s
epoch   10860  HO=0.2912  meanSteps=   662.0  copy=0.885  A(t)=1287  sim=103.5s
epoch   10880  HO=0.2940  meanSteps=   667.1  copy=0.889  A(t)=1288  sim=103.6s
epoch   10900  HO=0.2974  meanSteps=   663.6  copy=0.887  A(t)=1290  sim=103.8s
epoch   10920  HO=0.3025  meanSteps=   661.1  copy=0.886  A(t)=1292  sim=104.0s
epoch   10940  HO=0.3032  meanSteps=   655.8  copy=0.889  A(t)=1294  sim=104.2s
epoch   10960  HO=0.2977  meanSteps=   661.4  copy=0.885  A(t)=1298  sim=104.4s
epoch   10980  HO=0.3015  meanSteps=   658.9  copy=0.884  A(t)=1304  sim=104.5s
epoch   11000  HO=0.2975  meanSteps=   657.6  copy=0.882  A(t)=1306  sim=104.7s
epoch   11020  HO=0.3016  meanSteps=   658.6  copy=0.885  A(t)=1306  sim=104.9s
epoch   11040  HO=0.3022  meanSteps=   668.8  copy=0.884  A(t)=1306  sim=105.1s
epoch   11060  HO=0.3058  meanSteps=   666.0  copy=0.882  A(t)=1310  sim=105.3s
epoch   11080  HO=0.3117  meanSteps=   659.1  copy=0.882  A(t)=1310  sim=105.5s
epoch   11100  HO=0.3150  meanSteps=   654.6  copy=0.877  A(t)=1310  sim=105.7s
epoch   11120  HO=0.3115  meanSteps=   650.0  copy=0.877  A(t)=1312  sim=105.8s
epoch   11140  HO=0.3148  meanSteps=   648.4  copy=0.878  A(t)=1312  sim=106.0s
epoch   11160  HO=0.3128  meanSteps=   646.8  copy=0.878  A(t)=1312  sim=106.2s
epoch   11180  HO=0.3182  meanSteps=   646.3  copy=0.877  A(t)=1314  sim=106.4s
epoch   11200  HO=0.3197  meanSteps=   638.9  copy=0.875  A(t)=1316  sim=106.6s
epoch   11220  HO=0.3152  meanSteps=   641.1  copy=0.873  A(t)=1318  sim=106.7s
epoch   11240  HO=0.3087  meanSteps=   645.0  copy=0.872  A(t)=1318  sim=107.0s
epoch   11260  HO=0.3197  meanSteps=   640.4  copy=0.876  A(t)=1318  sim=107.3s
epoch   11280  HO=0.3160  meanSteps=   652.7  copy=0.873  A(t)=1318  sim=107.4s
epoch   11300  HO=0.3114  meanSteps=   656.8  copy=0.875  A(t)=1318  sim=107.6s
epoch   11320  HO=0.3104  meanSteps=   654.1  copy=0.874  A(t)=1318  sim=107.8s
epoch   11340  HO=0.3135  meanSteps=   659.5  copy=0.875  A(t)=1319  sim=108.0s
epoch   11360  HO=0.3118  meanSteps=   659.5  copy=0.878  A(t)=1321  sim=108.2s
epoch   11380  HO=0.3177  meanSteps=   657.6  copy=0.877  A(t)=1321  sim=108.3s
epoch   11400  HO=0.3179  meanSteps=   656.0  copy=0.877  A(t)=1325  sim=108.5s
epoch   11420  HO=0.3165  meanSteps=   657.2  copy=0.873  A(t)=1328  sim=108.7s
epoch   11440  HO=0.3154  meanSteps=   654.2  copy=0.872  A(t)=1328  sim=108.9s
epoch   11460  HO=0.3123  meanSteps=   656.4  copy=0.873  A(t)=1332  sim=109.1s
epoch   11480  HO=0.3051  meanSteps=   651.7  copy=0.876  A(t)=1334  sim=109.2s
epoch   11500  HO=0.3030  meanSteps=   649.5  copy=0.874  A(t)=1334  sim=109.4s
epoch   11520  HO=0.3017  meanSteps=   653.0  copy=0.873  A(t)=1336  sim=109.6s
epoch   11540  HO=0.2995  meanSteps=   651.7  copy=0.870  A(t)=1340  sim=109.8s
epoch   11560  HO=0.2934  meanSteps=   650.6  copy=0.870  A(t)=1340  sim=110.0s
epoch   11580  HO=0.2892  meanSteps=   646.1  copy=0.868  A(t)=1343  sim=110.1s
epoch   11600  HO=0.2904  meanSteps=   645.5  copy=0.866  A(t)=1345  sim=110.3s
epoch   11620  HO=0.2912  meanSteps=   642.6  copy=0.863  A(t)=1348  sim=110.5s
epoch   11640  HO=0.2867  meanSteps=   641.0  copy=0.861  A(t)=1348  sim=110.7s
epoch   11660  HO=0.2913  meanSteps=   644.4  copy=0.859  A(t)=1350  sim=110.8s
epoch   11680  HO=0.3022  meanSteps=   635.3  copy=0.860  A(t)=1355  sim=111.0s
epoch   11700  HO=0.3064  meanSteps=   636.0  copy=0.862  A(t)=1357  sim=111.2s
epoch   11720  HO=0.3094  meanSteps=   650.0  copy=0.861  A(t)=1359  sim=111.4s
epoch   11740  HO=0.3107  meanSteps=   651.6  copy=0.860  A(t)=1362  sim=111.6s
epoch   11760  HO=0.3120  meanSteps=   648.2  copy=0.856  A(t)=1362  sim=111.7s
epoch   11780  HO=0.3096  meanSteps=   638.6  copy=0.855  A(t)=1364  sim=111.9s
epoch   11800  HO=0.3165  meanSteps=   638.9  copy=0.860  A(t)=1372  sim=112.1s
epoch   11820  HO=0.3191  meanSteps=   644.4  copy=0.860  A(t)=1372  sim=112.3s
epoch   11840  HO=0.3183  meanSteps=   641.3  copy=0.861  A(t)=1372  sim=112.5s
epoch   11860  HO=0.3194  meanSteps=   650.9  copy=0.865  A(t)=1374  sim=112.7s
epoch   11880  HO=0.3111  meanSteps=   643.8  copy=0.862  A(t)=1374  sim=112.8s
epoch   11900  HO=0.3147  meanSteps=   637.1  copy=0.861  A(t)=1379  sim=113.0s
epoch   11920  HO=0.3183  meanSteps=   642.4  copy=0.866  A(t)=1384  sim=113.2s
epoch   11940  HO=0.3146  meanSteps=   638.5  copy=0.868  A(t)=1384  sim=113.4s
epoch   11960  HO=0.3045  meanSteps=   643.9  copy=0.867  A(t)=1386  sim=113.6s
epoch   11980  HO=0.3029  meanSteps=   638.3  copy=0.866  A(t)=1386  sim=113.8s
epoch   12000  HO=0.3036  meanSteps=   634.2  copy=0.864  A(t)=1391  sim=113.9s
epoch   12020  HO=0.3052  meanSteps=   628.9  copy=0.865  A(t)=1391  sim=114.1s
epoch   12040  HO=0.3053  meanSteps=   630.8  copy=0.864  A(t)=1393  sim=114.3s
epoch   12060  HO=0.3067  meanSteps=   634.5  copy=0.866  A(t)=1393  sim=114.5s
epoch   12080  HO=0.3125  meanSteps=   629.1  copy=0.866  A(t)=1397  sim=114.7s
epoch   12100  HO=0.3177  meanSteps=   632.9  copy=0.867  A(t)=1397  sim=114.9s
epoch   12120  HO=0.3218  meanSteps=   628.1  copy=0.868  A(t)=1397  sim=115.0s
epoch   12140  HO=0.3187  meanSteps=   637.9  copy=0.868  A(t)=1397  sim=115.2s
epoch   12160  HO=0.3235  meanSteps=   643.1  copy=0.869  A(t)=1397  sim=115.4s
epoch   12180  HO=0.3267  meanSteps=   636.3  copy=0.871  A(t)=1399  sim=115.6s
epoch   12200  HO=0.3297  meanSteps=   631.3  copy=0.871  A(t)=1401  sim=115.7s
epoch   12220  HO=0.3260  meanSteps=   637.8  copy=0.870  A(t)=1403  sim=115.9s
epoch   12240  HO=0.3324  meanSteps=   634.0  copy=0.868  A(t)=1406  sim=116.1s
epoch   12260  HO=0.3323  meanSteps=   630.3  copy=0.869  A(t)=1406  sim=116.3s
epoch   12280  HO=0.3312  meanSteps=   638.9  copy=0.869  A(t)=1410  sim=116.5s
epoch   12300  HO=0.3249  meanSteps=   641.6  copy=0.866  A(t)=1410  sim=116.6s
epoch   12320  HO=0.3300  meanSteps=   650.2  copy=0.863  A(t)=1413  sim=116.8s
epoch   12340  HO=0.3331  meanSteps=   647.4  copy=0.861  A(t)=1418  sim=117.0s
epoch   12360  HO=0.3327  meanSteps=   654.0  copy=0.864  A(t)=1420  sim=117.2s
epoch   12380  HO=0.3460  meanSteps=   659.3  copy=0.863  A(t)=1420  sim=117.4s
epoch   12400  HO=0.3435  meanSteps=   654.8  copy=0.868  A(t)=1424  sim=117.6s
epoch   12420  HO=0.3490  meanSteps=   652.9  copy=0.869  A(t)=1426  sim=117.7s
epoch   12440  HO=0.3488  meanSteps=   643.2  copy=0.870  A(t)=1435  sim=117.9s
epoch   12460  HO=0.3415  meanSteps=   658.6  copy=0.869  A(t)=1438  sim=118.1s
epoch   12480  HO=0.3396  meanSteps=   661.8  copy=0.863  A(t)=1441  sim=118.3s
epoch   12500  HO=0.3455  meanSteps=   654.0  copy=0.864  A(t)=1441  sim=118.5s
epoch   12520  HO=0.3456  meanSteps=   666.8  copy=0.862  A(t)=1443  sim=118.7s
epoch   12540  HO=0.3452  meanSteps=   663.6  copy=0.863  A(t)=1445  sim=118.9s
epoch   12560  HO=0.3400  meanSteps=   661.7  copy=0.863  A(t)=1451  sim=119.0s
epoch   12580  HO=0.3446  meanSteps=   667.6  copy=0.863  A(t)=1460  sim=119.2s
epoch   12600  HO=0.3468  meanSteps=   668.5  copy=0.866  A(t)=1460  sim=119.4s
epoch   12620  HO=0.3494  meanSteps=   664.5  copy=0.866  A(t)=1460  sim=119.6s
epoch   12640  HO=0.3533  meanSteps=   665.0  copy=0.864  A(t)=1464  sim=119.8s
epoch   12660  HO=0.3468  meanSteps=   664.7  copy=0.866  A(t)=1464  sim=120.0s
epoch   12680  HO=0.3568  meanSteps=   668.4  copy=0.865  A(t)=1466  sim=120.2s
epoch   12700  HO=0.3546  meanSteps=   672.0  copy=0.864  A(t)=1474  sim=120.3s
epoch   12720  HO=0.3553  meanSteps=   675.6  copy=0.863  A(t)=1474  sim=120.5s
epoch   12740  HO=0.3612  meanSteps=   681.3  copy=0.862  A(t)=1480  sim=120.7s
epoch   12760  HO=0.3608  meanSteps=   679.6  copy=0.860  A(t)=1484  sim=120.9s
epoch   12780  HO=0.3634  meanSteps=   671.7  copy=0.861  A(t)=1486  sim=121.1s
epoch   12800  HO=0.3680  meanSteps=   685.9  copy=0.858  A(t)=1488  sim=121.3s
epoch   12820  HO=0.3644  meanSteps=   684.7  copy=0.855  A(t)=1494  sim=121.5s
epoch   12840  HO=0.3709  meanSteps=   672.5  copy=0.855  A(t)=1494  sim=121.6s
epoch   12860  HO=0.3704  meanSteps=   667.8  copy=0.855  A(t)=1498  sim=121.8s
epoch   12880  HO=0.3728  meanSteps=   661.3  copy=0.857  A(t)=1503  sim=122.0s
epoch   12900  HO=0.3816  meanSteps=   668.1  copy=0.854  A(t)=1503  sim=122.2s
epoch   12920  HO=0.3776  meanSteps=   663.5  copy=0.856  A(t)=1510  sim=122.3s
epoch   12940  HO=0.3812  meanSteps=   655.0  copy=0.853  A(t)=1510  sim=122.5s
epoch   12960  HO=0.3753  meanSteps=   660.0  copy=0.849  A(t)=1510  sim=122.7s
epoch   12980  HO=0.3722  meanSteps=   657.3  copy=0.853  A(t)=1514  sim=122.9s
epoch   13000  HO=0.3668  meanSteps=   656.7  copy=0.852  A(t)=1516  sim=123.1s
epoch   13020  HO=0.3657  meanSteps=   649.4  copy=0.851  A(t)=1518  sim=123.2s
epoch   13040  HO=0.3679  meanSteps=   650.2  copy=0.854  A(t)=1520  sim=123.4s
epoch   13060  HO=0.3608  meanSteps=   643.8  copy=0.855  A(t)=1520  sim=123.6s
epoch   13080  HO=0.3650  meanSteps=   647.0  copy=0.856  A(t)=1522  sim=123.8s
epoch   13100  HO=0.3656  meanSteps=   660.7  copy=0.854  A(t)=1522  sim=123.9s
epoch   13120  HO=0.3682  meanSteps=   659.0  copy=0.854  A(t)=1522  sim=124.1s
epoch   13140  HO=0.3659  meanSteps=   664.3  copy=0.857  A(t)=1526  sim=124.3s
epoch   13160  HO=0.3621  meanSteps=   666.4  copy=0.856  A(t)=1529  sim=124.5s
epoch   13180  HO=0.3720  meanSteps=   662.2  copy=0.855  A(t)=1529  sim=124.7s
epoch   13200  HO=0.3773  meanSteps=   665.3  copy=0.860  A(t)=1534  sim=124.8s
epoch   13220  HO=0.3798  meanSteps=   657.1  copy=0.858  A(t)=1536  sim=125.0s
epoch   13240  HO=0.3773  meanSteps=   655.2  copy=0.859  A(t)=1538  sim=125.2s
epoch   13260  HO=0.3755  meanSteps=   649.1  copy=0.860  A(t)=1542  sim=125.4s
epoch   13280  HO=0.3758  meanSteps=   651.9  copy=0.860  A(t)=1544  sim=125.6s
epoch   13300  HO=0.3690  meanSteps=   650.0  copy=0.860  A(t)=1545  sim=125.8s
epoch   13320  HO=0.3631  meanSteps=   653.7  copy=0.858  A(t)=1547  sim=126.0s
epoch   13340  HO=0.3639  meanSteps=   651.8  copy=0.860  A(t)=1547  sim=126.1s
epoch   13360  HO=0.3661  meanSteps=   650.0  copy=0.858  A(t)=1549  sim=126.3s
epoch   13380  HO=0.3618  meanSteps=   643.2  copy=0.862  A(t)=1551  sim=126.5s
epoch   13400  HO=0.3562  meanSteps=   632.3  copy=0.861  A(t)=1551  sim=126.7s
epoch   13420  HO=0.3587  meanSteps=   632.4  copy=0.861  A(t)=1551  sim=126.9s
epoch   13440  HO=0.3545  meanSteps=   635.7  copy=0.859  A(t)=1551  sim=127.0s
epoch   13460  HO=0.3513  meanSteps=   645.1  copy=0.862  A(t)=1553  sim=127.2s
epoch   13480  HO=0.3508  meanSteps=   639.1  copy=0.861  A(t)=1553  sim=127.4s
epoch   13500  HO=0.3566  meanSteps=   641.3  copy=0.860  A(t)=1553  sim=127.6s
epoch   13520  HO=0.3518  meanSteps=   639.9  copy=0.858  A(t)=1553  sim=127.8s
epoch   13540  HO=0.3535  meanSteps=   635.5  copy=0.860  A(t)=1559  sim=128.0s
epoch   13560  HO=0.3481  meanSteps=   644.8  copy=0.857  A(t)=1559  sim=128.1s
epoch   13580  HO=0.3439  meanSteps=   647.1  copy=0.856  A(t)=1559  sim=128.3s
epoch   13600  HO=0.3382  meanSteps=   647.2  copy=0.858  A(t)=1559  sim=128.5s
epoch   13620  HO=0.3373  meanSteps=   644.2  copy=0.862  A(t)=1561  sim=128.7s
epoch   13640  HO=0.3304  meanSteps=   639.9  copy=0.862  A(t)=1566  sim=128.8s
epoch   13660  HO=0.3349  meanSteps=   646.0  copy=0.860  A(t)=1566  sim=129.0s
epoch   13680  HO=0.3335  meanSteps=   656.8  copy=0.859  A(t)=1572  sim=129.2s
epoch   13700  HO=0.3257  meanSteps=   644.9  copy=0.858  A(t)=1576  sim=129.4s
epoch   13720  HO=0.3173  meanSteps=   648.7  copy=0.858  A(t)=1576  sim=129.6s
epoch   13740  HO=0.3139  meanSteps=   645.1  copy=0.856  A(t)=1576  sim=129.7s
epoch   13760  HO=0.3125  meanSteps=   648.3  copy=0.856  A(t)=1576  sim=129.9s
epoch   13780  HO=0.3088  meanSteps=   656.9  copy=0.855  A(t)=1581  sim=130.1s
epoch   13800  HO=0.3067  meanSteps=   664.9  copy=0.854  A(t)=1583  sim=130.3s
epoch   13820  HO=0.3092  meanSteps=   655.0  copy=0.852  A(t)=1588  sim=130.5s
epoch   13840  HO=0.3110  meanSteps=   662.8  copy=0.850  A(t)=1592  sim=130.7s
epoch   13860  HO=0.3080  meanSteps=   662.9  copy=0.851  A(t)=1592  sim=130.8s
epoch   13880  HO=0.3049  meanSteps=   662.8  copy=0.852  A(t)=1592  sim=131.0s
epoch   13900  HO=0.3033  meanSteps=   656.8  copy=0.854  A(t)=1594  sim=131.2s
epoch   13920  HO=0.2993  meanSteps=   650.0  copy=0.854  A(t)=1594  sim=131.4s
epoch   13940  HO=0.3027  meanSteps=   654.4  copy=0.859  A(t)=1594  sim=131.6s
epoch   13960  HO=0.3065  meanSteps=   646.9  copy=0.859  A(t)=1594  sim=131.8s
epoch   13980  HO=0.3027  meanSteps=   644.5  copy=0.859  A(t)=1596  sim=131.9s
epoch   14000  HO=0.3040  meanSteps=   647.1  copy=0.858  A(t)=1596  sim=132.1s
epoch   14020  HO=0.3069  meanSteps=   634.6  copy=0.859  A(t)=1596  sim=132.3s
epoch   14040  HO=0.3076  meanSteps=   628.8  copy=0.857  A(t)=1596  sim=132.5s
epoch   14060  HO=0.3156  meanSteps=   627.1  copy=0.858  A(t)=1597  sim=132.7s
epoch   14080  HO=0.3179  meanSteps=   630.3  copy=0.861  A(t)=1601  sim=132.9s
epoch   14100  HO=0.3194  meanSteps=   624.9  copy=0.862  A(t)=1603  sim=133.0s
epoch   14120  HO=0.3178  meanSteps=   627.2  copy=0.862  A(t)=1603  sim=133.2s
epoch   14140  HO=0.3201  meanSteps=   620.9  copy=0.860  A(t)=1603  sim=133.4s
epoch   14160  HO=0.3219  meanSteps=   623.3  copy=0.862  A(t)=1603  sim=133.6s
epoch   14180  HO=0.3228  meanSteps=   622.8  copy=0.860  A(t)=1606  sim=133.8s
epoch   14200  HO=0.3222  meanSteps=   631.8  copy=0.857  A(t)=1608  sim=133.9s
epoch   14220  HO=0.3271  meanSteps=   632.3  copy=0.856  A(t)=1614  sim=134.1s
epoch   14240  HO=0.3278  meanSteps=   633.7  copy=0.854  A(t)=1614  sim=134.3s
epoch   14260  HO=0.3274  meanSteps=   636.8  copy=0.855  A(t)=1614  sim=134.5s
epoch   14280  HO=0.3250  meanSteps=   644.1  copy=0.855  A(t)=1614  sim=134.6s
epoch   14300  HO=0.3247  meanSteps=   657.5  copy=0.855  A(t)=1614  sim=134.8s
epoch   14320  HO=0.3241  meanSteps=   657.9  copy=0.854  A(t)=1618  sim=135.0s
epoch   14340  HO=0.3230  meanSteps=   641.1  copy=0.856  A(t)=1618  sim=135.2s
epoch   14360  HO=0.3213  meanSteps=   641.0  copy=0.853  A(t)=1618  sim=135.3s
epoch   14380  HO=0.3224  meanSteps=   645.7  copy=0.854  A(t)=1618  sim=135.5s
epoch   14400  HO=0.3272  meanSteps=   655.9  copy=0.854  A(t)=1621  sim=135.7s
epoch   14420  HO=0.3222  meanSteps=   651.6  copy=0.854  A(t)=1631  sim=135.9s
epoch   14440  HO=0.3237  meanSteps=   650.1  copy=0.853  A(t)=1633  sim=136.1s
epoch   14460  HO=0.3326  meanSteps=   645.3  copy=0.856  A(t)=1639  sim=136.3s
epoch   14480  HO=0.3344  meanSteps=   645.7  copy=0.857  A(t)=1647  sim=136.4s
epoch   14500  HO=0.3462  meanSteps=   645.1  copy=0.856  A(t)=1647  sim=136.6s
epoch   14520  HO=0.3533  meanSteps=   653.9  copy=0.857  A(t)=1649  sim=136.8s
epoch   14540  HO=0.3476  meanSteps=   657.7  copy=0.856  A(t)=1653  sim=137.0s
epoch   14560  HO=0.3561  meanSteps=   659.1  copy=0.854  A(t)=1653  sim=137.2s
epoch   14580  HO=0.3529  meanSteps=   655.5  copy=0.852  A(t)=1655  sim=137.4s
epoch   14600  HO=0.3465  meanSteps=   643.8  copy=0.852  A(t)=1655  sim=137.5s
epoch   14620  HO=0.3489  meanSteps=   646.1  copy=0.852  A(t)=1655  sim=137.7s
epoch   14640  HO=0.3498  meanSteps=   649.1  copy=0.853  A(t)=1659  sim=137.9s
epoch   14660  HO=0.3538  meanSteps=   646.1  copy=0.855  A(t)=1661  sim=138.1s
epoch   14680  HO=0.3604  meanSteps=   644.9  copy=0.855  A(t)=1663  sim=138.3s
epoch   14700  HO=0.3673  meanSteps=   653.7  copy=0.857  A(t)=1663  sim=138.4s
epoch   14720  HO=0.3688  meanSteps=   655.4  copy=0.860  A(t)=1665  sim=138.7s
epoch   14740  HO=0.3754  meanSteps=   655.2  copy=0.856  A(t)=1665  sim=138.8s
epoch   14760  HO=0.3750  meanSteps=   652.4  copy=0.858  A(t)=1665  sim=139.0s
epoch   14780  HO=0.3774  meanSteps=   661.9  copy=0.858  A(t)=1670  sim=139.2s
epoch   14800  HO=0.3774  meanSteps=   663.1  copy=0.860  A(t)=1671  sim=139.4s
epoch   14820  HO=0.3739  meanSteps=   661.4  copy=0.856  A(t)=1676  sim=139.5s
epoch   14840  HO=0.3662  meanSteps=   654.3  copy=0.857  A(t)=1678  sim=139.7s
epoch   14860  HO=0.3700  meanSteps=   653.6  copy=0.854  A(t)=1680  sim=139.9s
epoch   14880  HO=0.3664  meanSteps=   649.4  copy=0.857  A(t)=1687  sim=140.1s
epoch   14900  HO=0.3671  meanSteps=   659.9  copy=0.858  A(t)=1689  sim=140.2s
epoch   14920  HO=0.3624  meanSteps=   651.1  copy=0.860  A(t)=1695  sim=140.4s
epoch   14940  HO=0.3548  meanSteps=   645.0  copy=0.859  A(t)=1698  sim=140.6s
epoch   14960  HO=0.3510  meanSteps=   650.8  copy=0.857  A(t)=1701  sim=140.8s
epoch   14980  HO=0.3429  meanSteps=   655.9  copy=0.857  A(t)=1703  sim=141.0s
epoch   15000  HO=0.3399  meanSteps=   651.9  copy=0.855  A(t)=1703  sim=141.1s
epoch   15020  HO=0.3349  meanSteps=   648.5  copy=0.855  A(t)=1703  sim=141.4s
epoch   15040  HO=0.3273  meanSteps=   660.1  copy=0.851  A(t)=1707  sim=141.5s
epoch   15060  HO=0.3306  meanSteps=   665.2  copy=0.851  A(t)=1707  sim=141.7s
epoch   15080  HO=0.3346  meanSteps=   656.0  copy=0.853  A(t)=1709  sim=141.9s
epoch   15100  HO=0.3347  meanSteps=   650.5  copy=0.853  A(t)=1709  sim=142.1s
epoch   15120  HO=0.3374  meanSteps=   650.9  copy=0.853  A(t)=1713  sim=142.2s
epoch   15140  HO=0.3344  meanSteps=   649.3  copy=0.852  A(t)=1713  sim=142.4s
epoch   15160  HO=0.3316  meanSteps=   651.8  copy=0.852  A(t)=1717  sim=142.6s
epoch   15180  HO=0.3261  meanSteps=   646.4  copy=0.852  A(t)=1721  sim=142.8s
epoch   15200  HO=0.3217  meanSteps=   638.9  copy=0.849  A(t)=1721  sim=142.9s
epoch   15220  HO=0.3259  meanSteps=   642.6  copy=0.847  A(t)=1721  sim=143.1s
epoch   15240  HO=0.3261  meanSteps=   633.0  copy=0.848  A(t)=1727  sim=143.3s
epoch   15260  HO=0.3250  meanSteps=   625.4  copy=0.846  A(t)=1731  sim=143.5s
epoch   15280  HO=0.3263  meanSteps=   621.4  copy=0.844  A(t)=1731  sim=143.7s
epoch   15300  HO=0.3279  meanSteps=   633.3  copy=0.845  A(t)=1731  sim=143.8s
epoch   15320  HO=0.3332  meanSteps=   633.1  copy=0.847  A(t)=1735  sim=144.0s
epoch   15340  HO=0.3300  meanSteps=   635.7  copy=0.850  A(t)=1737  sim=144.2s
epoch   15360  HO=0.3258  meanSteps=   623.8  copy=0.855  A(t)=1739  sim=144.4s
epoch   15380  HO=0.3241  meanSteps=   618.1  copy=0.853  A(t)=1743  sim=144.5s
epoch   15400  HO=0.3219  meanSteps=   616.5  copy=0.855  A(t)=1745  sim=144.7s
epoch   15420  HO=0.3186  meanSteps=   618.9  copy=0.857  A(t)=1749  sim=144.9s
epoch   15440  HO=0.3192  meanSteps=   624.2  copy=0.860  A(t)=1751  sim=145.0s
epoch   15460  HO=0.3188  meanSteps=   626.1  copy=0.860  A(t)=1758  sim=145.2s
epoch   15480  HO=0.3202  meanSteps=   622.7  copy=0.858  A(t)=1762  sim=145.4s
epoch   15500  HO=0.3120  meanSteps=   620.5  copy=0.859  A(t)=1762  sim=145.6s
epoch   15520  HO=0.3131  meanSteps=   616.4  copy=0.864  A(t)=1762  sim=145.7s
epoch   15540  HO=0.3145  meanSteps=   619.8  copy=0.865  A(t)=1762  sim=145.9s
epoch   15560  HO=0.3108  meanSteps=   622.7  copy=0.865  A(t)=1764  sim=146.1s
epoch   15580  HO=0.3139  meanSteps=   625.6  copy=0.863  A(t)=1764  sim=146.2s
epoch   15600  HO=0.3174  meanSteps=   617.5  copy=0.862  A(t)=1764  sim=146.4s
epoch   15620  HO=0.3112  meanSteps=   619.5  copy=0.859  A(t)=1773  sim=146.6s
epoch   15640  HO=0.3111  meanSteps=   618.9  copy=0.860  A(t)=1775  sim=146.8s
epoch   15660  HO=0.3083  meanSteps=   613.5  copy=0.859  A(t)=1775  sim=146.9s
epoch   15680  HO=0.3110  meanSteps=   617.0  copy=0.861  A(t)=1777  sim=147.1s
epoch   15700  HO=0.3055  meanSteps=   622.5  copy=0.861  A(t)=1779  sim=147.3s
epoch   15720  HO=0.3018  meanSteps=   618.8  copy=0.856  A(t)=1779  sim=147.5s
epoch   15740  HO=0.3031  meanSteps=   619.3  copy=0.854  A(t)=1781  sim=147.6s
epoch   15760  HO=0.2961  meanSteps=   621.3  copy=0.858  A(t)=1785  sim=147.8s
epoch   15780  HO=0.2950  meanSteps=   623.3  copy=0.858  A(t)=1791  sim=148.0s
epoch   15800  HO=0.2993  meanSteps=   629.4  copy=0.857  A(t)=1791  sim=148.2s
epoch   15820  HO=0.2943  meanSteps=   640.7  copy=0.857  A(t)=1793  sim=148.3s
epoch   15840  HO=0.2899  meanSteps=   652.2  copy=0.860  A(t)=1793  sim=148.5s
epoch   15860  HO=0.2963  meanSteps=   647.1  copy=0.862  A(t)=1793  sim=148.7s
epoch   15880  HO=0.2908  meanSteps=   652.7  copy=0.864  A(t)=1793  sim=148.9s
epoch   15900  HO=0.2869  meanSteps=   658.3  copy=0.865  A(t)=1798  sim=149.1s
epoch   15920  HO=0.2871  meanSteps=   657.3  copy=0.865  A(t)=1798  sim=149.2s
epoch   15940  HO=0.2847  meanSteps=   648.7  copy=0.865  A(t)=1800  sim=149.4s
epoch   15960  HO=0.2826  meanSteps=   638.0  copy=0.862  A(t)=1800  sim=149.6s
epoch   15980  HO=0.2833  meanSteps=   642.0  copy=0.861  A(t)=1803  sim=149.8s
epoch   16000  HO=0.2808  meanSteps=   637.8  copy=0.862  A(t)=1805  sim=149.9s
epoch   16020  HO=0.2784  meanSteps=   645.1  copy=0.862  A(t)=1807  sim=150.1s
epoch   16040  HO=0.2805  meanSteps=   637.0  copy=0.863  A(t)=1810  sim=150.3s
epoch   16060  HO=0.2805  meanSteps=   643.5  copy=0.863  A(t)=1810  sim=150.5s
epoch   16080  HO=0.2798  meanSteps=   648.2  copy=0.865  A(t)=1810  sim=150.6s
epoch   16100  HO=0.2789  meanSteps=   651.0  copy=0.865  A(t)=1810  sim=150.8s
epoch   16120  HO=0.2795  meanSteps=   646.4  copy=0.864  A(t)=1810  sim=151.0s
epoch   16140  HO=0.2801  meanSteps=   653.3  copy=0.864  A(t)=1812  sim=151.2s
epoch   16160  HO=0.2793  meanSteps=   651.6  copy=0.867  A(t)=1812  sim=151.4s
epoch   16180  HO=0.2831  meanSteps=   648.7  copy=0.865  A(t)=1822  sim=151.5s
epoch   16200  HO=0.2865  meanSteps=   647.7  copy=0.865  A(t)=1822  sim=151.7s
epoch   16220  HO=0.2884  meanSteps=   652.1  copy=0.867  A(t)=1822  sim=151.9s
epoch   16240  HO=0.2880  meanSteps=   657.2  copy=0.869  A(t)=1822  sim=152.1s
epoch   16260  HO=0.2880  meanSteps=   655.5  copy=0.866  A(t)=1824  sim=152.3s
epoch   16280  HO=0.2843  meanSteps=   648.7  copy=0.868  A(t)=1828  sim=152.4s
epoch   16300  HO=0.2874  meanSteps=   648.9  copy=0.870  A(t)=1832  sim=152.6s
epoch   16320  HO=0.2941  meanSteps=   652.5  copy=0.870  A(t)=1832  sim=152.8s
epoch   16340  HO=0.2908  meanSteps=   657.9  copy=0.871  A(t)=1838  sim=153.0s
epoch   16360  HO=0.2904  meanSteps=   657.9  copy=0.873  A(t)=1838  sim=153.2s
epoch   16380  HO=0.2932  meanSteps=   652.5  copy=0.874  A(t)=1844  sim=153.4s
epoch   16400  HO=0.2937  meanSteps=   656.3  copy=0.871  A(t)=1848  sim=153.5s
epoch   16420  HO=0.2976  meanSteps=   660.5  copy=0.873  A(t)=1850  sim=153.8s
epoch   16440  HO=0.2934  meanSteps=   663.2  copy=0.870  A(t)=1854  sim=153.9s
epoch   16460  HO=0.2903  meanSteps=   654.2  copy=0.868  A(t)=1857  sim=154.1s
epoch   16480  HO=0.2922  meanSteps=   658.3  copy=0.871  A(t)=1859  sim=154.3s
epoch   16500  HO=0.2905  meanSteps=   663.5  copy=0.871  A(t)=1861  sim=154.5s
epoch   16520  HO=0.3037  meanSteps=   661.9  copy=0.871  A(t)=1865  sim=154.7s
epoch   16540  HO=0.3029  meanSteps=   657.9  copy=0.868  A(t)=1865  sim=154.8s
epoch   16560  HO=0.2998  meanSteps=   655.6  copy=0.865  A(t)=1869  sim=155.0s
epoch   16580  HO=0.2999  meanSteps=   654.2  copy=0.869  A(t)=1879  sim=155.2s
epoch   16600  HO=0.2942  meanSteps=   659.7  copy=0.867  A(t)=1883  sim=155.4s
epoch   16620  HO=0.3007  meanSteps=   658.3  copy=0.864  A(t)=1887  sim=155.6s
epoch   16640  HO=0.3031  meanSteps=   657.2  copy=0.863  A(t)=1887  sim=155.8s
epoch   16660  HO=0.3054  meanSteps=   656.8  copy=0.864  A(t)=1894  sim=156.0s
epoch   16680  HO=0.3089  meanSteps=   659.0  copy=0.863  A(t)=1894  sim=156.1s
epoch   16700  HO=0.3089  meanSteps=   668.6  copy=0.863  A(t)=1899  sim=156.3s
epoch   16720  HO=0.3134  meanSteps=   661.7  copy=0.862  A(t)=1899  sim=156.5s
epoch   16740  HO=0.3167  meanSteps=   669.7  copy=0.861  A(t)=1909  sim=156.7s
epoch   16760  HO=0.3229  meanSteps=   670.6  copy=0.860  A(t)=1912  sim=156.9s
epoch   16780  HO=0.3187  meanSteps=   660.0  copy=0.864  A(t)=1914  sim=157.1s
epoch   16800  HO=0.3200  meanSteps=   660.2  copy=0.862  A(t)=1917  sim=157.2s
epoch   16820  HO=0.3185  meanSteps=   659.0  copy=0.862  A(t)=1919  sim=157.4s
epoch   16840  HO=0.3188  meanSteps=   654.7  copy=0.858  A(t)=1922  sim=157.7s
epoch   16860  HO=0.3180  meanSteps=   652.6  copy=0.859  A(t)=1922  sim=157.8s
epoch   16880  HO=0.3212  meanSteps=   656.4  copy=0.859  A(t)=1923  sim=158.0s
epoch   16900  HO=0.3228  meanSteps=   655.6  copy=0.859  A(t)=1926  sim=158.2s
epoch   16920  HO=0.3289  meanSteps=   645.4  copy=0.854  A(t)=1928  sim=158.4s
epoch   16940  HO=0.3315  meanSteps=   640.1  copy=0.854  A(t)=1928  sim=158.5s
epoch   16960  HO=0.3418  meanSteps=   647.2  copy=0.852  A(t)=1930  sim=158.7s
epoch   16980  HO=0.3448  meanSteps=   643.5  copy=0.854  A(t)=1930  sim=158.9s
epoch   17000  HO=0.3415  meanSteps=   643.9  copy=0.857  A(t)=1935  sim=159.1s
epoch   17020  HO=0.3396  meanSteps=   637.6  copy=0.857  A(t)=1939  sim=159.2s
epoch   17040  HO=0.3400  meanSteps=   638.5  copy=0.857  A(t)=1944  sim=159.4s
epoch   17060  HO=0.3373  meanSteps=   639.9  copy=0.855  A(t)=1955  sim=159.6s
epoch   17080  HO=0.3367  meanSteps=   646.8  copy=0.854  A(t)=1955  sim=159.8s
epoch   17100  HO=0.3353  meanSteps=   644.2  copy=0.854  A(t)=1955  sim=160.0s
epoch   17120  HO=0.3377  meanSteps=   646.6  copy=0.853  A(t)=1955  sim=160.1s
epoch   17140  HO=0.3372  meanSteps=   653.6  copy=0.851  A(t)=1955  sim=160.3s
epoch   17160  HO=0.3371  meanSteps=   647.0  copy=0.851  A(t)=1955  sim=160.5s
epoch   17180  HO=0.3371  meanSteps=   639.4  copy=0.849  A(t)=1957  sim=160.7s
epoch   17200  HO=0.3402  meanSteps=   640.5  copy=0.844  A(t)=1957  sim=160.8s
epoch   17220  HO=0.3306  meanSteps=   641.7  copy=0.846  A(t)=1961  sim=161.0s
epoch   17240  HO=0.3344  meanSteps=   644.6  copy=0.847  A(t)=1961  sim=161.2s
epoch   17260  HO=0.3322  meanSteps=   649.0  copy=0.843  A(t)=1963  sim=161.4s
epoch   17280  HO=0.3418  meanSteps=   649.9  copy=0.844  A(t)=1967  sim=161.6s
epoch   17300  HO=0.3399  meanSteps=   650.8  copy=0.842  A(t)=1970  sim=161.7s
epoch   17320  HO=0.3435  meanSteps=   653.2  copy=0.841  A(t)=1970  sim=161.9s
epoch   17340  HO=0.3437  meanSteps=   655.9  copy=0.843  A(t)=1970  sim=162.1s
epoch   17360  HO=0.3476  meanSteps=   656.6  copy=0.845  A(t)=1970  sim=162.3s
epoch   17380  HO=0.3499  meanSteps=   666.3  copy=0.844  A(t)=1970  sim=162.4s
epoch   17400  HO=0.3523  meanSteps=   670.4  copy=0.842  A(t)=1970  sim=162.6s
epoch   17420  HO=0.3494  meanSteps=   667.3  copy=0.843  A(t)=1972  sim=162.8s
epoch   17440  HO=0.3550  meanSteps=   682.8  copy=0.844  A(t)=1974  sim=163.0s
epoch   17460  HO=0.3628  meanSteps=   675.9  copy=0.842  A(t)=1981  sim=163.2s
epoch   17480  HO=0.3571  meanSteps=   677.3  copy=0.845  A(t)=1984  sim=163.4s
epoch   17500  HO=0.3611  meanSteps=   678.1  copy=0.842  A(t)=1985  sim=163.5s
epoch   17520  HO=0.3585  meanSteps=   678.4  copy=0.840  A(t)=1985  sim=163.7s
epoch   17540  HO=0.3618  meanSteps=   675.3  copy=0.839  A(t)=1988  sim=163.9s
epoch   17560  HO=0.3616  meanSteps=   670.3  copy=0.842  A(t)=1992  sim=164.1s
epoch   17580  HO=0.3631  meanSteps=   670.5  copy=0.845  A(t)=1992  sim=164.3s
epoch   17600  HO=0.3590  meanSteps=   670.5  copy=0.843  A(t)=1994  sim=164.5s
epoch   17620  HO=0.3546  meanSteps=   666.6  copy=0.844  A(t)=1994  sim=164.6s
epoch   17640  HO=0.3550  meanSteps=   667.3  copy=0.847  A(t)=1996  sim=164.8s
epoch   17660  HO=0.3541  meanSteps=   663.0  copy=0.844  A(t)=2001  sim=165.0s
epoch   17680  HO=0.3567  meanSteps=   670.7  copy=0.847  A(t)=2004  sim=165.2s
epoch   17700  HO=0.3551  meanSteps=   671.6  copy=0.847  A(t)=2004  sim=165.4s
epoch   17720  HO=0.3552  meanSteps=   670.8  copy=0.847  A(t)=2004  sim=165.5s
epoch   17740  HO=0.3515  meanSteps=   671.2  copy=0.848  A(t)=2004  sim=165.7s
epoch   17760  HO=0.3568  meanSteps=   671.8  copy=0.847  A(t)=2004  sim=165.9s
epoch   17780  HO=0.3503  meanSteps=   665.0  copy=0.849  A(t)=2010  sim=166.1s
epoch   17800  HO=0.3496  meanSteps=   662.4  copy=0.846  A(t)=2014  sim=166.3s
epoch   17820  HO=0.3487  meanSteps=   664.2  copy=0.847  A(t)=2014  sim=166.4s
epoch   17840  HO=0.3465  meanSteps=   661.7  copy=0.845  A(t)=2016  sim=166.6s
epoch   17860  HO=0.3527  meanSteps=   662.6  copy=0.845  A(t)=2023  sim=166.8s
epoch   17880  HO=0.3503  meanSteps=   666.1  copy=0.848  A(t)=2023  sim=167.0s
epoch   17900  HO=0.3549  meanSteps=   663.0  copy=0.849  A(t)=2025  sim=167.2s
epoch   17920  HO=0.3567  meanSteps=   662.8  copy=0.846  A(t)=2030  sim=167.4s
epoch   17940  HO=0.3632  meanSteps=   660.5  copy=0.850  A(t)=2030  sim=167.6s
epoch   17960  HO=0.3592  meanSteps=   662.6  copy=0.852  A(t)=2030  sim=167.8s
epoch   17980  HO=0.3580  meanSteps=   656.4  copy=0.851  A(t)=2030  sim=168.0s
epoch   18000  HO=0.3543  meanSteps=   652.8  copy=0.848  A(t)=2031  sim=168.2s
epoch   18020  HO=0.3539  meanSteps=   650.7  copy=0.848  A(t)=2035  sim=168.3s
epoch   18040  HO=0.3505  meanSteps=   647.6  copy=0.850  A(t)=2035  sim=168.5s
epoch   18060  HO=0.3484  meanSteps=   636.5  copy=0.850  A(t)=2041  sim=168.7s
epoch   18080  HO=0.3482  meanSteps=   634.4  copy=0.849  A(t)=2041  sim=168.9s
epoch   18100  HO=0.3481  meanSteps=   634.8  copy=0.847  A(t)=2045  sim=169.0s
epoch   18120  HO=0.3498  meanSteps=   636.6  copy=0.846  A(t)=2047  sim=169.2s
epoch   18140  HO=0.3491  meanSteps=   627.6  copy=0.844  A(t)=2049  sim=169.4s
epoch   18160  HO=0.3499  meanSteps=   637.3  copy=0.843  A(t)=2049  sim=169.6s
epoch   18180  HO=0.3454  meanSteps=   640.9  copy=0.844  A(t)=2049  sim=169.7s
epoch   18200  HO=0.3396  meanSteps=   649.5  copy=0.844  A(t)=2049  sim=170.0s
epoch   18220  HO=0.3389  meanSteps=   653.4  copy=0.841  A(t)=2050  sim=170.1s
epoch   18240  HO=0.3454  meanSteps=   659.3  copy=0.841  A(t)=2052  sim=170.3s
epoch   18260  HO=0.3397  meanSteps=   650.9  copy=0.840  A(t)=2056  sim=170.5s
epoch   18280  HO=0.3418  meanSteps=   647.2  copy=0.845  A(t)=2056  sim=170.7s
epoch   18300  HO=0.3405  meanSteps=   649.5  copy=0.842  A(t)=2059  sim=170.8s
epoch   18320  HO=0.3359  meanSteps=   656.1  copy=0.841  A(t)=2067  sim=171.0s
epoch   18340  HO=0.3346  meanSteps=   661.7  copy=0.846  A(t)=2071  sim=171.2s
epoch   18360  HO=0.3287  meanSteps=   658.0  copy=0.847  A(t)=2071  sim=171.4s
epoch   18380  HO=0.3304  meanSteps=   666.7  copy=0.846  A(t)=2071  sim=171.6s
epoch   18400  HO=0.3315  meanSteps=   667.3  copy=0.850  A(t)=2075  sim=171.8s
epoch   18420  HO=0.3407  meanSteps=   660.6  copy=0.849  A(t)=2077  sim=172.0s
epoch   18440  HO=0.3391  meanSteps=   656.6  copy=0.849  A(t)=2079  sim=172.1s
epoch   18460  HO=0.3396  meanSteps=   654.9  copy=0.848  A(t)=2083  sim=172.3s
epoch   18480  HO=0.3420  meanSteps=   655.0  copy=0.851  A(t)=2087  sim=172.5s
epoch   18500  HO=0.3418  meanSteps=   663.1  copy=0.847  A(t)=2090  sim=172.7s
epoch   18520  HO=0.3427  meanSteps=   659.9  copy=0.849  A(t)=2092  sim=172.9s
epoch   18540  HO=0.3456  meanSteps=   649.7  copy=0.849  A(t)=2092  sim=173.1s
epoch   18560  HO=0.3453  meanSteps=   643.4  copy=0.846  A(t)=2092  sim=173.3s
epoch   18580  HO=0.3413  meanSteps=   648.4  copy=0.850  A(t)=2092  sim=173.5s
epoch   18600  HO=0.3425  meanSteps=   639.0  copy=0.850  A(t)=2098  sim=173.6s
epoch   18620  HO=0.3380  meanSteps=   637.6  copy=0.850  A(t)=2100  sim=173.8s
epoch   18640  HO=0.3409  meanSteps=   639.3  copy=0.850  A(t)=2102  sim=174.0s
epoch   18660  HO=0.3455  meanSteps=   639.9  copy=0.855  A(t)=2102  sim=174.2s
epoch   18680  HO=0.3392  meanSteps=   637.6  copy=0.858  A(t)=2106  sim=174.3s
epoch   18700  HO=0.3365  meanSteps=   630.6  copy=0.859  A(t)=2109  sim=174.5s
epoch   18720  HO=0.3370  meanSteps=   622.2  copy=0.861  A(t)=2111  sim=174.7s
epoch   18740  HO=0.3439  meanSteps=   631.6  copy=0.862  A(t)=2113  sim=174.9s
epoch   18760  HO=0.3440  meanSteps=   631.8  copy=0.864  A(t)=2115  sim=175.1s
epoch   18780  HO=0.3460  meanSteps=   635.1  copy=0.862  A(t)=2121  sim=175.2s
epoch   18800  HO=0.3412  meanSteps=   629.2  copy=0.860  A(t)=2125  sim=175.4s
epoch   18820  HO=0.3469  meanSteps=   629.0  copy=0.861  A(t)=2127  sim=175.6s
epoch   18840  HO=0.3451  meanSteps=   633.1  copy=0.861  A(t)=2127  sim=175.8s
epoch   18860  HO=0.3365  meanSteps=   632.2  copy=0.861  A(t)=2129  sim=176.0s
epoch   18880  HO=0.3294  meanSteps=   633.3  copy=0.857  A(t)=2129  sim=176.1s
epoch   18900  HO=0.3263  meanSteps=   635.9  copy=0.858  A(t)=2131  sim=176.3s
epoch   18920  HO=0.3189  meanSteps=   634.7  copy=0.855  A(t)=2131  sim=176.5s
epoch   18940  HO=0.3220  meanSteps=   640.5  copy=0.855  A(t)=2133  sim=176.7s
epoch   18960  HO=0.3236  meanSteps=   634.0  copy=0.850  A(t)=2135  sim=176.8s
epoch   18980  HO=0.3153  meanSteps=   633.9  copy=0.850  A(t)=2142  sim=177.0s
epoch   19000  HO=0.3118  meanSteps=   632.5  copy=0.851  A(t)=2142  sim=177.2s
epoch   19020  HO=0.3136  meanSteps=   627.6  copy=0.854  A(t)=2142  sim=177.4s
epoch   19040  HO=0.3159  meanSteps=   629.8  copy=0.854  A(t)=2146  sim=177.6s
epoch   19060  HO=0.3102  meanSteps=   626.7  copy=0.855  A(t)=2148  sim=177.7s
epoch   19080  HO=0.3059  meanSteps=   636.2  copy=0.852  A(t)=2150  sim=177.9s
epoch   19100  HO=0.3063  meanSteps=   637.2  copy=0.850  A(t)=2154  sim=178.1s
epoch   19120  HO=0.3117  meanSteps=   636.5  copy=0.851  A(t)=2154  sim=178.3s
epoch   19140  HO=0.3167  meanSteps=   637.2  copy=0.852  A(t)=2161  sim=178.5s
epoch   19160  HO=0.3218  meanSteps=   636.5  copy=0.854  A(t)=2161  sim=178.7s
epoch   19180  HO=0.3254  meanSteps=   634.1  copy=0.855  A(t)=2161  sim=178.8s
epoch   19200  HO=0.3255  meanSteps=   630.4  copy=0.853  A(t)=2164  sim=179.0s
epoch   19220  HO=0.3187  meanSteps=   630.2  copy=0.852  A(t)=2164  sim=179.2s
epoch   19240  HO=0.3139  meanSteps=   634.6  copy=0.850  A(t)=2164  sim=179.4s
epoch   19260  HO=0.3176  meanSteps=   620.1  copy=0.851  A(t)=2166  sim=179.6s
epoch   19280  HO=0.3183  meanSteps=   611.0  copy=0.851  A(t)=2174  sim=179.7s
epoch   19300  HO=0.3216  meanSteps=   622.9  copy=0.850  A(t)=2176  sim=179.9s
epoch   19320  HO=0.3185  meanSteps=   634.9  copy=0.855  A(t)=2176  sim=180.1s
epoch   19340  HO=0.3156  meanSteps=   635.6  copy=0.853  A(t)=2176  sim=180.3s
epoch   19360  HO=0.3116  meanSteps=   631.8  copy=0.853  A(t)=2176  sim=180.4s
epoch   19380  HO=0.3080  meanSteps=   632.5  copy=0.851  A(t)=2176  sim=180.6s
epoch   19400  HO=0.3056  meanSteps=   639.7  copy=0.853  A(t)=2178  sim=180.8s
epoch   19420  HO=0.3059  meanSteps=   645.4  copy=0.855  A(t)=2180  sim=181.0s
epoch   19440  HO=0.3162  meanSteps=   640.9  copy=0.855  A(t)=2185  sim=181.1s
epoch   19460  HO=0.3133  meanSteps=   639.2  copy=0.852  A(t)=2185  sim=181.3s
epoch   19480  HO=0.3115  meanSteps=   643.4  copy=0.849  A(t)=2185  sim=181.5s
epoch   19500  HO=0.3238  meanSteps=   658.2  copy=0.851  A(t)=2185  sim=181.7s
epoch   19520  HO=0.3255  meanSteps=   654.9  copy=0.851  A(t)=2185  sim=181.9s
epoch   19540  HO=0.3261  meanSteps=   658.3  copy=0.847  A(t)=2191  sim=182.0s
epoch   19560  HO=0.3291  meanSteps=   659.8  copy=0.847  A(t)=2191  sim=182.2s
epoch   19580  HO=0.3303  meanSteps=   665.5  copy=0.844  A(t)=2191  sim=182.4s
epoch   19600  HO=0.3273  meanSteps=   671.8  copy=0.844  A(t)=2191  sim=182.6s
epoch   19620  HO=0.3293  meanSteps=   669.9  copy=0.843  A(t)=2191  sim=182.8s
epoch   19640  HO=0.3256  meanSteps=   664.1  copy=0.846  A(t)=2191  sim=183.0s
epoch   19660  HO=0.3283  meanSteps=   667.7  copy=0.848  A(t)=2193  sim=183.1s
epoch   19680  HO=0.3320  meanSteps=   670.2  copy=0.848  A(t)=2197  sim=183.3s
epoch   19700  HO=0.3317  meanSteps=   674.2  copy=0.851  A(t)=2197  sim=183.5s
epoch   19720  HO=0.3264  meanSteps=   677.5  copy=0.852  A(t)=2204  sim=183.7s
epoch   19740  HO=0.3243  meanSteps=   680.9  copy=0.847  A(t)=2206  sim=183.9s
epoch   19760  HO=0.3211  meanSteps=   673.5  copy=0.846  A(t)=2206  sim=184.1s
epoch   19780  HO=0.3200  meanSteps=   667.4  copy=0.848  A(t)=2209  sim=184.3s
epoch   19800  HO=0.3202  meanSteps=   678.1  copy=0.850  A(t)=2212  sim=184.4s
epoch   19820  HO=0.3175  meanSteps=   685.4  copy=0.849  A(t)=2214  sim=184.6s
epoch   19840  HO=0.3210  meanSteps=   680.7  copy=0.848  A(t)=2214  sim=184.8s
epoch   19860  HO=0.3200  meanSteps=   684.0  copy=0.844  A(t)=2216  sim=185.0s
epoch   19880  HO=0.3237  meanSteps=   681.1  copy=0.843  A(t)=2220  sim=185.2s
epoch   19900  HO=0.3282  meanSteps=   682.3  copy=0.844  A(t)=2222  sim=185.3s
epoch   19920  HO=0.3234  meanSteps=   685.8  copy=0.844  A(t)=2225  sim=185.5s
epoch   19940  HO=0.3206  meanSteps=   686.5  copy=0.842  A(t)=2225  sim=185.7s
epoch   19960  HO=0.3185  meanSteps=   683.1  copy=0.843  A(t)=2225  sim=185.9s
epoch   19980  HO=0.3209  meanSteps=   693.1  copy=0.843  A(t)=2230  sim=186.1s
epoch   20000  HO=0.3197  meanSteps=   687.8  copy=0.845  A(t)=2230  sim=186.3s
done: 20000 epochs in 364.1s wall (186.3s simulating), runs/bff_n8192_s2
