epoch       0  HO=-0.0029  meanSteps=     0.0  copy=0.000  A(t)=0  sim=0.0s
epoch      20  HO=0.0325  meanSteps=   653.1  copy=0.517  A(t)=0  sim=0.2s
epoch      40  HO=0.0681  meanSteps=   610.0  copy=0.509  A(t)=0  sim=0.4s
epoch      60  HO=0.1050  meanSteps=   603.9  copy=0.502  A(t)=0  sim=0.6s
epoch      80  HO=0.1302  meanSteps=   608.9  copy=0.499  A(t)=0  sim=0.8s
epoch     100  HO=0.1534  meanSteps=   608.5  copy=0.496  A(t)=71  sim=1.0s
epoch     120  HO=0.1820  meanSteps=   607.8  copy=0.493  A(t)=107  sim=1.2s
epoch     140  HO=0.2032  meanSteps=   590.3  copy=0.497  A(t)=135  sim=1.3s
epoch     160  HO=0.2316  meanSteps=   602.8  copy=0.497  A(t)=150  sim=1.5s
epoch     180  HO=0.2578  meanSteps=   593.8  copy=0.496  A(t)=161  sim=1.7s
epoch     200  HO=0.2769  meanSteps=   597.3  copy=0.494  A(t)=183  sim=1.9s
epoch     220  HO=0.2937  meanSteps=   596.6  copy=0.494  A(t)=191  sim=2.1s
epoch     240  HO=0.3161  meanSteps=   591.0  copy=0.493  A(t)=203  sim=2.3s
epoch     260  HO=0.3294  meanSteps=   594.7  copy=0.494  A(t)=212  sim=2.4s
epoch     280  HO=0.3521  meanSteps=   594.9  copy=0.493  A(t)=218  sim=2.6s
epoch     300  HO=0.3679  meanSteps=   585.4  copy=0.493  A(t)=228  sim=2.7s
epoch     320  HO=0.3771  meanSteps=   581.6  copy=0.494  A(t)=231  sim=2.9s
epoch     340  HO=0.3759  meanSteps=   593.1  copy=0.492  A(t)=233  sim=3.0s
epoch     360  HO=0.3839  meanSteps=   578.3  copy=0.492  A(t)=234  sim=3.2s
epoch     380  HO=0.3868  meanSteps=   588.5  copy=0.492  A(t)=238  sim=3.3s
epoch     400  HO=0.3964  meanSteps=   590.2  copy=0.490  A(t)=242  sim=3.5s
epoch     420  HO=0.4085  meanSteps=   585.4  copy=0.490  A(t)=244  sim=3.6s
epoch     440  HO=0.4151  meanSteps=   580.8  copy=0.487  A(t)=248  sim=3.8s
epoch     460  HO=0.4231  meanSteps=   587.2  copy=0.484  A(t)=251  sim=3.9s
epoch     480  HO=0.4262  meanSteps=   594.4  copy=0.484  A(t)=251  sim=4.0s
epoch     500  HO=0.4333  meanSteps=   580.4  copy=0.488  A(t)=254  sim=4.2s
epoch     520  HO=0.4483  meanSteps=   584.0  copy=0.485  A(t)=258  sim=4.3s
epoch     540  HO=0.4583  meanSteps=   580.1  copy=0.484  A(t)=273  sim=4.5s
epoch     560  HO=0.4620  meanSteps=   581.1  copy=0.486  A(t)=275  sim=4.6s
epoch     580  HO=0.4629  meanSteps=   576.2  copy=0.488  A(t)=276  sim=4.8s
epoch     600  HO=0.4637  meanSteps=   575.0  copy=0.490  A(t)=301  sim=4.9s
epoch     620  HO=0.4642  meanSteps=   575.4  copy=0.489  A(t)=308  sim=5.0s
epoch     640  HO=0.4681  meanSteps=   578.1  copy=0.491  A(t)=314  sim=5.2s
epoch     660  HO=0.4744  meanSteps=   582.9  copy=0.495  A(t)=316  sim=5.3s
epoch     680  HO=0.4792  meanSteps=   591.1  copy=0.496  A(t)=317  sim=5.5s
epoch     700  HO=0.4877  meanSteps=   594.7  copy=0.494  A(t)=329  sim=5.6s
epoch     720  HO=0.4892  meanSteps=   593.6  copy=0.491  A(t)=338  sim=5.8s
epoch     740  HO=0.5000  meanSteps=   588.8  copy=0.493  A(t)=340  sim=5.9s
epoch     760  HO=0.5034  meanSteps=   583.7  copy=0.492  A(t)=343  sim=6.0s
epoch     780  HO=0.5142  meanSteps=   585.1  copy=0.499  A(t)=344  sim=6.2s
epoch     800  HO=0.5220  meanSteps=   572.9  copy=0.498  A(t)=346  sim=6.3s
epoch     820  HO=0.5227  meanSteps=   573.0  copy=0.497  A(t)=347  sim=6.5s
epoch     840  HO=0.5284  meanSteps=   583.0  copy=0.498  A(t)=347  sim=6.6s
epoch     860  HO=0.5289  meanSteps=   574.7  copy=0.498  A(t)=349  sim=6.8s
epoch     880  HO=0.5369  meanSteps=   576.8  copy=0.499  A(t)=349  sim=6.9s
epoch     900  HO=0.5416  meanSteps=   587.4  copy=0.504  A(t)=357  sim=7.0s
epoch     920  HO=0.5524  meanSteps=   591.0  copy=0.508  A(t)=358  sim=7.2s
epoch     940  HO=0.5532  meanSteps=   578.3  copy=0.512  A(t)=360  sim=7.3s
epoch     960  HO=0.5631  meanSteps=   577.7  copy=0.516  A(t)=360  sim=7.5s
epoch     980  HO=0.5656  meanSteps=   578.3  copy=0.526  A(t)=362  sim=7.6s
epoch    1000  HO=0.5731  meanSteps=   583.3  copy=0.529  A(t)=364  sim=7.8s
epoch    1020  HO=0.5830  meanSteps=   565.6  copy=0.528  A(t)=365  sim=7.9s
epoch    1040  HO=0.5812  meanSteps=   571.9  copy=0.534  A(t)=370  sim=8.1s
epoch    1060  HO=0.5881  meanSteps=   564.3  copy=0.537  A(t)=370  sim=8.2s
epoch    1080  HO=0.5813  meanSteps=   563.3  copy=0.540  A(t)=372  sim=8.4s
epoch    1100  HO=0.5892  meanSteps=   566.6  copy=0.543  A(t)=373  sim=8.5s
epoch    1120  HO=0.5893  meanSteps=   571.6  copy=0.543  A(t)=375  sim=8.6s
epoch    1140  HO=0.5837  meanSteps=   570.1  copy=0.543  A(t)=375  sim=8.8s
epoch    1160  HO=0.5848  meanSteps=   576.5  copy=0.544  A(t)=377  sim=8.9s
epoch    1180  HO=0.5835  meanSteps=   578.8  copy=0.547  A(t)=393  sim=9.1s
epoch    1200  HO=0.5720  meanSteps=   584.1  copy=0.554  A(t)=411  sim=9.2s
epoch    1220  HO=0.5660  meanSteps=   587.5  copy=0.554  A(t)=414  sim=9.4s
epoch    1240  HO=0.5621  meanSteps=   583.8  copy=0.554  A(t)=414  sim=9.5s
epoch    1260  HO=0.5610  meanSteps=   583.8  copy=0.555  A(t)=414  sim=9.7s
epoch    1280  HO=0.5800  meanSteps=   582.6  copy=0.564  A(t)=415  sim=9.8s
epoch    1300  HO=0.5842  meanSteps=   571.8  copy=0.571  A(t)=416  sim=10.0s
epoch    1320  HO=0.5882  meanSteps=   575.5  copy=0.577  A(t)=420  sim=10.1s
epoch    1340  HO=0.5847  meanSteps=   580.1  copy=0.578  A(t)=421  sim=10.3s
epoch    1360  HO=0.5917  meanSteps=   591.4  copy=0.582  A(t)=426  sim=10.4s
epoch    1380  HO=0.5909  meanSteps=   593.4  copy=0.586  A(t)=428  sim=10.6s
epoch    1400  HO=0.5881  meanSteps=   589.9  copy=0.586  A(t)=432  sim=10.8s
epoch    1420  HO=0.5790  meanSteps=   616.7  copy=0.586  A(t)=434  sim=10.9s
epoch    1440  HO=0.5829  meanSteps=   605.3  copy=0.588  A(t)=436  sim=11.1s
epoch    1460  HO=0.5749  meanSteps=   609.6  copy=0.592  A(t)=439  sim=11.2s
epoch    1480  HO=0.5705  meanSteps=   606.2  copy=0.590  A(t)=444  sim=11.4s
epoch    1500  HO=0.5711  meanSteps=   610.2  copy=0.593  A(t)=446  sim=11.5s
epoch    1520  HO=0.5706  meanSteps=   628.7  copy=0.600  A(t)=449  sim=11.7s
epoch    1540  HO=0.5654  meanSteps=   621.9  copy=0.603  A(t)=454  sim=11.8s
epoch    1560  HO=0.5649  meanSteps=   612.4  copy=0.608  A(t)=460  sim=12.0s
epoch    1580  HO=0.5668  meanSteps=   618.7  copy=0.610  A(t)=465  sim=12.1s
epoch    1600  HO=0.5660  meanSteps=   613.1  copy=0.613  A(t)=467  sim=12.3s
epoch    1620  HO=0.5711  meanSteps=   607.0  copy=0.614  A(t)=467  sim=12.4s
epoch    1640  HO=0.5670  meanSteps=   604.3  copy=0.613  A(t)=469  sim=12.6s
epoch    1660  HO=0.5652  meanSteps=   598.3  copy=0.613  A(t)=471  sim=12.8s
epoch    1680  HO=0.5600  meanSteps=   595.6  copy=0.616  A(t)=471  sim=12.9s
epoch    1700  HO=0.5516  meanSteps=   586.0  copy=0.613  A(t)=473  sim=13.1s
epoch    1720  HO=0.5503  meanSteps=   592.9  copy=0.618  A(t)=475  sim=13.2s
epoch    1740  HO=0.5459  meanSteps=   589.9  copy=0.620  A(t)=475  sim=13.4s
epoch    1760  HO=0.5382  meanSteps=   579.2  copy=0.621  A(t)=482  sim=13.5s
epoch    1780  HO=0.5402  meanSteps=   578.9  copy=0.627  A(t)=486  sim=13.7s
epoch    1800  HO=0.5384  meanSteps=   584.6  copy=0.636  A(t)=488  sim=13.8s
epoch    1820  HO=0.5301  meanSteps=   590.2  copy=0.641  A(t)=490  sim=14.0s
epoch    1840  HO=0.5264  meanSteps=   585.4  copy=0.647  A(t)=490  sim=14.1s
epoch    1860  HO=0.5243  meanSteps=   569.3  copy=0.651  A(t)=490  sim=14.3s
epoch    1880  HO=0.5184  meanSteps=   572.7  copy=0.653  A(t)=490  sim=14.5s
epoch    1900  HO=0.5164  meanSteps=   569.7  copy=0.661  A(t)=490  sim=14.6s
epoch    1920  HO=0.5077  meanSteps=   581.4  copy=0.664  A(t)=492  sim=14.8s
epoch    1940  HO=0.5034  meanSteps=   588.7  copy=0.667  A(t)=494  sim=14.9s
epoch    1960  HO=0.4925  meanSteps=   578.5  copy=0.668  A(t)=496  sim=15.1s
epoch    1980  HO=0.4935  meanSteps=   585.8  copy=0.671  A(t)=498  sim=15.2s
epoch    2000  HO=0.4923  meanSteps=   602.1  copy=0.671  A(t)=498  sim=15.4s
epoch    2020  HO=0.4898  meanSteps=   596.1  copy=0.674  A(t)=498  sim=15.6s
epoch    2040  HO=0.4871  meanSteps=   598.5  copy=0.676  A(t)=498  sim=15.7s
epoch    2060  HO=0.4845  meanSteps=   598.2  copy=0.683  A(t)=500  sim=15.9s
epoch    2080  HO=0.4844  meanSteps=   605.4  copy=0.687  A(t)=502  sim=16.0s
epoch    2100  HO=0.4846  meanSteps=   605.3  copy=0.693  A(t)=506  sim=16.2s
epoch    2120  HO=0.4883  meanSteps=   598.9  copy=0.694  A(t)=508  sim=16.3s
epoch    2140  HO=0.4861  meanSteps=   602.8  copy=0.699  A(t)=515  sim=16.5s
epoch    2160  HO=0.4781  meanSteps=   597.9  copy=0.699  A(t)=517  sim=16.7s
epoch    2180  HO=0.4793  meanSteps=   606.2  copy=0.701  A(t)=519  sim=16.8s
epoch    2200  HO=0.4833  meanSteps=   607.7  copy=0.702  A(t)=523  sim=17.0s
epoch    2220  HO=0.4886  meanSteps=   616.9  copy=0.706  A(t)=527  sim=17.2s
epoch    2240  HO=0.4962  meanSteps=   614.5  copy=0.711  A(t)=531  sim=17.3s
epoch    2260  HO=0.4959  meanSteps=   614.6  copy=0.712  A(t)=532  sim=17.5s
epoch    2280  HO=0.4985  meanSteps=   604.3  copy=0.711  A(t)=532  sim=17.7s
epoch    2300  HO=0.4923  meanSteps=   599.1  copy=0.713  A(t)=537  sim=17.8s
epoch    2320  HO=0.4911  meanSteps=   589.6  copy=0.719  A(t)=544  sim=18.0s
epoch    2340  HO=0.4991  meanSteps=   586.3  copy=0.727  A(t)=544  sim=18.1s
epoch    2360  HO=0.4944  meanSteps=   594.9  copy=0.729  A(t)=549  sim=18.3s
epoch    2380  HO=0.4987  meanSteps=   605.5  copy=0.734  A(t)=551  sim=18.5s
epoch    2400  HO=0.4938  meanSteps=   618.1  copy=0.737  A(t)=561  sim=18.6s
epoch    2420  HO=0.4978  meanSteps=   605.8  copy=0.740  A(t)=563  sim=18.8s
epoch    2440  HO=0.4874  meanSteps=   617.2  copy=0.738  A(t)=567  sim=18.9s
epoch    2460  HO=0.4774  meanSteps=   618.5  copy=0.740  A(t)=573  sim=19.1s
epoch    2480  HO=0.4727  meanSteps=   614.8  copy=0.744  A(t)=575  sim=19.3s
epoch    2500  HO=0.4778  meanSteps=   613.2  copy=0.744  A(t)=586  sim=19.4s
epoch    2520  HO=0.4780  meanSteps=   622.0  copy=0.746  A(t)=588  sim=19.6s
epoch    2540  HO=0.4699  meanSteps=   622.2  copy=0.748  A(t)=588  sim=19.8s
epoch    2560  HO=0.4659  meanSteps=   621.3  copy=0.747  A(t)=591  sim=19.9s
epoch    2580  HO=0.4624  meanSteps=   629.2  copy=0.754  A(t)=598  sim=20.1s
epoch    2600  HO=0.4618  meanSteps=   640.0  copy=0.759  A(t)=600  sim=20.3s
epoch    2620  HO=0.4562  meanSteps=   621.0  copy=0.758  A(t)=602  sim=20.4s
epoch    2640  HO=0.4551  meanSteps=   634.0  copy=0.765  A(t)=604  sim=20.6s
epoch    2660  HO=0.4561  meanSteps=   635.5  copy=0.767  A(t)=608  sim=20.8s
epoch    2680  HO=0.4544  meanSteps=   635.8  copy=0.773  A(t)=612  sim=20.9s
epoch    2700  HO=0.4527  meanSteps=   636.0  copy=0.773  A(t)=612  sim=21.1s
epoch    2720  HO=0.4470  meanSteps=   633.3  copy=0.770  A(t)=613  sim=21.3s
epoch    2740  HO=0.4431  meanSteps=   632.9  copy=0.766  A(t)=617  sim=21.4s
epoch    2760  HO=0.4391  meanSteps=   626.6  copy=0.765  A(t)=624  sim=21.6s
epoch    2780  HO=0.4433  meanSteps=   637.5  copy=0.770  A(t)=624  sim=21.8s
epoch    2800  HO=0.4391  meanSteps=   638.9  copy=0.767  A(t)=630  sim=21.9s
epoch    2820  HO=0.4385  meanSteps=   647.4  copy=0.768  A(t)=632  sim=22.1s
epoch    2840  HO=0.4345  meanSteps=   645.8  copy=0.769  A(t)=640  sim=22.3s
epoch    2860  HO=0.4303  meanSteps=   641.4  copy=0.770  A(t)=646  sim=22.4s
epoch    2880  HO=0.4256  meanSteps=   642.8  copy=0.774  A(t)=648  sim=22.6s
epoch    2900  HO=0.4274  meanSteps=   639.6  copy=0.777  A(t)=648  sim=22.8s
epoch    2920  HO=0.4232  meanSteps=   645.9  copy=0.777  A(t)=654  sim=23.0s
epoch    2940  HO=0.4188  meanSteps=   643.8  copy=0.781  A(t)=656  sim=23.1s
epoch    2960  HO=0.4232  meanSteps=   644.1  copy=0.784  A(t)=656  sim=23.3s
epoch    2980  HO=0.4125  meanSteps=   646.0  copy=0.785  A(t)=660  sim=23.5s
epoch    3000  HO=0.4129  meanSteps=   647.5  copy=0.788  A(t)=661  sim=23.6s
epoch    3020  HO=0.4168  meanSteps=   644.4  copy=0.795  A(t)=665  sim=23.8s
epoch    3040  HO=0.4132  meanSteps=   638.1  copy=0.794  A(t)=666  sim=24.0s
epoch    3060  HO=0.4068  meanSteps=   636.8  copy=0.798  A(t)=671  sim=24.2s
epoch    3080  HO=0.4035  meanSteps=   636.2  copy=0.802  A(t)=671  sim=24.3s
epoch    3100  HO=0.3983  meanSteps=   644.2  copy=0.805  A(t)=677  sim=24.5s
epoch    3120  HO=0.3962  meanSteps=   637.0  copy=0.805  A(t)=677  sim=24.7s
epoch    3140  HO=0.3909  meanSteps=   628.9  copy=0.804  A(t)=681  sim=24.9s
epoch    3160  HO=0.3824  meanSteps=   629.1  copy=0.796  A(t)=681  sim=25.0s
epoch    3180  HO=0.3725  meanSteps=   617.4  copy=0.796  A(t)=685  sim=25.2s
epoch    3200  HO=0.3759  meanSteps=   623.1  copy=0.798  A(t)=685  sim=25.4s
epoch    3220  HO=0.3712  meanSteps=   625.4  copy=0.797  A(t)=687  sim=25.5s
epoch    3240  HO=0.3614  meanSteps=   618.2  copy=0.797  A(t)=687  sim=25.7s
epoch    3260  HO=0.3535  meanSteps=   613.9  copy=0.794  A(t)=689  sim=25.9s
epoch    3280  HO=0.3446  meanSteps=   610.5  copy=0.793  A(t)=689  sim=26.0s
epoch    3300  HO=0.3387  meanSteps=   614.4  copy=0.795  A(t)=689  sim=26.2s
epoch    3320  HO=0.3344  meanSteps=   618.6  copy=0.794  A(t)=692  sim=26.4s
epoch    3340  HO=0.3250  meanSteps=   619.7  copy=0.797  A(t)=694  sim=26.6s
epoch    3360  HO=0.3262  meanSteps=   633.3  copy=0.795  A(t)=694  sim=26.8s
epoch    3380  HO=0.3214  meanSteps=   629.7  copy=0.799  A(t)=694  sim=26.9s
epoch    3400  HO=0.3232  meanSteps=   627.2  copy=0.807  A(t)=694  sim=27.1s
epoch    3420  HO=0.3257  meanSteps=   624.5  copy=0.807  A(t)=694  sim=27.3s
epoch    3440  HO=0.3252  meanSteps=   619.0  copy=0.805  A(t)=694  sim=27.4s
epoch    3460  HO=0.3230  meanSteps=   622.0  copy=0.806  A(t)=696  sim=27.6s
epoch    3480  HO=0.3205  meanSteps=   619.6  copy=0.802  A(t)=698  sim=27.8s
epoch    3500  HO=0.3244  meanSteps=   612.6  copy=0.806  A(t)=698  sim=28.0s
epoch    3520  HO=0.3265  meanSteps=   618.1  copy=0.811  A(t)=700  sim=28.1s
epoch    3540  HO=0.3272  meanSteps=   624.4  copy=0.817  A(t)=700  sim=28.3s
epoch    3560  HO=0.3251  meanSteps=   625.6  copy=0.815  A(t)=700  sim=28.5s
epoch    3580  HO=0.3290  meanSteps=   619.9  copy=0.818  A(t)=700  sim=28.6s
epoch    3600  HO=0.3248  meanSteps=   617.3  copy=0.823  A(t)=702  sim=28.8s
epoch    3620  HO=0.3220  meanSteps=   627.9  copy=0.823  A(t)=702  sim=29.0s
epoch    3640  HO=0.3204  meanSteps=   629.7  copy=0.820  A(t)=704  sim=29.2s
epoch    3660  HO=0.3172  meanSteps=   631.6  copy=0.822  A(t)=704  sim=29.3s
epoch    3680  HO=0.3144  meanSteps=   635.0  copy=0.819  A(t)=704  sim=29.5s
epoch    3700  HO=0.3165  meanSteps=   636.4  copy=0.814  A(t)=710  sim=29.7s
epoch    3720  HO=0.3115  meanSteps=   632.7  copy=0.814  A(t)=712  sim=29.9s
epoch    3740  HO=0.3032  meanSteps=   627.8  copy=0.816  A(t)=714  sim=30.0s
epoch    3760  HO=0.2959  meanSteps=   624.9  copy=0.819  A(t)=716  sim=30.2s
epoch    3780  HO=0.2919  meanSteps=   631.1  copy=0.825  A(t)=716  sim=30.4s
epoch    3800  HO=0.2967  meanSteps=   635.6  copy=0.824  A(t)=720  sim=30.5s
epoch    3820  HO=0.2927  meanSteps=   637.2  copy=0.825  A(t)=724  sim=30.7s
epoch    3840  HO=0.2911  meanSteps=   629.5  copy=0.825  A(t)=724  sim=30.9s
epoch    3860  HO=0.2898  meanSteps=   633.4  copy=0.828  A(t)=724  sim=31.1s
epoch    3880  HO=0.2895  meanSteps=   636.5  copy=0.831  A(t)=728  sim=31.2s
epoch    3900  HO=0.2865  meanSteps=   642.6  copy=0.832  A(t)=737  sim=31.4s
epoch    3920  HO=0.2884  meanSteps=   635.2  copy=0.834  A(t)=737  sim=31.6s
epoch    3940  HO=0.2855  meanSteps=   636.3  copy=0.834  A(t)=737  sim=31.7s
epoch    3960  HO=0.2867  meanSteps=   633.8  copy=0.833  A(t)=737  sim=31.9s
epoch    3980  HO=0.2846  meanSteps=   631.9  copy=0.834  A(t)=737  sim=32.1s
epoch    4000  HO=0.2807  meanSteps=   637.6  copy=0.836  A(t)=739  sim=32.3s
epoch    4020  HO=0.2832  meanSteps=   631.6  copy=0.834  A(t)=741  sim=32.4s
epoch    4040  HO=0.2785  meanSteps=   623.6  copy=0.833  A(t)=742  sim=32.6s
epoch    4060  HO=0.2744  meanSteps=   623.6  copy=0.835  A(t)=745  sim=32.8s
epoch    4080  HO=0.2686  meanSteps=   624.3  copy=0.836  A(t)=745  sim=33.0s
epoch    4100  HO=0.2673  meanSteps=   622.7  copy=0.834  A(t)=745  sim=33.2s
epoch    4120  HO=0.2700  meanSteps=   622.4  copy=0.833  A(t)=747  sim=33.3s
epoch    4140  HO=0.2653  meanSteps=   622.7  copy=0.836  A(t)=749  sim=33.5s
epoch    4160  HO=0.2657  meanSteps=   620.5  copy=0.838  A(t)=751  sim=33.7s
epoch    4180  HO=0.2626  meanSteps=   618.9  copy=0.837  A(t)=751  sim=33.9s
epoch    4200  HO=0.2584  meanSteps=   614.7  copy=0.837  A(t)=760  sim=34.0s
epoch    4220  HO=0.2547  meanSteps=   611.1  copy=0.837  A(t)=762  sim=34.2s
epoch    4240  HO=0.2529  meanSteps=   611.4  copy=0.838  A(t)=762  sim=34.4s
epoch    4260  HO=0.2497  meanSteps=   615.7  copy=0.841  A(t)=764  sim=34.6s
epoch    4280  HO=0.2529  meanSteps=   617.2  copy=0.840  A(t)=764  sim=34.7s
epoch    4300  HO=0.2540  meanSteps=   611.0  copy=0.843  A(t)=768  sim=34.9s
epoch    4320  HO=0.2578  meanSteps=   617.6  copy=0.841  A(t)=768  sim=35.1s
epoch    4340  HO=0.2602  meanSteps=   620.9  copy=0.840  A(t)=770  sim=35.3s
epoch    4360  HO=0.2591  meanSteps=   623.5  copy=0.839  A(t)=772  sim=35.5s
epoch    4380  HO=0.2582  meanSteps=   619.5  copy=0.838  A(t)=772  sim=35.7s
epoch    4400  HO=0.2535  meanSteps=   617.6  copy=0.839  A(t)=772  sim=35.8s
epoch    4420  HO=0.2535  meanSteps=   624.7  copy=0.839  A(t)=772  sim=36.0s
epoch    4440  HO=0.2569  meanSteps=   621.0  copy=0.843  A(t)=775  sim=36.2s
epoch    4460  HO=0.2559  meanSteps=   613.0  copy=0.840  A(t)=775  sim=36.3s
epoch    4480  HO=0.2611  meanSteps=   610.4  copy=0.837  A(t)=778  sim=36.6s
epoch    4500  HO=0.2589  meanSteps=   609.2  copy=0.837  A(t)=779  sim=36.7s
epoch    4520  HO=0.2586  meanSteps=   615.9  copy=0.838  A(t)=783  sim=36.9s
epoch    4540  HO=0.2582  meanSteps=   616.3  copy=0.838  A(t)=783  sim=37.1s
epoch    4560  HO=0.2580  meanSteps=   613.5  copy=0.838  A(t)=785  sim=37.3s
epoch    4580  HO=0.2572  meanSteps=   615.7  copy=0.835  A(t)=787  sim=37.4s
epoch    4600  HO=0.2551  meanSteps=   613.5  copy=0.833  A(t)=787  sim=37.7s
epoch    4620  HO=0.2535  meanSteps=   618.3  copy=0.837  A(t)=789  sim=38.0s
epoch    4640  HO=0.2573  meanSteps=   614.9  copy=0.841  A(t)=803  sim=38.2s
epoch    4660  HO=0.2552  meanSteps=   621.0  copy=0.839  A(t)=805  sim=38.4s
epoch    4680  HO=0.2494  meanSteps=   620.5  copy=0.840  A(t)=807  sim=38.5s
epoch    4700  HO=0.2464  meanSteps=   615.6  copy=0.837  A(t)=807  sim=38.7s
epoch    4720  HO=0.2463  meanSteps=   614.9  copy=0.838  A(t)=811  sim=38.9s
epoch    4740  HO=0.2412  meanSteps=   616.2  copy=0.844  A(t)=813  sim=39.1s
epoch    4760  HO=0.2383  meanSteps=   619.8  copy=0.843  A(t)=815  sim=39.2s
epoch    4780  HO=0.2309  meanSteps=   622.2  copy=0.839  A(t)=815  sim=39.4s
epoch    4800  HO=0.2297  meanSteps=   617.6  copy=0.839  A(t)=817  sim=39.6s
epoch    4820  HO=0.2270  meanSteps=   618.8  copy=0.839  A(t)=817  sim=39.8s
epoch    4840  HO=0.2301  meanSteps=   606.0  copy=0.840  A(t)=819  sim=39.9s
epoch    4860  HO=0.2276  meanSteps=   607.5  copy=0.840  A(t)=819  sim=40.1s
epoch    4880  HO=0.2283  meanSteps=   607.2  copy=0.836  A(t)=823  sim=40.4s
epoch    4900  HO=0.2304  meanSteps=   608.3  copy=0.837  A(t)=823  sim=40.5s
epoch    4920  HO=0.2301  meanSteps=   608.8  copy=0.836  A(t)=826  sim=40.7s
epoch    4940  HO=0.2273  meanSteps=   614.2  copy=0.837  A(t)=826  sim=40.9s
epoch    4960  HO=0.2238  meanSteps=   618.8  copy=0.840  A(t)=827  sim=41.0s
epoch    4980  HO=0.2246  meanSteps=   616.5  copy=0.840  A(t)=829  sim=41.3s
epoch    5000  HO=0.2230  meanSteps=   620.9  copy=0.836  A(t)=829  sim=41.4s
epoch    5020  HO=0.2177  meanSteps=   622.0  copy=0.834  A(t)=829  sim=41.6s
epoch    5040  HO=0.2176  meanSteps=   616.5  copy=0.833  A(t)=829  sim=41.8s
epoch    5060  HO=0.2193  meanSteps=   613.4  copy=0.840  A(t)=829  sim=42.0s
epoch    5080  HO=0.2199  meanSteps=   608.7  copy=0.834  A(t)=832  sim=42.1s
epoch    5100  HO=0.2215  meanSteps=   609.8  copy=0.833  A(t)=832  sim=42.3s
epoch    5120  HO=0.2269  meanSteps=   611.7  copy=0.830  A(t)=834  sim=42.5s
epoch    5140  HO=0.2288  meanSteps=   620.8  copy=0.829  A(t)=836  sim=42.7s
epoch    5160  HO=0.2308  meanSteps=   625.7  copy=0.825  A(t)=836  sim=42.9s
epoch    5180  HO=0.2273  meanSteps=   627.0  copy=0.821  A(t)=836  sim=43.1s
epoch    5200  HO=0.2265  meanSteps=   631.0  copy=0.822  A(t)=836  sim=43.3s
epoch    5220  HO=0.2229  meanSteps=   626.6  copy=0.825  A(t)=842  sim=43.5s
epoch    5240  HO=0.2215  meanSteps=   622.4  copy=0.830  A(t)=842  sim=43.6s
epoch    5260  HO=0.2245  meanSteps=   627.1  copy=0.830  A(t)=842  sim=43.8s
epoch    5280  HO=0.2225  meanSteps=   627.3  copy=0.833  A(t)=842  sim=44.0s
epoch    5300  HO=0.2245  meanSteps=   616.4  copy=0.836  A(t)=847  sim=44.2s
epoch    5320  HO=0.2251  meanSteps=   616.1  copy=0.836  A(t)=849  sim=44.3s
epoch    5340  HO=0.2288  meanSteps=   618.9  copy=0.839  A(t)=855  sim=44.5s
epoch    5360  HO=0.2327  meanSteps=   623.5  copy=0.840  A(t)=859  sim=44.7s
epoch    5380  HO=0.2331  meanSteps=   620.5  copy=0.843  A(t)=859  sim=44.9s
epoch    5400  HO=0.2344  meanSteps=   630.8  copy=0.845  A(t)=861  sim=45.0s
epoch    5420  HO=0.2321  meanSteps=   627.6  copy=0.848  A(t)=861  sim=45.2s
epoch    5440  HO=0.2341  meanSteps=   626.8  copy=0.848  A(t)=861  sim=45.4s
epoch    5460  HO=0.2347  meanSteps=   626.0  copy=0.848  A(t)=861  sim=45.6s
epoch    5480  HO=0.2323  meanSteps=   615.4  copy=0.850  A(t)=863  sim=45.7s
epoch    5500  HO=0.2397  meanSteps=   615.4  copy=0.848  A(t)=865  sim=45.9s
epoch    5520  HO=0.2405  meanSteps=   614.7  copy=0.848  A(t)=867  sim=46.2s
epoch    5540  HO=0.2418  meanSteps=   616.0  copy=0.846  A(t)=871  sim=46.6s
epoch    5560  HO=0.2435  meanSteps=   605.2  copy=0.846  A(t)=871  sim=46.7s
epoch    5580  HO=0.2465  meanSteps=   603.0  copy=0.847  A(t)=873  sim=46.9s
epoch    5600  HO=0.2500  meanSteps=   610.3  copy=0.846  A(t)=875  sim=47.1s
epoch    5620  HO=0.2487  meanSteps=   617.6  copy=0.847  A(t)=878  sim=47.2s
epoch    5640  HO=0.2510  meanSteps=   625.3  copy=0.844  A(t)=878  sim=47.4s
epoch    5660  HO=0.2520  meanSteps=   622.0  copy=0.845  A(t)=878  sim=47.6s
epoch    5680  HO=0.2512  meanSteps=   615.9  copy=0.847  A(t)=880  sim=47.8s
epoch    5700  HO=0.2528  meanSteps=   618.5  copy=0.845  A(t)=884  sim=47.9s
epoch    5720  HO=0.2547  meanSteps=   622.4  copy=0.846  A(t)=888  sim=48.1s
epoch    5740  HO=0.2496  meanSteps=   621.1  copy=0.845  A(t)=891  sim=48.3s
epoch    5760  HO=0.2536  meanSteps=   617.4  copy=0.846  A(t)=893  sim=48.4s
epoch    5780  HO=0.2575  meanSteps=   624.9  copy=0.848  A(t)=895  sim=48.6s
epoch    5800  HO=0.2576  meanSteps=   628.9  copy=0.847  A(t)=895  sim=48.8s
epoch    5820  HO=0.2585  meanSteps=   630.2  copy=0.842  A(t)=897  sim=49.0s
epoch    5840  HO=0.2555  meanSteps=   627.5  copy=0.840  A(t)=897  sim=49.1s
epoch    5860  HO=0.2609  meanSteps=   638.7  copy=0.843  A(t)=899  sim=49.3s
epoch    5880  HO=0.2663  meanSteps=   634.9  copy=0.842  A(t)=904  sim=49.5s
epoch    5900  HO=0.2594  meanSteps=   640.0  copy=0.843  A(t)=906  sim=49.7s
epoch    5920  HO=0.2671  meanSteps=   636.3  copy=0.841  A(t)=910  sim=49.9s
epoch    5940  HO=0.2699  meanSteps=   629.4  copy=0.839  A(t)=910  sim=50.0s
epoch    5960  HO=0.2702  meanSteps=   630.7  copy=0.836  A(t)=912  sim=50.2s
epoch    5980  HO=0.2636  meanSteps=   632.5  copy=0.832  A(t)=912  sim=50.4s
epoch    6000  HO=0.2653  meanSteps=   634.9  copy=0.833  A(t)=916  sim=50.6s
epoch    6020  HO=0.2694  meanSteps=   645.9  copy=0.834  A(t)=916  sim=50.7s
epoch    6040  HO=0.2813  meanSteps=   650.1  copy=0.834  A(t)=916  sim=50.9s
epoch    6060  HO=0.2741  meanSteps=   654.6  copy=0.833  A(t)=916  sim=51.1s
epoch    6080  HO=0.2689  meanSteps=   657.8  copy=0.832  A(t)=918  sim=51.3s
epoch    6100  HO=0.2635  meanSteps=   657.1  copy=0.825  A(t)=922  sim=51.5s
epoch    6120  HO=0.2658  meanSteps=   661.4  copy=0.827  A(t)=922  sim=51.7s
epoch    6140  HO=0.2663  meanSteps=   658.9  copy=0.827  A(t)=922  sim=51.9s
epoch    6160  HO=0.2663  meanSteps=   649.9  copy=0.825  A(t)=922  sim=52.0s
epoch    6180  HO=0.2699  meanSteps=   656.5  copy=0.825  A(t)=922  sim=52.2s
epoch    6200  HO=0.2684  meanSteps=   660.0  copy=0.825  A(t)=926  sim=52.4s
epoch    6220  HO=0.2688  meanSteps=   672.5  copy=0.820  A(t)=928  sim=52.6s
epoch    6240  HO=0.2697  meanSteps=   667.6  copy=0.820  A(t)=930  sim=52.8s
epoch    6260  HO=0.2642  meanSteps=   659.9  copy=0.822  A(t)=932  sim=53.0s
epoch    6280  HO=0.2628  meanSteps=   650.1  copy=0.821  A(t)=938  sim=53.2s
epoch    6300  HO=0.2608  meanSteps=   652.5  copy=0.821  A(t)=940  sim=53.3s
epoch    6320  HO=0.2566  meanSteps=   660.9  copy=0.818  A(t)=940  sim=53.5s
epoch    6340  HO=0.2571  meanSteps=   660.1  copy=0.818  A(t)=941  sim=53.7s
epoch    6360  HO=0.2592  meanSteps=   660.1  copy=0.817  A(t)=944  sim=53.9s
epoch    6380  HO=0.2628  meanSteps=   657.0  copy=0.815  A(t)=947  sim=54.0s
epoch    6400  HO=0.2652  meanSteps=   656.4  copy=0.815  A(t)=947  sim=54.2s
epoch    6420  HO=0.2594  meanSteps=   653.3  copy=0.813  A(t)=953  sim=54.4s
epoch    6440  HO=0.2605  meanSteps=   650.2  copy=0.818  A(t)=953  sim=54.6s
epoch    6460  HO=0.2606  meanSteps=   646.8  copy=0.822  A(t)=957  sim=54.7s
epoch    6480  HO=0.2650  meanSteps=   648.9  copy=0.820  A(t)=957  sim=54.9s
epoch    6500  HO=0.2614  meanSteps=   647.4  copy=0.822  A(t)=957  sim=55.1s
epoch    6520  HO=0.2628  meanSteps=   644.6  copy=0.825  A(t)=957  sim=55.3s
epoch    6540  HO=0.2618  meanSteps=   642.0  copy=0.826  A(t)=958  sim=55.5s
epoch    6560  HO=0.2655  meanSteps=   643.5  copy=0.825  A(t)=967  sim=55.7s
epoch    6580  HO=0.2667  meanSteps=   646.4  copy=0.823  A(t)=967  sim=56.0s
epoch    6600  HO=0.2704  meanSteps=   648.9  copy=0.824  A(t)=967  sim=56.2s
epoch    6620  HO=0.2697  meanSteps=   642.1  copy=0.824  A(t)=967  sim=56.5s
epoch    6640  HO=0.2797  meanSteps=   641.9  copy=0.822  A(t)=969  sim=56.6s
epoch    6660  HO=0.2750  meanSteps=   652.3  copy=0.821  A(t)=970  sim=56.9s
epoch    6680  HO=0.2747  meanSteps=   656.8  copy=0.826  A(t)=970  sim=57.1s
epoch    6700  HO=0.2742  meanSteps=   654.8  copy=0.831  A(t)=970  sim=57.3s
epoch    6720  HO=0.2716  meanSteps=   642.5  copy=0.827  A(t)=974  sim=57.5s
epoch    6740  HO=0.2768  meanSteps=   652.1  copy=0.826  A(t)=974  sim=57.7s
epoch    6760  HO=0.2770  meanSteps=   645.7  copy=0.824  A(t)=974  sim=57.9s
epoch    6780  HO=0.2809  meanSteps=   638.8  copy=0.824  A(t)=974  sim=58.0s
epoch    6800  HO=0.2785  meanSteps=   637.9  copy=0.821  A(t)=974  sim=58.2s
epoch    6820  HO=0.2819  meanSteps=   635.3  copy=0.821  A(t)=981  sim=58.4s
epoch    6840  HO=0.2814  meanSteps=   641.3  copy=0.824  A(t)=981  sim=58.6s
epoch    6860  HO=0.2807  meanSteps=   642.7  copy=0.824  A(t)=983  sim=58.7s
epoch    6880  HO=0.2719  meanSteps=   646.5  copy=0.828  A(t)=983  sim=58.9s
epoch    6900  HO=0.2694  meanSteps=   647.7  copy=0.825  A(t)=991  sim=59.1s
epoch    6920  HO=0.2613  meanSteps=   657.1  copy=0.826  A(t)=993  sim=59.3s
epoch    6940  HO=0.2662  meanSteps=   656.2  copy=0.826  A(t)=993  sim=59.5s
epoch    6960  HO=0.2682  meanSteps=   653.9  copy=0.827  A(t)=993  sim=59.7s
epoch    6980  HO=0.2684  meanSteps=   658.8  copy=0.832  A(t)=995  sim=59.9s
epoch    7000  HO=0.2671  meanSteps=   659.7  copy=0.831  A(t)=999  sim=60.0s
epoch    7020  HO=0.2641  meanSteps=   664.1  copy=0.832  A(t)=1001  sim=60.2s
epoch    7040  HO=0.2692  meanSteps=   655.1  copy=0.829  A(t)=1001  sim=60.4s
epoch    7060  HO=0.2693  meanSteps=   665.2  copy=0.826  A(t)=1005  sim=60.6s
epoch    7080  HO=0.2731  meanSteps=   666.0  copy=0.827  A(t)=1005  sim=60.8s
epoch    7100  HO=0.2731  meanSteps=   678.1  copy=0.829  A(t)=1005  sim=61.0s
epoch    7120  HO=0.2729  meanSteps=   690.7  copy=0.825  A(t)=1005  sim=61.2s
epoch    7140  HO=0.2861  meanSteps=   689.9  copy=0.821  A(t)=1005  sim=61.4s
epoch    7160  HO=0.2834  meanSteps=   685.9  copy=0.822  A(t)=1007  sim=61.5s
epoch    7180  HO=0.2815  meanSteps=   673.6  copy=0.820  A(t)=1009  sim=61.7s
epoch    7200  HO=0.2809  meanSteps=   682.3  copy=0.822  A(t)=1011  sim=61.9s
epoch    7220  HO=0.2791  meanSteps=   680.6  copy=0.825  A(t)=1017  sim=62.3s
epoch    7240  HO=0.2831  meanSteps=   692.4  copy=0.828  A(t)=1021  sim=62.5s
epoch    7260  HO=0.2834  meanSteps=   692.3  copy=0.828  A(t)=1023  sim=62.7s
epoch    7280  HO=0.2825  meanSteps=   692.7  copy=0.825  A(t)=1025  sim=62.9s
epoch    7300  HO=0.2842  meanSteps=   705.7  copy=0.825  A(t)=1025  sim=63.3s
epoch    7320  HO=0.2843  meanSteps=   707.0  copy=0.824  A(t)=1028  sim=63.7s
epoch    7340  HO=0.2799  meanSteps=   704.5  copy=0.824  A(t)=1031  sim=63.9s
epoch    7360  HO=0.2781  meanSteps=   704.9  copy=0.822  A(t)=1031  sim=64.3s
epoch    7380  HO=0.2715  meanSteps=   714.8  copy=0.821  A(t)=1033  sim=64.6s
epoch    7400  HO=0.2695  meanSteps=   715.5  copy=0.824  A(t)=1035  sim=64.9s
epoch    7420  HO=0.2660  meanSteps=   712.4  copy=0.822  A(t)=1035  sim=65.1s
epoch    7440  HO=0.2633  meanSteps=   724.8  copy=0.817  A(t)=1037  sim=65.4s
epoch    7460  HO=0.2655  meanSteps=   725.6  copy=0.818  A(t)=1040  sim=65.5s
epoch    7480  HO=0.2711  meanSteps=   722.8  copy=0.818  A(t)=1041  sim=65.7s
epoch    7500  HO=0.2702  meanSteps=   715.0  copy=0.820  A(t)=1042  sim=65.9s
epoch    7520  HO=0.2756  meanSteps=   716.7  copy=0.819  A(t)=1042  sim=66.1s
epoch    7540  HO=0.2748  meanSteps=   725.4  copy=0.818  A(t)=1046  sim=66.3s
epoch    7560  HO=0.2758  meanSteps=   735.0  copy=0.816  A(t)=1048  sim=66.5s
epoch    7580  HO=0.2731  meanSteps=   742.2  copy=0.815  A(t)=1048  sim=66.7s
epoch    7600  HO=0.2759  meanSteps=   737.4  copy=0.814  A(t)=1051  sim=66.9s
epoch    7620  HO=0.2800  meanSteps=   741.5  copy=0.811  A(t)=1051  sim=67.1s
epoch    7640  HO=0.2834  meanSteps=   739.7  copy=0.812  A(t)=1051  sim=67.3s
epoch    7660  HO=0.2808  meanSteps=   737.1  copy=0.811  A(t)=1053  sim=67.5s
epoch    7680  HO=0.2781  meanSteps=   734.9  copy=0.811  A(t)=1053  sim=67.7s
epoch    7700  HO=0.2828  meanSteps=   729.0  copy=0.813  A(t)=1053  sim=67.9s
epoch    7720  HO=0.2848  meanSteps=   729.1  copy=0.813  A(t)=1053  sim=68.0s
epoch    7740  HO=0.2914  meanSteps=   730.1  copy=0.814  A(t)=1059  sim=68.2s
epoch    7760  HO=0.2879  meanSteps=   732.7  copy=0.812  A(t)=1059  sim=68.4s
epoch    7780  HO=0.2905  meanSteps=   735.5  copy=0.814  A(t)=1061  sim=68.6s
epoch    7800  HO=0.2912  meanSteps=   729.0  copy=0.814  A(t)=1064  sim=68.9s
epoch    7820  HO=0.2927  meanSteps=   727.8  copy=0.812  A(t)=1066  sim=69.0s
epoch    7840  HO=0.2870  meanSteps=   724.2  copy=0.816  A(t)=1068  sim=69.2s
epoch    7860  HO=0.2996  meanSteps=   727.4  copy=0.821  A(t)=1071  sim=69.4s
epoch    7880  HO=0.3056  meanSteps=   725.9  copy=0.822  A(t)=1073  sim=69.6s
epoch    7900  HO=0.3001  meanSteps=   719.7  copy=0.823  A(t)=1077  sim=69.8s
epoch    7920  HO=0.2989  meanSteps=   718.7  copy=0.828  A(t)=1079  sim=70.0s
epoch    7940  HO=0.2984  meanSteps=   721.7  copy=0.825  A(t)=1079  sim=70.2s
epoch    7960  HO=0.2972  meanSteps=   724.9  copy=0.824  A(t)=1084  sim=70.4s
epoch    7980  HO=0.3056  meanSteps=   727.0  copy=0.825  A(t)=1086  sim=70.6s
epoch    8000  HO=0.3040  meanSteps=   723.2  copy=0.821  A(t)=1088  sim=70.7s
epoch    8020  HO=0.3005  meanSteps=   709.2  copy=0.818  A(t)=1088  sim=70.9s
epoch    8040  HO=0.3018  meanSteps=   702.2  copy=0.820  A(t)=1093  sim=71.1s
epoch    8060  HO=0.2977  meanSteps=   699.8  copy=0.823  A(t)=1095  sim=71.3s
epoch    8080  HO=0.3018  meanSteps=   698.2  copy=0.821  A(t)=1095  sim=71.5s
epoch    8100  HO=0.3011  meanSteps=   692.3  copy=0.824  A(t)=1097  sim=71.7s
epoch    8120  HO=0.2970  meanSteps=   696.8  copy=0.829  A(t)=1097  sim=71.9s
epoch    8140  HO=0.2957  meanSteps=   706.7  copy=0.835  A(t)=1097  sim=72.1s
epoch    8160  HO=0.2944  meanSteps=   708.5  copy=0.834  A(t)=1097  sim=72.2s
epoch    8180  HO=0.2936  meanSteps=   707.4  copy=0.835  A(t)=1099  sim=72.4s
epoch    8200  HO=0.2913  meanSteps=   699.8  copy=0.832  A(t)=1101  sim=72.6s
epoch    8220  HO=0.2881  meanSteps=   705.0  copy=0.833  A(t)=1103  sim=72.8s
epoch    8240  HO=0.2863  meanSteps=   697.1  copy=0.834  A(t)=1107  sim=73.0s
epoch    8260  HO=0.2908  meanSteps=   687.1  copy=0.835  A(t)=1110  sim=73.2s
epoch    8280  HO=0.2894  meanSteps=   690.6  copy=0.836  A(t)=1112  sim=73.4s
epoch    8300  HO=0.2881  meanSteps=   691.7  copy=0.833  A(t)=1116  sim=73.6s
epoch    8320  HO=0.2852  meanSteps=   684.3  copy=0.831  A(t)=1118  sim=73.8s
epoch    8340  HO=0.2803  meanSteps=   686.4  copy=0.831  A(t)=1120  sim=73.9s
epoch    8360  HO=0.2812  meanSteps=   682.2  copy=0.831  A(t)=1120  sim=74.1s
epoch    8380  HO=0.2824  meanSteps=   679.5  copy=0.829  A(t)=1120  sim=74.3s
epoch    8400  HO=0.2782  meanSteps=   681.5  copy=0.829  A(t)=1120  sim=74.5s
epoch    8420  HO=0.2780  meanSteps=   684.7  copy=0.829  A(t)=1123  sim=74.7s
epoch    8440  HO=0.2733  meanSteps=   689.6  copy=0.829  A(t)=1130  sim=74.9s
epoch    8460  HO=0.2743  meanSteps=   686.1  copy=0.828  A(t)=1136  sim=75.0s
epoch    8480  HO=0.2773  meanSteps=   695.6  copy=0.831  A(t)=1136  sim=75.2s
epoch    8500  HO=0.2707  meanSteps=   697.1  copy=0.832  A(t)=1138  sim=75.4s
epoch    8520  HO=0.2685  meanSteps=   698.5  copy=0.834  A(t)=1138  sim=75.6s
epoch    8540  HO=0.2695  meanSteps=   700.1  copy=0.834  A(t)=1138  sim=75.8s
epoch    8560  HO=0.2664  meanSteps=   702.9  copy=0.834  A(t)=1140  sim=76.0s
epoch    8580  HO=0.2669  meanSteps=   713.8  copy=0.834  A(t)=1145  sim=76.2s
epoch    8600  HO=0.2690  meanSteps=   724.8  copy=0.836  A(t)=1147  sim=76.3s
epoch    8620  HO=0.2749  meanSteps=   717.3  copy=0.837  A(t)=1147  sim=76.5s
epoch    8640  HO=0.2705  meanSteps=   709.9  copy=0.837  A(t)=1148  sim=76.8s
epoch    8660  HO=0.2736  meanSteps=   712.4  copy=0.835  A(t)=1148  sim=76.9s
epoch    8680  HO=0.2756  meanSteps=   704.4  copy=0.834  A(t)=1150  sim=77.1s
epoch    8700  HO=0.2782  meanSteps=   707.6  copy=0.835  A(t)=1150  sim=77.3s
epoch    8720  HO=0.2790  meanSteps=   704.3  copy=0.836  A(t)=1157  sim=77.5s
epoch    8740  HO=0.2780  meanSteps=   704.3  copy=0.838  A(t)=1165  sim=77.7s
epoch    8760  HO=0.2849  meanSteps=   699.5  copy=0.842  A(t)=1165  sim=77.9s
epoch    8780  HO=0.2841  meanSteps=   707.2  copy=0.843  A(t)=1169  sim=78.1s
epoch    8800  HO=0.2835  meanSteps=   703.8  copy=0.844  A(t)=1169  sim=78.3s
epoch    8820  HO=0.2831  meanSteps=   699.3  copy=0.844  A(t)=1170  sim=78.6s
epoch    8840  HO=0.2822  meanSteps=   709.3  copy=0.845  A(t)=1173  sim=78.7s
epoch    8860  HO=0.2844  meanSteps=   705.2  copy=0.845  A(t)=1173  sim=78.9s
epoch    8880  HO=0.2857  meanSteps=   703.9  copy=0.845  A(t)=1179  sim=79.1s
epoch    8900  HO=0.2801  meanSteps=   694.4  copy=0.849  A(t)=1185  sim=79.3s
epoch    8920  HO=0.2761  meanSteps=   688.3  copy=0.851  A(t)=1185  sim=79.5s
epoch    8940  HO=0.2753  meanSteps=   684.6  copy=0.852  A(t)=1190  sim=79.7s
epoch    8960  HO=0.2735  meanSteps=   685.3  copy=0.850  A(t)=1194  sim=79.9s
epoch    8980  HO=0.2704  meanSteps=   682.0  copy=0.850  A(t)=1196  sim=80.1s
epoch    9000  HO=0.2681  meanSteps=   681.6  copy=0.849  A(t)=1196  sim=80.3s
epoch    9020  HO=0.2674  meanSteps=   689.9  copy=0.850  A(t)=1198  sim=80.5s
epoch    9040  HO=0.2662  meanSteps=   699.1  copy=0.850  A(t)=1198  sim=80.6s
epoch    9060  HO=0.2662  meanSteps=   708.7  copy=0.853  A(t)=1198  sim=80.9s
epoch    9080  HO=0.2683  meanSteps=   697.0  copy=0.850  A(t)=1202  sim=81.0s
epoch    9100  HO=0.2667  meanSteps=   695.2  copy=0.852  A(t)=1202  sim=81.2s
epoch    9120  HO=0.2651  meanSteps=   692.9  copy=0.852  A(t)=1205  sim=81.4s
epoch    9140  HO=0.2698  meanSteps=   683.5  copy=0.854  A(t)=1210  sim=81.6s
epoch    9160  HO=0.2658  meanSteps=   681.4  copy=0.856  A(t)=1210  sim=81.8s
epoch    9180  HO=0.2671  meanSteps=   685.2  copy=0.854  A(t)=1212  sim=82.0s
epoch    9200  HO=0.2643  meanSteps=   678.7  copy=0.856  A(t)=1214  sim=82.2s
epoch    9220  HO=0.2667  meanSteps=   681.8  copy=0.855  A(t)=1220  sim=82.4s
epoch    9240  HO=0.2651  meanSteps=   687.4  copy=0.854  A(t)=1222  sim=82.5s
epoch    9260  HO=0.2621  meanSteps=   690.1  copy=0.855  A(t)=1222  sim=82.7s
epoch    9280  HO=0.2595  meanSteps=   690.6  copy=0.854  A(t)=1224  sim=82.9s
epoch    9300  HO=0.2643  meanSteps=   691.0  copy=0.858  A(t)=1224  sim=83.1s
epoch    9320  HO=0.2628  meanSteps=   675.4  copy=0.857  A(t)=1229  sim=83.3s
epoch    9340  HO=0.2609  meanSteps=   670.4  copy=0.851  A(t)=1229  sim=83.5s
epoch    9360  HO=0.2582  meanSteps=   666.4  copy=0.851  A(t)=1231  sim=83.6s
epoch    9380  HO=0.2685  meanSteps=   662.0  copy=0.851  A(t)=1233  sim=83.8s
epoch    9400  HO=0.2625  meanSteps=   659.3  copy=0.847  A(t)=1233  sim=84.0s
epoch    9420  HO=0.2658  meanSteps=   654.9  copy=0.850  A(t)=1235  sim=84.2s
epoch    9440  HO=0.2677  meanSteps=   656.6  copy=0.851  A(t)=1235  sim=84.4s
epoch    9460  HO=0.2685  meanSteps=   655.1  copy=0.851  A(t)=1240  sim=84.6s
epoch    9480  HO=0.2731  meanSteps=   658.3  copy=0.851  A(t)=1244  sim=84.7s
epoch    9500  HO=0.2721  meanSteps=   658.2  copy=0.851  A(t)=1244  sim=84.9s
epoch    9520  HO=0.2657  meanSteps=   664.9  copy=0.851  A(t)=1246  sim=85.1s
epoch    9540  HO=0.2662  meanSteps=   671.0  copy=0.852  A(t)=1248  sim=85.3s
epoch    9560  HO=0.2689  meanSteps=   666.6  copy=0.851  A(t)=1253  sim=85.5s
epoch    9580  HO=0.2613  meanSteps=   670.1  copy=0.851  A(t)=1253  sim=85.6s
epoch    9600  HO=0.2657  meanSteps=   666.7  copy=0.846  A(t)=1253  sim=85.8s
epoch    9620  HO=0.2653  meanSteps=   664.9  copy=0.846  A(t)=1253  sim=86.0s
epoch    9640  HO=0.2660  meanSteps=   666.2  copy=0.848  A(t)=1253  sim=86.2s
epoch    9660  HO=0.2660  meanSteps=   670.7  copy=0.846  A(t)=1253  sim=86.4s
epoch    9680  HO=0.2692  meanSteps=   668.5  copy=0.845  A(t)=1253  sim=86.5s
epoch    9700  HO=0.2642  meanSteps=   661.5  copy=0.846  A(t)=1254  sim=86.7s
epoch    9720  HO=0.2709  meanSteps=   658.5  copy=0.847  A(t)=1254  sim=86.9s
epoch    9740  HO=0.2748  meanSteps=   657.9  copy=0.847  A(t)=1260  sim=87.1s
epoch    9760  HO=0.2765  meanSteps=   652.9  copy=0.848  A(t)=1260  sim=87.3s
epoch    9780  HO=0.2721  meanSteps=   651.3  copy=0.849  A(t)=1262  sim=87.5s
epoch    9800  HO=0.2742  meanSteps=   658.4  copy=0.852  A(t)=1264  sim=87.6s
epoch    9820  HO=0.2745  meanSteps=   650.9  copy=0.851  A(t)=1267  sim=87.8s
epoch    9840  HO=0.2708  meanSteps=   648.2  copy=0.852  A(t)=1270  sim=88.0s
epoch    9860  HO=0.2749  meanSteps=   650.1  copy=0.850  A(t)=1270  sim=88.2s
epoch    9880  HO=0.2767  meanSteps=   659.3  copy=0.851  A(t)=1272  sim=88.4s
epoch    9900  HO=0.2783  meanSteps=   670.7  copy=0.845  A(t)=1279  sim=88.5s
epoch    9920  HO=0.2846  meanSteps=   668.7  copy=0.843  A(t)=1279  sim=88.7s
epoch    9940  HO=0.2820  meanSteps=   663.4  copy=0.842  A(t)=1282  sim=88.9s
epoch    9960  HO=0.2817  meanSteps=   665.3  copy=0.839  A(t)=1282  sim=89.1s
epoch    9980  HO=0.2847  meanSteps=   671.9  copy=0.835  A(t)=1284  sim=89.3s
epoch   10000  HO=0.2865  meanSteps=   680.4  copy=0.835  A(t)=1284  sim=89.5s
epoch   10020  HO=0.2870  meanSteps=   678.1  copy=0.836  A(t)=1284  sim=89.6s
epoch   10040  HO=0.2922  meanSteps=   675.9  copy=0.838  A(t)=1286  sim=90.0s
epoch   10060  HO=0.2882  meanSteps=   674.9  copy=0.838  A(t)=1286  sim=90.2s
epoch   10080  HO=0.2857  meanSteps=   675.8  copy=0.837  A(t)=1286  sim=90.4s
epoch   10100  HO=0.2887  meanSteps=   673.9  copy=0.834  A(t)=1286  sim=90.6s
epoch   10120  HO=0.2865  meanSteps=   668.4  copy=0.834  A(t)=1291  sim=90.8s
epoch   10140  HO=0.2884  meanSteps=   684.5  copy=0.837  A(t)=1291  sim=91.0s
epoch   10160  HO=0.2884  meanSteps=   683.2  copy=0.836  A(t)=1291  sim=91.2s
epoch   10180  HO=0.2901  meanSteps=   686.8  copy=0.834  A(t)=1291  sim=91.4s
epoch   10200  HO=0.2928  meanSteps=   686.4  copy=0.836  A(t)=1296  sim=91.5s
epoch   10220  HO=0.2926  meanSteps=   679.0  copy=0.839  A(t)=1296  sim=91.7s
epoch   10240  HO=0.2936  meanSteps=   684.9  copy=0.837  A(t)=1299  sim=91.9s
epoch   10260  HO=0.2927  meanSteps=   689.5  copy=0.840  A(t)=1301  sim=92.1s
epoch   10280  HO=0.2843  meanSteps=   685.3  copy=0.840  A(t)=1303  sim=92.3s
epoch   10300  HO=0.2918  meanSteps=   689.6  copy=0.837  A(t)=1309  sim=92.5s
epoch   10320  HO=0.2928  meanSteps=   695.5  copy=0.835  A(t)=1314  sim=92.7s
epoch   10340  HO=0.2907  meanSteps=   703.6  copy=0.839  A(t)=1317  sim=92.9s
epoch   10360  HO=0.2916  meanSteps=   704.2  copy=0.841  A(t)=1321  sim=93.0s
epoch   10380  HO=0.2943  meanSteps=   704.6  copy=0.841  A(t)=1331  sim=93.3s
epoch   10400  HO=0.2920  meanSteps=   697.6  copy=0.840  A(t)=1333  sim=93.5s
epoch   10420  HO=0.2921  meanSteps=   707.4  copy=0.841  A(t)=1333  sim=93.7s
epoch   10440  HO=0.2932  meanSteps=   700.3  copy=0.839  A(t)=1335  sim=93.9s
epoch   10460  HO=0.2933  meanSteps=   698.2  copy=0.843  A(t)=1335  sim=94.0s
epoch   10480  HO=0.2932  meanSteps=   701.7  copy=0.843  A(t)=1335  sim=94.2s
epoch   10500  HO=0.2862  meanSteps=   702.2  copy=0.842  A(t)=1335  sim=94.4s
epoch   10520  HO=0.2905  meanSteps=   709.8  copy=0.840  A(t)=1335  sim=94.6s
epoch   10540  HO=0.2892  meanSteps=   708.2  copy=0.841  A(t)=1335  sim=94.8s
epoch   10560  HO=0.2914  meanSteps=   711.4  copy=0.840  A(t)=1337  sim=95.0s
epoch   10580  HO=0.2872  meanSteps=   718.2  copy=0.839  A(t)=1337  sim=95.2s
epoch   10600  HO=0.2865  meanSteps=   698.4  copy=0.839  A(t)=1337  sim=95.4s
epoch   10620  HO=0.2913  meanSteps=   699.0  copy=0.838  A(t)=1337  sim=95.5s
epoch   10640  HO=0.2930  meanSteps=   692.4  copy=0.839  A(t)=1339  sim=95.7s
epoch   10660  HO=0.2896  meanSteps=   690.9  copy=0.840  A(t)=1341  sim=96.0s
epoch   10680  HO=0.2853  meanSteps=   690.1  copy=0.840  A(t)=1342  sim=96.2s
epoch   10700  HO=0.2953  meanSteps=   691.2  copy=0.839  A(t)=1344  sim=96.3s
epoch   10720  HO=0.2935  meanSteps=   686.8  copy=0.842  A(t)=1346  sim=96.6s
epoch   10740  HO=0.2946  meanSteps=   697.3  copy=0.839  A(t)=1346  sim=96.7s
epoch   10760  HO=0.2968  meanSteps=   692.7  copy=0.839  A(t)=1351  sim=96.9s
epoch   10780  HO=0.2994  meanSteps=   691.5  copy=0.842  A(t)=1351  sim=97.1s
epoch   10800  HO=0.2958  meanSteps=   707.2  copy=0.839  A(t)=1353  sim=97.3s
epoch   10820  HO=0.2939  meanSteps=   706.8  copy=0.838  A(t)=1356  sim=97.5s
epoch   10840  HO=0.2960  meanSteps=   698.7  copy=0.838  A(t)=1356  sim=97.7s
epoch   10860  HO=0.2972  meanSteps=   693.2  copy=0.841  A(t)=1356  sim=97.9s
epoch   10880  HO=0.2943  meanSteps=   706.0  copy=0.839  A(t)=1360  sim=98.0s
epoch   10900  HO=0.2961  meanSteps=   700.7  copy=0.836  A(t)=1360  sim=98.2s
epoch   10920  HO=0.2937  meanSteps=   700.7  copy=0.836  A(t)=1360  sim=98.4s
epoch   10940  HO=0.2980  meanSteps=   704.1  copy=0.837  A(t)=1365  sim=98.6s
epoch   10960  HO=0.3005  meanSteps=   698.0  copy=0.840  A(t)=1365  sim=98.8s
epoch   10980  HO=0.3044  meanSteps=   696.1  copy=0.843  A(t)=1365  sim=99.0s
epoch   11000  HO=0.3057  meanSteps=   699.5  copy=0.843  A(t)=1367  sim=99.2s
epoch   11020  HO=0.3102  meanSteps=   704.6  copy=0.849  A(t)=1369  sim=99.3s
epoch   11040  HO=0.3026  meanSteps=   697.6  copy=0.847  A(t)=1373  sim=99.5s
epoch   11060  HO=0.2973  meanSteps=   719.5  copy=0.849  A(t)=1375  sim=99.7s
epoch   11080  HO=0.3064  meanSteps=   726.4  copy=0.848  A(t)=1375  sim=99.9s
epoch   11100  HO=0.2996  meanSteps=   737.1  copy=0.848  A(t)=1377  sim=100.1s
epoch   11120  HO=0.2981  meanSteps=   747.5  copy=0.848  A(t)=1377  sim=100.3s
epoch   11140  HO=0.2966  meanSteps=   736.5  copy=0.849  A(t)=1377  sim=100.5s
epoch   11160  HO=0.3024  meanSteps=   733.3  copy=0.851  A(t)=1390  sim=100.7s
epoch   11180  HO=0.3004  meanSteps=   727.1  copy=0.849  A(t)=1392  sim=100.9s
epoch   11200  HO=0.3032  meanSteps=   731.0  copy=0.853  A(t)=1392  sim=101.1s
epoch   11220  HO=0.3027  meanSteps=   725.9  copy=0.854  A(t)=1395  sim=101.3s
epoch   11240  HO=0.3134  meanSteps=   720.1  copy=0.853  A(t)=1396  sim=101.5s
epoch   11260  HO=0.3194  meanSteps=   712.2  copy=0.852  A(t)=1396  sim=101.7s
epoch   11280  HO=0.3161  meanSteps=   717.7  copy=0.853  A(t)=1396  sim=101.8s
epoch   11300  HO=0.3166  meanSteps=   710.6  copy=0.853  A(t)=1398  sim=102.0s
epoch   11320  HO=0.3140  meanSteps=   712.6  copy=0.856  A(t)=1400  sim=102.2s
epoch   11340  HO=0.3170  meanSteps=   715.8  copy=0.860  A(t)=1400  sim=102.4s
epoch   11360  HO=0.3101  meanSteps=   725.4  copy=0.856  A(t)=1400  sim=102.6s
epoch   11380  HO=0.3083  meanSteps=   718.9  copy=0.854  A(t)=1402  sim=102.8s
epoch   11400  HO=0.3087  meanSteps=   714.6  copy=0.856  A(t)=1404  sim=103.0s
epoch   11420  HO=0.3087  meanSteps=   715.9  copy=0.858  A(t)=1404  sim=103.2s
epoch   11440  HO=0.3111  meanSteps=   717.7  copy=0.857  A(t)=1404  sim=103.4s
epoch   11460  HO=0.3109  meanSteps=   718.0  copy=0.856  A(t)=1406  sim=103.6s
epoch   11480  HO=0.3073  meanSteps=   727.9  copy=0.855  A(t)=1408  sim=103.8s
epoch   11500  HO=0.3035  meanSteps=   722.0  copy=0.853  A(t)=1408  sim=103.9s
epoch   11520  HO=0.3029  meanSteps=   724.0  copy=0.853  A(t)=1418  sim=104.1s
epoch   11540  HO=0.2953  meanSteps=   716.5  copy=0.853  A(t)=1428  sim=104.4s
epoch   11560  HO=0.2951  meanSteps=   726.6  copy=0.857  A(t)=1432  sim=104.6s
epoch   11580  HO=0.2978  meanSteps=   724.2  copy=0.855  A(t)=1434  sim=104.8s
epoch   11600  HO=0.2949  meanSteps=   716.2  copy=0.854  A(t)=1434  sim=105.0s
epoch   11620  HO=0.3055  meanSteps=   716.9  copy=0.853  A(t)=1434  sim=105.2s
epoch   11640  HO=0.2986  meanSteps=   722.4  copy=0.853  A(t)=1436  sim=105.3s
epoch   11660  HO=0.2949  meanSteps=   718.1  copy=0.854  A(t)=1441  sim=105.5s
epoch   11680  HO=0.2895  meanSteps=   729.8  copy=0.850  A(t)=1444  sim=105.7s
epoch   11700  HO=0.2888  meanSteps=   737.1  copy=0.855  A(t)=1450  sim=105.9s
epoch   11720  HO=0.2898  meanSteps=   744.1  copy=0.855  A(t)=1452  sim=106.1s
epoch   11740  HO=0.2897  meanSteps=   744.5  copy=0.853  A(t)=1452  sim=106.3s
epoch   11760  HO=0.2923  meanSteps=   745.4  copy=0.853  A(t)=1452  sim=106.5s
epoch   11780  HO=0.2898  meanSteps=   745.9  copy=0.857  A(t)=1457  sim=106.7s
epoch   11800  HO=0.2856  meanSteps=   742.8  copy=0.860  A(t)=1457  sim=106.9s
epoch   11820  HO=0.2868  meanSteps=   746.2  copy=0.863  A(t)=1457  sim=107.1s
epoch   11840  HO=0.2820  meanSteps=   749.7  copy=0.862  A(t)=1457  sim=107.3s
epoch   11860  HO=0.2836  meanSteps=   761.3  copy=0.865  A(t)=1457  sim=107.5s
epoch   11880  HO=0.2861  meanSteps=   755.6  copy=0.866  A(t)=1459  sim=107.7s
epoch   11900  HO=0.2782  meanSteps=   757.6  copy=0.866  A(t)=1462  sim=107.9s
epoch   11920  HO=0.2697  meanSteps=   764.4  copy=0.864  A(t)=1462  sim=108.1s
epoch   11940  HO=0.2668  meanSteps=   751.0  copy=0.866  A(t)=1464  sim=108.3s
epoch   11960  HO=0.2633  meanSteps=   748.7  copy=0.869  A(t)=1473  sim=108.5s
epoch   11980  HO=0.2599  meanSteps=   743.7  copy=0.870  A(t)=1473  sim=108.7s
epoch   12000  HO=0.2620  meanSteps=   739.0  copy=0.868  A(t)=1474  sim=108.9s
epoch   12020  HO=0.2611  meanSteps=   735.3  copy=0.867  A(t)=1474  sim=109.1s
epoch   12040  HO=0.2625  meanSteps=   735.2  copy=0.865  A(t)=1478  sim=109.3s
epoch   12060  HO=0.2620  meanSteps=   734.7  copy=0.862  A(t)=1482  sim=109.5s
epoch   12080  HO=0.2529  meanSteps=   731.1  copy=0.860  A(t)=1482  sim=109.7s
epoch   12100  HO=0.2470  meanSteps=   732.2  copy=0.859  A(t)=1482  sim=109.9s
epoch   12120  HO=0.2424  meanSteps=   727.6  copy=0.861  A(t)=1482  sim=110.1s
epoch   12140  HO=0.2404  meanSteps=   732.0  copy=0.857  A(t)=1482  sim=110.3s
epoch   12160  HO=0.2404  meanSteps=   730.6  copy=0.857  A(t)=1484  sim=110.5s
epoch   12180  HO=0.2385  meanSteps=   733.5  copy=0.855  A(t)=1490  sim=110.6s
epoch   12200  HO=0.2370  meanSteps=   735.4  copy=0.855  A(t)=1490  sim=110.8s
epoch   12220  HO=0.2324  meanSteps=   736.5  copy=0.855  A(t)=1492  sim=111.0s
epoch   12240  HO=0.2308  meanSteps=   720.3  copy=0.860  A(t)=1492  sim=111.2s
epoch   12260  HO=0.2347  meanSteps=   721.6  copy=0.859  A(t)=1495  sim=111.4s
epoch   12280  HO=0.2351  meanSteps=   722.0  copy=0.859  A(t)=1495  sim=111.6s
epoch   12300  HO=0.2356  meanSteps=   731.3  copy=0.860  A(t)=1495  sim=111.8s
epoch   12320  HO=0.2363  meanSteps=   732.9  copy=0.866  A(t)=1495  sim=112.0s
epoch   12340  HO=0.2360  meanSteps=   728.0  copy=0.867  A(t)=1495  sim=112.2s
epoch   12360  HO=0.2331  meanSteps=   724.4  copy=0.871  A(t)=1495  sim=112.4s
epoch   12380  HO=0.2390  meanSteps=   722.2  copy=0.869  A(t)=1498  sim=112.6s
epoch   12400  HO=0.2318  meanSteps=   723.0  copy=0.868  A(t)=1502  sim=112.8s
epoch   12420  HO=0.2336  meanSteps=   731.0  copy=0.867  A(t)=1502  sim=113.0s
epoch   12440  HO=0.2415  meanSteps=   742.6  copy=0.865  A(t)=1504  sim=113.2s
epoch   12460  HO=0.2412  meanSteps=   741.2  copy=0.869  A(t)=1504  sim=113.4s
epoch   12480  HO=0.2395  meanSteps=   736.9  copy=0.870  A(t)=1506  sim=113.6s
epoch   12500  HO=0.2477  meanSteps=   732.2  copy=0.871  A(t)=1512  sim=113.7s
epoch   12520  HO=0.2479  meanSteps=   737.4  copy=0.871  A(t)=1520  sim=113.9s
epoch   12540  HO=0.2498  meanSteps=   733.0  copy=0.872  A(t)=1520  sim=114.1s
epoch   12560  HO=0.2511  meanSteps=   734.3  copy=0.869  A(t)=1520  sim=114.3s
epoch   12580  HO=0.2480  meanSteps=   723.1  copy=0.868  A(t)=1522  sim=114.5s
epoch   12600  HO=0.2484  meanSteps=   721.0  copy=0.865  A(t)=1522  sim=114.7s
epoch   12620  HO=0.2480  meanSteps=   722.1  copy=0.866  A(t)=1522  sim=114.9s
epoch   12640  HO=0.2439  meanSteps=   720.9  copy=0.867  A(t)=1522  sim=115.1s
epoch   12660  HO=0.2440  meanSteps=   725.6  copy=0.866  A(t)=1524  sim=115.3s
epoch   12680  HO=0.2520  meanSteps=   722.2  copy=0.868  A(t)=1529  sim=115.5s
epoch   12700  HO=0.2527  meanSteps=   722.2  copy=0.868  A(t)=1529  sim=115.7s
epoch   12720  HO=0.2582  meanSteps=   726.3  copy=0.867  A(t)=1529  sim=115.9s
epoch   12740  HO=0.2605  meanSteps=   725.0  copy=0.867  A(t)=1529  sim=116.1s
epoch   12760  HO=0.2578  meanSteps=   729.2  copy=0.869  A(t)=1531  sim=116.3s
epoch   12780  HO=0.2605  meanSteps=   743.0  copy=0.870  A(t)=1533  sim=116.5s
epoch   12800  HO=0.2590  meanSteps=   744.0  copy=0.870  A(t)=1535  sim=116.7s
epoch   12820  HO=0.2587  meanSteps=   753.9  copy=0.869  A(t)=1537  sim=116.9s
epoch   12840  HO=0.2640  meanSteps=   744.7  copy=0.866  A(t)=1537  sim=117.1s
epoch   12860  HO=0.2620  meanSteps=   732.1  copy=0.867  A(t)=1542  sim=117.3s
epoch   12880  HO=0.2684  meanSteps=   732.5  copy=0.869  A(t)=1545  sim=117.5s
epoch   12900  HO=0.2652  meanSteps=   735.2  copy=0.871  A(t)=1549  sim=117.7s
epoch   12920  HO=0.2674  meanSteps=   731.7  copy=0.875  A(t)=1552  sim=117.9s
epoch   12940  HO=0.2784  meanSteps=   736.2  copy=0.875  A(t)=1552  sim=118.1s
epoch   12960  HO=0.2762  meanSteps=   738.2  copy=0.874  A(t)=1552  sim=118.3s
epoch   12980  HO=0.2745  meanSteps=   741.5  copy=0.873  A(t)=1557  sim=118.5s
epoch   13000  HO=0.2738  meanSteps=   734.6  copy=0.876  A(t)=1564  sim=118.6s
epoch   13020  HO=0.2806  meanSteps=   722.4  copy=0.880  A(t)=1576  sim=118.8s
epoch   13040  HO=0.2768  meanSteps=   719.9  copy=0.878  A(t)=1578  sim=119.0s
epoch   13060  HO=0.2783  meanSteps=   718.7  copy=0.880  A(t)=1582  sim=119.2s
epoch   13080  HO=0.2716  meanSteps=   716.6  copy=0.879  A(t)=1588  sim=119.4s
epoch   13100  HO=0.2725  meanSteps=   725.0  copy=0.878  A(t)=1591  sim=119.6s
epoch   13120  HO=0.2799  meanSteps=   721.4  copy=0.879  A(t)=1591  sim=119.8s
epoch   13140  HO=0.2794  meanSteps=   727.1  copy=0.875  A(t)=1591  sim=120.0s
epoch   13160  HO=0.2780  meanSteps=   729.9  copy=0.873  A(t)=1591  sim=120.2s
epoch   13180  HO=0.2801  meanSteps=   735.8  copy=0.872  A(t)=1594  sim=120.4s
epoch   13200  HO=0.2760  meanSteps=   733.6  copy=0.875  A(t)=1594  sim=120.6s
epoch   13220  HO=0.2747  meanSteps=   732.4  copy=0.874  A(t)=1594  sim=120.8s
epoch   13240  HO=0.2761  meanSteps=   733.6  copy=0.875  A(t)=1594  sim=120.9s
epoch   13260  HO=0.2754  meanSteps=   721.6  copy=0.877  A(t)=1596  sim=121.1s
epoch   13280  HO=0.2694  meanSteps=   719.7  copy=0.877  A(t)=1600  sim=121.4s
epoch   13300  HO=0.2772  meanSteps=   718.6  copy=0.876  A(t)=1603  sim=121.5s
epoch   13320  HO=0.2808  meanSteps=   715.3  copy=0.874  A(t)=1607  sim=121.7s
epoch   13340  HO=0.2770  meanSteps=   718.3  copy=0.873  A(t)=1612  sim=121.9s
epoch   13360  HO=0.2761  meanSteps=   709.9  copy=0.874  A(t)=1615  sim=122.1s
epoch   13380  HO=0.2827  meanSteps=   711.1  copy=0.875  A(t)=1624  sim=122.3s
epoch   13400  HO=0.2829  meanSteps=   710.9  copy=0.873  A(t)=1624  sim=122.5s
epoch   13420  HO=0.2739  meanSteps=   715.4  copy=0.874  A(t)=1628  sim=122.7s
epoch   13440  HO=0.2698  meanSteps=   712.6  copy=0.873  A(t)=1628  sim=122.9s
epoch   13460  HO=0.2672  meanSteps=   710.4  copy=0.872  A(t)=1630  sim=123.1s
epoch   13480  HO=0.2753  meanSteps=   703.6  copy=0.870  A(t)=1630  sim=123.3s
epoch   13500  HO=0.2737  meanSteps=   707.6  copy=0.868  A(t)=1630  sim=123.5s
epoch   13520  HO=0.2699  meanSteps=   720.1  copy=0.871  A(t)=1636  sim=123.7s
epoch   13540  HO=0.2674  meanSteps=   722.1  copy=0.871  A(t)=1639  sim=123.9s
epoch   13560  HO=0.2648  meanSteps=   717.9  copy=0.870  A(t)=1639  sim=124.1s
epoch   13580  HO=0.2586  meanSteps=   717.8  copy=0.871  A(t)=1646  sim=124.3s
epoch   13600  HO=0.2664  meanSteps=   721.3  copy=0.871  A(t)=1651  sim=124.5s
epoch   13620  HO=0.2635  meanSteps=   721.2  copy=0.873  A(t)=1651  sim=124.7s
epoch   13640  HO=0.2630  meanSteps=   723.0  copy=0.872  A(t)=1651  sim=124.9s
epoch   13660  HO=0.2682  meanSteps=   725.1  copy=0.874  A(t)=1656  sim=125.1s
epoch   13680  HO=0.2660  meanSteps=   716.3  copy=0.872  A(t)=1658  sim=125.3s
epoch   13700  HO=0.2648  meanSteps=   721.6  copy=0.869  A(t)=1658  sim=125.5s
epoch   13720  HO=0.2635  meanSteps=   717.5  copy=0.870  A(t)=1661  sim=125.7s
epoch   13740  HO=0.2607  meanSteps=   711.3  copy=0.868  A(t)=1663  sim=125.9s
epoch   13760  HO=0.2623  meanSteps=   708.2  copy=0.869  A(t)=1665  sim=126.1s
epoch   13780  HO=0.2614  meanSteps=   713.2  copy=0.870  A(t)=1667  sim=126.3s
epoch   13800  HO=0.2583  meanSteps=   720.3  copy=0.868  A(t)=1667  sim=126.4s
epoch   13820  HO=0.2576  meanSteps=   714.4  copy=0.865  A(t)=1671  sim=126.6s
epoch   13840  HO=0.2655  meanSteps=   705.1  copy=0.867  A(t)=1673  sim=126.8s
epoch   13860  HO=0.2648  meanSteps=   704.5  copy=0.868  A(t)=1674  sim=127.0s
epoch   13880  HO=0.2613  meanSteps=   696.4  copy=0.867  A(t)=1674  sim=127.2s
epoch   13900  HO=0.2633  meanSteps=   685.9  copy=0.870  A(t)=1677  sim=127.4s
epoch   13920  HO=0.2583  meanSteps=   696.5  copy=0.872  A(t)=1681  sim=127.6s
epoch   13940  HO=0.2547  meanSteps=   689.6  copy=0.871  A(t)=1685  sim=127.8s
epoch   13960  HO=0.2549  meanSteps=   677.4  copy=0.871  A(t)=1689  sim=128.0s
epoch   13980  HO=0.2551  meanSteps=   679.5  copy=0.873  A(t)=1689  sim=128.1s
epoch   14000  HO=0.2534  meanSteps=   682.0  copy=0.875  A(t)=1691  sim=128.3s
epoch   14020  HO=0.2524  meanSteps=   679.1  copy=0.876  A(t)=1693  sim=128.5s
epoch   14040  HO=0.2558  meanSteps=   669.0  copy=0.876  A(t)=1696  sim=128.7s
epoch   14060  HO=0.2525  meanSteps=   677.4  copy=0.877  A(t)=1702  sim=128.9s
epoch   14080  HO=0.2523  meanSteps=   677.2  copy=0.874  A(t)=1704  sim=129.1s
epoch   14100  HO=0.2459  meanSteps=   673.5  copy=0.872  A(t)=1706  sim=129.3s
epoch   14120  HO=0.2522  meanSteps=   672.5  copy=0.873  A(t)=1714  sim=129.4s
epoch   14140  HO=0.2571  meanSteps=   673.9  copy=0.873  A(t)=1716  sim=129.6s
epoch   14160  HO=0.2556  meanSteps=   667.7  copy=0.872  A(t)=1716  sim=129.8s
epoch   14180  HO=0.2537  meanSteps=   662.3  copy=0.872  A(t)=1718  sim=130.0s
epoch   14200  HO=0.2536  meanSteps=   663.9  copy=0.873  A(t)=1720  sim=130.2s
epoch   14220  HO=0.2519  meanSteps=   665.9  copy=0.875  A(t)=1720  sim=130.4s
epoch   14240  HO=0.2534  meanSteps=   668.3  copy=0.876  A(t)=1722  sim=130.5s
epoch   14260  HO=0.2504  meanSteps=   661.8  copy=0.875  A(t)=1724  sim=130.7s
epoch   14280  HO=0.2490  meanSteps=   676.4  copy=0.871  A(t)=1726  sim=130.9s
epoch   14300  HO=0.2515  meanSteps=   672.9  copy=0.867  A(t)=1730  sim=131.1s
epoch   14320  HO=0.2475  meanSteps=   672.2  copy=0.865  A(t)=1730  sim=131.3s
epoch   14340  HO=0.2465  meanSteps=   674.4  copy=0.866  A(t)=1730  sim=131.5s
epoch   14360  HO=0.2502  meanSteps=   679.2  copy=0.870  A(t)=1730  sim=131.7s
epoch   14380  HO=0.2496  meanSteps=   673.8  copy=0.871  A(t)=1732  sim=131.9s
epoch   14400  HO=0.2529  meanSteps=   679.0  copy=0.872  A(t)=1734  sim=132.1s
epoch   14420  HO=0.2572  meanSteps=   685.7  copy=0.872  A(t)=1738  sim=132.3s
epoch   14440  HO=0.2558  meanSteps=   675.1  copy=0.871  A(t)=1740  sim=132.4s
epoch   14460  HO=0.2563  meanSteps=   679.3  copy=0.872  A(t)=1740  sim=132.6s
epoch   14480  HO=0.2597  meanSteps=   682.2  copy=0.872  A(t)=1740  sim=132.8s
epoch   14500  HO=0.2595  meanSteps=   671.5  copy=0.873  A(t)=1742  sim=133.0s
epoch   14520  HO=0.2612  meanSteps=   675.4  copy=0.874  A(t)=1744  sim=133.2s
epoch   14540  HO=0.2584  meanSteps=   677.1  copy=0.874  A(t)=1744  sim=133.4s
epoch   14560  HO=0.2579  meanSteps=   681.1  copy=0.874  A(t)=1748  sim=133.6s
epoch   14580  HO=0.2613  meanSteps=   665.3  copy=0.879  A(t)=1748  sim=133.8s
epoch   14600  HO=0.2606  meanSteps=   655.7  copy=0.879  A(t)=1748  sim=134.0s
epoch   14620  HO=0.2626  meanSteps=   658.4  copy=0.882  A(t)=1749  sim=134.1s
epoch   14640  HO=0.2606  meanSteps=   661.3  copy=0.881  A(t)=1752  sim=134.3s
epoch   14660  HO=0.2632  meanSteps=   658.3  copy=0.882  A(t)=1752  sim=134.5s
epoch   14680  HO=0.2639  meanSteps=   654.0  copy=0.884  A(t)=1754  sim=134.7s
epoch   14700  HO=0.2650  meanSteps=   660.7  copy=0.883  A(t)=1755  sim=134.9s
epoch   14720  HO=0.2651  meanSteps=   655.7  copy=0.884  A(t)=1755  sim=135.1s
epoch   14740  HO=0.2606  meanSteps=   655.9  copy=0.882  A(t)=1759  sim=135.3s
epoch   14760  HO=0.2618  meanSteps=   658.4  copy=0.883  A(t)=1766  sim=135.4s
epoch   14780  HO=0.2650  meanSteps=   662.4  copy=0.881  A(t)=1766  sim=135.7s
epoch   14800  HO=0.2591  meanSteps=   656.7  copy=0.881  A(t)=1766  sim=135.9s
epoch   14820  HO=0.2559  meanSteps=   651.2  copy=0.883  A(t)=1767  sim=136.0s
epoch   14840  HO=0.2520  meanSteps=   644.6  copy=0.881  A(t)=1769  sim=136.2s
epoch   14860  HO=0.2593  meanSteps=   651.8  copy=0.884  A(t)=1769  sim=136.4s
epoch   14880  HO=0.2603  meanSteps=   654.8  copy=0.886  A(t)=1773  sim=136.6s
epoch   14900  HO=0.2586  meanSteps=   648.0  copy=0.883  A(t)=1773  sim=136.8s
epoch   14920  HO=0.2595  meanSteps=   646.8  copy=0.883  A(t)=1773  sim=136.9s
epoch   14940  HO=0.2562  meanSteps=   661.9  copy=0.880  A(t)=1774  sim=137.2s
epoch   14960  HO=0.2553  meanSteps=   647.8  copy=0.879  A(t)=1775  sim=137.4s
epoch   14980  HO=0.2500  meanSteps=   643.5  copy=0.879  A(t)=1777  sim=137.5s
epoch   15000  HO=0.2480  meanSteps=   646.5  copy=0.881  A(t)=1778  sim=137.7s
epoch   15020  HO=0.2467  meanSteps=   653.7  copy=0.878  A(t)=1782  sim=137.9s
epoch   15040  HO=0.2473  meanSteps=   664.2  copy=0.877  A(t)=1782  sim=138.1s
epoch   15060  HO=0.2439  meanSteps=   647.5  copy=0.878  A(t)=1782  sim=138.3s
epoch   15080  HO=0.2468  meanSteps=   646.5  copy=0.879  A(t)=1782  sim=138.5s
epoch   15100  HO=0.2482  meanSteps=   645.3  copy=0.880  A(t)=1789  sim=138.6s
epoch   15120  HO=0.2507  meanSteps=   648.8  copy=0.881  A(t)=1791  sim=138.8s
epoch   15140  HO=0.2496  meanSteps=   647.9  copy=0.882  A(t)=1794  sim=139.0s
epoch   15160  HO=0.2506  meanSteps=   642.7  copy=0.881  A(t)=1794  sim=139.2s
epoch   15180  HO=0.2495  meanSteps=   646.6  copy=0.877  A(t)=1799  sim=139.3s
epoch   15200  HO=0.2461  meanSteps=   632.2  copy=0.881  A(t)=1805  sim=139.5s
epoch   15220  HO=0.2502  meanSteps=   640.4  copy=0.880  A(t)=1805  sim=139.7s
epoch   15240  HO=0.2541  meanSteps=   643.3  copy=0.879  A(t)=1805  sim=139.9s
epoch   15260  HO=0.2525  meanSteps=   648.4  copy=0.880  A(t)=1809  sim=140.1s
epoch   15280  HO=0.2519  meanSteps=   642.4  copy=0.880  A(t)=1813  sim=140.2s
epoch   15300  HO=0.2489  meanSteps=   637.1  copy=0.882  A(t)=1817  sim=140.4s
epoch   15320  HO=0.2543  meanSteps=   644.9  copy=0.882  A(t)=1817  sim=140.6s
epoch   15340  HO=0.2563  meanSteps=   647.8  copy=0.885  A(t)=1819  sim=140.8s
epoch   15360  HO=0.2555  meanSteps=   652.1  copy=0.887  A(t)=1819  sim=140.9s
epoch   15380  HO=0.2540  meanSteps=   649.3  copy=0.889  A(t)=1823  sim=141.1s
epoch   15400  HO=0.2550  meanSteps=   647.0  copy=0.887  A(t)=1824  sim=141.3s
epoch   15420  HO=0.2585  meanSteps=   641.1  copy=0.886  A(t)=1824  sim=141.5s
epoch   15440  HO=0.2529  meanSteps=   638.3  copy=0.888  A(t)=1824  sim=141.7s
epoch   15460  HO=0.2574  meanSteps=   640.4  copy=0.889  A(t)=1824  sim=141.8s
epoch   15480  HO=0.2553  meanSteps=   636.1  copy=0.890  A(t)=1824  sim=142.0s
epoch   15500  HO=0.2535  meanSteps=   637.1  copy=0.890  A(t)=1828  sim=142.2s
epoch   15520  HO=0.2508  meanSteps=   640.9  copy=0.890  A(t)=1831  sim=142.4s
epoch   15540  HO=0.2462  meanSteps=   639.4  copy=0.891  A(t)=1833  sim=142.6s
epoch   15560  HO=0.2419  meanSteps=   637.5  copy=0.892  A(t)=1833  sim=142.8s
epoch   15580  HO=0.2369  meanSteps=   631.1  copy=0.894  A(t)=1833  sim=143.0s
epoch   15600  HO=0.2379  meanSteps=   632.3  copy=0.892  A(t)=1833  sim=143.2s
epoch   15620  HO=0.2366  meanSteps=   637.7  copy=0.892  A(t)=1833  sim=143.4s
epoch   15640  HO=0.2318  meanSteps=   643.3  copy=0.889  A(t)=1836  sim=143.6s
epoch   15660  HO=0.2261  meanSteps=   648.9  copy=0.888  A(t)=1836  sim=143.8s
epoch   15680  HO=0.2271  meanSteps=   647.2  copy=0.886  A(t)=1837  sim=143.9s
epoch   15700  HO=0.2285  meanSteps=   647.2  copy=0.883  A(t)=1837  sim=144.1s
epoch   15720  HO=0.2245  meanSteps=   646.5  copy=0.882  A(t)=1840  sim=144.3s
epoch   15740  HO=0.2262  meanSteps=   639.9  copy=0.884  A(t)=1840  sim=144.5s
epoch   15760  HO=0.2267  meanSteps=   638.9  copy=0.885  A(t)=1842  sim=144.7s
epoch   15780  HO=0.2279  meanSteps=   627.3  copy=0.887  A(t)=1842  sim=144.8s
epoch   15800  HO=0.2302  meanSteps=   618.9  copy=0.888  A(t)=1844  sim=145.0s
epoch   15820  HO=0.2280  meanSteps=   618.0  copy=0.888  A(t)=1846  sim=145.2s
epoch   15840  HO=0.2238  meanSteps=   616.9  copy=0.887  A(t)=1846  sim=145.4s
epoch   15860  HO=0.2291  meanSteps=   613.1  copy=0.889  A(t)=1847  sim=145.5s
epoch   15880  HO=0.2299  meanSteps=   601.1  copy=0.887  A(t)=1847  sim=145.7s
epoch   15900  HO=0.2299  meanSteps=   606.5  copy=0.883  A(t)=1847  sim=145.9s
epoch   15920  HO=0.2322  meanSteps=   607.0  copy=0.884  A(t)=1847  sim=146.1s
epoch   15940  HO=0.2356  meanSteps=   608.6  copy=0.884  A(t)=1847  sim=146.3s
epoch   15960  HO=0.2382  meanSteps=   610.2  copy=0.881  A(t)=1848  sim=146.4s
epoch   15980  HO=0.2387  meanSteps=   613.2  copy=0.880  A(t)=1852  sim=146.6s
epoch   16000  HO=0.2397  meanSteps=   619.3  copy=0.879  A(t)=1852  sim=146.8s
epoch   16020  HO=0.2436  meanSteps=   619.0  copy=0.882  A(t)=1855  sim=147.0s
epoch   16040  HO=0.2416  meanSteps=   616.2  copy=0.882  A(t)=1855  sim=147.1s
epoch   16060  HO=0.2374  meanSteps=   621.7  copy=0.883  A(t)=1857  sim=147.3s
epoch   16080  HO=0.2400  meanSteps=   616.0  copy=0.884  A(t)=1857  sim=147.5s
epoch   16100  HO=0.2379  meanSteps=   607.1  copy=0.881  A(t)=1857  sim=147.7s
epoch   16120  HO=0.2375  meanSteps=   604.2  copy=0.880  A(t)=1859  sim=147.8s
epoch   16140  HO=0.2364  meanSteps=   607.7  copy=0.878  A(t)=1859  sim=148.0s
epoch   16160  HO=0.2330  meanSteps=   597.4  copy=0.876  A(t)=1859  sim=148.2s
epoch   16180  HO=0.2318  meanSteps=   601.0  copy=0.876  A(t)=1859  sim=148.3s
epoch   16200  HO=0.2226  meanSteps=   589.7  copy=0.874  A(t)=1861  sim=148.5s
epoch   16220  HO=0.2228  meanSteps=   587.4  copy=0.876  A(t)=1863  sim=148.7s
epoch   16240  HO=0.2283  meanSteps=   593.8  copy=0.873  A(t)=1865  sim=148.9s
epoch   16260  HO=0.2237  meanSteps=   594.5  copy=0.868  A(t)=1865  sim=149.0s
epoch   16280  HO=0.2168  meanSteps=   590.8  copy=0.865  A(t)=1865  sim=149.2s
epoch   16300  HO=0.2160  meanSteps=   582.2  copy=0.865  A(t)=1867  sim=149.4s
epoch   16320  HO=0.2136  meanSteps=   579.9  copy=0.869  A(t)=1870  sim=149.5s
epoch   16340  HO=0.2195  meanSteps=   582.9  copy=0.870  A(t)=1870  sim=149.7s
epoch   16360  HO=0.2189  meanSteps=   587.3  copy=0.864  A(t)=1870  sim=149.9s
epoch   16380  HO=0.2200  meanSteps=   587.0  copy=0.861  A(t)=1870  sim=150.1s
epoch   16400  HO=0.2140  meanSteps=   575.5  copy=0.860  A(t)=1871  sim=150.3s
epoch   16420  HO=0.2187  meanSteps=   575.0  copy=0.862  A(t)=1873  sim=150.4s
epoch   16440  HO=0.2194  meanSteps=   579.7  copy=0.866  A(t)=1873  sim=150.6s
epoch   16460  HO=0.2181  meanSteps=   575.3  copy=0.863  A(t)=1879  sim=150.8s
epoch   16480  HO=0.2237  meanSteps=   582.3  copy=0.865  A(t)=1879  sim=150.9s
epoch   16500  HO=0.2267  meanSteps=   575.2  copy=0.866  A(t)=1879  sim=151.1s
epoch   16520  HO=0.2201  meanSteps=   570.5  copy=0.865  A(t)=1879  sim=151.3s
epoch   16540  HO=0.2234  meanSteps=   565.1  copy=0.866  A(t)=1879  sim=151.4s
epoch   16560  HO=0.2203  meanSteps=   565.7  copy=0.867  A(t)=1882  sim=151.6s
epoch   16580  HO=0.2188  meanSteps=   567.4  copy=0.866  A(t)=1882  sim=151.8s
epoch   16600  HO=0.2202  meanSteps=   565.0  copy=0.869  A(t)=1882  sim=151.9s
epoch   16620  HO=0.2286  meanSteps=   565.6  copy=0.870  A(t)=1887  sim=152.1s
epoch   16640  HO=0.2245  meanSteps=   561.0  copy=0.870  A(t)=1889  sim=152.3s
epoch   16660  HO=0.2205  meanSteps=   570.5  copy=0.871  A(t)=1889  sim=152.5s
epoch   16680  HO=0.2242  meanSteps=   575.7  copy=0.872  A(t)=1891  sim=152.6s
epoch   16700  HO=0.2242  meanSteps=   576.9  copy=0.869  A(t)=1896  sim=152.8s
epoch   16720  HO=0.2222  meanSteps=   580.7  copy=0.865  A(t)=1896  sim=153.0s
epoch   16740  HO=0.2188  meanSteps=   573.9  copy=0.864  A(t)=1899  sim=153.1s
epoch   16760  HO=0.2231  meanSteps=   572.5  copy=0.866  A(t)=1900  sim=153.3s
epoch   16780  HO=0.2176  meanSteps=   570.4  copy=0.866  A(t)=1900  sim=153.5s
epoch   16800  HO=0.2168  meanSteps=   573.7  copy=0.864  A(t)=1903  sim=153.6s
epoch   16820  HO=0.2214  meanSteps=   572.0  copy=0.864  A(t)=1903  sim=153.8s
epoch   16840  HO=0.2201  meanSteps=   572.2  copy=0.863  A(t)=1907  sim=154.0s
epoch   16860  HO=0.2231  meanSteps=   571.6  copy=0.861  A(t)=1911  sim=154.1s
epoch   16880  HO=0.2193  meanSteps=   577.0  copy=0.861  A(t)=1911  sim=154.3s
epoch   16900  HO=0.2160  meanSteps=   573.7  copy=0.864  A(t)=1914  sim=154.5s
epoch   16920  HO=0.2190  meanSteps=   576.4  copy=0.863  A(t)=1915  sim=154.6s
epoch   16940  HO=0.2191  meanSteps=   576.7  copy=0.862  A(t)=1919  sim=154.8s
epoch   16960  HO=0.2157  meanSteps=   577.7  copy=0.861  A(t)=1921  sim=155.0s
epoch   16980  HO=0.2197  meanSteps=   582.9  copy=0.862  A(t)=1921  sim=155.1s
epoch   17000  HO=0.2126  meanSteps=   585.9  copy=0.861  A(t)=1921  sim=155.3s
epoch   17020  HO=0.2163  meanSteps=   575.8  copy=0.859  A(t)=1921  sim=155.5s
epoch   17040  HO=0.2133  meanSteps=   570.3  copy=0.862  A(t)=1923  sim=155.7s
epoch   17060  HO=0.2111  meanSteps=   568.2  copy=0.864  A(t)=1923  sim=155.8s
epoch   17080  HO=0.2103  meanSteps=   570.7  copy=0.862  A(t)=1923  sim=156.0s
epoch   17100  HO=0.2065  meanSteps=   575.4  copy=0.863  A(t)=1923  sim=156.2s
epoch   17120  HO=0.2063  meanSteps=   577.7  copy=0.865  A(t)=1925  sim=156.3s
epoch   17140  HO=0.2104  meanSteps=   580.9  copy=0.865  A(t)=1925  sim=156.5s
epoch   17160  HO=0.2064  meanSteps=   570.8  copy=0.866  A(t)=1925  sim=156.7s
epoch   17180  HO=0.2097  meanSteps=   562.4  copy=0.866  A(t)=1925  sim=156.8s
epoch   17200  HO=0.2080  meanSteps=   563.1  copy=0.864  A(t)=1931  sim=157.0s
epoch   17220  HO=0.2074  meanSteps=   556.6  copy=0.863  A(t)=1933  sim=157.1s
epoch   17240  HO=0.2073  meanSteps=   555.8  copy=0.865  A(t)=1933  sim=157.3s
epoch   17260  HO=0.2085  meanSteps=   549.2  copy=0.864  A(t)=1933  sim=157.5s
epoch   17280  HO=0.2092  meanSteps=   548.1  copy=0.863  A(t)=1933  sim=157.6s
epoch   17300  HO=0.2071  meanSteps=   561.5  copy=0.861  A(t)=1933  sim=157.8s
epoch   17320  HO=0.2112  meanSteps=   558.9  copy=0.862  A(t)=1933  sim=158.0s
epoch   17340  HO=0.2156  meanSteps=   560.8  copy=0.860  A(t)=1935  sim=158.1s
epoch   17360  HO=0.2143  meanSteps=   552.4  copy=0.860  A(t)=1937  sim=158.3s
epoch   17380  HO=0.2142  meanSteps=   554.5  copy=0.862  A(t)=1939  sim=158.5s
epoch   17400  HO=0.2136  meanSteps=   556.0  copy=0.861  A(t)=1939  sim=158.6s
epoch   17420  HO=0.2156  meanSteps=   561.5  copy=0.861  A(t)=1942  sim=158.8s
epoch   17440  HO=0.2214  meanSteps=   568.8  copy=0.863  A(t)=1944  sim=159.0s
epoch   17460  HO=0.2289  meanSteps=   575.2  copy=0.863  A(t)=1944  sim=159.1s
epoch   17480  HO=0.2273  meanSteps=   560.7  copy=0.866  A(t)=1946  sim=159.3s
epoch   17500  HO=0.2243  meanSteps=   561.8  copy=0.862  A(t)=1946  sim=159.5s
epoch   17520  HO=0.2276  meanSteps=   563.1  copy=0.864  A(t)=1950  sim=159.7s
epoch   17540  HO=0.2327  meanSteps=   558.7  copy=0.862  A(t)=1955  sim=159.8s
epoch   17560  HO=0.2328  meanSteps=   558.4  copy=0.863  A(t)=1957  sim=160.0s
epoch   17580  HO=0.2310  meanSteps=   556.9  copy=0.861  A(t)=1957  sim=160.2s
epoch   17600  HO=0.2306  meanSteps=   558.8  copy=0.860  A(t)=1959  sim=160.3s
epoch   17620  HO=0.2313  meanSteps=   570.9  copy=0.861  A(t)=1959  sim=160.5s
epoch   17640  HO=0.2331  meanSteps=   563.6  copy=0.857  A(t)=1959  sim=160.7s
epoch   17660  HO=0.2331  meanSteps=   564.4  copy=0.855  A(t)=1961  sim=160.8s
epoch   17680  HO=0.2315  meanSteps=   578.4  copy=0.855  A(t)=1963  sim=161.0s
epoch   17700  HO=0.2312  meanSteps=   571.1  copy=0.856  A(t)=1975  sim=161.2s
epoch   17720  HO=0.2361  meanSteps=   570.3  copy=0.852  A(t)=1977  sim=161.3s
epoch   17740  HO=0.2393  meanSteps=   564.8  copy=0.851  A(t)=1978  sim=161.5s
epoch   17760  HO=0.2410  meanSteps=   575.8  copy=0.848  A(t)=1978  sim=161.7s
epoch   17780  HO=0.2430  meanSteps=   571.9  copy=0.846  A(t)=1980  sim=161.9s
epoch   17800  HO=0.2472  meanSteps=   561.8  copy=0.846  A(t)=1984  sim=162.0s
epoch   17820  HO=0.2455  meanSteps=   559.3  copy=0.846  A(t)=1984  sim=162.2s
epoch   17840  HO=0.2527  meanSteps=   566.5  copy=0.845  A(t)=1987  sim=162.4s
epoch   17860  HO=0.2535  meanSteps=   566.4  copy=0.842  A(t)=1991  sim=162.5s
epoch   17880  HO=0.2573  meanSteps=   576.1  copy=0.839  A(t)=1995  sim=162.7s
epoch   17900  HO=0.2642  meanSteps=   576.3  copy=0.834  A(t)=2001  sim=162.9s
epoch   17920  HO=0.2631  meanSteps=   576.6  copy=0.833  A(t)=2001  sim=163.0s
epoch   17940  HO=0.2623  meanSteps=   574.4  copy=0.836  A(t)=2001  sim=163.2s
epoch   17960  HO=0.2650  meanSteps=   568.5  copy=0.840  A(t)=2003  sim=163.4s
epoch   17980  HO=0.2633  meanSteps=   572.2  copy=0.839  A(t)=2003  sim=163.6s
epoch   18000  HO=0.2639  meanSteps=   572.2  copy=0.840  A(t)=2003  sim=163.8s
epoch   18020  HO=0.2711  meanSteps=   562.6  copy=0.839  A(t)=2003  sim=163.9s
epoch   18040  HO=0.2724  meanSteps=   562.3  copy=0.839  A(t)=2003  sim=164.1s
epoch   18060  HO=0.2748  meanSteps=   572.6  copy=0.840  A(t)=2012  sim=164.3s
epoch   18080  HO=0.2780  meanSteps=   572.0  copy=0.838  A(t)=2018  sim=164.4s
epoch   18100  HO=0.2833  meanSteps=   576.4  copy=0.837  A(t)=2018  sim=164.6s
epoch   18120  HO=0.2800  meanSteps=   563.3  copy=0.834  A(t)=2018  sim=164.8s
epoch   18140  HO=0.2813  meanSteps=   558.0  copy=0.835  A(t)=2020  sim=164.9s
epoch   18160  HO=0.2828  meanSteps=   557.9  copy=0.829  A(t)=2022  sim=165.1s
epoch   18180  HO=0.2840  meanSteps=   557.4  copy=0.827  A(t)=2022  sim=165.3s
epoch   18200  HO=0.2810  meanSteps=   562.8  copy=0.825  A(t)=2022  sim=165.5s
epoch   18220  HO=0.2800  meanSteps=   569.1  copy=0.824  A(t)=2022  sim=165.7s
epoch   18240  HO=0.2825  meanSteps=   573.2  copy=0.827  A(t)=2027  sim=165.8s
epoch   18260  HO=0.2816  meanSteps=   576.2  copy=0.829  A(t)=2027  sim=166.0s
epoch   18280  HO=0.2755  meanSteps=   582.7  copy=0.828  A(t)=2029  sim=166.2s
epoch   18300  HO=0.2776  meanSteps=   581.0  copy=0.831  A(t)=2032  sim=166.3s
epoch   18320  HO=0.2822  meanSteps=   588.7  copy=0.830  A(t)=2032  sim=166.5s
epoch   18340  HO=0.2820  meanSteps=   599.7  copy=0.833  A(t)=2032  sim=166.7s
epoch   18360  HO=0.2778  meanSteps=   601.4  copy=0.830  A(t)=2032  sim=166.8s
epoch   18380  HO=0.2778  meanSteps=   605.8  copy=0.827  A(t)=2037  sim=167.0s
epoch   18400  HO=0.2801  meanSteps=   602.2  copy=0.827  A(t)=2037  sim=167.2s
epoch   18420  HO=0.2855  meanSteps=   581.5  copy=0.825  A(t)=2040  sim=167.3s
epoch   18440  HO=0.2860  meanSteps=   594.9  copy=0.823  A(t)=2040  sim=167.5s
epoch   18460  HO=0.2896  meanSteps=   599.4  copy=0.822  A(t)=2043  sim=167.7s
epoch   18480  HO=0.2902  meanSteps=   589.4  copy=0.823  A(t)=2043  sim=167.8s
epoch   18500  HO=0.2954  meanSteps=   592.9  copy=0.826  A(t)=2047  sim=168.0s
epoch   18520  HO=0.2932  meanSteps=   596.6  copy=0.824  A(t)=2047  sim=168.2s
epoch   18540  HO=0.2886  meanSteps=   594.6  copy=0.822  A(t)=2047  sim=168.4s
epoch   18560  HO=0.2890  meanSteps=   589.3  copy=0.820  A(t)=2047  sim=168.5s
epoch   18580  HO=0.2946  meanSteps=   600.1  copy=0.818  A(t)=2054  sim=168.7s
epoch   18600  HO=0.2978  meanSteps=   593.2  copy=0.816  A(t)=2054  sim=168.9s
epoch   18620  HO=0.3065  meanSteps=   597.1  copy=0.818  A(t)=2054  sim=169.1s
epoch   18640  HO=0.3083  meanSteps=   592.2  copy=0.818  A(t)=2058  sim=169.3s
epoch   18660  HO=0.3096  meanSteps=   601.9  copy=0.818  A(t)=2058  sim=169.5s
epoch   18680  HO=0.3148  meanSteps=   599.6  copy=0.818  A(t)=2064  sim=169.7s
epoch   18700  HO=0.3152  meanSteps=   595.6  copy=0.819  A(t)=2070  sim=169.8s
epoch   18720  HO=0.3161  meanSteps=   589.3  copy=0.822  A(t)=2070  sim=170.0s
epoch   18740  HO=0.3178  meanSteps=   598.4  copy=0.823  A(t)=2071  sim=170.2s
epoch   18760  HO=0.3202  meanSteps=   595.9  copy=0.821  A(t)=2076  sim=170.4s
epoch   18780  HO=0.3223  meanSteps=   597.4  copy=0.818  A(t)=2080  sim=170.6s
epoch   18800  HO=0.3285  meanSteps=   602.5  copy=0.822  A(t)=2086  sim=170.8s
epoch   18820  HO=0.3280  meanSteps=   594.7  copy=0.820  A(t)=2091  sim=171.0s
epoch   18840  HO=0.3245  meanSteps=   600.4  copy=0.819  A(t)=2093  sim=171.1s
epoch   18860  HO=0.3226  meanSteps=   599.4  copy=0.818  A(t)=2095  sim=171.3s
epoch   18880  HO=0.3177  meanSteps=   604.5  copy=0.820  A(t)=2095  sim=171.5s
epoch   18900  HO=0.3175  meanSteps=   609.6  copy=0.818  A(t)=2097  sim=171.6s
epoch   18920  HO=0.3206  meanSteps=   610.5  copy=0.818  A(t)=2099  sim=171.8s
epoch   18940  HO=0.3238  meanSteps=   614.2  copy=0.822  A(t)=2099  sim=172.0s
epoch   18960  HO=0.3283  meanSteps=   600.6  copy=0.823  A(t)=2099  sim=172.2s
epoch   18980  HO=0.3296  meanSteps=   599.5  copy=0.830  A(t)=2099  sim=172.3s
epoch   19000  HO=0.3299  meanSteps=   598.1  copy=0.828  A(t)=2099  sim=172.5s
epoch   19020  HO=0.3303  meanSteps=   594.8  copy=0.830  A(t)=2101  sim=172.7s
epoch   19040  HO=0.3250  meanSteps=   594.0  copy=0.831  A(t)=2103  sim=172.9s
epoch   19060  HO=0.3239  meanSteps=   599.6  copy=0.835  A(t)=2105  sim=173.0s
epoch   19080  HO=0.3212  meanSteps=   602.8  copy=0.832  A(t)=2107  sim=173.2s
epoch   19100  HO=0.3161  meanSteps=   601.9  copy=0.831  A(t)=2109  sim=173.4s
epoch   19120  HO=0.3195  meanSteps=   610.3  copy=0.829  A(t)=2112  sim=173.5s
epoch   19140  HO=0.3220  meanSteps=   612.1  copy=0.829  A(t)=2116  sim=173.7s
epoch   19160  HO=0.3239  meanSteps=   613.8  copy=0.833  A(t)=2123  sim=173.9s
epoch   19180  HO=0.3249  meanSteps=   605.3  copy=0.835  A(t)=2126  sim=174.1s
epoch   19200  HO=0.3244  meanSteps=   615.2  copy=0.837  A(t)=2132  sim=174.2s
epoch   19220  HO=0.3195  meanSteps=   614.5  copy=0.835  A(t)=2138  sim=174.4s
epoch   19240  HO=0.3252  meanSteps=   616.3  copy=0.837  A(t)=2138  sim=174.6s
epoch   19260  HO=0.3231  meanSteps=   604.4  copy=0.838  A(t)=2140  sim=174.7s
epoch   19280  HO=0.3255  meanSteps=   599.6  copy=0.836  A(t)=2143  sim=174.9s
epoch   19300  HO=0.3267  meanSteps=   601.0  copy=0.839  A(t)=2143  sim=175.1s
epoch   19320  HO=0.3202  meanSteps=   600.6  copy=0.839  A(t)=2154  sim=175.3s
epoch   19340  HO=0.3139  meanSteps=   596.7  copy=0.839  A(t)=2156  sim=175.4s
epoch   19360  HO=0.3114  meanSteps=   596.6  copy=0.840  A(t)=2165  sim=175.6s
epoch   19380  HO=0.3079  meanSteps=   610.0  copy=0.842  A(t)=2167  sim=175.8s
epoch   19400  HO=0.3022  meanSteps=   622.8  copy=0.840  A(t)=2170  sim=176.0s
epoch   19420  HO=0.2963  meanSteps=   627.6  copy=0.840  A(t)=2172  sim=176.1s
epoch   19440  HO=0.3002  meanSteps=   637.5  copy=0.839  A(t)=2174  sim=176.3s
epoch   19460  HO=0.3042  meanSteps=   644.2  copy=0.837  A(t)=2174  sim=176.5s
epoch   19480  HO=0.3038  meanSteps=   640.9  copy=0.836  A(t)=2174  sim=176.7s
epoch   19500  HO=0.3102  meanSteps=   647.7  copy=0.835  A(t)=2174  sim=176.8s
epoch   19520  HO=0.3099  meanSteps=   646.6  copy=0.838  A(t)=2178  sim=177.0s
epoch   19540  HO=0.3055  meanSteps=   646.4  copy=0.834  A(t)=2181  sim=177.2s
epoch   19560  HO=0.3109  meanSteps=   646.8  copy=0.836  A(t)=2183  sim=177.4s
epoch   19580  HO=0.3121  meanSteps=   642.9  copy=0.837  A(t)=2187  sim=177.6s
epoch   19600  HO=0.3119  meanSteps=   645.4  copy=0.836  A(t)=2192  sim=177.7s
epoch   19620  HO=0.3118  meanSteps=   645.8  copy=0.836  A(t)=2192  sim=177.9s
epoch   19640  HO=0.3132  meanSteps=   641.6  copy=0.836  A(t)=2196  sim=178.1s
epoch   19660  HO=0.3158  meanSteps=   647.9  copy=0.834  A(t)=2198  sim=178.3s
epoch   19680  HO=0.3186  meanSteps=   646.4  copy=0.838  A(t)=2198  sim=178.4s
epoch   19700  HO=0.3293  meanSteps=   644.8  copy=0.834  A(t)=2200  sim=178.6s
epoch   19720  HO=0.3265  meanSteps=   639.5  copy=0.836  A(t)=2201  sim=178.8s
epoch   19740  HO=0.3246  meanSteps=   645.8  copy=0.838  A(t)=2201  sim=179.0s
epoch   19760  HO=0.3227  meanSteps=   644.6  copy=0.840  A(t)=2205  sim=179.2s
epoch   19780  HO=0.3254  meanSteps=   633.2  copy=0.838  A(t)=2206  sim=179.4s
epoch   19800  HO=0.3209  meanSteps=   640.5  copy=0.841  A(t)=2206  sim=179.6s
epoch   19820  HO=0.3203  meanSteps=   649.7  copy=0.839  A(t)=2206  sim=179.8s
epoch   19840  HO=0.3246  meanSteps=   655.2  copy=0.840  A(t)=2209  sim=179.9s
epoch   19860  HO=0.3286  meanSteps=   671.7  copy=0.841  A(t)=2215  sim=180.1s
epoch   19880  HO=0.3314  meanSteps=   689.0  copy=0.844  A(t)=2215  sim=180.3s
epoch   19900  HO=0.3348  meanSteps=   691.4  copy=0.845  A(t)=2220  sim=180.5s
epoch   19920  HO=0.3394  meanSteps=   697.2  copy=0.844  A(t)=2220  sim=180.7s
epoch   19940  HO=0.3407  meanSteps=   700.2  copy=0.846  A(t)=2220  sim=180.9s
epoch   19960  HO=0.3374  meanSteps=   697.2  copy=0.843  A(t)=2224  sim=181.1s
epoch   19980  HO=0.3374  meanSteps=   703.9  copy=0.843  A(t)=2227  sim=181.3s
epoch   20000  HO=0.3410  meanSteps=   705.8  copy=0.840  A(t)=2229  sim=181.4s
done: 20000 epochs in 358.8s wall (181.4s simulating), runs/bff_n8192_s1
