epoch       0  HO=-0.0005  meanSteps=     0.0  copy=0.000  A(t)=0  sim=0.0s
epoch      50  HO=-0.0007  meanSteps=   643.6  copy=0.511  A(t)=0  sim=0.9s
epoch     100  HO=-0.0011  meanSteps=   648.1  copy=0.494  A(t)=0  sim=1.7s
epoch     150  HO=-0.0015  meanSteps=   659.3  copy=0.480  A(t)=0  sim=2.2s
epoch     200  HO=-0.0018  meanSteps=   671.7  copy=0.473  A(t)=0  sim=2.9s
epoch     250  HO=-0.0023  meanSteps=   667.8  copy=0.466  A(t)=0  sim=3.7s
epoch     300  HO=-0.0028  meanSteps=   669.3  copy=0.462  A(t)=26  sim=4.7s
epoch     350  HO=-0.0033  meanSteps=   663.5  copy=0.459  A(t)=28  sim=5.4s
epoch     400  HO=-0.0038  meanSteps=   664.7  copy=0.460  A(t)=31  sim=6.2s
epoch     450  HO=-0.0043  meanSteps=   666.2  copy=0.455  A(t)=35  sim=7.0s
epoch     500  HO=-0.0046  meanSteps=   662.0  copy=0.454  A(t)=37  sim=7.7s
epoch     550  HO=-0.0047  meanSteps=   653.5  copy=0.451  A(t)=41  sim=8.5s
epoch     600  HO=-0.0049  meanSteps=   654.8  copy=0.448  A(t)=42  sim=9.3s
epoch     650  HO=-0.0051  meanSteps=   648.4  copy=0.449  A(t)=49  sim=10.0s
epoch     700  HO=-0.0053  meanSteps=   636.7  copy=0.450  A(t)=49  sim=10.7s
epoch     750  HO=-0.0055  meanSteps=   651.6  copy=0.448  A(t)=52  sim=11.5s
epoch     800  HO=-0.0056  meanSteps=   647.4  copy=0.444  A(t)=56  sim=12.3s
epoch     850  HO=-0.0058  meanSteps=   647.0  copy=0.444  A(t)=60  sim=12.9s
epoch     900  HO=-0.0059  meanSteps=   646.8  copy=0.442  A(t)=64  sim=13.8s
epoch     950  HO=-0.0061  meanSteps=   640.9  copy=0.444  A(t)=64  sim=14.4s
epoch    1000  HO=-0.0061  meanSteps=   649.7  copy=0.441  A(t)=66  sim=15.4s
epoch    1050  HO=-0.0061  meanSteps=   651.2  copy=0.439  A(t)=66  sim=16.4s
epoch    1100  HO=-0.0062  meanSteps=   644.0  copy=0.435  A(t)=71  sim=17.1s
epoch    1150  HO=-0.0065  meanSteps=   646.6  copy=0.439  A(t)=72  sim=17.9s
epoch    1200  HO=-0.0067  meanSteps=   640.3  copy=0.437  A(t)=75  sim=18.6s
epoch    1250  HO=-0.0069  meanSteps=   646.5  copy=0.436  A(t)=76  sim=19.3s
epoch    1300  HO=-0.0070  meanSteps=   636.6  copy=0.433  A(t)=77  sim=20.1s
epoch    1350  HO=-0.0072  meanSteps=   652.9  copy=0.435  A(t)=79  sim=20.9s
epoch    1400  HO=-0.0074  meanSteps=   660.4  copy=0.432  A(t)=81  sim=21.6s
epoch    1450  HO=-0.0076  meanSteps=   654.2  copy=0.429  A(t)=87  sim=22.2s
epoch    1500  HO=-0.0078  meanSteps=   655.0  copy=0.427  A(t)=89  sim=23.0s
epoch    1550  HO=-0.0079  meanSteps=   645.9  copy=0.427  A(t)=90  sim=23.6s
epoch    1600  HO=-0.0081  meanSteps=   635.8  copy=0.425  A(t)=90  sim=24.3s
epoch    1650  HO=0.0489  meanSteps=   640.1  copy=0.424  A(t)=91  sim=25.2s
epoch    1700  HO=0.0486  meanSteps=   651.2  copy=0.426  A(t)=94  sim=26.4s
epoch    1750  HO=0.0467  meanSteps=   645.7  copy=0.423  A(t)=97  sim=27.3s
epoch    1800  HO=0.0473  meanSteps=   647.9  copy=0.422  A(t)=98  sim=28.2s
epoch    1850  HO=0.0467  meanSteps=   658.5  copy=0.423  A(t)=100  sim=29.1s
epoch    1900  HO=-0.0087  meanSteps=   648.6  copy=0.421  A(t)=101  sim=29.9s
epoch    1950  HO=-0.0087  meanSteps=   658.4  copy=0.420  A(t)=101  sim=30.5s
epoch    2000  HO=0.0448  meanSteps=   653.6  copy=0.422  A(t)=101  sim=31.2s
epoch    2050  HO=0.0447  meanSteps=   646.6  copy=0.421  A(t)=102  sim=32.0s
epoch    2100  HO=-0.0087  meanSteps=   642.4  copy=0.421  A(t)=105  sim=32.6s
epoch    2150  HO=-0.0088  meanSteps=   654.1  copy=0.423  A(t)=106  sim=33.2s
epoch    2200  HO=0.0454  meanSteps=   641.4  copy=0.425  A(t)=109  sim=34.1s
epoch    2250  HO=0.0451  meanSteps=   639.0  copy=0.423  A(t)=110  sim=34.8s
epoch    2300  HO=0.0448  meanSteps=   634.2  copy=0.419  A(t)=111  sim=35.6s
epoch    2350  HO=0.0454  meanSteps=   626.8  copy=0.417  A(t)=113  sim=36.4s
epoch    2400  HO=0.0455  meanSteps=   620.8  copy=0.416  A(t)=116  sim=37.2s
epoch    2450  HO=0.0454  meanSteps=   629.0  copy=0.415  A(t)=116  sim=38.0s
epoch    2500  HO=0.0455  meanSteps=   631.0  copy=0.417  A(t)=116  sim=38.8s
epoch    2550  HO=0.0450  meanSteps=   625.3  copy=0.415  A(t)=116  sim=39.7s
epoch    2600  HO=0.0478  meanSteps=   631.3  copy=0.414  A(t)=117  sim=40.5s
epoch    2650  HO=0.0453  meanSteps=   627.4  copy=0.414  A(t)=118  sim=41.3s
epoch    2700  HO=0.0471  meanSteps=   623.0  copy=0.415  A(t)=123  sim=42.0s
epoch    2750  HO=0.0476  meanSteps=   628.3  copy=0.415  A(t)=123  sim=43.0s
epoch    2800  HO=0.0484  meanSteps=   645.3  copy=0.413  A(t)=123  sim=43.7s
epoch    2850  HO=0.0495  meanSteps=   632.8  copy=0.413  A(t)=124  sim=44.5s
epoch    2900  HO=0.0481  meanSteps=   624.7  copy=0.409  A(t)=125  sim=45.3s
epoch    2950  HO=0.0465  meanSteps=   618.9  copy=0.411  A(t)=126  sim=45.9s
epoch    3000  HO=0.0465  meanSteps=   611.6  copy=0.410  A(t)=128  sim=46.8s
epoch    3050  HO=0.0473  meanSteps=   611.1  copy=0.409  A(t)=128  sim=47.6s
epoch    3100  HO=0.0472  meanSteps=   608.9  copy=0.411  A(t)=130  sim=48.5s
epoch    3150  HO=0.0458  meanSteps=   595.8  copy=0.411  A(t)=130  sim=49.3s
epoch    3200  HO=0.0429  meanSteps=   607.6  copy=0.410  A(t)=130  sim=50.1s
epoch    3250  HO=0.0440  meanSteps=   619.1  copy=0.410  A(t)=131  sim=50.7s
epoch    3300  HO=0.0432  meanSteps=   619.4  copy=0.409  A(t)=132  sim=51.4s
epoch    3350  HO=0.0413  meanSteps=   616.8  copy=0.408  A(t)=132  sim=52.1s
epoch    3400  HO=0.0432  meanSteps=   609.4  copy=0.408  A(t)=132  sim=52.9s
epoch    3450  HO=0.0419  meanSteps=   617.4  copy=0.408  A(t)=132  sim=53.8s
epoch    3500  HO=0.0406  meanSteps=   620.7  copy=0.408  A(t)=132  sim=54.5s
epoch    3550  HO=-0.0122  meanSteps=   629.0  copy=0.412  A(t)=134  sim=55.1s
epoch    3600  HO=-0.0124  meanSteps=   625.9  copy=0.412  A(t)=136  sim=56.0s
epoch    3650  HO=-0.0125  meanSteps=   617.1  copy=0.415  A(t)=137  sim=56.9s
epoch    3700  HO=0.0395  meanSteps=   617.5  copy=0.413  A(t)=137  sim=57.7s
epoch    3750  HO=0.0433  meanSteps=   618.9  copy=0.408  A(t)=137  sim=58.6s
epoch    3800  HO=0.0417  meanSteps=   619.1  copy=0.408  A(t)=137  sim=59.5s
epoch    3850  HO=0.0438  meanSteps=   623.8  copy=0.408  A(t)=137  sim=60.2s
epoch    3900  HO=0.0422  meanSteps=   629.8  copy=0.405  A(t)=138  sim=60.9s
epoch    3950  HO=0.0449  meanSteps=   635.8  copy=0.408  A(t)=140  sim=61.9s
epoch    4000  HO=0.0478  meanSteps=   632.4  copy=0.410  A(t)=141  sim=62.7s
epoch    4050  HO=0.0459  meanSteps=   621.4  copy=0.409  A(t)=141  sim=63.4s
epoch    4100  HO=0.0435  meanSteps=   618.4  copy=0.408  A(t)=141  sim=64.2s
epoch    4150  HO=0.0454  meanSteps=   615.9  copy=0.410  A(t)=141  sim=64.9s
epoch    4200  HO=0.0469  meanSteps=   614.0  copy=0.409  A(t)=141  sim=65.7s
epoch    4250  HO=0.0472  meanSteps=   618.4  copy=0.404  A(t)=142  sim=66.4s
epoch    4300  HO=0.0472  meanSteps=   609.8  copy=0.406  A(t)=142  sim=67.2s
epoch    4350  HO=0.0468  meanSteps=   622.9  copy=0.406  A(t)=143  sim=67.9s
epoch    4400  HO=0.0432  meanSteps=   615.0  copy=0.405  A(t)=144  sim=68.6s
epoch    4450  HO=0.0428  meanSteps=   607.5  copy=0.407  A(t)=150  sim=69.2s
epoch    4500  HO=0.0418  meanSteps=   610.6  copy=0.405  A(t)=150  sim=69.9s
epoch    4550  HO=0.0414  meanSteps=   605.5  copy=0.407  A(t)=150  sim=70.8s
epoch    4600  HO=0.0417  meanSteps=   591.2  copy=0.404  A(t)=151  sim=71.7s
epoch    4650  HO=0.0433  meanSteps=   608.1  copy=0.404  A(t)=151  sim=72.3s
epoch    4700  HO=0.0435  meanSteps=   612.6  copy=0.404  A(t)=151  sim=72.9s
epoch    4750  HO=0.0439  meanSteps=   604.8  copy=0.405  A(t)=152  sim=73.6s
epoch    4800  HO=0.0406  meanSteps=   601.2  copy=0.404  A(t)=152  sim=74.5s
epoch    4850  HO=0.0410  meanSteps=   602.5  copy=0.408  A(t)=157  sim=75.5s
epoch    4900  HO=0.0441  meanSteps=   598.6  copy=0.407  A(t)=158  sim=76.0s
epoch    4950  HO=0.0432  meanSteps=   605.3  copy=0.406  A(t)=159  sim=76.7s
epoch    5000  HO=0.0449  meanSteps=   607.8  copy=0.409  A(t)=159  sim=77.6s
epoch    5050  HO=0.0432  meanSteps=   592.9  copy=0.409  A(t)=159  sim=78.2s
epoch    5100  HO=0.0420  meanSteps=   591.4  copy=0.406  A(t)=159  sim=78.8s
epoch    5150  HO=0.0419  meanSteps=   578.9  copy=0.411  A(t)=159  sim=79.5s
epoch    5200  HO=0.0411  meanSteps=   585.1  copy=0.409  A(t)=161  sim=80.3s
epoch    5250  HO=0.0386  meanSteps=   584.6  copy=0.410  A(t)=163  sim=81.1s
epoch    5300  HO=0.0382  meanSteps=   587.3  copy=0.408  A(t)=163  sim=81.7s
epoch    5350  HO=0.0444  meanSteps=   579.8  copy=0.410  A(t)=164  sim=82.4s
epoch    5400  HO=0.0429  meanSteps=   593.1  copy=0.412  A(t)=164  sim=83.0s
epoch    5450  HO=0.0416  meanSteps=   580.1  copy=0.411  A(t)=165  sim=83.8s
epoch    5500  HO=0.0411  meanSteps=   579.9  copy=0.409  A(t)=165  sim=84.6s
epoch    5550  HO=0.0406  meanSteps=   588.0  copy=0.409  A(t)=166  sim=85.3s
epoch    5600  HO=0.0413  meanSteps=   586.8  copy=0.409  A(t)=166  sim=86.1s
epoch    5650  HO=0.0423  meanSteps=   587.9  copy=0.410  A(t)=167  sim=86.7s
epoch    5700  HO=0.0405  meanSteps=   586.4  copy=0.410  A(t)=167  sim=87.3s
epoch    5750  HO=0.0401  meanSteps=   596.4  copy=0.409  A(t)=167  sim=87.9s
epoch    5800  HO=0.0416  meanSteps=   593.6  copy=0.406  A(t)=168  sim=88.6s
epoch    5850  HO=0.0389  meanSteps=   581.1  copy=0.406  A(t)=168  sim=89.4s
epoch    5900  HO=0.0382  meanSteps=   570.1  copy=0.406  A(t)=169  sim=90.1s
epoch    5950  HO=-0.0163  meanSteps=   578.3  copy=0.407  A(t)=169  sim=90.8s
epoch    6000  HO=-0.0164  meanSteps=   582.0  copy=0.409  A(t)=169  sim=91.4s
epoch    6050  HO=-0.0164  meanSteps=   576.4  copy=0.408  A(t)=171  sim=92.0s
epoch    6100  HO=-0.0165  meanSteps=   569.9  copy=0.405  A(t)=171  sim=92.7s
epoch    6150  HO=0.0371  meanSteps=   568.6  copy=0.407  A(t)=171  sim=93.4s
epoch    6200  HO=0.0395  meanSteps=   567.1  copy=0.409  A(t)=171  sim=94.0s
epoch    6250  HO=-0.0170  meanSteps=   565.1  copy=0.408  A(t)=172  sim=94.6s
epoch    6300  HO=0.0379  meanSteps=   567.3  copy=0.406  A(t)=173  sim=95.3s
epoch    6350  HO=0.0400  meanSteps=   573.2  copy=0.406  A(t)=174  sim=96.1s
epoch    6400  HO=0.0393  meanSteps=   563.9  copy=0.406  A(t)=174  sim=96.9s
epoch    6450  HO=0.0410  meanSteps=   556.3  copy=0.406  A(t)=175  sim=97.4s
epoch    6500  HO=0.0409  meanSteps=   560.6  copy=0.408  A(t)=175  sim=98.1s
epoch    6550  HO=0.0405  meanSteps=   555.5  copy=0.407  A(t)=176  sim=98.8s
epoch    6600  HO=-0.0166  meanSteps=   562.8  copy=0.405  A(t)=176  sim=99.5s
epoch    6650  HO=0.0391  meanSteps=   565.5  copy=0.404  A(t)=176  sim=100.1s
epoch    6700  HO=-0.0168  meanSteps=   565.5  copy=0.407  A(t)=176  sim=100.7s
epoch    6750  HO=0.0411  meanSteps=   561.8  copy=0.406  A(t)=177  sim=101.5s
epoch    6800  HO=0.0414  meanSteps=   552.2  copy=0.403  A(t)=177  sim=102.4s
epoch    6850  HO=0.0441  meanSteps=   550.2  copy=0.405  A(t)=177  sim=103.2s
epoch    6900  HO=0.0404  meanSteps=   558.7  copy=0.403  A(t)=177  sim=104.0s
epoch    6950  HO=0.0395  meanSteps=   561.4  copy=0.407  A(t)=178  sim=104.7s
epoch    7000  HO=0.0393  meanSteps=   550.7  copy=0.406  A(t)=178  sim=105.5s
epoch    7050  HO=0.0378  meanSteps=   557.8  copy=0.402  A(t)=179  sim=106.1s
epoch    7100  HO=-0.0168  meanSteps=   561.0  copy=0.402  A(t)=179  sim=106.9s
epoch    7150  HO=-0.0168  meanSteps=   569.2  copy=0.402  A(t)=179  sim=107.6s
epoch    7200  HO=0.0393  meanSteps=   557.1  copy=0.399  A(t)=181  sim=108.3s
epoch    7250  HO=0.0398  meanSteps=   561.6  copy=0.398  A(t)=182  sim=109.2s
epoch    7300  HO=0.0378  meanSteps=   559.1  copy=0.398  A(t)=183  sim=109.9s
epoch    7350  HO=0.0400  meanSteps=   566.2  copy=0.398  A(t)=184  sim=110.4s
epoch    7400  HO=0.0419  meanSteps=   571.2  copy=0.396  A(t)=184  sim=111.1s
epoch    7450  HO=0.0412  meanSteps=   569.4  copy=0.396  A(t)=184  sim=111.8s
epoch    7500  HO=0.0409  meanSteps=   564.4  copy=0.395  A(t)=184  sim=112.4s
epoch    7550  HO=0.0407  meanSteps=   566.4  copy=0.397  A(t)=185  sim=113.0s
epoch    7600  HO=0.0399  meanSteps=   561.9  copy=0.396  A(t)=187  sim=113.8s
epoch    7650  HO=0.0426  meanSteps=   560.2  copy=0.398  A(t)=187  sim=114.6s
epoch    7700  HO=0.0434  meanSteps=   567.2  copy=0.397  A(t)=187  sim=115.2s
epoch    7750  HO=0.0426  meanSteps=   560.9  copy=0.394  A(t)=187  sim=115.9s
epoch    7800  HO=0.0421  meanSteps=   551.9  copy=0.395  A(t)=187  sim=116.5s
epoch    7850  HO=0.0458  meanSteps=   558.4  copy=0.398  A(t)=187  sim=117.1s
epoch    7900  HO=0.0466  meanSteps=   561.5  copy=0.396  A(t)=187  sim=117.9s
epoch    7950  HO=0.0489  meanSteps=   578.2  copy=0.398  A(t)=187  sim=118.6s
epoch    8000  HO=0.0498  meanSteps=   567.2  copy=0.397  A(t)=187  sim=119.5s
epoch    8050  HO=0.0485  meanSteps=   582.8  copy=0.394  A(t)=190  sim=120.2s
epoch    8100  HO=0.0469  meanSteps=   599.3  copy=0.393  A(t)=190  sim=120.9s
epoch    8150  HO=0.0480  meanSteps=   598.2  copy=0.391  A(t)=190  sim=121.7s
epoch    8200  HO=0.0456  meanSteps=   597.9  copy=0.392  A(t)=190  sim=122.3s
epoch    8250  HO=0.0463  meanSteps=   596.4  copy=0.389  A(t)=193  sim=123.0s
epoch    8300  HO=0.0423  meanSteps=   604.0  copy=0.389  A(t)=193  sim=123.6s
epoch    8350  HO=0.0432  meanSteps=   599.6  copy=0.392  A(t)=195  sim=124.4s
epoch    8400  HO=0.0424  meanSteps=   597.2  copy=0.391  A(t)=196  sim=125.1s
epoch    8450  HO=0.0432  meanSteps=   592.1  copy=0.389  A(t)=197  sim=125.7s
epoch    8500  HO=0.0442  meanSteps=   595.0  copy=0.392  A(t)=198  sim=126.3s
epoch    8550  HO=0.0429  meanSteps=   593.4  copy=0.391  A(t)=199  sim=127.1s
epoch    8600  HO=0.0398  meanSteps=   588.6  copy=0.386  A(t)=199  sim=127.9s
epoch    8650  HO=0.0384  meanSteps=   587.3  copy=0.389  A(t)=199  sim=128.8s
epoch    8700  HO=0.0382  meanSteps=   576.9  copy=0.392  A(t)=199  sim=129.5s
epoch    8750  HO=0.0390  meanSteps=   572.3  copy=0.390  A(t)=199  sim=130.1s
epoch    8800  HO=0.0364  meanSteps=   582.2  copy=0.391  A(t)=201  sim=131.0s
epoch    8850  HO=0.0352  meanSteps=   580.2  copy=0.392  A(t)=201  sim=131.8s
epoch    8900  HO=-0.0178  meanSteps=   577.9  copy=0.391  A(t)=201  sim=132.5s
epoch    8950  HO=0.0355  meanSteps=   574.7  copy=0.390  A(t)=201  sim=133.2s
epoch    9000  HO=-0.0176  meanSteps=   569.2  copy=0.389  A(t)=201  sim=133.8s
epoch    9050  HO=0.0353  meanSteps=   574.3  copy=0.385  A(t)=201  sim=134.5s
epoch    9100  HO=-0.0177  meanSteps=   575.8  copy=0.383  A(t)=201  sim=135.2s
epoch    9150  HO=-0.0177  meanSteps=   568.4  copy=0.383  A(t)=202  sim=135.8s
epoch    9200  HO=-0.0177  meanSteps=   569.2  copy=0.383  A(t)=203  sim=136.5s
epoch    9250  HO=-0.0177  meanSteps=   568.6  copy=0.381  A(t)=204  sim=137.2s
epoch    9300  HO=-0.0176  meanSteps=   560.0  copy=0.380  A(t)=206  sim=137.9s
epoch    9350  HO=-0.0177  meanSteps=   559.2  copy=0.380  A(t)=206  sim=138.6s
epoch    9400  HO=-0.0177  meanSteps=   563.3  copy=0.384  A(t)=206  sim=139.4s
epoch    9450  HO=-0.0178  meanSteps=   573.9  copy=0.382  A(t)=207  sim=140.0s
epoch    9500  HO=0.0374  meanSteps=   570.5  copy=0.385  A(t)=207  sim=140.8s
epoch    9550  HO=0.0406  meanSteps=   569.9  copy=0.384  A(t)=207  sim=141.5s
epoch    9600  HO=0.0405  meanSteps=   570.6  copy=0.387  A(t)=208  sim=142.2s
epoch    9650  HO=0.0392  meanSteps=   584.7  copy=0.382  A(t)=208  sim=142.9s
epoch    9700  HO=0.0402  meanSteps=   582.6  copy=0.383  A(t)=208  sim=143.6s
epoch    9750  HO=-0.0187  meanSteps=   575.9  copy=0.383  A(t)=208  sim=144.4s
epoch    9800  HO=0.0393  meanSteps=   587.9  copy=0.385  A(t)=210  sim=145.1s
epoch    9850  HO=0.0414  meanSteps=   583.6  copy=0.387  A(t)=210  sim=145.7s
epoch    9900  HO=0.0372  meanSteps=   578.9  copy=0.387  A(t)=211  sim=146.3s
epoch    9950  HO=-0.0186  meanSteps=   575.6  copy=0.386  A(t)=211  sim=147.1s
epoch   10000  HO=0.0379  meanSteps=   581.5  copy=0.386  A(t)=211  sim=147.9s
epoch   10050  HO=0.0367  meanSteps=   582.9  copy=0.387  A(t)=212  sim=148.5s
epoch   10100  HO=0.0378  meanSteps=   585.8  copy=0.388  A(t)=213  sim=149.3s
epoch   10150  HO=-0.0183  meanSteps=   590.2  copy=0.388  A(t)=213  sim=150.0s
epoch   10200  HO=-0.0184  meanSteps=   594.1  copy=0.389  A(t)=214  sim=150.7s
epoch   10250  HO=0.0364  meanSteps=   589.5  copy=0.391  A(t)=215  sim=151.4s
epoch   10300  HO=-0.0183  meanSteps=   585.4  copy=0.388  A(t)=215  sim=152.0s
epoch   10350  HO=-0.0184  meanSteps=   590.5  copy=0.391  A(t)=216  sim=152.7s
epoch   10400  HO=-0.0188  meanSteps=   593.0  copy=0.393  A(t)=216  sim=153.5s
epoch   10450  HO=-0.0190  meanSteps=   586.0  copy=0.389  A(t)=216  sim=154.3s
epoch   10500  HO=0.0402  meanSteps=   596.1  copy=0.390  A(t)=216  sim=155.0s
epoch   10550  HO=0.0377  meanSteps=   584.0  copy=0.389  A(t)=217  sim=155.8s
epoch   10600  HO=0.0388  meanSteps=   582.6  copy=0.390  A(t)=217  sim=156.4s
epoch   10650  HO=0.0382  meanSteps=   601.8  copy=0.388  A(t)=217  sim=157.1s
epoch   10700  HO=0.0377  meanSteps=   607.7  copy=0.385  A(t)=217  sim=157.7s
epoch   10750  HO=0.0367  meanSteps=   598.0  copy=0.388  A(t)=217  sim=158.3s
epoch   10800  HO=0.0374  meanSteps=   588.5  copy=0.388  A(t)=217  sim=158.9s
epoch   10850  HO=0.0380  meanSteps=   596.7  copy=0.388  A(t)=218  sim=159.5s
epoch   10900  HO=0.0371  meanSteps=   593.0  copy=0.390  A(t)=219  sim=160.4s
epoch   10950  HO=0.0407  meanSteps=   584.5  copy=0.393  A(t)=219  sim=161.1s
epoch   11000  HO=0.0425  meanSteps=   593.0  copy=0.394  A(t)=220  sim=161.9s
epoch   11050  HO=0.0403  meanSteps=   587.2  copy=0.393  A(t)=220  sim=162.6s
epoch   11100  HO=0.0428  meanSteps=   582.8  copy=0.392  A(t)=221  sim=163.3s
epoch   11150  HO=0.0415  meanSteps=   587.5  copy=0.391  A(t)=221  sim=164.1s
epoch   11200  HO=0.0392  meanSteps=   593.5  copy=0.390  A(t)=222  sim=164.8s
epoch   11250  HO=0.0404  meanSteps=   588.5  copy=0.390  A(t)=223  sim=165.5s
epoch   11300  HO=0.0421  meanSteps=   598.9  copy=0.387  A(t)=223  sim=166.3s
epoch   11350  HO=0.0419  meanSteps=   595.0  copy=0.387  A(t)=225  sim=166.8s
epoch   11400  HO=0.0421  meanSteps=   599.2  copy=0.387  A(t)=225  sim=167.4s
epoch   11450  HO=0.0398  meanSteps=   581.1  copy=0.388  A(t)=225  sim=168.1s
epoch   11500  HO=0.0394  meanSteps=   593.5  copy=0.390  A(t)=225  sim=168.8s
epoch   11550  HO=0.0395  meanSteps=   592.4  copy=0.386  A(t)=225  sim=169.5s
epoch   11600  HO=0.0404  meanSteps=   595.3  copy=0.390  A(t)=225  sim=170.3s
epoch   11650  HO=0.0425  meanSteps=   587.6  copy=0.389  A(t)=226  sim=171.0s
epoch   11700  HO=0.0442  meanSteps=   592.1  copy=0.390  A(t)=226  sim=171.8s
epoch   11750  HO=0.0435  meanSteps=   595.9  copy=0.394  A(t)=226  sim=172.6s
epoch   11800  HO=0.0420  meanSteps=   600.0  copy=0.396  A(t)=226  sim=173.3s
epoch   11850  HO=0.0425  meanSteps=   588.8  copy=0.396  A(t)=226  sim=174.1s
epoch   11900  HO=0.0413  meanSteps=   598.1  copy=0.397  A(t)=227  sim=174.9s
epoch   11950  HO=0.0427  meanSteps=   594.1  copy=0.398  A(t)=230  sim=175.5s
epoch   12000  HO=0.0405  meanSteps=   603.5  copy=0.398  A(t)=230  sim=176.2s
epoch   12050  HO=0.0395  meanSteps=   597.7  copy=0.398  A(t)=231  sim=177.1s
epoch   12100  HO=0.0403  meanSteps=   589.6  copy=0.398  A(t)=232  sim=178.0s
epoch   12150  HO=0.0419  meanSteps=   592.3  copy=0.397  A(t)=232  sim=178.6s
epoch   12200  HO=0.0409  meanSteps=   591.1  copy=0.399  A(t)=232  sim=179.4s
epoch   12250  HO=0.0422  meanSteps=   584.9  copy=0.400  A(t)=233  sim=180.1s
epoch   12300  HO=0.0458  meanSteps=   584.6  copy=0.402  A(t)=233  sim=180.9s
epoch   12350  HO=0.0448  meanSteps=   589.7  copy=0.403  A(t)=233  sim=181.6s
epoch   12400  HO=0.0429  meanSteps=   580.8  copy=0.401  A(t)=233  sim=182.1s
epoch   12450  HO=0.0444  meanSteps=   580.5  copy=0.399  A(t)=233  sim=182.9s
epoch   12500  HO=0.0477  meanSteps=   579.8  copy=0.401  A(t)=233  sim=183.7s
epoch   12550  HO=0.0483  meanSteps=   578.8  copy=0.402  A(t)=234  sim=184.4s
epoch   12600  HO=0.0503  meanSteps=   583.9  copy=0.401  A(t)=234  sim=185.0s
epoch   12650  HO=0.0502  meanSteps=   583.2  copy=0.401  A(t)=234  sim=185.8s
epoch   12700  HO=0.0472  meanSteps=   579.8  copy=0.399  A(t)=235  sim=186.5s
epoch   12750  HO=0.0457  meanSteps=   582.7  copy=0.399  A(t)=235  sim=187.4s
epoch   12800  HO=0.0457  meanSteps=   581.6  copy=0.397  A(t)=235  sim=188.1s
epoch   12850  HO=0.0453  meanSteps=   592.5  copy=0.398  A(t)=236  sim=188.7s
epoch   12900  HO=0.0489  meanSteps=   588.8  copy=0.401  A(t)=237  sim=189.3s
epoch   12950  HO=0.0461  meanSteps=   578.8  copy=0.403  A(t)=237  sim=189.9s
epoch   13000  HO=0.0441  meanSteps=   592.5  copy=0.400  A(t)=237  sim=190.5s
epoch   13050  HO=0.0446  meanSteps=   598.2  copy=0.403  A(t)=237  sim=191.0s
epoch   13100  HO=0.0461  meanSteps=   594.0  copy=0.405  A(t)=237  sim=191.7s
epoch   13150  HO=0.0466  meanSteps=   608.0  copy=0.406  A(t)=237  sim=192.3s
epoch   13200  HO=0.0457  meanSteps=   601.4  copy=0.408  A(t)=237  sim=193.0s
epoch   13250  HO=0.0449  meanSteps=   605.0  copy=0.405  A(t)=237  sim=193.6s
epoch   13300  HO=0.0464  meanSteps=   618.6  copy=0.405  A(t)=237  sim=194.5s
epoch   13350  HO=0.0460  meanSteps=   621.8  copy=0.403  A(t)=238  sim=195.3s
epoch   13400  HO=0.0436  meanSteps=   626.2  copy=0.402  A(t)=238  sim=195.9s
epoch   13450  HO=0.0435  meanSteps=   623.3  copy=0.399  A(t)=239  sim=196.6s
epoch   13500  HO=0.0440  meanSteps=   623.2  copy=0.401  A(t)=239  sim=197.4s
epoch   13550  HO=0.0423  meanSteps=   625.8  copy=0.399  A(t)=239  sim=198.2s
epoch   13600  HO=0.0434  meanSteps=   615.5  copy=0.401  A(t)=239  sim=198.8s
epoch   13650  HO=0.0441  meanSteps=   602.3  copy=0.402  A(t)=239  sim=199.5s
epoch   13700  HO=0.0455  meanSteps=   608.4  copy=0.403  A(t)=239  sim=200.3s
epoch   13750  HO=0.0422  meanSteps=   605.2  copy=0.402  A(t)=239  sim=200.9s
epoch   13800  HO=0.0423  meanSteps=   588.7  copy=0.402  A(t)=239  sim=201.6s
epoch   13850  HO=0.0402  meanSteps=   596.2  copy=0.400  A(t)=239  sim=202.3s
epoch   13900  HO=0.0452  meanSteps=   589.5  copy=0.402  A(t)=239  sim=202.9s
epoch   13950  HO=0.0394  meanSteps=   595.6  copy=0.405  A(t)=240  sim=203.5s
epoch   14000  HO=0.0419  meanSteps=   587.8  copy=0.403  A(t)=240  sim=204.2s
epoch   14050  HO=0.0421  meanSteps=   590.0  copy=0.404  A(t)=240  sim=204.8s
epoch   14100  HO=0.0417  meanSteps=   594.3  copy=0.403  A(t)=240  sim=205.6s
epoch   14150  HO=0.0427  meanSteps=   594.6  copy=0.406  A(t)=240  sim=206.3s
epoch   14200  HO=0.0417  meanSteps=   601.2  copy=0.403  A(t)=241  sim=206.9s
epoch   14250  HO=0.0422  meanSteps=   603.2  copy=0.404  A(t)=241  sim=207.6s
epoch   14300  HO=0.0424  meanSteps=   607.7  copy=0.404  A(t)=242  sim=208.5s
epoch   14350  HO=0.0412  meanSteps=   608.3  copy=0.403  A(t)=242  sim=209.2s
epoch   14400  HO=0.0402  meanSteps=   620.7  copy=0.400  A(t)=242  sim=210.1s
epoch   14450  HO=0.0407  meanSteps=   607.3  copy=0.401  A(t)=242  sim=210.8s
epoch   14500  HO=0.0423  meanSteps=   615.6  copy=0.400  A(t)=243  sim=211.7s
epoch   14550  HO=0.0417  meanSteps=   624.3  copy=0.398  A(t)=243  sim=212.4s
epoch   14600  HO=0.0459  meanSteps=   630.9  copy=0.401  A(t)=243  sim=213.1s
epoch   14650  HO=0.0432  meanSteps=   620.5  copy=0.403  A(t)=243  sim=213.7s
epoch   14700  HO=0.0415  meanSteps=   622.8  copy=0.401  A(t)=243  sim=214.4s
epoch   14750  HO=0.0428  meanSteps=   627.3  copy=0.402  A(t)=243  sim=215.1s
epoch   14800  HO=0.0424  meanSteps=   605.6  copy=0.402  A(t)=243  sim=216.0s
epoch   14850  HO=0.0435  meanSteps=   598.2  copy=0.402  A(t)=243  sim=216.6s
epoch   14900  HO=0.0402  meanSteps=   597.6  copy=0.403  A(t)=243  sim=217.5s
epoch   14950  HO=0.0423  meanSteps=   607.2  copy=0.404  A(t)=243  sim=218.0s
epoch   15000  HO=0.0408  meanSteps=   621.0  copy=0.403  A(t)=243  sim=218.6s
epoch   15050  HO=0.0397  meanSteps=   616.8  copy=0.405  A(t)=243  sim=219.3s
epoch   15100  HO=0.0428  meanSteps=   613.8  copy=0.405  A(t)=243  sim=220.0s
epoch   15150  HO=0.0436  meanSteps=   620.4  copy=0.402  A(t)=243  sim=220.9s
epoch   15200  HO=0.0444  meanSteps=   617.6  copy=0.400  A(t)=243  sim=221.7s
epoch   15250  HO=0.0428  meanSteps=   620.3  copy=0.399  A(t)=243  sim=222.4s
epoch   15300  HO=0.0410  meanSteps=   622.5  copy=0.398  A(t)=243  sim=223.0s
epoch   15350  HO=0.0378  meanSteps=   615.7  copy=0.399  A(t)=243  sim=223.7s
epoch   15400  HO=0.0395  meanSteps=   625.9  copy=0.399  A(t)=243  sim=224.5s
epoch   15450  HO=0.0409  meanSteps=   620.5  copy=0.400  A(t)=243  sim=225.2s
epoch   15500  HO=0.0407  meanSteps=   610.6  copy=0.403  A(t)=243  sim=225.9s
epoch   15550  HO=0.0417  meanSteps=   618.0  copy=0.400  A(t)=243  sim=226.5s
epoch   15600  HO=0.0428  meanSteps=   619.9  copy=0.399  A(t)=243  sim=227.1s
epoch   15650  HO=0.0424  meanSteps=   613.2  copy=0.400  A(t)=243  sim=228.0s
epoch   15700  HO=0.0402  meanSteps=   593.2  copy=0.395  A(t)=243  sim=228.8s
epoch   15750  HO=0.0404  meanSteps=   602.0  copy=0.395  A(t)=243  sim=229.3s
epoch   15800  HO=0.0416  meanSteps=   603.5  copy=0.392  A(t)=245  sim=230.1s
epoch   15850  HO=0.0382  meanSteps=   611.8  copy=0.396  A(t)=247  sim=230.9s
epoch   15900  HO=0.0378  meanSteps=   624.6  copy=0.396  A(t)=248  sim=231.6s
epoch   15950  HO=0.0408  meanSteps=   617.9  copy=0.393  A(t)=248  sim=232.4s
epoch   16000  HO=0.0392  meanSteps=   619.9  copy=0.393  A(t)=250  sim=233.3s
epoch   16050  HO=0.0388  meanSteps=   617.0  copy=0.391  A(t)=250  sim=233.9s
epoch   16100  HO=0.0423  meanSteps=   626.8  copy=0.391  A(t)=250  sim=234.5s
epoch   16150  HO=0.0413  meanSteps=   609.7  copy=0.393  A(t)=251  sim=235.2s
epoch   16200  HO=0.0408  meanSteps=   612.8  copy=0.394  A(t)=252  sim=236.0s
epoch   16250  HO=0.0418  meanSteps=   620.5  copy=0.398  A(t)=252  sim=236.6s
epoch   16300  HO=0.0410  meanSteps=   625.7  copy=0.397  A(t)=252  sim=237.5s
epoch   16350  HO=0.0412  meanSteps=   616.1  copy=0.397  A(t)=253  sim=238.3s
epoch   16400  HO=0.0424  meanSteps=   624.5  copy=0.398  A(t)=253  sim=239.0s
epoch   16450  HO=0.0411  meanSteps=   617.7  copy=0.395  A(t)=253  sim=239.6s
epoch   16500  HO=0.0433  meanSteps=   614.1  copy=0.393  A(t)=253  sim=240.3s
epoch   16550  HO=0.0409  meanSteps=   624.8  copy=0.390  A(t)=253  sim=241.1s
epoch   16600  HO=0.0384  meanSteps=   620.3  copy=0.394  A(t)=253  sim=241.8s
epoch   16650  HO=0.0388  meanSteps=   613.7  copy=0.393  A(t)=253  sim=242.4s
epoch   16700  HO=0.0420  meanSteps=   617.7  copy=0.395  A(t)=253  sim=242.9s
epoch   16750  HO=0.0424  meanSteps=   619.6  copy=0.394  A(t)=253  sim=243.6s
epoch   16800  HO=0.0423  meanSteps=   630.5  copy=0.394  A(t)=253  sim=244.3s
epoch   16850  HO=0.0375  meanSteps=   647.7  copy=0.394  A(t)=253  sim=245.1s
epoch   16900  HO=0.0372  meanSteps=   639.5  copy=0.394  A(t)=253  sim=245.7s
epoch   16950  HO=-0.0190  meanSteps=   642.0  copy=0.395  A(t)=254  sim=246.5s
epoch   17000  HO=0.0358  meanSteps=   632.0  copy=0.394  A(t)=254  sim=247.3s
epoch   17050  HO=0.0355  meanSteps=   631.4  copy=0.394  A(t)=254  sim=248.0s
epoch   17100  HO=0.0386  meanSteps=   651.7  copy=0.393  A(t)=254  sim=248.8s
epoch   17150  HO=-0.0188  meanSteps=   654.4  copy=0.391  A(t)=254  sim=249.4s
epoch   17200  HO=-0.0187  meanSteps=   642.7  copy=0.390  A(t)=254  sim=250.1s
epoch   17250  HO=-0.0188  meanSteps=   632.4  copy=0.392  A(t)=254  sim=250.8s
epoch   17300  HO=0.0378  meanSteps=   640.4  copy=0.390  A(t)=254  sim=251.5s
epoch   17350  HO=0.0400  meanSteps=   632.7  copy=0.389  A(t)=255  sim=252.3s
epoch   17400  HO=0.0379  meanSteps=   625.2  copy=0.390  A(t)=255  sim=252.9s
epoch   17450  HO=0.0412  meanSteps=   621.6  copy=0.392  A(t)=257  sim=253.6s
epoch   17500  HO=0.0409  meanSteps=   617.1  copy=0.390  A(t)=257  sim=254.4s
epoch   17550  HO=0.0390  meanSteps=   609.7  copy=0.391  A(t)=257  sim=255.1s
epoch   17600  HO=0.0388  meanSteps=   616.6  copy=0.393  A(t)=257  sim=255.7s
epoch   17650  HO=0.0413  meanSteps=   614.9  copy=0.394  A(t)=257  sim=256.5s
epoch   17700  HO=0.0408  meanSteps=   615.5  copy=0.396  A(t)=258  sim=257.1s
epoch   17750  HO=0.0413  meanSteps=   626.1  copy=0.396  A(t)=259  sim=257.6s
epoch   17800  HO=0.0387  meanSteps=   618.3  copy=0.393  A(t)=259  sim=258.1s
epoch   17850  HO=0.0369  meanSteps=   616.7  copy=0.394  A(t)=259  sim=258.6s
epoch   17900  HO=0.0377  meanSteps=   620.5  copy=0.395  A(t)=261  sim=259.1s
epoch   17950  HO=0.0370  meanSteps=   609.0  copy=0.393  A(t)=261  sim=259.6s
epoch   18000  HO=-0.0193  meanSteps=   615.7  copy=0.390  A(t)=261  sim=260.1s
epoch   18050  HO=-0.0194  meanSteps=   612.0  copy=0.394  A(t)=261  sim=260.7s
epoch   18100  HO=0.0360  meanSteps=   604.8  copy=0.391  A(t)=261  sim=261.2s
epoch   18150  HO=0.0362  meanSteps=   605.5  copy=0.391  A(t)=261  sim=261.7s
epoch   18200  HO=0.0351  meanSteps=   594.0  copy=0.392  A(t)=261  sim=262.2s
epoch   18250  HO=0.0352  meanSteps=   601.4  copy=0.391  A(t)=261  sim=262.8s
epoch   18300  HO=0.0364  meanSteps=   607.8  copy=0.390  A(t)=262  sim=263.2s
epoch   18350  HO=0.0367  meanSteps=   599.8  copy=0.388  A(t)=262  sim=263.8s
epoch   18400  HO=0.0362  meanSteps=   607.3  copy=0.390  A(t)=262  sim=264.3s
epoch   18450  HO=0.0357  meanSteps=   597.1  copy=0.391  A(t)=262  sim=264.8s
epoch   18500  HO=0.0372  meanSteps=   603.1  copy=0.393  A(t)=262  sim=265.2s
epoch   18550  HO=-0.0194  meanSteps=   583.0  copy=0.391  A(t)=263  sim=265.7s
epoch   18600  HO=-0.0192  meanSteps=   580.7  copy=0.394  A(t)=264  sim=266.2s
epoch   18650  HO=-0.0189  meanSteps=   583.2  copy=0.393  A(t)=264  sim=266.7s
epoch   18700  HO=-0.0188  meanSteps=   586.8  copy=0.397  A(t)=264  sim=267.2s
epoch   18750  HO=-0.0187  meanSteps=   576.8  copy=0.395  A(t)=264  sim=267.7s
epoch   18800  HO=-0.0188  meanSteps=   573.0  copy=0.395  A(t)=264  sim=268.1s
epoch   18850  HO=-0.0185  meanSteps=   575.7  copy=0.392  A(t)=264  sim=268.6s
epoch   18900  HO=-0.0182  meanSteps=   573.5  copy=0.392  A(t)=264  sim=269.1s
epoch   18950  HO=-0.0184  meanSteps=   577.3  copy=0.393  A(t)=264  sim=269.6s
epoch   19000  HO=-0.0185  meanSteps=   580.1  copy=0.394  A(t)=264  sim=270.1s
epoch   19050  HO=-0.0183  meanSteps=   585.7  copy=0.393  A(t)=264  sim=270.5s
epoch   19100  HO=-0.0181  meanSteps=   592.6  copy=0.394  A(t)=264  sim=271.0s
epoch   19150  HO=-0.0181  meanSteps=   584.7  copy=0.395  A(t)=265  sim=271.5s
epoch   19200  HO=-0.0182  meanSteps=   580.8  copy=0.394  A(t)=265  sim=272.0s
epoch   19250  HO=-0.0183  meanSteps=   576.4  copy=0.394  A(t)=265  sim=272.5s
epoch   19300  HO=-0.0185  meanSteps=   577.1  copy=0.391  A(t)=265  sim=272.9s
epoch   19350  HO=-0.0185  meanSteps=   576.7  copy=0.393  A(t)=265  sim=273.5s
epoch   19400  HO=-0.0188  meanSteps=   576.7  copy=0.395  A(t)=265  sim=274.0s
epoch   19450  HO=-0.0190  meanSteps=   577.8  copy=0.393  A(t)=265  sim=274.6s
epoch   19500  HO=-0.0190  meanSteps=   583.6  copy=0.392  A(t)=265  sim=275.0s
epoch   19550  HO=-0.0191  meanSteps=   587.7  copy=0.393  A(t)=266  sim=275.5s
epoch   19600  HO=-0.0190  meanSteps=   579.0  copy=0.393  A(t)=267  sim=276.0s
epoch   19650  HO=-0.0191  meanSteps=   590.1  copy=0.394  A(t)=267  sim=276.5s
epoch   19700  HO=-0.0192  meanSteps=   585.0  copy=0.392  A(t)=267  sim=276.9s
epoch   19750  HO=-0.0193  meanSteps=   587.6  copy=0.394  A(t)=267  sim=277.4s
epoch   19800  HO=-0.0191  meanSteps=   579.1  copy=0.394  A(t)=267  sim=277.9s
epoch   19850  HO=-0.0190  meanSteps=   582.8  copy=0.396  A(t)=268  sim=278.4s
epoch   19900  HO=-0.0192  meanSteps=   591.2  copy=0.398  A(t)=268  sim=278.9s
epoch   19950  HO=-0.0190  meanSteps=   591.7  copy=0.396  A(t)=268  sim=279.4s
epoch   20000  HO=-0.0190  meanSteps=   580.6  copy=0.397  A(t)=268  sim=279.8s
done: 20000 epochs in 375.3s wall (279.8s simulating), runs/blocks_d1_s1
