epoch       0  HO=-0.0004  meanSteps=     0.0  copy=0.000  A(t)=0  sim=0.0s
epoch      50  HO=-0.0007  meanSteps=   608.4  copy=0.518  A(t)=0  sim=0.8s
epoch     100  HO=-0.0010  meanSteps=   617.1  copy=0.508  A(t)=0  sim=1.8s
epoch     150  HO=-0.0014  meanSteps=   625.6  copy=0.497  A(t)=0  sim=2.9s
epoch     200  HO=-0.0017  meanSteps=   622.3  copy=0.490  A(t)=0  sim=3.9s
epoch     250  HO=-0.0022  meanSteps=   621.9  copy=0.485  A(t)=0  sim=5.0s
epoch     300  HO=-0.0027  meanSteps=   615.6  copy=0.476  A(t)=51  sim=6.0s
epoch     350  HO=-0.0031  meanSteps=   626.1  copy=0.474  A(t)=55  sim=7.2s
epoch     400  HO=0.0589  meanSteps=   623.1  copy=0.472  A(t)=61  sim=8.2s
epoch     450  HO=0.0572  meanSteps=   626.6  copy=0.471  A(t)=64  sim=9.3s
epoch     500  HO=0.0585  meanSteps=   637.8  copy=0.467  A(t)=70  sim=10.4s
epoch     550  HO=0.0594  meanSteps=   634.1  copy=0.465  A(t)=72  sim=11.4s
epoch     600  HO=0.0620  meanSteps=   616.1  copy=0.459  A(t)=75  sim=12.4s
epoch     650  HO=0.0632  meanSteps=   623.7  copy=0.458  A(t)=80  sim=13.4s
epoch     700  HO=0.0658  meanSteps=   631.3  copy=0.453  A(t)=82  sim=14.5s
epoch     750  HO=0.0667  meanSteps=   631.5  copy=0.452  A(t)=88  sim=15.5s
epoch     800  HO=0.0667  meanSteps=   628.0  copy=0.450  A(t)=89  sim=16.5s
epoch     850  HO=0.0629  meanSteps=   625.7  copy=0.451  A(t)=93  sim=17.6s
epoch     900  HO=0.0632  meanSteps=   626.9  copy=0.450  A(t)=96  sim=18.6s
epoch     950  HO=0.0638  meanSteps=   631.4  copy=0.451  A(t)=99  sim=19.7s
epoch    1000  HO=0.0654  meanSteps=   637.6  copy=0.447  A(t)=100  sim=20.7s
epoch    1050  HO=0.0675  meanSteps=   619.8  copy=0.445  A(t)=101  sim=21.8s
epoch    1100  HO=0.0674  meanSteps=   617.0  copy=0.445  A(t)=103  sim=22.9s
epoch    1150  HO=0.0661  meanSteps=   616.2  copy=0.446  A(t)=105  sim=23.9s
epoch    1200  HO=0.0721  meanSteps=   607.2  copy=0.443  A(t)=107  sim=25.0s
epoch    1250  HO=0.0754  meanSteps=   603.8  copy=0.444  A(t)=110  sim=25.9s
epoch    1300  HO=0.0825  meanSteps=   603.4  copy=0.443  A(t)=112  sim=26.9s
epoch    1350  HO=0.0826  meanSteps=   600.5  copy=0.443  A(t)=118  sim=27.9s
epoch    1400  HO=0.0835  meanSteps=   604.9  copy=0.441  A(t)=121  sim=28.9s
epoch    1450  HO=0.0815  meanSteps=   617.5  copy=0.438  A(t)=126  sim=29.9s
epoch    1500  HO=0.0811  meanSteps=   624.4  copy=0.435  A(t)=127  sim=31.0s
epoch    1550  HO=0.0817  meanSteps=   619.9  copy=0.434  A(t)=132  sim=32.0s
epoch    1600  HO=0.0821  meanSteps=   616.7  copy=0.430  A(t)=136  sim=33.0s
epoch    1650  HO=0.0826  meanSteps=   613.7  copy=0.432  A(t)=139  sim=34.0s
epoch    1700  HO=0.0884  meanSteps=   621.7  copy=0.431  A(t)=139  sim=35.1s
epoch    1750  HO=0.0886  meanSteps=   631.1  copy=0.428  A(t)=141  sim=36.1s
epoch    1800  HO=0.0867  meanSteps=   619.5  copy=0.428  A(t)=142  sim=37.1s
epoch    1850  HO=0.0840  meanSteps=   628.8  copy=0.424  A(t)=144  sim=38.2s
epoch    1900  HO=0.0827  meanSteps=   637.2  copy=0.424  A(t)=145  sim=39.3s
epoch    1950  HO=0.0824  meanSteps=   633.7  copy=0.428  A(t)=151  sim=40.3s
epoch    2000  HO=0.0834  meanSteps=   633.6  copy=0.425  A(t)=151  sim=41.4s
epoch    2050  HO=0.0788  meanSteps=   622.1  copy=0.425  A(t)=151  sim=42.4s
epoch    2100  HO=0.0811  meanSteps=   616.7  copy=0.427  A(t)=153  sim=43.4s
epoch    2150  HO=0.0769  meanSteps=   619.0  copy=0.427  A(t)=153  sim=44.5s
epoch    2200  HO=0.0825  meanSteps=   602.6  copy=0.425  A(t)=155  sim=45.6s
epoch    2250  HO=0.0813  meanSteps=   587.8  copy=0.422  A(t)=157  sim=46.7s
epoch    2300  HO=0.0835  meanSteps=   593.4  copy=0.421  A(t)=158  sim=47.7s
epoch    2350  HO=0.0802  meanSteps=   586.9  copy=0.421  A(t)=160  sim=48.7s
epoch    2400  HO=0.0778  meanSteps=   590.4  copy=0.419  A(t)=160  sim=49.7s
epoch    2450  HO=0.0824  meanSteps=   583.3  copy=0.420  A(t)=161  sim=50.7s
epoch    2500  HO=0.0843  meanSteps=   574.7  copy=0.415  A(t)=161  sim=51.7s
epoch    2550  HO=0.0847  meanSteps=   573.1  copy=0.416  A(t)=161  sim=52.7s
epoch    2600  HO=0.0839  meanSteps=   586.4  copy=0.417  A(t)=166  sim=53.7s
epoch    2650  HO=0.0846  meanSteps=   584.8  copy=0.417  A(t)=168  sim=54.6s
epoch    2700  HO=0.0868  meanSteps=   583.9  copy=0.416  A(t)=171  sim=55.6s
epoch    2750  HO=0.0892  meanSteps=   582.4  copy=0.414  A(t)=172  sim=56.6s
epoch    2800  HO=0.0799  meanSteps=   608.0  copy=0.410  A(t)=174  sim=57.7s
epoch    2850  HO=0.0828  meanSteps=   599.0  copy=0.412  A(t)=174  sim=58.7s
epoch    2900  HO=0.0829  meanSteps=   604.2  copy=0.411  A(t)=175  sim=59.7s
epoch    2950  HO=0.0799  meanSteps=   610.6  copy=0.411  A(t)=175  sim=60.8s
epoch    3000  HO=0.0773  meanSteps=   594.5  copy=0.411  A(t)=176  sim=61.8s
epoch    3050  HO=0.0762  meanSteps=   597.5  copy=0.413  A(t)=176  sim=62.7s
epoch    3100  HO=0.0755  meanSteps=   600.8  copy=0.412  A(t)=179  sim=63.8s
epoch    3150  HO=0.0776  meanSteps=   603.0  copy=0.411  A(t)=179  sim=64.8s
epoch    3200  HO=0.0758  meanSteps=   592.2  copy=0.412  A(t)=182  sim=65.7s
epoch    3250  HO=0.0782  meanSteps=   599.8  copy=0.409  A(t)=182  sim=66.7s
epoch    3300  HO=0.0740  meanSteps=   604.8  copy=0.410  A(t)=182  sim=67.7s
epoch    3350  HO=0.0751  meanSteps=   604.6  copy=0.409  A(t)=182  sim=68.7s
epoch    3400  HO=0.0759  meanSteps=   599.0  copy=0.408  A(t)=185  sim=69.7s
epoch    3450  HO=0.0774  meanSteps=   592.9  copy=0.406  A(t)=186  sim=70.7s
epoch    3500  HO=0.0766  meanSteps=   599.0  copy=0.407  A(t)=186  sim=71.7s
epoch    3550  HO=0.0759  meanSteps=   596.7  copy=0.411  A(t)=186  sim=72.6s
epoch    3600  HO=0.0695  meanSteps=   595.5  copy=0.407  A(t)=187  sim=73.7s
epoch    3650  HO=0.0686  meanSteps=   592.0  copy=0.407  A(t)=192  sim=74.7s
epoch    3700  HO=0.0674  meanSteps=   598.0  copy=0.409  A(t)=193  sim=75.7s
epoch    3750  HO=0.0686  meanSteps=   594.8  copy=0.411  A(t)=194  sim=76.8s
epoch    3800  HO=0.0676  meanSteps=   601.3  copy=0.407  A(t)=195  sim=77.8s
epoch    3850  HO=0.0695  meanSteps=   602.7  copy=0.408  A(t)=195  sim=78.8s
epoch    3900  HO=0.0644  meanSteps=   593.8  copy=0.405  A(t)=195  sim=79.8s
epoch    3950  HO=0.0692  meanSteps=   589.8  copy=0.404  A(t)=196  sim=80.7s
epoch    4000  HO=0.0656  meanSteps=   592.8  copy=0.405  A(t)=196  sim=81.7s
epoch    4050  HO=0.0656  meanSteps=   589.5  copy=0.407  A(t)=198  sim=82.7s
epoch    4100  HO=0.0677  meanSteps=   581.4  copy=0.402  A(t)=200  sim=83.7s
epoch    4150  HO=0.0699  meanSteps=   593.6  copy=0.402  A(t)=200  sim=84.7s
epoch    4200  HO=0.0691  meanSteps=   594.5  copy=0.403  A(t)=201  sim=85.7s
epoch    4250  HO=0.0684  meanSteps=   598.2  copy=0.403  A(t)=202  sim=86.7s
epoch    4300  HO=0.0691  meanSteps=   597.9  copy=0.402  A(t)=203  sim=87.6s
epoch    4350  HO=0.0691  meanSteps=   606.8  copy=0.402  A(t)=203  sim=88.7s
epoch    4400  HO=0.0728  meanSteps=   599.7  copy=0.408  A(t)=205  sim=89.7s
epoch    4450  HO=0.0770  meanSteps=   582.6  copy=0.407  A(t)=207  sim=90.7s
epoch    4500  HO=0.0818  meanSteps=   579.1  copy=0.406  A(t)=208  sim=91.7s
epoch    4550  HO=0.0846  meanSteps=   583.7  copy=0.407  A(t)=208  sim=92.8s
epoch    4600  HO=0.0794  meanSteps=   574.6  copy=0.407  A(t)=210  sim=93.7s
epoch    4650  HO=0.0797  meanSteps=   582.4  copy=0.407  A(t)=212  sim=94.8s
epoch    4700  HO=0.0785  meanSteps=   582.4  copy=0.406  A(t)=212  sim=95.8s
epoch    4750  HO=0.0850  meanSteps=   575.6  copy=0.408  A(t)=213  sim=96.8s
epoch    4800  HO=0.0890  meanSteps=   576.7  copy=0.407  A(t)=215  sim=97.9s
epoch    4850  HO=0.0824  meanSteps=   575.5  copy=0.407  A(t)=215  sim=98.9s
epoch    4900  HO=0.0799  meanSteps=   580.5  copy=0.403  A(t)=215  sim=99.8s
epoch    4950  HO=0.0833  meanSteps=   586.3  copy=0.401  A(t)=216  sim=100.8s
epoch    5000  HO=0.0835  meanSteps=   584.4  copy=0.403  A(t)=217  sim=101.8s
epoch    5050  HO=0.0849  meanSteps=   584.0  copy=0.404  A(t)=217  sim=102.8s
epoch    5100  HO=0.0888  meanSteps=   584.4  copy=0.401  A(t)=218  sim=103.8s
epoch    5150  HO=0.0935  meanSteps=   584.1  copy=0.398  A(t)=218  sim=104.7s
epoch    5200  HO=0.0897  meanSteps=   593.8  copy=0.398  A(t)=220  sim=105.7s
epoch    5250  HO=0.0944  meanSteps=   585.2  copy=0.397  A(t)=221  sim=106.7s
epoch    5300  HO=0.0936  meanSteps=   592.9  copy=0.399  A(t)=221  sim=107.7s
epoch    5350  HO=0.0922  meanSteps=   577.6  copy=0.399  A(t)=221  sim=108.7s
epoch    5400  HO=0.0947  meanSteps=   580.3  copy=0.402  A(t)=225  sim=109.7s
epoch    5450  HO=0.0925  meanSteps=   572.1  copy=0.401  A(t)=225  sim=110.8s
epoch    5500  HO=0.0923  meanSteps=   570.1  copy=0.403  A(t)=225  sim=111.7s
epoch    5550  HO=0.0946  meanSteps=   577.0  copy=0.403  A(t)=225  sim=112.7s
epoch    5600  HO=0.0944  meanSteps=   582.6  copy=0.402  A(t)=226  sim=113.7s
epoch    5650  HO=0.1003  meanSteps=   573.9  copy=0.404  A(t)=226  sim=114.6s
epoch    5700  HO=0.0977  meanSteps=   579.7  copy=0.402  A(t)=227  sim=115.6s
epoch    5750  HO=0.0964  meanSteps=   583.0  copy=0.399  A(t)=227  sim=116.6s
epoch    5800  HO=0.0940  meanSteps=   575.4  copy=0.401  A(t)=227  sim=117.6s
epoch    5850  HO=0.0920  meanSteps=   558.3  copy=0.399  A(t)=227  sim=118.5s
epoch    5900  HO=0.0870  meanSteps=   553.6  copy=0.399  A(t)=228  sim=119.5s
epoch    5950  HO=0.0877  meanSteps=   563.0  copy=0.401  A(t)=228  sim=120.4s
epoch    6000  HO=0.0859  meanSteps=   570.9  copy=0.401  A(t)=228  sim=121.4s
epoch    6050  HO=0.0856  meanSteps=   582.2  copy=0.400  A(t)=228  sim=122.4s
epoch    6100  HO=0.0842  meanSteps=   569.6  copy=0.401  A(t)=229  sim=123.3s
epoch    6150  HO=0.0850  meanSteps=   567.0  copy=0.400  A(t)=229  sim=124.3s
epoch    6200  HO=0.0850  meanSteps=   573.1  copy=0.398  A(t)=230  sim=125.3s
epoch    6250  HO=0.0846  meanSteps=   564.2  copy=0.398  A(t)=230  sim=126.3s
epoch    6300  HO=0.0837  meanSteps=   569.2  copy=0.399  A(t)=231  sim=127.3s
epoch    6350  HO=0.0815  meanSteps=   574.4  copy=0.397  A(t)=233  sim=128.3s
epoch    6400  HO=0.0824  meanSteps=   580.5  copy=0.400  A(t)=233  sim=129.3s
epoch    6450  HO=0.0829  meanSteps=   571.0  copy=0.400  A(t)=235  sim=130.3s
epoch    6500  HO=0.0823  meanSteps=   582.4  copy=0.400  A(t)=237  sim=131.2s
epoch    6550  HO=0.0825  meanSteps=   581.5  copy=0.402  A(t)=238  sim=132.3s
epoch    6600  HO=0.0805  meanSteps=   597.8  copy=0.408  A(t)=238  sim=133.3s
epoch    6650  HO=0.0758  meanSteps=   586.3  copy=0.403  A(t)=239  sim=134.2s
epoch    6700  HO=0.0777  meanSteps=   574.0  copy=0.407  A(t)=239  sim=135.3s
epoch    6750  HO=0.0733  meanSteps=   575.0  copy=0.406  A(t)=239  sim=136.3s
epoch    6800  HO=0.0722  meanSteps=   579.7  copy=0.411  A(t)=239  sim=137.3s
epoch    6850  HO=0.0727  meanSteps=   578.4  copy=0.410  A(t)=240  sim=138.4s
epoch    6900  HO=0.0701  meanSteps=   558.8  copy=0.407  A(t)=240  sim=139.2s
epoch    6950  HO=0.0736  meanSteps=   562.8  copy=0.408  A(t)=241  sim=140.1s
epoch    7000  HO=0.0721  meanSteps=   555.4  copy=0.410  A(t)=241  sim=141.1s
epoch    7050  HO=0.0750  meanSteps=   562.2  copy=0.405  A(t)=241  sim=142.1s
epoch    7100  HO=0.0776  meanSteps=   562.6  copy=0.405  A(t)=242  sim=143.1s
epoch    7150  HO=0.0735  meanSteps=   566.4  copy=0.403  A(t)=242  sim=144.0s
epoch    7200  HO=0.0749  meanSteps=   555.0  copy=0.404  A(t)=242  sim=145.0s
epoch    7250  HO=0.0744  meanSteps=   557.2  copy=0.403  A(t)=242  sim=145.9s
epoch    7300  HO=0.0812  meanSteps=   555.0  copy=0.405  A(t)=242  sim=146.9s
epoch    7350  HO=0.0748  meanSteps=   563.5  copy=0.400  A(t)=242  sim=147.9s
epoch    7400  HO=0.0771  meanSteps=   569.8  copy=0.402  A(t)=242  sim=148.7s
epoch    7450  HO=0.0739  meanSteps=   570.6  copy=0.401  A(t)=244  sim=149.7s
epoch    7500  HO=0.0743  meanSteps=   573.3  copy=0.401  A(t)=244  sim=150.6s
epoch    7550  HO=0.0738  meanSteps=   563.6  copy=0.398  A(t)=245  sim=151.6s
epoch    7600  HO=0.0763  meanSteps=   578.8  copy=0.397  A(t)=245  sim=152.6s
epoch    7650  HO=0.0703  meanSteps=   576.8  copy=0.394  A(t)=246  sim=153.6s
epoch    7700  HO=0.0680  meanSteps=   581.9  copy=0.395  A(t)=247  sim=154.5s
epoch    7750  HO=0.0716  meanSteps=   581.0  copy=0.393  A(t)=248  sim=155.5s
epoch    7800  HO=0.0742  meanSteps=   590.5  copy=0.394  A(t)=248  sim=156.5s
epoch    7850  HO=0.0736  meanSteps=   589.6  copy=0.393  A(t)=248  sim=157.6s
epoch    7900  HO=0.0728  meanSteps=   589.8  copy=0.396  A(t)=248  sim=158.7s
epoch    7950  HO=0.0768  meanSteps=   583.2  copy=0.391  A(t)=248  sim=159.6s
epoch    8000  HO=0.0737  meanSteps=   584.1  copy=0.392  A(t)=248  sim=160.6s
epoch    8050  HO=0.0759  meanSteps=   590.6  copy=0.394  A(t)=248  sim=161.6s
epoch    8100  HO=0.0732  meanSteps=   602.2  copy=0.395  A(t)=248  sim=162.7s
epoch    8150  HO=0.0759  meanSteps=   589.6  copy=0.397  A(t)=249  sim=163.7s
epoch    8200  HO=0.0698  meanSteps=   602.3  copy=0.395  A(t)=249  sim=164.7s
epoch    8250  HO=0.0672  meanSteps=   601.6  copy=0.395  A(t)=249  sim=165.7s
epoch    8300  HO=0.0673  meanSteps=   601.0  copy=0.398  A(t)=249  sim=166.7s
epoch    8350  HO=0.0718  meanSteps=   594.1  copy=0.395  A(t)=249  sim=167.7s
epoch    8400  HO=0.0687  meanSteps=   591.4  copy=0.397  A(t)=250  sim=168.7s
epoch    8450  HO=0.0709  meanSteps=   592.8  copy=0.395  A(t)=250  sim=169.7s
epoch    8500  HO=0.0694  meanSteps=   590.3  copy=0.397  A(t)=250  sim=170.8s
epoch    8550  HO=0.0675  meanSteps=   595.0  copy=0.398  A(t)=251  sim=171.7s
epoch    8600  HO=0.0695  meanSteps=   587.9  copy=0.397  A(t)=252  sim=172.7s
epoch    8650  HO=0.0681  meanSteps=   592.4  copy=0.395  A(t)=252  sim=173.7s
epoch    8700  HO=0.0644  meanSteps=   577.8  copy=0.396  A(t)=252  sim=174.7s
epoch    8750  HO=0.0668  meanSteps=   570.1  copy=0.395  A(t)=252  sim=175.8s
epoch    8800  HO=0.0665  meanSteps=   580.9  copy=0.395  A(t)=252  sim=176.7s
epoch    8850  HO=0.0630  meanSteps=   577.5  copy=0.394  A(t)=252  sim=177.7s
epoch    8900  HO=0.0645  meanSteps=   572.5  copy=0.394  A(t)=253  sim=178.7s
epoch    8950  HO=0.0638  meanSteps=   575.6  copy=0.393  A(t)=254  sim=179.7s
epoch    9000  HO=0.0649  meanSteps=   582.6  copy=0.391  A(t)=254  sim=180.7s
epoch    9050  HO=0.0650  meanSteps=   577.4  copy=0.393  A(t)=254  sim=181.7s
epoch    9100  HO=0.0680  meanSteps=   581.7  copy=0.393  A(t)=255  sim=182.6s
epoch    9150  HO=0.0666  meanSteps=   577.4  copy=0.392  A(t)=255  sim=183.6s
epoch    9200  HO=0.0696  meanSteps=   584.3  copy=0.391  A(t)=256  sim=184.6s
epoch    9250  HO=0.0677  meanSteps=   575.8  copy=0.392  A(t)=256  sim=185.6s
epoch    9300  HO=0.0693  meanSteps=   583.9  copy=0.391  A(t)=256  sim=186.6s
epoch    9350  HO=0.0715  meanSteps=   584.4  copy=0.393  A(t)=256  sim=187.6s
epoch    9400  HO=0.0761  meanSteps=   581.2  copy=0.397  A(t)=256  sim=188.6s
epoch    9450  HO=0.0729  meanSteps=   568.0  copy=0.395  A(t)=257  sim=189.5s
epoch    9500  HO=0.0754  meanSteps=   572.0  copy=0.395  A(t)=257  sim=190.5s
epoch    9550  HO=0.0719  meanSteps=   569.7  copy=0.395  A(t)=257  sim=191.4s
epoch    9600  HO=0.0722  meanSteps=   559.0  copy=0.397  A(t)=257  sim=192.4s
epoch    9650  HO=0.0715  meanSteps=   557.8  copy=0.397  A(t)=257  sim=193.3s
epoch    9700  HO=0.0689  meanSteps=   563.3  copy=0.396  A(t)=257  sim=194.1s
epoch    9750  HO=0.0708  meanSteps=   564.3  copy=0.395  A(t)=258  sim=194.8s
epoch    9800  HO=0.0694  meanSteps=   560.6  copy=0.396  A(t)=259  sim=195.4s
epoch    9850  HO=0.0765  meanSteps=   550.6  copy=0.395  A(t)=259  sim=196.0s
epoch    9900  HO=0.0762  meanSteps=   550.3  copy=0.398  A(t)=259  sim=196.8s
epoch    9950  HO=0.0751  meanSteps=   557.2  copy=0.393  A(t)=260  sim=197.7s
epoch   10000  HO=0.0720  meanSteps=   555.2  copy=0.393  A(t)=260  sim=198.3s
epoch   10050  HO=0.0760  meanSteps=   574.0  copy=0.394  A(t)=260  sim=199.1s
epoch   10100  HO=0.0754  meanSteps=   568.1  copy=0.390  A(t)=260  sim=200.0s
epoch   10150  HO=0.0718  meanSteps=   554.5  copy=0.390  A(t)=260  sim=200.9s
epoch   10200  HO=0.0748  meanSteps=   553.5  copy=0.389  A(t)=260  sim=201.5s
epoch   10250  HO=0.0759  meanSteps=   563.7  copy=0.391  A(t)=260  sim=202.2s
epoch   10300  HO=0.0737  meanSteps=   573.5  copy=0.392  A(t)=261  sim=202.9s
epoch   10350  HO=0.0736  meanSteps=   563.6  copy=0.393  A(t)=261  sim=203.5s
epoch   10400  HO=0.0734  meanSteps=   559.9  copy=0.394  A(t)=261  sim=204.3s
epoch   10450  HO=0.0739  meanSteps=   563.1  copy=0.393  A(t)=261  sim=204.9s
epoch   10500  HO=0.0759  meanSteps=   582.4  copy=0.392  A(t)=261  sim=205.6s
epoch   10550  HO=0.0783  meanSteps=   567.6  copy=0.394  A(t)=261  sim=206.3s
epoch   10600  HO=0.0784  meanSteps=   575.6  copy=0.395  A(t)=261  sim=206.9s
epoch   10650  HO=0.0765  meanSteps=   569.7  copy=0.395  A(t)=261  sim=207.7s
epoch   10700  HO=0.0736  meanSteps=   571.9  copy=0.391  A(t)=262  sim=208.4s
epoch   10750  HO=0.0826  meanSteps=   578.7  copy=0.390  A(t)=262  sim=209.2s
epoch   10800  HO=0.0795  meanSteps=   569.2  copy=0.388  A(t)=262  sim=209.7s
epoch   10850  HO=0.0801  meanSteps=   561.3  copy=0.387  A(t)=263  sim=210.5s
epoch   10900  HO=0.0805  meanSteps=   575.7  copy=0.385  A(t)=263  sim=211.2s
epoch   10950  HO=0.0804  meanSteps=   572.5  copy=0.387  A(t)=263  sim=211.8s
epoch   11000  HO=0.0789  meanSteps=   574.6  copy=0.386  A(t)=265  sim=212.5s
epoch   11050  HO=0.0813  meanSteps=   573.0  copy=0.388  A(t)=265  sim=213.3s
epoch   11100  HO=0.0751  meanSteps=   570.8  copy=0.385  A(t)=265  sim=213.9s
epoch   11150  HO=0.0728  meanSteps=   576.2  copy=0.384  A(t)=265  sim=214.5s
epoch   11200  HO=0.0700  meanSteps=   569.4  copy=0.382  A(t)=265  sim=215.2s
epoch   11250  HO=0.0728  meanSteps=   585.7  copy=0.381  A(t)=265  sim=215.8s
epoch   11300  HO=0.0702  meanSteps=   577.9  copy=0.384  A(t)=265  sim=216.5s
epoch   11350  HO=0.0690  meanSteps=   592.6  copy=0.387  A(t)=265  sim=217.3s
epoch   11400  HO=0.0677  meanSteps=   598.0  copy=0.389  A(t)=265  sim=218.0s
epoch   11450  HO=0.0778  meanSteps=   599.5  copy=0.389  A(t)=265  sim=218.9s
epoch   11500  HO=0.0747  meanSteps=   585.5  copy=0.387  A(t)=265  sim=219.7s
epoch   11550  HO=0.0790  meanSteps=   590.8  copy=0.388  A(t)=266  sim=220.4s
epoch   11600  HO=0.0770  meanSteps=   593.2  copy=0.389  A(t)=266  sim=221.0s
epoch   11650  HO=0.0770  meanSteps=   599.0  copy=0.389  A(t)=266  sim=221.8s
epoch   11700  HO=0.0797  meanSteps=   591.8  copy=0.388  A(t)=266  sim=222.4s
epoch   11750  HO=0.0813  meanSteps=   593.5  copy=0.389  A(t)=266  sim=223.1s
epoch   11800  HO=0.0746  meanSteps=   587.8  copy=0.388  A(t)=266  sim=223.8s
epoch   11850  HO=0.0805  meanSteps=   594.1  copy=0.387  A(t)=266  sim=224.6s
epoch   11900  HO=0.0827  meanSteps=   603.8  copy=0.387  A(t)=266  sim=225.2s
epoch   11950  HO=0.0794  meanSteps=   610.4  copy=0.388  A(t)=266  sim=225.9s
epoch   12000  HO=0.0802  meanSteps=   586.9  copy=0.386  A(t)=266  sim=226.6s
epoch   12050  HO=0.0817  meanSteps=   598.9  copy=0.386  A(t)=266  sim=227.3s
epoch   12100  HO=0.0781  meanSteps=   600.4  copy=0.385  A(t)=266  sim=228.1s
epoch   12150  HO=0.0755  meanSteps=   588.2  copy=0.383  A(t)=266  sim=228.7s
epoch   12200  HO=0.0756  meanSteps=   587.4  copy=0.386  A(t)=266  sim=229.4s
epoch   12250  HO=0.0762  meanSteps=   582.6  copy=0.385  A(t)=266  sim=229.9s
epoch   12300  HO=0.0765  meanSteps=   578.7  copy=0.386  A(t)=266  sim=230.7s
epoch   12350  HO=0.0763  meanSteps=   589.0  copy=0.387  A(t)=266  sim=231.4s
epoch   12400  HO=0.0778  meanSteps=   589.1  copy=0.387  A(t)=267  sim=231.9s
epoch   12450  HO=0.0743  meanSteps=   576.1  copy=0.389  A(t)=268  sim=232.7s
epoch   12500  HO=0.0699  meanSteps=   589.2  copy=0.391  A(t)=268  sim=233.5s
epoch   12550  HO=0.0723  meanSteps=   590.1  copy=0.391  A(t)=268  sim=234.2s
epoch   12600  HO=0.0725  meanSteps=   582.8  copy=0.391  A(t)=268  sim=234.9s
epoch   12650  HO=0.0747  meanSteps=   575.8  copy=0.389  A(t)=268  sim=235.5s
epoch   12700  HO=0.0758  meanSteps=   578.2  copy=0.390  A(t)=268  sim=236.1s
epoch   12750  HO=0.0733  meanSteps=   590.3  copy=0.389  A(t)=268  sim=236.8s
epoch   12800  HO=0.0743  meanSteps=   583.4  copy=0.390  A(t)=268  sim=237.6s
epoch   12850  HO=0.0753  meanSteps=   586.3  copy=0.391  A(t)=268  sim=238.2s
epoch   12900  HO=0.0750  meanSteps=   595.4  copy=0.394  A(t)=268  sim=238.9s
epoch   12950  HO=0.0771  meanSteps=   585.3  copy=0.393  A(t)=268  sim=239.6s
epoch   13000  HO=0.0766  meanSteps=   589.1  copy=0.395  A(t)=268  sim=240.4s
epoch   13050  HO=0.0769  meanSteps=   591.5  copy=0.395  A(t)=268  sim=241.2s
epoch   13100  HO=0.0793  meanSteps=   594.6  copy=0.394  A(t)=268  sim=241.9s
epoch   13150  HO=0.0780  meanSteps=   590.0  copy=0.393  A(t)=268  sim=242.6s
epoch   13200  HO=0.0803  meanSteps=   586.7  copy=0.394  A(t)=268  sim=243.4s
epoch   13250  HO=0.0758  meanSteps=   591.9  copy=0.393  A(t)=268  sim=244.1s
epoch   13300  HO=0.0764  meanSteps=   587.7  copy=0.393  A(t)=268  sim=244.7s
epoch   13350  HO=0.0779  meanSteps=   598.1  copy=0.391  A(t)=268  sim=245.4s
epoch   13400  HO=0.0758  meanSteps=   590.6  copy=0.388  A(t)=268  sim=246.1s
epoch   13450  HO=0.0745  meanSteps=   587.1  copy=0.388  A(t)=268  sim=246.9s
epoch   13500  HO=0.0749  meanSteps=   603.3  copy=0.386  A(t)=268  sim=247.6s
epoch   13550  HO=0.0751  meanSteps=   602.0  copy=0.386  A(t)=268  sim=248.4s
epoch   13600  HO=0.0772  meanSteps=   602.9  copy=0.387  A(t)=268  sim=249.1s
epoch   13650  HO=0.0754  meanSteps=   608.7  copy=0.384  A(t)=268  sim=249.7s
epoch   13700  HO=0.0736  meanSteps=   595.2  copy=0.383  A(t)=268  sim=250.3s
epoch   13750  HO=0.0729  meanSteps=   601.5  copy=0.385  A(t)=268  sim=251.1s
epoch   13800  HO=0.0737  meanSteps=   595.0  copy=0.384  A(t)=268  sim=251.8s
epoch   13850  HO=0.0713  meanSteps=   601.4  copy=0.385  A(t)=268  sim=252.5s
epoch   13900  HO=0.0677  meanSteps=   604.5  copy=0.384  A(t)=268  sim=253.3s
epoch   13950  HO=0.0675  meanSteps=   607.2  copy=0.389  A(t)=268  sim=253.9s
epoch   14000  HO=0.0649  meanSteps=   601.5  copy=0.389  A(t)=268  sim=254.5s
epoch   14050  HO=0.0694  meanSteps=   594.1  copy=0.387  A(t)=268  sim=255.2s
epoch   14100  HO=0.0726  meanSteps=   607.8  copy=0.386  A(t)=268  sim=256.1s
epoch   14150  HO=0.0684  meanSteps=   603.7  copy=0.385  A(t)=270  sim=256.7s
epoch   14200  HO=0.0668  meanSteps=   603.1  copy=0.383  A(t)=270  sim=257.3s
epoch   14250  HO=0.0659  meanSteps=   598.4  copy=0.387  A(t)=270  sim=258.0s
epoch   14300  HO=0.0629  meanSteps=   618.4  copy=0.387  A(t)=270  sim=258.7s
epoch   14350  HO=0.0637  meanSteps=   619.7  copy=0.385  A(t)=270  sim=259.2s
epoch   14400  HO=0.0656  meanSteps=   612.5  copy=0.387  A(t)=270  sim=260.0s
epoch   14450  HO=0.0659  meanSteps=   615.7  copy=0.386  A(t)=270  sim=260.5s
epoch   14500  HO=0.0660  meanSteps=   619.6  copy=0.385  A(t)=270  sim=261.6s
epoch   14550  HO=0.0653  meanSteps=   618.1  copy=0.387  A(t)=270  sim=262.3s
epoch   14600  HO=0.0641  meanSteps=   614.1  copy=0.391  A(t)=270  sim=263.1s
epoch   14650  HO=0.0700  meanSteps=   603.6  copy=0.389  A(t)=270  sim=263.9s
epoch   14700  HO=0.0694  meanSteps=   611.0  copy=0.388  A(t)=270  sim=264.6s
epoch   14750  HO=0.0678  meanSteps=   617.0  copy=0.389  A(t)=270  sim=265.3s
epoch   14800  HO=0.0674  meanSteps=   627.4  copy=0.389  A(t)=270  sim=266.1s
epoch   14850  HO=0.0669  meanSteps=   627.3  copy=0.387  A(t)=270  sim=266.8s
epoch   14900  HO=0.0690  meanSteps=   634.0  copy=0.387  A(t)=270  sim=267.5s
epoch   14950  HO=0.0718  meanSteps=   618.7  copy=0.387  A(t)=270  sim=268.3s
epoch   15000  HO=0.0678  meanSteps=   626.3  copy=0.384  A(t)=270  sim=269.0s
epoch   15050  HO=0.0679  meanSteps=   629.3  copy=0.384  A(t)=270  sim=269.6s
epoch   15100  HO=0.0651  meanSteps=   639.0  copy=0.385  A(t)=270  sim=270.5s
epoch   15150  HO=0.0674  meanSteps=   629.3  copy=0.385  A(t)=270  sim=271.3s
epoch   15200  HO=0.0632  meanSteps=   622.8  copy=0.383  A(t)=270  sim=271.9s
epoch   15250  HO=0.0624  meanSteps=   624.2  copy=0.380  A(t)=270  sim=272.6s
epoch   15300  HO=0.0630  meanSteps=   612.6  copy=0.382  A(t)=270  sim=273.3s
epoch   15350  HO=0.0599  meanSteps=   630.3  copy=0.385  A(t)=270  sim=274.0s
epoch   15400  HO=0.0633  meanSteps=   622.6  copy=0.386  A(t)=270  sim=274.6s
epoch   15450  HO=0.0647  meanSteps=   612.7  copy=0.383  A(t)=270  sim=275.3s
epoch   15500  HO=0.0589  meanSteps=   613.8  copy=0.383  A(t)=270  sim=276.0s
epoch   15550  HO=0.0589  meanSteps=   616.5  copy=0.382  A(t)=270  sim=276.8s
epoch   15600  HO=0.0584  meanSteps=   623.4  copy=0.382  A(t)=270  sim=277.6s
epoch   15650  HO=0.0523  meanSteps=   622.5  copy=0.382  A(t)=270  sim=278.5s
epoch   15700  HO=0.0529  meanSteps=   622.6  copy=0.381  A(t)=271  sim=279.2s
epoch   15750  HO=0.0551  meanSteps=   621.2  copy=0.381  A(t)=271  sim=279.9s
epoch   15800  HO=0.0574  meanSteps=   609.8  copy=0.380  A(t)=271  sim=280.8s
epoch   15850  HO=0.0575  meanSteps=   608.4  copy=0.381  A(t)=271  sim=281.4s
epoch   15900  HO=0.0590  meanSteps=   602.8  copy=0.382  A(t)=271  sim=282.1s
epoch   15950  HO=0.0620  meanSteps=   603.6  copy=0.383  A(t)=271  sim=282.7s
epoch   16000  HO=0.0630  meanSteps=   612.1  copy=0.385  A(t)=271  sim=283.5s
epoch   16050  HO=0.0619  meanSteps=   616.0  copy=0.385  A(t)=271  sim=284.1s
epoch   16100  HO=0.0627  meanSteps=   617.6  copy=0.381  A(t)=271  sim=284.7s
epoch   16150  HO=0.0618  meanSteps=   613.2  copy=0.384  A(t)=271  sim=285.3s
epoch   16200  HO=0.0624  meanSteps=   617.1  copy=0.385  A(t)=271  sim=285.9s
epoch   16250  HO=0.0627  meanSteps=   610.4  copy=0.386  A(t)=271  sim=286.6s
epoch   16300  HO=0.0648  meanSteps=   596.2  copy=0.388  A(t)=271  sim=287.4s
epoch   16350  HO=0.0606  meanSteps=   587.3  copy=0.388  A(t)=271  sim=288.0s
epoch   16400  HO=0.0600  meanSteps=   593.4  copy=0.389  A(t)=271  sim=289.0s
epoch   16450  HO=0.0605  meanSteps=   604.2  copy=0.389  A(t)=271  sim=289.8s
epoch   16500  HO=0.0585  meanSteps=   607.2  copy=0.389  A(t)=272  sim=290.5s
epoch   16550  HO=0.0552  meanSteps=   600.1  copy=0.390  A(t)=272  sim=291.2s
epoch   16600  HO=0.0575  meanSteps=   607.5  copy=0.391  A(t)=272  sim=291.9s
epoch   16650  HO=0.0573  meanSteps=   603.8  copy=0.391  A(t)=272  sim=292.6s
epoch   16700  HO=0.0594  meanSteps=   598.6  copy=0.390  A(t)=272  sim=293.4s
epoch   16750  HO=0.0583  meanSteps=   617.0  copy=0.391  A(t)=272  sim=294.3s
epoch   16800  HO=0.0597  meanSteps=   616.7  copy=0.391  A(t)=272  sim=295.1s
epoch   16850  HO=0.0577  meanSteps=   599.2  copy=0.389  A(t)=272  sim=295.8s
epoch   16900  HO=0.0556  meanSteps=   587.8  copy=0.389  A(t)=272  sim=296.4s
epoch   16950  HO=0.0575  meanSteps=   597.5  copy=0.390  A(t)=272  sim=297.1s
epoch   17000  HO=0.0557  meanSteps=   611.6  copy=0.389  A(t)=272  sim=297.8s
epoch   17050  HO=0.0558  meanSteps=   597.4  copy=0.389  A(t)=272  sim=298.6s
epoch   17100  HO=0.0587  meanSteps=   594.2  copy=0.392  A(t)=272  sim=299.3s
epoch   17150  HO=0.0592  meanSteps=   589.0  copy=0.392  A(t)=272  sim=299.9s
epoch   17200  HO=0.0566  meanSteps=   589.9  copy=0.392  A(t)=272  sim=300.5s
epoch   17250  HO=0.0570  meanSteps=   602.3  copy=0.392  A(t)=272  sim=301.2s
epoch   17300  HO=0.0547  meanSteps=   591.3  copy=0.388  A(t)=274  sim=301.9s
epoch   17350  HO=0.0566  meanSteps=   600.3  copy=0.390  A(t)=274  sim=302.7s
epoch   17400  HO=0.0533  meanSteps=   601.5  copy=0.387  A(t)=274  sim=303.3s
epoch   17450  HO=0.0551  meanSteps=   592.5  copy=0.386  A(t)=274  sim=304.1s
epoch   17500  HO=0.0557  meanSteps=   587.6  copy=0.387  A(t)=274  sim=304.9s
epoch   17550  HO=0.0572  meanSteps=   599.7  copy=0.387  A(t)=274  sim=305.5s
epoch   17600  HO=0.0580  meanSteps=   604.6  copy=0.388  A(t)=274  sim=306.3s
epoch   17650  HO=0.0590  meanSteps=   604.0  copy=0.389  A(t)=274  sim=307.0s
epoch   17700  HO=0.0593  meanSteps=   601.2  copy=0.388  A(t)=274  sim=307.9s
epoch   17750  HO=0.0578  meanSteps=   600.2  copy=0.389  A(t)=274  sim=308.6s
epoch   17800  HO=0.0611  meanSteps=   612.0  copy=0.388  A(t)=274  sim=309.4s
epoch   17850  HO=0.0656  meanSteps=   609.9  copy=0.387  A(t)=274  sim=310.0s
epoch   17900  HO=0.0671  meanSteps=   610.0  copy=0.387  A(t)=274  sim=310.9s
epoch   17950  HO=0.0657  meanSteps=   622.6  copy=0.387  A(t)=274  sim=311.6s
epoch   18000  HO=0.0658  meanSteps=   609.2  copy=0.386  A(t)=274  sim=312.2s
epoch   18050  HO=0.0722  meanSteps=   610.8  copy=0.390  A(t)=274  sim=312.9s
epoch   18100  HO=0.0771  meanSteps=   606.2  copy=0.391  A(t)=274  sim=313.5s
epoch   18150  HO=0.0751  meanSteps=   613.8  copy=0.390  A(t)=275  sim=314.3s
epoch   18200  HO=0.0789  meanSteps=   607.2  copy=0.390  A(t)=275  sim=315.1s
epoch   18250  HO=0.0804  meanSteps=   605.8  copy=0.389  A(t)=275  sim=315.7s
epoch   18300  HO=0.0817  meanSteps=   620.4  copy=0.388  A(t)=275  sim=316.5s
epoch   18350  HO=0.0819  meanSteps=   603.4  copy=0.390  A(t)=275  sim=317.1s
epoch   18400  HO=0.0813  meanSteps=   598.3  copy=0.392  A(t)=275  sim=317.8s
epoch   18450  HO=0.0829  meanSteps=   604.0  copy=0.392  A(t)=276  sim=318.3s
epoch   18500  HO=0.0855  meanSteps=   592.9  copy=0.393  A(t)=276  sim=319.1s
epoch   18550  HO=0.0866  meanSteps=   588.2  copy=0.391  A(t)=276  sim=319.9s
epoch   18600  HO=0.0894  meanSteps=   585.0  copy=0.392  A(t)=276  sim=320.5s
epoch   18650  HO=0.0862  meanSteps=   583.3  copy=0.390  A(t)=276  sim=321.1s
epoch   18700  HO=0.0874  meanSteps=   584.1  copy=0.385  A(t)=276  sim=321.7s
epoch   18750  HO=0.0833  meanSteps=   576.9  copy=0.388  A(t)=276  sim=322.4s
epoch   18800  HO=0.0799  meanSteps=   587.3  copy=0.389  A(t)=276  sim=322.9s
epoch   18850  HO=0.0790  meanSteps=   585.5  copy=0.388  A(t)=276  sim=323.5s
epoch   18900  HO=0.0805  meanSteps=   578.5  copy=0.389  A(t)=276  sim=324.2s
epoch   18950  HO=0.0790  meanSteps=   586.5  copy=0.388  A(t)=276  sim=325.0s
epoch   19000  HO=0.0826  meanSteps=   579.2  copy=0.389  A(t)=276  sim=325.6s
epoch   19050  HO=0.0813  meanSteps=   572.7  copy=0.385  A(t)=276  sim=326.3s
epoch   19100  HO=0.0753  meanSteps=   577.7  copy=0.385  A(t)=276  sim=327.0s
epoch   19150  HO=0.0725  meanSteps=   576.2  copy=0.384  A(t)=276  sim=327.7s
epoch   19200  HO=0.0747  meanSteps=   581.8  copy=0.384  A(t)=276  sim=328.5s
epoch   19250  HO=0.0788  meanSteps=   591.7  copy=0.385  A(t)=276  sim=329.4s
epoch   19300  HO=0.0852  meanSteps=   591.6  copy=0.385  A(t)=276  sim=330.0s
epoch   19350  HO=0.0819  meanSteps=   602.6  copy=0.387  A(t)=276  sim=330.6s
epoch   19400  HO=0.0803  meanSteps=   591.8  copy=0.389  A(t)=276  sim=331.4s
epoch   19450  HO=0.0831  meanSteps=   596.0  copy=0.390  A(t)=276  sim=332.2s
epoch   19500  HO=0.0749  meanSteps=   600.3  copy=0.392  A(t)=276  sim=333.0s
epoch   19550  HO=0.0750  meanSteps=   582.0  copy=0.390  A(t)=276  sim=333.6s
epoch   19600  HO=0.0798  meanSteps=   580.1  copy=0.391  A(t)=276  sim=334.2s
epoch   19650  HO=0.0809  meanSteps=   584.8  copy=0.391  A(t)=276  sim=335.2s
epoch   19700  HO=0.0820  meanSteps=   578.1  copy=0.391  A(t)=276  sim=336.2s
epoch   19750  HO=0.0892  meanSteps=   573.3  copy=0.390  A(t)=276  sim=336.9s
epoch   19800  HO=0.0863  meanSteps=   577.7  copy=0.390  A(t)=276  sim=337.5s
epoch   19850  HO=0.0859  meanSteps=   572.6  copy=0.388  A(t)=276  sim=338.2s
epoch   19900  HO=0.0912  meanSteps=   580.3  copy=0.390  A(t)=276  sim=338.9s
epoch   19950  HO=0.0936  meanSteps=   581.8  copy=0.392  A(t)=276  sim=339.7s
epoch   20000  HO=0.0921  meanSteps=   575.9  copy=0.390  A(t)=276  sim=340.3s
done: 20000 epochs in 462.9s wall (340.3s simulating), runs/blocks_d2_s4
