epoch       0  HO=-0.0005  meanSteps=     0.0  copy=0.000  A(t)=0  sim=0.0s
epoch      50  HO=-0.0008  meanSteps=   627.6  copy=0.508  A(t)=0  sim=1.1s
epoch     100  HO=0.0965  meanSteps=   623.8  copy=0.492  A(t)=0  sim=2.1s
epoch     150  HO=0.1088  meanSteps=   623.7  copy=0.485  A(t)=0  sim=3.3s
epoch     200  HO=0.1224  meanSteps=   610.6  copy=0.479  A(t)=0  sim=4.3s
epoch     250  HO=0.1248  meanSteps=   625.3  copy=0.471  A(t)=0  sim=5.3s
epoch     300  HO=0.1303  meanSteps=   624.7  copy=0.462  A(t)=100  sim=6.4s
epoch     350  HO=0.1444  meanSteps=   628.9  copy=0.461  A(t)=124  sim=7.4s
epoch     400  HO=0.1539  meanSteps=   619.8  copy=0.460  A(t)=135  sim=8.5s
epoch     450  HO=0.1645  meanSteps=   626.9  copy=0.456  A(t)=145  sim=9.5s
epoch     500  HO=0.1704  meanSteps=   612.5  copy=0.453  A(t)=146  sim=10.5s
epoch     550  HO=0.1733  meanSteps=   605.3  copy=0.449  A(t)=151  sim=11.6s
epoch     600  HO=0.1833  meanSteps=   602.2  copy=0.445  A(t)=161  sim=12.5s
epoch     650  HO=0.1914  meanSteps=   599.9  copy=0.447  A(t)=170  sim=13.7s
epoch     700  HO=0.1907  meanSteps=   594.3  copy=0.444  A(t)=178  sim=14.8s
epoch     750  HO=0.1962  meanSteps=   596.8  copy=0.444  A(t)=185  sim=15.7s
epoch     800  HO=0.1885  meanSteps=   588.9  copy=0.435  A(t)=193  sim=16.8s
epoch     850  HO=0.1937  meanSteps=   590.6  copy=0.433  A(t)=200  sim=17.9s
epoch     900  HO=0.1928  meanSteps=   599.1  copy=0.432  A(t)=208  sim=18.9s
epoch     950  HO=0.1923  meanSteps=   609.3  copy=0.429  A(t)=209  sim=19.9s
epoch    1000  HO=0.1928  meanSteps=   606.6  copy=0.431  A(t)=211  sim=20.9s
epoch    1050  HO=0.1922  meanSteps=   610.2  copy=0.432  A(t)=215  sim=21.9s
epoch    1100  HO=0.1931  meanSteps=   600.9  copy=0.433  A(t)=217  sim=22.9s
epoch    1150  HO=0.1996  meanSteps=   595.3  copy=0.436  A(t)=222  sim=24.0s
epoch    1200  HO=0.2028  meanSteps=   603.8  copy=0.435  A(t)=224  sim=24.8s
epoch    1250  HO=0.1997  meanSteps=   605.0  copy=0.434  A(t)=226  sim=25.8s
epoch    1300  HO=0.1990  meanSteps=   597.0  copy=0.431  A(t)=229  sim=26.9s
epoch    1350  HO=0.1993  meanSteps=   600.5  copy=0.428  A(t)=230  sim=27.9s
epoch    1400  HO=0.1965  meanSteps=   594.8  copy=0.430  A(t)=231  sim=28.9s
epoch    1450  HO=0.2023  meanSteps=   604.6  copy=0.430  A(t)=231  sim=30.0s
epoch    1500  HO=0.2088  meanSteps=   594.2  copy=0.427  A(t)=233  sim=31.0s
epoch    1550  HO=0.2069  meanSteps=   599.2  copy=0.424  A(t)=236  sim=32.1s
epoch    1600  HO=0.2108  meanSteps=   594.1  copy=0.423  A(t)=237  sim=33.2s
epoch    1650  HO=0.2185  meanSteps=   596.0  copy=0.425  A(t)=239  sim=34.3s
epoch    1700  HO=0.2300  meanSteps=   605.1  copy=0.426  A(t)=240  sim=35.3s
epoch    1750  HO=0.2394  meanSteps=   587.7  copy=0.425  A(t)=243  sim=36.4s
epoch    1800  HO=0.2423  meanSteps=   587.4  copy=0.427  A(t)=244  sim=37.4s
epoch    1850  HO=0.2554  meanSteps=   574.8  copy=0.425  A(t)=248  sim=38.5s
epoch    1900  HO=0.2574  meanSteps=   577.5  copy=0.424  A(t)=249  sim=39.5s
epoch    1950  HO=0.2517  meanSteps=   571.1  copy=0.422  A(t)=251  sim=40.6s
epoch    2000  HO=0.2476  meanSteps=   555.9  copy=0.424  A(t)=255  sim=41.5s
epoch    2050  HO=0.2533  meanSteps=   563.7  copy=0.423  A(t)=256  sim=42.5s
epoch    2100  HO=0.2450  meanSteps=   564.8  copy=0.422  A(t)=257  sim=43.5s
epoch    2150  HO=0.2443  meanSteps=   553.0  copy=0.424  A(t)=260  sim=44.5s
epoch    2200  HO=0.2457  meanSteps=   549.7  copy=0.422  A(t)=260  sim=45.6s
epoch    2250  HO=0.2453  meanSteps=   548.2  copy=0.421  A(t)=260  sim=46.6s
epoch    2300  HO=0.2369  meanSteps=   539.4  copy=0.421  A(t)=261  sim=47.5s
epoch    2350  HO=0.2315  meanSteps=   540.1  copy=0.418  A(t)=264  sim=48.5s
epoch    2400  HO=0.2365  meanSteps=   542.0  copy=0.420  A(t)=264  sim=49.4s
epoch    2450  HO=0.2484  meanSteps=   539.5  copy=0.422  A(t)=265  sim=50.4s
epoch    2500  HO=0.2601  meanSteps=   542.0  copy=0.422  A(t)=265  sim=51.3s
epoch    2550  HO=0.2630  meanSteps=   535.8  copy=0.420  A(t)=267  sim=52.3s
epoch    2600  HO=0.2662  meanSteps=   541.6  copy=0.416  A(t)=268  sim=53.3s
epoch    2650  HO=0.2623  meanSteps=   547.1  copy=0.419  A(t)=271  sim=54.2s
epoch    2700  HO=0.2704  meanSteps=   540.3  copy=0.418  A(t)=273  sim=55.2s
epoch    2750  HO=0.2721  meanSteps=   561.8  copy=0.417  A(t)=273  sim=56.1s
epoch    2800  HO=0.2675  meanSteps=   559.9  copy=0.417  A(t)=273  sim=57.1s
epoch    2850  HO=0.2653  meanSteps=   566.8  copy=0.413  A(t)=273  sim=58.1s
epoch    2900  HO=0.2642  meanSteps=   569.1  copy=0.411  A(t)=273  sim=59.1s
epoch    2950  HO=0.2587  meanSteps=   561.6  copy=0.413  A(t)=278  sim=60.1s
epoch    3000  HO=0.2611  meanSteps=   559.9  copy=0.410  A(t)=279  sim=61.1s
epoch    3050  HO=0.2658  meanSteps=   559.8  copy=0.412  A(t)=279  sim=62.0s
epoch    3100  HO=0.2562  meanSteps=   547.6  copy=0.412  A(t)=279  sim=63.0s
epoch    3150  HO=0.2561  meanSteps=   544.9  copy=0.412  A(t)=279  sim=63.9s
epoch    3200  HO=0.2619  meanSteps=   554.2  copy=0.411  A(t)=281  sim=64.9s
epoch    3250  HO=0.2566  meanSteps=   562.4  copy=0.411  A(t)=281  sim=66.1s
epoch    3300  HO=0.2535  meanSteps=   557.4  copy=0.409  A(t)=281  sim=67.0s
epoch    3350  HO=0.2522  meanSteps=   562.8  copy=0.410  A(t)=281  sim=68.0s
epoch    3400  HO=0.2484  meanSteps=   568.4  copy=0.411  A(t)=282  sim=68.9s
epoch    3450  HO=0.2482  meanSteps=   565.5  copy=0.416  A(t)=282  sim=70.1s
epoch    3500  HO=0.2505  meanSteps=   561.8  copy=0.416  A(t)=283  sim=71.0s
epoch    3550  HO=0.2510  meanSteps=   556.4  copy=0.416  A(t)=283  sim=72.0s
epoch    3600  HO=0.2472  meanSteps=   558.6  copy=0.420  A(t)=283  sim=73.0s
epoch    3650  HO=0.2387  meanSteps=   553.8  copy=0.417  A(t)=283  sim=74.0s
epoch    3700  HO=0.2399  meanSteps=   550.4  copy=0.416  A(t)=288  sim=75.0s
epoch    3750  HO=0.2359  meanSteps=   557.3  copy=0.418  A(t)=290  sim=76.0s
epoch    3800  HO=0.2513  meanSteps=   556.2  copy=0.417  A(t)=290  sim=77.0s
epoch    3850  HO=0.2519  meanSteps=   547.8  copy=0.418  A(t)=290  sim=78.1s
epoch    3900  HO=0.2592  meanSteps=   546.7  copy=0.416  A(t)=290  sim=79.0s
epoch    3950  HO=0.2535  meanSteps=   541.2  copy=0.416  A(t)=291  sim=80.0s
epoch    4000  HO=0.2541  meanSteps=   535.0  copy=0.420  A(t)=292  sim=80.9s
epoch    4050  HO=0.2547  meanSteps=   529.9  copy=0.418  A(t)=293  sim=81.9s
epoch    4100  HO=0.2467  meanSteps=   536.5  copy=0.423  A(t)=293  sim=82.8s
epoch    4150  HO=0.2501  meanSteps=   541.0  copy=0.424  A(t)=298  sim=83.8s
epoch    4200  HO=0.2600  meanSteps=   535.5  copy=0.426  A(t)=300  sim=84.9s
epoch    4250  HO=0.2629  meanSteps=   547.1  copy=0.427  A(t)=301  sim=85.8s
epoch    4300  HO=0.2593  meanSteps=   537.8  copy=0.429  A(t)=301  sim=86.9s
epoch    4350  HO=0.2538  meanSteps=   539.7  copy=0.431  A(t)=301  sim=87.9s
epoch    4400  HO=0.2618  meanSteps=   536.4  copy=0.431  A(t)=301  sim=88.8s
epoch    4450  HO=0.2603  meanSteps=   539.0  copy=0.430  A(t)=304  sim=89.8s
epoch    4500  HO=0.2461  meanSteps=   548.6  copy=0.432  A(t)=305  sim=90.8s
epoch    4550  HO=0.2653  meanSteps=   557.0  copy=0.431  A(t)=306  sim=91.7s
epoch    4600  HO=0.2671  meanSteps=   570.1  copy=0.430  A(t)=308  sim=92.7s
epoch    4650  HO=0.2626  meanSteps=   567.8  copy=0.435  A(t)=308  sim=93.7s
epoch    4700  HO=0.2577  meanSteps=   559.3  copy=0.432  A(t)=309  sim=94.7s
epoch    4750  HO=0.2585  meanSteps=   567.6  copy=0.429  A(t)=309  sim=95.9s
epoch    4800  HO=0.2529  meanSteps=   563.4  copy=0.430  A(t)=309  sim=97.0s
epoch    4850  HO=0.2603  meanSteps=   553.6  copy=0.432  A(t)=311  sim=98.1s
epoch    4900  HO=0.2591  meanSteps=   556.8  copy=0.437  A(t)=311  sim=99.1s
epoch    4950  HO=0.2563  meanSteps=   569.0  copy=0.436  A(t)=314  sim=100.2s
epoch    5000  HO=0.2638  meanSteps=   558.4  copy=0.436  A(t)=316  sim=101.2s
epoch    5050  HO=0.2701  meanSteps=   547.4  copy=0.433  A(t)=316  sim=102.2s
epoch    5100  HO=0.2733  meanSteps=   553.1  copy=0.433  A(t)=316  sim=103.2s
epoch    5150  HO=0.2749  meanSteps=   557.1  copy=0.434  A(t)=316  sim=104.2s
epoch    5200  HO=0.2861  meanSteps=   573.5  copy=0.435  A(t)=316  sim=105.2s
epoch    5250  HO=0.2907  meanSteps=   569.0  copy=0.432  A(t)=316  sim=106.2s
epoch    5300  HO=0.2913  meanSteps=   550.9  copy=0.431  A(t)=318  sim=107.2s
epoch    5350  HO=0.2991  meanSteps=   563.3  copy=0.430  A(t)=321  sim=108.2s
epoch    5400  HO=0.2960  meanSteps=   560.3  copy=0.432  A(t)=323  sim=109.2s
epoch    5450  HO=0.3095  meanSteps=   552.8  copy=0.431  A(t)=328  sim=110.2s
epoch    5500  HO=0.3098  meanSteps=   550.8  copy=0.434  A(t)=329  sim=111.1s
epoch    5550  HO=0.3028  meanSteps=   552.1  copy=0.431  A(t)=329  sim=112.1s
epoch    5600  HO=0.3051  meanSteps=   555.0  copy=0.431  A(t)=329  sim=113.1s
epoch    5650  HO=0.3065  meanSteps=   559.0  copy=0.434  A(t)=329  sim=114.1s
epoch    5700  HO=0.3017  meanSteps=   563.3  copy=0.434  A(t)=333  sim=115.2s
epoch    5750  HO=0.2916  meanSteps=   559.6  copy=0.433  A(t)=333  sim=116.2s
epoch    5800  HO=0.2945  meanSteps=   558.5  copy=0.431  A(t)=333  sim=117.3s
epoch    5850  HO=0.2928  meanSteps=   554.8  copy=0.429  A(t)=333  sim=118.3s
epoch    5900  HO=0.2863  meanSteps=   558.7  copy=0.432  A(t)=333  sim=119.3s
epoch    5950  HO=0.2911  meanSteps=   540.7  copy=0.432  A(t)=333  sim=120.3s
epoch    6000  HO=0.2912  meanSteps=   543.4  copy=0.432  A(t)=333  sim=121.4s
epoch    6050  HO=0.2849  meanSteps=   554.2  copy=0.430  A(t)=335  sim=122.4s
epoch    6100  HO=0.2880  meanSteps=   553.8  copy=0.428  A(t)=335  sim=123.4s
epoch    6150  HO=0.2852  meanSteps=   542.4  copy=0.429  A(t)=335  sim=124.4s
epoch    6200  HO=0.2857  meanSteps=   546.3  copy=0.430  A(t)=339  sim=125.4s
epoch    6250  HO=0.2907  meanSteps=   541.8  copy=0.435  A(t)=341  sim=126.4s
epoch    6300  HO=0.2970  meanSteps=   548.7  copy=0.436  A(t)=341  sim=127.5s
epoch    6350  HO=0.3040  meanSteps=   531.4  copy=0.438  A(t)=341  sim=128.5s
epoch    6400  HO=0.3028  meanSteps=   544.2  copy=0.439  A(t)=341  sim=129.5s
epoch    6450  HO=0.2955  meanSteps=   549.7  copy=0.435  A(t)=341  sim=130.5s
epoch    6500  HO=0.2975  meanSteps=   548.6  copy=0.436  A(t)=341  sim=131.5s
epoch    6550  HO=0.2898  meanSteps=   556.3  copy=0.434  A(t)=341  sim=132.5s
epoch    6600  HO=0.2845  meanSteps=   550.3  copy=0.432  A(t)=341  sim=133.5s
epoch    6650  HO=0.2868  meanSteps=   548.6  copy=0.433  A(t)=341  sim=134.5s
epoch    6700  HO=0.2888  meanSteps=   542.3  copy=0.432  A(t)=342  sim=135.5s
epoch    6750  HO=0.2936  meanSteps=   541.7  copy=0.429  A(t)=342  sim=136.5s
epoch    6800  HO=0.2954  meanSteps=   549.3  copy=0.431  A(t)=342  sim=137.5s
epoch    6850  HO=0.3043  meanSteps=   553.8  copy=0.431  A(t)=342  sim=138.6s
epoch    6900  HO=0.3006  meanSteps=   562.8  copy=0.431  A(t)=342  sim=139.6s
epoch    6950  HO=0.3038  meanSteps=   555.1  copy=0.437  A(t)=342  sim=140.6s
epoch    7000  HO=0.3102  meanSteps=   562.0  copy=0.438  A(t)=346  sim=141.6s
epoch    7050  HO=0.3153  meanSteps=   553.3  copy=0.437  A(t)=346  sim=142.6s
epoch    7100  HO=0.3156  meanSteps=   562.0  copy=0.434  A(t)=346  sim=143.7s
epoch    7150  HO=0.3061  meanSteps=   556.8  copy=0.434  A(t)=348  sim=144.7s
epoch    7200  HO=0.3080  meanSteps=   552.6  copy=0.437  A(t)=348  sim=145.7s
epoch    7250  HO=0.3105  meanSteps=   557.2  copy=0.438  A(t)=350  sim=146.7s
epoch    7300  HO=0.3105  meanSteps=   566.9  copy=0.436  A(t)=351  sim=147.8s
epoch    7350  HO=0.3213  meanSteps=   552.2  copy=0.440  A(t)=351  sim=148.8s
epoch    7400  HO=0.3206  meanSteps=   555.4  copy=0.439  A(t)=351  sim=149.8s
epoch    7450  HO=0.3273  meanSteps=   560.0  copy=0.442  A(t)=354  sim=150.9s
epoch    7500  HO=0.3284  meanSteps=   571.0  copy=0.444  A(t)=354  sim=151.9s
epoch    7550  HO=0.3630  meanSteps=   593.9  copy=0.446  A(t)=354  sim=153.0s
epoch    7600  HO=0.3505  meanSteps=   565.5  copy=0.448  A(t)=356  sim=154.1s
epoch    7650  HO=0.3406  meanSteps=   567.4  copy=0.449  A(t)=360  sim=155.1s
epoch    7700  HO=0.3391  meanSteps=   575.4  copy=0.453  A(t)=362  sim=156.2s
epoch    7750  HO=0.3372  meanSteps=   565.5  copy=0.451  A(t)=370  sim=157.2s
epoch    7800  HO=0.3401  meanSteps=   567.8  copy=0.450  A(t)=376  sim=158.2s
epoch    7850  HO=0.3310  meanSteps=   575.8  copy=0.449  A(t)=376  sim=159.3s
epoch    7900  HO=0.3316  meanSteps=   585.7  copy=0.451  A(t)=376  sim=160.4s
epoch    7950  HO=0.3317  meanSteps=   579.7  copy=0.451  A(t)=376  sim=161.5s
epoch    8000  HO=0.3280  meanSteps=   569.4  copy=0.453  A(t)=379  sim=162.6s
epoch    8050  HO=0.3320  meanSteps=   571.3  copy=0.449  A(t)=380  sim=163.6s
epoch    8100  HO=0.3312  meanSteps=   570.2  copy=0.449  A(t)=380  sim=164.7s
epoch    8150  HO=0.3276  meanSteps=   578.1  copy=0.453  A(t)=380  sim=165.7s
epoch    8200  HO=0.3207  meanSteps=   578.2  copy=0.449  A(t)=380  sim=166.7s
epoch    8250  HO=0.3196  meanSteps=   589.6  copy=0.447  A(t)=380  sim=167.8s
epoch    8300  HO=0.3284  meanSteps=   600.4  copy=0.451  A(t)=380  sim=168.8s
epoch    8350  HO=0.3462  meanSteps=   616.8  copy=0.446  A(t)=380  sim=169.9s
epoch    8400  HO=0.3521  meanSteps=   616.1  copy=0.450  A(t)=380  sim=171.0s
epoch    8450  HO=0.3553  meanSteps=   617.6  copy=0.451  A(t)=382  sim=172.0s
epoch    8500  HO=0.3614  meanSteps=   624.7  copy=0.450  A(t)=382  sim=173.1s
epoch    8550  HO=0.3552  meanSteps=   625.2  copy=0.452  A(t)=393  sim=174.3s
epoch    8600  HO=0.3517  meanSteps=   630.4  copy=0.451  A(t)=400  sim=175.4s
epoch    8650  HO=0.3427  meanSteps=   624.3  copy=0.454  A(t)=400  sim=176.5s
epoch    8700  HO=0.3403  meanSteps=   625.7  copy=0.456  A(t)=402  sim=177.6s
epoch    8750  HO=0.3521  meanSteps=   615.2  copy=0.453  A(t)=404  sim=178.7s
epoch    8800  HO=0.3476  meanSteps=   614.0  copy=0.452  A(t)=404  sim=179.8s
epoch    8850  HO=0.3488  meanSteps=   604.9  copy=0.451  A(t)=406  sim=180.8s
epoch    8900  HO=0.3484  meanSteps=   614.6  copy=0.449  A(t)=406  sim=182.0s
epoch    8950  HO=0.3584  meanSteps=   603.2  copy=0.455  A(t)=406  sim=183.1s
epoch    9000  HO=0.3585  meanSteps=   590.7  copy=0.455  A(t)=409  sim=184.1s
epoch    9050  HO=0.3498  meanSteps=   580.7  copy=0.453  A(t)=409  sim=185.2s
epoch    9100  HO=0.3477  meanSteps=   577.7  copy=0.454  A(t)=409  sim=186.2s
epoch    9150  HO=0.3478  meanSteps=   583.2  copy=0.454  A(t)=413  sim=187.2s
epoch    9200  HO=0.3333  meanSteps=   593.9  copy=0.453  A(t)=413  sim=188.3s
epoch    9250  HO=0.3368  meanSteps=   591.4  copy=0.447  A(t)=413  sim=189.4s
epoch    9300  HO=0.3387  meanSteps=   584.3  copy=0.448  A(t)=413  sim=190.4s
epoch    9350  HO=0.3370  meanSteps=   591.9  copy=0.447  A(t)=413  sim=191.5s
epoch    9400  HO=0.3315  meanSteps=   597.8  copy=0.450  A(t)=413  sim=192.6s
epoch    9450  HO=0.3279  meanSteps=   605.5  copy=0.450  A(t)=413  sim=193.7s
epoch    9500  HO=0.3274  meanSteps=   609.2  copy=0.450  A(t)=414  sim=194.8s
epoch    9550  HO=0.3243  meanSteps=   598.4  copy=0.447  A(t)=417  sim=195.8s
epoch    9600  HO=0.3254  meanSteps=   598.9  copy=0.447  A(t)=419  sim=196.9s
epoch    9650  HO=0.3273  meanSteps=   590.2  copy=0.447  A(t)=419  sim=197.9s
epoch    9700  HO=0.3181  meanSteps=   596.5  copy=0.449  A(t)=419  sim=199.0s
epoch    9750  HO=0.3256  meanSteps=   603.2  copy=0.448  A(t)=419  sim=200.0s
epoch    9800  HO=0.3263  meanSteps=   596.9  copy=0.450  A(t)=421  sim=201.1s
epoch    9850  HO=0.3304  meanSteps=   587.6  copy=0.454  A(t)=421  sim=202.1s
epoch    9900  HO=0.3353  meanSteps=   618.4  copy=0.456  A(t)=425  sim=203.3s
epoch    9950  HO=0.3284  meanSteps=   606.9  copy=0.460  A(t)=427  sim=204.4s
epoch   10000  HO=0.3238  meanSteps=   609.1  copy=0.455  A(t)=427  sim=205.5s
epoch   10050  HO=0.3221  meanSteps=   608.2  copy=0.458  A(t)=427  sim=206.6s
epoch   10100  HO=0.3214  meanSteps=   601.5  copy=0.460  A(t)=429  sim=207.7s
epoch   10150  HO=0.3201  meanSteps=   591.3  copy=0.459  A(t)=429  sim=208.8s
epoch   10200  HO=0.3103  meanSteps=   590.5  copy=0.460  A(t)=429  sim=209.9s
epoch   10250  HO=0.3058  meanSteps=   580.4  copy=0.458  A(t)=429  sim=210.9s
epoch   10300  HO=0.3065  meanSteps=   568.0  copy=0.457  A(t)=429  sim=212.0s
epoch   10350  HO=0.3056  meanSteps=   581.2  copy=0.457  A(t)=429  sim=213.0s
epoch   10400  HO=0.2999  meanSteps=   568.0  copy=0.457  A(t)=429  sim=214.0s
epoch   10450  HO=0.2958  meanSteps=   570.2  copy=0.452  A(t)=429  sim=215.1s
epoch   10500  HO=0.2883  meanSteps=   575.7  copy=0.453  A(t)=429  sim=216.1s
epoch   10550  HO=0.2909  meanSteps=   582.2  copy=0.454  A(t)=429  sim=217.2s
epoch   10600  HO=0.2937  meanSteps=   578.3  copy=0.453  A(t)=429  sim=217.9s
epoch   10650  HO=0.2887  meanSteps=   573.9  copy=0.451  A(t)=429  sim=218.8s
epoch   10700  HO=0.2800  meanSteps=   581.0  copy=0.449  A(t)=429  sim=219.5s
epoch   10750  HO=0.2800  meanSteps=   582.3  copy=0.451  A(t)=429  sim=220.3s
epoch   10800  HO=0.2702  meanSteps=   583.0  copy=0.449  A(t)=429  sim=220.9s
epoch   10850  HO=0.2747  meanSteps=   580.4  copy=0.450  A(t)=429  sim=221.6s
epoch   10900  HO=0.2706  meanSteps=   577.7  copy=0.447  A(t)=429  sim=222.4s
epoch   10950  HO=0.2711  meanSteps=   580.1  copy=0.449  A(t)=429  sim=223.1s
epoch   11000  HO=0.2795  meanSteps=   570.6  copy=0.455  A(t)=429  sim=223.7s
epoch   11050  HO=0.2877  meanSteps=   571.9  copy=0.454  A(t)=429  sim=224.5s
epoch   11100  HO=0.2901  meanSteps=   570.8  copy=0.458  A(t)=429  sim=225.2s
epoch   11150  HO=0.2876  meanSteps=   572.3  copy=0.457  A(t)=431  sim=225.8s
epoch   11200  HO=0.2858  meanSteps=   567.0  copy=0.457  A(t)=431  sim=226.5s
epoch   11250  HO=0.2929  meanSteps=   576.1  copy=0.459  A(t)=432  sim=227.2s
epoch   11300  HO=0.3014  meanSteps=   564.8  copy=0.460  A(t)=432  sim=228.1s
epoch   11350  HO=0.3060  meanSteps=   577.5  copy=0.461  A(t)=435  sim=228.8s
epoch   11400  HO=0.2938  meanSteps=   589.2  copy=0.462  A(t)=435  sim=229.5s
epoch   11450  HO=0.3046  meanSteps=   596.4  copy=0.457  A(t)=435  sim=230.1s
epoch   11500  HO=0.3016  meanSteps=   594.9  copy=0.459  A(t)=435  sim=230.8s
epoch   11550  HO=0.2930  meanSteps=   605.6  copy=0.458  A(t)=435  sim=231.7s
epoch   11600  HO=0.2940  meanSteps=   595.4  copy=0.455  A(t)=438  sim=232.4s
epoch   11650  HO=0.2969  meanSteps=   593.1  copy=0.457  A(t)=438  sim=233.1s
epoch   11700  HO=0.2945  meanSteps=   590.5  copy=0.462  A(t)=438  sim=233.9s
epoch   11750  HO=0.3009  meanSteps=   588.3  copy=0.461  A(t)=438  sim=234.6s
epoch   11800  HO=0.3063  meanSteps=   577.7  copy=0.465  A(t)=440  sim=235.6s
epoch   11850  HO=0.3097  meanSteps=   573.9  copy=0.463  A(t)=440  sim=236.2s
epoch   11900  HO=0.3113  meanSteps=   573.5  copy=0.465  A(t)=440  sim=236.8s
epoch   11950  HO=0.3047  meanSteps=   563.2  copy=0.465  A(t)=440  sim=237.4s
epoch   12000  HO=0.3021  meanSteps=   573.2  copy=0.463  A(t)=440  sim=238.1s
epoch   12050  HO=0.3034  meanSteps=   569.3  copy=0.463  A(t)=442  sim=238.8s
epoch   12100  HO=0.2963  meanSteps=   567.8  copy=0.466  A(t)=442  sim=239.5s
epoch   12150  HO=0.2922  meanSteps=   568.8  copy=0.465  A(t)=442  sim=240.2s
epoch   12200  HO=0.2906  meanSteps=   558.2  copy=0.467  A(t)=445  sim=240.9s
epoch   12250  HO=0.2949  meanSteps=   546.4  copy=0.467  A(t)=445  sim=241.6s
epoch   12300  HO=0.2915  meanSteps=   544.2  copy=0.463  A(t)=448  sim=242.3s
epoch   12350  HO=0.2898  meanSteps=   538.1  copy=0.462  A(t)=448  sim=243.0s
epoch   12400  HO=0.2968  meanSteps=   535.9  copy=0.459  A(t)=448  sim=244.0s
epoch   12450  HO=0.3037  meanSteps=   537.4  copy=0.460  A(t)=448  sim=244.7s
epoch   12500  HO=0.3033  meanSteps=   541.3  copy=0.459  A(t)=448  sim=245.4s
epoch   12550  HO=0.3049  meanSteps=   539.3  copy=0.461  A(t)=448  sim=246.1s
epoch   12600  HO=0.3077  meanSteps=   536.0  copy=0.461  A(t)=450  sim=247.1s
epoch   12650  HO=0.3034  meanSteps=   533.4  copy=0.467  A(t)=450  sim=247.8s
epoch   12700  HO=0.3028  meanSteps=   537.6  copy=0.468  A(t)=452  sim=248.5s
epoch   12750  HO=0.2995  meanSteps=   537.5  copy=0.466  A(t)=452  sim=249.1s
epoch   12800  HO=0.2978  meanSteps=   541.9  copy=0.464  A(t)=452  sim=249.7s
epoch   12850  HO=0.3039  meanSteps=   543.3  copy=0.462  A(t)=454  sim=250.3s
epoch   12900  HO=0.3068  meanSteps=   548.5  copy=0.460  A(t)=454  sim=251.0s
epoch   12950  HO=0.3001  meanSteps=   551.6  copy=0.461  A(t)=454  sim=251.5s
epoch   13000  HO=0.3077  meanSteps=   552.6  copy=0.463  A(t)=454  sim=252.2s
epoch   13050  HO=0.3062  meanSteps=   547.3  copy=0.461  A(t)=454  sim=252.9s
epoch   13100  HO=0.2979  meanSteps=   565.6  copy=0.461  A(t)=462  sim=253.6s
epoch   13150  HO=0.2975  meanSteps=   565.3  copy=0.464  A(t)=467  sim=254.4s
epoch   13200  HO=0.2954  meanSteps=   562.4  copy=0.464  A(t)=467  sim=255.0s
epoch   13250  HO=0.2895  meanSteps=   551.4  copy=0.465  A(t)=467  sim=255.6s
epoch   13300  HO=0.2955  meanSteps=   558.7  copy=0.460  A(t)=467  sim=256.4s
epoch   13350  HO=0.2990  meanSteps=   556.6  copy=0.459  A(t)=467  sim=257.1s
epoch   13400  HO=0.2905  meanSteps=   571.0  copy=0.460  A(t)=467  sim=258.1s
epoch   13450  HO=0.2956  meanSteps=   565.7  copy=0.461  A(t)=467  sim=258.9s
epoch   13500  HO=0.3030  meanSteps=   567.7  copy=0.458  A(t)=467  sim=259.5s
epoch   13550  HO=0.3050  meanSteps=   570.1  copy=0.459  A(t)=469  sim=260.3s
epoch   13600  HO=0.3055  meanSteps=   565.2  copy=0.461  A(t)=469  sim=261.1s
epoch   13650  HO=0.3126  meanSteps=   577.8  copy=0.458  A(t)=469  sim=261.8s
epoch   13700  HO=0.3097  meanSteps=   570.9  copy=0.458  A(t)=469  sim=262.5s
epoch   13750  HO=0.3171  meanSteps=   572.8  copy=0.457  A(t)=469  sim=263.3s
epoch   13800  HO=0.3174  meanSteps=   570.7  copy=0.457  A(t)=469  sim=264.0s
epoch   13850  HO=0.3076  meanSteps=   597.1  copy=0.455  A(t)=469  sim=264.7s
epoch   13900  HO=0.3156  meanSteps=   598.5  copy=0.456  A(t)=469  sim=265.5s
epoch   13950  HO=0.3089  meanSteps=   601.1  copy=0.451  A(t)=469  sim=266.2s
epoch   14000  HO=0.3062  meanSteps=   602.3  copy=0.451  A(t)=469  sim=267.0s
epoch   14050  HO=0.2982  meanSteps=   583.6  copy=0.450  A(t)=469  sim=267.7s
epoch   14100  HO=0.2842  meanSteps=   582.8  copy=0.449  A(t)=469  sim=268.2s
epoch   14150  HO=0.2865  meanSteps=   589.4  copy=0.449  A(t)=471  sim=269.1s
epoch   14200  HO=0.2897  meanSteps=   589.4  copy=0.451  A(t)=471  sim=269.8s
epoch   14250  HO=0.2835  meanSteps=   578.2  copy=0.449  A(t)=471  sim=270.6s
epoch   14300  HO=0.2937  meanSteps=   576.2  copy=0.450  A(t)=471  sim=271.3s
epoch   14350  HO=0.2916  meanSteps=   572.9  copy=0.452  A(t)=471  sim=271.9s
epoch   14400  HO=0.2866  meanSteps=   576.7  copy=0.451  A(t)=471  sim=272.7s
epoch   14450  HO=0.2926  meanSteps=   588.3  copy=0.453  A(t)=471  sim=273.5s
epoch   14500  HO=0.2841  meanSteps=   582.9  copy=0.450  A(t)=473  sim=274.1s
epoch   14550  HO=0.2756  meanSteps=   586.8  copy=0.448  A(t)=473  sim=274.9s
epoch   14600  HO=0.2724  meanSteps=   579.5  copy=0.450  A(t)=473  sim=275.7s
epoch   14650  HO=0.2756  meanSteps=   587.3  copy=0.449  A(t)=473  sim=276.4s
epoch   14700  HO=0.2706  meanSteps=   576.2  copy=0.449  A(t)=473  sim=277.4s
epoch   14750  HO=0.2654  meanSteps=   565.3  copy=0.452  A(t)=473  sim=277.9s
epoch   14800  HO=0.2680  meanSteps=   571.1  copy=0.453  A(t)=473  sim=278.5s
epoch   14850  HO=0.2680  meanSteps=   572.4  copy=0.454  A(t)=473  sim=279.1s
epoch   14900  HO=0.2750  meanSteps=   568.8  copy=0.455  A(t)=473  sim=279.9s
epoch   14950  HO=0.2727  meanSteps=   575.2  copy=0.455  A(t)=479  sim=280.6s
epoch   15000  HO=0.2745  meanSteps=   567.1  copy=0.459  A(t)=479  sim=281.4s
epoch   15050  HO=0.2895  meanSteps=   560.1  copy=0.456  A(t)=479  sim=282.1s
epoch   15100  HO=0.2840  meanSteps=   575.1  copy=0.455  A(t)=479  sim=282.8s
epoch   15150  HO=0.2942  meanSteps=   569.4  copy=0.455  A(t)=481  sim=283.6s
epoch   15200  HO=0.2885  meanSteps=   584.9  copy=0.454  A(t)=481  sim=284.4s
epoch   15250  HO=0.2963  meanSteps=   581.6  copy=0.455  A(t)=481  sim=285.0s
epoch   15300  HO=0.3069  meanSteps=   579.4  copy=0.454  A(t)=481  sim=285.6s
epoch   15350  HO=0.3076  meanSteps=   578.5  copy=0.453  A(t)=481  sim=286.3s
epoch   15400  HO=0.3080  meanSteps=   584.3  copy=0.451  A(t)=483  sim=287.1s
epoch   15450  HO=0.3075  meanSteps=   600.9  copy=0.455  A(t)=483  sim=287.9s
epoch   15500  HO=0.3149  meanSteps=   599.5  copy=0.459  A(t)=483  sim=288.5s
epoch   15550  HO=0.3223  meanSteps=   599.6  copy=0.460  A(t)=483  sim=289.3s
epoch   15600  HO=0.3297  meanSteps=   590.7  copy=0.462  A(t)=483  sim=289.9s
epoch   15650  HO=0.3301  meanSteps=   595.2  copy=0.462  A(t)=485  sim=290.7s
epoch   15700  HO=0.3224  meanSteps=   589.8  copy=0.461  A(t)=485  sim=291.3s
epoch   15750  HO=0.3154  meanSteps=   597.5  copy=0.459  A(t)=487  sim=292.1s
epoch   15800  HO=0.3144  meanSteps=   591.1  copy=0.458  A(t)=487  sim=292.8s
epoch   15850  HO=0.3198  meanSteps=   587.6  copy=0.456  A(t)=488  sim=293.6s
epoch   15900  HO=0.3258  meanSteps=   602.2  copy=0.459  A(t)=490  sim=294.4s
epoch   15950  HO=0.3270  meanSteps=   603.2  copy=0.460  A(t)=491  sim=295.1s
epoch   16000  HO=0.3201  meanSteps=   600.7  copy=0.461  A(t)=493  sim=295.7s
epoch   16050  HO=0.3189  meanSteps=   605.4  copy=0.456  A(t)=493  sim=296.5s
epoch   16100  HO=0.3169  meanSteps=   609.0  copy=0.459  A(t)=493  sim=297.1s
epoch   16150  HO=0.3214  meanSteps=   599.8  copy=0.455  A(t)=494  sim=297.9s
epoch   16200  HO=0.3173  meanSteps=   597.6  copy=0.456  A(t)=494  sim=298.6s
epoch   16250  HO=0.3188  meanSteps=   604.6  copy=0.460  A(t)=496  sim=299.5s
epoch   16300  HO=0.3109  meanSteps=   581.5  copy=0.460  A(t)=496  sim=300.1s
epoch   16350  HO=0.3164  meanSteps=   594.7  copy=0.456  A(t)=496  sim=300.8s
epoch   16400  HO=0.3140  meanSteps=   589.1  copy=0.458  A(t)=499  sim=301.6s
epoch   16450  HO=0.3070  meanSteps=   581.2  copy=0.457  A(t)=499  sim=302.2s
epoch   16500  HO=0.3120  meanSteps=   585.1  copy=0.457  A(t)=501  sim=303.0s
epoch   16550  HO=0.3013  meanSteps=   583.8  copy=0.456  A(t)=501  sim=303.6s
epoch   16600  HO=0.3075  meanSteps=   581.5  copy=0.458  A(t)=501  sim=304.2s
epoch   16650  HO=0.3054  meanSteps=   573.8  copy=0.461  A(t)=501  sim=305.0s
epoch   16700  HO=0.3004  meanSteps=   571.9  copy=0.459  A(t)=501  sim=305.8s
epoch   16750  HO=0.2982  meanSteps=   581.4  copy=0.458  A(t)=501  sim=306.5s
epoch   16800  HO=0.2947  meanSteps=   588.0  copy=0.461  A(t)=505  sim=307.3s
epoch   16850  HO=0.2989  meanSteps=   582.4  copy=0.464  A(t)=505  sim=308.1s
epoch   16900  HO=0.2995  meanSteps=   586.2  copy=0.462  A(t)=509  sim=308.9s
epoch   16950  HO=0.3010  meanSteps=   586.6  copy=0.465  A(t)=509  sim=309.7s
epoch   17000  HO=0.3087  meanSteps=   588.5  copy=0.465  A(t)=509  sim=310.4s
epoch   17050  HO=0.3074  meanSteps=   572.4  copy=0.464  A(t)=509  sim=311.0s
epoch   17100  HO=0.3020  meanSteps=   570.8  copy=0.463  A(t)=509  sim=311.6s
epoch   17150  HO=0.2944  meanSteps=   564.1  copy=0.465  A(t)=513  sim=312.2s
epoch   17200  HO=0.2949  meanSteps=   545.3  copy=0.467  A(t)=513  sim=312.9s
epoch   17250  HO=0.2932  meanSteps=   548.3  copy=0.469  A(t)=513  sim=313.5s
epoch   17300  HO=0.2999  meanSteps=   534.2  copy=0.465  A(t)=513  sim=314.3s
epoch   17350  HO=0.2980  meanSteps=   544.6  copy=0.462  A(t)=515  sim=315.1s
epoch   17400  HO=0.3049  meanSteps=   552.2  copy=0.463  A(t)=515  sim=315.7s
epoch   17450  HO=0.3126  meanSteps=   557.2  copy=0.462  A(t)=515  sim=316.3s
epoch   17500  HO=0.3056  meanSteps=   550.3  copy=0.458  A(t)=515  sim=317.1s
epoch   17550  HO=0.3091  meanSteps=   543.7  copy=0.457  A(t)=515  sim=317.7s
epoch   17600  HO=0.3119  meanSteps=   544.3  copy=0.459  A(t)=515  sim=318.5s
epoch   17650  HO=0.3132  meanSteps=   543.7  copy=0.460  A(t)=517  sim=319.1s
epoch   17700  HO=0.3115  meanSteps=   543.4  copy=0.458  A(t)=517  sim=319.9s
epoch   17750  HO=0.3151  meanSteps=   548.8  copy=0.459  A(t)=517  sim=320.7s
epoch   17800  HO=0.3207  meanSteps=   553.0  copy=0.460  A(t)=521  sim=321.4s
epoch   17850  HO=0.3148  meanSteps=   561.6  copy=0.463  A(t)=523  sim=321.9s
epoch   17900  HO=0.3198  meanSteps=   564.6  copy=0.462  A(t)=523  sim=322.9s
epoch   17950  HO=0.3115  meanSteps=   574.5  copy=0.459  A(t)=523  sim=323.6s
epoch   18000  HO=0.3064  meanSteps=   562.5  copy=0.459  A(t)=523  sim=324.2s
epoch   18050  HO=0.3075  meanSteps=   569.5  copy=0.458  A(t)=523  sim=325.0s
epoch   18100  HO=0.3016  meanSteps=   565.9  copy=0.458  A(t)=523  sim=325.8s
epoch   18150  HO=0.3051  meanSteps=   565.1  copy=0.460  A(t)=525  sim=326.4s
epoch   18200  HO=0.3091  meanSteps=   586.9  copy=0.459  A(t)=528  sim=327.1s
epoch   18250  HO=0.3166  meanSteps=   599.7  copy=0.458  A(t)=528  sim=327.8s
epoch   18300  HO=0.3100  meanSteps=   592.4  copy=0.457  A(t)=528  sim=328.6s
epoch   18350  HO=0.3091  meanSteps=   571.0  copy=0.454  A(t)=528  sim=329.4s
epoch   18400  HO=0.3193  meanSteps=   587.3  copy=0.457  A(t)=528  sim=330.1s
epoch   18450  HO=0.3142  meanSteps=   590.8  copy=0.459  A(t)=529  sim=330.8s
epoch   18500  HO=0.3094  meanSteps=   583.3  copy=0.461  A(t)=529  sim=331.5s
epoch   18550  HO=0.3074  meanSteps=   576.4  copy=0.460  A(t)=529  sim=332.2s
epoch   18600  HO=0.3158  meanSteps=   582.4  copy=0.464  A(t)=529  sim=332.9s
epoch   18650  HO=0.3247  meanSteps=   587.1  copy=0.463  A(t)=529  sim=333.6s
epoch   18700  HO=0.3172  meanSteps=   575.2  copy=0.466  A(t)=529  sim=334.3s
epoch   18750  HO=0.3159  meanSteps=   579.1  copy=0.467  A(t)=529  sim=335.1s
epoch   18800  HO=0.3187  meanSteps=   577.8  copy=0.467  A(t)=529  sim=335.7s
epoch   18850  HO=0.3292  meanSteps=   586.3  copy=0.469  A(t)=531  sim=336.4s
epoch   18900  HO=0.3342  meanSteps=   582.2  copy=0.466  A(t)=531  sim=336.9s
epoch   18950  HO=0.3306  meanSteps=   578.5  copy=0.471  A(t)=531  sim=337.9s
epoch   19000  HO=0.3370  meanSteps=   583.3  copy=0.469  A(t)=531  sim=338.8s
epoch   19050  HO=0.3314  meanSteps=   568.1  copy=0.469  A(t)=531  sim=339.5s
epoch   19100  HO=0.3232  meanSteps=   556.7  copy=0.473  A(t)=531  sim=340.1s
epoch   19150  HO=0.3245  meanSteps=   569.4  copy=0.470  A(t)=531  sim=340.8s
epoch   19200  HO=0.3208  meanSteps=   570.0  copy=0.471  A(t)=531  sim=341.4s
epoch   19250  HO=0.3189  meanSteps=   567.3  copy=0.468  A(t)=531  sim=342.1s
epoch   19300  HO=0.3177  meanSteps=   564.1  copy=0.466  A(t)=531  sim=342.9s
epoch   19350  HO=0.3174  meanSteps=   558.1  copy=0.467  A(t)=531  sim=343.5s
epoch   19400  HO=0.3099  meanSteps=   566.4  copy=0.470  A(t)=531  sim=344.2s
epoch   19450  HO=0.3101  meanSteps=   587.4  copy=0.472  A(t)=531  sim=345.1s
epoch   19500  HO=0.3046  meanSteps=   580.5  copy=0.472  A(t)=533  sim=345.7s
epoch   19550  HO=0.3034  meanSteps=   580.3  copy=0.466  A(t)=533  sim=346.4s
epoch   19600  HO=0.3034  meanSteps=   588.3  copy=0.466  A(t)=533  sim=347.1s
epoch   19650  HO=0.2975  meanSteps=   594.8  copy=0.466  A(t)=533  sim=347.9s
epoch   19700  HO=0.2977  meanSteps=   593.3  copy=0.466  A(t)=533  sim=348.6s
epoch   19750  HO=0.3060  meanSteps=   588.8  copy=0.465  A(t)=533  sim=349.4s
epoch   19800  HO=0.3065  meanSteps=   586.8  copy=0.466  A(t)=533  sim=350.1s
epoch   19850  HO=0.3106  meanSteps=   585.7  copy=0.467  A(t)=533  sim=350.9s
epoch   19900  HO=0.3249  meanSteps=   594.7  copy=0.468  A(t)=533  sim=351.7s
epoch   19950  HO=0.3207  meanSteps=   584.8  copy=0.471  A(t)=533  sim=352.6s
epoch   20000  HO=0.3185  meanSteps=   581.2  copy=0.473  A(t)=535  sim=353.4s
done: 20000 epochs in 485.0s wall (353.4s simulating), runs/blocks_d8_s1
