epoch       0  HO=-0.0004  meanSteps=     0.0  copy=0.000  A(t)=0  sim=0.0s
epoch      50  HO=-0.0006  meanSteps=   567.7  copy=0.512  A(t)=0  sim=0.6s
epoch     100  HO=-0.0010  meanSteps=   568.6  copy=0.496  A(t)=0  sim=1.2s
epoch     150  HO=-0.0015  meanSteps=   582.8  copy=0.488  A(t)=0  sim=1.8s
epoch     200  HO=-0.0020  meanSteps=   590.6  copy=0.478  A(t)=0  sim=2.6s
epoch     250  HO=-0.0025  meanSteps=   597.2  copy=0.469  A(t)=0  sim=3.3s
epoch     300  HO=-0.0030  meanSteps=   597.4  copy=0.463  A(t)=57  sim=3.9s
epoch     350  HO=-0.0034  meanSteps=   601.3  copy=0.460  A(t)=62  sim=4.6s
epoch     400  HO=0.0616  meanSteps=   586.8  copy=0.457  A(t)=66  sim=5.1s
epoch     450  HO=0.0637  meanSteps=   590.1  copy=0.450  A(t)=70  sim=5.8s
epoch     500  HO=0.0624  meanSteps=   593.5  copy=0.449  A(t)=72  sim=6.4s
epoch     550  HO=0.0617  meanSteps=   594.5  copy=0.446  A(t)=78  sim=7.1s
epoch     600  HO=0.0621  meanSteps=   602.3  copy=0.446  A(t)=81  sim=7.8s
epoch     650  HO=0.0622  meanSteps=   592.5  copy=0.441  A(t)=88  sim=8.4s
epoch     700  HO=0.0673  meanSteps=   587.9  copy=0.439  A(t)=90  sim=9.2s
epoch     750  HO=0.0673  meanSteps=   587.6  copy=0.440  A(t)=92  sim=10.2s
epoch     800  HO=0.0716  meanSteps=   582.7  copy=0.436  A(t)=94  sim=10.8s
epoch     850  HO=0.0724  meanSteps=   571.2  copy=0.434  A(t)=98  sim=11.5s
epoch     900  HO=0.0688  meanSteps=   568.8  copy=0.433  A(t)=100  sim=12.2s
epoch     950  HO=0.0685  meanSteps=   565.2  copy=0.432  A(t)=104  sim=12.8s
epoch    1000  HO=0.0695  meanSteps=   574.2  copy=0.429  A(t)=106  sim=13.4s
epoch    1050  HO=0.0691  meanSteps=   571.1  copy=0.431  A(t)=111  sim=14.0s
epoch    1100  HO=0.0724  meanSteps=   564.0  copy=0.427  A(t)=114  sim=14.5s
epoch    1150  HO=0.0767  meanSteps=   567.6  copy=0.424  A(t)=115  sim=15.1s
epoch    1200  HO=0.0769  meanSteps=   567.5  copy=0.421  A(t)=119  sim=15.9s
epoch    1250  HO=0.0771  meanSteps=   573.0  copy=0.419  A(t)=120  sim=16.5s
epoch    1300  HO=0.0796  meanSteps=   575.0  copy=0.416  A(t)=120  sim=17.3s
epoch    1350  HO=0.0755  meanSteps=   581.8  copy=0.413  A(t)=120  sim=18.0s
epoch    1400  HO=0.0755  meanSteps=   577.1  copy=0.416  A(t)=123  sim=18.6s
epoch    1450  HO=0.0771  meanSteps=   572.3  copy=0.415  A(t)=125  sim=19.3s
epoch    1500  HO=0.0810  meanSteps=   565.2  copy=0.416  A(t)=128  sim=20.0s
epoch    1550  HO=0.0788  meanSteps=   567.5  copy=0.415  A(t)=130  sim=20.6s
epoch    1600  HO=0.0822  meanSteps=   572.7  copy=0.416  A(t)=132  sim=21.1s
epoch    1650  HO=0.0814  meanSteps=   577.4  copy=0.416  A(t)=134  sim=21.9s
epoch    1700  HO=0.0805  meanSteps=   577.2  copy=0.415  A(t)=137  sim=22.5s
epoch    1750  HO=0.0788  meanSteps=   563.9  copy=0.414  A(t)=138  sim=23.1s
epoch    1800  HO=0.0820  meanSteps=   575.6  copy=0.418  A(t)=139  sim=23.9s
epoch    1850  HO=0.0818  meanSteps=   569.6  copy=0.414  A(t)=140  sim=24.5s
epoch    1900  HO=0.0804  meanSteps=   574.3  copy=0.414  A(t)=141  sim=25.1s
epoch    1950  HO=0.0804  meanSteps=   573.5  copy=0.415  A(t)=142  sim=25.7s
epoch    2000  HO=0.0814  meanSteps=   565.1  copy=0.413  A(t)=144  sim=26.3s
epoch    2050  HO=0.0821  meanSteps=   559.3  copy=0.413  A(t)=145  sim=27.1s
epoch    2100  HO=0.0824  meanSteps=   553.8  copy=0.409  A(t)=148  sim=27.9s
epoch    2150  HO=0.0816  meanSteps=   564.5  copy=0.409  A(t)=148  sim=28.7s
epoch    2200  HO=0.0791  meanSteps=   566.0  copy=0.409  A(t)=150  sim=29.4s
epoch    2250  HO=0.0821  meanSteps=   562.1  copy=0.412  A(t)=151  sim=30.2s
epoch    2300  HO=0.0804  meanSteps=   558.2  copy=0.408  A(t)=151  sim=30.9s
epoch    2350  HO=0.0887  meanSteps=   575.7  copy=0.411  A(t)=152  sim=31.6s
epoch    2400  HO=0.0841  meanSteps=   591.9  copy=0.410  A(t)=152  sim=32.2s
epoch    2450  HO=0.0792  meanSteps=   590.4  copy=0.409  A(t)=154  sim=33.1s
epoch    2500  HO=0.0795  meanSteps=   583.7  copy=0.407  A(t)=154  sim=33.6s
epoch    2550  HO=0.0779  meanSteps=   588.1  copy=0.407  A(t)=159  sim=34.3s
epoch    2600  HO=0.0798  meanSteps=   588.2  copy=0.408  A(t)=160  sim=35.0s
epoch    2650  HO=0.0781  meanSteps=   583.2  copy=0.408  A(t)=161  sim=35.5s
epoch    2700  HO=0.0762  meanSteps=   586.2  copy=0.409  A(t)=161  sim=36.2s
epoch    2750  HO=0.0738  meanSteps=   583.4  copy=0.409  A(t)=164  sim=36.8s
epoch    2800  HO=0.0732  meanSteps=   578.1  copy=0.405  A(t)=164  sim=37.6s
epoch    2850  HO=0.0751  meanSteps=   587.5  copy=0.405  A(t)=166  sim=38.4s
epoch    2900  HO=0.0717  meanSteps=   576.0  copy=0.407  A(t)=167  sim=39.1s
epoch    2950  HO=0.0736  meanSteps=   559.0  copy=0.408  A(t)=167  sim=39.6s
epoch    3000  HO=0.0724  meanSteps=   566.0  copy=0.408  A(t)=169  sim=40.2s
epoch    3050  HO=0.0747  meanSteps=   576.4  copy=0.408  A(t)=170  sim=40.9s
epoch    3100  HO=0.0773  meanSteps=   571.3  copy=0.407  A(t)=171  sim=41.6s
epoch    3150  HO=0.0730  meanSteps=   577.7  copy=0.408  A(t)=171  sim=42.3s
epoch    3200  HO=0.0745  meanSteps=   578.6  copy=0.407  A(t)=171  sim=43.1s
epoch    3250  HO=0.0737  meanSteps=   582.1  copy=0.407  A(t)=172  sim=43.7s
epoch    3300  HO=0.0804  meanSteps=   569.1  copy=0.406  A(t)=173  sim=44.4s
epoch    3350  HO=0.0784  meanSteps=   579.6  copy=0.405  A(t)=176  sim=45.1s
epoch    3400  HO=0.0794  meanSteps=   570.8  copy=0.403  A(t)=177  sim=45.8s
epoch    3450  HO=0.0816  meanSteps=   566.4  copy=0.403  A(t)=179  sim=46.6s
epoch    3500  HO=0.0795  meanSteps=   570.0  copy=0.406  A(t)=180  sim=47.3s
epoch    3550  HO=0.0815  meanSteps=   566.9  copy=0.406  A(t)=182  sim=48.0s
epoch    3600  HO=0.0763  meanSteps=   567.3  copy=0.405  A(t)=185  sim=48.6s
epoch    3650  HO=0.0768  meanSteps=   565.2  copy=0.405  A(t)=187  sim=49.1s
epoch    3700  HO=0.0767  meanSteps=   569.7  copy=0.403  A(t)=187  sim=49.8s
epoch    3750  HO=0.0758  meanSteps=   563.8  copy=0.401  A(t)=190  sim=50.6s
epoch    3800  HO=0.0801  meanSteps=   555.6  copy=0.402  A(t)=190  sim=51.3s
epoch    3850  HO=0.0813  meanSteps=   558.8  copy=0.405  A(t)=191  sim=51.9s
epoch    3900  HO=0.0757  meanSteps=   563.1  copy=0.403  A(t)=191  sim=52.5s
epoch    3950  HO=0.0769  meanSteps=   564.9  copy=0.405  A(t)=191  sim=53.4s
epoch    4000  HO=0.0786  meanSteps=   563.0  copy=0.410  A(t)=191  sim=53.9s
epoch    4050  HO=0.0779  meanSteps=   547.6  copy=0.409  A(t)=191  sim=54.6s
epoch    4100  HO=0.0753  meanSteps=   546.3  copy=0.407  A(t)=191  sim=55.4s
epoch    4150  HO=0.0782  meanSteps=   545.6  copy=0.408  A(t)=191  sim=55.9s
epoch    4200  HO=0.0741  meanSteps=   559.2  copy=0.408  A(t)=191  sim=56.7s
epoch    4250  HO=0.0746  meanSteps=   551.4  copy=0.408  A(t)=192  sim=57.5s
epoch    4300  HO=0.0739  meanSteps=   544.3  copy=0.408  A(t)=192  sim=58.1s
epoch    4350  HO=0.0746  meanSteps=   550.3  copy=0.408  A(t)=192  sim=58.8s
epoch    4400  HO=0.0728  meanSteps=   554.8  copy=0.411  A(t)=192  sim=59.5s
epoch    4450  HO=0.0682  meanSteps=   561.0  copy=0.411  A(t)=193  sim=60.0s
epoch    4500  HO=0.0664  meanSteps=   551.2  copy=0.409  A(t)=195  sim=60.7s
epoch    4550  HO=0.0702  meanSteps=   559.9  copy=0.410  A(t)=197  sim=61.4s
epoch    4600  HO=0.0688  meanSteps=   569.0  copy=0.413  A(t)=198  sim=62.1s
epoch    4650  HO=0.0707  meanSteps=   567.1  copy=0.415  A(t)=198  sim=62.6s
epoch    4700  HO=0.0700  meanSteps=   577.8  copy=0.411  A(t)=198  sim=63.3s
epoch    4750  HO=0.0693  meanSteps=   578.8  copy=0.413  A(t)=198  sim=63.9s
epoch    4800  HO=0.0686  meanSteps=   585.4  copy=0.411  A(t)=198  sim=64.6s
epoch    4850  HO=0.0694  meanSteps=   578.2  copy=0.412  A(t)=199  sim=65.4s
epoch    4900  HO=0.0696  meanSteps=   587.3  copy=0.412  A(t)=200  sim=66.1s
epoch    4950  HO=0.0731  meanSteps=   586.1  copy=0.411  A(t)=200  sim=66.8s
epoch    5000  HO=0.0740  meanSteps=   583.9  copy=0.408  A(t)=202  sim=67.8s
epoch    5050  HO=0.0704  meanSteps=   584.5  copy=0.406  A(t)=203  sim=68.5s
epoch    5100  HO=0.0686  meanSteps=   585.5  copy=0.407  A(t)=203  sim=69.1s
epoch    5150  HO=0.0655  meanSteps=   589.4  copy=0.406  A(t)=203  sim=69.8s
epoch    5200  HO=0.0646  meanSteps=   581.7  copy=0.406  A(t)=204  sim=70.6s
epoch    5250  HO=0.0663  meanSteps=   578.4  copy=0.410  A(t)=204  sim=71.1s
epoch    5300  HO=0.0701  meanSteps=   578.0  copy=0.408  A(t)=204  sim=71.8s
epoch    5350  HO=0.0753  meanSteps=   593.4  copy=0.410  A(t)=205  sim=72.5s
epoch    5400  HO=0.0721  meanSteps=   587.4  copy=0.406  A(t)=205  sim=73.2s
epoch    5450  HO=0.0720  meanSteps=   593.5  copy=0.405  A(t)=206  sim=74.0s
epoch    5500  HO=0.0751  meanSteps=   608.1  copy=0.405  A(t)=208  sim=74.8s
epoch    5550  HO=0.0752  meanSteps=   598.7  copy=0.405  A(t)=208  sim=75.8s
epoch    5600  HO=0.0732  meanSteps=   604.3  copy=0.405  A(t)=209  sim=76.5s
epoch    5650  HO=0.0753  meanSteps=   592.2  copy=0.406  A(t)=210  sim=77.2s
epoch    5700  HO=0.0726  meanSteps=   600.7  copy=0.403  A(t)=212  sim=77.9s
epoch    5750  HO=0.0721  meanSteps=   597.9  copy=0.406  A(t)=214  sim=78.7s
epoch    5800  HO=0.0714  meanSteps=   595.8  copy=0.405  A(t)=214  sim=79.4s
epoch    5850  HO=0.0695  meanSteps=   599.2  copy=0.403  A(t)=214  sim=80.1s
epoch    5900  HO=0.0705  meanSteps=   587.7  copy=0.405  A(t)=214  sim=80.7s
epoch    5950  HO=0.0742  meanSteps=   594.3  copy=0.406  A(t)=216  sim=81.2s
epoch    6000  HO=0.0716  meanSteps=   600.7  copy=0.404  A(t)=216  sim=81.9s
epoch    6050  HO=0.0697  meanSteps=   593.2  copy=0.403  A(t)=217  sim=82.9s
epoch    6100  HO=0.0692  meanSteps=   600.8  copy=0.399  A(t)=217  sim=83.6s
epoch    6150  HO=0.0679  meanSteps=   613.3  copy=0.401  A(t)=218  sim=84.3s
epoch    6200  HO=0.0706  meanSteps=   608.9  copy=0.397  A(t)=219  sim=85.0s
epoch    6250  HO=0.0763  meanSteps=   593.7  copy=0.396  A(t)=219  sim=85.7s
epoch    6300  HO=0.0743  meanSteps=   595.6  copy=0.398  A(t)=220  sim=86.4s
epoch    6350  HO=0.0723  meanSteps=   597.6  copy=0.393  A(t)=220  sim=87.0s
epoch    6400  HO=0.0775  meanSteps=   596.9  copy=0.394  A(t)=223  sim=87.8s
epoch    6450  HO=0.0782  meanSteps=   604.3  copy=0.393  A(t)=223  sim=88.4s
epoch    6500  HO=0.0764  meanSteps=   597.5  copy=0.391  A(t)=224  sim=89.1s
epoch    6550  HO=0.0787  meanSteps=   594.1  copy=0.393  A(t)=224  sim=89.8s
epoch    6600  HO=0.0815  meanSteps=   586.8  copy=0.391  A(t)=224  sim=90.5s
epoch    6650  HO=0.0790  meanSteps=   593.2  copy=0.391  A(t)=225  sim=91.2s
epoch    6700  HO=0.0832  meanSteps=   596.7  copy=0.389  A(t)=225  sim=91.9s
epoch    6750  HO=0.0790  meanSteps=   603.7  copy=0.389  A(t)=226  sim=92.5s
epoch    6800  HO=0.0788  meanSteps=   609.0  copy=0.393  A(t)=226  sim=93.2s
epoch    6850  HO=0.0788  meanSteps=   602.6  copy=0.395  A(t)=228  sim=93.9s
epoch    6900  HO=0.0804  meanSteps=   590.5  copy=0.395  A(t)=228  sim=94.4s
epoch    6950  HO=0.0781  meanSteps=   617.2  copy=0.399  A(t)=228  sim=95.2s
epoch    7000  HO=0.0751  meanSteps=   605.2  copy=0.395  A(t)=229  sim=96.0s
epoch    7050  HO=0.0742  meanSteps=   596.7  copy=0.395  A(t)=230  sim=96.5s
epoch    7100  HO=0.0747  meanSteps=   607.9  copy=0.396  A(t)=233  sim=97.2s
epoch    7150  HO=0.0747  meanSteps=   600.9  copy=0.396  A(t)=233  sim=98.0s
epoch    7200  HO=0.0702  meanSteps=   611.2  copy=0.398  A(t)=233  sim=99.0s
epoch    7250  HO=0.0705  meanSteps=   612.2  copy=0.401  A(t)=233  sim=99.7s
epoch    7300  HO=0.0706  meanSteps=   608.1  copy=0.401  A(t)=233  sim=100.6s
epoch    7350  HO=0.0687  meanSteps=   604.5  copy=0.399  A(t)=234  sim=101.2s
epoch    7400  HO=0.0722  meanSteps=   607.0  copy=0.398  A(t)=234  sim=102.1s
epoch    7450  HO=0.0707  meanSteps=   622.5  copy=0.396  A(t)=234  sim=102.9s
epoch    7500  HO=0.0709  meanSteps=   616.1  copy=0.398  A(t)=234  sim=103.5s
epoch    7550  HO=0.0730  meanSteps=   629.8  copy=0.399  A(t)=234  sim=104.4s
epoch    7600  HO=0.0705  meanSteps=   614.5  copy=0.400  A(t)=234  sim=105.0s
epoch    7650  HO=0.0687  meanSteps=   615.4  copy=0.400  A(t)=234  sim=105.7s
epoch    7700  HO=0.0718  meanSteps=   604.7  copy=0.401  A(t)=234  sim=106.4s
epoch    7750  HO=0.0760  meanSteps=   611.3  copy=0.398  A(t)=236  sim=107.0s
epoch    7800  HO=0.0754  meanSteps=   600.0  copy=0.401  A(t)=236  sim=107.8s
epoch    7850  HO=0.0763  meanSteps=   601.1  copy=0.398  A(t)=236  sim=108.4s
epoch    7900  HO=0.0775  meanSteps=   605.8  copy=0.400  A(t)=236  sim=109.1s
epoch    7950  HO=0.0771  meanSteps=   612.2  copy=0.396  A(t)=238  sim=109.8s
epoch    8000  HO=0.0774  meanSteps=   601.0  copy=0.399  A(t)=239  sim=110.3s
epoch    8050  HO=0.0770  meanSteps=   611.3  copy=0.399  A(t)=239  sim=110.9s
epoch    8100  HO=0.0778  meanSteps=   592.3  copy=0.400  A(t)=240  sim=111.7s
epoch    8150  HO=0.0764  meanSteps=   588.9  copy=0.402  A(t)=241  sim=112.5s
epoch    8200  HO=0.0782  meanSteps=   595.5  copy=0.402  A(t)=241  sim=113.3s
epoch    8250  HO=0.0722  meanSteps=   597.4  copy=0.400  A(t)=241  sim=114.0s
epoch    8300  HO=0.0728  meanSteps=   596.6  copy=0.397  A(t)=242  sim=114.7s
epoch    8350  HO=0.0772  meanSteps=   595.3  copy=0.398  A(t)=243  sim=115.4s
epoch    8400  HO=0.0753  meanSteps=   597.7  copy=0.400  A(t)=243  sim=116.1s
epoch    8450  HO=0.0726  meanSteps=   596.5  copy=0.397  A(t)=244  sim=116.9s
epoch    8500  HO=0.0702  meanSteps=   596.5  copy=0.398  A(t)=244  sim=117.5s
epoch    8550  HO=0.0740  meanSteps=   589.2  copy=0.397  A(t)=245  sim=118.0s
epoch    8600  HO=0.0705  meanSteps=   587.5  copy=0.397  A(t)=245  sim=118.6s
epoch    8650  HO=0.0722  meanSteps=   594.4  copy=0.400  A(t)=245  sim=119.2s
epoch    8700  HO=0.0724  meanSteps=   594.8  copy=0.398  A(t)=246  sim=119.9s
epoch    8750  HO=0.0703  meanSteps=   599.1  copy=0.400  A(t)=248  sim=120.7s
epoch    8800  HO=0.0719  meanSteps=   594.8  copy=0.397  A(t)=250  sim=121.4s
epoch    8850  HO=0.0709  meanSteps=   588.3  copy=0.398  A(t)=251  sim=122.1s
epoch    8900  HO=0.0765  meanSteps=   583.4  copy=0.399  A(t)=251  sim=122.6s
epoch    8950  HO=0.0725  meanSteps=   584.0  copy=0.397  A(t)=251  sim=123.3s
epoch    9000  HO=0.0667  meanSteps=   587.2  copy=0.396  A(t)=252  sim=123.9s
epoch    9050  HO=0.0668  meanSteps=   594.6  copy=0.395  A(t)=252  sim=124.6s
epoch    9100  HO=0.0660  meanSteps=   583.7  copy=0.396  A(t)=252  sim=125.2s
epoch    9150  HO=0.0713  meanSteps=   577.4  copy=0.395  A(t)=253  sim=126.0s
epoch    9200  HO=0.0689  meanSteps=   579.6  copy=0.394  A(t)=253  sim=126.8s
epoch    9250  HO=0.0691  meanSteps=   582.5  copy=0.394  A(t)=253  sim=127.5s
epoch    9300  HO=0.0688  meanSteps=   566.5  copy=0.394  A(t)=253  sim=128.4s
epoch    9350  HO=0.0660  meanSteps=   570.9  copy=0.397  A(t)=253  sim=129.0s
epoch    9400  HO=0.0692  meanSteps=   571.3  copy=0.398  A(t)=256  sim=129.6s
epoch    9450  HO=0.0646  meanSteps=   576.4  copy=0.394  A(t)=256  sim=130.3s
epoch    9500  HO=0.0670  meanSteps=   569.3  copy=0.392  A(t)=256  sim=131.0s
epoch    9550  HO=0.0672  meanSteps=   569.0  copy=0.390  A(t)=256  sim=131.7s
epoch    9600  HO=0.0714  meanSteps=   583.4  copy=0.389  A(t)=256  sim=132.5s
epoch    9650  HO=0.0714  meanSteps=   582.2  copy=0.386  A(t)=259  sim=133.1s
epoch    9700  HO=0.0717  meanSteps=   571.4  copy=0.389  A(t)=259  sim=133.7s
epoch    9750  HO=0.0682  meanSteps=   575.5  copy=0.388  A(t)=259  sim=134.5s
epoch    9800  HO=0.0643  meanSteps=   581.2  copy=0.385  A(t)=259  sim=135.2s
epoch    9850  HO=0.0669  meanSteps=   572.5  copy=0.386  A(t)=259  sim=135.8s
epoch    9900  HO=0.0689  meanSteps=   573.0  copy=0.385  A(t)=259  sim=136.6s
epoch    9950  HO=0.0689  meanSteps=   566.5  copy=0.385  A(t)=259  sim=137.4s
epoch   10000  HO=0.0703  meanSteps=   576.7  copy=0.385  A(t)=259  sim=138.0s
epoch   10050  HO=0.0724  meanSteps=   576.6  copy=0.385  A(t)=259  sim=138.8s
epoch   10100  HO=0.0746  meanSteps=   572.5  copy=0.388  A(t)=262  sim=139.4s
epoch   10150  HO=0.0730  meanSteps=   565.8  copy=0.388  A(t)=262  sim=140.0s
epoch   10200  HO=0.0725  meanSteps=   575.0  copy=0.385  A(t)=262  sim=140.6s
epoch   10250  HO=0.0736  meanSteps=   567.9  copy=0.382  A(t)=262  sim=141.2s
epoch   10300  HO=0.0760  meanSteps=   571.5  copy=0.385  A(t)=263  sim=141.9s
epoch   10350  HO=0.0771  meanSteps=   562.2  copy=0.382  A(t)=263  sim=142.5s
epoch   10400  HO=0.0734  meanSteps=   564.9  copy=0.381  A(t)=263  sim=143.2s
epoch   10450  HO=0.0734  meanSteps=   560.5  copy=0.382  A(t)=263  sim=143.8s
epoch   10500  HO=0.0771  meanSteps=   561.1  copy=0.383  A(t)=263  sim=144.4s
epoch   10550  HO=0.0774  meanSteps=   557.5  copy=0.382  A(t)=263  sim=145.0s
epoch   10600  HO=0.0796  meanSteps=   544.3  copy=0.382  A(t)=263  sim=145.6s
epoch   10650  HO=0.0791  meanSteps=   549.3  copy=0.387  A(t)=263  sim=146.2s
epoch   10700  HO=0.0737  meanSteps=   562.8  copy=0.387  A(t)=263  sim=147.0s
epoch   10750  HO=0.0724  meanSteps=   556.8  copy=0.386  A(t)=263  sim=147.6s
epoch   10800  HO=0.0738  meanSteps=   557.9  copy=0.384  A(t)=263  sim=148.4s
epoch   10850  HO=0.0743  meanSteps=   559.9  copy=0.384  A(t)=263  sim=149.1s
epoch   10900  HO=0.0739  meanSteps=   567.9  copy=0.385  A(t)=263  sim=149.7s
epoch   10950  HO=0.0747  meanSteps=   567.6  copy=0.383  A(t)=263  sim=150.3s
epoch   11000  HO=0.0698  meanSteps=   563.6  copy=0.384  A(t)=263  sim=150.9s
epoch   11050  HO=0.0691  meanSteps=   543.4  copy=0.386  A(t)=263  sim=151.6s
epoch   11100  HO=0.0665  meanSteps=   555.8  copy=0.384  A(t)=264  sim=152.3s
epoch   11150  HO=0.0658  meanSteps=   558.6  copy=0.381  A(t)=265  sim=152.8s
epoch   11200  HO=0.0683  meanSteps=   557.8  copy=0.380  A(t)=265  sim=153.5s
epoch   11250  HO=0.0684  meanSteps=   557.1  copy=0.383  A(t)=266  sim=154.1s
epoch   11300  HO=0.0649  meanSteps=   563.1  copy=0.383  A(t)=266  sim=154.7s
epoch   11350  HO=0.0627  meanSteps=   555.7  copy=0.385  A(t)=266  sim=155.3s
epoch   11400  HO=0.0633  meanSteps=   561.1  copy=0.383  A(t)=266  sim=156.0s
epoch   11450  HO=0.0714  meanSteps=   554.2  copy=0.381  A(t)=266  sim=156.7s
epoch   11500  HO=0.0718  meanSteps=   550.2  copy=0.383  A(t)=267  sim=157.4s
epoch   11550  HO=0.0724  meanSteps=   542.1  copy=0.382  A(t)=267  sim=158.0s
epoch   11600  HO=0.0722  meanSteps=   546.2  copy=0.381  A(t)=268  sim=158.6s
epoch   11650  HO=0.0754  meanSteps=   546.6  copy=0.382  A(t)=268  sim=159.3s
epoch   11700  HO=0.0762  meanSteps=   560.3  copy=0.382  A(t)=270  sim=160.0s
epoch   11750  HO=0.0755  meanSteps=   557.0  copy=0.382  A(t)=270  sim=160.7s
epoch   11800  HO=0.0769  meanSteps=   564.8  copy=0.384  A(t)=270  sim=161.5s
epoch   11850  HO=0.0816  meanSteps=   567.9  copy=0.386  A(t)=270  sim=162.1s
epoch   11900  HO=0.0775  meanSteps=   561.2  copy=0.386  A(t)=270  sim=163.0s
epoch   11950  HO=0.0759  meanSteps=   562.0  copy=0.384  A(t)=270  sim=163.6s
epoch   12000  HO=0.0760  meanSteps=   556.5  copy=0.384  A(t)=270  sim=164.3s
epoch   12050  HO=0.0765  meanSteps=   556.1  copy=0.386  A(t)=270  sim=164.9s
epoch   12100  HO=0.0744  meanSteps=   548.6  copy=0.388  A(t)=270  sim=165.6s
epoch   12150  HO=0.0748  meanSteps=   557.5  copy=0.385  A(t)=270  sim=166.2s
epoch   12200  HO=0.0721  meanSteps=   553.2  copy=0.388  A(t)=270  sim=166.8s
epoch   12250  HO=0.0718  meanSteps=   552.7  copy=0.388  A(t)=270  sim=167.5s
epoch   12300  HO=0.0737  meanSteps=   546.3  copy=0.388  A(t)=270  sim=168.0s
epoch   12350  HO=0.0735  meanSteps=   551.8  copy=0.385  A(t)=270  sim=168.6s
epoch   12400  HO=0.0775  meanSteps=   561.9  copy=0.386  A(t)=274  sim=169.2s
epoch   12450  HO=0.0773  meanSteps=   552.8  copy=0.387  A(t)=274  sim=169.8s
epoch   12500  HO=0.0783  meanSteps=   557.3  copy=0.387  A(t)=275  sim=170.6s
epoch   12550  HO=0.0795  meanSteps=   544.8  copy=0.385  A(t)=275  sim=171.3s
epoch   12600  HO=0.0785  meanSteps=   550.1  copy=0.384  A(t)=275  sim=172.0s
epoch   12650  HO=0.0788  meanSteps=   547.8  copy=0.384  A(t)=275  sim=172.6s
epoch   12700  HO=0.0826  meanSteps=   552.6  copy=0.387  A(t)=275  sim=173.1s
epoch   12750  HO=0.0814  meanSteps=   549.4  copy=0.388  A(t)=275  sim=173.8s
epoch   12800  HO=0.0791  meanSteps=   557.2  copy=0.390  A(t)=275  sim=174.5s
epoch   12850  HO=0.0753  meanSteps=   558.4  copy=0.392  A(t)=275  sim=175.0s
epoch   12900  HO=0.0804  meanSteps=   563.0  copy=0.393  A(t)=276  sim=175.6s
epoch   12950  HO=0.0777  meanSteps=   566.9  copy=0.391  A(t)=276  sim=176.4s
epoch   13000  HO=0.0729  meanSteps=   550.6  copy=0.390  A(t)=276  sim=177.0s
epoch   13050  HO=0.0718  meanSteps=   557.9  copy=0.388  A(t)=277  sim=177.7s
epoch   13100  HO=0.0761  meanSteps=   558.8  copy=0.390  A(t)=277  sim=178.3s
epoch   13150  HO=0.0724  meanSteps=   568.0  copy=0.393  A(t)=279  sim=178.9s
epoch   13200  HO=0.0707  meanSteps=   555.5  copy=0.397  A(t)=279  sim=179.6s
epoch   13250  HO=0.0680  meanSteps=   559.9  copy=0.395  A(t)=280  sim=180.3s
epoch   13300  HO=0.0678  meanSteps=   566.0  copy=0.396  A(t)=281  sim=180.9s
epoch   13350  HO=0.0673  meanSteps=   562.4  copy=0.395  A(t)=281  sim=181.5s
epoch   13400  HO=0.0693  meanSteps=   550.9  copy=0.397  A(t)=281  sim=182.1s
epoch   13450  HO=0.0655  meanSteps=   554.6  copy=0.392  A(t)=281  sim=182.6s
epoch   13500  HO=0.0620  meanSteps=   557.1  copy=0.392  A(t)=281  sim=183.3s
epoch   13550  HO=0.0603  meanSteps=   540.1  copy=0.389  A(t)=281  sim=183.9s
epoch   13600  HO=0.0572  meanSteps=   544.5  copy=0.387  A(t)=281  sim=184.5s
epoch   13650  HO=0.0614  meanSteps=   531.0  copy=0.388  A(t)=281  sim=185.0s
epoch   13700  HO=0.0600  meanSteps=   548.5  copy=0.389  A(t)=281  sim=185.6s
epoch   13750  HO=0.0593  meanSteps=   539.0  copy=0.386  A(t)=281  sim=186.3s
epoch   13800  HO=0.0599  meanSteps=   534.0  copy=0.386  A(t)=281  sim=187.0s
epoch   13850  HO=0.0588  meanSteps=   534.9  copy=0.386  A(t)=281  sim=187.8s
epoch   13900  HO=0.0617  meanSteps=   526.7  copy=0.387  A(t)=281  sim=188.4s
epoch   13950  HO=0.0615  meanSteps=   521.9  copy=0.386  A(t)=281  sim=189.1s
epoch   14000  HO=0.0645  meanSteps=   518.9  copy=0.384  A(t)=282  sim=189.7s
epoch   14050  HO=0.0625  meanSteps=   522.7  copy=0.386  A(t)=282  sim=190.4s
epoch   14100  HO=0.0675  meanSteps=   523.6  copy=0.385  A(t)=282  sim=191.0s
epoch   14150  HO=0.0661  meanSteps=   514.5  copy=0.389  A(t)=282  sim=191.5s
epoch   14200  HO=0.0656  meanSteps=   518.8  copy=0.389  A(t)=282  sim=192.0s
epoch   14250  HO=0.0650  meanSteps=   516.9  copy=0.385  A(t)=282  sim=192.7s
epoch   14300  HO=0.0663  meanSteps=   524.1  copy=0.386  A(t)=282  sim=193.5s
epoch   14350  HO=0.0690  meanSteps=   531.4  copy=0.385  A(t)=283  sim=194.1s
epoch   14400  HO=0.0687  meanSteps=   529.6  copy=0.388  A(t)=283  sim=194.7s
epoch   14450  HO=0.0680  meanSteps=   544.0  copy=0.386  A(t)=283  sim=195.3s
epoch   14500  HO=0.0719  meanSteps=   531.5  copy=0.385  A(t)=283  sim=195.9s
epoch   14550  HO=0.0719  meanSteps=   542.8  copy=0.384  A(t)=283  sim=196.6s
epoch   14600  HO=0.0746  meanSteps=   539.3  copy=0.381  A(t)=283  sim=197.2s
epoch   14650  HO=0.0730  meanSteps=   538.7  copy=0.382  A(t)=283  sim=198.0s
epoch   14700  HO=0.0724  meanSteps=   539.3  copy=0.382  A(t)=283  sim=198.6s
epoch   14750  HO=0.0733  meanSteps=   549.3  copy=0.380  A(t)=284  sim=199.1s
epoch   14800  HO=0.0756  meanSteps=   535.0  copy=0.379  A(t)=284  sim=199.6s
epoch   14850  HO=0.0756  meanSteps=   543.9  copy=0.383  A(t)=284  sim=200.2s
epoch   14900  HO=0.0705  meanSteps=   546.1  copy=0.385  A(t)=284  sim=200.8s
epoch   14950  HO=0.0683  meanSteps=   550.1  copy=0.382  A(t)=284  sim=201.4s
epoch   15000  HO=0.0757  meanSteps=   546.7  copy=0.380  A(t)=284  sim=202.1s
epoch   15050  HO=0.0786  meanSteps=   535.2  copy=0.378  A(t)=284  sim=202.6s
epoch   15100  HO=0.0783  meanSteps=   536.1  copy=0.378  A(t)=284  sim=203.2s
epoch   15150  HO=0.0732  meanSteps=   533.4  copy=0.377  A(t)=285  sim=203.8s
epoch   15200  HO=0.0720  meanSteps=   533.8  copy=0.379  A(t)=285  sim=204.5s
epoch   15250  HO=0.0720  meanSteps=   550.6  copy=0.380  A(t)=285  sim=205.1s
epoch   15300  HO=0.0753  meanSteps=   546.4  copy=0.379  A(t)=285  sim=205.7s
epoch   15350  HO=0.0747  meanSteps=   544.4  copy=0.380  A(t)=285  sim=206.4s
epoch   15400  HO=0.0804  meanSteps=   545.5  copy=0.379  A(t)=285  sim=207.2s
epoch   15450  HO=0.0776  meanSteps=   555.0  copy=0.383  A(t)=287  sim=207.8s
epoch   15500  HO=0.0800  meanSteps=   549.9  copy=0.383  A(t)=287  sim=208.5s
epoch   15550  HO=0.0769  meanSteps=   552.0  copy=0.386  A(t)=287  sim=209.4s
epoch   15600  HO=0.0779  meanSteps=   566.2  copy=0.387  A(t)=287  sim=209.9s
epoch   15650  HO=0.0783  meanSteps=   554.7  copy=0.387  A(t)=287  sim=210.6s
epoch   15700  HO=0.0761  meanSteps=   564.3  copy=0.384  A(t)=287  sim=211.2s
epoch   15750  HO=0.0762  meanSteps=   557.9  copy=0.391  A(t)=287  sim=211.8s
epoch   15800  HO=0.0784  meanSteps=   558.5  copy=0.391  A(t)=287  sim=212.4s
epoch   15850  HO=0.0783  meanSteps=   563.3  copy=0.392  A(t)=287  sim=213.0s
epoch   15900  HO=0.0772  meanSteps=   555.9  copy=0.393  A(t)=287  sim=213.7s
epoch   15950  HO=0.0791  meanSteps=   562.9  copy=0.392  A(t)=289  sim=214.4s
epoch   16000  HO=0.0796  meanSteps=   571.6  copy=0.393  A(t)=289  sim=215.2s
epoch   16050  HO=0.0817  meanSteps=   574.3  copy=0.391  A(t)=289  sim=215.7s
epoch   16100  HO=0.0798  meanSteps=   569.4  copy=0.388  A(t)=289  sim=216.2s
epoch   16150  HO=0.0732  meanSteps=   557.6  copy=0.387  A(t)=289  sim=216.8s
epoch   16200  HO=0.0744  meanSteps=   564.0  copy=0.386  A(t)=292  sim=217.5s
epoch   16250  HO=0.0766  meanSteps=   564.1  copy=0.385  A(t)=292  sim=218.3s
epoch   16300  HO=0.0767  meanSteps=   565.4  copy=0.385  A(t)=292  sim=218.9s
epoch   16350  HO=0.0770  meanSteps=   571.0  copy=0.388  A(t)=292  sim=219.6s
epoch   16400  HO=0.0786  meanSteps=   559.9  copy=0.387  A(t)=292  sim=220.3s
epoch   16450  HO=0.0766  meanSteps=   567.2  copy=0.388  A(t)=292  sim=221.1s
epoch   16500  HO=0.0737  meanSteps=   567.8  copy=0.386  A(t)=292  sim=221.7s
epoch   16550  HO=0.0744  meanSteps=   576.5  copy=0.386  A(t)=292  sim=222.4s
epoch   16600  HO=0.0806  meanSteps=   567.8  copy=0.390  A(t)=292  sim=223.2s
epoch   16650  HO=0.0780  meanSteps=   574.5  copy=0.388  A(t)=292  sim=223.8s
epoch   16700  HO=0.0776  meanSteps=   570.8  copy=0.393  A(t)=292  sim=224.7s
epoch   16750  HO=0.0720  meanSteps=   575.4  copy=0.391  A(t)=292  sim=225.3s
epoch   16800  HO=0.0744  meanSteps=   583.2  copy=0.390  A(t)=292  sim=225.9s
epoch   16850  HO=0.0714  meanSteps=   576.2  copy=0.389  A(t)=292  sim=226.7s
epoch   16900  HO=0.0746  meanSteps=   584.9  copy=0.391  A(t)=292  sim=227.5s
epoch   16950  HO=0.0736  meanSteps=   596.9  copy=0.390  A(t)=292  sim=228.2s
epoch   17000  HO=0.0725  meanSteps=   594.2  copy=0.390  A(t)=292  sim=228.8s
epoch   17050  HO=0.0709  meanSteps=   598.9  copy=0.389  A(t)=292  sim=229.4s
epoch   17100  HO=0.0696  meanSteps=   587.2  copy=0.390  A(t)=292  sim=230.1s
epoch   17150  HO=0.0682  meanSteps=   591.2  copy=0.391  A(t)=292  sim=230.8s
epoch   17200  HO=0.0671  meanSteps=   591.4  copy=0.391  A(t)=292  sim=231.4s
epoch   17250  HO=0.0772  meanSteps=   592.2  copy=0.391  A(t)=292  sim=232.0s
epoch   17300  HO=0.0813  meanSteps=   580.9  copy=0.385  A(t)=292  sim=232.7s
epoch   17350  HO=0.0823  meanSteps=   583.4  copy=0.387  A(t)=292  sim=233.6s
epoch   17400  HO=0.0846  meanSteps=   581.7  copy=0.387  A(t)=292  sim=234.1s
epoch   17450  HO=0.0867  meanSteps=   579.7  copy=0.387  A(t)=292  sim=234.9s
epoch   17500  HO=0.0901  meanSteps=   584.4  copy=0.390  A(t)=294  sim=235.7s
epoch   17550  HO=0.0870  meanSteps=   594.7  copy=0.392  A(t)=294  sim=236.3s
epoch   17600  HO=0.0866  meanSteps=   600.8  copy=0.393  A(t)=295  sim=237.0s
epoch   17650  HO=0.0872  meanSteps=   593.4  copy=0.393  A(t)=295  sim=237.7s
epoch   17700  HO=0.0878  meanSteps=   602.3  copy=0.392  A(t)=295  sim=238.7s
epoch   17750  HO=0.0850  meanSteps=   593.4  copy=0.392  A(t)=295  sim=239.4s
epoch   17800  HO=0.0844  meanSteps=   583.3  copy=0.390  A(t)=295  sim=240.0s
epoch   17850  HO=0.0845  meanSteps=   585.1  copy=0.393  A(t)=295  sim=240.7s
epoch   17900  HO=0.0830  meanSteps=   594.2  copy=0.389  A(t)=295  sim=241.4s
epoch   17950  HO=0.0799  meanSteps=   593.8  copy=0.391  A(t)=295  sim=242.1s
epoch   18000  HO=0.0811  meanSteps=   593.5  copy=0.388  A(t)=295  sim=242.8s
epoch   18050  HO=0.0818  meanSteps=   583.7  copy=0.389  A(t)=295  sim=243.5s
epoch   18100  HO=0.0816  meanSteps=   591.2  copy=0.390  A(t)=295  sim=244.1s
epoch   18150  HO=0.0802  meanSteps=   586.4  copy=0.390  A(t)=295  sim=244.7s
epoch   18200  HO=0.0817  meanSteps=   582.5  copy=0.390  A(t)=295  sim=245.4s
epoch   18250  HO=0.0845  meanSteps=   593.2  copy=0.391  A(t)=295  sim=246.4s
epoch   18300  HO=0.0809  meanSteps=   599.3  copy=0.394  A(t)=295  sim=247.0s
epoch   18350  HO=0.0816  meanSteps=   604.4  copy=0.393  A(t)=295  sim=247.7s
epoch   18400  HO=0.0766  meanSteps=   601.3  copy=0.390  A(t)=295  sim=248.4s
epoch   18450  HO=0.0757  meanSteps=   600.4  copy=0.390  A(t)=295  sim=249.1s
epoch   18500  HO=0.0778  meanSteps=   590.7  copy=0.391  A(t)=295  sim=249.6s
epoch   18550  HO=0.0772  meanSteps=   592.2  copy=0.389  A(t)=295  sim=250.2s
epoch   18600  HO=0.0746  meanSteps=   593.1  copy=0.390  A(t)=295  sim=250.8s
epoch   18650  HO=0.0736  meanSteps=   590.0  copy=0.387  A(t)=295  sim=251.3s
epoch   18700  HO=0.0740  meanSteps=   596.8  copy=0.389  A(t)=295  sim=251.9s
epoch   18750  HO=0.0755  meanSteps=   596.2  copy=0.389  A(t)=295  sim=252.6s
epoch   18800  HO=0.0735  meanSteps=   600.7  copy=0.389  A(t)=295  sim=253.2s
epoch   18850  HO=0.0750  meanSteps=   598.6  copy=0.392  A(t)=295  sim=254.0s
epoch   18900  HO=0.0779  meanSteps=   577.9  copy=0.392  A(t)=295  sim=254.6s
epoch   18950  HO=0.0766  meanSteps=   571.8  copy=0.390  A(t)=295  sim=255.3s
epoch   19000  HO=0.0748  meanSteps=   573.8  copy=0.387  A(t)=295  sim=256.2s
epoch   19050  HO=0.0699  meanSteps=   583.5  copy=0.388  A(t)=295  sim=256.8s
epoch   19100  HO=0.0697  meanSteps=   588.1  copy=0.389  A(t)=295  sim=257.6s
epoch   19150  HO=0.0731  meanSteps=   584.0  copy=0.388  A(t)=295  sim=258.2s
epoch   19200  HO=0.0704  meanSteps=   572.3  copy=0.387  A(t)=295  sim=258.9s
epoch   19250  HO=0.0707  meanSteps=   577.3  copy=0.390  A(t)=295  sim=259.7s
epoch   19300  HO=0.0686  meanSteps=   576.0  copy=0.392  A(t)=295  sim=260.2s
epoch   19350  HO=0.0701  meanSteps=   568.8  copy=0.395  A(t)=295  sim=261.0s
epoch   19400  HO=0.0719  meanSteps=   561.6  copy=0.394  A(t)=297  sim=261.7s
epoch   19450  HO=0.0719  meanSteps=   567.7  copy=0.392  A(t)=297  sim=262.3s
epoch   19500  HO=0.0687  meanSteps=   567.4  copy=0.388  A(t)=297  sim=262.9s
epoch   19550  HO=0.0692  meanSteps=   570.3  copy=0.391  A(t)=297  sim=263.4s
epoch   19600  HO=0.0729  meanSteps=   574.7  copy=0.389  A(t)=297  sim=264.2s
epoch   19650  HO=0.0709  meanSteps=   564.6  copy=0.387  A(t)=297  sim=264.9s
epoch   19700  HO=0.0702  meanSteps=   567.9  copy=0.384  A(t)=297  sim=265.6s
epoch   19750  HO=0.0710  meanSteps=   569.6  copy=0.384  A(t)=297  sim=266.3s
epoch   19800  HO=0.0658  meanSteps=   569.6  copy=0.387  A(t)=297  sim=266.9s
epoch   19850  HO=0.0673  meanSteps=   569.3  copy=0.390  A(t)=297  sim=267.5s
epoch   19900  HO=0.0691  meanSteps=   571.7  copy=0.386  A(t)=297  sim=268.2s
epoch   19950  HO=0.0700  meanSteps=   570.5  copy=0.385  A(t)=297  sim=269.1s
epoch   20000  HO=0.0761  meanSteps=   561.8  copy=0.385  A(t)=297  sim=269.6s
done: 20000 epochs in 366.6s wall (269.6s simulating), runs/blocks_d2_s5
