epoch       0  HO=-0.0004  meanSteps=     0.0  copy=0.000  A(t)=0  sim=0.0s
epoch      50  HO=0.0696  meanSteps=   588.5  copy=0.508  A(t)=0  sim=0.8s
epoch     100  HO=0.0997  meanSteps=   583.9  copy=0.494  A(t)=0  sim=1.5s
epoch     150  HO=0.1165  meanSteps=   590.8  copy=0.484  A(t)=0  sim=2.2s
epoch     200  HO=0.1328  meanSteps=   593.2  copy=0.481  A(t)=0  sim=2.9s
epoch     250  HO=0.1415  meanSteps=   584.4  copy=0.474  A(t)=0  sim=3.7s
epoch     300  HO=0.1538  meanSteps=   591.5  copy=0.469  A(t)=93  sim=4.3s
epoch     350  HO=0.1570  meanSteps=   584.8  copy=0.463  A(t)=114  sim=5.0s
epoch     400  HO=0.1626  meanSteps=   575.7  copy=0.458  A(t)=129  sim=5.7s
epoch     450  HO=0.1663  meanSteps=   587.6  copy=0.455  A(t)=139  sim=6.4s
epoch     500  HO=0.1785  meanSteps=   581.1  copy=0.456  A(t)=143  sim=7.0s
epoch     550  HO=0.1858  meanSteps=   569.7  copy=0.452  A(t)=149  sim=7.6s
epoch     600  HO=0.1973  meanSteps=   574.8  copy=0.447  A(t)=157  sim=8.4s
epoch     650  HO=0.2106  meanSteps=   570.4  copy=0.446  A(t)=160  sim=9.0s
epoch     700  HO=0.2242  meanSteps=   573.5  copy=0.444  A(t)=166  sim=9.8s
epoch     750  HO=0.2190  meanSteps=   566.9  copy=0.441  A(t)=174  sim=10.5s
epoch     800  HO=0.2193  meanSteps=   568.2  copy=0.437  A(t)=177  sim=11.2s
epoch     850  HO=0.2211  meanSteps=   566.1  copy=0.437  A(t)=184  sim=11.8s
epoch     900  HO=0.2296  meanSteps=   577.2  copy=0.438  A(t)=191  sim=12.4s
epoch     950  HO=0.2424  meanSteps=   577.0  copy=0.439  A(t)=196  sim=13.0s
epoch    1000  HO=0.2419  meanSteps=   578.6  copy=0.441  A(t)=199  sim=13.7s
epoch    1050  HO=0.2393  meanSteps=   570.5  copy=0.441  A(t)=202  sim=14.4s
epoch    1100  HO=0.2400  meanSteps=   566.2  copy=0.435  A(t)=208  sim=15.2s
epoch    1150  HO=0.2379  meanSteps=   561.2  copy=0.434  A(t)=210  sim=15.8s
epoch    1200  HO=0.2411  meanSteps=   546.8  copy=0.437  A(t)=215  sim=16.3s
epoch    1250  HO=0.2402  meanSteps=   557.3  copy=0.436  A(t)=220  sim=17.0s
epoch    1300  HO=0.2368  meanSteps=   558.0  copy=0.440  A(t)=220  sim=17.6s
epoch    1350  HO=0.2463  meanSteps=   550.1  copy=0.439  A(t)=226  sim=18.1s
epoch    1400  HO=0.2536  meanSteps=   558.3  copy=0.441  A(t)=226  sim=18.8s
epoch    1450  HO=0.2532  meanSteps=   553.2  copy=0.443  A(t)=228  sim=19.4s
epoch    1500  HO=0.2502  meanSteps=   563.1  copy=0.442  A(t)=234  sim=20.2s
epoch    1550  HO=0.2475  meanSteps=   567.1  copy=0.442  A(t)=236  sim=21.0s
epoch    1600  HO=0.2486  meanSteps=   566.5  copy=0.438  A(t)=237  sim=21.7s
epoch    1650  HO=0.2510  meanSteps=   561.0  copy=0.438  A(t)=239  sim=22.5s
epoch    1700  HO=0.2464  meanSteps=   563.2  copy=0.436  A(t)=240  sim=23.1s
epoch    1750  HO=0.2610  meanSteps=   556.4  copy=0.434  A(t)=243  sim=24.0s
epoch    1800  HO=0.2547  meanSteps=   557.3  copy=0.435  A(t)=245  sim=24.6s
epoch    1850  HO=0.2566  meanSteps=   553.7  copy=0.435  A(t)=249  sim=25.2s
epoch    1900  HO=0.2599  meanSteps=   548.9  copy=0.435  A(t)=249  sim=25.8s
epoch    1950  HO=0.2607  meanSteps=   560.9  copy=0.437  A(t)=249  sim=26.4s
epoch    2000  HO=0.2679  meanSteps=   549.7  copy=0.442  A(t)=249  sim=27.3s
epoch    2050  HO=0.2749  meanSteps=   555.9  copy=0.441  A(t)=249  sim=27.9s
epoch    2100  HO=0.2752  meanSteps=   543.6  copy=0.444  A(t)=249  sim=28.5s
epoch    2150  HO=0.2808  meanSteps=   547.6  copy=0.442  A(t)=250  sim=29.1s
epoch    2200  HO=0.2811  meanSteps=   547.9  copy=0.440  A(t)=251  sim=29.8s
epoch    2250  HO=0.2814  meanSteps=   548.6  copy=0.440  A(t)=252  sim=30.3s
epoch    2300  HO=0.2807  meanSteps=   550.2  copy=0.439  A(t)=257  sim=31.2s
epoch    2350  HO=0.2775  meanSteps=   549.6  copy=0.436  A(t)=259  sim=31.7s
epoch    2400  HO=0.2741  meanSteps=   552.0  copy=0.434  A(t)=261  sim=32.4s
epoch    2450  HO=0.2749  meanSteps=   549.9  copy=0.431  A(t)=261  sim=33.2s
epoch    2500  HO=0.2797  meanSteps=   536.9  copy=0.432  A(t)=262  sim=33.9s
epoch    2550  HO=0.2822  meanSteps=   549.2  copy=0.434  A(t)=262  sim=34.8s
epoch    2600  HO=0.2849  meanSteps=   544.5  copy=0.433  A(t)=265  sim=35.4s
epoch    2650  HO=0.2887  meanSteps=   540.1  copy=0.434  A(t)=265  sim=36.2s
epoch    2700  HO=0.2791  meanSteps=   547.5  copy=0.434  A(t)=266  sim=37.0s
epoch    2750  HO=0.2697  meanSteps=   536.5  copy=0.435  A(t)=268  sim=37.7s
epoch    2800  HO=0.2703  meanSteps=   549.5  copy=0.436  A(t)=268  sim=38.2s
epoch    2850  HO=0.2672  meanSteps=   547.5  copy=0.436  A(t)=268  sim=38.9s
epoch    2900  HO=0.2620  meanSteps=   542.6  copy=0.435  A(t)=269  sim=39.5s
epoch    2950  HO=0.2691  meanSteps=   543.7  copy=0.434  A(t)=271  sim=40.1s
epoch    3000  HO=0.2746  meanSteps=   525.2  copy=0.431  A(t)=271  sim=40.6s
epoch    3050  HO=0.2768  meanSteps=   533.2  copy=0.431  A(t)=271  sim=41.2s
epoch    3100  HO=0.2796  meanSteps=   538.9  copy=0.432  A(t)=272  sim=42.0s
epoch    3150  HO=0.2803  meanSteps=   538.9  copy=0.429  A(t)=272  sim=42.7s
epoch    3200  HO=0.2722  meanSteps=   517.5  copy=0.429  A(t)=272  sim=43.2s
epoch    3250  HO=0.2767  meanSteps=   523.5  copy=0.432  A(t)=272  sim=43.9s
epoch    3300  HO=0.2871  meanSteps=   524.0  copy=0.433  A(t)=280  sim=44.7s
epoch    3350  HO=0.2888  meanSteps=   523.2  copy=0.434  A(t)=280  sim=45.3s
epoch    3400  HO=0.2815  meanSteps=   535.7  copy=0.435  A(t)=283  sim=46.1s
epoch    3450  HO=0.2886  meanSteps=   538.6  copy=0.438  A(t)=284  sim=46.7s
epoch    3500  HO=0.2928  meanSteps=   525.4  copy=0.435  A(t)=286  sim=47.5s
epoch    3550  HO=0.2923  meanSteps=   513.0  copy=0.435  A(t)=287  sim=48.2s
epoch    3600  HO=0.2957  meanSteps=   508.3  copy=0.435  A(t)=287  sim=48.9s
epoch    3650  HO=0.2971  meanSteps=   518.1  copy=0.440  A(t)=287  sim=49.6s
epoch    3700  HO=0.2939  meanSteps=   515.1  copy=0.437  A(t)=287  sim=50.2s
epoch    3750  HO=0.2829  meanSteps=   528.9  copy=0.435  A(t)=288  sim=50.9s
epoch    3800  HO=0.2831  meanSteps=   536.1  copy=0.431  A(t)=288  sim=51.6s
epoch    3850  HO=0.2812  meanSteps=   529.8  copy=0.431  A(t)=288  sim=52.4s
epoch    3900  HO=0.2772  meanSteps=   544.4  copy=0.434  A(t)=288  sim=53.3s
epoch    3950  HO=0.2782  meanSteps=   544.8  copy=0.437  A(t)=291  sim=54.0s
epoch    4000  HO=0.2732  meanSteps=   550.6  copy=0.432  A(t)=291  sim=54.6s
epoch    4050  HO=0.2730  meanSteps=   533.8  copy=0.434  A(t)=291  sim=55.1s
epoch    4100  HO=0.2775  meanSteps=   537.5  copy=0.436  A(t)=292  sim=55.8s
epoch    4150  HO=0.2748  meanSteps=   531.5  copy=0.435  A(t)=292  sim=56.5s
epoch    4200  HO=0.2747  meanSteps=   524.4  copy=0.433  A(t)=292  sim=57.1s
epoch    4250  HO=0.2809  meanSteps=   513.1  copy=0.435  A(t)=294  sim=57.8s
epoch    4300  HO=0.2773  meanSteps=   525.5  copy=0.433  A(t)=295  sim=58.5s
epoch    4350  HO=0.2791  meanSteps=   515.7  copy=0.434  A(t)=295  sim=59.2s
epoch    4400  HO=0.2792  meanSteps=   524.2  copy=0.433  A(t)=295  sim=59.9s
epoch    4450  HO=0.2805  meanSteps=   526.2  copy=0.436  A(t)=297  sim=60.6s
epoch    4500  HO=0.2817  meanSteps=   526.0  copy=0.439  A(t)=297  sim=61.4s
epoch    4550  HO=0.2844  meanSteps=   529.2  copy=0.441  A(t)=298  sim=62.1s
epoch    4600  HO=0.2829  meanSteps=   530.6  copy=0.442  A(t)=298  sim=62.7s
epoch    4650  HO=0.2853  meanSteps=   531.1  copy=0.441  A(t)=298  sim=63.6s
epoch    4700  HO=0.2842  meanSteps=   530.0  copy=0.441  A(t)=298  sim=64.1s
epoch    4750  HO=0.2836  meanSteps=   539.8  copy=0.443  A(t)=298  sim=64.8s
epoch    4800  HO=0.2856  meanSteps=   538.7  copy=0.442  A(t)=298  sim=65.5s
epoch    4850  HO=0.2825  meanSteps=   528.3  copy=0.446  A(t)=299  sim=66.2s
epoch    4900  HO=0.2847  meanSteps=   522.1  copy=0.444  A(t)=299  sim=66.9s
epoch    4950  HO=0.2723  meanSteps=   531.9  copy=0.441  A(t)=299  sim=67.6s
epoch    5000  HO=0.2679  meanSteps=   533.4  copy=0.444  A(t)=299  sim=68.3s
epoch    5050  HO=0.2650  meanSteps=   533.4  copy=0.444  A(t)=299  sim=68.9s
epoch    5100  HO=0.2722  meanSteps=   525.8  copy=0.443  A(t)=299  sim=69.5s
epoch    5150  HO=0.2663  meanSteps=   522.1  copy=0.444  A(t)=299  sim=70.3s
epoch    5200  HO=0.2680  meanSteps=   528.0  copy=0.440  A(t)=299  sim=71.1s
epoch    5250  HO=0.2755  meanSteps=   535.9  copy=0.438  A(t)=299  sim=71.8s
epoch    5300  HO=0.2853  meanSteps=   524.3  copy=0.442  A(t)=299  sim=72.5s
epoch    5350  HO=0.2859  meanSteps=   534.2  copy=0.443  A(t)=300  sim=73.3s
epoch    5400  HO=0.2844  meanSteps=   536.5  copy=0.443  A(t)=300  sim=73.9s
epoch    5450  HO=0.2887  meanSteps=   534.0  copy=0.445  A(t)=300  sim=74.6s
epoch    5500  HO=0.2977  meanSteps=   534.7  copy=0.441  A(t)=300  sim=75.4s
epoch    5550  HO=0.3016  meanSteps=   517.5  copy=0.443  A(t)=300  sim=76.1s
epoch    5600  HO=0.3000  meanSteps=   523.0  copy=0.440  A(t)=303  sim=76.8s
epoch    5650  HO=0.2929  meanSteps=   523.7  copy=0.435  A(t)=303  sim=77.6s
epoch    5700  HO=0.3009  meanSteps=   529.5  copy=0.435  A(t)=303  sim=78.3s
epoch    5750  HO=0.2962  meanSteps=   530.0  copy=0.436  A(t)=303  sim=79.1s
epoch    5800  HO=0.2883  meanSteps=   526.8  copy=0.433  A(t)=303  sim=79.7s
epoch    5850  HO=0.2880  meanSteps=   534.2  copy=0.432  A(t)=303  sim=80.3s
epoch    5900  HO=0.2785  meanSteps=   533.4  copy=0.430  A(t)=303  sim=81.0s
epoch    5950  HO=0.2793  meanSteps=   549.3  copy=0.435  A(t)=303  sim=81.6s
epoch    6000  HO=0.2868  meanSteps=   550.8  copy=0.434  A(t)=304  sim=82.3s
epoch    6050  HO=0.2870  meanSteps=   538.5  copy=0.434  A(t)=304  sim=83.0s
epoch    6100  HO=0.2836  meanSteps=   535.6  copy=0.435  A(t)=304  sim=83.7s
epoch    6150  HO=0.2839  meanSteps=   521.6  copy=0.433  A(t)=304  sim=84.5s
epoch    6200  HO=0.2896  meanSteps=   524.0  copy=0.431  A(t)=304  sim=85.2s
epoch    6250  HO=0.2994  meanSteps=   530.6  copy=0.435  A(t)=304  sim=85.8s
epoch    6300  HO=0.2995  meanSteps=   545.4  copy=0.437  A(t)=306  sim=86.5s
epoch    6350  HO=0.2976  meanSteps=   536.4  copy=0.439  A(t)=310  sim=87.3s
epoch    6400  HO=0.2930  meanSteps=   526.1  copy=0.438  A(t)=310  sim=88.0s
epoch    6450  HO=0.2875  meanSteps=   533.1  copy=0.439  A(t)=313  sim=88.6s
epoch    6500  HO=0.2921  meanSteps=   530.8  copy=0.436  A(t)=313  sim=89.4s
epoch    6550  HO=0.2799  meanSteps=   541.5  copy=0.435  A(t)=313  sim=90.1s
epoch    6600  HO=0.2760  meanSteps=   542.8  copy=0.436  A(t)=313  sim=91.0s
epoch    6650  HO=0.2696  meanSteps=   548.1  copy=0.438  A(t)=313  sim=91.7s
epoch    6700  HO=0.2717  meanSteps=   544.6  copy=0.435  A(t)=313  sim=92.3s
epoch    6750  HO=0.2686  meanSteps=   541.5  copy=0.434  A(t)=313  sim=93.0s
epoch    6800  HO=0.2634  meanSteps=   536.8  copy=0.434  A(t)=313  sim=93.8s
epoch    6850  HO=0.2572  meanSteps=   534.2  copy=0.436  A(t)=315  sim=94.4s
epoch    6900  HO=0.2547  meanSteps=   533.3  copy=0.438  A(t)=315  sim=95.3s
epoch    6950  HO=0.2589  meanSteps=   539.2  copy=0.438  A(t)=315  sim=95.9s
epoch    7000  HO=0.2533  meanSteps=   531.9  copy=0.437  A(t)=315  sim=96.5s
epoch    7050  HO=0.2534  meanSteps=   514.1  copy=0.437  A(t)=317  sim=97.1s
epoch    7100  HO=0.2509  meanSteps=   528.8  copy=0.435  A(t)=323  sim=97.7s
epoch    7150  HO=0.2601  meanSteps=   535.0  copy=0.437  A(t)=323  sim=98.3s
epoch    7200  HO=0.2586  meanSteps=   519.2  copy=0.437  A(t)=323  sim=98.9s
epoch    7250  HO=0.2503  meanSteps=   533.8  copy=0.435  A(t)=323  sim=99.4s
epoch    7300  HO=0.2522  meanSteps=   525.1  copy=0.437  A(t)=323  sim=100.1s
epoch    7350  HO=0.2545  meanSteps=   528.8  copy=0.438  A(t)=324  sim=100.8s
epoch    7400  HO=0.2540  meanSteps=   511.9  copy=0.439  A(t)=324  sim=101.7s
epoch    7450  HO=0.2478  meanSteps=   518.7  copy=0.439  A(t)=326  sim=102.5s
epoch    7500  HO=0.2482  meanSteps=   535.7  copy=0.438  A(t)=330  sim=103.2s
epoch    7550  HO=0.2543  meanSteps=   542.9  copy=0.441  A(t)=330  sim=103.9s
epoch    7600  HO=0.2470  meanSteps=   534.9  copy=0.439  A(t)=330  sim=104.7s
epoch    7650  HO=0.2525  meanSteps=   530.6  copy=0.436  A(t)=330  sim=105.4s
epoch    7700  HO=0.2599  meanSteps=   538.6  copy=0.435  A(t)=330  sim=106.1s
epoch    7750  HO=0.2559  meanSteps=   535.0  copy=0.435  A(t)=332  sim=106.9s
epoch    7800  HO=0.2605  meanSteps=   538.4  copy=0.435  A(t)=332  sim=107.7s
epoch    7850  HO=0.2608  meanSteps=   523.2  copy=0.434  A(t)=332  sim=108.3s
epoch    7900  HO=0.2664  meanSteps=   510.0  copy=0.437  A(t)=332  sim=109.1s
epoch    7950  HO=0.2746  meanSteps=   510.6  copy=0.437  A(t)=332  sim=109.8s
epoch    8000  HO=0.2798  meanSteps=   505.5  copy=0.437  A(t)=333  sim=110.5s
epoch    8050  HO=0.2712  meanSteps=   512.6  copy=0.439  A(t)=335  sim=111.1s
epoch    8100  HO=0.2789  meanSteps=   516.0  copy=0.438  A(t)=335  sim=111.7s
epoch    8150  HO=0.2903  meanSteps=   514.1  copy=0.442  A(t)=337  sim=112.4s
epoch    8200  HO=0.2890  meanSteps=   522.9  copy=0.443  A(t)=337  sim=113.2s
epoch    8250  HO=0.2966  meanSteps=   519.7  copy=0.445  A(t)=337  sim=113.9s
epoch    8300  HO=0.2923  meanSteps=   527.8  copy=0.445  A(t)=339  sim=114.8s
epoch    8350  HO=0.2845  meanSteps=   522.6  copy=0.448  A(t)=340  sim=115.6s
epoch    8400  HO=0.2794  meanSteps=   524.1  copy=0.444  A(t)=341  sim=116.5s
epoch    8450  HO=0.2743  meanSteps=   511.8  copy=0.444  A(t)=342  sim=117.1s
epoch    8500  HO=0.2885  meanSteps=   512.9  copy=0.443  A(t)=342  sim=117.8s
epoch    8550  HO=0.2894  meanSteps=   522.3  copy=0.442  A(t)=342  sim=118.5s
epoch    8600  HO=0.2862  meanSteps=   514.4  copy=0.443  A(t)=342  sim=119.5s
epoch    8650  HO=0.2819  meanSteps=   512.2  copy=0.442  A(t)=342  sim=120.0s
epoch    8700  HO=0.2745  meanSteps=   511.2  copy=0.445  A(t)=344  sim=120.7s
epoch    8750  HO=0.2711  meanSteps=   527.0  copy=0.447  A(t)=347  sim=121.3s
epoch    8800  HO=0.2703  meanSteps=   532.8  copy=0.451  A(t)=349  sim=122.1s
epoch    8850  HO=0.2688  meanSteps=   541.3  copy=0.448  A(t)=351  sim=122.7s
epoch    8900  HO=0.2676  meanSteps=   538.2  copy=0.448  A(t)=351  sim=123.4s
epoch    8950  HO=0.2664  meanSteps=   545.2  copy=0.448  A(t)=353  sim=124.3s
epoch    9000  HO=0.2657  meanSteps=   548.8  copy=0.445  A(t)=353  sim=125.0s
epoch    9050  HO=0.2709  meanSteps=   555.7  copy=0.447  A(t)=353  sim=125.8s
epoch    9100  HO=0.2738  meanSteps=   554.8  copy=0.448  A(t)=353  sim=126.6s
epoch    9150  HO=0.2752  meanSteps=   567.4  copy=0.445  A(t)=353  sim=127.2s
epoch    9200  HO=0.2741  meanSteps=   564.1  copy=0.442  A(t)=355  sim=128.0s
epoch    9250  HO=0.2885  meanSteps=   548.3  copy=0.445  A(t)=355  sim=128.8s
epoch    9300  HO=0.2778  meanSteps=   543.1  copy=0.447  A(t)=359  sim=129.6s
epoch    9350  HO=0.2723  meanSteps=   559.0  copy=0.447  A(t)=361  sim=130.3s
epoch    9400  HO=0.2715  meanSteps=   562.4  copy=0.445  A(t)=361  sim=131.1s
epoch    9450  HO=0.2758  meanSteps=   554.5  copy=0.446  A(t)=364  sim=132.0s
epoch    9500  HO=0.2816  meanSteps=   551.0  copy=0.447  A(t)=366  sim=132.7s
epoch    9550  HO=0.2816  meanSteps=   555.2  copy=0.449  A(t)=368  sim=133.4s
epoch    9600  HO=0.2752  meanSteps=   556.0  copy=0.450  A(t)=372  sim=134.1s
epoch    9650  HO=0.2703  meanSteps=   555.5  copy=0.447  A(t)=372  sim=135.0s
epoch    9700  HO=0.2697  meanSteps=   559.4  copy=0.442  A(t)=372  sim=135.6s
epoch    9750  HO=0.2684  meanSteps=   557.2  copy=0.442  A(t)=374  sim=136.4s
epoch    9800  HO=0.2831  meanSteps=   555.1  copy=0.445  A(t)=374  sim=137.0s
epoch    9850  HO=0.2845  meanSteps=   557.5  copy=0.448  A(t)=374  sim=137.8s
epoch    9900  HO=0.2804  meanSteps=   548.8  copy=0.447  A(t)=374  sim=138.6s
epoch    9950  HO=0.2909  meanSteps=   548.7  copy=0.447  A(t)=374  sim=139.3s
epoch   10000  HO=0.2916  meanSteps=   544.7  copy=0.449  A(t)=374  sim=140.0s
epoch   10050  HO=0.2954  meanSteps=   530.5  copy=0.449  A(t)=376  sim=140.8s
epoch   10100  HO=0.3039  meanSteps=   541.2  copy=0.450  A(t)=376  sim=141.7s
epoch   10150  HO=0.3069  meanSteps=   551.1  copy=0.451  A(t)=378  sim=142.5s
epoch   10200  HO=0.3079  meanSteps=   545.3  copy=0.450  A(t)=378  sim=143.3s
epoch   10250  HO=0.3016  meanSteps=   554.0  copy=0.452  A(t)=382  sim=143.9s
epoch   10300  HO=0.3017  meanSteps=   545.4  copy=0.451  A(t)=382  sim=144.5s
epoch   10350  HO=0.2991  meanSteps=   539.7  copy=0.451  A(t)=382  sim=145.2s
epoch   10400  HO=0.3099  meanSteps=   537.5  copy=0.449  A(t)=382  sim=145.9s
epoch   10450  HO=0.3034  meanSteps=   537.7  copy=0.451  A(t)=382  sim=146.6s
epoch   10500  HO=0.3094  meanSteps=   532.8  copy=0.454  A(t)=383  sim=147.4s
epoch   10550  HO=0.3082  meanSteps=   538.9  copy=0.454  A(t)=383  sim=148.1s
epoch   10600  HO=0.3056  meanSteps=   552.7  copy=0.456  A(t)=385  sim=148.8s
epoch   10650  HO=0.3016  meanSteps=   557.2  copy=0.455  A(t)=385  sim=149.6s
epoch   10700  HO=0.2978  meanSteps=   556.9  copy=0.453  A(t)=388  sim=150.3s
epoch   10750  HO=0.2928  meanSteps=   565.8  copy=0.453  A(t)=388  sim=151.0s
epoch   10800  HO=0.2883  meanSteps=   578.3  copy=0.452  A(t)=389  sim=151.8s
epoch   10850  HO=0.2953  meanSteps=   558.2  copy=0.457  A(t)=391  sim=152.8s
epoch   10900  HO=0.2982  meanSteps=   559.2  copy=0.455  A(t)=391  sim=153.5s
epoch   10950  HO=0.2987  meanSteps=   554.6  copy=0.459  A(t)=391  sim=154.4s
epoch   11000  HO=0.3045  meanSteps=   546.4  copy=0.456  A(t)=393  sim=155.2s
epoch   11050  HO=0.2989  meanSteps=   553.5  copy=0.455  A(t)=393  sim=156.0s
epoch   11100  HO=0.2962  meanSteps=   558.7  copy=0.457  A(t)=393  sim=156.5s
epoch   11150  HO=0.3018  meanSteps=   560.9  copy=0.460  A(t)=393  sim=157.2s
epoch   11200  HO=0.3008  meanSteps=   549.1  copy=0.459  A(t)=395  sim=157.9s
epoch   11250  HO=0.2972  meanSteps=   558.0  copy=0.456  A(t)=398  sim=158.8s
epoch   11300  HO=0.2938  meanSteps=   549.9  copy=0.454  A(t)=398  sim=159.6s
epoch   11350  HO=0.2911  meanSteps=   558.0  copy=0.458  A(t)=410  sim=160.2s
epoch   11400  HO=0.2844  meanSteps=   555.3  copy=0.461  A(t)=410  sim=161.1s
epoch   11450  HO=0.2775  meanSteps=   562.8  copy=0.459  A(t)=410  sim=161.9s
epoch   11500  HO=0.2821  meanSteps=   570.6  copy=0.462  A(t)=410  sim=162.6s
epoch   11550  HO=0.2785  meanSteps=   561.5  copy=0.459  A(t)=410  sim=163.2s
epoch   11600  HO=0.2811  meanSteps=   563.0  copy=0.459  A(t)=410  sim=163.8s
epoch   11650  HO=0.2786  meanSteps=   566.0  copy=0.464  A(t)=410  sim=164.5s
epoch   11700  HO=0.2750  meanSteps=   571.5  copy=0.461  A(t)=410  sim=165.4s
epoch   11750  HO=0.2694  meanSteps=   573.5  copy=0.465  A(t)=410  sim=166.1s
epoch   11800  HO=0.2749  meanSteps=   581.0  copy=0.463  A(t)=410  sim=166.8s
epoch   11850  HO=0.2842  meanSteps=   587.1  copy=0.464  A(t)=412  sim=167.7s
epoch   11900  HO=0.2683  meanSteps=   577.3  copy=0.463  A(t)=412  sim=168.4s
epoch   11950  HO=0.2705  meanSteps=   573.3  copy=0.464  A(t)=414  sim=169.3s
epoch   12000  HO=0.2761  meanSteps=   571.0  copy=0.461  A(t)=414  sim=170.1s
epoch   12050  HO=0.2860  meanSteps=   569.3  copy=0.462  A(t)=415  sim=171.0s
epoch   12100  HO=0.2932  meanSteps=   571.6  copy=0.465  A(t)=424  sim=171.8s
epoch   12150  HO=0.3045  meanSteps=   567.1  copy=0.464  A(t)=424  sim=172.4s
epoch   12200  HO=0.3013  meanSteps=   577.1  copy=0.463  A(t)=426  sim=173.1s
epoch   12250  HO=0.2931  meanSteps=   584.3  copy=0.463  A(t)=428  sim=173.9s
epoch   12300  HO=0.2952  meanSteps=   577.9  copy=0.465  A(t)=428  sim=174.6s
epoch   12350  HO=0.2989  meanSteps=   589.7  copy=0.462  A(t)=428  sim=175.4s
epoch   12400  HO=0.2987  meanSteps=   577.8  copy=0.465  A(t)=434  sim=176.2s
epoch   12450  HO=0.2945  meanSteps=   583.3  copy=0.465  A(t)=434  sim=177.0s
epoch   12500  HO=0.2978  meanSteps=   578.2  copy=0.466  A(t)=434  sim=177.7s
epoch   12550  HO=0.2937  meanSteps=   573.8  copy=0.466  A(t)=434  sim=178.6s
epoch   12600  HO=0.2932  meanSteps=   576.6  copy=0.464  A(t)=434  sim=179.3s
epoch   12650  HO=0.2846  meanSteps=   588.9  copy=0.457  A(t)=434  sim=180.1s
epoch   12700  HO=0.2802  meanSteps=   591.2  copy=0.459  A(t)=434  sim=180.8s
epoch   12750  HO=0.2855  meanSteps=   582.7  copy=0.460  A(t)=438  sim=181.5s
epoch   12800  HO=0.2803  meanSteps=   562.6  copy=0.466  A(t)=438  sim=182.2s
epoch   12850  HO=0.2831  meanSteps=   565.6  copy=0.469  A(t)=438  sim=182.9s
epoch   12900  HO=0.2883  meanSteps=   560.8  copy=0.467  A(t)=441  sim=183.5s
epoch   12950  HO=0.2851  meanSteps=   579.4  copy=0.471  A(t)=441  sim=184.3s
epoch   13000  HO=0.2930  meanSteps=   576.4  copy=0.468  A(t)=441  sim=185.2s
epoch   13050  HO=0.2870  meanSteps=   582.9  copy=0.466  A(t)=443  sim=186.1s
epoch   13100  HO=0.2899  meanSteps=   572.5  copy=0.468  A(t)=443  sim=186.9s
epoch   13150  HO=0.3057  meanSteps=   559.4  copy=0.472  A(t)=445  sim=187.6s
epoch   13200  HO=0.3076  meanSteps=   568.4  copy=0.470  A(t)=445  sim=188.4s
epoch   13250  HO=0.3140  meanSteps=   570.7  copy=0.468  A(t)=445  sim=189.1s
epoch   13300  HO=0.3125  meanSteps=   574.0  copy=0.472  A(t)=445  sim=189.9s
epoch   13350  HO=0.3177  meanSteps=   577.0  copy=0.470  A(t)=445  sim=190.7s
epoch   13400  HO=0.3208  meanSteps=   590.8  copy=0.472  A(t)=445  sim=191.6s
epoch   13450  HO=0.3175  meanSteps=   585.2  copy=0.473  A(t)=445  sim=192.3s
epoch   13500  HO=0.3078  meanSteps=   583.2  copy=0.477  A(t)=447  sim=193.0s
epoch   13550  HO=0.3028  meanSteps=   565.0  copy=0.475  A(t)=447  sim=193.8s
epoch   13600  HO=0.3023  meanSteps=   565.8  copy=0.477  A(t)=449  sim=194.4s
epoch   13650  HO=0.3017  meanSteps=   571.3  copy=0.475  A(t)=449  sim=195.1s
epoch   13700  HO=0.3092  meanSteps=   579.4  copy=0.476  A(t)=449  sim=195.8s
epoch   13750  HO=0.2996  meanSteps=   573.4  copy=0.477  A(t)=449  sim=196.6s
epoch   13800  HO=0.3169  meanSteps=   566.8  copy=0.476  A(t)=451  sim=197.5s
epoch   13850  HO=0.3224  meanSteps=   577.9  copy=0.477  A(t)=451  sim=198.3s
epoch   13900  HO=0.3133  meanSteps=   579.8  copy=0.476  A(t)=451  sim=199.0s
epoch   13950  HO=0.3222  meanSteps=   577.4  copy=0.471  A(t)=451  sim=199.8s
epoch   14000  HO=0.3228  meanSteps=   571.6  copy=0.473  A(t)=451  sim=200.5s
epoch   14050  HO=0.3173  meanSteps=   566.6  copy=0.473  A(t)=451  sim=201.3s
epoch   14100  HO=0.3168  meanSteps=   578.4  copy=0.473  A(t)=459  sim=202.0s
epoch   14150  HO=0.3181  meanSteps=   583.3  copy=0.474  A(t)=461  sim=202.8s
epoch   14200  HO=0.3216  meanSteps=   582.8  copy=0.476  A(t)=461  sim=203.6s
epoch   14250  HO=0.3196  meanSteps=   585.4  copy=0.473  A(t)=461  sim=204.4s
epoch   14300  HO=0.3192  meanSteps=   586.3  copy=0.473  A(t)=461  sim=205.1s
epoch   14350  HO=0.3156  meanSteps=   595.1  copy=0.470  A(t)=461  sim=206.1s
epoch   14400  HO=0.3106  meanSteps=   596.3  copy=0.469  A(t)=461  sim=206.9s
epoch   14450  HO=0.3242  meanSteps=   594.9  copy=0.470  A(t)=461  sim=207.6s
epoch   14500  HO=0.3253  meanSteps=   589.5  copy=0.470  A(t)=461  sim=208.6s
epoch   14550  HO=0.3284  meanSteps=   590.5  copy=0.474  A(t)=461  sim=209.4s
epoch   14600  HO=0.3482  meanSteps=   594.8  copy=0.476  A(t)=461  sim=210.2s
epoch   14650  HO=0.3461  meanSteps=   600.9  copy=0.477  A(t)=461  sim=210.9s
epoch   14700  HO=0.3419  meanSteps=   609.4  copy=0.475  A(t)=461  sim=211.8s
epoch   14750  HO=0.3359  meanSteps=   619.0  copy=0.477  A(t)=461  sim=212.6s
epoch   14800  HO=0.3415  meanSteps=   609.8  copy=0.480  A(t)=461  sim=213.4s
epoch   14850  HO=0.3395  meanSteps=   623.6  copy=0.479  A(t)=461  sim=214.0s
epoch   14900  HO=0.3446  meanSteps=   626.9  copy=0.481  A(t)=461  sim=214.7s
epoch   14950  HO=0.3349  meanSteps=   623.7  copy=0.480  A(t)=462  sim=215.5s
epoch   15000  HO=0.3396  meanSteps=   612.4  copy=0.481  A(t)=464  sim=216.4s
epoch   15050  HO=0.3427  meanSteps=   605.2  copy=0.482  A(t)=464  sim=217.2s
epoch   15100  HO=0.3358  meanSteps=   616.7  copy=0.478  A(t)=466  sim=218.0s
epoch   15150  HO=0.3337  meanSteps=   611.3  copy=0.475  A(t)=468  sim=218.9s
epoch   15200  HO=0.3366  meanSteps=   616.9  copy=0.475  A(t)=468  sim=219.7s
epoch   15250  HO=0.3349  meanSteps=   610.7  copy=0.482  A(t)=468  sim=220.4s
epoch   15300  HO=0.3347  meanSteps=   622.8  copy=0.480  A(t)=468  sim=221.3s
epoch   15350  HO=0.3325  meanSteps=   623.0  copy=0.481  A(t)=468  sim=222.2s
epoch   15400  HO=0.3292  meanSteps=   619.4  copy=0.482  A(t)=468  sim=223.0s
epoch   15450  HO=0.3292  meanSteps=   631.1  copy=0.480  A(t)=468  sim=223.8s
epoch   15500  HO=0.3262  meanSteps=   625.0  copy=0.483  A(t)=468  sim=224.5s
epoch   15550  HO=0.3176  meanSteps=   624.4  copy=0.482  A(t)=471  sim=225.5s
epoch   15600  HO=0.3182  meanSteps=   612.6  copy=0.486  A(t)=473  sim=226.2s
epoch   15650  HO=0.3166  meanSteps=   609.7  copy=0.483  A(t)=473  sim=226.9s
epoch   15700  HO=0.3152  meanSteps=   607.4  copy=0.484  A(t)=473  sim=227.7s
epoch   15750  HO=0.3108  meanSteps=   612.9  copy=0.481  A(t)=473  sim=228.5s
epoch   15800  HO=0.3165  meanSteps=   611.0  copy=0.477  A(t)=473  sim=229.2s
epoch   15850  HO=0.3154  meanSteps=   609.7  copy=0.483  A(t)=473  sim=229.9s
epoch   15900  HO=0.3112  meanSteps=   616.7  copy=0.482  A(t)=473  sim=230.5s
epoch   15950  HO=0.3155  meanSteps=   611.1  copy=0.486  A(t)=473  sim=231.3s
epoch   16000  HO=0.3231  meanSteps=   616.9  copy=0.486  A(t)=473  sim=232.0s
epoch   16050  HO=0.3162  meanSteps=   616.8  copy=0.485  A(t)=475  sim=232.7s
epoch   16100  HO=0.3284  meanSteps=   622.1  copy=0.481  A(t)=475  sim=233.5s
epoch   16150  HO=0.3245  meanSteps=   613.7  copy=0.476  A(t)=475  sim=234.5s
epoch   16200  HO=0.3165  meanSteps=   621.6  copy=0.477  A(t)=475  sim=235.4s
epoch   16250  HO=0.3083  meanSteps=   604.8  copy=0.475  A(t)=475  sim=236.0s
epoch   16300  HO=0.3057  meanSteps=   597.9  copy=0.477  A(t)=475  sim=236.9s
epoch   16350  HO=0.3042  meanSteps=   596.1  copy=0.478  A(t)=479  sim=237.6s
epoch   16400  HO=0.3085  meanSteps=   592.7  copy=0.475  A(t)=479  sim=238.3s
epoch   16450  HO=0.3069  meanSteps=   602.5  copy=0.479  A(t)=479  sim=239.1s
epoch   16500  HO=0.3074  meanSteps=   609.9  copy=0.480  A(t)=479  sim=240.0s
epoch   16550  HO=0.3113  meanSteps=   609.2  copy=0.480  A(t)=481  sim=240.6s
epoch   16600  HO=0.3057  meanSteps=   606.2  copy=0.480  A(t)=481  sim=241.1s
epoch   16650  HO=0.3038  meanSteps=   606.6  copy=0.481  A(t)=481  sim=241.6s
epoch   16700  HO=0.3056  meanSteps=   599.8  copy=0.481  A(t)=481  sim=242.2s
epoch   16750  HO=0.3054  meanSteps=   596.3  copy=0.479  A(t)=482  sim=242.7s
epoch   16800  HO=0.2998  meanSteps=   592.1  copy=0.476  A(t)=482  sim=243.2s
epoch   16850  HO=0.2989  meanSteps=   595.5  copy=0.476  A(t)=484  sim=243.8s
epoch   16900  HO=0.3011  meanSteps=   585.9  copy=0.476  A(t)=487  sim=244.3s
epoch   16950  HO=0.3008  meanSteps=   598.3  copy=0.475  A(t)=489  sim=244.9s
epoch   17000  HO=0.3093  meanSteps=   593.6  copy=0.476  A(t)=489  sim=245.4s
epoch   17050  HO=0.3129  meanSteps=   590.7  copy=0.476  A(t)=492  sim=246.0s
epoch   17100  HO=0.3121  meanSteps=   585.7  copy=0.478  A(t)=492  sim=246.5s
epoch   17150  HO=0.3095  meanSteps=   590.1  copy=0.479  A(t)=492  sim=247.0s
epoch   17200  HO=0.3039  meanSteps=   600.6  copy=0.478  A(t)=492  sim=247.5s
epoch   17250  HO=0.3133  meanSteps=   604.6  copy=0.479  A(t)=492  sim=248.1s
epoch   17300  HO=0.3179  meanSteps=   604.6  copy=0.482  A(t)=495  sim=248.6s
epoch   17350  HO=0.3200  meanSteps=   614.5  copy=0.481  A(t)=495  sim=249.2s
epoch   17400  HO=0.3200  meanSteps=   610.2  copy=0.478  A(t)=495  sim=249.7s
epoch   17450  HO=0.3125  meanSteps=   623.3  copy=0.477  A(t)=495  sim=250.2s
epoch   17500  HO=0.3132  meanSteps=   626.2  copy=0.475  A(t)=509  sim=250.8s
epoch   17550  HO=0.3166  meanSteps=   628.5  copy=0.477  A(t)=513  sim=251.4s
epoch   17600  HO=0.3237  meanSteps=   624.6  copy=0.478  A(t)=515  sim=251.9s
epoch   17650  HO=0.3275  meanSteps=   622.0  copy=0.482  A(t)=517  sim=252.5s
epoch   17700  HO=0.3269  meanSteps=   615.3  copy=0.482  A(t)=517  sim=253.0s
epoch   17750  HO=0.3222  meanSteps=   602.9  copy=0.481  A(t)=517  sim=253.6s
epoch   17800  HO=0.3298  meanSteps=   593.7  copy=0.482  A(t)=517  sim=254.1s
epoch   17850  HO=0.3375  meanSteps=   608.1  copy=0.484  A(t)=517  sim=254.6s
epoch   17900  HO=0.3407  meanSteps=   621.5  copy=0.482  A(t)=517  sim=255.2s
epoch   17950  HO=0.3364  meanSteps=   594.8  copy=0.488  A(t)=519  sim=255.7s
epoch   18000  HO=0.3428  meanSteps=   607.7  copy=0.489  A(t)=519  sim=256.3s
epoch   18050  HO=0.3476  meanSteps=   592.2  copy=0.489  A(t)=520  sim=256.8s
epoch   18100  HO=0.3511  meanSteps=   598.5  copy=0.489  A(t)=520  sim=257.4s
epoch   18150  HO=0.3482  meanSteps=   608.1  copy=0.491  A(t)=520  sim=257.9s
epoch   18200  HO=0.3389  meanSteps=   600.7  copy=0.489  A(t)=520  sim=258.4s
epoch   18250  HO=0.3326  meanSteps=   608.1  copy=0.486  A(t)=520  sim=259.0s
epoch   18300  HO=0.3320  meanSteps=   603.4  copy=0.485  A(t)=522  sim=259.5s
epoch   18350  HO=0.3218  meanSteps=   600.7  copy=0.485  A(t)=524  sim=260.1s
epoch   18400  HO=0.3397  meanSteps=   618.2  copy=0.484  A(t)=527  sim=260.6s
epoch   18450  HO=0.3427  meanSteps=   601.3  copy=0.480  A(t)=527  sim=261.1s
epoch   18500  HO=0.3366  meanSteps=   608.0  copy=0.483  A(t)=528  sim=261.7s
epoch   18550  HO=0.3324  meanSteps=   606.4  copy=0.481  A(t)=528  sim=262.2s
epoch   18600  HO=0.3275  meanSteps=   598.9  copy=0.482  A(t)=528  sim=262.8s
epoch   18650  HO=0.3222  meanSteps=   603.9  copy=0.482  A(t)=528  sim=263.4s
epoch   18700  HO=0.3255  meanSteps=   598.7  copy=0.488  A(t)=529  sim=263.9s
epoch   18750  HO=0.3302  meanSteps=   611.8  copy=0.491  A(t)=529  sim=264.5s
epoch   18800  HO=0.3254  meanSteps=   609.9  copy=0.489  A(t)=529  sim=265.0s
epoch   18850  HO=0.3278  meanSteps=   616.5  copy=0.489  A(t)=529  sim=265.6s
epoch   18900  HO=0.3434  meanSteps=   616.6  copy=0.493  A(t)=531  sim=266.1s
epoch   18950  HO=0.3411  meanSteps=   606.5  copy=0.491  A(t)=537  sim=266.7s
epoch   19000  HO=0.3436  meanSteps=   613.7  copy=0.492  A(t)=537  sim=267.2s
epoch   19050  HO=0.3470  meanSteps=   615.5  copy=0.496  A(t)=538  sim=267.8s
epoch   19100  HO=0.3444  meanSteps=   620.3  copy=0.498  A(t)=541  sim=268.3s
epoch   19150  HO=0.3480  meanSteps=   633.2  copy=0.495  A(t)=541  sim=268.8s
epoch   19200  HO=0.3580  meanSteps=   628.3  copy=0.492  A(t)=541  sim=269.4s
epoch   19250  HO=0.3610  meanSteps=   633.1  copy=0.490  A(t)=541  sim=270.0s
epoch   19300  HO=0.3533  meanSteps=   621.1  copy=0.487  A(t)=544  sim=270.5s
epoch   19350  HO=0.3575  meanSteps=   624.4  copy=0.490  A(t)=544  sim=271.1s
epoch   19400  HO=0.3545  meanSteps=   629.9  copy=0.494  A(t)=546  sim=271.6s
epoch   19450  HO=0.3542  meanSteps=   625.4  copy=0.493  A(t)=548  sim=272.2s
epoch   19500  HO=0.3443  meanSteps=   636.5  copy=0.493  A(t)=548  sim=272.7s
epoch   19550  HO=0.3503  meanSteps=   637.8  copy=0.492  A(t)=548  sim=273.3s
epoch   19600  HO=0.3489  meanSteps=   653.4  copy=0.488  A(t)=548  sim=273.8s
epoch   19650  HO=0.3490  meanSteps=   646.5  copy=0.487  A(t)=548  sim=274.4s
epoch   19700  HO=0.3485  meanSteps=   631.0  copy=0.485  A(t)=549  sim=275.0s
epoch   19750  HO=0.3507  meanSteps=   634.9  copy=0.486  A(t)=549  sim=275.5s
epoch   19800  HO=0.3470  meanSteps=   629.3  copy=0.487  A(t)=553  sim=276.1s
epoch   19850  HO=0.3550  meanSteps=   632.2  copy=0.482  A(t)=553  sim=276.6s
epoch   19900  HO=0.3520  meanSteps=   626.4  copy=0.484  A(t)=554  sim=277.2s
epoch   19950  HO=0.3517  meanSteps=   621.2  copy=0.485  A(t)=561  sim=277.8s
epoch   20000  HO=0.3425  meanSteps=   631.3  copy=0.485  A(t)=563  sim=278.3s
done: 20000 epochs in 376.8s wall (278.3s simulating), runs/blocks_d8_s3
