epoch       0  HO=-0.0004  meanSteps=     0.0  copy=0.000  A(t)=0  sim=0.0s
epoch      50  HO=-0.0007  meanSteps=   599.8  copy=0.509  A(t)=0  sim=0.5s
epoch     100  HO=-0.0010  meanSteps=   587.9  copy=0.492  A(t)=0  sim=1.0s
epoch     150  HO=-0.0013  meanSteps=   611.8  copy=0.482  A(t)=0  sim=1.6s
epoch     200  HO=-0.0017  meanSteps=   614.8  copy=0.473  A(t)=0  sim=2.1s
epoch     250  HO=-0.0022  meanSteps=   604.3  copy=0.469  A(t)=0  sim=2.6s
epoch     300  HO=-0.0026  meanSteps=   605.8  copy=0.463  A(t)=50  sim=3.1s
epoch     350  HO=-0.0030  meanSteps=   606.5  copy=0.456  A(t)=57  sim=3.6s
epoch     400  HO=-0.0033  meanSteps=   607.9  copy=0.451  A(t)=64  sim=4.1s
epoch     450  HO=-0.0036  meanSteps=   607.3  copy=0.449  A(t)=69  sim=4.6s
epoch     500  HO=0.0587  meanSteps=   611.6  copy=0.445  A(t)=72  sim=5.1s
epoch     550  HO=0.0579  meanSteps=   612.2  copy=0.445  A(t)=81  sim=5.7s
epoch     600  HO=0.0646  meanSteps=   611.0  copy=0.442  A(t)=83  sim=6.2s
epoch     650  HO=0.0679  meanSteps=   609.9  copy=0.441  A(t)=84  sim=6.8s
epoch     700  HO=0.0693  meanSteps=   599.5  copy=0.440  A(t)=85  sim=7.3s
epoch     750  HO=0.0689  meanSteps=   603.7  copy=0.437  A(t)=89  sim=7.8s
epoch     800  HO=0.0698  meanSteps=   614.1  copy=0.432  A(t)=89  sim=8.3s
epoch     850  HO=0.0715  meanSteps=   614.3  copy=0.429  A(t)=95  sim=8.9s
epoch     900  HO=0.0724  meanSteps=   614.8  copy=0.430  A(t)=99  sim=9.4s
epoch     950  HO=0.0689  meanSteps=   611.3  copy=0.432  A(t)=102  sim=9.9s
epoch    1000  HO=0.0728  meanSteps=   606.4  copy=0.433  A(t)=104  sim=10.4s
epoch    1050  HO=0.0747  meanSteps=   589.6  copy=0.435  A(t)=109  sim=11.0s
epoch    1100  HO=0.0740  meanSteps=   587.1  copy=0.433  A(t)=109  sim=11.5s
epoch    1150  HO=0.0755  meanSteps=   580.9  copy=0.430  A(t)=110  sim=11.9s
epoch    1200  HO=0.0764  meanSteps=   584.6  copy=0.433  A(t)=112  sim=12.4s
epoch    1250  HO=0.0762  meanSteps=   593.3  copy=0.432  A(t)=116  sim=12.9s
epoch    1300  HO=0.0801  meanSteps=   599.2  copy=0.435  A(t)=120  sim=13.4s
epoch    1350  HO=0.0823  meanSteps=   595.9  copy=0.432  A(t)=124  sim=13.9s
epoch    1400  HO=0.0808  meanSteps=   594.6  copy=0.431  A(t)=126  sim=14.4s
epoch    1450  HO=0.0804  meanSteps=   594.7  copy=0.431  A(t)=129  sim=14.9s
epoch    1500  HO=0.0849  meanSteps=   594.8  copy=0.429  A(t)=131  sim=15.4s
epoch    1550  HO=0.0886  meanSteps=   604.1  copy=0.428  A(t)=134  sim=15.9s
epoch    1600  HO=0.0872  meanSteps=   604.9  copy=0.423  A(t)=135  sim=16.4s
epoch    1650  HO=0.0876  meanSteps=   617.8  copy=0.422  A(t)=135  sim=16.9s
epoch    1700  HO=0.0917  meanSteps=   608.5  copy=0.422  A(t)=136  sim=17.5s
epoch    1750  HO=0.0880  meanSteps=   616.6  copy=0.420  A(t)=140  sim=18.0s
epoch    1800  HO=0.0832  meanSteps=   616.2  copy=0.416  A(t)=145  sim=18.5s
epoch    1850  HO=0.0918  meanSteps=   595.0  copy=0.415  A(t)=145  sim=19.0s
epoch    1900  HO=0.0904  meanSteps=   606.5  copy=0.417  A(t)=147  sim=19.5s
epoch    1950  HO=0.0890  meanSteps=   595.4  copy=0.416  A(t)=149  sim=20.0s
epoch    2000  HO=0.0905  meanSteps=   609.5  copy=0.412  A(t)=150  sim=20.5s
epoch    2050  HO=0.0880  meanSteps=   603.8  copy=0.412  A(t)=150  sim=21.1s
epoch    2100  HO=0.0861  meanSteps=   597.2  copy=0.410  A(t)=152  sim=21.6s
epoch    2150  HO=0.0887  meanSteps=   607.5  copy=0.413  A(t)=153  sim=22.1s
epoch    2200  HO=0.0901  meanSteps=   605.5  copy=0.411  A(t)=154  sim=22.6s
epoch    2250  HO=0.0889  meanSteps=   609.9  copy=0.410  A(t)=156  sim=23.1s
epoch    2300  HO=0.0926  meanSteps=   615.5  copy=0.408  A(t)=156  sim=23.6s
epoch    2350  HO=0.0974  meanSteps=   603.1  copy=0.409  A(t)=156  sim=24.1s
epoch    2400  HO=0.0920  meanSteps=   609.9  copy=0.409  A(t)=156  sim=24.6s
epoch    2450  HO=0.0899  meanSteps=   607.2  copy=0.406  A(t)=156  sim=25.1s
epoch    2500  HO=0.0873  meanSteps=   598.0  copy=0.410  A(t)=160  sim=25.6s
epoch    2550  HO=0.0845  meanSteps=   596.7  copy=0.408  A(t)=161  sim=26.1s
epoch    2600  HO=0.0820  meanSteps=   589.8  copy=0.404  A(t)=161  sim=26.6s
epoch    2650  HO=0.0849  meanSteps=   595.4  copy=0.404  A(t)=164  sim=27.0s
epoch    2700  HO=0.0794  meanSteps=   583.0  copy=0.405  A(t)=165  sim=27.5s
epoch    2750  HO=0.0790  meanSteps=   586.9  copy=0.405  A(t)=165  sim=28.0s
epoch    2800  HO=0.0777  meanSteps=   601.7  copy=0.405  A(t)=165  sim=28.5s
epoch    2850  HO=0.0767  meanSteps=   588.6  copy=0.402  A(t)=170  sim=29.0s
epoch    2900  HO=0.0769  meanSteps=   583.7  copy=0.399  A(t)=172  sim=29.5s
epoch    2950  HO=0.0717  meanSteps=   581.2  copy=0.398  A(t)=172  sim=30.0s
epoch    3000  HO=0.0705  meanSteps=   574.0  copy=0.399  A(t)=173  sim=30.5s
epoch    3050  HO=0.0727  meanSteps=   577.8  copy=0.401  A(t)=174  sim=30.9s
epoch    3100  HO=0.0712  meanSteps=   581.7  copy=0.398  A(t)=174  sim=31.4s
epoch    3150  HO=0.0718  meanSteps=   571.5  copy=0.399  A(t)=177  sim=31.9s
epoch    3200  HO=0.0730  meanSteps=   574.6  copy=0.398  A(t)=178  sim=32.4s
epoch    3250  HO=0.0742  meanSteps=   568.8  copy=0.397  A(t)=178  sim=32.8s
epoch    3300  HO=0.0719  meanSteps=   557.2  copy=0.394  A(t)=178  sim=33.3s
epoch    3350  HO=0.0762  meanSteps=   560.7  copy=0.394  A(t)=178  sim=33.8s
epoch    3400  HO=0.0752  meanSteps=   558.7  copy=0.393  A(t)=179  sim=34.2s
epoch    3450  HO=0.0738  meanSteps=   556.2  copy=0.394  A(t)=179  sim=34.7s
epoch    3500  HO=0.0711  meanSteps=   548.8  copy=0.396  A(t)=180  sim=35.2s
epoch    3550  HO=0.0678  meanSteps=   547.0  copy=0.397  A(t)=181  sim=35.7s
epoch    3600  HO=0.0678  meanSteps=   556.3  copy=0.399  A(t)=184  sim=36.2s
epoch    3650  HO=0.0685  meanSteps=   556.3  copy=0.398  A(t)=185  sim=36.6s
epoch    3700  HO=0.0702  meanSteps=   557.5  copy=0.394  A(t)=187  sim=37.1s
epoch    3750  HO=0.0733  meanSteps=   550.7  copy=0.392  A(t)=189  sim=37.6s
epoch    3800  HO=0.0711  meanSteps=   558.6  copy=0.392  A(t)=190  sim=38.1s
epoch    3850  HO=0.0726  meanSteps=   555.8  copy=0.390  A(t)=190  sim=38.6s
epoch    3900  HO=0.0727  meanSteps=   562.2  copy=0.390  A(t)=190  sim=39.1s
epoch    3950  HO=0.0750  meanSteps=   566.7  copy=0.394  A(t)=190  sim=39.5s
epoch    4000  HO=0.0792  meanSteps=   574.3  copy=0.393  A(t)=191  sim=40.0s
epoch    4050  HO=0.0761  meanSteps=   578.4  copy=0.392  A(t)=192  sim=40.5s
epoch    4100  HO=0.0785  meanSteps=   576.5  copy=0.390  A(t)=192  sim=41.0s
epoch    4150  HO=0.0745  meanSteps=   581.3  copy=0.391  A(t)=194  sim=41.4s
epoch    4200  HO=0.0750  meanSteps=   580.8  copy=0.391  A(t)=195  sim=41.9s
epoch    4250  HO=0.0692  meanSteps=   571.0  copy=0.394  A(t)=195  sim=42.4s
epoch    4300  HO=0.0762  meanSteps=   565.2  copy=0.394  A(t)=196  sim=42.9s
epoch    4350  HO=0.0752  meanSteps=   559.1  copy=0.394  A(t)=196  sim=43.4s
