epoch       0  HO=-0.0005  meanSteps=     0.0  copy=0.000  A(t)=0  sim=0.0s
epoch      50  HO=-0.0007  meanSteps=   628.7  copy=0.511  A(t)=0  sim=0.5s
epoch     100  HO=-0.0010  meanSteps=   624.0  copy=0.492  A(t)=0  sim=1.0s
epoch     150  HO=-0.0013  meanSteps=   637.4  copy=0.480  A(t)=0  sim=1.5s
epoch     200  HO=-0.0018  meanSteps=   647.2  copy=0.469  A(t)=0  sim=2.1s
epoch     250  HO=-0.0024  meanSteps=   658.5  copy=0.466  A(t)=0  sim=2.6s
epoch     300  HO=-0.0030  meanSteps=   661.5  copy=0.459  A(t)=45  sim=3.1s
epoch     350  HO=-0.0036  meanSteps=   654.8  copy=0.454  A(t)=52  sim=3.6s
epoch     400  HO=0.0606  meanSteps=   648.2  copy=0.450  A(t)=58  sim=4.2s
epoch     450  HO=0.0632  meanSteps=   656.8  copy=0.446  A(t)=66  sim=4.7s
epoch     500  HO=0.0625  meanSteps=   646.5  copy=0.444  A(t)=69  sim=5.2s
epoch     550  HO=0.0601  meanSteps=   649.7  copy=0.439  A(t)=71  sim=5.8s
epoch     600  HO=0.0598  meanSteps=   645.4  copy=0.438  A(t)=75  sim=6.3s
epoch     650  HO=0.0616  meanSteps=   639.1  copy=0.439  A(t)=77  sim=6.8s
epoch     700  HO=0.0616  meanSteps=   652.9  copy=0.437  A(t)=77  sim=7.3s
epoch     750  HO=0.0626  meanSteps=   647.2  copy=0.437  A(t)=80  sim=7.9s
epoch     800  HO=0.0610  meanSteps=   650.6  copy=0.434  A(t)=82  sim=8.4s
epoch     850  HO=0.0643  meanSteps=   652.8  copy=0.432  A(t)=84  sim=9.0s
epoch     900  HO=0.0634  meanSteps=   651.5  copy=0.433  A(t)=86  sim=9.5s
epoch     950  HO=0.0631  meanSteps=   641.6  copy=0.432  A(t)=88  sim=10.0s
epoch    1000  HO=0.0624  meanSteps=   639.0  copy=0.430  A(t)=91  sim=10.5s
epoch    1050  HO=0.0626  meanSteps=   643.6  copy=0.432  A(t)=92  sim=11.0s
epoch    1100  HO=0.0658  meanSteps=   625.7  copy=0.430  A(t)=94  sim=11.5s
epoch    1150  HO=0.0694  meanSteps=   627.2  copy=0.431  A(t)=95  sim=12.1s
epoch    1200  HO=0.0695  meanSteps=   637.5  copy=0.432  A(t)=98  sim=12.6s
epoch    1250  HO=0.0679  meanSteps=   636.9  copy=0.430  A(t)=102  sim=13.1s
epoch    1300  HO=0.0683  meanSteps=   637.7  copy=0.425  A(t)=106  sim=13.6s
epoch    1350  HO=0.0645  meanSteps=   638.2  copy=0.424  A(t)=109  sim=14.1s
epoch    1400  HO=0.0650  meanSteps=   644.8  copy=0.423  A(t)=116  sim=14.6s
epoch    1450  HO=0.0668  meanSteps=   653.4  copy=0.420  A(t)=118  sim=15.1s
epoch    1500  HO=0.0675  meanSteps=   649.1  copy=0.418  A(t)=119  sim=15.7s
epoch    1550  HO=0.0724  meanSteps=   658.8  copy=0.419  A(t)=119  sim=16.2s
epoch    1600  HO=0.0734  meanSteps=   649.0  copy=0.418  A(t)=120  sim=16.8s
epoch    1650  HO=0.0740  meanSteps=   665.4  copy=0.418  A(t)=122  sim=17.3s
epoch    1700  HO=0.0728  meanSteps=   662.7  copy=0.419  A(t)=124  sim=17.9s
epoch    1750  HO=0.0708  meanSteps=   653.2  copy=0.419  A(t)=126  sim=18.4s
epoch    1800  HO=0.0683  meanSteps=   661.8  copy=0.416  A(t)=127  sim=19.0s
epoch    1850  HO=0.0676  meanSteps=   661.2  copy=0.416  A(t)=128  sim=19.5s
epoch    1900  HO=0.0679  meanSteps=   666.0  copy=0.415  A(t)=134  sim=20.0s
epoch    1950  HO=0.0655  meanSteps=   654.6  copy=0.414  A(t)=135  sim=20.5s
epoch    2000  HO=0.0616  meanSteps=   663.3  copy=0.415  A(t)=135  sim=21.1s
epoch    2050  HO=0.0622  meanSteps=   654.3  copy=0.414  A(t)=136  sim=21.7s
epoch    2100  HO=0.0623  meanSteps=   664.6  copy=0.412  A(t)=136  sim=22.2s
epoch    2150  HO=0.0628  meanSteps=   657.1  copy=0.416  A(t)=136  sim=22.7s
epoch    2200  HO=0.0666  meanSteps=   643.7  copy=0.415  A(t)=136  sim=23.3s
epoch    2250  HO=0.0682  meanSteps=   641.0  copy=0.412  A(t)=137  sim=23.8s
epoch    2300  HO=0.0671  meanSteps=   627.2  copy=0.412  A(t)=138  sim=24.3s
epoch    2350  HO=0.0668  meanSteps=   643.1  copy=0.413  A(t)=139  sim=24.8s
epoch    2400  HO=0.0685  meanSteps=   629.9  copy=0.412  A(t)=140  sim=25.4s
epoch    2450  HO=0.0754  meanSteps=   633.3  copy=0.412  A(t)=143  sim=25.9s
epoch    2500  HO=0.0749  meanSteps=   622.0  copy=0.414  A(t)=149  sim=26.4s
epoch    2550  HO=0.0751  meanSteps=   627.9  copy=0.408  A(t)=150  sim=26.9s
epoch    2600  HO=0.0715  meanSteps=   619.8  copy=0.406  A(t)=151  sim=27.4s
epoch    2650  HO=0.0699  meanSteps=   616.2  copy=0.406  A(t)=155  sim=27.9s
epoch    2700  HO=0.0742  meanSteps=   603.5  copy=0.405  A(t)=157  sim=28.4s
epoch    2750  HO=0.0788  meanSteps=   609.8  copy=0.405  A(t)=160  sim=28.9s
epoch    2800  HO=0.0780  meanSteps=   624.9  copy=0.403  A(t)=160  sim=29.4s
epoch    2850  HO=0.0813  meanSteps=   626.5  copy=0.403  A(t)=161  sim=29.9s
epoch    2900  HO=0.0802  meanSteps=   613.4  copy=0.402  A(t)=161  sim=30.4s
epoch    2950  HO=0.0782  meanSteps=   619.1  copy=0.405  A(t)=164  sim=30.9s
epoch    3000  HO=0.0793  meanSteps=   611.3  copy=0.407  A(t)=166  sim=31.4s
epoch    3050  HO=0.0773  meanSteps=   620.3  copy=0.405  A(t)=167  sim=31.9s
epoch    3100  HO=0.0729  meanSteps=   621.0  copy=0.406  A(t)=167  sim=32.4s
epoch    3150  HO=0.0740  meanSteps=   611.3  copy=0.404  A(t)=168  sim=32.9s
epoch    3200  HO=0.0753  meanSteps=   621.1  copy=0.406  A(t)=168  sim=33.4s
epoch    3250  HO=0.0761  meanSteps=   612.4  copy=0.406  A(t)=171  sim=33.9s
epoch    3300  HO=0.0768  meanSteps=   611.5  copy=0.401  A(t)=172  sim=34.4s
epoch    3350  HO=0.0761  meanSteps=   610.9  copy=0.403  A(t)=173  sim=34.9s
epoch    3400  HO=0.0762  meanSteps=   601.9  copy=0.400  A(t)=175  sim=35.4s
epoch    3450  HO=0.0773  meanSteps=   599.5  copy=0.401  A(t)=176  sim=35.9s
epoch    3500  HO=0.0777  meanSteps=   600.7  copy=0.399  A(t)=177  sim=36.4s
epoch    3550  HO=0.0792  meanSteps=   594.1  copy=0.402  A(t)=178  sim=36.9s
epoch    3600  HO=0.0762  meanSteps=   601.4  copy=0.400  A(t)=180  sim=37.4s
epoch    3650  HO=0.0739  meanSteps=   593.8  copy=0.400  A(t)=180  sim=37.9s
epoch    3700  HO=0.0755  meanSteps=   594.9  copy=0.401  A(t)=181  sim=38.4s
epoch    3750  HO=0.0743  meanSteps=   593.8  copy=0.398  A(t)=182  sim=38.9s
epoch    3800  HO=0.0774  meanSteps=   585.1  copy=0.400  A(t)=182  sim=39.4s
epoch    3850  HO=0.0790  meanSteps=   587.7  copy=0.400  A(t)=182  sim=39.9s
epoch    3900  HO=0.0776  meanSteps=   596.9  copy=0.397  A(t)=184  sim=40.4s
epoch    3950  HO=0.0817  meanSteps=   593.6  copy=0.397  A(t)=186  sim=40.9s
epoch    4000  HO=0.0858  meanSteps=   581.1  copy=0.395  A(t)=186  sim=41.3s
epoch    4050  HO=0.0883  meanSteps=   596.1  copy=0.398  A(t)=187  sim=41.8s
epoch    4100  HO=0.0895  meanSteps=   585.1  copy=0.398  A(t)=187  sim=42.3s
epoch    4150  HO=0.0864  meanSteps=   598.4  copy=0.398  A(t)=187  sim=42.8s
epoch    4200  HO=0.0854  meanSteps=   588.4  copy=0.399  A(t)=187  sim=43.3s
epoch    4250  HO=0.0850  meanSteps=   593.8  copy=0.394  A(t)=187  sim=43.8s
epoch    4300  HO=0.0824  meanSteps=   591.5  copy=0.395  A(t)=188  sim=44.3s
epoch    4350  HO=0.0819  meanSteps=   592.3  copy=0.394  A(t)=190  sim=44.7s
epoch    4400  HO=0.0790  meanSteps=   605.5  copy=0.393  A(t)=190  sim=45.2s
epoch    4450  HO=0.0805  meanSteps=   594.3  copy=0.395  A(t)=190  sim=45.7s
epoch    4500  HO=0.0788  meanSteps=   598.2  copy=0.390  A(t)=193  sim=46.2s
epoch    4550  HO=0.0807  meanSteps=   601.8  copy=0.392  A(t)=193  sim=46.7s
epoch    4600  HO=0.0799  meanSteps=   589.7  copy=0.391  A(t)=196  sim=47.2s
epoch    4650  HO=0.0813  meanSteps=   612.1  copy=0.392  A(t)=196  sim=47.7s
epoch    4700  HO=0.0759  meanSteps=   610.6  copy=0.391  A(t)=197  sim=48.2s
epoch    4750  HO=0.0777  meanSteps=   601.6  copy=0.393  A(t)=197  sim=48.7s
epoch    4800  HO=0.0793  meanSteps=   599.3  copy=0.392  A(t)=198  sim=49.2s
epoch    4850  HO=0.0783  meanSteps=   604.0  copy=0.394  A(t)=198  sim=49.7s
epoch    4900  HO=0.0831  meanSteps=   608.7  copy=0.395  A(t)=201  sim=50.2s
epoch    4950  HO=0.0814  meanSteps=   613.0  copy=0.393  A(t)=201  sim=50.8s
epoch    5000  HO=0.0782  meanSteps=   616.3  copy=0.395  A(t)=203  sim=51.3s
epoch    5050  HO=0.0770  meanSteps=   614.5  copy=0.397  A(t)=203  sim=51.8s
epoch    5100  HO=0.0766  meanSteps=   611.7  copy=0.394  A(t)=203  sim=52.3s
epoch    5150  HO=0.0744  meanSteps=   610.5  copy=0.394  A(t)=203  sim=52.8s
epoch    5200  HO=0.0705  meanSteps=   608.2  copy=0.394  A(t)=206  sim=53.3s
epoch    5250  HO=0.0723  meanSteps=   614.1  copy=0.395  A(t)=207  sim=53.8s
epoch    5300  HO=0.0668  meanSteps=   604.0  copy=0.396  A(t)=208  sim=54.3s
epoch    5350  HO=0.0710  meanSteps=   592.3  copy=0.396  A(t)=208  sim=54.8s
epoch    5400  HO=0.0680  meanSteps=   604.2  copy=0.396  A(t)=210  sim=55.3s
epoch    5450  HO=0.0694  meanSteps=   591.9  copy=0.398  A(t)=210  sim=55.8s
epoch    5500  HO=0.0692  meanSteps=   580.1  copy=0.394  A(t)=211  sim=56.3s
epoch    5550  HO=0.0653  meanSteps=   590.4  copy=0.395  A(t)=212  sim=56.9s
epoch    5600  HO=0.0646  meanSteps=   591.8  copy=0.395  A(t)=212  sim=57.3s
epoch    5650  HO=0.0633  meanSteps=   588.1  copy=0.395  A(t)=213  sim=57.8s
epoch    5700  HO=0.0607  meanSteps=   592.4  copy=0.393  A(t)=213  sim=58.3s
epoch    5750  HO=0.0623  meanSteps=   596.2  copy=0.393  A(t)=215  sim=58.8s
epoch    5800  HO=0.0617  meanSteps=   599.8  copy=0.393  A(t)=216  sim=59.3s
epoch    5850  HO=0.0655  meanSteps=   583.2  copy=0.393  A(t)=216  sim=59.8s
epoch    5900  HO=0.0674  meanSteps=   578.1  copy=0.391  A(t)=217  sim=60.3s
epoch    5950  HO=0.0702  meanSteps=   582.2  copy=0.392  A(t)=218  sim=60.8s
epoch    6000  HO=0.0683  meanSteps=   582.5  copy=0.395  A(t)=219  sim=61.2s
epoch    6050  HO=0.0688  meanSteps=   597.4  copy=0.395  A(t)=219  sim=61.8s
epoch    6100  HO=0.0685  meanSteps=   585.6  copy=0.393  A(t)=220  sim=62.3s
epoch    6150  HO=0.0677  meanSteps=   581.6  copy=0.392  A(t)=220  sim=62.8s
epoch    6200  HO=0.0671  meanSteps=   583.6  copy=0.393  A(t)=224  sim=63.3s
epoch    6250  HO=0.0690  meanSteps=   580.6  copy=0.395  A(t)=224  sim=63.8s
epoch    6300  HO=0.0686  meanSteps=   571.7  copy=0.395  A(t)=224  sim=64.4s
epoch    6350  HO=0.0704  meanSteps=   571.0  copy=0.393  A(t)=224  sim=64.8s
epoch    6400  HO=0.0681  meanSteps=   572.6  copy=0.393  A(t)=224  sim=65.4s
epoch    6450  HO=0.0704  meanSteps=   560.8  copy=0.395  A(t)=225  sim=65.8s
epoch    6500  HO=0.0745  meanSteps=   550.1  copy=0.392  A(t)=225  sim=66.3s
epoch    6550  HO=0.0744  meanSteps=   556.7  copy=0.389  A(t)=226  sim=66.8s
epoch    6600  HO=0.0717  meanSteps=   564.0  copy=0.388  A(t)=226  sim=67.3s
epoch    6650  HO=0.0718  meanSteps=   557.8  copy=0.390  A(t)=226  sim=67.8s
epoch    6700  HO=0.0703  meanSteps=   562.9  copy=0.389  A(t)=226  sim=68.3s
epoch    6750  HO=0.0703  meanSteps=   553.0  copy=0.389  A(t)=226  sim=68.8s
epoch    6800  HO=0.0675  meanSteps=   545.4  copy=0.388  A(t)=228  sim=69.2s
epoch    6850  HO=0.0670  meanSteps=   555.0  copy=0.389  A(t)=228  sim=69.7s
epoch    6900  HO=0.0651  meanSteps=   559.6  copy=0.387  A(t)=228  sim=70.2s
epoch    6950  HO=0.0624  meanSteps=   558.6  copy=0.385  A(t)=229  sim=70.6s
epoch    7000  HO=0.0639  meanSteps=   559.4  copy=0.386  A(t)=229  sim=71.1s
epoch    7050  HO=0.0649  meanSteps=   549.4  copy=0.387  A(t)=229  sim=71.6s
epoch    7100  HO=0.0620  meanSteps=   549.0  copy=0.385  A(t)=230  sim=72.0s
epoch    7150  HO=0.0648  meanSteps=   554.2  copy=0.387  A(t)=230  sim=72.5s
epoch    7200  HO=0.0623  meanSteps=   556.9  copy=0.388  A(t)=230  sim=73.0s
epoch    7250  HO=0.0648  meanSteps=   573.5  copy=0.388  A(t)=231  sim=73.4s
epoch    7300  HO=0.0639  meanSteps=   561.0  copy=0.386  A(t)=232  sim=73.9s
epoch    7350  HO=0.0646  meanSteps=   568.5  copy=0.386  A(t)=233  sim=74.4s
epoch    7400  HO=0.0654  meanSteps=   571.2  copy=0.389  A(t)=233  sim=74.8s
epoch    7450  HO=0.0638  meanSteps=   568.1  copy=0.389  A(t)=234  sim=75.3s
epoch    7500  HO=0.0642  meanSteps=   566.7  copy=0.393  A(t)=234  sim=75.8s
epoch    7550  HO=0.0689  meanSteps=   563.7  copy=0.395  A(t)=234  sim=76.3s
epoch    7600  HO=0.0672  meanSteps=   565.8  copy=0.398  A(t)=234  sim=76.7s
epoch    7650  HO=0.0669  meanSteps=   567.4  copy=0.397  A(t)=234  sim=77.2s
epoch    7700  HO=0.0666  meanSteps=   562.4  copy=0.394  A(t)=234  sim=77.7s
epoch    7750  HO=0.0679  meanSteps=   560.5  copy=0.394  A(t)=234  sim=78.2s
epoch    7800  HO=0.0646  meanSteps=   556.5  copy=0.390  A(t)=235  sim=78.6s
epoch    7850  HO=0.0642  meanSteps=   565.3  copy=0.391  A(t)=237  sim=79.1s
epoch    7900  HO=0.0671  meanSteps=   577.9  copy=0.394  A(t)=237  sim=79.6s
epoch    7950  HO=0.0699  meanSteps=   574.6  copy=0.397  A(t)=237  sim=80.1s
epoch    8000  HO=0.0718  meanSteps=   577.8  copy=0.398  A(t)=237  sim=80.5s
epoch    8050  HO=0.0676  meanSteps=   582.5  copy=0.398  A(t)=238  sim=81.0s
epoch    8100  HO=0.0658  meanSteps=   593.9  copy=0.397  A(t)=238  sim=81.5s
epoch    8150  HO=0.0641  meanSteps=   596.1  copy=0.398  A(t)=240  sim=82.0s
epoch    8200  HO=0.0658  meanSteps=   599.1  copy=0.398  A(t)=241  sim=82.5s
epoch    8250  HO=0.0671  meanSteps=   603.6  copy=0.399  A(t)=242  sim=83.0s
epoch    8300  HO=0.0673  meanSteps=   600.3  copy=0.396  A(t)=242  sim=83.5s
epoch    8350  HO=0.0687  meanSteps=   600.3  copy=0.397  A(t)=245  sim=83.9s
epoch    8400  HO=0.0686  meanSteps=   602.7  copy=0.402  A(t)=245  sim=84.4s
epoch    8450  HO=0.0665  meanSteps=   584.9  copy=0.400  A(t)=245  sim=85.0s
epoch    8500  HO=0.0683  meanSteps=   605.0  copy=0.401  A(t)=246  sim=85.5s
epoch    8550  HO=0.0687  meanSteps=   593.9  copy=0.403  A(t)=247  sim=86.0s
epoch    8600  HO=0.0632  meanSteps=   594.1  copy=0.401  A(t)=248  sim=86.5s
epoch    8650  HO=0.0684  meanSteps=   597.0  copy=0.402  A(t)=248  sim=87.0s
epoch    8700  HO=0.0719  meanSteps=   580.5  copy=0.402  A(t)=248  sim=87.5s
epoch    8750  HO=0.0709  meanSteps=   580.3  copy=0.400  A(t)=248  sim=87.9s
epoch    8800  HO=0.0704  meanSteps=   572.4  copy=0.403  A(t)=248  sim=88.4s
epoch    8850  HO=0.0730  meanSteps=   574.8  copy=0.402  A(t)=248  sim=88.9s
epoch    8900  HO=0.0717  meanSteps=   578.7  copy=0.398  A(t)=249  sim=89.4s
epoch    8950  HO=0.0703  meanSteps=   575.8  copy=0.398  A(t)=250  sim=89.9s
epoch    9000  HO=0.0734  meanSteps=   560.7  copy=0.396  A(t)=251  sim=90.4s
epoch    9050  HO=0.0722  meanSteps=   563.6  copy=0.394  A(t)=252  sim=90.9s
epoch    9100  HO=0.0731  meanSteps=   566.0  copy=0.394  A(t)=252  sim=91.4s
epoch    9150  HO=0.0717  meanSteps=   563.9  copy=0.391  A(t)=252  sim=91.8s
epoch    9200  HO=0.0737  meanSteps=   555.9  copy=0.393  A(t)=253  sim=92.3s
epoch    9250  HO=0.0724  meanSteps=   567.1  copy=0.388  A(t)=253  sim=92.8s
epoch    9300  HO=0.0715  meanSteps=   569.2  copy=0.390  A(t)=253  sim=93.3s
epoch    9350  HO=0.0723  meanSteps=   575.8  copy=0.387  A(t)=253  sim=93.7s
epoch    9400  HO=0.0719  meanSteps=   578.7  copy=0.389  A(t)=253  sim=94.2s
epoch    9450  HO=0.0762  meanSteps=   577.4  copy=0.389  A(t)=253  sim=94.7s
epoch    9500  HO=0.0752  meanSteps=   568.8  copy=0.389  A(t)=253  sim=95.2s
epoch    9550  HO=0.0793  meanSteps=   569.7  copy=0.392  A(t)=254  sim=95.7s
epoch    9600  HO=0.0748  meanSteps=   574.8  copy=0.390  A(t)=254  sim=96.2s
epoch    9650  HO=0.0742  meanSteps=   566.6  copy=0.388  A(t)=255  sim=96.6s
epoch    9700  HO=0.0752  meanSteps=   569.2  copy=0.386  A(t)=256  sim=97.1s
epoch    9750  HO=0.0749  meanSteps=   574.0  copy=0.389  A(t)=256  sim=97.6s
epoch    9800  HO=0.0821  meanSteps=   560.2  copy=0.391  A(t)=258  sim=98.1s
epoch    9850  HO=0.0864  meanSteps=   561.8  copy=0.392  A(t)=258  sim=98.5s
epoch    9900  HO=0.0866  meanSteps=   570.6  copy=0.390  A(t)=258  sim=99.0s
epoch    9950  HO=0.0888  meanSteps=   556.0  copy=0.391  A(t)=258  sim=99.5s
epoch   10000  HO=0.0891  meanSteps=   561.8  copy=0.392  A(t)=258  sim=100.0s
epoch   10050  HO=0.0894  meanSteps=   557.0  copy=0.393  A(t)=258  sim=100.5s
epoch   10100  HO=0.0842  meanSteps=   561.9  copy=0.393  A(t)=259  sim=100.9s
epoch   10150  HO=0.0828  meanSteps=   549.9  copy=0.394  A(t)=259  sim=101.4s
epoch   10200  HO=0.0871  meanSteps=   563.7  copy=0.398  A(t)=260  sim=101.9s
epoch   10250  HO=0.0849  meanSteps=   567.3  copy=0.395  A(t)=261  sim=102.4s
epoch   10300  HO=0.0915  meanSteps=   561.3  copy=0.394  A(t)=261  sim=102.8s
epoch   10350  HO=0.0886  meanSteps=   572.8  copy=0.395  A(t)=261  sim=103.3s
epoch   10400  HO=0.0895  meanSteps=   569.4  copy=0.395  A(t)=261  sim=103.8s
epoch   10450  HO=0.0829  meanSteps=   575.5  copy=0.398  A(t)=263  sim=104.3s
epoch   10500  HO=0.0781  meanSteps=   573.6  copy=0.399  A(t)=263  sim=104.7s
epoch   10550  HO=0.0822  meanSteps=   576.4  copy=0.397  A(t)=263  sim=105.2s
epoch   10600  HO=0.0788  meanSteps=   565.4  copy=0.396  A(t)=263  sim=105.7s
epoch   10650  HO=0.0758  meanSteps=   573.4  copy=0.397  A(t)=263  sim=106.2s
epoch   10700  HO=0.0787  meanSteps=   570.1  copy=0.397  A(t)=263  sim=106.7s
epoch   10750  HO=0.0821  meanSteps=   567.9  copy=0.394  A(t)=263  sim=107.2s
epoch   10800  HO=0.0860  meanSteps=   572.0  copy=0.396  A(t)=263  sim=107.7s
epoch   10850  HO=0.0846  meanSteps=   575.3  copy=0.393  A(t)=263  sim=108.2s
epoch   10900  HO=0.0848  meanSteps=   576.7  copy=0.391  A(t)=263  sim=108.6s
epoch   10950  HO=0.0848  meanSteps=   573.1  copy=0.394  A(t)=264  sim=109.2s
epoch   11000  HO=0.0844  meanSteps=   588.0  copy=0.391  A(t)=264  sim=109.7s
epoch   11050  HO=0.0824  meanSteps=   581.0  copy=0.391  A(t)=264  sim=110.1s
epoch   11100  HO=0.0828  meanSteps=   579.9  copy=0.393  A(t)=264  sim=110.6s
epoch   11150  HO=0.0835  meanSteps=   593.0  copy=0.395  A(t)=264  sim=111.1s
epoch   11200  HO=0.0793  meanSteps=   589.4  copy=0.395  A(t)=264  sim=111.6s
epoch   11250  HO=0.0772  meanSteps=   589.9  copy=0.395  A(t)=264  sim=112.1s
epoch   11300  HO=0.0785  meanSteps=   591.1  copy=0.392  A(t)=264  sim=112.6s
epoch   11350  HO=0.0790  meanSteps=   600.6  copy=0.393  A(t)=264  sim=113.1s
epoch   11400  HO=0.0755  meanSteps=   598.7  copy=0.392  A(t)=264  sim=113.6s
epoch   11450  HO=0.0756  meanSteps=   597.8  copy=0.392  A(t)=266  sim=114.1s
epoch   11500  HO=0.0764  meanSteps=   602.8  copy=0.393  A(t)=266  sim=114.6s
epoch   11550  HO=0.0769  meanSteps=   599.6  copy=0.391  A(t)=266  sim=115.0s
epoch   11600  HO=0.0801  meanSteps=   603.1  copy=0.389  A(t)=266  sim=115.5s
epoch   11650  HO=0.0757  meanSteps=   599.6  copy=0.387  A(t)=266  sim=116.0s
epoch   11700  HO=0.0712  meanSteps=   603.9  copy=0.389  A(t)=266  sim=116.5s
epoch   11750  HO=0.0698  meanSteps=   603.2  copy=0.389  A(t)=266  sim=117.0s
epoch   11800  HO=0.0676  meanSteps=   596.4  copy=0.387  A(t)=267  sim=117.5s
epoch   11850  HO=0.0697  meanSteps=   595.0  copy=0.388  A(t)=267  sim=118.0s
epoch   11900  HO=0.0649  meanSteps=   598.1  copy=0.389  A(t)=267  sim=118.5s
epoch   11950  HO=0.0636  meanSteps=   594.6  copy=0.386  A(t)=267  sim=119.0s
epoch   12000  HO=0.0635  meanSteps=   589.1  copy=0.386  A(t)=267  sim=119.5s
epoch   12050  HO=0.0585  meanSteps=   585.8  copy=0.385  A(t)=267  sim=120.0s
epoch   12100  HO=0.0624  meanSteps=   583.3  copy=0.383  A(t)=267  sim=120.5s
epoch   12150  HO=0.0639  meanSteps=   597.5  copy=0.384  A(t)=267  sim=121.0s
epoch   12200  HO=0.0649  meanSteps=   591.9  copy=0.384  A(t)=267  sim=121.5s
epoch   12250  HO=0.0666  meanSteps=   589.6  copy=0.383  A(t)=267  sim=122.0s
epoch   12300  HO=0.0645  meanSteps=   588.5  copy=0.384  A(t)=267  sim=122.5s
epoch   12350  HO=0.0650  meanSteps=   586.3  copy=0.382  A(t)=267  sim=123.0s
epoch   12400  HO=0.0654  meanSteps=   579.7  copy=0.385  A(t)=267  sim=123.5s
epoch   12450  HO=0.0640  meanSteps=   579.6  copy=0.385  A(t)=267  sim=124.0s
epoch   12500  HO=0.0660  meanSteps=   585.5  copy=0.384  A(t)=267  sim=124.5s
epoch   12550  HO=0.0640  meanSteps=   592.6  copy=0.384  A(t)=267  sim=125.0s
epoch   12600  HO=0.0671  meanSteps=   586.1  copy=0.383  A(t)=268  sim=125.5s
epoch   12650  HO=0.0698  meanSteps=   588.8  copy=0.385  A(t)=268  sim=125.9s
epoch   12700  HO=0.0676  meanSteps=   596.4  copy=0.386  A(t)=268  sim=126.4s
epoch   12750  HO=0.0722  meanSteps=   578.3  copy=0.382  A(t)=268  sim=126.9s
epoch   12800  HO=0.0802  meanSteps=   570.2  copy=0.387  A(t)=268  sim=127.4s
epoch   12850  HO=0.0757  meanSteps=   566.3  copy=0.385  A(t)=268  sim=127.9s
epoch   12900  HO=0.0749  meanSteps=   565.7  copy=0.386  A(t)=268  sim=128.3s
epoch   12950  HO=0.0770  meanSteps=   570.2  copy=0.386  A(t)=269  sim=128.8s
epoch   13000  HO=0.0745  meanSteps=   563.2  copy=0.383  A(t)=270  sim=129.3s
epoch   13050  HO=0.0768  meanSteps=   571.0  copy=0.386  A(t)=270  sim=129.8s
epoch   13100  HO=0.0789  meanSteps=   594.1  copy=0.386  A(t)=270  sim=130.3s
epoch   13150  HO=0.0764  meanSteps=   587.9  copy=0.385  A(t)=270  sim=130.7s
epoch   13200  HO=0.0774  meanSteps=   575.8  copy=0.384  A(t)=270  sim=131.2s
epoch   13250  HO=0.0827  meanSteps=   595.9  copy=0.383  A(t)=270  sim=131.7s
epoch   13300  HO=0.0814  meanSteps=   588.9  copy=0.386  A(t)=270  sim=132.2s
epoch   13350  HO=0.0867  meanSteps=   591.6  copy=0.384  A(t)=270  sim=132.7s
epoch   13400  HO=0.0861  meanSteps=   597.2  copy=0.383  A(t)=270  sim=133.2s
epoch   13450  HO=0.0842  meanSteps=   583.4  copy=0.382  A(t)=270  sim=133.7s
epoch   13500  HO=0.0857  meanSteps=   585.5  copy=0.383  A(t)=270  sim=134.2s
epoch   13550  HO=0.0876  meanSteps=   571.8  copy=0.382  A(t)=270  sim=134.7s
epoch   13600  HO=0.0852  meanSteps=   588.0  copy=0.382  A(t)=270  sim=135.2s
epoch   13650  HO=0.0825  meanSteps=   580.4  copy=0.380  A(t)=270  sim=135.7s
epoch   13700  HO=0.0907  meanSteps=   591.4  copy=0.380  A(t)=270  sim=136.2s
epoch   13750  HO=0.0867  meanSteps=   581.6  copy=0.379  A(t)=270  sim=136.7s
epoch   13800  HO=0.0859  meanSteps=   574.0  copy=0.379  A(t)=271  sim=137.2s
epoch   13850  HO=0.0872  meanSteps=   568.0  copy=0.379  A(t)=271  sim=137.7s
epoch   13900  HO=0.0883  meanSteps=   572.9  copy=0.378  A(t)=271  sim=138.1s
epoch   13950  HO=0.0872  meanSteps=   585.1  copy=0.378  A(t)=271  sim=138.6s
epoch   14000  HO=0.0858  meanSteps=   570.9  copy=0.381  A(t)=271  sim=139.1s
epoch   14050  HO=0.0848  meanSteps=   566.2  copy=0.379  A(t)=272  sim=139.6s
epoch   14100  HO=0.0820  meanSteps=   562.7  copy=0.381  A(t)=272  sim=140.0s
epoch   14150  HO=0.0798  meanSteps=   561.0  copy=0.384  A(t)=272  sim=140.5s
epoch   14200  HO=0.0800  meanSteps=   571.8  copy=0.386  A(t)=272  sim=141.0s
epoch   14250  HO=0.0840  meanSteps=   570.5  copy=0.385  A(t)=272  sim=141.5s
epoch   14300  HO=0.0801  meanSteps=   568.5  copy=0.385  A(t)=272  sim=142.0s
epoch   14350  HO=0.0862  meanSteps=   570.8  copy=0.385  A(t)=272  sim=142.4s
epoch   14400  HO=0.0843  meanSteps=   564.0  copy=0.387  A(t)=272  sim=142.9s
epoch   14450  HO=0.0865  meanSteps=   568.4  copy=0.386  A(t)=272  sim=143.4s
epoch   14500  HO=0.0857  meanSteps=   575.0  copy=0.384  A(t)=272  sim=143.9s
epoch   14550  HO=0.0821  meanSteps=   575.3  copy=0.387  A(t)=272  sim=144.4s
epoch   14600  HO=0.0786  meanSteps=   571.6  copy=0.389  A(t)=272  sim=144.9s
epoch   14650  HO=0.0740  meanSteps=   563.3  copy=0.388  A(t)=272  sim=145.3s
epoch   14700  HO=0.0760  meanSteps=   558.5  copy=0.388  A(t)=272  sim=145.8s
epoch   14750  HO=0.0858  meanSteps=   558.0  copy=0.389  A(t)=272  sim=146.3s
epoch   14800  HO=0.0870  meanSteps=   572.5  copy=0.391  A(t)=272  sim=146.7s
epoch   14850  HO=0.0888  meanSteps=   547.5  copy=0.390  A(t)=272  sim=147.2s
epoch   14900  HO=0.0906  meanSteps=   548.8  copy=0.391  A(t)=272  sim=147.7s
epoch   14950  HO=0.0843  meanSteps=   558.8  copy=0.392  A(t)=273  sim=148.1s
epoch   15000  HO=0.0806  meanSteps=   572.0  copy=0.394  A(t)=273  sim=148.7s
epoch   15050  HO=0.0810  meanSteps=   569.2  copy=0.395  A(t)=273  sim=149.1s
epoch   15100  HO=0.0822  meanSteps=   577.2  copy=0.394  A(t)=273  sim=149.6s
epoch   15150  HO=0.0844  meanSteps=   567.9  copy=0.395  A(t)=273  sim=150.1s
epoch   15200  HO=0.0872  meanSteps=   564.1  copy=0.395  A(t)=273  sim=150.6s
epoch   15250  HO=0.0844  meanSteps=   563.1  copy=0.393  A(t)=273  sim=151.1s
epoch   15300  HO=0.0822  meanSteps=   561.4  copy=0.389  A(t)=273  sim=151.6s
epoch   15350  HO=0.0837  meanSteps=   574.5  copy=0.392  A(t)=273  sim=152.0s
epoch   15400  HO=0.0842  meanSteps=   564.2  copy=0.392  A(t)=273  sim=152.5s
epoch   15450  HO=0.0812  meanSteps=   562.2  copy=0.391  A(t)=273  sim=153.0s
epoch   15500  HO=0.0805  meanSteps=   565.9  copy=0.393  A(t)=273  sim=153.5s
epoch   15550  HO=0.0771  meanSteps=   562.7  copy=0.395  A(t)=273  sim=154.0s
epoch   15600  HO=0.0796  meanSteps=   555.8  copy=0.393  A(t)=273  sim=154.4s
epoch   15650  HO=0.0776  meanSteps=   569.5  copy=0.395  A(t)=276  sim=154.9s
epoch   15700  HO=0.0782  meanSteps=   549.1  copy=0.392  A(t)=276  sim=155.4s
epoch   15750  HO=0.0836  meanSteps=   552.8  copy=0.391  A(t)=276  sim=155.9s
epoch   15800  HO=0.0784  meanSteps=   543.3  copy=0.393  A(t)=276  sim=156.3s
epoch   15850  HO=0.0811  meanSteps=   555.1  copy=0.392  A(t)=276  sim=156.8s
epoch   15900  HO=0.0807  meanSteps=   566.6  copy=0.389  A(t)=276  sim=157.3s
epoch   15950  HO=0.0791  meanSteps=   563.9  copy=0.390  A(t)=276  sim=157.8s
epoch   16000  HO=0.0780  meanSteps=   573.1  copy=0.388  A(t)=278  sim=158.2s
epoch   16050  HO=0.0805  meanSteps=   570.7  copy=0.389  A(t)=278  sim=158.7s
epoch   16100  HO=0.0819  meanSteps=   578.4  copy=0.390  A(t)=278  sim=159.2s
epoch   16150  HO=0.0802  meanSteps=   551.3  copy=0.389  A(t)=278  sim=159.7s
epoch   16200  HO=0.0848  meanSteps=   559.7  copy=0.389  A(t)=278  sim=160.2s
epoch   16250  HO=0.0908  meanSteps=   561.1  copy=0.390  A(t)=278  sim=160.6s
epoch   16300  HO=0.0893  meanSteps=   569.8  copy=0.387  A(t)=278  sim=161.1s
epoch   16350  HO=0.0846  meanSteps=   569.6  copy=0.388  A(t)=278  sim=161.6s
epoch   16400  HO=0.0891  meanSteps=   570.0  copy=0.386  A(t)=278  sim=162.1s
epoch   16450  HO=0.0846  meanSteps=   567.6  copy=0.387  A(t)=278  sim=162.6s
epoch   16500  HO=0.0830  meanSteps=   578.7  copy=0.384  A(t)=278  sim=163.0s
epoch   16550  HO=0.0836  meanSteps=   576.2  copy=0.385  A(t)=278  sim=163.5s
epoch   16600  HO=0.0853  meanSteps=   573.7  copy=0.388  A(t)=278  sim=164.0s
epoch   16650  HO=0.0827  meanSteps=   570.9  copy=0.388  A(t)=278  sim=164.5s
epoch   16700  HO=0.0809  meanSteps=   562.9  copy=0.390  A(t)=278  sim=165.0s
epoch   16750  HO=0.0797  meanSteps=   565.3  copy=0.391  A(t)=278  sim=165.5s
epoch   16800  HO=0.0813  meanSteps=   555.8  copy=0.389  A(t)=278  sim=166.0s
epoch   16850  HO=0.0797  meanSteps=   562.4  copy=0.390  A(t)=278  sim=166.4s
epoch   16900  HO=0.0816  meanSteps=   570.4  copy=0.393  A(t)=278  sim=166.9s
epoch   16950  HO=0.0835  meanSteps=   568.6  copy=0.396  A(t)=278  sim=167.4s
epoch   17000  HO=0.0806  meanSteps=   574.1  copy=0.394  A(t)=278  sim=167.9s
epoch   17050  HO=0.0790  meanSteps=   579.1  copy=0.393  A(t)=278  sim=168.3s
epoch   17100  HO=0.0823  meanSteps=   576.4  copy=0.394  A(t)=278  sim=168.8s
epoch   17150  HO=0.0817  meanSteps=   565.7  copy=0.394  A(t)=278  sim=169.3s
epoch   17200  HO=0.0779  meanSteps=   573.8  copy=0.394  A(t)=278  sim=169.8s
epoch   17250  HO=0.0771  meanSteps=   568.1  copy=0.395  A(t)=278  sim=170.3s
epoch   17300  HO=0.0785  meanSteps=   575.8  copy=0.391  A(t)=278  sim=170.7s
epoch   17350  HO=0.0745  meanSteps=   570.9  copy=0.386  A(t)=278  sim=171.2s
epoch   17400  HO=0.0750  meanSteps=   568.9  copy=0.387  A(t)=278  sim=171.7s
epoch   17450  HO=0.0720  meanSteps=   563.9  copy=0.387  A(t)=278  sim=172.2s
epoch   17500  HO=0.0754  meanSteps=   562.5  copy=0.385  A(t)=278  sim=172.6s
epoch   17550  HO=0.0767  meanSteps=   565.1  copy=0.386  A(t)=278  sim=173.1s
epoch   17600  HO=0.0761  meanSteps=   564.1  copy=0.385  A(t)=278  sim=173.6s
epoch   17650  HO=0.0714  meanSteps=   561.6  copy=0.386  A(t)=278  sim=174.1s
epoch   17700  HO=0.0714  meanSteps=   564.5  copy=0.387  A(t)=278  sim=174.5s
epoch   17750  HO=0.0732  meanSteps=   571.4  copy=0.387  A(t)=278  sim=175.0s
epoch   17800  HO=0.0729  meanSteps=   565.8  copy=0.389  A(t)=278  sim=175.5s
epoch   17850  HO=0.0718  meanSteps=   577.8  copy=0.388  A(t)=278  sim=176.0s
epoch   17900  HO=0.0699  meanSteps=   573.7  copy=0.386  A(t)=278  sim=176.4s
epoch   17950  HO=0.0675  meanSteps=   572.2  copy=0.386  A(t)=278  sim=176.9s
epoch   18000  HO=0.0697  meanSteps=   565.9  copy=0.383  A(t)=278  sim=177.4s
epoch   18050  HO=0.0715  meanSteps=   577.5  copy=0.383  A(t)=278  sim=177.9s
epoch   18100  HO=0.0718  meanSteps=   578.3  copy=0.388  A(t)=278  sim=178.4s
epoch   18150  HO=0.0702  meanSteps=   579.1  copy=0.383  A(t)=278  sim=178.8s
epoch   18200  HO=0.0683  meanSteps=   572.2  copy=0.384  A(t)=279  sim=179.3s
epoch   18250  HO=0.0733  meanSteps=   575.5  copy=0.383  A(t)=279  sim=179.8s
epoch   18300  HO=0.0744  meanSteps=   578.7  copy=0.382  A(t)=279  sim=180.3s
epoch   18350  HO=0.0720  meanSteps=   571.0  copy=0.380  A(t)=279  sim=180.8s
epoch   18400  HO=0.0787  meanSteps=   582.1  copy=0.382  A(t)=279  sim=181.2s
epoch   18450  HO=0.0721  meanSteps=   582.3  copy=0.382  A(t)=279  sim=181.8s
epoch   18500  HO=0.0728  meanSteps=   570.6  copy=0.380  A(t)=279  sim=182.2s
epoch   18550  HO=0.0719  meanSteps=   562.1  copy=0.383  A(t)=279  sim=182.7s
epoch   18600  HO=0.0726  meanSteps=   568.9  copy=0.382  A(t)=281  sim=183.2s
epoch   18650  HO=0.0734  meanSteps=   566.0  copy=0.383  A(t)=281  sim=183.7s
epoch   18700  HO=0.0722  meanSteps=   560.6  copy=0.382  A(t)=281  sim=184.1s
epoch   18750  HO=0.0719  meanSteps=   564.6  copy=0.384  A(t)=281  sim=184.6s
epoch   18800  HO=0.0731  meanSteps=   574.4  copy=0.381  A(t)=281  sim=185.1s
epoch   18850  HO=0.0724  meanSteps=   574.2  copy=0.383  A(t)=281  sim=185.6s
epoch   18900  HO=0.0725  meanSteps=   570.1  copy=0.380  A(t)=281  sim=186.1s
epoch   18950  HO=0.0700  meanSteps=   566.5  copy=0.382  A(t)=281  sim=186.6s
epoch   19000  HO=0.0770  meanSteps=   564.1  copy=0.381  A(t)=281  sim=187.0s
epoch   19050  HO=0.0748  meanSteps=   564.4  copy=0.385  A(t)=281  sim=187.5s
epoch   19100  HO=0.0757  meanSteps=   571.1  copy=0.384  A(t)=281  sim=188.0s
epoch   19150  HO=0.0755  meanSteps=   568.6  copy=0.384  A(t)=281  sim=188.5s
epoch   19200  HO=0.0766  meanSteps=   566.8  copy=0.382  A(t)=281  sim=189.0s
epoch   19250  HO=0.0785  meanSteps=   564.3  copy=0.384  A(t)=281  sim=189.5s
epoch   19300  HO=0.0786  meanSteps=   551.3  copy=0.381  A(t)=281  sim=189.9s
epoch   19350  HO=0.0850  meanSteps=   558.0  copy=0.384  A(t)=281  sim=190.4s
epoch   19400  HO=0.0819  meanSteps=   559.2  copy=0.385  A(t)=281  sim=190.9s
epoch   19450  HO=0.0791  meanSteps=   566.0  copy=0.383  A(t)=281  sim=191.4s
epoch   19500  HO=0.0831  meanSteps=   579.9  copy=0.383  A(t)=281  sim=191.9s
epoch   19550  HO=0.0814  meanSteps=   576.0  copy=0.385  A(t)=281  sim=192.4s
epoch   19600  HO=0.0876  meanSteps=   584.0  copy=0.385  A(t)=281  sim=192.9s
epoch   19650  HO=0.0890  meanSteps=   588.9  copy=0.385  A(t)=281  sim=193.3s
epoch   19700  HO=0.0866  meanSteps=   594.0  copy=0.388  A(t)=283  sim=193.9s
epoch   19750  HO=0.0892  meanSteps=   593.0  copy=0.386  A(t)=283  sim=194.4s
epoch   19800  HO=0.0894  meanSteps=   604.2  copy=0.388  A(t)=283  sim=194.9s
epoch   19850  HO=0.0892  meanSteps=   598.7  copy=0.387  A(t)=283  sim=195.4s
epoch   19900  HO=0.0879  meanSteps=   595.8  copy=0.389  A(t)=283  sim=195.9s
epoch   19950  HO=0.0906  meanSteps=   597.9  copy=0.390  A(t)=283  sim=196.5s
epoch   20000  HO=0.0917  meanSteps=   589.3  copy=0.391  A(t)=283  sim=196.9s
done: 20000 epochs in 268.7s wall (197.0s simulating), runs/blocks_d2_s1
