epoch       0  HO=-0.0005  meanSteps=     0.0  copy=0.000  A(t)=0  sim=0.0s
epoch      50  HO=-0.0008  meanSteps=   590.4  copy=0.512  A(t)=0  sim=0.5s
epoch     100  HO=-0.0012  meanSteps=   594.6  copy=0.496  A(t)=0  sim=1.0s
epoch     150  HO=-0.0016  meanSteps=   593.3  copy=0.485  A(t)=0  sim=1.5s
epoch     200  HO=-0.0022  meanSteps=   597.0  copy=0.476  A(t)=0  sim=2.0s
epoch     250  HO=-0.0027  meanSteps=   606.5  copy=0.469  A(t)=0  sim=2.5s
epoch     300  HO=-0.0030  meanSteps=   623.2  copy=0.461  A(t)=47  sim=3.0s
epoch     350  HO=-0.0037  meanSteps=   634.4  copy=0.457  A(t)=53  sim=3.5s
epoch     400  HO=-0.0040  meanSteps=   634.6  copy=0.453  A(t)=61  sim=4.0s
epoch     450  HO=0.0587  meanSteps=   617.9  copy=0.449  A(t)=64  sim=4.5s
epoch     500  HO=0.0581  meanSteps=   637.7  copy=0.445  A(t)=69  sim=5.0s
epoch     550  HO=0.0622  meanSteps=   623.9  copy=0.443  A(t)=70  sim=5.6s
epoch     600  HO=0.0601  meanSteps=   625.0  copy=0.441  A(t)=77  sim=6.1s
epoch     650  HO=0.0636  meanSteps=   638.0  copy=0.437  A(t)=82  sim=6.6s
epoch     700  HO=0.0657  meanSteps=   620.6  copy=0.434  A(t)=86  sim=7.1s
epoch     750  HO=0.0651  meanSteps=   624.7  copy=0.432  A(t)=88  sim=7.6s
epoch     800  HO=0.0643  meanSteps=   632.4  copy=0.430  A(t)=91  sim=8.1s
epoch     850  HO=0.0662  meanSteps=   622.4  copy=0.432  A(t)=91  sim=8.6s
epoch     900  HO=0.0660  meanSteps=   623.2  copy=0.426  A(t)=98  sim=9.1s
epoch     950  HO=0.0706  meanSteps=   620.0  copy=0.426  A(t)=101  sim=9.6s
epoch    1000  HO=0.0703  meanSteps=   623.7  copy=0.424  A(t)=103  sim=10.1s
epoch    1050  HO=0.0693  meanSteps=   621.0  copy=0.421  A(t)=105  sim=10.7s
epoch    1100  HO=0.0690  meanSteps=   615.5  copy=0.418  A(t)=110  sim=11.2s
epoch    1150  HO=0.0668  meanSteps=   614.3  copy=0.417  A(t)=113  sim=11.7s
epoch    1200  HO=0.0661  meanSteps=   613.8  copy=0.417  A(t)=118  sim=12.2s
epoch    1250  HO=0.0657  meanSteps=   612.9  copy=0.417  A(t)=122  sim=12.7s
epoch    1300  HO=0.0660  meanSteps=   611.3  copy=0.418  A(t)=123  sim=13.2s
epoch    1350  HO=0.0724  meanSteps=   609.7  copy=0.416  A(t)=123  sim=13.7s
epoch    1400  HO=0.0702  meanSteps=   610.4  copy=0.414  A(t)=124  sim=14.1s
epoch    1450  HO=0.0690  meanSteps=   609.4  copy=0.410  A(t)=125  sim=14.6s
epoch    1500  HO=0.0719  meanSteps=   606.5  copy=0.408  A(t)=126  sim=15.1s
epoch    1550  HO=0.0720  meanSteps=   602.7  copy=0.407  A(t)=130  sim=15.6s
epoch    1600  HO=0.0744  meanSteps=   607.1  copy=0.408  A(t)=130  sim=16.1s
epoch    1650  HO=0.0716  meanSteps=   607.4  copy=0.405  A(t)=132  sim=16.6s
epoch    1700  HO=0.0701  meanSteps=   619.4  copy=0.405  A(t)=135  sim=17.1s
epoch    1750  HO=0.0685  meanSteps=   603.4  copy=0.404  A(t)=138  sim=17.6s
epoch    1800  HO=0.0673  meanSteps=   609.4  copy=0.404  A(t)=140  sim=18.1s
epoch    1850  HO=0.0671  meanSteps=   614.0  copy=0.402  A(t)=142  sim=18.6s
epoch    1900  HO=0.0680  meanSteps=   609.7  copy=0.406  A(t)=142  sim=19.1s
epoch    1950  HO=0.0651  meanSteps=   597.2  copy=0.403  A(t)=143  sim=19.6s
epoch    2000  HO=0.0661  meanSteps=   599.4  copy=0.405  A(t)=144  sim=20.1s
epoch    2050  HO=0.0674  meanSteps=   599.1  copy=0.404  A(t)=145  sim=20.6s
epoch    2100  HO=0.0673  meanSteps=   594.8  copy=0.402  A(t)=145  sim=21.0s
epoch    2150  HO=0.0647  meanSteps=   582.6  copy=0.401  A(t)=145  sim=21.5s
epoch    2200  HO=0.0658  meanSteps=   577.1  copy=0.406  A(t)=148  sim=22.0s
epoch    2250  HO=0.0638  meanSteps=   567.2  copy=0.403  A(t)=151  sim=22.5s
epoch    2300  HO=0.0706  meanSteps=   577.4  copy=0.402  A(t)=152  sim=22.9s
epoch    2350  HO=0.0689  meanSteps=   574.8  copy=0.404  A(t)=153  sim=23.4s
epoch    2400  HO=0.0754  meanSteps=   573.1  copy=0.403  A(t)=153  sim=23.9s
epoch    2450  HO=0.0717  meanSteps=   585.2  copy=0.405  A(t)=157  sim=24.4s
epoch    2500  HO=0.0758  meanSteps=   576.6  copy=0.406  A(t)=158  sim=24.8s
epoch    2550  HO=0.0721  meanSteps=   589.4  copy=0.408  A(t)=159  sim=25.3s
epoch    2600  HO=0.0751  meanSteps=   575.2  copy=0.404  A(t)=161  sim=25.8s
epoch    2650  HO=0.0756  meanSteps=   554.7  copy=0.404  A(t)=162  sim=26.3s
epoch    2700  HO=0.0751  meanSteps=   568.7  copy=0.405  A(t)=165  sim=26.8s
epoch    2750  HO=0.0787  meanSteps=   575.2  copy=0.404  A(t)=167  sim=27.3s
epoch    2800  HO=0.0814  meanSteps=   595.5  copy=0.406  A(t)=167  sim=27.8s
epoch    2850  HO=0.0810  meanSteps=   581.6  copy=0.405  A(t)=169  sim=28.3s
epoch    2900  HO=0.0849  meanSteps=   585.0  copy=0.407  A(t)=169  sim=28.7s
epoch    2950  HO=0.0813  meanSteps=   593.6  copy=0.404  A(t)=169  sim=29.2s
epoch    3000  HO=0.0815  meanSteps=   588.1  copy=0.406  A(t)=171  sim=29.7s
epoch    3050  HO=0.0769  meanSteps=   593.1  copy=0.406  A(t)=171  sim=30.2s
epoch    3100  HO=0.0802  meanSteps=   597.4  copy=0.405  A(t)=171  sim=30.7s
epoch    3150  HO=0.0791  meanSteps=   598.7  copy=0.407  A(t)=174  sim=31.2s
epoch    3200  HO=0.0767  meanSteps=   595.8  copy=0.405  A(t)=174  sim=31.7s
epoch    3250  HO=0.0762  meanSteps=   591.8  copy=0.402  A(t)=174  sim=32.2s
epoch    3300  HO=0.0769  meanSteps=   592.1  copy=0.398  A(t)=174  sim=32.7s
epoch    3350  HO=0.0775  meanSteps=   581.5  copy=0.400  A(t)=177  sim=33.1s
epoch    3400  HO=0.0793  meanSteps=   583.5  copy=0.398  A(t)=178  sim=33.6s
epoch    3450  HO=0.0783  meanSteps=   591.0  copy=0.396  A(t)=178  sim=34.1s
epoch    3500  HO=0.0805  meanSteps=   575.9  copy=0.397  A(t)=180  sim=34.6s
epoch    3550  HO=0.0766  meanSteps=   586.4  copy=0.398  A(t)=180  sim=35.1s
epoch    3600  HO=0.0758  meanSteps=   585.3  copy=0.397  A(t)=181  sim=35.6s
epoch    3650  HO=0.0739  meanSteps=   572.8  copy=0.399  A(t)=182  sim=36.0s
epoch    3700  HO=0.0751  meanSteps=   572.5  copy=0.397  A(t)=182  sim=36.5s
epoch    3750  HO=0.0821  meanSteps=   558.8  copy=0.398  A(t)=184  sim=37.0s
epoch    3800  HO=0.0824  meanSteps=   558.8  copy=0.395  A(t)=184  sim=37.4s
epoch    3850  HO=0.0808  meanSteps=   556.6  copy=0.399  A(t)=184  sim=37.9s
epoch    3900  HO=0.0800  meanSteps=   559.0  copy=0.397  A(t)=184  sim=38.4s
epoch    3950  HO=0.0800  meanSteps=   562.6  copy=0.398  A(t)=186  sim=38.9s
epoch    4000  HO=0.0789  meanSteps=   561.8  copy=0.400  A(t)=188  sim=39.3s
epoch    4050  HO=0.0806  meanSteps=   556.2  copy=0.397  A(t)=188  sim=39.8s
epoch    4100  HO=0.0871  meanSteps=   566.4  copy=0.396  A(t)=189  sim=40.3s
epoch    4150  HO=0.0863  meanSteps=   555.8  copy=0.398  A(t)=190  sim=40.7s
epoch    4200  HO=0.0855  meanSteps=   557.9  copy=0.401  A(t)=192  sim=41.2s
epoch    4250  HO=0.0851  meanSteps=   560.5  copy=0.401  A(t)=194  sim=41.7s
epoch    4300  HO=0.0822  meanSteps=   565.0  copy=0.402  A(t)=197  sim=42.1s
epoch    4350  HO=0.0819  meanSteps=   549.2  copy=0.396  A(t)=198  sim=42.6s
epoch    4400  HO=0.0819  meanSteps=   549.2  copy=0.392  A(t)=199  sim=43.1s
epoch    4450  HO=0.0772  meanSteps=   541.9  copy=0.390  A(t)=199  sim=43.5s
epoch    4500  HO=0.0785  meanSteps=   536.0  copy=0.390  A(t)=199  sim=44.0s
epoch    4550  HO=0.0837  meanSteps=   550.8  copy=0.392  A(t)=199  sim=44.5s
epoch    4600  HO=0.0816  meanSteps=   553.8  copy=0.387  A(t)=200  sim=44.9s
epoch    4650  HO=0.0820  meanSteps=   547.1  copy=0.390  A(t)=201  sim=45.4s
epoch    4700  HO=0.0801  meanSteps=   562.3  copy=0.388  A(t)=202  sim=45.9s
epoch    4750  HO=0.0763  meanSteps=   565.3  copy=0.390  A(t)=206  sim=46.3s
epoch    4800  HO=0.0754  meanSteps=   563.7  copy=0.387  A(t)=206  sim=46.8s
epoch    4850  HO=0.0719  meanSteps=   557.2  copy=0.388  A(t)=207  sim=47.3s
epoch    4900  HO=0.0728  meanSteps=   567.9  copy=0.386  A(t)=207  sim=47.8s
epoch    4950  HO=0.0715  meanSteps=   566.9  copy=0.387  A(t)=208  sim=48.3s
epoch    5000  HO=0.0702  meanSteps=   580.0  copy=0.386  A(t)=208  sim=48.7s
epoch    5050  HO=0.0725  meanSteps=   569.6  copy=0.387  A(t)=209  sim=49.2s
epoch    5100  HO=0.0712  meanSteps=   567.3  copy=0.386  A(t)=210  sim=49.7s
epoch    5150  HO=0.0704  meanSteps=   569.2  copy=0.385  A(t)=210  sim=50.2s
epoch    5200  HO=0.0696  meanSteps=   569.0  copy=0.384  A(t)=210  sim=50.6s
epoch    5250  HO=0.0687  meanSteps=   569.4  copy=0.381  A(t)=210  sim=51.1s
epoch    5300  HO=0.0700  meanSteps=   571.7  copy=0.382  A(t)=210  sim=51.6s
epoch    5350  HO=0.0716  meanSteps=   566.7  copy=0.382  A(t)=210  sim=52.1s
epoch    5400  HO=0.0722  meanSteps=   562.1  copy=0.383  A(t)=210  sim=52.5s
epoch    5450  HO=0.0755  meanSteps=   562.2  copy=0.383  A(t)=210  sim=53.0s
epoch    5500  HO=0.0788  meanSteps=   555.7  copy=0.387  A(t)=210  sim=53.4s
epoch    5550  HO=0.0777  meanSteps=   552.1  copy=0.384  A(t)=210  sim=53.9s
epoch    5600  HO=0.0746  meanSteps=   551.9  copy=0.384  A(t)=210  sim=54.4s
epoch    5650  HO=0.0734  meanSteps=   547.6  copy=0.384  A(t)=210  sim=54.9s
epoch    5700  HO=0.0732  meanSteps=   532.1  copy=0.384  A(t)=211  sim=55.3s
epoch    5750  HO=0.0708  meanSteps=   531.5  copy=0.386  A(t)=212  sim=55.8s
epoch    5800  HO=0.0678  meanSteps=   532.8  copy=0.386  A(t)=212  sim=56.2s
epoch    5850  HO=0.0674  meanSteps=   546.9  copy=0.387  A(t)=212  sim=56.7s
epoch    5900  HO=0.0676  meanSteps=   536.8  copy=0.386  A(t)=212  sim=57.1s
epoch    5950  HO=0.0718  meanSteps=   536.1  copy=0.384  A(t)=213  sim=57.6s
epoch    6000  HO=0.0721  meanSteps=   540.1  copy=0.386  A(t)=213  sim=58.0s
epoch    6050  HO=0.0688  meanSteps=   536.3  copy=0.388  A(t)=215  sim=58.5s
epoch    6100  HO=0.0721  meanSteps=   549.5  copy=0.383  A(t)=215  sim=59.0s
epoch    6150  HO=0.0749  meanSteps=   542.6  copy=0.385  A(t)=217  sim=59.5s
epoch    6200  HO=0.0705  meanSteps=   544.5  copy=0.385  A(t)=218  sim=60.0s
epoch    6250  HO=0.0694  meanSteps=   561.3  copy=0.385  A(t)=218  sim=60.4s
epoch    6300  HO=0.0691  meanSteps=   560.2  copy=0.384  A(t)=219  sim=60.9s
epoch    6350  HO=0.0699  meanSteps=   546.9  copy=0.386  A(t)=219  sim=61.4s
epoch    6400  HO=0.0704  meanSteps=   542.9  copy=0.386  A(t)=219  sim=61.9s
epoch    6450  HO=0.0761  meanSteps=   548.1  copy=0.386  A(t)=219  sim=62.3s
epoch    6500  HO=0.0757  meanSteps=   537.2  copy=0.390  A(t)=219  sim=62.8s
epoch    6550  HO=0.0742  meanSteps=   541.2  copy=0.391  A(t)=220  sim=63.3s
epoch    6600  HO=0.0720  meanSteps=   541.5  copy=0.385  A(t)=224  sim=63.7s
epoch    6650  HO=0.0727  meanSteps=   540.6  copy=0.385  A(t)=224  sim=64.2s
epoch    6700  HO=0.0772  meanSteps=   549.1  copy=0.382  A(t)=225  sim=64.6s
epoch    6750  HO=0.0783  meanSteps=   546.0  copy=0.384  A(t)=226  sim=65.1s
epoch    6800  HO=0.0801  meanSteps=   551.4  copy=0.384  A(t)=226  sim=65.6s
epoch    6850  HO=0.0734  meanSteps=   541.4  copy=0.385  A(t)=227  sim=66.0s
epoch    6900  HO=0.0787  meanSteps=   544.5  copy=0.383  A(t)=228  sim=66.5s
epoch    6950  HO=0.0786  meanSteps=   541.0  copy=0.384  A(t)=229  sim=66.9s
epoch    7000  HO=0.0796  meanSteps=   543.6  copy=0.383  A(t)=230  sim=67.4s
epoch    7050  HO=0.0771  meanSteps=   548.7  copy=0.382  A(t)=230  sim=67.8s
epoch    7100  HO=0.0762  meanSteps=   558.0  copy=0.383  A(t)=231  sim=68.3s
epoch    7150  HO=0.0806  meanSteps=   555.5  copy=0.385  A(t)=233  sim=68.9s
epoch    7200  HO=0.0792  meanSteps=   551.3  copy=0.384  A(t)=234  sim=69.4s
epoch    7250  HO=0.0770  meanSteps=   556.0  copy=0.384  A(t)=234  sim=69.8s
epoch    7300  HO=0.0784  meanSteps=   554.4  copy=0.383  A(t)=234  sim=70.3s
epoch    7350  HO=0.0767  meanSteps=   557.6  copy=0.384  A(t)=234  sim=70.8s
epoch    7400  HO=0.0777  meanSteps=   554.7  copy=0.385  A(t)=235  sim=71.2s
epoch    7450  HO=0.0790  meanSteps=   567.2  copy=0.385  A(t)=237  sim=71.7s
epoch    7500  HO=0.0771  meanSteps=   564.8  copy=0.385  A(t)=237  sim=72.2s
epoch    7550  HO=0.0783  meanSteps=   574.9  copy=0.383  A(t)=239  sim=72.7s
epoch    7600  HO=0.0794  meanSteps=   560.9  copy=0.382  A(t)=239  sim=73.2s
epoch    7650  HO=0.0789  meanSteps=   570.6  copy=0.384  A(t)=239  sim=73.7s
epoch    7700  HO=0.0782  meanSteps=   565.1  copy=0.382  A(t)=241  sim=74.2s
epoch    7750  HO=0.0783  meanSteps=   572.9  copy=0.384  A(t)=242  sim=74.7s
epoch    7800  HO=0.0791  meanSteps=   568.2  copy=0.384  A(t)=242  sim=75.2s
epoch    7850  HO=0.0801  meanSteps=   573.5  copy=0.382  A(t)=242  sim=75.7s
epoch    7900  HO=0.0800  meanSteps=   564.3  copy=0.383  A(t)=242  sim=76.1s
epoch    7950  HO=0.0772  meanSteps=   563.7  copy=0.383  A(t)=242  sim=76.6s
epoch    8000  HO=0.0761  meanSteps=   560.3  copy=0.383  A(t)=243  sim=77.1s
epoch    8050  HO=0.0718  meanSteps=   562.1  copy=0.382  A(t)=244  sim=77.6s
epoch    8100  HO=0.0759  meanSteps=   554.3  copy=0.384  A(t)=244  sim=78.1s
epoch    8150  HO=0.0772  meanSteps=   557.7  copy=0.384  A(t)=246  sim=78.6s
epoch    8200  HO=0.0740  meanSteps=   560.0  copy=0.383  A(t)=246  sim=79.0s
epoch    8250  HO=0.0763  meanSteps=   573.3  copy=0.383  A(t)=246  sim=79.5s
epoch    8300  HO=0.0745  meanSteps=   566.4  copy=0.384  A(t)=247  sim=80.0s
epoch    8350  HO=0.0751  meanSteps=   570.2  copy=0.385  A(t)=247  sim=80.4s
epoch    8400  HO=0.0748  meanSteps=   562.3  copy=0.384  A(t)=247  sim=80.9s
epoch    8450  HO=0.0771  meanSteps=   566.1  copy=0.387  A(t)=247  sim=81.4s
epoch    8500  HO=0.0820  meanSteps=   564.4  copy=0.390  A(t)=249  sim=81.8s
epoch    8550  HO=0.0845  meanSteps=   565.4  copy=0.388  A(t)=249  sim=82.3s
epoch    8600  HO=0.0817  meanSteps=   560.5  copy=0.391  A(t)=249  sim=82.8s
epoch    8650  HO=0.0835  meanSteps=   562.4  copy=0.390  A(t)=249  sim=83.3s
epoch    8700  HO=0.0834  meanSteps=   562.9  copy=0.389  A(t)=250  sim=83.7s
epoch    8750  HO=0.0804  meanSteps=   558.6  copy=0.391  A(t)=251  sim=84.2s
epoch    8800  HO=0.0781  meanSteps=   566.4  copy=0.391  A(t)=252  sim=84.7s
epoch    8850  HO=0.0796  meanSteps=   558.3  copy=0.392  A(t)=252  sim=85.1s
epoch    8900  HO=0.0766  meanSteps=   560.1  copy=0.390  A(t)=252  sim=85.6s
epoch    8950  HO=0.0753  meanSteps=   553.5  copy=0.389  A(t)=254  sim=86.1s
epoch    9000  HO=0.0707  meanSteps=   542.5  copy=0.390  A(t)=254  sim=86.5s
epoch    9050  HO=0.0719  meanSteps=   564.8  copy=0.387  A(t)=254  sim=87.0s
epoch    9100  HO=0.0696  meanSteps=   557.5  copy=0.390  A(t)=254  sim=87.5s
epoch    9150  HO=0.0705  meanSteps=   546.5  copy=0.389  A(t)=254  sim=88.0s
epoch    9200  HO=0.0744  meanSteps=   547.1  copy=0.390  A(t)=254  sim=88.4s
epoch    9250  HO=0.0736  meanSteps=   537.8  copy=0.392  A(t)=254  sim=88.9s
epoch    9300  HO=0.0786  meanSteps=   555.9  copy=0.393  A(t)=254  sim=89.4s
epoch    9350  HO=0.0813  meanSteps=   551.2  copy=0.391  A(t)=254  sim=89.8s
epoch    9400  HO=0.0807  meanSteps=   554.0  copy=0.391  A(t)=254  sim=90.3s
epoch    9450  HO=0.0798  meanSteps=   549.0  copy=0.386  A(t)=254  sim=90.8s
epoch    9500  HO=0.0774  meanSteps=   555.8  copy=0.387  A(t)=254  sim=91.2s
epoch    9550  HO=0.0833  meanSteps=   547.3  copy=0.387  A(t)=255  sim=91.7s
epoch    9600  HO=0.0777  meanSteps=   539.3  copy=0.390  A(t)=255  sim=92.2s
epoch    9650  HO=0.0815  meanSteps=   541.7  copy=0.387  A(t)=255  sim=92.7s
epoch    9700  HO=0.0795  meanSteps=   539.4  copy=0.389  A(t)=255  sim=93.2s
epoch    9750  HO=0.0789  meanSteps=   542.6  copy=0.387  A(t)=255  sim=93.6s
epoch    9800  HO=0.0810  meanSteps=   539.2  copy=0.389  A(t)=255  sim=94.1s
epoch    9850  HO=0.0792  meanSteps=   546.0  copy=0.385  A(t)=255  sim=94.6s
epoch    9900  HO=0.0781  meanSteps=   545.5  copy=0.388  A(t)=256  sim=95.0s
epoch    9950  HO=0.0771  meanSteps=   545.5  copy=0.390  A(t)=256  sim=95.5s
epoch   10000  HO=0.0790  meanSteps=   554.4  copy=0.391  A(t)=257  sim=95.9s
epoch   10050  HO=0.0800  meanSteps=   546.6  copy=0.392  A(t)=257  sim=96.4s
epoch   10100  HO=0.0801  meanSteps=   555.4  copy=0.392  A(t)=258  sim=96.9s
epoch   10150  HO=0.0838  meanSteps=   557.0  copy=0.393  A(t)=258  sim=97.4s
epoch   10200  HO=0.0839  meanSteps=   551.8  copy=0.394  A(t)=258  sim=97.8s
epoch   10250  HO=0.0849  meanSteps=   558.8  copy=0.394  A(t)=258  sim=98.3s
epoch   10300  HO=0.0836  meanSteps=   549.5  copy=0.394  A(t)=258  sim=98.8s
epoch   10350  HO=0.0831  meanSteps=   555.3  copy=0.394  A(t)=258  sim=99.3s
epoch   10400  HO=0.0822  meanSteps=   562.0  copy=0.397  A(t)=258  sim=99.7s
epoch   10450  HO=0.0823  meanSteps=   549.4  copy=0.395  A(t)=259  sim=100.2s
epoch   10500  HO=0.0814  meanSteps=   549.7  copy=0.395  A(t)=259  sim=100.7s
epoch   10550  HO=0.0801  meanSteps=   549.2  copy=0.394  A(t)=259  sim=101.1s
epoch   10600  HO=0.0846  meanSteps=   552.3  copy=0.397  A(t)=259  sim=101.6s
epoch   10650  HO=0.0802  meanSteps=   559.4  copy=0.398  A(t)=259  sim=102.1s
epoch   10700  HO=0.0842  meanSteps=   561.1  copy=0.398  A(t)=261  sim=102.5s
epoch   10750  HO=0.0823  meanSteps=   562.8  copy=0.400  A(t)=261  sim=103.0s
epoch   10800  HO=0.0838  meanSteps=   582.7  copy=0.401  A(t)=261  sim=103.5s
epoch   10850  HO=0.0827  meanSteps=   576.2  copy=0.402  A(t)=261  sim=104.0s
epoch   10900  HO=0.0842  meanSteps=   572.0  copy=0.401  A(t)=261  sim=104.5s
epoch   10950  HO=0.0841  meanSteps=   573.1  copy=0.398  A(t)=261  sim=105.0s
epoch   11000  HO=0.0860  meanSteps=   571.9  copy=0.396  A(t)=261  sim=105.5s
epoch   11050  HO=0.0831  meanSteps=   573.8  copy=0.398  A(t)=261  sim=106.1s
epoch   11100  HO=0.0885  meanSteps=   573.5  copy=0.398  A(t)=261  sim=106.5s
epoch   11150  HO=0.0892  meanSteps=   574.0  copy=0.396  A(t)=261  sim=107.0s
epoch   11200  HO=0.0842  meanSteps=   575.3  copy=0.397  A(t)=262  sim=107.5s
epoch   11250  HO=0.0828  meanSteps=   577.8  copy=0.398  A(t)=262  sim=108.0s
epoch   11300  HO=0.0826  meanSteps=   568.6  copy=0.399  A(t)=266  sim=108.5s
epoch   11350  HO=0.0847  meanSteps=   573.8  copy=0.400  A(t)=267  sim=109.0s
epoch   11400  HO=0.0866  meanSteps=   582.1  copy=0.401  A(t)=268  sim=109.4s
epoch   11450  HO=0.0880  meanSteps=   561.1  copy=0.399  A(t)=268  sim=109.9s
epoch   11500  HO=0.0880  meanSteps=   565.9  copy=0.402  A(t)=268  sim=110.4s
epoch   11550  HO=0.0879  meanSteps=   571.6  copy=0.403  A(t)=269  sim=110.8s
epoch   11600  HO=0.0836  meanSteps=   569.0  copy=0.402  A(t)=269  sim=111.3s
epoch   11650  HO=0.0853  meanSteps=   562.9  copy=0.402  A(t)=269  sim=111.8s
epoch   11700  HO=0.0846  meanSteps=   567.0  copy=0.402  A(t)=269  sim=112.3s
epoch   11750  HO=0.0842  meanSteps=   563.7  copy=0.400  A(t)=269  sim=112.8s
epoch   11800  HO=0.0818  meanSteps=   566.3  copy=0.401  A(t)=269  sim=113.3s
epoch   11850  HO=0.0833  meanSteps=   568.9  copy=0.399  A(t)=269  sim=113.8s
epoch   11900  HO=0.0831  meanSteps=   565.4  copy=0.400  A(t)=269  sim=114.3s
epoch   11950  HO=0.0867  meanSteps=   565.2  copy=0.399  A(t)=269  sim=114.8s
epoch   12000  HO=0.0893  meanSteps=   551.6  copy=0.401  A(t)=269  sim=115.2s
epoch   12050  HO=0.0890  meanSteps=   561.5  copy=0.401  A(t)=269  sim=115.7s
epoch   12100  HO=0.0913  meanSteps=   569.5  copy=0.398  A(t)=269  sim=116.2s
epoch   12150  HO=0.0877  meanSteps=   564.1  copy=0.398  A(t)=270  sim=116.7s
epoch   12200  HO=0.0874  meanSteps=   556.1  copy=0.397  A(t)=273  sim=117.2s
epoch   12250  HO=0.0873  meanSteps=   558.4  copy=0.395  A(t)=273  sim=117.6s
epoch   12300  HO=0.0858  meanSteps=   567.1  copy=0.394  A(t)=273  sim=118.1s
epoch   12350  HO=0.0841  meanSteps=   556.5  copy=0.392  A(t)=273  sim=118.6s
epoch   12400  HO=0.0873  meanSteps=   554.9  copy=0.389  A(t)=273  sim=119.0s
epoch   12450  HO=0.0859  meanSteps=   549.3  copy=0.390  A(t)=274  sim=119.5s
epoch   12500  HO=0.0838  meanSteps=   553.4  copy=0.392  A(t)=274  sim=120.0s
epoch   12550  HO=0.0786  meanSteps=   548.6  copy=0.392  A(t)=274  sim=120.5s
epoch   12600  HO=0.0851  meanSteps=   543.1  copy=0.394  A(t)=274  sim=120.9s
epoch   12650  HO=0.0821  meanSteps=   530.8  copy=0.395  A(t)=278  sim=121.4s
epoch   12700  HO=0.0842  meanSteps=   537.1  copy=0.396  A(t)=278  sim=121.8s
epoch   12750  HO=0.0890  meanSteps=   531.8  copy=0.396  A(t)=278  sim=122.3s
epoch   12800  HO=0.0858  meanSteps=   540.2  copy=0.397  A(t)=278  sim=122.8s
epoch   12850  HO=0.0844  meanSteps=   546.9  copy=0.396  A(t)=278  sim=123.2s
epoch   12900  HO=0.0860  meanSteps=   553.1  copy=0.396  A(t)=278  sim=123.7s
epoch   12950  HO=0.0836  meanSteps=   536.8  copy=0.395  A(t)=278  sim=124.2s
epoch   13000  HO=0.0850  meanSteps=   520.5  copy=0.393  A(t)=278  sim=124.7s
epoch   13050  HO=0.0854  meanSteps=   545.6  copy=0.394  A(t)=278  sim=125.2s
epoch   13100  HO=0.0818  meanSteps=   544.9  copy=0.395  A(t)=278  sim=125.6s
epoch   13150  HO=0.0838  meanSteps=   543.1  copy=0.395  A(t)=278  sim=126.1s
epoch   13200  HO=0.0855  meanSteps=   534.1  copy=0.395  A(t)=278  sim=126.6s
epoch   13250  HO=0.0869  meanSteps=   545.1  copy=0.397  A(t)=278  sim=127.0s
epoch   13300  HO=0.0838  meanSteps=   547.8  copy=0.396  A(t)=278  sim=127.5s
epoch   13350  HO=0.0812  meanSteps=   541.8  copy=0.394  A(t)=278  sim=128.0s
epoch   13400  HO=0.0818  meanSteps=   537.8  copy=0.393  A(t)=279  sim=128.5s
epoch   13450  HO=0.0798  meanSteps=   534.0  copy=0.395  A(t)=281  sim=128.9s
epoch   13500  HO=0.0794  meanSteps=   534.1  copy=0.396  A(t)=281  sim=129.4s
epoch   13550  HO=0.0748  meanSteps=   522.4  copy=0.397  A(t)=281  sim=129.9s
epoch   13600  HO=0.0783  meanSteps=   519.3  copy=0.396  A(t)=281  sim=130.3s
epoch   13650  HO=0.0762  meanSteps=   524.0  copy=0.395  A(t)=281  sim=130.8s
epoch   13700  HO=0.0784  meanSteps=   524.5  copy=0.395  A(t)=281  sim=131.2s
epoch   13750  HO=0.0779  meanSteps=   530.7  copy=0.397  A(t)=281  sim=131.7s
epoch   13800  HO=0.0788  meanSteps=   536.9  copy=0.397  A(t)=281  sim=132.1s
epoch   13850  HO=0.0745  meanSteps=   530.2  copy=0.396  A(t)=281  sim=132.6s
epoch   13900  HO=0.0760  meanSteps=   535.2  copy=0.398  A(t)=281  sim=133.1s
epoch   13950  HO=0.0769  meanSteps=   546.0  copy=0.395  A(t)=281  sim=133.6s
epoch   14000  HO=0.0751  meanSteps=   542.8  copy=0.395  A(t)=281  sim=134.0s
epoch   14050  HO=0.0736  meanSteps=   561.0  copy=0.393  A(t)=281  sim=134.5s
epoch   14100  HO=0.0748  meanSteps=   551.8  copy=0.394  A(t)=281  sim=135.0s
epoch   14150  HO=0.0772  meanSteps=   555.1  copy=0.394  A(t)=281  sim=135.4s
epoch   14200  HO=0.0812  meanSteps=   549.6  copy=0.396  A(t)=281  sim=135.9s
epoch   14250  HO=0.0817  meanSteps=   558.5  copy=0.396  A(t)=281  sim=136.4s
epoch   14300  HO=0.0788  meanSteps=   577.2  copy=0.396  A(t)=281  sim=136.9s
epoch   14350  HO=0.0795  meanSteps=   561.7  copy=0.394  A(t)=281  sim=137.3s
epoch   14400  HO=0.0803  meanSteps=   556.9  copy=0.397  A(t)=281  sim=137.8s
epoch   14450  HO=0.0744  meanSteps=   569.5  copy=0.393  A(t)=281  sim=138.3s
epoch   14500  HO=0.0745  meanSteps=   572.4  copy=0.394  A(t)=281  sim=138.8s
epoch   14550  HO=0.0771  meanSteps=   569.3  copy=0.393  A(t)=283  sim=139.2s
epoch   14600  HO=0.0776  meanSteps=   575.7  copy=0.395  A(t)=283  sim=139.7s
epoch   14650  HO=0.0743  meanSteps=   571.3  copy=0.393  A(t)=283  sim=140.2s
epoch   14700  HO=0.0788  meanSteps=   560.0  copy=0.393  A(t)=283  sim=140.7s
epoch   14750  HO=0.0769  meanSteps=   555.2  copy=0.393  A(t)=283  sim=141.1s
epoch   14800  HO=0.0787  meanSteps=   547.4  copy=0.395  A(t)=283  sim=141.6s
epoch   14850  HO=0.0778  meanSteps=   550.3  copy=0.396  A(t)=283  sim=142.1s
epoch   14900  HO=0.0735  meanSteps=   541.7  copy=0.395  A(t)=283  sim=142.5s
epoch   14950  HO=0.0739  meanSteps=   563.2  copy=0.395  A(t)=285  sim=143.0s
epoch   15000  HO=0.0772  meanSteps=   569.5  copy=0.395  A(t)=285  sim=143.5s
epoch   15050  HO=0.0767  meanSteps=   568.2  copy=0.399  A(t)=285  sim=144.0s
epoch   15100  HO=0.0781  meanSteps=   556.9  copy=0.396  A(t)=285  sim=144.4s
epoch   15150  HO=0.0801  meanSteps=   559.8  copy=0.398  A(t)=286  sim=144.9s
epoch   15200  HO=0.0801  meanSteps=   557.5  copy=0.395  A(t)=287  sim=145.4s
epoch   15250  HO=0.0806  meanSteps=   548.1  copy=0.395  A(t)=287  sim=145.8s
epoch   15300  HO=0.0810  meanSteps=   556.0  copy=0.396  A(t)=287  sim=146.3s
epoch   15350  HO=0.0805  meanSteps=   557.7  copy=0.396  A(t)=287  sim=146.8s
epoch   15400  HO=0.0758  meanSteps=   554.2  copy=0.397  A(t)=287  sim=147.3s
epoch   15450  HO=0.0748  meanSteps=   549.8  copy=0.395  A(t)=287  sim=147.7s
epoch   15500  HO=0.0738  meanSteps=   562.1  copy=0.397  A(t)=287  sim=148.2s
epoch   15550  HO=0.0732  meanSteps=   571.4  copy=0.397  A(t)=287  sim=148.7s
epoch   15600  HO=0.0732  meanSteps=   566.5  copy=0.399  A(t)=287  sim=149.2s
epoch   15650  HO=0.0707  meanSteps=   558.2  copy=0.401  A(t)=287  sim=149.6s
epoch   15700  HO=0.0731  meanSteps=   553.5  copy=0.400  A(t)=287  sim=150.1s
epoch   15750  HO=0.0716  meanSteps=   558.8  copy=0.399  A(t)=287  sim=150.6s
epoch   15800  HO=0.0693  meanSteps=   553.5  copy=0.405  A(t)=289  sim=151.1s
epoch   15850  HO=0.0683  meanSteps=   552.6  copy=0.400  A(t)=289  sim=151.6s
epoch   15900  HO=0.0685  meanSteps=   547.3  copy=0.396  A(t)=289  sim=152.1s
epoch   15950  HO=0.0685  meanSteps=   560.4  copy=0.397  A(t)=289  sim=152.6s
epoch   16000  HO=0.0709  meanSteps=   556.4  copy=0.398  A(t)=289  sim=153.1s
epoch   16050  HO=0.0702  meanSteps=   567.3  copy=0.397  A(t)=289  sim=153.5s
epoch   16100  HO=0.0685  meanSteps=   574.2  copy=0.399  A(t)=291  sim=154.0s
epoch   16150  HO=0.0708  meanSteps=   568.2  copy=0.397  A(t)=291  sim=154.5s
epoch   16200  HO=0.0659  meanSteps=   569.7  copy=0.393  A(t)=291  sim=155.0s
epoch   16250  HO=0.0682  meanSteps=   576.8  copy=0.394  A(t)=291  sim=155.5s
epoch   16300  HO=0.0727  meanSteps=   572.1  copy=0.395  A(t)=291  sim=155.9s
epoch   16350  HO=0.0712  meanSteps=   577.7  copy=0.396  A(t)=291  sim=156.4s
epoch   16400  HO=0.0726  meanSteps=   578.3  copy=0.396  A(t)=291  sim=156.9s
epoch   16450  HO=0.0701  meanSteps=   583.0  copy=0.398  A(t)=291  sim=157.4s
epoch   16500  HO=0.0725  meanSteps=   566.7  copy=0.396  A(t)=292  sim=157.9s
epoch   16550  HO=0.0738  meanSteps=   562.9  copy=0.391  A(t)=292  sim=158.3s
epoch   16600  HO=0.0731  meanSteps=   563.9  copy=0.391  A(t)=292  sim=158.8s
epoch   16650  HO=0.0712  meanSteps=   564.8  copy=0.393  A(t)=292  sim=159.3s
epoch   16700  HO=0.0691  meanSteps=   564.1  copy=0.392  A(t)=292  sim=159.8s
epoch   16750  HO=0.0686  meanSteps=   570.1  copy=0.391  A(t)=292  sim=160.2s
epoch   16800  HO=0.0697  meanSteps=   578.6  copy=0.392  A(t)=292  sim=160.7s
epoch   16850  HO=0.0708  meanSteps=   578.6  copy=0.392  A(t)=292  sim=161.2s
epoch   16900  HO=0.0677  meanSteps=   571.7  copy=0.392  A(t)=293  sim=161.7s
epoch   16950  HO=0.0677  meanSteps=   582.0  copy=0.392  A(t)=293  sim=162.2s
epoch   17000  HO=0.0592  meanSteps=   579.0  copy=0.391  A(t)=293  sim=162.7s
epoch   17050  HO=0.0615  meanSteps=   575.6  copy=0.391  A(t)=293  sim=163.2s
epoch   17100  HO=0.0624  meanSteps=   574.4  copy=0.398  A(t)=293  sim=163.7s
epoch   17150  HO=0.0627  meanSteps=   587.3  copy=0.398  A(t)=293  sim=164.2s
epoch   17200  HO=0.0592  meanSteps=   584.8  copy=0.397  A(t)=293  sim=164.6s
epoch   17250  HO=0.0609  meanSteps=   575.7  copy=0.397  A(t)=293  sim=165.1s
epoch   17300  HO=0.0576  meanSteps=   578.0  copy=0.395  A(t)=293  sim=165.6s
epoch   17350  HO=0.0596  meanSteps=   575.4  copy=0.397  A(t)=293  sim=166.1s
epoch   17400  HO=0.0589  meanSteps=   579.9  copy=0.399  A(t)=293  sim=166.6s
epoch   17450  HO=0.0618  meanSteps=   581.3  copy=0.398  A(t)=293  sim=167.1s
epoch   17500  HO=0.0609  meanSteps=   570.3  copy=0.401  A(t)=293  sim=167.6s
epoch   17550  HO=0.0655  meanSteps=   580.8  copy=0.401  A(t)=293  sim=168.1s
epoch   17600  HO=0.0656  meanSteps=   576.2  copy=0.401  A(t)=293  sim=168.6s
epoch   17650  HO=0.0699  meanSteps=   582.7  copy=0.401  A(t)=293  sim=169.1s
epoch   17700  HO=0.0710  meanSteps=   591.3  copy=0.401  A(t)=293  sim=169.6s
epoch   17750  HO=0.0710  meanSteps=   585.7  copy=0.403  A(t)=293  sim=170.0s
epoch   17800  HO=0.0694  meanSteps=   581.3  copy=0.403  A(t)=293  sim=170.5s
epoch   17850  HO=0.0709  meanSteps=   586.4  copy=0.400  A(t)=293  sim=171.0s
epoch   17900  HO=0.0726  meanSteps=   595.0  copy=0.398  A(t)=293  sim=171.5s
epoch   17950  HO=0.0718  meanSteps=   588.6  copy=0.401  A(t)=293  sim=172.0s
epoch   18000  HO=0.0730  meanSteps=   596.6  copy=0.397  A(t)=295  sim=172.5s
epoch   18050  HO=0.0751  meanSteps=   608.6  copy=0.402  A(t)=295  sim=173.0s
epoch   18100  HO=0.0758  meanSteps=   607.6  copy=0.401  A(t)=295  sim=173.5s
epoch   18150  HO=0.0749  meanSteps=   617.2  copy=0.404  A(t)=295  sim=174.0s
epoch   18200  HO=0.0740  meanSteps=   618.9  copy=0.402  A(t)=295  sim=174.5s
epoch   18250  HO=0.0744  meanSteps=   623.3  copy=0.400  A(t)=295  sim=175.0s
epoch   18300  HO=0.0744  meanSteps=   615.7  copy=0.401  A(t)=295  sim=175.6s
epoch   18350  HO=0.0755  meanSteps=   610.8  copy=0.402  A(t)=295  sim=176.1s
epoch   18400  HO=0.0737  meanSteps=   606.7  copy=0.403  A(t)=295  sim=176.6s
epoch   18450  HO=0.0743  meanSteps=   602.4  copy=0.402  A(t)=295  sim=177.1s
epoch   18500  HO=0.0743  meanSteps=   597.7  copy=0.401  A(t)=295  sim=177.6s
epoch   18550  HO=0.0747  meanSteps=   599.9  copy=0.399  A(t)=295  sim=178.0s
epoch   18600  HO=0.0773  meanSteps=   609.3  copy=0.399  A(t)=295  sim=178.6s
epoch   18650  HO=0.0774  meanSteps=   610.1  copy=0.398  A(t)=295  sim=179.1s
epoch   18700  HO=0.0785  meanSteps=   609.9  copy=0.397  A(t)=295  sim=179.6s
epoch   18750  HO=0.0786  meanSteps=   599.8  copy=0.395  A(t)=295  sim=180.1s
epoch   18800  HO=0.0755  meanSteps=   597.1  copy=0.396  A(t)=295  sim=180.6s
epoch   18850  HO=0.0750  meanSteps=   604.2  copy=0.393  A(t)=295  sim=181.0s
epoch   18900  HO=0.0731  meanSteps=   609.6  copy=0.392  A(t)=295  sim=181.5s
epoch   18950  HO=0.0712  meanSteps=   598.2  copy=0.394  A(t)=295  sim=182.0s
epoch   19000  HO=0.0721  meanSteps=   594.5  copy=0.395  A(t)=295  sim=182.5s
epoch   19050  HO=0.0763  meanSteps=   591.6  copy=0.393  A(t)=297  sim=183.0s
epoch   19100  HO=0.0772  meanSteps=   599.5  copy=0.393  A(t)=297  sim=183.5s
epoch   19150  HO=0.0773  meanSteps=   584.9  copy=0.393  A(t)=297  sim=184.0s
epoch   19200  HO=0.0784  meanSteps=   592.0  copy=0.392  A(t)=297  sim=184.4s
epoch   19250  HO=0.0812  meanSteps=   591.0  copy=0.392  A(t)=297  sim=185.0s
epoch   19300  HO=0.0756  meanSteps=   587.4  copy=0.394  A(t)=297  sim=185.6s
epoch   19350  HO=0.0785  meanSteps=   588.5  copy=0.399  A(t)=297  sim=186.0s
epoch   19400  HO=0.0763  meanSteps=   572.5  copy=0.397  A(t)=297  sim=186.5s
epoch   19450  HO=0.0763  meanSteps=   570.0  copy=0.398  A(t)=297  sim=187.0s
epoch   19500  HO=0.0792  meanSteps=   581.7  copy=0.396  A(t)=297  sim=187.5s
epoch   19550  HO=0.0816  meanSteps=   581.3  copy=0.395  A(t)=297  sim=188.0s
epoch   19600  HO=0.0808  meanSteps=   570.8  copy=0.397  A(t)=297  sim=188.5s
epoch   19650  HO=0.0800  meanSteps=   580.6  copy=0.395  A(t)=297  sim=189.0s
epoch   19700  HO=0.0835  meanSteps=   575.9  copy=0.394  A(t)=297  sim=189.5s
epoch   19750  HO=0.0808  meanSteps=   578.8  copy=0.390  A(t)=297  sim=189.9s
epoch   19800  HO=0.0815  meanSteps=   577.4  copy=0.390  A(t)=297  sim=190.4s
epoch   19850  HO=0.0837  meanSteps=   577.2  copy=0.389  A(t)=297  sim=190.9s
epoch   19900  HO=0.0839  meanSteps=   584.3  copy=0.391  A(t)=297  sim=191.4s
epoch   19950  HO=0.0847  meanSteps=   567.3  copy=0.390  A(t)=297  sim=191.8s
epoch   20000  HO=0.0834  meanSteps=   566.2  copy=0.391  A(t)=297  sim=192.3s
done: 20000 epochs in 264.6s wall (192.3s simulating), runs/blocks_d2_s2
