epoch       0  HO=-0.0005  meanSteps=     0.0  copy=0.000  A(t)=0  sim=0.0s
epoch      50  HO=-0.0010  meanSteps=   593.0  copy=0.514  A(t)=0  sim=0.6s
epoch     100  HO=0.0741  meanSteps=   575.0  copy=0.500  A(t)=0  sim=1.3s
epoch     150  HO=0.0899  meanSteps=   584.4  copy=0.492  A(t)=0  sim=1.9s
epoch     200  HO=0.1007  meanSteps=   577.4  copy=0.487  A(t)=0  sim=2.6s
epoch     250  HO=0.1149  meanSteps=   581.2  copy=0.486  A(t)=0  sim=3.2s
epoch     300  HO=0.1245  meanSteps=   586.7  copy=0.480  A(t)=85  sim=3.8s
epoch     350  HO=0.1378  meanSteps=   588.1  copy=0.476  A(t)=98  sim=4.6s
epoch     400  HO=0.1502  meanSteps=   594.2  copy=0.478  A(t)=108  sim=5.5s
epoch     450  HO=0.1555  meanSteps=   574.6  copy=0.470  A(t)=117  sim=6.3s
epoch     500  HO=0.1652  meanSteps=   595.4  copy=0.463  A(t)=134  sim=6.9s
epoch     550  HO=0.1721  meanSteps=   579.5  copy=0.462  A(t)=139  sim=7.6s
epoch     600  HO=0.1794  meanSteps=   584.9  copy=0.460  A(t)=145  sim=8.2s
epoch     650  HO=0.1866  meanSteps=   584.4  copy=0.457  A(t)=154  sim=9.0s
epoch     700  HO=0.1906  meanSteps=   587.0  copy=0.455  A(t)=159  sim=9.9s
epoch     750  HO=0.2016  meanSteps=   592.7  copy=0.449  A(t)=162  sim=10.5s
epoch     800  HO=0.2068  meanSteps=   600.3  copy=0.453  A(t)=173  sim=11.3s
epoch     850  HO=0.2162  meanSteps=   602.8  copy=0.449  A(t)=175  sim=12.0s
epoch     900  HO=0.2184  meanSteps=   594.2  copy=0.448  A(t)=179  sim=12.7s
epoch     950  HO=0.2219  meanSteps=   593.6  copy=0.451  A(t)=183  sim=13.4s
epoch    1000  HO=0.2363  meanSteps=   589.9  copy=0.448  A(t)=190  sim=14.1s
epoch    1050  HO=0.2375  meanSteps=   596.9  copy=0.446  A(t)=190  sim=15.1s
epoch    1100  HO=0.2484  meanSteps=   590.1  copy=0.444  A(t)=195  sim=15.8s
epoch    1150  HO=0.2456  meanSteps=   596.3  copy=0.443  A(t)=200  sim=16.4s
epoch    1200  HO=0.2448  meanSteps=   595.5  copy=0.442  A(t)=205  sim=17.1s
epoch    1250  HO=0.2421  meanSteps=   587.8  copy=0.439  A(t)=210  sim=17.8s
epoch    1300  HO=0.2427  meanSteps=   588.7  copy=0.439  A(t)=212  sim=18.6s
epoch    1350  HO=0.2565  meanSteps=   598.7  copy=0.436  A(t)=216  sim=19.2s
epoch    1400  HO=0.2563  meanSteps=   595.3  copy=0.437  A(t)=217  sim=19.9s
epoch    1450  HO=0.2648  meanSteps=   588.8  copy=0.434  A(t)=220  sim=20.6s
epoch    1500  HO=0.2696  meanSteps=   590.8  copy=0.437  A(t)=221  sim=21.2s
epoch    1550  HO=0.2731  meanSteps=   578.9  copy=0.434  A(t)=223  sim=21.9s
epoch    1600  HO=0.2862  meanSteps=   583.3  copy=0.437  A(t)=225  sim=22.7s
epoch    1650  HO=0.2893  meanSteps=   576.5  copy=0.435  A(t)=225  sim=23.4s
epoch    1700  HO=0.2869  meanSteps=   584.6  copy=0.432  A(t)=227  sim=24.3s
epoch    1750  HO=0.2857  meanSteps=   573.5  copy=0.435  A(t)=231  sim=25.0s
epoch    1800  HO=0.2747  meanSteps=   572.3  copy=0.436  A(t)=232  sim=25.7s
epoch    1850  HO=0.2787  meanSteps=   564.7  copy=0.436  A(t)=234  sim=26.3s
epoch    1900  HO=0.2749  meanSteps=   556.9  copy=0.436  A(t)=234  sim=26.8s
epoch    1950  HO=0.2866  meanSteps=   545.5  copy=0.436  A(t)=236  sim=27.6s
epoch    2000  HO=0.2797  meanSteps=   546.8  copy=0.439  A(t)=236  sim=28.3s
epoch    2050  HO=0.2784  meanSteps=   548.2  copy=0.436  A(t)=237  sim=29.0s
epoch    2100  HO=0.2765  meanSteps=   570.2  copy=0.437  A(t)=242  sim=29.7s
epoch    2150  HO=0.2805  meanSteps=   565.5  copy=0.436  A(t)=244  sim=30.5s
epoch    2200  HO=0.2852  meanSteps=   549.5  copy=0.439  A(t)=245  sim=31.2s
epoch    2250  HO=0.2835  meanSteps=   546.8  copy=0.439  A(t)=247  sim=31.8s
epoch    2300  HO=0.2764  meanSteps=   549.5  copy=0.436  A(t)=247  sim=32.4s
epoch    2350  HO=0.2748  meanSteps=   548.1  copy=0.434  A(t)=248  sim=33.1s
epoch    2400  HO=0.2746  meanSteps=   534.9  copy=0.435  A(t)=248  sim=33.7s
epoch    2450  HO=0.2920  meanSteps=   522.4  copy=0.437  A(t)=250  sim=34.3s
epoch    2500  HO=0.3033  meanSteps=   523.7  copy=0.434  A(t)=253  sim=34.9s
epoch    2550  HO=0.3060  meanSteps=   516.1  copy=0.435  A(t)=255  sim=35.4s
epoch    2600  HO=0.3047  meanSteps=   509.3  copy=0.432  A(t)=256  sim=36.0s
epoch    2650  HO=0.3013  meanSteps=   502.0  copy=0.430  A(t)=263  sim=36.7s
epoch    2700  HO=0.2994  meanSteps=   508.3  copy=0.429  A(t)=265  sim=37.3s
epoch    2750  HO=0.3040  meanSteps=   509.1  copy=0.431  A(t)=265  sim=37.8s
epoch    2800  HO=0.3114  meanSteps=   507.2  copy=0.431  A(t)=268  sim=38.4s
epoch    2850  HO=0.3311  meanSteps=   498.7  copy=0.434  A(t)=269  sim=39.1s
epoch    2900  HO=0.3235  meanSteps=   490.1  copy=0.435  A(t)=269  sim=39.8s
epoch    2950  HO=0.3248  meanSteps=   485.3  copy=0.435  A(t)=269  sim=40.3s
epoch    3000  HO=0.3171  meanSteps=   494.7  copy=0.438  A(t)=271  sim=40.9s
epoch    3050  HO=0.3211  meanSteps=   497.6  copy=0.436  A(t)=271  sim=41.6s
epoch    3100  HO=0.3194  meanSteps=   501.6  copy=0.434  A(t)=271  sim=42.6s
epoch    3150  HO=0.3132  meanSteps=   499.5  copy=0.430  A(t)=271  sim=43.2s
epoch    3200  HO=0.3185  meanSteps=   499.9  copy=0.433  A(t)=271  sim=44.0s
epoch    3250  HO=0.3203  meanSteps=   507.1  copy=0.430  A(t)=271  sim=44.7s
epoch    3300  HO=0.3156  meanSteps=   518.2  copy=0.428  A(t)=272  sim=45.3s
epoch    3350  HO=0.3082  meanSteps=   517.4  copy=0.428  A(t)=272  sim=46.0s
epoch    3400  HO=0.3097  meanSteps=   524.7  copy=0.425  A(t)=273  sim=46.8s
epoch    3450  HO=0.3028  meanSteps=   516.1  copy=0.425  A(t)=273  sim=47.4s
epoch    3500  HO=0.3005  meanSteps=   521.2  copy=0.430  A(t)=273  sim=48.1s
epoch    3550  HO=0.2939  meanSteps=   523.9  copy=0.429  A(t)=273  sim=48.6s
epoch    3600  HO=0.3031  meanSteps=   517.9  copy=0.430  A(t)=276  sim=49.4s
epoch    3650  HO=0.3036  meanSteps=   507.0  copy=0.431  A(t)=276  sim=50.1s
epoch    3700  HO=0.3045  meanSteps=   524.3  copy=0.432  A(t)=276  sim=50.7s
epoch    3750  HO=0.3049  meanSteps=   504.0  copy=0.433  A(t)=276  sim=51.2s
epoch    3800  HO=0.2994  meanSteps=   512.0  copy=0.429  A(t)=279  sim=51.8s
epoch    3850  HO=0.3072  meanSteps=   513.5  copy=0.432  A(t)=279  sim=52.4s
epoch    3900  HO=0.3078  meanSteps=   517.3  copy=0.434  A(t)=280  sim=53.0s
epoch    3950  HO=0.3058  meanSteps=   511.6  copy=0.431  A(t)=280  sim=53.8s
epoch    4000  HO=0.2931  meanSteps=   517.9  copy=0.432  A(t)=282  sim=54.4s
epoch    4050  HO=0.2950  meanSteps=   510.3  copy=0.428  A(t)=282  sim=55.0s
epoch    4100  HO=0.2924  meanSteps=   524.3  copy=0.430  A(t)=284  sim=55.5s
epoch    4150  HO=0.2923  meanSteps=   514.3  copy=0.430  A(t)=284  sim=56.2s
epoch    4200  HO=0.2909  meanSteps=   510.9  copy=0.431  A(t)=284  sim=56.8s
epoch    4250  HO=0.2885  meanSteps=   516.3  copy=0.428  A(t)=284  sim=57.4s
epoch    4300  HO=0.2952  meanSteps=   514.4  copy=0.426  A(t)=284  sim=58.1s
epoch    4350  HO=0.2988  meanSteps=   507.0  copy=0.425  A(t)=284  sim=58.6s
epoch    4400  HO=0.3024  meanSteps=   506.2  copy=0.429  A(t)=284  sim=59.2s
epoch    4450  HO=0.3036  meanSteps=   498.2  copy=0.426  A(t)=284  sim=59.7s
epoch    4500  HO=0.2976  meanSteps=   488.3  copy=0.430  A(t)=284  sim=60.4s
epoch    4550  HO=0.2910  meanSteps=   498.6  copy=0.432  A(t)=286  sim=61.0s
epoch    4600  HO=0.2925  meanSteps=   491.9  copy=0.429  A(t)=286  sim=61.5s
epoch    4650  HO=0.2885  meanSteps=   504.7  copy=0.431  A(t)=286  sim=62.1s
epoch    4700  HO=0.2861  meanSteps=   503.5  copy=0.430  A(t)=287  sim=62.8s
epoch    4750  HO=0.2879  meanSteps=   506.7  copy=0.430  A(t)=288  sim=63.4s
epoch    4800  HO=0.2838  meanSteps=   513.9  copy=0.430  A(t)=288  sim=64.2s
epoch    4850  HO=0.2852  meanSteps=   514.0  copy=0.429  A(t)=290  sim=64.7s
epoch    4900  HO=0.2831  meanSteps=   520.1  copy=0.428  A(t)=292  sim=65.3s
epoch    4950  HO=0.2844  meanSteps=   530.5  copy=0.430  A(t)=292  sim=66.0s
epoch    5000  HO=0.2820  meanSteps=   517.0  copy=0.430  A(t)=293  sim=66.8s
epoch    5050  HO=0.2739  meanSteps=   529.3  copy=0.430  A(t)=293  sim=67.5s
epoch    5100  HO=0.2746  meanSteps=   539.5  copy=0.428  A(t)=293  sim=68.2s
epoch    5150  HO=0.2807  meanSteps=   525.9  copy=0.431  A(t)=293  sim=68.9s
epoch    5200  HO=0.2819  meanSteps=   520.7  copy=0.431  A(t)=293  sim=69.8s
epoch    5250  HO=0.2820  meanSteps=   541.1  copy=0.428  A(t)=293  sim=70.4s
epoch    5300  HO=0.2905  meanSteps=   543.6  copy=0.432  A(t)=293  sim=71.2s
epoch    5350  HO=0.2988  meanSteps=   537.5  copy=0.432  A(t)=293  sim=71.8s
epoch    5400  HO=0.3024  meanSteps=   552.0  copy=0.432  A(t)=293  sim=72.4s
epoch    5450  HO=0.3082  meanSteps=   546.7  copy=0.434  A(t)=293  sim=73.0s
epoch    5500  HO=0.3027  meanSteps=   549.3  copy=0.440  A(t)=295  sim=73.7s
epoch    5550  HO=0.3091  meanSteps=   552.2  copy=0.441  A(t)=295  sim=74.5s
epoch    5600  HO=0.3087  meanSteps=   552.6  copy=0.443  A(t)=296  sim=75.2s
epoch    5650  HO=0.3082  meanSteps=   555.9  copy=0.443  A(t)=297  sim=75.9s
epoch    5700  HO=0.3210  meanSteps=   565.8  copy=0.443  A(t)=297  sim=76.4s
epoch    5750  HO=0.3255  meanSteps=   564.6  copy=0.442  A(t)=297  sim=77.2s
epoch    5800  HO=0.3243  meanSteps=   566.9  copy=0.445  A(t)=299  sim=77.9s
epoch    5850  HO=0.3241  meanSteps=   554.9  copy=0.446  A(t)=299  sim=78.6s
epoch    5900  HO=0.3176  meanSteps=   542.0  copy=0.446  A(t)=299  sim=79.1s
epoch    5950  HO=0.3107  meanSteps=   544.5  copy=0.442  A(t)=304  sim=79.7s
epoch    6000  HO=0.3119  meanSteps=   539.4  copy=0.443  A(t)=306  sim=80.8s
epoch    6050  HO=0.3177  meanSteps=   548.6  copy=0.444  A(t)=309  sim=81.5s
epoch    6100  HO=0.3165  meanSteps=   554.1  copy=0.448  A(t)=309  sim=82.1s
epoch    6150  HO=0.3120  meanSteps=   553.3  copy=0.444  A(t)=309  sim=82.7s
epoch    6200  HO=0.3161  meanSteps=   548.2  copy=0.445  A(t)=309  sim=83.4s
epoch    6250  HO=0.3183  meanSteps=   551.4  copy=0.451  A(t)=309  sim=84.0s
epoch    6300  HO=0.3167  meanSteps=   568.6  copy=0.448  A(t)=309  sim=84.6s
epoch    6350  HO=0.3352  meanSteps=   553.8  copy=0.449  A(t)=309  sim=85.4s
epoch    6400  HO=0.3427  meanSteps=   556.7  copy=0.447  A(t)=309  sim=86.3s
epoch    6450  HO=0.3445  meanSteps=   563.1  copy=0.453  A(t)=309  sim=87.1s
epoch    6500  HO=0.3413  meanSteps=   556.6  copy=0.453  A(t)=311  sim=87.9s
epoch    6550  HO=0.3565  meanSteps=   573.1  copy=0.457  A(t)=311  sim=88.5s
epoch    6600  HO=0.3648  meanSteps=   568.0  copy=0.454  A(t)=311  sim=89.3s
epoch    6650  HO=0.3661  meanSteps=   571.5  copy=0.454  A(t)=313  sim=89.8s
epoch    6700  HO=0.3596  meanSteps=   582.6  copy=0.456  A(t)=313  sim=90.4s
epoch    6750  HO=0.3539  meanSteps=   576.8  copy=0.457  A(t)=313  sim=91.1s
epoch    6800  HO=0.3508  meanSteps=   587.8  copy=0.455  A(t)=313  sim=91.8s
epoch    6850  HO=0.3481  meanSteps=   578.6  copy=0.454  A(t)=313  sim=92.3s
epoch    6900  HO=0.3526  meanSteps=   595.6  copy=0.454  A(t)=313  sim=93.1s
epoch    6950  HO=0.3549  meanSteps=   595.6  copy=0.451  A(t)=313  sim=93.8s
epoch    7000  HO=0.3440  meanSteps=   581.1  copy=0.450  A(t)=313  sim=94.5s
epoch    7050  HO=0.3503  meanSteps=   581.6  copy=0.446  A(t)=313  sim=95.4s
epoch    7100  HO=0.3378  meanSteps=   589.1  copy=0.445  A(t)=317  sim=96.1s
epoch    7150  HO=0.3285  meanSteps=   587.5  copy=0.444  A(t)=317  sim=96.7s
epoch    7200  HO=0.3357  meanSteps=   590.1  copy=0.447  A(t)=317  sim=97.3s
epoch    7250  HO=0.3269  meanSteps=   599.9  copy=0.447  A(t)=317  sim=98.0s
epoch    7300  HO=0.3253  meanSteps=   592.9  copy=0.451  A(t)=317  sim=98.7s
epoch    7350  HO=0.3198  meanSteps=   604.7  copy=0.444  A(t)=317  sim=99.5s
epoch    7400  HO=0.3101  meanSteps=   597.1  copy=0.441  A(t)=317  sim=100.3s
epoch    7450  HO=0.3021  meanSteps=   595.2  copy=0.438  A(t)=321  sim=101.2s
epoch    7500  HO=0.2947  meanSteps=   600.2  copy=0.438  A(t)=321  sim=102.0s
epoch    7550  HO=0.2881  meanSteps=   594.7  copy=0.441  A(t)=321  sim=102.8s
epoch    7600  HO=0.2878  meanSteps=   598.5  copy=0.440  A(t)=321  sim=103.7s
epoch    7650  HO=0.2908  meanSteps=   602.7  copy=0.439  A(t)=321  sim=104.4s
epoch    7700  HO=0.2900  meanSteps=   612.6  copy=0.443  A(t)=321  sim=105.2s
epoch    7750  HO=0.2872  meanSteps=   608.4  copy=0.441  A(t)=321  sim=106.0s
epoch    7800  HO=0.2889  meanSteps=   613.8  copy=0.436  A(t)=321  sim=106.7s
epoch    7850  HO=0.2890  meanSteps=   612.4  copy=0.437  A(t)=321  sim=107.3s
epoch    7900  HO=0.2912  meanSteps=   608.2  copy=0.437  A(t)=321  sim=108.1s
epoch    7950  HO=0.2864  meanSteps=   614.3  copy=0.434  A(t)=321  sim=108.8s
epoch    8000  HO=0.2922  meanSteps=   619.3  copy=0.435  A(t)=321  sim=109.7s
epoch    8050  HO=0.2896  meanSteps=   612.7  copy=0.432  A(t)=323  sim=110.6s
epoch    8100  HO=0.2876  meanSteps=   611.0  copy=0.433  A(t)=325  sim=111.3s
epoch    8150  HO=0.2890  meanSteps=   597.3  copy=0.429  A(t)=325  sim=112.0s
epoch    8200  HO=0.2848  meanSteps=   613.1  copy=0.430  A(t)=325  sim=112.7s
epoch    8250  HO=0.2808  meanSteps=   608.5  copy=0.431  A(t)=325  sim=113.3s
epoch    8300  HO=0.2841  meanSteps=   603.5  copy=0.435  A(t)=325  sim=114.0s
epoch    8350  HO=0.2983  meanSteps=   603.4  copy=0.436  A(t)=325  sim=114.6s
epoch    8400  HO=0.2891  meanSteps=   596.1  copy=0.437  A(t)=325  sim=115.3s
epoch    8450  HO=0.2909  meanSteps=   596.9  copy=0.437  A(t)=325  sim=116.0s
epoch    8500  HO=0.2907  meanSteps=   594.6  copy=0.438  A(t)=325  sim=116.8s
epoch    8550  HO=0.2984  meanSteps=   612.9  copy=0.440  A(t)=327  sim=117.5s
epoch    8600  HO=0.2958  meanSteps=   604.8  copy=0.442  A(t)=327  sim=118.3s
epoch    8650  HO=0.3057  meanSteps=   618.2  copy=0.443  A(t)=327  sim=119.0s
epoch    8700  HO=0.3032  meanSteps=   624.1  copy=0.446  A(t)=329  sim=119.8s
epoch    8750  HO=0.3110  meanSteps=   623.5  copy=0.446  A(t)=329  sim=120.6s
epoch    8800  HO=0.3143  meanSteps=   613.7  copy=0.447  A(t)=329  sim=121.3s
epoch    8850  HO=0.3112  meanSteps=   610.3  copy=0.448  A(t)=329  sim=122.2s
epoch    8900  HO=0.3195  meanSteps=   622.0  copy=0.452  A(t)=332  sim=122.8s
epoch    8950  HO=0.3248  meanSteps=   623.7  copy=0.453  A(t)=332  sim=123.7s
epoch    9000  HO=0.3174  meanSteps=   629.1  copy=0.456  A(t)=332  sim=124.5s
epoch    9050  HO=0.3115  meanSteps=   628.8  copy=0.456  A(t)=334  sim=125.4s
epoch    9100  HO=0.3033  meanSteps=   606.5  copy=0.455  A(t)=334  sim=126.1s
epoch    9150  HO=0.3003  meanSteps=   609.7  copy=0.456  A(t)=334  sim=126.8s
epoch    9200  HO=0.3067  meanSteps=   605.5  copy=0.457  A(t)=334  sim=127.6s
epoch    9250  HO=0.3111  meanSteps=   614.1  copy=0.461  A(t)=334  sim=128.1s
epoch    9300  HO=0.3102  meanSteps=   621.6  copy=0.459  A(t)=334  sim=129.0s
epoch    9350  HO=0.3104  meanSteps=   607.6  copy=0.459  A(t)=336  sim=129.7s
epoch    9400  HO=0.2970  meanSteps=   607.2  copy=0.457  A(t)=338  sim=130.4s
epoch    9450  HO=0.2903  meanSteps=   599.4  copy=0.455  A(t)=342  sim=131.3s
epoch    9500  HO=0.2904  meanSteps=   596.9  copy=0.457  A(t)=342  sim=132.0s
epoch    9550  HO=0.2911  meanSteps=   591.0  copy=0.456  A(t)=342  sim=132.7s
epoch    9600  HO=0.2853  meanSteps=   588.8  copy=0.453  A(t)=342  sim=133.5s
epoch    9650  HO=0.2860  meanSteps=   594.8  copy=0.451  A(t)=342  sim=134.2s
epoch    9700  HO=0.2847  meanSteps=   586.7  copy=0.454  A(t)=342  sim=134.8s
epoch    9750  HO=0.2803  meanSteps=   585.9  copy=0.453  A(t)=342  sim=135.4s
epoch    9800  HO=0.2945  meanSteps=   580.6  copy=0.456  A(t)=342  sim=136.3s
epoch    9850  HO=0.2950  meanSteps=   603.9  copy=0.451  A(t)=342  sim=137.1s
epoch    9900  HO=0.2841  meanSteps=   600.1  copy=0.449  A(t)=342  sim=137.9s
epoch    9950  HO=0.2846  meanSteps=   600.6  copy=0.451  A(t)=342  sim=138.8s
epoch   10000  HO=0.2898  meanSteps=   619.2  copy=0.450  A(t)=342  sim=139.6s
epoch   10050  HO=0.2871  meanSteps=   610.5  copy=0.449  A(t)=342  sim=140.4s
epoch   10100  HO=0.2899  meanSteps=   612.0  copy=0.450  A(t)=342  sim=141.1s
epoch   10150  HO=0.2927  meanSteps=   608.9  copy=0.451  A(t)=342  sim=141.8s
epoch   10200  HO=0.2986  meanSteps=   606.1  copy=0.448  A(t)=342  sim=142.4s
epoch   10250  HO=0.3009  meanSteps=   612.6  copy=0.448  A(t)=342  sim=143.2s
epoch   10300  HO=0.2974  meanSteps=   605.5  copy=0.446  A(t)=342  sim=144.0s
epoch   10350  HO=0.2981  meanSteps=   612.9  copy=0.448  A(t)=342  sim=144.7s
epoch   10400  HO=0.2943  meanSteps=   597.7  copy=0.449  A(t)=344  sim=145.6s
epoch   10450  HO=0.2978  meanSteps=   588.3  copy=0.449  A(t)=345  sim=146.3s
epoch   10500  HO=0.2909  meanSteps=   593.2  copy=0.447  A(t)=347  sim=146.9s
epoch   10550  HO=0.2833  meanSteps=   603.7  copy=0.448  A(t)=347  sim=147.7s
epoch   10600  HO=0.2792  meanSteps=   591.7  copy=0.449  A(t)=347  sim=148.3s
epoch   10650  HO=0.2794  meanSteps=   596.0  copy=0.454  A(t)=347  sim=149.2s
epoch   10700  HO=0.2778  meanSteps=   594.2  copy=0.452  A(t)=347  sim=150.0s
epoch   10750  HO=0.2841  meanSteps=   605.8  copy=0.456  A(t)=347  sim=150.8s
epoch   10800  HO=0.2825  meanSteps=   618.2  copy=0.453  A(t)=350  sim=151.4s
epoch   10850  HO=0.2916  meanSteps=   611.0  copy=0.453  A(t)=350  sim=152.1s
epoch   10900  HO=0.2990  meanSteps=   614.0  copy=0.455  A(t)=350  sim=153.0s
epoch   10950  HO=0.2937  meanSteps=   616.7  copy=0.452  A(t)=350  sim=153.6s
epoch   11000  HO=0.3003  meanSteps=   612.1  copy=0.455  A(t)=350  sim=154.6s
epoch   11050  HO=0.2998  meanSteps=   611.1  copy=0.456  A(t)=350  sim=155.3s
epoch   11100  HO=0.2957  meanSteps=   616.1  copy=0.458  A(t)=354  sim=155.8s
epoch   11150  HO=0.3007  meanSteps=   623.9  copy=0.458  A(t)=354  sim=156.5s
epoch   11200  HO=0.3090  meanSteps=   613.1  copy=0.456  A(t)=354  sim=157.2s
epoch   11250  HO=0.3006  meanSteps=   609.1  copy=0.456  A(t)=356  sim=158.0s
epoch   11300  HO=0.2917  meanSteps=   622.1  copy=0.452  A(t)=356  sim=158.6s
epoch   11350  HO=0.2875  meanSteps=   629.9  copy=0.451  A(t)=356  sim=159.5s
epoch   11400  HO=0.2902  meanSteps=   631.2  copy=0.450  A(t)=358  sim=160.3s
epoch   11450  HO=0.2928  meanSteps=   631.9  copy=0.451  A(t)=358  sim=161.1s
epoch   11500  HO=0.2991  meanSteps=   643.4  copy=0.454  A(t)=362  sim=162.0s
epoch   11550  HO=0.3019  meanSteps=   641.8  copy=0.458  A(t)=362  sim=162.7s
epoch   11600  HO=0.2916  meanSteps=   642.0  copy=0.458  A(t)=362  sim=163.5s
epoch   11650  HO=0.2997  meanSteps=   638.8  copy=0.458  A(t)=362  sim=164.2s
epoch   11700  HO=0.2947  meanSteps=   640.7  copy=0.456  A(t)=364  sim=164.9s
epoch   11750  HO=0.2869  meanSteps=   645.2  copy=0.457  A(t)=371  sim=165.7s
epoch   11800  HO=0.2928  meanSteps=   655.1  copy=0.454  A(t)=372  sim=166.5s
epoch   11850  HO=0.2854  meanSteps=   650.2  copy=0.453  A(t)=372  sim=167.3s
epoch   11900  HO=0.2903  meanSteps=   655.1  copy=0.455  A(t)=372  sim=168.0s
epoch   11950  HO=0.2888  meanSteps=   652.0  copy=0.456  A(t)=372  sim=168.8s
epoch   12000  HO=0.2858  meanSteps=   656.5  copy=0.456  A(t)=372  sim=169.6s
epoch   12050  HO=0.2912  meanSteps=   651.0  copy=0.456  A(t)=372  sim=170.7s
epoch   12100  HO=0.2940  meanSteps=   652.2  copy=0.456  A(t)=374  sim=171.4s
epoch   12150  HO=0.2981  meanSteps=   641.2  copy=0.462  A(t)=374  sim=172.2s
epoch   12200  HO=0.3043  meanSteps=   642.3  copy=0.463  A(t)=374  sim=172.9s
epoch   12250  HO=0.3153  meanSteps=   631.9  copy=0.460  A(t)=374  sim=173.7s
epoch   12300  HO=0.3155  meanSteps=   640.4  copy=0.458  A(t)=374  sim=174.7s
epoch   12350  HO=0.3216  meanSteps=   642.0  copy=0.457  A(t)=374  sim=175.4s
epoch   12400  HO=0.3266  meanSteps=   654.0  copy=0.456  A(t)=374  sim=176.1s
epoch   12450  HO=0.3253  meanSteps=   657.1  copy=0.459  A(t)=376  sim=177.1s
epoch   12500  HO=0.3229  meanSteps=   661.8  copy=0.462  A(t)=376  sim=178.1s
epoch   12550  HO=0.3319  meanSteps=   669.2  copy=0.461  A(t)=376  sim=179.0s
epoch   12600  HO=0.3426  meanSteps=   666.2  copy=0.463  A(t)=376  sim=179.8s
epoch   12650  HO=0.3362  meanSteps=   664.8  copy=0.463  A(t)=376  sim=180.5s
epoch   12700  HO=0.3475  meanSteps=   662.5  copy=0.463  A(t)=378  sim=181.4s
epoch   12750  HO=0.3556  meanSteps=   663.8  copy=0.465  A(t)=378  sim=182.2s
epoch   12800  HO=0.3499  meanSteps=   662.7  copy=0.465  A(t)=378  sim=183.0s
epoch   12850  HO=0.3483  meanSteps=   664.6  copy=0.465  A(t)=380  sim=183.8s
epoch   12900  HO=0.3384  meanSteps=   661.7  copy=0.465  A(t)=382  sim=184.7s
epoch   12950  HO=0.3406  meanSteps=   658.1  copy=0.462  A(t)=386  sim=185.4s
epoch   13000  HO=0.3379  meanSteps=   643.6  copy=0.466  A(t)=386  sim=186.2s
epoch   13050  HO=0.3442  meanSteps=   651.4  copy=0.466  A(t)=386  sim=187.1s
epoch   13100  HO=0.3558  meanSteps=   643.1  copy=0.466  A(t)=388  sim=187.9s
epoch   13150  HO=0.3519  meanSteps=   647.9  copy=0.468  A(t)=388  sim=188.7s
epoch   13200  HO=0.3524  meanSteps=   633.2  copy=0.472  A(t)=388  sim=189.5s
epoch   13250  HO=0.3464  meanSteps=   634.0  copy=0.471  A(t)=390  sim=190.3s
epoch   13300  HO=0.3462  meanSteps=   632.4  copy=0.470  A(t)=390  sim=191.0s
epoch   13350  HO=0.3472  meanSteps=   634.9  copy=0.470  A(t)=392  sim=191.9s
epoch   13400  HO=0.3395  meanSteps=   638.4  copy=0.467  A(t)=392  sim=192.6s
epoch   13450  HO=0.3415  meanSteps=   650.6  copy=0.466  A(t)=395  sim=193.4s
epoch   13500  HO=0.3398  meanSteps=   650.2  copy=0.467  A(t)=395  sim=194.3s
epoch   13550  HO=0.3426  meanSteps=   638.6  copy=0.466  A(t)=395  sim=195.0s
epoch   13600  HO=0.3377  meanSteps=   630.9  copy=0.465  A(t)=395  sim=195.7s
epoch   13650  HO=0.3355  meanSteps=   625.7  copy=0.465  A(t)=395  sim=196.5s
epoch   13700  HO=0.3255  meanSteps=   621.1  copy=0.464  A(t)=395  sim=197.2s
epoch   13750  HO=0.3283  meanSteps=   618.2  copy=0.467  A(t)=395  sim=198.2s
epoch   13800  HO=0.3323  meanSteps=   612.3  copy=0.467  A(t)=395  sim=198.9s
epoch   13850  HO=0.3305  meanSteps=   633.9  copy=0.468  A(t)=397  sim=199.7s
epoch   13900  HO=0.3331  meanSteps=   628.3  copy=0.466  A(t)=398  sim=200.4s
epoch   13950  HO=0.3268  meanSteps=   631.0  copy=0.467  A(t)=398  sim=201.2s
epoch   14000  HO=0.3345  meanSteps=   648.6  copy=0.467  A(t)=398  sim=201.9s
epoch   14050  HO=0.3343  meanSteps=   643.7  copy=0.469  A(t)=400  sim=202.5s
epoch   14100  HO=0.3339  meanSteps=   641.2  copy=0.470  A(t)=402  sim=203.2s
epoch   14150  HO=0.3323  meanSteps=   638.0  copy=0.467  A(t)=406  sim=204.0s
epoch   14200  HO=0.3336  meanSteps=   629.4  copy=0.470  A(t)=406  sim=204.9s
epoch   14250  HO=0.3272  meanSteps=   626.9  copy=0.470  A(t)=409  sim=205.6s
epoch   14300  HO=0.3197  meanSteps=   642.1  copy=0.469  A(t)=409  sim=206.3s
epoch   14350  HO=0.3195  meanSteps=   633.5  copy=0.468  A(t)=409  sim=207.2s
epoch   14400  HO=0.3121  meanSteps=   640.1  copy=0.465  A(t)=409  sim=207.9s
epoch   14450  HO=0.3113  meanSteps=   637.0  copy=0.464  A(t)=409  sim=208.7s
epoch   14500  HO=0.3100  meanSteps=   636.8  copy=0.463  A(t)=411  sim=209.5s
epoch   14550  HO=0.3167  meanSteps=   633.2  copy=0.462  A(t)=411  sim=210.5s
epoch   14600  HO=0.3180  meanSteps=   634.9  copy=0.461  A(t)=411  sim=211.5s
epoch   14650  HO=0.3154  meanSteps=   621.0  copy=0.459  A(t)=411  sim=212.2s
epoch   14700  HO=0.3160  meanSteps=   620.4  copy=0.459  A(t)=415  sim=213.0s
epoch   14750  HO=0.3129  meanSteps=   618.5  copy=0.462  A(t)=415  sim=213.8s
epoch   14800  HO=0.3056  meanSteps=   620.2  copy=0.462  A(t)=415  sim=214.7s
epoch   14850  HO=0.3052  meanSteps=   631.7  copy=0.457  A(t)=416  sim=215.4s
epoch   14900  HO=0.3081  meanSteps=   639.1  copy=0.455  A(t)=420  sim=216.4s
epoch   14950  HO=0.3069  meanSteps=   643.0  copy=0.456  A(t)=420  sim=217.2s
epoch   15000  HO=0.3046  meanSteps=   638.5  copy=0.459  A(t)=420  sim=217.9s
epoch   15050  HO=0.3044  meanSteps=   640.1  copy=0.457  A(t)=420  sim=218.8s
epoch   15100  HO=0.3234  meanSteps=   654.0  copy=0.457  A(t)=420  sim=219.5s
epoch   15150  HO=0.3284  meanSteps=   638.2  copy=0.458  A(t)=423  sim=220.2s
epoch   15200  HO=0.3353  meanSteps=   649.3  copy=0.463  A(t)=425  sim=221.0s
epoch   15250  HO=0.3294  meanSteps=   641.1  copy=0.461  A(t)=425  sim=221.9s
epoch   15300  HO=0.3285  meanSteps=   650.9  copy=0.460  A(t)=425  sim=222.5s
epoch   15350  HO=0.3329  meanSteps=   644.0  copy=0.460  A(t)=425  sim=223.2s
epoch   15400  HO=0.3297  meanSteps=   655.4  copy=0.458  A(t)=425  sim=224.0s
epoch   15450  HO=0.3341  meanSteps=   665.7  copy=0.461  A(t)=427  sim=224.6s
epoch   15500  HO=0.3329  meanSteps=   669.9  copy=0.462  A(t)=429  sim=225.3s
epoch   15550  HO=0.3326  meanSteps=   673.5  copy=0.458  A(t)=429  sim=226.2s
epoch   15600  HO=0.3393  meanSteps=   673.0  copy=0.461  A(t)=429  sim=227.1s
epoch   15650  HO=0.3349  meanSteps=   669.9  copy=0.462  A(t)=429  sim=227.9s
epoch   15700  HO=0.3387  meanSteps=   667.9  copy=0.466  A(t)=429  sim=228.9s
epoch   15750  HO=0.3432  meanSteps=   671.1  copy=0.466  A(t)=431  sim=229.6s
epoch   15800  HO=0.3449  meanSteps=   657.8  copy=0.468  A(t)=431  sim=230.3s
epoch   15850  HO=0.3431  meanSteps=   647.2  copy=0.466  A(t)=434  sim=231.1s
epoch   15900  HO=0.3363  meanSteps=   660.5  copy=0.463  A(t)=436  sim=232.0s
epoch   15950  HO=0.3330  meanSteps=   634.8  copy=0.465  A(t)=438  sim=232.7s
epoch   16000  HO=0.3320  meanSteps=   648.6  copy=0.464  A(t)=438  sim=233.7s
epoch   16050  HO=0.3281  meanSteps=   647.6  copy=0.466  A(t)=438  sim=234.5s
epoch   16100  HO=0.3349  meanSteps=   647.9  copy=0.461  A(t)=438  sim=235.3s
epoch   16150  HO=0.3360  meanSteps=   646.2  copy=0.464  A(t)=439  sim=236.1s
epoch   16200  HO=0.3293  meanSteps=   644.3  copy=0.462  A(t)=439  sim=236.9s
epoch   16250  HO=0.3239  meanSteps=   652.4  copy=0.459  A(t)=439  sim=237.6s
epoch   16300  HO=0.3309  meanSteps=   654.5  copy=0.459  A(t)=442  sim=238.4s
epoch   16350  HO=0.3324  meanSteps=   661.5  copy=0.458  A(t)=445  sim=239.1s
epoch   16400  HO=0.3295  meanSteps=   662.4  copy=0.460  A(t)=445  sim=239.8s
epoch   16450  HO=0.3328  meanSteps=   648.4  copy=0.463  A(t)=445  sim=240.5s
epoch   16500  HO=0.3383  meanSteps=   657.4  copy=0.466  A(t)=445  sim=241.3s
epoch   16550  HO=0.3463  meanSteps=   659.2  copy=0.465  A(t)=451  sim=242.1s
epoch   16600  HO=0.3561  meanSteps=   641.8  copy=0.464  A(t)=462  sim=242.8s
epoch   16650  HO=0.3523  meanSteps=   643.3  copy=0.462  A(t)=462  sim=243.5s
epoch   16700  HO=0.3457  meanSteps=   624.2  copy=0.460  A(t)=462  sim=244.2s
epoch   16750  HO=0.3415  meanSteps=   616.6  copy=0.461  A(t)=462  sim=244.9s
epoch   16800  HO=0.3375  meanSteps=   626.4  copy=0.456  A(t)=464  sim=245.8s
epoch   16850  HO=0.3302  meanSteps=   629.1  copy=0.462  A(t)=471  sim=246.5s
epoch   16900  HO=0.3319  meanSteps=   631.1  copy=0.463  A(t)=473  sim=247.2s
epoch   16950  HO=0.3283  meanSteps=   631.8  copy=0.465  A(t)=474  sim=247.9s
epoch   17000  HO=0.3242  meanSteps=   632.1  copy=0.465  A(t)=474  sim=248.5s
epoch   17050  HO=0.3188  meanSteps=   632.8  copy=0.465  A(t)=474  sim=249.3s
epoch   17100  HO=0.3166  meanSteps=   625.0  copy=0.463  A(t)=474  sim=250.0s
epoch   17150  HO=0.3120  meanSteps=   635.8  copy=0.462  A(t)=474  sim=250.8s
epoch   17200  HO=0.3117  meanSteps=   622.5  copy=0.459  A(t)=474  sim=251.6s
epoch   17250  HO=0.3111  meanSteps=   611.1  copy=0.460  A(t)=474  sim=252.4s
epoch   17300  HO=0.3115  meanSteps=   619.0  copy=0.461  A(t)=474  sim=253.1s
epoch   17350  HO=0.3071  meanSteps=   623.4  copy=0.462  A(t)=474  sim=253.8s
epoch   17400  HO=0.3084  meanSteps=   614.2  copy=0.464  A(t)=474  sim=254.5s
epoch   17450  HO=0.3207  meanSteps=   621.4  copy=0.466  A(t)=476  sim=255.3s
epoch   17500  HO=0.3234  meanSteps=   625.8  copy=0.462  A(t)=476  sim=256.0s
epoch   17550  HO=0.3361  meanSteps=   623.5  copy=0.464  A(t)=476  sim=256.8s
epoch   17600  HO=0.3391  meanSteps=   628.9  copy=0.461  A(t)=476  sim=257.5s
epoch   17650  HO=0.3358  meanSteps=   635.7  copy=0.462  A(t)=479  sim=258.3s
epoch   17700  HO=0.3409  meanSteps=   629.3  copy=0.461  A(t)=479  sim=259.1s
epoch   17750  HO=0.3366  meanSteps=   629.6  copy=0.464  A(t)=479  sim=260.0s
epoch   17800  HO=0.3314  meanSteps=   624.4  copy=0.463  A(t)=483  sim=260.8s
epoch   17850  HO=0.3245  meanSteps=   622.4  copy=0.463  A(t)=483  sim=261.5s
epoch   17900  HO=0.3211  meanSteps=   641.6  copy=0.463  A(t)=485  sim=262.3s
epoch   17950  HO=0.3157  meanSteps=   624.7  copy=0.458  A(t)=487  sim=263.1s
epoch   18000  HO=0.3101  meanSteps=   641.3  copy=0.453  A(t)=487  sim=263.9s
epoch   18050  HO=0.3114  meanSteps=   628.7  copy=0.454  A(t)=487  sim=264.5s
epoch   18100  HO=0.3136  meanSteps=   636.1  copy=0.452  A(t)=489  sim=265.5s
epoch   18150  HO=0.3061  meanSteps=   630.4  copy=0.452  A(t)=489  sim=266.4s
epoch   18200  HO=0.2960  meanSteps=   642.6  copy=0.452  A(t)=489  sim=267.2s
epoch   18250  HO=0.2965  meanSteps=   638.3  copy=0.450  A(t)=489  sim=268.0s
epoch   18300  HO=0.3034  meanSteps=   647.4  copy=0.448  A(t)=489  sim=268.7s
epoch   18350  HO=0.3009  meanSteps=   647.3  copy=0.447  A(t)=489  sim=269.5s
epoch   18400  HO=0.3072  meanSteps=   640.5  copy=0.452  A(t)=489  sim=270.1s
epoch   18450  HO=0.3149  meanSteps=   655.0  copy=0.450  A(t)=489  sim=270.9s
epoch   18500  HO=0.3135  meanSteps=   642.7  copy=0.449  A(t)=489  sim=271.6s
epoch   18550  HO=0.3004  meanSteps=   652.3  copy=0.452  A(t)=489  sim=272.2s
epoch   18600  HO=0.3048  meanSteps=   662.9  copy=0.454  A(t)=493  sim=272.9s
epoch   18650  HO=0.2999  meanSteps=   654.1  copy=0.449  A(t)=493  sim=273.6s
epoch   18700  HO=0.3009  meanSteps=   654.1  copy=0.448  A(t)=493  sim=274.4s
epoch   18750  HO=0.3097  meanSteps=   658.0  copy=0.445  A(t)=493  sim=275.4s
epoch   18800  HO=0.3074  meanSteps=   659.6  copy=0.448  A(t)=493  sim=276.6s
epoch   18850  HO=0.3097  meanSteps=   647.5  copy=0.450  A(t)=499  sim=277.2s
epoch   18900  HO=0.3079  meanSteps=   645.0  copy=0.452  A(t)=499  sim=278.2s
epoch   18950  HO=0.2983  meanSteps=   644.5  copy=0.453  A(t)=499  sim=279.1s
epoch   19000  HO=0.3000  meanSteps=   643.8  copy=0.451  A(t)=499  sim=280.0s
epoch   19050  HO=0.2971  meanSteps=   646.4  copy=0.449  A(t)=499  sim=280.6s
epoch   19100  HO=0.2910  meanSteps=   630.7  copy=0.449  A(t)=499  sim=281.4s
epoch   19150  HO=0.2936  meanSteps=   636.1  copy=0.445  A(t)=501  sim=282.2s
epoch   19200  HO=0.2859  meanSteps=   634.7  copy=0.444  A(t)=501  sim=282.8s
epoch   19250  HO=0.2821  meanSteps=   631.6  copy=0.444  A(t)=501  sim=283.8s
epoch   19300  HO=0.2885  meanSteps=   641.4  copy=0.445  A(t)=501  sim=284.5s
epoch   19350  HO=0.2855  meanSteps=   638.6  copy=0.444  A(t)=501  sim=285.3s
epoch   19400  HO=0.2880  meanSteps=   623.6  copy=0.444  A(t)=501  sim=286.1s
epoch   19450  HO=0.2778  meanSteps=   620.0  copy=0.442  A(t)=501  sim=286.8s
epoch   19500  HO=0.2834  meanSteps=   618.5  copy=0.441  A(t)=501  sim=287.6s
epoch   19550  HO=0.2953  meanSteps=   620.3  copy=0.446  A(t)=501  sim=288.3s
epoch   19600  HO=0.2976  meanSteps=   623.1  copy=0.450  A(t)=501  sim=289.0s
epoch   19650  HO=0.3008  meanSteps=   616.5  copy=0.451  A(t)=501  sim=289.8s
epoch   19700  HO=0.3168  meanSteps=   635.0  copy=0.447  A(t)=501  sim=290.4s
epoch   19750  HO=0.3200  meanSteps=   641.5  copy=0.450  A(t)=501  sim=291.2s
epoch   19800  HO=0.3134  meanSteps=   633.9  copy=0.448  A(t)=501  sim=292.2s
epoch   19850  HO=0.3080  meanSteps=   635.2  copy=0.445  A(t)=509  sim=293.0s
epoch   19900  HO=0.3021  meanSteps=   645.3  copy=0.446  A(t)=513  sim=293.8s
epoch   19950  HO=0.2981  meanSteps=   637.6  copy=0.445  A(t)=515  sim=294.5s
epoch   20000  HO=0.2984  meanSteps=   630.0  copy=0.448  A(t)=515  sim=295.4s
done: 20000 epochs in 397.1s wall (295.4s simulating), runs/blocks_d8_s2
