epoch       0  HO=-0.0001  meanSteps=     0.0  copy=0.000  A(t)=0  sim=0.0s
epoch     250  HO=0.0764  meanSteps=   816.9  copy=0.573  A(t)=0  sim=17.3s
epoch     500  HO=0.0838  meanSteps=   857.3  copy=0.681  A(t)=0  sim=35.6s
epoch     750  HO=0.1091  meanSteps=   852.7  copy=0.760  A(t)=0  sim=54.6s
epoch    1000  HO=0.1184  meanSteps=   869.5  copy=0.793  A(t)=0  sim=74.4s
epoch    1250  HO=0.1294  meanSteps=   908.0  copy=0.802  A(t)=212  sim=94.7s
epoch    1500  HO=0.1172  meanSteps=   962.3  copy=0.790  A(t)=229  sim=116.1s
epoch    1750  HO=0.1229  meanSteps=   959.9  copy=0.773  A(t)=241  sim=137.2s
epoch    2000  HO=0.1320  meanSteps=  1014.1  copy=0.760  A(t)=248  sim=161.1s
epoch    2250  HO=0.1325  meanSteps=  1006.5  copy=0.752  A(t)=264  sim=183.3s
epoch    2500  HO=0.1316  meanSteps=  1006.1  copy=0.745  A(t)=280  sim=206.3s
epoch    2750  HO=0.1535  meanSteps=  1046.8  copy=0.738  A(t)=289  sim=228.9s
epoch    3000  HO=0.1502  meanSteps=  1073.9  copy=0.743  A(t)=295  sim=251.9s
epoch    3250  HO=0.1386  meanSteps=  1066.8  copy=0.743  A(t)=302  sim=276.1s
epoch    3500  HO=0.1417  meanSteps=  1057.8  copy=0.740  A(t)=302  sim=299.4s
epoch    3750  HO=0.1420  meanSteps=  1050.5  copy=0.736  A(t)=305  sim=322.6s
epoch    4000  HO=0.1544  meanSteps=  1080.3  copy=0.741  A(t)=307  sim=345.6s
epoch    4250  HO=0.1507  meanSteps=  1101.5  copy=0.746  A(t)=307  sim=370.0s
epoch    4500  HO=0.1497  meanSteps=  1077.6  copy=0.753  A(t)=307  sim=393.7s
epoch    4750  HO=0.1462  meanSteps=  1057.5  copy=0.755  A(t)=308  sim=416.8s
epoch    5000  HO=0.1527  meanSteps=  1076.4  copy=0.748  A(t)=309  sim=439.9s
epoch    5250  HO=0.1482  meanSteps=  1052.4  copy=0.745  A(t)=310  sim=463.0s
epoch    5500  HO=0.1481  meanSteps=  1074.6  copy=0.745  A(t)=310  sim=485.9s
epoch    5750  HO=0.1355  meanSteps=  1039.2  copy=0.747  A(t)=310  sim=508.4s
epoch    6000  HO=0.1471  meanSteps=  1054.6  copy=0.751  A(t)=310  sim=531.9s
epoch    6250  HO=0.1532  meanSteps=  1080.4  copy=0.753  A(t)=310  sim=556.9s
epoch    6500  HO=0.1344  meanSteps=  1043.4  copy=0.752  A(t)=310  sim=580.3s
epoch    6750  HO=0.1557  meanSteps=  1072.0  copy=0.754  A(t)=311  sim=602.3s
epoch    7000  HO=0.1365  meanSteps=  1033.6  copy=0.765  A(t)=311  sim=619.2s
epoch    7250  HO=0.1368  meanSteps=  1006.8  copy=0.771  A(t)=311  sim=635.9s
epoch    7500  HO=0.1467  meanSteps=  1016.8  copy=0.764  A(t)=311  sim=652.6s
epoch    7750  HO=0.1477  meanSteps=  1046.7  copy=0.765  A(t)=311  sim=669.5s
epoch    8000  HO=0.1464  meanSteps=  1017.1  copy=0.759  A(t)=311  sim=686.4s
epoch    8250  HO=0.1543  meanSteps=  1045.6  copy=0.750  A(t)=311  sim=703.5s
epoch    8500  HO=0.1458  meanSteps=  1054.7  copy=0.752  A(t)=311  sim=720.3s
epoch    8750  HO=0.1551  meanSteps=  1076.9  copy=0.751  A(t)=311  sim=737.5s
epoch    9000  HO=0.1419  meanSteps=  1069.1  copy=0.759  A(t)=311  sim=754.6s
epoch    9250  HO=0.1482  meanSteps=  1024.7  copy=0.759  A(t)=311  sim=771.7s
epoch    9500  HO=0.1526  meanSteps=  1034.7  copy=0.753  A(t)=312  sim=788.2s
epoch    9750  HO=0.1493  meanSteps=  1014.8  copy=0.750  A(t)=312  sim=804.6s
epoch   10000  HO=0.1491  meanSteps=  1001.8  copy=0.748  A(t)=312  sim=821.0s
epoch   10250  HO=0.1556  meanSteps=  1061.5  copy=0.746  A(t)=313  sim=838.0s
epoch   10500  HO=0.1512  meanSteps=  1025.7  copy=0.743  A(t)=313  sim=854.4s
epoch   10750  HO=0.1426  meanSteps=  1025.1  copy=0.745  A(t)=314  sim=871.2s
epoch   11000  HO=0.1504  meanSteps=  1035.9  copy=0.748  A(t)=314  sim=887.9s
epoch   11250  HO=0.1428  meanSteps=  1036.7  copy=0.754  A(t)=315  sim=904.8s
epoch   11500  HO=0.1376  meanSteps=  1038.8  copy=0.753  A(t)=315  sim=921.6s
epoch   11750  HO=0.1434  meanSteps=  1029.3  copy=0.747  A(t)=315  sim=938.2s
epoch   12000  HO=0.1581  meanSteps=  1052.8  copy=0.735  A(t)=315  sim=955.1s
epoch   12250  HO=0.1595  meanSteps=  1078.0  copy=0.739  A(t)=315  sim=972.3s
epoch   12500  HO=0.1586  meanSteps=  1115.7  copy=0.734  A(t)=315  sim=989.8s
epoch   12750  HO=0.1735  meanSteps=  1101.4  copy=0.733  A(t)=315  sim=1007.0s
epoch   13000  HO=0.1560  meanSteps=  1101.0  copy=0.736  A(t)=317  sim=1024.3s
epoch   13250  HO=0.1499  meanSteps=  1061.7  copy=0.745  A(t)=317  sim=1041.2s
epoch   13500  HO=0.1472  meanSteps=  1025.7  copy=0.747  A(t)=317  sim=1057.5s
epoch   13750  HO=0.1568  meanSteps=  1037.2  copy=0.735  A(t)=318  sim=1074.2s
epoch   14000  HO=0.1702  meanSteps=  1065.2  copy=0.731  A(t)=318  sim=1091.1s
epoch   14250  HO=0.1637  meanSteps=  1091.6  copy=0.733  A(t)=318  sim=1108.1s
epoch   14500  HO=0.1589  meanSteps=  1086.2  copy=0.737  A(t)=318  sim=1125.1s
epoch   14750  HO=0.1675  meanSteps=  1108.2  copy=0.740  A(t)=318  sim=1142.2s
epoch   15000  HO=0.1646  meanSteps=  1131.9  copy=0.744  A(t)=318  sim=1159.9s
epoch   15250  HO=0.1642  meanSteps=  1121.9  copy=0.738  A(t)=318  sim=1177.2s
epoch   15500  HO=0.1536  meanSteps=  1097.8  copy=0.744  A(t)=318  sim=1194.4s
epoch   15750  HO=0.1541  meanSteps=  1064.5  copy=0.750  A(t)=318  sim=1211.2s
epoch   16000  HO=0.1639  meanSteps=  1084.6  copy=0.749  A(t)=319  sim=1228.2s
done: 16000 epochs in 1319.1s wall (1228.2s simulating), runs/compat_cubff_s16
