epoch       0  HO=-0.0001  meanSteps=     0.0  copy=0.000  A(t)=0  sim=0.0s
epoch     250  HO=0.3105  meanSteps=   550.6  copy=0.498  A(t)=0  sim=10.1s
epoch     500  HO=0.4452  meanSteps=   532.0  copy=0.486  A(t)=0  sim=19.9s
epoch     750  HO=0.5277  meanSteps=   516.5  copy=0.486  A(t)=0  sim=29.7s
epoch    1000  HO=0.5463  meanSteps=   514.3  copy=0.501  A(t)=0  sim=39.4s
epoch    1250  HO=0.5459  meanSteps=   513.5  copy=0.529  A(t)=263  sim=49.2s
epoch    1500  HO=0.5007  meanSteps=   517.4  copy=0.556  A(t)=276  sim=59.0s
epoch    1750  HO=0.4918  meanSteps=   538.8  copy=0.582  A(t)=287  sim=69.4s
epoch    2000  HO=0.4888  meanSteps=   566.1  copy=0.614  A(t)=296  sim=80.2s
epoch    2250  HO=0.4676  meanSteps=   590.0  copy=0.651  A(t)=311  sim=91.6s
epoch    2500  HO=0.4167  meanSteps=   612.6  copy=0.680  A(t)=317  sim=103.6s
epoch    2750  HO=0.3794  meanSteps=   624.7  copy=0.710  A(t)=321  sim=115.8s
epoch    3000  HO=0.3433  meanSteps=   636.3  copy=0.729  A(t)=329  sim=128.2s
epoch    3250  HO=0.3181  meanSteps=   651.0  copy=0.749  A(t)=335  sim=141.0s
epoch    3500  HO=0.3008  meanSteps=   669.2  copy=0.768  A(t)=338  sim=154.1s
epoch    3750  HO=0.2811  meanSteps=   680.6  copy=0.770  A(t)=338  sim=167.4s
epoch    4000  HO=0.2615  meanSteps=   690.3  copy=0.779  A(t)=342  sim=181.0s
epoch    4250  HO=0.2448  meanSteps=   720.8  copy=0.791  A(t)=344  sim=195.1s
epoch    4500  HO=0.2426  meanSteps=   742.5  copy=0.797  A(t)=344  sim=209.3s
epoch    4750  HO=0.7853  meanSteps=   746.6  copy=0.791  A(t)=344  sim=223.6s
epoch    5000  HO=0.7792  meanSteps=   584.4  copy=0.604  A(t)=346  sim=235.0s
epoch    5250  HO=0.3707  meanSteps=   620.4  copy=0.638  A(t)=347  sim=246.7s
epoch    5500  HO=0.2032  meanSteps=   711.4  copy=0.638  A(t)=349  sim=259.7s
epoch    5750  HO=0.1341  meanSteps=   785.4  copy=0.647  A(t)=540  sim=274.0s
epoch    6000  HO=0.1119  meanSteps=   836.2  copy=0.653  A(t)=837  sim=288.9s
epoch    6250  HO=0.1038  meanSteps=   870.8  copy=0.661  A(t)=861  sim=304.3s
epoch    6500  HO=0.1035  meanSteps=   881.2  copy=0.664  A(t)=864  sim=319.4s
epoch    6750  HO=0.1129  meanSteps=   911.6  copy=0.666  A(t)=867  sim=335.1s
epoch    7000  HO=0.1162  meanSteps=   954.1  copy=0.667  A(t)=869  sim=351.2s
epoch    7250  HO=0.1203  meanSteps=   970.0  copy=0.663  A(t)=875  sim=367.7s
epoch    7500  HO=0.1285  meanSteps=  1002.3  copy=0.660  A(t)=881  sim=384.9s
epoch    7750  HO=0.1354  meanSteps=  1028.9  copy=0.659  A(t)=884  sim=402.2s
epoch    8000  HO=0.1559  meanSteps=  1050.4  copy=0.661  A(t)=888  sim=419.9s
epoch    8250  HO=0.1812  meanSteps=  1058.0  copy=0.658  A(t)=889  sim=437.6s
epoch    8500  HO=0.2075  meanSteps=  1054.5  copy=0.658  A(t)=889  sim=455.3s
epoch    8750  HO=0.2252  meanSteps=  1037.0  copy=0.656  A(t)=891  sim=472.6s
epoch    9000  HO=0.2353  meanSteps=  1002.5  copy=0.649  A(t)=891  sim=489.8s
epoch    9250  HO=0.2460  meanSteps=   983.8  copy=0.646  A(t)=892  sim=506.4s
epoch    9500  HO=0.2398  meanSteps=   965.0  copy=0.641  A(t)=897  sim=522.8s
epoch    9750  HO=0.2445  meanSteps=   936.3  copy=0.637  A(t)=898  sim=538.6s
epoch   10000  HO=0.2537  meanSteps=   912.1  copy=0.633  A(t)=899  sim=554.4s
epoch   10250  HO=0.2420  meanSteps=   883.3  copy=0.631  A(t)=900  sim=569.9s
epoch   10500  HO=0.2369  meanSteps=   864.5  copy=0.631  A(t)=900  sim=585.1s
epoch   10750  HO=0.2326  meanSteps=   849.2  copy=0.635  A(t)=900  sim=600.3s
epoch   11000  HO=0.2237  meanSteps=   831.9  copy=0.641  A(t)=900  sim=615.1s
epoch   11250  HO=0.2168  meanSteps=   812.1  copy=0.643  A(t)=902  sim=629.5s
epoch   11500  HO=0.1978  meanSteps=   811.3  copy=0.638  A(t)=903  sim=644.1s
epoch   11750  HO=0.2004  meanSteps=   815.5  copy=0.634  A(t)=904  sim=658.7s
epoch   12000  HO=0.2054  meanSteps=   807.2  copy=0.639  A(t)=904  sim=673.0s
epoch   12250  HO=0.1965  meanSteps=   803.6  copy=0.649  A(t)=904  sim=687.7s
epoch   12500  HO=0.1960  meanSteps=   795.3  copy=0.659  A(t)=904  sim=702.2s
epoch   12750  HO=0.1885  meanSteps=   792.5  copy=0.670  A(t)=904  sim=716.5s
epoch   13000  HO=0.1839  meanSteps=   785.9  copy=0.690  A(t)=904  sim=730.9s
epoch   13250  HO=0.1774  meanSteps=   784.6  copy=0.703  A(t)=908  sim=745.2s
epoch   13500  HO=0.2051  meanSteps=   782.6  copy=0.716  A(t)=908  sim=759.5s
epoch   13750  HO=0.1980  meanSteps=   789.2  copy=0.730  A(t)=908  sim=773.8s
epoch   14000  HO=0.2172  meanSteps=   795.9  copy=0.742  A(t)=908  sim=788.4s
epoch   14250  HO=0.2057  meanSteps=   802.0  copy=0.743  A(t)=908  sim=803.3s
epoch   14500  HO=0.1997  meanSteps=   804.4  copy=0.747  A(t)=909  sim=818.0s
epoch   14750  HO=0.1935  meanSteps=   803.6  copy=0.753  A(t)=909  sim=832.5s
epoch   15000  HO=0.2361  meanSteps=   828.6  copy=0.753  A(t)=909  sim=847.5s
epoch   15250  HO=0.3801  meanSteps=  1593.4  copy=0.761  A(t)=910  sim=873.7s
epoch   15500  HO=0.3308  meanSteps=  2326.3  copy=0.763  A(t)=910  sim=910.8s
epoch   15750  HO=0.2291  meanSteps=  2419.7  copy=0.755  A(t)=910  sim=949.4s
epoch   16000  HO=0.1474  meanSteps=  2229.0  copy=0.748  A(t)=1007  sim=985.3s
done: 16000 epochs in 1069.7s wall (985.3s simulating), runs/compat_noheads_s106
