epoch       0  HO=-0.0001  meanSteps=     0.0  copy=0.000  A(t)=0  sim=0.0s
epoch     250  HO=0.0754  meanSteps=   817.0  copy=0.563  A(t)=0  sim=13.0s
epoch     500  HO=0.0852  meanSteps=   832.5  copy=0.674  A(t)=0  sim=26.3s
epoch     750  HO=0.1077  meanSteps=   852.3  copy=0.730  A(t)=0  sim=40.0s
epoch    1000  HO=0.1199  meanSteps=   838.0  copy=0.759  A(t)=0  sim=53.5s
epoch    1250  HO=0.1260  meanSteps=   883.6  copy=0.774  A(t)=185  sim=67.8s
epoch    1500  HO=0.1337  meanSteps=   926.7  copy=0.774  A(t)=211  sim=82.3s
epoch    1750  HO=0.1330  meanSteps=   917.2  copy=0.767  A(t)=226  sim=97.2s
epoch    2000  HO=0.1306  meanSteps=   923.4  copy=0.765  A(t)=243  sim=112.5s
epoch    2250  HO=0.1315  meanSteps=   965.3  copy=0.756  A(t)=266  sim=128.2s
epoch    2500  HO=0.1428  meanSteps=  1025.4  copy=0.744  A(t)=293  sim=144.6s
epoch    2750  HO=0.1440  meanSteps=  1034.6  copy=0.745  A(t)=301  sim=161.0s
epoch    3000  HO=0.1406  meanSteps=  1061.4  copy=0.746  A(t)=303  sim=177.9s
epoch    3250  HO=0.1344  meanSteps=  1088.6  copy=0.744  A(t)=307  sim=195.0s
epoch    3500  HO=0.1406  meanSteps=  1054.8  copy=0.739  A(t)=307  sim=211.6s
epoch    3750  HO=0.1487  meanSteps=  1053.6  copy=0.736  A(t)=309  sim=228.5s
epoch    4000  HO=0.1453  meanSteps=  1093.2  copy=0.737  A(t)=311  sim=245.9s
epoch    4250  HO=0.1407  meanSteps=  1074.9  copy=0.732  A(t)=311  sim=262.6s
epoch    4500  HO=0.1411  meanSteps=  1072.1  copy=0.733  A(t)=311  sim=279.6s
epoch    4750  HO=0.1526  meanSteps=  1092.1  copy=0.738  A(t)=311  sim=296.6s
epoch    5000  HO=0.1550  meanSteps=  1111.5  copy=0.738  A(t)=311  sim=313.9s
epoch    5250  HO=0.1563  meanSteps=  1086.1  copy=0.727  A(t)=311  sim=330.8s
epoch    5500  HO=0.1566  meanSteps=  1126.3  copy=0.722  A(t)=311  sim=348.3s
epoch    5750  HO=0.1607  meanSteps=  1128.0  copy=0.721  A(t)=313  sim=365.9s
epoch    6000  HO=0.1517  meanSteps=  1121.2  copy=0.724  A(t)=315  sim=383.3s
epoch    6250  HO=0.1647  meanSteps=  1111.9  copy=0.730  A(t)=315  sim=400.8s
epoch    6500  HO=0.1574  meanSteps=  1089.5  copy=0.740  A(t)=315  sim=417.7s
epoch    6750  HO=0.1546  meanSteps=  1076.9  copy=0.740  A(t)=315  sim=434.4s
epoch    7000  HO=0.1588  meanSteps=  1097.6  copy=0.740  A(t)=315  sim=451.4s
epoch    7250  HO=0.1639  meanSteps=  1119.9  copy=0.738  A(t)=315  sim=469.0s
epoch    7500  HO=0.1617  meanSteps=  1097.9  copy=0.745  A(t)=315  sim=486.6s
epoch    7750  HO=0.1516  meanSteps=  1085.0  copy=0.742  A(t)=315  sim=503.8s
epoch    8000  HO=0.1629  meanSteps=  1087.3  copy=0.736  A(t)=315  sim=521.0s
epoch    8250  HO=3.5747  meanSteps=  2271.1  copy=0.835  A(t)=315  sim=550.6s
epoch    8500  HO=0.2915  meanSteps=  1114.9  copy=0.775  A(t)=315  sim=567.1s
epoch    8750  HO=4.2815  meanSteps=  1606.2  copy=0.786  A(t)=315  sim=589.4s
epoch    9000  HO=4.5556  meanSteps=  2818.5  copy=0.999  A(t)=315  sim=625.1s
epoch    9250  HO=4.8666  meanSteps=  2964.9  copy=0.999  A(t)=315  sim=662.2s
epoch    9500  HO=5.1256  meanSteps=  2857.6  copy=0.999  A(t)=319  sim=698.9s
epoch    9750  HO=5.2982  meanSteps=  2864.6  copy=0.999  A(t)=859  sim=735.7s
takeover detected at epoch 9750; running to 10250
epoch   10000  HO=5.4419  meanSteps=  2750.2  copy=0.999  A(t)=1363  sim=770.9s
epoch   10250  HO=5.5337  meanSteps=  2756.0  copy=0.999  A(t)=1799  sim=806.7s
done: 10250 epochs in 857.4s wall (806.7s simulating), runs/compat_cubff_s20
