epoch       0  HO=-0.0001  meanSteps=     0.0  copy=0.000  A(t)=0  sim=0.0s
epoch     250  HO=0.0828  meanSteps=   831.5  copy=0.565  A(t)=0  sim=20.3s
epoch     500  HO=0.0808  meanSteps=   844.2  copy=0.666  A(t)=0  sim=41.3s
epoch     750  HO=0.1015  meanSteps=   820.2  copy=0.750  A(t)=0  sim=61.8s
epoch    1000  HO=0.1157  meanSteps=   817.5  copy=0.786  A(t)=0  sim=81.7s
epoch    1250  HO=0.1221  meanSteps=   835.9  copy=0.803  A(t)=207  sim=102.6s
epoch    1500  HO=0.1316  meanSteps=   885.5  copy=0.801  A(t)=224  sim=125.0s
epoch    1750  HO=0.1290  meanSteps=   919.9  copy=0.789  A(t)=239  sim=146.9s
epoch    2000  HO=0.1332  meanSteps=   925.9  copy=0.776  A(t)=255  sim=169.4s
epoch    2250  HO=0.1245  meanSteps=   975.1  copy=0.766  A(t)=275  sim=193.7s
epoch    2500  HO=0.1303  meanSteps=   992.7  copy=0.768  A(t)=284  sim=218.3s
epoch    2750  HO=0.1043  meanSteps=   979.5  copy=0.761  A(t)=294  sim=241.8s
epoch    3000  HO=0.1270  meanSteps=  1001.3  copy=0.759  A(t)=295  sim=266.7s
epoch    3250  HO=0.1423  meanSteps=  1054.5  copy=0.754  A(t)=297  sim=290.3s
epoch    3500  HO=0.1330  meanSteps=  1065.0  copy=0.751  A(t)=304  sim=316.3s
epoch    3750  HO=0.1443  meanSteps=  1057.9  copy=0.751  A(t)=304  sim=341.4s
epoch    4000  HO=0.1523  meanSteps=  1081.8  copy=0.743  A(t)=305  sim=366.8s
epoch    4250  HO=0.1563  meanSteps=  1077.6  copy=0.751  A(t)=306  sim=393.7s
epoch    4500  HO=0.1480  meanSteps=  1072.4  copy=0.753  A(t)=308  sim=419.1s
epoch    4750  HO=0.1533  meanSteps=  1100.7  copy=0.742  A(t)=308  sim=445.6s
epoch    5000  HO=0.1480  meanSteps=  1067.2  copy=0.746  A(t)=308  sim=471.9s
epoch    5250  HO=0.1447  meanSteps=  1086.7  copy=0.736  A(t)=309  sim=497.8s
epoch    5500  HO=0.1450  meanSteps=  1079.9  copy=0.740  A(t)=309  sim=523.7s
epoch    5750  HO=0.1475  meanSteps=  1074.0  copy=0.743  A(t)=310  sim=544.7s
epoch    6000  HO=0.1488  meanSteps=  1054.0  copy=0.748  A(t)=310  sim=561.9s
epoch    6250  HO=0.1491  meanSteps=  1087.7  copy=0.740  A(t)=311  sim=579.4s
epoch    6500  HO=0.1477  meanSteps=  1056.3  copy=0.739  A(t)=312  sim=596.5s
epoch    6750  HO=0.1534  meanSteps=  1054.6  copy=0.747  A(t)=312  sim=613.8s
epoch    7000  HO=0.1561  meanSteps=  1070.0  copy=0.749  A(t)=312  sim=631.0s
epoch    7250  HO=0.1724  meanSteps=  1108.8  copy=0.753  A(t)=312  sim=648.8s
epoch    7500  HO=0.1576  meanSteps=  1073.8  copy=0.749  A(t)=312  sim=665.8s
epoch    7750  HO=0.1545  meanSteps=  1057.5  copy=0.746  A(t)=313  sim=682.9s
epoch    8000  HO=0.1447  meanSteps=  1049.0  copy=0.745  A(t)=313  sim=699.5s
epoch    8250  HO=0.1473  meanSteps=  1055.5  copy=0.750  A(t)=313  sim=716.5s
epoch    8500  HO=0.1560  meanSteps=  1033.8  copy=0.746  A(t)=313  sim=733.1s
epoch    8750  HO=0.1389  meanSteps=  1035.6  copy=0.758  A(t)=314  sim=749.9s
epoch    9000  HO=0.1457  meanSteps=  1035.5  copy=0.760  A(t)=314  sim=766.5s
epoch    9250  HO=0.1421  meanSteps=  1057.6  copy=0.754  A(t)=314  sim=783.3s
epoch    9500  HO=4.3102  meanSteps=  2006.3  copy=0.783  A(t)=314  sim=809.8s
epoch    9750  HO=4.3845  meanSteps=  8032.0  copy=0.996  A(t)=314  sim=897.3s
epoch   10000  HO=4.5444  meanSteps=  8097.4  copy=0.997  A(t)=314  sim=985.2s
epoch   10250  HO=4.7440  meanSteps=  8111.7  copy=0.998  A(t)=314  sim=1073.3s
epoch   10500  HO=4.9781  meanSteps=  8117.6  copy=0.998  A(t)=677  sim=1162.0s
takeover detected at epoch 10500; running to 11000
epoch   10750  HO=5.1574  meanSteps=  8136.6  copy=0.999  A(t)=971  sim=1250.8s
epoch   11000  HO=5.3165  meanSteps=  8143.4  copy=0.999  A(t)=1352  sim=1338.7s
done: 11000 epochs in 1403.5s wall (1338.7s simulating), runs/compat_cubff_s22
