epoch       0  HO=-0.0001  meanSteps=     0.0  copy=0.000  A(t)=0  sim=0.0s
epoch     250  HO=0.0830  meanSteps=   823.7  copy=0.573  A(t)=0  sim=13.2s
epoch     500  HO=0.1031  meanSteps=   867.6  copy=0.698  A(t)=0  sim=26.8s
epoch     750  HO=0.1111  meanSteps=   830.9  copy=0.755  A(t)=0  sim=40.3s
epoch    1000  HO=0.1185  meanSteps=   812.6  copy=0.780  A(t)=0  sim=53.7s
epoch    1250  HO=0.1400  meanSteps=   836.2  copy=0.789  A(t)=207  sim=67.1s
epoch    1500  HO=0.1265  meanSteps=   863.1  copy=0.792  A(t)=224  sim=81.3s
epoch    1750  HO=0.1347  meanSteps=   875.4  copy=0.783  A(t)=240  sim=95.5s
epoch    2000  HO=0.1286  meanSteps=   928.0  copy=0.777  A(t)=251  sim=110.2s
epoch    2250  HO=0.1408  meanSteps=   990.0  copy=0.775  A(t)=273  sim=125.9s
epoch    2500  HO=0.1315  meanSteps=  1008.9  copy=0.766  A(t)=289  sim=141.9s
epoch    2750  HO=0.1233  meanSteps=   973.7  copy=0.760  A(t)=293  sim=157.6s
epoch    3000  HO=0.1313  meanSteps=   999.7  copy=0.756  A(t)=295  sim=173.3s
epoch    3250  HO=0.1394  meanSteps=   990.5  copy=0.748  A(t)=300  sim=189.1s
epoch    3500  HO=0.1385  meanSteps=  1005.3  copy=0.744  A(t)=300  sim=205.1s
epoch    3750  HO=0.1420  meanSteps=  1040.9  copy=0.733  A(t)=300  sim=221.6s
epoch    4000  HO=0.1463  meanSteps=  1070.6  copy=0.737  A(t)=303  sim=238.3s
epoch    4250  HO=0.1493  meanSteps=  1095.9  copy=0.740  A(t)=303  sim=255.3s
epoch    4500  HO=0.1525  meanSteps=  1095.9  copy=0.739  A(t)=305  sim=272.3s
epoch    4750  HO=0.1495  meanSteps=  1038.4  copy=0.738  A(t)=306  sim=288.7s
epoch    5000  HO=0.1407  meanSteps=  1019.5  copy=0.736  A(t)=311  sim=305.0s
epoch    5250  HO=0.1452  meanSteps=  1032.5  copy=0.740  A(t)=311  sim=321.4s
epoch    5500  HO=0.1390  meanSteps=  1039.3  copy=0.746  A(t)=313  sim=337.9s
epoch    5750  HO=0.1467  meanSteps=  1045.2  copy=0.746  A(t)=314  sim=354.4s
epoch    6000  HO=0.1519  meanSteps=  1052.6  copy=0.758  A(t)=314  sim=371.1s
epoch    6250  HO=0.1470  meanSteps=  1068.8  copy=0.753  A(t)=314  sim=388.0s
epoch    6500  HO=0.1448  meanSteps=  1068.0  copy=0.763  A(t)=314  sim=404.9s
epoch    6750  HO=0.1508  meanSteps=  1033.1  copy=0.757  A(t)=314  sim=421.3s
epoch    7000  HO=0.1482  meanSteps=  1044.5  copy=0.747  A(t)=314  sim=438.2s
epoch    7250  HO=0.1544  meanSteps=  1025.8  copy=0.748  A(t)=314  sim=454.3s
epoch    7500  HO=0.1506  meanSteps=  1073.1  copy=0.747  A(t)=316  sim=471.3s
epoch    7750  HO=0.1452  meanSteps=  1098.5  copy=0.749  A(t)=316  sim=488.9s
epoch    8000  HO=0.1504  meanSteps=  1074.2  copy=0.754  A(t)=316  sim=505.9s
epoch    8250  HO=0.1521  meanSteps=  1055.5  copy=0.751  A(t)=316  sim=522.6s
epoch    8500  HO=0.1676  meanSteps=  1109.1  copy=0.750  A(t)=317  sim=540.3s
epoch    8750  HO=0.1493  meanSteps=  1105.3  copy=0.742  A(t)=317  sim=557.6s
epoch    9000  HO=0.1671  meanSteps=  1071.3  copy=0.744  A(t)=317  sim=574.3s
epoch    9250  HO=0.1570  meanSteps=  1034.5  copy=0.744  A(t)=317  sim=591.0s
epoch    9500  HO=3.5641  meanSteps=  1802.8  copy=0.801  A(t)=317  sim=616.0s
epoch    9750  HO=4.0647  meanSteps=  5794.5  copy=0.992  A(t)=317  sim=684.1s
epoch   10000  HO=4.3358  meanSteps=  7893.2  copy=1.000  A(t)=317  sim=773.8s
epoch   10250  HO=4.5478  meanSteps=  7974.2  copy=1.000  A(t)=317  sim=864.8s
epoch   10500  HO=4.7161  meanSteps=  8024.7  copy=0.999  A(t)=412  sim=956.0s
takeover detected at epoch 10500; running to 11000
epoch   10750  HO=4.8998  meanSteps=  8090.7  copy=1.000  A(t)=979  sim=1047.9s
epoch   11000  HO=5.1015  meanSteps=  8146.9  copy=1.000  A(t)=1280  sim=1140.8s
done: 11000 epochs in 1198.0s wall (1140.8s simulating), runs/compat_cubff_s11
