epoch       0  HO=-0.0001  meanSteps=     0.0  copy=0.000  A(t)=0  sim=0.0s
epoch     250  HO=0.0850  meanSteps=   807.9  copy=0.568  A(t)=0  sim=18.5s
epoch     500  HO=0.0752  meanSteps=   812.5  copy=0.671  A(t)=0  sim=37.0s
epoch     750  HO=0.0863  meanSteps=   786.0  copy=0.735  A(t)=0  sim=54.9s
epoch    1000  HO=0.1048  meanSteps=   782.7  copy=0.766  A(t)=0  sim=72.9s
epoch    1250  HO=0.1315  meanSteps=   811.5  copy=0.773  A(t)=179  sim=91.5s
epoch    1500  HO=0.1203  meanSteps=   885.8  copy=0.775  A(t)=197  sim=111.5s
epoch    1750  HO=0.1341  meanSteps=   907.1  copy=0.776  A(t)=226  sim=131.4s
epoch    2000  HO=0.1312  meanSteps=   941.6  copy=0.767  A(t)=251  sim=153.4s
epoch    2250  HO=0.1312  meanSteps=   976.8  copy=0.759  A(t)=274  sim=174.7s
epoch    2500  HO=0.1331  meanSteps=  1000.0  copy=0.754  A(t)=282  sim=196.3s
epoch    2750  HO=0.1378  meanSteps=   999.4  copy=0.758  A(t)=290  sim=219.0s
epoch    3000  HO=0.1359  meanSteps=  1022.6  copy=0.756  A(t)=292  sim=241.9s
epoch    3250  HO=0.1442  meanSteps=  1047.0  copy=0.746  A(t)=297  sim=264.4s
epoch    3500  HO=0.1428  meanSteps=  1098.5  copy=0.744  A(t)=299  sim=288.0s
epoch    3750  HO=0.1427  meanSteps=  1090.2  copy=0.747  A(t)=302  sim=313.1s
epoch    4000  HO=0.1356  meanSteps=  1075.9  copy=0.746  A(t)=305  sim=336.9s
epoch    4250  HO=0.1498  meanSteps=  1062.1  copy=0.746  A(t)=311  sim=360.7s
epoch    4500  HO=0.1529  meanSteps=  1089.1  copy=0.746  A(t)=311  sim=385.2s
epoch    4750  HO=0.1609  meanSteps=  1082.6  copy=0.735  A(t)=311  sim=403.8s
epoch    5000  HO=0.1486  meanSteps=  1057.1  copy=0.735  A(t)=311  sim=420.9s
epoch    5250  HO=0.1542  meanSteps=  1110.7  copy=0.745  A(t)=311  sim=438.7s
epoch    5500  HO=0.1549  meanSteps=  1110.5  copy=0.751  A(t)=311  sim=456.3s
epoch    5750  HO=0.1553  meanSteps=  1066.7  copy=0.743  A(t)=311  sim=473.6s
epoch    6000  HO=0.1526  meanSteps=  1043.8  copy=0.749  A(t)=311  sim=490.6s
epoch    6250  HO=0.1503  meanSteps=  1062.5  copy=0.749  A(t)=312  sim=508.1s
epoch    6500  HO=0.1450  meanSteps=  1043.3  copy=0.750  A(t)=312  sim=525.1s
epoch    6750  HO=0.1480  meanSteps=  1070.2  copy=0.744  A(t)=312  sim=541.9s
epoch    7000  HO=0.1525  meanSteps=  1049.9  copy=0.743  A(t)=312  sim=558.5s
epoch    7250  HO=0.1440  meanSteps=  1057.9  copy=0.740  A(t)=312  sim=575.6s
epoch    7500  HO=0.1369  meanSteps=  1059.6  copy=0.749  A(t)=312  sim=592.5s
epoch    7750  HO=0.1457  meanSteps=  1069.1  copy=0.748  A(t)=312  sim=609.6s
epoch    8000  HO=0.1431  meanSteps=  1074.1  copy=0.741  A(t)=312  sim=626.6s
epoch    8250  HO=0.1521  meanSteps=  1067.1  copy=0.750  A(t)=312  sim=643.8s
epoch    8500  HO=0.1411  meanSteps=  1084.5  copy=0.746  A(t)=312  sim=661.1s
epoch    8750  HO=0.1551  meanSteps=  1105.2  copy=0.742  A(t)=313  sim=678.7s
epoch    9000  HO=0.1552  meanSteps=  1097.7  copy=0.743  A(t)=313  sim=696.2s
epoch    9250  HO=0.1590  meanSteps=  1119.3  copy=0.734  A(t)=314  sim=713.9s
epoch    9500  HO=0.1553  meanSteps=  1096.4  copy=0.744  A(t)=316  sim=731.4s
epoch    9750  HO=0.1476  meanSteps=  1080.4  copy=0.743  A(t)=316  sim=748.5s
epoch   10000  HO=0.1444  meanSteps=  1046.7  copy=0.734  A(t)=317  sim=765.1s
epoch   10250  HO=0.1481  meanSteps=  1037.5  copy=0.730  A(t)=317  sim=781.4s
epoch   10500  HO=0.1415  meanSteps=  1038.0  copy=0.742  A(t)=317  sim=797.8s
epoch   10750  HO=0.1510  meanSteps=  1042.2  copy=0.744  A(t)=317  sim=814.1s
epoch   11000  HO=0.1474  meanSteps=  1051.5  copy=0.741  A(t)=317  sim=830.7s
epoch   11250  HO=3.8648  meanSteps=  1340.9  copy=0.747  A(t)=317  sim=850.7s
epoch   11500  HO=4.6486  meanSteps=  6144.9  copy=0.971  A(t)=317  sim=927.9s
epoch   11750  HO=4.9301  meanSteps=  8063.5  copy=0.997  A(t)=317  sim=1028.3s
epoch   12000  HO=5.2441  meanSteps=  8108.5  copy=0.997  A(t)=317  sim=1128.8s
epoch   12250  HO=5.4503  meanSteps=  8118.5  copy=0.998  A(t)=445  sim=1228.8s
takeover detected at epoch 12250; running to 12750
epoch   12500  HO=5.6232  meanSteps=  8127.2  copy=0.998  A(t)=968  sim=1328.0s
epoch   12750  HO=5.8193  meanSteps=  8139.2  copy=0.998  A(t)=1358  sim=1425.8s
done: 12750 epochs in 1493.4s wall (1425.7s simulating), runs/compat_cubff_s19
