epoch       0  HO=-0.0001  meanSteps=     0.0  copy=0.000  A(t)=0  sim=0.0s
epoch     250  HO=0.3415  meanSteps=   575.6  copy=0.507  A(t)=0  sim=10.6s
epoch     500  HO=0.4565  meanSteps=   560.8  copy=0.496  A(t)=0  sim=20.7s
epoch     750  HO=0.4912  meanSteps=   541.2  copy=0.494  A(t)=0  sim=30.6s
epoch    1000  HO=0.4987  meanSteps=   526.5  copy=0.504  A(t)=0  sim=40.4s
epoch    1250  HO=0.5004  meanSteps=   522.0  copy=0.521  A(t)=262  sim=50.2s
epoch    1500  HO=0.4935  meanSteps=   531.7  copy=0.543  A(t)=278  sim=60.5s
epoch    1750  HO=0.4513  meanSteps=   533.1  copy=0.569  A(t)=290  sim=70.7s
epoch    2000  HO=0.4243  meanSteps=   540.9  copy=0.593  A(t)=295  sim=81.4s
epoch    2250  HO=0.4223  meanSteps=   557.3  copy=0.621  A(t)=304  sim=92.1s
epoch    2500  HO=0.3983  meanSteps=   560.3  copy=0.660  A(t)=319  sim=103.2s
epoch    2750  HO=0.3820  meanSteps=   578.0  copy=0.698  A(t)=323  sim=114.6s
epoch    3000  HO=0.3657  meanSteps=   607.4  copy=0.720  A(t)=329  sim=126.5s
epoch    3250  HO=0.3515  meanSteps=   627.4  copy=0.738  A(t)=330  sim=138.6s
epoch    3500  HO=0.3293  meanSteps=   642.2  copy=0.765  A(t)=334  sim=150.9s
epoch    3750  HO=0.2932  meanSteps=   668.9  copy=0.784  A(t)=336  sim=163.7s
epoch    4000  HO=0.2813  meanSteps=   684.9  copy=0.791  A(t)=339  sim=177.0s
epoch    4250  HO=0.2832  meanSteps=   693.4  copy=0.792  A(t)=341  sim=190.1s
epoch    4500  HO=0.2768  meanSteps=   696.4  copy=0.800  A(t)=345  sim=203.3s
epoch    4750  HO=0.2680  meanSteps=   695.9  copy=0.813  A(t)=348  sim=216.5s
epoch    5000  HO=0.2602  meanSteps=   700.2  copy=0.820  A(t)=350  sim=230.0s
epoch    5250  HO=0.2443  meanSteps=   711.1  copy=0.832  A(t)=355  sim=243.5s
epoch    5500  HO=0.2319  meanSteps=   708.6  copy=0.842  A(t)=355  sim=256.8s
epoch    5750  HO=0.2190  meanSteps=   710.6  copy=0.844  A(t)=358  sim=270.1s
epoch    6000  HO=0.2157  meanSteps=   706.5  copy=0.849  A(t)=359  sim=283.7s
epoch    6250  HO=0.2169  meanSteps=   693.3  copy=0.853  A(t)=360  sim=296.9s
epoch    6500  HO=0.2161  meanSteps=   695.4  copy=0.857  A(t)=361  sim=310.3s
epoch    6750  HO=0.2049  meanSteps=   691.2  copy=0.862  A(t)=361  sim=323.5s
epoch    7000  HO=0.1985  meanSteps=   682.1  copy=0.860  A(t)=361  sim=336.7s
epoch    7250  HO=0.1951  meanSteps=   680.5  copy=0.863  A(t)=361  sim=349.7s
epoch    7500  HO=0.2088  meanSteps=   675.9  copy=0.864  A(t)=363  sim=362.7s
epoch    7750  HO=0.2125  meanSteps=   679.9  copy=0.862  A(t)=363  sim=375.9s
epoch    8000  HO=0.2086  meanSteps=   675.6  copy=0.862  A(t)=364  sim=389.1s
epoch    8250  HO=0.2237  meanSteps=   671.1  copy=0.860  A(t)=365  sim=402.6s
epoch    8500  HO=0.2205  meanSteps=   665.0  copy=0.862  A(t)=365  sim=416.0s
epoch    8750  HO=0.2381  meanSteps=   662.0  copy=0.857  A(t)=366  sim=429.2s
epoch    9000  HO=0.2373  meanSteps=   648.9  copy=0.857  A(t)=366  sim=442.3s
epoch    9250  HO=0.2332  meanSteps=   637.6  copy=0.855  A(t)=366  sim=455.1s
epoch    9500  HO=0.2344  meanSteps=   635.4  copy=0.847  A(t)=366  sim=467.9s
epoch    9750  HO=0.2463  meanSteps=   622.7  copy=0.843  A(t)=367  sim=480.5s
epoch   10000  HO=0.2467  meanSteps=   617.0  copy=0.845  A(t)=367  sim=493.1s
epoch   10250  HO=0.2447  meanSteps=   628.1  copy=0.851  A(t)=368  sim=506.1s
epoch   10500  HO=0.2483  meanSteps=   628.6  copy=0.853  A(t)=369  sim=519.1s
epoch   10750  HO=0.2419  meanSteps=   631.2  copy=0.854  A(t)=370  sim=532.0s
epoch   11000  HO=0.2356  meanSteps=   637.7  copy=0.857  A(t)=370  sim=544.7s
epoch   11250  HO=0.2370  meanSteps=   638.5  copy=0.858  A(t)=370  sim=557.9s
epoch   11500  HO=0.2402  meanSteps=   639.2  copy=0.855  A(t)=371  sim=571.0s
epoch   11750  HO=0.2442  meanSteps=   645.9  copy=0.855  A(t)=373  sim=583.8s
epoch   12000  HO=0.2286  meanSteps=   639.4  copy=0.864  A(t)=373  sim=596.6s
epoch   12250  HO=0.2347  meanSteps=   635.2  copy=0.871  A(t)=373  sim=609.4s
epoch   12500  HO=0.2417  meanSteps=   633.0  copy=0.870  A(t)=373  sim=622.1s
epoch   12750  HO=0.2453  meanSteps=   625.8  copy=0.865  A(t)=375  sim=634.9s
epoch   13000  HO=0.2451  meanSteps=   636.5  copy=0.862  A(t)=377  sim=647.7s
epoch   13250  HO=0.2539  meanSteps=   638.8  copy=0.864  A(t)=379  sim=660.8s
epoch   13500  HO=0.2685  meanSteps=   633.2  copy=0.862  A(t)=379  sim=673.8s
epoch   13750  HO=0.2744  meanSteps=   635.3  copy=0.858  A(t)=380  sim=687.0s
epoch   14000  HO=0.2685  meanSteps=   630.5  copy=0.857  A(t)=382  sim=700.1s
epoch   14250  HO=0.2776  meanSteps=   617.2  copy=0.860  A(t)=383  sim=713.0s
epoch   14500  HO=0.2700  meanSteps=   626.0  copy=0.863  A(t)=383  sim=725.8s
epoch   14750  HO=0.2646  meanSteps=   621.0  copy=0.867  A(t)=386  sim=738.6s
epoch   15000  HO=0.2629  meanSteps=   627.9  copy=0.862  A(t)=386  sim=751.7s
epoch   15250  HO=0.2657  meanSteps=   630.0  copy=0.860  A(t)=386  sim=764.8s
epoch   15500  HO=0.2565  meanSteps=   623.1  copy=0.856  A(t)=386  sim=777.9s
epoch   15750  HO=0.2581  meanSteps=   624.8  copy=0.858  A(t)=386  sim=791.1s
epoch   16000  HO=0.2555  meanSteps=   634.2  copy=0.857  A(t)=387  sim=804.2s
done: 16000 epochs in 887.7s wall (804.2s simulating), runs/compat_noheads_s105
