epoch       0  HO=-0.0001  meanSteps=     0.0  copy=0.000  A(t)=0  sim=0.0s
epoch     250  HO=0.3230  meanSteps=   552.9  copy=0.499  A(t)=0  sim=10.2s
epoch     500  HO=0.4677  meanSteps=   546.5  copy=0.485  A(t)=0  sim=20.2s
epoch     750  HO=0.5196  meanSteps=   548.3  copy=0.482  A(t)=0  sim=30.4s
epoch    1000  HO=0.5126  meanSteps=   527.8  copy=0.489  A(t)=0  sim=40.2s
epoch    1250  HO=0.4989  meanSteps=   531.0  copy=0.502  A(t)=264  sim=50.2s
epoch    1500  HO=0.4991  meanSteps=   530.9  copy=0.518  A(t)=271  sim=60.2s
epoch    1750  HO=0.4825  meanSteps=   551.8  copy=0.544  A(t)=296  sim=70.7s
epoch    2000  HO=0.4762  meanSteps=   564.7  copy=0.579  A(t)=300  sim=81.5s
epoch    2250  HO=0.4590  meanSteps=   567.1  copy=0.623  A(t)=311  sim=92.5s
epoch    2500  HO=0.4315  meanSteps=   567.7  copy=0.666  A(t)=318  sim=103.9s
epoch    2750  HO=0.3899  meanSteps=   569.1  copy=0.705  A(t)=322  sim=115.3s
epoch    3000  HO=0.3757  meanSteps=   593.5  copy=0.740  A(t)=324  sim=127.5s
epoch    3250  HO=0.3475  meanSteps=   605.7  copy=0.766  A(t)=328  sim=139.9s
epoch    3500  HO=0.3021  meanSteps=   625.9  copy=0.781  A(t)=336  sim=152.4s
epoch    3750  HO=0.2813  meanSteps=   637.7  copy=0.804  A(t)=339  sim=165.3s
epoch    4000  HO=0.2581  meanSteps=   642.5  copy=0.816  A(t)=339  sim=178.4s
epoch    4250  HO=0.2581  meanSteps=   649.9  copy=0.832  A(t)=341  sim=191.3s
epoch    4500  HO=0.2602  meanSteps=   641.3  copy=0.839  A(t)=341  sim=204.4s
epoch    4750  HO=0.2462  meanSteps=   644.6  copy=0.846  A(t)=343  sim=217.4s
epoch    5000  HO=0.2332  meanSteps=   646.9  copy=0.848  A(t)=343  sim=230.6s
epoch    5250  HO=0.2178  meanSteps=   641.6  copy=0.847  A(t)=343  sim=243.6s
epoch    5500  HO=0.2260  meanSteps=   647.1  copy=0.851  A(t)=344  sim=256.8s
epoch    5750  HO=0.2221  meanSteps=   659.6  copy=0.857  A(t)=345  sim=269.9s
epoch    6000  HO=0.2117  meanSteps=   669.7  copy=0.859  A(t)=348  sim=283.7s
epoch    6250  HO=0.2039  meanSteps=   667.6  copy=0.858  A(t)=350  sim=297.1s
epoch    6500  HO=0.2054  meanSteps=   674.0  copy=0.861  A(t)=351  sim=310.8s
epoch    6750  HO=0.2121  meanSteps=   683.0  copy=0.865  A(t)=352  sim=324.3s
epoch    7000  HO=0.2140  meanSteps=   679.3  copy=0.863  A(t)=352  sim=337.9s
epoch    7250  HO=0.2302  meanSteps=   688.4  copy=0.864  A(t)=352  sim=351.4s
epoch    7500  HO=0.2238  meanSteps=   678.1  copy=0.863  A(t)=354  sim=364.9s
epoch    7750  HO=0.2327  meanSteps=   676.2  copy=0.864  A(t)=354  sim=378.4s
epoch    8000  HO=0.2474  meanSteps=   676.3  copy=0.863  A(t)=354  sim=391.7s
epoch    8250  HO=0.2556  meanSteps=   670.0  copy=0.867  A(t)=354  sim=405.1s
epoch    8500  HO=0.2422  meanSteps=   672.2  copy=0.866  A(t)=356  sim=418.6s
epoch    8750  HO=0.2370  meanSteps=   663.7  copy=0.871  A(t)=359  sim=431.9s
epoch    9000  HO=0.2386  meanSteps=   660.6  copy=0.874  A(t)=361  sim=445.2s
epoch    9250  HO=0.2350  meanSteps=   665.5  copy=0.875  A(t)=362  sim=458.5s
epoch    9500  HO=0.2416  meanSteps=   662.3  copy=0.876  A(t)=363  sim=471.9s
epoch    9750  HO=0.2456  meanSteps=   663.1  copy=0.875  A(t)=365  sim=485.2s
epoch   10000  HO=0.2258  meanSteps=   653.0  copy=0.876  A(t)=368  sim=498.3s
epoch   10250  HO=0.2362  meanSteps=   658.8  copy=0.873  A(t)=368  sim=511.4s
epoch   10500  HO=0.2482  meanSteps=   659.9  copy=0.874  A(t)=368  sim=524.6s
epoch   10750  HO=0.2627  meanSteps=   653.1  copy=0.873  A(t)=368  sim=537.5s
epoch   11000  HO=0.2751  meanSteps=   651.8  copy=0.872  A(t)=368  sim=550.7s
epoch   11250  HO=0.2822  meanSteps=   659.0  copy=0.865  A(t)=370  sim=564.1s
epoch   11500  HO=0.2881  meanSteps=   658.7  copy=0.858  A(t)=371  sim=577.5s
epoch   11750  HO=0.2739  meanSteps=   682.8  copy=0.858  A(t)=372  sim=591.3s
epoch   12000  HO=0.2927  meanSteps=   700.0  copy=0.855  A(t)=374  sim=604.9s
epoch   12250  HO=0.2890  meanSteps=   695.6  copy=0.857  A(t)=374  sim=618.3s
epoch   12500  HO=0.2825  meanSteps=   690.0  copy=0.859  A(t)=374  sim=632.0s
epoch   12750  HO=0.2823  meanSteps=   686.6  copy=0.860  A(t)=374  sim=645.6s
epoch   13000  HO=0.2899  meanSteps=   685.1  copy=0.862  A(t)=376  sim=659.1s
epoch   13250  HO=0.2895  meanSteps=   676.8  copy=0.864  A(t)=376  sim=672.7s
epoch   13500  HO=0.2841  meanSteps=   668.8  copy=0.864  A(t)=378  sim=686.3s
epoch   13750  HO=0.2734  meanSteps=   664.5  copy=0.868  A(t)=378  sim=699.7s
epoch   14000  HO=0.2697  meanSteps=   657.0  copy=0.869  A(t)=380  sim=713.1s
epoch   14250  HO=0.2611  meanSteps=   645.7  copy=0.870  A(t)=380  sim=726.4s
epoch   14500  HO=0.2493  meanSteps=   647.8  copy=0.869  A(t)=381  sim=739.7s
epoch   14750  HO=0.2365  meanSteps=   648.7  copy=0.870  A(t)=382  sim=753.0s
epoch   15000  HO=0.2402  meanSteps=   652.4  copy=0.867  A(t)=384  sim=766.5s
epoch   15250  HO=0.2530  meanSteps=   659.2  copy=0.866  A(t)=384  sim=779.8s
epoch   15500  HO=0.2705  meanSteps=   664.8  copy=0.856  A(t)=385  sim=793.3s
epoch   15750  HO=0.2681  meanSteps=   669.8  copy=0.860  A(t)=385  sim=807.0s
epoch   16000  HO=0.2756  meanSteps=   671.5  copy=0.861  A(t)=385  sim=820.4s
done: 16000 epochs in 903.9s wall (820.4s simulating), runs/compat_noheads_s107
