epoch       0  HO=-0.0001  meanSteps=     0.0  copy=0.000  A(t)=0  sim=0.0s
epoch     250  HO=0.0737  meanSteps=   799.9  copy=0.573  A(t)=0  sim=13.0s
epoch     500  HO=0.0695  meanSteps=   787.0  copy=0.676  A(t)=0  sim=27.1s
epoch     750  HO=0.0915  meanSteps=   745.0  copy=0.748  A(t)=0  sim=39.8s
epoch    1000  HO=0.1086  meanSteps=   767.0  copy=0.780  A(t)=0  sim=52.7s
epoch    1250  HO=0.1060  meanSteps=   771.4  copy=0.792  A(t)=189  sim=66.3s
epoch    1500  HO=0.1216  meanSteps=   845.0  copy=0.784  A(t)=210  sim=80.3s
epoch    1750  HO=0.1207  meanSteps=   900.4  copy=0.764  A(t)=227  sim=95.2s
epoch    2000  HO=0.1343  meanSteps=   950.7  copy=0.761  A(t)=237  sim=110.4s
epoch    2250  HO=0.1300  meanSteps=   987.6  copy=0.758  A(t)=256  sim=126.1s
epoch    2500  HO=0.1293  meanSteps=  1003.8  copy=0.754  A(t)=277  sim=142.8s
epoch    2750  HO=0.1278  meanSteps=   988.1  copy=0.747  A(t)=285  sim=158.6s
epoch    3000  HO=0.1262  meanSteps=  1006.3  copy=0.745  A(t)=295  sim=174.6s
epoch    3250  HO=0.1326  meanSteps=  1075.4  copy=0.741  A(t)=299  sim=195.1s
epoch    3500  HO=0.1370  meanSteps=  1051.9  copy=0.740  A(t)=303  sim=227.8s
epoch    3750  HO=0.1292  meanSteps=  1016.2  copy=0.739  A(t)=303  sim=261.5s
epoch    4000  HO=0.1300  meanSteps=  1061.4  copy=0.736  A(t)=303  sim=296.0s
epoch    4250  HO=0.1436  meanSteps=  1058.3  copy=0.742  A(t)=307  sim=330.1s
epoch    4500  HO=0.1462  meanSteps=  1061.6  copy=0.744  A(t)=307  sim=364.3s
epoch    4750  HO=0.1416  meanSteps=  1053.6  copy=0.743  A(t)=307  sim=398.2s
epoch    5000  HO=0.1505  meanSteps=  1046.1  copy=0.743  A(t)=307  sim=432.0s
epoch    5250  HO=0.1589  meanSteps=  1069.9  copy=0.740  A(t)=308  sim=466.7s
epoch    5500  HO=0.1510  meanSteps=  1102.3  copy=0.740  A(t)=309  sim=489.2s
epoch    5750  HO=0.1463  meanSteps=  1116.7  copy=0.741  A(t)=309  sim=507.9s
epoch    6000  HO=0.1493  meanSteps=  1074.0  copy=0.731  A(t)=311  sim=526.6s
epoch    6250  HO=0.1560  meanSteps=  1096.7  copy=0.727  A(t)=312  sim=545.6s
epoch    6500  HO=0.1699  meanSteps=  1113.3  copy=0.733  A(t)=314  sim=564.7s
epoch    6750  HO=0.1637  meanSteps=  1140.6  copy=0.736  A(t)=314  sim=584.1s
epoch    7000  HO=0.1605  meanSteps=  1127.8  copy=0.734  A(t)=315  sim=602.8s
epoch    7250  HO=0.1651  meanSteps=  1136.8  copy=0.739  A(t)=316  sim=621.7s
epoch    7500  HO=0.1556  meanSteps=  1096.8  copy=0.747  A(t)=318  sim=640.7s
epoch    7750  HO=0.1521  meanSteps=  1064.2  copy=0.754  A(t)=318  sim=659.7s
epoch    8000  HO=0.1550  meanSteps=  1072.9  copy=0.755  A(t)=318  sim=678.6s
epoch    8250  HO=0.1537  meanSteps=  1080.8  copy=0.747  A(t)=318  sim=697.8s
epoch    8500  HO=0.1505  meanSteps=  1075.7  copy=0.738  A(t)=318  sim=717.0s
epoch    8750  HO=0.1438  meanSteps=  1091.3  copy=0.737  A(t)=318  sim=736.2s
epoch    9000  HO=0.1581  meanSteps=  1073.3  copy=0.737  A(t)=318  sim=755.0s
epoch    9250  HO=0.1521  meanSteps=  1100.0  copy=0.733  A(t)=318  sim=774.8s
epoch    9500  HO=0.1474  meanSteps=  1090.9  copy=0.737  A(t)=318  sim=793.4s
epoch    9750  HO=0.1426  meanSteps=  1059.4  copy=0.731  A(t)=318  sim=812.7s
epoch   10000  HO=0.1477  meanSteps=  1069.9  copy=0.740  A(t)=318  sim=831.3s
epoch   10250  HO=0.1430  meanSteps=  1063.0  copy=0.740  A(t)=318  sim=849.6s
epoch   10500  HO=0.1495  meanSteps=  1078.6  copy=0.741  A(t)=318  sim=868.3s
epoch   10750  HO=0.1534  meanSteps=  1092.9  copy=0.744  A(t)=318  sim=886.8s
epoch   11000  HO=0.1403  meanSteps=  1042.1  copy=0.752  A(t)=318  sim=904.8s
epoch   11250  HO=0.1493  meanSteps=  1013.2  copy=0.749  A(t)=318  sim=923.2s
epoch   11500  HO=0.1482  meanSteps=  1060.1  copy=0.750  A(t)=318  sim=941.3s
epoch   11750  HO=0.1508  meanSteps=  1061.9  copy=0.758  A(t)=318  sim=959.6s
epoch   12000  HO=0.1478  meanSteps=  1068.1  copy=0.758  A(t)=318  sim=978.8s
epoch   12250  HO=0.1449  meanSteps=  1050.6  copy=0.756  A(t)=318  sim=997.4s
epoch   12500  HO=0.1501  meanSteps=  1033.5  copy=0.756  A(t)=318  sim=1015.4s
epoch   12750  HO=0.1485  meanSteps=  1065.1  copy=0.760  A(t)=318  sim=1034.0s
epoch   13000  HO=0.1465  meanSteps=  1072.3  copy=0.760  A(t)=318  sim=1052.9s
epoch   13250  HO=0.1540  meanSteps=  1051.9  copy=0.752  A(t)=318  sim=1071.5s
epoch   13500  HO=0.1456  meanSteps=  1050.6  copy=0.743  A(t)=318  sim=1089.7s
epoch   13750  HO=0.1453  meanSteps=  1082.5  copy=0.744  A(t)=319  sim=1108.1s
epoch   14000  HO=0.1562  meanSteps=  1116.7  copy=0.753  A(t)=319  sim=1126.6s
epoch   14250  HO=0.1510  meanSteps=  1098.1  copy=0.749  A(t)=319  sim=1145.3s
epoch   14500  HO=0.1367  meanSteps=  1035.8  copy=0.754  A(t)=319  sim=1163.8s
epoch   14750  HO=0.1350  meanSteps=  1028.8  copy=0.758  A(t)=319  sim=1181.6s
epoch   15000  HO=0.1495  meanSteps=  1015.0  copy=0.749  A(t)=319  sim=1198.9s
epoch   15250  HO=0.1469  meanSteps=  1044.5  copy=0.752  A(t)=319  sim=1217.2s
epoch   15500  HO=0.1420  meanSteps=  1019.0  copy=0.755  A(t)=319  sim=1234.9s
epoch   15750  HO=0.1437  meanSteps=  1034.5  copy=0.747  A(t)=319  sim=1253.1s
epoch   16000  HO=0.1504  meanSteps=  1030.0  copy=0.749  A(t)=320  sim=1271.1s
epoch   16250  HO=0.1564  meanSteps=  1043.2  copy=0.748  A(t)=320  sim=1289.2s
epoch   16500  HO=0.1579  meanSteps=  1074.9  copy=0.739  A(t)=320  sim=1307.4s
