epoch       0  HO=-0.0001  meanSteps=     0.0  copy=0.000  A(t)=0  sim=0.0s
epoch     250  HO=0.3461  meanSteps=   549.5  copy=0.498  A(t)=0  sim=13.7s
epoch     500  HO=0.4687  meanSteps=   523.1  copy=0.482  A(t)=0  sim=27.7s
epoch     750  HO=0.5093  meanSteps=   520.2  copy=0.474  A(t)=0  sim=41.1s
epoch    1000  HO=0.5160  meanSteps=   520.1  copy=0.481  A(t)=0  sim=56.3s
epoch    1250  HO=0.5134  meanSteps=   524.1  copy=0.502  A(t)=263  sim=71.5s
epoch    1500  HO=0.4983  meanSteps=   541.1  copy=0.523  A(t)=276  sim=86.0s
epoch    1750  HO=0.5137  meanSteps=   547.0  copy=0.552  A(t)=288  sim=101.4s
epoch    2000  HO=0.4782  meanSteps=   557.7  copy=0.595  A(t)=304  sim=116.6s
epoch    2250  HO=0.4366  meanSteps=   582.9  copy=0.631  A(t)=313  sim=134.0s
epoch    2500  HO=0.4059  meanSteps=   618.0  copy=0.674  A(t)=316  sim=151.5s
epoch    2750  HO=0.3718  meanSteps=   646.2  copy=0.714  A(t)=324  sim=168.5s
epoch    3000  HO=0.3381  meanSteps=   665.5  copy=0.745  A(t)=325  sim=186.7s
epoch    3250  HO=0.3050  meanSteps=   680.0  copy=0.772  A(t)=327  sim=206.4s
epoch    3500  HO=0.2670  meanSteps=   685.8  copy=0.786  A(t)=330  sim=226.0s
epoch    3750  HO=0.2307  meanSteps=   679.8  copy=0.794  A(t)=330  sim=245.3s
epoch    4000  HO=0.2270  meanSteps=   693.2  copy=0.800  A(t)=331  sim=265.7s
epoch    4250  HO=0.2180  meanSteps=   694.2  copy=0.805  A(t)=331  sim=285.0s
epoch    4500  HO=0.2029  meanSteps=   686.9  copy=0.814  A(t)=331  sim=304.8s
epoch    4750  HO=0.1901  meanSteps=   699.6  copy=0.818  A(t)=331  sim=325.5s
epoch    5000  HO=0.1921  meanSteps=   714.0  copy=0.822  A(t)=331  sim=345.5s
epoch    5250  HO=0.2025  meanSteps=   717.6  copy=0.826  A(t)=332  sim=361.0s
epoch    5500  HO=0.2047  meanSteps=   716.6  copy=0.828  A(t)=332  sim=375.6s
epoch    5750  HO=0.1947  meanSteps=   717.3  copy=0.829  A(t)=333  sim=390.0s
epoch    6000  HO=0.1994  meanSteps=   730.5  copy=0.832  A(t)=334  sim=404.7s
epoch    6250  HO=0.1987  meanSteps=   738.4  copy=0.840  A(t)=335  sim=420.0s
epoch    6500  HO=0.2032  meanSteps=   738.5  copy=0.844  A(t)=337  sim=434.7s
epoch    6750  HO=0.2122  meanSteps=   731.5  copy=0.845  A(t)=337  sim=449.7s
epoch    7000  HO=0.2043  meanSteps=   725.9  copy=0.842  A(t)=337  sim=464.6s
epoch    7250  HO=0.2207  meanSteps=   718.0  copy=0.848  A(t)=337  sim=479.3s
epoch    7500  HO=0.2122  meanSteps=   721.0  copy=0.854  A(t)=338  sim=494.9s
epoch    7750  HO=0.2163  meanSteps=   723.0  copy=0.853  A(t)=338  sim=510.2s
epoch    8000  HO=0.2200  meanSteps=   720.3  copy=0.854  A(t)=338  sim=524.8s
epoch    8250  HO=0.2293  meanSteps=   710.8  copy=0.855  A(t)=338  sim=539.1s
epoch    8500  HO=0.2268  meanSteps=   703.6  copy=0.853  A(t)=339  sim=553.3s
epoch    8750  HO=0.2306  meanSteps=   688.8  copy=0.855  A(t)=341  sim=568.2s
epoch    9000  HO=0.2212  meanSteps=   684.0  copy=0.858  A(t)=342  sim=582.6s
epoch    9250  HO=0.2212  meanSteps=   676.8  copy=0.862  A(t)=343  sim=596.9s
epoch    9500  HO=0.2208  meanSteps=   675.5  copy=0.861  A(t)=344  sim=611.5s
epoch    9750  HO=0.2175  meanSteps=   665.3  copy=0.857  A(t)=345  sim=625.1s
epoch   10000  HO=0.2237  meanSteps=   665.7  copy=0.860  A(t)=345  sim=638.7s
epoch   10250  HO=0.2355  meanSteps=   663.4  copy=0.856  A(t)=345  sim=653.3s
epoch   10500  HO=0.2427  meanSteps=   665.1  copy=0.858  A(t)=345  sim=667.3s
epoch   10750  HO=0.2377  meanSteps=   680.2  copy=0.859  A(t)=345  sim=681.8s
epoch   11000  HO=0.2371  meanSteps=   695.6  copy=0.854  A(t)=350  sim=696.1s
epoch   11250  HO=0.2403  meanSteps=   688.3  copy=0.853  A(t)=350  sim=711.0s
epoch   11500  HO=0.2415  meanSteps=   694.5  copy=0.857  A(t)=350  sim=725.6s
epoch   11750  HO=0.2592  meanSteps=   699.5  copy=0.859  A(t)=352  sim=740.5s
epoch   12000  HO=0.2582  meanSteps=   684.6  copy=0.862  A(t)=352  sim=755.5s
epoch   12250  HO=0.2457  meanSteps=   676.3  copy=0.863  A(t)=354  sim=769.9s
epoch   12500  HO=0.2310  meanSteps=   666.3  copy=0.864  A(t)=354  sim=784.5s
epoch   12750  HO=0.2215  meanSteps=   653.4  copy=0.862  A(t)=356  sim=799.1s
epoch   13000  HO=0.2231  meanSteps=   654.4  copy=0.858  A(t)=356  sim=813.4s
epoch   13250  HO=0.2203  meanSteps=   649.5  copy=0.864  A(t)=356  sim=827.6s
epoch   13500  HO=0.2336  meanSteps=   655.1  copy=0.869  A(t)=356  sim=842.1s
epoch   13750  HO=0.2297  meanSteps=   650.8  copy=0.874  A(t)=356  sim=856.7s
epoch   14000  HO=0.2316  meanSteps=   649.1  copy=0.875  A(t)=359  sim=871.2s
epoch   14250  HO=0.2379  meanSteps=   653.8  copy=0.871  A(t)=359  sim=885.7s
epoch   14500  HO=0.2396  meanSteps=   657.4  copy=0.870  A(t)=359  sim=899.9s
epoch   14750  HO=0.2470  meanSteps=   636.3  copy=0.870  A(t)=359  sim=913.9s
epoch   15000  HO=0.2494  meanSteps=   638.2  copy=0.867  A(t)=360  sim=928.5s
epoch   15250  HO=0.2533  meanSteps=   633.6  copy=0.872  A(t)=362  sim=942.2s
epoch   15500  HO=0.2394  meanSteps=   629.0  copy=0.873  A(t)=363  sim=956.2s
epoch   15750  HO=0.2463  meanSteps=   627.7  copy=0.867  A(t)=368  sim=970.8s
epoch   16000  HO=0.2520  meanSteps=   633.7  copy=0.870  A(t)=370  sim=984.8s
done: 16000 epochs in 1077.4s wall (984.8s simulating), runs/compat_noheads_s102
