epoch       0  HO=-0.0001  meanSteps=     0.0  copy=0.000  A(t)=0  sim=0.0s
epoch     250  HO=0.0815  meanSteps=   798.4  copy=0.567  A(t)=0  sim=12.7s
epoch     500  HO=0.0845  meanSteps=   827.6  copy=0.674  A(t)=0  sim=26.0s
epoch     750  HO=0.1001  meanSteps=   834.7  copy=0.738  A(t)=0  sim=39.4s
epoch    1000  HO=0.1286  meanSteps=   848.3  copy=0.769  A(t)=0  sim=53.1s
epoch    1250  HO=0.1464  meanSteps=   905.7  copy=0.771  A(t)=201  sim=67.8s
epoch    1500  HO=0.1418  meanSteps=   935.0  copy=0.764  A(t)=219  sim=82.5s
epoch    1750  HO=0.1454  meanSteps=   968.0  copy=0.758  A(t)=231  sim=97.6s
epoch    2000  HO=0.1337  meanSteps=   991.4  copy=0.760  A(t)=262  sim=113.1s
epoch    2250  HO=0.1414  meanSteps=  1031.8  copy=0.748  A(t)=277  sim=129.4s
epoch    2500  HO=0.1372  meanSteps=  1076.0  copy=0.741  A(t)=297  sim=146.1s
epoch    2750  HO=0.1470  meanSteps=  1088.9  copy=0.742  A(t)=297  sim=163.3s
epoch    3000  HO=0.1417  meanSteps=  1101.9  copy=0.741  A(t)=302  sim=180.4s
epoch    3250  HO=0.1533  meanSteps=  1100.7  copy=0.753  A(t)=306  sim=197.6s
epoch    3500  HO=0.1473  meanSteps=  1106.4  copy=0.749  A(t)=307  sim=214.7s
epoch    3750  HO=0.1451  meanSteps=  1107.0  copy=0.746  A(t)=308  sim=232.1s
epoch    4000  HO=0.1551  meanSteps=  1094.7  copy=0.739  A(t)=309  sim=249.3s
epoch    4250  HO=0.1557  meanSteps=  1134.4  copy=0.743  A(t)=309  sim=267.0s
epoch    4500  HO=0.1568  meanSteps=  1154.2  copy=0.740  A(t)=310  sim=285.0s
epoch    4750  HO=0.1521  meanSteps=  1127.6  copy=0.732  A(t)=310  sim=302.6s
epoch    5000  HO=0.1551  meanSteps=  1094.9  copy=0.732  A(t)=311  sim=320.2s
epoch    5250  HO=0.1574  meanSteps=  1110.2  copy=0.736  A(t)=311  sim=337.5s
epoch    5500  HO=0.1569  meanSteps=  1124.2  copy=0.730  A(t)=311  sim=355.2s
epoch    5750  HO=0.1549  meanSteps=  1076.3  copy=0.730  A(t)=313  sim=372.0s
epoch    6000  HO=0.1582  meanSteps=  1077.9  copy=0.733  A(t)=313  sim=388.8s
epoch    6250  HO=0.1489  meanSteps=  1091.1  copy=0.738  A(t)=313  sim=406.0s
epoch    6500  HO=0.1619  meanSteps=  1116.6  copy=0.743  A(t)=313  sim=423.4s
epoch    6750  HO=0.1753  meanSteps=  1144.5  copy=0.744  A(t)=314  sim=441.1s
epoch    7000  HO=0.1641  meanSteps=  1126.7  copy=0.748  A(t)=314  sim=458.8s
epoch    7250  HO=0.1532  meanSteps=  1114.9  copy=0.746  A(t)=315  sim=476.2s
epoch    7500  HO=0.1545  meanSteps=  1084.7  copy=0.744  A(t)=315  sim=493.3s
epoch    7750  HO=0.1632  meanSteps=  1088.7  copy=0.749  A(t)=315  sim=510.2s
epoch    8000  HO=0.1660  meanSteps=  1048.0  copy=0.752  A(t)=315  sim=526.9s
epoch    8250  HO=0.1721  meanSteps=  1049.0  copy=0.742  A(t)=315  sim=543.4s
epoch    8500  HO=0.1618  meanSteps=  1073.5  copy=0.739  A(t)=316  sim=560.4s
epoch    8750  HO=0.1554  meanSteps=  1127.6  copy=0.740  A(t)=316  sim=577.6s
epoch    9000  HO=0.1442  meanSteps=  1096.0  copy=0.740  A(t)=316  sim=594.9s
epoch    9250  HO=0.1504  meanSteps=  1072.8  copy=0.735  A(t)=316  sim=611.7s
epoch    9500  HO=0.1637  meanSteps=  1089.9  copy=0.748  A(t)=316  sim=628.7s
epoch    9750  HO=0.1551  meanSteps=  1080.5  copy=0.752  A(t)=316  sim=645.7s
epoch   10000  HO=0.1535  meanSteps=  1059.4  copy=0.748  A(t)=316  sim=662.5s
epoch   10250  HO=4.0171  meanSteps=  2680.9  copy=0.851  A(t)=316  sim=698.3s
epoch   10500  HO=4.7206  meanSteps=  5117.8  copy=0.947  A(t)=316  sim=761.6s
epoch   10750  HO=5.1063  meanSteps=  7724.6  copy=0.998  A(t)=316  sim=854.0s
