epoch       0  HO=-0.0001  meanSteps=     0.0  copy=0.000  A(t)=0  sim=0.0s
epoch     250  HO=0.0818  meanSteps=   815.0  copy=0.566  A(t)=0  sim=12.9s
epoch     500  HO=0.0785  meanSteps=   835.3  copy=0.663  A(t)=0  sim=26.2s
epoch     750  HO=0.0965  meanSteps=   831.8  copy=0.720  A(t)=0  sim=39.3s
epoch    1000  HO=0.1141  meanSteps=   827.3  copy=0.754  A(t)=0  sim=52.9s
epoch    1250  HO=0.1298  meanSteps=   847.8  copy=0.772  A(t)=192  sim=66.9s
epoch    1500  HO=0.1383  meanSteps=   871.5  copy=0.769  A(t)=211  sim=81.2s
epoch    1750  HO=0.1320  meanSteps=   909.9  copy=0.773  A(t)=225  sim=95.9s
epoch    2000  HO=0.1325  meanSteps=   966.9  copy=0.758  A(t)=243  sim=111.2s
epoch    2250  HO=0.1305  meanSteps=   984.2  copy=0.747  A(t)=269  sim=127.0s
epoch    2500  HO=0.1336  meanSteps=  1028.1  copy=0.749  A(t)=284  sim=143.6s
epoch    2750  HO=0.1485  meanSteps=  1061.8  copy=0.747  A(t)=292  sim=160.2s
epoch    3000  HO=0.1452  meanSteps=  1093.2  copy=0.733  A(t)=301  sim=177.1s
epoch    3250  HO=0.1518  meanSteps=  1114.8  copy=0.730  A(t)=305  sim=194.7s
epoch    3500  HO=0.1394  meanSteps=  1140.9  copy=0.731  A(t)=305  sim=212.5s
epoch    3750  HO=0.1484  meanSteps=  1140.6  copy=0.729  A(t)=307  sim=230.3s
epoch    4000  HO=0.1516  meanSteps=  1108.9  copy=0.725  A(t)=307  sim=247.5s
epoch    4250  HO=0.1555  meanSteps=  1108.0  copy=0.735  A(t)=310  sim=264.7s
epoch    4500  HO=0.1511  meanSteps=  1103.5  copy=0.737  A(t)=310  sim=282.1s
epoch    4750  HO=0.1593  meanSteps=  1126.0  copy=0.739  A(t)=311  sim=299.6s
epoch    5000  HO=0.1557  meanSteps=  1119.3  copy=0.744  A(t)=311  sim=316.7s
epoch    5250  HO=0.1531  meanSteps=  1090.5  copy=0.752  A(t)=311  sim=333.8s
epoch    5500  HO=0.1504  meanSteps=  1056.2  copy=0.752  A(t)=312  sim=350.4s
epoch    5750  HO=0.1494  meanSteps=  1071.4  copy=0.753  A(t)=312  sim=367.2s
epoch    6000  HO=0.1546  meanSteps=  1096.5  copy=0.756  A(t)=312  sim=384.6s
epoch    6250  HO=0.1564  meanSteps=  1040.4  copy=0.746  A(t)=312  sim=401.2s
epoch    6500  HO=0.1376  meanSteps=  1030.3  copy=0.736  A(t)=312  sim=417.6s
epoch    6750  HO=0.1512  meanSteps=  1041.6  copy=0.730  A(t)=312  sim=434.3s
epoch    7000  HO=0.1472  meanSteps=  1085.8  copy=0.730  A(t)=312  sim=451.2s
epoch    7250  HO=0.1575  meanSteps=  1059.7  copy=0.743  A(t)=312  sim=468.1s
epoch    7500  HO=0.1478  meanSteps=  1045.1  copy=0.743  A(t)=312  sim=484.7s
epoch    7750  HO=0.1600  meanSteps=  1048.1  copy=0.744  A(t)=312  sim=501.2s
epoch    8000  HO=0.1490  meanSteps=  1034.8  copy=0.743  A(t)=312  sim=517.6s
epoch    8250  HO=0.1399  meanSteps=  1046.3  copy=0.736  A(t)=312  sim=534.2s
epoch    8500  HO=0.1498  meanSteps=  1063.9  copy=0.738  A(t)=312  sim=551.2s
epoch    8750  HO=0.1687  meanSteps=  1078.0  copy=0.732  A(t)=313  sim=568.2s
epoch    9000  HO=0.1434  meanSteps=  1051.2  copy=0.733  A(t)=313  sim=584.6s
epoch    9250  HO=0.1474  meanSteps=  1016.1  copy=0.738  A(t)=313  sim=600.8s
epoch    9500  HO=0.1516  meanSteps=  1066.3  copy=0.738  A(t)=313  sim=617.8s
epoch    9750  HO=0.1459  meanSteps=  1099.8  copy=0.740  A(t)=313  sim=638.1s
epoch   10000  HO=0.1511  meanSteps=  1096.5  copy=0.742  A(t)=313  sim=663.6s
epoch   10250  HO=0.1696  meanSteps=  1108.0  copy=0.745  A(t)=315  sim=689.5s
epoch   10500  HO=0.1590  meanSteps=  1102.0  copy=0.736  A(t)=315  sim=715.3s
epoch   10750  HO=0.1534  meanSteps=  1126.1  copy=0.744  A(t)=315  sim=741.6s
epoch   11000  HO=0.1677  meanSteps=  1122.4  copy=0.742  A(t)=316  sim=767.4s
epoch   11250  HO=0.1522  meanSteps=  1108.2  copy=0.748  A(t)=316  sim=792.8s
epoch   11500  HO=0.1488  meanSteps=  1084.7  copy=0.750  A(t)=316  sim=818.8s
epoch   11750  HO=0.1501  meanSteps=  1100.6  copy=0.748  A(t)=317  sim=844.4s
epoch   12000  HO=0.1595  meanSteps=  1118.1  copy=0.749  A(t)=318  sim=870.2s
epoch   12250  HO=0.1533  meanSteps=  1087.4  copy=0.755  A(t)=318  sim=895.3s
epoch   12500  HO=0.1543  meanSteps=  1087.4  copy=0.748  A(t)=318  sim=920.5s
epoch   12750  HO=0.1695  meanSteps=  1102.6  copy=0.741  A(t)=318  sim=946.1s
epoch   13000  HO=0.1707  meanSteps=  1120.7  copy=0.738  A(t)=318  sim=971.8s
epoch   13250  HO=0.1433  meanSteps=  1103.1  copy=0.740  A(t)=318  sim=997.2s
epoch   13500  HO=0.1581  meanSteps=  1068.8  copy=0.746  A(t)=319  sim=1019.4s
epoch   13750  HO=0.1563  meanSteps=  1036.7  copy=0.745  A(t)=319  sim=1041.2s
epoch   14000  HO=0.1486  meanSteps=  1037.3  copy=0.741  A(t)=319  sim=1064.3s
epoch   14250  HO=0.1512  meanSteps=  1071.7  copy=0.736  A(t)=320  sim=1087.7s
epoch   14500  HO=0.1340  meanSteps=  1066.9  copy=0.740  A(t)=320  sim=1111.1s
epoch   14750  HO=0.1388  meanSteps=  1004.1  copy=0.746  A(t)=320  sim=1133.5s
epoch   15000  HO=0.1402  meanSteps=  1024.3  copy=0.756  A(t)=320  sim=1155.7s
epoch   15250  HO=0.1451  meanSteps=  1058.6  copy=0.749  A(t)=320  sim=1179.3s
epoch   15500  HO=0.1400  meanSteps=  1026.7  copy=0.744  A(t)=320  sim=1202.1s
epoch   15750  HO=0.1498  meanSteps=  1029.7  copy=0.743  A(t)=320  sim=1224.8s
epoch   16000  HO=0.1406  meanSteps=  1030.7  copy=0.746  A(t)=320  sim=1247.7s
done: 16000 epochs in 1335.9s wall (1247.7s simulating), runs/compat_cubff_s18
