epoch       0  HO=-0.0001  meanSteps=     0.0  copy=0.000  A(t)=0  sim=0.0s
epoch     250  HO=0.3091  meanSteps=   555.0  copy=0.500  A(t)=0  sim=15.8s
epoch     500  HO=0.4541  meanSteps=   535.7  copy=0.489  A(t)=0  sim=30.0s
epoch     750  HO=0.5259  meanSteps=   527.7  copy=0.487  A(t)=0  sim=46.7s
epoch    1000  HO=0.5171  meanSteps=   524.6  copy=0.496  A(t)=0  sim=61.9s
epoch    1250  HO=0.4949  meanSteps=   521.2  copy=0.514  A(t)=271  sim=77.0s
epoch    1500  HO=0.4777  meanSteps=   530.8  copy=0.536  A(t)=286  sim=92.9s
epoch    1750  HO=0.4958  meanSteps=   564.5  copy=0.565  A(t)=301  sim=109.1s
epoch    2000  HO=0.4770  meanSteps=   588.1  copy=0.605  A(t)=308  sim=126.6s
epoch    2250  HO=0.4574  meanSteps=   606.5  copy=0.647  A(t)=320  sim=144.7s
epoch    2500  HO=0.4316  meanSteps=   633.5  copy=0.693  A(t)=332  sim=163.0s
epoch    2750  HO=0.3889  meanSteps=   643.6  copy=0.734  A(t)=340  sim=182.4s
epoch    3000  HO=0.3418  meanSteps=   660.4  copy=0.764  A(t)=346  sim=202.1s
epoch    3250  HO=0.2888  meanSteps=   679.7  copy=0.792  A(t)=354  sim=222.2s
epoch    3500  HO=0.2551  meanSteps=   678.0  copy=0.808  A(t)=358  sim=242.0s
epoch    3750  HO=0.2252  meanSteps=   690.1  copy=0.806  A(t)=358  sim=262.5s
epoch    4000  HO=0.2163  meanSteps=   695.3  copy=0.813  A(t)=358  sim=283.4s
epoch    4250  HO=0.2169  meanSteps=   702.2  copy=0.827  A(t)=358  sim=304.2s
epoch    4500  HO=0.2094  meanSteps=   717.5  copy=0.831  A(t)=358  sim=325.4s
epoch    4750  HO=0.2049  meanSteps=   731.3  copy=0.842  A(t)=358  sim=348.1s
epoch    5000  HO=0.2096  meanSteps=   739.7  copy=0.844  A(t)=359  sim=362.8s
epoch    5250  HO=0.2020  meanSteps=   737.7  copy=0.847  A(t)=359  sim=378.0s
epoch    5500  HO=0.2021  meanSteps=   732.5  copy=0.850  A(t)=360  sim=393.7s
epoch    5750  HO=0.2055  meanSteps=   738.8  copy=0.849  A(t)=360  sim=408.8s
epoch    6000  HO=0.1985  meanSteps=   741.0  copy=0.845  A(t)=360  sim=424.0s
epoch    6250  HO=0.2042  meanSteps=   736.6  copy=0.848  A(t)=360  sim=439.6s
epoch    6500  HO=0.2227  meanSteps=   731.3  copy=0.851  A(t)=360  sim=454.4s
epoch    6750  HO=0.2256  meanSteps=   732.4  copy=0.856  A(t)=361  sim=469.1s
epoch    7000  HO=0.2352  meanSteps=   727.3  copy=0.853  A(t)=363  sim=484.4s
epoch    7250  HO=0.2343  meanSteps=   728.5  copy=0.860  A(t)=363  sim=499.0s
epoch    7500  HO=0.2369  meanSteps=   718.0  copy=0.862  A(t)=363  sim=513.9s
epoch    7750  HO=0.2228  meanSteps=   696.5  copy=0.864  A(t)=363  sim=529.0s
epoch    8000  HO=0.2157  meanSteps=   680.1  copy=0.867  A(t)=367  sim=543.8s
epoch    8250  HO=0.2232  meanSteps=   674.9  copy=0.872  A(t)=369  sim=558.2s
epoch    8500  HO=0.2140  meanSteps=   674.5  copy=0.867  A(t)=369  sim=573.0s
epoch    8750  HO=0.2099  meanSteps=   668.4  copy=0.865  A(t)=371  sim=588.0s
epoch    9000  HO=0.2204  meanSteps=   661.1  copy=0.869  A(t)=371  sim=602.7s
epoch    9250  HO=0.2254  meanSteps=   655.8  copy=0.873  A(t)=371  sim=616.9s
epoch    9500  HO=0.2254  meanSteps=   644.4  copy=0.876  A(t)=373  sim=631.6s
epoch    9750  HO=0.2316  meanSteps=   648.6  copy=0.876  A(t)=375  sim=646.3s
epoch   10000  HO=0.2325  meanSteps=   672.8  copy=0.875  A(t)=378  sim=660.6s
epoch   10250  HO=0.2248  meanSteps=   669.1  copy=0.879  A(t)=378  sim=674.6s
epoch   10500  HO=0.2310  meanSteps=   667.2  copy=0.876  A(t)=380  sim=689.3s
epoch   10750  HO=0.2396  meanSteps=   659.9  copy=0.872  A(t)=381  sim=703.3s
epoch   11000  HO=0.2317  meanSteps=   643.7  copy=0.872  A(t)=383  sim=717.7s
epoch   11250  HO=0.2276  meanSteps=   632.9  copy=0.869  A(t)=386  sim=731.6s
epoch   11500  HO=0.2371  meanSteps=   629.6  copy=0.865  A(t)=387  sim=745.7s
epoch   11750  HO=0.2406  meanSteps=   624.2  copy=0.867  A(t)=387  sim=760.1s
epoch   12000  HO=0.2538  meanSteps=   623.1  copy=0.869  A(t)=388  sim=774.5s
epoch   12250  HO=0.2530  meanSteps=   618.0  copy=0.867  A(t)=389  sim=787.9s
epoch   12500  HO=0.2441  meanSteps=   605.8  copy=0.863  A(t)=391  sim=801.1s
epoch   12750  HO=0.2490  meanSteps=   610.2  copy=0.860  A(t)=391  sim=814.9s
epoch   13000  HO=0.2337  meanSteps=   613.5  copy=0.859  A(t)=391  sim=828.2s
epoch   13250  HO=0.2505  meanSteps=   616.0  copy=0.859  A(t)=393  sim=841.7s
epoch   13500  HO=0.2529  meanSteps=   616.0  copy=0.858  A(t)=393  sim=855.8s
epoch   13750  HO=0.2570  meanSteps=   617.8  copy=0.856  A(t)=393  sim=869.1s
epoch   14000  HO=0.2572  meanSteps=   622.8  copy=0.853  A(t)=394  sim=883.2s
epoch   14250  HO=0.2647  meanSteps=   624.8  copy=0.853  A(t)=394  sim=897.1s
epoch   14500  HO=0.2599  meanSteps=   618.8  copy=0.854  A(t)=395  sim=910.9s
epoch   14750  HO=0.2593  meanSteps=   625.8  copy=0.852  A(t)=395  sim=924.8s
epoch   15000  HO=0.2421  meanSteps=   627.7  copy=0.858  A(t)=395  sim=939.2s
epoch   15250  HO=0.2552  meanSteps=   636.3  copy=0.863  A(t)=397  sim=953.8s
epoch   15500  HO=0.2597  meanSteps=   646.2  copy=0.868  A(t)=398  sim=967.8s
epoch   15750  HO=0.2670  meanSteps=   647.5  copy=0.869  A(t)=399  sim=982.5s
epoch   16000  HO=0.2679  meanSteps=   647.6  copy=0.865  A(t)=399  sim=995.6s
done: 16000 epochs in 1092.2s wall (995.6s simulating), runs/compat_noheads_s101
