epoch       0  HO=-0.0001  meanSteps=     0.0  copy=0.000  A(t)=0  sim=0.0s
epoch     250  HO=0.3483  meanSteps=   555.2  copy=0.505  A(t)=0  sim=10.2s
epoch     500  HO=0.4749  meanSteps=   555.9  copy=0.489  A(t)=0  sim=20.2s
epoch     750  HO=0.5221  meanSteps=   550.8  copy=0.480  A(t)=0  sim=30.2s
epoch    1000  HO=0.5338  meanSteps=   542.9  copy=0.490  A(t)=0  sim=40.5s
epoch    1250  HO=0.5351  meanSteps=   538.3  copy=0.512  A(t)=267  sim=50.6s
epoch    1500  HO=0.5142  meanSteps=   536.0  copy=0.541  A(t)=289  sim=60.7s
epoch    1750  HO=0.4823  meanSteps=   533.7  copy=0.578  A(t)=291  sim=70.8s
epoch    2000  HO=0.4510  meanSteps=   535.4  copy=0.612  A(t)=295  sim=81.4s
epoch    2250  HO=0.4423  meanSteps=   546.4  copy=0.648  A(t)=299  sim=91.9s
epoch    2500  HO=0.4115  meanSteps=   558.1  copy=0.677  A(t)=306  sim=102.7s
epoch    2750  HO=0.3830  meanSteps=   567.1  copy=0.701  A(t)=317  sim=113.9s
epoch    3000  HO=0.3533  meanSteps=   584.1  copy=0.717  A(t)=323  sim=125.5s
epoch    3250  HO=0.3405  meanSteps=   601.4  copy=0.747  A(t)=327  sim=137.3s
epoch    3500  HO=0.3059  meanSteps=   634.4  copy=0.779  A(t)=331  sim=149.5s
epoch    3750  HO=0.2915  meanSteps=   674.8  copy=0.797  A(t)=331  sim=162.5s
epoch    4000  HO=0.2797  meanSteps=   683.1  copy=0.805  A(t)=332  sim=175.7s
epoch    4250  HO=0.2586  meanSteps=   685.6  copy=0.817  A(t)=333  sim=188.8s
epoch    4500  HO=0.2371  meanSteps=   698.1  copy=0.827  A(t)=335  sim=202.2s
epoch    4750  HO=0.2292  meanSteps=   708.6  copy=0.833  A(t)=335  sim=215.9s
epoch    5000  HO=0.2166  meanSteps=   711.1  copy=0.836  A(t)=335  sim=229.5s
epoch    5250  HO=0.2115  meanSteps=   729.4  copy=0.840  A(t)=336  sim=243.4s
epoch    5500  HO=0.2129  meanSteps=   748.6  copy=0.845  A(t)=338  sim=257.5s
epoch    5750  HO=0.2126  meanSteps=   743.6  copy=0.847  A(t)=338  sim=271.4s
epoch    6000  HO=0.2127  meanSteps=   746.1  copy=0.851  A(t)=338  sim=285.5s
epoch    6250  HO=0.2036  meanSteps=   757.2  copy=0.855  A(t)=342  sim=299.8s
epoch    6500  HO=0.2063  meanSteps=   757.3  copy=0.856  A(t)=342  sim=314.1s
epoch    6750  HO=0.2022  meanSteps=   737.8  copy=0.860  A(t)=342  sim=328.1s
epoch    7000  HO=0.1957  meanSteps=   719.9  copy=0.861  A(t)=343  sim=341.8s
epoch    7250  HO=0.1994  meanSteps=   710.3  copy=0.860  A(t)=343  sim=355.5s
epoch    7500  HO=0.1985  meanSteps=   697.3  copy=0.865  A(t)=344  sim=368.8s
epoch    7750  HO=0.2035  meanSteps=   678.0  copy=0.870  A(t)=348  sim=382.3s
epoch    8000  HO=0.2094  meanSteps=   670.0  copy=0.870  A(t)=348  sim=395.5s
epoch    8250  HO=0.2275  meanSteps=   674.5  copy=0.873  A(t)=348  sim=409.2s
epoch    8500  HO=0.2513  meanSteps=   670.8  copy=0.871  A(t)=350  sim=422.6s
epoch    8750  HO=0.2298  meanSteps=   675.4  copy=0.868  A(t)=350  sim=436.0s
epoch    9000  HO=0.2405  meanSteps=   672.0  copy=0.862  A(t)=352  sim=449.3s
epoch    9250  HO=0.2436  meanSteps=   660.9  copy=0.864  A(t)=352  sim=462.5s
epoch    9500  HO=0.2427  meanSteps=   661.3  copy=0.866  A(t)=353  sim=475.8s
epoch    9750  HO=0.2417  meanSteps=   654.3  copy=0.866  A(t)=354  sim=489.1s
epoch   10000  HO=0.2452  meanSteps=   659.4  copy=0.869  A(t)=356  sim=502.3s
epoch   10250  HO=0.2477  meanSteps=   649.3  copy=0.875  A(t)=358  sim=515.5s
epoch   10500  HO=0.2498  meanSteps=   641.1  copy=0.876  A(t)=358  sim=528.5s
epoch   10750  HO=0.2546  meanSteps=   642.7  copy=0.873  A(t)=358  sim=541.6s
epoch   11000  HO=0.2423  meanSteps=   636.4  copy=0.869  A(t)=358  sim=554.5s
epoch   11250  HO=0.2633  meanSteps=   623.0  copy=0.869  A(t)=359  sim=567.5s
epoch   11500  HO=0.2719  meanSteps=   625.2  copy=0.863  A(t)=359  sim=580.3s
epoch   11750  HO=0.2772  meanSteps=   621.9  copy=0.863  A(t)=359  sim=592.8s
epoch   12000  HO=0.2726  meanSteps=   613.5  copy=0.865  A(t)=359  sim=605.3s
epoch   12250  HO=0.2696  meanSteps=   610.4  copy=0.867  A(t)=359  sim=617.6s
epoch   12500  HO=0.2725  meanSteps=   606.1  copy=0.866  A(t)=359  sim=629.9s
epoch   12750  HO=0.2821  meanSteps=   607.1  copy=0.862  A(t)=359  sim=642.3s
epoch   13000  HO=0.2860  meanSteps=   611.3  copy=0.858  A(t)=360  sim=654.8s
epoch   13250  HO=0.2855  meanSteps=   616.7  copy=0.856  A(t)=360  sim=667.4s
epoch   13500  HO=0.2914  meanSteps=   617.1  copy=0.859  A(t)=361  sim=680.2s
epoch   13750  HO=0.2826  meanSteps=   612.4  copy=0.860  A(t)=361  sim=693.2s
epoch   14000  HO=0.2873  meanSteps=   613.6  copy=0.861  A(t)=363  sim=706.0s
epoch   14250  HO=0.2913  meanSteps=   617.5  copy=0.862  A(t)=363  sim=718.7s
epoch   14500  HO=0.2873  meanSteps=   631.0  copy=0.859  A(t)=363  sim=731.7s
epoch   14750  HO=0.2842  meanSteps=   621.0  copy=0.864  A(t)=364  sim=744.8s
epoch   15000  HO=0.2661  meanSteps=   615.1  copy=0.869  A(t)=366  sim=757.6s
epoch   15250  HO=0.2707  meanSteps=   612.5  copy=0.869  A(t)=368  sim=770.2s
epoch   15500  HO=0.2629  meanSteps=   615.3  copy=0.864  A(t)=369  sim=783.2s
epoch   15750  HO=0.2676  meanSteps=   625.7  copy=0.855  A(t)=371  sim=796.1s
epoch   16000  HO=0.2710  meanSteps=   627.7  copy=0.855  A(t)=371  sim=809.1s
done: 16000 epochs in 891.8s wall (809.1s simulating), runs/compat_noheads_s104
