epoch       0  HO=-0.0001  meanSteps=     0.0  copy=0.000  A(t)=0  sim=0.0s
epoch     250  HO=0.0800  meanSteps=   806.3  copy=0.564  A(t)=0  sim=12.8s
epoch     500  HO=0.0810  meanSteps=   810.6  copy=0.687  A(t)=0  sim=26.9s
epoch     750  HO=0.0936  meanSteps=   801.0  copy=0.765  A(t)=0  sim=40.1s
epoch    1000  HO=0.1197  meanSteps=   827.4  copy=0.790  A(t)=0  sim=53.7s
epoch    1250  HO=0.1345  meanSteps=   884.1  copy=0.785  A(t)=201  sim=68.8s
epoch    1500  HO=0.1351  meanSteps=   936.6  copy=0.779  A(t)=219  sim=84.1s
epoch    1750  HO=0.1360  meanSteps=   914.6  copy=0.763  A(t)=236  sim=98.8s
epoch    2000  HO=0.1394  meanSteps=   946.8  copy=0.752  A(t)=259  sim=113.9s
epoch    2250  HO=0.1246  meanSteps=   954.9  copy=0.749  A(t)=276  sim=129.3s
epoch    2500  HO=0.1275  meanSteps=   981.6  copy=0.752  A(t)=287  sim=145.3s
epoch    2750  HO=0.1287  meanSteps=  1026.0  copy=0.751  A(t)=293  sim=161.9s
epoch    3000  HO=0.1406  meanSteps=  1047.9  copy=0.742  A(t)=299  sim=178.3s
epoch    3250  HO=0.1526  meanSteps=  1078.5  copy=0.746  A(t)=301  sim=201.9s
epoch    3500  HO=0.1502  meanSteps=  1113.6  copy=0.751  A(t)=303  sim=236.8s
epoch    3750  HO=0.1539  meanSteps=  1132.9  copy=0.745  A(t)=304  sim=273.0s
epoch    4000  HO=0.1676  meanSteps=  1136.3  copy=0.736  A(t)=305  sim=309.6s
epoch    4250  HO=0.1566  meanSteps=  1150.9  copy=0.734  A(t)=307  sim=346.9s
epoch    4500  HO=0.1553  meanSteps=  1144.1  copy=0.743  A(t)=307  sim=383.1s
epoch    4750  HO=0.1641  meanSteps=  1110.4  copy=0.739  A(t)=307  sim=418.6s
epoch    5000  HO=0.1501  meanSteps=  1098.0  copy=0.736  A(t)=308  sim=453.9s
epoch    5250  HO=0.1726  meanSteps=  1094.5  copy=0.728  A(t)=309  sim=483.5s
epoch    5500  HO=0.1547  meanSteps=  1112.4  copy=0.732  A(t)=310  sim=502.7s
epoch    5750  HO=0.1532  meanSteps=  1113.7  copy=0.737  A(t)=310  sim=521.4s
epoch    6000  HO=0.1554  meanSteps=  1076.9  copy=0.733  A(t)=310  sim=539.9s
epoch    6250  HO=0.1551  meanSteps=  1063.1  copy=0.738  A(t)=312  sim=558.5s
epoch    6500  HO=0.1612  meanSteps=  1043.8  copy=0.740  A(t)=313  sim=577.3s
epoch    6750  HO=0.1430  meanSteps=  1055.4  copy=0.733  A(t)=313  sim=595.9s
epoch    7000  HO=0.1566  meanSteps=  1085.8  copy=0.737  A(t)=313  sim=614.6s
epoch    7250  HO=0.1555  meanSteps=  1082.9  copy=0.743  A(t)=314  sim=634.3s
epoch    7500  HO=0.1529  meanSteps=  1100.0  copy=0.742  A(t)=314  sim=653.6s
epoch    7750  HO=0.1514  meanSteps=  1059.4  copy=0.741  A(t)=314  sim=672.4s
epoch    8000  HO=0.1548  meanSteps=  1083.3  copy=0.745  A(t)=314  sim=691.0s
epoch    8250  HO=0.1495  meanSteps=  1047.5  copy=0.755  A(t)=314  sim=709.6s
epoch    8500  HO=0.1533  meanSteps=  1046.4  copy=0.756  A(t)=314  sim=728.3s
epoch    8750  HO=0.1648  meanSteps=  1052.9  copy=0.749  A(t)=314  sim=747.3s
epoch    9000  HO=0.1470  meanSteps=  1031.8  copy=0.744  A(t)=314  sim=766.2s
epoch    9250  HO=0.1479  meanSteps=  1023.2  copy=0.747  A(t)=314  sim=784.4s
epoch    9500  HO=0.1520  meanSteps=  1018.8  copy=0.753  A(t)=314  sim=802.4s
epoch    9750  HO=0.1455  meanSteps=  1057.2  copy=0.754  A(t)=314  sim=820.9s
epoch   10000  HO=0.1637  meanSteps=  1076.4  copy=0.752  A(t)=314  sim=840.0s
epoch   10250  HO=0.1763  meanSteps=  1119.6  copy=0.748  A(t)=314  sim=860.3s
epoch   10500  HO=0.1571  meanSteps=  1112.5  copy=0.745  A(t)=314  sim=879.9s
epoch   10750  HO=0.1589  meanSteps=  1064.9  copy=0.740  A(t)=315  sim=898.6s
epoch   11000  HO=0.1515  meanSteps=  1081.8  copy=0.752  A(t)=315  sim=917.6s
epoch   11250  HO=0.1419  meanSteps=  1077.3  copy=0.755  A(t)=317  sim=936.6s
epoch   11500  HO=0.1521  meanSteps=  1037.4  copy=0.742  A(t)=317  sim=955.0s
epoch   11750  HO=0.1497  meanSteps=  1052.7  copy=0.739  A(t)=318  sim=973.6s
epoch   12000  HO=0.1550  meanSteps=  1096.1  copy=0.749  A(t)=318  sim=992.5s
epoch   12250  HO=0.1499  meanSteps=  1088.1  copy=0.755  A(t)=318  sim=1011.4s
epoch   12500  HO=0.1598  meanSteps=  1083.5  copy=0.754  A(t)=318  sim=1030.3s
epoch   12750  HO=0.1474  meanSteps=  1078.9  copy=0.754  A(t)=318  sim=1049.7s
epoch   13000  HO=0.1494  meanSteps=  1055.9  copy=0.757  A(t)=318  sim=1068.3s
epoch   13250  HO=0.1458  meanSteps=  1032.2  copy=0.747  A(t)=318  sim=1087.4s
epoch   13500  HO=0.1605  meanSteps=  1085.9  copy=0.744  A(t)=318  sim=1106.4s
epoch   13750  HO=0.1579  meanSteps=  1104.2  copy=0.745  A(t)=318  sim=1126.1s
epoch   14000  HO=0.1666  meanSteps=  1131.2  copy=0.745  A(t)=318  sim=1146.1s
epoch   14250  HO=0.1607  meanSteps=  1124.8  copy=0.747  A(t)=319  sim=1165.8s
epoch   14500  HO=0.1510  meanSteps=  1102.2  copy=0.758  A(t)=319  sim=1184.9s
epoch   14750  HO=0.1349  meanSteps=  1041.1  copy=0.749  A(t)=320  sim=1204.3s
epoch   15000  HO=0.1532  meanSteps=  1031.7  copy=0.752  A(t)=320  sim=1222.5s
epoch   15250  HO=0.1524  meanSteps=  1006.2  copy=0.753  A(t)=321  sim=1240.8s
epoch   15500  HO=0.1393  meanSteps=   994.0  copy=0.761  A(t)=321  sim=1258.7s
epoch   15750  HO=0.1440  meanSteps=  1015.2  copy=0.765  A(t)=321  sim=1276.6s
epoch   16000  HO=0.1498  meanSteps=  1013.5  copy=0.753  A(t)=321  sim=1294.2s
epoch   16250  HO=0.1537  meanSteps=  1045.0  copy=0.745  A(t)=321  sim=1312.8s
