epoch       0  HO=-0.0001  meanSteps=     0.0  copy=0.000  A(t)=0  sim=0.0s
epoch     250  HO=0.0855  meanSteps=   825.1  copy=0.568  A(t)=0  sim=13.1s
epoch     500  HO=0.0722  meanSteps=   801.7  copy=0.686  A(t)=0  sim=26.1s
epoch     750  HO=0.0831  meanSteps=   744.3  copy=0.761  A(t)=0  sim=38.7s
epoch    1000  HO=0.1056  meanSteps=   781.8  copy=0.789  A(t)=0  sim=51.7s
epoch    1250  HO=0.1257  meanSteps=   837.9  copy=0.791  A(t)=200  sim=65.4s
epoch    1500  HO=0.1307  meanSteps=   864.7  copy=0.777  A(t)=209  sim=79.7s
epoch    1750  HO=0.1436  meanSteps=   914.7  copy=0.770  A(t)=226  sim=94.5s
epoch    2000  HO=0.1376  meanSteps=   977.4  copy=0.765  A(t)=247  sim=110.2s
epoch    2250  HO=0.1387  meanSteps=   980.8  copy=0.759  A(t)=267  sim=125.8s
epoch    2500  HO=0.1420  meanSteps=  1009.6  copy=0.748  A(t)=288  sim=141.8s
epoch    2750  HO=0.1347  meanSteps=  1032.8  copy=0.750  A(t)=303  sim=158.3s
epoch    3000  HO=0.1339  meanSteps=  1029.5  copy=0.748  A(t)=304  sim=174.9s
epoch    3250  HO=0.1329  meanSteps=  1034.7  copy=0.739  A(t)=306  sim=191.3s
epoch    3500  HO=0.1360  meanSteps=  1059.2  copy=0.736  A(t)=306  sim=208.4s
epoch    3750  HO=0.1342  meanSteps=  1093.4  copy=0.740  A(t)=306  sim=225.7s
epoch    4000  HO=0.1504  meanSteps=  1088.7  copy=0.735  A(t)=306  sim=242.7s
epoch    4250  HO=0.1579  meanSteps=  1103.5  copy=0.737  A(t)=308  sim=260.0s
epoch    4500  HO=0.1683  meanSteps=  1137.8  copy=0.736  A(t)=309  sim=278.0s
epoch    4750  HO=0.1622  meanSteps=  1155.5  copy=0.735  A(t)=309  sim=295.8s
epoch    5000  HO=0.1581  meanSteps=  1112.0  copy=0.738  A(t)=309  sim=313.4s
epoch    5250  HO=0.1652  meanSteps=  1133.8  copy=0.733  A(t)=309  sim=331.1s
epoch    5500  HO=0.1726  meanSteps=  1157.9  copy=0.743  A(t)=309  sim=349.1s
epoch    5750  HO=0.1637  meanSteps=  1159.5  copy=0.747  A(t)=309  sim=367.0s
epoch    6000  HO=0.1539  meanSteps=  1121.1  copy=0.743  A(t)=312  sim=384.7s
epoch    6250  HO=0.1648  meanSteps=  1121.9  copy=0.743  A(t)=314  sim=402.2s
epoch    6500  HO=0.1557  meanSteps=  1104.3  copy=0.733  A(t)=314  sim=419.7s
epoch    6750  HO=0.1478  meanSteps=  1118.7  copy=0.730  A(t)=315  sim=437.2s
epoch    7000  HO=0.1553  meanSteps=  1109.6  copy=0.736  A(t)=315  sim=454.7s
epoch    7250  HO=0.1641  meanSteps=  1074.0  copy=0.739  A(t)=315  sim=471.7s
epoch    7500  HO=0.1678  meanSteps=  1093.8  copy=0.741  A(t)=315  sim=489.0s
epoch    7750  HO=0.1576  meanSteps=  1104.0  copy=0.734  A(t)=315  sim=506.3s
epoch    8000  HO=4.6072  meanSteps=  2017.4  copy=0.791  A(t)=315  sim=533.8s
epoch    8250  HO=5.0452  meanSteps=  6460.1  copy=0.994  A(t)=315  sim=613.1s
epoch    8500  HO=5.1908  meanSteps=  7811.7  copy=0.998  A(t)=315  sim=706.8s
epoch    8750  HO=5.2942  meanSteps=  7834.7  copy=0.998  A(t)=315  sim=800.8s
epoch    9000  HO=5.4398  meanSteps=  7739.7  copy=0.998  A(t)=528  sim=947.4s
takeover detected at epoch 9000; running to 9500
epoch    9250  HO=5.5706  meanSteps=  7620.4  copy=0.998  A(t)=996  sim=1092.1s
epoch    9500  HO=5.6893  meanSteps=  7862.9  copy=0.998  A(t)=1367  sim=1237.4s
done: 9500 epochs in 1280.3s wall (1237.4s simulating), runs/compat_cubff_s15
