epoch       0  HO=-0.0001  meanSteps=     0.0  copy=0.000  A(t)=0  sim=0.0s
epoch     250  HO=0.0811  meanSteps=   825.0  copy=0.560  A(t)=0  sim=13.1s
epoch     500  HO=0.0903  meanSteps=   852.0  copy=0.663  A(t)=0  sim=26.7s
epoch     750  HO=0.1037  meanSteps=   864.8  copy=0.728  A(t)=0  sim=40.8s
epoch    1000  HO=0.1191  meanSteps=   835.6  copy=0.761  A(t)=0  sim=54.3s
epoch    1250  HO=0.1299  meanSteps=   882.5  copy=0.772  A(t)=203  sim=68.6s
epoch    1500  HO=0.1440  meanSteps=   928.5  copy=0.768  A(t)=219  sim=83.3s
epoch    1750  HO=0.1259  meanSteps=   962.6  copy=0.770  A(t)=233  sim=98.8s
epoch    2000  HO=0.1324  meanSteps=   968.1  copy=0.765  A(t)=249  sim=114.4s
epoch    2250  HO=0.1297  meanSteps=   966.5  copy=0.762  A(t)=267  sim=130.0s
epoch    2500  HO=0.1205  meanSteps=   992.6  copy=0.758  A(t)=281  sim=145.9s
epoch    2750  HO=0.1271  meanSteps=  1033.1  copy=0.753  A(t)=288  sim=162.3s
epoch    3000  HO=0.1279  meanSteps=  1061.1  copy=0.753  A(t)=296  sim=178.9s
epoch    3250  HO=0.1378  meanSteps=  1048.8  copy=0.749  A(t)=296  sim=195.7s
epoch    3500  HO=0.1382  meanSteps=  1035.2  copy=0.752  A(t)=297  sim=212.2s
epoch    3750  HO=0.1430  meanSteps=  1061.3  copy=0.744  A(t)=300  sim=229.2s
epoch    4000  HO=0.1467  meanSteps=  1086.8  copy=0.740  A(t)=301  sim=246.4s
epoch    4250  HO=0.1489  meanSteps=  1129.9  copy=0.741  A(t)=301  sim=263.9s
epoch    4500  HO=0.1476  meanSteps=  1135.9  copy=0.739  A(t)=302  sim=281.8s
epoch    4750  HO=0.1501  meanSteps=  1101.3  copy=0.741  A(t)=302  sim=298.8s
epoch    5000  HO=0.1386  meanSteps=  1064.6  copy=0.744  A(t)=305  sim=315.6s
epoch    5250  HO=0.1446  meanSteps=  1022.1  copy=0.754  A(t)=305  sim=332.0s
epoch    5500  HO=4.8017  meanSteps=  3788.9  copy=0.862  A(t)=305  sim=378.0s
epoch    5750  HO=4.8991  meanSteps=  8173.6  copy=0.999  A(t)=305  sim=472.8s
epoch    6000  HO=5.0393  meanSteps=  8173.8  copy=0.999  A(t)=305  sim=566.9s
epoch    6250  HO=5.2019  meanSteps=  8172.7  copy=0.999  A(t)=305  sim=661.0s
epoch    6500  HO=5.3845  meanSteps=  8172.2  copy=0.999  A(t)=970  sim=754.5s
takeover detected at epoch 6500; running to 7000
epoch    6750  HO=5.4727  meanSteps=  8171.8  copy=0.999  A(t)=1441  sim=848.4s
epoch    7000  HO=5.6180  meanSteps=  8169.8  copy=0.999  A(t)=1812  sim=942.0s
done: 7000 epochs in 973.8s wall (942.0s simulating), runs/compat_cubff_s14
