epoch       0  HO=-0.0001  meanSteps=     0.0  copy=0.000  A(t)=0  sim=0.0s
epoch     250  HO=0.0853  meanSteps=   840.8  copy=0.563  A(t)=0  sim=13.6s
epoch     500  HO=0.0902  meanSteps=   847.3  copy=0.678  A(t)=0  sim=27.3s
epoch     750  HO=0.0968  meanSteps=   829.1  copy=0.753  A(t)=0  sim=40.7s
epoch    1000  HO=0.1160  meanSteps=   808.4  copy=0.782  A(t)=0  sim=54.0s
epoch    1250  HO=0.1175  meanSteps=   828.2  copy=0.787  A(t)=208  sim=67.7s
epoch    1500  HO=0.1139  meanSteps=   866.4  copy=0.785  A(t)=218  sim=81.6s
epoch    1750  HO=0.1165  meanSteps=   878.1  copy=0.774  A(t)=229  sim=96.0s
epoch    2000  HO=0.1056  meanSteps=   900.4  copy=0.771  A(t)=242  sim=110.6s
epoch    2250  HO=0.1175  meanSteps=   924.9  copy=0.765  A(t)=258  sim=125.6s
epoch    2500  HO=0.1334  meanSteps=   945.0  copy=0.761  A(t)=276  sim=141.0s
epoch    2750  HO=0.1325  meanSteps=  1005.6  copy=0.759  A(t)=286  sim=157.0s
epoch    3000  HO=0.1341  meanSteps=  1022.1  copy=0.753  A(t)=291  sim=173.2s
epoch    3250  HO=0.1212  meanSteps=  1016.5  copy=0.745  A(t)=296  sim=189.3s
epoch    3500  HO=0.1531  meanSteps=  1036.0  copy=0.745  A(t)=300  sim=205.7s
epoch    3750  HO=0.1254  meanSteps=  1014.6  copy=0.750  A(t)=300  sim=221.9s
epoch    4000  HO=0.1276  meanSteps=   991.2  copy=0.753  A(t)=301  sim=238.1s
epoch    4250  HO=0.1335  meanSteps=  1009.6  copy=0.750  A(t)=302  sim=254.5s
epoch    4500  HO=0.1463  meanSteps=  1057.3  copy=0.752  A(t)=303  sim=271.4s
epoch    4750  HO=0.1403  meanSteps=  1045.4  copy=0.753  A(t)=304  sim=288.1s
epoch    5000  HO=0.1467  meanSteps=  1020.9  copy=0.745  A(t)=307  sim=304.6s
epoch    5250  HO=0.1452  meanSteps=  1042.7  copy=0.736  A(t)=310  sim=321.4s
epoch    5500  HO=0.1406  meanSteps=  1064.0  copy=0.736  A(t)=311  sim=338.2s
epoch    5750  HO=0.1554  meanSteps=  1092.3  copy=0.736  A(t)=312  sim=355.3s
epoch    6000  HO=0.1492  meanSteps=  1122.6  copy=0.734  A(t)=312  sim=372.8s
epoch    6250  HO=0.1520  meanSteps=  1109.4  copy=0.727  A(t)=312  sim=390.0s
epoch    6500  HO=0.1509  meanSteps=  1090.3  copy=0.727  A(t)=313  sim=407.1s
epoch    6750  HO=0.1594  meanSteps=  1149.8  copy=0.724  A(t)=313  sim=425.0s
epoch    7000  HO=0.1670  meanSteps=  1136.3  copy=0.730  A(t)=313  sim=442.7s
epoch    7250  HO=0.1745  meanSteps=  1138.2  copy=0.736  A(t)=314  sim=460.5s
epoch    7500  HO=0.1646  meanSteps=  1117.0  copy=0.741  A(t)=314  sim=478.0s
epoch    7750  HO=0.1521  meanSteps=  1129.9  copy=0.739  A(t)=316  sim=495.4s
epoch    8000  HO=0.1435  meanSteps=  1118.7  copy=0.731  A(t)=316  sim=513.0s
epoch    8250  HO=0.1550  meanSteps=  1090.1  copy=0.732  A(t)=316  sim=530.3s
epoch    8500  HO=0.1699  meanSteps=  1118.1  copy=0.729  A(t)=317  sim=547.7s
epoch    8750  HO=0.1691  meanSteps=  1118.2  copy=0.728  A(t)=317  sim=565.1s
epoch    9000  HO=0.1518  meanSteps=  1077.7  copy=0.729  A(t)=318  sim=582.2s
epoch    9250  HO=0.1570  meanSteps=  1101.3  copy=0.737  A(t)=318  sim=599.3s
epoch    9500  HO=0.1584  meanSteps=  1085.3  copy=0.735  A(t)=318  sim=616.4s
epoch    9750  HO=0.1580  meanSteps=  1078.9  copy=0.740  A(t)=318  sim=633.4s
epoch   10000  HO=0.1448  meanSteps=  1067.9  copy=0.742  A(t)=318  sim=650.0s
epoch   10250  HO=0.1467  meanSteps=  1069.3  copy=0.731  A(t)=318  sim=666.7s
epoch   10500  HO=0.1398  meanSteps=  1032.8  copy=0.733  A(t)=318  sim=683.1s
epoch   10750  HO=0.1515  meanSteps=  1086.6  copy=0.736  A(t)=318  sim=700.2s
epoch   11000  HO=0.1456  meanSteps=  1061.9  copy=0.740  A(t)=318  sim=717.0s
epoch   11250  HO=0.1539  meanSteps=  1065.6  copy=0.735  A(t)=318  sim=733.6s
epoch   11500  HO=0.1493  meanSteps=  1076.9  copy=0.729  A(t)=318  sim=750.4s
epoch   11750  HO=0.1487  meanSteps=  1079.3  copy=0.732  A(t)=319  sim=767.4s
epoch   12000  HO=0.1491  meanSteps=  1055.8  copy=0.734  A(t)=319  sim=784.2s
epoch   12250  HO=0.1483  meanSteps=  1035.2  copy=0.742  A(t)=319  sim=800.9s
epoch   12500  HO=0.1510  meanSteps=  1061.2  copy=0.745  A(t)=319  sim=817.7s
epoch   12750  HO=0.1488  meanSteps=  1034.5  copy=0.746  A(t)=321  sim=834.2s
epoch   13000  HO=0.1440  meanSteps=  1022.8  copy=0.742  A(t)=321  sim=850.3s
epoch   13250  HO=0.1549  meanSteps=  1054.7  copy=0.744  A(t)=321  sim=866.9s
epoch   13500  HO=0.1616  meanSteps=  1089.4  copy=0.739  A(t)=321  sim=883.9s
epoch   13750  HO=0.1423  meanSteps=  1070.2  copy=0.733  A(t)=321  sim=900.8s
epoch   14000  HO=0.1480  meanSteps=  1074.6  copy=0.734  A(t)=321  sim=917.9s
epoch   14250  HO=0.1472  meanSteps=  1052.4  copy=0.740  A(t)=321  sim=934.6s
epoch   14500  HO=0.1546  meanSteps=  1054.4  copy=0.744  A(t)=321  sim=951.2s
epoch   14750  HO=0.1471  meanSteps=  1064.1  copy=0.741  A(t)=322  sim=968.2s
epoch   15000  HO=0.1562  meanSteps=  1067.2  copy=0.749  A(t)=322  sim=985.0s
epoch   15250  HO=0.1501  meanSteps=  1082.6  copy=0.749  A(t)=322  sim=1002.1s
epoch   15500  HO=0.1524  meanSteps=  1088.6  copy=0.749  A(t)=322  sim=1019.3s
epoch   15750  HO=0.1555  meanSteps=  1084.6  copy=0.749  A(t)=322  sim=1036.5s
epoch   16000  HO=0.1457  meanSteps=  1056.9  copy=0.755  A(t)=322  sim=1053.2s
done: 16000 epochs in 1135.8s wall (1053.2s simulating), runs/compat_cubff_s17
