epoch       0  HO=-0.0001  meanSteps=     0.0  copy=0.000  A(t)=0  sim=0.0s
epoch     250  HO=0.0823  meanSteps=   812.9  copy=0.566  A(t)=0  sim=13.0s
epoch     500  HO=0.0832  meanSteps=   814.9  copy=0.687  A(t)=0  sim=26.0s
epoch     750  HO=0.1084  meanSteps=   834.2  copy=0.764  A(t)=0  sim=39.3s
epoch    1000  HO=0.1228  meanSteps=   879.8  copy=0.791  A(t)=0  sim=53.5s
epoch    1250  HO=0.1398  meanSteps=   906.8  copy=0.798  A(t)=219  sim=68.1s
epoch    1500  HO=0.1334  meanSteps=   911.5  copy=0.791  A(t)=225  sim=82.7s
epoch    1750  HO=0.1280  meanSteps=   898.8  copy=0.780  A(t)=242  sim=97.2s
epoch    2000  HO=0.1271  meanSteps=   912.0  copy=0.765  A(t)=255  sim=112.0s
epoch    2250  HO=0.1313  meanSteps=   943.8  copy=0.754  A(t)=268  sim=127.1s
epoch    2500  HO=0.1401  meanSteps=  1017.0  copy=0.748  A(t)=283  sim=143.1s
epoch    2750  HO=0.1334  meanSteps=  1044.8  copy=0.743  A(t)=293  sim=159.6s
epoch    3000  HO=0.1284  meanSteps=  1043.6  copy=0.736  A(t)=296  sim=176.1s
epoch    3250  HO=0.1318  meanSteps=  1020.2  copy=0.735  A(t)=301  sim=192.4s
epoch    3500  HO=0.1475  meanSteps=  1076.9  copy=0.734  A(t)=307  sim=209.4s
epoch    3750  HO=0.1560  meanSteps=  1115.9  copy=0.737  A(t)=307  sim=226.6s
epoch    4000  HO=5.6902  meanSteps=  2369.6  copy=0.790  A(t)=307  sim=257.9s
epoch    4250  HO=5.8466  meanSteps=  8106.7  copy=1.000  A(t)=307  sim=352.7s
epoch    4500  HO=6.0434  meanSteps=  8114.6  copy=1.000  A(t)=307  sim=447.5s
epoch    4750  HO=6.1448  meanSteps=  8143.0  copy=1.000  A(t)=307  sim=542.9s
epoch    5000  HO=6.1971  meanSteps=  8139.2  copy=1.000  A(t)=812  sim=637.8s
takeover detected at epoch 5000; running to 5500
epoch    5250  HO=6.2843  meanSteps=  8121.0  copy=1.000  A(t)=1205  sim=732.3s
epoch    5500  HO=6.3530  meanSteps=  8114.9  copy=1.000  A(t)=1607  sim=826.8s
done: 5500 epochs in 854.5s wall (826.8s simulating), runs/compat_cubff_s12
