epoch       0  HO=-0.0060  meanSteps=     0.0  copy=0.000  A(t)=0  sim=0.0s
epoch      50  HO=0.0916  meanSteps=  1355.1  copy=0.546  A(t)=0  sim=0.2s
epoch     100  HO=0.1921  meanSteps=  1457.9  copy=0.580  A(t)=0  sim=0.4s
epoch     150  HO=0.2526  meanSteps=  1501.0  copy=0.600  A(t)=0  sim=0.6s
epoch     200  HO=0.3159  meanSteps=  1472.2  copy=0.601  A(t)=0  sim=0.8s
epoch     250  HO=0.3962  meanSteps=  1442.7  copy=0.616  A(t)=6  sim=1.0s
epoch     300  HO=0.4590  meanSteps=  1458.6  copy=0.606  A(t)=7  sim=1.1s
epoch     350  HO=0.5127  meanSteps=  1413.3  copy=0.606  A(t)=8  sim=1.3s
epoch     400  HO=0.5651  meanSteps=  1372.4  copy=0.601  A(t)=8  sim=1.5s
epoch     450  HO=0.5813  meanSteps=  1349.9  copy=0.595  A(t)=10  sim=1.7s
epoch     500  HO=0.6266  meanSteps=  1338.0  copy=0.589  A(t)=13  sim=1.8s
epoch     550  HO=0.6465  meanSteps=  1329.0  copy=0.584  A(t)=14  sim=2.0s
epoch     600  HO=0.6837  meanSteps=  1302.7  copy=0.575  A(t)=14  sim=2.2s
epoch     650  HO=0.7238  meanSteps=  1289.6  copy=0.586  A(t)=17  sim=2.4s
epoch     700  HO=0.7480  meanSteps=  1277.7  copy=0.584  A(t)=21  sim=2.5s
epoch     750  HO=0.7634  meanSteps=  1249.4  copy=0.577  A(t)=22  sim=2.7s
epoch     800  HO=0.7799  meanSteps=  1231.4  copy=0.572  A(t)=23  sim=2.9s
epoch     850  HO=0.8050  meanSteps=  1213.3  copy=0.574  A(t)=26  sim=3.1s
epoch     900  HO=0.8150  meanSteps=  1225.9  copy=0.572  A(t)=27  sim=3.3s
epoch     950  HO=0.8291  meanSteps=  1209.9  copy=0.581  A(t)=28  sim=3.4s
epoch    1000  HO=0.8402  meanSteps=  1181.4  copy=0.575  A(t)=31  sim=3.6s
epoch    1050  HO=0.8712  meanSteps=  1137.2  copy=0.573  A(t)=31  sim=3.8s
epoch    1100  HO=0.8806  meanSteps=  1088.7  copy=0.576  A(t)=37  sim=3.9s
epoch    1150  HO=0.9145  meanSteps=  1045.2  copy=0.576  A(t)=39  sim=4.1s
epoch    1200  HO=0.9174  meanSteps=  1015.0  copy=0.577  A(t)=46  sim=4.2s
epoch    1250  HO=0.9306  meanSteps=  1014.2  copy=0.574  A(t)=52  sim=4.4s
epoch    1300  HO=0.9307  meanSteps=   909.7  copy=0.593  A(t)=58  sim=4.5s
epoch    1350  HO=0.9667  meanSteps=   839.6  copy=0.601  A(t)=76  sim=4.7s
epoch    1400  HO=1.0068  meanSteps=   808.0  copy=0.585  A(t)=80  sim=4.8s
epoch    1450  HO=1.0224  meanSteps=   775.1  copy=0.606  A(t)=88  sim=4.9s
epoch    1500  HO=1.0623  meanSteps=   793.1  copy=0.617  A(t)=96  sim=5.1s
epoch    1550  HO=1.0789  meanSteps=   795.1  copy=0.632  A(t)=104  sim=5.2s
epoch    1600  HO=1.0648  meanSteps=   753.8  copy=0.648  A(t)=111  sim=5.3s
epoch    1650  HO=1.0823  meanSteps=   727.7  copy=0.647  A(t)=144  sim=5.5s
epoch    1700  HO=1.0691  meanSteps=   706.4  copy=0.649  A(t)=173  sim=5.6s
epoch    1750  HO=1.0608  meanSteps=   725.4  copy=0.660  A(t)=181  sim=5.7s
epoch    1800  HO=1.0339  meanSteps=   763.4  copy=0.656  A(t)=190  sim=5.9s
epoch    1850  HO=1.0036  meanSteps=   742.5  copy=0.650  A(t)=193  sim=6.0s
epoch    1900  HO=1.0460  meanSteps=   780.1  copy=0.653  A(t)=216  sim=6.1s
epoch    1950  HO=1.0388  meanSteps=   754.1  copy=0.651  A(t)=226  sim=6.3s
epoch    2000  HO=1.0083  meanSteps=   707.6  copy=0.647  A(t)=238  sim=6.4s
epoch    2050  HO=0.9969  meanSteps=   689.9  copy=0.657  A(t)=250  sim=6.5s
epoch    2100  HO=0.9845  meanSteps=   672.8  copy=0.662  A(t)=260  sim=6.6s
epoch    2150  HO=0.9892  meanSteps=   634.6  copy=0.666  A(t)=278  sim=6.7s
epoch    2200  HO=0.9910  meanSteps=   619.8  copy=0.658  A(t)=281  sim=6.8s
epoch    2250  HO=1.0046  meanSteps=   592.2  copy=0.662  A(t)=296  sim=7.0s
epoch    2300  HO=0.9752  meanSteps=   549.3  copy=0.689  A(t)=321  sim=7.1s
epoch    2350  HO=0.9339  meanSteps=   534.9  copy=0.697  A(t)=338  sim=7.2s
epoch    2400  HO=0.9536  meanSteps=   539.8  copy=0.714  A(t)=347  sim=7.3s
epoch    2450  HO=0.9598  meanSteps=   532.9  copy=0.718  A(t)=359  sim=7.4s
epoch    2500  HO=0.9529  meanSteps=   502.8  copy=0.722  A(t)=362  sim=7.5s
epoch    2550  HO=0.9198  meanSteps=   478.9  copy=0.741  A(t)=371  sim=7.6s
epoch    2600  HO=0.8972  meanSteps=   456.6  copy=0.739  A(t)=388  sim=7.7s
epoch    2650  HO=0.9524  meanSteps=   416.4  copy=0.732  A(t)=417  sim=7.8s
epoch    2700  HO=0.9269  meanSteps=   398.5  copy=0.727  A(t)=422  sim=7.9s
epoch    2750  HO=0.9076  meanSteps=   398.0  copy=0.730  A(t)=427  sim=8.0s
epoch    2800  HO=0.8706  meanSteps=   356.9  copy=0.734  A(t)=434  sim=8.1s
epoch    2850  HO=0.8498  meanSteps=   345.9  copy=0.728  A(t)=436  sim=8.2s
epoch    2900  HO=0.8027  meanSteps=   343.8  copy=0.727  A(t)=437  sim=8.3s
epoch    2950  HO=0.7634  meanSteps=   308.4  copy=0.724  A(t)=440  sim=8.4s
epoch    3000  HO=0.7983  meanSteps=   290.4  copy=0.736  A(t)=443  sim=8.5s
epoch    3050  HO=0.8286  meanSteps=   288.1  copy=0.741  A(t)=449  sim=8.6s
epoch    3100  HO=0.8291  meanSteps=   287.1  copy=0.739  A(t)=449  sim=8.6s
epoch    3150  HO=0.8048  meanSteps=   261.3  copy=0.747  A(t)=459  sim=8.7s
epoch    3200  HO=0.7495  meanSteps=   251.6  copy=0.758  A(t)=477  sim=8.8s
epoch    3250  HO=0.7207  meanSteps=   248.9  copy=0.742  A(t)=486  sim=8.9s
epoch    3300  HO=0.7308  meanSteps=   237.0  copy=0.743  A(t)=496  sim=9.0s
epoch    3350  HO=0.6740  meanSteps=   229.6  copy=0.728  A(t)=516  sim=9.1s
epoch    3400  HO=0.6556  meanSteps=   219.8  copy=0.713  A(t)=529  sim=9.1s
epoch    3450  HO=0.6339  meanSteps=   213.0  copy=0.732  A(t)=543  sim=9.2s
epoch    3500  HO=0.6034  meanSteps=   183.5  copy=0.743  A(t)=551  sim=9.3s
epoch    3550  HO=0.5622  meanSteps=   182.4  copy=0.742  A(t)=564  sim=9.4s
epoch    3600  HO=0.5893  meanSteps=   178.0  copy=0.757  A(t)=567  sim=9.5s
epoch    3650  HO=0.5964  meanSteps=   190.1  copy=0.746  A(t)=579  sim=9.5s
epoch    3700  HO=0.5816  meanSteps=   202.0  copy=0.750  A(t)=587  sim=9.6s
epoch    3750  HO=0.6244  meanSteps=   198.1  copy=0.765  A(t)=604  sim=9.7s
epoch    3800  HO=0.6145  meanSteps=   185.4  copy=0.769  A(t)=610  sim=9.8s
epoch    3850  HO=0.5595  meanSteps=   183.5  copy=0.779  A(t)=610  sim=9.8s
epoch    3900  HO=0.6263  meanSteps=   162.4  copy=0.783  A(t)=610  sim=9.9s
epoch    3950  HO=0.6304  meanSteps=   160.7  copy=0.802  A(t)=614  sim=10.0s
epoch    4000  HO=0.5791  meanSteps=   149.5  copy=0.812  A(t)=617  sim=10.1s
epoch    4050  HO=0.5793  meanSteps=   150.7  copy=0.818  A(t)=623  sim=10.2s
epoch    4100  HO=0.5575  meanSteps=   151.8  copy=0.843  A(t)=635  sim=10.2s
epoch    4150  HO=0.6058  meanSteps=   151.5  copy=0.837  A(t)=637  sim=10.3s
epoch    4200  HO=0.5424  meanSteps=   148.7  copy=0.833  A(t)=638  sim=10.4s
epoch    4250  HO=0.5630  meanSteps=   151.1  copy=0.841  A(t)=640  sim=10.5s
epoch    4300  HO=0.5509  meanSteps=   151.8  copy=0.835  A(t)=640  sim=10.5s
epoch    4350  HO=0.5443  meanSteps=   144.6  copy=0.837  A(t)=640  sim=10.6s
epoch    4400  HO=0.4802  meanSteps=   145.4  copy=0.820  A(t)=644  sim=10.7s
epoch    4450  HO=0.5001  meanSteps=   144.8  copy=0.802  A(t)=652  sim=10.7s
epoch    4500  HO=0.5007  meanSteps=   144.4  copy=0.802  A(t)=660  sim=10.8s
epoch    4550  HO=0.5125  meanSteps=   145.0  copy=0.829  A(t)=661  sim=10.9s
epoch    4600  HO=0.4747  meanSteps=   145.4  copy=0.815  A(t)=661  sim=11.0s
epoch    4650  HO=0.4555  meanSteps=   145.1  copy=0.832  A(t)=670  sim=11.0s
epoch    4700  HO=0.4426  meanSteps=   144.4  copy=0.841  A(t)=671  sim=11.1s
epoch    4750  HO=0.4295  meanSteps=   146.7  copy=0.851  A(t)=671  sim=11.2s
epoch    4800  HO=0.4628  meanSteps=   144.0  copy=0.846  A(t)=671  sim=11.2s
epoch    4850  HO=0.4409  meanSteps=   128.5  copy=0.843  A(t)=677  sim=11.3s
epoch    4900  HO=0.4489  meanSteps=   135.3  copy=0.835  A(t)=692  sim=11.4s
epoch    4950  HO=0.4404  meanSteps=   144.1  copy=0.835  A(t)=692  sim=11.5s
epoch    5000  HO=0.4321  meanSteps=   145.5  copy=0.844  A(t)=692  sim=11.5s
epoch    5050  HO=0.4464  meanSteps=   143.8  copy=0.830  A(t)=695  sim=11.6s
epoch    5100  HO=0.4068  meanSteps=   144.4  copy=0.811  A(t)=704  sim=11.7s
epoch    5150  HO=0.4498  meanSteps=   152.3  copy=0.816  A(t)=713  sim=11.7s
epoch    5200  HO=0.4213  meanSteps=   149.1  copy=0.808  A(t)=722  sim=11.8s
epoch    5250  HO=0.4555  meanSteps=   147.6  copy=0.809  A(t)=728  sim=11.9s
epoch    5300  HO=0.4257  meanSteps=   144.2  copy=0.799  A(t)=731  sim=12.0s
epoch    5350  HO=0.4375  meanSteps=   135.3  copy=0.807  A(t)=739  sim=12.0s
epoch    5400  HO=0.4464  meanSteps=   128.9  copy=0.801  A(t)=742  sim=12.1s
epoch    5450  HO=0.4371  meanSteps=   128.8  copy=0.805  A(t)=756  sim=12.2s
epoch    5500  HO=0.4453  meanSteps=   128.8  copy=0.811  A(t)=763  sim=12.3s
epoch    5550  HO=0.4088  meanSteps=   128.7  copy=0.815  A(t)=766  sim=12.3s
epoch    5600  HO=0.3634  meanSteps=   128.9  copy=0.811  A(t)=768  sim=12.4s
epoch    5650  HO=0.3971  meanSteps=   128.9  copy=0.793  A(t)=777  sim=12.5s
epoch    5700  HO=0.3985  meanSteps=   129.0  copy=0.790  A(t)=785  sim=12.5s
epoch    5750  HO=0.3405  meanSteps=   128.8  copy=0.791  A(t)=800  sim=12.6s
epoch    5800  HO=0.3645  meanSteps=   128.8  copy=0.801  A(t)=810  sim=12.7s
epoch    5850  HO=0.3530  meanSteps=   128.8  copy=0.793  A(t)=811  sim=12.7s
epoch    5900  HO=0.3646  meanSteps=   128.8  copy=0.798  A(t)=818  sim=12.8s
epoch    5950  HO=0.3459  meanSteps=   128.6  copy=0.809  A(t)=822  sim=12.9s
epoch    6000  HO=0.3093  meanSteps=   128.5  copy=0.791  A(t)=822  sim=13.0s
epoch    6050  HO=0.3059  meanSteps=   128.5  copy=0.802  A(t)=837  sim=13.0s
epoch    6100  HO=0.2999  meanSteps=   130.1  copy=0.817  A(t)=839  sim=13.1s
epoch    6150  HO=0.3125  meanSteps=   130.7  copy=0.813  A(t)=846  sim=13.2s
epoch    6200  HO=0.3033  meanSteps=   131.5  copy=0.805  A(t)=846  sim=13.2s
epoch    6250  HO=0.2344  meanSteps=   129.8  copy=0.821  A(t)=847  sim=13.3s
epoch    6300  HO=0.2452  meanSteps=   131.3  copy=0.806  A(t)=864  sim=13.4s
epoch    6350  HO=0.2403  meanSteps=   130.3  copy=0.790  A(t)=874  sim=13.4s
epoch    6400  HO=0.2063  meanSteps=   130.9  copy=0.790  A(t)=875  sim=13.5s
epoch    6450  HO=0.2282  meanSteps=   130.9  copy=0.789  A(t)=878  sim=13.6s
epoch    6500  HO=0.1996  meanSteps=   129.6  copy=0.802  A(t)=882  sim=13.6s
epoch    6550  HO=0.2239  meanSteps=   129.3  copy=0.816  A(t)=883  sim=13.7s
epoch    6600  HO=0.2363  meanSteps=   128.4  copy=0.834  A(t)=884  sim=13.8s
epoch    6650  HO=0.2609  meanSteps=   128.4  copy=0.825  A(t)=887  sim=13.8s
epoch    6700  HO=0.2611  meanSteps=   128.5  copy=0.848  A(t)=896  sim=13.9s
epoch    6750  HO=0.2318  meanSteps=   128.8  copy=0.843  A(t)=899  sim=14.0s
epoch    6800  HO=0.2620  meanSteps=   128.8  copy=0.834  A(t)=900  sim=14.0s
epoch    6850  HO=0.2895  meanSteps=   128.7  copy=0.831  A(t)=900  sim=14.1s
epoch    6900  HO=0.2783  meanSteps=   128.7  copy=0.843  A(t)=909  sim=14.2s
epoch    6950  HO=0.3119  meanSteps=   128.6  copy=0.820  A(t)=916  sim=14.3s
epoch    7000  HO=0.3250  meanSteps=   140.5  copy=0.814  A(t)=917  sim=14.3s
epoch    7050  HO=0.3599  meanSteps=   130.7  copy=0.820  A(t)=923  sim=14.4s
epoch    7100  HO=0.3188  meanSteps=   128.7  copy=0.822  A(t)=930  sim=14.5s
epoch    7150  HO=0.2673  meanSteps=   128.8  copy=0.836  A(t)=932  sim=14.5s
epoch    7200  HO=0.2793  meanSteps=   128.9  copy=0.837  A(t)=943  sim=14.6s
epoch    7250  HO=0.2333  meanSteps=   128.9  copy=0.836  A(t)=944  sim=14.7s
epoch    7300  HO=0.2134  meanSteps=   128.9  copy=0.838  A(t)=951  sim=14.7s
epoch    7350  HO=0.2154  meanSteps=   128.9  copy=0.828  A(t)=951  sim=14.8s
epoch    7400  HO=0.2332  meanSteps=   128.8  copy=0.839  A(t)=959  sim=14.9s
epoch    7450  HO=0.2634  meanSteps=   129.1  copy=0.824  A(t)=959  sim=15.0s
epoch    7500  HO=0.2592  meanSteps=   129.6  copy=0.815  A(t)=963  sim=15.0s
epoch    7550  HO=0.2363  meanSteps=   128.7  copy=0.817  A(t)=969  sim=15.1s
epoch    7600  HO=0.2459  meanSteps=   128.7  copy=0.821  A(t)=971  sim=15.2s
epoch    7650  HO=0.1982  meanSteps=   128.6  copy=0.800  A(t)=982  sim=15.2s
epoch    7700  HO=0.2218  meanSteps=   128.3  copy=0.785  A(t)=987  sim=15.3s
epoch    7750  HO=0.2278  meanSteps=   128.2  copy=0.776  A(t)=990  sim=15.4s
epoch    7800  HO=0.1563  meanSteps=   128.4  copy=0.789  A(t)=1013  sim=15.4s
epoch    7850  HO=0.1404  meanSteps=   128.5  copy=0.785  A(t)=1019  sim=15.5s
epoch    7900  HO=0.1635  meanSteps=   128.5  copy=0.786  A(t)=1023  sim=15.6s
epoch    7950  HO=0.2021  meanSteps=   128.5  copy=0.779  A(t)=1025  sim=15.6s
epoch    8000  HO=0.1898  meanSteps=   128.4  copy=0.782  A(t)=1025  sim=15.7s
epoch    8050  HO=0.2054  meanSteps=   128.0  copy=0.781  A(t)=1025  sim=15.8s
epoch    8100  HO=0.2070  meanSteps=   128.1  copy=0.774  A(t)=1025  sim=15.8s
epoch    8150  HO=0.2423  meanSteps=   128.0  copy=0.776  A(t)=1025  sim=15.9s
epoch    8200  HO=0.2074  meanSteps=   128.2  copy=0.776  A(t)=1032  sim=16.0s
epoch    8250  HO=0.1524  meanSteps=   128.2  copy=0.756  A(t)=1036  sim=16.1s
epoch    8300  HO=0.1597  meanSteps=   128.2  copy=0.766  A(t)=1044  sim=16.1s
epoch    8350  HO=0.1467  meanSteps=   128.3  copy=0.787  A(t)=1047  sim=16.2s
epoch    8400  HO=0.1117  meanSteps=   128.4  copy=0.783  A(t)=1063  sim=16.3s
epoch    8450  HO=0.0965  meanSteps=   128.3  copy=0.778  A(t)=1064  sim=16.3s
epoch    8500  HO=0.0875  meanSteps=   128.2  copy=0.787  A(t)=1064  sim=16.4s
epoch    8550  HO=0.1129  meanSteps=   128.4  copy=0.775  A(t)=1072  sim=16.5s
epoch    8600  HO=0.0575  meanSteps=   128.3  copy=0.783  A(t)=1073  sim=16.5s
epoch    8650  HO=0.0316  meanSteps=   128.2  copy=0.779  A(t)=1076  sim=16.6s
epoch    8700  HO=0.0479  meanSteps=   128.5  copy=0.771  A(t)=1084  sim=16.7s
epoch    8750  HO=-0.0202  meanSteps=   128.8  copy=0.780  A(t)=1098  sim=16.7s
epoch    8800  HO=0.0007  meanSteps=   128.9  copy=0.809  A(t)=1107  sim=16.8s
epoch    8850  HO=0.0673  meanSteps=   128.8  copy=0.834  A(t)=1121  sim=16.9s
epoch    8900  HO=0.0130  meanSteps=   128.8  copy=0.816  A(t)=1131  sim=16.9s
epoch    8950  HO=0.1072  meanSteps=   129.1  copy=0.828  A(t)=1139  sim=17.0s
epoch    9000  HO=0.0146  meanSteps=   128.9  copy=0.825  A(t)=1153  sim=17.1s
epoch    9050  HO=-0.0012  meanSteps=   128.8  copy=0.847  A(t)=1154  sim=17.1s
epoch    9100  HO=0.0392  meanSteps=   128.9  copy=0.862  A(t)=1157  sim=17.2s
epoch    9150  HO=0.0550  meanSteps=   128.9  copy=0.842  A(t)=1159  sim=17.3s
epoch    9200  HO=0.0361  meanSteps=   128.8  copy=0.821  A(t)=1165  sim=17.3s
epoch    9250  HO=0.0213  meanSteps=   128.7  copy=0.828  A(t)=1167  sim=17.4s
epoch    9300  HO=0.0033  meanSteps=   128.6  copy=0.843  A(t)=1173  sim=17.5s
epoch    9350  HO=0.0203  meanSteps=   128.5  copy=0.826  A(t)=1174  sim=17.5s
epoch    9400  HO=0.0729  meanSteps=   128.6  copy=0.817  A(t)=1175  sim=17.6s
epoch    9450  HO=0.0428  meanSteps=   128.6  copy=0.830  A(t)=1192  sim=17.7s
epoch    9500  HO=0.0805  meanSteps=   128.5  copy=0.837  A(t)=1192  sim=17.7s
epoch    9550  HO=0.1071  meanSteps=   128.5  copy=0.840  A(t)=1193  sim=17.8s
epoch    9600  HO=0.1073  meanSteps=   128.7  copy=0.842  A(t)=1193  sim=17.9s
epoch    9650  HO=0.0876  meanSteps=   128.8  copy=0.847  A(t)=1198  sim=17.9s
epoch    9700  HO=0.0608  meanSteps=   128.8  copy=0.845  A(t)=1198  sim=18.0s
epoch    9750  HO=0.0587  meanSteps=   128.8  copy=0.858  A(t)=1208  sim=18.1s
epoch    9800  HO=0.0520  meanSteps=   128.9  copy=0.833  A(t)=1208  sim=18.2s
epoch    9850  HO=0.0869  meanSteps=   128.7  copy=0.840  A(t)=1208  sim=18.2s
epoch    9900  HO=0.0554  meanSteps=   128.6  copy=0.838  A(t)=1216  sim=18.3s
epoch    9950  HO=0.0428  meanSteps=   128.5  copy=0.839  A(t)=1217  sim=18.4s
epoch   10000  HO=0.0772  meanSteps=   128.9  copy=0.855  A(t)=1217  sim=18.4s
epoch   10050  HO=0.0169  meanSteps=   128.7  copy=0.857  A(t)=1217  sim=18.5s
epoch   10100  HO=0.0483  meanSteps=   128.7  copy=0.855  A(t)=1217  sim=18.6s
epoch   10150  HO=0.0724  meanSteps=   128.9  copy=0.840  A(t)=1218  sim=18.7s
epoch   10200  HO=0.0405  meanSteps=   128.8  copy=0.815  A(t)=1218  sim=18.7s
epoch   10250  HO=0.0568  meanSteps=   128.7  copy=0.807  A(t)=1229  sim=18.8s
epoch   10300  HO=0.0777  meanSteps=   128.7  copy=0.796  A(t)=1233  sim=18.9s
epoch   10350  HO=0.0471  meanSteps=   128.6  copy=0.792  A(t)=1233  sim=18.9s
epoch   10400  HO=0.0039  meanSteps=   128.5  copy=0.787  A(t)=1233  sim=19.0s
epoch   10450  HO=0.0631  meanSteps=   128.5  copy=0.773  A(t)=1243  sim=19.1s
epoch   10500  HO=0.0135  meanSteps=   128.3  copy=0.774  A(t)=1251  sim=19.2s
epoch   10550  HO=0.0148  meanSteps=   128.6  copy=0.756  A(t)=1253  sim=19.2s
epoch   10600  HO=-0.0193  meanSteps=   128.6  copy=0.772  A(t)=1255  sim=19.3s
epoch   10650  HO=0.0437  meanSteps=   128.5  copy=0.797  A(t)=1262  sim=19.4s
epoch   10700  HO=0.0074  meanSteps=   128.3  copy=0.791  A(t)=1262  sim=19.4s
epoch   10750  HO=0.0219  meanSteps=   128.3  copy=0.789  A(t)=1264  sim=19.5s
epoch   10800  HO=0.0307  meanSteps=   128.5  copy=0.800  A(t)=1271  sim=19.6s
epoch   10850  HO=0.0070  meanSteps=   128.4  copy=0.809  A(t)=1282  sim=19.6s
epoch   10900  HO=0.0541  meanSteps=   128.1  copy=0.800  A(t)=1285  sim=19.7s
epoch   10950  HO=0.0460  meanSteps=   128.5  copy=0.810  A(t)=1294  sim=19.8s
epoch   11000  HO=0.0939  meanSteps=   128.4  copy=0.802  A(t)=1309  sim=19.9s
epoch   11050  HO=0.0997  meanSteps=   128.6  copy=0.780  A(t)=1317  sim=19.9s
epoch   11100  HO=0.1649  meanSteps=   128.7  copy=0.775  A(t)=1329  sim=20.0s
epoch   11150  HO=0.1120  meanSteps=   128.4  copy=0.761  A(t)=1338  sim=20.1s
epoch   11200  HO=0.0846  meanSteps=   128.5  copy=0.767  A(t)=1338  sim=20.1s
epoch   11250  HO=0.1029  meanSteps=   128.5  copy=0.792  A(t)=1338  sim=20.2s
epoch   11300  HO=0.1048  meanSteps=   128.7  copy=0.783  A(t)=1338  sim=20.3s
epoch   11350  HO=0.0448  meanSteps=   128.7  copy=0.811  A(t)=1346  sim=20.3s
epoch   11400  HO=0.0321  meanSteps=   128.8  copy=0.820  A(t)=1347  sim=20.4s
epoch   11450  HO=0.0750  meanSteps=   128.8  copy=0.822  A(t)=1350  sim=20.5s
epoch   11500  HO=0.1341  meanSteps=   128.7  copy=0.812  A(t)=1355  sim=20.5s
