epoch       0  HO=-0.0032  meanSteps=     0.0  copy=0.000  A(t)=0  sim=0.0s
epoch      50  HO=-0.0057  meanSteps=  1624.3  copy=0.000  A(t)=0  sim=0.5s
epoch     100  HO=-0.0095  meanSteps=  1794.2  copy=0.000  A(t)=0  sim=1.1s
epoch     150  HO=-0.0130  meanSteps=  1954.8  copy=0.000  A(t)=0  sim=1.7s
epoch     200  HO=-0.0153  meanSteps=  1998.3  copy=0.000  A(t)=0  sim=2.3s
epoch     250  HO=-0.0168  meanSteps=  2041.8  copy=0.000  A(t)=0  sim=2.6s
epoch     300  HO=-0.0187  meanSteps=  2072.2  copy=0.000  A(t)=0  sim=3.2s
epoch     350  HO=-0.0187  meanSteps=  2116.6  copy=0.000  A(t)=0  sim=3.6s
epoch     400  HO=-0.0197  meanSteps=  2109.0  copy=0.000  A(t)=0  sim=4.2s
epoch     450  HO=-0.0207  meanSteps=  2104.4  copy=0.000  A(t)=0  sim=4.7s
epoch     500  HO=-0.0215  meanSteps=  2119.3  copy=0.000  A(t)=0  sim=5.2s
epoch     550  HO=-0.0227  meanSteps=  2124.1  copy=0.000  A(t)=0  sim=5.8s
epoch     600  HO=-0.0235  meanSteps=  2144.0  copy=0.000  A(t)=0  sim=6.3s
epoch     650  HO=-0.0237  meanSteps=  2190.2  copy=0.000  A(t)=0  sim=7.0s
epoch     700  HO=-0.0239  meanSteps=  2202.0  copy=0.000  A(t)=0  sim=7.4s
epoch     750  HO=-0.0244  meanSteps=  2203.9  copy=0.000  A(t)=0  sim=7.9s
epoch     800  HO=-0.0240  meanSteps=  2158.5  copy=0.000  A(t)=0  sim=8.4s
epoch     850  HO=-0.0241  meanSteps=  2128.5  copy=0.000  A(t)=0  sim=8.9s
epoch     900  HO=-0.0243  meanSteps=  2097.6  copy=0.000  A(t)=0  sim=9.3s
epoch     950  HO=-0.0236  meanSteps=  2080.6  copy=0.000  A(t)=0  sim=9.8s
epoch    1000  HO=-0.0232  meanSteps=  2111.0  copy=0.000  A(t)=0  sim=10.3s
epoch    1050  HO=-0.0231  meanSteps=  2143.5  copy=0.000  A(t)=0  sim=10.7s
epoch    1100  HO=-0.0232  meanSteps=  2128.5  copy=0.000  A(t)=0  sim=11.4s
epoch    1150  HO=-0.0233  meanSteps=  2180.4  copy=0.000  A(t)=0  sim=11.8s
epoch    1200  HO=-0.0228  meanSteps=  2114.1  copy=0.000  A(t)=0  sim=12.4s
epoch    1250  HO=-0.0239  meanSteps=  2122.9  copy=0.000  A(t)=0  sim=13.1s
epoch    1300  HO=-0.0241  meanSteps=  2160.4  copy=0.000  A(t)=0  sim=13.5s
epoch    1350  HO=-0.0241  meanSteps=  2090.3  copy=0.000  A(t)=0  sim=14.0s
epoch    1400  HO=-0.0245  meanSteps=  2087.6  copy=0.000  A(t)=0  sim=14.4s
epoch    1450  HO=-0.0246  meanSteps=  2113.8  copy=0.000  A(t)=0  sim=14.9s
epoch    1500  HO=-0.0244  meanSteps=  2060.1  copy=0.000  A(t)=0  sim=15.5s
epoch    1550  HO=-0.0241  meanSteps=  2015.9  copy=0.000  A(t)=0  sim=15.9s
epoch    1600  HO=-0.0240  meanSteps=  2018.2  copy=0.000  A(t)=0  sim=16.4s
epoch    1650  HO=-0.0236  meanSteps=  2047.4  copy=0.000  A(t)=0  sim=17.0s
epoch    1700  HO=-0.0233  meanSteps=  2034.3  copy=0.000  A(t)=0  sim=17.4s
epoch    1750  HO=-0.0240  meanSteps=  2019.5  copy=0.000  A(t)=0  sim=17.9s
epoch    1800  HO=-0.0241  meanSteps=  2054.4  copy=0.000  A(t)=0  sim=18.4s
epoch    1850  HO=-0.0242  meanSteps=  2072.0  copy=0.000  A(t)=0  sim=18.7s
epoch    1900  HO=-0.0238  meanSteps=  2085.0  copy=0.000  A(t)=0  sim=19.1s
epoch    1950  HO=-0.0239  meanSteps=  2114.9  copy=0.000  A(t)=0  sim=19.4s
epoch    2000  HO=-0.0247  meanSteps=  2157.4  copy=0.000  A(t)=0  sim=19.8s
epoch    2050  HO=-0.0244  meanSteps=  2173.4  copy=0.000  A(t)=0  sim=20.2s
epoch    2100  HO=-0.0250  meanSteps=  2156.8  copy=0.000  A(t)=0  sim=20.6s
epoch    2150  HO=-0.0245  meanSteps=  2154.4  copy=0.000  A(t)=0  sim=20.9s
epoch    2200  HO=-0.0248  meanSteps=  2181.0  copy=0.000  A(t)=0  sim=21.3s
epoch    2250  HO=-0.0243  meanSteps=  2182.9  copy=0.000  A(t)=0  sim=21.7s
epoch    2300  HO=-0.0240  meanSteps=  2164.6  copy=0.000  A(t)=0  sim=22.1s
epoch    2350  HO=-0.0234  meanSteps=  2107.9  copy=0.000  A(t)=0  sim=22.4s
epoch    2400  HO=-0.0235  meanSteps=  2115.4  copy=0.000  A(t)=0  sim=22.8s
epoch    2450  HO=-0.0244  meanSteps=  2081.1  copy=0.000  A(t)=0  sim=23.2s
epoch    2500  HO=-0.0243  meanSteps=  2098.0  copy=0.000  A(t)=0  sim=23.6s
epoch    2550  HO=-0.0252  meanSteps=  2152.7  copy=0.000  A(t)=0  sim=23.9s
epoch    2600  HO=-0.0248  meanSteps=  2154.4  copy=0.000  A(t)=0  sim=24.3s
epoch    2650  HO=-0.0252  meanSteps=  2100.3  copy=0.000  A(t)=0  sim=24.7s
epoch    2700  HO=-0.0249  meanSteps=  2066.9  copy=0.000  A(t)=0  sim=25.0s
epoch    2750  HO=-0.0246  meanSteps=  2095.3  copy=0.000  A(t)=0  sim=25.4s
epoch    2800  HO=-0.0244  meanSteps=  2021.2  copy=0.000  A(t)=0  sim=25.7s
epoch    2850  HO=-0.0245  meanSteps=  2007.3  copy=0.000  A(t)=0  sim=26.1s
epoch    2900  HO=-0.0246  meanSteps=  2051.6  copy=0.000  A(t)=0  sim=26.4s
epoch    2950  HO=-0.0234  meanSteps=  2039.1  copy=0.000  A(t)=0  sim=26.8s
epoch    3000  HO=-0.0237  meanSteps=  2060.3  copy=0.000  A(t)=0  sim=27.1s
epoch    3050  HO=-0.0235  meanSteps=  2065.7  copy=0.000  A(t)=0  sim=27.5s
epoch    3100  HO=-0.0240  meanSteps=  2020.7  copy=0.000  A(t)=0  sim=27.9s
epoch    3150  HO=-0.0246  meanSteps=  2044.7  copy=0.000  A(t)=0  sim=28.2s
epoch    3200  HO=-0.0246  meanSteps=  2055.6  copy=0.000  A(t)=0  sim=28.6s
epoch    3250  HO=-0.0245  meanSteps=  2040.7  copy=0.000  A(t)=0  sim=28.9s
epoch    3300  HO=-0.0248  meanSteps=  2051.0  copy=0.000  A(t)=0  sim=29.3s
epoch    3350  HO=-0.0247  meanSteps=  2033.0  copy=0.000  A(t)=0  sim=29.6s
epoch    3400  HO=-0.0250  meanSteps=  1980.0  copy=0.000  A(t)=0  sim=30.0s
epoch    3450  HO=-0.0248  meanSteps=  1927.7  copy=0.000  A(t)=0  sim=30.3s
epoch    3500  HO=-0.0246  meanSteps=  1907.6  copy=0.000  A(t)=0  sim=30.6s
epoch    3550  HO=-0.0246  meanSteps=  1937.5  copy=0.000  A(t)=0  sim=31.0s
epoch    3600  HO=-0.0244  meanSteps=  1944.9  copy=0.000  A(t)=0  sim=31.4s
epoch    3650  HO=-0.0247  meanSteps=  1917.9  copy=0.000  A(t)=0  sim=31.7s
epoch    3700  HO=-0.0245  meanSteps=  1920.7  copy=0.000  A(t)=0  sim=32.0s
epoch    3750  HO=-0.0248  meanSteps=  1903.1  copy=0.000  A(t)=0  sim=32.3s
epoch    3800  HO=-0.0245  meanSteps=  1887.9  copy=0.000  A(t)=0  sim=32.7s
epoch    3850  HO=-0.0242  meanSteps=  1925.4  copy=0.000  A(t)=0  sim=33.0s
epoch    3900  HO=-0.0244  meanSteps=  1925.2  copy=0.000  A(t)=0  sim=33.3s
epoch    3950  HO=-0.0242  meanSteps=  2010.7  copy=0.000  A(t)=0  sim=33.7s
epoch    4000  HO=-0.0242  meanSteps=  1952.8  copy=0.000  A(t)=0  sim=34.0s
epoch    4050  HO=-0.0249  meanSteps=  1943.2  copy=0.000  A(t)=0  sim=34.4s
epoch    4100  HO=-0.0237  meanSteps=  1923.6  copy=0.000  A(t)=0  sim=34.7s
epoch    4150  HO=-0.0237  meanSteps=  1926.0  copy=0.000  A(t)=0  sim=35.1s
epoch    4200  HO=-0.0238  meanSteps=  1924.2  copy=0.000  A(t)=0  sim=35.4s
epoch    4250  HO=-0.0238  meanSteps=  1943.0  copy=0.000  A(t)=0  sim=35.7s
epoch    4300  HO=-0.0234  meanSteps=  1942.6  copy=0.000  A(t)=0  sim=36.1s
epoch    4350  HO=-0.0235  meanSteps=  1941.8  copy=0.000  A(t)=0  sim=36.4s
epoch    4400  HO=-0.0236  meanSteps=  1942.7  copy=0.000  A(t)=0  sim=36.7s
epoch    4450  HO=-0.0224  meanSteps=  1915.2  copy=0.000  A(t)=0  sim=37.1s
epoch    4500  HO=-0.0237  meanSteps=  1929.8  copy=0.000  A(t)=0  sim=37.4s
epoch    4550  HO=-0.0236  meanSteps=  1957.8  copy=0.000  A(t)=0  sim=37.8s
epoch    4600  HO=-0.0240  meanSteps=  1976.2  copy=0.000  A(t)=0  sim=38.1s
epoch    4650  HO=-0.0242  meanSteps=  1940.5  copy=0.000  A(t)=0  sim=38.5s
epoch    4700  HO=-0.0243  meanSteps=  1898.8  copy=0.000  A(t)=0  sim=38.8s
epoch    4750  HO=-0.0247  meanSteps=  1851.0  copy=0.000  A(t)=0  sim=39.1s
epoch    4800  HO=-0.0242  meanSteps=  1820.4  copy=0.000  A(t)=0  sim=39.4s
epoch    4850  HO=-0.0241  meanSteps=  1832.4  copy=0.000  A(t)=0  sim=39.8s
epoch    4900  HO=-0.0242  meanSteps=  1865.0  copy=0.000  A(t)=0  sim=40.2s
epoch    4950  HO=-0.0238  meanSteps=  1832.4  copy=0.000  A(t)=0  sim=40.5s
epoch    5000  HO=-0.0237  meanSteps=  1831.5  copy=0.000  A(t)=0  sim=40.8s
epoch    5050  HO=-0.0231  meanSteps=  1879.9  copy=0.000  A(t)=0  sim=41.2s
epoch    5100  HO=-0.0237  meanSteps=  1890.4  copy=0.000  A(t)=0  sim=41.5s
epoch    5150  HO=-0.0242  meanSteps=  1877.4  copy=0.000  A(t)=0  sim=41.8s
epoch    5200  HO=-0.0242  meanSteps=  1860.0  copy=0.000  A(t)=0  sim=42.1s
epoch    5250  HO=-0.0239  meanSteps=  1845.5  copy=0.000  A(t)=0  sim=42.5s
epoch    5300  HO=-0.0235  meanSteps=  1806.3  copy=0.000  A(t)=0  sim=42.8s
epoch    5350  HO=-0.0240  meanSteps=  1813.3  copy=0.000  A(t)=0  sim=43.1s
epoch    5400  HO=-0.0242  meanSteps=  1830.8  copy=0.000  A(t)=0  sim=43.4s
epoch    5450  HO=-0.0248  meanSteps=  1808.3  copy=0.000  A(t)=0  sim=43.7s
epoch    5500  HO=-0.0245  meanSteps=  1838.4  copy=0.000  A(t)=0  sim=44.1s
epoch    5550  HO=-0.0247  meanSteps=  1808.4  copy=0.000  A(t)=0  sim=44.4s
epoch    5600  HO=-0.0245  meanSteps=  1778.9  copy=0.000  A(t)=0  sim=44.7s
epoch    5650  HO=-0.0244  meanSteps=  1822.2  copy=0.000  A(t)=0  sim=45.0s
epoch    5700  HO=-0.0247  meanSteps=  1822.8  copy=0.000  A(t)=0  sim=45.3s
epoch    5750  HO=-0.0244  meanSteps=  1764.7  copy=0.000  A(t)=0  sim=45.6s
epoch    5800  HO=-0.0243  meanSteps=  1768.9  copy=0.000  A(t)=0  sim=45.9s
epoch    5850  HO=-0.0246  meanSteps=  1805.0  copy=0.000  A(t)=0  sim=46.3s
epoch    5900  HO=-0.0246  meanSteps=  1759.5  copy=0.000  A(t)=0  sim=46.6s
epoch    5950  HO=-0.0242  meanSteps=  1708.2  copy=0.000  A(t)=0  sim=46.9s
epoch    6000  HO=-0.0242  meanSteps=  1703.3  copy=0.000  A(t)=0  sim=47.2s
epoch    6050  HO=-0.0242  meanSteps=  1685.7  copy=0.000  A(t)=0  sim=47.5s
epoch    6100  HO=-0.0239  meanSteps=  1668.2  copy=0.000  A(t)=0  sim=47.9s
epoch    6150  HO=-0.0238  meanSteps=  1668.0  copy=0.000  A(t)=0  sim=48.1s
epoch    6200  HO=-0.0246  meanSteps=  1655.2  copy=0.000  A(t)=0  sim=48.4s
epoch    6250  HO=-0.0251  meanSteps=  1680.9  copy=0.000  A(t)=0  sim=48.7s
epoch    6300  HO=-0.0257  meanSteps=  1724.9  copy=0.000  A(t)=0  sim=49.1s
epoch    6350  HO=-0.0253  meanSteps=  1748.3  copy=0.000  A(t)=0  sim=49.4s
epoch    6400  HO=-0.0250  meanSteps=  1807.2  copy=0.000  A(t)=0  sim=49.7s
epoch    6450  HO=-0.0248  meanSteps=  1778.9  copy=0.000  A(t)=0  sim=50.0s
epoch    6500  HO=-0.0251  meanSteps=  1794.2  copy=0.000  A(t)=0  sim=50.4s
epoch    6550  HO=-0.0247  meanSteps=  1784.1  copy=0.000  A(t)=0  sim=50.7s
epoch    6600  HO=-0.0248  meanSteps=  1805.7  copy=0.000  A(t)=0  sim=51.0s
epoch    6650  HO=-0.0253  meanSteps=  1766.8  copy=0.000  A(t)=0  sim=51.3s
epoch    6700  HO=-0.0249  meanSteps=  1796.9  copy=0.000  A(t)=0  sim=51.6s
epoch    6750  HO=-0.0251  meanSteps=  1784.3  copy=0.000  A(t)=0  sim=51.9s
epoch    6800  HO=-0.0251  meanSteps=  1772.1  copy=0.000  A(t)=0  sim=52.2s
epoch    6850  HO=-0.0252  meanSteps=  1791.6  copy=0.000  A(t)=0  sim=52.6s
epoch    6900  HO=-0.0249  meanSteps=  1782.5  copy=0.000  A(t)=0  sim=52.9s
epoch    6950  HO=-0.0251  meanSteps=  1822.1  copy=0.000  A(t)=0  sim=53.2s
epoch    7000  HO=-0.0255  meanSteps=  1816.6  copy=0.000  A(t)=0  sim=53.5s
epoch    7050  HO=-0.0256  meanSteps=  1829.7  copy=0.000  A(t)=0  sim=53.9s
epoch    7100  HO=-0.0258  meanSteps=  1785.4  copy=0.000  A(t)=0  sim=54.2s
epoch    7150  HO=-0.0253  meanSteps=  1753.7  copy=0.000  A(t)=0  sim=54.5s
epoch    7200  HO=-0.0251  meanSteps=  1763.3  copy=0.000  A(t)=0  sim=54.8s
epoch    7250  HO=-0.0248  meanSteps=  1749.6  copy=0.000  A(t)=0  sim=55.1s
epoch    7300  HO=-0.0253  meanSteps=  1811.5  copy=0.000  A(t)=0  sim=55.5s
epoch    7350  HO=-0.0242  meanSteps=  1780.2  copy=0.000  A(t)=0  sim=55.8s
epoch    7400  HO=-0.0242  meanSteps=  1796.5  copy=0.000  A(t)=0  sim=56.1s
epoch    7450  HO=-0.0243  meanSteps=  1825.2  copy=0.000  A(t)=0  sim=56.4s
epoch    7500  HO=-0.0244  meanSteps=  1847.1  copy=0.000  A(t)=0  sim=56.7s
epoch    7550  HO=-0.0252  meanSteps=  1823.5  copy=0.000  A(t)=0  sim=57.1s
epoch    7600  HO=-0.0254  meanSteps=  1821.0  copy=0.000  A(t)=0  sim=57.5s
epoch    7650  HO=-0.0255  meanSteps=  1791.0  copy=0.000  A(t)=0  sim=57.8s
epoch    7700  HO=-0.0251  meanSteps=  1799.3  copy=0.000  A(t)=0  sim=58.1s
epoch    7750  HO=-0.0248  meanSteps=  1771.1  copy=0.000  A(t)=0  sim=58.4s
epoch    7800  HO=-0.0249  meanSteps=  1723.4  copy=0.000  A(t)=0  sim=58.8s
epoch    7850  HO=-0.0253  meanSteps=  1719.1  copy=0.000  A(t)=0  sim=59.1s
epoch    7900  HO=-0.0246  meanSteps=  1719.2  copy=0.000  A(t)=0  sim=59.4s
epoch    7950  HO=-0.0242  meanSteps=  1709.1  copy=0.000  A(t)=0  sim=59.7s
epoch    8000  HO=-0.0242  meanSteps=  1690.2  copy=0.000  A(t)=0  sim=60.0s
epoch    8050  HO=-0.0245  meanSteps=  1678.0  copy=0.000  A(t)=0  sim=60.3s
epoch    8100  HO=-0.0244  meanSteps=  1726.7  copy=0.000  A(t)=0  sim=60.7s
epoch    8150  HO=-0.0243  meanSteps=  1700.0  copy=0.000  A(t)=0  sim=61.0s
epoch    8200  HO=-0.0241  meanSteps=  1706.0  copy=0.000  A(t)=0  sim=61.3s
epoch    8250  HO=-0.0244  meanSteps=  1692.2  copy=0.000  A(t)=0  sim=61.6s
epoch    8300  HO=-0.0242  meanSteps=  1727.9  copy=0.000  A(t)=0  sim=61.9s
epoch    8350  HO=-0.0233  meanSteps=  1707.6  copy=0.000  A(t)=0  sim=62.2s
epoch    8400  HO=-0.0229  meanSteps=  1757.7  copy=0.000  A(t)=0  sim=62.5s
epoch    8450  HO=-0.0235  meanSteps=  1805.1  copy=0.000  A(t)=0  sim=62.9s
epoch    8500  HO=-0.0244  meanSteps=  1798.3  copy=0.000  A(t)=0  sim=63.2s
epoch    8550  HO=-0.0251  meanSteps=  1847.4  copy=0.000  A(t)=0  sim=63.6s
epoch    8600  HO=-0.0250  meanSteps=  1875.6  copy=0.000  A(t)=0  sim=63.9s
epoch    8650  HO=-0.0250  meanSteps=  1827.3  copy=0.000  A(t)=0  sim=64.2s
epoch    8700  HO=-0.0243  meanSteps=  1876.7  copy=0.000  A(t)=0  sim=64.6s
epoch    8750  HO=-0.0242  meanSteps=  1896.6  copy=0.000  A(t)=0  sim=64.9s
epoch    8800  HO=-0.0234  meanSteps=  1880.5  copy=0.000  A(t)=0  sim=65.2s
epoch    8850  HO=-0.0253  meanSteps=  1906.3  copy=0.000  A(t)=0  sim=65.5s
epoch    8900  HO=-0.0259  meanSteps=  1891.9  copy=0.000  A(t)=0  sim=65.9s
epoch    8950  HO=-0.0259  meanSteps=  1882.3  copy=0.000  A(t)=0  sim=66.2s
epoch    9000  HO=-0.0254  meanSteps=  1876.7  copy=0.000  A(t)=0  sim=66.5s
epoch    9050  HO=-0.0251  meanSteps=  1824.7  copy=0.000  A(t)=0  sim=66.9s
epoch    9100  HO=-0.0245  meanSteps=  1810.2  copy=0.000  A(t)=0  sim=67.2s
epoch    9150  HO=-0.0249  meanSteps=  1815.5  copy=0.000  A(t)=0  sim=67.6s
epoch    9200  HO=-0.0252  meanSteps=  1828.0  copy=0.000  A(t)=0  sim=67.9s
epoch    9250  HO=-0.0239  meanSteps=  1829.6  copy=0.000  A(t)=0  sim=68.2s
epoch    9300  HO=-0.0244  meanSteps=  1832.7  copy=0.000  A(t)=0  sim=68.5s
epoch    9350  HO=-0.0247  meanSteps=  1846.3  copy=0.000  A(t)=0  sim=68.8s
epoch    9400  HO=-0.0249  meanSteps=  1820.9  copy=0.000  A(t)=0  sim=69.2s
epoch    9450  HO=-0.0247  meanSteps=  1813.3  copy=0.000  A(t)=0  sim=69.5s
epoch    9500  HO=-0.0244  meanSteps=  1836.0  copy=0.000  A(t)=0  sim=69.8s
epoch    9550  HO=-0.0245  meanSteps=  1856.7  copy=0.000  A(t)=0  sim=70.1s
epoch    9600  HO=-0.0242  meanSteps=  1851.6  copy=0.000  A(t)=0  sim=70.5s
epoch    9650  HO=-0.0248  meanSteps=  1875.4  copy=0.000  A(t)=0  sim=70.8s
epoch    9700  HO=-0.0252  meanSteps=  1897.4  copy=0.000  A(t)=0  sim=71.1s
epoch    9750  HO=-0.0250  meanSteps=  1886.8  copy=0.000  A(t)=0  sim=71.5s
epoch    9800  HO=-0.0242  meanSteps=  1881.0  copy=0.000  A(t)=0  sim=71.8s
epoch    9850  HO=-0.0248  meanSteps=  1828.5  copy=0.000  A(t)=0  sim=72.1s
epoch    9900  HO=-0.0250  meanSteps=  1847.0  copy=0.000  A(t)=0  sim=72.5s
epoch    9950  HO=-0.0249  meanSteps=  1820.0  copy=0.000  A(t)=0  sim=72.8s
epoch   10000  HO=-0.0243  meanSteps=  1840.6  copy=0.000  A(t)=0  sim=73.1s
epoch   10050  HO=-0.0246  meanSteps=  1924.9  copy=0.000  A(t)=0  sim=73.4s
epoch   10100  HO=-0.0246  meanSteps=  1928.2  copy=0.000  A(t)=0  sim=73.8s
epoch   10150  HO=-0.0237  meanSteps=  1952.9  copy=0.000  A(t)=0  sim=74.1s
epoch   10200  HO=-0.0244  meanSteps=  1976.6  copy=0.000  A(t)=0  sim=74.5s
epoch   10250  HO=-0.0255  meanSteps=  1991.2  copy=0.000  A(t)=0  sim=74.8s
epoch   10300  HO=-0.0256  meanSteps=  1937.1  copy=0.000  A(t)=0  sim=75.2s
epoch   10350  HO=-0.0253  meanSteps=  1996.3  copy=0.000  A(t)=0  sim=75.5s
epoch   10400  HO=-0.0256  meanSteps=  2025.1  copy=0.000  A(t)=0  sim=75.9s
epoch   10450  HO=-0.0253  meanSteps=  2062.5  copy=0.000  A(t)=0  sim=76.2s
epoch   10500  HO=-0.0258  meanSteps=  2061.2  copy=0.000  A(t)=0  sim=76.6s
epoch   10550  HO=-0.0251  meanSteps=  2063.8  copy=0.000  A(t)=0  sim=76.9s
epoch   10600  HO=-0.0253  meanSteps=  2057.4  copy=0.000  A(t)=0  sim=77.3s
epoch   10650  HO=-0.0261  meanSteps=  2047.9  copy=0.000  A(t)=0  sim=77.7s
epoch   10700  HO=-0.0261  meanSteps=  2048.7  copy=0.000  A(t)=0  sim=78.0s
epoch   10750  HO=-0.0259  meanSteps=  1990.3  copy=0.000  A(t)=0  sim=78.4s
epoch   10800  HO=-0.0255  meanSteps=  2010.1  copy=0.000  A(t)=0  sim=78.7s
epoch   10850  HO=-0.0252  meanSteps=  2065.3  copy=0.000  A(t)=0  sim=79.1s
epoch   10900  HO=-0.0258  meanSteps=  2037.4  copy=0.000  A(t)=0  sim=79.4s
epoch   10950  HO=-0.0254  meanSteps=  2068.8  copy=0.000  A(t)=0  sim=79.8s
epoch   11000  HO=-0.0253  meanSteps=  2050.6  copy=0.000  A(t)=0  sim=80.1s
epoch   11050  HO=-0.0250  meanSteps=  2002.7  copy=0.000  A(t)=0  sim=80.5s
epoch   11100  HO=-0.0258  meanSteps=  2005.4  copy=0.000  A(t)=0  sim=80.8s
epoch   11150  HO=-0.0260  meanSteps=  2069.3  copy=0.000  A(t)=0  sim=81.2s
epoch   11200  HO=-0.0260  meanSteps=  2008.1  copy=0.000  A(t)=0  sim=81.5s
epoch   11250  HO=-0.0261  meanSteps=  2017.4  copy=0.000  A(t)=0  sim=81.8s
epoch   11300  HO=-0.0267  meanSteps=  2020.6  copy=0.000  A(t)=0  sim=82.2s
epoch   11350  HO=-0.0260  meanSteps=  2051.1  copy=0.000  A(t)=0  sim=82.5s
epoch   11400  HO=-0.0262  meanSteps=  2018.1  copy=0.000  A(t)=0  sim=82.9s
epoch   11450  HO=-0.0262  meanSteps=  2058.9  copy=0.000  A(t)=0  sim=83.2s
epoch   11500  HO=-0.0260  meanSteps=  1993.6  copy=0.000  A(t)=0  sim=83.6s
epoch   11550  HO=-0.0263  meanSteps=  1990.8  copy=0.000  A(t)=0  sim=83.9s
epoch   11600  HO=-0.0267  meanSteps=  1971.7  copy=0.000  A(t)=0  sim=84.3s
epoch   11650  HO=-0.0273  meanSteps=  1984.8  copy=0.000  A(t)=0  sim=84.6s
epoch   11700  HO=-0.0265  meanSteps=  1950.7  copy=0.000  A(t)=0  sim=85.0s
epoch   11750  HO=-0.0267  meanSteps=  1973.6  copy=0.000  A(t)=0  sim=85.3s
epoch   11800  HO=-0.0256  meanSteps=  1958.5  copy=0.000  A(t)=0  sim=85.6s
epoch   11850  HO=-0.0247  meanSteps=  1994.1  copy=0.000  A(t)=0  sim=86.0s
epoch   11900  HO=-0.0245  meanSteps=  1956.3  copy=0.000  A(t)=0  sim=86.3s
epoch   11950  HO=-0.0243  meanSteps=  1947.7  copy=0.000  A(t)=0  sim=86.7s
epoch   12000  HO=-0.0255  meanSteps=  1949.3  copy=0.000  A(t)=0  sim=87.0s
epoch   12050  HO=-0.0259  meanSteps=  2010.1  copy=0.000  A(t)=0  sim=87.4s
epoch   12100  HO=-0.0254  meanSteps=  1968.9  copy=0.000  A(t)=0  sim=87.7s
epoch   12150  HO=-0.0247  meanSteps=  1961.6  copy=0.000  A(t)=0  sim=88.1s
epoch   12200  HO=-0.0238  meanSteps=  1968.6  copy=0.000  A(t)=0  sim=88.5s
epoch   12250  HO=-0.0238  meanSteps=  2008.0  copy=0.000  A(t)=0  sim=88.8s
epoch   12300  HO=-0.0236  meanSteps=  1992.3  copy=0.000  A(t)=0  sim=89.2s
epoch   12350  HO=-0.0249  meanSteps=  1968.3  copy=0.000  A(t)=0  sim=89.5s
epoch   12400  HO=-0.0245  meanSteps=  1998.5  copy=0.000  A(t)=0  sim=89.9s
epoch   12450  HO=-0.0247  meanSteps=  2003.5  copy=0.000  A(t)=0  sim=90.2s
epoch   12500  HO=-0.0240  meanSteps=  2007.2  copy=0.000  A(t)=0  sim=90.6s
epoch   12550  HO=-0.0241  meanSteps=  2001.4  copy=0.000  A(t)=0  sim=90.9s
epoch   12600  HO=-0.0243  meanSteps=  2000.2  copy=0.000  A(t)=0  sim=91.3s
epoch   12650  HO=-0.0259  meanSteps=  2070.1  copy=0.000  A(t)=0  sim=91.7s
epoch   12700  HO=-0.0252  meanSteps=  2042.6  copy=0.000  A(t)=0  sim=92.0s
epoch   12750  HO=-0.0244  meanSteps=  2049.7  copy=0.000  A(t)=0  sim=92.4s
epoch   12800  HO=-0.0246  meanSteps=  2048.7  copy=0.000  A(t)=0  sim=92.7s
epoch   12850  HO=-0.0249  meanSteps=  1992.6  copy=0.000  A(t)=0  sim=93.1s
epoch   12900  HO=-0.0246  meanSteps=  1968.5  copy=0.000  A(t)=0  sim=93.4s
epoch   12950  HO=-0.0246  meanSteps=  1902.9  copy=0.000  A(t)=0  sim=93.8s
epoch   13000  HO=-0.0245  meanSteps=  1951.7  copy=0.000  A(t)=0  sim=94.2s
epoch   13050  HO=-0.0241  meanSteps=  1876.5  copy=0.000  A(t)=0  sim=94.5s
epoch   13100  HO=-0.0241  meanSteps=  1877.2  copy=0.000  A(t)=0  sim=94.9s
epoch   13150  HO=-0.0236  meanSteps=  1859.4  copy=0.000  A(t)=0  sim=95.2s
epoch   13200  HO=-0.0240  meanSteps=  1894.2  copy=0.000  A(t)=0  sim=95.5s
epoch   13250  HO=-0.0242  meanSteps=  1928.7  copy=0.000  A(t)=0  sim=95.9s
epoch   13300  HO=-0.0241  meanSteps=  1967.1  copy=0.000  A(t)=0  sim=96.2s
epoch   13350  HO=-0.0239  meanSteps=  1942.0  copy=0.000  A(t)=0  sim=96.6s
epoch   13400  HO=-0.0239  meanSteps=  1962.7  copy=0.000  A(t)=0  sim=96.9s
epoch   13450  HO=-0.0241  meanSteps=  1930.0  copy=0.000  A(t)=0  sim=97.3s
epoch   13500  HO=-0.0237  meanSteps=  1933.3  copy=0.000  A(t)=0  sim=97.6s
epoch   13550  HO=-0.0232  meanSteps=  1942.4  copy=0.000  A(t)=0  sim=98.0s
epoch   13600  HO=-0.0239  meanSteps=  1921.5  copy=0.000  A(t)=0  sim=98.3s
epoch   13650  HO=-0.0245  meanSteps=  1907.5  copy=0.000  A(t)=0  sim=98.6s
epoch   13700  HO=-0.0239  meanSteps=  1921.6  copy=0.000  A(t)=0  sim=99.0s
epoch   13750  HO=-0.0242  meanSteps=  1935.0  copy=0.000  A(t)=0  sim=99.3s
epoch   13800  HO=-0.0235  meanSteps=  1933.8  copy=0.000  A(t)=0  sim=99.6s
epoch   13850  HO=-0.0241  meanSteps=  1919.8  copy=0.000  A(t)=0  sim=100.0s
epoch   13900  HO=-0.0233  meanSteps=  1939.1  copy=0.000  A(t)=0  sim=100.3s
epoch   13950  HO=-0.0234  meanSteps=  1927.6  copy=0.000  A(t)=0  sim=100.6s
epoch   14000  HO=-0.0230  meanSteps=  1960.0  copy=0.000  A(t)=0  sim=101.0s
epoch   14050  HO=-0.0236  meanSteps=  2000.3  copy=0.000  A(t)=0  sim=101.3s
epoch   14100  HO=-0.0237  meanSteps=  2029.7  copy=0.000  A(t)=0  sim=101.7s
epoch   14150  HO=-0.0232  meanSteps=  2085.7  copy=0.000  A(t)=0  sim=102.0s
epoch   14200  HO=-0.0240  meanSteps=  2119.6  copy=0.000  A(t)=0  sim=102.4s
epoch   14250  HO=-0.0237  meanSteps=  2080.9  copy=0.000  A(t)=0  sim=102.8s
epoch   14300  HO=-0.0229  meanSteps=  2112.6  copy=0.000  A(t)=0  sim=103.1s
epoch   14350  HO=-0.0230  meanSteps=  2088.8  copy=0.000  A(t)=0  sim=103.5s
epoch   14400  HO=-0.0231  meanSteps=  2033.6  copy=0.000  A(t)=0  sim=103.9s
epoch   14450  HO=-0.0238  meanSteps=  2062.2  copy=0.000  A(t)=0  sim=104.2s
epoch   14500  HO=-0.0236  meanSteps=  2077.1  copy=0.000  A(t)=0  sim=104.6s
epoch   14550  HO=-0.0231  meanSteps=  2177.2  copy=0.000  A(t)=0  sim=104.9s
epoch   14600  HO=-0.0226  meanSteps=  2159.6  copy=0.000  A(t)=0  sim=105.3s
epoch   14650  HO=-0.0233  meanSteps=  2160.6  copy=0.000  A(t)=0  sim=105.7s
epoch   14700  HO=-0.0231  meanSteps=  2166.8  copy=0.000  A(t)=0  sim=106.1s
epoch   14750  HO=-0.0231  meanSteps=  2102.9  copy=0.000  A(t)=0  sim=106.4s
epoch   14800  HO=-0.0239  meanSteps=  2144.3  copy=0.000  A(t)=0  sim=106.8s
epoch   14850  HO=-0.0237  meanSteps=  2140.7  copy=0.000  A(t)=0  sim=107.2s
epoch   14900  HO=-0.0234  meanSteps=  2152.5  copy=0.000  A(t)=0  sim=107.6s
epoch   14950  HO=-0.0235  meanSteps=  2117.6  copy=0.000  A(t)=0  sim=108.0s
epoch   15000  HO=-0.0234  meanSteps=  2104.4  copy=0.000  A(t)=0  sim=108.4s
epoch   15050  HO=-0.0239  meanSteps=  2073.0  copy=0.000  A(t)=0  sim=108.7s
epoch   15100  HO=-0.0238  meanSteps=  2058.1  copy=0.000  A(t)=0  sim=109.1s
epoch   15150  HO=-0.0243  meanSteps=  2041.4  copy=0.000  A(t)=0  sim=109.4s
epoch   15200  HO=-0.0241  meanSteps=  2093.7  copy=0.000  A(t)=0  sim=109.8s
epoch   15250  HO=-0.0239  meanSteps=  2082.0  copy=0.000  A(t)=0  sim=110.2s
epoch   15300  HO=-0.0237  meanSteps=  2076.7  copy=0.000  A(t)=0  sim=110.5s
epoch   15350  HO=-0.0239  meanSteps=  2032.7  copy=0.000  A(t)=0  sim=110.9s
epoch   15400  HO=-0.0241  meanSteps=  2039.1  copy=0.000  A(t)=0  sim=111.2s
epoch   15450  HO=-0.0235  meanSteps=  1971.9  copy=0.000  A(t)=0  sim=111.6s
epoch   15500  HO=-0.0238  meanSteps=  1930.2  copy=0.000  A(t)=0  sim=111.9s
epoch   15550  HO=-0.0241  meanSteps=  1896.6  copy=0.000  A(t)=0  sim=112.2s
epoch   15600  HO=-0.0230  meanSteps=  1954.1  copy=0.000  A(t)=0  sim=112.6s
epoch   15650  HO=-0.0240  meanSteps=  1965.2  copy=0.000  A(t)=0  sim=113.0s
epoch   15700  HO=-0.0236  meanSteps=  1988.1  copy=0.000  A(t)=0  sim=113.3s
epoch   15750  HO=-0.0240  meanSteps=  2061.0  copy=0.000  A(t)=0  sim=113.7s
epoch   15800  HO=-0.0246  meanSteps=  2062.4  copy=0.000  A(t)=0  sim=114.0s
epoch   15850  HO=-0.0241  meanSteps=  2024.9  copy=0.000  A(t)=0  sim=114.4s
epoch   15900  HO=-0.0242  meanSteps=  2051.6  copy=0.000  A(t)=0  sim=114.7s
epoch   15950  HO=-0.0233  meanSteps=  2046.7  copy=0.000  A(t)=0  sim=115.1s
epoch   16000  HO=-0.0229  meanSteps=  2058.5  copy=0.000  A(t)=0  sim=115.5s
epoch   16050  HO=-0.0228  meanSteps=  2062.4  copy=0.000  A(t)=0  sim=115.9s
epoch   16100  HO=-0.0228  meanSteps=  1981.9  copy=0.000  A(t)=0  sim=116.2s
epoch   16150  HO=-0.0237  meanSteps=  1944.8  copy=0.000  A(t)=0  sim=116.6s
epoch   16200  HO=-0.0236  meanSteps=  1937.0  copy=0.000  A(t)=0  sim=116.9s
epoch   16250  HO=-0.0235  meanSteps=  1935.7  copy=0.000  A(t)=0  sim=117.2s
epoch   16300  HO=-0.0223  meanSteps=  1951.7  copy=0.000  A(t)=0  sim=117.6s
epoch   16350  HO=-0.0230  meanSteps=  1997.8  copy=0.000  A(t)=0  sim=117.9s
epoch   16400  HO=-0.0235  meanSteps=  1971.3  copy=0.000  A(t)=0  sim=118.3s
epoch   16450  HO=-0.0231  meanSteps=  1938.9  copy=0.000  A(t)=0  sim=118.6s
epoch   16500  HO=-0.0230  meanSteps=  1911.4  copy=0.000  A(t)=0  sim=118.9s
epoch   16550  HO=-0.0236  meanSteps=  1878.0  copy=0.000  A(t)=0  sim=119.3s
epoch   16600  HO=-0.0234  meanSteps=  1829.1  copy=0.000  A(t)=0  sim=119.6s
epoch   16650  HO=-0.0237  meanSteps=  1796.2  copy=0.000  A(t)=0  sim=119.9s
epoch   16700  HO=-0.0238  meanSteps=  1807.2  copy=0.000  A(t)=0  sim=120.3s
epoch   16750  HO=-0.0229  meanSteps=  1770.3  copy=0.000  A(t)=0  sim=120.6s
epoch   16800  HO=-0.0236  meanSteps=  1814.2  copy=0.000  A(t)=0  sim=120.9s
epoch   16850  HO=-0.0238  meanSteps=  1818.3  copy=0.000  A(t)=0  sim=121.2s
epoch   16900  HO=-0.0236  meanSteps=  1814.7  copy=0.000  A(t)=0  sim=121.5s
epoch   16950  HO=-0.0238  meanSteps=  1793.9  copy=0.000  A(t)=0  sim=121.8s
epoch   17000  HO=-0.0234  meanSteps=  1790.5  copy=0.000  A(t)=0  sim=122.2s
epoch   17050  HO=-0.0237  meanSteps=  1842.4  copy=0.000  A(t)=0  sim=122.5s
epoch   17100  HO=-0.0242  meanSteps=  1832.2  copy=0.000  A(t)=0  sim=122.8s
epoch   17150  HO=-0.0245  meanSteps=  1816.3  copy=0.000  A(t)=0  sim=123.1s
epoch   17200  HO=-0.0237  meanSteps=  1857.9  copy=0.000  A(t)=0  sim=123.5s
epoch   17250  HO=-0.0234  meanSteps=  1849.6  copy=0.000  A(t)=0  sim=123.8s
epoch   17300  HO=-0.0235  meanSteps=  1844.2  copy=0.000  A(t)=0  sim=124.1s
epoch   17350  HO=-0.0237  meanSteps=  1822.7  copy=0.000  A(t)=0  sim=124.4s
epoch   17400  HO=-0.0236  meanSteps=  1843.1  copy=0.000  A(t)=0  sim=124.8s
epoch   17450  HO=-0.0235  meanSteps=  1860.4  copy=0.000  A(t)=0  sim=125.1s
epoch   17500  HO=-0.0233  meanSteps=  1825.6  copy=0.000  A(t)=0  sim=125.4s
epoch   17550  HO=-0.0231  meanSteps=  1860.5  copy=0.000  A(t)=0  sim=125.8s
epoch   17600  HO=-0.0229  meanSteps=  1851.1  copy=0.000  A(t)=0  sim=126.1s
epoch   17650  HO=-0.0228  meanSteps=  1828.3  copy=0.000  A(t)=0  sim=126.4s
epoch   17700  HO=-0.0230  meanSteps=  1812.0  copy=0.000  A(t)=0  sim=126.8s
epoch   17750  HO=-0.0235  meanSteps=  1840.8  copy=0.000  A(t)=0  sim=127.1s
epoch   17800  HO=-0.0234  meanSteps=  1827.5  copy=0.000  A(t)=0  sim=127.4s
epoch   17850  HO=-0.0231  meanSteps=  1875.9  copy=0.000  A(t)=0  sim=127.8s
epoch   17900  HO=-0.0233  meanSteps=  1886.4  copy=0.000  A(t)=0  sim=128.1s
epoch   17950  HO=-0.0232  meanSteps=  1872.8  copy=0.000  A(t)=0  sim=128.5s
epoch   18000  HO=-0.0235  meanSteps=  1905.2  copy=0.000  A(t)=0  sim=128.8s
epoch   18050  HO=-0.0239  meanSteps=  1919.8  copy=0.000  A(t)=0  sim=129.1s
epoch   18100  HO=-0.0248  meanSteps=  1929.7  copy=0.000  A(t)=0  sim=129.5s
epoch   18150  HO=-0.0243  meanSteps=  1908.8  copy=0.000  A(t)=0  sim=129.8s
epoch   18200  HO=-0.0243  meanSteps=  1963.5  copy=0.000  A(t)=0  sim=130.1s
epoch   18250  HO=-0.0238  meanSteps=  1950.6  copy=0.000  A(t)=0  sim=130.5s
epoch   18300  HO=-0.0244  meanSteps=  1971.9  copy=0.000  A(t)=0  sim=130.8s
epoch   18350  HO=-0.0243  meanSteps=  1969.3  copy=0.000  A(t)=0  sim=131.1s
epoch   18400  HO=-0.0239  meanSteps=  1977.6  copy=0.000  A(t)=0  sim=131.5s
epoch   18450  HO=-0.0241  meanSteps=  1981.4  copy=0.000  A(t)=0  sim=131.8s
epoch   18500  HO=-0.0243  meanSteps=  2000.3  copy=0.000  A(t)=0  sim=132.2s
epoch   18550  HO=-0.0236  meanSteps=  2009.8  copy=0.000  A(t)=0  sim=132.5s
epoch   18600  HO=-0.0233  meanSteps=  2009.0  copy=0.000  A(t)=0  sim=132.9s
epoch   18650  HO=-0.0231  meanSteps=  1958.4  copy=0.000  A(t)=0  sim=133.3s
epoch   18700  HO=-0.0223  meanSteps=  2007.0  copy=0.000  A(t)=0  sim=133.6s
epoch   18750  HO=-0.0226  meanSteps=  1960.8  copy=0.000  A(t)=0  sim=133.9s
epoch   18800  HO=-0.0223  meanSteps=  1950.9  copy=0.000  A(t)=0  sim=134.3s
epoch   18850  HO=-0.0220  meanSteps=  1950.6  copy=0.000  A(t)=0  sim=134.7s
epoch   18900  HO=-0.0228  meanSteps=  2013.8  copy=0.000  A(t)=0  sim=135.0s
epoch   18950  HO=-0.0227  meanSteps=  2021.0  copy=0.000  A(t)=0  sim=135.4s
epoch   19000  HO=-0.0228  meanSteps=  2036.2  copy=0.000  A(t)=0  sim=135.8s
epoch   19050  HO=-0.0233  meanSteps=  2029.1  copy=0.000  A(t)=0  sim=136.1s
epoch   19100  HO=-0.0234  meanSteps=  1989.6  copy=0.000  A(t)=0  sim=136.5s
epoch   19150  HO=-0.0228  meanSteps=  2054.5  copy=0.000  A(t)=0  sim=136.8s
epoch   19200  HO=-0.0226  meanSteps=  2049.7  copy=0.000  A(t)=0  sim=137.2s
epoch   19250  HO=-0.0228  meanSteps=  2066.1  copy=0.000  A(t)=0  sim=137.5s
epoch   19300  HO=-0.0228  meanSteps=  2074.4  copy=0.000  A(t)=0  sim=137.9s
epoch   19350  HO=-0.0233  meanSteps=  2088.3  copy=0.000  A(t)=0  sim=138.3s
epoch   19400  HO=-0.0227  meanSteps=  2086.3  copy=0.000  A(t)=0  sim=138.6s
epoch   19450  HO=-0.0235  meanSteps=  2053.2  copy=0.000  A(t)=0  sim=139.0s
epoch   19500  HO=-0.0238  meanSteps=  2053.5  copy=0.000  A(t)=0  sim=139.4s
epoch   19550  HO=-0.0233  meanSteps=  2025.5  copy=0.000  A(t)=0  sim=139.7s
epoch   19600  HO=-0.0226  meanSteps=  2041.9  copy=0.000  A(t)=0  sim=140.1s
epoch   19650  HO=-0.0228  meanSteps=  1981.1  copy=0.000  A(t)=0  sim=140.4s
epoch   19700  HO=-0.0233  meanSteps=  1982.3  copy=0.000  A(t)=0  sim=140.8s
epoch   19750  HO=-0.0233  meanSteps=  1996.3  copy=0.000  A(t)=0  sim=141.1s
epoch   19800  HO=-0.0232  meanSteps=  1953.4  copy=0.000  A(t)=0  sim=141.5s
epoch   19850  HO=-0.0229  meanSteps=  1931.0  copy=0.000  A(t)=0  sim=141.8s
epoch   19900  HO=-0.0220  meanSteps=  1918.4  copy=0.000  A(t)=0  sim=142.2s
epoch   19950  HO=-0.0220  meanSteps=  1868.8  copy=0.000  A(t)=0  sim=142.5s
epoch   20000  HO=-0.0226  meanSteps=  1901.9  copy=0.000  A(t)=0  sim=142.8s
epoch   20050  HO=-0.0227  meanSteps=  1896.6  copy=0.000  A(t)=0  sim=143.2s
epoch   20100  HO=-0.0223  meanSteps=  1973.0  copy=0.000  A(t)=0  sim=143.5s
epoch   20150  HO=-0.0224  meanSteps=  1955.4  copy=0.000  A(t)=0  sim=143.9s
epoch   20200  HO=-0.0221  meanSteps=  1973.3  copy=0.000  A(t)=0  sim=144.2s
epoch   20250  HO=-0.0231  meanSteps=  2002.5  copy=0.000  A(t)=0  sim=144.6s
epoch   20300  HO=-0.0228  meanSteps=  1987.2  copy=0.000  A(t)=0  sim=144.9s
epoch   20350  HO=-0.0231  meanSteps=  1976.4  copy=0.000  A(t)=0  sim=145.3s
epoch   20400  HO=-0.0235  meanSteps=  1903.5  copy=0.000  A(t)=0  sim=145.6s
epoch   20450  HO=-0.0232  meanSteps=  1913.7  copy=0.000  A(t)=0  sim=145.9s
epoch   20500  HO=-0.0232  meanSteps=  1908.0  copy=0.000  A(t)=0  sim=146.3s
epoch   20550  HO=-0.0234  meanSteps=  1877.0  copy=0.000  A(t)=0  sim=146.6s
epoch   20600  HO=-0.0237  meanSteps=  1884.5  copy=0.000  A(t)=0  sim=146.9s
epoch   20650  HO=-0.0241  meanSteps=  1859.8  copy=0.000  A(t)=0  sim=147.2s
epoch   20700  HO=-0.0241  meanSteps=  1865.9  copy=0.000  A(t)=0  sim=147.6s
epoch   20750  HO=-0.0239  meanSteps=  1880.2  copy=0.000  A(t)=0  sim=147.9s
epoch   20800  HO=-0.0235  meanSteps=  1861.0  copy=0.000  A(t)=0  sim=148.2s
epoch   20850  HO=-0.0227  meanSteps=  1852.1  copy=0.000  A(t)=0  sim=148.6s
epoch   20900  HO=-0.0232  meanSteps=  1849.3  copy=0.000  A(t)=0  sim=148.9s
epoch   20950  HO=-0.0232  meanSteps=  1888.3  copy=0.000  A(t)=0  sim=149.2s
epoch   21000  HO=-0.0225  meanSteps=  1870.5  copy=0.000  A(t)=0  sim=149.6s
epoch   21050  HO=-0.0217  meanSteps=  1877.5  copy=0.000  A(t)=0  sim=149.9s
epoch   21100  HO=-0.0226  meanSteps=  1861.9  copy=0.000  A(t)=0  sim=150.3s
epoch   21150  HO=-0.0227  meanSteps=  1893.9  copy=0.000  A(t)=0  sim=150.6s
epoch   21200  HO=-0.0226  meanSteps=  1796.3  copy=0.000  A(t)=0  sim=150.9s
epoch   21250  HO=-0.0224  meanSteps=  1778.5  copy=0.000  A(t)=0  sim=151.2s
epoch   21300  HO=-0.0228  meanSteps=  1801.8  copy=0.000  A(t)=0  sim=151.6s
epoch   21350  HO=-0.0229  meanSteps=  1803.3  copy=0.000  A(t)=0  sim=151.9s
epoch   21400  HO=-0.0234  meanSteps=  1827.2  copy=0.000  A(t)=0  sim=152.2s
epoch   21450  HO=-0.0231  meanSteps=  1854.2  copy=0.000  A(t)=0  sim=152.5s
epoch   21500  HO=-0.0233  meanSteps=  1827.2  copy=0.000  A(t)=0  sim=152.9s
epoch   21550  HO=-0.0232  meanSteps=  1815.2  copy=0.000  A(t)=0  sim=153.2s
epoch   21600  HO=-0.0226  meanSteps=  1862.3  copy=0.000  A(t)=0  sim=153.5s
epoch   21650  HO=-0.0232  meanSteps=  1869.0  copy=0.000  A(t)=0  sim=153.8s
epoch   21700  HO=-0.0232  meanSteps=  1846.6  copy=0.000  A(t)=0  sim=154.2s
epoch   21750  HO=-0.0234  meanSteps=  1886.3  copy=0.000  A(t)=0  sim=154.5s
epoch   21800  HO=-0.0237  meanSteps=  1921.2  copy=0.000  A(t)=0  sim=154.8s
epoch   21850  HO=-0.0248  meanSteps=  1951.6  copy=0.000  A(t)=0  sim=155.2s
epoch   21900  HO=-0.0248  meanSteps=  1986.5  copy=0.000  A(t)=0  sim=155.5s
epoch   21950  HO=-0.0243  meanSteps=  1931.0  copy=0.000  A(t)=0  sim=155.9s
epoch   22000  HO=-0.0234  meanSteps=  1972.1  copy=0.000  A(t)=0  sim=156.2s
epoch   22050  HO=-0.0234  meanSteps=  1947.7  copy=0.000  A(t)=0  sim=156.6s
epoch   22100  HO=-0.0237  meanSteps=  1982.2  copy=0.000  A(t)=0  sim=156.9s
epoch   22150  HO=-0.0239  meanSteps=  1946.2  copy=0.000  A(t)=0  sim=157.2s
epoch   22200  HO=-0.0242  meanSteps=  1982.9  copy=0.000  A(t)=0  sim=157.6s
epoch   22250  HO=-0.0241  meanSteps=  1997.6  copy=0.000  A(t)=0  sim=157.9s
epoch   22300  HO=-0.0243  meanSteps=  2084.2  copy=0.000  A(t)=0  sim=158.3s
epoch   22350  HO=-0.0235  meanSteps=  2052.0  copy=0.000  A(t)=0  sim=158.6s
epoch   22400  HO=-0.0234  meanSteps=  2041.4  copy=0.000  A(t)=0  sim=159.0s
epoch   22450  HO=-0.0234  meanSteps=  2009.3  copy=0.000  A(t)=0  sim=159.4s
epoch   22500  HO=-0.0227  meanSteps=  1981.5  copy=0.000  A(t)=0  sim=159.7s
epoch   22550  HO=-0.0228  meanSteps=  1963.3  copy=0.000  A(t)=0  sim=160.1s
epoch   22600  HO=-0.0232  meanSteps=  1954.3  copy=0.000  A(t)=0  sim=160.4s
epoch   22650  HO=-0.0229  meanSteps=  1946.1  copy=0.000  A(t)=0  sim=160.7s
epoch   22700  HO=-0.0225  meanSteps=  1874.3  copy=0.000  A(t)=0  sim=161.1s
epoch   22750  HO=-0.0231  meanSteps=  1896.6  copy=0.000  A(t)=0  sim=161.4s
epoch   22800  HO=-0.0234  meanSteps=  1924.1  copy=0.000  A(t)=0  sim=161.8s
epoch   22850  HO=-0.0242  meanSteps=  1903.2  copy=0.000  A(t)=0  sim=162.1s
epoch   22900  HO=-0.0243  meanSteps=  1885.9  copy=0.000  A(t)=0  sim=162.5s
epoch   22950  HO=-0.0239  meanSteps=  1928.6  copy=0.000  A(t)=0  sim=162.8s
epoch   23000  HO=-0.0240  meanSteps=  1880.1  copy=0.000  A(t)=0  sim=163.2s
epoch   23050  HO=-0.0238  meanSteps=  1916.7  copy=0.000  A(t)=0  sim=163.5s
epoch   23100  HO=-0.0239  meanSteps=  1838.4  copy=0.000  A(t)=0  sim=163.8s
epoch   23150  HO=-0.0237  meanSteps=  1874.1  copy=0.000  A(t)=0  sim=164.2s
epoch   23200  HO=-0.0245  meanSteps=  1921.6  copy=0.000  A(t)=0  sim=164.5s
epoch   23250  HO=-0.0243  meanSteps=  1909.7  copy=0.000  A(t)=0  sim=164.8s
epoch   23300  HO=-0.0238  meanSteps=  1880.2  copy=0.000  A(t)=0  sim=165.2s
epoch   23350  HO=-0.0235  meanSteps=  1927.6  copy=0.000  A(t)=0  sim=165.5s
epoch   23400  HO=-0.0244  meanSteps=  1939.8  copy=0.000  A(t)=0  sim=165.9s
epoch   23450  HO=-0.0236  meanSteps=  1939.4  copy=0.000  A(t)=0  sim=166.2s
epoch   23500  HO=-0.0240  meanSteps=  1963.4  copy=0.000  A(t)=0  sim=166.6s
epoch   23550  HO=-0.0244  meanSteps=  1983.1  copy=0.000  A(t)=0  sim=166.9s
epoch   23600  HO=-0.0244  meanSteps=  1941.5  copy=0.000  A(t)=0  sim=167.2s
epoch   23650  HO=-0.0242  meanSteps=  1891.9  copy=0.000  A(t)=0  sim=167.6s
epoch   23700  HO=-0.0239  meanSteps=  1891.0  copy=0.000  A(t)=0  sim=167.9s
epoch   23750  HO=-0.0234  meanSteps=  1932.6  copy=0.000  A(t)=0  sim=168.3s
epoch   23800  HO=-0.0238  meanSteps=  1904.0  copy=0.000  A(t)=0  sim=168.6s
epoch   23850  HO=-0.0248  meanSteps=  1884.1  copy=0.000  A(t)=0  sim=168.9s
epoch   23900  HO=-0.0237  meanSteps=  1901.4  copy=0.000  A(t)=0  sim=169.3s
epoch   23950  HO=-0.0235  meanSteps=  1927.6  copy=0.000  A(t)=0  sim=169.6s
epoch   24000  HO=-0.0233  meanSteps=  1867.0  copy=0.000  A(t)=0  sim=170.0s
epoch   24050  HO=-0.0227  meanSteps=  1857.4  copy=0.000  A(t)=0  sim=170.3s
epoch   24100  HO=-0.0230  meanSteps=  1879.9  copy=0.000  A(t)=0  sim=170.6s
epoch   24150  HO=-0.0227  meanSteps=  1822.3  copy=0.000  A(t)=0  sim=171.0s
epoch   24200  HO=-0.0231  meanSteps=  1871.5  copy=0.000  A(t)=0  sim=171.3s
epoch   24250  HO=-0.0232  meanSteps=  1878.9  copy=0.000  A(t)=0  sim=171.6s
epoch   24300  HO=-0.0239  meanSteps=  1927.5  copy=0.000  A(t)=0  sim=172.0s
epoch   24350  HO=-0.0243  meanSteps=  1925.5  copy=0.000  A(t)=0  sim=172.3s
epoch   24400  HO=-0.0240  meanSteps=  1904.2  copy=0.000  A(t)=0  sim=172.7s
epoch   24450  HO=-0.0238  meanSteps=  1866.1  copy=0.000  A(t)=0  sim=173.0s
epoch   24500  HO=-0.0237  meanSteps=  1855.2  copy=0.000  A(t)=0  sim=173.4s
epoch   24550  HO=-0.0233  meanSteps=  1818.7  copy=0.000  A(t)=0  sim=173.7s
epoch   24600  HO=-0.0235  meanSteps=  1835.4  copy=0.000  A(t)=0  sim=174.0s
epoch   24650  HO=-0.0236  meanSteps=  1821.3  copy=0.000  A(t)=0  sim=174.4s
epoch   24700  HO=-0.0231  meanSteps=  1843.0  copy=0.000  A(t)=0  sim=174.7s
epoch   24750  HO=-0.0232  meanSteps=  1868.8  copy=0.000  A(t)=0  sim=175.0s
epoch   24800  HO=-0.0223  meanSteps=  1934.3  copy=0.000  A(t)=0  sim=175.4s
epoch   24850  HO=-0.0228  meanSteps=  1894.1  copy=0.000  A(t)=0  sim=175.7s
epoch   24900  HO=-0.0231  meanSteps=  1910.1  copy=0.000  A(t)=0  sim=176.0s
epoch   24950  HO=-0.0240  meanSteps=  1970.1  copy=0.000  A(t)=0  sim=176.4s
epoch   25000  HO=-0.0236  meanSteps=  2028.4  copy=0.000  A(t)=0  sim=176.8s
epoch   25050  HO=-0.0234  meanSteps=  2008.4  copy=0.000  A(t)=0  sim=177.1s
epoch   25100  HO=-0.0240  meanSteps=  1989.4  copy=0.000  A(t)=0  sim=177.4s
epoch   25150  HO=-0.0241  meanSteps=  2003.5  copy=0.000  A(t)=0  sim=177.8s
epoch   25200  HO=-0.0233  meanSteps=  2059.5  copy=0.000  A(t)=0  sim=178.2s
epoch   25250  HO=-0.0237  meanSteps=  2080.1  copy=0.000  A(t)=0  sim=178.5s
epoch   25300  HO=-0.0237  meanSteps=  2074.3  copy=0.000  A(t)=0  sim=178.9s
epoch   25350  HO=-0.0233  meanSteps=  2076.8  copy=0.000  A(t)=0  sim=179.2s
epoch   25400  HO=-0.0236  meanSteps=  2065.2  copy=0.000  A(t)=0  sim=179.6s
epoch   25450  HO=-0.0242  meanSteps=  2052.1  copy=0.000  A(t)=0  sim=179.9s
epoch   25500  HO=-0.0240  meanSteps=  2078.7  copy=0.000  A(t)=0  sim=180.3s
epoch   25550  HO=-0.0240  meanSteps=  2017.8  copy=0.000  A(t)=0  sim=180.6s
epoch   25600  HO=-0.0240  meanSteps=  2046.4  copy=0.000  A(t)=0  sim=181.0s
epoch   25650  HO=-0.0238  meanSteps=  2045.2  copy=0.000  A(t)=0  sim=181.3s
epoch   25700  HO=-0.0231  meanSteps=  2024.1  copy=0.000  A(t)=0  sim=181.7s
epoch   25750  HO=-0.0229  meanSteps=  2035.8  copy=0.000  A(t)=0  sim=182.0s
epoch   25800  HO=-0.0239  meanSteps=  2029.7  copy=0.000  A(t)=0  sim=182.4s
epoch   25850  HO=-0.0240  meanSteps=  1994.9  copy=0.000  A(t)=0  sim=182.7s
epoch   25900  HO=-0.0240  meanSteps=  1977.2  copy=0.000  A(t)=0  sim=183.1s
epoch   25950  HO=-0.0240  meanSteps=  1988.3  copy=0.000  A(t)=0  sim=183.5s
epoch   26000  HO=-0.0241  meanSteps=  1990.1  copy=0.000  A(t)=0  sim=183.8s
epoch   26050  HO=-0.0242  meanSteps=  2018.2  copy=0.000  A(t)=0  sim=184.1s
epoch   26100  HO=-0.0236  meanSteps=  2034.1  copy=0.000  A(t)=0  sim=184.5s
epoch   26150  HO=-0.0241  meanSteps=  2001.8  copy=0.000  A(t)=0  sim=184.9s
epoch   26200  HO=-0.0243  meanSteps=  1990.6  copy=0.000  A(t)=0  sim=185.2s
epoch   26250  HO=-0.0238  meanSteps=  1974.0  copy=0.000  A(t)=0  sim=185.6s
epoch   26300  HO=-0.0244  meanSteps=  1960.8  copy=0.000  A(t)=0  sim=185.9s
epoch   26350  HO=-0.0240  meanSteps=  1969.9  copy=0.000  A(t)=0  sim=186.3s
epoch   26400  HO=-0.0239  meanSteps=  2005.2  copy=0.000  A(t)=0  sim=186.6s
epoch   26450  HO=-0.0239  meanSteps=  2009.0  copy=0.000  A(t)=0  sim=187.0s
epoch   26500  HO=-0.0244  meanSteps=  1960.1  copy=0.000  A(t)=0  sim=187.3s
epoch   26550  HO=-0.0243  meanSteps=  2026.0  copy=0.000  A(t)=0  sim=187.7s
epoch   26600  HO=-0.0233  meanSteps=  1995.6  copy=0.000  A(t)=0  sim=188.0s
epoch   26650  HO=-0.0221  meanSteps=  1967.7  copy=0.000  A(t)=0  sim=188.4s
epoch   26700  HO=-0.0227  meanSteps=  2012.5  copy=0.000  A(t)=0  sim=188.7s
epoch   26750  HO=-0.0232  meanSteps=  2043.4  copy=0.000  A(t)=0  sim=189.1s
epoch   26800  HO=-0.0226  meanSteps=  2037.2  copy=0.000  A(t)=0  sim=189.4s
epoch   26850  HO=-0.0225  meanSteps=  2005.2  copy=0.000  A(t)=0  sim=189.8s
epoch   26900  HO=-0.0225  meanSteps=  2042.4  copy=0.000  A(t)=0  sim=190.1s
epoch   26950  HO=-0.0226  meanSteps=  2044.7  copy=0.000  A(t)=0  sim=190.5s
epoch   27000  HO=-0.0224  meanSteps=  2107.9  copy=0.000  A(t)=0  sim=190.9s
epoch   27050  HO=-0.0224  meanSteps=  2084.9  copy=0.000  A(t)=0  sim=191.2s
epoch   27100  HO=-0.0227  meanSteps=  2083.1  copy=0.000  A(t)=0  sim=191.6s
epoch   27150  HO=-0.0231  meanSteps=  2095.1  copy=0.000  A(t)=0  sim=192.0s
epoch   27200  HO=-0.0233  meanSteps=  2069.1  copy=0.000  A(t)=0  sim=192.3s
epoch   27250  HO=-0.0233  meanSteps=  2058.4  copy=0.000  A(t)=0  sim=192.7s
epoch   27300  HO=-0.0239  meanSteps=  2089.5  copy=0.000  A(t)=0  sim=193.1s
epoch   27350  HO=-0.0235  meanSteps=  2028.4  copy=0.000  A(t)=0  sim=193.4s
epoch   27400  HO=-0.0244  meanSteps=  2024.0  copy=0.000  A(t)=0  sim=193.8s
epoch   27450  HO=-0.0237  meanSteps=  1990.7  copy=0.000  A(t)=0  sim=194.1s
epoch   27500  HO=-0.0238  meanSteps=  2031.8  copy=0.000  A(t)=0  sim=194.5s
epoch   27550  HO=-0.0234  meanSteps=  2039.2  copy=0.000  A(t)=0  sim=194.8s
epoch   27600  HO=-0.0240  meanSteps=  2077.0  copy=0.000  A(t)=0  sim=195.2s
epoch   27650  HO=-0.0240  meanSteps=  2054.6  copy=0.000  A(t)=0  sim=195.5s
epoch   27700  HO=-0.0239  meanSteps=  2014.1  copy=0.000  A(t)=0  sim=195.9s
epoch   27750  HO=-0.0242  meanSteps=  1996.6  copy=0.000  A(t)=0  sim=196.2s
epoch   27800  HO=-0.0240  meanSteps=  1954.4  copy=0.000  A(t)=0  sim=196.5s
epoch   27850  HO=-0.0245  meanSteps=  2018.6  copy=0.000  A(t)=0  sim=196.9s
epoch   27900  HO=-0.0241  meanSteps=  2008.7  copy=0.000  A(t)=0  sim=197.2s
epoch   27950  HO=-0.0237  meanSteps=  1982.8  copy=0.000  A(t)=0  sim=197.6s
epoch   28000  HO=-0.0237  meanSteps=  2022.7  copy=0.000  A(t)=0  sim=197.9s
epoch   28050  HO=-0.0241  meanSteps=  2043.7  copy=0.000  A(t)=0  sim=198.2s
epoch   28100  HO=-0.0239  meanSteps=  2061.8  copy=0.000  A(t)=0  sim=198.6s
epoch   28150  HO=-0.0244  meanSteps=  2044.2  copy=0.000  A(t)=0  sim=198.9s
epoch   28200  HO=-0.0241  meanSteps=  2061.4  copy=0.000  A(t)=0  sim=199.3s
epoch   28250  HO=-0.0236  meanSteps=  2086.3  copy=0.000  A(t)=0  sim=199.7s
epoch   28300  HO=-0.0235  meanSteps=  2086.5  copy=0.000  A(t)=0  sim=200.0s
epoch   28350  HO=-0.0230  meanSteps=  2140.6  copy=0.000  A(t)=0  sim=200.4s
epoch   28400  HO=-0.0228  meanSteps=  2178.2  copy=0.000  A(t)=0  sim=200.7s
epoch   28450  HO=-0.0226  meanSteps=  2130.3  copy=0.000  A(t)=0  sim=201.1s
epoch   28500  HO=-0.0239  meanSteps=  2154.4  copy=0.000  A(t)=0  sim=201.5s
epoch   28550  HO=-0.0241  meanSteps=  2172.5  copy=0.000  A(t)=0  sim=201.9s
epoch   28600  HO=-0.0232  meanSteps=  2146.5  copy=0.000  A(t)=0  sim=202.2s
epoch   28650  HO=-0.0229  meanSteps=  2204.2  copy=0.000  A(t)=0  sim=202.6s
epoch   28700  HO=-0.0230  meanSteps=  2192.3  copy=0.000  A(t)=0  sim=203.0s
epoch   28750  HO=-0.0227  meanSteps=  2210.8  copy=0.000  A(t)=0  sim=203.4s
epoch   28800  HO=-0.0231  meanSteps=  2205.8  copy=0.000  A(t)=0  sim=203.8s
epoch   28850  HO=-0.0237  meanSteps=  2212.2  copy=0.000  A(t)=0  sim=204.2s
epoch   28900  HO=-0.0238  meanSteps=  2228.5  copy=0.000  A(t)=0  sim=204.5s
epoch   28950  HO=-0.0243  meanSteps=  2184.7  copy=0.000  A(t)=0  sim=204.9s
epoch   29000  HO=-0.0237  meanSteps=  2201.6  copy=0.000  A(t)=0  sim=205.3s
epoch   29050  HO=-0.0236  meanSteps=  2188.0  copy=0.000  A(t)=0  sim=205.7s
epoch   29100  HO=-0.0241  meanSteps=  2121.9  copy=0.000  A(t)=0  sim=206.0s
epoch   29150  HO=-0.0232  meanSteps=  2090.1  copy=0.000  A(t)=0  sim=206.4s
epoch   29200  HO=-0.0233  meanSteps=  2087.2  copy=0.000  A(t)=0  sim=206.7s
epoch   29250  HO=-0.0224  meanSteps=  2074.5  copy=0.000  A(t)=0  sim=207.1s
epoch   29300  HO=-0.0228  meanSteps=  2106.3  copy=0.000  A(t)=0  sim=207.4s
epoch   29350  HO=-0.0226  meanSteps=  2079.9  copy=0.000  A(t)=0  sim=207.8s
epoch   29400  HO=-0.0228  meanSteps=  2153.5  copy=0.000  A(t)=0  sim=208.2s
epoch   29450  HO=-0.0231  meanSteps=  2172.0  copy=0.000  A(t)=0  sim=208.6s
epoch   29500  HO=-0.0230  meanSteps=  2155.6  copy=0.000  A(t)=0  sim=208.9s
epoch   29550  HO=-0.0230  meanSteps=  2169.4  copy=0.000  A(t)=0  sim=209.3s
epoch   29600  HO=-0.0234  meanSteps=  2143.3  copy=0.000  A(t)=0  sim=209.7s
epoch   29650  HO=-0.0234  meanSteps=  2167.5  copy=0.000  A(t)=0  sim=210.0s
epoch   29700  HO=-0.0237  meanSteps=  2187.1  copy=0.000  A(t)=0  sim=210.4s
epoch   29750  HO=-0.0237  meanSteps=  2156.6  copy=0.000  A(t)=0  sim=210.8s
epoch   29800  HO=-0.0241  meanSteps=  2189.5  copy=0.000  A(t)=0  sim=211.2s
epoch   29850  HO=-0.0240  meanSteps=  2152.9  copy=0.000  A(t)=0  sim=211.6s
epoch   29900  HO=-0.0235  meanSteps=  2203.5  copy=0.000  A(t)=0  sim=211.9s
epoch   29950  HO=-0.0238  meanSteps=  2169.5  copy=0.000  A(t)=0  sim=212.3s
epoch   30000  HO=-0.0237  meanSteps=  2115.1  copy=0.000  A(t)=0  sim=212.7s
epoch   30050  HO=-0.0236  meanSteps=  2044.9  copy=0.000  A(t)=0  sim=213.0s
epoch   30100  HO=-0.0239  meanSteps=  2082.7  copy=0.000  A(t)=0  sim=213.4s
epoch   30150  HO=-0.0242  meanSteps=  2071.7  copy=0.000  A(t)=0  sim=213.8s
epoch   30200  HO=-0.0238  meanSteps=  2023.5  copy=0.000  A(t)=0  sim=214.1s
epoch   30250  HO=-0.0235  meanSteps=  1986.0  copy=0.000  A(t)=0  sim=214.4s
epoch   30300  HO=-0.0240  meanSteps=  2005.6  copy=0.000  A(t)=0  sim=214.8s
epoch   30350  HO=-0.0240  meanSteps=  2010.8  copy=0.000  A(t)=0  sim=215.1s
epoch   30400  HO=-0.0238  meanSteps=  2057.1  copy=0.000  A(t)=0  sim=215.5s
epoch   30450  HO=-0.0237  meanSteps=  2001.8  copy=0.000  A(t)=0  sim=215.8s
epoch   30500  HO=-0.0240  meanSteps=  2031.8  copy=0.000  A(t)=0  sim=216.2s
epoch   30550  HO=-0.0243  meanSteps=  2009.8  copy=0.000  A(t)=0  sim=216.5s
epoch   30600  HO=-0.0243  meanSteps=  2025.0  copy=0.000  A(t)=0  sim=216.9s
epoch   30650  HO=-0.0250  meanSteps=  1987.3  copy=0.000  A(t)=0  sim=217.2s
epoch   30700  HO=-0.0248  meanSteps=  2000.3  copy=0.000  A(t)=0  sim=217.6s
epoch   30750  HO=-0.0256  meanSteps=  1959.7  copy=0.000  A(t)=0  sim=217.9s
epoch   30800  HO=-0.0247  meanSteps=  1920.3  copy=0.000  A(t)=0  sim=218.3s
epoch   30850  HO=-0.0248  meanSteps=  1925.1  copy=0.000  A(t)=0  sim=218.6s
epoch   30900  HO=-0.0248  meanSteps=  1907.2  copy=0.000  A(t)=0  sim=219.0s
epoch   30950  HO=-0.0244  meanSteps=  1922.7  copy=0.000  A(t)=0  sim=219.3s
epoch   31000  HO=-0.0248  meanSteps=  1896.9  copy=0.000  A(t)=0  sim=219.6s
epoch   31050  HO=-0.0248  meanSteps=  1882.1  copy=0.000  A(t)=0  sim=220.0s
epoch   31100  HO=-0.0244  meanSteps=  1872.7  copy=0.000  A(t)=0  sim=220.3s
epoch   31150  HO=-0.0240  meanSteps=  1850.9  copy=0.000  A(t)=0  sim=220.6s
epoch   31200  HO=-0.0237  meanSteps=  1807.4  copy=0.000  A(t)=0  sim=221.0s
epoch   31250  HO=-0.0237  meanSteps=  1856.5  copy=0.000  A(t)=0  sim=221.3s
epoch   31300  HO=-0.0246  meanSteps=  1821.4  copy=0.000  A(t)=0  sim=221.7s
epoch   31350  HO=-0.0244  meanSteps=  1833.7  copy=0.000  A(t)=0  sim=222.0s
epoch   31400  HO=-0.0249  meanSteps=  1835.5  copy=0.000  A(t)=0  sim=222.3s
epoch   31450  HO=-0.0245  meanSteps=  1762.9  copy=0.000  A(t)=0  sim=222.6s
epoch   31500  HO=-0.0249  meanSteps=  1727.8  copy=0.000  A(t)=0  sim=222.9s
epoch   31550  HO=-0.0241  meanSteps=  1706.5  copy=0.000  A(t)=0  sim=223.2s
epoch   31600  HO=-0.0235  meanSteps=  1703.2  copy=0.000  A(t)=0  sim=223.5s
epoch   31650  HO=-0.0234  meanSteps=  1684.8  copy=0.000  A(t)=0  sim=223.8s
epoch   31700  HO=-0.0238  meanSteps=  1706.9  copy=0.000  A(t)=0  sim=224.1s
epoch   31750  HO=-0.0242  meanSteps=  1726.2  copy=0.000  A(t)=0  sim=224.4s
epoch   31800  HO=-0.0234  meanSteps=  1697.0  copy=0.000  A(t)=0  sim=224.7s
epoch   31850  HO=-0.0230  meanSteps=  1773.0  copy=0.000  A(t)=0  sim=225.0s
epoch   31900  HO=-0.0219  meanSteps=  1724.1  copy=0.000  A(t)=0  sim=225.3s
epoch   31950  HO=-0.0219  meanSteps=  1756.2  copy=0.000  A(t)=0  sim=225.7s
epoch   32000  HO=-0.0218  meanSteps=  1799.3  copy=0.000  A(t)=0  sim=226.0s
epoch   32050  HO=-0.0220  meanSteps=  1788.1  copy=0.000  A(t)=0  sim=226.3s
epoch   32100  HO=-0.0217  meanSteps=  1753.4  copy=0.000  A(t)=0  sim=226.6s
epoch   32150  HO=-0.0223  meanSteps=  1721.2  copy=0.000  A(t)=0  sim=226.9s
epoch   32200  HO=-0.0223  meanSteps=  1723.0  copy=0.000  A(t)=0  sim=227.2s
epoch   32250  HO=-0.0229  meanSteps=  1701.7  copy=0.000  A(t)=0  sim=227.5s
epoch   32300  HO=-0.0231  meanSteps=  1703.9  copy=0.000  A(t)=0  sim=227.8s
epoch   32350  HO=-0.0229  meanSteps=  1690.7  copy=0.000  A(t)=0  sim=228.1s
epoch   32400  HO=-0.0223  meanSteps=  1735.3  copy=0.000  A(t)=0  sim=228.4s
epoch   32450  HO=-0.0225  meanSteps=  1703.7  copy=0.000  A(t)=0  sim=228.8s
epoch   32500  HO=-0.0224  meanSteps=  1762.0  copy=0.000  A(t)=0  sim=229.1s
epoch   32550  HO=-0.0223  meanSteps=  1751.4  copy=0.000  A(t)=0  sim=229.4s
epoch   32600  HO=-0.0234  meanSteps=  1732.7  copy=0.000  A(t)=0  sim=229.7s
epoch   32650  HO=-0.0233  meanSteps=  1767.1  copy=0.000  A(t)=0  sim=230.0s
epoch   32700  HO=-0.0234  meanSteps=  1796.8  copy=0.000  A(t)=0  sim=230.3s
epoch   32750  HO=-0.0239  meanSteps=  1809.3  copy=0.000  A(t)=0  sim=230.7s
epoch   32800  HO=-0.0245  meanSteps=  1777.3  copy=0.000  A(t)=0  sim=231.0s
epoch   32850  HO=-0.0242  meanSteps=  1786.3  copy=0.000  A(t)=0  sim=231.3s
epoch   32900  HO=-0.0240  meanSteps=  1775.7  copy=0.000  A(t)=0  sim=231.6s
epoch   32950  HO=-0.0240  meanSteps=  1800.1  copy=0.000  A(t)=0  sim=231.9s
epoch   33000  HO=-0.0243  meanSteps=  1870.1  copy=0.000  A(t)=0  sim=232.3s
epoch   33050  HO=-0.0235  meanSteps=  1882.8  copy=0.000  A(t)=0  sim=232.6s
epoch   33100  HO=-0.0239  meanSteps=  1863.8  copy=0.000  A(t)=0  sim=232.9s
epoch   33150  HO=-0.0239  meanSteps=  1770.7  copy=0.000  A(t)=0  sim=233.2s
epoch   33200  HO=-0.0246  meanSteps=  1791.2  copy=0.000  A(t)=0  sim=233.6s
epoch   33250  HO=-0.0241  meanSteps=  1801.6  copy=0.000  A(t)=0  sim=233.9s
epoch   33300  HO=-0.0237  meanSteps=  1869.6  copy=0.000  A(t)=0  sim=234.2s
epoch   33350  HO=-0.0244  meanSteps=  1848.9  copy=0.000  A(t)=0  sim=234.6s
epoch   33400  HO=-0.0245  meanSteps=  1834.7  copy=0.000  A(t)=0  sim=234.9s
epoch   33450  HO=-0.0239  meanSteps=  1815.3  copy=0.000  A(t)=0  sim=235.2s
epoch   33500  HO=-0.0238  meanSteps=  1789.0  copy=0.000  A(t)=0  sim=235.5s
epoch   33550  HO=-0.0238  meanSteps=  1748.8  copy=0.000  A(t)=0  sim=235.9s
epoch   33600  HO=-0.0230  meanSteps=  1760.9  copy=0.000  A(t)=0  sim=236.2s
epoch   33650  HO=-0.0234  meanSteps=  1741.0  copy=0.000  A(t)=0  sim=236.5s
epoch   33700  HO=-0.0239  meanSteps=  1796.9  copy=0.000  A(t)=0  sim=236.8s
epoch   33750  HO=-0.0236  meanSteps=  1821.8  copy=0.000  A(t)=0  sim=237.1s
epoch   33800  HO=-0.0241  meanSteps=  1841.2  copy=0.000  A(t)=0  sim=237.4s
epoch   33850  HO=-0.0248  meanSteps=  1816.7  copy=0.000  A(t)=0  sim=237.8s
epoch   33900  HO=-0.0245  meanSteps=  1797.7  copy=0.000  A(t)=0  sim=238.1s
epoch   33950  HO=-0.0244  meanSteps=  1852.8  copy=0.000  A(t)=0  sim=238.4s
epoch   34000  HO=-0.0239  meanSteps=  1811.3  copy=0.000  A(t)=0  sim=238.7s
epoch   34050  HO=-0.0237  meanSteps=  1812.8  copy=0.000  A(t)=0  sim=239.1s
epoch   34100  HO=-0.0243  meanSteps=  1805.4  copy=0.000  A(t)=0  sim=239.4s
epoch   34150  HO=-0.0239  meanSteps=  1763.2  copy=0.000  A(t)=0  sim=239.7s
epoch   34200  HO=-0.0242  meanSteps=  1782.6  copy=0.000  A(t)=0  sim=240.0s
epoch   34250  HO=-0.0250  meanSteps=  1748.1  copy=0.000  A(t)=0  sim=240.3s
epoch   34300  HO=-0.0246  meanSteps=  1753.2  copy=0.000  A(t)=0  sim=240.6s
epoch   34350  HO=-0.0238  meanSteps=  1807.5  copy=0.000  A(t)=0  sim=240.9s
epoch   34400  HO=-0.0230  meanSteps=  1782.3  copy=0.000  A(t)=0  sim=241.3s
epoch   34450  HO=-0.0236  meanSteps=  1773.2  copy=0.000  A(t)=0  sim=241.6s
epoch   34500  HO=-0.0235  meanSteps=  1809.7  copy=0.000  A(t)=0  sim=241.9s
epoch   34550  HO=-0.0238  meanSteps=  1785.5  copy=0.000  A(t)=0  sim=242.2s
epoch   34600  HO=-0.0239  meanSteps=  1817.9  copy=0.000  A(t)=0  sim=242.5s
epoch   34650  HO=-0.0241  meanSteps=  1835.5  copy=0.000  A(t)=0  sim=242.9s
epoch   34700  HO=-0.0249  meanSteps=  1863.2  copy=0.000  A(t)=0  sim=243.2s
epoch   34750  HO=-0.0248  meanSteps=  1874.2  copy=0.000  A(t)=0  sim=243.5s
epoch   34800  HO=-0.0253  meanSteps=  1854.5  copy=0.000  A(t)=0  sim=243.8s
epoch   34850  HO=-0.0247  meanSteps=  1887.8  copy=0.000  A(t)=0  sim=244.2s
epoch   34900  HO=-0.0249  meanSteps=  1886.4  copy=0.000  A(t)=0  sim=244.5s
epoch   34950  HO=-0.0243  meanSteps=  1844.6  copy=0.000  A(t)=0  sim=244.8s
epoch   35000  HO=-0.0243  meanSteps=  1872.8  copy=0.000  A(t)=0  sim=245.1s
epoch   35050  HO=-0.0233  meanSteps=  1901.5  copy=0.000  A(t)=0  sim=245.5s
epoch   35100  HO=-0.0230  meanSteps=  1971.5  copy=0.000  A(t)=0  sim=245.8s
epoch   35150  HO=-0.0225  meanSteps=  1962.7  copy=0.000  A(t)=0  sim=246.2s
epoch   35200  HO=-0.0227  meanSteps=  1956.7  copy=0.000  A(t)=0  sim=246.5s
epoch   35250  HO=-0.0225  meanSteps=  1940.9  copy=0.000  A(t)=0  sim=246.9s
epoch   35300  HO=-0.0233  meanSteps=  1931.8  copy=0.000  A(t)=0  sim=247.2s
epoch   35350  HO=-0.0232  meanSteps=  1957.0  copy=0.000  A(t)=0  sim=247.6s
epoch   35400  HO=-0.0237  meanSteps=  1976.3  copy=0.000  A(t)=0  sim=247.9s
epoch   35450  HO=-0.0237  meanSteps=  1938.4  copy=0.000  A(t)=0  sim=248.3s
epoch   35500  HO=-0.0237  meanSteps=  1947.2  copy=0.000  A(t)=0  sim=248.6s
epoch   35550  HO=-0.0228  meanSteps=  1971.2  copy=0.000  A(t)=0  sim=249.0s
epoch   35600  HO=-0.0236  meanSteps=  1947.9  copy=0.000  A(t)=0  sim=249.3s
epoch   35650  HO=-0.0247  meanSteps=  1964.2  copy=0.000  A(t)=0  sim=249.7s
epoch   35700  HO=-0.0251  meanSteps=  1985.1  copy=0.000  A(t)=0  sim=250.0s
epoch   35750  HO=-0.0248  meanSteps=  1969.2  copy=0.000  A(t)=0  sim=250.3s
epoch   35800  HO=-0.0242  meanSteps=  1977.0  copy=0.000  A(t)=0  sim=250.7s
epoch   35850  HO=-0.0241  meanSteps=  1916.0  copy=0.000  A(t)=0  sim=251.1s
epoch   35900  HO=-0.0235  meanSteps=  1916.4  copy=0.000  A(t)=0  sim=251.4s
epoch   35950  HO=-0.0234  meanSteps=  1919.1  copy=0.000  A(t)=0  sim=251.8s
epoch   36000  HO=-0.0233  meanSteps=  1886.6  copy=0.000  A(t)=0  sim=252.2s
epoch   36050  HO=-0.0236  meanSteps=  1905.1  copy=0.000  A(t)=0  sim=252.5s
epoch   36100  HO=-0.0233  meanSteps=  1866.8  copy=0.000  A(t)=0  sim=252.8s
epoch   36150  HO=-0.0235  meanSteps=  1850.5  copy=0.000  A(t)=0  sim=253.2s
epoch   36200  HO=-0.0234  meanSteps=  1864.4  copy=0.000  A(t)=0  sim=253.5s
epoch   36250  HO=-0.0225  meanSteps=  1821.5  copy=0.000  A(t)=0  sim=253.8s
epoch   36300  HO=-0.0223  meanSteps=  1850.0  copy=0.000  A(t)=0  sim=254.2s
epoch   36350  HO=-0.0224  meanSteps=  1794.8  copy=0.000  A(t)=0  sim=254.5s
epoch   36400  HO=-0.0224  meanSteps=  1799.6  copy=0.000  A(t)=0  sim=254.8s
epoch   36450  HO=-0.0231  meanSteps=  1806.2  copy=0.000  A(t)=0  sim=255.1s
epoch   36500  HO=-0.0230  meanSteps=  1808.1  copy=0.000  A(t)=0  sim=255.4s
epoch   36550  HO=-0.0231  meanSteps=  1827.3  copy=0.000  A(t)=0  sim=255.8s
epoch   36600  HO=-0.0225  meanSteps=  1864.3  copy=0.000  A(t)=0  sim=256.1s
epoch   36650  HO=-0.0221  meanSteps=  1853.6  copy=0.000  A(t)=0  sim=256.4s
epoch   36700  HO=-0.0230  meanSteps=  1881.2  copy=0.000  A(t)=0  sim=256.8s
epoch   36750  HO=-0.0233  meanSteps=  1829.4  copy=0.000  A(t)=0  sim=257.1s
epoch   36800  HO=-0.0229  meanSteps=  1857.9  copy=0.000  A(t)=0  sim=257.4s
epoch   36850  HO=-0.0235  meanSteps=  1846.1  copy=0.000  A(t)=0  sim=257.7s
epoch   36900  HO=-0.0242  meanSteps=  1865.8  copy=0.000  A(t)=0  sim=258.1s
epoch   36950  HO=-0.0238  meanSteps=  1860.9  copy=0.000  A(t)=0  sim=258.4s
epoch   37000  HO=-0.0241  meanSteps=  1863.1  copy=0.000  A(t)=0  sim=258.7s
epoch   37050  HO=-0.0242  meanSteps=  1808.7  copy=0.000  A(t)=0  sim=259.1s
epoch   37100  HO=-0.0243  meanSteps=  1819.7  copy=0.000  A(t)=0  sim=259.4s
epoch   37150  HO=-0.0254  meanSteps=  1782.7  copy=0.000  A(t)=0  sim=259.7s
epoch   37200  HO=-0.0250  meanSteps=  1806.7  copy=0.000  A(t)=0  sim=260.0s
epoch   37250  HO=-0.0249  meanSteps=  1811.5  copy=0.000  A(t)=0  sim=260.3s
epoch   37300  HO=-0.0249  meanSteps=  1809.5  copy=0.000  A(t)=0  sim=260.7s
epoch   37350  HO=-0.0245  meanSteps=  1780.6  copy=0.000  A(t)=0  sim=261.0s
epoch   37400  HO=-0.0244  meanSteps=  1785.9  copy=0.000  A(t)=0  sim=261.3s
epoch   37450  HO=-0.0239  meanSteps=  1798.7  copy=0.000  A(t)=0  sim=261.6s
epoch   37500  HO=-0.0246  meanSteps=  1816.2  copy=0.000  A(t)=0  sim=261.9s
epoch   37550  HO=-0.0247  meanSteps=  1824.4  copy=0.000  A(t)=0  sim=262.3s
epoch   37600  HO=-0.0243  meanSteps=  1849.0  copy=0.000  A(t)=0  sim=262.6s
epoch   37650  HO=-0.0240  meanSteps=  1871.3  copy=0.000  A(t)=0  sim=263.0s
epoch   37700  HO=-0.0239  meanSteps=  1798.9  copy=0.000  A(t)=0  sim=263.3s
epoch   37750  HO=-0.0236  meanSteps=  1835.8  copy=0.000  A(t)=0  sim=263.7s
epoch   37800  HO=-0.0239  meanSteps=  1899.2  copy=0.000  A(t)=0  sim=264.1s
epoch   37850  HO=-0.0239  meanSteps=  1899.5  copy=0.000  A(t)=0  sim=264.5s
epoch   37900  HO=-0.0237  meanSteps=  1908.3  copy=0.000  A(t)=0  sim=264.8s
epoch   37950  HO=-0.0236  meanSteps=  1904.8  copy=0.000  A(t)=0  sim=265.1s
epoch   38000  HO=-0.0238  meanSteps=  1872.7  copy=0.000  A(t)=0  sim=265.5s
epoch   38050  HO=-0.0236  meanSteps=  1883.1  copy=0.000  A(t)=0  sim=265.8s
epoch   38100  HO=-0.0243  meanSteps=  1878.7  copy=0.000  A(t)=0  sim=266.1s
epoch   38150  HO=-0.0244  meanSteps=  1861.6  copy=0.000  A(t)=0  sim=266.5s
epoch   38200  HO=-0.0241  meanSteps=  1881.5  copy=0.000  A(t)=0  sim=266.8s
epoch   38250  HO=-0.0242  meanSteps=  1867.0  copy=0.000  A(t)=0  sim=267.2s
epoch   38300  HO=-0.0233  meanSteps=  1860.7  copy=0.000  A(t)=0  sim=267.5s
epoch   38350  HO=-0.0234  meanSteps=  1834.9  copy=0.000  A(t)=0  sim=267.8s
epoch   38400  HO=-0.0237  meanSteps=  1847.3  copy=0.000  A(t)=0  sim=268.2s
epoch   38450  HO=-0.0238  meanSteps=  1812.5  copy=0.000  A(t)=0  sim=268.5s
epoch   38500  HO=-0.0236  meanSteps=  1838.0  copy=0.000  A(t)=0  sim=268.8s
epoch   38550  HO=-0.0235  meanSteps=  1819.9  copy=0.000  A(t)=0  sim=269.1s
epoch   38600  HO=-0.0231  meanSteps=  1821.9  copy=0.000  A(t)=0  sim=269.5s
epoch   38650  HO=-0.0239  meanSteps=  1852.1  copy=0.000  A(t)=0  sim=269.8s
epoch   38700  HO=-0.0238  meanSteps=  1844.9  copy=0.000  A(t)=0  sim=270.1s
epoch   38750  HO=-0.0237  meanSteps=  1779.5  copy=0.000  A(t)=0  sim=270.4s
epoch   38800  HO=-0.0229  meanSteps=  1777.2  copy=0.000  A(t)=0  sim=270.8s
epoch   38850  HO=-0.0230  meanSteps=  1810.6  copy=0.000  A(t)=0  sim=271.1s
epoch   38900  HO=-0.0234  meanSteps=  1804.1  copy=0.000  A(t)=0  sim=271.4s
epoch   38950  HO=-0.0236  meanSteps=  1831.3  copy=0.000  A(t)=0  sim=271.8s
epoch   39000  HO=-0.0233  meanSteps=  1838.4  copy=0.000  A(t)=0  sim=272.1s
epoch   39050  HO=-0.0238  meanSteps=  1870.9  copy=0.000  A(t)=0  sim=272.4s
epoch   39100  HO=-0.0245  meanSteps=  1879.2  copy=0.000  A(t)=0  sim=272.7s
epoch   39150  HO=-0.0247  meanSteps=  1843.3  copy=0.000  A(t)=0  sim=273.1s
epoch   39200  HO=-0.0240  meanSteps=  1845.9  copy=0.000  A(t)=0  sim=273.4s
epoch   39250  HO=-0.0237  meanSteps=  1858.6  copy=0.000  A(t)=0  sim=273.7s
epoch   39300  HO=-0.0237  meanSteps=  1862.7  copy=0.000  A(t)=0  sim=274.1s
epoch   39350  HO=-0.0243  meanSteps=  1850.1  copy=0.000  A(t)=0  sim=274.4s
epoch   39400  HO=-0.0240  meanSteps=  1849.6  copy=0.000  A(t)=0  sim=274.7s
epoch   39450  HO=-0.0247  meanSteps=  1837.4  copy=0.000  A(t)=0  sim=275.0s
epoch   39500  HO=-0.0241  meanSteps=  1872.9  copy=0.000  A(t)=0  sim=275.4s
epoch   39550  HO=-0.0249  meanSteps=  1911.1  copy=0.000  A(t)=0  sim=275.7s
epoch   39600  HO=-0.0238  meanSteps=  1894.8  copy=0.000  A(t)=0  sim=276.0s
epoch   39650  HO=-0.0236  meanSteps=  1860.6  copy=0.000  A(t)=0  sim=276.4s
epoch   39700  HO=-0.0238  meanSteps=  1900.2  copy=0.000  A(t)=0  sim=276.7s
epoch   39750  HO=-0.0249  meanSteps=  1900.0  copy=0.000  A(t)=0  sim=277.1s
epoch   39800  HO=-0.0250  meanSteps=  1925.7  copy=0.000  A(t)=0  sim=277.4s
epoch   39850  HO=-0.0250  meanSteps=  1955.6  copy=0.000  A(t)=0  sim=277.7s
epoch   39900  HO=-0.0250  meanSteps=  1985.6  copy=0.000  A(t)=0  sim=278.1s
epoch   39950  HO=-0.0253  meanSteps=  2027.4  copy=0.000  A(t)=0  sim=278.4s
epoch   40000  HO=-0.0254  meanSteps=  1932.4  copy=0.000  A(t)=0  sim=278.8s
epoch   40050  HO=-0.0253  meanSteps=  1977.0  copy=0.000  A(t)=0  sim=279.1s
epoch   40100  HO=-0.0252  meanSteps=  1974.1  copy=0.000  A(t)=0  sim=279.5s
epoch   40150  HO=-0.0261  meanSteps=  2001.9  copy=0.000  A(t)=0  sim=279.8s
epoch   40200  HO=-0.0255  meanSteps=  2013.1  copy=0.000  A(t)=0  sim=280.1s
epoch   40250  HO=-0.0257  meanSteps=  1982.9  copy=0.000  A(t)=0  sim=280.5s
epoch   40300  HO=-0.0252  meanSteps=  1928.6  copy=0.000  A(t)=0  sim=280.8s
epoch   40350  HO=-0.0244  meanSteps=  1941.2  copy=0.000  A(t)=0  sim=281.2s
epoch   40400  HO=-0.0245  meanSteps=  1962.7  copy=0.000  A(t)=0  sim=281.5s
epoch   40450  HO=-0.0253  meanSteps=  1940.7  copy=0.000  A(t)=0  sim=281.8s
epoch   40500  HO=-0.0256  meanSteps=  1914.1  copy=0.000  A(t)=0  sim=282.2s
epoch   40550  HO=-0.0254  meanSteps=  1983.4  copy=0.000  A(t)=0  sim=282.5s
epoch   40600  HO=-0.0259  meanSteps=  2027.9  copy=0.000  A(t)=0  sim=282.9s
epoch   40650  HO=-0.0260  meanSteps=  2038.0  copy=0.000  A(t)=0  sim=283.2s
epoch   40700  HO=-0.0258  meanSteps=  2064.5  copy=0.000  A(t)=0  sim=283.6s
epoch   40750  HO=-0.0265  meanSteps=  2039.9  copy=0.000  A(t)=0  sim=283.9s
epoch   40800  HO=-0.0259  meanSteps=  2044.9  copy=0.000  A(t)=0  sim=284.3s
epoch   40850  HO=-0.0260  meanSteps=  2050.1  copy=0.000  A(t)=0  sim=284.6s
epoch   40900  HO=-0.0255  meanSteps=  2087.5  copy=0.000  A(t)=0  sim=285.0s
epoch   40950  HO=-0.0251  meanSteps=  2081.1  copy=0.000  A(t)=0  sim=285.4s
epoch   41000  HO=-0.0250  meanSteps=  2131.3  copy=0.000  A(t)=0  sim=285.7s
epoch   41050  HO=-0.0243  meanSteps=  2114.9  copy=0.000  A(t)=0  sim=286.1s
epoch   41100  HO=-0.0245  meanSteps=  2162.4  copy=0.000  A(t)=0  sim=286.5s
epoch   41150  HO=-0.0247  meanSteps=  2100.1  copy=0.000  A(t)=0  sim=286.8s
epoch   41200  HO=-0.0248  meanSteps=  2036.5  copy=0.000  A(t)=0  sim=287.2s
epoch   41250  HO=-0.0245  meanSteps=  2074.4  copy=0.000  A(t)=0  sim=287.5s
epoch   41300  HO=-0.0250  meanSteps=  2037.8  copy=0.000  A(t)=0  sim=287.9s
epoch   41350  HO=-0.0257  meanSteps=  2034.2  copy=0.000  A(t)=0  sim=288.2s
epoch   41400  HO=-0.0251  meanSteps=  2024.4  copy=0.000  A(t)=0  sim=288.6s
epoch   41450  HO=-0.0249  meanSteps=  2027.2  copy=0.000  A(t)=0  sim=288.9s
epoch   41500  HO=-0.0249  meanSteps=  2054.1  copy=0.000  A(t)=0  sim=289.3s
epoch   41550  HO=-0.0256  meanSteps=  2068.1  copy=0.000  A(t)=0  sim=289.6s
epoch   41600  HO=-0.0257  meanSteps=  2075.9  copy=0.000  A(t)=0  sim=290.0s
epoch   41650  HO=-0.0259  meanSteps=  2125.8  copy=0.000  A(t)=0  sim=290.3s
epoch   41700  HO=-0.0263  meanSteps=  2122.4  copy=0.000  A(t)=0  sim=290.7s
epoch   41750  HO=-0.0265  meanSteps=  2133.8  copy=0.000  A(t)=0  sim=291.0s
epoch   41800  HO=-0.0255  meanSteps=  2085.6  copy=0.000  A(t)=0  sim=291.4s
epoch   41850  HO=-0.0249  meanSteps=  2066.7  copy=0.000  A(t)=0  sim=291.7s
epoch   41900  HO=-0.0257  meanSteps=  2102.2  copy=0.000  A(t)=0  sim=292.1s
epoch   41950  HO=-0.0255  meanSteps=  2106.2  copy=0.000  A(t)=0  sim=292.5s
epoch   42000  HO=-0.0253  meanSteps=  2030.5  copy=0.000  A(t)=0  sim=292.8s
epoch   42050  HO=-0.0250  meanSteps=  2037.4  copy=0.000  A(t)=0  sim=293.2s
epoch   42100  HO=-0.0251  meanSteps=  2080.8  copy=0.000  A(t)=0  sim=293.5s
epoch   42150  HO=-0.0245  meanSteps=  2097.8  copy=0.000  A(t)=0  sim=293.9s
epoch   42200  HO=-0.0244  meanSteps=  2091.8  copy=0.000  A(t)=0  sim=294.3s
epoch   42250  HO=-0.0242  meanSteps=  2074.3  copy=0.000  A(t)=0  sim=294.6s
epoch   42300  HO=-0.0248  meanSteps=  2063.1  copy=0.000  A(t)=0  sim=295.0s
epoch   42350  HO=-0.0247  meanSteps=  2109.3  copy=0.000  A(t)=0  sim=295.4s
epoch   42400  HO=-0.0245  meanSteps=  2065.0  copy=0.000  A(t)=0  sim=295.7s
epoch   42450  HO=-0.0249  meanSteps=  2091.3  copy=0.000  A(t)=0  sim=296.1s
epoch   42500  HO=-0.0241  meanSteps=  2093.6  copy=0.000  A(t)=0  sim=296.4s
epoch   42550  HO=-0.0241  meanSteps=  2085.7  copy=0.000  A(t)=0  sim=296.8s
epoch   42600  HO=-0.0247  meanSteps=  2066.4  copy=0.000  A(t)=0  sim=297.2s
epoch   42650  HO=-0.0244  meanSteps=  2031.2  copy=0.000  A(t)=0  sim=297.5s
epoch   42700  HO=-0.0250  meanSteps=  2004.0  copy=0.000  A(t)=0  sim=297.9s
epoch   42750  HO=-0.0248  meanSteps=  1964.0  copy=0.000  A(t)=0  sim=298.2s
epoch   42800  HO=-0.0244  meanSteps=  1930.2  copy=0.000  A(t)=0  sim=298.5s
epoch   42850  HO=-0.0235  meanSteps=  1923.6  copy=0.000  A(t)=0  sim=298.9s
epoch   42900  HO=-0.0235  meanSteps=  1871.9  copy=0.000  A(t)=0  sim=299.2s
epoch   42950  HO=-0.0237  meanSteps=  1836.8  copy=0.000  A(t)=0  sim=299.5s
epoch   43000  HO=-0.0243  meanSteps=  1832.5  copy=0.000  A(t)=0  sim=299.8s
epoch   43050  HO=-0.0244  meanSteps=  1788.0  copy=0.000  A(t)=0  sim=300.1s
epoch   43100  HO=-0.0229  meanSteps=  1804.6  copy=0.000  A(t)=0  sim=300.5s
epoch   43150  HO=-0.0230  meanSteps=  1790.1  copy=0.000  A(t)=0  sim=300.8s
epoch   43200  HO=-0.0230  meanSteps=  1806.5  copy=0.000  A(t)=0  sim=301.2s
epoch   43250  HO=-0.0243  meanSteps=  1849.8  copy=0.000  A(t)=0  sim=301.5s
epoch   43300  HO=-0.0246  meanSteps=  1896.9  copy=0.000  A(t)=0  sim=301.8s
epoch   43350  HO=-0.0235  meanSteps=  1957.5  copy=0.000  A(t)=0  sim=302.2s
epoch   43400  HO=-0.0232  meanSteps=  1974.3  copy=0.000  A(t)=0  sim=302.5s
epoch   43450  HO=-0.0234  meanSteps=  1942.2  copy=0.000  A(t)=0  sim=302.9s
epoch   43500  HO=-0.0236  meanSteps=  1930.5  copy=0.000  A(t)=0  sim=303.2s
epoch   43550  HO=-0.0234  meanSteps=  1912.0  copy=0.000  A(t)=0  sim=303.5s
epoch   43600  HO=-0.0230  meanSteps=  1891.2  copy=0.000  A(t)=0  sim=303.9s
epoch   43650  HO=-0.0235  meanSteps=  1863.8  copy=0.000  A(t)=0  sim=304.2s
epoch   43700  HO=-0.0238  meanSteps=  1861.9  copy=0.000  A(t)=0  sim=304.5s
epoch   43750  HO=-0.0227  meanSteps=  1841.3  copy=0.000  A(t)=0  sim=304.8s
epoch   43800  HO=-0.0228  meanSteps=  1896.5  copy=0.000  A(t)=0  sim=305.2s
epoch   43850  HO=-0.0233  meanSteps=  1929.0  copy=0.000  A(t)=0  sim=305.5s
epoch   43900  HO=-0.0233  meanSteps=  1914.2  copy=0.000  A(t)=0  sim=305.8s
epoch   43950  HO=-0.0232  meanSteps=  1982.1  copy=0.000  A(t)=0  sim=306.2s
epoch   44000  HO=-0.0229  meanSteps=  1949.2  copy=0.000  A(t)=0  sim=306.5s
epoch   44050  HO=-0.0230  meanSteps=  1889.0  copy=0.000  A(t)=0  sim=306.9s
epoch   44100  HO=-0.0239  meanSteps=  1876.2  copy=0.000  A(t)=0  sim=307.2s
epoch   44150  HO=-0.0238  meanSteps=  1933.5  copy=0.000  A(t)=0  sim=307.6s
epoch   44200  HO=-0.0240  meanSteps=  1920.9  copy=0.000  A(t)=0  sim=307.9s
epoch   44250  HO=-0.0248  meanSteps=  1952.1  copy=0.000  A(t)=0  sim=308.2s
epoch   44300  HO=-0.0241  meanSteps=  1955.5  copy=0.000  A(t)=0  sim=308.6s
epoch   44350  HO=-0.0239  meanSteps=  1968.3  copy=0.000  A(t)=0  sim=308.9s
epoch   44400  HO=-0.0237  meanSteps=  1990.5  copy=0.000  A(t)=0  sim=309.2s
epoch   44450  HO=-0.0237  meanSteps=  1983.7  copy=0.000  A(t)=0  sim=309.6s
epoch   44500  HO=-0.0232  meanSteps=  1966.2  copy=0.000  A(t)=0  sim=309.9s
epoch   44550  HO=-0.0240  meanSteps=  1937.6  copy=0.000  A(t)=0  sim=310.3s
epoch   44600  HO=-0.0244  meanSteps=  1972.4  copy=0.000  A(t)=0  sim=310.6s
epoch   44650  HO=-0.0241  meanSteps=  1949.3  copy=0.000  A(t)=0  sim=310.9s
epoch   44700  HO=-0.0244  meanSteps=  1936.3  copy=0.000  A(t)=0  sim=311.3s
epoch   44750  HO=-0.0246  meanSteps=  1945.1  copy=0.000  A(t)=0  sim=311.7s
epoch   44800  HO=-0.0242  meanSteps=  1964.2  copy=0.000  A(t)=0  sim=312.0s
epoch   44850  HO=-0.0238  meanSteps=  1944.4  copy=0.000  A(t)=0  sim=312.4s
epoch   44900  HO=-0.0241  meanSteps=  1942.7  copy=0.000  A(t)=0  sim=312.7s
epoch   44950  HO=-0.0241  meanSteps=  1945.6  copy=0.000  A(t)=0  sim=313.0s
epoch   45000  HO=-0.0238  meanSteps=  1943.3  copy=0.000  A(t)=0  sim=313.4s
epoch   45050  HO=-0.0247  meanSteps=  1972.4  copy=0.000  A(t)=0  sim=313.8s
epoch   45100  HO=-0.0251  meanSteps=  1972.7  copy=0.000  A(t)=0  sim=314.1s
epoch   45150  HO=-0.0246  meanSteps=  1952.1  copy=0.000  A(t)=0  sim=314.5s
epoch   45200  HO=-0.0246  meanSteps=  1903.9  copy=0.000  A(t)=0  sim=314.8s
epoch   45250  HO=-0.0244  meanSteps=  1906.2  copy=0.000  A(t)=0  sim=315.2s
epoch   45300  HO=-0.0242  meanSteps=  1882.1  copy=0.000  A(t)=0  sim=315.5s
epoch   45350  HO=-0.0240  meanSteps=  1895.3  copy=0.000  A(t)=0  sim=315.8s
epoch   45400  HO=-0.0237  meanSteps=  1906.0  copy=0.000  A(t)=0  sim=316.2s
epoch   45450  HO=-0.0235  meanSteps=  1913.9  copy=0.000  A(t)=0  sim=316.5s
epoch   45500  HO=-0.0239  meanSteps=  1966.8  copy=0.000  A(t)=0  sim=316.8s
epoch   45550  HO=-0.0233  meanSteps=  1989.3  copy=0.000  A(t)=0  sim=317.2s
epoch   45600  HO=-0.0229  meanSteps=  2002.7  copy=0.000  A(t)=0  sim=317.5s
epoch   45650  HO=-0.0227  meanSteps=  2032.3  copy=0.000  A(t)=0  sim=317.9s
epoch   45700  HO=-0.0220  meanSteps=  2008.3  copy=0.000  A(t)=0  sim=318.2s
epoch   45750  HO=-0.0220  meanSteps=  2062.7  copy=0.000  A(t)=0  sim=318.6s
epoch   45800  HO=-0.0219  meanSteps=  2069.0  copy=0.000  A(t)=0  sim=319.0s
epoch   45850  HO=-0.0220  meanSteps=  2002.5  copy=0.000  A(t)=0  sim=319.3s
epoch   45900  HO=-0.0227  meanSteps=  1969.4  copy=0.000  A(t)=0  sim=319.7s
epoch   45950  HO=-0.0221  meanSteps=  1973.2  copy=0.000  A(t)=0  sim=320.0s
epoch   46000  HO=-0.0225  meanSteps=  1954.9  copy=0.000  A(t)=0  sim=320.4s
epoch   46050  HO=-0.0228  meanSteps=  1946.3  copy=0.000  A(t)=0  sim=320.7s
epoch   46100  HO=-0.0229  meanSteps=  1960.5  copy=0.000  A(t)=0  sim=321.0s
epoch   46150  HO=-0.0242  meanSteps=  1898.6  copy=0.000  A(t)=0  sim=321.4s
epoch   46200  HO=-0.0247  meanSteps=  1898.4  copy=0.000  A(t)=0  sim=321.7s
epoch   46250  HO=-0.0241  meanSteps=  1901.0  copy=0.000  A(t)=0  sim=322.0s
epoch   46300  HO=-0.0243  meanSteps=  1927.4  copy=0.000  A(t)=0  sim=322.4s
epoch   46350  HO=-0.0239  meanSteps=  1875.6  copy=0.000  A(t)=0  sim=322.7s
epoch   46400  HO=-0.0242  meanSteps=  1906.6  copy=0.000  A(t)=0  sim=323.0s
epoch   46450  HO=-0.0240  meanSteps=  1936.6  copy=0.000  A(t)=0  sim=323.4s
epoch   46500  HO=-0.0239  meanSteps=  1930.9  copy=0.000  A(t)=0  sim=323.7s
epoch   46550  HO=-0.0238  meanSteps=  1950.9  copy=0.000  A(t)=0  sim=324.1s
epoch   46600  HO=-0.0234  meanSteps=  1988.7  copy=0.000  A(t)=0  sim=324.4s
epoch   46650  HO=-0.0238  meanSteps=  2020.8  copy=0.000  A(t)=0  sim=324.7s
epoch   46700  HO=-0.0240  meanSteps=  2030.2  copy=0.000  A(t)=0  sim=325.1s
epoch   46750  HO=-0.0238  meanSteps=  2009.6  copy=0.000  A(t)=0  sim=325.4s
epoch   46800  HO=-0.0232  meanSteps=  2006.9  copy=0.000  A(t)=0  sim=325.8s
epoch   46850  HO=-0.0221  meanSteps=  2040.4  copy=0.000  A(t)=0  sim=326.1s
epoch   46900  HO=-0.0222  meanSteps=  1979.6  copy=0.000  A(t)=0  sim=326.5s
epoch   46950  HO=-0.0226  meanSteps=  1951.0  copy=0.000  A(t)=0  sim=326.8s
epoch   47000  HO=-0.0229  meanSteps=  1949.6  copy=0.000  A(t)=0  sim=327.2s
epoch   47050  HO=-0.0236  meanSteps=  2010.9  copy=0.000  A(t)=0  sim=327.5s
epoch   47100  HO=-0.0233  meanSteps=  2047.4  copy=0.000  A(t)=0  sim=327.9s
epoch   47150  HO=-0.0234  meanSteps=  2050.6  copy=0.000  A(t)=0  sim=328.2s
epoch   47200  HO=-0.0243  meanSteps=  2026.7  copy=0.000  A(t)=0  sim=328.6s
epoch   47250  HO=-0.0240  meanSteps=  1959.8  copy=0.000  A(t)=0  sim=328.9s
epoch   47300  HO=-0.0243  meanSteps=  1974.9  copy=0.000  A(t)=0  sim=329.3s
epoch   47350  HO=-0.0243  meanSteps=  1976.7  copy=0.000  A(t)=0  sim=329.7s
epoch   47400  HO=-0.0244  meanSteps=  1957.4  copy=0.000  A(t)=0  sim=330.1s
epoch   47450  HO=-0.0238  meanSteps=  1990.0  copy=0.000  A(t)=0  sim=330.4s
epoch   47500  HO=-0.0236  meanSteps=  1952.0  copy=0.000  A(t)=0  sim=330.8s
epoch   47550  HO=-0.0241  meanSteps=  2012.6  copy=0.000  A(t)=0  sim=331.1s
epoch   47600  HO=-0.0243  meanSteps=  1997.4  copy=0.000  A(t)=0  sim=331.4s
epoch   47650  HO=-0.0241  meanSteps=  1987.4  copy=0.000  A(t)=0  sim=331.8s
epoch   47700  HO=-0.0242  meanSteps=  1928.2  copy=0.000  A(t)=0  sim=332.2s
epoch   47750  HO=-0.0248  meanSteps=  1986.6  copy=0.000  A(t)=0  sim=332.5s
epoch   47800  HO=-0.0243  meanSteps=  1921.5  copy=0.000  A(t)=0  sim=332.9s
epoch   47850  HO=-0.0245  meanSteps=  1955.7  copy=0.000  A(t)=0  sim=333.3s
epoch   47900  HO=-0.0241  meanSteps=  1971.5  copy=0.000  A(t)=0  sim=333.6s
epoch   47950  HO=-0.0245  meanSteps=  1980.7  copy=0.000  A(t)=0  sim=333.9s
epoch   48000  HO=-0.0246  meanSteps=  1979.3  copy=0.000  A(t)=0  sim=334.3s
epoch   48050  HO=-0.0229  meanSteps=  1971.3  copy=0.000  A(t)=0  sim=334.6s
epoch   48100  HO=-0.0227  meanSteps=  1961.2  copy=0.000  A(t)=0  sim=334.9s
epoch   48150  HO=-0.0236  meanSteps=  1926.4  copy=0.000  A(t)=0  sim=335.3s
epoch   48200  HO=-0.0241  meanSteps=  1936.5  copy=0.000  A(t)=0  sim=335.6s
epoch   48250  HO=-0.0233  meanSteps=  1901.4  copy=0.000  A(t)=0  sim=336.0s
epoch   48300  HO=-0.0231  meanSteps=  1867.4  copy=0.000  A(t)=0  sim=336.3s
epoch   48350  HO=-0.0221  meanSteps=  1879.0  copy=0.000  A(t)=0  sim=336.6s
epoch   48400  HO=-0.0224  meanSteps=  1926.3  copy=0.000  A(t)=0  sim=336.9s
epoch   48450  HO=-0.0229  meanSteps=  1941.0  copy=0.000  A(t)=0  sim=337.3s
epoch   48500  HO=-0.0229  meanSteps=  1932.3  copy=0.000  A(t)=0  sim=337.6s
epoch   48550  HO=-0.0230  meanSteps=  1863.0  copy=0.000  A(t)=0  sim=337.9s
epoch   48600  HO=-0.0230  meanSteps=  1899.9  copy=0.000  A(t)=0  sim=338.3s
epoch   48650  HO=-0.0230  meanSteps=  1924.1  copy=0.000  A(t)=0  sim=338.6s
epoch   48700  HO=-0.0220  meanSteps=  1944.2  copy=0.000  A(t)=0  sim=339.0s
epoch   48750  HO=-0.0222  meanSteps=  1874.2  copy=0.000  A(t)=0  sim=339.3s
epoch   48800  HO=-0.0227  meanSteps=  1852.9  copy=0.000  A(t)=0  sim=339.7s
epoch   48850  HO=-0.0231  meanSteps=  1874.6  copy=0.000  A(t)=0  sim=340.0s
epoch   48900  HO=-0.0231  meanSteps=  1925.8  copy=0.000  A(t)=0  sim=340.3s
epoch   48950  HO=-0.0234  meanSteps=  1921.6  copy=0.000  A(t)=0  sim=340.7s
epoch   49000  HO=-0.0231  meanSteps=  1892.6  copy=0.000  A(t)=0  sim=341.0s
epoch   49050  HO=-0.0235  meanSteps=  1912.2  copy=0.000  A(t)=0  sim=341.3s
epoch   49100  HO=-0.0231  meanSteps=  1986.5  copy=0.000  A(t)=0  sim=341.7s
epoch   49150  HO=-0.0232  meanSteps=  1969.9  copy=0.000  A(t)=0  sim=342.0s
epoch   49200  HO=-0.0239  meanSteps=  1975.1  copy=0.000  A(t)=0  sim=342.4s
epoch   49250  HO=-0.0235  meanSteps=  1977.3  copy=0.000  A(t)=0  sim=342.7s
epoch   49300  HO=-0.0237  meanSteps=  1950.5  copy=0.000  A(t)=0  sim=343.0s
epoch   49350  HO=-0.0228  meanSteps=  1929.8  copy=0.000  A(t)=0  sim=343.4s
epoch   49400  HO=-0.0232  meanSteps=  1933.3  copy=0.000  A(t)=0  sim=343.7s
epoch   49450  HO=-0.0241  meanSteps=  1916.9  copy=0.000  A(t)=0  sim=344.0s
epoch   49500  HO=-0.0246  meanSteps=  1937.0  copy=0.000  A(t)=0  sim=344.4s
epoch   49550  HO=-0.0240  meanSteps=  1950.5  copy=0.000  A(t)=0  sim=344.7s
epoch   49600  HO=-0.0233  meanSteps=  1944.2  copy=0.000  A(t)=0  sim=345.0s
epoch   49650  HO=-0.0236  meanSteps=  1951.1  copy=0.000  A(t)=0  sim=345.4s
epoch   49700  HO=-0.0232  meanSteps=  1902.7  copy=0.000  A(t)=0  sim=345.7s
epoch   49750  HO=-0.0228  meanSteps=  1930.2  copy=0.000  A(t)=0  sim=346.1s
epoch   49800  HO=-0.0232  meanSteps=  1994.1  copy=0.000  A(t)=0  sim=346.4s
epoch   49850  HO=-0.0237  meanSteps=  2046.8  copy=0.000  A(t)=0  sim=346.8s
epoch   49900  HO=-0.0232  meanSteps=  2070.7  copy=0.000  A(t)=0  sim=347.1s
epoch   49950  HO=-0.0228  meanSteps=  2085.5  copy=0.000  A(t)=0  sim=347.5s
epoch   50000  HO=-0.0232  meanSteps=  2082.5  copy=0.000  A(t)=0  sim=347.8s
done: 50000 epochs in 373.0s wall (347.8s simulating), runs/ringv_nocopy_s2
