epoch       0  HO=-0.0034  meanSteps=     0.0  copy=0.000  A(t)=0  sim=0.0s
epoch      50  HO=0.0795  meanSteps=  1450.6  copy=0.550  A(t)=0  sim=0.6s
epoch     100  HO=0.1472  meanSteps=  1603.2  copy=0.586  A(t)=0  sim=1.2s
epoch     150  HO=0.2068  meanSteps=  1622.7  copy=0.601  A(t)=0  sim=1.8s
epoch     200  HO=0.2890  meanSteps=  1579.1  copy=0.601  A(t)=0  sim=2.4s
epoch     250  HO=0.3592  meanSteps=  1534.7  copy=0.615  A(t)=0  sim=3.0s
epoch     300  HO=0.4293  meanSteps=  1576.5  copy=0.611  A(t)=4  sim=3.5s
epoch     350  HO=0.4815  meanSteps=  1535.3  copy=0.614  A(t)=4  sim=4.1s
epoch     400  HO=0.5508  meanSteps=  1475.3  copy=0.610  A(t)=6  sim=4.7s
epoch     450  HO=0.5491  meanSteps=  1437.0  copy=0.611  A(t)=9  sim=5.2s
epoch     500  HO=0.6406  meanSteps=  1378.9  copy=0.602  A(t)=19  sim=5.8s
epoch     550  HO=0.6256  meanSteps=  1343.2  copy=0.593  A(t)=21  sim=6.3s
epoch     600  HO=0.6383  meanSteps=  1334.7  copy=0.586  A(t)=23  sim=6.8s
epoch     650  HO=0.6810  meanSteps=  1301.2  copy=0.595  A(t)=23  sim=7.4s
epoch     700  HO=0.7174  meanSteps=  1288.0  copy=0.589  A(t)=24  sim=7.9s
epoch     750  HO=0.7053  meanSteps=  1257.0  copy=0.588  A(t)=27  sim=8.4s
epoch     800  HO=0.7438  meanSteps=  1216.1  copy=0.588  A(t)=28  sim=8.9s
epoch     850  HO=0.7852  meanSteps=  1175.5  copy=0.595  A(t)=28  sim=9.4s
epoch     900  HO=0.7674  meanSteps=  1180.3  copy=0.588  A(t)=29  sim=9.8s
epoch     950  HO=0.8079  meanSteps=  1155.5  copy=0.586  A(t)=30  sim=10.3s
epoch    1000  HO=0.7747  meanSteps=  1136.4  copy=0.568  A(t)=36  sim=10.8s
epoch    1050  HO=0.8233  meanSteps=  1117.5  copy=0.563  A(t)=38  sim=11.3s
epoch    1100  HO=0.8396  meanSteps=  1078.3  copy=0.574  A(t)=39  sim=11.7s
epoch    1150  HO=0.8715  meanSteps=  1029.1  copy=0.572  A(t)=48  sim=12.1s
epoch    1200  HO=0.8806  meanSteps=  1005.4  copy=0.570  A(t)=50  sim=12.6s
epoch    1250  HO=0.8883  meanSteps=  1008.1  copy=0.581  A(t)=55  sim=13.0s
epoch    1300  HO=0.8751  meanSteps=   927.2  copy=0.604  A(t)=65  sim=13.4s
epoch    1350  HO=0.8826  meanSteps=   912.2  copy=0.606  A(t)=68  sim=13.8s
epoch    1400  HO=0.9235  meanSteps=   910.3  copy=0.600  A(t)=74  sim=14.2s
epoch    1450  HO=0.9709  meanSteps=   871.4  copy=0.624  A(t)=85  sim=14.6s
epoch    1500  HO=0.9524  meanSteps=   880.3  copy=0.635  A(t)=95  sim=15.0s
epoch    1550  HO=0.9523  meanSteps=   904.3  copy=0.627  A(t)=104  sim=15.4s
epoch    1600  HO=1.0054  meanSteps=   903.1  copy=0.634  A(t)=125  sim=16.0s
epoch    1650  HO=0.9586  meanSteps=   909.9  copy=0.629  A(t)=137  sim=16.4s
epoch    1700  HO=0.9971  meanSteps=   938.1  copy=0.628  A(t)=150  sim=16.8s
epoch    1750  HO=0.9691  meanSteps=   934.3  copy=0.640  A(t)=159  sim=17.3s
epoch    1800  HO=0.9597  meanSteps=   946.5  copy=0.637  A(t)=159  sim=17.7s
epoch    1850  HO=0.9261  meanSteps=   920.5  copy=0.635  A(t)=166  sim=18.1s
epoch    1900  HO=0.9202  meanSteps=   909.2  copy=0.639  A(t)=170  sim=18.4s
epoch    1950  HO=0.9367  meanSteps=   871.6  copy=0.661  A(t)=183  sim=18.9s
epoch    2000  HO=0.9476  meanSteps=   844.3  copy=0.663  A(t)=188  sim=19.2s
epoch    2050  HO=0.8905  meanSteps=   851.8  copy=0.662  A(t)=191  sim=19.6s
epoch    2100  HO=0.8999  meanSteps=   781.6  copy=0.676  A(t)=200  sim=19.9s
epoch    2150  HO=0.9461  meanSteps=   707.6  copy=0.675  A(t)=204  sim=20.3s
epoch    2200  HO=0.9240  meanSteps=   693.7  copy=0.660  A(t)=215  sim=20.6s
epoch    2250  HO=0.8705  meanSteps=   692.8  copy=0.659  A(t)=217  sim=21.0s
epoch    2300  HO=0.8467  meanSteps=   647.7  copy=0.677  A(t)=227  sim=21.3s
epoch    2350  HO=0.8119  meanSteps=   614.8  copy=0.682  A(t)=242  sim=21.6s
epoch    2400  HO=0.8259  meanSteps=   617.3  copy=0.701  A(t)=260  sim=22.0s
epoch    2450  HO=0.7782  meanSteps=   607.4  copy=0.714  A(t)=266  sim=22.3s
epoch    2500  HO=0.7663  meanSteps=   568.4  copy=0.732  A(t)=286  sim=22.6s
epoch    2550  HO=0.7154  meanSteps=   557.7  copy=0.732  A(t)=299  sim=22.9s
epoch    2600  HO=0.6234  meanSteps=   537.6  copy=0.729  A(t)=309  sim=23.2s
epoch    2650  HO=0.6244  meanSteps=   501.5  copy=0.743  A(t)=328  sim=23.4s
epoch    2700  HO=0.5643  meanSteps=   446.3  copy=0.752  A(t)=334  sim=23.7s
epoch    2750  HO=0.5725  meanSteps=   424.7  copy=0.752  A(t)=345  sim=23.9s
epoch    2800  HO=0.5286  meanSteps=   403.0  copy=0.746  A(t)=346  sim=24.2s
epoch    2850  HO=0.4215  meanSteps=   421.0  copy=0.757  A(t)=348  sim=24.4s
epoch    2900  HO=0.4086  meanSteps=   381.8  copy=0.778  A(t)=353  sim=24.7s
epoch    2950  HO=0.3641  meanSteps=   322.0  copy=0.781  A(t)=354  sim=24.9s
epoch    3000  HO=0.3232  meanSteps=   292.2  copy=0.798  A(t)=355  sim=25.1s
epoch    3050  HO=0.3143  meanSteps=   257.8  copy=0.786  A(t)=356  sim=25.3s
epoch    3100  HO=0.2851  meanSteps=   262.2  copy=0.766  A(t)=356  sim=25.5s
epoch    3150  HO=0.2607  meanSteps=   259.1  copy=0.782  A(t)=356  sim=25.7s
epoch    3200  HO=0.2704  meanSteps=   260.7  copy=0.776  A(t)=356  sim=25.9s
epoch    3250  HO=0.2447  meanSteps=   235.1  copy=0.761  A(t)=356  sim=26.1s
epoch    3300  HO=0.2245  meanSteps=   199.1  copy=0.761  A(t)=356  sim=26.2s
epoch    3350  HO=0.2253  meanSteps=   177.8  copy=0.772  A(t)=356  sim=26.4s
epoch    3400  HO=0.1973  meanSteps=   183.8  copy=0.768  A(t)=356  sim=26.5s
epoch    3450  HO=0.1934  meanSteps=   182.2  copy=0.765  A(t)=356  sim=26.7s
epoch    3500  HO=0.1864  meanSteps=   178.5  copy=0.779  A(t)=356  sim=26.8s
epoch    3550  HO=0.1528  meanSteps=   180.4  copy=0.782  A(t)=356  sim=27.0s
epoch    3600  HO=0.1186  meanSteps=   158.0  copy=0.777  A(t)=356  sim=27.1s
epoch    3650  HO=0.1303  meanSteps=   158.5  copy=0.795  A(t)=356  sim=27.3s
epoch    3700  HO=0.1351  meanSteps=   161.7  copy=0.821  A(t)=356  sim=27.4s
epoch    3750  HO=0.0852  meanSteps=   142.4  copy=0.824  A(t)=356  sim=27.6s
epoch    3800  HO=0.0837  meanSteps=   143.4  copy=0.833  A(t)=356  sim=27.7s
epoch    3850  HO=0.1013  meanSteps=   144.6  copy=0.827  A(t)=356  sim=27.8s
epoch    3900  HO=0.0778  meanSteps=   135.2  copy=0.834  A(t)=356  sim=27.9s
epoch    3950  HO=-0.0037  meanSteps=   128.7  copy=0.859  A(t)=356  sim=28.1s
epoch    4000  HO=-0.0251  meanSteps=   133.4  copy=0.851  A(t)=356  sim=28.2s
epoch    4050  HO=-0.0396  meanSteps=   142.8  copy=0.856  A(t)=356  sim=28.4s
epoch    4100  HO=-0.0393  meanSteps=   134.9  copy=0.856  A(t)=356  sim=28.5s
epoch    4150  HO=-0.0237  meanSteps=   128.8  copy=0.868  A(t)=356  sim=28.7s
epoch    4200  HO=-0.0572  meanSteps=   128.7  copy=0.883  A(t)=356  sim=28.8s
epoch    4250  HO=-0.0287  meanSteps=   128.6  copy=0.885  A(t)=356  sim=29.0s
epoch    4300  HO=-0.0665  meanSteps=   130.3  copy=0.854  A(t)=356  sim=29.1s
epoch    4350  HO=-0.0662  meanSteps=   128.8  copy=0.843  A(t)=356  sim=29.3s
epoch    4400  HO=-0.0402  meanSteps=   128.9  copy=0.837  A(t)=356  sim=29.4s
epoch    4450  HO=-0.0324  meanSteps=   128.9  copy=0.857  A(t)=356  sim=29.6s
epoch    4500  HO=0.0204  meanSteps=   129.1  copy=0.854  A(t)=356  sim=29.7s
epoch    4550  HO=0.0294  meanSteps=   129.0  copy=0.841  A(t)=356  sim=29.9s
epoch    4600  HO=-0.0065  meanSteps=   129.1  copy=0.851  A(t)=356  sim=30.0s
epoch    4650  HO=0.0442  meanSteps=   129.0  copy=0.833  A(t)=356  sim=30.2s
epoch    4700  HO=0.0592  meanSteps=   129.0  copy=0.841  A(t)=356  sim=30.3s
epoch    4750  HO=0.0204  meanSteps=   129.0  copy=0.861  A(t)=356  sim=30.5s
epoch    4800  HO=-0.0109  meanSteps=   129.0  copy=0.863  A(t)=356  sim=30.7s
epoch    4850  HO=-0.0340  meanSteps=   129.0  copy=0.867  A(t)=356  sim=30.8s
epoch    4900  HO=-0.0248  meanSteps=   129.0  copy=0.861  A(t)=356  sim=30.9s
epoch    4950  HO=-0.0274  meanSteps=   128.9  copy=0.855  A(t)=356  sim=31.1s
epoch    5000  HO=0.0456  meanSteps=   128.9  copy=0.856  A(t)=356  sim=31.3s
epoch    5050  HO=0.0479  meanSteps=   128.9  copy=0.849  A(t)=356  sim=31.4s
epoch    5100  HO=0.0786  meanSteps=   128.9  copy=0.841  A(t)=356  sim=31.6s
epoch    5150  HO=0.0470  meanSteps=   128.8  copy=0.843  A(t)=356  sim=31.7s
epoch    5200  HO=0.0575  meanSteps=   128.8  copy=0.848  A(t)=356  sim=31.9s
epoch    5250  HO=0.0290  meanSteps=   129.0  copy=0.838  A(t)=356  sim=32.0s
epoch    5300  HO=0.0505  meanSteps=   128.9  copy=0.818  A(t)=356  sim=32.2s
epoch    5350  HO=0.0597  meanSteps=   128.9  copy=0.820  A(t)=356  sim=32.4s
epoch    5400  HO=0.0743  meanSteps=   128.9  copy=0.835  A(t)=356  sim=32.5s
epoch    5450  HO=0.0480  meanSteps=   128.9  copy=0.832  A(t)=356  sim=32.7s
epoch    5500  HO=0.0231  meanSteps=   128.9  copy=0.835  A(t)=356  sim=32.8s
epoch    5550  HO=-0.0129  meanSteps=   128.7  copy=0.852  A(t)=356  sim=32.9s
epoch    5600  HO=-0.0623  meanSteps=   128.8  copy=0.845  A(t)=356  sim=33.0s
epoch    5650  HO=-0.0512  meanSteps=   128.8  copy=0.842  A(t)=356  sim=33.2s
epoch    5700  HO=0.0206  meanSteps=   128.8  copy=0.848  A(t)=356  sim=33.3s
epoch    5750  HO=-0.0075  meanSteps=   128.9  copy=0.840  A(t)=356  sim=33.5s
epoch    5800  HO=-0.0117  meanSteps=   128.9  copy=0.848  A(t)=356  sim=33.6s
epoch    5850  HO=0.0029  meanSteps=   129.0  copy=0.864  A(t)=356  sim=33.8s
epoch    5900  HO=0.0316  meanSteps=   129.0  copy=0.856  A(t)=356  sim=34.0s
epoch    5950  HO=0.0334  meanSteps=   129.0  copy=0.842  A(t)=356  sim=34.2s
epoch    6000  HO=0.0019  meanSteps=   128.9  copy=0.842  A(t)=356  sim=34.3s
epoch    6050  HO=0.0367  meanSteps=   128.9  copy=0.846  A(t)=356  sim=34.5s
epoch    6100  HO=0.0474  meanSteps=   128.9  copy=0.844  A(t)=356  sim=34.6s
epoch    6150  HO=0.0427  meanSteps=   128.7  copy=0.841  A(t)=356  sim=34.8s
epoch    6200  HO=0.0174  meanSteps=   128.8  copy=0.848  A(t)=356  sim=34.9s
epoch    6250  HO=-0.0022  meanSteps=   128.8  copy=0.865  A(t)=356  sim=35.1s
epoch    6300  HO=-0.0056  meanSteps=   128.8  copy=0.867  A(t)=356  sim=35.3s
epoch    6350  HO=0.0312  meanSteps=   128.8  copy=0.862  A(t)=356  sim=35.4s
epoch    6400  HO=0.0154  meanSteps=   129.0  copy=0.845  A(t)=356  sim=35.5s
epoch    6450  HO=0.0147  meanSteps=   129.0  copy=0.838  A(t)=356  sim=35.7s
epoch    6500  HO=-0.0184  meanSteps=   129.0  copy=0.845  A(t)=356  sim=35.9s
epoch    6550  HO=0.0378  meanSteps=   128.9  copy=0.839  A(t)=356  sim=36.0s
epoch    6600  HO=0.0566  meanSteps=   128.8  copy=0.847  A(t)=356  sim=36.2s
epoch    6650  HO=0.0398  meanSteps=   128.6  copy=0.851  A(t)=356  sim=36.3s
epoch    6700  HO=0.1158  meanSteps=   128.5  copy=0.842  A(t)=356  sim=36.6s
epoch    6750  HO=0.1294  meanSteps=   128.7  copy=0.832  A(t)=356  sim=36.7s
epoch    6800  HO=0.1490  meanSteps=   128.8  copy=0.842  A(t)=356  sim=36.9s
epoch    6850  HO=0.1307  meanSteps=   128.6  copy=0.831  A(t)=356  sim=37.0s
epoch    6900  HO=0.0799  meanSteps=   128.7  copy=0.822  A(t)=356  sim=37.2s
epoch    6950  HO=0.0462  meanSteps=   128.6  copy=0.805  A(t)=356  sim=37.3s
epoch    7000  HO=0.0380  meanSteps=   128.7  copy=0.817  A(t)=356  sim=37.5s
epoch    7050  HO=0.0527  meanSteps=   128.9  copy=0.815  A(t)=356  sim=37.6s
epoch    7100  HO=0.0572  meanSteps=   129.1  copy=0.826  A(t)=356  sim=37.8s
epoch    7150  HO=0.0376  meanSteps=   128.6  copy=0.827  A(t)=356  sim=38.0s
epoch    7200  HO=0.0169  meanSteps=   128.8  copy=0.815  A(t)=356  sim=38.1s
epoch    7250  HO=0.0162  meanSteps=   128.7  copy=0.822  A(t)=356  sim=38.3s
epoch    7300  HO=0.0642  meanSteps=   128.7  copy=0.832  A(t)=356  sim=38.4s
epoch    7350  HO=0.0340  meanSteps=   128.7  copy=0.826  A(t)=356  sim=38.6s
epoch    7400  HO=-0.0138  meanSteps=   128.5  copy=0.823  A(t)=356  sim=38.7s
epoch    7450  HO=0.0720  meanSteps=   128.7  copy=0.807  A(t)=356  sim=38.9s
epoch    7500  HO=0.0778  meanSteps=   128.5  copy=0.812  A(t)=356  sim=39.1s
epoch    7550  HO=-0.0264  meanSteps=   128.7  copy=0.826  A(t)=356  sim=39.2s
epoch    7600  HO=-0.0221  meanSteps=   128.8  copy=0.829  A(t)=356  sim=39.4s
epoch    7650  HO=0.0129  meanSteps=   128.8  copy=0.842  A(t)=356  sim=39.5s
epoch    7700  HO=-0.0096  meanSteps=   132.8  copy=0.841  A(t)=356  sim=39.7s
epoch    7750  HO=0.0006  meanSteps=   131.5  copy=0.858  A(t)=356  sim=39.8s
epoch    7800  HO=0.0626  meanSteps=   128.9  copy=0.868  A(t)=356  sim=40.0s
epoch    7850  HO=0.0381  meanSteps=   129.0  copy=0.853  A(t)=356  sim=40.1s
epoch    7900  HO=0.0331  meanSteps=   128.9  copy=0.851  A(t)=356  sim=40.3s
epoch    7950  HO=0.0530  meanSteps=   128.9  copy=0.846  A(t)=356  sim=40.4s
epoch    8000  HO=0.0027  meanSteps=   128.9  copy=0.842  A(t)=356  sim=40.6s
epoch    8050  HO=0.0194  meanSteps=   128.8  copy=0.855  A(t)=356  sim=40.7s
epoch    8100  HO=0.0033  meanSteps=   128.8  copy=0.862  A(t)=356  sim=40.9s
epoch    8150  HO=0.0308  meanSteps=   128.8  copy=0.855  A(t)=356  sim=41.0s
epoch    8200  HO=0.0107  meanSteps=   128.8  copy=0.880  A(t)=356  sim=41.2s
epoch    8250  HO=0.0834  meanSteps=   128.8  copy=0.882  A(t)=356  sim=41.4s
epoch    8300  HO=0.1316  meanSteps=   128.8  copy=0.864  A(t)=356  sim=41.6s
epoch    8350  HO=0.1462  meanSteps=   128.9  copy=0.845  A(t)=356  sim=41.7s
epoch    8400  HO=0.1103  meanSteps=   128.9  copy=0.868  A(t)=356  sim=41.9s
epoch    8450  HO=0.1209  meanSteps=   128.8  copy=0.868  A(t)=356  sim=42.0s
epoch    8500  HO=0.0977  meanSteps=   131.6  copy=0.850  A(t)=356  sim=42.2s
epoch    8550  HO=0.0718  meanSteps=   129.7  copy=0.836  A(t)=356  sim=42.3s
epoch    8600  HO=0.0560  meanSteps=   128.9  copy=0.844  A(t)=356  sim=42.5s
epoch    8650  HO=0.0613  meanSteps=   128.7  copy=0.828  A(t)=356  sim=42.6s
epoch    8700  HO=-0.0093  meanSteps=   128.8  copy=0.815  A(t)=356  sim=42.8s
epoch    8750  HO=0.0103  meanSteps=   128.8  copy=0.844  A(t)=356  sim=43.0s
epoch    8800  HO=0.0209  meanSteps=   128.9  copy=0.846  A(t)=356  sim=43.0s
epoch    8850  HO=0.0587  meanSteps=   128.8  copy=0.840  A(t)=356  sim=43.1s
epoch    8900  HO=0.0288  meanSteps=   128.8  copy=0.820  A(t)=356  sim=43.3s
epoch    8950  HO=0.0186  meanSteps=   134.9  copy=0.803  A(t)=356  sim=43.4s
epoch    9000  HO=0.0102  meanSteps=   128.8  copy=0.816  A(t)=356  sim=43.6s
epoch    9050  HO=-0.0039  meanSteps=   128.8  copy=0.827  A(t)=356  sim=43.7s
epoch    9100  HO=0.0160  meanSteps=   128.7  copy=0.826  A(t)=356  sim=43.9s
epoch    9150  HO=0.0500  meanSteps=   128.7  copy=0.819  A(t)=356  sim=44.0s
epoch    9200  HO=0.0247  meanSteps=   128.6  copy=0.827  A(t)=356  sim=44.2s
epoch    9250  HO=-0.0291  meanSteps=   128.6  copy=0.824  A(t)=356  sim=44.4s
epoch    9300  HO=-0.0096  meanSteps=   128.8  copy=0.835  A(t)=356  sim=44.5s
epoch    9350  HO=-0.0301  meanSteps=   128.9  copy=0.835  A(t)=356  sim=44.7s
epoch    9400  HO=-0.0242  meanSteps=   129.6  copy=0.833  A(t)=356  sim=44.8s
epoch    9450  HO=-0.0249  meanSteps=   128.8  copy=0.839  A(t)=356  sim=45.0s
epoch    9500  HO=0.0348  meanSteps=   128.7  copy=0.854  A(t)=356  sim=45.1s
epoch    9550  HO=0.0642  meanSteps=   128.9  copy=0.861  A(t)=356  sim=45.3s
epoch    9600  HO=0.0336  meanSteps=   130.9  copy=0.873  A(t)=356  sim=45.5s
epoch    9650  HO=0.0272  meanSteps=   134.3  copy=0.885  A(t)=356  sim=45.6s
epoch    9700  HO=0.0478  meanSteps=   128.9  copy=0.874  A(t)=356  sim=45.8s
epoch    9750  HO=0.0531  meanSteps=   128.8  copy=0.868  A(t)=356  sim=45.9s
epoch    9800  HO=0.0261  meanSteps=   133.9  copy=0.854  A(t)=356  sim=46.1s
epoch    9850  HO=0.0294  meanSteps=   128.6  copy=0.852  A(t)=356  sim=46.2s
epoch    9900  HO=-0.0131  meanSteps=   128.6  copy=0.852  A(t)=356  sim=46.4s
epoch    9950  HO=0.0198  meanSteps=   128.7  copy=0.865  A(t)=356  sim=46.6s
epoch   10000  HO=-0.0101  meanSteps=   128.7  copy=0.872  A(t)=356  sim=46.7s
epoch   10050  HO=-0.0822  meanSteps=   128.8  copy=0.858  A(t)=356  sim=46.9s
epoch   10100  HO=-0.0548  meanSteps=   128.8  copy=0.879  A(t)=356  sim=47.0s
epoch   10150  HO=-0.0239  meanSteps=   128.9  copy=0.881  A(t)=356  sim=47.2s
epoch   10200  HO=-0.0162  meanSteps=   128.8  copy=0.876  A(t)=356  sim=47.3s
epoch   10250  HO=-0.0623  meanSteps=   128.9  copy=0.883  A(t)=356  sim=47.5s
epoch   10300  HO=-0.0728  meanSteps=   128.8  copy=0.854  A(t)=356  sim=47.6s
epoch   10350  HO=0.0239  meanSteps=   128.5  copy=0.852  A(t)=356  sim=47.8s
epoch   10400  HO=-0.0255  meanSteps=   128.7  copy=0.854  A(t)=356  sim=47.9s
epoch   10450  HO=0.0363  meanSteps=   128.6  copy=0.844  A(t)=356  sim=48.1s
epoch   10500  HO=0.0203  meanSteps=   128.4  copy=0.833  A(t)=356  sim=48.2s
epoch   10550  HO=-0.0017  meanSteps=   128.6  copy=0.828  A(t)=356  sim=48.4s
epoch   10600  HO=-0.0063  meanSteps=   128.5  copy=0.841  A(t)=356  sim=48.5s
epoch   10650  HO=0.0047  meanSteps=   128.5  copy=0.854  A(t)=356  sim=48.7s
epoch   10700  HO=-0.0190  meanSteps=   128.6  copy=0.867  A(t)=356  sim=48.8s
epoch   10750  HO=0.0369  meanSteps=   128.6  copy=0.875  A(t)=356  sim=49.0s
epoch   10800  HO=0.0238  meanSteps=   128.6  copy=0.872  A(t)=356  sim=49.2s
epoch   10850  HO=0.0293  meanSteps=   128.8  copy=0.863  A(t)=356  sim=49.3s
epoch   10900  HO=-0.0127  meanSteps=   129.0  copy=0.874  A(t)=356  sim=49.5s
epoch   10950  HO=-0.0239  meanSteps=   128.8  copy=0.860  A(t)=356  sim=49.6s
epoch   11000  HO=-0.0555  meanSteps=   128.8  copy=0.848  A(t)=356  sim=49.8s
epoch   11050  HO=-0.0036  meanSteps=   128.7  copy=0.836  A(t)=356  sim=49.9s
epoch   11100  HO=-0.0244  meanSteps=   137.3  copy=0.853  A(t)=356  sim=50.1s
epoch   11150  HO=-0.0470  meanSteps=   133.6  copy=0.854  A(t)=356  sim=50.2s
epoch   11200  HO=-0.0229  meanSteps=   128.7  copy=0.864  A(t)=356  sim=50.4s
epoch   11250  HO=-0.0050  meanSteps=   128.8  copy=0.843  A(t)=356  sim=50.5s
epoch   11300  HO=-0.0851  meanSteps=   128.7  copy=0.847  A(t)=356  sim=50.7s
epoch   11350  HO=-0.0568  meanSteps=   128.6  copy=0.846  A(t)=360  sim=50.8s
epoch   11400  HO=-0.0402  meanSteps=   128.8  copy=0.847  A(t)=360  sim=51.0s
epoch   11450  HO=0.0081  meanSteps=   128.9  copy=0.837  A(t)=360  sim=51.1s
epoch   11500  HO=0.0037  meanSteps=   129.0  copy=0.832  A(t)=360  sim=51.3s
epoch   11550  HO=0.0141  meanSteps=   129.0  copy=0.838  A(t)=360  sim=51.4s
epoch   11600  HO=0.0648  meanSteps=   128.8  copy=0.830  A(t)=360  sim=51.6s
epoch   11650  HO=0.0338  meanSteps=   128.9  copy=0.837  A(t)=360  sim=51.7s
epoch   11700  HO=0.0749  meanSteps=   128.9  copy=0.826  A(t)=360  sim=51.9s
epoch   11750  HO=0.0659  meanSteps=   128.9  copy=0.832  A(t)=360  sim=52.0s
epoch   11800  HO=0.1172  meanSteps=   128.7  copy=0.820  A(t)=360  sim=52.2s
epoch   11850  HO=0.0735  meanSteps=   128.9  copy=0.830  A(t)=360  sim=52.3s
epoch   11900  HO=0.0816  meanSteps=   128.7  copy=0.855  A(t)=360  sim=52.5s
epoch   11950  HO=0.0990  meanSteps=   128.7  copy=0.865  A(t)=360  sim=52.7s
epoch   12000  HO=0.0713  meanSteps=   128.8  copy=0.846  A(t)=360  sim=52.8s
epoch   12050  HO=0.0812  meanSteps=   141.1  copy=0.830  A(t)=360  sim=53.0s
epoch   12100  HO=0.0624  meanSteps=   144.3  copy=0.836  A(t)=360  sim=53.1s
epoch   12150  HO=0.0603  meanSteps=   141.6  copy=0.842  A(t)=360  sim=53.3s
epoch   12200  HO=0.0664  meanSteps=   128.6  copy=0.858  A(t)=360  sim=53.4s
epoch   12250  HO=-0.0001  meanSteps=   128.8  copy=0.861  A(t)=360  sim=53.6s
epoch   12300  HO=-0.0145  meanSteps=   128.9  copy=0.859  A(t)=360  sim=53.7s
epoch   12350  HO=-0.0270  meanSteps=   128.8  copy=0.872  A(t)=360  sim=53.9s
epoch   12400  HO=-0.0443  meanSteps=   128.8  copy=0.882  A(t)=360  sim=54.0s
epoch   12450  HO=-0.0004  meanSteps=   128.9  copy=0.872  A(t)=360  sim=54.2s
epoch   12500  HO=-0.0141  meanSteps=   128.9  copy=0.854  A(t)=360  sim=54.3s
epoch   12550  HO=0.0477  meanSteps=   128.6  copy=0.862  A(t)=360  sim=54.5s
epoch   12600  HO=-0.0103  meanSteps=   128.7  copy=0.852  A(t)=360  sim=54.6s
epoch   12650  HO=-0.0283  meanSteps=   128.6  copy=0.838  A(t)=360  sim=54.8s
epoch   12700  HO=-0.0131  meanSteps=   128.6  copy=0.850  A(t)=360  sim=54.9s
epoch   12750  HO=0.0092  meanSteps=   128.7  copy=0.852  A(t)=360  sim=55.1s
epoch   12800  HO=-0.0017  meanSteps=   128.7  copy=0.832  A(t)=360  sim=55.2s
epoch   12850  HO=0.0526  meanSteps=   128.8  copy=0.840  A(t)=360  sim=55.4s
epoch   12900  HO=0.0560  meanSteps=   128.8  copy=0.829  A(t)=360  sim=55.5s
epoch   12950  HO=0.0492  meanSteps=   128.8  copy=0.821  A(t)=360  sim=55.7s
epoch   13000  HO=0.0676  meanSteps=   129.0  copy=0.810  A(t)=360  sim=55.8s
epoch   13050  HO=0.1183  meanSteps=   128.8  copy=0.803  A(t)=360  sim=56.0s
epoch   13100  HO=0.0911  meanSteps=   128.7  copy=0.826  A(t)=360  sim=56.1s
epoch   13150  HO=0.0165  meanSteps=   128.8  copy=0.840  A(t)=360  sim=56.3s
epoch   13200  HO=0.0341  meanSteps=   129.0  copy=0.850  A(t)=360  sim=56.4s
epoch   13250  HO=0.0665  meanSteps=   128.8  copy=0.830  A(t)=360  sim=56.6s
epoch   13300  HO=0.0389  meanSteps=   128.8  copy=0.829  A(t)=360  sim=56.8s
epoch   13350  HO=0.0451  meanSteps=   128.9  copy=0.841  A(t)=360  sim=56.9s
epoch   13400  HO=0.0601  meanSteps=   128.7  copy=0.855  A(t)=360  sim=57.1s
epoch   13450  HO=0.0558  meanSteps=   128.8  copy=0.876  A(t)=360  sim=57.2s
epoch   13500  HO=0.0653  meanSteps=   129.0  copy=0.859  A(t)=360  sim=57.4s
epoch   13550  HO=0.0232  meanSteps=   136.3  copy=0.860  A(t)=360  sim=57.5s
epoch   13600  HO=0.0475  meanSteps=   128.8  copy=0.869  A(t)=360  sim=57.7s
epoch   13650  HO=0.0720  meanSteps=   128.9  copy=0.867  A(t)=360  sim=57.8s
epoch   13700  HO=0.0376  meanSteps=   128.7  copy=0.859  A(t)=360  sim=58.0s
epoch   13750  HO=0.0667  meanSteps=   128.6  copy=0.854  A(t)=360  sim=58.2s
epoch   13800  HO=0.0452  meanSteps=   134.7  copy=0.864  A(t)=360  sim=58.3s
epoch   13850  HO=0.0467  meanSteps=   145.8  copy=0.883  A(t)=360  sim=58.5s
epoch   13900  HO=0.0352  meanSteps=   143.6  copy=0.868  A(t)=360  sim=58.6s
epoch   13950  HO=0.0071  meanSteps=   145.9  copy=0.842  A(t)=360  sim=58.8s
epoch   14000  HO=0.0200  meanSteps=   141.6  copy=0.852  A(t)=360  sim=58.9s
epoch   14050  HO=0.0564  meanSteps=   128.8  copy=0.852  A(t)=360  sim=59.1s
epoch   14100  HO=0.0117  meanSteps=   128.9  copy=0.868  A(t)=360  sim=59.2s
epoch   14150  HO=0.0204  meanSteps=   128.9  copy=0.877  A(t)=360  sim=59.4s
epoch   14200  HO=-0.0322  meanSteps=   128.9  copy=0.848  A(t)=360  sim=59.5s
epoch   14250  HO=0.0223  meanSteps=   128.8  copy=0.842  A(t)=360  sim=59.6s
epoch   14300  HO=0.0241  meanSteps=   128.8  copy=0.825  A(t)=360  sim=59.8s
epoch   14350  HO=-0.0013  meanSteps=   129.4  copy=0.833  A(t)=360  sim=59.9s
epoch   14400  HO=-0.0109  meanSteps=   129.0  copy=0.828  A(t)=360  sim=60.1s
epoch   14450  HO=0.0126  meanSteps=   128.8  copy=0.823  A(t)=360  sim=60.2s
epoch   14500  HO=0.0249  meanSteps=   128.9  copy=0.825  A(t)=360  sim=60.4s
epoch   14550  HO=0.0178  meanSteps=   128.8  copy=0.837  A(t)=360  sim=60.5s
epoch   14600  HO=0.0553  meanSteps=   141.7  copy=0.862  A(t)=360  sim=60.7s
epoch   14650  HO=-0.0090  meanSteps=   128.7  copy=0.866  A(t)=360  sim=60.8s
epoch   14700  HO=0.0264  meanSteps=   128.9  copy=0.856  A(t)=360  sim=61.0s
epoch   14750  HO=0.0077  meanSteps=   128.9  copy=0.857  A(t)=360  sim=61.1s
epoch   14800  HO=0.0335  meanSteps=   128.7  copy=0.844  A(t)=360  sim=61.3s
epoch   14850  HO=0.0390  meanSteps=   128.8  copy=0.846  A(t)=360  sim=61.4s
epoch   14900  HO=0.0329  meanSteps=   128.7  copy=0.853  A(t)=360  sim=61.6s
epoch   14950  HO=0.0510  meanSteps=   140.1  copy=0.867  A(t)=360  sim=61.8s
epoch   15000  HO=0.0187  meanSteps=   145.0  copy=0.874  A(t)=360  sim=61.9s
epoch   15050  HO=-0.0060  meanSteps=   139.6  copy=0.868  A(t)=360  sim=62.2s
epoch   15100  HO=0.0271  meanSteps=   128.5  copy=0.864  A(t)=360  sim=62.3s
epoch   15150  HO=0.0097  meanSteps=   130.6  copy=0.865  A(t)=360  sim=62.5s
epoch   15200  HO=-0.0009  meanSteps=   146.6  copy=0.850  A(t)=360  sim=62.6s
epoch   15250  HO=-0.0241  meanSteps=   137.0  copy=0.850  A(t)=360  sim=62.8s
epoch   15300  HO=-0.0084  meanSteps=   128.8  copy=0.856  A(t)=360  sim=63.0s
epoch   15350  HO=-0.0000  meanSteps=   128.7  copy=0.856  A(t)=360  sim=63.1s
epoch   15400  HO=0.0138  meanSteps=   128.8  copy=0.881  A(t)=360  sim=63.3s
epoch   15450  HO=0.0346  meanSteps=   128.8  copy=0.877  A(t)=360  sim=63.4s
epoch   15500  HO=0.0261  meanSteps=   128.9  copy=0.869  A(t)=360  sim=63.6s
epoch   15550  HO=-0.0001  meanSteps=   128.8  copy=0.866  A(t)=360  sim=63.8s
epoch   15600  HO=-0.0355  meanSteps=   128.8  copy=0.865  A(t)=360  sim=63.8s
epoch   15650  HO=0.0015  meanSteps=   128.8  copy=0.845  A(t)=360  sim=64.0s
epoch   15700  HO=-0.0070  meanSteps=   129.0  copy=0.854  A(t)=360  sim=64.1s
epoch   15750  HO=0.0049  meanSteps=   128.8  copy=0.852  A(t)=360  sim=64.3s
epoch   15800  HO=-0.0028  meanSteps=   128.7  copy=0.865  A(t)=360  sim=64.4s
epoch   15850  HO=0.0160  meanSteps=   128.8  copy=0.834  A(t)=360  sim=64.6s
epoch   15900  HO=-0.0304  meanSteps=   128.8  copy=0.837  A(t)=360  sim=64.7s
epoch   15950  HO=-0.0314  meanSteps=   128.9  copy=0.836  A(t)=361  sim=64.9s
epoch   16000  HO=-0.0105  meanSteps=   129.0  copy=0.825  A(t)=363  sim=65.0s
epoch   16050  HO=0.0446  meanSteps=   128.9  copy=0.821  A(t)=363  sim=65.2s
epoch   16100  HO=0.0363  meanSteps=   128.8  copy=0.821  A(t)=363  sim=65.3s
epoch   16150  HO=0.0465  meanSteps=   128.7  copy=0.831  A(t)=364  sim=65.5s
epoch   16200  HO=0.0633  meanSteps=   128.4  copy=0.847  A(t)=364  sim=65.6s
epoch   16250  HO=0.0209  meanSteps=   128.5  copy=0.838  A(t)=364  sim=65.8s
epoch   16300  HO=-0.0100  meanSteps=   128.6  copy=0.826  A(t)=364  sim=65.9s
epoch   16350  HO=0.0649  meanSteps=   128.6  copy=0.849  A(t)=364  sim=66.1s
epoch   16400  HO=0.0473  meanSteps=   128.5  copy=0.846  A(t)=364  sim=66.2s
epoch   16450  HO=0.0403  meanSteps=   128.5  copy=0.843  A(t)=364  sim=66.4s
epoch   16500  HO=0.0485  meanSteps=   128.7  copy=0.842  A(t)=364  sim=66.5s
epoch   16550  HO=0.0883  meanSteps=   133.7  copy=0.822  A(t)=364  sim=66.7s
epoch   16600  HO=0.0903  meanSteps=   139.7  copy=0.818  A(t)=364  sim=66.9s
epoch   16650  HO=0.0247  meanSteps=   137.7  copy=0.824  A(t)=364  sim=67.0s
epoch   16700  HO=0.0467  meanSteps=   128.6  copy=0.832  A(t)=364  sim=67.2s
epoch   16750  HO=0.0965  meanSteps=   128.6  copy=0.811  A(t)=364  sim=67.3s
epoch   16800  HO=0.0866  meanSteps=   128.7  copy=0.824  A(t)=364  sim=67.5s
epoch   16850  HO=0.0252  meanSteps=   128.8  copy=0.828  A(t)=364  sim=67.6s
epoch   16900  HO=0.0136  meanSteps=   128.8  copy=0.854  A(t)=364  sim=67.8s
epoch   16950  HO=-0.0694  meanSteps=   128.9  copy=0.865  A(t)=364  sim=67.9s
epoch   17000  HO=-0.0540  meanSteps=   128.8  copy=0.868  A(t)=364  sim=68.1s
epoch   17050  HO=-0.0611  meanSteps=   128.8  copy=0.865  A(t)=364  sim=68.2s
epoch   17100  HO=-0.0348  meanSteps=   128.8  copy=0.867  A(t)=364  sim=68.4s
epoch   17150  HO=-0.0100  meanSteps=   129.0  copy=0.878  A(t)=364  sim=68.5s
epoch   17200  HO=-0.0081  meanSteps=   129.0  copy=0.873  A(t)=364  sim=68.7s
epoch   17250  HO=0.0012  meanSteps=   129.0  copy=0.862  A(t)=364  sim=68.8s
epoch   17300  HO=0.0259  meanSteps=   128.9  copy=0.838  A(t)=364  sim=69.0s
epoch   17350  HO=0.0101  meanSteps=   128.9  copy=0.850  A(t)=364  sim=69.1s
epoch   17400  HO=0.0109  meanSteps=   128.6  copy=0.853  A(t)=364  sim=69.3s
epoch   17450  HO=-0.0298  meanSteps=   129.0  copy=0.853  A(t)=364  sim=69.5s
epoch   17500  HO=-0.0043  meanSteps=   128.8  copy=0.862  A(t)=364  sim=69.6s
epoch   17550  HO=-0.0140  meanSteps=   128.5  copy=0.860  A(t)=364  sim=69.8s
epoch   17600  HO=0.0747  meanSteps=   128.7  copy=0.852  A(t)=364  sim=69.9s
epoch   17650  HO=0.0350  meanSteps=   128.7  copy=0.838  A(t)=364  sim=70.1s
epoch   17700  HO=0.0900  meanSteps=   135.2  copy=0.835  A(t)=364  sim=70.2s
epoch   17750  HO=0.0650  meanSteps=   128.5  copy=0.865  A(t)=364  sim=70.4s
epoch   17800  HO=0.1149  meanSteps=   128.3  copy=0.853  A(t)=364  sim=70.6s
epoch   17850  HO=0.0818  meanSteps=   128.3  copy=0.853  A(t)=364  sim=70.7s
epoch   17900  HO=0.0698  meanSteps=   128.4  copy=0.862  A(t)=364  sim=70.9s
epoch   17950  HO=0.1599  meanSteps=   128.7  copy=0.877  A(t)=364  sim=71.0s
epoch   18000  HO=0.1498  meanSteps=   128.7  copy=0.873  A(t)=364  sim=71.2s
epoch   18050  HO=0.1406  meanSteps=   128.7  copy=0.857  A(t)=364  sim=71.3s
epoch   18100  HO=0.1137  meanSteps=   128.6  copy=0.849  A(t)=364  sim=71.5s
epoch   18150  HO=0.1133  meanSteps=   128.6  copy=0.829  A(t)=364  sim=71.7s
epoch   18200  HO=0.0678  meanSteps=   128.4  copy=0.838  A(t)=364  sim=71.8s
epoch   18250  HO=0.0668  meanSteps=   128.3  copy=0.837  A(t)=364  sim=72.0s
epoch   18300  HO=0.0622  meanSteps=   128.7  copy=0.858  A(t)=364  sim=72.1s
epoch   18350  HO=0.0290  meanSteps=   128.8  copy=0.853  A(t)=364  sim=72.3s
epoch   18400  HO=0.0431  meanSteps=   128.7  copy=0.849  A(t)=364  sim=72.5s
epoch   18450  HO=0.0287  meanSteps=   128.4  copy=0.853  A(t)=364  sim=72.6s
epoch   18500  HO=0.1011  meanSteps=   128.6  copy=0.863  A(t)=364  sim=72.8s
epoch   18550  HO=0.1260  meanSteps=   128.7  copy=0.866  A(t)=364  sim=72.9s
epoch   18600  HO=0.0716  meanSteps=   128.5  copy=0.864  A(t)=364  sim=73.1s
epoch   18650  HO=0.0225  meanSteps=   128.6  copy=0.855  A(t)=364  sim=73.2s
epoch   18700  HO=0.0533  meanSteps=   128.7  copy=0.851  A(t)=364  sim=73.4s
epoch   18750  HO=0.0438  meanSteps=   128.6  copy=0.856  A(t)=364  sim=73.6s
epoch   18800  HO=-0.0200  meanSteps=   128.7  copy=0.869  A(t)=364  sim=73.7s
epoch   18850  HO=-0.0370  meanSteps=   128.6  copy=0.874  A(t)=364  sim=73.9s
epoch   18900  HO=-0.0074  meanSteps=   128.8  copy=0.862  A(t)=364  sim=74.1s
epoch   18950  HO=0.0504  meanSteps=   128.9  copy=0.858  A(t)=364  sim=74.2s
epoch   19000  HO=0.0842  meanSteps=   128.8  copy=0.843  A(t)=364  sim=74.4s
epoch   19050  HO=0.0914  meanSteps=   128.8  copy=0.837  A(t)=364  sim=74.5s
epoch   19100  HO=0.0750  meanSteps=   128.8  copy=0.854  A(t)=364  sim=74.7s
epoch   19150  HO=0.0115  meanSteps=   128.8  copy=0.844  A(t)=364  sim=74.8s
epoch   19200  HO=-0.0008  meanSteps=   128.8  copy=0.839  A(t)=364  sim=75.0s
epoch   19250  HO=0.0292  meanSteps=   128.9  copy=0.842  A(t)=364  sim=75.1s
epoch   19300  HO=0.0217  meanSteps=   129.0  copy=0.854  A(t)=364  sim=75.3s
epoch   19350  HO=0.0480  meanSteps=   128.9  copy=0.851  A(t)=364  sim=75.4s
epoch   19400  HO=0.0586  meanSteps=   128.7  copy=0.843  A(t)=364  sim=75.6s
epoch   19450  HO=0.0229  meanSteps=   129.0  copy=0.842  A(t)=364  sim=75.7s
epoch   19500  HO=0.0315  meanSteps=   128.8  copy=0.824  A(t)=364  sim=75.9s
epoch   19550  HO=0.0298  meanSteps=   128.7  copy=0.817  A(t)=364  sim=76.0s
epoch   19600  HO=0.0315  meanSteps=   128.8  copy=0.807  A(t)=364  sim=76.2s
epoch   19650  HO=-0.0234  meanSteps=   129.0  copy=0.813  A(t)=364  sim=76.3s
epoch   19700  HO=0.0294  meanSteps=   128.9  copy=0.812  A(t)=364  sim=76.5s
epoch   19750  HO=0.0316  meanSteps=   129.0  copy=0.808  A(t)=364  sim=76.6s
epoch   19800  HO=0.0159  meanSteps=   128.8  copy=0.813  A(t)=364  sim=76.8s
epoch   19850  HO=0.0624  meanSteps=   128.6  copy=0.816  A(t)=364  sim=76.9s
epoch   19900  HO=0.0383  meanSteps=   128.7  copy=0.844  A(t)=364  sim=77.1s
epoch   19950  HO=-0.0014  meanSteps=   128.7  copy=0.835  A(t)=364  sim=77.2s
epoch   20000  HO=-0.0068  meanSteps=   131.0  copy=0.837  A(t)=364  sim=77.4s
epoch   20050  HO=-0.0169  meanSteps=   141.4  copy=0.860  A(t)=364  sim=77.5s
epoch   20100  HO=0.0279  meanSteps=   136.6  copy=0.844  A(t)=364  sim=77.7s
epoch   20150  HO=-0.0187  meanSteps=   128.7  copy=0.844  A(t)=364  sim=77.8s
epoch   20200  HO=-0.0385  meanSteps=   128.7  copy=0.845  A(t)=364  sim=78.0s
epoch   20250  HO=-0.0269  meanSteps=   128.8  copy=0.847  A(t)=364  sim=78.1s
epoch   20300  HO=-0.0101  meanSteps=   128.8  copy=0.846  A(t)=365  sim=78.3s
epoch   20350  HO=0.0063  meanSteps=   128.8  copy=0.847  A(t)=365  sim=78.4s
epoch   20400  HO=0.0156  meanSteps=   129.0  copy=0.852  A(t)=365  sim=78.6s
epoch   20450  HO=-0.0418  meanSteps=   129.0  copy=0.846  A(t)=365  sim=78.7s
epoch   20500  HO=0.0314  meanSteps=   128.8  copy=0.829  A(t)=365  sim=78.9s
epoch   20550  HO=-0.0173  meanSteps=   128.7  copy=0.831  A(t)=365  sim=79.0s
epoch   20600  HO=-0.0312  meanSteps=   133.4  copy=0.832  A(t)=365  sim=79.2s
epoch   20650  HO=0.0135  meanSteps=   128.9  copy=0.847  A(t)=365  sim=79.3s
epoch   20700  HO=-0.0005  meanSteps=   128.9  copy=0.847  A(t)=365  sim=79.5s
epoch   20750  HO=0.0422  meanSteps=   129.0  copy=0.837  A(t)=365  sim=79.6s
epoch   20800  HO=0.0134  meanSteps=   128.9  copy=0.840  A(t)=365  sim=79.8s
epoch   20850  HO=0.0411  meanSteps=   128.7  copy=0.840  A(t)=365  sim=80.0s
epoch   20900  HO=0.0311  meanSteps=   128.6  copy=0.835  A(t)=365  sim=80.1s
epoch   20950  HO=0.0041  meanSteps=   128.8  copy=0.837  A(t)=365  sim=80.3s
epoch   21000  HO=-0.0049  meanSteps=   128.6  copy=0.823  A(t)=365  sim=80.4s
epoch   21050  HO=0.0036  meanSteps=   128.6  copy=0.840  A(t)=365  sim=80.6s
epoch   21100  HO=-0.0115  meanSteps=   128.5  copy=0.840  A(t)=365  sim=80.7s
epoch   21150  HO=-0.0387  meanSteps=   128.6  copy=0.841  A(t)=365  sim=80.8s
epoch   21200  HO=-0.0066  meanSteps=   128.5  copy=0.831  A(t)=365  sim=81.0s
epoch   21250  HO=0.0331  meanSteps=   128.6  copy=0.826  A(t)=365  sim=81.2s
epoch   21300  HO=0.0419  meanSteps=   128.6  copy=0.805  A(t)=365  sim=81.3s
epoch   21350  HO=0.0436  meanSteps=   128.8  copy=0.802  A(t)=365  sim=81.5s
epoch   21400  HO=0.0145  meanSteps=   128.6  copy=0.805  A(t)=365  sim=81.6s
epoch   21450  HO=-0.0406  meanSteps=   128.7  copy=0.810  A(t)=365  sim=81.8s
epoch   21500  HO=-0.0145  meanSteps=   128.8  copy=0.825  A(t)=365  sim=81.9s
epoch   21550  HO=-0.0049  meanSteps=   128.8  copy=0.811  A(t)=365  sim=82.1s
epoch   21600  HO=-0.0109  meanSteps=   128.9  copy=0.820  A(t)=365  sim=82.2s
epoch   21650  HO=0.0292  meanSteps=   129.0  copy=0.817  A(t)=365  sim=82.4s
epoch   21700  HO=-0.0273  meanSteps=   128.9  copy=0.834  A(t)=365  sim=82.5s
epoch   21750  HO=-0.0209  meanSteps=   128.9  copy=0.848  A(t)=365  sim=82.7s
epoch   21800  HO=-0.0252  meanSteps=   128.9  copy=0.859  A(t)=365  sim=82.8s
epoch   21850  HO=-0.0900  meanSteps=   128.6  copy=0.858  A(t)=365  sim=83.0s
epoch   21900  HO=-0.0388  meanSteps=   128.7  copy=0.864  A(t)=365  sim=83.2s
epoch   21950  HO=-0.0838  meanSteps=   128.8  copy=0.885  A(t)=365  sim=83.3s
epoch   22000  HO=-0.0475  meanSteps=   128.9  copy=0.885  A(t)=365  sim=83.5s
epoch   22050  HO=-0.0212  meanSteps=   128.9  copy=0.881  A(t)=365  sim=83.7s
epoch   22100  HO=0.0000  meanSteps=   128.9  copy=0.874  A(t)=365  sim=83.8s
epoch   22150  HO=-0.0448  meanSteps=   128.9  copy=0.867  A(t)=365  sim=84.0s
epoch   22200  HO=-0.0381  meanSteps=   128.8  copy=0.850  A(t)=365  sim=84.1s
