epoch       0  HO=-0.0034  meanSteps=     0.0  copy=0.000  A(t)=0  sim=0.0s
epoch      50  HO=0.0754  meanSteps=  1457.0  copy=0.553  A(t)=0  sim=0.4s
epoch     100  HO=0.2180  meanSteps=  1528.2  copy=0.570  A(t)=0  sim=0.8s
epoch     150  HO=0.2946  meanSteps=  1521.3  copy=0.581  A(t)=0  sim=1.3s
epoch     200  HO=0.3702  meanSteps=  1465.2  copy=0.599  A(t)=0  sim=1.6s
epoch     250  HO=0.3882  meanSteps=  1425.9  copy=0.610  A(t)=0  sim=1.9s
epoch     300  HO=0.3472  meanSteps=  1463.1  copy=0.596  A(t)=6  sim=2.3s
epoch     350  HO=0.4116  meanSteps=  1426.4  copy=0.594  A(t)=10  sim=2.7s
epoch     400  HO=0.4055  meanSteps=  1445.0  copy=0.589  A(t)=11  sim=3.1s
epoch     450  HO=0.4164  meanSteps=  1364.2  copy=0.589  A(t)=11  sim=3.6s
epoch     500  HO=0.4207  meanSteps=  1344.0  copy=0.583  A(t)=14  sim=4.0s
epoch     550  HO=0.4227  meanSteps=  1272.9  copy=0.578  A(t)=16  sim=4.3s
epoch     600  HO=0.3894  meanSteps=  1284.2  copy=0.570  A(t)=17  sim=4.6s
epoch     650  HO=0.4092  meanSteps=  1269.2  copy=0.561  A(t)=19  sim=5.0s
epoch     700  HO=0.4024  meanSteps=  1249.9  copy=0.566  A(t)=19  sim=5.3s
epoch     750  HO=0.4301  meanSteps=  1176.1  copy=0.573  A(t)=20  sim=5.7s
epoch     800  HO=0.4348  meanSteps=  1103.4  copy=0.572  A(t)=21  sim=6.0s
epoch     850  HO=0.4768  meanSteps=  1093.3  copy=0.574  A(t)=21  sim=6.2s
epoch     900  HO=0.4721  meanSteps=  1015.3  copy=0.576  A(t)=21  sim=6.5s
epoch     950  HO=0.4995  meanSteps=   979.8  copy=0.587  A(t)=21  sim=6.7s
epoch    1000  HO=0.5191  meanSteps=  1060.0  copy=0.592  A(t)=22  sim=7.0s
epoch    1050  HO=0.5400  meanSteps=   965.8  copy=0.599  A(t)=23  sim=7.4s
epoch    1100  HO=0.5854  meanSteps=   957.7  copy=0.594  A(t)=24  sim=7.7s
epoch    1150  HO=0.6477  meanSteps=   981.5  copy=0.590  A(t)=32  sim=8.0s
epoch    1200  HO=0.6961  meanSteps=  1052.8  copy=0.597  A(t)=33  sim=8.3s
epoch    1250  HO=0.7522  meanSteps=  1049.5  copy=0.603  A(t)=34  sim=8.5s
epoch    1300  HO=0.7737  meanSteps=   991.5  copy=0.591  A(t)=35  sim=8.7s
epoch    1350  HO=0.7986  meanSteps=   925.0  copy=0.595  A(t)=37  sim=9.0s
epoch    1400  HO=0.8423  meanSteps=   845.9  copy=0.597  A(t)=49  sim=9.2s
epoch    1450  HO=0.8688  meanSteps=   768.0  copy=0.609  A(t)=68  sim=9.5s
epoch    1500  HO=0.9009  meanSteps=   742.1  copy=0.618  A(t)=70  sim=9.7s
epoch    1550  HO=0.9373  meanSteps=   761.8  copy=0.621  A(t)=72  sim=10.1s
epoch    1600  HO=0.9835  meanSteps=   778.2  copy=0.626  A(t)=76  sim=10.3s
epoch    1650  HO=0.9858  meanSteps=   722.0  copy=0.644  A(t)=84  sim=10.6s
epoch    1700  HO=0.9916  meanSteps=   690.8  copy=0.661  A(t)=94  sim=10.8s
epoch    1750  HO=1.0391  meanSteps=   676.3  copy=0.658  A(t)=95  sim=11.1s
epoch    1800  HO=0.9952  meanSteps=   649.6  copy=0.663  A(t)=99  sim=11.3s
epoch    1850  HO=0.9923  meanSteps=   655.2  copy=0.664  A(t)=108  sim=11.7s
epoch    1900  HO=1.0508  meanSteps=   579.8  copy=0.659  A(t)=118  sim=11.8s
epoch    1950  HO=1.0105  meanSteps=   500.4  copy=0.649  A(t)=124  sim=12.0s
epoch    2000  HO=0.9820  meanSteps=   507.1  copy=0.650  A(t)=135  sim=12.1s
epoch    2050  HO=1.0128  meanSteps=   467.9  copy=0.681  A(t)=139  sim=12.3s
epoch    2100  HO=1.0185  meanSteps=   462.7  copy=0.670  A(t)=190  sim=12.4s
epoch    2150  HO=1.1062  meanSteps=   485.2  copy=0.677  A(t)=202  sim=12.6s
epoch    2200  HO=1.0802  meanSteps=   462.0  copy=0.685  A(t)=206  sim=12.8s
epoch    2250  HO=1.0727  meanSteps=   441.2  copy=0.695  A(t)=222  sim=12.9s
epoch    2300  HO=1.0672  meanSteps=   413.3  copy=0.698  A(t)=225  sim=13.2s
epoch    2350  HO=1.0343  meanSteps=   361.4  copy=0.686  A(t)=231  sim=13.3s
epoch    2400  HO=1.0766  meanSteps=   308.7  copy=0.677  A(t)=238  sim=13.5s
epoch    2450  HO=1.0641  meanSteps=   312.8  copy=0.683  A(t)=256  sim=13.6s
epoch    2500  HO=1.0600  meanSteps=   277.9  copy=0.695  A(t)=260  sim=13.8s
epoch    2550  HO=1.0491  meanSteps=   284.9  copy=0.696  A(t)=260  sim=13.9s
epoch    2600  HO=1.0810  meanSteps=   288.6  copy=0.697  A(t)=261  sim=14.0s
epoch    2650  HO=1.0373  meanSteps=   274.7  copy=0.682  A(t)=267  sim=14.2s
epoch    2700  HO=1.0534  meanSteps=   272.9  copy=0.681  A(t)=272  sim=14.3s
epoch    2750  HO=1.0543  meanSteps=   296.0  copy=0.693  A(t)=278  sim=14.4s
epoch    2800  HO=1.0174  meanSteps=   299.7  copy=0.715  A(t)=278  sim=14.5s
epoch    2850  HO=0.9734  meanSteps=   268.4  copy=0.717  A(t)=279  sim=14.7s
epoch    2900  HO=0.9880  meanSteps=   233.2  copy=0.728  A(t)=287  sim=14.9s
epoch    2950  HO=0.9272  meanSteps=   234.4  copy=0.732  A(t)=294  sim=15.0s
epoch    3000  HO=0.9376  meanSteps=   226.6  copy=0.720  A(t)=306  sim=15.1s
epoch    3050  HO=0.9277  meanSteps=   204.2  copy=0.715  A(t)=314  sim=15.2s
epoch    3100  HO=0.9179  meanSteps=   203.0  copy=0.741  A(t)=322  sim=15.3s
epoch    3150  HO=0.9208  meanSteps=   203.0  copy=0.735  A(t)=330  sim=15.4s
epoch    3200  HO=0.8259  meanSteps=   179.1  copy=0.716  A(t)=337  sim=15.5s
epoch    3250  HO=0.8420  meanSteps=   181.9  copy=0.737  A(t)=343  sim=15.6s
epoch    3300  HO=0.8515  meanSteps=   192.4  copy=0.767  A(t)=352  sim=15.8s
epoch    3350  HO=0.8971  meanSteps=   176.0  copy=0.775  A(t)=362  sim=15.8s
epoch    3400  HO=0.9229  meanSteps=   175.5  copy=0.788  A(t)=381  sim=16.0s
epoch    3450  HO=0.8932  meanSteps=   176.1  copy=0.783  A(t)=386  sim=16.1s
epoch    3500  HO=0.8820  meanSteps=   164.3  copy=0.780  A(t)=388  sim=16.2s
epoch    3550  HO=0.8684  meanSteps=   156.0  copy=0.773  A(t)=389  sim=16.3s
epoch    3600  HO=0.8726  meanSteps=   166.7  copy=0.785  A(t)=392  sim=16.4s
epoch    3650  HO=0.9124  meanSteps=   180.7  copy=0.792  A(t)=392  sim=16.5s
epoch    3700  HO=0.8810  meanSteps=   162.8  copy=0.792  A(t)=393  sim=16.6s
epoch    3750  HO=0.8945  meanSteps=   158.5  copy=0.793  A(t)=394  sim=16.8s
epoch    3800  HO=0.8825  meanSteps=   152.6  copy=0.771  A(t)=394  sim=16.8s
epoch    3850  HO=0.8973  meanSteps=   168.3  copy=0.769  A(t)=394  sim=17.0s
epoch    3900  HO=0.8717  meanSteps=   162.3  copy=0.748  A(t)=401  sim=17.1s
epoch    3950  HO=0.8260  meanSteps=   148.2  copy=0.731  A(t)=404  sim=17.3s
epoch    4000  HO=0.9016  meanSteps=   150.4  copy=0.728  A(t)=411  sim=17.4s
epoch    4050  HO=0.8922  meanSteps=   149.1  copy=0.746  A(t)=411  sim=17.6s
epoch    4100  HO=0.8396  meanSteps=   149.2  copy=0.753  A(t)=411  sim=17.8s
epoch    4150  HO=0.8228  meanSteps=   139.7  copy=0.766  A(t)=413  sim=17.9s
epoch    4200  HO=0.8193  meanSteps=   132.9  copy=0.756  A(t)=418  sim=17.9s
epoch    4250  HO=0.8218  meanSteps=   141.9  copy=0.766  A(t)=421  sim=18.0s
epoch    4300  HO=0.8408  meanSteps=   161.8  copy=0.810  A(t)=423  sim=18.2s
epoch    4350  HO=0.8338  meanSteps=   153.9  copy=0.819  A(t)=426  sim=18.3s
epoch    4400  HO=0.8057  meanSteps=   151.9  copy=0.827  A(t)=433  sim=18.4s
epoch    4450  HO=0.8187  meanSteps=   150.2  copy=0.837  A(t)=435  sim=18.6s
epoch    4500  HO=0.8173  meanSteps=   147.5  copy=0.820  A(t)=435  sim=18.7s
epoch    4550  HO=0.8652  meanSteps=   152.3  copy=0.810  A(t)=435  sim=18.8s
epoch    4600  HO=0.8118  meanSteps=   157.4  copy=0.818  A(t)=435  sim=18.9s
epoch    4650  HO=0.8294  meanSteps=   137.2  copy=0.823  A(t)=435  sim=18.9s
epoch    4700  HO=0.8000  meanSteps=   129.5  copy=0.847  A(t)=438  sim=19.1s
epoch    4750  HO=0.8474  meanSteps=   128.3  copy=0.837  A(t)=440  sim=19.2s
epoch    4800  HO=0.8325  meanSteps=   128.5  copy=0.813  A(t)=440  sim=19.3s
epoch    4850  HO=0.8162  meanSteps=   128.8  copy=0.793  A(t)=440  sim=19.4s
epoch    4900  HO=0.7828  meanSteps=   128.6  copy=0.806  A(t)=443  sim=19.5s
epoch    4950  HO=0.8002  meanSteps=   135.4  copy=0.784  A(t)=447  sim=19.6s
epoch    5000  HO=0.7590  meanSteps=   145.3  copy=0.794  A(t)=448  sim=19.8s
epoch    5050  HO=0.7712  meanSteps=   153.0  copy=0.791  A(t)=448  sim=19.8s
epoch    5100  HO=0.7499  meanSteps=   153.0  copy=0.791  A(t)=448  sim=20.0s
epoch    5150  HO=0.7630  meanSteps=   156.1  copy=0.795  A(t)=448  sim=20.1s
epoch    5200  HO=0.7528  meanSteps=   167.5  copy=0.794  A(t)=452  sim=20.2s
epoch    5250  HO=0.7506  meanSteps=   165.2  copy=0.790  A(t)=457  sim=20.3s
epoch    5300  HO=0.7804  meanSteps=   147.2  copy=0.798  A(t)=458  sim=20.5s
epoch    5350  HO=0.7655  meanSteps=   144.1  copy=0.790  A(t)=463  sim=20.6s
epoch    5400  HO=0.7834  meanSteps=   141.9  copy=0.790  A(t)=468  sim=20.7s
epoch    5450  HO=0.7664  meanSteps=   142.8  copy=0.790  A(t)=471  sim=20.8s
epoch    5500  HO=0.8210  meanSteps=   143.2  copy=0.779  A(t)=473  sim=20.9s
epoch    5550  HO=0.8186  meanSteps=   145.5  copy=0.763  A(t)=480  sim=21.1s
epoch    5600  HO=0.8725  meanSteps=   142.9  copy=0.775  A(t)=481  sim=21.2s
epoch    5650  HO=0.8488  meanSteps=   140.5  copy=0.771  A(t)=483  sim=21.2s
epoch    5700  HO=0.8428  meanSteps=   128.4  copy=0.795  A(t)=490  sim=21.4s
epoch    5750  HO=0.8874  meanSteps=   128.3  copy=0.811  A(t)=502  sim=21.5s
epoch    5800  HO=0.8889  meanSteps=   128.8  copy=0.798  A(t)=507  sim=21.6s
epoch    5850  HO=0.8577  meanSteps=   128.3  copy=0.799  A(t)=508  sim=21.7s
epoch    5900  HO=0.8883  meanSteps=   128.0  copy=0.826  A(t)=513  sim=21.8s
epoch    5950  HO=0.8671  meanSteps=   128.2  copy=0.836  A(t)=515  sim=21.9s
epoch    6000  HO=0.8373  meanSteps=   128.1  copy=0.848  A(t)=518  sim=21.9s
epoch    6050  HO=0.8268  meanSteps=   128.2  copy=0.853  A(t)=519  sim=22.1s
epoch    6100  HO=0.8609  meanSteps=   128.6  copy=0.848  A(t)=530  sim=22.1s
epoch    6150  HO=0.8423  meanSteps=   128.4  copy=0.833  A(t)=540  sim=22.2s
epoch    6200  HO=0.8369  meanSteps=   128.3  copy=0.821  A(t)=543  sim=22.3s
epoch    6250  HO=0.8979  meanSteps=   128.5  copy=0.836  A(t)=550  sim=22.4s
epoch    6300  HO=0.8791  meanSteps=   128.5  copy=0.829  A(t)=550  sim=22.5s
epoch    6350  HO=0.8439  meanSteps=   128.4  copy=0.833  A(t)=553  sim=22.6s
epoch    6400  HO=0.8222  meanSteps=   128.4  copy=0.852  A(t)=555  sim=22.7s
epoch    6450  HO=0.8229  meanSteps=   128.6  copy=0.838  A(t)=556  sim=22.8s
epoch    6500  HO=0.8297  meanSteps=   128.4  copy=0.833  A(t)=556  sim=22.9s
epoch    6550  HO=0.7939  meanSteps=   128.5  copy=0.841  A(t)=556  sim=23.1s
epoch    6600  HO=0.7632  meanSteps=   130.4  copy=0.816  A(t)=557  sim=23.1s
epoch    6650  HO=0.8064  meanSteps=   134.6  copy=0.828  A(t)=557  sim=23.2s
epoch    6700  HO=0.7603  meanSteps=   129.5  copy=0.829  A(t)=558  sim=23.3s
epoch    6750  HO=0.7937  meanSteps=   146.5  copy=0.813  A(t)=558  sim=23.4s
epoch    6800  HO=0.7977  meanSteps=   127.9  copy=0.798  A(t)=558  sim=23.5s
epoch    6850  HO=0.7981  meanSteps=   128.4  copy=0.804  A(t)=560  sim=23.7s
epoch    6900  HO=0.7854  meanSteps=   128.2  copy=0.820  A(t)=561  sim=23.8s
epoch    6950  HO=0.7585  meanSteps=   128.3  copy=0.826  A(t)=561  sim=23.9s
epoch    7000  HO=0.7571  meanSteps=   128.5  copy=0.806  A(t)=561  sim=23.9s
epoch    7050  HO=0.7741  meanSteps=   132.0  copy=0.812  A(t)=569  sim=24.1s
epoch    7100  HO=0.8054  meanSteps=   144.5  copy=0.807  A(t)=570  sim=24.3s
epoch    7150  HO=0.7676  meanSteps=   142.0  copy=0.798  A(t)=570  sim=24.4s
epoch    7200  HO=0.7187  meanSteps=   143.8  copy=0.802  A(t)=570  sim=24.5s
epoch    7250  HO=0.7525  meanSteps=   149.2  copy=0.800  A(t)=571  sim=24.6s
epoch    7300  HO=0.7230  meanSteps=   146.4  copy=0.822  A(t)=574  sim=24.7s
epoch    7350  HO=0.7125  meanSteps=   160.1  copy=0.820  A(t)=574  sim=24.8s
epoch    7400  HO=0.7483  meanSteps=   160.6  copy=0.811  A(t)=575  sim=24.8s
epoch    7450  HO=0.7259  meanSteps=   159.0  copy=0.826  A(t)=575  sim=24.9s
epoch    7500  HO=0.6518  meanSteps=   145.6  copy=0.831  A(t)=575  sim=25.1s
epoch    7550  HO=0.6763  meanSteps=   141.1  copy=0.833  A(t)=575  sim=25.2s
epoch    7600  HO=0.6721  meanSteps=   136.3  copy=0.834  A(t)=575  sim=25.4s
epoch    7650  HO=0.7013  meanSteps=   131.9  copy=0.833  A(t)=580  sim=25.5s
epoch    7700  HO=0.6826  meanSteps=   127.7  copy=0.812  A(t)=582  sim=25.6s
epoch    7750  HO=0.6976  meanSteps=   128.8  copy=0.837  A(t)=582  sim=25.7s
epoch    7800  HO=0.7185  meanSteps=   128.8  copy=0.851  A(t)=582  sim=25.8s
epoch    7850  HO=0.7444  meanSteps=   128.7  copy=0.824  A(t)=583  sim=25.9s
epoch    7900  HO=0.7640  meanSteps=   128.4  copy=0.805  A(t)=583  sim=26.0s
epoch    7950  HO=0.7404  meanSteps=   128.5  copy=0.809  A(t)=584  sim=26.2s
epoch    8000  HO=0.7580  meanSteps=   128.4  copy=0.803  A(t)=586  sim=26.3s
epoch    8050  HO=0.7622  meanSteps=   128.4  copy=0.808  A(t)=588  sim=26.4s
epoch    8100  HO=0.8064  meanSteps=   128.5  copy=0.821  A(t)=588  sim=26.5s
epoch    8150  HO=0.7926  meanSteps=   128.3  copy=0.827  A(t)=591  sim=26.6s
epoch    8200  HO=0.7563  meanSteps=   128.4  copy=0.814  A(t)=592  sim=26.7s
epoch    8250  HO=0.7311  meanSteps=   128.4  copy=0.801  A(t)=592  sim=26.9s
epoch    8300  HO=0.7923  meanSteps=   128.5  copy=0.780  A(t)=594  sim=27.0s
epoch    8350  HO=0.8017  meanSteps=   128.4  copy=0.770  A(t)=594  sim=27.1s
epoch    8400  HO=0.7460  meanSteps=   128.7  copy=0.790  A(t)=601  sim=27.3s
epoch    8450  HO=0.7446  meanSteps=   128.7  copy=0.791  A(t)=602  sim=27.4s
epoch    8500  HO=0.6847  meanSteps=   128.8  copy=0.790  A(t)=604  sim=27.4s
epoch    8550  HO=0.6751  meanSteps=   128.4  copy=0.788  A(t)=606  sim=27.6s
epoch    8600  HO=0.6541  meanSteps=   130.0  copy=0.797  A(t)=606  sim=27.8s
epoch    8650  HO=0.7187  meanSteps=   128.3  copy=0.781  A(t)=607  sim=27.9s
epoch    8700  HO=0.7301  meanSteps=   128.4  copy=0.785  A(t)=610  sim=28.0s
epoch    8750  HO=0.6217  meanSteps=   128.6  copy=0.805  A(t)=618  sim=28.1s
epoch    8800  HO=0.6573  meanSteps=   128.6  copy=0.817  A(t)=618  sim=28.3s
epoch    8850  HO=0.6736  meanSteps=   128.6  copy=0.815  A(t)=618  sim=28.4s
epoch    8900  HO=0.6271  meanSteps=   128.7  copy=0.818  A(t)=618  sim=28.4s
epoch    8950  HO=0.5915  meanSteps=   130.8  copy=0.807  A(t)=618  sim=28.6s
epoch    9000  HO=0.6194  meanSteps=   132.0  copy=0.803  A(t)=618  sim=28.7s
epoch    9050  HO=0.6136  meanSteps=   128.5  copy=0.791  A(t)=618  sim=28.8s
epoch    9100  HO=0.6544  meanSteps=   128.2  copy=0.781  A(t)=620  sim=28.9s
epoch    9150  HO=0.7020  meanSteps=   128.4  copy=0.782  A(t)=620  sim=29.0s
epoch    9200  HO=0.6880  meanSteps=   128.5  copy=0.781  A(t)=620  sim=29.0s
epoch    9250  HO=0.6661  meanSteps=   128.6  copy=0.772  A(t)=625  sim=29.2s
epoch    9300  HO=0.6988  meanSteps=   134.8  copy=0.801  A(t)=628  sim=29.3s
epoch    9350  HO=0.6598  meanSteps=   133.2  copy=0.809  A(t)=628  sim=29.4s
epoch    9400  HO=0.6889  meanSteps=   128.8  copy=0.811  A(t)=628  sim=29.6s
epoch    9450  HO=0.7179  meanSteps=   138.1  copy=0.804  A(t)=628  sim=29.6s
epoch    9500  HO=0.6940  meanSteps=   145.8  copy=0.802  A(t)=628  sim=29.8s
epoch    9550  HO=0.6520  meanSteps=   144.9  copy=0.785  A(t)=628  sim=30.0s
epoch    9600  HO=0.6062  meanSteps=   143.3  copy=0.802  A(t)=628  sim=30.1s
epoch    9650  HO=0.6421  meanSteps=   138.5  copy=0.800  A(t)=628  sim=30.1s
epoch    9700  HO=0.6287  meanSteps=   128.0  copy=0.790  A(t)=628  sim=30.2s
epoch    9750  HO=0.6722  meanSteps=   128.3  copy=0.809  A(t)=630  sim=30.4s
epoch    9800  HO=0.6678  meanSteps=   128.3  copy=0.796  A(t)=630  sim=30.5s
epoch    9850  HO=0.5612  meanSteps=   128.0  copy=0.794  A(t)=630  sim=30.5s
epoch    9900  HO=0.5666  meanSteps=   128.1  copy=0.810  A(t)=630  sim=30.6s
epoch    9950  HO=0.5377  meanSteps=   128.5  copy=0.811  A(t)=630  sim=30.8s
epoch   10000  HO=0.6117  meanSteps=   128.6  copy=0.798  A(t)=630  sim=30.9s
epoch   10050  HO=0.6260  meanSteps=   128.7  copy=0.795  A(t)=630  sim=31.0s
epoch   10100  HO=0.5930  meanSteps=   130.2  copy=0.787  A(t)=630  sim=31.1s
epoch   10150  HO=0.6523  meanSteps=   128.4  copy=0.779  A(t)=631  sim=31.2s
epoch   10200  HO=0.6724  meanSteps=   128.5  copy=0.768  A(t)=631  sim=31.4s
epoch   10250  HO=0.6493  meanSteps=   135.3  copy=0.773  A(t)=633  sim=31.5s
epoch   10300  HO=0.6699  meanSteps=   127.9  copy=0.767  A(t)=633  sim=31.6s
epoch   10350  HO=0.6547  meanSteps=   128.0  copy=0.756  A(t)=633  sim=31.6s
epoch   10400  HO=0.6406  meanSteps=   128.0  copy=0.773  A(t)=633  sim=31.8s
epoch   10450  HO=0.6760  meanSteps=   135.7  copy=0.757  A(t)=634  sim=31.9s
epoch   10500  HO=0.6618  meanSteps=   143.0  copy=0.754  A(t)=634  sim=32.0s
epoch   10550  HO=0.6711  meanSteps=   138.8  copy=0.771  A(t)=634  sim=32.1s
epoch   10600  HO=0.7080  meanSteps=   127.9  copy=0.776  A(t)=634  sim=32.2s
epoch   10650  HO=0.7029  meanSteps=   128.3  copy=0.771  A(t)=634  sim=32.3s
epoch   10700  HO=0.7292  meanSteps=   140.0  copy=0.766  A(t)=634  sim=32.4s
epoch   10750  HO=0.6931  meanSteps=   147.9  copy=0.759  A(t)=634  sim=32.6s
epoch   10800  HO=0.7049  meanSteps=   149.2  copy=0.742  A(t)=635  sim=32.6s
epoch   10850  HO=0.6943  meanSteps=   147.2  copy=0.757  A(t)=635  sim=32.8s
epoch   10900  HO=0.6479  meanSteps=   146.0  copy=0.763  A(t)=643  sim=32.9s
epoch   10950  HO=0.6830  meanSteps=   144.8  copy=0.769  A(t)=643  sim=33.0s
epoch   11000  HO=0.6893  meanSteps=   147.2  copy=0.793  A(t)=643  sim=33.2s
epoch   11050  HO=0.6469  meanSteps=   133.9  copy=0.798  A(t)=643  sim=33.4s
epoch   11100  HO=0.6596  meanSteps=   128.3  copy=0.792  A(t)=643  sim=33.5s
epoch   11150  HO=0.6930  meanSteps=   128.2  copy=0.789  A(t)=643  sim=33.7s
epoch   11200  HO=0.7238  meanSteps=   138.6  copy=0.796  A(t)=644  sim=33.9s
epoch   11250  HO=0.7195  meanSteps=   143.2  copy=0.778  A(t)=644  sim=34.0s
epoch   11300  HO=0.6971  meanSteps=   128.7  copy=0.762  A(t)=644  sim=34.1s
epoch   11350  HO=0.7129  meanSteps=   135.0  copy=0.758  A(t)=646  sim=34.2s
epoch   11400  HO=0.7218  meanSteps=   135.8  copy=0.761  A(t)=647  sim=34.3s
epoch   11450  HO=0.7441  meanSteps=   143.4  copy=0.772  A(t)=648  sim=34.4s
epoch   11500  HO=0.7261  meanSteps=   142.7  copy=0.792  A(t)=648  sim=34.5s
epoch   11550  HO=0.7666  meanSteps=   149.1  copy=0.797  A(t)=648  sim=34.5s
epoch   11600  HO=0.7284  meanSteps=   155.2  copy=0.791  A(t)=651  sim=34.6s
epoch   11650  HO=0.7154  meanSteps=   148.7  copy=0.787  A(t)=651  sim=34.7s
epoch   11700  HO=0.7127  meanSteps=   145.4  copy=0.817  A(t)=651  sim=34.8s
epoch   11750  HO=0.7258  meanSteps=   140.5  copy=0.827  A(t)=651  sim=35.0s
epoch   11800  HO=0.8056  meanSteps=   130.4  copy=0.807  A(t)=651  sim=35.1s
epoch   11850  HO=0.7389  meanSteps=   128.3  copy=0.814  A(t)=652  sim=35.2s
epoch   11900  HO=0.7925  meanSteps=   128.6  copy=0.830  A(t)=652  sim=35.3s
epoch   11950  HO=0.7968  meanSteps=   128.3  copy=0.845  A(t)=652  sim=35.4s
epoch   12000  HO=0.7489  meanSteps=   128.5  copy=0.844  A(t)=652  sim=35.5s
epoch   12050  HO=0.7233  meanSteps=   132.1  copy=0.853  A(t)=652  sim=35.6s
epoch   12100  HO=0.7146  meanSteps=   143.9  copy=0.844  A(t)=652  sim=35.7s
epoch   12150  HO=0.7043  meanSteps=   138.0  copy=0.838  A(t)=654  sim=35.8s
epoch   12200  HO=0.6915  meanSteps=   137.5  copy=0.806  A(t)=654  sim=35.9s
epoch   12250  HO=0.6747  meanSteps=   145.4  copy=0.781  A(t)=658  sim=36.0s
epoch   12300  HO=0.7179  meanSteps=   132.1  copy=0.763  A(t)=658  sim=36.1s
epoch   12350  HO=0.6952  meanSteps=   128.4  copy=0.773  A(t)=658  sim=36.2s
epoch   12400  HO=0.7377  meanSteps=   144.8  copy=0.759  A(t)=658  sim=36.4s
epoch   12450  HO=0.7384  meanSteps=   140.7  copy=0.775  A(t)=658  sim=36.5s
epoch   12500  HO=0.7260  meanSteps=   128.5  copy=0.776  A(t)=658  sim=36.7s
epoch   12550  HO=0.7010  meanSteps=   128.7  copy=0.771  A(t)=658  sim=36.8s
epoch   12600  HO=0.6966  meanSteps=   128.8  copy=0.773  A(t)=658  sim=36.8s
epoch   12650  HO=0.7109  meanSteps=   127.8  copy=0.777  A(t)=658  sim=36.9s
epoch   12700  HO=0.6933  meanSteps=   127.9  copy=0.790  A(t)=666  sim=37.0s
epoch   12750  HO=0.6824  meanSteps=   128.2  copy=0.788  A(t)=666  sim=37.1s
epoch   12800  HO=0.7539  meanSteps=   128.2  copy=0.787  A(t)=666  sim=37.3s
epoch   12850  HO=0.7629  meanSteps=   128.4  copy=0.768  A(t)=666  sim=37.3s
epoch   12900  HO=0.7531  meanSteps=   128.2  copy=0.768  A(t)=668  sim=37.5s
epoch   12950  HO=0.8264  meanSteps=   128.1  copy=0.768  A(t)=677  sim=37.5s
epoch   13000  HO=0.8029  meanSteps=   130.2  copy=0.779  A(t)=678  sim=37.7s
epoch   13050  HO=0.7899  meanSteps=   158.1  copy=0.813  A(t)=678  sim=37.8s
epoch   13100  HO=0.7760  meanSteps=   154.2  copy=0.815  A(t)=678  sim=37.9s
epoch   13150  HO=0.7991  meanSteps=   150.1  copy=0.791  A(t)=678  sim=38.0s
epoch   13200  HO=0.7468  meanSteps=   155.9  copy=0.768  A(t)=681  sim=38.1s
epoch   13250  HO=0.8176  meanSteps=   157.2  copy=0.777  A(t)=683  sim=38.2s
epoch   13300  HO=0.7547  meanSteps=   151.9  copy=0.778  A(t)=686  sim=38.4s
epoch   13350  HO=0.6835  meanSteps=   136.7  copy=0.793  A(t)=687  sim=38.6s
epoch   13400  HO=0.7286  meanSteps=   131.8  copy=0.796  A(t)=688  sim=38.7s
epoch   13450  HO=0.7761  meanSteps=   143.9  copy=0.797  A(t)=690  sim=38.7s
epoch   13500  HO=0.7678  meanSteps=   147.0  copy=0.782  A(t)=690  sim=38.8s
epoch   13550  HO=0.7711  meanSteps=   148.4  copy=0.808  A(t)=690  sim=38.9s
epoch   13600  HO=0.8309  meanSteps=   142.4  copy=0.827  A(t)=690  sim=39.1s
epoch   13650  HO=0.8363  meanSteps=   142.5  copy=0.829  A(t)=692  sim=39.1s
epoch   13700  HO=0.8544  meanSteps=   147.0  copy=0.846  A(t)=699  sim=39.2s
epoch   13750  HO=0.8262  meanSteps=   146.4  copy=0.843  A(t)=699  sim=39.3s
epoch   13800  HO=0.7828  meanSteps=   136.5  copy=0.829  A(t)=699  sim=39.5s
epoch   13850  HO=0.7750  meanSteps=   128.3  copy=0.824  A(t)=699  sim=39.6s
epoch   13900  HO=0.7634  meanSteps=   128.2  copy=0.815  A(t)=702  sim=39.7s
epoch   13950  HO=0.7799  meanSteps=   128.5  copy=0.824  A(t)=703  sim=39.8s
epoch   14000  HO=0.7808  meanSteps=   129.5  copy=0.821  A(t)=703  sim=39.9s
epoch   14050  HO=0.8194  meanSteps=   145.2  copy=0.799  A(t)=705  sim=40.0s
epoch   14100  HO=0.8161  meanSteps=   145.1  copy=0.808  A(t)=705  sim=40.1s
epoch   14150  HO=0.7804  meanSteps=   130.8  copy=0.804  A(t)=707  sim=40.3s
epoch   14200  HO=0.8258  meanSteps=   128.9  copy=0.798  A(t)=709  sim=40.4s
epoch   14250  HO=0.7868  meanSteps=   128.5  copy=0.804  A(t)=709  sim=40.5s
epoch   14300  HO=0.7295  meanSteps=   128.7  copy=0.822  A(t)=713  sim=40.6s
epoch   14350  HO=0.7647  meanSteps=   128.5  copy=0.811  A(t)=713  sim=40.7s
epoch   14400  HO=0.7428  meanSteps=   128.5  copy=0.823  A(t)=713  sim=40.8s
epoch   14450  HO=0.7571  meanSteps=   128.3  copy=0.827  A(t)=713  sim=40.9s
epoch   14500  HO=0.7590  meanSteps=   128.4  copy=0.837  A(t)=713  sim=41.0s
epoch   14550  HO=0.7062  meanSteps=   139.2  copy=0.831  A(t)=714  sim=41.1s
epoch   14600  HO=0.7918  meanSteps=   141.5  copy=0.803  A(t)=714  sim=41.2s
epoch   14650  HO=0.7685  meanSteps=   145.1  copy=0.794  A(t)=714  sim=41.3s
epoch   14700  HO=0.8025  meanSteps=   160.0  copy=0.799  A(t)=714  sim=41.4s
epoch   14750  HO=0.7904  meanSteps=   161.9  copy=0.790  A(t)=715  sim=41.5s
epoch   14800  HO=0.7116  meanSteps=   157.8  copy=0.804  A(t)=715  sim=41.7s
epoch   14850  HO=0.7202  meanSteps=   168.7  copy=0.826  A(t)=715  sim=41.8s
epoch   14900  HO=0.7076  meanSteps=   174.7  copy=0.812  A(t)=715  sim=41.9s
epoch   14950  HO=0.6974  meanSteps=   150.9  copy=0.820  A(t)=715  sim=42.0s
epoch   15000  HO=0.6945  meanSteps=   142.0  copy=0.807  A(t)=715  sim=42.1s
epoch   15050  HO=0.6598  meanSteps=   142.2  copy=0.799  A(t)=717  sim=42.2s
epoch   15100  HO=0.6899  meanSteps=   143.2  copy=0.813  A(t)=717  sim=42.3s
epoch   15150  HO=0.6996  meanSteps=   142.2  copy=0.805  A(t)=717  sim=42.4s
epoch   15200  HO=0.7036  meanSteps=   143.3  copy=0.791  A(t)=717  sim=42.5s
epoch   15250  HO=0.7787  meanSteps=   145.4  copy=0.783  A(t)=720  sim=42.6s
epoch   15300  HO=0.7464  meanSteps=   155.3  copy=0.793  A(t)=720  sim=42.7s
epoch   15350  HO=0.7688  meanSteps=   148.5  copy=0.804  A(t)=720  sim=42.8s
epoch   15400  HO=0.7697  meanSteps=   148.5  copy=0.793  A(t)=720  sim=42.9s
epoch   15450  HO=0.7848  meanSteps=   146.6  copy=0.795  A(t)=720  sim=43.1s
epoch   15500  HO=0.7707  meanSteps=   144.5  copy=0.830  A(t)=721  sim=43.2s
epoch   15550  HO=0.7414  meanSteps=   143.7  copy=0.828  A(t)=725  sim=43.3s
epoch   15600  HO=0.7440  meanSteps=   155.4  copy=0.832  A(t)=725  sim=43.4s
epoch   15650  HO=0.7629  meanSteps=   143.8  copy=0.823  A(t)=733  sim=43.6s
epoch   15700  HO=0.7907  meanSteps=   146.3  copy=0.833  A(t)=733  sim=43.7s
epoch   15750  HO=0.7931  meanSteps=   134.8  copy=0.813  A(t)=733  sim=43.8s
epoch   15800  HO=0.7786  meanSteps=   128.5  copy=0.819  A(t)=735  sim=43.9s
epoch   15850  HO=0.7566  meanSteps=   128.1  copy=0.817  A(t)=735  sim=43.9s
epoch   15900  HO=0.7551  meanSteps=   128.2  copy=0.787  A(t)=737  sim=44.1s
epoch   15950  HO=0.7329  meanSteps=   128.1  copy=0.793  A(t)=737  sim=44.3s
epoch   16000  HO=0.7272  meanSteps=   132.7  copy=0.794  A(t)=738  sim=44.4s
epoch   16050  HO=0.7059  meanSteps=   135.9  copy=0.789  A(t)=738  sim=44.5s
epoch   16100  HO=0.7209  meanSteps=   135.9  copy=0.760  A(t)=740  sim=44.6s
epoch   16150  HO=0.7476  meanSteps=   131.6  copy=0.771  A(t)=740  sim=44.7s
epoch   16200  HO=0.6946  meanSteps=   128.5  copy=0.765  A(t)=740  sim=44.8s
epoch   16250  HO=0.6860  meanSteps=   128.1  copy=0.751  A(t)=741  sim=44.9s
epoch   16300  HO=0.7462  meanSteps=   128.1  copy=0.739  A(t)=742  sim=45.0s
epoch   16350  HO=0.7599  meanSteps=   127.9  copy=0.746  A(t)=744  sim=45.1s
epoch   16400  HO=0.7292  meanSteps=   127.7  copy=0.743  A(t)=745  sim=45.2s
epoch   16450  HO=0.7684  meanSteps=   127.9  copy=0.747  A(t)=745  sim=45.3s
epoch   16500  HO=0.7761  meanSteps=   127.4  copy=0.740  A(t)=745  sim=45.4s
epoch   16550  HO=0.7604  meanSteps=   127.5  copy=0.721  A(t)=746  sim=45.5s
epoch   16600  HO=0.7418  meanSteps=   132.9  copy=0.729  A(t)=746  sim=45.6s
epoch   16650  HO=0.7010  meanSteps=   136.1  copy=0.733  A(t)=748  sim=45.7s
epoch   16700  HO=0.6943  meanSteps=   132.0  copy=0.743  A(t)=748  sim=45.8s
epoch   16750  HO=0.7614  meanSteps=   130.2  copy=0.756  A(t)=748  sim=45.9s
epoch   16800  HO=0.7957  meanSteps=   142.6  copy=0.763  A(t)=748  sim=46.0s
epoch   16850  HO=0.7429  meanSteps=   146.2  copy=0.745  A(t)=748  sim=46.1s
epoch   16900  HO=0.7709  meanSteps=   144.2  copy=0.757  A(t)=748  sim=46.2s
epoch   16950  HO=0.7197  meanSteps=   145.9  copy=0.740  A(t)=750  sim=46.3s
epoch   17000  HO=0.6960  meanSteps=   149.2  copy=0.723  A(t)=757  sim=46.4s
epoch   17050  HO=0.6758  meanSteps=   146.7  copy=0.730  A(t)=758  sim=46.6s
epoch   17100  HO=0.7474  meanSteps=   145.6  copy=0.736  A(t)=761  sim=46.6s
epoch   17150  HO=0.6815  meanSteps=   158.0  copy=0.745  A(t)=762  sim=46.8s
epoch   17200  HO=0.7255  meanSteps=   160.5  copy=0.739  A(t)=762  sim=46.9s
epoch   17250  HO=0.7310  meanSteps=   159.2  copy=0.713  A(t)=762  sim=47.0s
epoch   17300  HO=0.6864  meanSteps=   160.8  copy=0.715  A(t)=762  sim=47.1s
epoch   17350  HO=0.7235  meanSteps=   160.4  copy=0.746  A(t)=762  sim=47.2s
epoch   17400  HO=0.7383  meanSteps=   148.7  copy=0.753  A(t)=762  sim=47.3s
epoch   17450  HO=0.7566  meanSteps=   145.7  copy=0.771  A(t)=765  sim=47.5s
epoch   17500  HO=0.7215  meanSteps=   134.7  copy=0.762  A(t)=770  sim=47.6s
epoch   17550  HO=0.7567  meanSteps=   141.0  copy=0.773  A(t)=773  sim=47.8s
epoch   17600  HO=0.7717  meanSteps=   155.7  copy=0.760  A(t)=773  sim=47.8s
epoch   17650  HO=0.7470  meanSteps=   157.8  copy=0.763  A(t)=773  sim=47.9s
epoch   17700  HO=0.6951  meanSteps=   160.4  copy=0.751  A(t)=773  sim=48.0s
epoch   17750  HO=0.6973  meanSteps=   159.8  copy=0.752  A(t)=773  sim=48.2s
epoch   17800  HO=0.7050  meanSteps=   161.3  copy=0.741  A(t)=773  sim=48.3s
epoch   17850  HO=0.6735  meanSteps=   163.4  copy=0.744  A(t)=773  sim=48.4s
epoch   17900  HO=0.7163  meanSteps=   162.0  copy=0.747  A(t)=773  sim=48.5s
epoch   17950  HO=0.6924  meanSteps=   155.9  copy=0.745  A(t)=773  sim=48.6s
epoch   18000  HO=0.7151  meanSteps=   157.6  copy=0.741  A(t)=773  sim=48.7s
epoch   18050  HO=0.6599  meanSteps=   159.5  copy=0.724  A(t)=777  sim=48.9s
epoch   18100  HO=0.7070  meanSteps=   160.1  copy=0.743  A(t)=779  sim=49.0s
epoch   18150  HO=0.6918  meanSteps=   159.0  copy=0.748  A(t)=779  sim=49.1s
epoch   18200  HO=0.7159  meanSteps=   160.7  copy=0.751  A(t)=779  sim=49.3s
epoch   18250  HO=0.7434  meanSteps=   142.4  copy=0.754  A(t)=779  sim=49.4s
epoch   18300  HO=0.7188  meanSteps=   129.5  copy=0.770  A(t)=779  sim=49.5s
epoch   18350  HO=0.7643  meanSteps=   128.2  copy=0.789  A(t)=779  sim=49.6s
epoch   18400  HO=0.7516  meanSteps=   128.3  copy=0.789  A(t)=779  sim=49.8s
epoch   18450  HO=0.7632  meanSteps=   128.1  copy=0.778  A(t)=779  sim=49.8s
epoch   18500  HO=0.7378  meanSteps=   128.0  copy=0.803  A(t)=779  sim=49.9s
epoch   18550  HO=0.7311  meanSteps=   128.3  copy=0.817  A(t)=780  sim=50.1s
epoch   18600  HO=0.7994  meanSteps=   128.4  copy=0.826  A(t)=780  sim=50.2s
epoch   18650  HO=0.8431  meanSteps=   135.3  copy=0.819  A(t)=785  sim=50.2s
epoch   18700  HO=0.8111  meanSteps=   128.3  copy=0.809  A(t)=785  sim=50.4s
epoch   18750  HO=0.8097  meanSteps=   129.6  copy=0.822  A(t)=785  sim=50.5s
epoch   18800  HO=0.8034  meanSteps=   130.0  copy=0.830  A(t)=785  sim=50.6s
epoch   18850  HO=0.8099  meanSteps=   128.5  copy=0.834  A(t)=785  sim=50.7s
epoch   18900  HO=0.8262  meanSteps=   128.7  copy=0.828  A(t)=786  sim=50.8s
epoch   18950  HO=0.8064  meanSteps=   128.5  copy=0.830  A(t)=786  sim=50.8s
epoch   19000  HO=0.8060  meanSteps=   128.2  copy=0.833  A(t)=787  sim=51.0s
epoch   19050  HO=0.8203  meanSteps=   128.4  copy=0.837  A(t)=789  sim=51.2s
epoch   19100  HO=0.8217  meanSteps=   128.2  copy=0.806  A(t)=789  sim=51.2s
epoch   19150  HO=0.8342  meanSteps=   128.3  copy=0.801  A(t)=789  sim=51.3s
epoch   19200  HO=0.8146  meanSteps=   128.5  copy=0.805  A(t)=789  sim=51.4s
epoch   19250  HO=0.8703  meanSteps=   128.7  copy=0.805  A(t)=789  sim=51.6s
epoch   19300  HO=0.8213  meanSteps=   128.7  copy=0.813  A(t)=792  sim=51.7s
epoch   19350  HO=0.8386  meanSteps=   128.3  copy=0.839  A(t)=792  sim=51.7s
epoch   19400  HO=0.8443  meanSteps=   128.3  copy=0.830  A(t)=792  sim=51.8s
epoch   19450  HO=0.8539  meanSteps=   128.1  copy=0.836  A(t)=796  sim=51.9s
epoch   19500  HO=0.8746  meanSteps=   128.1  copy=0.835  A(t)=798  sim=52.0s
epoch   19550  HO=0.9038  meanSteps=   128.2  copy=0.850  A(t)=798  sim=52.2s
epoch   19600  HO=0.9369  meanSteps=   128.0  copy=0.844  A(t)=798  sim=52.3s
epoch   19650  HO=0.8898  meanSteps=   127.7  copy=0.823  A(t)=799  sim=52.4s
epoch   19700  HO=0.8796  meanSteps=   127.9  copy=0.824  A(t)=799  sim=52.5s
epoch   19750  HO=0.9287  meanSteps=   128.3  copy=0.846  A(t)=801  sim=52.6s
epoch   19800  HO=0.8867  meanSteps=   128.2  copy=0.837  A(t)=801  sim=52.7s
epoch   19850  HO=0.8490  meanSteps=   128.5  copy=0.840  A(t)=801  sim=52.8s
epoch   19900  HO=0.8394  meanSteps=   128.6  copy=0.837  A(t)=801  sim=52.9s
epoch   19950  HO=0.8793  meanSteps=   128.2  copy=0.857  A(t)=802  sim=53.1s
epoch   20000  HO=0.8527  meanSteps=   128.4  copy=0.836  A(t)=807  sim=53.1s
epoch   20050  HO=0.7933  meanSteps=   128.3  copy=0.823  A(t)=810  sim=53.3s
epoch   20100  HO=0.8596  meanSteps=   128.2  copy=0.826  A(t)=813  sim=53.4s
epoch   20150  HO=0.8277  meanSteps=   128.1  copy=0.820  A(t)=824  sim=53.5s
epoch   20200  HO=0.7962  meanSteps=   128.3  copy=0.827  A(t)=826  sim=53.6s
epoch   20250  HO=0.7524  meanSteps=   128.2  copy=0.836  A(t)=828  sim=53.6s
epoch   20300  HO=0.7290  meanSteps=   128.0  copy=0.831  A(t)=835  sim=53.8s
epoch   20350  HO=0.7885  meanSteps=   128.0  copy=0.840  A(t)=836  sim=53.9s
epoch   20400  HO=0.7487  meanSteps=   128.3  copy=0.829  A(t)=836  sim=54.0s
epoch   20450  HO=0.7449  meanSteps=   133.5  copy=0.826  A(t)=836  sim=54.1s
epoch   20500  HO=0.7124  meanSteps=   141.6  copy=0.840  A(t)=836  sim=54.2s
epoch   20550  HO=0.7454  meanSteps=   144.1  copy=0.856  A(t)=836  sim=54.3s
epoch   20600  HO=0.7435  meanSteps=   141.2  copy=0.850  A(t)=836  sim=54.5s
epoch   20650  HO=0.7227  meanSteps=   143.4  copy=0.827  A(t)=836  sim=54.6s
epoch   20700  HO=0.7647  meanSteps=   130.6  copy=0.827  A(t)=836  sim=54.7s
epoch   20750  HO=0.7666  meanSteps=   129.0  copy=0.818  A(t)=840  sim=54.7s
epoch   20800  HO=0.7650  meanSteps=   129.6  copy=0.797  A(t)=846  sim=54.8s
epoch   20850  HO=0.7585  meanSteps=   128.6  copy=0.804  A(t)=846  sim=54.9s
epoch   20900  HO=0.7392  meanSteps=   128.7  copy=0.801  A(t)=846  sim=55.0s
epoch   20950  HO=0.7460  meanSteps=   128.5  copy=0.819  A(t)=849  sim=55.2s
epoch   21000  HO=0.7395  meanSteps=   138.9  copy=0.788  A(t)=849  sim=55.2s
epoch   21050  HO=0.7055  meanSteps=   144.3  copy=0.777  A(t)=849  sim=55.4s
epoch   21100  HO=0.6940  meanSteps=   143.6  copy=0.778  A(t)=852  sim=55.5s
epoch   21150  HO=0.7338  meanSteps=   146.1  copy=0.780  A(t)=853  sim=55.6s
epoch   21200  HO=0.6936  meanSteps=   139.1  copy=0.812  A(t)=855  sim=55.7s
epoch   21250  HO=0.7599  meanSteps=   128.5  copy=0.828  A(t)=860  sim=55.8s
epoch   21300  HO=0.7880  meanSteps=   128.4  copy=0.821  A(t)=863  sim=55.8s
epoch   21350  HO=0.8151  meanSteps=   128.7  copy=0.809  A(t)=864  sim=55.9s
epoch   21400  HO=0.8416  meanSteps=   128.3  copy=0.789  A(t)=874  sim=56.0s
epoch   21450  HO=0.8348  meanSteps=   128.4  copy=0.799  A(t)=878  sim=56.1s
epoch   21500  HO=0.8419  meanSteps=   128.6  copy=0.800  A(t)=880  sim=56.2s
epoch   21550  HO=0.8350  meanSteps=   128.5  copy=0.793  A(t)=888  sim=56.3s
epoch   21600  HO=0.8038  meanSteps=   129.6  copy=0.779  A(t)=888  sim=56.5s
epoch   21650  HO=0.8847  meanSteps=   134.6  copy=0.790  A(t)=888  sim=56.5s
epoch   21700  HO=0.8999  meanSteps=   146.3  copy=0.785  A(t)=888  sim=56.6s
epoch   21750  HO=0.9359  meanSteps=   143.7  copy=0.774  A(t)=889  sim=56.8s
epoch   21800  HO=0.8945  meanSteps=   142.9  copy=0.768  A(t)=893  sim=56.9s
epoch   21850  HO=0.9438  meanSteps=   147.1  copy=0.763  A(t)=894  sim=57.0s
epoch   21900  HO=0.9122  meanSteps=   147.3  copy=0.769  A(t)=895  sim=57.2s
epoch   21950  HO=0.9046  meanSteps=   145.2  copy=0.782  A(t)=895  sim=57.2s
epoch   22000  HO=0.9044  meanSteps=   145.6  copy=0.789  A(t)=897  sim=57.3s
epoch   22050  HO=0.9013  meanSteps=   156.4  copy=0.764  A(t)=897  sim=57.4s
epoch   22100  HO=0.9014  meanSteps=   167.6  copy=0.769  A(t)=898  sim=57.5s
epoch   22150  HO=0.8698  meanSteps=   152.8  copy=0.787  A(t)=899  sim=57.6s
epoch   22200  HO=0.8750  meanSteps=   140.8  copy=0.778  A(t)=902  sim=57.7s
epoch   22250  HO=0.8653  meanSteps=   144.5  copy=0.769  A(t)=903  sim=57.8s
epoch   22300  HO=0.8682  meanSteps=   141.6  copy=0.756  A(t)=903  sim=57.9s
epoch   22350  HO=0.8290  meanSteps=   145.5  copy=0.779  A(t)=903  sim=58.1s
epoch   22400  HO=0.8817  meanSteps=   138.0  copy=0.775  A(t)=907  sim=58.2s
epoch   22450  HO=0.8794  meanSteps=   146.7  copy=0.799  A(t)=908  sim=58.3s
epoch   22500  HO=0.9359  meanSteps=   143.4  copy=0.797  A(t)=912  sim=58.4s
epoch   22550  HO=0.9098  meanSteps=   129.0  copy=0.797  A(t)=912  sim=58.4s
epoch   22600  HO=0.8997  meanSteps=   128.6  copy=0.782  A(t)=912  sim=58.6s
epoch   22650  HO=0.8871  meanSteps=   128.3  copy=0.800  A(t)=914  sim=58.6s
epoch   22700  HO=0.9264  meanSteps=   128.4  copy=0.799  A(t)=914  sim=58.8s
epoch   22750  HO=0.9091  meanSteps=   128.2  copy=0.771  A(t)=922  sim=58.9s
epoch   22800  HO=0.9051  meanSteps=   127.6  copy=0.778  A(t)=927  sim=59.0s
epoch   22850  HO=0.9245  meanSteps=   135.3  copy=0.765  A(t)=928  sim=59.1s
epoch   22900  HO=0.8810  meanSteps=   128.1  copy=0.766  A(t)=930  sim=59.2s
epoch   22950  HO=0.8761  meanSteps=   129.0  copy=0.790  A(t)=934  sim=59.3s
epoch   23000  HO=0.8537  meanSteps=   128.3  copy=0.810  A(t)=934  sim=59.5s
epoch   23050  HO=0.8687  meanSteps=   128.6  copy=0.832  A(t)=936  sim=59.5s
epoch   23100  HO=0.8402  meanSteps=   128.2  copy=0.822  A(t)=937  sim=59.7s
epoch   23150  HO=0.8573  meanSteps=   128.3  copy=0.831  A(t)=938  sim=59.8s
epoch   23200  HO=0.8015  meanSteps=   128.4  copy=0.836  A(t)=940  sim=59.9s
epoch   23250  HO=0.8536  meanSteps=   128.7  copy=0.831  A(t)=944  sim=60.0s
epoch   23300  HO=0.8861  meanSteps=   128.8  copy=0.833  A(t)=945  sim=60.0s
epoch   23350  HO=0.8453  meanSteps=   128.6  copy=0.842  A(t)=945  sim=60.2s
epoch   23400  HO=0.8627  meanSteps=   128.8  copy=0.851  A(t)=945  sim=60.3s
epoch   23450  HO=0.8659  meanSteps=   128.5  copy=0.834  A(t)=949  sim=60.4s
epoch   23500  HO=0.8824  meanSteps=   129.7  copy=0.830  A(t)=949  sim=60.5s
epoch   23550  HO=0.8628  meanSteps=   130.8  copy=0.830  A(t)=949  sim=60.6s
epoch   23600  HO=0.8541  meanSteps=   128.6  copy=0.817  A(t)=949  sim=60.8s
epoch   23650  HO=0.8437  meanSteps=   136.3  copy=0.827  A(t)=949  sim=60.9s
epoch   23700  HO=0.8639  meanSteps=   128.8  copy=0.822  A(t)=954  sim=61.0s
epoch   23750  HO=0.8838  meanSteps=   128.8  copy=0.813  A(t)=955  sim=61.1s
epoch   23800  HO=0.8832  meanSteps=   128.5  copy=0.797  A(t)=955  sim=61.1s
epoch   23850  HO=0.8824  meanSteps=   132.6  copy=0.775  A(t)=956  sim=61.3s
epoch   23900  HO=0.9144  meanSteps=   128.0  copy=0.800  A(t)=956  sim=61.3s
epoch   23950  HO=0.8845  meanSteps=   128.0  copy=0.806  A(t)=956  sim=61.5s
epoch   24000  HO=0.8695  meanSteps=   127.9  copy=0.797  A(t)=957  sim=61.6s
epoch   24050  HO=0.9205  meanSteps=   128.0  copy=0.810  A(t)=963  sim=61.7s
epoch   24100  HO=0.9990  meanSteps=   128.6  copy=0.819  A(t)=963  sim=61.8s
epoch   24150  HO=0.9268  meanSteps=   128.2  copy=0.829  A(t)=969  sim=61.8s
epoch   24200  HO=0.9191  meanSteps=   128.8  copy=0.802  A(t)=976  sim=61.9s
epoch   24250  HO=0.9331  meanSteps=   128.1  copy=0.807  A(t)=977  sim=62.0s
epoch   24300  HO=0.9800  meanSteps=   128.2  copy=0.806  A(t)=978  sim=62.1s
epoch   24350  HO=0.9630  meanSteps=   133.8  copy=0.800  A(t)=978  sim=62.2s
epoch   24400  HO=0.9321  meanSteps=   145.9  copy=0.798  A(t)=978  sim=62.3s
epoch   24450  HO=0.9499  meanSteps=   143.3  copy=0.787  A(t)=978  sim=62.5s
epoch   24500  HO=0.9527  meanSteps=   143.8  copy=0.766  A(t)=978  sim=62.6s
epoch   24550  HO=0.9649  meanSteps=   138.1  copy=0.748  A(t)=981  sim=62.6s
epoch   24600  HO=0.9685  meanSteps=   136.5  copy=0.750  A(t)=982  sim=62.8s
epoch   24650  HO=0.9779  meanSteps=   137.3  copy=0.760  A(t)=985  sim=63.0s
epoch   24700  HO=0.9248  meanSteps=   135.7  copy=0.763  A(t)=989  sim=63.0s
epoch   24750  HO=0.9258  meanSteps=   137.8  copy=0.777  A(t)=989  sim=63.2s
epoch   24800  HO=0.9596  meanSteps=   143.4  copy=0.796  A(t)=994  sim=63.2s
epoch   24850  HO=0.9264  meanSteps=   151.6  copy=0.819  A(t)=999  sim=63.4s
epoch   24900  HO=0.9047  meanSteps=   133.9  copy=0.813  A(t)=999  sim=63.5s
epoch   24950  HO=0.8974  meanSteps=   134.3  copy=0.811  A(t)=999  sim=63.6s
epoch   25000  HO=0.8964  meanSteps=   139.9  copy=0.816  A(t)=999  sim=63.6s
epoch   25050  HO=0.9028  meanSteps=   128.1  copy=0.822  A(t)=999  sim=63.7s
epoch   25100  HO=0.8823  meanSteps=   128.1  copy=0.815  A(t)=1000  sim=63.8s
epoch   25150  HO=0.9279  meanSteps=   128.1  copy=0.808  A(t)=1000  sim=63.9s
epoch   25200  HO=0.9314  meanSteps=   142.9  copy=0.825  A(t)=1000  sim=64.0s
epoch   25250  HO=0.9228  meanSteps=   135.2  copy=0.821  A(t)=1002  sim=64.1s
epoch   25300  HO=0.9224  meanSteps=   128.4  copy=0.816  A(t)=1002  sim=64.2s
epoch   25350  HO=0.9371  meanSteps=   128.2  copy=0.788  A(t)=1002  sim=64.3s
epoch   25400  HO=0.9435  meanSteps=   128.2  copy=0.783  A(t)=1003  sim=64.5s
epoch   25450  HO=0.9720  meanSteps=   128.4  copy=0.784  A(t)=1003  sim=64.6s
epoch   25500  HO=0.9794  meanSteps=   128.4  copy=0.798  A(t)=1003  sim=64.7s
epoch   25550  HO=0.9439  meanSteps=   128.5  copy=0.793  A(t)=1005  sim=64.8s
epoch   25600  HO=0.9128  meanSteps=   128.7  copy=0.811  A(t)=1006  sim=64.9s
epoch   25650  HO=0.8874  meanSteps=   133.0  copy=0.824  A(t)=1006  sim=65.0s
epoch   25700  HO=0.9245  meanSteps=   128.5  copy=0.842  A(t)=1006  sim=65.1s
epoch   25750  HO=0.9124  meanSteps=   128.6  copy=0.837  A(t)=1009  sim=65.2s
epoch   25800  HO=0.9889  meanSteps=   128.6  copy=0.837  A(t)=1010  sim=65.3s
epoch   25850  HO=0.9629  meanSteps=   128.8  copy=0.826  A(t)=1015  sim=65.4s
epoch   25900  HO=0.9004  meanSteps=   128.7  copy=0.821  A(t)=1015  sim=65.5s
epoch   25950  HO=0.9467  meanSteps=   128.6  copy=0.815  A(t)=1019  sim=65.6s
epoch   26000  HO=0.9519  meanSteps=   128.5  copy=0.809  A(t)=1028  sim=65.7s
epoch   26050  HO=0.8895  meanSteps=   128.6  copy=0.822  A(t)=1031  sim=65.8s
epoch   26100  HO=0.9114  meanSteps=   128.7  copy=0.824  A(t)=1037  sim=65.9s
epoch   26150  HO=0.9224  meanSteps=   129.6  copy=0.829  A(t)=1041  sim=66.1s
epoch   26200  HO=0.8719  meanSteps=   128.3  copy=0.817  A(t)=1042  sim=66.2s
epoch   26250  HO=0.9060  meanSteps=   128.3  copy=0.823  A(t)=1046  sim=66.2s
epoch   26300  HO=0.9374  meanSteps=   133.2  copy=0.811  A(t)=1047  sim=66.4s
epoch   26350  HO=0.9326  meanSteps=   128.5  copy=0.813  A(t)=1048  sim=66.5s
epoch   26400  HO=0.9795  meanSteps=   128.6  copy=0.815  A(t)=1048  sim=66.6s
epoch   26450  HO=0.9913  meanSteps=   128.4  copy=0.830  A(t)=1048  sim=66.7s
epoch   26500  HO=0.9760  meanSteps=   128.4  copy=0.823  A(t)=1054  sim=66.8s
epoch   26550  HO=0.9763  meanSteps=   128.4  copy=0.835  A(t)=1061  sim=66.9s
epoch   26600  HO=0.9702  meanSteps=   128.6  copy=0.831  A(t)=1061  sim=67.0s
epoch   26650  HO=0.9795  meanSteps=   128.6  copy=0.816  A(t)=1064  sim=67.1s
epoch   26700  HO=0.9581  meanSteps=   128.7  copy=0.809  A(t)=1068  sim=67.2s
epoch   26750  HO=0.9348  meanSteps=   128.5  copy=0.819  A(t)=1070  sim=67.4s
epoch   26800  HO=0.9011  meanSteps=   128.5  copy=0.812  A(t)=1072  sim=67.5s
epoch   26850  HO=0.8827  meanSteps=   132.9  copy=0.792  A(t)=1081  sim=67.7s
epoch   26900  HO=0.9272  meanSteps=   143.8  copy=0.797  A(t)=1082  sim=67.8s
epoch   26950  HO=0.9178  meanSteps=   144.6  copy=0.807  A(t)=1084  sim=67.8s
epoch   27000  HO=0.8918  meanSteps=   142.1  copy=0.791  A(t)=1085  sim=67.9s
epoch   27050  HO=0.9484  meanSteps=   128.3  copy=0.807  A(t)=1085  sim=68.1s
epoch   27100  HO=0.9105  meanSteps=   128.2  copy=0.814  A(t)=1085  sim=68.2s
epoch   27150  HO=0.9592  meanSteps=   128.4  copy=0.827  A(t)=1085  sim=68.3s
epoch   27200  HO=0.9430  meanSteps=   128.4  copy=0.835  A(t)=1085  sim=68.4s
epoch   27250  HO=0.9180  meanSteps=   133.9  copy=0.832  A(t)=1086  sim=68.6s
epoch   27300  HO=0.9127  meanSteps=   134.4  copy=0.819  A(t)=1087  sim=68.6s
epoch   27350  HO=0.8980  meanSteps=   128.4  copy=0.808  A(t)=1087  sim=68.8s
epoch   27400  HO=0.8682  meanSteps=   128.1  copy=0.820  A(t)=1087  sim=68.8s
epoch   27450  HO=0.9178  meanSteps=   128.4  copy=0.817  A(t)=1087  sim=68.9s
epoch   27500  HO=0.9097  meanSteps=   132.2  copy=0.821  A(t)=1088  sim=69.0s
epoch   27550  HO=0.9537  meanSteps=   128.6  copy=0.839  A(t)=1089  sim=69.1s
epoch   27600  HO=0.9319  meanSteps=   128.3  copy=0.840  A(t)=1101  sim=69.2s
epoch   27650  HO=0.9758  meanSteps=   129.1  copy=0.828  A(t)=1103  sim=69.3s
epoch   27700  HO=0.9785  meanSteps=   138.4  copy=0.819  A(t)=1104  sim=69.3s
epoch   27750  HO=0.9582  meanSteps=   128.1  copy=0.841  A(t)=1106  sim=69.4s
epoch   27800  HO=0.9842  meanSteps=   130.1  copy=0.838  A(t)=1107  sim=69.5s
epoch   27850  HO=0.9945  meanSteps=   128.3  copy=0.816  A(t)=1110  sim=69.6s
epoch   27900  HO=1.0543  meanSteps=   142.3  copy=0.815  A(t)=1112  sim=69.7s
epoch   27950  HO=0.9900  meanSteps=   141.2  copy=0.810  A(t)=1115  sim=69.8s
epoch   28000  HO=0.9570  meanSteps=   143.8  copy=0.810  A(t)=1119  sim=69.9s
epoch   28050  HO=0.9445  meanSteps=   143.7  copy=0.791  A(t)=1119  sim=70.0s
epoch   28100  HO=0.8827  meanSteps=   141.3  copy=0.798  A(t)=1120  sim=70.1s
epoch   28150  HO=0.9156  meanSteps=   143.1  copy=0.793  A(t)=1129  sim=70.2s
epoch   28200  HO=0.9063  meanSteps=   146.0  copy=0.799  A(t)=1129  sim=70.3s
epoch   28250  HO=0.9107  meanSteps=   140.8  copy=0.804  A(t)=1130  sim=70.4s
epoch   28300  HO=0.9830  meanSteps=   144.9  copy=0.828  A(t)=1130  sim=70.5s
epoch   28350  HO=0.9167  meanSteps=   147.7  copy=0.830  A(t)=1130  sim=70.6s
epoch   28400  HO=0.9288  meanSteps=   143.4  copy=0.824  A(t)=1130  sim=70.8s
epoch   28450  HO=0.8914  meanSteps=   128.7  copy=0.821  A(t)=1130  sim=70.8s
epoch   28500  HO=0.9430  meanSteps=   128.6  copy=0.839  A(t)=1137  sim=70.9s
epoch   28550  HO=0.8987  meanSteps=   128.4  copy=0.849  A(t)=1139  sim=71.0s
epoch   28600  HO=0.9500  meanSteps=   128.5  copy=0.857  A(t)=1144  sim=71.1s
epoch   28650  HO=0.9170  meanSteps=   128.6  copy=0.857  A(t)=1149  sim=71.3s
epoch   28700  HO=0.9717  meanSteps=   128.5  copy=0.848  A(t)=1149  sim=71.3s
epoch   28750  HO=1.0266  meanSteps=   128.4  copy=0.827  A(t)=1149  sim=71.4s
epoch   28800  HO=0.9907  meanSteps=   128.4  copy=0.830  A(t)=1156  sim=71.6s
epoch   28850  HO=1.0007  meanSteps=   128.5  copy=0.832  A(t)=1156  sim=71.7s
epoch   28900  HO=0.9706  meanSteps=   128.4  copy=0.814  A(t)=1156  sim=71.8s
epoch   28950  HO=0.8979  meanSteps=   130.3  copy=0.822  A(t)=1159  sim=71.9s
epoch   29000  HO=0.8885  meanSteps=   128.1  copy=0.823  A(t)=1159  sim=72.0s
epoch   29050  HO=0.9525  meanSteps=   127.7  copy=0.817  A(t)=1159  sim=72.1s
epoch   29100  HO=0.9426  meanSteps=   127.7  copy=0.821  A(t)=1160  sim=72.3s
epoch   29150  HO=0.9471  meanSteps=   128.0  copy=0.827  A(t)=1160  sim=72.3s
epoch   29200  HO=0.9838  meanSteps=   129.7  copy=0.842  A(t)=1160  sim=72.5s
epoch   29250  HO=0.9566  meanSteps=   135.6  copy=0.842  A(t)=1160  sim=72.6s
epoch   29300  HO=0.9500  meanSteps=   144.0  copy=0.851  A(t)=1168  sim=72.7s
epoch   29350  HO=0.9487  meanSteps=   141.0  copy=0.866  A(t)=1170  sim=72.8s
epoch   29400  HO=0.9351  meanSteps=   133.2  copy=0.850  A(t)=1178  sim=72.9s
epoch   29450  HO=0.8955  meanSteps=   128.7  copy=0.858  A(t)=1179  sim=72.9s
epoch   29500  HO=0.9479  meanSteps=   128.4  copy=0.832  A(t)=1180  sim=73.1s
epoch   29550  HO=0.9067  meanSteps=   128.6  copy=0.806  A(t)=1181  sim=73.2s
epoch   29600  HO=0.9136  meanSteps=   128.5  copy=0.792  A(t)=1188  sim=73.3s
epoch   29650  HO=0.9457  meanSteps=   128.5  copy=0.794  A(t)=1188  sim=73.4s
epoch   29700  HO=0.9436  meanSteps=   128.6  copy=0.800  A(t)=1190  sim=73.5s
epoch   29750  HO=0.9475  meanSteps=   128.2  copy=0.798  A(t)=1190  sim=73.6s
epoch   29800  HO=0.9729  meanSteps=   128.2  copy=0.832  A(t)=1194  sim=73.7s
epoch   29850  HO=0.9490  meanSteps=   128.3  copy=0.826  A(t)=1197  sim=73.8s
epoch   29900  HO=0.9729  meanSteps=   128.5  copy=0.828  A(t)=1199  sim=73.9s
epoch   29950  HO=0.9361  meanSteps=   134.4  copy=0.824  A(t)=1201  sim=74.0s
epoch   30000  HO=0.8965  meanSteps=   142.5  copy=0.798  A(t)=1202  sim=74.1s
epoch   30050  HO=0.9575  meanSteps=   142.8  copy=0.804  A(t)=1202  sim=74.2s
epoch   30100  HO=0.8907  meanSteps=   141.3  copy=0.816  A(t)=1203  sim=74.3s
epoch   30150  HO=0.9391  meanSteps=   135.3  copy=0.818  A(t)=1203  sim=74.5s
epoch   30200  HO=0.8759  meanSteps=   128.4  copy=0.816  A(t)=1208  sim=74.6s
epoch   30250  HO=0.9325  meanSteps=   128.3  copy=0.820  A(t)=1211  sim=74.7s
epoch   30300  HO=0.9457  meanSteps=   128.5  copy=0.802  A(t)=1211  sim=74.7s
epoch   30350  HO=0.9035  meanSteps=   128.2  copy=0.804  A(t)=1211  sim=74.8s
epoch   30400  HO=0.9261  meanSteps=   137.3  copy=0.792  A(t)=1211  sim=74.9s
epoch   30450  HO=0.9355  meanSteps=   135.6  copy=0.798  A(t)=1212  sim=75.0s
epoch   30500  HO=0.9442  meanSteps=   128.1  copy=0.797  A(t)=1212  sim=75.1s
epoch   30550  HO=0.9534  meanSteps=   127.9  copy=0.791  A(t)=1212  sim=75.2s
epoch   30600  HO=0.9911  meanSteps=   127.6  copy=0.789  A(t)=1212  sim=75.3s
epoch   30650  HO=0.9613  meanSteps=   127.1  copy=0.780  A(t)=1213  sim=75.4s
epoch   30700  HO=0.9871  meanSteps=   127.4  copy=0.795  A(t)=1220  sim=75.5s
epoch   30750  HO=1.0007  meanSteps=   128.0  copy=0.806  A(t)=1220  sim=75.6s
epoch   30800  HO=1.0166  meanSteps=   127.9  copy=0.815  A(t)=1221  sim=75.7s
epoch   30850  HO=0.9894  meanSteps=   127.2  copy=0.813  A(t)=1221  sim=75.8s
epoch   30900  HO=1.0396  meanSteps=   130.7  copy=0.800  A(t)=1221  sim=75.9s
epoch   30950  HO=0.9878  meanSteps=   144.9  copy=0.788  A(t)=1223  sim=76.0s
epoch   31000  HO=0.9728  meanSteps=   129.3  copy=0.795  A(t)=1223  sim=76.0s
epoch   31050  HO=0.9883  meanSteps=   129.5  copy=0.787  A(t)=1227  sim=76.1s
epoch   31100  HO=0.9693  meanSteps=   128.2  copy=0.796  A(t)=1235  sim=76.2s
epoch   31150  HO=1.0218  meanSteps=   128.1  copy=0.825  A(t)=1239  sim=76.3s
epoch   31200  HO=1.0234  meanSteps=   128.2  copy=0.833  A(t)=1240  sim=76.4s
epoch   31250  HO=1.0238  meanSteps=   129.6  copy=0.838  A(t)=1241  sim=76.5s
epoch   31300  HO=0.9864  meanSteps=   128.6  copy=0.843  A(t)=1246  sim=76.6s
epoch   31350  HO=0.9183  meanSteps=   128.2  copy=0.840  A(t)=1253  sim=76.7s
epoch   31400  HO=0.9747  meanSteps=   128.4  copy=0.843  A(t)=1259  sim=76.8s
epoch   31450  HO=0.9602  meanSteps=   128.1  copy=0.841  A(t)=1259  sim=76.9s
epoch   31500  HO=0.9491  meanSteps=   128.3  copy=0.833  A(t)=1260  sim=77.0s
epoch   31550  HO=0.9589  meanSteps=   128.3  copy=0.834  A(t)=1260  sim=77.1s
epoch   31600  HO=1.0290  meanSteps=   128.1  copy=0.825  A(t)=1261  sim=77.2s
epoch   31650  HO=1.0364  meanSteps=   128.2  copy=0.817  A(t)=1261  sim=77.3s
epoch   31700  HO=0.9638  meanSteps=   128.6  copy=0.816  A(t)=1262  sim=77.3s
epoch   31750  HO=0.9810  meanSteps=   128.6  copy=0.820  A(t)=1263  sim=77.4s
epoch   31800  HO=1.0061  meanSteps=   128.6  copy=0.841  A(t)=1263  sim=77.6s
epoch   31850  HO=1.0235  meanSteps=   136.3  copy=0.828  A(t)=1263  sim=77.6s
epoch   31900  HO=0.9727  meanSteps=   146.8  copy=0.808  A(t)=1265  sim=77.7s
epoch   31950  HO=0.9472  meanSteps=   144.9  copy=0.797  A(t)=1271  sim=77.8s
epoch   32000  HO=0.9044  meanSteps=   128.3  copy=0.799  A(t)=1271  sim=78.0s
epoch   32050  HO=0.9542  meanSteps=   128.2  copy=0.803  A(t)=1271  sim=78.1s
epoch   32100  HO=0.9240  meanSteps=   128.0  copy=0.792  A(t)=1282  sim=78.2s
epoch   32150  HO=0.9389  meanSteps=   131.0  copy=0.794  A(t)=1284  sim=78.3s
epoch   32200  HO=0.9635  meanSteps=   128.5  copy=0.790  A(t)=1286  sim=78.4s
epoch   32250  HO=0.9330  meanSteps=   128.5  copy=0.807  A(t)=1290  sim=78.5s
epoch   32300  HO=0.9285  meanSteps=   128.2  copy=0.786  A(t)=1290  sim=78.6s
epoch   32350  HO=0.9088  meanSteps=   128.1  copy=0.776  A(t)=1299  sim=78.8s
epoch   32400  HO=0.8958  meanSteps=   128.3  copy=0.778  A(t)=1299  sim=78.8s
epoch   32450  HO=0.9121  meanSteps=   134.2  copy=0.774  A(t)=1299  sim=79.0s
epoch   32500  HO=0.9137  meanSteps=   129.7  copy=0.767  A(t)=1299  sim=79.1s
epoch   32550  HO=0.9479  meanSteps=   128.0  copy=0.790  A(t)=1301  sim=79.2s
epoch   32600  HO=0.9864  meanSteps=   142.9  copy=0.796  A(t)=1308  sim=79.3s
epoch   32650  HO=0.9842  meanSteps=   143.8  copy=0.809  A(t)=1308  sim=79.4s
epoch   32700  HO=0.9462  meanSteps=   143.7  copy=0.832  A(t)=1308  sim=79.5s
epoch   32750  HO=1.0103  meanSteps=   145.0  copy=0.835  A(t)=1310  sim=79.6s
epoch   32800  HO=0.9432  meanSteps=   142.0  copy=0.815  A(t)=1312  sim=79.7s
epoch   32850  HO=0.9213  meanSteps=   128.3  copy=0.825  A(t)=1312  sim=79.8s
epoch   32900  HO=0.9167  meanSteps=   128.1  copy=0.796  A(t)=1321  sim=79.9s
epoch   32950  HO=0.9376  meanSteps=   128.2  copy=0.765  A(t)=1322  sim=80.0s
epoch   33000  HO=0.9408  meanSteps=   128.2  copy=0.752  A(t)=1325  sim=80.1s
epoch   33050  HO=0.9082  meanSteps=   128.4  copy=0.755  A(t)=1327  sim=80.1s
epoch   33100  HO=0.8965  meanSteps=   128.0  copy=0.763  A(t)=1327  sim=80.2s
epoch   33150  HO=0.9071  meanSteps=   128.1  copy=0.766  A(t)=1327  sim=80.3s
epoch   33200  HO=0.9045  meanSteps=   128.0  copy=0.777  A(t)=1327  sim=80.5s
epoch   33250  HO=0.9234  meanSteps=   128.1  copy=0.760  A(t)=1327  sim=80.5s
epoch   33300  HO=0.9196  meanSteps=   129.2  copy=0.777  A(t)=1327  sim=80.6s
epoch   33350  HO=0.9590  meanSteps=   128.3  copy=0.792  A(t)=1328  sim=80.7s
epoch   33400  HO=0.9997  meanSteps=   128.3  copy=0.790  A(t)=1328  sim=80.9s
epoch   33450  HO=0.9778  meanSteps=   129.7  copy=0.798  A(t)=1334  sim=80.9s
epoch   33500  HO=0.9779  meanSteps=   128.0  copy=0.769  A(t)=1334  sim=81.0s
epoch   33550  HO=1.0223  meanSteps=   128.1  copy=0.765  A(t)=1335  sim=81.2s
epoch   33600  HO=0.9699  meanSteps=   135.5  copy=0.761  A(t)=1335  sim=81.2s
epoch   33650  HO=0.9970  meanSteps=   144.9  copy=0.767  A(t)=1336  sim=81.4s
epoch   33700  HO=1.0091  meanSteps=   146.2  copy=0.781  A(t)=1345  sim=81.5s
epoch   33750  HO=0.9991  meanSteps=   145.6  copy=0.790  A(t)=1347  sim=81.6s
epoch   33800  HO=0.9901  meanSteps=   153.8  copy=0.773  A(t)=1347  sim=81.7s
epoch   33850  HO=0.9889  meanSteps=   141.8  copy=0.774  A(t)=1347  sim=81.8s
epoch   33900  HO=1.0064  meanSteps=   143.7  copy=0.787  A(t)=1348  sim=81.9s
epoch   33950  HO=0.9958  meanSteps=   146.3  copy=0.779  A(t)=1357  sim=82.0s
epoch   34000  HO=0.9801  meanSteps=   144.1  copy=0.779  A(t)=1357  sim=82.1s
epoch   34050  HO=0.9778  meanSteps=   148.9  copy=0.787  A(t)=1357  sim=82.2s
epoch   34100  HO=0.9827  meanSteps=   133.7  copy=0.809  A(t)=1358  sim=82.3s
epoch   34150  HO=0.9454  meanSteps=   142.4  copy=0.818  A(t)=1358  sim=82.4s
epoch   34200  HO=0.9532  meanSteps=   144.1  copy=0.797  A(t)=1358  sim=82.5s
epoch   34250  HO=0.9603  meanSteps=   144.8  copy=0.792  A(t)=1359  sim=82.6s
epoch   34300  HO=0.9331  meanSteps=   143.0  copy=0.794  A(t)=1368  sim=82.7s
epoch   34350  HO=0.9069  meanSteps=   144.3  copy=0.803  A(t)=1369  sim=82.8s
epoch   34400  HO=0.9524  meanSteps=   161.3  copy=0.799  A(t)=1369  sim=82.9s
epoch   34450  HO=0.9759  meanSteps=   165.1  copy=0.780  A(t)=1370  sim=83.0s
epoch   34500  HO=0.9903  meanSteps=   160.6  copy=0.796  A(t)=1373  sim=83.1s
epoch   34550  HO=1.0298  meanSteps=   152.9  copy=0.794  A(t)=1374  sim=83.2s
epoch   34600  HO=1.0252  meanSteps=   159.5  copy=0.790  A(t)=1375  sim=83.3s
epoch   34650  HO=1.0065  meanSteps=   163.7  copy=0.810  A(t)=1375  sim=83.4s
epoch   34700  HO=0.9990  meanSteps=   180.4  copy=0.840  A(t)=1375  sim=83.5s
epoch   34750  HO=1.0276  meanSteps=   167.4  copy=0.840  A(t)=1376  sim=83.6s
epoch   34800  HO=1.0528  meanSteps=   153.4  copy=0.804  A(t)=1380  sim=83.7s
epoch   34850  HO=1.0816  meanSteps=   141.3  copy=0.828  A(t)=1383  sim=83.8s
epoch   34900  HO=1.0284  meanSteps=   128.0  copy=0.825  A(t)=1385  sim=83.9s
epoch   34950  HO=1.0432  meanSteps=   127.9  copy=0.811  A(t)=1385  sim=84.0s
epoch   35000  HO=1.0320  meanSteps=   128.1  copy=0.800  A(t)=1385  sim=84.1s
epoch   35050  HO=0.9871  meanSteps=   128.1  copy=0.802  A(t)=1386  sim=84.2s
epoch   35100  HO=1.0071  meanSteps=   128.3  copy=0.825  A(t)=1387  sim=84.3s
epoch   35150  HO=0.9794  meanSteps=   128.6  copy=0.829  A(t)=1387  sim=84.4s
epoch   35200  HO=1.0097  meanSteps=   128.6  copy=0.814  A(t)=1387  sim=84.5s
epoch   35250  HO=0.9807  meanSteps=   129.0  copy=0.817  A(t)=1387  sim=84.6s
epoch   35300  HO=0.9851  meanSteps=   128.7  copy=0.814  A(t)=1387  sim=84.8s
epoch   35350  HO=0.9655  meanSteps=   130.0  copy=0.816  A(t)=1387  sim=84.8s
epoch   35400  HO=0.9714  meanSteps=   142.0  copy=0.827  A(t)=1387  sim=84.9s
epoch   35450  HO=1.0046  meanSteps=   143.4  copy=0.814  A(t)=1391  sim=85.1s
epoch   35500  HO=0.9884  meanSteps=   145.4  copy=0.815  A(t)=1394  sim=85.2s
epoch   35550  HO=0.9878  meanSteps=   146.8  copy=0.809  A(t)=1394  sim=85.3s
epoch   35600  HO=0.9393  meanSteps=   145.8  copy=0.816  A(t)=1400  sim=85.4s
epoch   35650  HO=0.9714  meanSteps=   142.5  copy=0.812  A(t)=1400  sim=85.5s
epoch   35700  HO=0.9669  meanSteps=   127.8  copy=0.807  A(t)=1400  sim=85.6s
epoch   35750  HO=0.9710  meanSteps=   130.5  copy=0.796  A(t)=1400  sim=85.7s
epoch   35800  HO=0.9500  meanSteps=   146.0  copy=0.786  A(t)=1400  sim=85.8s
epoch   35850  HO=0.9559  meanSteps=   127.9  copy=0.781  A(t)=1402  sim=85.9s
epoch   35900  HO=0.9347  meanSteps=   128.3  copy=0.817  A(t)=1402  sim=86.0s
epoch   35950  HO=0.9620  meanSteps=   128.6  copy=0.831  A(t)=1402  sim=86.1s
epoch   36000  HO=0.9995  meanSteps=   128.6  copy=0.815  A(t)=1402  sim=86.2s
epoch   36050  HO=0.9461  meanSteps=   128.3  copy=0.814  A(t)=1402  sim=86.3s
epoch   36100  HO=0.9709  meanSteps=   128.5  copy=0.814  A(t)=1405  sim=86.4s
epoch   36150  HO=1.0017  meanSteps=   128.6  copy=0.814  A(t)=1410  sim=86.5s
epoch   36200  HO=0.9686  meanSteps=   135.1  copy=0.833  A(t)=1410  sim=86.6s
epoch   36250  HO=0.9449  meanSteps=   150.8  copy=0.810  A(t)=1410  sim=86.7s
epoch   36300  HO=0.9669  meanSteps=   137.5  copy=0.797  A(t)=1410  sim=86.9s
epoch   36350  HO=1.0163  meanSteps=   142.4  copy=0.803  A(t)=1412  sim=86.9s
epoch   36400  HO=0.9523  meanSteps=   146.8  copy=0.815  A(t)=1412  sim=87.0s
epoch   36450  HO=0.9631  meanSteps=   134.6  copy=0.826  A(t)=1412  sim=87.1s
epoch   36500  HO=0.9576  meanSteps=   128.1  copy=0.795  A(t)=1414  sim=87.2s
epoch   36550  HO=0.9074  meanSteps=   128.5  copy=0.793  A(t)=1414  sim=87.3s
epoch   36600  HO=0.9411  meanSteps=   129.8  copy=0.792  A(t)=1414  sim=87.4s
epoch   36650  HO=0.9938  meanSteps=   128.8  copy=0.765  A(t)=1417  sim=87.5s
epoch   36700  HO=0.9799  meanSteps=   140.2  copy=0.765  A(t)=1425  sim=87.5s
epoch   36750  HO=0.9521  meanSteps=   128.5  copy=0.766  A(t)=1425  sim=87.6s
epoch   36800  HO=0.9052  meanSteps=   128.7  copy=0.748  A(t)=1427  sim=87.8s
epoch   36850  HO=0.9794  meanSteps=   128.6  copy=0.749  A(t)=1429  sim=87.9s
epoch   36900  HO=0.9377  meanSteps=   128.8  copy=0.763  A(t)=1430  sim=88.0s
epoch   36950  HO=0.9069  meanSteps=   142.9  copy=0.774  A(t)=1430  sim=88.1s
epoch   37000  HO=0.9417  meanSteps=   150.2  copy=0.764  A(t)=1431  sim=88.2s
epoch   37050  HO=0.9209  meanSteps=   134.6  copy=0.777  A(t)=1431  sim=88.4s
epoch   37100  HO=0.9296  meanSteps=   127.6  copy=0.783  A(t)=1431  sim=88.5s
epoch   37150  HO=0.9186  meanSteps=   127.8  copy=0.786  A(t)=1438  sim=88.6s
epoch   37200  HO=0.9343  meanSteps=   131.4  copy=0.783  A(t)=1440  sim=88.7s
epoch   37250  HO=0.9360  meanSteps=   143.9  copy=0.772  A(t)=1443  sim=88.8s
epoch   37300  HO=0.9796  meanSteps=   140.5  copy=0.772  A(t)=1443  sim=88.9s
epoch   37350  HO=0.9344  meanSteps=   145.8  copy=0.751  A(t)=1447  sim=89.0s
epoch   37400  HO=0.9098  meanSteps=   142.7  copy=0.730  A(t)=1448  sim=89.1s
epoch   37450  HO=0.8836  meanSteps=   146.6  copy=0.719  A(t)=1448  sim=89.2s
epoch   37500  HO=0.8734  meanSteps=   138.2  copy=0.739  A(t)=1453  sim=89.3s
epoch   37550  HO=0.9209  meanSteps=   128.3  copy=0.729  A(t)=1453  sim=89.4s
epoch   37600  HO=0.9071  meanSteps=   131.0  copy=0.754  A(t)=1454  sim=89.6s
epoch   37650  HO=0.9227  meanSteps=   128.2  copy=0.776  A(t)=1460  sim=89.6s
epoch   37700  HO=0.9928  meanSteps=   128.3  copy=0.786  A(t)=1460  sim=89.7s
epoch   37750  HO=0.9720  meanSteps=   129.5  copy=0.769  A(t)=1460  sim=89.9s
epoch   37800  HO=0.9996  meanSteps=   137.5  copy=0.760  A(t)=1460  sim=89.9s
epoch   37850  HO=0.9567  meanSteps=   128.6  copy=0.753  A(t)=1462  sim=90.0s
epoch   37900  HO=1.0052  meanSteps=   135.9  copy=0.745  A(t)=1462  sim=90.1s
epoch   37950  HO=1.0023  meanSteps=   127.6  copy=0.765  A(t)=1462  sim=90.3s
epoch   38000  HO=0.9886  meanSteps=   142.8  copy=0.766  A(t)=1462  sim=90.5s
epoch   38050  HO=1.0280  meanSteps=   127.9  copy=0.769  A(t)=1462  sim=90.6s
epoch   38100  HO=1.0197  meanSteps=   129.8  copy=0.770  A(t)=1465  sim=90.7s
epoch   38150  HO=1.0451  meanSteps=   138.4  copy=0.785  A(t)=1465  sim=90.7s
epoch   38200  HO=1.0617  meanSteps=   141.7  copy=0.783  A(t)=1466  sim=90.8s
epoch   38250  HO=1.0075  meanSteps=   131.0  copy=0.796  A(t)=1471  sim=90.9s
epoch   38300  HO=0.9753  meanSteps=   143.0  copy=0.813  A(t)=1472  sim=91.1s
epoch   38350  HO=0.9689  meanSteps=   145.7  copy=0.792  A(t)=1473  sim=91.2s
epoch   38400  HO=0.9480  meanSteps=   141.0  copy=0.796  A(t)=1473  sim=91.3s
epoch   38450  HO=0.9791  meanSteps=   128.4  copy=0.809  A(t)=1475  sim=91.3s
epoch   38500  HO=0.9726  meanSteps=   129.8  copy=0.801  A(t)=1475  sim=91.4s
epoch   38550  HO=0.9641  meanSteps=   142.5  copy=0.796  A(t)=1476  sim=91.5s
epoch   38600  HO=0.9637  meanSteps=   135.7  copy=0.804  A(t)=1477  sim=91.6s
epoch   38650  HO=0.9316  meanSteps=   128.1  copy=0.799  A(t)=1481  sim=91.8s
epoch   38700  HO=0.9354  meanSteps=   128.3  copy=0.820  A(t)=1487  sim=91.9s
epoch   38750  HO=0.9470  meanSteps=   128.5  copy=0.851  A(t)=1488  sim=92.0s
epoch   38800  HO=0.9473  meanSteps=   128.5  copy=0.842  A(t)=1489  sim=92.1s
epoch   38850  HO=0.8817  meanSteps=   128.3  copy=0.823  A(t)=1499  sim=92.2s
epoch   38900  HO=0.9156  meanSteps=   128.3  copy=0.815  A(t)=1501  sim=92.3s
epoch   38950  HO=0.9670  meanSteps=   128.4  copy=0.826  A(t)=1502  sim=92.4s
epoch   39000  HO=0.9393  meanSteps=   129.8  copy=0.829  A(t)=1509  sim=92.5s
epoch   39050  HO=0.9952  meanSteps=   132.2  copy=0.833  A(t)=1509  sim=92.6s
epoch   39100  HO=0.9552  meanSteps=   130.4  copy=0.853  A(t)=1510  sim=92.7s
epoch   39150  HO=0.9812  meanSteps=   128.1  copy=0.840  A(t)=1516  sim=92.8s
epoch   39200  HO=1.0129  meanSteps=   129.5  copy=0.824  A(t)=1523  sim=92.9s
epoch   39250  HO=0.9743  meanSteps=   128.5  copy=0.817  A(t)=1523  sim=93.0s
epoch   39300  HO=0.9957  meanSteps=   128.5  copy=0.804  A(t)=1524  sim=93.1s
epoch   39350  HO=1.0137  meanSteps=   128.6  copy=0.790  A(t)=1528  sim=93.2s
epoch   39400  HO=0.9897  meanSteps=   128.6  copy=0.791  A(t)=1528  sim=93.3s
epoch   39450  HO=0.9595  meanSteps=   128.2  copy=0.813  A(t)=1528  sim=93.4s
epoch   39500  HO=0.9512  meanSteps=   128.1  copy=0.825  A(t)=1529  sim=93.6s
epoch   39550  HO=1.0344  meanSteps=   128.5  copy=0.825  A(t)=1529  sim=93.6s
epoch   39600  HO=0.9582  meanSteps=   135.6  copy=0.828  A(t)=1531  sim=93.7s
epoch   39650  HO=0.9592  meanSteps=   147.3  copy=0.805  A(t)=1532  sim=93.8s
epoch   39700  HO=0.9494  meanSteps=   130.3  copy=0.793  A(t)=1534  sim=93.9s
epoch   39750  HO=0.9169  meanSteps=   128.0  copy=0.789  A(t)=1534  sim=94.0s
epoch   39800  HO=0.9858  meanSteps=   135.4  copy=0.809  A(t)=1536  sim=94.1s
epoch   39850  HO=0.9518  meanSteps=   151.0  copy=0.803  A(t)=1540  sim=94.2s
epoch   39900  HO=1.0071  meanSteps=   144.9  copy=0.820  A(t)=1540  sim=94.3s
epoch   39950  HO=0.9721  meanSteps=   145.7  copy=0.818  A(t)=1540  sim=94.4s
epoch   40000  HO=1.0060  meanSteps=   149.7  copy=0.828  A(t)=1540  sim=94.5s
epoch   40050  HO=1.0304  meanSteps=   146.7  copy=0.829  A(t)=1541  sim=94.6s
epoch   40100  HO=1.0529  meanSteps=   159.3  copy=0.831  A(t)=1543  sim=94.7s
epoch   40150  HO=1.0116  meanSteps=   175.1  copy=0.837  A(t)=1544  sim=94.8s
epoch   40200  HO=1.0514  meanSteps=   167.2  copy=0.857  A(t)=1545  sim=95.0s
epoch   40250  HO=1.0904  meanSteps=   157.9  copy=0.865  A(t)=1547  sim=95.1s
epoch   40300  HO=1.0521  meanSteps=   151.2  copy=0.852  A(t)=1554  sim=95.2s
epoch   40350  HO=1.0012  meanSteps=   129.7  copy=0.853  A(t)=1557  sim=95.3s
epoch   40400  HO=0.9872  meanSteps=   128.4  copy=0.853  A(t)=1558  sim=95.4s
epoch   40450  HO=0.9811  meanSteps=   128.5  copy=0.854  A(t)=1558  sim=95.5s
epoch   40500  HO=0.9727  meanSteps=   128.4  copy=0.855  A(t)=1558  sim=95.6s
epoch   40550  HO=0.9662  meanSteps=   128.2  copy=0.834  A(t)=1559  sim=95.7s
epoch   40600  HO=0.9595  meanSteps=   128.5  copy=0.818  A(t)=1559  sim=95.8s
epoch   40650  HO=0.9939  meanSteps=   128.3  copy=0.828  A(t)=1559  sim=95.9s
epoch   40700  HO=0.9701  meanSteps=   128.3  copy=0.841  A(t)=1566  sim=96.0s
epoch   40750  HO=0.9614  meanSteps=   128.3  copy=0.861  A(t)=1568  sim=96.1s
epoch   40800  HO=1.0007  meanSteps=   127.9  copy=0.848  A(t)=1568  sim=96.2s
epoch   40850  HO=0.9103  meanSteps=   128.0  copy=0.839  A(t)=1568  sim=96.3s
epoch   40900  HO=0.9626  meanSteps=   128.4  copy=0.821  A(t)=1571  sim=96.4s
epoch   40950  HO=0.9345  meanSteps=   128.2  copy=0.772  A(t)=1576  sim=96.5s
epoch   41000  HO=0.9396  meanSteps=   128.4  copy=0.768  A(t)=1578  sim=96.6s
epoch   41050  HO=0.9112  meanSteps=   128.9  copy=0.772  A(t)=1579  sim=96.7s
epoch   41100  HO=0.9516  meanSteps=   128.6  copy=0.777  A(t)=1583  sim=96.8s
epoch   41150  HO=0.9997  meanSteps=   129.4  copy=0.785  A(t)=1584  sim=96.9s
epoch   41200  HO=0.9479  meanSteps=   137.9  copy=0.795  A(t)=1584  sim=97.0s
epoch   41250  HO=0.9752  meanSteps=   138.6  copy=0.784  A(t)=1584  sim=97.1s
epoch   41300  HO=0.9550  meanSteps=   138.6  copy=0.769  A(t)=1584  sim=97.3s
epoch   41350  HO=0.9439  meanSteps=   146.0  copy=0.760  A(t)=1584  sim=97.3s
epoch   41400  HO=1.0042  meanSteps=   184.8  copy=0.763  A(t)=1587  sim=97.6s
epoch   41450  HO=0.9981  meanSteps=   187.7  copy=0.770  A(t)=1591  sim=97.7s
epoch   41500  HO=1.0042  meanSteps=   166.7  copy=0.781  A(t)=1592  sim=97.8s
epoch   41550  HO=1.0039  meanSteps=   169.5  copy=0.800  A(t)=1592  sim=97.9s
epoch   41600  HO=1.0089  meanSteps=   156.3  copy=0.792  A(t)=1592  sim=98.0s
epoch   41650  HO=0.9973  meanSteps=   143.8  copy=0.799  A(t)=1592  sim=98.1s
epoch   41700  HO=1.0088  meanSteps=   135.4  copy=0.812  A(t)=1592  sim=98.2s
epoch   41750  HO=1.0194  meanSteps=   128.6  copy=0.805  A(t)=1592  sim=98.4s
epoch   41800  HO=1.0136  meanSteps=   134.7  copy=0.804  A(t)=1592  sim=98.5s
epoch   41850  HO=0.9800  meanSteps=   142.5  copy=0.811  A(t)=1592  sim=98.6s
epoch   41900  HO=1.0017  meanSteps=   130.0  copy=0.807  A(t)=1594  sim=98.7s
epoch   41950  HO=0.9934  meanSteps=   129.0  copy=0.804  A(t)=1594  sim=98.8s
epoch   42000  HO=1.0489  meanSteps=   128.2  copy=0.806  A(t)=1594  sim=98.9s
epoch   42050  HO=1.0117  meanSteps=   128.0  copy=0.802  A(t)=1594  sim=99.0s
epoch   42100  HO=0.9753  meanSteps=   127.4  copy=0.788  A(t)=1594  sim=99.1s
epoch   42150  HO=0.9733  meanSteps=   128.3  copy=0.785  A(t)=1595  sim=99.2s
epoch   42200  HO=0.9912  meanSteps=   128.1  copy=0.773  A(t)=1595  sim=99.3s
epoch   42250  HO=1.0030  meanSteps=   128.1  copy=0.791  A(t)=1597  sim=99.5s
epoch   42300  HO=0.9884  meanSteps=   155.6  copy=0.785  A(t)=1597  sim=99.5s
epoch   42350  HO=1.0541  meanSteps=   156.3  copy=0.777  A(t)=1601  sim=99.6s
epoch   42400  HO=1.0156  meanSteps=   128.0  copy=0.802  A(t)=1603  sim=99.8s
epoch   42450  HO=0.9709  meanSteps=   127.3  copy=0.781  A(t)=1603  sim=99.9s
epoch   42500  HO=1.0282  meanSteps=   128.1  copy=0.790  A(t)=1603  sim=100.0s
epoch   42550  HO=0.9976  meanSteps=   128.0  copy=0.794  A(t)=1603  sim=100.1s
epoch   42600  HO=1.0319  meanSteps=   127.9  copy=0.814  A(t)=1603  sim=100.3s
epoch   42650  HO=1.0600  meanSteps=   128.0  copy=0.824  A(t)=1604  sim=100.4s
epoch   42700  HO=1.0512  meanSteps=   140.3  copy=0.825  A(t)=1606  sim=100.5s
epoch   42750  HO=1.0393  meanSteps=   157.9  copy=0.806  A(t)=1606  sim=100.5s
epoch   42800  HO=1.0244  meanSteps=   169.0  copy=0.804  A(t)=1606  sim=100.6s
epoch   42850  HO=1.0382  meanSteps=   177.2  copy=0.811  A(t)=1606  sim=100.7s
epoch   42900  HO=0.9648  meanSteps=   181.1  copy=0.798  A(t)=1608  sim=100.8s
epoch   42950  HO=0.9601  meanSteps=   167.9  copy=0.817  A(t)=1608  sim=101.0s
epoch   43000  HO=0.9802  meanSteps=   165.8  copy=0.822  A(t)=1608  sim=101.1s
epoch   43050  HO=0.9396  meanSteps=   134.7  copy=0.832  A(t)=1610  sim=101.2s
epoch   43100  HO=0.9718  meanSteps=   131.2  copy=0.819  A(t)=1610  sim=101.4s
epoch   43150  HO=1.0339  meanSteps=   141.4  copy=0.800  A(t)=1610  sim=101.4s
epoch   43200  HO=1.0822  meanSteps=   145.9  copy=0.783  A(t)=1611  sim=101.5s
epoch   43250  HO=1.0292  meanSteps=   136.1  copy=0.776  A(t)=1612  sim=101.6s
epoch   43300  HO=1.0238  meanSteps=   128.2  copy=0.780  A(t)=1618  sim=101.7s
epoch   43350  HO=0.9830  meanSteps=   128.3  copy=0.782  A(t)=1619  sim=101.9s
epoch   43400  HO=1.0125  meanSteps=   128.1  copy=0.785  A(t)=1619  sim=102.0s
epoch   43450  HO=1.0339  meanSteps=   128.8  copy=0.783  A(t)=1619  sim=102.1s
epoch   43500  HO=1.0318  meanSteps=   131.3  copy=0.790  A(t)=1619  sim=102.2s
epoch   43550  HO=1.0020  meanSteps=   127.7  copy=0.780  A(t)=1619  sim=102.3s
epoch   43600  HO=1.0041  meanSteps=   128.0  copy=0.780  A(t)=1619  sim=102.4s
epoch   43650  HO=1.0492  meanSteps=   128.3  copy=0.790  A(t)=1619  sim=102.6s
epoch   43700  HO=1.0284  meanSteps=   127.7  copy=0.793  A(t)=1627  sim=102.7s
epoch   43750  HO=1.0034  meanSteps=   141.0  copy=0.798  A(t)=1627  sim=102.8s
epoch   43800  HO=1.0178  meanSteps=   165.3  copy=0.787  A(t)=1627  sim=102.9s
epoch   43850  HO=1.0314  meanSteps=   165.7  copy=0.781  A(t)=1627  sim=103.1s
epoch   43900  HO=1.0334  meanSteps=   173.1  copy=0.789  A(t)=1628  sim=103.2s
epoch   43950  HO=1.0480  meanSteps=   170.3  copy=0.792  A(t)=1632  sim=103.3s
epoch   44000  HO=1.0608  meanSteps=   161.4  copy=0.806  A(t)=1633  sim=103.5s
epoch   44050  HO=1.0198  meanSteps=   161.8  copy=0.791  A(t)=1637  sim=103.5s
epoch   44100  HO=0.9836  meanSteps=   135.4  copy=0.793  A(t)=1637  sim=103.7s
epoch   44150  HO=0.9978  meanSteps=   127.7  copy=0.797  A(t)=1638  sim=103.8s
epoch   44200  HO=1.0036  meanSteps=   128.1  copy=0.807  A(t)=1638  sim=103.9s
epoch   44250  HO=1.0197  meanSteps=   127.6  copy=0.800  A(t)=1640  sim=104.0s
epoch   44300  HO=1.0191  meanSteps=   128.5  copy=0.823  A(t)=1640  sim=104.1s
epoch   44350  HO=1.0019  meanSteps=   128.3  copy=0.826  A(t)=1640  sim=104.2s
epoch   44400  HO=0.9579  meanSteps=   149.2  copy=0.818  A(t)=1641  sim=104.3s
epoch   44450  HO=1.0221  meanSteps=   148.1  copy=0.791  A(t)=1642  sim=104.4s
epoch   44500  HO=1.0258  meanSteps=   140.6  copy=0.813  A(t)=1648  sim=104.5s
epoch   44550  HO=1.0200  meanSteps=   136.7  copy=0.812  A(t)=1649  sim=104.7s
epoch   44600  HO=1.0053  meanSteps=   133.7  copy=0.818  A(t)=1650  sim=104.8s
epoch   44650  HO=0.9832  meanSteps=   146.3  copy=0.816  A(t)=1652  sim=104.9s
epoch   44700  HO=0.9593  meanSteps=   144.7  copy=0.808  A(t)=1653  sim=105.0s
epoch   44750  HO=0.9954  meanSteps=   143.9  copy=0.818  A(t)=1653  sim=105.1s
epoch   44800  HO=0.9674  meanSteps=   128.7  copy=0.804  A(t)=1653  sim=105.2s
epoch   44850  HO=0.9081  meanSteps=   128.7  copy=0.792  A(t)=1656  sim=105.3s
epoch   44900  HO=0.8974  meanSteps=   128.6  copy=0.782  A(t)=1669  sim=105.4s
epoch   44950  HO=0.9489  meanSteps=   128.6  copy=0.775  A(t)=1669  sim=105.5s
epoch   45000  HO=0.9267  meanSteps=   128.8  copy=0.749  A(t)=1671  sim=105.6s
epoch   45050  HO=0.9476  meanSteps=   144.4  copy=0.733  A(t)=1671  sim=105.7s
epoch   45100  HO=0.9465  meanSteps=   159.7  copy=0.731  A(t)=1673  sim=105.8s
epoch   45150  HO=0.8410  meanSteps=   149.5  copy=0.734  A(t)=1674  sim=105.9s
epoch   45200  HO=0.8785  meanSteps=   141.7  copy=0.751  A(t)=1680  sim=106.0s
epoch   45250  HO=0.9547  meanSteps=   128.5  copy=0.779  A(t)=1680  sim=106.1s
epoch   45300  HO=0.9815  meanSteps=   128.6  copy=0.786  A(t)=1681  sim=106.2s
epoch   45350  HO=0.9310  meanSteps=   128.6  copy=0.811  A(t)=1685  sim=106.4s
epoch   45400  HO=0.9681  meanSteps=   128.5  copy=0.815  A(t)=1686  sim=106.4s
epoch   45450  HO=0.9251  meanSteps=   128.4  copy=0.831  A(t)=1687  sim=106.5s
epoch   45500  HO=0.9734  meanSteps=   131.0  copy=0.809  A(t)=1687  sim=106.7s
epoch   45550  HO=0.8816  meanSteps=   128.6  copy=0.807  A(t)=1687  sim=106.8s
epoch   45600  HO=0.9215  meanSteps=   132.6  copy=0.803  A(t)=1687  sim=106.8s
epoch   45650  HO=0.8953  meanSteps=   140.2  copy=0.826  A(t)=1687  sim=107.0s
epoch   45700  HO=0.9197  meanSteps=   140.9  copy=0.839  A(t)=1688  sim=107.1s
epoch   45750  HO=0.9143  meanSteps=   138.4  copy=0.835  A(t)=1690  sim=107.3s
epoch   45800  HO=0.9579  meanSteps=   142.2  copy=0.827  A(t)=1690  sim=107.3s
epoch   45850  HO=1.0321  meanSteps=   137.8  copy=0.829  A(t)=1690  sim=107.5s
epoch   45900  HO=0.9356  meanSteps=   138.0  copy=0.800  A(t)=1695  sim=107.6s
epoch   45950  HO=0.9318  meanSteps=   129.0  copy=0.773  A(t)=1698  sim=107.7s
epoch   46000  HO=0.9955  meanSteps=   128.4  copy=0.763  A(t)=1718  sim=107.8s
epoch   46050  HO=0.9754  meanSteps=   128.3  copy=0.766  A(t)=1718  sim=107.9s
epoch   46100  HO=0.9896  meanSteps=   128.2  copy=0.779  A(t)=1718  sim=108.0s
epoch   46150  HO=0.9914  meanSteps=   128.0  copy=0.778  A(t)=1718  sim=108.1s
epoch   46200  HO=0.8987  meanSteps=   128.5  copy=0.799  A(t)=1718  sim=108.2s
epoch   46250  HO=0.9463  meanSteps=   136.7  copy=0.805  A(t)=1720  sim=108.2s
epoch   46300  HO=0.9268  meanSteps=   128.4  copy=0.820  A(t)=1725  sim=108.3s
epoch   46350  HO=1.0008  meanSteps=   128.6  copy=0.808  A(t)=1730  sim=108.4s
epoch   46400  HO=0.9447  meanSteps=   128.5  copy=0.802  A(t)=1730  sim=108.6s
epoch   46450  HO=0.9366  meanSteps=   134.6  copy=0.820  A(t)=1730  sim=108.6s
epoch   46500  HO=1.0107  meanSteps=   128.0  copy=0.842  A(t)=1739  sim=108.7s
epoch   46550  HO=0.9911  meanSteps=   128.1  copy=0.825  A(t)=1743  sim=108.9s
epoch   46600  HO=0.9331  meanSteps=   128.0  copy=0.818  A(t)=1744  sim=108.9s
epoch   46650  HO=0.9193  meanSteps=   127.8  copy=0.820  A(t)=1751  sim=109.0s
epoch   46700  HO=0.9455  meanSteps=   128.5  copy=0.819  A(t)=1751  sim=109.1s
epoch   46750  HO=0.9765  meanSteps=   128.5  copy=0.830  A(t)=1758  sim=109.2s
epoch   46800  HO=0.9544  meanSteps=   128.5  copy=0.833  A(t)=1760  sim=109.4s
epoch   46850  HO=0.9832  meanSteps=   128.5  copy=0.832  A(t)=1768  sim=109.5s
epoch   46900  HO=0.9325  meanSteps=   128.6  copy=0.830  A(t)=1776  sim=109.6s
epoch   46950  HO=0.9474  meanSteps=   128.5  copy=0.824  A(t)=1776  sim=109.7s
epoch   47000  HO=0.9114  meanSteps=   128.3  copy=0.835  A(t)=1776  sim=109.8s
epoch   47050  HO=0.9607  meanSteps=   129.3  copy=0.825  A(t)=1779  sim=109.8s
epoch   47100  HO=0.9670  meanSteps=   139.2  copy=0.816  A(t)=1780  sim=109.9s
epoch   47150  HO=0.9987  meanSteps=   133.1  copy=0.832  A(t)=1784  sim=110.0s
epoch   47200  HO=0.9953  meanSteps=   128.5  copy=0.822  A(t)=1786  sim=110.2s
epoch   47250  HO=0.9515  meanSteps=   128.6  copy=0.832  A(t)=1788  sim=110.3s
epoch   47300  HO=1.0030  meanSteps=   128.5  copy=0.824  A(t)=1790  sim=110.4s
epoch   47350  HO=0.9934  meanSteps=   128.8  copy=0.814  A(t)=1791  sim=110.5s
epoch   47400  HO=0.9834  meanSteps=   128.8  copy=0.802  A(t)=1791  sim=110.6s
epoch   47450  HO=0.9490  meanSteps=   128.5  copy=0.804  A(t)=1791  sim=110.7s
epoch   47500  HO=1.0124  meanSteps=   128.5  copy=0.795  A(t)=1791  sim=110.8s
epoch   47550  HO=0.9749  meanSteps=   149.8  copy=0.816  A(t)=1791  sim=110.9s
epoch   47600  HO=0.9411  meanSteps=   138.5  copy=0.839  A(t)=1791  sim=111.0s
epoch   47650  HO=0.9608  meanSteps=   128.7  copy=0.836  A(t)=1791  sim=111.1s
epoch   47700  HO=0.9483  meanSteps=   128.6  copy=0.838  A(t)=1792  sim=111.2s
epoch   47750  HO=0.9822  meanSteps=   128.4  copy=0.825  A(t)=1792  sim=111.3s
epoch   47800  HO=0.9466  meanSteps=   128.5  copy=0.829  A(t)=1792  sim=111.3s
epoch   47850  HO=0.9156  meanSteps=   128.6  copy=0.831  A(t)=1796  sim=111.5s
epoch   47900  HO=0.9664  meanSteps=   128.9  copy=0.839  A(t)=1796  sim=111.5s
epoch   47950  HO=0.9721  meanSteps=   129.5  copy=0.851  A(t)=1800  sim=111.6s
epoch   48000  HO=0.9332  meanSteps=   128.8  copy=0.821  A(t)=1800  sim=111.7s
epoch   48050  HO=0.9691  meanSteps=   128.2  copy=0.836  A(t)=1800  sim=111.9s
epoch   48100  HO=0.9729  meanSteps=   132.1  copy=0.824  A(t)=1800  sim=112.0s
epoch   48150  HO=0.9695  meanSteps=   139.0  copy=0.814  A(t)=1800  sim=112.0s
epoch   48200  HO=0.9339  meanSteps=   128.6  copy=0.826  A(t)=1802  sim=112.2s
epoch   48250  HO=0.9261  meanSteps=   128.5  copy=0.835  A(t)=1802  sim=112.3s
epoch   48300  HO=0.9312  meanSteps=   130.1  copy=0.831  A(t)=1802  sim=112.4s
epoch   48350  HO=0.9339  meanSteps=   132.4  copy=0.808  A(t)=1802  sim=112.5s
epoch   48400  HO=0.8798  meanSteps=   128.2  copy=0.791  A(t)=1803  sim=112.6s
epoch   48450  HO=0.8506  meanSteps=   127.9  copy=0.768  A(t)=1810  sim=112.7s
epoch   48500  HO=0.9034  meanSteps=   128.2  copy=0.762  A(t)=1812  sim=112.8s
epoch   48550  HO=0.9164  meanSteps=   128.2  copy=0.770  A(t)=1812  sim=112.9s
epoch   48600  HO=0.9099  meanSteps=   128.7  copy=0.790  A(t)=1812  sim=113.0s
epoch   48650  HO=0.9921  meanSteps=   128.7  copy=0.785  A(t)=1812  sim=113.1s
epoch   48700  HO=0.9496  meanSteps=   128.7  copy=0.789  A(t)=1812  sim=113.2s
epoch   48750  HO=0.9159  meanSteps=   130.8  copy=0.801  A(t)=1812  sim=113.3s
epoch   48800  HO=0.9069  meanSteps=   128.1  copy=0.791  A(t)=1812  sim=113.4s
epoch   48850  HO=0.9261  meanSteps=   128.3  copy=0.811  A(t)=1812  sim=113.5s
epoch   48900  HO=0.9775  meanSteps=   128.7  copy=0.821  A(t)=1812  sim=113.6s
epoch   48950  HO=0.9184  meanSteps=   134.2  copy=0.799  A(t)=1812  sim=113.7s
epoch   49000  HO=0.9064  meanSteps=   128.6  copy=0.803  A(t)=1813  sim=113.8s
epoch   49050  HO=0.9324  meanSteps=   128.7  copy=0.808  A(t)=1813  sim=113.9s
epoch   49100  HO=0.9827  meanSteps=   128.6  copy=0.827  A(t)=1813  sim=114.0s
epoch   49150  HO=0.9232  meanSteps=   128.6  copy=0.818  A(t)=1813  sim=114.1s
epoch   49200  HO=0.9423  meanSteps=   128.5  copy=0.818  A(t)=1815  sim=114.2s
epoch   49250  HO=0.9213  meanSteps=   137.4  copy=0.835  A(t)=1815  sim=114.3s
epoch   49300  HO=0.9328  meanSteps=   143.4  copy=0.822  A(t)=1815  sim=114.4s
epoch   49350  HO=0.8707  meanSteps=   144.8  copy=0.835  A(t)=1815  sim=114.5s
epoch   49400  HO=0.9166  meanSteps=   129.0  copy=0.838  A(t)=1815  sim=114.6s
epoch   49450  HO=0.9086  meanSteps=   128.3  copy=0.835  A(t)=1815  sim=114.7s
epoch   49500  HO=0.9315  meanSteps=   128.5  copy=0.827  A(t)=1815  sim=114.8s
epoch   49550  HO=0.9669  meanSteps=   128.5  copy=0.808  A(t)=1815  sim=114.9s
epoch   49600  HO=0.9471  meanSteps=   128.4  copy=0.817  A(t)=1815  sim=115.0s
epoch   49650  HO=0.9377  meanSteps=   128.5  copy=0.823  A(t)=1815  sim=115.2s
epoch   49700  HO=0.9391  meanSteps=   135.8  copy=0.840  A(t)=1817  sim=115.3s
epoch   49750  HO=0.9921  meanSteps=   146.1  copy=0.819  A(t)=1817  sim=115.3s
epoch   49800  HO=0.9597  meanSteps=   137.7  copy=0.804  A(t)=1817  sim=115.5s
epoch   49850  HO=1.0023  meanSteps=   128.7  copy=0.823  A(t)=1820  sim=115.6s
epoch   49900  HO=0.9200  meanSteps=   128.7  copy=0.840  A(t)=1820  sim=115.7s
epoch   49950  HO=0.9904  meanSteps=   128.5  copy=0.836  A(t)=1820  sim=115.8s
epoch   50000  HO=0.9998  meanSteps=   128.6  copy=0.845  A(t)=1820  sim=115.8s
done: 50000 epochs in 195.0s wall (115.8s simulating), runs/ringv_indel_s1
