epoch       0  HO=-0.0037  meanSteps=     0.0  copy=0.000  A(t)=0  sim=0.0s
epoch      50  HO=-0.0057  meanSteps=  1505.6  copy=0.000  A(t)=0  sim=0.3s
epoch     100  HO=-0.0092  meanSteps=  1849.1  copy=0.000  A(t)=0  sim=0.6s
epoch     150  HO=-0.0127  meanSteps=  2008.2  copy=0.000  A(t)=0  sim=1.0s
epoch     200  HO=-0.0150  meanSteps=  2079.3  copy=0.000  A(t)=0  sim=1.3s
epoch     250  HO=-0.0171  meanSteps=  2002.4  copy=0.000  A(t)=0  sim=1.7s
epoch     300  HO=-0.0190  meanSteps=  2033.3  copy=0.000  A(t)=0  sim=2.0s
epoch     350  HO=-0.0202  meanSteps=  2073.0  copy=0.000  A(t)=0  sim=2.4s
epoch     400  HO=-0.0212  meanSteps=  2095.6  copy=0.000  A(t)=0  sim=2.8s
epoch     450  HO=-0.0220  meanSteps=  2105.1  copy=0.000  A(t)=0  sim=3.1s
epoch     500  HO=-0.0220  meanSteps=  2083.2  copy=0.000  A(t)=0  sim=3.5s
epoch     550  HO=-0.0222  meanSteps=  2107.4  copy=0.000  A(t)=0  sim=3.9s
epoch     600  HO=-0.0217  meanSteps=  2068.3  copy=0.000  A(t)=0  sim=4.2s
epoch     650  HO=-0.0223  meanSteps=  2073.2  copy=0.000  A(t)=0  sim=4.6s
epoch     700  HO=-0.0213  meanSteps=  2072.5  copy=0.000  A(t)=0  sim=4.9s
epoch     750  HO=-0.0215  meanSteps=  2100.7  copy=0.000  A(t)=0  sim=5.3s
epoch     800  HO=-0.0216  meanSteps=  2061.0  copy=0.000  A(t)=0  sim=5.7s
epoch     850  HO=-0.0218  meanSteps=  2067.1  copy=0.000  A(t)=0  sim=6.0s
epoch     900  HO=-0.0212  meanSteps=  2059.6  copy=0.000  A(t)=0  sim=6.4s
epoch     950  HO=-0.0216  meanSteps=  2066.5  copy=0.000  A(t)=0  sim=6.7s
epoch    1000  HO=-0.0218  meanSteps=  2062.8  copy=0.000  A(t)=0  sim=7.1s
epoch    1050  HO=-0.0228  meanSteps=  2113.5  copy=0.000  A(t)=0  sim=7.5s
epoch    1100  HO=-0.0231  meanSteps=  2137.2  copy=0.000  A(t)=0  sim=7.9s
epoch    1150  HO=-0.0226  meanSteps=  2101.8  copy=0.000  A(t)=0  sim=8.2s
epoch    1200  HO=-0.0235  meanSteps=  2081.8  copy=0.000  A(t)=0  sim=8.6s
epoch    1250  HO=-0.0233  meanSteps=  2052.7  copy=0.000  A(t)=0  sim=8.9s
epoch    1300  HO=-0.0238  meanSteps=  2085.6  copy=0.000  A(t)=0  sim=9.3s
epoch    1350  HO=-0.0239  meanSteps=  2089.6  copy=0.000  A(t)=0  sim=9.7s
epoch    1400  HO=-0.0236  meanSteps=  2092.3  copy=0.000  A(t)=0  sim=10.0s
epoch    1450  HO=-0.0235  meanSteps=  2023.9  copy=0.000  A(t)=0  sim=10.4s
epoch    1500  HO=-0.0228  meanSteps=  2049.0  copy=0.000  A(t)=0  sim=10.7s
epoch    1550  HO=-0.0230  meanSteps=  2050.3  copy=0.000  A(t)=0  sim=11.1s
epoch    1600  HO=-0.0237  meanSteps=  1981.3  copy=0.000  A(t)=0  sim=11.5s
epoch    1650  HO=-0.0230  meanSteps=  1971.2  copy=0.000  A(t)=0  sim=11.8s
epoch    1700  HO=-0.0229  meanSteps=  1970.8  copy=0.000  A(t)=0  sim=12.2s
epoch    1750  HO=-0.0231  meanSteps=  1910.2  copy=0.000  A(t)=0  sim=12.5s
epoch    1800  HO=-0.0243  meanSteps=  1930.4  copy=0.000  A(t)=0  sim=12.8s
epoch    1850  HO=-0.0244  meanSteps=  1904.6  copy=0.000  A(t)=0  sim=13.2s
epoch    1900  HO=-0.0245  meanSteps=  1971.1  copy=0.000  A(t)=0  sim=13.5s
epoch    1950  HO=-0.0243  meanSteps=  2038.0  copy=0.000  A(t)=0  sim=13.8s
epoch    2000  HO=-0.0237  meanSteps=  2053.2  copy=0.000  A(t)=0  sim=14.2s
epoch    2050  HO=-0.0239  meanSteps=  2062.0  copy=0.000  A(t)=0  sim=14.6s
epoch    2100  HO=-0.0239  meanSteps=  2102.6  copy=0.000  A(t)=0  sim=14.9s
epoch    2150  HO=-0.0238  meanSteps=  2072.4  copy=0.000  A(t)=0  sim=15.3s
epoch    2200  HO=-0.0238  meanSteps=  2070.1  copy=0.000  A(t)=0  sim=15.6s
epoch    2250  HO=-0.0239  meanSteps=  2068.5  copy=0.000  A(t)=0  sim=16.0s
epoch    2300  HO=-0.0235  meanSteps=  2085.3  copy=0.000  A(t)=0  sim=16.4s
epoch    2350  HO=-0.0234  meanSteps=  2152.9  copy=0.000  A(t)=0  sim=16.7s
epoch    2400  HO=-0.0242  meanSteps=  2129.1  copy=0.000  A(t)=0  sim=17.1s
epoch    2450  HO=-0.0246  meanSteps=  2106.5  copy=0.000  A(t)=0  sim=17.5s
epoch    2500  HO=-0.0244  meanSteps=  2099.4  copy=0.000  A(t)=0  sim=17.9s
epoch    2550  HO=-0.0242  meanSteps=  2083.4  copy=0.000  A(t)=0  sim=18.2s
epoch    2600  HO=-0.0240  meanSteps=  2097.5  copy=0.000  A(t)=0  sim=18.6s
epoch    2650  HO=-0.0242  meanSteps=  2058.7  copy=0.000  A(t)=0  sim=19.0s
epoch    2700  HO=-0.0235  meanSteps=  1971.0  copy=0.000  A(t)=0  sim=19.3s
epoch    2750  HO=-0.0242  meanSteps=  1996.0  copy=0.000  A(t)=0  sim=19.7s
epoch    2800  HO=-0.0244  meanSteps=  2054.1  copy=0.000  A(t)=0  sim=20.1s
epoch    2850  HO=-0.0245  meanSteps=  2027.9  copy=0.000  A(t)=0  sim=20.4s
epoch    2900  HO=-0.0250  meanSteps=  2003.8  copy=0.000  A(t)=0  sim=20.7s
epoch    2950  HO=-0.0247  meanSteps=  2021.9  copy=0.000  A(t)=0  sim=21.1s
epoch    3000  HO=-0.0257  meanSteps=  2080.0  copy=0.000  A(t)=0  sim=21.4s
epoch    3050  HO=-0.0251  meanSteps=  2032.0  copy=0.000  A(t)=0  sim=21.8s
epoch    3100  HO=-0.0252  meanSteps=  2053.2  copy=0.000  A(t)=0  sim=22.1s
epoch    3150  HO=-0.0254  meanSteps=  2042.6  copy=0.000  A(t)=0  sim=22.5s
epoch    3200  HO=-0.0248  meanSteps=  2012.1  copy=0.000  A(t)=0  sim=22.8s
epoch    3250  HO=-0.0245  meanSteps=  2003.0  copy=0.000  A(t)=0  sim=23.2s
epoch    3300  HO=-0.0245  meanSteps=  1958.1  copy=0.000  A(t)=0  sim=23.5s
epoch    3350  HO=-0.0240  meanSteps=  1944.0  copy=0.000  A(t)=0  sim=23.8s
epoch    3400  HO=-0.0241  meanSteps=  1954.5  copy=0.000  A(t)=0  sim=24.2s
epoch    3450  HO=-0.0247  meanSteps=  1966.7  copy=0.000  A(t)=0  sim=24.5s
epoch    3500  HO=-0.0243  meanSteps=  1940.0  copy=0.000  A(t)=0  sim=24.9s
epoch    3550  HO=-0.0246  meanSteps=  1998.9  copy=0.000  A(t)=0  sim=25.2s
epoch    3600  HO=-0.0249  meanSteps=  1994.8  copy=0.000  A(t)=0  sim=25.5s
epoch    3650  HO=-0.0248  meanSteps=  1967.7  copy=0.000  A(t)=0  sim=25.9s
epoch    3700  HO=-0.0243  meanSteps=  1968.2  copy=0.000  A(t)=0  sim=26.2s
epoch    3750  HO=-0.0247  meanSteps=  1990.1  copy=0.000  A(t)=0  sim=26.6s
epoch    3800  HO=-0.0249  meanSteps=  2020.9  copy=0.000  A(t)=0  sim=26.9s
epoch    3850  HO=-0.0249  meanSteps=  1964.2  copy=0.000  A(t)=0  sim=27.2s
epoch    3900  HO=-0.0252  meanSteps=  1987.7  copy=0.000  A(t)=0  sim=27.6s
epoch    3950  HO=-0.0251  meanSteps=  1972.6  copy=0.000  A(t)=0  sim=27.9s
epoch    4000  HO=-0.0255  meanSteps=  1981.2  copy=0.000  A(t)=0  sim=28.3s
epoch    4050  HO=-0.0250  meanSteps=  1989.6  copy=0.000  A(t)=0  sim=28.6s
epoch    4100  HO=-0.0246  meanSteps=  1983.6  copy=0.000  A(t)=0  sim=29.0s
epoch    4150  HO=-0.0245  meanSteps=  1977.0  copy=0.000  A(t)=0  sim=29.3s
epoch    4200  HO=-0.0252  meanSteps=  1957.0  copy=0.000  A(t)=0  sim=29.6s
epoch    4250  HO=-0.0255  meanSteps=  2002.4  copy=0.000  A(t)=0  sim=30.0s
epoch    4300  HO=-0.0259  meanSteps=  2005.7  copy=0.000  A(t)=0  sim=30.3s
epoch    4350  HO=-0.0262  meanSteps=  2009.2  copy=0.000  A(t)=0  sim=30.7s
epoch    4400  HO=-0.0256  meanSteps=  2023.1  copy=0.000  A(t)=0  sim=31.0s
epoch    4450  HO=-0.0260  meanSteps=  2006.5  copy=0.000  A(t)=0  sim=31.4s
epoch    4500  HO=-0.0250  meanSteps=  2018.8  copy=0.000  A(t)=0  sim=31.7s
epoch    4550  HO=-0.0257  meanSteps=  2015.3  copy=0.000  A(t)=0  sim=32.1s
epoch    4600  HO=-0.0260  meanSteps=  1956.6  copy=0.000  A(t)=0  sim=32.4s
epoch    4650  HO=-0.0257  meanSteps=  1945.4  copy=0.000  A(t)=0  sim=32.8s
epoch    4700  HO=-0.0252  meanSteps=  1939.9  copy=0.000  A(t)=0  sim=33.1s
epoch    4750  HO=-0.0253  meanSteps=  1975.4  copy=0.000  A(t)=0  sim=33.4s
epoch    4800  HO=-0.0253  meanSteps=  1962.8  copy=0.000  A(t)=0  sim=33.8s
epoch    4850  HO=-0.0257  meanSteps=  2021.6  copy=0.000  A(t)=0  sim=34.1s
epoch    4900  HO=-0.0255  meanSteps=  2021.3  copy=0.000  A(t)=0  sim=34.5s
epoch    4950  HO=-0.0258  meanSteps=  1986.7  copy=0.000  A(t)=0  sim=34.8s
epoch    5000  HO=-0.0253  meanSteps=  2039.0  copy=0.000  A(t)=0  sim=35.2s
epoch    5050  HO=-0.0257  meanSteps=  1963.1  copy=0.000  A(t)=0  sim=35.5s
epoch    5100  HO=-0.0245  meanSteps=  1937.0  copy=0.000  A(t)=0  sim=35.9s
epoch    5150  HO=-0.0229  meanSteps=  1927.0  copy=0.000  A(t)=0  sim=36.2s
epoch    5200  HO=-0.0229  meanSteps=  1925.0  copy=0.000  A(t)=0  sim=36.5s
epoch    5250  HO=-0.0243  meanSteps=  1910.9  copy=0.000  A(t)=0  sim=36.8s
epoch    5300  HO=-0.0246  meanSteps=  1947.1  copy=0.000  A(t)=0  sim=37.2s
epoch    5350  HO=-0.0245  meanSteps=  1986.8  copy=0.000  A(t)=0  sim=37.5s
epoch    5400  HO=-0.0246  meanSteps=  2006.5  copy=0.000  A(t)=0  sim=37.9s
epoch    5450  HO=-0.0250  meanSteps=  1993.8  copy=0.000  A(t)=0  sim=38.3s
epoch    5500  HO=-0.0252  meanSteps=  2025.1  copy=0.000  A(t)=0  sim=38.6s
epoch    5550  HO=-0.0252  meanSteps=  2005.1  copy=0.000  A(t)=0  sim=38.9s
epoch    5600  HO=-0.0252  meanSteps=  2004.1  copy=0.000  A(t)=0  sim=39.3s
epoch    5650  HO=-0.0249  meanSteps=  2011.8  copy=0.000  A(t)=0  sim=39.6s
epoch    5700  HO=-0.0243  meanSteps=  2014.0  copy=0.000  A(t)=0  sim=40.0s
epoch    5750  HO=-0.0246  meanSteps=  2012.6  copy=0.000  A(t)=0  sim=40.3s
epoch    5800  HO=-0.0243  meanSteps=  2050.4  copy=0.000  A(t)=0  sim=40.7s
epoch    5850  HO=-0.0246  meanSteps=  2058.9  copy=0.000  A(t)=0  sim=41.0s
epoch    5900  HO=-0.0240  meanSteps=  2088.0  copy=0.000  A(t)=0  sim=41.4s
epoch    5950  HO=-0.0240  meanSteps=  1982.5  copy=0.000  A(t)=0  sim=41.7s
epoch    6000  HO=-0.0241  meanSteps=  1948.2  copy=0.000  A(t)=0  sim=42.1s
epoch    6050  HO=-0.0248  meanSteps=  1952.0  copy=0.000  A(t)=0  sim=42.4s
epoch    6100  HO=-0.0248  meanSteps=  1952.9  copy=0.000  A(t)=0  sim=42.7s
epoch    6150  HO=-0.0247  meanSteps=  1976.6  copy=0.000  A(t)=0  sim=43.1s
epoch    6200  HO=-0.0242  meanSteps=  2027.0  copy=0.000  A(t)=0  sim=43.4s
epoch    6250  HO=-0.0246  meanSteps=  2038.4  copy=0.000  A(t)=0  sim=43.7s
epoch    6300  HO=-0.0246  meanSteps=  2050.7  copy=0.000  A(t)=0  sim=44.1s
epoch    6350  HO=-0.0248  meanSteps=  2049.7  copy=0.000  A(t)=0  sim=44.4s
epoch    6400  HO=-0.0241  meanSteps=  2081.4  copy=0.000  A(t)=0  sim=44.8s
epoch    6450  HO=-0.0235  meanSteps=  2052.2  copy=0.000  A(t)=0  sim=45.2s
epoch    6500  HO=-0.0233  meanSteps=  2031.3  copy=0.000  A(t)=0  sim=45.5s
epoch    6550  HO=-0.0242  meanSteps=  2056.9  copy=0.000  A(t)=0  sim=45.9s
epoch    6600  HO=-0.0257  meanSteps=  2056.5  copy=0.000  A(t)=0  sim=46.2s
epoch    6650  HO=-0.0248  meanSteps=  2003.5  copy=0.000  A(t)=0  sim=46.6s
epoch    6700  HO=-0.0241  meanSteps=  2042.5  copy=0.000  A(t)=0  sim=46.9s
epoch    6750  HO=-0.0239  meanSteps=  2017.1  copy=0.000  A(t)=0  sim=47.3s
epoch    6800  HO=-0.0248  meanSteps=  2015.1  copy=0.000  A(t)=0  sim=47.6s
epoch    6850  HO=-0.0253  meanSteps=  2051.3  copy=0.000  A(t)=0  sim=48.0s
epoch    6900  HO=-0.0248  meanSteps=  2029.9  copy=0.000  A(t)=0  sim=48.4s
epoch    6950  HO=-0.0250  meanSteps=  1992.1  copy=0.000  A(t)=0  sim=48.7s
epoch    7000  HO=-0.0247  meanSteps=  2001.7  copy=0.000  A(t)=0  sim=49.1s
epoch    7050  HO=-0.0243  meanSteps=  2013.3  copy=0.000  A(t)=0  sim=49.4s
epoch    7100  HO=-0.0249  meanSteps=  2016.8  copy=0.000  A(t)=0  sim=49.8s
epoch    7150  HO=-0.0246  meanSteps=  2004.2  copy=0.000  A(t)=0  sim=50.1s
epoch    7200  HO=-0.0248  meanSteps=  2048.2  copy=0.000  A(t)=0  sim=50.5s
epoch    7250  HO=-0.0249  meanSteps=  2075.0  copy=0.000  A(t)=0  sim=50.8s
epoch    7300  HO=-0.0246  meanSteps=  2060.9  copy=0.000  A(t)=0  sim=51.2s
epoch    7350  HO=-0.0245  meanSteps=  2024.6  copy=0.000  A(t)=0  sim=51.6s
epoch    7400  HO=-0.0243  meanSteps=  2037.0  copy=0.000  A(t)=0  sim=52.0s
epoch    7450  HO=-0.0249  meanSteps=  2002.5  copy=0.000  A(t)=0  sim=52.3s
epoch    7500  HO=-0.0251  meanSteps=  2049.5  copy=0.000  A(t)=0  sim=52.7s
epoch    7550  HO=-0.0252  meanSteps=  2039.8  copy=0.000  A(t)=0  sim=53.0s
epoch    7600  HO=-0.0248  meanSteps=  2018.8  copy=0.000  A(t)=0  sim=53.4s
epoch    7650  HO=-0.0246  meanSteps=  2033.5  copy=0.000  A(t)=0  sim=53.7s
epoch    7700  HO=-0.0245  meanSteps=  2029.8  copy=0.000  A(t)=0  sim=54.1s
epoch    7750  HO=-0.0241  meanSteps=  2015.5  copy=0.000  A(t)=0  sim=54.4s
epoch    7800  HO=-0.0242  meanSteps=  2011.8  copy=0.000  A(t)=0  sim=54.8s
epoch    7850  HO=-0.0237  meanSteps=  2037.0  copy=0.000  A(t)=0  sim=55.1s
epoch    7900  HO=-0.0233  meanSteps=  2039.4  copy=0.000  A(t)=0  sim=55.5s
epoch    7950  HO=-0.0241  meanSteps=  2002.6  copy=0.000  A(t)=0  sim=55.8s
epoch    8000  HO=-0.0240  meanSteps=  2006.5  copy=0.000  A(t)=0  sim=56.2s
epoch    8050  HO=-0.0228  meanSteps=  1988.4  copy=0.000  A(t)=0  sim=56.5s
epoch    8100  HO=-0.0233  meanSteps=  1988.6  copy=0.000  A(t)=0  sim=56.9s
epoch    8150  HO=-0.0229  meanSteps=  2028.7  copy=0.000  A(t)=0  sim=57.2s
epoch    8200  HO=-0.0227  meanSteps=  2040.3  copy=0.000  A(t)=0  sim=57.6s
epoch    8250  HO=-0.0226  meanSteps=  2047.7  copy=0.000  A(t)=0  sim=57.9s
epoch    8300  HO=-0.0230  meanSteps=  2009.0  copy=0.000  A(t)=0  sim=58.3s
epoch    8350  HO=-0.0232  meanSteps=  2014.0  copy=0.000  A(t)=0  sim=58.7s
epoch    8400  HO=-0.0231  meanSteps=  2058.6  copy=0.000  A(t)=0  sim=59.0s
epoch    8450  HO=-0.0237  meanSteps=  2006.7  copy=0.000  A(t)=0  sim=59.4s
epoch    8500  HO=-0.0239  meanSteps=  2047.3  copy=0.000  A(t)=0  sim=59.7s
epoch    8550  HO=-0.0243  meanSteps=  2078.6  copy=0.000  A(t)=0  sim=60.1s
epoch    8600  HO=-0.0243  meanSteps=  2119.6  copy=0.000  A(t)=0  sim=60.4s
epoch    8650  HO=-0.0239  meanSteps=  2096.7  copy=0.000  A(t)=0  sim=60.8s
epoch    8700  HO=-0.0246  meanSteps=  2057.9  copy=0.000  A(t)=0  sim=61.2s
epoch    8750  HO=-0.0254  meanSteps=  2013.6  copy=0.000  A(t)=0  sim=61.5s
epoch    8800  HO=-0.0248  meanSteps=  2020.9  copy=0.000  A(t)=0  sim=61.8s
epoch    8850  HO=-0.0241  meanSteps=  2014.9  copy=0.000  A(t)=0  sim=62.2s
epoch    8900  HO=-0.0250  meanSteps=  2010.8  copy=0.000  A(t)=0  sim=62.6s
epoch    8950  HO=-0.0244  meanSteps=  1999.3  copy=0.000  A(t)=0  sim=62.9s
epoch    9000  HO=-0.0240  meanSteps=  2053.3  copy=0.000  A(t)=0  sim=63.3s
epoch    9050  HO=-0.0235  meanSteps=  2049.3  copy=0.000  A(t)=0  sim=63.6s
epoch    9100  HO=-0.0234  meanSteps=  2032.2  copy=0.000  A(t)=0  sim=64.0s
epoch    9150  HO=-0.0240  meanSteps=  2026.1  copy=0.000  A(t)=0  sim=64.3s
epoch    9200  HO=-0.0236  meanSteps=  2043.4  copy=0.000  A(t)=0  sim=64.7s
epoch    9250  HO=-0.0236  meanSteps=  2032.5  copy=0.000  A(t)=0  sim=65.0s
epoch    9300  HO=-0.0238  meanSteps=  2049.4  copy=0.000  A(t)=0  sim=65.4s
epoch    9350  HO=-0.0240  meanSteps=  2029.7  copy=0.000  A(t)=0  sim=65.7s
epoch    9400  HO=-0.0245  meanSteps=  2063.2  copy=0.000  A(t)=0  sim=66.1s
epoch    9450  HO=-0.0242  meanSteps=  2099.8  copy=0.000  A(t)=0  sim=66.5s
epoch    9500  HO=-0.0250  meanSteps=  2083.6  copy=0.000  A(t)=0  sim=66.9s
epoch    9550  HO=-0.0248  meanSteps=  2005.8  copy=0.000  A(t)=0  sim=67.2s
epoch    9600  HO=-0.0246  meanSteps=  2010.8  copy=0.000  A(t)=0  sim=67.6s
epoch    9650  HO=-0.0249  meanSteps=  2035.7  copy=0.000  A(t)=0  sim=67.9s
epoch    9700  HO=-0.0252  meanSteps=  2055.3  copy=0.000  A(t)=0  sim=68.3s
epoch    9750  HO=-0.0259  meanSteps=  2076.1  copy=0.000  A(t)=0  sim=68.7s
epoch    9800  HO=-0.0257  meanSteps=  2010.7  copy=0.000  A(t)=0  sim=69.0s
epoch    9850  HO=-0.0239  meanSteps=  1990.5  copy=0.000  A(t)=0  sim=69.4s
epoch    9900  HO=-0.0234  meanSteps=  1990.7  copy=0.000  A(t)=0  sim=69.8s
epoch    9950  HO=-0.0235  meanSteps=  1974.4  copy=0.000  A(t)=0  sim=70.1s
epoch   10000  HO=-0.0236  meanSteps=  2044.5  copy=0.000  A(t)=0  sim=70.5s
epoch   10050  HO=-0.0239  meanSteps=  1977.0  copy=0.000  A(t)=0  sim=70.8s
epoch   10100  HO=-0.0239  meanSteps=  2001.3  copy=0.000  A(t)=0  sim=71.2s
epoch   10150  HO=-0.0242  meanSteps=  1971.5  copy=0.000  A(t)=0  sim=71.6s
epoch   10200  HO=-0.0240  meanSteps=  1961.5  copy=0.000  A(t)=0  sim=71.9s
epoch   10250  HO=-0.0249  meanSteps=  1995.1  copy=0.000  A(t)=0  sim=72.3s
epoch   10300  HO=-0.0254  meanSteps=  2013.8  copy=0.000  A(t)=0  sim=72.7s
epoch   10350  HO=-0.0244  meanSteps=  2018.0  copy=0.000  A(t)=0  sim=73.0s
epoch   10400  HO=-0.0247  meanSteps=  1999.2  copy=0.000  A(t)=0  sim=73.4s
epoch   10450  HO=-0.0244  meanSteps=  1969.6  copy=0.000  A(t)=0  sim=73.7s
epoch   10500  HO=-0.0237  meanSteps=  1942.7  copy=0.000  A(t)=0  sim=74.0s
epoch   10550  HO=-0.0236  meanSteps=  1926.6  copy=0.000  A(t)=0  sim=74.4s
epoch   10600  HO=-0.0237  meanSteps=  1887.8  copy=0.000  A(t)=0  sim=74.7s
epoch   10650  HO=-0.0236  meanSteps=  1827.8  copy=0.000  A(t)=0  sim=75.0s
epoch   10700  HO=-0.0245  meanSteps=  1851.6  copy=0.000  A(t)=0  sim=75.4s
epoch   10750  HO=-0.0250  meanSteps=  1850.2  copy=0.000  A(t)=0  sim=75.7s
epoch   10800  HO=-0.0242  meanSteps=  1860.6  copy=0.000  A(t)=0  sim=76.0s
epoch   10850  HO=-0.0225  meanSteps=  1835.7  copy=0.000  A(t)=0  sim=76.4s
epoch   10900  HO=-0.0238  meanSteps=  1858.2  copy=0.000  A(t)=0  sim=76.8s
epoch   10950  HO=-0.0243  meanSteps=  1918.2  copy=0.000  A(t)=0  sim=77.1s
epoch   11000  HO=-0.0244  meanSteps=  1855.1  copy=0.000  A(t)=0  sim=77.4s
epoch   11050  HO=-0.0251  meanSteps=  1802.9  copy=0.000  A(t)=0  sim=77.8s
epoch   11100  HO=-0.0255  meanSteps=  1795.6  copy=0.000  A(t)=0  sim=78.1s
epoch   11150  HO=-0.0247  meanSteps=  1832.9  copy=0.000  A(t)=0  sim=78.4s
epoch   11200  HO=-0.0251  meanSteps=  1822.4  copy=0.000  A(t)=0  sim=78.7s
epoch   11250  HO=-0.0248  meanSteps=  1812.7  copy=0.000  A(t)=0  sim=79.0s
epoch   11300  HO=-0.0232  meanSteps=  1812.7  copy=0.000  A(t)=0  sim=79.4s
epoch   11350  HO=-0.0239  meanSteps=  1826.2  copy=0.000  A(t)=0  sim=79.7s
epoch   11400  HO=-0.0239  meanSteps=  1828.7  copy=0.000  A(t)=0  sim=80.0s
epoch   11450  HO=-0.0240  meanSteps=  1785.3  copy=0.000  A(t)=0  sim=80.4s
epoch   11500  HO=-0.0242  meanSteps=  1802.6  copy=0.000  A(t)=0  sim=80.7s
epoch   11550  HO=-0.0235  meanSteps=  1813.2  copy=0.000  A(t)=0  sim=81.0s
epoch   11600  HO=-0.0243  meanSteps=  1809.3  copy=0.000  A(t)=0  sim=81.3s
epoch   11650  HO=-0.0240  meanSteps=  1827.8  copy=0.000  A(t)=0  sim=81.7s
epoch   11700  HO=-0.0241  meanSteps=  1805.7  copy=0.000  A(t)=0  sim=82.0s
epoch   11750  HO=-0.0237  meanSteps=  1828.0  copy=0.000  A(t)=0  sim=82.3s
epoch   11800  HO=-0.0231  meanSteps=  1839.6  copy=0.000  A(t)=0  sim=82.6s
epoch   11850  HO=-0.0238  meanSteps=  1822.0  copy=0.000  A(t)=0  sim=83.0s
epoch   11900  HO=-0.0241  meanSteps=  1825.9  copy=0.000  A(t)=0  sim=83.3s
epoch   11950  HO=-0.0236  meanSteps=  1853.4  copy=0.000  A(t)=0  sim=83.6s
epoch   12000  HO=-0.0239  meanSteps=  1876.8  copy=0.000  A(t)=0  sim=84.0s
epoch   12050  HO=-0.0243  meanSteps=  1920.8  copy=0.000  A(t)=0  sim=84.3s
epoch   12100  HO=-0.0240  meanSteps=  1967.3  copy=0.000  A(t)=0  sim=84.6s
epoch   12150  HO=-0.0253  meanSteps=  1957.9  copy=0.000  A(t)=0  sim=85.0s
epoch   12200  HO=-0.0252  meanSteps=  1956.5  copy=0.000  A(t)=0  sim=85.3s
epoch   12250  HO=-0.0256  meanSteps=  1980.6  copy=0.000  A(t)=0  sim=85.7s
epoch   12300  HO=-0.0246  meanSteps=  1946.3  copy=0.000  A(t)=0  sim=86.1s
epoch   12350  HO=-0.0254  meanSteps=  1969.6  copy=0.000  A(t)=0  sim=86.4s
epoch   12400  HO=-0.0245  meanSteps=  1919.3  copy=0.000  A(t)=0  sim=86.7s
epoch   12450  HO=-0.0258  meanSteps=  1917.3  copy=0.000  A(t)=0  sim=87.1s
epoch   12500  HO=-0.0256  meanSteps=  1878.8  copy=0.000  A(t)=0  sim=87.5s
epoch   12550  HO=-0.0252  meanSteps=  1921.4  copy=0.000  A(t)=0  sim=87.8s
epoch   12600  HO=-0.0247  meanSteps=  1921.7  copy=0.000  A(t)=0  sim=88.1s
epoch   12650  HO=-0.0247  meanSteps=  1906.1  copy=0.000  A(t)=0  sim=88.5s
epoch   12700  HO=-0.0240  meanSteps=  1920.5  copy=0.000  A(t)=0  sim=88.8s
epoch   12750  HO=-0.0243  meanSteps=  1953.8  copy=0.000  A(t)=0  sim=89.1s
epoch   12800  HO=-0.0243  meanSteps=  1932.3  copy=0.000  A(t)=0  sim=89.5s
epoch   12850  HO=-0.0244  meanSteps=  1955.2  copy=0.000  A(t)=0  sim=89.8s
epoch   12900  HO=-0.0235  meanSteps=  1969.7  copy=0.000  A(t)=0  sim=90.2s
epoch   12950  HO=-0.0231  meanSteps=  2000.3  copy=0.000  A(t)=0  sim=90.5s
epoch   13000  HO=-0.0237  meanSteps=  1984.4  copy=0.000  A(t)=0  sim=90.9s
epoch   13050  HO=-0.0243  meanSteps=  2066.2  copy=0.000  A(t)=0  sim=91.2s
epoch   13100  HO=-0.0246  meanSteps=  2107.1  copy=0.000  A(t)=0  sim=91.6s
epoch   13150  HO=-0.0246  meanSteps=  2058.6  copy=0.000  A(t)=0  sim=92.0s
epoch   13200  HO=-0.0247  meanSteps=  2114.9  copy=0.000  A(t)=0  sim=92.4s
epoch   13250  HO=-0.0245  meanSteps=  2092.5  copy=0.000  A(t)=0  sim=92.8s
epoch   13300  HO=-0.0249  meanSteps=  2061.1  copy=0.000  A(t)=0  sim=93.1s
epoch   13350  HO=-0.0252  meanSteps=  2045.6  copy=0.000  A(t)=0  sim=93.5s
epoch   13400  HO=-0.0254  meanSteps=  2045.0  copy=0.000  A(t)=0  sim=93.9s
epoch   13450  HO=-0.0255  meanSteps=  2038.2  copy=0.000  A(t)=0  sim=94.2s
epoch   13500  HO=-0.0259  meanSteps=  2031.6  copy=0.000  A(t)=0  sim=94.6s
epoch   13550  HO=-0.0257  meanSteps=  1996.4  copy=0.000  A(t)=0  sim=94.9s
epoch   13600  HO=-0.0258  meanSteps=  2033.6  copy=0.000  A(t)=0  sim=95.3s
epoch   13650  HO=-0.0251  meanSteps=  2016.5  copy=0.000  A(t)=0  sim=95.6s
epoch   13700  HO=-0.0257  meanSteps=  2041.5  copy=0.000  A(t)=0  sim=96.0s
epoch   13750  HO=-0.0262  meanSteps=  2049.8  copy=0.000  A(t)=0  sim=96.3s
epoch   13800  HO=-0.0256  meanSteps=  2080.4  copy=0.000  A(t)=0  sim=96.7s
epoch   13850  HO=-0.0257  meanSteps=  2094.7  copy=0.000  A(t)=0  sim=97.1s
epoch   13900  HO=-0.0264  meanSteps=  2103.4  copy=0.000  A(t)=0  sim=97.5s
epoch   13950  HO=-0.0258  meanSteps=  2056.8  copy=0.000  A(t)=0  sim=97.8s
epoch   14000  HO=-0.0255  meanSteps=  2046.0  copy=0.000  A(t)=0  sim=98.2s
epoch   14050  HO=-0.0247  meanSteps=  2032.1  copy=0.000  A(t)=0  sim=98.6s
epoch   14100  HO=-0.0241  meanSteps=  2042.4  copy=0.000  A(t)=0  sim=98.9s
epoch   14150  HO=-0.0245  meanSteps=  1987.7  copy=0.000  A(t)=0  sim=99.2s
epoch   14200  HO=-0.0247  meanSteps=  1993.0  copy=0.000  A(t)=0  sim=99.6s
epoch   14250  HO=-0.0254  meanSteps=  1959.4  copy=0.000  A(t)=0  sim=99.9s
epoch   14300  HO=-0.0261  meanSteps=  1973.2  copy=0.000  A(t)=0  sim=100.3s
epoch   14350  HO=-0.0266  meanSteps=  1918.4  copy=0.000  A(t)=0  sim=100.6s
epoch   14400  HO=-0.0264  meanSteps=  1938.2  copy=0.000  A(t)=0  sim=100.9s
epoch   14450  HO=-0.0264  meanSteps=  1969.2  copy=0.000  A(t)=0  sim=101.3s
epoch   14500  HO=-0.0265  meanSteps=  1950.8  copy=0.000  A(t)=0  sim=101.6s
epoch   14550  HO=-0.0264  meanSteps=  1959.5  copy=0.000  A(t)=0  sim=102.0s
epoch   14600  HO=-0.0259  meanSteps=  1951.5  copy=0.000  A(t)=0  sim=102.3s
epoch   14650  HO=-0.0259  meanSteps=  1985.7  copy=0.000  A(t)=0  sim=102.7s
epoch   14700  HO=-0.0262  meanSteps=  1998.9  copy=0.000  A(t)=0  sim=103.0s
epoch   14750  HO=-0.0255  meanSteps=  1991.5  copy=0.000  A(t)=0  sim=103.4s
epoch   14800  HO=-0.0255  meanSteps=  1984.2  copy=0.000  A(t)=0  sim=103.7s
epoch   14850  HO=-0.0255  meanSteps=  1932.9  copy=0.000  A(t)=0  sim=104.0s
epoch   14900  HO=-0.0262  meanSteps=  1917.0  copy=0.000  A(t)=0  sim=104.4s
epoch   14950  HO=-0.0261  meanSteps=  1882.8  copy=0.000  A(t)=0  sim=104.7s
epoch   15000  HO=-0.0263  meanSteps=  1843.9  copy=0.000  A(t)=0  sim=105.0s
epoch   15050  HO=-0.0263  meanSteps=  1843.2  copy=0.000  A(t)=0  sim=105.4s
epoch   15100  HO=-0.0261  meanSteps=  1874.3  copy=0.000  A(t)=0  sim=105.7s
epoch   15150  HO=-0.0254  meanSteps=  1871.1  copy=0.000  A(t)=0  sim=106.0s
epoch   15200  HO=-0.0259  meanSteps=  1921.0  copy=0.000  A(t)=0  sim=106.3s
epoch   15250  HO=-0.0255  meanSteps=  1905.4  copy=0.000  A(t)=0  sim=106.7s
epoch   15300  HO=-0.0255  meanSteps=  1880.0  copy=0.000  A(t)=0  sim=107.0s
epoch   15350  HO=-0.0255  meanSteps=  1868.7  copy=0.000  A(t)=0  sim=107.3s
epoch   15400  HO=-0.0247  meanSteps=  1860.9  copy=0.000  A(t)=0  sim=107.7s
epoch   15450  HO=-0.0248  meanSteps=  1900.8  copy=0.000  A(t)=0  sim=108.0s
epoch   15500  HO=-0.0256  meanSteps=  1907.0  copy=0.000  A(t)=0  sim=108.3s
epoch   15550  HO=-0.0249  meanSteps=  1903.3  copy=0.000  A(t)=0  sim=108.7s
epoch   15600  HO=-0.0247  meanSteps=  1885.5  copy=0.000  A(t)=0  sim=109.0s
epoch   15650  HO=-0.0247  meanSteps=  1921.4  copy=0.000  A(t)=0  sim=109.4s
epoch   15700  HO=-0.0254  meanSteps=  1878.4  copy=0.000  A(t)=0  sim=109.7s
epoch   15750  HO=-0.0253  meanSteps=  1880.7  copy=0.000  A(t)=0  sim=110.0s
epoch   15800  HO=-0.0253  meanSteps=  1882.0  copy=0.000  A(t)=0  sim=110.4s
epoch   15850  HO=-0.0250  meanSteps=  1828.1  copy=0.000  A(t)=0  sim=110.7s
epoch   15900  HO=-0.0245  meanSteps=  1834.8  copy=0.000  A(t)=0  sim=111.0s
epoch   15950  HO=-0.0252  meanSteps=  1832.3  copy=0.000  A(t)=0  sim=111.3s
epoch   16000  HO=-0.0257  meanSteps=  1861.1  copy=0.000  A(t)=0  sim=111.7s
epoch   16050  HO=-0.0254  meanSteps=  1830.0  copy=0.000  A(t)=0  sim=112.0s
epoch   16100  HO=-0.0250  meanSteps=  1837.4  copy=0.000  A(t)=0  sim=112.3s
epoch   16150  HO=-0.0253  meanSteps=  1842.9  copy=0.000  A(t)=0  sim=112.7s
epoch   16200  HO=-0.0261  meanSteps=  1865.5  copy=0.000  A(t)=0  sim=113.0s
epoch   16250  HO=-0.0258  meanSteps=  1850.5  copy=0.000  A(t)=0  sim=113.3s
epoch   16300  HO=-0.0259  meanSteps=  1838.8  copy=0.000  A(t)=0  sim=113.6s
epoch   16350  HO=-0.0253  meanSteps=  1833.2  copy=0.000  A(t)=0  sim=114.0s
epoch   16400  HO=-0.0245  meanSteps=  1846.8  copy=0.000  A(t)=0  sim=114.3s
epoch   16450  HO=-0.0248  meanSteps=  1880.1  copy=0.000  A(t)=0  sim=114.6s
epoch   16500  HO=-0.0243  meanSteps=  1894.0  copy=0.000  A(t)=0  sim=114.9s
epoch   16550  HO=-0.0248  meanSteps=  1885.1  copy=0.000  A(t)=0  sim=115.3s
epoch   16600  HO=-0.0244  meanSteps=  1911.8  copy=0.000  A(t)=0  sim=115.6s
epoch   16650  HO=-0.0248  meanSteps=  1886.7  copy=0.000  A(t)=0  sim=116.0s
epoch   16700  HO=-0.0250  meanSteps=  1882.6  copy=0.000  A(t)=0  sim=116.3s
epoch   16750  HO=-0.0255  meanSteps=  1862.1  copy=0.000  A(t)=0  sim=116.6s
epoch   16800  HO=-0.0255  meanSteps=  1817.1  copy=0.000  A(t)=0  sim=117.0s
epoch   16850  HO=-0.0247  meanSteps=  1843.9  copy=0.000  A(t)=0  sim=117.3s
epoch   16900  HO=-0.0249  meanSteps=  1893.4  copy=0.000  A(t)=0  sim=117.6s
epoch   16950  HO=-0.0257  meanSteps=  1927.4  copy=0.000  A(t)=0  sim=118.0s
epoch   17000  HO=-0.0255  meanSteps=  1958.9  copy=0.000  A(t)=0  sim=118.4s
epoch   17050  HO=-0.0256  meanSteps=  1957.2  copy=0.000  A(t)=0  sim=118.7s
epoch   17100  HO=-0.0250  meanSteps=  1962.9  copy=0.000  A(t)=0  sim=119.1s
epoch   17150  HO=-0.0243  meanSteps=  1965.0  copy=0.000  A(t)=0  sim=119.4s
epoch   17200  HO=-0.0247  meanSteps=  1967.8  copy=0.000  A(t)=0  sim=119.8s
epoch   17250  HO=-0.0253  meanSteps=  1956.6  copy=0.000  A(t)=0  sim=120.1s
epoch   17300  HO=-0.0261  meanSteps=  2018.9  copy=0.000  A(t)=0  sim=120.5s
epoch   17350  HO=-0.0256  meanSteps=  2082.2  copy=0.000  A(t)=0  sim=120.8s
epoch   17400  HO=-0.0252  meanSteps=  2010.3  copy=0.000  A(t)=0  sim=121.2s
epoch   17450  HO=-0.0244  meanSteps=  2000.1  copy=0.000  A(t)=0  sim=121.5s
epoch   17500  HO=-0.0250  meanSteps=  1927.3  copy=0.000  A(t)=0  sim=121.8s
epoch   17550  HO=-0.0246  meanSteps=  1972.2  copy=0.000  A(t)=0  sim=122.2s
epoch   17600  HO=-0.0249  meanSteps=  2016.5  copy=0.000  A(t)=0  sim=122.5s
epoch   17650  HO=-0.0244  meanSteps=  2010.8  copy=0.000  A(t)=0  sim=122.9s
epoch   17700  HO=-0.0255  meanSteps=  1992.6  copy=0.000  A(t)=0  sim=123.2s
epoch   17750  HO=-0.0252  meanSteps=  1961.6  copy=0.000  A(t)=0  sim=123.6s
epoch   17800  HO=-0.0253  meanSteps=  1927.2  copy=0.000  A(t)=0  sim=123.9s
epoch   17850  HO=-0.0255  meanSteps=  1979.0  copy=0.000  A(t)=0  sim=124.3s
epoch   17900  HO=-0.0256  meanSteps=  1990.9  copy=0.000  A(t)=0  sim=124.6s
epoch   17950  HO=-0.0260  meanSteps=  2012.4  copy=0.000  A(t)=0  sim=125.0s
epoch   18000  HO=-0.0258  meanSteps=  1963.6  copy=0.000  A(t)=0  sim=125.3s
epoch   18050  HO=-0.0263  meanSteps=  1977.3  copy=0.000  A(t)=0  sim=125.7s
epoch   18100  HO=-0.0255  meanSteps=  1974.5  copy=0.000  A(t)=0  sim=126.0s
epoch   18150  HO=-0.0249  meanSteps=  1972.6  copy=0.000  A(t)=0  sim=126.4s
epoch   18200  HO=-0.0252  meanSteps=  2005.4  copy=0.000  A(t)=0  sim=126.7s
epoch   18250  HO=-0.0250  meanSteps=  2076.9  copy=0.000  A(t)=0  sim=127.1s
epoch   18300  HO=-0.0246  meanSteps=  2096.9  copy=0.000  A(t)=0  sim=127.5s
epoch   18350  HO=-0.0249  meanSteps=  2047.8  copy=0.000  A(t)=0  sim=127.8s
epoch   18400  HO=-0.0246  meanSteps=  2028.5  copy=0.000  A(t)=0  sim=128.2s
epoch   18450  HO=-0.0245  meanSteps=  2012.3  copy=0.000  A(t)=0  sim=128.5s
epoch   18500  HO=-0.0247  meanSteps=  2014.5  copy=0.000  A(t)=0  sim=128.9s
epoch   18550  HO=-0.0251  meanSteps=  2032.2  copy=0.000  A(t)=0  sim=129.2s
epoch   18600  HO=-0.0252  meanSteps=  2060.4  copy=0.000  A(t)=0  sim=129.6s
epoch   18650  HO=-0.0257  meanSteps=  2006.8  copy=0.000  A(t)=0  sim=130.0s
epoch   18700  HO=-0.0262  meanSteps=  2006.0  copy=0.000  A(t)=0  sim=130.4s
epoch   18750  HO=-0.0260  meanSteps=  1996.9  copy=0.000  A(t)=0  sim=130.7s
epoch   18800  HO=-0.0258  meanSteps=  1965.0  copy=0.000  A(t)=0  sim=131.0s
epoch   18850  HO=-0.0263  meanSteps=  1937.4  copy=0.000  A(t)=0  sim=131.4s
epoch   18900  HO=-0.0258  meanSteps=  1913.8  copy=0.000  A(t)=0  sim=131.7s
epoch   18950  HO=-0.0249  meanSteps=  1903.5  copy=0.000  A(t)=0  sim=132.1s
epoch   19000  HO=-0.0255  meanSteps=  1951.7  copy=0.000  A(t)=0  sim=132.4s
epoch   19050  HO=-0.0258  meanSteps=  1928.6  copy=0.000  A(t)=0  sim=132.8s
epoch   19100  HO=-0.0254  meanSteps=  1950.4  copy=0.000  A(t)=0  sim=133.1s
epoch   19150  HO=-0.0261  meanSteps=  1930.1  copy=0.000  A(t)=0  sim=133.5s
epoch   19200  HO=-0.0259  meanSteps=  1951.8  copy=0.000  A(t)=0  sim=133.8s
epoch   19250  HO=-0.0254  meanSteps=  1906.0  copy=0.000  A(t)=0  sim=134.2s
epoch   19300  HO=-0.0255  meanSteps=  1893.4  copy=0.000  A(t)=0  sim=134.5s
epoch   19350  HO=-0.0258  meanSteps=  1886.3  copy=0.000  A(t)=0  sim=134.8s
epoch   19400  HO=-0.0265  meanSteps=  1924.6  copy=0.000  A(t)=0  sim=135.2s
epoch   19450  HO=-0.0258  meanSteps=  1922.0  copy=0.000  A(t)=0  sim=135.5s
epoch   19500  HO=-0.0263  meanSteps=  1928.9  copy=0.000  A(t)=0  sim=135.9s
epoch   19550  HO=-0.0264  meanSteps=  1961.3  copy=0.000  A(t)=0  sim=136.2s
epoch   19600  HO=-0.0260  meanSteps=  1978.0  copy=0.000  A(t)=0  sim=136.5s
epoch   19650  HO=-0.0257  meanSteps=  1926.9  copy=0.000  A(t)=0  sim=136.9s
epoch   19700  HO=-0.0254  meanSteps=  1906.4  copy=0.000  A(t)=0  sim=137.2s
epoch   19750  HO=-0.0259  meanSteps=  1938.3  copy=0.000  A(t)=0  sim=137.6s
epoch   19800  HO=-0.0259  meanSteps=  1969.8  copy=0.000  A(t)=0  sim=137.9s
epoch   19850  HO=-0.0252  meanSteps=  1972.2  copy=0.000  A(t)=0  sim=138.3s
epoch   19900  HO=-0.0263  meanSteps=  1973.5  copy=0.000  A(t)=0  sim=138.6s
epoch   19950  HO=-0.0261  meanSteps=  1976.8  copy=0.000  A(t)=0  sim=139.0s
epoch   20000  HO=-0.0260  meanSteps=  2035.4  copy=0.000  A(t)=0  sim=139.3s
epoch   20050  HO=-0.0260  meanSteps=  2018.3  copy=0.000  A(t)=0  sim=139.7s
epoch   20100  HO=-0.0255  meanSteps=  2097.0  copy=0.000  A(t)=0  sim=140.0s
epoch   20150  HO=-0.0250  meanSteps=  2075.3  copy=0.000  A(t)=0  sim=140.4s
epoch   20200  HO=-0.0252  meanSteps=  2152.5  copy=0.000  A(t)=0  sim=140.8s
epoch   20250  HO=-0.0249  meanSteps=  2117.6  copy=0.000  A(t)=0  sim=141.1s
epoch   20300  HO=-0.0253  meanSteps=  2115.2  copy=0.000  A(t)=0  sim=141.5s
epoch   20350  HO=-0.0252  meanSteps=  2137.7  copy=0.000  A(t)=0  sim=141.9s
epoch   20400  HO=-0.0245  meanSteps=  2127.6  copy=0.000  A(t)=0  sim=142.3s
epoch   20450  HO=-0.0242  meanSteps=  2159.1  copy=0.000  A(t)=0  sim=142.7s
epoch   20500  HO=-0.0245  meanSteps=  2149.5  copy=0.000  A(t)=0  sim=143.0s
epoch   20550  HO=-0.0247  meanSteps=  2081.9  copy=0.000  A(t)=0  sim=143.4s
epoch   20600  HO=-0.0243  meanSteps=  2056.7  copy=0.000  A(t)=0  sim=143.7s
epoch   20650  HO=-0.0246  meanSteps=  2049.3  copy=0.000  A(t)=0  sim=144.1s
epoch   20700  HO=-0.0253  meanSteps=  2095.7  copy=0.000  A(t)=0  sim=144.4s
epoch   20750  HO=-0.0252  meanSteps=  2079.3  copy=0.000  A(t)=0  sim=144.8s
epoch   20800  HO=-0.0249  meanSteps=  2053.6  copy=0.000  A(t)=0  sim=145.1s
epoch   20850  HO=-0.0250  meanSteps=  1983.5  copy=0.000  A(t)=0  sim=145.5s
epoch   20900  HO=-0.0246  meanSteps=  1996.4  copy=0.000  A(t)=0  sim=145.8s
epoch   20950  HO=-0.0250  meanSteps=  1968.4  copy=0.000  A(t)=0  sim=146.2s
epoch   21000  HO=-0.0252  meanSteps=  1934.9  copy=0.000  A(t)=0  sim=146.5s
epoch   21050  HO=-0.0251  meanSteps=  1917.1  copy=0.000  A(t)=0  sim=146.8s
epoch   21100  HO=-0.0252  meanSteps=  1954.9  copy=0.000  A(t)=0  sim=147.2s
epoch   21150  HO=-0.0250  meanSteps=  1923.2  copy=0.000  A(t)=0  sim=147.5s
epoch   21200  HO=-0.0250  meanSteps=  1936.8  copy=0.000  A(t)=0  sim=147.9s
epoch   21250  HO=-0.0249  meanSteps=  1954.0  copy=0.000  A(t)=0  sim=148.2s
epoch   21300  HO=-0.0254  meanSteps=  1938.2  copy=0.000  A(t)=0  sim=148.6s
epoch   21350  HO=-0.0249  meanSteps=  1972.0  copy=0.000  A(t)=0  sim=148.9s
epoch   21400  HO=-0.0248  meanSteps=  1930.9  copy=0.000  A(t)=0  sim=149.2s
epoch   21450  HO=-0.0243  meanSteps=  2012.4  copy=0.000  A(t)=0  sim=149.6s
epoch   21500  HO=-0.0243  meanSteps=  1992.5  copy=0.000  A(t)=0  sim=149.9s
epoch   21550  HO=-0.0248  meanSteps=  1955.7  copy=0.000  A(t)=0  sim=150.3s
epoch   21600  HO=-0.0256  meanSteps=  2026.6  copy=0.000  A(t)=0  sim=150.6s
epoch   21650  HO=-0.0248  meanSteps=  2031.0  copy=0.000  A(t)=0  sim=151.0s
epoch   21700  HO=-0.0235  meanSteps=  2007.2  copy=0.000  A(t)=0  sim=151.3s
epoch   21750  HO=-0.0234  meanSteps=  1971.0  copy=0.000  A(t)=0  sim=151.7s
epoch   21800  HO=-0.0238  meanSteps=  1948.9  copy=0.000  A(t)=0  sim=152.0s
epoch   21850  HO=-0.0241  meanSteps=  1965.6  copy=0.000  A(t)=0  sim=152.4s
epoch   21900  HO=-0.0242  meanSteps=  1913.6  copy=0.000  A(t)=0  sim=152.7s
epoch   21950  HO=-0.0244  meanSteps=  1955.7  copy=0.000  A(t)=0  sim=153.1s
epoch   22000  HO=-0.0246  meanSteps=  1975.4  copy=0.000  A(t)=0  sim=153.4s
epoch   22050  HO=-0.0236  meanSteps=  1968.3  copy=0.000  A(t)=0  sim=153.7s
epoch   22100  HO=-0.0235  meanSteps=  1907.8  copy=0.000  A(t)=0  sim=154.1s
epoch   22150  HO=-0.0232  meanSteps=  1867.6  copy=0.000  A(t)=0  sim=154.4s
epoch   22200  HO=-0.0235  meanSteps=  1904.1  copy=0.000  A(t)=0  sim=154.8s
epoch   22250  HO=-0.0237  meanSteps=  1852.2  copy=0.000  A(t)=0  sim=155.1s
epoch   22300  HO=-0.0233  meanSteps=  1834.6  copy=0.000  A(t)=0  sim=155.4s
epoch   22350  HO=-0.0245  meanSteps=  1865.2  copy=0.000  A(t)=0  sim=155.8s
epoch   22400  HO=-0.0243  meanSteps=  1923.3  copy=0.000  A(t)=0  sim=156.1s
epoch   22450  HO=-0.0246  meanSteps=  1925.4  copy=0.000  A(t)=0  sim=156.4s
epoch   22500  HO=-0.0243  meanSteps=  1938.7  copy=0.000  A(t)=0  sim=156.8s
epoch   22550  HO=-0.0245  meanSteps=  1938.7  copy=0.000  A(t)=0  sim=157.1s
epoch   22600  HO=-0.0246  meanSteps=  1997.1  copy=0.000  A(t)=0  sim=157.5s
epoch   22650  HO=-0.0240  meanSteps=  1978.2  copy=0.000  A(t)=0  sim=157.9s
epoch   22700  HO=-0.0240  meanSteps=  1972.3  copy=0.000  A(t)=0  sim=158.3s
epoch   22750  HO=-0.0246  meanSteps=  2007.6  copy=0.000  A(t)=0  sim=158.6s
epoch   22800  HO=-0.0248  meanSteps=  1971.2  copy=0.000  A(t)=0  sim=159.0s
epoch   22850  HO=-0.0249  meanSteps=  1963.4  copy=0.000  A(t)=0  sim=159.3s
epoch   22900  HO=-0.0249  meanSteps=  1989.7  copy=0.000  A(t)=0  sim=159.6s
epoch   22950  HO=-0.0246  meanSteps=  2014.3  copy=0.000  A(t)=0  sim=160.0s
epoch   23000  HO=-0.0243  meanSteps=  2008.4  copy=0.000  A(t)=0  sim=160.4s
epoch   23050  HO=-0.0244  meanSteps=  1963.5  copy=0.000  A(t)=0  sim=160.8s
epoch   23100  HO=-0.0245  meanSteps=  1999.6  copy=0.000  A(t)=0  sim=161.1s
epoch   23150  HO=-0.0245  meanSteps=  1972.5  copy=0.000  A(t)=0  sim=161.4s
epoch   23200  HO=-0.0243  meanSteps=  1978.4  copy=0.000  A(t)=0  sim=161.8s
epoch   23250  HO=-0.0238  meanSteps=  1971.2  copy=0.000  A(t)=0  sim=162.1s
epoch   23300  HO=-0.0233  meanSteps=  1943.5  copy=0.000  A(t)=0  sim=162.5s
epoch   23350  HO=-0.0234  meanSteps=  2002.2  copy=0.000  A(t)=0  sim=162.8s
epoch   23400  HO=-0.0231  meanSteps=  1952.6  copy=0.000  A(t)=0  sim=163.2s
epoch   23450  HO=-0.0225  meanSteps=  1937.3  copy=0.000  A(t)=0  sim=163.5s
epoch   23500  HO=-0.0222  meanSteps=  1907.9  copy=0.000  A(t)=0  sim=163.8s
epoch   23550  HO=-0.0229  meanSteps=  1860.1  copy=0.000  A(t)=0  sim=164.2s
epoch   23600  HO=-0.0224  meanSteps=  1887.9  copy=0.000  A(t)=0  sim=164.5s
epoch   23650  HO=-0.0225  meanSteps=  1876.8  copy=0.000  A(t)=0  sim=164.8s
epoch   23700  HO=-0.0228  meanSteps=  1853.3  copy=0.000  A(t)=0  sim=165.2s
epoch   23750  HO=-0.0231  meanSteps=  1869.5  copy=0.000  A(t)=0  sim=165.5s
epoch   23800  HO=-0.0241  meanSteps=  1912.2  copy=0.000  A(t)=0  sim=165.8s
epoch   23850  HO=-0.0236  meanSteps=  1885.2  copy=0.000  A(t)=0  sim=166.1s
epoch   23900  HO=-0.0236  meanSteps=  1875.6  copy=0.000  A(t)=0  sim=166.5s
epoch   23950  HO=-0.0233  meanSteps=  1867.6  copy=0.000  A(t)=0  sim=166.8s
epoch   24000  HO=-0.0233  meanSteps=  1887.9  copy=0.000  A(t)=0  sim=167.2s
epoch   24050  HO=-0.0225  meanSteps=  1897.7  copy=0.000  A(t)=0  sim=167.5s
epoch   24100  HO=-0.0231  meanSteps=  1859.7  copy=0.000  A(t)=0  sim=167.8s
epoch   24150  HO=-0.0239  meanSteps=  1832.2  copy=0.000  A(t)=0  sim=168.1s
epoch   24200  HO=-0.0232  meanSteps=  1829.7  copy=0.000  A(t)=0  sim=168.4s
epoch   24250  HO=-0.0235  meanSteps=  1819.8  copy=0.000  A(t)=0  sim=168.8s
epoch   24300  HO=-0.0235  meanSteps=  1792.1  copy=0.000  A(t)=0  sim=169.1s
epoch   24350  HO=-0.0231  meanSteps=  1823.5  copy=0.000  A(t)=0  sim=169.4s
epoch   24400  HO=-0.0226  meanSteps=  1808.2  copy=0.000  A(t)=0  sim=169.7s
epoch   24450  HO=-0.0231  meanSteps=  1758.6  copy=0.000  A(t)=0  sim=170.0s
epoch   24500  HO=-0.0227  meanSteps=  1810.0  copy=0.000  A(t)=0  sim=170.4s
epoch   24550  HO=-0.0224  meanSteps=  1872.3  copy=0.000  A(t)=0  sim=170.7s
epoch   24600  HO=-0.0228  meanSteps=  1857.1  copy=0.000  A(t)=0  sim=171.1s
epoch   24650  HO=-0.0226  meanSteps=  1846.8  copy=0.000  A(t)=0  sim=171.4s
epoch   24700  HO=-0.0224  meanSteps=  1886.1  copy=0.000  A(t)=0  sim=171.7s
epoch   24750  HO=-0.0226  meanSteps=  1878.0  copy=0.000  A(t)=0  sim=172.0s
epoch   24800  HO=-0.0225  meanSteps=  1888.6  copy=0.000  A(t)=0  sim=172.4s
epoch   24850  HO=-0.0222  meanSteps=  1918.8  copy=0.000  A(t)=0  sim=172.7s
epoch   24900  HO=-0.0227  meanSteps=  1932.9  copy=0.000  A(t)=0  sim=173.1s
epoch   24950  HO=-0.0228  meanSteps=  1927.3  copy=0.000  A(t)=0  sim=173.4s
epoch   25000  HO=-0.0225  meanSteps=  1925.2  copy=0.000  A(t)=0  sim=173.7s
epoch   25050  HO=-0.0221  meanSteps=  1885.8  copy=0.000  A(t)=0  sim=174.1s
epoch   25100  HO=-0.0220  meanSteps=  1939.8  copy=0.000  A(t)=0  sim=174.5s
epoch   25150  HO=-0.0228  meanSteps=  1940.4  copy=0.000  A(t)=0  sim=174.8s
epoch   25200  HO=-0.0230  meanSteps=  1924.5  copy=0.000  A(t)=0  sim=175.1s
epoch   25250  HO=-0.0225  meanSteps=  1901.2  copy=0.000  A(t)=0  sim=175.5s
epoch   25300  HO=-0.0232  meanSteps=  1929.3  copy=0.000  A(t)=0  sim=175.8s
epoch   25350  HO=-0.0233  meanSteps=  1961.8  copy=0.000  A(t)=0  sim=176.1s
epoch   25400  HO=-0.0233  meanSteps=  1978.4  copy=0.000  A(t)=0  sim=176.5s
epoch   25450  HO=-0.0238  meanSteps=  1972.9  copy=0.000  A(t)=0  sim=176.9s
epoch   25500  HO=-0.0232  meanSteps=  1978.1  copy=0.000  A(t)=0  sim=177.2s
epoch   25550  HO=-0.0233  meanSteps=  1966.5  copy=0.000  A(t)=0  sim=177.5s
epoch   25600  HO=-0.0229  meanSteps=  1967.0  copy=0.000  A(t)=0  sim=177.9s
epoch   25650  HO=-0.0228  meanSteps=  1944.0  copy=0.000  A(t)=0  sim=178.2s
epoch   25700  HO=-0.0227  meanSteps=  1947.4  copy=0.000  A(t)=0  sim=178.6s
epoch   25750  HO=-0.0224  meanSteps=  1919.9  copy=0.000  A(t)=0  sim=178.9s
epoch   25800  HO=-0.0228  meanSteps=  1867.0  copy=0.000  A(t)=0  sim=179.3s
epoch   25850  HO=-0.0230  meanSteps=  1872.1  copy=0.000  A(t)=0  sim=179.6s
epoch   25900  HO=-0.0229  meanSteps=  1796.1  copy=0.000  A(t)=0  sim=180.0s
epoch   25950  HO=-0.0230  meanSteps=  1802.7  copy=0.000  A(t)=0  sim=180.3s
epoch   26000  HO=-0.0232  meanSteps=  1794.4  copy=0.000  A(t)=0  sim=180.6s
epoch   26050  HO=-0.0237  meanSteps=  1799.9  copy=0.000  A(t)=0  sim=180.9s
epoch   26100  HO=-0.0234  meanSteps=  1806.7  copy=0.000  A(t)=0  sim=181.2s
epoch   26150  HO=-0.0230  meanSteps=  1832.8  copy=0.000  A(t)=0  sim=181.6s
epoch   26200  HO=-0.0226  meanSteps=  1818.8  copy=0.000  A(t)=0  sim=181.9s
epoch   26250  HO=-0.0226  meanSteps=  1822.8  copy=0.000  A(t)=0  sim=182.2s
epoch   26300  HO=-0.0227  meanSteps=  1822.4  copy=0.000  A(t)=0  sim=182.5s
epoch   26350  HO=-0.0229  meanSteps=  1819.5  copy=0.000  A(t)=0  sim=182.8s
epoch   26400  HO=-0.0227  meanSteps=  1760.9  copy=0.000  A(t)=0  sim=183.2s
epoch   26450  HO=-0.0224  meanSteps=  1822.2  copy=0.000  A(t)=0  sim=183.5s
epoch   26500  HO=-0.0226  meanSteps=  1856.9  copy=0.000  A(t)=0  sim=183.8s
epoch   26550  HO=-0.0222  meanSteps=  1889.2  copy=0.000  A(t)=0  sim=184.1s
epoch   26600  HO=-0.0224  meanSteps=  1865.9  copy=0.000  A(t)=0  sim=184.5s
epoch   26650  HO=-0.0223  meanSteps=  1880.4  copy=0.000  A(t)=0  sim=184.8s
epoch   26700  HO=-0.0219  meanSteps=  1867.6  copy=0.000  A(t)=0  sim=185.1s
epoch   26750  HO=-0.0217  meanSteps=  1862.6  copy=0.000  A(t)=0  sim=185.4s
epoch   26800  HO=-0.0215  meanSteps=  1860.7  copy=0.000  A(t)=0  sim=185.8s
epoch   26850  HO=-0.0216  meanSteps=  1839.7  copy=0.000  A(t)=0  sim=186.1s
epoch   26900  HO=-0.0220  meanSteps=  1839.0  copy=0.000  A(t)=0  sim=186.4s
epoch   26950  HO=-0.0221  meanSteps=  1858.2  copy=0.000  A(t)=0  sim=186.8s
epoch   27000  HO=-0.0227  meanSteps=  1873.5  copy=0.000  A(t)=0  sim=187.1s
epoch   27050  HO=-0.0222  meanSteps=  1855.8  copy=0.000  A(t)=0  sim=187.5s
epoch   27100  HO=-0.0232  meanSteps=  1920.1  copy=0.000  A(t)=0  sim=187.8s
epoch   27150  HO=-0.0228  meanSteps=  1976.6  copy=0.000  A(t)=0  sim=188.1s
epoch   27200  HO=-0.0229  meanSteps=  2007.1  copy=0.000  A(t)=0  sim=188.5s
epoch   27250  HO=-0.0232  meanSteps=  1995.0  copy=0.000  A(t)=0  sim=188.9s
epoch   27300  HO=-0.0231  meanSteps=  1995.0  copy=0.000  A(t)=0  sim=189.2s
epoch   27350  HO=-0.0222  meanSteps=  2050.4  copy=0.000  A(t)=0  sim=189.6s
epoch   27400  HO=-0.0219  meanSteps=  2022.6  copy=0.000  A(t)=0  sim=189.9s
epoch   27450  HO=-0.0218  meanSteps=  2029.1  copy=0.000  A(t)=0  sim=190.3s
epoch   27500  HO=-0.0226  meanSteps=  1974.5  copy=0.000  A(t)=0  sim=190.6s
epoch   27550  HO=-0.0238  meanSteps=  1995.8  copy=0.000  A(t)=0  sim=191.0s
epoch   27600  HO=-0.0239  meanSteps=  2002.7  copy=0.000  A(t)=0  sim=191.3s
epoch   27650  HO=-0.0243  meanSteps=  2004.9  copy=0.000  A(t)=0  sim=191.7s
epoch   27700  HO=-0.0238  meanSteps=  2007.0  copy=0.000  A(t)=0  sim=192.0s
epoch   27750  HO=-0.0229  meanSteps=  2007.9  copy=0.000  A(t)=0  sim=192.4s
epoch   27800  HO=-0.0226  meanSteps=  1967.4  copy=0.000  A(t)=0  sim=192.7s
epoch   27850  HO=-0.0225  meanSteps=  1994.6  copy=0.000  A(t)=0  sim=193.1s
epoch   27900  HO=-0.0227  meanSteps=  1949.3  copy=0.000  A(t)=0  sim=193.4s
epoch   27950  HO=-0.0230  meanSteps=  1979.9  copy=0.000  A(t)=0  sim=193.7s
epoch   28000  HO=-0.0240  meanSteps=  2009.1  copy=0.000  A(t)=0  sim=194.1s
epoch   28050  HO=-0.0240  meanSteps=  2038.4  copy=0.000  A(t)=0  sim=194.4s
epoch   28100  HO=-0.0231  meanSteps=  2033.4  copy=0.000  A(t)=0  sim=194.8s
epoch   28150  HO=-0.0238  meanSteps=  2058.7  copy=0.000  A(t)=0  sim=195.1s
epoch   28200  HO=-0.0236  meanSteps=  2069.1  copy=0.000  A(t)=0  sim=195.5s
epoch   28250  HO=-0.0234  meanSteps=  2106.1  copy=0.000  A(t)=0  sim=195.9s
epoch   28300  HO=-0.0238  meanSteps=  2168.6  copy=0.000  A(t)=0  sim=196.2s
epoch   28350  HO=-0.0236  meanSteps=  2204.9  copy=0.000  A(t)=0  sim=196.6s
epoch   28400  HO=-0.0233  meanSteps=  2212.5  copy=0.000  A(t)=0  sim=197.0s
epoch   28450  HO=-0.0226  meanSteps=  2260.3  copy=0.000  A(t)=0  sim=197.4s
epoch   28500  HO=-0.0230  meanSteps=  2196.0  copy=0.000  A(t)=0  sim=197.7s
epoch   28550  HO=-0.0234  meanSteps=  2187.1  copy=0.000  A(t)=0  sim=198.1s
epoch   28600  HO=-0.0241  meanSteps=  2128.4  copy=0.000  A(t)=0  sim=198.5s
epoch   28650  HO=-0.0235  meanSteps=  2118.0  copy=0.000  A(t)=0  sim=198.9s
epoch   28700  HO=-0.0237  meanSteps=  2041.4  copy=0.000  A(t)=0  sim=199.2s
epoch   28750  HO=-0.0237  meanSteps=  2062.0  copy=0.000  A(t)=0  sim=199.6s
epoch   28800  HO=-0.0235  meanSteps=  1948.9  copy=0.000  A(t)=0  sim=200.0s
epoch   28850  HO=-0.0233  meanSteps=  1954.5  copy=0.000  A(t)=0  sim=200.3s
epoch   28900  HO=-0.0227  meanSteps=  1965.9  copy=0.000  A(t)=0  sim=200.7s
epoch   28950  HO=-0.0232  meanSteps=  1966.8  copy=0.000  A(t)=0  sim=201.0s
epoch   29000  HO=-0.0241  meanSteps=  1970.6  copy=0.000  A(t)=0  sim=201.4s
epoch   29050  HO=-0.0242  meanSteps=  1910.6  copy=0.000  A(t)=0  sim=201.7s
epoch   29100  HO=-0.0243  meanSteps=  1880.1  copy=0.000  A(t)=0  sim=202.0s
epoch   29150  HO=-0.0241  meanSteps=  1936.2  copy=0.000  A(t)=0  sim=202.4s
epoch   29200  HO=-0.0239  meanSteps=  1919.5  copy=0.000  A(t)=0  sim=202.7s
epoch   29250  HO=-0.0236  meanSteps=  1942.2  copy=0.000  A(t)=0  sim=203.1s
epoch   29300  HO=-0.0236  meanSteps=  1965.3  copy=0.000  A(t)=0  sim=203.4s
epoch   29350  HO=-0.0241  meanSteps=  2014.1  copy=0.000  A(t)=0  sim=203.8s
epoch   29400  HO=-0.0237  meanSteps=  2016.4  copy=0.000  A(t)=0  sim=204.1s
epoch   29450  HO=-0.0242  meanSteps=  2018.2  copy=0.000  A(t)=0  sim=204.5s
epoch   29500  HO=-0.0240  meanSteps=  2007.1  copy=0.000  A(t)=0  sim=204.8s
epoch   29550  HO=-0.0242  meanSteps=  2047.1  copy=0.000  A(t)=0  sim=205.2s
epoch   29600  HO=-0.0240  meanSteps=  2033.6  copy=0.000  A(t)=0  sim=205.5s
epoch   29650  HO=-0.0239  meanSteps=  2009.3  copy=0.000  A(t)=0  sim=205.9s
epoch   29700  HO=-0.0237  meanSteps=  2054.8  copy=0.000  A(t)=0  sim=206.2s
epoch   29750  HO=-0.0236  meanSteps=  2069.9  copy=0.000  A(t)=0  sim=206.6s
epoch   29800  HO=-0.0232  meanSteps=  2093.1  copy=0.000  A(t)=0  sim=207.0s
epoch   29850  HO=-0.0224  meanSteps=  2148.8  copy=0.000  A(t)=0  sim=207.4s
epoch   29900  HO=-0.0220  meanSteps=  2137.7  copy=0.000  A(t)=0  sim=207.7s
epoch   29950  HO=-0.0222  meanSteps=  2145.0  copy=0.000  A(t)=0  sim=208.1s
epoch   30000  HO=-0.0220  meanSteps=  2188.9  copy=0.000  A(t)=0  sim=208.5s
epoch   30050  HO=-0.0219  meanSteps=  2194.0  copy=0.000  A(t)=0  sim=208.8s
epoch   30100  HO=-0.0222  meanSteps=  2170.9  copy=0.000  A(t)=0  sim=209.2s
epoch   30150  HO=-0.0226  meanSteps=  2230.0  copy=0.000  A(t)=0  sim=209.6s
epoch   30200  HO=-0.0228  meanSteps=  2237.2  copy=0.000  A(t)=0  sim=209.9s
epoch   30250  HO=-0.0230  meanSteps=  2189.9  copy=0.000  A(t)=0  sim=210.3s
epoch   30300  HO=-0.0232  meanSteps=  2228.4  copy=0.000  A(t)=0  sim=210.7s
epoch   30350  HO=-0.0236  meanSteps=  2211.1  copy=0.000  A(t)=0  sim=211.1s
epoch   30400  HO=-0.0244  meanSteps=  2150.7  copy=0.000  A(t)=0  sim=211.4s
epoch   30450  HO=-0.0240  meanSteps=  2179.9  copy=0.000  A(t)=0  sim=211.8s
epoch   30500  HO=-0.0246  meanSteps=  2074.2  copy=0.000  A(t)=0  sim=212.2s
epoch   30550  HO=-0.0244  meanSteps=  2063.4  copy=0.000  A(t)=0  sim=212.5s
epoch   30600  HO=-0.0237  meanSteps=  2036.0  copy=0.000  A(t)=0  sim=212.9s
epoch   30650  HO=-0.0244  meanSteps=  1998.1  copy=0.000  A(t)=0  sim=213.2s
epoch   30700  HO=-0.0243  meanSteps=  2002.6  copy=0.000  A(t)=0  sim=213.6s
epoch   30750  HO=-0.0242  meanSteps=  1967.9  copy=0.000  A(t)=0  sim=213.9s
epoch   30800  HO=-0.0235  meanSteps=  1966.3  copy=0.000  A(t)=0  sim=214.3s
epoch   30850  HO=-0.0234  meanSteps=  1964.4  copy=0.000  A(t)=0  sim=214.6s
epoch   30900  HO=-0.0231  meanSteps=  1922.3  copy=0.000  A(t)=0  sim=215.0s
epoch   30950  HO=-0.0234  meanSteps=  1916.2  copy=0.000  A(t)=0  sim=215.3s
epoch   31000  HO=-0.0244  meanSteps=  1941.3  copy=0.000  A(t)=0  sim=215.6s
epoch   31050  HO=-0.0250  meanSteps=  1963.8  copy=0.000  A(t)=0  sim=216.0s
epoch   31100  HO=-0.0256  meanSteps=  1975.4  copy=0.000  A(t)=0  sim=216.3s
epoch   31150  HO=-0.0249  meanSteps=  1963.3  copy=0.000  A(t)=0  sim=216.6s
epoch   31200  HO=-0.0247  meanSteps=  1974.9  copy=0.000  A(t)=0  sim=217.0s
epoch   31250  HO=-0.0254  meanSteps=  1987.2  copy=0.000  A(t)=0  sim=217.3s
epoch   31300  HO=-0.0248  meanSteps=  2009.2  copy=0.000  A(t)=0  sim=217.7s
epoch   31350  HO=-0.0249  meanSteps=  2062.1  copy=0.000  A(t)=0  sim=218.0s
epoch   31400  HO=-0.0255  meanSteps=  2093.1  copy=0.000  A(t)=0  sim=218.4s
epoch   31450  HO=-0.0256  meanSteps=  2040.6  copy=0.000  A(t)=0  sim=218.7s
epoch   31500  HO=-0.0247  meanSteps=  2085.8  copy=0.000  A(t)=0  sim=219.1s
epoch   31550  HO=-0.0243  meanSteps=  2034.5  copy=0.000  A(t)=0  sim=219.4s
epoch   31600  HO=-0.0241  meanSteps=  1998.9  copy=0.000  A(t)=0  sim=219.8s
epoch   31650  HO=-0.0249  meanSteps=  2020.5  copy=0.000  A(t)=0  sim=220.1s
epoch   31700  HO=-0.0250  meanSteps=  2014.1  copy=0.000  A(t)=0  sim=220.5s
epoch   31750  HO=-0.0253  meanSteps=  1979.0  copy=0.000  A(t)=0  sim=220.8s
epoch   31800  HO=-0.0247  meanSteps=  1984.6  copy=0.000  A(t)=0  sim=221.2s
epoch   31850  HO=-0.0245  meanSteps=  1962.0  copy=0.000  A(t)=0  sim=221.5s
epoch   31900  HO=-0.0238  meanSteps=  1984.4  copy=0.000  A(t)=0  sim=221.8s
epoch   31950  HO=-0.0237  meanSteps=  2002.5  copy=0.000  A(t)=0  sim=222.2s
epoch   32000  HO=-0.0244  meanSteps=  2016.6  copy=0.000  A(t)=0  sim=222.5s
epoch   32050  HO=-0.0242  meanSteps=  2040.5  copy=0.000  A(t)=0  sim=222.9s
epoch   32100  HO=-0.0241  meanSteps=  2040.7  copy=0.000  A(t)=0  sim=223.3s
epoch   32150  HO=-0.0243  meanSteps=  2008.7  copy=0.000  A(t)=0  sim=223.6s
epoch   32200  HO=-0.0244  meanSteps=  1962.5  copy=0.000  A(t)=0  sim=224.0s
epoch   32250  HO=-0.0243  meanSteps=  1939.0  copy=0.000  A(t)=0  sim=224.3s
epoch   32300  HO=-0.0252  meanSteps=  1858.0  copy=0.000  A(t)=0  sim=224.6s
epoch   32350  HO=-0.0256  meanSteps=  1853.2  copy=0.000  A(t)=0  sim=224.9s
epoch   32400  HO=-0.0248  meanSteps=  1815.6  copy=0.000  A(t)=0  sim=225.3s
epoch   32450  HO=-0.0239  meanSteps=  1874.0  copy=0.000  A(t)=0  sim=225.6s
epoch   32500  HO=-0.0238  meanSteps=  1924.5  copy=0.000  A(t)=0  sim=225.9s
epoch   32550  HO=-0.0232  meanSteps=  1927.6  copy=0.000  A(t)=0  sim=226.3s
epoch   32600  HO=-0.0234  meanSteps=  1971.2  copy=0.000  A(t)=0  sim=226.6s
epoch   32650  HO=-0.0239  meanSteps=  1962.1  copy=0.000  A(t)=0  sim=227.0s
epoch   32700  HO=-0.0246  meanSteps=  2003.7  copy=0.000  A(t)=0  sim=227.3s
epoch   32750  HO=-0.0242  meanSteps=  2062.6  copy=0.000  A(t)=0  sim=227.7s
epoch   32800  HO=-0.0241  meanSteps=  2014.2  copy=0.000  A(t)=0  sim=228.0s
epoch   32850  HO=-0.0237  meanSteps=  1983.4  copy=0.000  A(t)=0  sim=228.4s
epoch   32900  HO=-0.0235  meanSteps=  1905.7  copy=0.000  A(t)=0  sim=228.7s
epoch   32950  HO=-0.0240  meanSteps=  1893.0  copy=0.000  A(t)=0  sim=229.0s
epoch   33000  HO=-0.0240  meanSteps=  1883.3  copy=0.000  A(t)=0  sim=229.4s
epoch   33050  HO=-0.0245  meanSteps=  1838.5  copy=0.000  A(t)=0  sim=229.7s
epoch   33100  HO=-0.0247  meanSteps=  1843.0  copy=0.000  A(t)=0  sim=230.0s
epoch   33150  HO=-0.0252  meanSteps=  1841.4  copy=0.000  A(t)=0  sim=230.3s
epoch   33200  HO=-0.0253  meanSteps=  1885.4  copy=0.000  A(t)=0  sim=230.7s
epoch   33250  HO=-0.0251  meanSteps=  1884.9  copy=0.000  A(t)=0  sim=231.0s
epoch   33300  HO=-0.0250  meanSteps=  1922.9  copy=0.000  A(t)=0  sim=231.3s
epoch   33350  HO=-0.0256  meanSteps=  1903.7  copy=0.000  A(t)=0  sim=231.7s
epoch   33400  HO=-0.0251  meanSteps=  1837.6  copy=0.000  A(t)=0  sim=232.0s
epoch   33450  HO=-0.0250  meanSteps=  1875.0  copy=0.000  A(t)=0  sim=232.3s
epoch   33500  HO=-0.0249  meanSteps=  1909.8  copy=0.000  A(t)=0  sim=232.6s
epoch   33550  HO=-0.0248  meanSteps=  1886.4  copy=0.000  A(t)=0  sim=233.0s
epoch   33600  HO=-0.0253  meanSteps=  1911.7  copy=0.000  A(t)=0  sim=233.4s
epoch   33650  HO=-0.0250  meanSteps=  1905.4  copy=0.000  A(t)=0  sim=233.7s
epoch   33700  HO=-0.0251  meanSteps=  1882.0  copy=0.000  A(t)=0  sim=234.0s
epoch   33750  HO=-0.0253  meanSteps=  1947.9  copy=0.000  A(t)=0  sim=234.3s
epoch   33800  HO=-0.0256  meanSteps=  1988.2  copy=0.000  A(t)=0  sim=234.7s
epoch   33850  HO=-0.0256  meanSteps=  2013.2  copy=0.000  A(t)=0  sim=235.0s
epoch   33900  HO=-0.0259  meanSteps=  2022.8  copy=0.000  A(t)=0  sim=235.4s
epoch   33950  HO=-0.0267  meanSteps=  2030.3  copy=0.000  A(t)=0  sim=235.7s
epoch   34000  HO=-0.0264  meanSteps=  2038.1  copy=0.000  A(t)=0  sim=236.1s
epoch   34050  HO=-0.0263  meanSteps=  2036.0  copy=0.000  A(t)=0  sim=236.4s
epoch   34100  HO=-0.0262  meanSteps=  2000.1  copy=0.000  A(t)=0  sim=236.8s
epoch   34150  HO=-0.0269  meanSteps=  1997.5  copy=0.000  A(t)=0  sim=237.1s
epoch   34200  HO=-0.0265  meanSteps=  2010.5  copy=0.000  A(t)=0  sim=237.5s
epoch   34250  HO=-0.0261  meanSteps=  2013.3  copy=0.000  A(t)=0  sim=237.8s
epoch   34300  HO=-0.0258  meanSteps=  1983.2  copy=0.000  A(t)=0  sim=238.2s
epoch   34350  HO=-0.0265  meanSteps=  1974.9  copy=0.000  A(t)=0  sim=238.5s
epoch   34400  HO=-0.0269  meanSteps=  1942.2  copy=0.000  A(t)=0  sim=238.8s
epoch   34450  HO=-0.0265  meanSteps=  1920.5  copy=0.000  A(t)=0  sim=239.2s
epoch   34500  HO=-0.0263  meanSteps=  1985.4  copy=0.000  A(t)=0  sim=239.5s
epoch   34550  HO=-0.0261  meanSteps=  1954.0  copy=0.000  A(t)=0  sim=239.9s
epoch   34600  HO=-0.0259  meanSteps=  1933.9  copy=0.000  A(t)=0  sim=240.2s
epoch   34650  HO=-0.0258  meanSteps=  1948.2  copy=0.000  A(t)=0  sim=240.5s
epoch   34700  HO=-0.0259  meanSteps=  1933.1  copy=0.000  A(t)=0  sim=240.9s
epoch   34750  HO=-0.0268  meanSteps=  1934.7  copy=0.000  A(t)=0  sim=241.2s
epoch   34800  HO=-0.0272  meanSteps=  1918.0  copy=0.000  A(t)=0  sim=241.5s
epoch   34850  HO=-0.0274  meanSteps=  1921.9  copy=0.000  A(t)=0  sim=241.9s
epoch   34900  HO=-0.0273  meanSteps=  1908.5  copy=0.000  A(t)=0  sim=242.2s
epoch   34950  HO=-0.0269  meanSteps=  1921.0  copy=0.000  A(t)=0  sim=242.5s
epoch   35000  HO=-0.0260  meanSteps=  1964.4  copy=0.000  A(t)=0  sim=242.9s
epoch   35050  HO=-0.0255  meanSteps=  1963.3  copy=0.000  A(t)=0  sim=243.2s
epoch   35100  HO=-0.0260  meanSteps=  1931.7  copy=0.000  A(t)=0  sim=243.6s
epoch   35150  HO=-0.0258  meanSteps=  1933.2  copy=0.000  A(t)=0  sim=243.9s
epoch   35200  HO=-0.0252  meanSteps=  1931.7  copy=0.000  A(t)=0  sim=244.2s
epoch   35250  HO=-0.0257  meanSteps=  1951.2  copy=0.000  A(t)=0  sim=244.6s
epoch   35300  HO=-0.0269  meanSteps=  1947.8  copy=0.000  A(t)=0  sim=244.9s
epoch   35350  HO=-0.0267  meanSteps=  1976.5  copy=0.000  A(t)=0  sim=245.3s
epoch   35400  HO=-0.0273  meanSteps=  1983.7  copy=0.000  A(t)=0  sim=245.6s
epoch   35450  HO=-0.0274  meanSteps=  1952.1  copy=0.000  A(t)=0  sim=245.9s
epoch   35500  HO=-0.0277  meanSteps=  1941.7  copy=0.000  A(t)=0  sim=246.3s
epoch   35550  HO=-0.0271  meanSteps=  1996.9  copy=0.000  A(t)=0  sim=246.6s
epoch   35600  HO=-0.0277  meanSteps=  2017.2  copy=0.000  A(t)=0  sim=247.0s
epoch   35650  HO=-0.0270  meanSteps=  2042.7  copy=0.000  A(t)=0  sim=247.3s
epoch   35700  HO=-0.0263  meanSteps=  2050.8  copy=0.000  A(t)=0  sim=247.7s
epoch   35750  HO=-0.0256  meanSteps=  2054.3  copy=0.000  A(t)=0  sim=248.0s
epoch   35800  HO=-0.0264  meanSteps=  2080.3  copy=0.000  A(t)=0  sim=248.4s
epoch   35850  HO=-0.0260  meanSteps=  2046.9  copy=0.000  A(t)=0  sim=248.7s
epoch   35900  HO=-0.0259  meanSteps=  2028.1  copy=0.000  A(t)=0  sim=249.1s
epoch   35950  HO=-0.0270  meanSteps=  2059.3  copy=0.000  A(t)=0  sim=249.4s
epoch   36000  HO=-0.0265  meanSteps=  2093.6  copy=0.000  A(t)=0  sim=249.8s
epoch   36050  HO=-0.0267  meanSteps=  2155.4  copy=0.000  A(t)=0  sim=250.1s
epoch   36100  HO=-0.0267  meanSteps=  2187.3  copy=0.000  A(t)=0  sim=250.5s
epoch   36150  HO=-0.0270  meanSteps=  2170.4  copy=0.000  A(t)=0  sim=250.9s
epoch   36200  HO=-0.0271  meanSteps=  2181.7  copy=0.000  A(t)=0  sim=251.2s
epoch   36250  HO=-0.0267  meanSteps=  2140.6  copy=0.000  A(t)=0  sim=251.6s
epoch   36300  HO=-0.0270  meanSteps=  2091.6  copy=0.000  A(t)=0  sim=251.9s
epoch   36350  HO=-0.0271  meanSteps=  2099.9  copy=0.000  A(t)=0  sim=252.3s
epoch   36400  HO=-0.0259  meanSteps=  2168.1  copy=0.000  A(t)=0  sim=252.7s
epoch   36450  HO=-0.0271  meanSteps=  2150.4  copy=0.000  A(t)=0  sim=253.0s
epoch   36500  HO=-0.0273  meanSteps=  2180.9  copy=0.000  A(t)=0  sim=253.4s
epoch   36550  HO=-0.0270  meanSteps=  2169.9  copy=0.000  A(t)=0  sim=253.8s
epoch   36600  HO=-0.0272  meanSteps=  2134.2  copy=0.000  A(t)=0  sim=254.1s
epoch   36650  HO=-0.0275  meanSteps=  2168.7  copy=0.000  A(t)=0  sim=254.5s
epoch   36700  HO=-0.0274  meanSteps=  2159.5  copy=0.000  A(t)=0  sim=254.9s
epoch   36750  HO=-0.0268  meanSteps=  2155.7  copy=0.000  A(t)=0  sim=255.2s
epoch   36800  HO=-0.0263  meanSteps=  2123.3  copy=0.000  A(t)=0  sim=255.6s
epoch   36850  HO=-0.0269  meanSteps=  2068.8  copy=0.000  A(t)=0  sim=256.0s
epoch   36900  HO=-0.0272  meanSteps=  2091.6  copy=0.000  A(t)=0  sim=256.3s
epoch   36950  HO=-0.0274  meanSteps=  2031.6  copy=0.000  A(t)=0  sim=256.7s
epoch   37000  HO=-0.0275  meanSteps=  2060.9  copy=0.000  A(t)=0  sim=257.1s
epoch   37050  HO=-0.0271  meanSteps=  2057.1  copy=0.000  A(t)=0  sim=257.4s
epoch   37100  HO=-0.0272  meanSteps=  2049.4  copy=0.000  A(t)=0  sim=257.8s
epoch   37150  HO=-0.0268  meanSteps=  1964.2  copy=0.000  A(t)=0  sim=258.1s
epoch   37200  HO=-0.0265  meanSteps=  1949.9  copy=0.000  A(t)=0  sim=258.5s
epoch   37250  HO=-0.0265  meanSteps=  1961.5  copy=0.000  A(t)=0  sim=258.8s
epoch   37300  HO=-0.0266  meanSteps=  2008.7  copy=0.000  A(t)=0  sim=259.2s
epoch   37350  HO=-0.0272  meanSteps=  1980.0  copy=0.000  A(t)=0  sim=259.5s
epoch   37400  HO=-0.0270  meanSteps=  1995.5  copy=0.000  A(t)=0  sim=259.9s
epoch   37450  HO=-0.0264  meanSteps=  1958.7  copy=0.000  A(t)=0  sim=260.2s
epoch   37500  HO=-0.0270  meanSteps=  1959.7  copy=0.000  A(t)=0  sim=260.5s
epoch   37550  HO=-0.0268  meanSteps=  1902.6  copy=0.000  A(t)=0  sim=260.9s
epoch   37600  HO=-0.0259  meanSteps=  1843.9  copy=0.000  A(t)=0  sim=261.2s
epoch   37650  HO=-0.0254  meanSteps=  1797.9  copy=0.000  A(t)=0  sim=261.5s
epoch   37700  HO=-0.0259  meanSteps=  1824.4  copy=0.000  A(t)=0  sim=261.8s
epoch   37750  HO=-0.0257  meanSteps=  1806.2  copy=0.000  A(t)=0  sim=262.2s
epoch   37800  HO=-0.0255  meanSteps=  1768.9  copy=0.000  A(t)=0  sim=262.5s
epoch   37850  HO=-0.0254  meanSteps=  1791.9  copy=0.000  A(t)=0  sim=262.8s
epoch   37900  HO=-0.0252  meanSteps=  1797.9  copy=0.000  A(t)=0  sim=263.1s
epoch   37950  HO=-0.0241  meanSteps=  1834.1  copy=0.000  A(t)=0  sim=263.5s
epoch   38000  HO=-0.0244  meanSteps=  1857.7  copy=0.000  A(t)=0  sim=263.9s
epoch   38050  HO=-0.0246  meanSteps=  1817.3  copy=0.000  A(t)=0  sim=264.2s
epoch   38100  HO=-0.0244  meanSteps=  1812.2  copy=0.000  A(t)=0  sim=264.6s
epoch   38150  HO=-0.0240  meanSteps=  1812.7  copy=0.000  A(t)=0  sim=264.9s
epoch   38200  HO=-0.0242  meanSteps=  1785.4  copy=0.000  A(t)=0  sim=265.2s
epoch   38250  HO=-0.0241  meanSteps=  1749.1  copy=0.000  A(t)=0  sim=265.5s
epoch   38300  HO=-0.0245  meanSteps=  1744.4  copy=0.000  A(t)=0  sim=265.9s
epoch   38350  HO=-0.0246  meanSteps=  1816.6  copy=0.000  A(t)=0  sim=266.2s
epoch   38400  HO=-0.0245  meanSteps=  1762.8  copy=0.000  A(t)=0  sim=266.5s
epoch   38450  HO=-0.0249  meanSteps=  1841.0  copy=0.000  A(t)=0  sim=266.8s
epoch   38500  HO=-0.0249  meanSteps=  1813.2  copy=0.000  A(t)=0  sim=267.2s
epoch   38550  HO=-0.0254  meanSteps=  1862.9  copy=0.000  A(t)=0  sim=267.5s
epoch   38600  HO=-0.0254  meanSteps=  1841.9  copy=0.000  A(t)=0  sim=267.8s
epoch   38650  HO=-0.0251  meanSteps=  1869.4  copy=0.000  A(t)=0  sim=268.1s
epoch   38700  HO=-0.0246  meanSteps=  1865.4  copy=0.000  A(t)=0  sim=268.5s
epoch   38750  HO=-0.0248  meanSteps=  1907.1  copy=0.000  A(t)=0  sim=268.8s
epoch   38800  HO=-0.0254  meanSteps=  1867.8  copy=0.000  A(t)=0  sim=269.1s
epoch   38850  HO=-0.0257  meanSteps=  1885.6  copy=0.000  A(t)=0  sim=269.5s
epoch   38900  HO=-0.0254  meanSteps=  1846.9  copy=0.000  A(t)=0  sim=269.8s
epoch   38950  HO=-0.0242  meanSteps=  1851.4  copy=0.000  A(t)=0  sim=270.1s
epoch   39000  HO=-0.0246  meanSteps=  1866.3  copy=0.000  A(t)=0  sim=270.4s
epoch   39050  HO=-0.0243  meanSteps=  1899.3  copy=0.000  A(t)=0  sim=270.8s
epoch   39100  HO=-0.0236  meanSteps=  1918.4  copy=0.000  A(t)=0  sim=271.1s
epoch   39150  HO=-0.0240  meanSteps=  1880.6  copy=0.000  A(t)=0  sim=271.4s
epoch   39200  HO=-0.0242  meanSteps=  1874.6  copy=0.000  A(t)=0  sim=271.8s
epoch   39250  HO=-0.0245  meanSteps=  1873.0  copy=0.000  A(t)=0  sim=272.1s
epoch   39300  HO=-0.0243  meanSteps=  1915.7  copy=0.000  A(t)=0  sim=272.4s
epoch   39350  HO=-0.0244  meanSteps=  1929.4  copy=0.000  A(t)=0  sim=272.7s
epoch   39400  HO=-0.0248  meanSteps=  1902.9  copy=0.000  A(t)=0  sim=273.1s
epoch   39450  HO=-0.0249  meanSteps=  1902.9  copy=0.000  A(t)=0  sim=273.4s
epoch   39500  HO=-0.0247  meanSteps=  1911.6  copy=0.000  A(t)=0  sim=273.7s
epoch   39550  HO=-0.0243  meanSteps=  1894.0  copy=0.000  A(t)=0  sim=274.1s
epoch   39600  HO=-0.0245  meanSteps=  1903.0  copy=0.000  A(t)=0  sim=274.4s
epoch   39650  HO=-0.0246  meanSteps=  1864.8  copy=0.000  A(t)=0  sim=274.7s
epoch   39700  HO=-0.0240  meanSteps=  1960.4  copy=0.000  A(t)=0  sim=275.1s
epoch   39750  HO=-0.0243  meanSteps=  1944.0  copy=0.000  A(t)=0  sim=275.4s
epoch   39800  HO=-0.0238  meanSteps=  1914.8  copy=0.000  A(t)=0  sim=275.8s
epoch   39850  HO=-0.0236  meanSteps=  1878.9  copy=0.000  A(t)=0  sim=276.1s
epoch   39900  HO=-0.0242  meanSteps=  1846.6  copy=0.000  A(t)=0  sim=276.4s
epoch   39950  HO=-0.0246  meanSteps=  1841.3  copy=0.000  A(t)=0  sim=276.8s
epoch   40000  HO=-0.0243  meanSteps=  1800.8  copy=0.000  A(t)=0  sim=277.1s
epoch   40050  HO=-0.0248  meanSteps=  1839.9  copy=0.000  A(t)=0  sim=277.4s
epoch   40100  HO=-0.0242  meanSteps=  1812.3  copy=0.000  A(t)=0  sim=277.7s
epoch   40150  HO=-0.0236  meanSteps=  1869.4  copy=0.000  A(t)=0  sim=278.0s
epoch   40200  HO=-0.0234  meanSteps=  1846.5  copy=0.000  A(t)=0  sim=278.4s
epoch   40250  HO=-0.0236  meanSteps=  1876.1  copy=0.000  A(t)=0  sim=278.7s
epoch   40300  HO=-0.0239  meanSteps=  1895.5  copy=0.000  A(t)=0  sim=279.1s
epoch   40350  HO=-0.0238  meanSteps=  1942.0  copy=0.000  A(t)=0  sim=279.4s
epoch   40400  HO=-0.0244  meanSteps=  1929.0  copy=0.000  A(t)=0  sim=279.8s
epoch   40450  HO=-0.0249  meanSteps=  1949.9  copy=0.000  A(t)=0  sim=280.1s
epoch   40500  HO=-0.0248  meanSteps=  1954.8  copy=0.000  A(t)=0  sim=280.5s
epoch   40550  HO=-0.0252  meanSteps=  1949.7  copy=0.000  A(t)=0  sim=280.8s
epoch   40600  HO=-0.0249  meanSteps=  1922.3  copy=0.000  A(t)=0  sim=281.1s
epoch   40650  HO=-0.0245  meanSteps=  1908.2  copy=0.000  A(t)=0  sim=281.5s
epoch   40700  HO=-0.0258  meanSteps=  1926.1  copy=0.000  A(t)=0  sim=281.8s
epoch   40750  HO=-0.0248  meanSteps=  1930.2  copy=0.000  A(t)=0  sim=282.1s
epoch   40800  HO=-0.0260  meanSteps=  1926.4  copy=0.000  A(t)=0  sim=282.5s
epoch   40850  HO=-0.0255  meanSteps=  1964.4  copy=0.000  A(t)=0  sim=282.8s
epoch   40900  HO=-0.0259  meanSteps=  1962.7  copy=0.000  A(t)=0  sim=283.1s
epoch   40950  HO=-0.0265  meanSteps=  1959.8  copy=0.000  A(t)=0  sim=283.5s
epoch   41000  HO=-0.0260  meanSteps=  1982.6  copy=0.000  A(t)=0  sim=283.8s
epoch   41050  HO=-0.0256  meanSteps=  1985.7  copy=0.000  A(t)=0  sim=284.2s
epoch   41100  HO=-0.0251  meanSteps=  1991.1  copy=0.000  A(t)=0  sim=284.5s
epoch   41150  HO=-0.0264  meanSteps=  1953.2  copy=0.000  A(t)=0  sim=284.9s
epoch   41200  HO=-0.0271  meanSteps=  2068.5  copy=0.000  A(t)=0  sim=285.2s
epoch   41250  HO=-0.0271  meanSteps=  2058.8  copy=0.000  A(t)=0  sim=285.6s
epoch   41300  HO=-0.0270  meanSteps=  2017.8  copy=0.000  A(t)=0  sim=285.9s
epoch   41350  HO=-0.0268  meanSteps=  1987.1  copy=0.000  A(t)=0  sim=286.3s
epoch   41400  HO=-0.0264  meanSteps=  2027.2  copy=0.000  A(t)=0  sim=286.6s
epoch   41450  HO=-0.0255  meanSteps=  2052.1  copy=0.000  A(t)=0  sim=287.0s
epoch   41500  HO=-0.0257  meanSteps=  2084.0  copy=0.000  A(t)=0  sim=287.3s
epoch   41550  HO=-0.0257  meanSteps=  2013.3  copy=0.000  A(t)=0  sim=287.7s
epoch   41600  HO=-0.0263  meanSteps=  2043.1  copy=0.000  A(t)=0  sim=288.0s
epoch   41650  HO=-0.0261  meanSteps=  2021.4  copy=0.000  A(t)=0  sim=288.4s
epoch   41700  HO=-0.0263  meanSteps=  2008.8  copy=0.000  A(t)=0  sim=288.7s
epoch   41750  HO=-0.0267  meanSteps=  1980.1  copy=0.000  A(t)=0  sim=289.1s
epoch   41800  HO=-0.0272  meanSteps=  1939.2  copy=0.000  A(t)=0  sim=289.4s
epoch   41850  HO=-0.0271  meanSteps=  1896.5  copy=0.000  A(t)=0  sim=289.8s
epoch   41900  HO=-0.0279  meanSteps=  1872.5  copy=0.000  A(t)=0  sim=290.1s
epoch   41950  HO=-0.0278  meanSteps=  1890.7  copy=0.000  A(t)=0  sim=290.4s
epoch   42000  HO=-0.0269  meanSteps=  1917.9  copy=0.000  A(t)=0  sim=290.7s
epoch   42050  HO=-0.0269  meanSteps=  1950.5  copy=0.000  A(t)=0  sim=291.1s
epoch   42100  HO=-0.0260  meanSteps=  1929.2  copy=0.000  A(t)=0  sim=291.4s
epoch   42150  HO=-0.0259  meanSteps=  1966.5  copy=0.000  A(t)=0  sim=291.8s
epoch   42200  HO=-0.0270  meanSteps=  1966.3  copy=0.000  A(t)=0  sim=292.1s
epoch   42250  HO=-0.0271  meanSteps=  1975.8  copy=0.000  A(t)=0  sim=292.4s
epoch   42300  HO=-0.0267  meanSteps=  1958.7  copy=0.000  A(t)=0  sim=292.8s
epoch   42350  HO=-0.0262  meanSteps=  1961.6  copy=0.000  A(t)=0  sim=293.1s
epoch   42400  HO=-0.0264  meanSteps=  1969.8  copy=0.000  A(t)=0  sim=293.5s
epoch   42450  HO=-0.0272  meanSteps=  2049.1  copy=0.000  A(t)=0  sim=293.8s
epoch   42500  HO=-0.0265  meanSteps=  2081.2  copy=0.000  A(t)=0  sim=294.2s
epoch   42550  HO=-0.0263  meanSteps=  2084.0  copy=0.000  A(t)=0  sim=294.5s
epoch   42600  HO=-0.0261  meanSteps=  2054.5  copy=0.000  A(t)=0  sim=294.9s
epoch   42650  HO=-0.0258  meanSteps=  2089.2  copy=0.000  A(t)=0  sim=295.2s
epoch   42700  HO=-0.0268  meanSteps=  2044.8  copy=0.000  A(t)=0  sim=295.6s
epoch   42750  HO=-0.0270  meanSteps=  2060.8  copy=0.000  A(t)=0  sim=296.0s
epoch   42800  HO=-0.0272  meanSteps=  2069.4  copy=0.000  A(t)=0  sim=296.3s
epoch   42850  HO=-0.0271  meanSteps=  1998.2  copy=0.000  A(t)=0  sim=296.6s
epoch   42900  HO=-0.0266  meanSteps=  2002.7  copy=0.000  A(t)=0  sim=297.0s
epoch   42950  HO=-0.0256  meanSteps=  2026.1  copy=0.000  A(t)=0  sim=297.3s
epoch   43000  HO=-0.0258  meanSteps=  2037.1  copy=0.000  A(t)=0  sim=297.7s
epoch   43050  HO=-0.0260  meanSteps=  2006.8  copy=0.000  A(t)=0  sim=298.0s
epoch   43100  HO=-0.0259  meanSteps=  1999.1  copy=0.000  A(t)=0  sim=298.4s
epoch   43150  HO=-0.0257  meanSteps=  1999.4  copy=0.000  A(t)=0  sim=298.7s
epoch   43200  HO=-0.0247  meanSteps=  1950.9  copy=0.000  A(t)=0  sim=299.1s
epoch   43250  HO=-0.0244  meanSteps=  1918.4  copy=0.000  A(t)=0  sim=299.4s
epoch   43300  HO=-0.0244  meanSteps=  1924.6  copy=0.000  A(t)=0  sim=299.8s
epoch   43350  HO=-0.0255  meanSteps=  1924.9  copy=0.000  A(t)=0  sim=300.1s
epoch   43400  HO=-0.0250  meanSteps=  1944.8  copy=0.000  A(t)=0  sim=300.4s
epoch   43450  HO=-0.0249  meanSteps=  1945.8  copy=0.000  A(t)=0  sim=300.8s
epoch   43500  HO=-0.0235  meanSteps=  1941.7  copy=0.000  A(t)=0  sim=301.1s
epoch   43550  HO=-0.0236  meanSteps=  1921.5  copy=0.000  A(t)=0  sim=301.4s
epoch   43600  HO=-0.0233  meanSteps=  1873.5  copy=0.000  A(t)=0  sim=301.8s
epoch   43650  HO=-0.0237  meanSteps=  1938.1  copy=0.000  A(t)=0  sim=302.1s
epoch   43700  HO=-0.0242  meanSteps=  1921.0  copy=0.000  A(t)=0  sim=302.4s
epoch   43750  HO=-0.0241  meanSteps=  1922.5  copy=0.000  A(t)=0  sim=302.8s
epoch   43800  HO=-0.0246  meanSteps=  1933.5  copy=0.000  A(t)=0  sim=303.1s
epoch   43850  HO=-0.0244  meanSteps=  1969.7  copy=0.000  A(t)=0  sim=303.5s
epoch   43900  HO=-0.0237  meanSteps=  1962.6  copy=0.000  A(t)=0  sim=303.8s
epoch   43950  HO=-0.0248  meanSteps=  1960.6  copy=0.000  A(t)=0  sim=304.2s
epoch   44000  HO=-0.0252  meanSteps=  1965.1  copy=0.000  A(t)=0  sim=304.5s
epoch   44050  HO=-0.0248  meanSteps=  1951.5  copy=0.000  A(t)=0  sim=304.8s
epoch   44100  HO=-0.0256  meanSteps=  1976.2  copy=0.000  A(t)=0  sim=305.2s
epoch   44150  HO=-0.0255  meanSteps=  1944.5  copy=0.000  A(t)=0  sim=305.5s
epoch   44200  HO=-0.0248  meanSteps=  1927.0  copy=0.000  A(t)=0  sim=305.9s
epoch   44250  HO=-0.0254  meanSteps=  1855.3  copy=0.000  A(t)=0  sim=306.2s
epoch   44300  HO=-0.0253  meanSteps=  1845.7  copy=0.000  A(t)=0  sim=306.5s
epoch   44350  HO=-0.0254  meanSteps=  1836.8  copy=0.000  A(t)=0  sim=306.9s
epoch   44400  HO=-0.0259  meanSteps=  1829.3  copy=0.000  A(t)=0  sim=307.2s
epoch   44450  HO=-0.0258  meanSteps=  1868.8  copy=0.000  A(t)=0  sim=307.5s
epoch   44500  HO=-0.0256  meanSteps=  1823.1  copy=0.000  A(t)=0  sim=307.9s
epoch   44550  HO=-0.0259  meanSteps=  1805.9  copy=0.000  A(t)=0  sim=308.2s
epoch   44600  HO=-0.0261  meanSteps=  1848.5  copy=0.000  A(t)=0  sim=308.5s
epoch   44650  HO=-0.0252  meanSteps=  1873.1  copy=0.000  A(t)=0  sim=308.9s
epoch   44700  HO=-0.0248  meanSteps=  1902.2  copy=0.000  A(t)=0  sim=309.2s
epoch   44750  HO=-0.0240  meanSteps=  1935.3  copy=0.000  A(t)=0  sim=309.6s
epoch   44800  HO=-0.0240  meanSteps=  1991.6  copy=0.000  A(t)=0  sim=309.9s
epoch   44850  HO=-0.0239  meanSteps=  2022.3  copy=0.000  A(t)=0  sim=310.3s
epoch   44900  HO=-0.0242  meanSteps=  2015.8  copy=0.000  A(t)=0  sim=310.6s
epoch   44950  HO=-0.0250  meanSteps=  1992.5  copy=0.000  A(t)=0  sim=311.0s
epoch   45000  HO=-0.0251  meanSteps=  1994.7  copy=0.000  A(t)=0  sim=311.3s
epoch   45050  HO=-0.0250  meanSteps=  1976.3  copy=0.000  A(t)=0  sim=311.7s
epoch   45100  HO=-0.0254  meanSteps=  1991.0  copy=0.000  A(t)=0  sim=312.0s
epoch   45150  HO=-0.0258  meanSteps=  2014.9  copy=0.000  A(t)=0  sim=312.4s
epoch   45200  HO=-0.0259  meanSteps=  2024.1  copy=0.000  A(t)=0  sim=312.8s
epoch   45250  HO=-0.0257  meanSteps=  2007.0  copy=0.000  A(t)=0  sim=313.1s
epoch   45300  HO=-0.0254  meanSteps=  2028.3  copy=0.000  A(t)=0  sim=313.4s
epoch   45350  HO=-0.0258  meanSteps=  2002.2  copy=0.000  A(t)=0  sim=313.8s
epoch   45400  HO=-0.0257  meanSteps=  1985.3  copy=0.000  A(t)=0  sim=314.1s
epoch   45450  HO=-0.0255  meanSteps=  1964.8  copy=0.000  A(t)=0  sim=314.5s
epoch   45500  HO=-0.0252  meanSteps=  1945.3  copy=0.000  A(t)=0  sim=314.8s
epoch   45550  HO=-0.0250  meanSteps=  2019.0  copy=0.000  A(t)=0  sim=315.2s
epoch   45600  HO=-0.0255  meanSteps=  1997.2  copy=0.000  A(t)=0  sim=315.5s
epoch   45650  HO=-0.0259  meanSteps=  2008.3  copy=0.000  A(t)=0  sim=315.9s
epoch   45700  HO=-0.0254  meanSteps=  2025.4  copy=0.000  A(t)=0  sim=316.2s
epoch   45750  HO=-0.0261  meanSteps=  2023.5  copy=0.000  A(t)=0  sim=316.6s
epoch   45800  HO=-0.0260  meanSteps=  2035.2  copy=0.000  A(t)=0  sim=316.9s
epoch   45850  HO=-0.0253  meanSteps=  2011.2  copy=0.000  A(t)=0  sim=317.3s
epoch   45900  HO=-0.0264  meanSteps=  2022.2  copy=0.000  A(t)=0  sim=317.6s
epoch   45950  HO=-0.0257  meanSteps=  1996.7  copy=0.000  A(t)=0  sim=318.0s
epoch   46000  HO=-0.0256  meanSteps=  1996.4  copy=0.000  A(t)=0  sim=318.3s
epoch   46050  HO=-0.0255  meanSteps=  1953.6  copy=0.000  A(t)=0  sim=318.7s
epoch   46100  HO=-0.0250  meanSteps=  1948.3  copy=0.000  A(t)=0  sim=319.0s
epoch   46150  HO=-0.0244  meanSteps=  2052.8  copy=0.000  A(t)=0  sim=319.3s
epoch   46200  HO=-0.0239  meanSteps=  2028.1  copy=0.000  A(t)=0  sim=319.7s
epoch   46250  HO=-0.0243  meanSteps=  2122.5  copy=0.000  A(t)=0  sim=320.1s
epoch   46300  HO=-0.0239  meanSteps=  2115.3  copy=0.000  A(t)=0  sim=320.4s
epoch   46350  HO=-0.0245  meanSteps=  2113.4  copy=0.000  A(t)=0  sim=320.8s
epoch   46400  HO=-0.0247  meanSteps=  2116.6  copy=0.000  A(t)=0  sim=321.1s
epoch   46450  HO=-0.0243  meanSteps=  2089.9  copy=0.000  A(t)=0  sim=321.5s
epoch   46500  HO=-0.0254  meanSteps=  2084.1  copy=0.000  A(t)=0  sim=321.9s
epoch   46550  HO=-0.0262  meanSteps=  2065.6  copy=0.000  A(t)=0  sim=322.2s
epoch   46600  HO=-0.0262  meanSteps=  2058.4  copy=0.000  A(t)=0  sim=322.6s
epoch   46650  HO=-0.0256  meanSteps=  2076.2  copy=0.000  A(t)=0  sim=323.0s
epoch   46700  HO=-0.0259  meanSteps=  2065.5  copy=0.000  A(t)=0  sim=323.3s
epoch   46750  HO=-0.0263  meanSteps=  2052.9  copy=0.000  A(t)=0  sim=323.7s
epoch   46800  HO=-0.0260  meanSteps=  2049.6  copy=0.000  A(t)=0  sim=324.0s
epoch   46850  HO=-0.0264  meanSteps=  2017.5  copy=0.000  A(t)=0  sim=324.4s
epoch   46900  HO=-0.0253  meanSteps=  2036.8  copy=0.000  A(t)=0  sim=324.7s
epoch   46950  HO=-0.0250  meanSteps=  2034.6  copy=0.000  A(t)=0  sim=325.1s
epoch   47000  HO=-0.0251  meanSteps=  2049.4  copy=0.000  A(t)=0  sim=325.4s
epoch   47050  HO=-0.0255  meanSteps=  2001.4  copy=0.000  A(t)=0  sim=325.8s
epoch   47100  HO=-0.0250  meanSteps=  2000.2  copy=0.000  A(t)=0  sim=326.1s
epoch   47150  HO=-0.0241  meanSteps=  1995.5  copy=0.000  A(t)=0  sim=326.5s
epoch   47200  HO=-0.0241  meanSteps=  2013.1  copy=0.000  A(t)=0  sim=326.8s
epoch   47250  HO=-0.0247  meanSteps=  1960.7  copy=0.000  A(t)=0  sim=327.2s
epoch   47300  HO=-0.0250  meanSteps=  2008.1  copy=0.000  A(t)=0  sim=327.5s
epoch   47350  HO=-0.0250  meanSteps=  1942.1  copy=0.000  A(t)=0  sim=327.8s
epoch   47400  HO=-0.0237  meanSteps=  1947.3  copy=0.000  A(t)=0  sim=328.2s
epoch   47450  HO=-0.0234  meanSteps=  1947.2  copy=0.000  A(t)=0  sim=328.5s
epoch   47500  HO=-0.0236  meanSteps=  1919.5  copy=0.000  A(t)=0  sim=328.9s
epoch   47550  HO=-0.0237  meanSteps=  1986.6  copy=0.000  A(t)=0  sim=329.2s
epoch   47600  HO=-0.0242  meanSteps=  2048.4  copy=0.000  A(t)=0  sim=329.6s
epoch   47650  HO=-0.0248  meanSteps=  2021.3  copy=0.000  A(t)=0  sim=329.9s
epoch   47700  HO=-0.0251  meanSteps=  2039.1  copy=0.000  A(t)=0  sim=330.3s
epoch   47750  HO=-0.0255  meanSteps=  2058.3  copy=0.000  A(t)=0  sim=330.7s
epoch   47800  HO=-0.0254  meanSteps=  2088.7  copy=0.000  A(t)=0  sim=331.1s
epoch   47850  HO=-0.0243  meanSteps=  2100.1  copy=0.000  A(t)=0  sim=331.4s
epoch   47900  HO=-0.0248  meanSteps=  2064.5  copy=0.000  A(t)=0  sim=331.8s
epoch   47950  HO=-0.0246  meanSteps=  2036.3  copy=0.000  A(t)=0  sim=332.1s
epoch   48000  HO=-0.0253  meanSteps=  1999.6  copy=0.000  A(t)=0  sim=332.5s
epoch   48050  HO=-0.0254  meanSteps=  2003.1  copy=0.000  A(t)=0  sim=332.8s
epoch   48100  HO=-0.0260  meanSteps=  2013.8  copy=0.000  A(t)=0  sim=333.2s
epoch   48150  HO=-0.0253  meanSteps=  1980.6  copy=0.000  A(t)=0  sim=333.5s
epoch   48200  HO=-0.0257  meanSteps=  1948.9  copy=0.000  A(t)=0  sim=333.9s
epoch   48250  HO=-0.0258  meanSteps=  1967.9  copy=0.000  A(t)=0  sim=334.3s
epoch   48300  HO=-0.0259  meanSteps=  1971.2  copy=0.000  A(t)=0  sim=334.6s
epoch   48350  HO=-0.0250  meanSteps=  1983.6  copy=0.000  A(t)=0  sim=334.9s
epoch   48400  HO=-0.0251  meanSteps=  1946.6  copy=0.000  A(t)=0  sim=335.3s
epoch   48450  HO=-0.0246  meanSteps=  1913.2  copy=0.000  A(t)=0  sim=335.6s
epoch   48500  HO=-0.0249  meanSteps=  1884.0  copy=0.000  A(t)=0  sim=335.9s
epoch   48550  HO=-0.0251  meanSteps=  1890.3  copy=0.000  A(t)=0  sim=336.3s
epoch   48600  HO=-0.0254  meanSteps=  1880.5  copy=0.000  A(t)=0  sim=336.6s
epoch   48650  HO=-0.0251  meanSteps=  1986.3  copy=0.000  A(t)=0  sim=336.9s
epoch   48700  HO=-0.0257  meanSteps=  1985.5  copy=0.000  A(t)=0  sim=337.3s
epoch   48750  HO=-0.0262  meanSteps=  2012.5  copy=0.000  A(t)=0  sim=337.6s
epoch   48800  HO=-0.0255  meanSteps=  2006.7  copy=0.000  A(t)=0  sim=338.0s
epoch   48850  HO=-0.0254  meanSteps=  2021.9  copy=0.000  A(t)=0  sim=338.3s
epoch   48900  HO=-0.0251  meanSteps=  2002.5  copy=0.000  A(t)=0  sim=338.7s
epoch   48950  HO=-0.0249  meanSteps=  1961.9  copy=0.000  A(t)=0  sim=339.0s
epoch   49000  HO=-0.0255  meanSteps=  1957.4  copy=0.000  A(t)=0  sim=339.4s
epoch   49050  HO=-0.0255  meanSteps=  1981.4  copy=0.000  A(t)=0  sim=339.7s
epoch   49100  HO=-0.0254  meanSteps=  1927.6  copy=0.000  A(t)=0  sim=340.1s
epoch   49150  HO=-0.0249  meanSteps=  1917.3  copy=0.000  A(t)=0  sim=340.4s
epoch   49200  HO=-0.0251  meanSteps=  1878.1  copy=0.000  A(t)=0  sim=340.7s
epoch   49250  HO=-0.0254  meanSteps=  1900.2  copy=0.000  A(t)=0  sim=341.1s
epoch   49300  HO=-0.0248  meanSteps=  1911.7  copy=0.000  A(t)=0  sim=341.4s
epoch   49350  HO=-0.0250  meanSteps=  1916.3  copy=0.000  A(t)=0  sim=341.7s
epoch   49400  HO=-0.0252  meanSteps=  1857.6  copy=0.000  A(t)=0  sim=342.1s
epoch   49450  HO=-0.0247  meanSteps=  1840.4  copy=0.000  A(t)=0  sim=342.4s
epoch   49500  HO=-0.0249  meanSteps=  1836.7  copy=0.000  A(t)=0  sim=342.7s
epoch   49550  HO=-0.0243  meanSteps=  1790.1  copy=0.000  A(t)=0  sim=343.0s
epoch   49600  HO=-0.0240  meanSteps=  1813.4  copy=0.000  A(t)=0  sim=343.3s
epoch   49650  HO=-0.0245  meanSteps=  1874.2  copy=0.000  A(t)=0  sim=343.7s
epoch   49700  HO=-0.0244  meanSteps=  1889.4  copy=0.000  A(t)=0  sim=344.0s
epoch   49750  HO=-0.0246  meanSteps=  1843.3  copy=0.000  A(t)=0  sim=344.3s
epoch   49800  HO=-0.0251  meanSteps=  1826.6  copy=0.000  A(t)=0  sim=344.7s
epoch   49850  HO=-0.0250  meanSteps=  1826.1  copy=0.000  A(t)=0  sim=345.0s
epoch   49900  HO=-0.0252  meanSteps=  1833.0  copy=0.000  A(t)=0  sim=345.4s
epoch   49950  HO=-0.0249  meanSteps=  1867.1  copy=0.000  A(t)=0  sim=345.8s
epoch   50000  HO=-0.0250  meanSteps=  1864.2  copy=0.000  A(t)=0  sim=346.1s
done: 50000 epochs in 370.5s wall (346.1s simulating), runs/ringv_nocopy_s3
