epoch       0  HO=-0.0059  meanSteps=     0.0  copy=0.000  A(t)=0  sim=0.0s
epoch      50  HO=0.1724  meanSteps=  1586.1  copy=0.538  A(t)=0  sim=0.3s
epoch     100  HO=0.2651  meanSteps=  1694.4  copy=0.569  A(t)=0  sim=0.6s
epoch     150  HO=0.3673  meanSteps=  1678.6  copy=0.596  A(t)=0  sim=0.8s
epoch     200  HO=0.4554  meanSteps=  1594.7  copy=0.616  A(t)=0  sim=1.0s
epoch     250  HO=0.5274  meanSteps=  1539.2  copy=0.617  A(t)=14  sim=1.3s
epoch     300  HO=0.5966  meanSteps=  1451.2  copy=0.617  A(t)=15  sim=1.5s
epoch     350  HO=0.6335  meanSteps=  1437.4  copy=0.612  A(t)=16  sim=1.8s
epoch     400  HO=0.6589  meanSteps=  1416.4  copy=0.607  A(t)=19  sim=2.1s
epoch     450  HO=0.6949  meanSteps=  1353.4  copy=0.608  A(t)=21  sim=2.3s
epoch     500  HO=0.7248  meanSteps=  1369.1  copy=0.600  A(t)=22  sim=2.6s
epoch     550  HO=0.7710  meanSteps=  1366.0  copy=0.605  A(t)=23  sim=2.8s
epoch     600  HO=0.8120  meanSteps=  1360.0  copy=0.609  A(t)=23  sim=3.1s
epoch     650  HO=0.8327  meanSteps=  1390.7  copy=0.606  A(t)=31  sim=3.4s
epoch     700  HO=0.9034  meanSteps=  1340.9  copy=0.610  A(t)=32  sim=3.8s
epoch     750  HO=0.9110  meanSteps=  1343.3  copy=0.616  A(t)=35  sim=4.1s
epoch     800  HO=0.9530  meanSteps=  1253.2  copy=0.613  A(t)=40  sim=4.4s
epoch     850  HO=1.0071  meanSteps=  1198.3  copy=0.609  A(t)=53  sim=4.8s
epoch     900  HO=1.0183  meanSteps=  1140.6  copy=0.607  A(t)=55  sim=5.1s
epoch     950  HO=1.0637  meanSteps=  1080.3  copy=0.598  A(t)=64  sim=5.3s
epoch    1000  HO=1.0873  meanSteps=  1071.4  copy=0.607  A(t)=66  sim=5.5s
epoch    1050  HO=1.1162  meanSteps=  1050.2  copy=0.611  A(t)=75  sim=5.7s
epoch    1100  HO=1.1643  meanSteps=  1033.0  copy=0.606  A(t)=84  sim=5.9s
epoch    1150  HO=1.1927  meanSteps=  1015.0  copy=0.611  A(t)=87  sim=6.1s
epoch    1200  HO=1.2332  meanSteps=   982.7  copy=0.625  A(t)=98  sim=6.2s
epoch    1250  HO=1.1914  meanSteps=   910.8  copy=0.633  A(t)=115  sim=6.4s
epoch    1300  HO=1.2347  meanSteps=   915.4  copy=0.646  A(t)=127  sim=6.6s
epoch    1350  HO=1.2246  meanSteps=   896.5  copy=0.643  A(t)=135  sim=6.7s
epoch    1400  HO=1.2270  meanSteps=   849.7  copy=0.647  A(t)=143  sim=7.0s
epoch    1450  HO=1.2585  meanSteps=   825.0  copy=0.637  A(t)=147  sim=7.1s
epoch    1500  HO=1.2632  meanSteps=   790.2  copy=0.646  A(t)=164  sim=7.2s
epoch    1550  HO=1.2428  meanSteps=   750.6  copy=0.661  A(t)=164  sim=7.5s
epoch    1600  HO=1.2751  meanSteps=   731.1  copy=0.678  A(t)=164  sim=7.6s
epoch    1650  HO=1.2806  meanSteps=   709.6  copy=0.692  A(t)=168  sim=7.7s
epoch    1700  HO=1.3225  meanSteps=   698.0  copy=0.702  A(t)=170  sim=7.9s
epoch    1750  HO=1.3253  meanSteps=   687.6  copy=0.703  A(t)=184  sim=8.1s
epoch    1800  HO=1.3313  meanSteps=   622.8  copy=0.694  A(t)=192  sim=8.2s
epoch    1850  HO=1.3263  meanSteps=   609.8  copy=0.695  A(t)=212  sim=8.4s
epoch    1900  HO=1.3244  meanSteps=   570.0  copy=0.702  A(t)=233  sim=8.6s
epoch    1950  HO=1.3398  meanSteps=   550.7  copy=0.718  A(t)=240  sim=8.8s
epoch    2000  HO=1.3528  meanSteps=   533.6  copy=0.723  A(t)=257  sim=8.9s
epoch    2050  HO=1.3427  meanSteps=   516.2  copy=0.721  A(t)=264  sim=9.1s
epoch    2100  HO=1.3644  meanSteps=   484.9  copy=0.722  A(t)=283  sim=9.2s
epoch    2150  HO=1.3958  meanSteps=   475.9  copy=0.727  A(t)=293  sim=9.3s
epoch    2200  HO=1.3936  meanSteps=   445.0  copy=0.716  A(t)=312  sim=9.6s
epoch    2250  HO=1.3831  meanSteps=   423.7  copy=0.707  A(t)=322  sim=9.8s
epoch    2300  HO=1.3560  meanSteps=   423.7  copy=0.692  A(t)=330  sim=9.9s
epoch    2350  HO=1.3138  meanSteps=   384.6  copy=0.711  A(t)=332  sim=10.1s
epoch    2400  HO=1.3073  meanSteps=   348.2  copy=0.728  A(t)=342  sim=10.3s
epoch    2450  HO=1.2842  meanSteps=   330.5  copy=0.716  A(t)=366  sim=10.5s
epoch    2500  HO=1.2283  meanSteps=   300.1  copy=0.728  A(t)=383  sim=10.7s
epoch    2550  HO=1.2146  meanSteps=   291.8  copy=0.727  A(t)=391  sim=10.8s
epoch    2600  HO=1.1782  meanSteps=   300.2  copy=0.727  A(t)=396  sim=11.0s
epoch    2650  HO=1.1727  meanSteps=   277.0  copy=0.724  A(t)=411  sim=11.2s
epoch    2700  HO=1.1641  meanSteps=   274.9  copy=0.739  A(t)=419  sim=11.3s
epoch    2750  HO=1.1952  meanSteps=   262.7  copy=0.752  A(t)=442  sim=11.5s
epoch    2800  HO=1.2060  meanSteps=   254.4  copy=0.753  A(t)=457  sim=11.7s
epoch    2850  HO=1.2203  meanSteps=   241.8  copy=0.762  A(t)=482  sim=11.8s
epoch    2900  HO=1.1919  meanSteps=   261.6  copy=0.767  A(t)=500  sim=12.0s
epoch    2950  HO=1.2011  meanSteps=   264.0  copy=0.760  A(t)=511  sim=12.2s
epoch    3000  HO=1.2441  meanSteps=   250.2  copy=0.745  A(t)=531  sim=12.3s
epoch    3050  HO=1.2088  meanSteps=   250.3  copy=0.752  A(t)=542  sim=12.5s
epoch    3100  HO=1.2017  meanSteps=   258.1  copy=0.775  A(t)=555  sim=12.6s
epoch    3150  HO=1.1929  meanSteps=   268.7  copy=0.765  A(t)=579  sim=12.7s
epoch    3200  HO=1.2167  meanSteps=   237.0  copy=0.771  A(t)=605  sim=12.8s
epoch    3250  HO=1.1722  meanSteps=   218.6  copy=0.772  A(t)=608  sim=13.0s
epoch    3300  HO=1.1375  meanSteps=   214.5  copy=0.794  A(t)=608  sim=13.1s
epoch    3350  HO=1.1192  meanSteps=   212.7  copy=0.802  A(t)=615  sim=13.2s
epoch    3400  HO=1.1188  meanSteps=   183.8  copy=0.822  A(t)=621  sim=13.2s
epoch    3450  HO=1.0925  meanSteps=   189.7  copy=0.810  A(t)=626  sim=13.3s
epoch    3500  HO=1.1061  meanSteps=   177.1  copy=0.801  A(t)=638  sim=13.4s
epoch    3550  HO=1.1087  meanSteps=   181.5  copy=0.795  A(t)=642  sim=13.5s
epoch    3600  HO=1.0503  meanSteps=   182.3  copy=0.798  A(t)=652  sim=13.7s
epoch    3650  HO=1.1060  meanSteps=   181.7  copy=0.784  A(t)=664  sim=13.8s
epoch    3700  HO=1.1004  meanSteps=   184.4  copy=0.789  A(t)=671  sim=14.0s
epoch    3750  HO=1.0540  meanSteps=   182.6  copy=0.800  A(t)=678  sim=14.1s
epoch    3800  HO=1.0555  meanSteps=   169.8  copy=0.813  A(t)=683  sim=14.3s
epoch    3850  HO=1.0284  meanSteps=   168.8  copy=0.818  A(t)=694  sim=14.4s
epoch    3900  HO=1.0545  meanSteps=   170.6  copy=0.809  A(t)=699  sim=14.4s
epoch    3950  HO=1.0091  meanSteps=   164.2  copy=0.803  A(t)=702  sim=14.5s
epoch    4000  HO=0.9993  meanSteps=   158.5  copy=0.814  A(t)=707  sim=14.6s
epoch    4050  HO=0.9952  meanSteps=   163.0  copy=0.784  A(t)=714  sim=14.8s
epoch    4100  HO=0.9562  meanSteps=   148.0  copy=0.783  A(t)=716  sim=14.9s
epoch    4150  HO=0.9486  meanSteps=   141.7  copy=0.806  A(t)=720  sim=14.9s
epoch    4200  HO=0.9295  meanSteps=   144.2  copy=0.789  A(t)=724  sim=15.1s
epoch    4250  HO=0.9599  meanSteps=   145.0  copy=0.802  A(t)=741  sim=15.1s
epoch    4300  HO=0.9717  meanSteps=   142.6  copy=0.786  A(t)=749  sim=15.2s
epoch    4350  HO=0.9407  meanSteps=   143.8  copy=0.793  A(t)=755  sim=15.3s
epoch    4400  HO=0.9556  meanSteps=   142.6  copy=0.811  A(t)=757  sim=15.4s
epoch    4450  HO=0.9659  meanSteps=   157.5  copy=0.808  A(t)=764  sim=15.5s
epoch    4500  HO=0.9895  meanSteps=   144.3  copy=0.788  A(t)=772  sim=15.6s
epoch    4550  HO=0.9721  meanSteps=   143.3  copy=0.794  A(t)=775  sim=15.7s
epoch    4600  HO=0.9803  meanSteps=   143.2  copy=0.790  A(t)=779  sim=15.8s
epoch    4650  HO=0.9848  meanSteps=   144.4  copy=0.797  A(t)=785  sim=15.8s
epoch    4700  HO=0.9717  meanSteps=   132.0  copy=0.809  A(t)=785  sim=15.9s
epoch    4750  HO=0.9298  meanSteps=   128.4  copy=0.811  A(t)=790  sim=16.0s
epoch    4800  HO=0.9382  meanSteps=   128.4  copy=0.815  A(t)=798  sim=16.1s
epoch    4850  HO=0.9279  meanSteps=   128.2  copy=0.806  A(t)=803  sim=16.2s
epoch    4900  HO=0.8944  meanSteps=   128.2  copy=0.810  A(t)=803  sim=16.2s
epoch    4950  HO=0.9563  meanSteps=   128.4  copy=0.830  A(t)=806  sim=16.3s
epoch    5000  HO=0.9415  meanSteps=   128.6  copy=0.820  A(t)=819  sim=16.5s
epoch    5050  HO=0.9499  meanSteps=   128.5  copy=0.823  A(t)=819  sim=16.6s
epoch    5100  HO=0.8714  meanSteps=   128.5  copy=0.806  A(t)=828  sim=16.7s
epoch    5150  HO=0.8518  meanSteps=   128.7  copy=0.804  A(t)=834  sim=16.8s
epoch    5200  HO=0.8574  meanSteps=   128.6  copy=0.814  A(t)=843  sim=16.9s
epoch    5250  HO=0.8394  meanSteps=   128.6  copy=0.823  A(t)=844  sim=17.1s
epoch    5300  HO=0.8555  meanSteps=   128.8  copy=0.835  A(t)=845  sim=17.2s
epoch    5350  HO=0.8985  meanSteps=   128.6  copy=0.814  A(t)=847  sim=17.3s
epoch    5400  HO=0.8692  meanSteps=   128.5  copy=0.815  A(t)=849  sim=17.5s
epoch    5450  HO=0.9053  meanSteps=   128.6  copy=0.820  A(t)=854  sim=17.5s
epoch    5500  HO=0.8675  meanSteps=   128.5  copy=0.826  A(t)=854  sim=17.6s
epoch    5550  HO=0.8554  meanSteps=   128.5  copy=0.845  A(t)=854  sim=17.7s
epoch    5600  HO=0.8843  meanSteps=   128.5  copy=0.853  A(t)=854  sim=17.8s
epoch    5650  HO=0.8714  meanSteps=   128.8  copy=0.830  A(t)=859  sim=17.9s
epoch    5700  HO=0.8435  meanSteps=   128.7  copy=0.820  A(t)=869  sim=18.0s
epoch    5750  HO=0.8517  meanSteps=   128.7  copy=0.809  A(t)=873  sim=18.2s
epoch    5800  HO=0.8564  meanSteps=   128.6  copy=0.814  A(t)=875  sim=18.3s
epoch    5850  HO=0.8521  meanSteps=   128.6  copy=0.817  A(t)=893  sim=18.4s
epoch    5900  HO=0.8733  meanSteps=   128.6  copy=0.844  A(t)=900  sim=18.4s
epoch    5950  HO=0.8611  meanSteps=   128.8  copy=0.846  A(t)=909  sim=18.5s
epoch    6000  HO=0.8631  meanSteps=   128.7  copy=0.853  A(t)=916  sim=18.6s
epoch    6050  HO=0.9439  meanSteps=   128.7  copy=0.841  A(t)=917  sim=18.7s
epoch    6100  HO=0.9081  meanSteps=   128.7  copy=0.846  A(t)=921  sim=18.9s
epoch    6150  HO=0.9007  meanSteps=   128.9  copy=0.849  A(t)=924  sim=18.9s
epoch    6200  HO=0.8939  meanSteps=   128.7  copy=0.852  A(t)=927  sim=19.0s
epoch    6250  HO=0.8672  meanSteps=   128.8  copy=0.851  A(t)=936  sim=19.1s
epoch    6300  HO=0.8320  meanSteps=   128.9  copy=0.861  A(t)=942  sim=19.2s
epoch    6350  HO=0.8194  meanSteps=   128.8  copy=0.841  A(t)=947  sim=19.2s
epoch    6400  HO=0.8333  meanSteps=   128.6  copy=0.842  A(t)=948  sim=19.3s
epoch    6450  HO=0.8508  meanSteps=   128.7  copy=0.831  A(t)=949  sim=19.5s
epoch    6500  HO=0.8586  meanSteps=   128.9  copy=0.857  A(t)=950  sim=19.5s
epoch    6550  HO=0.8681  meanSteps=   128.9  copy=0.863  A(t)=958  sim=19.6s
epoch    6600  HO=0.8812  meanSteps=   133.3  copy=0.867  A(t)=958  sim=19.7s
epoch    6650  HO=0.9082  meanSteps=   147.0  copy=0.863  A(t)=961  sim=19.9s
epoch    6700  HO=0.8828  meanSteps=   138.1  copy=0.857  A(t)=964  sim=20.0s
epoch    6750  HO=0.8501  meanSteps=   128.7  copy=0.846  A(t)=971  sim=20.2s
epoch    6800  HO=0.8526  meanSteps=   128.8  copy=0.825  A(t)=974  sim=20.3s
epoch    6850  HO=0.8507  meanSteps=   128.9  copy=0.799  A(t)=985  sim=20.4s
epoch    6900  HO=0.8454  meanSteps=   128.8  copy=0.802  A(t)=993  sim=20.6s
epoch    6950  HO=0.8767  meanSteps=   128.9  copy=0.816  A(t)=993  sim=20.7s
epoch    7000  HO=0.9025  meanSteps=   128.9  copy=0.823  A(t)=993  sim=20.8s
epoch    7050  HO=0.9169  meanSteps=   129.0  copy=0.827  A(t)=1001  sim=21.0s
epoch    7100  HO=0.8708  meanSteps=   128.8  copy=0.824  A(t)=1001  sim=21.1s
epoch    7150  HO=0.8624  meanSteps=   128.8  copy=0.802  A(t)=1017  sim=21.2s
epoch    7200  HO=0.9011  meanSteps=   128.8  copy=0.807  A(t)=1020  sim=21.2s
epoch    7250  HO=0.8826  meanSteps=   130.1  copy=0.828  A(t)=1023  sim=21.4s
epoch    7300  HO=0.8694  meanSteps=   128.8  copy=0.834  A(t)=1025  sim=21.4s
epoch    7350  HO=0.8534  meanSteps=   130.0  copy=0.809  A(t)=1026  sim=21.5s
epoch    7400  HO=0.8394  meanSteps=   128.8  copy=0.826  A(t)=1050  sim=21.6s
epoch    7450  HO=0.8485  meanSteps=   128.6  copy=0.829  A(t)=1050  sim=21.7s
epoch    7500  HO=0.8556  meanSteps=   128.8  copy=0.825  A(t)=1051  sim=21.8s
epoch    7550  HO=0.8350  meanSteps=   129.0  copy=0.835  A(t)=1051  sim=21.9s
epoch    7600  HO=0.8412  meanSteps=   128.8  copy=0.838  A(t)=1051  sim=22.0s
epoch    7650  HO=0.8284  meanSteps=   128.6  copy=0.839  A(t)=1051  sim=22.2s
epoch    7700  HO=0.8678  meanSteps=   128.7  copy=0.843  A(t)=1051  sim=22.3s
epoch    7750  HO=0.8253  meanSteps=   128.6  copy=0.858  A(t)=1059  sim=22.4s
epoch    7800  HO=0.8744  meanSteps=   128.8  copy=0.879  A(t)=1071  sim=22.6s
epoch    7850  HO=0.8511  meanSteps=   128.7  copy=0.861  A(t)=1073  sim=22.7s
epoch    7900  HO=0.8536  meanSteps=   128.7  copy=0.848  A(t)=1076  sim=22.9s
epoch    7950  HO=0.8740  meanSteps=   128.9  copy=0.846  A(t)=1078  sim=23.0s
epoch    8000  HO=0.8608  meanSteps=   128.9  copy=0.826  A(t)=1083  sim=23.1s
epoch    8050  HO=0.8713  meanSteps=   128.9  copy=0.828  A(t)=1086  sim=23.3s
epoch    8100  HO=0.8488  meanSteps=   128.9  copy=0.817  A(t)=1093  sim=23.4s
epoch    8150  HO=0.8009  meanSteps=   128.9  copy=0.819  A(t)=1101  sim=23.6s
epoch    8200  HO=0.8245  meanSteps=   128.9  copy=0.825  A(t)=1107  sim=23.6s
epoch    8250  HO=0.8471  meanSteps=   129.0  copy=0.828  A(t)=1112  sim=23.7s
epoch    8300  HO=0.8415  meanSteps=   128.8  copy=0.847  A(t)=1112  sim=23.8s
epoch    8350  HO=0.8398  meanSteps=   128.7  copy=0.845  A(t)=1114  sim=23.9s
epoch    8400  HO=0.8219  meanSteps=   128.6  copy=0.844  A(t)=1115  sim=23.9s
epoch    8450  HO=0.8506  meanSteps=   128.7  copy=0.860  A(t)=1127  sim=24.0s
epoch    8500  HO=0.8329  meanSteps=   128.9  copy=0.857  A(t)=1130  sim=24.1s
epoch    8550  HO=0.7472  meanSteps=   129.0  copy=0.874  A(t)=1130  sim=24.2s
epoch    8600  HO=0.8197  meanSteps=   128.9  copy=0.878  A(t)=1130  sim=24.4s
epoch    8650  HO=0.7937  meanSteps=   128.8  copy=0.870  A(t)=1130  sim=24.5s
epoch    8700  HO=0.8147  meanSteps=   128.9  copy=0.867  A(t)=1130  sim=24.6s
epoch    8750  HO=0.8027  meanSteps=   128.9  copy=0.861  A(t)=1130  sim=24.7s
epoch    8800  HO=0.7925  meanSteps=   128.8  copy=0.870  A(t)=1131  sim=24.8s
epoch    8850  HO=0.8195  meanSteps=   128.7  copy=0.856  A(t)=1141  sim=24.9s
epoch    8900  HO=0.8264  meanSteps=   128.8  copy=0.854  A(t)=1143  sim=25.1s
epoch    8950  HO=0.7968  meanSteps=   128.8  copy=0.834  A(t)=1144  sim=25.2s
epoch    9000  HO=0.8381  meanSteps=   128.6  copy=0.841  A(t)=1144  sim=25.3s
epoch    9050  HO=0.8354  meanSteps=   128.5  copy=0.844  A(t)=1146  sim=25.5s
epoch    9100  HO=0.8211  meanSteps=   128.6  copy=0.845  A(t)=1148  sim=25.6s
epoch    9150  HO=0.8034  meanSteps=   128.5  copy=0.859  A(t)=1152  sim=25.8s
epoch    9200  HO=0.8292  meanSteps=   128.5  copy=0.863  A(t)=1153  sim=25.9s
epoch    9250  HO=0.7757  meanSteps=   128.7  copy=0.866  A(t)=1154  sim=26.0s
epoch    9300  HO=0.7756  meanSteps=   128.9  copy=0.846  A(t)=1154  sim=26.2s
epoch    9350  HO=0.7574  meanSteps=   128.9  copy=0.840  A(t)=1156  sim=26.3s
epoch    9400  HO=0.7254  meanSteps=   128.8  copy=0.835  A(t)=1157  sim=26.4s
epoch    9450  HO=0.7384  meanSteps=   128.5  copy=0.826  A(t)=1169  sim=26.6s
epoch    9500  HO=0.7682  meanSteps=   128.7  copy=0.840  A(t)=1186  sim=26.7s
epoch    9550  HO=0.7434  meanSteps=   128.7  copy=0.840  A(t)=1189  sim=26.9s
epoch    9600  HO=0.7314  meanSteps=   128.5  copy=0.823  A(t)=1198  sim=27.0s
epoch    9650  HO=0.7402  meanSteps=   128.8  copy=0.824  A(t)=1200  sim=27.1s
epoch    9700  HO=0.7821  meanSteps=   135.2  copy=0.849  A(t)=1209  sim=27.3s
epoch    9750  HO=0.8186  meanSteps=   128.7  copy=0.842  A(t)=1209  sim=27.4s
epoch    9800  HO=0.8212  meanSteps=   128.8  copy=0.838  A(t)=1211  sim=27.5s
epoch    9850  HO=0.8331  meanSteps=   128.8  copy=0.838  A(t)=1216  sim=27.7s
epoch    9900  HO=0.7762  meanSteps=   128.8  copy=0.815  A(t)=1234  sim=27.8s
epoch    9950  HO=0.7921  meanSteps=   128.9  copy=0.837  A(t)=1242  sim=27.9s
epoch   10000  HO=0.7947  meanSteps=   131.9  copy=0.833  A(t)=1246  sim=28.0s
epoch   10050  HO=0.7661  meanSteps=   142.0  copy=0.826  A(t)=1246  sim=28.1s
epoch   10100  HO=0.8314  meanSteps=   128.8  copy=0.829  A(t)=1247  sim=28.2s
epoch   10150  HO=0.8080  meanSteps=   129.0  copy=0.827  A(t)=1249  sim=28.3s
epoch   10200  HO=0.8071  meanSteps=   128.9  copy=0.831  A(t)=1251  sim=28.4s
epoch   10250  HO=0.8081  meanSteps=   128.9  copy=0.826  A(t)=1265  sim=28.5s
epoch   10300  HO=0.8220  meanSteps=   128.7  copy=0.819  A(t)=1266  sim=28.5s
epoch   10350  HO=0.7811  meanSteps=   128.9  copy=0.826  A(t)=1269  sim=28.6s
epoch   10400  HO=0.7804  meanSteps=   128.9  copy=0.844  A(t)=1271  sim=28.8s
epoch   10450  HO=0.7830  meanSteps=   128.8  copy=0.837  A(t)=1271  sim=28.9s
epoch   10500  HO=0.8416  meanSteps=   128.9  copy=0.851  A(t)=1278  sim=29.0s
epoch   10550  HO=0.7766  meanSteps=   128.8  copy=0.845  A(t)=1290  sim=29.2s
epoch   10600  HO=0.8011  meanSteps=   131.4  copy=0.853  A(t)=1295  sim=29.2s
epoch   10650  HO=0.7698  meanSteps=   130.0  copy=0.840  A(t)=1295  sim=29.4s
epoch   10700  HO=0.8135  meanSteps=   128.5  copy=0.843  A(t)=1296  sim=29.4s
epoch   10750  HO=0.7890  meanSteps=   128.7  copy=0.844  A(t)=1298  sim=29.5s
epoch   10800  HO=0.7802  meanSteps=   128.7  copy=0.833  A(t)=1298  sim=29.6s
epoch   10850  HO=0.8290  meanSteps=   128.6  copy=0.828  A(t)=1298  sim=29.6s
epoch   10900  HO=0.8125  meanSteps=   128.5  copy=0.801  A(t)=1298  sim=29.7s
epoch   10950  HO=0.8494  meanSteps=   128.5  copy=0.799  A(t)=1302  sim=29.8s
epoch   11000  HO=0.8364  meanSteps=   128.5  copy=0.808  A(t)=1302  sim=29.9s
epoch   11050  HO=0.8094  meanSteps=   128.7  copy=0.822  A(t)=1302  sim=29.9s
epoch   11100  HO=0.8428  meanSteps=   128.7  copy=0.827  A(t)=1305  sim=30.0s
epoch   11150  HO=0.8222  meanSteps=   129.2  copy=0.817  A(t)=1307  sim=30.1s
epoch   11200  HO=0.8401  meanSteps=   128.7  copy=0.817  A(t)=1308  sim=30.3s
epoch   11250  HO=0.8833  meanSteps=   128.7  copy=0.823  A(t)=1308  sim=30.4s
epoch   11300  HO=0.8485  meanSteps=   128.7  copy=0.833  A(t)=1308  sim=30.5s
epoch   11350  HO=0.9055  meanSteps=   128.7  copy=0.857  A(t)=1313  sim=30.6s
epoch   11400  HO=0.8722  meanSteps=   128.5  copy=0.837  A(t)=1314  sim=30.7s
epoch   11450  HO=0.8800  meanSteps=   128.4  copy=0.836  A(t)=1314  sim=30.8s
epoch   11500  HO=0.9069  meanSteps=   128.4  copy=0.842  A(t)=1317  sim=30.9s
epoch   11550  HO=0.9228  meanSteps=   128.8  copy=0.842  A(t)=1320  sim=31.0s
epoch   11600  HO=0.9085  meanSteps=   128.6  copy=0.848  A(t)=1321  sim=31.1s
epoch   11650  HO=0.8332  meanSteps=   128.7  copy=0.864  A(t)=1323  sim=31.2s
epoch   11700  HO=0.8781  meanSteps=   128.6  copy=0.844  A(t)=1328  sim=31.2s
epoch   11750  HO=0.8367  meanSteps=   128.6  copy=0.827  A(t)=1328  sim=31.3s
epoch   11800  HO=0.8288  meanSteps=   128.9  copy=0.830  A(t)=1333  sim=31.4s
epoch   11850  HO=0.8441  meanSteps=   128.9  copy=0.845  A(t)=1333  sim=31.5s
epoch   11900  HO=0.8663  meanSteps=   128.7  copy=0.860  A(t)=1333  sim=31.6s
epoch   11950  HO=0.8723  meanSteps=   128.6  copy=0.868  A(t)=1340  sim=31.7s
epoch   12000  HO=0.8350  meanSteps=   128.5  copy=0.858  A(t)=1340  sim=31.7s
epoch   12050  HO=0.8405  meanSteps=   128.6  copy=0.872  A(t)=1340  sim=31.9s
epoch   12100  HO=0.8399  meanSteps=   128.6  copy=0.868  A(t)=1340  sim=32.0s
epoch   12150  HO=0.7886  meanSteps=   128.7  copy=0.856  A(t)=1348  sim=32.2s
epoch   12200  HO=0.8042  meanSteps=   128.8  copy=0.847  A(t)=1348  sim=32.3s
epoch   12250  HO=0.8469  meanSteps=   128.9  copy=0.849  A(t)=1349  sim=32.4s
epoch   12300  HO=0.8356  meanSteps=   129.0  copy=0.842  A(t)=1349  sim=32.6s
epoch   12350  HO=0.8549  meanSteps=   129.0  copy=0.844  A(t)=1349  sim=32.7s
epoch   12400  HO=0.8278  meanSteps=   129.0  copy=0.854  A(t)=1350  sim=32.7s
epoch   12450  HO=0.8629  meanSteps=   128.9  copy=0.849  A(t)=1351  sim=32.8s
epoch   12500  HO=0.8470  meanSteps=   129.4  copy=0.826  A(t)=1353  sim=33.0s
epoch   12550  HO=0.8904  meanSteps=   128.9  copy=0.814  A(t)=1358  sim=33.1s
epoch   12600  HO=0.8378  meanSteps=   131.5  copy=0.795  A(t)=1358  sim=33.1s
epoch   12650  HO=0.8066  meanSteps=   128.7  copy=0.785  A(t)=1358  sim=33.2s
epoch   12700  HO=0.8553  meanSteps=   128.8  copy=0.795  A(t)=1360  sim=33.3s
epoch   12750  HO=0.8507  meanSteps=   128.6  copy=0.808  A(t)=1372  sim=33.4s
epoch   12800  HO=0.8549  meanSteps=   128.8  copy=0.821  A(t)=1372  sim=33.5s
epoch   12850  HO=0.8578  meanSteps=   128.7  copy=0.837  A(t)=1374  sim=33.6s
epoch   12900  HO=0.8289  meanSteps=   128.6  copy=0.856  A(t)=1374  sim=33.8s
epoch   12950  HO=0.7752  meanSteps=   128.9  copy=0.858  A(t)=1388  sim=33.8s
epoch   13000  HO=0.8178  meanSteps=   129.0  copy=0.837  A(t)=1398  sim=33.9s
epoch   13050  HO=0.7882  meanSteps=   128.7  copy=0.827  A(t)=1399  sim=34.0s
epoch   13100  HO=0.8085  meanSteps=   128.6  copy=0.837  A(t)=1409  sim=34.1s
epoch   13150  HO=0.7951  meanSteps=   128.6  copy=0.851  A(t)=1409  sim=34.2s
epoch   13200  HO=0.7697  meanSteps=   128.5  copy=0.851  A(t)=1413  sim=34.2s
epoch   13250  HO=0.7641  meanSteps=   128.7  copy=0.834  A(t)=1423  sim=34.3s
epoch   13300  HO=0.8021  meanSteps=   128.8  copy=0.840  A(t)=1426  sim=34.5s
epoch   13350  HO=0.8109  meanSteps=   128.9  copy=0.843  A(t)=1434  sim=34.6s
epoch   13400  HO=0.7798  meanSteps=   128.9  copy=0.810  A(t)=1440  sim=34.7s
epoch   13450  HO=0.7917  meanSteps=   128.9  copy=0.807  A(t)=1442  sim=34.8s
epoch   13500  HO=0.8215  meanSteps=   128.8  copy=0.846  A(t)=1442  sim=34.8s
epoch   13550  HO=0.8601  meanSteps=   128.8  copy=0.846  A(t)=1444  sim=34.9s
epoch   13600  HO=0.8757  meanSteps=   128.8  copy=0.849  A(t)=1445  sim=35.0s
epoch   13650  HO=0.8342  meanSteps=   128.9  copy=0.857  A(t)=1445  sim=35.1s
epoch   13700  HO=0.8171  meanSteps=   128.9  copy=0.864  A(t)=1445  sim=35.1s
epoch   13750  HO=0.8545  meanSteps=   128.9  copy=0.845  A(t)=1445  sim=35.2s
epoch   13800  HO=0.8283  meanSteps=   128.7  copy=0.837  A(t)=1450  sim=35.3s
epoch   13850  HO=0.8491  meanSteps=   128.6  copy=0.844  A(t)=1461  sim=35.5s
epoch   13900  HO=0.8048  meanSteps=   128.7  copy=0.850  A(t)=1466  sim=35.6s
epoch   13950  HO=0.8546  meanSteps=   128.8  copy=0.853  A(t)=1466  sim=35.6s
epoch   14000  HO=0.8295  meanSteps=   129.6  copy=0.844  A(t)=1466  sim=35.7s
epoch   14050  HO=0.8288  meanSteps=   146.5  copy=0.848  A(t)=1475  sim=35.8s
epoch   14100  HO=0.8231  meanSteps=   152.4  copy=0.834  A(t)=1475  sim=35.9s
epoch   14150  HO=0.8079  meanSteps=   148.5  copy=0.849  A(t)=1475  sim=35.9s
epoch   14200  HO=0.8300  meanSteps=   128.7  copy=0.856  A(t)=1475  sim=36.0s
epoch   14250  HO=0.8235  meanSteps=   128.8  copy=0.857  A(t)=1476  sim=36.2s
epoch   14300  HO=0.8410  meanSteps=   129.0  copy=0.866  A(t)=1477  sim=36.3s
epoch   14350  HO=0.8308  meanSteps=   128.9  copy=0.869  A(t)=1481  sim=36.3s
epoch   14400  HO=0.8117  meanSteps=   128.9  copy=0.869  A(t)=1482  sim=36.5s
epoch   14450  HO=0.8619  meanSteps=   128.9  copy=0.857  A(t)=1486  sim=36.6s
epoch   14500  HO=0.8281  meanSteps=   128.9  copy=0.856  A(t)=1494  sim=36.8s
epoch   14550  HO=0.8515  meanSteps=   129.0  copy=0.871  A(t)=1494  sim=36.8s
epoch   14600  HO=0.8728  meanSteps=   129.0  copy=0.864  A(t)=1495  sim=36.9s
epoch   14650  HO=0.8517  meanSteps=   129.0  copy=0.854  A(t)=1503  sim=37.0s
epoch   14700  HO=0.8660  meanSteps=   128.9  copy=0.852  A(t)=1504  sim=37.1s
epoch   14750  HO=0.8760  meanSteps=   128.9  copy=0.849  A(t)=1507  sim=37.1s
epoch   14800  HO=0.8833  meanSteps=   128.8  copy=0.834  A(t)=1515  sim=37.2s
epoch   14850  HO=0.8286  meanSteps=   129.0  copy=0.844  A(t)=1515  sim=37.3s
epoch   14900  HO=0.8001  meanSteps=   128.9  copy=0.857  A(t)=1515  sim=37.4s
epoch   14950  HO=0.8299  meanSteps=   128.8  copy=0.850  A(t)=1520  sim=37.4s
epoch   15000  HO=0.8096  meanSteps=   128.9  copy=0.843  A(t)=1528  sim=37.5s
epoch   15050  HO=0.8112  meanSteps=   128.9  copy=0.848  A(t)=1530  sim=37.6s
epoch   15100  HO=0.8147  meanSteps=   128.9  copy=0.829  A(t)=1530  sim=37.7s
epoch   15150  HO=0.7639  meanSteps=   129.2  copy=0.833  A(t)=1530  sim=37.8s
epoch   15200  HO=0.7886  meanSteps=   133.4  copy=0.839  A(t)=1530  sim=37.9s
epoch   15250  HO=0.7888  meanSteps=   128.9  copy=0.839  A(t)=1534  sim=38.0s
epoch   15300  HO=0.8329  meanSteps=   129.0  copy=0.819  A(t)=1534  sim=38.0s
epoch   15350  HO=0.8058  meanSteps=   128.9  copy=0.804  A(t)=1540  sim=38.1s
epoch   15400  HO=0.7617  meanSteps=   128.9  copy=0.801  A(t)=1541  sim=38.2s
epoch   15450  HO=0.8023  meanSteps=   128.9  copy=0.811  A(t)=1546  sim=38.2s
epoch   15500  HO=0.7812  meanSteps=   128.7  copy=0.807  A(t)=1547  sim=38.3s
epoch   15550  HO=0.7717  meanSteps=   128.5  copy=0.814  A(t)=1555  sim=38.4s
epoch   15600  HO=0.7339  meanSteps=   128.8  copy=0.812  A(t)=1563  sim=38.4s
epoch   15650  HO=0.7423  meanSteps=   128.7  copy=0.812  A(t)=1565  sim=38.5s
epoch   15700  HO=0.7224  meanSteps=   128.6  copy=0.828  A(t)=1567  sim=38.6s
epoch   15750  HO=0.7330  meanSteps=   128.7  copy=0.834  A(t)=1570  sim=38.6s
epoch   15800  HO=0.7499  meanSteps=   128.7  copy=0.836  A(t)=1570  sim=38.7s
epoch   15850  HO=0.7190  meanSteps=   128.7  copy=0.828  A(t)=1573  sim=38.8s
epoch   15900  HO=0.7296  meanSteps=   128.6  copy=0.827  A(t)=1577  sim=38.9s
epoch   15950  HO=0.7363  meanSteps=   128.8  copy=0.835  A(t)=1579  sim=38.9s
epoch   16000  HO=0.7882  meanSteps=   128.8  copy=0.828  A(t)=1581  sim=39.0s
epoch   16050  HO=0.8011  meanSteps=   128.8  copy=0.838  A(t)=1581  sim=39.1s
epoch   16100  HO=0.8043  meanSteps=   129.0  copy=0.832  A(t)=1586  sim=39.1s
epoch   16150  HO=0.8101  meanSteps=   129.0  copy=0.845  A(t)=1586  sim=39.2s
epoch   16200  HO=0.7492  meanSteps=   129.0  copy=0.869  A(t)=1589  sim=39.3s
epoch   16250  HO=0.8014  meanSteps=   128.9  copy=0.869  A(t)=1591  sim=39.3s
epoch   16300  HO=0.7858  meanSteps=   128.7  copy=0.848  A(t)=1592  sim=39.4s
epoch   16350  HO=0.7842  meanSteps=   128.7  copy=0.867  A(t)=1596  sim=39.5s
epoch   16400  HO=0.8031  meanSteps=   128.9  copy=0.862  A(t)=1596  sim=39.5s
epoch   16450  HO=0.7727  meanSteps=   128.8  copy=0.871  A(t)=1596  sim=39.6s
epoch   16500  HO=0.8232  meanSteps=   128.7  copy=0.845  A(t)=1609  sim=39.7s
epoch   16550  HO=0.8205  meanSteps=   128.5  copy=0.845  A(t)=1610  sim=39.8s
epoch   16600  HO=0.8487  meanSteps=   128.8  copy=0.841  A(t)=1610  sim=39.8s
epoch   16650  HO=0.8032  meanSteps=   128.8  copy=0.850  A(t)=1610  sim=39.9s
epoch   16700  HO=0.7871  meanSteps=   128.9  copy=0.861  A(t)=1610  sim=40.0s
epoch   16750  HO=0.7574  meanSteps=   129.0  copy=0.864  A(t)=1615  sim=40.0s
epoch   16800  HO=0.7469  meanSteps=   129.0  copy=0.854  A(t)=1615  sim=40.1s
epoch   16850  HO=0.7852  meanSteps=   128.9  copy=0.832  A(t)=1625  sim=40.2s
epoch   16900  HO=0.7672  meanSteps=   128.9  copy=0.836  A(t)=1635  sim=40.2s
epoch   16950  HO=0.7597  meanSteps=   129.0  copy=0.830  A(t)=1635  sim=40.3s
epoch   17000  HO=0.7404  meanSteps=   128.8  copy=0.831  A(t)=1643  sim=40.4s
epoch   17050  HO=0.7337  meanSteps=   128.7  copy=0.861  A(t)=1643  sim=40.4s
epoch   17100  HO=0.7025  meanSteps=   128.9  copy=0.853  A(t)=1643  sim=40.5s
epoch   17150  HO=0.7137  meanSteps=   128.7  copy=0.838  A(t)=1643  sim=40.6s
epoch   17200  HO=0.7474  meanSteps=   128.6  copy=0.838  A(t)=1643  sim=40.6s
epoch   17250  HO=0.7165  meanSteps=   128.7  copy=0.832  A(t)=1654  sim=40.7s
epoch   17300  HO=0.6854  meanSteps=   128.8  copy=0.832  A(t)=1656  sim=40.8s
epoch   17350  HO=0.7413  meanSteps=   128.8  copy=0.833  A(t)=1660  sim=40.9s
epoch   17400  HO=0.7150  meanSteps=   128.8  copy=0.836  A(t)=1662  sim=40.9s
epoch   17450  HO=0.6980  meanSteps=   128.8  copy=0.838  A(t)=1668  sim=41.0s
epoch   17500  HO=0.7023  meanSteps=   128.9  copy=0.868  A(t)=1671  sim=41.1s
epoch   17550  HO=0.7038  meanSteps=   128.7  copy=0.863  A(t)=1675  sim=41.1s
epoch   17600  HO=0.7475  meanSteps=   128.9  copy=0.856  A(t)=1675  sim=41.2s
epoch   17650  HO=0.7490  meanSteps=   128.8  copy=0.839  A(t)=1679  sim=41.3s
epoch   17700  HO=0.7170  meanSteps=   128.9  copy=0.836  A(t)=1681  sim=41.3s
epoch   17750  HO=0.7329  meanSteps=   128.7  copy=0.847  A(t)=1684  sim=41.4s
epoch   17800  HO=0.7367  meanSteps=   128.8  copy=0.848  A(t)=1686  sim=41.5s
epoch   17850  HO=0.6891  meanSteps=   128.9  copy=0.824  A(t)=1686  sim=41.5s
epoch   17900  HO=0.7079  meanSteps=   128.7  copy=0.827  A(t)=1686  sim=41.6s
epoch   17950  HO=0.7010  meanSteps=   128.6  copy=0.842  A(t)=1698  sim=41.7s
epoch   18000  HO=0.7110  meanSteps=   128.4  copy=0.831  A(t)=1701  sim=41.7s
epoch   18050  HO=0.6832  meanSteps=   128.6  copy=0.829  A(t)=1701  sim=41.8s
epoch   18100  HO=0.6940  meanSteps=   128.8  copy=0.857  A(t)=1703  sim=41.9s
epoch   18150  HO=0.7399  meanSteps=   128.8  copy=0.860  A(t)=1708  sim=42.0s
epoch   18200  HO=0.7365  meanSteps=   128.6  copy=0.866  A(t)=1708  sim=42.0s
epoch   18250  HO=0.7638  meanSteps=   128.6  copy=0.858  A(t)=1708  sim=42.1s
epoch   18300  HO=0.6991  meanSteps=   128.9  copy=0.857  A(t)=1711  sim=42.2s
epoch   18350  HO=0.7664  meanSteps=   128.8  copy=0.851  A(t)=1713  sim=42.2s
epoch   18400  HO=0.7599  meanSteps=   128.8  copy=0.842  A(t)=1718  sim=42.3s
epoch   18450  HO=0.7485  meanSteps=   129.0  copy=0.846  A(t)=1727  sim=42.4s
epoch   18500  HO=0.7721  meanSteps=   128.9  copy=0.846  A(t)=1734  sim=42.4s
epoch   18550  HO=0.7488  meanSteps=   128.8  copy=0.835  A(t)=1742  sim=42.5s
epoch   18600  HO=0.7791  meanSteps=   128.8  copy=0.843  A(t)=1742  sim=42.6s
epoch   18650  HO=0.7751  meanSteps=   128.8  copy=0.856  A(t)=1742  sim=42.6s
epoch   18700  HO=0.7805  meanSteps=   128.7  copy=0.840  A(t)=1747  sim=42.7s
epoch   18750  HO=0.7314  meanSteps=   128.8  copy=0.841  A(t)=1754  sim=42.8s
epoch   18800  HO=0.7908  meanSteps=   128.8  copy=0.875  A(t)=1754  sim=42.8s
epoch   18850  HO=0.7562  meanSteps=   128.6  copy=0.857  A(t)=1754  sim=42.9s
epoch   18900  HO=0.8009  meanSteps=   128.8  copy=0.875  A(t)=1754  sim=43.0s
epoch   18950  HO=0.7951  meanSteps=   128.9  copy=0.871  A(t)=1755  sim=43.1s
epoch   19000  HO=0.8060  meanSteps=   129.0  copy=0.900  A(t)=1759  sim=43.1s
epoch   19050  HO=0.7946  meanSteps=   129.0  copy=0.897  A(t)=1759  sim=43.2s
epoch   19100  HO=0.8292  meanSteps=   128.9  copy=0.867  A(t)=1759  sim=43.3s
epoch   19150  HO=0.7886  meanSteps=   128.6  copy=0.869  A(t)=1763  sim=43.3s
epoch   19200  HO=0.7908  meanSteps=   128.7  copy=0.860  A(t)=1763  sim=43.4s
epoch   19250  HO=0.8159  meanSteps=   128.7  copy=0.846  A(t)=1763  sim=43.5s
epoch   19300  HO=0.8026  meanSteps=   128.7  copy=0.840  A(t)=1763  sim=43.5s
epoch   19350  HO=0.8033  meanSteps=   128.7  copy=0.833  A(t)=1763  sim=43.6s
epoch   19400  HO=0.7874  meanSteps=   130.4  copy=0.831  A(t)=1763  sim=43.7s
epoch   19450  HO=0.7840  meanSteps=   128.8  copy=0.817  A(t)=1769  sim=43.7s
epoch   19500  HO=0.8323  meanSteps=   128.7  copy=0.833  A(t)=1775  sim=43.8s
epoch   19550  HO=0.7933  meanSteps=   128.7  copy=0.823  A(t)=1776  sim=43.9s
epoch   19600  HO=0.8110  meanSteps=   141.4  copy=0.815  A(t)=1792  sim=43.9s
epoch   19650  HO=0.7929  meanSteps=   151.2  copy=0.816  A(t)=1792  sim=44.0s
epoch   19700  HO=0.7428  meanSteps=   140.8  copy=0.820  A(t)=1793  sim=44.1s
epoch   19750  HO=0.7392  meanSteps=   128.4  copy=0.814  A(t)=1793  sim=44.1s
epoch   19800  HO=0.8004  meanSteps=   128.5  copy=0.825  A(t)=1793  sim=44.2s
epoch   19850  HO=0.7598  meanSteps=   128.3  copy=0.839  A(t)=1793  sim=44.3s
epoch   19900  HO=0.7771  meanSteps=   128.6  copy=0.839  A(t)=1793  sim=44.4s
epoch   19950  HO=0.7919  meanSteps=   128.8  copy=0.849  A(t)=1802  sim=44.4s
epoch   20000  HO=0.7708  meanSteps=   128.9  copy=0.836  A(t)=1814  sim=44.5s
epoch   20050  HO=0.7648  meanSteps=   128.9  copy=0.851  A(t)=1816  sim=44.6s
epoch   20100  HO=0.7265  meanSteps=   128.7  copy=0.852  A(t)=1816  sim=44.6s
epoch   20150  HO=0.7326  meanSteps=   128.6  copy=0.860  A(t)=1817  sim=44.7s
epoch   20200  HO=0.7026  meanSteps=   128.9  copy=0.875  A(t)=1817  sim=44.8s
epoch   20250  HO=0.7901  meanSteps=   128.8  copy=0.864  A(t)=1825  sim=44.8s
epoch   20300  HO=0.8104  meanSteps=   128.8  copy=0.856  A(t)=1826  sim=44.9s
epoch   20350  HO=0.7548  meanSteps=   128.7  copy=0.875  A(t)=1828  sim=45.0s
epoch   20400  HO=0.7451  meanSteps=   128.9  copy=0.862  A(t)=1833  sim=45.1s
epoch   20450  HO=0.7432  meanSteps=   128.9  copy=0.862  A(t)=1833  sim=45.1s
epoch   20500  HO=0.7348  meanSteps=   128.9  copy=0.855  A(t)=1834  sim=45.2s
epoch   20550  HO=0.7750  meanSteps=   129.0  copy=0.852  A(t)=1834  sim=45.3s
epoch   20600  HO=0.8025  meanSteps=   128.9  copy=0.835  A(t)=1834  sim=45.3s
epoch   20650  HO=0.7709  meanSteps=   128.9  copy=0.830  A(t)=1834  sim=45.4s
epoch   20700  HO=0.7680  meanSteps=   128.7  copy=0.835  A(t)=1835  sim=45.5s
epoch   20750  HO=0.6968  meanSteps=   128.8  copy=0.865  A(t)=1838  sim=45.5s
epoch   20800  HO=0.6556  meanSteps=   128.8  copy=0.869  A(t)=1838  sim=45.6s
epoch   20850  HO=0.7012  meanSteps=   128.9  copy=0.857  A(t)=1838  sim=45.7s
epoch   20900  HO=0.7594  meanSteps=   128.7  copy=0.869  A(t)=1838  sim=45.7s
epoch   20950  HO=0.6919  meanSteps=   128.8  copy=0.889  A(t)=1838  sim=45.8s
epoch   21000  HO=0.6828  meanSteps=   130.1  copy=0.884  A(t)=1840  sim=45.9s
epoch   21050  HO=0.7403  meanSteps=   139.9  copy=0.869  A(t)=1840  sim=46.0s
epoch   21100  HO=0.7450  meanSteps=   137.3  copy=0.863  A(t)=1840  sim=46.0s
epoch   21150  HO=0.7868  meanSteps=   146.7  copy=0.842  A(t)=1844  sim=46.1s
epoch   21200  HO=0.7316  meanSteps=   131.8  copy=0.821  A(t)=1852  sim=46.2s
epoch   21250  HO=0.7455  meanSteps=   128.8  copy=0.823  A(t)=1853  sim=46.2s
epoch   21300  HO=0.7211  meanSteps=   128.7  copy=0.824  A(t)=1854  sim=46.3s
epoch   21350  HO=0.7809  meanSteps=   128.6  copy=0.851  A(t)=1854  sim=46.4s
epoch   21400  HO=0.7186  meanSteps=   128.7  copy=0.874  A(t)=1854  sim=46.4s
epoch   21450  HO=0.7656  meanSteps=   128.6  copy=0.868  A(t)=1854  sim=46.5s
epoch   21500  HO=0.7572  meanSteps=   128.6  copy=0.872  A(t)=1854  sim=46.6s
epoch   21550  HO=0.7279  meanSteps=   128.8  copy=0.858  A(t)=1856  sim=46.6s
epoch   21600  HO=0.7361  meanSteps=   128.4  copy=0.836  A(t)=1861  sim=46.7s
epoch   21650  HO=0.7083  meanSteps=   128.4  copy=0.834  A(t)=1868  sim=46.8s
epoch   21700  HO=0.7001  meanSteps=   128.5  copy=0.831  A(t)=1868  sim=46.8s
epoch   21750  HO=0.7676  meanSteps=   128.4  copy=0.856  A(t)=1868  sim=46.9s
epoch   21800  HO=0.7879  meanSteps=   128.9  copy=0.856  A(t)=1868  sim=47.0s
epoch   21850  HO=0.7932  meanSteps=   128.8  copy=0.868  A(t)=1868  sim=47.0s
epoch   21900  HO=0.8071  meanSteps=   128.9  copy=0.877  A(t)=1869  sim=47.1s
epoch   21950  HO=0.7863  meanSteps=   128.8  copy=0.876  A(t)=1879  sim=47.2s
epoch   22000  HO=0.8026  meanSteps=   128.9  copy=0.868  A(t)=1882  sim=47.2s
epoch   22050  HO=0.7970  meanSteps=   129.0  copy=0.855  A(t)=1882  sim=47.3s
epoch   22100  HO=0.7860  meanSteps=   128.9  copy=0.853  A(t)=1882  sim=47.4s
epoch   22150  HO=0.7685  meanSteps=   128.6  copy=0.835  A(t)=1882  sim=47.5s
epoch   22200  HO=0.7992  meanSteps=   128.8  copy=0.862  A(t)=1882  sim=47.5s
epoch   22250  HO=0.7988  meanSteps=   128.9  copy=0.864  A(t)=1884  sim=47.6s
epoch   22300  HO=0.8013  meanSteps=   128.8  copy=0.878  A(t)=1884  sim=47.7s
epoch   22350  HO=0.8157  meanSteps=   128.9  copy=0.881  A(t)=1884  sim=47.7s
epoch   22400  HO=0.8221  meanSteps=   128.9  copy=0.861  A(t)=1886  sim=47.8s
epoch   22450  HO=0.8501  meanSteps=   129.0  copy=0.846  A(t)=1888  sim=47.9s
epoch   22500  HO=0.8459  meanSteps=   128.9  copy=0.864  A(t)=1891  sim=47.9s
epoch   22550  HO=0.8266  meanSteps=   128.6  copy=0.849  A(t)=1893  sim=48.0s
epoch   22600  HO=0.8205  meanSteps=   128.8  copy=0.833  A(t)=1894  sim=48.1s
epoch   22650  HO=0.8264  meanSteps=   128.8  copy=0.823  A(t)=1903  sim=48.1s
epoch   22700  HO=0.7571  meanSteps=   128.8  copy=0.818  A(t)=1905  sim=48.2s
epoch   22750  HO=0.7903  meanSteps=   128.8  copy=0.826  A(t)=1916  sim=48.3s
epoch   22800  HO=0.8038  meanSteps=   128.8  copy=0.824  A(t)=1916  sim=48.3s
epoch   22850  HO=0.7922  meanSteps=   128.8  copy=0.837  A(t)=1923  sim=48.4s
epoch   22900  HO=0.8024  meanSteps=   128.8  copy=0.831  A(t)=1923  sim=48.5s
epoch   22950  HO=0.7949  meanSteps=   128.8  copy=0.817  A(t)=1925  sim=48.5s
epoch   23000  HO=0.7738  meanSteps=   128.7  copy=0.822  A(t)=1925  sim=48.6s
epoch   23050  HO=0.8399  meanSteps=   128.7  copy=0.837  A(t)=1927  sim=48.7s
epoch   23100  HO=0.7892  meanSteps=   128.7  copy=0.851  A(t)=1928  sim=48.8s
epoch   23150  HO=0.7222  meanSteps=   129.0  copy=0.872  A(t)=1931  sim=48.8s
epoch   23200  HO=0.7699  meanSteps=   129.0  copy=0.872  A(t)=1931  sim=48.9s
epoch   23250  HO=0.7662  meanSteps=   128.8  copy=0.862  A(t)=1931  sim=49.0s
epoch   23300  HO=0.7600  meanSteps=   128.7  copy=0.865  A(t)=1939  sim=49.0s
epoch   23350  HO=0.7924  meanSteps=   128.7  copy=0.869  A(t)=1943  sim=49.1s
epoch   23400  HO=0.8189  meanSteps=   128.5  copy=0.858  A(t)=1944  sim=49.2s
epoch   23450  HO=0.7547  meanSteps=   128.8  copy=0.849  A(t)=1945  sim=49.2s
epoch   23500  HO=0.7992  meanSteps=   128.7  copy=0.846  A(t)=1950  sim=49.3s
epoch   23550  HO=0.8133  meanSteps=   128.7  copy=0.859  A(t)=1950  sim=49.4s
epoch   23600  HO=0.8100  meanSteps=   128.9  copy=0.863  A(t)=1951  sim=49.4s
epoch   23650  HO=0.8101  meanSteps=   129.0  copy=0.885  A(t)=1951  sim=49.5s
epoch   23700  HO=0.8310  meanSteps=   128.9  copy=0.869  A(t)=1951  sim=49.6s
epoch   23750  HO=0.8058  meanSteps=   128.8  copy=0.887  A(t)=1951  sim=49.6s
epoch   23800  HO=0.7971  meanSteps=   128.8  copy=0.866  A(t)=1957  sim=49.7s
epoch   23850  HO=0.8155  meanSteps=   128.7  copy=0.842  A(t)=1963  sim=49.8s
epoch   23900  HO=0.8158  meanSteps=   128.7  copy=0.841  A(t)=1970  sim=49.8s
epoch   23950  HO=0.7891  meanSteps=   129.0  copy=0.820  A(t)=1983  sim=49.9s
epoch   24000  HO=0.8025  meanSteps=   129.0  copy=0.795  A(t)=1984  sim=50.0s
epoch   24050  HO=0.8201  meanSteps=   128.9  copy=0.792  A(t)=1989  sim=50.0s
epoch   24100  HO=0.8365  meanSteps=   128.9  copy=0.777  A(t)=1989  sim=50.1s
epoch   24150  HO=0.8072  meanSteps=   128.9  copy=0.801  A(t)=1994  sim=50.2s
epoch   24200  HO=0.8164  meanSteps=   130.5  copy=0.811  A(t)=1996  sim=50.3s
epoch   24250  HO=0.8047  meanSteps=   135.5  copy=0.849  A(t)=1996  sim=50.3s
epoch   24300  HO=0.8089  meanSteps=   128.9  copy=0.841  A(t)=1996  sim=50.4s
epoch   24350  HO=0.8369  meanSteps=   128.8  copy=0.836  A(t)=2003  sim=50.5s
epoch   24400  HO=0.7920  meanSteps=   128.8  copy=0.836  A(t)=2005  sim=50.5s
epoch   24450  HO=0.7737  meanSteps=   128.6  copy=0.831  A(t)=2031  sim=50.6s
epoch   24500  HO=0.8156  meanSteps=   128.5  copy=0.827  A(t)=2036  sim=50.7s
epoch   24550  HO=0.7954  meanSteps=   128.5  copy=0.827  A(t)=2043  sim=50.7s
epoch   24600  HO=0.8308  meanSteps=   128.7  copy=0.858  A(t)=2045  sim=50.8s
epoch   24650  HO=0.8830  meanSteps=   128.5  copy=0.845  A(t)=2055  sim=50.9s
epoch   24700  HO=0.8416  meanSteps=   128.7  copy=0.846  A(t)=2059  sim=50.9s
epoch   24750  HO=0.7967  meanSteps=   136.8  copy=0.845  A(t)=2067  sim=51.0s
epoch   24800  HO=0.8344  meanSteps=   135.1  copy=0.847  A(t)=2067  sim=51.1s
epoch   24850  HO=0.8000  meanSteps=   137.0  copy=0.819  A(t)=2070  sim=51.1s
epoch   24900  HO=0.8250  meanSteps=   135.9  copy=0.833  A(t)=2075  sim=51.2s
epoch   24950  HO=0.8328  meanSteps=   140.3  copy=0.815  A(t)=2076  sim=51.3s
epoch   25000  HO=0.8200  meanSteps=   136.7  copy=0.807  A(t)=2076  sim=51.3s
epoch   25050  HO=0.8305  meanSteps=   128.6  copy=0.802  A(t)=2078  sim=51.4s
epoch   25100  HO=0.8328  meanSteps=   128.3  copy=0.815  A(t)=2080  sim=51.5s
epoch   25150  HO=0.8153  meanSteps=   128.6  copy=0.822  A(t)=2084  sim=51.5s
epoch   25200  HO=0.8450  meanSteps=   128.6  copy=0.814  A(t)=2084  sim=51.6s
epoch   25250  HO=0.8549  meanSteps=   128.7  copy=0.825  A(t)=2093  sim=51.7s
epoch   25300  HO=0.8124  meanSteps=   128.5  copy=0.828  A(t)=2093  sim=51.7s
epoch   25350  HO=0.8743  meanSteps=   128.4  copy=0.826  A(t)=2093  sim=51.8s
epoch   25400  HO=0.8166  meanSteps=   128.5  copy=0.832  A(t)=2101  sim=51.9s
epoch   25450  HO=0.8436  meanSteps=   133.2  copy=0.824  A(t)=2103  sim=51.9s
epoch   25500  HO=0.8664  meanSteps=   128.2  copy=0.805  A(t)=2103  sim=52.0s
epoch   25550  HO=0.8336  meanSteps=   129.4  copy=0.802  A(t)=2104  sim=52.1s
epoch   25600  HO=0.8466  meanSteps=   128.5  copy=0.819  A(t)=2106  sim=52.1s
epoch   25650  HO=0.8098  meanSteps=   128.9  copy=0.823  A(t)=2107  sim=52.2s
epoch   25700  HO=0.8791  meanSteps=   128.9  copy=0.825  A(t)=2107  sim=52.3s
epoch   25750  HO=0.8474  meanSteps=   128.8  copy=0.831  A(t)=2108  sim=52.4s
epoch   25800  HO=0.8169  meanSteps=   128.9  copy=0.832  A(t)=2108  sim=52.4s
epoch   25850  HO=0.8697  meanSteps=   128.9  copy=0.844  A(t)=2108  sim=52.5s
epoch   25900  HO=0.8529  meanSteps=   128.7  copy=0.835  A(t)=2110  sim=52.6s
epoch   25950  HO=0.8565  meanSteps=   128.7  copy=0.814  A(t)=2110  sim=52.6s
epoch   26000  HO=0.8753  meanSteps=   128.5  copy=0.786  A(t)=2116  sim=52.7s
epoch   26050  HO=0.8869  meanSteps=   128.5  copy=0.768  A(t)=2125  sim=52.8s
epoch   26100  HO=0.8919  meanSteps=   128.4  copy=0.766  A(t)=2127  sim=52.8s
epoch   26150  HO=0.8806  meanSteps=   128.3  copy=0.778  A(t)=2127  sim=52.9s
epoch   26200  HO=0.8738  meanSteps=   128.1  copy=0.778  A(t)=2127  sim=53.0s
epoch   26250  HO=0.8642  meanSteps=   128.2  copy=0.787  A(t)=2128  sim=53.0s
epoch   26300  HO=0.8956  meanSteps=   128.4  copy=0.809  A(t)=2128  sim=53.1s
epoch   26350  HO=0.9634  meanSteps=   128.6  copy=0.806  A(t)=2129  sim=53.2s
epoch   26400  HO=0.9204  meanSteps=   128.5  copy=0.809  A(t)=2132  sim=53.2s
epoch   26450  HO=0.9000  meanSteps=   128.7  copy=0.819  A(t)=2134  sim=53.3s
epoch   26500  HO=0.9141  meanSteps=   128.8  copy=0.824  A(t)=2141  sim=53.4s
epoch   26550  HO=0.9755  meanSteps=   128.9  copy=0.835  A(t)=2141  sim=53.4s
epoch   26600  HO=0.9669  meanSteps=   128.9  copy=0.823  A(t)=2142  sim=53.5s
epoch   26650  HO=0.9606  meanSteps=   128.9  copy=0.813  A(t)=2148  sim=53.6s
epoch   26700  HO=0.9489  meanSteps=   128.8  copy=0.840  A(t)=2150  sim=53.6s
epoch   26750  HO=0.9339  meanSteps=   128.7  copy=0.837  A(t)=2155  sim=53.7s
epoch   26800  HO=0.9360  meanSteps=   128.6  copy=0.830  A(t)=2162  sim=53.8s
epoch   26850  HO=0.9103  meanSteps=   128.8  copy=0.848  A(t)=2166  sim=53.8s
epoch   26900  HO=0.8943  meanSteps=   128.7  copy=0.857  A(t)=2171  sim=53.9s
epoch   26950  HO=0.9209  meanSteps=   136.4  copy=0.845  A(t)=2176  sim=54.0s
epoch   27000  HO=0.9014  meanSteps=   146.8  copy=0.824  A(t)=2180  sim=54.0s
epoch   27050  HO=0.9279  meanSteps=   133.0  copy=0.838  A(t)=2193  sim=54.1s
epoch   27100  HO=0.9756  meanSteps=   128.9  copy=0.835  A(t)=2194  sim=54.2s
epoch   27150  HO=0.9525  meanSteps=   128.8  copy=0.833  A(t)=2199  sim=54.2s
epoch   27200  HO=0.9584  meanSteps=   128.7  copy=0.822  A(t)=2203  sim=54.3s
epoch   27250  HO=0.9528  meanSteps=   128.3  copy=0.852  A(t)=2208  sim=54.4s
epoch   27300  HO=0.9787  meanSteps=   128.2  copy=0.863  A(t)=2221  sim=54.5s
epoch   27350  HO=0.9782  meanSteps=   128.1  copy=0.860  A(t)=2221  sim=54.5s
epoch   27400  HO=0.9776  meanSteps=   128.3  copy=0.859  A(t)=2222  sim=54.6s
epoch   27450  HO=0.9605  meanSteps=   128.5  copy=0.841  A(t)=2222  sim=54.7s
epoch   27500  HO=0.9212  meanSteps=   128.7  copy=0.813  A(t)=2222  sim=54.7s
epoch   27550  HO=0.9322  meanSteps=   128.9  copy=0.828  A(t)=2222  sim=54.8s
epoch   27600  HO=0.9309  meanSteps=   128.8  copy=0.844  A(t)=2228  sim=54.9s
epoch   27650  HO=0.9026  meanSteps=   129.0  copy=0.849  A(t)=2237  sim=54.9s
epoch   27700  HO=0.9048  meanSteps=   128.9  copy=0.838  A(t)=2244  sim=55.0s
epoch   27750  HO=0.8770  meanSteps=   128.9  copy=0.832  A(t)=2244  sim=55.1s
epoch   27800  HO=0.8602  meanSteps=   129.0  copy=0.822  A(t)=2244  sim=55.1s
epoch   27850  HO=0.8747  meanSteps=   128.9  copy=0.853  A(t)=2245  sim=55.2s
epoch   27900  HO=0.8974  meanSteps=   128.9  copy=0.835  A(t)=2245  sim=55.3s
epoch   27950  HO=0.8977  meanSteps=   128.9  copy=0.822  A(t)=2245  sim=55.4s
epoch   28000  HO=0.8814  meanSteps=   128.9  copy=0.828  A(t)=2250  sim=55.4s
epoch   28050  HO=0.8461  meanSteps=   128.8  copy=0.859  A(t)=2250  sim=55.5s
epoch   28100  HO=0.8568  meanSteps=   128.8  copy=0.854  A(t)=2250  sim=55.6s
epoch   28150  HO=0.8962  meanSteps=   128.9  copy=0.838  A(t)=2256  sim=55.6s
epoch   28200  HO=0.8907  meanSteps=   128.8  copy=0.826  A(t)=2256  sim=55.7s
epoch   28250  HO=0.8975  meanSteps=   128.9  copy=0.837  A(t)=2257  sim=55.8s
epoch   28300  HO=0.9073  meanSteps=   130.1  copy=0.839  A(t)=2257  sim=55.8s
epoch   28350  HO=0.8814  meanSteps=   130.1  copy=0.829  A(t)=2257  sim=55.9s
epoch   28400  HO=0.9206  meanSteps=   128.8  copy=0.824  A(t)=2262  sim=56.0s
epoch   28450  HO=0.9264  meanSteps=   128.8  copy=0.810  A(t)=2268  sim=56.0s
epoch   28500  HO=0.9053  meanSteps=   128.5  copy=0.803  A(t)=2269  sim=56.1s
epoch   28550  HO=0.9706  meanSteps=   128.4  copy=0.825  A(t)=2269  sim=56.2s
epoch   28600  HO=0.9405  meanSteps=   128.5  copy=0.818  A(t)=2274  sim=56.2s
epoch   28650  HO=0.9304  meanSteps=   128.8  copy=0.814  A(t)=2274  sim=56.3s
epoch   28700  HO=0.9431  meanSteps=   128.8  copy=0.792  A(t)=2274  sim=56.4s
epoch   28750  HO=0.9288  meanSteps=   128.8  copy=0.788  A(t)=2275  sim=56.4s
epoch   28800  HO=0.9305  meanSteps=   131.4  copy=0.811  A(t)=2278  sim=56.5s
epoch   28850  HO=0.9537  meanSteps=   136.5  copy=0.813  A(t)=2279  sim=56.6s
epoch   28900  HO=0.8765  meanSteps=   128.7  copy=0.804  A(t)=2279  sim=56.6s
epoch   28950  HO=0.9613  meanSteps=   128.8  copy=0.799  A(t)=2279  sim=56.7s
epoch   29000  HO=0.9168  meanSteps=   128.7  copy=0.811  A(t)=2282  sim=56.8s
epoch   29050  HO=0.9560  meanSteps=   128.6  copy=0.808  A(t)=2288  sim=56.9s
epoch   29100  HO=0.9930  meanSteps=   128.3  copy=0.817  A(t)=2289  sim=56.9s
epoch   29150  HO=0.9932  meanSteps=   128.3  copy=0.807  A(t)=2289  sim=57.0s
epoch   29200  HO=1.0157  meanSteps=   128.8  copy=0.800  A(t)=2289  sim=57.1s
epoch   29250  HO=0.9987  meanSteps=   128.5  copy=0.809  A(t)=2290  sim=57.1s
epoch   29300  HO=1.0210  meanSteps=   128.5  copy=0.812  A(t)=2292  sim=57.2s
epoch   29350  HO=0.9799  meanSteps=   128.7  copy=0.798  A(t)=2294  sim=57.3s
epoch   29400  HO=1.0134  meanSteps=   128.5  copy=0.817  A(t)=2294  sim=57.3s
epoch   29450  HO=0.9806  meanSteps=   128.6  copy=0.831  A(t)=2294  sim=57.4s
epoch   29500  HO=0.9341  meanSteps=   128.7  copy=0.832  A(t)=2301  sim=57.5s
epoch   29550  HO=0.9779  meanSteps=   128.9  copy=0.826  A(t)=2317  sim=57.5s
epoch   29600  HO=0.9686  meanSteps=   128.9  copy=0.833  A(t)=2321  sim=57.6s
epoch   29650  HO=0.9895  meanSteps=   128.4  copy=0.816  A(t)=2322  sim=57.7s
epoch   29700  HO=0.9795  meanSteps=   128.4  copy=0.835  A(t)=2323  sim=57.7s
epoch   29750  HO=0.9792  meanSteps=   128.5  copy=0.848  A(t)=2329  sim=57.8s
epoch   29800  HO=0.9797  meanSteps=   128.5  copy=0.821  A(t)=2331  sim=57.9s
epoch   29850  HO=0.9890  meanSteps=   128.7  copy=0.829  A(t)=2331  sim=58.0s
epoch   29900  HO=0.9522  meanSteps=   128.5  copy=0.837  A(t)=2333  sim=58.0s
epoch   29950  HO=0.9134  meanSteps=   128.5  copy=0.854  A(t)=2335  sim=58.1s
epoch   30000  HO=0.9672  meanSteps=   128.6  copy=0.837  A(t)=2336  sim=58.2s
epoch   30050  HO=0.9813  meanSteps=   128.6  copy=0.837  A(t)=2336  sim=58.2s
epoch   30100  HO=0.9817  meanSteps=   128.6  copy=0.830  A(t)=2341  sim=58.3s
epoch   30150  HO=0.9613  meanSteps=   128.6  copy=0.840  A(t)=2341  sim=58.4s
epoch   30200  HO=0.9107  meanSteps=   128.4  copy=0.848  A(t)=2342  sim=58.4s
epoch   30250  HO=0.9240  meanSteps=   128.5  copy=0.820  A(t)=2353  sim=58.5s
epoch   30300  HO=0.9649  meanSteps=   128.7  copy=0.834  A(t)=2355  sim=58.6s
epoch   30350  HO=0.9292  meanSteps=   132.2  copy=0.832  A(t)=2358  sim=58.6s
epoch   30400  HO=0.9342  meanSteps=   128.9  copy=0.859  A(t)=2359  sim=58.7s
epoch   30450  HO=0.9399  meanSteps=   128.9  copy=0.880  A(t)=2360  sim=58.8s
epoch   30500  HO=0.9193  meanSteps=   128.8  copy=0.858  A(t)=2363  sim=58.8s
epoch   30550  HO=0.9556  meanSteps=   128.5  copy=0.846  A(t)=2364  sim=58.9s
epoch   30600  HO=0.9451  meanSteps=   128.4  copy=0.834  A(t)=2365  sim=59.0s
epoch   30650  HO=0.9621  meanSteps=   128.5  copy=0.848  A(t)=2367  sim=59.0s
epoch   30700  HO=0.9430  meanSteps=   128.5  copy=0.840  A(t)=2367  sim=59.1s
epoch   30750  HO=0.9608  meanSteps=   128.8  copy=0.864  A(t)=2367  sim=59.2s
epoch   30800  HO=0.9910  meanSteps=   128.9  copy=0.862  A(t)=2367  sim=59.2s
epoch   30850  HO=0.9523  meanSteps=   129.0  copy=0.863  A(t)=2368  sim=59.3s
epoch   30900  HO=0.9431  meanSteps=   129.0  copy=0.847  A(t)=2369  sim=59.4s
epoch   30950  HO=0.9336  meanSteps=   128.8  copy=0.825  A(t)=2369  sim=59.5s
epoch   31000  HO=0.9444  meanSteps=   128.9  copy=0.826  A(t)=2369  sim=59.5s
epoch   31050  HO=0.9719  meanSteps=   128.9  copy=0.830  A(t)=2370  sim=59.6s
epoch   31100  HO=0.9648  meanSteps=   129.0  copy=0.822  A(t)=2370  sim=59.7s
epoch   31150  HO=0.9644  meanSteps=   128.8  copy=0.827  A(t)=2370  sim=59.7s
epoch   31200  HO=0.9569  meanSteps=   128.7  copy=0.853  A(t)=2379  sim=59.8s
epoch   31250  HO=0.9424  meanSteps=   128.7  copy=0.837  A(t)=2386  sim=59.9s
epoch   31300  HO=0.9311  meanSteps=   128.8  copy=0.830  A(t)=2395  sim=59.9s
epoch   31350  HO=0.9554  meanSteps=   128.8  copy=0.829  A(t)=2395  sim=60.0s
epoch   31400  HO=0.9703  meanSteps=   128.8  copy=0.833  A(t)=2398  sim=60.1s
epoch   31450  HO=0.9297  meanSteps=   128.8  copy=0.842  A(t)=2398  sim=60.1s
epoch   31500  HO=0.9203  meanSteps=   128.8  copy=0.834  A(t)=2398  sim=60.2s
epoch   31550  HO=0.9502  meanSteps=   129.0  copy=0.829  A(t)=2400  sim=60.3s
epoch   31600  HO=0.9365  meanSteps=   128.9  copy=0.827  A(t)=2400  sim=60.3s
epoch   31650  HO=0.9795  meanSteps=   128.9  copy=0.829  A(t)=2403  sim=60.4s
epoch   31700  HO=0.9627  meanSteps=   128.9  copy=0.832  A(t)=2408  sim=60.5s
epoch   31750  HO=1.0155  meanSteps=   128.7  copy=0.834  A(t)=2408  sim=60.5s
epoch   31800  HO=0.9351  meanSteps=   130.9  copy=0.844  A(t)=2413  sim=60.6s
epoch   31850  HO=1.0079  meanSteps=   131.0  copy=0.839  A(t)=2415  sim=60.7s
epoch   31900  HO=0.9617  meanSteps=   128.8  copy=0.859  A(t)=2416  sim=60.7s
epoch   31950  HO=0.9299  meanSteps=   128.6  copy=0.843  A(t)=2417  sim=60.8s
epoch   32000  HO=0.9772  meanSteps=   128.6  copy=0.847  A(t)=2417  sim=60.9s
epoch   32050  HO=0.9343  meanSteps=   128.7  copy=0.839  A(t)=2417  sim=61.0s
epoch   32100  HO=0.9812  meanSteps=   128.7  copy=0.857  A(t)=2417  sim=61.0s
epoch   32150  HO=0.9995  meanSteps=   139.1  copy=0.847  A(t)=2417  sim=61.1s
epoch   32200  HO=0.9783  meanSteps=   139.7  copy=0.833  A(t)=2417  sim=61.2s
epoch   32250  HO=1.0174  meanSteps=   145.5  copy=0.816  A(t)=2425  sim=61.2s
epoch   32300  HO=0.9571  meanSteps=   144.6  copy=0.808  A(t)=2425  sim=61.3s
epoch   32350  HO=0.9321  meanSteps=   136.4  copy=0.835  A(t)=2426  sim=61.4s
epoch   32400  HO=0.9497  meanSteps=   128.7  copy=0.818  A(t)=2427  sim=61.4s
epoch   32450  HO=0.9721  meanSteps=   128.8  copy=0.815  A(t)=2427  sim=61.5s
epoch   32500  HO=0.9641  meanSteps=   128.7  copy=0.809  A(t)=2430  sim=61.6s
epoch   32550  HO=0.9692  meanSteps=   133.3  copy=0.787  A(t)=2434  sim=61.6s
epoch   32600  HO=0.9545  meanSteps=   139.2  copy=0.794  A(t)=2438  sim=61.7s
epoch   32650  HO=1.0171  meanSteps=   128.8  copy=0.803  A(t)=2445  sim=61.8s
epoch   32700  HO=0.9867  meanSteps=   128.6  copy=0.817  A(t)=2448  sim=61.9s
epoch   32750  HO=1.0024  meanSteps=   128.8  copy=0.814  A(t)=2453  sim=61.9s
epoch   32800  HO=0.9955  meanSteps=   128.8  copy=0.826  A(t)=2456  sim=62.0s
epoch   32850  HO=0.9950  meanSteps=   128.7  copy=0.820  A(t)=2456  sim=62.1s
epoch   32900  HO=0.9391  meanSteps=   128.7  copy=0.826  A(t)=2456  sim=62.1s
epoch   32950  HO=0.9402  meanSteps=   128.7  copy=0.830  A(t)=2456  sim=62.2s
epoch   33000  HO=0.9594  meanSteps=   128.6  copy=0.833  A(t)=2456  sim=62.3s
epoch   33050  HO=0.9400  meanSteps=   128.9  copy=0.828  A(t)=2457  sim=62.3s
epoch   33100  HO=0.9676  meanSteps=   128.7  copy=0.824  A(t)=2457  sim=62.4s
epoch   33150  HO=0.9316  meanSteps=   128.6  copy=0.836  A(t)=2465  sim=62.5s
epoch   33200  HO=0.9452  meanSteps=   128.6  copy=0.825  A(t)=2468  sim=62.5s
epoch   33250  HO=0.9650  meanSteps=   128.8  copy=0.835  A(t)=2472  sim=62.6s
epoch   33300  HO=0.9391  meanSteps=   128.6  copy=0.843  A(t)=2477  sim=62.7s
epoch   33350  HO=0.9466  meanSteps=   128.7  copy=0.844  A(t)=2478  sim=62.7s
epoch   33400  HO=0.9694  meanSteps=   128.9  copy=0.840  A(t)=2478  sim=62.8s
epoch   33450  HO=0.9763  meanSteps=   129.0  copy=0.830  A(t)=2482  sim=62.9s
epoch   33500  HO=0.9661  meanSteps=   128.9  copy=0.851  A(t)=2487  sim=63.0s
epoch   33550  HO=1.0018  meanSteps=   129.0  copy=0.845  A(t)=2492  sim=63.0s
epoch   33600  HO=0.9824  meanSteps=   129.0  copy=0.854  A(t)=2496  sim=63.1s
epoch   33650  HO=0.9982  meanSteps=   128.8  copy=0.860  A(t)=2499  sim=63.2s
epoch   33700  HO=0.9967  meanSteps=   128.9  copy=0.853  A(t)=2501  sim=63.3s
epoch   33750  HO=1.0028  meanSteps=   128.7  copy=0.848  A(t)=2501  sim=63.3s
epoch   33800  HO=1.0127  meanSteps=   128.7  copy=0.845  A(t)=2501  sim=63.4s
epoch   33850  HO=1.0121  meanSteps=   128.6  copy=0.824  A(t)=2502  sim=63.5s
epoch   33900  HO=1.0004  meanSteps=   128.7  copy=0.821  A(t)=2510  sim=63.5s
epoch   33950  HO=1.0016  meanSteps=   128.9  copy=0.840  A(t)=2511  sim=63.6s
epoch   34000  HO=0.9479  meanSteps=   128.9  copy=0.841  A(t)=2520  sim=63.7s
epoch   34050  HO=0.9531  meanSteps=   128.8  copy=0.841  A(t)=2522  sim=63.7s
epoch   34100  HO=0.9614  meanSteps=   137.0  copy=0.846  A(t)=2528  sim=63.8s
epoch   34150  HO=0.9891  meanSteps=   137.1  copy=0.847  A(t)=2528  sim=63.9s
epoch   34200  HO=0.9621  meanSteps=   128.7  copy=0.840  A(t)=2529  sim=64.0s
epoch   34250  HO=0.9587  meanSteps=   128.5  copy=0.834  A(t)=2533  sim=64.0s
epoch   34300  HO=0.9514  meanSteps=   128.5  copy=0.823  A(t)=2533  sim=64.1s
epoch   34350  HO=1.0223  meanSteps=   128.6  copy=0.833  A(t)=2533  sim=64.2s
epoch   34400  HO=0.9794  meanSteps=   128.9  copy=0.847  A(t)=2534  sim=64.2s
epoch   34450  HO=1.0139  meanSteps=   128.7  copy=0.843  A(t)=2534  sim=64.3s
epoch   34500  HO=0.9692  meanSteps=   128.8  copy=0.838  A(t)=2535  sim=64.4s
epoch   34550  HO=1.0231  meanSteps=   128.8  copy=0.834  A(t)=2537  sim=64.4s
epoch   34600  HO=0.9821  meanSteps=   128.8  copy=0.830  A(t)=2542  sim=64.5s
epoch   34650  HO=0.9951  meanSteps=   128.8  copy=0.820  A(t)=2542  sim=64.6s
epoch   34700  HO=0.9787  meanSteps=   129.6  copy=0.806  A(t)=2542  sim=64.6s
epoch   34750  HO=0.9910  meanSteps=   129.3  copy=0.812  A(t)=2546  sim=64.7s
epoch   34800  HO=0.9394  meanSteps=   131.3  copy=0.825  A(t)=2548  sim=64.8s
epoch   34850  HO=0.9532  meanSteps=   128.8  copy=0.838  A(t)=2550  sim=64.9s
epoch   34900  HO=0.9883  meanSteps=   128.6  copy=0.818  A(t)=2550  sim=64.9s
epoch   34950  HO=0.9451  meanSteps=   128.8  copy=0.828  A(t)=2554  sim=65.0s
epoch   35000  HO=0.9462  meanSteps=   128.5  copy=0.826  A(t)=2554  sim=65.1s
epoch   35050  HO=0.9470  meanSteps=   128.8  copy=0.835  A(t)=2554  sim=65.1s
epoch   35100  HO=0.9223  meanSteps=   128.6  copy=0.838  A(t)=2555  sim=65.2s
epoch   35150  HO=0.9363  meanSteps=   128.5  copy=0.825  A(t)=2555  sim=65.3s
epoch   35200  HO=0.9145  meanSteps=   128.4  copy=0.821  A(t)=2555  sim=65.3s
epoch   35250  HO=0.9707  meanSteps=   128.5  copy=0.819  A(t)=2555  sim=65.4s
epoch   35300  HO=0.9489  meanSteps=   128.6  copy=0.807  A(t)=2555  sim=65.5s
epoch   35350  HO=0.9287  meanSteps=   128.4  copy=0.792  A(t)=2559  sim=65.5s
epoch   35400  HO=0.9596  meanSteps=   128.6  copy=0.785  A(t)=2561  sim=65.6s
epoch   35450  HO=0.9327  meanSteps=   130.4  copy=0.772  A(t)=2568  sim=65.7s
epoch   35500  HO=0.9409  meanSteps=   128.8  copy=0.793  A(t)=2572  sim=65.7s
epoch   35550  HO=0.9234  meanSteps=   128.9  copy=0.806  A(t)=2579  sim=65.8s
epoch   35600  HO=0.9407  meanSteps=   128.8  copy=0.788  A(t)=2585  sim=65.9s
epoch   35650  HO=0.9200  meanSteps=   128.9  copy=0.812  A(t)=2600  sim=66.0s
epoch   35700  HO=0.9479  meanSteps=   128.8  copy=0.802  A(t)=2603  sim=66.0s
epoch   35750  HO=0.9300  meanSteps=   129.0  copy=0.818  A(t)=2608  sim=66.1s
epoch   35800  HO=0.9346  meanSteps=   128.8  copy=0.828  A(t)=2612  sim=66.2s
epoch   35850  HO=0.9216  meanSteps=   129.0  copy=0.822  A(t)=2612  sim=66.2s
epoch   35900  HO=0.9394  meanSteps=   129.0  copy=0.811  A(t)=2612  sim=66.3s
epoch   35950  HO=0.9657  meanSteps=   129.0  copy=0.799  A(t)=2612  sim=66.4s
epoch   36000  HO=0.9683  meanSteps=   128.9  copy=0.800  A(t)=2612  sim=66.4s
epoch   36050  HO=0.9501  meanSteps=   128.6  copy=0.810  A(t)=2612  sim=66.5s
epoch   36100  HO=0.9392  meanSteps=   128.8  copy=0.816  A(t)=2615  sim=66.6s
epoch   36150  HO=0.9210  meanSteps=   128.9  copy=0.813  A(t)=2615  sim=66.6s
epoch   36200  HO=0.9706  meanSteps=   131.3  copy=0.833  A(t)=2615  sim=66.7s
epoch   36250  HO=0.9800  meanSteps=   129.0  copy=0.840  A(t)=2616  sim=66.8s
epoch   36300  HO=0.9529  meanSteps=   128.9  copy=0.835  A(t)=2619  sim=66.8s
epoch   36350  HO=0.9393  meanSteps=   128.9  copy=0.840  A(t)=2619  sim=66.9s
epoch   36400  HO=0.9521  meanSteps=   128.9  copy=0.820  A(t)=2622  sim=67.0s
epoch   36450  HO=0.9412  meanSteps=   136.8  copy=0.850  A(t)=2622  sim=67.0s
epoch   36500  HO=0.9551  meanSteps=   145.1  copy=0.838  A(t)=2623  sim=67.1s
epoch   36550  HO=0.9733  meanSteps=   142.8  copy=0.823  A(t)=2623  sim=67.2s
epoch   36600  HO=1.0053  meanSteps=   143.7  copy=0.822  A(t)=2623  sim=67.2s
epoch   36650  HO=0.9437  meanSteps=   136.4  copy=0.845  A(t)=2623  sim=67.3s
epoch   36700  HO=0.9769  meanSteps=   128.8  copy=0.827  A(t)=2623  sim=67.4s
epoch   36750  HO=0.9653  meanSteps=   128.8  copy=0.816  A(t)=2628  sim=67.5s
epoch   36800  HO=0.9660  meanSteps=   128.5  copy=0.821  A(t)=2629  sim=67.5s
epoch   36850  HO=0.9610  meanSteps=   128.4  copy=0.817  A(t)=2629  sim=67.6s
epoch   36900  HO=0.9888  meanSteps=   128.4  copy=0.819  A(t)=2629  sim=67.7s
epoch   36950  HO=0.9676  meanSteps=   128.4  copy=0.825  A(t)=2629  sim=67.7s
epoch   37000  HO=0.9952  meanSteps=   128.6  copy=0.824  A(t)=2632  sim=67.8s
epoch   37050  HO=0.9462  meanSteps=   128.5  copy=0.817  A(t)=2632  sim=67.9s
epoch   37100  HO=0.9743  meanSteps=   128.5  copy=0.813  A(t)=2646  sim=67.9s
epoch   37150  HO=0.9680  meanSteps=   141.9  copy=0.818  A(t)=2661  sim=68.0s
epoch   37200  HO=0.9611  meanSteps=   132.7  copy=0.820  A(t)=2661  sim=68.1s
epoch   37250  HO=0.9784  meanSteps=   128.9  copy=0.825  A(t)=2669  sim=68.2s
epoch   37300  HO=0.9644  meanSteps=   128.6  copy=0.810  A(t)=2669  sim=68.2s
epoch   37350  HO=0.9588  meanSteps=   128.9  copy=0.808  A(t)=2669  sim=68.3s
epoch   37400  HO=0.9390  meanSteps=   129.0  copy=0.806  A(t)=2669  sim=68.4s
epoch   37450  HO=0.9663  meanSteps=   128.9  copy=0.810  A(t)=2670  sim=68.4s
epoch   37500  HO=0.9618  meanSteps=   135.4  copy=0.796  A(t)=2675  sim=68.5s
epoch   37550  HO=0.9993  meanSteps=   131.9  copy=0.807  A(t)=2678  sim=68.6s
epoch   37600  HO=0.9745  meanSteps=   128.7  copy=0.848  A(t)=2686  sim=68.6s
epoch   37650  HO=0.9860  meanSteps=   128.7  copy=0.850  A(t)=2688  sim=68.7s
epoch   37700  HO=0.9250  meanSteps=   128.9  copy=0.840  A(t)=2690  sim=68.8s
epoch   37750  HO=0.9542  meanSteps=   128.7  copy=0.848  A(t)=2690  sim=68.8s
epoch   37800  HO=0.9363  meanSteps=   128.7  copy=0.840  A(t)=2690  sim=68.9s
epoch   37850  HO=1.0024  meanSteps=   128.6  copy=0.840  A(t)=2690  sim=69.0s
epoch   37900  HO=0.9454  meanSteps=   136.2  copy=0.838  A(t)=2690  sim=69.0s
epoch   37950  HO=0.9589  meanSteps=   128.6  copy=0.864  A(t)=2690  sim=69.1s
epoch   38000  HO=0.9594  meanSteps=   128.8  copy=0.862  A(t)=2693  sim=69.2s
epoch   38050  HO=0.9840  meanSteps=   128.4  copy=0.859  A(t)=2693  sim=69.3s
epoch   38100  HO=0.9554  meanSteps=   128.6  copy=0.853  A(t)=2693  sim=69.3s
epoch   38150  HO=0.9247  meanSteps=   128.7  copy=0.847  A(t)=2693  sim=69.4s
epoch   38200  HO=0.9285  meanSteps=   128.6  copy=0.853  A(t)=2693  sim=69.5s
epoch   38250  HO=0.9618  meanSteps=   128.2  copy=0.842  A(t)=2693  sim=69.5s
epoch   38300  HO=0.9630  meanSteps=   128.6  copy=0.862  A(t)=2693  sim=69.6s
epoch   38350  HO=0.9655  meanSteps=   128.6  copy=0.847  A(t)=2693  sim=69.7s
epoch   38400  HO=0.9671  meanSteps=   129.2  copy=0.853  A(t)=2693  sim=69.7s
epoch   38450  HO=0.9483  meanSteps=   128.8  copy=0.849  A(t)=2693  sim=69.8s
epoch   38500  HO=0.9271  meanSteps=   128.6  copy=0.850  A(t)=2693  sim=69.9s
epoch   38550  HO=0.9505  meanSteps=   128.7  copy=0.854  A(t)=2694  sim=69.9s
epoch   38600  HO=0.9383  meanSteps=   128.9  copy=0.815  A(t)=2706  sim=70.0s
epoch   38650  HO=0.9777  meanSteps=   128.8  copy=0.817  A(t)=2706  sim=70.1s
epoch   38700  HO=0.9408  meanSteps=   128.7  copy=0.800  A(t)=2706  sim=70.1s
epoch   38750  HO=0.9639  meanSteps=   128.8  copy=0.807  A(t)=2706  sim=70.2s
epoch   38800  HO=0.9813  meanSteps=   128.9  copy=0.817  A(t)=2714  sim=70.3s
epoch   38850  HO=0.9810  meanSteps=   129.0  copy=0.830  A(t)=2717  sim=70.3s
epoch   38900  HO=0.9597  meanSteps=   129.0  copy=0.845  A(t)=2717  sim=70.4s
epoch   38950  HO=0.9471  meanSteps=   136.3  copy=0.847  A(t)=2717  sim=70.5s
epoch   39000  HO=0.9597  meanSteps=   130.9  copy=0.842  A(t)=2717  sim=70.5s
epoch   39050  HO=0.9942  meanSteps=   128.9  copy=0.857  A(t)=2719  sim=70.6s
epoch   39100  HO=0.9495  meanSteps=   128.8  copy=0.869  A(t)=2720  sim=70.7s
epoch   39150  HO=0.8980  meanSteps=   128.9  copy=0.850  A(t)=2720  sim=70.8s
epoch   39200  HO=0.9079  meanSteps=   128.8  copy=0.835  A(t)=2723  sim=70.8s
epoch   39250  HO=0.9246  meanSteps=   128.6  copy=0.828  A(t)=2724  sim=70.9s
epoch   39300  HO=0.9297  meanSteps=   128.6  copy=0.834  A(t)=2724  sim=71.0s
epoch   39350  HO=0.9108  meanSteps=   128.7  copy=0.822  A(t)=2725  sim=71.0s
epoch   39400  HO=0.8873  meanSteps=   128.7  copy=0.820  A(t)=2725  sim=71.1s
epoch   39450  HO=0.9483  meanSteps=   128.8  copy=0.821  A(t)=2726  sim=71.2s
epoch   39500  HO=0.9500  meanSteps=   128.8  copy=0.826  A(t)=2726  sim=71.2s
epoch   39550  HO=0.9557  meanSteps=   129.0  copy=0.842  A(t)=2726  sim=71.3s
epoch   39600  HO=1.0023  meanSteps=   128.9  copy=0.847  A(t)=2726  sim=71.4s
epoch   39650  HO=1.0426  meanSteps=   128.7  copy=0.831  A(t)=2726  sim=71.4s
epoch   39700  HO=1.0041  meanSteps=   128.6  copy=0.841  A(t)=2726  sim=71.5s
epoch   39750  HO=1.0005  meanSteps=   131.3  copy=0.838  A(t)=2727  sim=71.6s
epoch   39800  HO=1.0066  meanSteps=   134.5  copy=0.846  A(t)=2728  sim=71.7s
epoch   39850  HO=1.0041  meanSteps=   128.8  copy=0.820  A(t)=2729  sim=71.7s
epoch   39900  HO=0.9695  meanSteps=   128.9  copy=0.821  A(t)=2736  sim=71.8s
epoch   39950  HO=0.9777  meanSteps=   128.9  copy=0.824  A(t)=2737  sim=71.9s
epoch   40000  HO=0.9451  meanSteps=   128.8  copy=0.835  A(t)=2744  sim=71.9s
epoch   40050  HO=0.9994  meanSteps=   128.6  copy=0.830  A(t)=2755  sim=72.0s
epoch   40100  HO=0.9470  meanSteps=   128.7  copy=0.827  A(t)=2755  sim=72.1s
epoch   40150  HO=0.9628  meanSteps=   128.8  copy=0.826  A(t)=2755  sim=72.1s
epoch   40200  HO=0.9357  meanSteps=   128.8  copy=0.827  A(t)=2755  sim=72.2s
epoch   40250  HO=0.9786  meanSteps=   129.0  copy=0.843  A(t)=2757  sim=72.3s
epoch   40300  HO=1.0179  meanSteps=   128.9  copy=0.842  A(t)=2757  sim=72.3s
epoch   40350  HO=0.9511  meanSteps=   128.8  copy=0.852  A(t)=2762  sim=72.4s
epoch   40400  HO=0.9714  meanSteps=   128.6  copy=0.851  A(t)=2762  sim=72.5s
epoch   40450  HO=1.0114  meanSteps=   128.6  copy=0.838  A(t)=2762  sim=72.5s
epoch   40500  HO=0.9822  meanSteps=   128.8  copy=0.841  A(t)=2762  sim=72.6s
epoch   40550  HO=0.9743  meanSteps=   128.8  copy=0.846  A(t)=2769  sim=72.7s
epoch   40600  HO=1.0006  meanSteps=   128.8  copy=0.818  A(t)=2773  sim=72.8s
epoch   40650  HO=0.9797  meanSteps=   128.8  copy=0.804  A(t)=2774  sim=72.8s
epoch   40700  HO=1.0047  meanSteps=   128.8  copy=0.816  A(t)=2774  sim=72.9s
epoch   40750  HO=1.0067  meanSteps=   128.8  copy=0.819  A(t)=2775  sim=73.0s
epoch   40800  HO=0.9781  meanSteps=   128.7  copy=0.815  A(t)=2779  sim=73.0s
epoch   40850  HO=1.0279  meanSteps=   129.0  copy=0.812  A(t)=2782  sim=73.1s
epoch   40900  HO=0.9668  meanSteps=   128.8  copy=0.802  A(t)=2788  sim=73.2s
epoch   40950  HO=0.9989  meanSteps=   128.7  copy=0.799  A(t)=2796  sim=73.2s
epoch   41000  HO=1.0265  meanSteps=   128.8  copy=0.795  A(t)=2808  sim=73.3s
epoch   41050  HO=1.0439  meanSteps=   132.5  copy=0.810  A(t)=2810  sim=73.4s
epoch   41100  HO=0.9428  meanSteps=   130.0  copy=0.834  A(t)=2815  sim=73.4s
epoch   41150  HO=0.9942  meanSteps=   128.9  copy=0.837  A(t)=2818  sim=73.5s
epoch   41200  HO=0.9956  meanSteps=   128.9  copy=0.840  A(t)=2818  sim=73.6s
epoch   41250  HO=0.9528  meanSteps=   128.8  copy=0.837  A(t)=2818  sim=73.6s
epoch   41300  HO=0.9678  meanSteps=   128.8  copy=0.848  A(t)=2819  sim=73.7s
epoch   41350  HO=0.9790  meanSteps=   129.0  copy=0.852  A(t)=2819  sim=73.8s
epoch   41400  HO=0.9752  meanSteps=   128.9  copy=0.832  A(t)=2827  sim=73.8s
epoch   41450  HO=0.9454  meanSteps=   129.0  copy=0.795  A(t)=2838  sim=73.9s
epoch   41500  HO=0.9645  meanSteps=   128.8  copy=0.798  A(t)=2838  sim=74.0s
epoch   41550  HO=0.9341  meanSteps=   128.9  copy=0.784  A(t)=2849  sim=74.1s
epoch   41600  HO=0.9929  meanSteps=   129.0  copy=0.788  A(t)=2851  sim=74.1s
epoch   41650  HO=0.9583  meanSteps=   128.7  copy=0.794  A(t)=2851  sim=74.2s
epoch   41700  HO=0.9446  meanSteps=   128.6  copy=0.798  A(t)=2851  sim=74.3s
epoch   41750  HO=0.9554  meanSteps=   128.7  copy=0.791  A(t)=2853  sim=74.3s
epoch   41800  HO=0.9675  meanSteps=   128.7  copy=0.791  A(t)=2854  sim=74.4s
epoch   41850  HO=0.9585  meanSteps=   128.7  copy=0.802  A(t)=2854  sim=74.5s
epoch   41900  HO=0.9595  meanSteps=   128.9  copy=0.834  A(t)=2855  sim=74.5s
epoch   41950  HO=0.9517  meanSteps=   128.9  copy=0.855  A(t)=2855  sim=74.6s
epoch   42000  HO=0.9506  meanSteps=   128.9  copy=0.856  A(t)=2855  sim=74.7s
epoch   42050  HO=0.9646  meanSteps=   128.8  copy=0.838  A(t)=2855  sim=74.7s
epoch   42100  HO=0.9763  meanSteps=   128.8  copy=0.828  A(t)=2860  sim=74.8s
epoch   42150  HO=0.9597  meanSteps=   128.5  copy=0.839  A(t)=2862  sim=74.9s
epoch   42200  HO=0.9585  meanSteps=   128.6  copy=0.865  A(t)=2862  sim=75.0s
epoch   42250  HO=0.9869  meanSteps=   132.0  copy=0.852  A(t)=2862  sim=75.0s
epoch   42300  HO=0.9687  meanSteps=   139.1  copy=0.857  A(t)=2862  sim=75.1s
epoch   42350  HO=0.9760  meanSteps=   130.3  copy=0.839  A(t)=2862  sim=75.2s
epoch   42400  HO=0.9605  meanSteps=   128.9  copy=0.838  A(t)=2862  sim=75.2s
epoch   42450  HO=0.9239  meanSteps=   128.8  copy=0.834  A(t)=2865  sim=75.3s
epoch   42500  HO=0.9736  meanSteps=   128.8  copy=0.837  A(t)=2865  sim=75.4s
epoch   42550  HO=1.0365  meanSteps=   143.3  copy=0.833  A(t)=2865  sim=75.4s
epoch   42600  HO=0.9887  meanSteps=   143.8  copy=0.838  A(t)=2865  sim=75.5s
epoch   42650  HO=0.9581  meanSteps=   142.3  copy=0.817  A(t)=2867  sim=75.6s
epoch   42700  HO=0.9393  meanSteps=   129.0  copy=0.830  A(t)=2868  sim=75.6s
epoch   42750  HO=0.9321  meanSteps=   128.9  copy=0.829  A(t)=2871  sim=75.7s
epoch   42800  HO=0.9124  meanSteps=   128.9  copy=0.824  A(t)=2874  sim=75.8s
epoch   42850  HO=0.9232  meanSteps=   129.0  copy=0.817  A(t)=2875  sim=75.8s
epoch   42900  HO=0.9699  meanSteps=   128.8  copy=0.835  A(t)=2875  sim=75.9s
epoch   42950  HO=0.9371  meanSteps=   128.7  copy=0.839  A(t)=2875  sim=76.0s
epoch   43000  HO=0.9550  meanSteps=   128.6  copy=0.841  A(t)=2875  sim=76.0s
epoch   43050  HO=0.9928  meanSteps=   128.6  copy=0.836  A(t)=2875  sim=76.1s
epoch   43100  HO=0.9652  meanSteps=   128.9  copy=0.854  A(t)=2875  sim=76.2s
epoch   43150  HO=0.9936  meanSteps=   129.0  copy=0.841  A(t)=2875  sim=76.2s
epoch   43200  HO=0.9644  meanSteps=   129.8  copy=0.842  A(t)=2875  sim=76.3s
epoch   43250  HO=0.9678  meanSteps=   130.8  copy=0.836  A(t)=2875  sim=76.4s
epoch   43300  HO=0.9563  meanSteps=   141.5  copy=0.848  A(t)=2875  sim=76.5s
epoch   43350  HO=0.9674  meanSteps=   129.0  copy=0.849  A(t)=2875  sim=76.5s
epoch   43400  HO=0.9756  meanSteps=   128.9  copy=0.833  A(t)=2880  sim=76.6s
epoch   43450  HO=0.9414  meanSteps=   128.9  copy=0.832  A(t)=2882  sim=76.7s
epoch   43500  HO=0.9680  meanSteps=   128.9  copy=0.841  A(t)=2882  sim=76.7s
epoch   43550  HO=0.9731  meanSteps=   128.9  copy=0.853  A(t)=2882  sim=76.8s
epoch   43600  HO=0.9854  meanSteps=   129.0  copy=0.853  A(t)=2883  sim=76.9s
epoch   43650  HO=0.9480  meanSteps=   128.7  copy=0.834  A(t)=2883  sim=76.9s
epoch   43700  HO=0.9510  meanSteps=   128.8  copy=0.842  A(t)=2886  sim=77.0s
epoch   43750  HO=0.9712  meanSteps=   128.6  copy=0.844  A(t)=2886  sim=77.1s
epoch   43800  HO=0.9532  meanSteps=   128.8  copy=0.848  A(t)=2886  sim=77.1s
epoch   43850  HO=0.9305  meanSteps=   128.7  copy=0.835  A(t)=2891  sim=77.2s
epoch   43900  HO=0.9193  meanSteps=   128.7  copy=0.866  A(t)=2891  sim=77.3s
epoch   43950  HO=0.9292  meanSteps=   128.7  copy=0.876  A(t)=2892  sim=77.3s
epoch   44000  HO=0.9817  meanSteps=   128.7  copy=0.876  A(t)=2896  sim=77.4s
epoch   44050  HO=0.9776  meanSteps=   128.9  copy=0.871  A(t)=2896  sim=77.5s
epoch   44100  HO=0.9482  meanSteps=   128.9  copy=0.853  A(t)=2900  sim=77.5s
epoch   44150  HO=0.9687  meanSteps=   128.8  copy=0.855  A(t)=2900  sim=77.6s
epoch   44200  HO=0.9753  meanSteps=   128.9  copy=0.876  A(t)=2900  sim=77.7s
epoch   44250  HO=0.9875  meanSteps=   128.8  copy=0.885  A(t)=2900  sim=77.8s
epoch   44300  HO=0.9898  meanSteps=   128.7  copy=0.867  A(t)=2900  sim=77.8s
epoch   44350  HO=0.9854  meanSteps=   128.7  copy=0.871  A(t)=2901  sim=77.9s
epoch   44400  HO=0.9373  meanSteps=   128.9  copy=0.866  A(t)=2901  sim=78.0s
epoch   44450  HO=0.9512  meanSteps=   128.9  copy=0.878  A(t)=2901  sim=78.0s
epoch   44500  HO=0.9827  meanSteps=   128.9  copy=0.873  A(t)=2908  sim=78.1s
epoch   44550  HO=0.9589  meanSteps=   128.8  copy=0.855  A(t)=2908  sim=78.2s
epoch   44600  HO=0.9319  meanSteps=   128.8  copy=0.853  A(t)=2909  sim=78.2s
epoch   44650  HO=0.9527  meanSteps=   128.8  copy=0.849  A(t)=2909  sim=78.3s
epoch   44700  HO=0.9764  meanSteps=   128.7  copy=0.855  A(t)=2909  sim=78.4s
epoch   44750  HO=0.9661  meanSteps=   128.7  copy=0.851  A(t)=2909  sim=78.4s
epoch   44800  HO=0.9965  meanSteps=   128.9  copy=0.846  A(t)=2909  sim=78.5s
epoch   44850  HO=0.9779  meanSteps=   129.0  copy=0.862  A(t)=2909  sim=78.6s
epoch   44900  HO=0.9631  meanSteps=   128.9  copy=0.857  A(t)=2909  sim=78.6s
epoch   44950  HO=0.9778  meanSteps=   128.9  copy=0.866  A(t)=2909  sim=78.7s
epoch   45000  HO=1.0051  meanSteps=   128.8  copy=0.854  A(t)=2909  sim=78.8s
epoch   45050  HO=1.0129  meanSteps=   128.8  copy=0.854  A(t)=2911  sim=78.8s
epoch   45100  HO=0.9743  meanSteps=   128.9  copy=0.870  A(t)=2912  sim=78.9s
epoch   45150  HO=1.0015  meanSteps=   128.9  copy=0.875  A(t)=2915  sim=79.0s
epoch   45200  HO=0.9880  meanSteps=   128.9  copy=0.884  A(t)=2921  sim=79.1s
epoch   45250  HO=0.9656  meanSteps=   128.9  copy=0.873  A(t)=2924  sim=79.1s
epoch   45300  HO=0.9475  meanSteps=   129.0  copy=0.849  A(t)=2925  sim=79.2s
epoch   45350  HO=0.9807  meanSteps=   128.9  copy=0.862  A(t)=2925  sim=79.3s
epoch   45400  HO=1.0177  meanSteps=   136.4  copy=0.863  A(t)=2930  sim=79.3s
epoch   45450  HO=1.0557  meanSteps=   151.2  copy=0.848  A(t)=2934  sim=79.4s
epoch   45500  HO=0.9791  meanSteps=   165.8  copy=0.842  A(t)=2934  sim=79.5s
epoch   45550  HO=0.9629  meanSteps=   156.4  copy=0.858  A(t)=2934  sim=79.5s
epoch   45600  HO=1.0068  meanSteps=   155.8  copy=0.853  A(t)=2938  sim=79.6s
epoch   45650  HO=0.9799  meanSteps=   151.3  copy=0.819  A(t)=2942  sim=79.7s
epoch   45700  HO=0.9680  meanSteps=   145.1  copy=0.832  A(t)=2947  sim=79.8s
epoch   45750  HO=1.0350  meanSteps=   146.1  copy=0.810  A(t)=2947  sim=79.8s
epoch   45800  HO=1.0064  meanSteps=   145.5  copy=0.801  A(t)=2947  sim=79.9s
epoch   45850  HO=1.0057  meanSteps=   145.7  copy=0.802  A(t)=2949  sim=80.0s
epoch   45900  HO=0.9876  meanSteps=   145.6  copy=0.813  A(t)=2957  sim=80.0s
epoch   45950  HO=0.9770  meanSteps=   134.3  copy=0.826  A(t)=2958  sim=80.1s
epoch   46000  HO=0.9765  meanSteps=   128.8  copy=0.847  A(t)=2965  sim=80.2s
epoch   46050  HO=0.9022  meanSteps=   128.8  copy=0.849  A(t)=2966  sim=80.2s
epoch   46100  HO=0.9660  meanSteps=   128.8  copy=0.823  A(t)=2966  sim=80.3s
epoch   46150  HO=0.9422  meanSteps=   128.8  copy=0.807  A(t)=2968  sim=80.4s
epoch   46200  HO=0.9653  meanSteps=   129.0  copy=0.810  A(t)=2969  sim=80.4s
epoch   46250  HO=0.9626  meanSteps=   129.0  copy=0.828  A(t)=2970  sim=80.5s
epoch   46300  HO=0.9527  meanSteps=   128.8  copy=0.833  A(t)=2970  sim=80.6s
epoch   46350  HO=0.9468  meanSteps=   128.9  copy=0.814  A(t)=2973  sim=80.7s
epoch   46400  HO=0.9234  meanSteps=   128.8  copy=0.815  A(t)=2978  sim=80.7s
epoch   46450  HO=0.9603  meanSteps=   128.9  copy=0.804  A(t)=2978  sim=80.8s
epoch   46500  HO=0.9791  meanSteps=   133.8  copy=0.796  A(t)=2986  sim=80.9s
epoch   46550  HO=0.9668  meanSteps=   129.3  copy=0.799  A(t)=2986  sim=80.9s
epoch   46600  HO=0.9593  meanSteps=   130.8  copy=0.821  A(t)=2986  sim=81.0s
epoch   46650  HO=0.9999  meanSteps=   128.6  copy=0.837  A(t)=2986  sim=81.1s
epoch   46700  HO=0.9313  meanSteps=   128.6  copy=0.840  A(t)=2986  sim=81.1s
epoch   46750  HO=0.9957  meanSteps=   128.7  copy=0.837  A(t)=2986  sim=81.2s
epoch   46800  HO=0.9315  meanSteps=   128.6  copy=0.849  A(t)=2986  sim=81.3s
epoch   46850  HO=0.9908  meanSteps=   128.6  copy=0.849  A(t)=2987  sim=81.3s
epoch   46900  HO=1.0189  meanSteps=   128.8  copy=0.868  A(t)=2987  sim=81.4s
epoch   46950  HO=0.9899  meanSteps=   128.9  copy=0.865  A(t)=2987  sim=81.5s
epoch   47000  HO=0.9294  meanSteps=   128.8  copy=0.854  A(t)=2989  sim=81.5s
epoch   47050  HO=0.9620  meanSteps=   128.9  copy=0.836  A(t)=2991  sim=81.6s
epoch   47100  HO=0.9636  meanSteps=   128.8  copy=0.843  A(t)=2991  sim=81.7s
epoch   47150  HO=0.9941  meanSteps=   128.7  copy=0.850  A(t)=2991  sim=81.7s
epoch   47200  HO=0.9783  meanSteps=   128.7  copy=0.832  A(t)=2991  sim=81.8s
epoch   47250  HO=0.9733  meanSteps=   128.5  copy=0.829  A(t)=2991  sim=81.9s
epoch   47300  HO=0.9566  meanSteps=   128.5  copy=0.812  A(t)=2991  sim=81.9s
epoch   47350  HO=0.9656  meanSteps=   128.5  copy=0.810  A(t)=2991  sim=82.0s
epoch   47400  HO=0.9987  meanSteps=   128.4  copy=0.830  A(t)=2991  sim=82.1s
epoch   47450  HO=1.0312  meanSteps=   128.2  copy=0.814  A(t)=2997  sim=82.1s
epoch   47500  HO=1.0288  meanSteps=   138.0  copy=0.806  A(t)=2997  sim=82.2s
epoch   47550  HO=1.0395  meanSteps=   128.3  copy=0.826  A(t)=3001  sim=82.3s
epoch   47600  HO=0.9811  meanSteps=   128.3  copy=0.835  A(t)=3002  sim=82.3s
epoch   47650  HO=1.0018  meanSteps=   128.3  copy=0.842  A(t)=3007  sim=82.4s
epoch   47700  HO=0.9222  meanSteps=   128.6  copy=0.836  A(t)=3010  sim=82.5s
epoch   47750  HO=0.9343  meanSteps=   128.8  copy=0.837  A(t)=3010  sim=82.5s
epoch   47800  HO=0.9386  meanSteps=   128.8  copy=0.840  A(t)=3021  sim=82.6s
epoch   47850  HO=0.9543  meanSteps=   128.9  copy=0.833  A(t)=3029  sim=82.7s
epoch   47900  HO=0.9192  meanSteps=   128.8  copy=0.831  A(t)=3029  sim=82.7s
epoch   47950  HO=0.9273  meanSteps=   128.8  copy=0.820  A(t)=3029  sim=82.8s
epoch   48000  HO=0.9757  meanSteps=   128.7  copy=0.817  A(t)=3029  sim=82.9s
epoch   48050  HO=0.9884  meanSteps=   128.7  copy=0.826  A(t)=3029  sim=82.9s
epoch   48100  HO=0.9694  meanSteps=   128.6  copy=0.826  A(t)=3029  sim=83.0s
epoch   48150  HO=0.9811  meanSteps=   128.7  copy=0.826  A(t)=3029  sim=83.1s
epoch   48200  HO=0.9725  meanSteps=   134.7  copy=0.791  A(t)=3029  sim=83.1s
epoch   48250  HO=0.9872  meanSteps=   142.5  copy=0.804  A(t)=3034  sim=83.2s
epoch   48300  HO=1.0010  meanSteps=   128.8  copy=0.805  A(t)=3034  sim=83.3s
epoch   48350  HO=0.9341  meanSteps=   129.0  copy=0.809  A(t)=3043  sim=83.4s
epoch   48400  HO=0.9633  meanSteps=   129.0  copy=0.821  A(t)=3043  sim=83.4s
epoch   48450  HO=1.0203  meanSteps=   128.8  copy=0.824  A(t)=3043  sim=83.5s
epoch   48500  HO=0.9865  meanSteps=   128.8  copy=0.814  A(t)=3043  sim=83.6s
epoch   48550  HO=0.9732  meanSteps=   128.7  copy=0.814  A(t)=3045  sim=83.6s
epoch   48600  HO=0.9757  meanSteps=   128.7  copy=0.802  A(t)=3048  sim=83.7s
epoch   48650  HO=0.9912  meanSteps=   128.5  copy=0.813  A(t)=3049  sim=83.8s
epoch   48700  HO=0.9977  meanSteps=   128.8  copy=0.810  A(t)=3054  sim=83.8s
epoch   48750  HO=0.9756  meanSteps=   128.8  copy=0.806  A(t)=3054  sim=83.9s
epoch   48800  HO=0.9844  meanSteps=   128.8  copy=0.798  A(t)=3054  sim=84.0s
epoch   48850  HO=0.9552  meanSteps=   128.8  copy=0.808  A(t)=3054  sim=84.0s
epoch   48900  HO=0.9742  meanSteps=   128.9  copy=0.831  A(t)=3056  sim=84.1s
epoch   48950  HO=0.9841  meanSteps=   130.8  copy=0.842  A(t)=3056  sim=84.2s
epoch   49000  HO=0.9829  meanSteps=   128.8  copy=0.845  A(t)=3056  sim=84.2s
epoch   49050  HO=0.9836  meanSteps=   128.7  copy=0.845  A(t)=3058  sim=84.3s
epoch   49100  HO=0.9615  meanSteps=   128.8  copy=0.832  A(t)=3058  sim=84.4s
epoch   49150  HO=0.9882  meanSteps=   128.6  copy=0.823  A(t)=3059  sim=84.4s
epoch   49200  HO=1.0066  meanSteps=   128.6  copy=0.820  A(t)=3060  sim=84.5s
epoch   49250  HO=0.9856  meanSteps=   128.5  copy=0.825  A(t)=3063  sim=84.6s
epoch   49300  HO=0.9737  meanSteps=   128.4  copy=0.851  A(t)=3063  sim=84.6s
epoch   49350  HO=1.0172  meanSteps=   128.6  copy=0.868  A(t)=3064  sim=84.7s
epoch   49400  HO=0.9931  meanSteps=   128.6  copy=0.871  A(t)=3064  sim=84.8s
epoch   49450  HO=1.0623  meanSteps=   130.5  copy=0.877  A(t)=3064  sim=84.9s
epoch   49500  HO=1.0361  meanSteps=   130.5  copy=0.888  A(t)=3064  sim=84.9s
epoch   49550  HO=0.9981  meanSteps=   128.5  copy=0.878  A(t)=3066  sim=85.0s
epoch   49600  HO=0.9787  meanSteps=   128.8  copy=0.873  A(t)=3067  sim=85.1s
epoch   49650  HO=0.9750  meanSteps=   128.7  copy=0.844  A(t)=3067  sim=85.2s
epoch   49700  HO=0.9377  meanSteps=   128.9  copy=0.845  A(t)=3067  sim=85.2s
epoch   49750  HO=0.9896  meanSteps=   129.0  copy=0.868  A(t)=3067  sim=85.3s
epoch   49800  HO=0.9511  meanSteps=   128.9  copy=0.873  A(t)=3067  sim=85.4s
epoch   49850  HO=1.0032  meanSteps=   128.7  copy=0.873  A(t)=3069  sim=85.4s
epoch   49900  HO=1.0497  meanSteps=   128.8  copy=0.852  A(t)=3069  sim=85.5s
epoch   49950  HO=1.0237  meanSteps=   128.9  copy=0.841  A(t)=3077  sim=85.6s
epoch   50000  HO=0.9940  meanSteps=   128.8  copy=0.855  A(t)=3077  sim=85.6s
done: 50000 epochs in 141.9s wall (85.6s simulating), runs/ring_s2
