epoch       0  HO=-0.0032  meanSteps=     0.0  copy=0.000  A(t)=0  sim=0.0s
epoch      50  HO=0.1143  meanSteps=  1551.8  copy=0.550  A(t)=0  sim=0.3s
epoch     100  HO=0.2138  meanSteps=  1688.8  copy=0.584  A(t)=0  sim=0.6s
epoch     150  HO=0.2620  meanSteps=  1717.6  copy=0.597  A(t)=0  sim=1.0s
epoch     200  HO=0.3393  meanSteps=  1685.7  copy=0.603  A(t)=0  sim=1.3s
epoch     250  HO=0.3825  meanSteps=  1597.6  copy=0.605  A(t)=0  sim=1.6s
epoch     300  HO=0.4246  meanSteps=  1542.5  copy=0.619  A(t)=11  sim=1.8s
epoch     350  HO=0.4447  meanSteps=  1505.6  copy=0.599  A(t)=13  sim=2.1s
epoch     400  HO=0.4484  meanSteps=  1445.2  copy=0.594  A(t)=14  sim=2.4s
epoch     450  HO=0.4589  meanSteps=  1453.0  copy=0.587  A(t)=14  sim=2.7s
epoch     500  HO=0.4830  meanSteps=  1400.5  copy=0.596  A(t)=17  sim=3.0s
epoch     550  HO=0.5064  meanSteps=  1352.4  copy=0.604  A(t)=19  sim=3.2s
epoch     600  HO=0.5561  meanSteps=  1339.7  copy=0.596  A(t)=19  sim=3.5s
epoch     650  HO=0.5901  meanSteps=  1230.1  copy=0.596  A(t)=22  sim=3.8s
epoch     700  HO=0.6261  meanSteps=  1171.2  copy=0.591  A(t)=22  sim=4.0s
epoch     750  HO=0.6280  meanSteps=  1122.0  copy=0.590  A(t)=31  sim=4.2s
epoch     800  HO=0.6279  meanSteps=  1091.9  copy=0.595  A(t)=35  sim=4.5s
epoch     850  HO=0.6454  meanSteps=  1088.4  copy=0.591  A(t)=36  sim=4.7s
epoch     900  HO=0.7138  meanSteps=  1095.9  copy=0.601  A(t)=36  sim=4.9s
epoch     950  HO=0.7176  meanSteps=  1077.1  copy=0.594  A(t)=44  sim=5.1s
epoch    1000  HO=0.7717  meanSteps=  1029.6  copy=0.603  A(t)=47  sim=5.4s
epoch    1050  HO=0.8174  meanSteps=  1008.1  copy=0.595  A(t)=56  sim=5.6s
epoch    1100  HO=0.8340  meanSteps=   984.8  copy=0.588  A(t)=56  sim=5.8s
epoch    1150  HO=0.8880  meanSteps=   973.9  copy=0.595  A(t)=57  sim=6.0s
epoch    1200  HO=0.9414  meanSteps=   994.2  copy=0.608  A(t)=63  sim=6.2s
epoch    1250  HO=0.9195  meanSteps=   960.3  copy=0.608  A(t)=69  sim=6.4s
epoch    1300  HO=0.9548  meanSteps=   882.4  copy=0.617  A(t)=77  sim=6.6s
epoch    1350  HO=1.0020  meanSteps=   824.9  copy=0.629  A(t)=93  sim=6.8s
epoch    1400  HO=1.0671  meanSteps=   756.7  copy=0.638  A(t)=95  sim=7.0s
epoch    1450  HO=1.0655  meanSteps=   740.1  copy=0.648  A(t)=102  sim=7.2s
epoch    1500  HO=1.1016  meanSteps=   740.1  copy=0.656  A(t)=111  sim=7.3s
epoch    1550  HO=1.0707  meanSteps=   720.1  copy=0.659  A(t)=115  sim=7.5s
epoch    1600  HO=1.0864  meanSteps=   681.7  copy=0.666  A(t)=135  sim=7.7s
epoch    1650  HO=1.1361  meanSteps=   630.5  copy=0.670  A(t)=148  sim=7.8s
epoch    1700  HO=1.1528  meanSteps=   622.0  copy=0.686  A(t)=164  sim=8.0s
epoch    1750  HO=1.1690  meanSteps=   572.5  copy=0.684  A(t)=189  sim=8.1s
epoch    1800  HO=1.2034  meanSteps=   565.7  copy=0.687  A(t)=198  sim=8.3s
epoch    1850  HO=1.2107  meanSteps=   514.7  copy=0.699  A(t)=202  sim=8.4s
epoch    1900  HO=1.2225  meanSteps=   470.0  copy=0.683  A(t)=209  sim=8.6s
epoch    1950  HO=1.2219  meanSteps=   466.7  copy=0.701  A(t)=214  sim=8.7s
epoch    2000  HO=1.2531  meanSteps=   440.8  copy=0.710  A(t)=215  sim=8.8s
epoch    2050  HO=1.2021  meanSteps=   431.1  copy=0.708  A(t)=220  sim=9.0s
epoch    2100  HO=1.2037  meanSteps=   422.9  copy=0.704  A(t)=233  sim=9.1s
epoch    2150  HO=1.2114  meanSteps=   430.7  copy=0.695  A(t)=240  sim=9.2s
epoch    2200  HO=1.2377  meanSteps=   385.8  copy=0.687  A(t)=248  sim=9.3s
epoch    2250  HO=1.2121  meanSteps=   398.9  copy=0.686  A(t)=261  sim=9.5s
epoch    2300  HO=1.1933  meanSteps=   390.5  copy=0.694  A(t)=261  sim=9.6s
epoch    2350  HO=1.1762  meanSteps=   390.3  copy=0.701  A(t)=261  sim=9.7s
epoch    2400  HO=1.1829  meanSteps=   415.5  copy=0.708  A(t)=262  sim=9.8s
epoch    2450  HO=1.1928  meanSteps=   396.8  copy=0.697  A(t)=265  sim=10.0s
epoch    2500  HO=1.1513  meanSteps=   407.8  copy=0.703  A(t)=265  sim=10.1s
epoch    2550  HO=1.1305  meanSteps=   411.1  copy=0.700  A(t)=266  sim=10.2s
epoch    2600  HO=1.1001  meanSteps=   399.0  copy=0.716  A(t)=266  sim=10.3s
epoch    2650  HO=1.0987  meanSteps=   410.9  copy=0.717  A(t)=267  sim=10.5s
epoch    2700  HO=1.1008  meanSteps=   397.7  copy=0.718  A(t)=268  sim=10.6s
epoch    2750  HO=1.0689  meanSteps=   381.0  copy=0.708  A(t)=271  sim=10.7s
epoch    2800  HO=1.0758  meanSteps=   358.8  copy=0.724  A(t)=273  sim=10.8s
epoch    2850  HO=1.0359  meanSteps=   306.7  copy=0.735  A(t)=278  sim=10.9s
epoch    2900  HO=1.0334  meanSteps=   280.4  copy=0.727  A(t)=286  sim=11.1s
epoch    2950  HO=1.0487  meanSteps=   281.7  copy=0.726  A(t)=286  sim=11.2s
epoch    3000  HO=1.0279  meanSteps=   256.8  copy=0.732  A(t)=287  sim=11.3s
epoch    3050  HO=1.0770  meanSteps=   283.1  copy=0.731  A(t)=290  sim=11.4s
epoch    3100  HO=1.1245  meanSteps=   291.1  copy=0.744  A(t)=292  sim=11.5s
epoch    3150  HO=1.1014  meanSteps=   289.8  copy=0.730  A(t)=295  sim=11.6s
epoch    3200  HO=1.0351  meanSteps=   258.2  copy=0.720  A(t)=297  sim=11.7s
epoch    3250  HO=1.0226  meanSteps=   234.3  copy=0.712  A(t)=300  sim=11.8s
epoch    3300  HO=1.0088  meanSteps=   216.4  copy=0.731  A(t)=300  sim=11.9s
epoch    3350  HO=0.9706  meanSteps=   198.6  copy=0.718  A(t)=302  sim=12.0s
epoch    3400  HO=0.9709  meanSteps=   206.6  copy=0.706  A(t)=317  sim=12.1s
epoch    3450  HO=1.0269  meanSteps=   202.2  copy=0.711  A(t)=319  sim=12.2s
epoch    3500  HO=0.9358  meanSteps=   216.7  copy=0.710  A(t)=322  sim=12.2s
epoch    3550  HO=0.9256  meanSteps=   203.9  copy=0.711  A(t)=328  sim=12.3s
epoch    3600  HO=0.8988  meanSteps=   202.9  copy=0.710  A(t)=328  sim=12.4s
epoch    3650  HO=0.9210  meanSteps=   199.8  copy=0.711  A(t)=332  sim=12.5s
epoch    3700  HO=0.9308  meanSteps=   188.4  copy=0.726  A(t)=333  sim=12.6s
epoch    3750  HO=0.8931  meanSteps=   172.4  copy=0.733  A(t)=341  sim=12.7s
epoch    3800  HO=0.9235  meanSteps=   155.2  copy=0.733  A(t)=341  sim=12.8s
epoch    3850  HO=0.9419  meanSteps=   174.2  copy=0.746  A(t)=348  sim=12.9s
epoch    3900  HO=0.9277  meanSteps=   187.7  copy=0.775  A(t)=356  sim=13.0s
epoch    3950  HO=0.8855  meanSteps=   172.0  copy=0.790  A(t)=361  sim=13.1s
epoch    4000  HO=0.9712  meanSteps=   174.5  copy=0.788  A(t)=367  sim=13.2s
epoch    4050  HO=0.9482  meanSteps=   176.1  copy=0.787  A(t)=381  sim=13.2s
epoch    4100  HO=0.9414  meanSteps=   164.7  copy=0.790  A(t)=388  sim=13.3s
epoch    4150  HO=0.9120  meanSteps=   141.5  copy=0.780  A(t)=399  sim=13.4s
epoch    4200  HO=0.8872  meanSteps=   127.8  copy=0.782  A(t)=410  sim=13.5s
epoch    4250  HO=0.9029  meanSteps=   130.0  copy=0.787  A(t)=429  sim=13.6s
epoch    4300  HO=0.8879  meanSteps=   145.6  copy=0.790  A(t)=442  sim=13.7s
epoch    4350  HO=0.9216  meanSteps=   144.6  copy=0.776  A(t)=443  sim=13.7s
epoch    4400  HO=0.9174  meanSteps=   143.7  copy=0.801  A(t)=456  sim=13.8s
epoch    4450  HO=0.9263  meanSteps=   144.0  copy=0.812  A(t)=458  sim=13.9s
epoch    4500  HO=0.8835  meanSteps=   145.8  copy=0.813  A(t)=464  sim=14.0s
epoch    4550  HO=0.8757  meanSteps=   140.9  copy=0.814  A(t)=466  sim=14.1s
epoch    4600  HO=0.8917  meanSteps=   132.0  copy=0.815  A(t)=474  sim=14.2s
epoch    4650  HO=0.8810  meanSteps=   128.3  copy=0.815  A(t)=482  sim=14.2s
epoch    4700  HO=0.8097  meanSteps=   128.4  copy=0.813  A(t)=485  sim=14.3s
epoch    4750  HO=0.8617  meanSteps=   128.2  copy=0.812  A(t)=487  sim=14.4s
epoch    4800  HO=0.8115  meanSteps=   128.4  copy=0.820  A(t)=488  sim=14.5s
epoch    4850  HO=0.8073  meanSteps=   127.9  copy=0.822  A(t)=489  sim=14.6s
epoch    4900  HO=0.8156  meanSteps=   137.5  copy=0.837  A(t)=492  sim=14.6s
epoch    4950  HO=0.7798  meanSteps=   129.4  copy=0.833  A(t)=492  sim=14.7s
epoch    5000  HO=0.7866  meanSteps=   127.8  copy=0.825  A(t)=501  sim=14.8s
epoch    5050  HO=0.7603  meanSteps=   128.1  copy=0.815  A(t)=501  sim=14.9s
epoch    5100  HO=0.7663  meanSteps=   127.9  copy=0.808  A(t)=501  sim=14.9s
epoch    5150  HO=0.7492  meanSteps=   127.7  copy=0.796  A(t)=501  sim=15.0s
epoch    5200  HO=0.7258  meanSteps=   127.9  copy=0.780  A(t)=501  sim=15.1s
epoch    5250  HO=0.8289  meanSteps=   128.0  copy=0.799  A(t)=509  sim=15.2s
epoch    5300  HO=0.8050  meanSteps=   128.4  copy=0.795  A(t)=513  sim=15.3s
epoch    5350  HO=0.7817  meanSteps=   128.9  copy=0.791  A(t)=513  sim=15.3s
epoch    5400  HO=0.8051  meanSteps=   132.8  copy=0.803  A(t)=522  sim=15.4s
epoch    5450  HO=0.8567  meanSteps=   133.2  copy=0.802  A(t)=523  sim=15.5s
epoch    5500  HO=0.8424  meanSteps=   127.9  copy=0.792  A(t)=524  sim=15.6s
epoch    5550  HO=0.8659  meanSteps=   127.6  copy=0.786  A(t)=524  sim=15.7s
epoch    5600  HO=0.8343  meanSteps=   127.5  copy=0.791  A(t)=528  sim=15.8s
epoch    5650  HO=0.8374  meanSteps=   135.5  copy=0.778  A(t)=539  sim=15.8s
epoch    5700  HO=0.8419  meanSteps=   140.6  copy=0.777  A(t)=539  sim=15.9s
epoch    5750  HO=0.8458  meanSteps=   137.0  copy=0.786  A(t)=541  sim=16.0s
epoch    5800  HO=0.8612  meanSteps=   145.2  copy=0.797  A(t)=544  sim=16.1s
epoch    5850  HO=0.8560  meanSteps=   143.7  copy=0.793  A(t)=550  sim=16.2s
epoch    5900  HO=0.8218  meanSteps=   144.4  copy=0.791  A(t)=551  sim=16.2s
epoch    5950  HO=0.7934  meanSteps=   144.2  copy=0.788  A(t)=552  sim=16.3s
epoch    6000  HO=0.8367  meanSteps=   159.6  copy=0.792  A(t)=559  sim=16.4s
epoch    6050  HO=0.8698  meanSteps=   147.2  copy=0.775  A(t)=561  sim=16.5s
epoch    6100  HO=0.8790  meanSteps=   152.7  copy=0.774  A(t)=562  sim=16.6s
epoch    6150  HO=0.8324  meanSteps=   146.6  copy=0.802  A(t)=563  sim=16.7s
epoch    6200  HO=0.8635  meanSteps=   147.0  copy=0.805  A(t)=567  sim=16.7s
epoch    6250  HO=0.9008  meanSteps=   149.5  copy=0.823  A(t)=570  sim=16.8s
epoch    6300  HO=0.8723  meanSteps=   148.1  copy=0.833  A(t)=571  sim=16.9s
epoch    6350  HO=0.8629  meanSteps=   142.3  copy=0.828  A(t)=571  sim=17.0s
epoch    6400  HO=0.8956  meanSteps=   128.9  copy=0.812  A(t)=572  sim=17.1s
epoch    6450  HO=0.9187  meanSteps=   133.5  copy=0.814  A(t)=576  sim=17.2s
epoch    6500  HO=0.8946  meanSteps=   146.7  copy=0.826  A(t)=576  sim=17.3s
epoch    6550  HO=0.8752  meanSteps=   145.5  copy=0.819  A(t)=579  sim=17.3s
epoch    6600  HO=0.9391  meanSteps=   145.2  copy=0.823  A(t)=579  sim=17.4s
epoch    6650  HO=0.9551  meanSteps=   143.6  copy=0.829  A(t)=580  sim=17.5s
epoch    6700  HO=0.9469  meanSteps=   140.7  copy=0.826  A(t)=580  sim=17.6s
epoch    6750  HO=0.9103  meanSteps=   133.6  copy=0.827  A(t)=581  sim=17.7s
epoch    6800  HO=0.9316  meanSteps=   132.8  copy=0.818  A(t)=581  sim=17.7s
epoch    6850  HO=0.9340  meanSteps=   142.9  copy=0.803  A(t)=585  sim=17.8s
epoch    6900  HO=0.8459  meanSteps=   133.2  copy=0.796  A(t)=588  sim=17.9s
epoch    6950  HO=0.8661  meanSteps=   128.6  copy=0.834  A(t)=589  sim=18.0s
epoch    7000  HO=0.8686  meanSteps=   133.6  copy=0.845  A(t)=590  sim=18.1s
epoch    7050  HO=0.8971  meanSteps=   133.2  copy=0.854  A(t)=590  sim=18.1s
epoch    7100  HO=0.8755  meanSteps=   142.1  copy=0.842  A(t)=590  sim=18.2s
epoch    7150  HO=0.8656  meanSteps=   128.6  copy=0.822  A(t)=590  sim=18.3s
epoch    7200  HO=0.9269  meanSteps=   128.4  copy=0.836  A(t)=596  sim=18.4s
epoch    7250  HO=0.8914  meanSteps=   128.2  copy=0.834  A(t)=602  sim=18.5s
epoch    7300  HO=0.8826  meanSteps=   141.2  copy=0.821  A(t)=604  sim=18.6s
epoch    7350  HO=0.8839  meanSteps=   142.4  copy=0.824  A(t)=608  sim=18.6s
epoch    7400  HO=0.8385  meanSteps=   144.1  copy=0.829  A(t)=617  sim=18.7s
epoch    7450  HO=0.8184  meanSteps=   145.3  copy=0.838  A(t)=622  sim=18.8s
epoch    7500  HO=0.8191  meanSteps=   136.1  copy=0.865  A(t)=633  sim=18.9s
epoch    7550  HO=0.9042  meanSteps=   129.3  copy=0.882  A(t)=635  sim=19.0s
epoch    7600  HO=0.8501  meanSteps=   128.6  copy=0.870  A(t)=636  sim=19.0s
epoch    7650  HO=0.8462  meanSteps=   128.7  copy=0.867  A(t)=640  sim=19.1s
epoch    7700  HO=0.8640  meanSteps=   133.4  copy=0.859  A(t)=643  sim=19.2s
epoch    7750  HO=0.8855  meanSteps=   129.5  copy=0.898  A(t)=644  sim=19.3s
epoch    7800  HO=0.8890  meanSteps=   128.9  copy=0.890  A(t)=645  sim=19.4s
epoch    7850  HO=0.8795  meanSteps=   128.9  copy=0.879  A(t)=647  sim=19.4s
epoch    7900  HO=0.8839  meanSteps=   128.8  copy=0.874  A(t)=647  sim=19.5s
epoch    7950  HO=0.8832  meanSteps=   128.6  copy=0.868  A(t)=647  sim=19.6s
epoch    8000  HO=0.9288  meanSteps=   128.8  copy=0.857  A(t)=653  sim=19.7s
epoch    8050  HO=0.8559  meanSteps=   128.7  copy=0.832  A(t)=658  sim=19.7s
epoch    8100  HO=0.9040  meanSteps=   128.5  copy=0.845  A(t)=658  sim=19.8s
epoch    8150  HO=0.8691  meanSteps=   128.6  copy=0.837  A(t)=658  sim=19.9s
epoch    8200  HO=0.8916  meanSteps=   128.6  copy=0.821  A(t)=661  sim=20.0s
epoch    8250  HO=0.8874  meanSteps=   128.3  copy=0.818  A(t)=661  sim=20.1s
epoch    8300  HO=0.8707  meanSteps=   136.1  copy=0.806  A(t)=666  sim=20.1s
epoch    8350  HO=0.8534  meanSteps=   133.4  copy=0.807  A(t)=671  sim=20.2s
epoch    8400  HO=0.8248  meanSteps=   128.7  copy=0.818  A(t)=677  sim=20.3s
epoch    8450  HO=0.8782  meanSteps=   128.5  copy=0.814  A(t)=682  sim=20.4s
epoch    8500  HO=0.8267  meanSteps=   128.6  copy=0.828  A(t)=682  sim=20.5s
epoch    8550  HO=0.8312  meanSteps=   128.6  copy=0.835  A(t)=682  sim=20.5s
epoch    8600  HO=0.7946  meanSteps=   128.5  copy=0.827  A(t)=683  sim=20.6s
epoch    8650  HO=0.7941  meanSteps=   128.4  copy=0.821  A(t)=686  sim=20.7s
epoch    8700  HO=0.7670  meanSteps=   128.3  copy=0.824  A(t)=686  sim=20.8s
epoch    8750  HO=0.7946  meanSteps=   128.0  copy=0.818  A(t)=688  sim=20.8s
epoch    8800  HO=0.7915  meanSteps=   128.2  copy=0.812  A(t)=690  sim=20.9s
epoch    8850  HO=0.7449  meanSteps=   128.4  copy=0.798  A(t)=697  sim=21.0s
epoch    8900  HO=0.7709  meanSteps=   128.5  copy=0.799  A(t)=700  sim=21.1s
epoch    8950  HO=0.7722  meanSteps=   128.3  copy=0.805  A(t)=711  sim=21.2s
epoch    9000  HO=0.7882  meanSteps=   127.9  copy=0.767  A(t)=722  sim=21.3s
epoch    9050  HO=0.7488  meanSteps=   134.7  copy=0.749  A(t)=726  sim=21.3s
epoch    9100  HO=0.7678  meanSteps=   128.1  copy=0.755  A(t)=726  sim=21.4s
epoch    9150  HO=0.7988  meanSteps=   127.6  copy=0.759  A(t)=727  sim=21.5s
epoch    9200  HO=0.8081  meanSteps=   127.8  copy=0.763  A(t)=731  sim=21.6s
epoch    9250  HO=0.8371  meanSteps=   132.7  copy=0.787  A(t)=733  sim=21.7s
epoch    9300  HO=0.8406  meanSteps=   133.1  copy=0.796  A(t)=735  sim=21.7s
epoch    9350  HO=0.8438  meanSteps=   128.5  copy=0.806  A(t)=735  sim=21.8s
epoch    9400  HO=0.8527  meanSteps=   128.3  copy=0.805  A(t)=736  sim=21.9s
epoch    9450  HO=0.8475  meanSteps=   128.9  copy=0.805  A(t)=736  sim=22.0s
epoch    9500  HO=0.8071  meanSteps=   131.0  copy=0.821  A(t)=738  sim=22.1s
epoch    9550  HO=0.8497  meanSteps=   137.9  copy=0.808  A(t)=740  sim=22.1s
epoch    9600  HO=0.9205  meanSteps=   144.7  copy=0.803  A(t)=740  sim=22.2s
epoch    9650  HO=0.8484  meanSteps=   131.5  copy=0.797  A(t)=740  sim=22.3s
epoch    9700  HO=0.8734  meanSteps=   133.2  copy=0.788  A(t)=744  sim=22.4s
epoch    9750  HO=0.8821  meanSteps=   133.8  copy=0.779  A(t)=744  sim=22.5s
epoch    9800  HO=0.8310  meanSteps=   140.3  copy=0.764  A(t)=745  sim=22.5s
epoch    9850  HO=0.8285  meanSteps=   131.6  copy=0.745  A(t)=747  sim=22.6s
epoch    9900  HO=0.8396  meanSteps=   144.1  copy=0.729  A(t)=748  sim=22.7s
epoch    9950  HO=0.8211  meanSteps=   150.2  copy=0.726  A(t)=756  sim=22.8s
epoch   10000  HO=0.8145  meanSteps=   146.9  copy=0.722  A(t)=760  sim=22.9s
epoch   10050  HO=0.7736  meanSteps=   145.1  copy=0.736  A(t)=764  sim=22.9s
epoch   10100  HO=0.7447  meanSteps=   142.0  copy=0.732  A(t)=772  sim=23.0s
epoch   10150  HO=0.7648  meanSteps=   142.9  copy=0.719  A(t)=775  sim=23.1s
epoch   10200  HO=0.7505  meanSteps=   142.3  copy=0.726  A(t)=775  sim=23.2s
epoch   10250  HO=0.7551  meanSteps=   154.0  copy=0.730  A(t)=775  sim=23.3s
epoch   10300  HO=0.8017  meanSteps=   143.9  copy=0.748  A(t)=776  sim=23.4s
epoch   10350  HO=0.8212  meanSteps=   136.4  copy=0.775  A(t)=777  sim=23.4s
epoch   10400  HO=0.7980  meanSteps=   145.2  copy=0.788  A(t)=777  sim=23.5s
epoch   10450  HO=0.7945  meanSteps=   164.6  copy=0.772  A(t)=781  sim=23.6s
epoch   10500  HO=0.7879  meanSteps=   159.7  copy=0.771  A(t)=781  sim=23.7s
epoch   10550  HO=0.8151  meanSteps=   170.2  copy=0.765  A(t)=781  sim=23.8s
epoch   10600  HO=0.8243  meanSteps=   155.2  copy=0.758  A(t)=781  sim=23.9s
epoch   10650  HO=0.8391  meanSteps=   155.3  copy=0.777  A(t)=781  sim=24.0s
epoch   10700  HO=0.8265  meanSteps=   155.6  copy=0.785  A(t)=782  sim=24.0s
epoch   10750  HO=0.8252  meanSteps=   156.9  copy=0.787  A(t)=782  sim=24.1s
epoch   10800  HO=0.8289  meanSteps=   145.5  copy=0.791  A(t)=783  sim=24.2s
epoch   10850  HO=0.7822  meanSteps=   128.4  copy=0.798  A(t)=783  sim=24.3s
epoch   10900  HO=0.8674  meanSteps=   128.5  copy=0.787  A(t)=783  sim=24.4s
epoch   10950  HO=0.8193  meanSteps=   128.2  copy=0.792  A(t)=783  sim=24.4s
epoch   11000  HO=0.8019  meanSteps=   128.5  copy=0.791  A(t)=786  sim=24.5s
epoch   11050  HO=0.7955  meanSteps=   128.6  copy=0.794  A(t)=787  sim=24.6s
epoch   11100  HO=0.8284  meanSteps=   128.4  copy=0.794  A(t)=787  sim=24.7s
epoch   11150  HO=0.8145  meanSteps=   128.0  copy=0.797  A(t)=787  sim=24.8s
epoch   11200  HO=0.8620  meanSteps=   128.1  copy=0.793  A(t)=788  sim=24.8s
epoch   11250  HO=0.8165  meanSteps=   134.6  copy=0.791  A(t)=788  sim=24.9s
epoch   11300  HO=0.8477  meanSteps=   150.3  copy=0.779  A(t)=794  sim=25.0s
epoch   11350  HO=0.7551  meanSteps=   147.6  copy=0.779  A(t)=796  sim=25.1s
epoch   11400  HO=0.7687  meanSteps=   157.4  copy=0.773  A(t)=800  sim=25.2s
epoch   11450  HO=0.8009  meanSteps=   141.0  copy=0.780  A(t)=821  sim=25.2s
epoch   11500  HO=0.8022  meanSteps=   134.2  copy=0.779  A(t)=825  sim=25.3s
epoch   11550  HO=0.8326  meanSteps=   129.5  copy=0.765  A(t)=825  sim=25.4s
epoch   11600  HO=0.8788  meanSteps=   128.1  copy=0.763  A(t)=828  sim=25.5s
epoch   11650  HO=0.8384  meanSteps=   127.9  copy=0.747  A(t)=836  sim=25.6s
epoch   11700  HO=0.8441  meanSteps=   127.6  copy=0.749  A(t)=836  sim=25.6s
epoch   11750  HO=0.8485  meanSteps=   137.8  copy=0.750  A(t)=836  sim=25.7s
epoch   11800  HO=0.8143  meanSteps=   140.6  copy=0.760  A(t)=847  sim=25.8s
epoch   11850  HO=0.7683  meanSteps=   144.2  copy=0.767  A(t)=851  sim=25.9s
epoch   11900  HO=0.7956  meanSteps=   149.0  copy=0.764  A(t)=851  sim=26.0s
epoch   11950  HO=0.7908  meanSteps=   127.8  copy=0.757  A(t)=857  sim=26.1s
epoch   12000  HO=0.7778  meanSteps=   127.8  copy=0.766  A(t)=857  sim=26.1s
epoch   12050  HO=0.7968  meanSteps=   127.9  copy=0.773  A(t)=858  sim=26.2s
epoch   12100  HO=0.8407  meanSteps=   127.8  copy=0.787  A(t)=858  sim=26.3s
epoch   12150  HO=0.8695  meanSteps=   128.0  copy=0.784  A(t)=858  sim=26.4s
epoch   12200  HO=0.8558  meanSteps=   128.1  copy=0.773  A(t)=859  sim=26.5s
epoch   12250  HO=0.8611  meanSteps=   128.2  copy=0.779  A(t)=863  sim=26.5s
epoch   12300  HO=0.8341  meanSteps=   127.8  copy=0.784  A(t)=864  sim=26.6s
epoch   12350  HO=0.8158  meanSteps=   128.3  copy=0.766  A(t)=864  sim=26.7s
epoch   12400  HO=0.8839  meanSteps=   128.0  copy=0.778  A(t)=867  sim=26.8s
epoch   12450  HO=0.8817  meanSteps=   128.1  copy=0.775  A(t)=872  sim=26.9s
epoch   12500  HO=0.8318  meanSteps=   134.6  copy=0.756  A(t)=875  sim=26.9s
epoch   12550  HO=0.8860  meanSteps=   135.1  copy=0.750  A(t)=875  sim=27.0s
epoch   12600  HO=0.8722  meanSteps=   128.3  copy=0.766  A(t)=876  sim=27.1s
epoch   12650  HO=0.9043  meanSteps=   137.6  copy=0.761  A(t)=877  sim=27.2s
epoch   12700  HO=0.9303  meanSteps=   128.4  copy=0.742  A(t)=878  sim=27.3s
epoch   12750  HO=0.9236  meanSteps=   135.0  copy=0.746  A(t)=878  sim=27.3s
epoch   12800  HO=0.8575  meanSteps=   127.6  copy=0.761  A(t)=887  sim=27.4s
epoch   12850  HO=0.8523  meanSteps=   127.9  copy=0.783  A(t)=894  sim=27.5s
epoch   12900  HO=0.8005  meanSteps=   128.1  copy=0.784  A(t)=894  sim=27.6s
epoch   12950  HO=0.7502  meanSteps=   128.1  copy=0.789  A(t)=896  sim=27.7s
epoch   13000  HO=0.7656  meanSteps=   128.1  copy=0.790  A(t)=896  sim=27.7s
epoch   13050  HO=0.7918  meanSteps=   127.6  copy=0.797  A(t)=896  sim=27.8s
epoch   13100  HO=0.7950  meanSteps=   127.6  copy=0.823  A(t)=896  sim=27.9s
epoch   13150  HO=0.7961  meanSteps=   137.8  copy=0.814  A(t)=896  sim=28.0s
epoch   13200  HO=0.8285  meanSteps=   137.2  copy=0.824  A(t)=898  sim=28.1s
epoch   13250  HO=0.8199  meanSteps=   137.0  copy=0.827  A(t)=899  sim=28.1s
epoch   13300  HO=0.8237  meanSteps=   128.0  copy=0.830  A(t)=899  sim=28.2s
epoch   13350  HO=0.8695  meanSteps=   127.9  copy=0.835  A(t)=899  sim=28.3s
epoch   13400  HO=0.8559  meanSteps=   129.3  copy=0.809  A(t)=900  sim=28.4s
epoch   13450  HO=0.8343  meanSteps=   129.7  copy=0.813  A(t)=900  sim=28.5s
epoch   13500  HO=0.8595  meanSteps=   131.6  copy=0.830  A(t)=900  sim=28.5s
epoch   13550  HO=0.8072  meanSteps=   131.4  copy=0.838  A(t)=902  sim=28.6s
epoch   13600  HO=0.8296  meanSteps=   136.1  copy=0.833  A(t)=906  sim=28.7s
epoch   13650  HO=0.8745  meanSteps=   134.9  copy=0.834  A(t)=906  sim=28.8s
epoch   13700  HO=0.8444  meanSteps=   135.7  copy=0.836  A(t)=906  sim=28.9s
epoch   13750  HO=0.8569  meanSteps=   127.4  copy=0.833  A(t)=906  sim=28.9s
epoch   13800  HO=0.9271  meanSteps=   127.8  copy=0.818  A(t)=906  sim=29.0s
epoch   13850  HO=0.9592  meanSteps=   127.9  copy=0.823  A(t)=906  sim=29.1s
epoch   13900  HO=0.9237  meanSteps=   127.8  copy=0.819  A(t)=906  sim=29.2s
epoch   13950  HO=0.9201  meanSteps=   128.3  copy=0.809  A(t)=911  sim=29.3s
epoch   14000  HO=0.9384  meanSteps=   136.9  copy=0.810  A(t)=913  sim=29.3s
epoch   14050  HO=0.8962  meanSteps=   137.0  copy=0.828  A(t)=916  sim=29.4s
epoch   14100  HO=0.8735  meanSteps=   143.7  copy=0.814  A(t)=928  sim=29.5s
epoch   14150  HO=0.8629  meanSteps=   135.2  copy=0.816  A(t)=928  sim=29.6s
epoch   14200  HO=0.8891  meanSteps=   136.7  copy=0.823  A(t)=928  sim=29.7s
epoch   14250  HO=0.8633  meanSteps=   133.3  copy=0.799  A(t)=930  sim=29.7s
epoch   14300  HO=0.8840  meanSteps=   128.1  copy=0.795  A(t)=937  sim=29.8s
epoch   14350  HO=0.8904  meanSteps=   130.8  copy=0.808  A(t)=937  sim=29.9s
epoch   14400  HO=0.9185  meanSteps=   127.9  copy=0.816  A(t)=937  sim=30.0s
epoch   14450  HO=0.8931  meanSteps=   128.0  copy=0.809  A(t)=937  sim=30.1s
epoch   14500  HO=0.8845  meanSteps=   128.3  copy=0.800  A(t)=938  sim=30.1s
epoch   14550  HO=0.8825  meanSteps=   128.2  copy=0.815  A(t)=941  sim=30.2s
epoch   14600  HO=0.9003  meanSteps=   128.8  copy=0.819  A(t)=942  sim=30.3s
epoch   14650  HO=0.8590  meanSteps=   129.7  copy=0.818  A(t)=952  sim=30.4s
epoch   14700  HO=0.8690  meanSteps=   128.5  copy=0.805  A(t)=957  sim=30.5s
epoch   14750  HO=0.8837  meanSteps=   128.8  copy=0.828  A(t)=964  sim=30.5s
epoch   14800  HO=0.9602  meanSteps=   130.4  copy=0.827  A(t)=964  sim=30.6s
epoch   14850  HO=0.9049  meanSteps=   128.4  copy=0.826  A(t)=965  sim=30.7s
epoch   14900  HO=0.9259  meanSteps=   128.3  copy=0.810  A(t)=966  sim=30.8s
epoch   14950  HO=0.9042  meanSteps=   128.8  copy=0.812  A(t)=968  sim=30.9s
epoch   15000  HO=0.9072  meanSteps=   128.6  copy=0.806  A(t)=969  sim=30.9s
epoch   15050  HO=0.9179  meanSteps=   128.5  copy=0.815  A(t)=972  sim=31.0s
epoch   15100  HO=0.9473  meanSteps=   128.3  copy=0.807  A(t)=972  sim=31.1s
epoch   15150  HO=0.8671  meanSteps=   127.9  copy=0.805  A(t)=974  sim=31.2s
epoch   15200  HO=0.8717  meanSteps=   127.6  copy=0.800  A(t)=974  sim=31.3s
epoch   15250  HO=0.9415  meanSteps=   128.2  copy=0.774  A(t)=982  sim=31.4s
epoch   15300  HO=0.9114  meanSteps=   130.2  copy=0.756  A(t)=985  sim=31.5s
epoch   15350  HO=0.9386  meanSteps=   143.2  copy=0.770  A(t)=985  sim=31.5s
epoch   15400  HO=0.9150  meanSteps=   142.7  copy=0.752  A(t)=988  sim=31.6s
epoch   15450  HO=0.9176  meanSteps=   155.0  copy=0.774  A(t)=991  sim=31.7s
epoch   15500  HO=0.8884  meanSteps=   156.7  copy=0.785  A(t)=1001  sim=31.8s
epoch   15550  HO=0.8816  meanSteps=   150.8  copy=0.785  A(t)=1008  sim=31.9s
epoch   15600  HO=0.9204  meanSteps=   146.7  copy=0.807  A(t)=1015  sim=32.0s
epoch   15650  HO=0.9234  meanSteps=   128.6  copy=0.807  A(t)=1022  sim=32.0s
epoch   15700  HO=0.9380  meanSteps=   144.5  copy=0.815  A(t)=1026  sim=32.1s
epoch   15750  HO=0.9369  meanSteps=   135.9  copy=0.830  A(t)=1029  sim=32.2s
epoch   15800  HO=0.9388  meanSteps=   129.3  copy=0.835  A(t)=1032  sim=32.3s
epoch   15850  HO=0.8941  meanSteps=   128.3  copy=0.816  A(t)=1037  sim=32.4s
epoch   15900  HO=0.9091  meanSteps=   128.4  copy=0.817  A(t)=1037  sim=32.4s
epoch   15950  HO=0.8955  meanSteps=   128.8  copy=0.812  A(t)=1037  sim=32.5s
epoch   16000  HO=0.9054  meanSteps=   129.3  copy=0.792  A(t)=1037  sim=32.6s
epoch   16050  HO=0.8995  meanSteps=   128.5  copy=0.784  A(t)=1043  sim=32.7s
epoch   16100  HO=0.9280  meanSteps=   133.6  copy=0.776  A(t)=1044  sim=32.7s
epoch   16150  HO=0.9139  meanSteps=   131.9  copy=0.794  A(t)=1045  sim=32.8s
epoch   16200  HO=0.9975  meanSteps=   128.5  copy=0.802  A(t)=1051  sim=32.9s
epoch   16250  HO=0.9376  meanSteps=   128.1  copy=0.821  A(t)=1055  sim=33.0s
epoch   16300  HO=0.9956  meanSteps=   127.9  copy=0.818  A(t)=1055  sim=33.1s
epoch   16350  HO=0.9886  meanSteps=   127.9  copy=0.809  A(t)=1063  sim=33.1s
epoch   16400  HO=0.9652  meanSteps=   128.5  copy=0.796  A(t)=1065  sim=33.2s
epoch   16450  HO=0.9352  meanSteps=   129.6  copy=0.773  A(t)=1065  sim=33.3s
epoch   16500  HO=1.0141  meanSteps=   128.3  copy=0.778  A(t)=1070  sim=33.4s
epoch   16550  HO=0.9592  meanSteps=   128.4  copy=0.782  A(t)=1073  sim=33.5s
epoch   16600  HO=0.9691  meanSteps=   128.1  copy=0.789  A(t)=1087  sim=33.5s
epoch   16650  HO=1.0350  meanSteps=   137.1  copy=0.786  A(t)=1091  sim=33.6s
epoch   16700  HO=1.0041  meanSteps=   139.5  copy=0.780  A(t)=1108  sim=33.7s
epoch   16750  HO=0.9943  meanSteps=   138.4  copy=0.783  A(t)=1109  sim=33.8s
epoch   16800  HO=1.0188  meanSteps=   144.5  copy=0.792  A(t)=1110  sim=33.9s
epoch   16850  HO=0.9735  meanSteps=   171.8  copy=0.802  A(t)=1112  sim=33.9s
epoch   16900  HO=0.9491  meanSteps=   149.9  copy=0.807  A(t)=1118  sim=34.0s
epoch   16950  HO=0.9947  meanSteps=   137.3  copy=0.825  A(t)=1122  sim=34.1s
epoch   17000  HO=0.9894  meanSteps=   138.0  copy=0.824  A(t)=1134  sim=34.2s
epoch   17050  HO=1.0144  meanSteps=   151.4  copy=0.822  A(t)=1146  sim=34.3s
epoch   17100  HO=1.0081  meanSteps=   137.5  copy=0.835  A(t)=1148  sim=34.4s
epoch   17150  HO=0.9846  meanSteps=   129.4  copy=0.841  A(t)=1155  sim=34.5s
epoch   17200  HO=0.9842  meanSteps=   151.1  copy=0.835  A(t)=1159  sim=34.5s
epoch   17250  HO=0.9889  meanSteps=   184.8  copy=0.839  A(t)=1166  sim=34.6s
epoch   17300  HO=1.0569  meanSteps=   200.4  copy=0.835  A(t)=1168  sim=34.7s
epoch   17350  HO=1.0428  meanSteps=   171.7  copy=0.830  A(t)=1177  sim=34.8s
epoch   17400  HO=0.9907  meanSteps=   163.4  copy=0.808  A(t)=1183  sim=34.9s
epoch   17450  HO=1.0342  meanSteps=   148.4  copy=0.836  A(t)=1183  sim=35.0s
epoch   17500  HO=1.0072  meanSteps=   144.5  copy=0.827  A(t)=1187  sim=35.1s
epoch   17550  HO=1.0298  meanSteps=   145.2  copy=0.813  A(t)=1195  sim=35.1s
epoch   17600  HO=1.0221  meanSteps=   142.1  copy=0.813  A(t)=1197  sim=35.2s
epoch   17650  HO=1.0493  meanSteps=   139.8  copy=0.818  A(t)=1200  sim=35.3s
epoch   17700  HO=0.9971  meanSteps=   134.7  copy=0.839  A(t)=1203  sim=35.4s
epoch   17750  HO=1.0097  meanSteps=   142.3  copy=0.838  A(t)=1210  sim=35.5s
epoch   17800  HO=1.0863  meanSteps=   143.6  copy=0.841  A(t)=1210  sim=35.5s
epoch   17850  HO=1.0103  meanSteps=   137.7  copy=0.825  A(t)=1210  sim=35.6s
epoch   17900  HO=0.9952  meanSteps=   128.4  copy=0.827  A(t)=1210  sim=35.7s
epoch   17950  HO=1.0016  meanSteps=   128.1  copy=0.814  A(t)=1210  sim=35.8s
epoch   18000  HO=0.9933  meanSteps=   128.0  copy=0.802  A(t)=1210  sim=35.9s
epoch   18050  HO=0.9799  meanSteps=   128.2  copy=0.801  A(t)=1210  sim=36.0s
epoch   18100  HO=0.9708  meanSteps=   128.6  copy=0.811  A(t)=1214  sim=36.0s
epoch   18150  HO=0.9208  meanSteps=   130.8  copy=0.792  A(t)=1214  sim=36.1s
epoch   18200  HO=0.9500  meanSteps=   131.9  copy=0.792  A(t)=1222  sim=36.2s
epoch   18250  HO=0.9664  meanSteps=   128.7  copy=0.802  A(t)=1222  sim=36.3s
epoch   18300  HO=0.9439  meanSteps=   128.9  copy=0.789  A(t)=1222  sim=36.4s
epoch   18350  HO=0.9696  meanSteps=   129.2  copy=0.790  A(t)=1222  sim=36.4s
epoch   18400  HO=0.9505  meanSteps=   128.5  copy=0.785  A(t)=1223  sim=36.5s
epoch   18450  HO=1.0122  meanSteps=   128.4  copy=0.807  A(t)=1224  sim=36.6s
epoch   18500  HO=0.9856  meanSteps=   128.5  copy=0.808  A(t)=1224  sim=36.7s
epoch   18550  HO=1.0002  meanSteps=   144.6  copy=0.837  A(t)=1224  sim=36.8s
epoch   18600  HO=1.0216  meanSteps=   161.0  copy=0.845  A(t)=1225  sim=36.8s
epoch   18650  HO=1.0300  meanSteps=   165.9  copy=0.853  A(t)=1225  sim=36.9s
epoch   18700  HO=0.9987  meanSteps=   167.4  copy=0.846  A(t)=1231  sim=37.0s
epoch   18750  HO=0.9790  meanSteps=   153.5  copy=0.844  A(t)=1231  sim=37.1s
epoch   18800  HO=0.9502  meanSteps=   153.9  copy=0.844  A(t)=1231  sim=37.2s
epoch   18850  HO=0.9669  meanSteps=   152.1  copy=0.823  A(t)=1231  sim=37.3s
epoch   18900  HO=0.9347  meanSteps=   150.3  copy=0.816  A(t)=1231  sim=37.4s
epoch   18950  HO=0.9439  meanSteps=   136.7  copy=0.806  A(t)=1231  sim=37.4s
epoch   19000  HO=0.9284  meanSteps=   136.9  copy=0.798  A(t)=1232  sim=37.5s
epoch   19050  HO=0.9220  meanSteps=   143.7  copy=0.794  A(t)=1233  sim=37.6s
epoch   19100  HO=0.9545  meanSteps=   144.5  copy=0.798  A(t)=1233  sim=37.7s
epoch   19150  HO=0.9286  meanSteps=   145.0  copy=0.805  A(t)=1237  sim=37.8s
epoch   19200  HO=0.9395  meanSteps=   144.1  copy=0.810  A(t)=1237  sim=37.8s
epoch   19250  HO=0.9626  meanSteps=   147.9  copy=0.831  A(t)=1237  sim=37.9s
epoch   19300  HO=0.9017  meanSteps=   143.3  copy=0.849  A(t)=1237  sim=38.0s
epoch   19350  HO=0.9441  meanSteps=   128.3  copy=0.850  A(t)=1238  sim=38.1s
epoch   19400  HO=0.9735  meanSteps=   137.4  copy=0.845  A(t)=1238  sim=38.2s
epoch   19450  HO=0.9233  meanSteps=   139.4  copy=0.844  A(t)=1239  sim=38.3s
epoch   19500  HO=0.9163  meanSteps=   128.5  copy=0.834  A(t)=1239  sim=38.3s
epoch   19550  HO=0.8819  meanSteps=   133.6  copy=0.823  A(t)=1239  sim=38.4s
epoch   19600  HO=0.9209  meanSteps=   129.3  copy=0.819  A(t)=1243  sim=38.5s
epoch   19650  HO=0.9319  meanSteps=   128.7  copy=0.803  A(t)=1243  sim=38.6s
epoch   19700  HO=0.9291  meanSteps=   128.8  copy=0.789  A(t)=1247  sim=38.7s
epoch   19750  HO=0.9063  meanSteps=   128.6  copy=0.808  A(t)=1249  sim=38.7s
epoch   19800  HO=0.8775  meanSteps=   128.4  copy=0.817  A(t)=1250  sim=38.8s
epoch   19850  HO=0.8527  meanSteps=   128.1  copy=0.806  A(t)=1259  sim=38.9s
epoch   19900  HO=0.8839  meanSteps=   128.1  copy=0.795  A(t)=1261  sim=39.0s
epoch   19950  HO=0.9163  meanSteps=   128.0  copy=0.779  A(t)=1261  sim=39.0s
epoch   20000  HO=0.8922  meanSteps=   127.8  copy=0.772  A(t)=1261  sim=39.1s
epoch   20050  HO=0.8819  meanSteps=   128.4  copy=0.770  A(t)=1263  sim=39.2s
epoch   20100  HO=0.8970  meanSteps=   128.5  copy=0.775  A(t)=1265  sim=39.3s
epoch   20150  HO=0.8990  meanSteps=   128.3  copy=0.776  A(t)=1269  sim=39.4s
epoch   20200  HO=0.9293  meanSteps=   128.0  copy=0.754  A(t)=1270  sim=39.4s
epoch   20250  HO=0.9356  meanSteps=   128.0  copy=0.757  A(t)=1272  sim=39.5s
epoch   20300  HO=0.9711  meanSteps=   130.4  copy=0.752  A(t)=1272  sim=39.6s
epoch   20350  HO=0.9623  meanSteps=   130.2  copy=0.758  A(t)=1273  sim=39.7s
epoch   20400  HO=0.9366  meanSteps=   130.2  copy=0.760  A(t)=1279  sim=39.8s
epoch   20450  HO=0.9486  meanSteps=   130.4  copy=0.777  A(t)=1279  sim=39.9s
epoch   20500  HO=1.0289  meanSteps=   128.6  copy=0.776  A(t)=1280  sim=39.9s
epoch   20550  HO=1.0462  meanSteps=   130.4  copy=0.784  A(t)=1283  sim=40.0s
epoch   20600  HO=1.0685  meanSteps=   128.2  copy=0.794  A(t)=1285  sim=40.1s
epoch   20650  HO=1.0489  meanSteps=   128.2  copy=0.819  A(t)=1285  sim=40.2s
epoch   20700  HO=1.0196  meanSteps=   128.2  copy=0.804  A(t)=1285  sim=40.3s
epoch   20750  HO=1.0179  meanSteps=   128.0  copy=0.802  A(t)=1285  sim=40.3s
epoch   20800  HO=1.0580  meanSteps=   127.7  copy=0.809  A(t)=1286  sim=40.4s
epoch   20850  HO=1.0707  meanSteps=   127.9  copy=0.810  A(t)=1286  sim=40.5s
epoch   20900  HO=1.0144  meanSteps=   131.1  copy=0.805  A(t)=1292  sim=40.6s
epoch   20950  HO=1.0381  meanSteps=   129.3  copy=0.793  A(t)=1292  sim=40.7s
epoch   21000  HO=1.0161  meanSteps=   128.2  copy=0.810  A(t)=1295  sim=40.7s
epoch   21050  HO=1.0160  meanSteps=   140.6  copy=0.817  A(t)=1295  sim=40.8s
epoch   21100  HO=0.9837  meanSteps=   141.8  copy=0.807  A(t)=1295  sim=40.9s
epoch   21150  HO=1.0166  meanSteps=   148.3  copy=0.806  A(t)=1297  sim=41.0s
epoch   21200  HO=1.0153  meanSteps=   143.7  copy=0.828  A(t)=1300  sim=41.1s
epoch   21250  HO=0.9869  meanSteps=   144.3  copy=0.835  A(t)=1304  sim=41.1s
epoch   21300  HO=0.9958  meanSteps=   132.7  copy=0.836  A(t)=1305  sim=41.2s
epoch   21350  HO=1.0269  meanSteps=   150.8  copy=0.816  A(t)=1309  sim=41.3s
epoch   21400  HO=0.9622  meanSteps=   150.0  copy=0.834  A(t)=1312  sim=41.4s
epoch   21450  HO=0.9389  meanSteps=   133.5  copy=0.832  A(t)=1312  sim=41.5s
epoch   21500  HO=0.9631  meanSteps=   134.0  copy=0.843  A(t)=1312  sim=41.5s
epoch   21550  HO=0.9389  meanSteps=   144.4  copy=0.828  A(t)=1312  sim=41.6s
epoch   21600  HO=0.9547  meanSteps=   143.6  copy=0.815  A(t)=1313  sim=41.7s
epoch   21650  HO=0.9580  meanSteps=   128.3  copy=0.832  A(t)=1317  sim=41.8s
epoch   21700  HO=0.9791  meanSteps=   128.1  copy=0.844  A(t)=1317  sim=41.8s
epoch   21750  HO=1.0046  meanSteps=   128.3  copy=0.847  A(t)=1317  sim=41.9s
epoch   21800  HO=1.0371  meanSteps=   128.3  copy=0.843  A(t)=1317  sim=42.0s
epoch   21850  HO=1.0129  meanSteps=   128.4  copy=0.844  A(t)=1318  sim=42.1s
epoch   21900  HO=1.0108  meanSteps=   128.6  copy=0.843  A(t)=1318  sim=42.2s
epoch   21950  HO=1.0317  meanSteps=   132.6  copy=0.840  A(t)=1319  sim=42.2s
epoch   22000  HO=1.0023  meanSteps=   128.6  copy=0.829  A(t)=1321  sim=42.3s
epoch   22050  HO=0.9750  meanSteps=   128.5  copy=0.822  A(t)=1325  sim=42.4s
epoch   22100  HO=0.9394  meanSteps=   128.1  copy=0.812  A(t)=1327  sim=42.5s
epoch   22150  HO=0.9342  meanSteps=   128.2  copy=0.819  A(t)=1327  sim=42.6s
epoch   22200  HO=1.0183  meanSteps=   130.6  copy=0.826  A(t)=1327  sim=42.6s
epoch   22250  HO=1.0059  meanSteps=   131.5  copy=0.838  A(t)=1329  sim=42.7s
epoch   22300  HO=1.0217  meanSteps=   127.8  copy=0.842  A(t)=1330  sim=42.8s
epoch   22350  HO=1.0075  meanSteps=   127.7  copy=0.838  A(t)=1330  sim=42.9s
epoch   22400  HO=1.0003  meanSteps=   127.7  copy=0.846  A(t)=1332  sim=43.0s
epoch   22450  HO=1.0033  meanSteps=   127.9  copy=0.861  A(t)=1335  sim=43.0s
epoch   22500  HO=1.0079  meanSteps=   128.2  copy=0.864  A(t)=1338  sim=43.1s
epoch   22550  HO=0.9592  meanSteps=   128.4  copy=0.858  A(t)=1338  sim=43.2s
epoch   22600  HO=0.9931  meanSteps=   128.7  copy=0.854  A(t)=1338  sim=43.3s
epoch   22650  HO=0.9779  meanSteps=   128.8  copy=0.843  A(t)=1338  sim=43.4s
epoch   22700  HO=0.9369  meanSteps=   128.6  copy=0.859  A(t)=1338  sim=43.4s
epoch   22750  HO=0.9028  meanSteps=   128.5  copy=0.876  A(t)=1338  sim=43.5s
epoch   22800  HO=0.9288  meanSteps=   128.6  copy=0.859  A(t)=1338  sim=43.6s
epoch   22850  HO=0.9237  meanSteps=   128.4  copy=0.837  A(t)=1338  sim=43.7s
epoch   22900  HO=0.9196  meanSteps=   129.1  copy=0.827  A(t)=1341  sim=43.7s
epoch   22950  HO=0.9017  meanSteps=   128.3  copy=0.838  A(t)=1346  sim=43.8s
epoch   23000  HO=0.9480  meanSteps=   128.3  copy=0.834  A(t)=1346  sim=43.9s
epoch   23050  HO=0.9281  meanSteps=   128.6  copy=0.849  A(t)=1346  sim=44.0s
epoch   23100  HO=0.9722  meanSteps=   128.1  copy=0.849  A(t)=1346  sim=44.1s
epoch   23150  HO=0.9514  meanSteps=   128.1  copy=0.853  A(t)=1346  sim=44.1s
epoch   23200  HO=0.9646  meanSteps=   140.3  copy=0.846  A(t)=1346  sim=44.2s
epoch   23250  HO=0.9655  meanSteps=   141.6  copy=0.840  A(t)=1346  sim=44.3s
epoch   23300  HO=1.0219  meanSteps=   143.8  copy=0.839  A(t)=1346  sim=44.4s
epoch   23350  HO=0.9933  meanSteps=   143.6  copy=0.846  A(t)=1346  sim=44.5s
epoch   23400  HO=1.0105  meanSteps=   146.7  copy=0.831  A(t)=1346  sim=44.5s
epoch   23450  HO=0.9908  meanSteps=   145.1  copy=0.844  A(t)=1346  sim=44.6s
epoch   23500  HO=0.9752  meanSteps=   148.6  copy=0.832  A(t)=1346  sim=44.7s
epoch   23550  HO=0.9626  meanSteps=   153.6  copy=0.811  A(t)=1346  sim=44.8s
epoch   23600  HO=0.9420  meanSteps=   155.9  copy=0.795  A(t)=1346  sim=44.9s
epoch   23650  HO=0.9428  meanSteps=   150.6  copy=0.801  A(t)=1347  sim=45.0s
epoch   23700  HO=0.9919  meanSteps=   141.4  copy=0.785  A(t)=1354  sim=45.0s
epoch   23750  HO=0.9797  meanSteps=   147.9  copy=0.788  A(t)=1356  sim=45.1s
epoch   23800  HO=0.9698  meanSteps=   129.7  copy=0.786  A(t)=1356  sim=45.2s
epoch   23850  HO=0.9761  meanSteps=   127.9  copy=0.780  A(t)=1356  sim=45.3s
epoch   23900  HO=0.9641  meanSteps=   128.1  copy=0.775  A(t)=1356  sim=45.4s
epoch   23950  HO=0.9625  meanSteps=   135.8  copy=0.781  A(t)=1358  sim=45.4s
epoch   24000  HO=0.9442  meanSteps=   129.2  copy=0.765  A(t)=1359  sim=45.5s
epoch   24050  HO=0.9152  meanSteps=   128.2  copy=0.757  A(t)=1359  sim=45.6s
epoch   24100  HO=0.9506  meanSteps=   128.3  copy=0.773  A(t)=1359  sim=45.7s
epoch   24150  HO=0.9399  meanSteps=   128.4  copy=0.779  A(t)=1359  sim=45.8s
epoch   24200  HO=0.9496  meanSteps=   128.9  copy=0.776  A(t)=1359  sim=45.8s
epoch   24250  HO=0.9563  meanSteps=   132.5  copy=0.790  A(t)=1359  sim=45.9s
epoch   24300  HO=0.9293  meanSteps=   141.3  copy=0.783  A(t)=1359  sim=46.0s
epoch   24350  HO=0.9648  meanSteps=   135.6  copy=0.789  A(t)=1359  sim=46.1s
epoch   24400  HO=0.9415  meanSteps=   130.2  copy=0.781  A(t)=1359  sim=46.2s
epoch   24450  HO=0.9444  meanSteps=   142.9  copy=0.781  A(t)=1368  sim=46.2s
epoch   24500  HO=0.9287  meanSteps=   155.7  copy=0.794  A(t)=1368  sim=46.3s
epoch   24550  HO=0.9459  meanSteps=   159.0  copy=0.798  A(t)=1368  sim=46.4s
epoch   24600  HO=0.9346  meanSteps=   161.1  copy=0.787  A(t)=1368  sim=46.5s
epoch   24650  HO=0.9183  meanSteps=   156.9  copy=0.800  A(t)=1373  sim=46.6s
epoch   24700  HO=0.9772  meanSteps=   144.7  copy=0.809  A(t)=1383  sim=46.7s
epoch   24750  HO=0.9569  meanSteps=   147.9  copy=0.809  A(t)=1383  sim=46.7s
epoch   24800  HO=1.0441  meanSteps=   144.6  copy=0.807  A(t)=1386  sim=46.8s
epoch   24850  HO=0.9903  meanSteps=   152.7  copy=0.805  A(t)=1386  sim=46.9s
epoch   24900  HO=0.9467  meanSteps=   142.4  copy=0.841  A(t)=1386  sim=47.0s
epoch   24950  HO=0.9433  meanSteps=   134.5  copy=0.841  A(t)=1386  sim=47.1s
epoch   25000  HO=0.9331  meanSteps=   142.5  copy=0.843  A(t)=1387  sim=47.1s
epoch   25050  HO=0.9422  meanSteps=   128.6  copy=0.845  A(t)=1387  sim=47.2s
epoch   25100  HO=0.9354  meanSteps=   128.8  copy=0.831  A(t)=1387  sim=47.3s
epoch   25150  HO=0.9592  meanSteps=   128.7  copy=0.808  A(t)=1389  sim=47.4s
epoch   25200  HO=0.9566  meanSteps=   128.6  copy=0.797  A(t)=1389  sim=47.5s
epoch   25250  HO=0.9661  meanSteps=   132.1  copy=0.791  A(t)=1391  sim=47.5s
epoch   25300  HO=0.9678  meanSteps=   145.6  copy=0.798  A(t)=1392  sim=47.6s
epoch   25350  HO=0.9417  meanSteps=   146.8  copy=0.810  A(t)=1394  sim=47.7s
epoch   25400  HO=0.9430  meanSteps=   144.0  copy=0.807  A(t)=1394  sim=47.8s
epoch   25450  HO=0.9672  meanSteps=   130.8  copy=0.815  A(t)=1394  sim=47.9s
epoch   25500  HO=0.9856  meanSteps=   128.1  copy=0.822  A(t)=1394  sim=47.9s
epoch   25550  HO=0.9412  meanSteps=   128.1  copy=0.823  A(t)=1397  sim=48.0s
epoch   25600  HO=0.9415  meanSteps=   128.3  copy=0.848  A(t)=1397  sim=48.1s
epoch   25650  HO=0.9261  meanSteps=   128.3  copy=0.852  A(t)=1397  sim=48.2s
epoch   25700  HO=0.8936  meanSteps=   128.5  copy=0.854  A(t)=1397  sim=48.2s
epoch   25750  HO=0.9076  meanSteps=   128.4  copy=0.834  A(t)=1397  sim=48.3s
epoch   25800  HO=0.9125  meanSteps=   128.2  copy=0.826  A(t)=1397  sim=48.4s
epoch   25850  HO=0.9061  meanSteps=   128.4  copy=0.846  A(t)=1397  sim=48.5s
epoch   25900  HO=0.9359  meanSteps=   128.0  copy=0.830  A(t)=1397  sim=48.6s
epoch   25950  HO=0.9114  meanSteps=   128.3  copy=0.817  A(t)=1397  sim=48.6s
epoch   26000  HO=0.9328  meanSteps=   128.3  copy=0.806  A(t)=1398  sim=48.7s
epoch   26050  HO=0.9165  meanSteps=   136.0  copy=0.786  A(t)=1398  sim=48.8s
epoch   26100  HO=0.9995  meanSteps=   131.7  copy=0.794  A(t)=1402  sim=48.9s
epoch   26150  HO=0.9503  meanSteps=   128.7  copy=0.799  A(t)=1406  sim=48.9s
epoch   26200  HO=0.9843  meanSteps=   128.4  copy=0.794  A(t)=1411  sim=49.0s
epoch   26250  HO=0.9656  meanSteps=   128.1  copy=0.790  A(t)=1411  sim=49.1s
epoch   26300  HO=0.9526  meanSteps=   128.1  copy=0.794  A(t)=1414  sim=49.2s
epoch   26350  HO=0.9650  meanSteps=   128.3  copy=0.804  A(t)=1423  sim=49.3s
epoch   26400  HO=0.9014  meanSteps=   129.0  copy=0.816  A(t)=1423  sim=49.3s
epoch   26450  HO=0.9654  meanSteps=   128.1  copy=0.807  A(t)=1424  sim=49.4s
epoch   26500  HO=0.9367  meanSteps=   128.2  copy=0.804  A(t)=1424  sim=49.5s
epoch   26550  HO=0.9791  meanSteps=   128.2  copy=0.805  A(t)=1426  sim=49.6s
epoch   26600  HO=0.9920  meanSteps=   141.7  copy=0.806  A(t)=1426  sim=49.7s
epoch   26650  HO=0.9756  meanSteps=   146.5  copy=0.793  A(t)=1426  sim=49.8s
epoch   26700  HO=0.9295  meanSteps=   143.3  copy=0.792  A(t)=1426  sim=49.8s
epoch   26750  HO=0.9653  meanSteps=   145.1  copy=0.775  A(t)=1429  sim=49.9s
epoch   26800  HO=0.9530  meanSteps=   145.1  copy=0.777  A(t)=1429  sim=50.0s
epoch   26850  HO=0.9168  meanSteps=   141.2  copy=0.784  A(t)=1429  sim=50.1s
epoch   26900  HO=0.9630  meanSteps=   127.8  copy=0.773  A(t)=1433  sim=50.2s
epoch   26950  HO=0.9400  meanSteps=   127.7  copy=0.759  A(t)=1433  sim=50.2s
epoch   27000  HO=0.8876  meanSteps=   140.0  copy=0.756  A(t)=1437  sim=50.3s
epoch   27050  HO=0.9540  meanSteps=   165.2  copy=0.774  A(t)=1439  sim=50.4s
epoch   27100  HO=0.9277  meanSteps=   169.6  copy=0.776  A(t)=1440  sim=50.5s
epoch   27150  HO=0.9454  meanSteps=   165.2  copy=0.771  A(t)=1445  sim=50.6s
epoch   27200  HO=0.9554  meanSteps=   153.0  copy=0.776  A(t)=1447  sim=50.7s
epoch   27250  HO=0.8916  meanSteps=   151.7  copy=0.795  A(t)=1451  sim=50.7s
epoch   27300  HO=0.8583  meanSteps=   151.2  copy=0.803  A(t)=1456  sim=50.8s
epoch   27350  HO=0.8705  meanSteps=   153.3  copy=0.806  A(t)=1457  sim=50.9s
epoch   27400  HO=0.8750  meanSteps=   155.7  copy=0.785  A(t)=1458  sim=51.0s
epoch   27450  HO=0.8724  meanSteps=   167.9  copy=0.794  A(t)=1463  sim=51.1s
epoch   27500  HO=0.9142  meanSteps=   149.9  copy=0.793  A(t)=1465  sim=51.1s
epoch   27550  HO=0.9245  meanSteps=   151.6  copy=0.787  A(t)=1467  sim=51.2s
epoch   27600  HO=0.8974  meanSteps=   155.0  copy=0.796  A(t)=1468  sim=51.3s
epoch   27650  HO=0.8948  meanSteps=   145.8  copy=0.801  A(t)=1474  sim=51.4s
epoch   27700  HO=0.9632  meanSteps=   146.0  copy=0.800  A(t)=1474  sim=51.5s
epoch   27750  HO=0.9359  meanSteps=   154.9  copy=0.790  A(t)=1475  sim=51.6s
epoch   27800  HO=0.9722  meanSteps=   161.8  copy=0.797  A(t)=1475  sim=51.6s
epoch   27850  HO=0.9184  meanSteps=   147.1  copy=0.806  A(t)=1476  sim=51.7s
epoch   27900  HO=0.9501  meanSteps=   152.8  copy=0.784  A(t)=1476  sim=51.8s
epoch   27950  HO=0.9123  meanSteps=   163.0  copy=0.787  A(t)=1478  sim=51.9s
epoch   28000  HO=0.8843  meanSteps=   174.1  copy=0.765  A(t)=1478  sim=52.0s
epoch   28050  HO=0.9124  meanSteps=   175.9  copy=0.740  A(t)=1478  sim=52.1s
epoch   28100  HO=0.9287  meanSteps=   179.5  copy=0.743  A(t)=1478  sim=52.2s
epoch   28150  HO=0.9456  meanSteps=   176.5  copy=0.756  A(t)=1478  sim=52.2s
epoch   28200  HO=0.9832  meanSteps=   171.5  copy=0.761  A(t)=1480  sim=52.3s
epoch   28250  HO=1.0003  meanSteps=   191.1  copy=0.772  A(t)=1483  sim=52.4s
epoch   28300  HO=0.9644  meanSteps=   162.0  copy=0.776  A(t)=1485  sim=52.5s
epoch   28350  HO=0.9544  meanSteps=   146.0  copy=0.764  A(t)=1485  sim=52.6s
epoch   28400  HO=0.9756  meanSteps=   158.3  copy=0.766  A(t)=1485  sim=52.7s
epoch   28450  HO=0.9602  meanSteps=   160.8  copy=0.790  A(t)=1490  sim=52.8s
epoch   28500  HO=1.0139  meanSteps=   168.4  copy=0.789  A(t)=1490  sim=52.9s
epoch   28550  HO=0.9962  meanSteps=   163.8  copy=0.763  A(t)=1490  sim=52.9s
epoch   28600  HO=1.0051  meanSteps=   163.2  copy=0.758  A(t)=1490  sim=53.0s
epoch   28650  HO=0.9758  meanSteps=   174.1  copy=0.765  A(t)=1490  sim=53.1s
epoch   28700  HO=0.9461  meanSteps=   168.6  copy=0.762  A(t)=1490  sim=53.2s
epoch   28750  HO=0.9743  meanSteps=   166.1  copy=0.774  A(t)=1490  sim=53.3s
epoch   28800  HO=1.0051  meanSteps=   156.9  copy=0.782  A(t)=1491  sim=53.4s
epoch   28850  HO=1.0149  meanSteps=   182.1  copy=0.797  A(t)=1491  sim=53.5s
epoch   28900  HO=0.9973  meanSteps=   194.2  copy=0.804  A(t)=1492  sim=53.6s
epoch   28950  HO=0.9763  meanSteps=   184.2  copy=0.791  A(t)=1494  sim=53.6s
epoch   29000  HO=0.9923  meanSteps=   178.9  copy=0.793  A(t)=1496  sim=53.7s
epoch   29050  HO=0.9631  meanSteps=   170.7  copy=0.806  A(t)=1497  sim=53.8s
epoch   29100  HO=0.9157  meanSteps=   161.4  copy=0.820  A(t)=1497  sim=53.9s
epoch   29150  HO=0.9515  meanSteps=   158.7  copy=0.822  A(t)=1497  sim=54.0s
epoch   29200  HO=0.9708  meanSteps=   159.5  copy=0.813  A(t)=1497  sim=54.1s
epoch   29250  HO=0.9500  meanSteps=   159.6  copy=0.816  A(t)=1497  sim=54.2s
epoch   29300  HO=0.9440  meanSteps=   166.9  copy=0.834  A(t)=1497  sim=54.3s
epoch   29350  HO=0.9133  meanSteps=   178.8  copy=0.834  A(t)=1498  sim=54.4s
epoch   29400  HO=0.8733  meanSteps=   166.6  copy=0.837  A(t)=1498  sim=54.4s
epoch   29450  HO=0.9192  meanSteps=   152.8  copy=0.823  A(t)=1509  sim=54.5s
epoch   29500  HO=0.9511  meanSteps=   142.5  copy=0.809  A(t)=1510  sim=54.6s
epoch   29550  HO=0.8711  meanSteps=   146.4  copy=0.794  A(t)=1510  sim=54.7s
epoch   29600  HO=0.9037  meanSteps=   140.8  copy=0.809  A(t)=1510  sim=54.8s
epoch   29650  HO=0.9100  meanSteps=   128.0  copy=0.811  A(t)=1514  sim=54.8s
epoch   29700  HO=0.9493  meanSteps=   127.9  copy=0.793  A(t)=1517  sim=54.9s
epoch   29750  HO=0.9398  meanSteps=   127.2  copy=0.796  A(t)=1521  sim=55.0s
epoch   29800  HO=0.9110  meanSteps=   148.0  copy=0.803  A(t)=1523  sim=55.1s
epoch   29850  HO=0.8719  meanSteps=   156.7  copy=0.804  A(t)=1523  sim=55.2s
epoch   29900  HO=0.9390  meanSteps=   159.0  copy=0.812  A(t)=1525  sim=55.3s
epoch   29950  HO=0.8973  meanSteps=   159.7  copy=0.812  A(t)=1525  sim=55.3s
epoch   30000  HO=0.9435  meanSteps=   150.2  copy=0.818  A(t)=1525  sim=55.4s
epoch   30050  HO=0.8898  meanSteps=   142.3  copy=0.812  A(t)=1529  sim=55.5s
epoch   30100  HO=0.9105  meanSteps=   146.1  copy=0.834  A(t)=1533  sim=55.6s
epoch   30150  HO=0.9080  meanSteps=   127.4  copy=0.822  A(t)=1533  sim=55.7s
epoch   30200  HO=0.9501  meanSteps=   127.6  copy=0.821  A(t)=1533  sim=55.7s
epoch   30250  HO=0.9138  meanSteps=   135.9  copy=0.819  A(t)=1533  sim=55.8s
epoch   30300  HO=0.9520  meanSteps=   144.5  copy=0.778  A(t)=1539  sim=55.9s
epoch   30350  HO=0.9991  meanSteps=   143.0  copy=0.775  A(t)=1541  sim=56.0s
epoch   30400  HO=0.9639  meanSteps=   136.4  copy=0.767  A(t)=1541  sim=56.1s
epoch   30450  HO=0.9398  meanSteps=   128.0  copy=0.752  A(t)=1541  sim=56.2s
epoch   30500  HO=0.9780  meanSteps=   128.6  copy=0.765  A(t)=1541  sim=56.2s
epoch   30550  HO=0.9156  meanSteps=   150.5  copy=0.759  A(t)=1542  sim=56.3s
epoch   30600  HO=0.8978  meanSteps=   154.7  copy=0.759  A(t)=1542  sim=56.4s
epoch   30650  HO=0.9364  meanSteps=   128.5  copy=0.737  A(t)=1542  sim=56.5s
epoch   30700  HO=0.9380  meanSteps=   130.9  copy=0.744  A(t)=1542  sim=56.6s
epoch   30750  HO=0.9473  meanSteps=   127.9  copy=0.748  A(t)=1542  sim=56.6s
epoch   30800  HO=0.8740  meanSteps=   130.0  copy=0.745  A(t)=1543  sim=56.7s
epoch   30850  HO=0.8861  meanSteps=   141.6  copy=0.744  A(t)=1550  sim=56.8s
epoch   30900  HO=0.8823  meanSteps=   140.4  copy=0.749  A(t)=1554  sim=56.9s
epoch   30950  HO=0.9358  meanSteps=   130.0  copy=0.748  A(t)=1562  sim=57.0s
epoch   31000  HO=0.9204  meanSteps=   140.1  copy=0.753  A(t)=1574  sim=57.0s
epoch   31050  HO=0.9171  meanSteps=   146.7  copy=0.773  A(t)=1574  sim=57.1s
epoch   31100  HO=0.9644  meanSteps=   151.6  copy=0.783  A(t)=1578  sim=57.2s
epoch   31150  HO=0.9671  meanSteps=   147.4  copy=0.785  A(t)=1578  sim=57.3s
epoch   31200  HO=1.0061  meanSteps=   147.1  copy=0.784  A(t)=1578  sim=57.4s
epoch   31250  HO=0.9578  meanSteps=   140.3  copy=0.781  A(t)=1580  sim=57.5s
epoch   31300  HO=0.9676  meanSteps=   145.7  copy=0.796  A(t)=1581  sim=57.5s
epoch   31350  HO=1.0102  meanSteps=   146.1  copy=0.783  A(t)=1581  sim=57.6s
epoch   31400  HO=1.0216  meanSteps=   146.2  copy=0.777  A(t)=1584  sim=57.7s
epoch   31450  HO=0.9999  meanSteps=   131.3  copy=0.783  A(t)=1594  sim=57.8s
epoch   31500  HO=1.0092  meanSteps=   138.8  copy=0.775  A(t)=1594  sim=57.9s
epoch   31550  HO=1.0543  meanSteps=   133.4  copy=0.769  A(t)=1598  sim=58.0s
epoch   31600  HO=1.0573  meanSteps=   136.3  copy=0.765  A(t)=1602  sim=58.0s
epoch   31650  HO=1.0014  meanSteps=   139.1  copy=0.792  A(t)=1605  sim=58.1s
epoch   31700  HO=0.9443  meanSteps=   127.9  copy=0.808  A(t)=1605  sim=58.2s
epoch   31750  HO=1.0054  meanSteps=   151.1  copy=0.819  A(t)=1605  sim=58.3s
epoch   31800  HO=0.9807  meanSteps=   161.6  copy=0.803  A(t)=1605  sim=58.4s
epoch   31850  HO=1.0036  meanSteps=   160.3  copy=0.812  A(t)=1605  sim=58.4s
epoch   31900  HO=0.9597  meanSteps=   158.1  copy=0.821  A(t)=1608  sim=58.5s
epoch   31950  HO=0.9361  meanSteps=   160.1  copy=0.829  A(t)=1608  sim=58.6s
epoch   32000  HO=0.9220  meanSteps=   162.2  copy=0.807  A(t)=1609  sim=58.7s
epoch   32050  HO=0.9626  meanSteps=   160.0  copy=0.800  A(t)=1610  sim=58.8s
epoch   32100  HO=0.9594  meanSteps=   164.9  copy=0.789  A(t)=1612  sim=58.9s
epoch   32150  HO=0.9320  meanSteps=   158.7  copy=0.776  A(t)=1615  sim=59.0s
epoch   32200  HO=0.9380  meanSteps=   158.1  copy=0.789  A(t)=1615  sim=59.0s
epoch   32250  HO=0.8611  meanSteps=   149.8  copy=0.775  A(t)=1615  sim=59.1s
epoch   32300  HO=0.8995  meanSteps=   144.4  copy=0.786  A(t)=1617  sim=59.2s
epoch   32350  HO=0.9361  meanSteps=   170.7  copy=0.800  A(t)=1618  sim=59.3s
epoch   32400  HO=0.9462  meanSteps=   177.0  copy=0.799  A(t)=1625  sim=59.4s
epoch   32450  HO=0.9574  meanSteps=   160.3  copy=0.811  A(t)=1626  sim=59.5s
epoch   32500  HO=0.8963  meanSteps=   163.0  copy=0.808  A(t)=1626  sim=59.5s
epoch   32550  HO=0.8717  meanSteps=   134.7  copy=0.785  A(t)=1626  sim=59.6s
epoch   32600  HO=0.9169  meanSteps=   128.7  copy=0.780  A(t)=1626  sim=59.7s
epoch   32650  HO=0.9802  meanSteps=   128.2  copy=0.787  A(t)=1629  sim=59.8s
epoch   32700  HO=0.9960  meanSteps=   130.0  copy=0.782  A(t)=1629  sim=59.9s
epoch   32750  HO=0.9481  meanSteps=   143.7  copy=0.773  A(t)=1629  sim=59.9s
epoch   32800  HO=0.9231  meanSteps=   147.4  copy=0.786  A(t)=1635  sim=60.0s
epoch   32850  HO=0.9409  meanSteps=   137.6  copy=0.787  A(t)=1640  sim=60.1s
epoch   32900  HO=0.9170  meanSteps=   127.8  copy=0.787  A(t)=1640  sim=60.2s
epoch   32950  HO=0.9377  meanSteps=   128.0  copy=0.782  A(t)=1640  sim=60.3s
epoch   33000  HO=0.9270  meanSteps=   128.1  copy=0.776  A(t)=1640  sim=60.3s
epoch   33050  HO=0.9908  meanSteps=   142.0  copy=0.789  A(t)=1640  sim=60.4s
epoch   33100  HO=0.9712  meanSteps=   143.8  copy=0.801  A(t)=1650  sim=60.5s
epoch   33150  HO=1.0449  meanSteps=   144.3  copy=0.803  A(t)=1650  sim=60.6s
epoch   33200  HO=1.0208  meanSteps=   140.8  copy=0.784  A(t)=1650  sim=60.7s
epoch   33250  HO=1.0340  meanSteps=   128.0  copy=0.794  A(t)=1650  sim=60.8s
epoch   33300  HO=0.9917  meanSteps=   128.8  copy=0.807  A(t)=1651  sim=60.8s
epoch   33350  HO=0.9689  meanSteps=   140.1  copy=0.803  A(t)=1652  sim=60.9s
epoch   33400  HO=0.9549  meanSteps=   128.5  copy=0.802  A(t)=1655  sim=61.0s
epoch   33450  HO=1.0069  meanSteps=   137.4  copy=0.806  A(t)=1658  sim=61.1s
epoch   33500  HO=0.9981  meanSteps=   143.6  copy=0.806  A(t)=1659  sim=61.2s
epoch   33550  HO=0.9539  meanSteps=   145.4  copy=0.800  A(t)=1660  sim=61.2s
epoch   33600  HO=0.9032  meanSteps=   156.6  copy=0.789  A(t)=1660  sim=61.3s
epoch   33650  HO=0.9123  meanSteps=   143.7  copy=0.778  A(t)=1664  sim=61.4s
epoch   33700  HO=0.9348  meanSteps=   142.5  copy=0.771  A(t)=1664  sim=61.5s
epoch   33750  HO=0.9043  meanSteps=   142.6  copy=0.769  A(t)=1665  sim=61.6s
epoch   33800  HO=0.9121  meanSteps=   145.3  copy=0.763  A(t)=1667  sim=61.7s
epoch   33850  HO=0.8984  meanSteps=   145.4  copy=0.760  A(t)=1670  sim=61.7s
epoch   33900  HO=0.8602  meanSteps=   163.6  copy=0.762  A(t)=1670  sim=61.8s
epoch   33950  HO=0.8756  meanSteps=   167.0  copy=0.742  A(t)=1672  sim=61.9s
epoch   34000  HO=0.8383  meanSteps=   159.2  copy=0.738  A(t)=1672  sim=62.0s
epoch   34050  HO=0.8717  meanSteps=   167.8  copy=0.756  A(t)=1672  sim=62.1s
epoch   34100  HO=0.8815  meanSteps=   165.8  copy=0.745  A(t)=1672  sim=62.2s
epoch   34150  HO=0.9307  meanSteps=   157.8  copy=0.764  A(t)=1679  sim=62.2s
epoch   34200  HO=0.9274  meanSteps=   168.4  copy=0.778  A(t)=1680  sim=62.3s
epoch   34250  HO=0.9077  meanSteps=   180.2  copy=0.776  A(t)=1682  sim=62.4s
epoch   34300  HO=0.9127  meanSteps=   172.9  copy=0.771  A(t)=1685  sim=62.5s
epoch   34350  HO=0.9179  meanSteps=   166.4  copy=0.769  A(t)=1685  sim=62.6s
epoch   34400  HO=0.8896  meanSteps=   164.5  copy=0.769  A(t)=1690  sim=62.7s
epoch   34450  HO=0.8996  meanSteps=   156.3  copy=0.772  A(t)=1694  sim=62.8s
epoch   34500  HO=0.8794  meanSteps=   164.5  copy=0.777  A(t)=1695  sim=62.8s
epoch   34550  HO=0.8153  meanSteps=   154.0  copy=0.785  A(t)=1697  sim=62.9s
epoch   34600  HO=0.8511  meanSteps=   164.3  copy=0.782  A(t)=1699  sim=63.0s
epoch   34650  HO=0.8478  meanSteps=   140.4  copy=0.785  A(t)=1704  sim=63.1s
epoch   34700  HO=0.8799  meanSteps=   152.2  copy=0.792  A(t)=1707  sim=63.2s
epoch   34750  HO=0.8972  meanSteps=   142.0  copy=0.793  A(t)=1707  sim=63.3s
epoch   34800  HO=0.8459  meanSteps=   148.0  copy=0.784  A(t)=1710  sim=63.3s
epoch   34850  HO=0.9003  meanSteps=   147.3  copy=0.781  A(t)=1718  sim=63.4s
epoch   34900  HO=0.9651  meanSteps=   159.6  copy=0.777  A(t)=1719  sim=63.5s
epoch   34950  HO=0.9411  meanSteps=   155.0  copy=0.767  A(t)=1723  sim=63.6s
epoch   35000  HO=0.9024  meanSteps=   157.5  copy=0.786  A(t)=1724  sim=63.7s
epoch   35050  HO=0.8736  meanSteps=   161.4  copy=0.784  A(t)=1725  sim=63.8s
epoch   35100  HO=0.8656  meanSteps=   151.8  copy=0.799  A(t)=1731  sim=63.9s
epoch   35150  HO=0.8979  meanSteps=   153.4  copy=0.791  A(t)=1739  sim=63.9s
epoch   35200  HO=0.9022  meanSteps=   167.4  copy=0.781  A(t)=1746  sim=64.0s
epoch   35250  HO=0.9134  meanSteps=   177.6  copy=0.784  A(t)=1750  sim=64.1s
epoch   35300  HO=0.8979  meanSteps=   171.2  copy=0.790  A(t)=1751  sim=64.2s
epoch   35350  HO=0.8942  meanSteps=   178.9  copy=0.783  A(t)=1751  sim=64.3s
epoch   35400  HO=0.9218  meanSteps=   188.7  copy=0.783  A(t)=1753  sim=64.4s
epoch   35450  HO=0.9035  meanSteps=   198.9  copy=0.782  A(t)=1754  sim=64.5s
epoch   35500  HO=0.9024  meanSteps=   201.5  copy=0.776  A(t)=1755  sim=64.6s
epoch   35550  HO=0.9234  meanSteps=   195.7  copy=0.778  A(t)=1755  sim=64.7s
epoch   35600  HO=0.9272  meanSteps=   176.0  copy=0.760  A(t)=1755  sim=64.8s
epoch   35650  HO=0.9071  meanSteps=   183.4  copy=0.745  A(t)=1755  sim=64.9s
epoch   35700  HO=0.8784  meanSteps=   198.5  copy=0.754  A(t)=1758  sim=65.0s
epoch   35750  HO=0.8724  meanSteps=   179.5  copy=0.757  A(t)=1767  sim=65.0s
epoch   35800  HO=0.9477  meanSteps=   167.4  copy=0.773  A(t)=1767  sim=65.1s
epoch   35850  HO=0.9605  meanSteps=   160.6  copy=0.771  A(t)=1767  sim=65.2s
epoch   35900  HO=0.9796  meanSteps=   161.4  copy=0.800  A(t)=1767  sim=65.3s
epoch   35950  HO=0.8900  meanSteps=   158.9  copy=0.800  A(t)=1768  sim=65.4s
epoch   36000  HO=0.8594  meanSteps=   160.0  copy=0.797  A(t)=1768  sim=65.5s
epoch   36050  HO=0.8641  meanSteps=   170.7  copy=0.794  A(t)=1768  sim=65.6s
epoch   36100  HO=0.9011  meanSteps=   163.4  copy=0.794  A(t)=1769  sim=65.6s
epoch   36150  HO=0.8873  meanSteps=   143.4  copy=0.797  A(t)=1769  sim=65.7s
epoch   36200  HO=0.8653  meanSteps=   144.5  copy=0.803  A(t)=1769  sim=65.8s
epoch   36250  HO=0.8786  meanSteps=   142.4  copy=0.818  A(t)=1769  sim=65.9s
epoch   36300  HO=0.9023  meanSteps=   129.1  copy=0.833  A(t)=1769  sim=66.0s
epoch   36350  HO=0.9020  meanSteps=   131.1  copy=0.825  A(t)=1776  sim=66.0s
epoch   36400  HO=0.8968  meanSteps=   137.6  copy=0.833  A(t)=1783  sim=66.1s
epoch   36450  HO=0.8567  meanSteps=   127.8  copy=0.831  A(t)=1783  sim=66.2s
epoch   36500  HO=0.8728  meanSteps=   128.1  copy=0.833  A(t)=1783  sim=66.3s
epoch   36550  HO=0.8542  meanSteps=   128.4  copy=0.825  A(t)=1785  sim=66.4s
epoch   36600  HO=0.8683  meanSteps=   128.6  copy=0.822  A(t)=1785  sim=66.4s
epoch   36650  HO=0.8420  meanSteps=   128.4  copy=0.801  A(t)=1785  sim=66.5s
epoch   36700  HO=0.8548  meanSteps=   128.1  copy=0.775  A(t)=1793  sim=66.6s
epoch   36750  HO=0.8247  meanSteps=   128.2  copy=0.775  A(t)=1795  sim=66.7s
epoch   36800  HO=0.7952  meanSteps=   128.1  copy=0.773  A(t)=1795  sim=66.8s
epoch   36850  HO=0.8141  meanSteps=   141.0  copy=0.774  A(t)=1799  sim=66.8s
epoch   36900  HO=0.8191  meanSteps=   131.1  copy=0.782  A(t)=1799  sim=66.9s
epoch   36950  HO=0.8535  meanSteps=   142.8  copy=0.799  A(t)=1800  sim=67.0s
epoch   37000  HO=0.7899  meanSteps=   128.7  copy=0.784  A(t)=1802  sim=67.1s
epoch   37050  HO=0.8298  meanSteps=   136.8  copy=0.792  A(t)=1802  sim=67.2s
epoch   37100  HO=0.8391  meanSteps=   132.5  copy=0.820  A(t)=1802  sim=67.2s
epoch   37150  HO=0.8361  meanSteps=   141.2  copy=0.814  A(t)=1805  sim=67.3s
epoch   37200  HO=0.8360  meanSteps=   128.1  copy=0.824  A(t)=1807  sim=67.4s
epoch   37250  HO=0.8541  meanSteps=   128.4  copy=0.823  A(t)=1807  sim=67.5s
epoch   37300  HO=0.8266  meanSteps=   129.7  copy=0.806  A(t)=1807  sim=67.6s
epoch   37350  HO=0.8341  meanSteps=   139.5  copy=0.807  A(t)=1807  sim=67.6s
epoch   37400  HO=0.8757  meanSteps=   134.3  copy=0.808  A(t)=1808  sim=67.7s
epoch   37450  HO=0.8464  meanSteps=   142.2  copy=0.799  A(t)=1812  sim=67.8s
epoch   37500  HO=0.8705  meanSteps=   141.4  copy=0.809  A(t)=1812  sim=67.9s
epoch   37550  HO=0.8120  meanSteps=   128.1  copy=0.819  A(t)=1812  sim=68.0s
epoch   37600  HO=0.8581  meanSteps=   135.5  copy=0.831  A(t)=1812  sim=68.0s
epoch   37650  HO=0.8263  meanSteps=   138.2  copy=0.835  A(t)=1812  sim=68.1s
epoch   37700  HO=0.8357  meanSteps=   149.5  copy=0.832  A(t)=1812  sim=68.2s
epoch   37750  HO=0.8235  meanSteps=   160.9  copy=0.818  A(t)=1812  sim=68.3s
epoch   37800  HO=0.8339  meanSteps=   154.6  copy=0.825  A(t)=1812  sim=68.4s
epoch   37850  HO=0.8318  meanSteps=   143.6  copy=0.820  A(t)=1819  sim=68.4s
epoch   37900  HO=0.7933  meanSteps=   143.1  copy=0.793  A(t)=1821  sim=68.5s
epoch   37950  HO=0.8600  meanSteps=   143.2  copy=0.783  A(t)=1825  sim=68.6s
epoch   38000  HO=0.8446  meanSteps=   144.9  copy=0.756  A(t)=1826  sim=68.7s
epoch   38050  HO=0.8519  meanSteps=   136.4  copy=0.768  A(t)=1829  sim=68.8s
epoch   38100  HO=0.8553  meanSteps=   127.7  copy=0.773  A(t)=1830  sim=68.8s
epoch   38150  HO=0.8107  meanSteps=   128.1  copy=0.773  A(t)=1831  sim=68.9s
epoch   38200  HO=0.7993  meanSteps=   132.8  copy=0.780  A(t)=1831  sim=69.0s
epoch   38250  HO=0.7789  meanSteps=   143.8  copy=0.765  A(t)=1837  sim=69.1s
epoch   38300  HO=0.8444  meanSteps=   144.2  copy=0.780  A(t)=1837  sim=69.2s
epoch   38350  HO=0.8654  meanSteps=   145.1  copy=0.783  A(t)=1837  sim=69.2s
epoch   38400  HO=0.8664  meanSteps=   151.2  copy=0.757  A(t)=1844  sim=69.3s
epoch   38450  HO=0.8391  meanSteps=   164.3  copy=0.763  A(t)=1847  sim=69.4s
epoch   38500  HO=0.8896  meanSteps=   158.7  copy=0.780  A(t)=1849  sim=69.5s
epoch   38550  HO=0.8704  meanSteps=   188.1  copy=0.786  A(t)=1855  sim=69.6s
epoch   38600  HO=0.8520  meanSteps=   174.4  copy=0.790  A(t)=1855  sim=69.7s
epoch   38650  HO=0.8673  meanSteps=   178.3  copy=0.811  A(t)=1855  sim=69.8s
epoch   38700  HO=0.8406  meanSteps=   135.4  copy=0.817  A(t)=1855  sim=69.8s
epoch   38750  HO=0.8381  meanSteps=   128.4  copy=0.819  A(t)=1855  sim=69.9s
epoch   38800  HO=0.9072  meanSteps=   128.2  copy=0.800  A(t)=1855  sim=70.0s
epoch   38850  HO=0.8581  meanSteps=   128.3  copy=0.797  A(t)=1862  sim=70.1s
epoch   38900  HO=0.8904  meanSteps=   134.9  copy=0.786  A(t)=1869  sim=70.2s
epoch   38950  HO=0.8977  meanSteps=   128.2  copy=0.791  A(t)=1873  sim=70.2s
epoch   39000  HO=0.8526  meanSteps=   128.3  copy=0.793  A(t)=1878  sim=70.3s
epoch   39050  HO=0.8537  meanSteps=   128.4  copy=0.802  A(t)=1878  sim=70.4s
epoch   39100  HO=0.8661  meanSteps=   128.1  copy=0.793  A(t)=1879  sim=70.5s
epoch   39150  HO=0.9130  meanSteps=   128.3  copy=0.795  A(t)=1883  sim=70.5s
epoch   39200  HO=0.8780  meanSteps=   128.3  copy=0.799  A(t)=1883  sim=70.6s
epoch   39250  HO=0.9097  meanSteps=   128.4  copy=0.794  A(t)=1883  sim=70.7s
epoch   39300  HO=0.8674  meanSteps=   128.3  copy=0.813  A(t)=1885  sim=70.8s
epoch   39350  HO=0.8139  meanSteps=   128.5  copy=0.805  A(t)=1887  sim=70.9s
epoch   39400  HO=0.8443  meanSteps=   128.6  copy=0.780  A(t)=1892  sim=71.0s
epoch   39450  HO=0.8691  meanSteps=   128.7  copy=0.781  A(t)=1895  sim=71.0s
epoch   39500  HO=0.8611  meanSteps=   128.9  copy=0.777  A(t)=1899  sim=71.1s
epoch   39550  HO=0.9304  meanSteps=   128.6  copy=0.794  A(t)=1899  sim=71.2s
epoch   39600  HO=0.9236  meanSteps=   137.5  copy=0.784  A(t)=1902  sim=71.3s
epoch   39650  HO=0.8880  meanSteps=   129.5  copy=0.801  A(t)=1904  sim=71.4s
epoch   39700  HO=0.8868  meanSteps=   128.2  copy=0.791  A(t)=1904  sim=71.4s
epoch   39750  HO=0.8879  meanSteps=   128.2  copy=0.775  A(t)=1906  sim=71.5s
epoch   39800  HO=0.9315  meanSteps=   128.2  copy=0.770  A(t)=1906  sim=71.6s
epoch   39850  HO=0.9493  meanSteps=   129.9  copy=0.789  A(t)=1912  sim=71.7s
epoch   39900  HO=0.9484  meanSteps=   130.0  copy=0.790  A(t)=1912  sim=71.8s
epoch   39950  HO=0.9177  meanSteps=   133.1  copy=0.779  A(t)=1917  sim=71.8s
epoch   40000  HO=0.9504  meanSteps=   132.9  copy=0.751  A(t)=1918  sim=71.9s
epoch   40050  HO=0.9320  meanSteps=   129.2  copy=0.761  A(t)=1918  sim=72.0s
epoch   40100  HO=0.9271  meanSteps=   130.3  copy=0.762  A(t)=1924  sim=72.1s
epoch   40150  HO=0.9139  meanSteps=   129.0  copy=0.770  A(t)=1924  sim=72.2s
epoch   40200  HO=0.9115  meanSteps=   129.7  copy=0.749  A(t)=1932  sim=72.3s
epoch   40250  HO=0.8793  meanSteps=   129.9  copy=0.762  A(t)=1934  sim=72.3s
epoch   40300  HO=0.9169  meanSteps=   144.1  copy=0.770  A(t)=1935  sim=72.4s
epoch   40350  HO=0.9115  meanSteps=   162.3  copy=0.759  A(t)=1936  sim=72.5s
epoch   40400  HO=0.9431  meanSteps=   164.2  copy=0.759  A(t)=1937  sim=72.6s
epoch   40450  HO=0.8827  meanSteps=   160.7  copy=0.769  A(t)=1937  sim=72.7s
epoch   40500  HO=0.8859  meanSteps=   158.8  copy=0.779  A(t)=1937  sim=72.8s
epoch   40550  HO=0.9225  meanSteps=   145.4  copy=0.807  A(t)=1937  sim=72.9s
epoch   40600  HO=0.9526  meanSteps=   141.0  copy=0.815  A(t)=1937  sim=72.9s
epoch   40650  HO=0.9834  meanSteps=   143.1  copy=0.825  A(t)=1938  sim=73.0s
epoch   40700  HO=0.9182  meanSteps=   135.6  copy=0.828  A(t)=1938  sim=73.1s
epoch   40750  HO=0.8738  meanSteps=   127.6  copy=0.830  A(t)=1940  sim=73.2s
epoch   40800  HO=0.9044  meanSteps=   127.5  copy=0.807  A(t)=1945  sim=73.3s
epoch   40850  HO=0.8723  meanSteps=   129.5  copy=0.801  A(t)=1945  sim=73.3s
epoch   40900  HO=0.8550  meanSteps=   128.3  copy=0.802  A(t)=1946  sim=73.4s
epoch   40950  HO=0.8590  meanSteps=   128.4  copy=0.812  A(t)=1946  sim=73.5s
epoch   41000  HO=0.8845  meanSteps=   128.3  copy=0.806  A(t)=1946  sim=73.6s
epoch   41050  HO=0.9350  meanSteps=   128.4  copy=0.808  A(t)=1946  sim=73.7s
epoch   41100  HO=0.9292  meanSteps=   128.2  copy=0.819  A(t)=1946  sim=73.8s
epoch   41150  HO=0.9463  meanSteps=   128.5  copy=0.813  A(t)=1949  sim=73.9s
epoch   41200  HO=0.9008  meanSteps=   129.3  copy=0.808  A(t)=1949  sim=73.9s
epoch   41250  HO=0.8883  meanSteps=   137.0  copy=0.809  A(t)=1949  sim=74.0s
epoch   41300  HO=0.8655  meanSteps=   143.6  copy=0.801  A(t)=1956  sim=74.1s
epoch   41350  HO=0.9044  meanSteps=   145.6  copy=0.802  A(t)=1956  sim=74.2s
epoch   41400  HO=0.9040  meanSteps=   156.3  copy=0.795  A(t)=1957  sim=74.3s
epoch   41450  HO=0.9436  meanSteps=   151.2  copy=0.796  A(t)=1957  sim=74.3s
epoch   41500  HO=0.9331  meanSteps=   156.0  copy=0.783  A(t)=1957  sim=74.4s
epoch   41550  HO=0.9179  meanSteps=   169.7  copy=0.777  A(t)=1957  sim=74.5s
epoch   41600  HO=0.8950  meanSteps=   168.9  copy=0.770  A(t)=1957  sim=74.6s
epoch   41650  HO=0.8439  meanSteps=   162.8  copy=0.770  A(t)=1967  sim=74.7s
epoch   41700  HO=0.8696  meanSteps=   154.6  copy=0.747  A(t)=1972  sim=74.8s
epoch   41750  HO=0.8698  meanSteps=   140.9  copy=0.760  A(t)=1972  sim=74.8s
epoch   41800  HO=0.8510  meanSteps=   144.4  copy=0.774  A(t)=1972  sim=74.9s
epoch   41850  HO=0.8725  meanSteps=   136.9  copy=0.786  A(t)=1973  sim=75.0s
epoch   41900  HO=0.8464  meanSteps=   141.1  copy=0.799  A(t)=1982  sim=75.1s
epoch   41950  HO=0.8401  meanSteps=   145.5  copy=0.792  A(t)=1986  sim=75.2s
epoch   42000  HO=0.8436  meanSteps=   140.9  copy=0.780  A(t)=1987  sim=75.3s
epoch   42050  HO=0.8607  meanSteps=   135.0  copy=0.780  A(t)=1989  sim=75.3s
epoch   42100  HO=0.9199  meanSteps=   135.0  copy=0.787  A(t)=1990  sim=75.4s
epoch   42150  HO=0.9001  meanSteps=   147.4  copy=0.787  A(t)=1990  sim=75.5s
epoch   42200  HO=0.8969  meanSteps=   135.8  copy=0.791  A(t)=1990  sim=75.6s
epoch   42250  HO=0.8606  meanSteps=   136.3  copy=0.788  A(t)=1990  sim=75.7s
epoch   42300  HO=0.9010  meanSteps=   139.0  copy=0.791  A(t)=1993  sim=75.7s
epoch   42350  HO=0.9290  meanSteps=   142.0  copy=0.771  A(t)=1996  sim=75.8s
epoch   42400  HO=0.9118  meanSteps=   153.1  copy=0.744  A(t)=1996  sim=75.9s
epoch   42450  HO=0.8680  meanSteps=   156.2  copy=0.762  A(t)=1996  sim=76.0s
epoch   42500  HO=0.8530  meanSteps=   150.1  copy=0.777  A(t)=2003  sim=76.1s
epoch   42550  HO=0.8868  meanSteps=   141.0  copy=0.789  A(t)=2008  sim=76.2s
epoch   42600  HO=0.8887  meanSteps=   138.8  copy=0.797  A(t)=2008  sim=76.2s
epoch   42650  HO=0.8976  meanSteps=   137.3  copy=0.808  A(t)=2008  sim=76.3s
epoch   42700  HO=0.8883  meanSteps=   128.1  copy=0.794  A(t)=2008  sim=76.4s
epoch   42750  HO=0.9154  meanSteps=   127.4  copy=0.799  A(t)=2008  sim=76.5s
epoch   42800  HO=0.9261  meanSteps=   127.9  copy=0.802  A(t)=2008  sim=76.5s
epoch   42850  HO=0.8869  meanSteps=   138.8  copy=0.790  A(t)=2008  sim=76.6s
epoch   42900  HO=0.8964  meanSteps=   142.7  copy=0.789  A(t)=2008  sim=76.7s
epoch   42950  HO=0.8752  meanSteps=   146.0  copy=0.788  A(t)=2008  sim=76.8s
epoch   43000  HO=0.8824  meanSteps=   144.9  copy=0.792  A(t)=2009  sim=76.9s
epoch   43050  HO=0.8829  meanSteps=   144.6  copy=0.803  A(t)=2009  sim=77.0s
epoch   43100  HO=0.8824  meanSteps=   146.4  copy=0.774  A(t)=2009  sim=77.0s
epoch   43150  HO=0.9054  meanSteps=   127.7  copy=0.770  A(t)=2009  sim=77.1s
epoch   43200  HO=0.9103  meanSteps=   127.2  copy=0.770  A(t)=2012  sim=77.2s
epoch   43250  HO=0.9026  meanSteps=   131.7  copy=0.765  A(t)=2012  sim=77.3s
epoch   43300  HO=0.9463  meanSteps=   131.8  copy=0.775  A(t)=2012  sim=77.4s
epoch   43350  HO=0.9182  meanSteps=   146.1  copy=0.773  A(t)=2012  sim=77.4s
epoch   43400  HO=0.9368  meanSteps=   143.1  copy=0.779  A(t)=2013  sim=77.5s
epoch   43450  HO=0.9708  meanSteps=   132.6  copy=0.782  A(t)=2015  sim=77.6s
epoch   43500  HO=0.9528  meanSteps=   158.1  copy=0.766  A(t)=2017  sim=77.7s
epoch   43550  HO=0.9344  meanSteps=   165.1  copy=0.765  A(t)=2019  sim=77.8s
epoch   43600  HO=0.9050  meanSteps=   156.1  copy=0.761  A(t)=2027  sim=77.9s
epoch   43650  HO=0.9503  meanSteps=   140.6  copy=0.783  A(t)=2027  sim=77.9s
epoch   43700  HO=0.9298  meanSteps=   143.9  copy=0.795  A(t)=2027  sim=78.0s
epoch   43750  HO=0.9445  meanSteps=   152.2  copy=0.801  A(t)=2028  sim=78.1s
epoch   43800  HO=0.9141  meanSteps=   155.7  copy=0.823  A(t)=2028  sim=78.2s
epoch   43850  HO=0.8926  meanSteps=   145.2  copy=0.835  A(t)=2028  sim=78.3s
epoch   43900  HO=0.8986  meanSteps=   146.7  copy=0.814  A(t)=2028  sim=78.3s
epoch   43950  HO=0.8780  meanSteps=   142.9  copy=0.810  A(t)=2028  sim=78.4s
epoch   44000  HO=0.8777  meanSteps=   146.8  copy=0.810  A(t)=2028  sim=78.5s
epoch   44050  HO=0.8462  meanSteps=   144.1  copy=0.790  A(t)=2029  sim=78.6s
epoch   44100  HO=0.7854  meanSteps=   145.4  copy=0.770  A(t)=2030  sim=78.7s
epoch   44150  HO=0.7807  meanSteps=   144.8  copy=0.786  A(t)=2032  sim=78.7s
epoch   44200  HO=0.8208  meanSteps=   143.8  copy=0.772  A(t)=2034  sim=78.8s
epoch   44250  HO=0.8067  meanSteps=   165.3  copy=0.766  A(t)=2034  sim=78.9s
epoch   44300  HO=0.8630  meanSteps=   152.1  copy=0.779  A(t)=2034  sim=79.0s
epoch   44350  HO=0.8617  meanSteps=   167.6  copy=0.789  A(t)=2034  sim=79.1s
epoch   44400  HO=0.8476  meanSteps=   161.2  copy=0.797  A(t)=2034  sim=79.2s
epoch   44450  HO=0.7748  meanSteps=   163.2  copy=0.788  A(t)=2037  sim=79.2s
epoch   44500  HO=0.8458  meanSteps=   182.4  copy=0.791  A(t)=2037  sim=79.3s
epoch   44550  HO=0.8469  meanSteps=   145.8  copy=0.786  A(t)=2037  sim=79.4s
epoch   44600  HO=0.8309  meanSteps=   129.4  copy=0.787  A(t)=2040  sim=79.5s
epoch   44650  HO=0.8827  meanSteps=   128.1  copy=0.785  A(t)=2041  sim=79.6s
epoch   44700  HO=0.8492  meanSteps=   128.0  copy=0.786  A(t)=2041  sim=79.6s
epoch   44750  HO=0.8742  meanSteps=   127.6  copy=0.755  A(t)=2047  sim=79.7s
epoch   44800  HO=0.8583  meanSteps=   127.7  copy=0.746  A(t)=2048  sim=79.8s
epoch   44850  HO=0.8755  meanSteps=   127.6  copy=0.752  A(t)=2049  sim=79.9s
epoch   44900  HO=0.8256  meanSteps=   128.5  copy=0.743  A(t)=2049  sim=80.0s
epoch   44950  HO=0.8928  meanSteps=   128.0  copy=0.753  A(t)=2050  sim=80.0s
epoch   45000  HO=0.9070  meanSteps=   127.6  copy=0.764  A(t)=2050  sim=80.1s
epoch   45050  HO=0.8866  meanSteps=   127.8  copy=0.761  A(t)=2052  sim=80.2s
epoch   45100  HO=0.8895  meanSteps=   127.7  copy=0.774  A(t)=2052  sim=80.3s
epoch   45150  HO=0.8501  meanSteps=   127.6  copy=0.776  A(t)=2053  sim=80.4s
epoch   45200  HO=0.8513  meanSteps=   142.2  copy=0.785  A(t)=2053  sim=80.4s
epoch   45250  HO=0.8567  meanSteps=   151.4  copy=0.791  A(t)=2053  sim=80.5s
epoch   45300  HO=0.8488  meanSteps=   156.0  copy=0.795  A(t)=2053  sim=80.6s
epoch   45350  HO=0.8445  meanSteps=   165.8  copy=0.794  A(t)=2053  sim=80.7s
epoch   45400  HO=0.9120  meanSteps=   177.4  copy=0.780  A(t)=2053  sim=80.8s
epoch   45450  HO=0.8896  meanSteps=   172.4  copy=0.791  A(t)=2053  sim=80.9s
epoch   45500  HO=0.8832  meanSteps=   180.5  copy=0.794  A(t)=2053  sim=80.9s
epoch   45550  HO=0.8981  meanSteps=   188.9  copy=0.794  A(t)=2053  sim=81.0s
epoch   45600  HO=0.8674  meanSteps=   177.9  copy=0.807  A(t)=2056  sim=81.1s
epoch   45650  HO=0.8980  meanSteps=   140.6  copy=0.822  A(t)=2056  sim=81.2s
epoch   45700  HO=0.8851  meanSteps=   155.2  copy=0.814  A(t)=2057  sim=81.3s
epoch   45750  HO=0.8665  meanSteps=   150.4  copy=0.802  A(t)=2057  sim=81.4s
epoch   45800  HO=0.8355  meanSteps=   147.7  copy=0.799  A(t)=2057  sim=81.4s
epoch   45850  HO=0.8282  meanSteps=   129.0  copy=0.791  A(t)=2059  sim=81.5s
epoch   45900  HO=0.8681  meanSteps=   128.4  copy=0.787  A(t)=2059  sim=81.6s
epoch   45950  HO=0.8662  meanSteps=   128.2  copy=0.786  A(t)=2059  sim=81.7s
epoch   46000  HO=0.8283  meanSteps=   132.1  copy=0.771  A(t)=2059  sim=81.8s
epoch   46050  HO=0.8219  meanSteps=   131.0  copy=0.772  A(t)=2062  sim=81.8s
epoch   46100  HO=0.7972  meanSteps=   146.0  copy=0.782  A(t)=2062  sim=81.9s
epoch   46150  HO=0.8346  meanSteps=   145.1  copy=0.776  A(t)=2062  sim=82.0s
epoch   46200  HO=0.7626  meanSteps=   143.5  copy=0.792  A(t)=2062  sim=82.1s
epoch   46250  HO=0.7870  meanSteps=   154.7  copy=0.800  A(t)=2062  sim=82.2s
epoch   46300  HO=0.7982  meanSteps=   148.4  copy=0.798  A(t)=2062  sim=82.2s
epoch   46350  HO=0.8663  meanSteps=   161.0  copy=0.796  A(t)=2064  sim=82.3s
epoch   46400  HO=0.8633  meanSteps=   177.8  copy=0.782  A(t)=2066  sim=82.4s
epoch   46450  HO=0.8492  meanSteps=   169.8  copy=0.782  A(t)=2066  sim=82.5s
epoch   46500  HO=0.8214  meanSteps=   166.1  copy=0.798  A(t)=2066  sim=82.6s
epoch   46550  HO=0.8287  meanSteps=   177.0  copy=0.784  A(t)=2066  sim=82.7s
epoch   46600  HO=0.8259  meanSteps=   200.8  copy=0.793  A(t)=2066  sim=82.8s
epoch   46650  HO=0.8835  meanSteps=   191.2  copy=0.776  A(t)=2068  sim=82.9s
epoch   46700  HO=0.8508  meanSteps=   168.1  copy=0.780  A(t)=2069  sim=82.9s
epoch   46750  HO=0.8562  meanSteps=   154.2  copy=0.780  A(t)=2074  sim=83.0s
epoch   46800  HO=0.8441  meanSteps=   154.0  copy=0.783  A(t)=2074  sim=83.1s
epoch   46850  HO=0.8475  meanSteps=   153.7  copy=0.784  A(t)=2075  sim=83.2s
epoch   46900  HO=0.8604  meanSteps=   146.6  copy=0.783  A(t)=2077  sim=83.3s
epoch   46950  HO=0.8317  meanSteps=   127.5  copy=0.778  A(t)=2081  sim=83.4s
epoch   47000  HO=0.8486  meanSteps=   129.7  copy=0.801  A(t)=2081  sim=83.4s
epoch   47050  HO=0.8683  meanSteps=   142.1  copy=0.823  A(t)=2081  sim=83.5s
epoch   47100  HO=0.8696  meanSteps=   128.5  copy=0.819  A(t)=2082  sim=83.6s
epoch   47150  HO=0.8444  meanSteps=   134.4  copy=0.818  A(t)=2086  sim=83.7s
epoch   47200  HO=0.8116  meanSteps=   127.4  copy=0.818  A(t)=2086  sim=83.8s
epoch   47250  HO=0.8630  meanSteps=   127.7  copy=0.833  A(t)=2086  sim=83.8s
epoch   47300  HO=0.8150  meanSteps=   129.7  copy=0.825  A(t)=2086  sim=83.9s
epoch   47350  HO=0.8489  meanSteps=   144.9  copy=0.822  A(t)=2086  sim=84.0s
epoch   47400  HO=0.8310  meanSteps=   130.6  copy=0.821  A(t)=2086  sim=84.1s
epoch   47450  HO=0.8653  meanSteps=   128.2  copy=0.811  A(t)=2086  sim=84.2s
epoch   47500  HO=0.8056  meanSteps=   136.7  copy=0.798  A(t)=2092  sim=84.2s
epoch   47550  HO=0.8198  meanSteps=   131.2  copy=0.793  A(t)=2093  sim=84.3s
epoch   47600  HO=0.8242  meanSteps=   128.3  copy=0.796  A(t)=2093  sim=84.4s
epoch   47650  HO=0.8429  meanSteps=   128.2  copy=0.793  A(t)=2093  sim=84.5s
epoch   47700  HO=0.8674  meanSteps=   128.0  copy=0.789  A(t)=2093  sim=84.6s
epoch   47750  HO=0.9123  meanSteps=   128.3  copy=0.800  A(t)=2093  sim=84.6s
epoch   47800  HO=0.8645  meanSteps=   128.4  copy=0.804  A(t)=2094  sim=84.7s
epoch   47850  HO=0.8648  meanSteps=   130.8  copy=0.790  A(t)=2097  sim=84.8s
epoch   47900  HO=0.8548  meanSteps=   128.3  copy=0.770  A(t)=2104  sim=84.9s
epoch   47950  HO=0.8186  meanSteps=   128.3  copy=0.773  A(t)=2104  sim=85.0s
epoch   48000  HO=0.8090  meanSteps=   127.9  copy=0.765  A(t)=2104  sim=85.0s
epoch   48050  HO=0.8291  meanSteps=   134.0  copy=0.776  A(t)=2105  sim=85.1s
epoch   48100  HO=0.8674  meanSteps=   134.5  copy=0.773  A(t)=2106  sim=85.2s
epoch   48150  HO=0.8896  meanSteps=   138.0  copy=0.765  A(t)=2106  sim=85.3s
epoch   48200  HO=0.8593  meanSteps=   170.9  copy=0.771  A(t)=2106  sim=85.4s
epoch   48250  HO=0.8829  meanSteps=   146.7  copy=0.782  A(t)=2108  sim=85.5s
epoch   48300  HO=0.8886  meanSteps=   127.8  copy=0.784  A(t)=2109  sim=85.5s
epoch   48350  HO=0.9019  meanSteps=   127.4  copy=0.784  A(t)=2117  sim=85.6s
epoch   48400  HO=0.9460  meanSteps=   126.7  copy=0.780  A(t)=2118  sim=85.7s
epoch   48450  HO=0.9259  meanSteps=   127.7  copy=0.792  A(t)=2118  sim=85.8s
epoch   48500  HO=0.9066  meanSteps=   152.6  copy=0.791  A(t)=2118  sim=85.9s
epoch   48550  HO=0.9380  meanSteps=   157.9  copy=0.781  A(t)=2119  sim=86.0s
epoch   48600  HO=0.9174  meanSteps=   141.4  copy=0.786  A(t)=2119  sim=86.1s
epoch   48650  HO=0.9126  meanSteps=   141.4  copy=0.771  A(t)=2122  sim=86.1s
epoch   48700  HO=0.9155  meanSteps=   134.9  copy=0.789  A(t)=2125  sim=86.2s
epoch   48750  HO=0.9815  meanSteps=   147.8  copy=0.780  A(t)=2126  sim=86.3s
epoch   48800  HO=0.9496  meanSteps=   158.1  copy=0.771  A(t)=2126  sim=86.4s
epoch   48850  HO=0.8798  meanSteps=   156.6  copy=0.761  A(t)=2130  sim=86.5s
epoch   48900  HO=0.8548  meanSteps=   142.3  copy=0.744  A(t)=2130  sim=86.6s
epoch   48950  HO=0.8492  meanSteps=   127.1  copy=0.718  A(t)=2135  sim=86.6s
epoch   49000  HO=0.8571  meanSteps=   127.9  copy=0.717  A(t)=2135  sim=86.7s
epoch   49050  HO=0.8753  meanSteps=   128.3  copy=0.725  A(t)=2137  sim=86.8s
epoch   49100  HO=0.8555  meanSteps=   140.9  copy=0.734  A(t)=2137  sim=86.9s
epoch   49150  HO=0.8854  meanSteps=   140.9  copy=0.733  A(t)=2138  sim=87.0s
epoch   49200  HO=0.8775  meanSteps=   142.3  copy=0.724  A(t)=2140  sim=87.1s
epoch   49250  HO=0.8443  meanSteps=   143.2  copy=0.704  A(t)=2141  sim=87.1s
epoch   49300  HO=0.8418  meanSteps=   143.7  copy=0.704  A(t)=2141  sim=87.2s
epoch   49350  HO=0.8713  meanSteps=   142.5  copy=0.705  A(t)=2141  sim=87.3s
epoch   49400  HO=0.8199  meanSteps=   145.5  copy=0.725  A(t)=2142  sim=87.4s
epoch   49450  HO=0.8337  meanSteps=   145.4  copy=0.729  A(t)=2143  sim=87.5s
epoch   49500  HO=0.8468  meanSteps=   152.6  copy=0.730  A(t)=2143  sim=87.5s
epoch   49550  HO=0.8354  meanSteps=   145.7  copy=0.731  A(t)=2147  sim=87.6s
epoch   49600  HO=0.8953  meanSteps=   146.7  copy=0.747  A(t)=2148  sim=87.7s
epoch   49650  HO=0.9054  meanSteps=   162.7  copy=0.756  A(t)=2149  sim=87.8s
epoch   49700  HO=0.8835  meanSteps=   172.0  copy=0.758  A(t)=2156  sim=87.9s
epoch   49750  HO=0.9343  meanSteps=   183.4  copy=0.774  A(t)=2156  sim=88.0s
epoch   49800  HO=0.9211  meanSteps=   195.8  copy=0.767  A(t)=2156  sim=88.1s
epoch   49850  HO=0.9497  meanSteps=   200.0  copy=0.781  A(t)=2156  sim=88.2s
epoch   49900  HO=0.8771  meanSteps=   188.4  copy=0.781  A(t)=2156  sim=88.2s
epoch   49950  HO=0.9147  meanSteps=   176.3  copy=0.797  A(t)=2163  sim=88.3s
epoch   50000  HO=0.9115  meanSteps=   179.8  copy=0.816  A(t)=2163  sim=88.4s
done: 50000 epochs in 147.4s wall (88.4s simulating), runs/ringv_indel_s2
