epoch       0  HO=-0.0034  meanSteps=     0.0  copy=0.000  A(t)=0  sim=0.0s
epoch      50  HO=-0.0054  meanSteps=  1683.1  copy=0.000  A(t)=0  sim=0.6s
epoch     100  HO=-0.0083  meanSteps=  1889.6  copy=0.000  A(t)=0  sim=1.3s
epoch     150  HO=-0.0113  meanSteps=  1923.5  copy=0.000  A(t)=0  sim=2.0s
epoch     200  HO=-0.0140  meanSteps=  1975.0  copy=0.000  A(t)=0  sim=2.6s
epoch     250  HO=-0.0169  meanSteps=  1970.0  copy=0.000  A(t)=0  sim=3.3s
epoch     300  HO=-0.0188  meanSteps=  2031.6  copy=0.000  A(t)=0  sim=4.0s
epoch     350  HO=-0.0198  meanSteps=  2076.7  copy=0.000  A(t)=0  sim=4.7s
epoch     400  HO=-0.0212  meanSteps=  2037.5  copy=0.000  A(t)=0  sim=5.5s
epoch     450  HO=-0.0211  meanSteps=  2027.6  copy=0.000  A(t)=0  sim=6.2s
epoch     500  HO=-0.0217  meanSteps=  2051.1  copy=0.000  A(t)=0  sim=6.9s
epoch     550  HO=-0.0213  meanSteps=  1988.2  copy=0.000  A(t)=0  sim=7.6s
epoch     600  HO=-0.0218  meanSteps=  2045.6  copy=0.000  A(t)=0  sim=8.1s
epoch     650  HO=-0.0226  meanSteps=  1967.4  copy=0.000  A(t)=0  sim=8.8s
epoch     700  HO=-0.0228  meanSteps=  2002.2  copy=0.000  A(t)=0  sim=9.6s
epoch     750  HO=-0.0221  meanSteps=  1991.1  copy=0.000  A(t)=0  sim=10.3s
epoch     800  HO=-0.0219  meanSteps=  2009.4  copy=0.000  A(t)=0  sim=11.0s
epoch     850  HO=-0.0222  meanSteps=  1984.3  copy=0.000  A(t)=0  sim=11.7s
epoch     900  HO=-0.0213  meanSteps=  1999.7  copy=0.000  A(t)=0  sim=12.4s
epoch     950  HO=-0.0225  meanSteps=  2006.7  copy=0.000  A(t)=0  sim=13.1s
epoch    1000  HO=-0.0222  meanSteps=  1997.4  copy=0.000  A(t)=0  sim=13.7s
epoch    1050  HO=-0.0218  meanSteps=  1994.2  copy=0.000  A(t)=0  sim=14.1s
epoch    1100  HO=-0.0219  meanSteps=  1964.6  copy=0.000  A(t)=0  sim=14.6s
epoch    1150  HO=-0.0215  meanSteps=  1951.5  copy=0.000  A(t)=0  sim=15.2s
epoch    1200  HO=-0.0215  meanSteps=  1946.9  copy=0.000  A(t)=0  sim=15.7s
epoch    1250  HO=-0.0210  meanSteps=  1984.2  copy=0.000  A(t)=0  sim=16.3s
epoch    1300  HO=-0.0217  meanSteps=  1978.5  copy=0.000  A(t)=0  sim=16.7s
epoch    1350  HO=-0.0218  meanSteps=  2007.4  copy=0.000  A(t)=0  sim=17.3s
epoch    1400  HO=-0.0220  meanSteps=  2068.0  copy=0.000  A(t)=0  sim=17.9s
epoch    1450  HO=-0.0234  meanSteps=  2071.6  copy=0.000  A(t)=0  sim=18.4s
epoch    1500  HO=-0.0241  meanSteps=  2119.7  copy=0.000  A(t)=0  sim=19.1s
epoch    1550  HO=-0.0240  meanSteps=  2074.9  copy=0.000  A(t)=0  sim=19.6s
epoch    1600  HO=-0.0237  meanSteps=  2072.9  copy=0.000  A(t)=0  sim=20.2s
epoch    1650  HO=-0.0237  meanSteps=  2119.2  copy=0.000  A(t)=0  sim=20.7s
epoch    1700  HO=-0.0234  meanSteps=  2143.6  copy=0.000  A(t)=0  sim=21.3s
epoch    1750  HO=-0.0235  meanSteps=  2146.9  copy=0.000  A(t)=0  sim=21.9s
epoch    1800  HO=-0.0228  meanSteps=  2205.9  copy=0.000  A(t)=0  sim=22.3s
epoch    1850  HO=-0.0219  meanSteps=  2219.0  copy=0.000  A(t)=0  sim=22.9s
epoch    1900  HO=-0.0220  meanSteps=  2209.7  copy=0.000  A(t)=0  sim=23.3s
epoch    1950  HO=-0.0220  meanSteps=  2248.3  copy=0.000  A(t)=0  sim=23.8s
epoch    2000  HO=-0.0218  meanSteps=  2218.0  copy=0.000  A(t)=0  sim=24.3s
epoch    2050  HO=-0.0219  meanSteps=  2202.3  copy=0.000  A(t)=0  sim=24.9s
epoch    2100  HO=-0.0213  meanSteps=  2268.1  copy=0.000  A(t)=0  sim=25.6s
epoch    2150  HO=-0.0223  meanSteps=  2179.1  copy=0.000  A(t)=0  sim=26.0s
epoch    2200  HO=-0.0231  meanSteps=  2163.3  copy=0.000  A(t)=0  sim=26.4s
epoch    2250  HO=-0.0235  meanSteps=  2157.9  copy=0.000  A(t)=0  sim=26.8s
epoch    2300  HO=-0.0232  meanSteps=  2151.4  copy=0.000  A(t)=0  sim=27.5s
epoch    2350  HO=-0.0234  meanSteps=  2127.7  copy=0.000  A(t)=0  sim=28.0s
epoch    2400  HO=-0.0228  meanSteps=  2161.7  copy=0.000  A(t)=0  sim=28.6s
epoch    2450  HO=-0.0229  meanSteps=  2214.9  copy=0.000  A(t)=0  sim=29.2s
epoch    2500  HO=-0.0231  meanSteps=  2162.4  copy=0.000  A(t)=0  sim=29.7s
epoch    2550  HO=-0.0224  meanSteps=  2163.0  copy=0.000  A(t)=0  sim=30.1s
epoch    2600  HO=-0.0224  meanSteps=  2174.1  copy=0.000  A(t)=0  sim=30.6s
epoch    2650  HO=-0.0218  meanSteps=  2166.0  copy=0.000  A(t)=0  sim=31.2s
epoch    2700  HO=-0.0217  meanSteps=  2188.2  copy=0.000  A(t)=0  sim=31.7s
epoch    2750  HO=-0.0221  meanSteps=  2245.0  copy=0.000  A(t)=0  sim=32.1s
epoch    2800  HO=-0.0225  meanSteps=  2225.6  copy=0.000  A(t)=0  sim=32.8s
epoch    2850  HO=-0.0228  meanSteps=  2206.1  copy=0.000  A(t)=0  sim=33.4s
epoch    2900  HO=-0.0220  meanSteps=  2231.0  copy=0.000  A(t)=0  sim=33.9s
epoch    2950  HO=-0.0218  meanSteps=  2234.2  copy=0.000  A(t)=0  sim=34.5s
epoch    3000  HO=-0.0217  meanSteps=  2215.0  copy=0.000  A(t)=0  sim=35.2s
epoch    3050  HO=-0.0215  meanSteps=  2209.7  copy=0.000  A(t)=0  sim=35.6s
epoch    3100  HO=-0.0218  meanSteps=  2211.2  copy=0.000  A(t)=0  sim=36.3s
epoch    3150  HO=-0.0223  meanSteps=  2237.2  copy=0.000  A(t)=0  sim=36.8s
epoch    3200  HO=-0.0217  meanSteps=  2216.9  copy=0.000  A(t)=0  sim=37.4s
epoch    3250  HO=-0.0219  meanSteps=  2200.8  copy=0.000  A(t)=0  sim=37.8s
epoch    3300  HO=-0.0220  meanSteps=  2179.4  copy=0.000  A(t)=0  sim=38.5s
epoch    3350  HO=-0.0223  meanSteps=  2182.4  copy=0.000  A(t)=0  sim=39.0s
epoch    3400  HO=-0.0229  meanSteps=  2204.5  copy=0.000  A(t)=0  sim=39.5s
epoch    3450  HO=-0.0229  meanSteps=  2222.6  copy=0.000  A(t)=0  sim=39.9s
epoch    3500  HO=-0.0232  meanSteps=  2190.8  copy=0.000  A(t)=0  sim=40.5s
epoch    3550  HO=-0.0222  meanSteps=  2205.8  copy=0.000  A(t)=0  sim=41.2s
epoch    3600  HO=-0.0229  meanSteps=  2152.6  copy=0.000  A(t)=0  sim=41.8s
epoch    3650  HO=-0.0220  meanSteps=  2218.0  copy=0.000  A(t)=0  sim=42.4s
epoch    3700  HO=-0.0223  meanSteps=  2196.0  copy=0.000  A(t)=0  sim=42.9s
epoch    3750  HO=-0.0230  meanSteps=  2202.9  copy=0.000  A(t)=0  sim=43.5s
epoch    3800  HO=-0.0234  meanSteps=  2232.7  copy=0.000  A(t)=0  sim=44.0s
epoch    3850  HO=-0.0231  meanSteps=  2254.8  copy=0.000  A(t)=0  sim=44.5s
epoch    3900  HO=-0.0227  meanSteps=  2239.0  copy=0.000  A(t)=0  sim=44.9s
epoch    3950  HO=-0.0233  meanSteps=  2281.2  copy=0.000  A(t)=0  sim=45.6s
epoch    4000  HO=-0.0233  meanSteps=  2282.3  copy=0.000  A(t)=0  sim=46.2s
epoch    4050  HO=-0.0230  meanSteps=  2287.5  copy=0.000  A(t)=0  sim=46.7s
epoch    4100  HO=-0.0233  meanSteps=  2265.1  copy=0.000  A(t)=0  sim=47.3s
epoch    4150  HO=-0.0228  meanSteps=  2294.7  copy=0.000  A(t)=0  sim=47.9s
epoch    4200  HO=-0.0221  meanSteps=  2313.0  copy=0.000  A(t)=0  sim=48.3s
epoch    4250  HO=-0.0228  meanSteps=  2325.0  copy=0.000  A(t)=0  sim=48.9s
epoch    4300  HO=-0.0226  meanSteps=  2302.5  copy=0.000  A(t)=0  sim=49.4s
epoch    4350  HO=-0.0226  meanSteps=  2299.0  copy=0.000  A(t)=0  sim=50.0s
epoch    4400  HO=-0.0227  meanSteps=  2291.2  copy=0.000  A(t)=0  sim=50.5s
epoch    4450  HO=-0.0225  meanSteps=  2262.5  copy=0.000  A(t)=0  sim=51.0s
epoch    4500  HO=-0.0219  meanSteps=  2311.7  copy=0.000  A(t)=0  sim=51.5s
epoch    4550  HO=-0.0213  meanSteps=  2285.9  copy=0.000  A(t)=0  sim=52.0s
epoch    4600  HO=-0.0216  meanSteps=  2277.7  copy=0.000  A(t)=0  sim=52.8s
epoch    4650  HO=-0.0220  meanSteps=  2245.6  copy=0.000  A(t)=0  sim=53.3s
epoch    4700  HO=-0.0221  meanSteps=  2247.8  copy=0.000  A(t)=0  sim=53.8s
epoch    4750  HO=-0.0222  meanSteps=  2228.6  copy=0.000  A(t)=0  sim=54.4s
epoch    4800  HO=-0.0221  meanSteps=  2223.8  copy=0.000  A(t)=0  sim=54.9s
epoch    4850  HO=-0.0234  meanSteps=  2206.4  copy=0.000  A(t)=0  sim=55.4s
epoch    4900  HO=-0.0230  meanSteps=  2212.6  copy=0.000  A(t)=0  sim=56.0s
epoch    4950  HO=-0.0231  meanSteps=  2198.3  copy=0.000  A(t)=0  sim=56.5s
epoch    5000  HO=-0.0230  meanSteps=  2233.4  copy=0.000  A(t)=0  sim=57.0s
epoch    5050  HO=-0.0226  meanSteps=  2238.9  copy=0.000  A(t)=0  sim=57.4s
epoch    5100  HO=-0.0227  meanSteps=  2285.2  copy=0.000  A(t)=0  sim=58.0s
epoch    5150  HO=-0.0221  meanSteps=  2229.0  copy=0.000  A(t)=0  sim=58.6s
epoch    5200  HO=-0.0222  meanSteps=  2268.2  copy=0.000  A(t)=0  sim=59.2s
epoch    5250  HO=-0.0221  meanSteps=  2279.8  copy=0.000  A(t)=0  sim=59.7s
epoch    5300  HO=-0.0221  meanSteps=  2253.8  copy=0.000  A(t)=0  sim=60.3s
epoch    5350  HO=-0.0213  meanSteps=  2199.5  copy=0.000  A(t)=0  sim=61.0s
epoch    5400  HO=-0.0222  meanSteps=  2235.5  copy=0.000  A(t)=0  sim=61.7s
epoch    5450  HO=-0.0222  meanSteps=  2152.4  copy=0.000  A(t)=0  sim=62.2s
epoch    5500  HO=-0.0224  meanSteps=  2133.9  copy=0.000  A(t)=0  sim=62.6s
epoch    5550  HO=-0.0219  meanSteps=  2093.9  copy=0.000  A(t)=0  sim=63.0s
epoch    5600  HO=-0.0221  meanSteps=  2078.0  copy=0.000  A(t)=0  sim=63.5s
epoch    5650  HO=-0.0225  meanSteps=  2071.5  copy=0.000  A(t)=0  sim=64.0s
epoch    5700  HO=-0.0232  meanSteps=  2032.1  copy=0.000  A(t)=0  sim=64.5s
epoch    5750  HO=-0.0234  meanSteps=  2045.1  copy=0.000  A(t)=0  sim=64.8s
epoch    5800  HO=-0.0233  meanSteps=  2052.2  copy=0.000  A(t)=0  sim=65.3s
epoch    5850  HO=-0.0232  meanSteps=  2041.9  copy=0.000  A(t)=0  sim=65.9s
epoch    5900  HO=-0.0236  meanSteps=  2024.6  copy=0.000  A(t)=0  sim=66.4s
epoch    5950  HO=-0.0230  meanSteps=  1984.8  copy=0.000  A(t)=0  sim=66.8s
epoch    6000  HO=-0.0224  meanSteps=  2023.9  copy=0.000  A(t)=0  sim=67.2s
epoch    6050  HO=-0.0225  meanSteps=  2075.1  copy=0.000  A(t)=0  sim=67.8s
epoch    6100  HO=-0.0224  meanSteps=  2065.5  copy=0.000  A(t)=0  sim=68.2s
epoch    6150  HO=-0.0227  meanSteps=  2052.4  copy=0.000  A(t)=0  sim=68.6s
epoch    6200  HO=-0.0224  meanSteps=  2093.0  copy=0.000  A(t)=0  sim=69.3s
epoch    6250  HO=-0.0226  meanSteps=  2050.6  copy=0.000  A(t)=0  sim=69.8s
epoch    6300  HO=-0.0229  meanSteps=  2045.3  copy=0.000  A(t)=0  sim=70.2s
epoch    6350  HO=-0.0229  meanSteps=  2069.1  copy=0.000  A(t)=0  sim=70.7s
epoch    6400  HO=-0.0228  meanSteps=  2058.1  copy=0.000  A(t)=0  sim=71.2s
epoch    6450  HO=-0.0226  meanSteps=  2094.0  copy=0.000  A(t)=0  sim=71.7s
epoch    6500  HO=-0.0226  meanSteps=  2066.8  copy=0.000  A(t)=0  sim=72.2s
epoch    6550  HO=-0.0227  meanSteps=  2048.6  copy=0.000  A(t)=0  sim=72.6s
epoch    6600  HO=-0.0231  meanSteps=  2046.0  copy=0.000  A(t)=0  sim=73.0s
epoch    6650  HO=-0.0230  meanSteps=  2050.0  copy=0.000  A(t)=0  sim=73.5s
epoch    6700  HO=-0.0230  meanSteps=  2042.5  copy=0.000  A(t)=0  sim=74.0s
epoch    6750  HO=-0.0229  meanSteps=  2065.3  copy=0.000  A(t)=0  sim=74.5s
epoch    6800  HO=-0.0230  meanSteps=  2086.3  copy=0.000  A(t)=0  sim=75.1s
epoch    6850  HO=-0.0240  meanSteps=  2041.2  copy=0.000  A(t)=0  sim=75.6s
epoch    6900  HO=-0.0244  meanSteps=  2034.3  copy=0.000  A(t)=0  sim=76.2s
epoch    6950  HO=-0.0244  meanSteps=  2047.0  copy=0.000  A(t)=0  sim=76.6s
epoch    7000  HO=-0.0236  meanSteps=  2019.3  copy=0.000  A(t)=0  sim=77.0s
epoch    7050  HO=-0.0239  meanSteps=  2043.1  copy=0.000  A(t)=0  sim=77.4s
epoch    7100  HO=-0.0235  meanSteps=  1999.6  copy=0.000  A(t)=0  sim=77.9s
epoch    7150  HO=-0.0230  meanSteps=  2029.5  copy=0.000  A(t)=0  sim=78.5s
epoch    7200  HO=-0.0227  meanSteps=  2036.9  copy=0.000  A(t)=0  sim=78.9s
epoch    7250  HO=-0.0227  meanSteps=  1999.5  copy=0.000  A(t)=0  sim=79.3s
epoch    7300  HO=-0.0228  meanSteps=  2006.3  copy=0.000  A(t)=0  sim=79.8s
epoch    7350  HO=-0.0225  meanSteps=  2054.5  copy=0.000  A(t)=0  sim=80.2s
epoch    7400  HO=-0.0226  meanSteps=  2025.9  copy=0.000  A(t)=0  sim=80.6s
epoch    7450  HO=-0.0226  meanSteps=  2006.1  copy=0.000  A(t)=0  sim=81.1s
epoch    7500  HO=-0.0227  meanSteps=  1976.1  copy=0.000  A(t)=0  sim=81.6s
epoch    7550  HO=-0.0219  meanSteps=  2006.4  copy=0.000  A(t)=0  sim=82.0s
epoch    7600  HO=-0.0224  meanSteps=  2096.6  copy=0.000  A(t)=0  sim=82.6s
epoch    7650  HO=-0.0223  meanSteps=  2036.1  copy=0.000  A(t)=0  sim=83.0s
epoch    7700  HO=-0.0237  meanSteps=  2027.5  copy=0.000  A(t)=0  sim=83.4s
epoch    7750  HO=-0.0236  meanSteps=  1958.4  copy=0.000  A(t)=0  sim=83.9s
epoch    7800  HO=-0.0244  meanSteps=  1951.9  copy=0.000  A(t)=0  sim=84.3s
epoch    7850  HO=-0.0240  meanSteps=  1944.9  copy=0.000  A(t)=0  sim=84.7s
epoch    7900  HO=-0.0241  meanSteps=  1889.5  copy=0.000  A(t)=0  sim=85.1s
epoch    7950  HO=-0.0245  meanSteps=  1883.9  copy=0.000  A(t)=0  sim=85.6s
epoch    8000  HO=-0.0248  meanSteps=  1835.4  copy=0.000  A(t)=0  sim=86.0s
epoch    8050  HO=-0.0242  meanSteps=  1794.2  copy=0.000  A(t)=0  sim=86.4s
epoch    8100  HO=-0.0234  meanSteps=  1796.5  copy=0.000  A(t)=0  sim=86.8s
epoch    8150  HO=-0.0232  meanSteps=  1788.8  copy=0.000  A(t)=0  sim=87.2s
epoch    8200  HO=-0.0233  meanSteps=  1828.2  copy=0.000  A(t)=0  sim=87.7s
epoch    8250  HO=-0.0234  meanSteps=  1828.3  copy=0.000  A(t)=0  sim=88.0s
epoch    8300  HO=-0.0225  meanSteps=  1874.8  copy=0.000  A(t)=0  sim=88.5s
epoch    8350  HO=-0.0229  meanSteps=  1897.1  copy=0.000  A(t)=0  sim=89.0s
epoch    8400  HO=-0.0226  meanSteps=  1929.7  copy=0.000  A(t)=0  sim=89.4s
epoch    8450  HO=-0.0227  meanSteps=  1941.9  copy=0.000  A(t)=0  sim=90.0s
epoch    8500  HO=-0.0223  meanSteps=  1927.4  copy=0.000  A(t)=0  sim=90.4s
epoch    8550  HO=-0.0228  meanSteps=  1913.8  copy=0.000  A(t)=0  sim=90.9s
epoch    8600  HO=-0.0229  meanSteps=  1905.7  copy=0.000  A(t)=0  sim=91.4s
epoch    8650  HO=-0.0233  meanSteps=  1898.9  copy=0.000  A(t)=0  sim=91.9s
epoch    8700  HO=-0.0229  meanSteps=  1923.6  copy=0.000  A(t)=0  sim=92.3s
epoch    8750  HO=-0.0232  meanSteps=  1894.6  copy=0.000  A(t)=0  sim=92.8s
epoch    8800  HO=-0.0232  meanSteps=  1965.1  copy=0.000  A(t)=0  sim=93.3s
epoch    8850  HO=-0.0235  meanSteps=  1966.0  copy=0.000  A(t)=0  sim=93.8s
epoch    8900  HO=-0.0237  meanSteps=  1956.0  copy=0.000  A(t)=0  sim=94.4s
epoch    8950  HO=-0.0242  meanSteps=  2013.5  copy=0.000  A(t)=0  sim=94.8s
epoch    9000  HO=-0.0240  meanSteps=  2009.2  copy=0.000  A(t)=0  sim=95.3s
epoch    9050  HO=-0.0237  meanSteps=  2038.2  copy=0.000  A(t)=0  sim=95.9s
epoch    9100  HO=-0.0236  meanSteps=  1999.4  copy=0.000  A(t)=0  sim=96.4s
epoch    9150  HO=-0.0238  meanSteps=  1983.0  copy=0.000  A(t)=0  sim=96.8s
epoch    9200  HO=-0.0235  meanSteps=  1943.2  copy=0.000  A(t)=0  sim=97.3s
epoch    9250  HO=-0.0235  meanSteps=  1919.1  copy=0.000  A(t)=0  sim=97.8s
epoch    9300  HO=-0.0232  meanSteps=  1894.5  copy=0.000  A(t)=0  sim=98.1s
epoch    9350  HO=-0.0233  meanSteps=  1877.7  copy=0.000  A(t)=0  sim=98.5s
epoch    9400  HO=-0.0237  meanSteps=  1894.2  copy=0.000  A(t)=0  sim=98.9s
epoch    9450  HO=-0.0234  meanSteps=  1888.2  copy=0.000  A(t)=0  sim=99.5s
epoch    9500  HO=-0.0234  meanSteps=  1863.4  copy=0.000  A(t)=0  sim=100.1s
epoch    9550  HO=-0.0229  meanSteps=  1883.9  copy=0.000  A(t)=0  sim=100.5s
epoch    9600  HO=-0.0230  meanSteps=  1883.8  copy=0.000  A(t)=0  sim=100.9s
epoch    9650  HO=-0.0229  meanSteps=  1891.5  copy=0.000  A(t)=0  sim=101.4s
epoch    9700  HO=-0.0233  meanSteps=  1904.3  copy=0.000  A(t)=0  sim=101.8s
epoch    9750  HO=-0.0226  meanSteps=  1905.5  copy=0.000  A(t)=0  sim=102.3s
epoch    9800  HO=-0.0224  meanSteps=  1930.3  copy=0.000  A(t)=0  sim=102.7s
epoch    9850  HO=-0.0223  meanSteps=  1935.0  copy=0.000  A(t)=0  sim=103.2s
epoch    9900  HO=-0.0221  meanSteps=  1896.4  copy=0.000  A(t)=0  sim=103.6s
epoch    9950  HO=-0.0218  meanSteps=  1860.8  copy=0.000  A(t)=0  sim=104.1s
epoch   10000  HO=-0.0212  meanSteps=  1877.5  copy=0.000  A(t)=0  sim=104.5s
epoch   10050  HO=-0.0220  meanSteps=  1890.7  copy=0.000  A(t)=0  sim=104.9s
epoch   10100  HO=-0.0222  meanSteps=  2002.1  copy=0.000  A(t)=0  sim=105.5s
epoch   10150  HO=-0.0229  meanSteps=  1973.4  copy=0.000  A(t)=0  sim=105.9s
epoch   10200  HO=-0.0231  meanSteps=  1998.0  copy=0.000  A(t)=0  sim=106.3s
epoch   10250  HO=-0.0229  meanSteps=  1974.7  copy=0.000  A(t)=0  sim=107.0s
epoch   10300  HO=-0.0228  meanSteps=  1982.8  copy=0.000  A(t)=0  sim=107.5s
epoch   10350  HO=-0.0226  meanSteps=  1966.9  copy=0.000  A(t)=0  sim=107.9s
epoch   10400  HO=-0.0224  meanSteps=  1980.5  copy=0.000  A(t)=0  sim=108.4s
epoch   10450  HO=-0.0226  meanSteps=  1982.4  copy=0.000  A(t)=0  sim=108.9s
epoch   10500  HO=-0.0233  meanSteps=  2026.3  copy=0.000  A(t)=0  sim=109.3s
epoch   10550  HO=-0.0241  meanSteps=  2041.0  copy=0.000  A(t)=0  sim=110.0s
epoch   10600  HO=-0.0235  meanSteps=  2018.3  copy=0.000  A(t)=0  sim=110.4s
epoch   10650  HO=-0.0240  meanSteps=  2023.0  copy=0.000  A(t)=0  sim=110.8s
epoch   10700  HO=-0.0241  meanSteps=  2069.8  copy=0.000  A(t)=0  sim=111.5s
epoch   10750  HO=-0.0239  meanSteps=  2053.7  copy=0.000  A(t)=0  sim=112.0s
epoch   10800  HO=-0.0238  meanSteps=  2095.3  copy=0.000  A(t)=0  sim=112.7s
epoch   10850  HO=-0.0234  meanSteps=  2030.0  copy=0.000  A(t)=0  sim=113.2s
epoch   10900  HO=-0.0232  meanSteps=  2074.6  copy=0.000  A(t)=0  sim=113.9s
epoch   10950  HO=-0.0235  meanSteps=  2023.4  copy=0.000  A(t)=0  sim=114.4s
epoch   11000  HO=-0.0232  meanSteps=  2066.0  copy=0.000  A(t)=0  sim=114.8s
epoch   11050  HO=-0.0229  meanSteps=  2129.6  copy=0.000  A(t)=0  sim=115.3s
epoch   11100  HO=-0.0229  meanSteps=  2071.2  copy=0.000  A(t)=0  sim=115.8s
epoch   11150  HO=-0.0234  meanSteps=  2058.4  copy=0.000  A(t)=0  sim=116.2s
epoch   11200  HO=-0.0228  meanSteps=  2067.5  copy=0.000  A(t)=0  sim=116.6s
epoch   11250  HO=-0.0232  meanSteps=  2064.1  copy=0.000  A(t)=0  sim=117.0s
epoch   11300  HO=-0.0234  meanSteps=  2052.4  copy=0.000  A(t)=0  sim=117.5s
epoch   11350  HO=-0.0227  meanSteps=  1979.7  copy=0.000  A(t)=0  sim=118.0s
epoch   11400  HO=-0.0226  meanSteps=  1903.5  copy=0.000  A(t)=0  sim=118.4s
epoch   11450  HO=-0.0220  meanSteps=  1895.1  copy=0.000  A(t)=0  sim=118.9s
epoch   11500  HO=-0.0218  meanSteps=  1940.5  copy=0.000  A(t)=0  sim=119.4s
epoch   11550  HO=-0.0222  meanSteps=  1877.8  copy=0.000  A(t)=0  sim=119.8s
epoch   11600  HO=-0.0229  meanSteps=  1907.7  copy=0.000  A(t)=0  sim=120.4s
epoch   11650  HO=-0.0233  meanSteps=  1895.2  copy=0.000  A(t)=0  sim=120.9s
epoch   11700  HO=-0.0230  meanSteps=  1907.4  copy=0.000  A(t)=0  sim=121.4s
epoch   11750  HO=-0.0227  meanSteps=  1911.4  copy=0.000  A(t)=0  sim=121.8s
epoch   11800  HO=-0.0227  meanSteps=  1957.0  copy=0.000  A(t)=0  sim=122.2s
epoch   11850  HO=-0.0231  meanSteps=  1963.0  copy=0.000  A(t)=0  sim=122.7s
epoch   11900  HO=-0.0228  meanSteps=  1943.9  copy=0.000  A(t)=0  sim=123.4s
epoch   11950  HO=-0.0220  meanSteps=  1947.1  copy=0.000  A(t)=0  sim=123.8s
epoch   12000  HO=-0.0222  meanSteps=  1957.1  copy=0.000  A(t)=0  sim=124.1s
epoch   12050  HO=-0.0227  meanSteps=  2025.5  copy=0.000  A(t)=0  sim=124.7s
epoch   12100  HO=-0.0221  meanSteps=  1991.8  copy=0.000  A(t)=0  sim=125.0s
epoch   12150  HO=-0.0225  meanSteps=  2023.1  copy=0.000  A(t)=0  sim=125.7s
epoch   12200  HO=-0.0224  meanSteps=  2028.4  copy=0.000  A(t)=0  sim=126.1s
epoch   12250  HO=-0.0222  meanSteps=  2050.8  copy=0.000  A(t)=0  sim=126.6s
epoch   12300  HO=-0.0224  meanSteps=  2062.5  copy=0.000  A(t)=0  sim=127.1s
epoch   12350  HO=-0.0225  meanSteps=  2090.3  copy=0.000  A(t)=0  sim=127.8s
epoch   12400  HO=-0.0218  meanSteps=  2134.0  copy=0.000  A(t)=0  sim=128.2s
epoch   12450  HO=-0.0221  meanSteps=  2058.5  copy=0.000  A(t)=0  sim=128.8s
epoch   12500  HO=-0.0228  meanSteps=  2075.0  copy=0.000  A(t)=0  sim=129.3s
epoch   12550  HO=-0.0227  meanSteps=  2049.7  copy=0.000  A(t)=0  sim=129.7s
epoch   12600  HO=-0.0229  meanSteps=  2068.1  copy=0.000  A(t)=0  sim=130.2s
epoch   12650  HO=-0.0221  meanSteps=  2088.2  copy=0.000  A(t)=0  sim=130.8s
epoch   12700  HO=-0.0219  meanSteps=  2059.9  copy=0.000  A(t)=0  sim=131.4s
epoch   12750  HO=-0.0221  meanSteps=  2074.9  copy=0.000  A(t)=0  sim=132.0s
epoch   12800  HO=-0.0228  meanSteps=  2015.0  copy=0.000  A(t)=0  sim=132.5s
epoch   12850  HO=-0.0234  meanSteps=  1987.5  copy=0.000  A(t)=0  sim=133.0s
epoch   12900  HO=-0.0238  meanSteps=  2050.8  copy=0.000  A(t)=0  sim=133.3s
epoch   12950  HO=-0.0233  meanSteps=  2028.2  copy=0.000  A(t)=0  sim=134.0s
epoch   13000  HO=-0.0233  meanSteps=  2015.2  copy=0.000  A(t)=0  sim=134.5s
epoch   13050  HO=-0.0239  meanSteps=  2042.0  copy=0.000  A(t)=0  sim=135.0s
epoch   13100  HO=-0.0235  meanSteps=  2032.6  copy=0.000  A(t)=0  sim=135.5s
epoch   13150  HO=-0.0234  meanSteps=  2041.7  copy=0.000  A(t)=0  sim=135.9s
epoch   13200  HO=-0.0237  meanSteps=  2014.9  copy=0.000  A(t)=0  sim=136.3s
epoch   13250  HO=-0.0239  meanSteps=  2004.4  copy=0.000  A(t)=0  sim=136.9s
epoch   13300  HO=-0.0233  meanSteps=  1969.8  copy=0.000  A(t)=0  sim=137.4s
epoch   13350  HO=-0.0232  meanSteps=  2006.8  copy=0.000  A(t)=0  sim=137.9s
epoch   13400  HO=-0.0231  meanSteps=  2021.9  copy=0.000  A(t)=0  sim=138.3s
epoch   13450  HO=-0.0228  meanSteps=  1968.7  copy=0.000  A(t)=0  sim=138.8s
epoch   13500  HO=-0.0238  meanSteps=  1908.6  copy=0.000  A(t)=0  sim=139.2s
epoch   13550  HO=-0.0242  meanSteps=  1924.5  copy=0.000  A(t)=0  sim=139.8s
epoch   13600  HO=-0.0235  meanSteps=  1918.1  copy=0.000  A(t)=0  sim=140.2s
epoch   13650  HO=-0.0234  meanSteps=  1946.7  copy=0.000  A(t)=0  sim=140.7s
epoch   13700  HO=-0.0242  meanSteps=  1982.9  copy=0.000  A(t)=0  sim=141.1s
epoch   13750  HO=-0.0238  meanSteps=  2024.4  copy=0.000  A(t)=0  sim=141.6s
epoch   13800  HO=-0.0249  meanSteps=  2089.4  copy=0.000  A(t)=0  sim=142.1s
epoch   13850  HO=-0.0251  meanSteps=  2122.3  copy=0.000  A(t)=0  sim=142.5s
epoch   13900  HO=-0.0241  meanSteps=  2125.1  copy=0.000  A(t)=0  sim=143.1s
epoch   13950  HO=-0.0236  meanSteps=  2091.4  copy=0.000  A(t)=0  sim=143.5s
epoch   14000  HO=-0.0235  meanSteps=  2040.0  copy=0.000  A(t)=0  sim=143.9s
epoch   14050  HO=-0.0234  meanSteps=  2095.9  copy=0.000  A(t)=0  sim=144.4s
epoch   14100  HO=-0.0233  meanSteps=  2118.9  copy=0.000  A(t)=0  sim=145.0s
epoch   14150  HO=-0.0238  meanSteps=  2158.1  copy=0.000  A(t)=0  sim=145.6s
epoch   14200  HO=-0.0238  meanSteps=  2085.1  copy=0.000  A(t)=0  sim=146.3s
epoch   14250  HO=-0.0239  meanSteps=  2090.6  copy=0.000  A(t)=0  sim=146.8s
epoch   14300  HO=-0.0233  meanSteps=  2073.5  copy=0.000  A(t)=0  sim=147.4s
epoch   14350  HO=-0.0237  meanSteps=  1960.5  copy=0.000  A(t)=0  sim=148.0s
epoch   14400  HO=-0.0239  meanSteps=  1919.5  copy=0.000  A(t)=0  sim=148.7s
epoch   14450  HO=-0.0245  meanSteps=  1918.7  copy=0.000  A(t)=0  sim=149.2s
epoch   14500  HO=-0.0246  meanSteps=  1934.6  copy=0.000  A(t)=0  sim=149.5s
epoch   14550  HO=-0.0244  meanSteps=  1918.9  copy=0.000  A(t)=0  sim=150.0s
epoch   14600  HO=-0.0242  meanSteps=  1930.4  copy=0.000  A(t)=0  sim=150.5s
epoch   14650  HO=-0.0239  meanSteps=  1953.6  copy=0.000  A(t)=0  sim=151.0s
epoch   14700  HO=-0.0236  meanSteps=  1929.7  copy=0.000  A(t)=0  sim=151.4s
epoch   14750  HO=-0.0240  meanSteps=  1942.9  copy=0.000  A(t)=0  sim=151.9s
epoch   14800  HO=-0.0240  meanSteps=  1954.5  copy=0.000  A(t)=0  sim=152.3s
epoch   14850  HO=-0.0237  meanSteps=  1979.9  copy=0.000  A(t)=0  sim=152.9s
epoch   14900  HO=-0.0234  meanSteps=  1923.0  copy=0.000  A(t)=0  sim=153.4s
epoch   14950  HO=-0.0232  meanSteps=  1926.3  copy=0.000  A(t)=0  sim=153.7s
epoch   15000  HO=-0.0224  meanSteps=  1898.9  copy=0.000  A(t)=0  sim=154.2s
epoch   15050  HO=-0.0228  meanSteps=  1957.2  copy=0.000  A(t)=0  sim=154.6s
epoch   15100  HO=-0.0232  meanSteps=  1987.5  copy=0.000  A(t)=0  sim=155.1s
epoch   15150  HO=-0.0233  meanSteps=  2043.0  copy=0.000  A(t)=0  sim=155.6s
epoch   15200  HO=-0.0239  meanSteps=  2008.9  copy=0.000  A(t)=0  sim=156.0s
epoch   15250  HO=-0.0236  meanSteps=  2035.6  copy=0.000  A(t)=0  sim=156.5s
epoch   15300  HO=-0.0238  meanSteps=  2000.3  copy=0.000  A(t)=0  sim=157.1s
epoch   15350  HO=-0.0235  meanSteps=  2008.0  copy=0.000  A(t)=0  sim=157.5s
epoch   15400  HO=-0.0243  meanSteps=  2049.8  copy=0.000  A(t)=0  sim=158.0s
epoch   15450  HO=-0.0243  meanSteps=  1997.7  copy=0.000  A(t)=0  sim=158.5s
epoch   15500  HO=-0.0237  meanSteps=  2003.4  copy=0.000  A(t)=0  sim=159.0s
epoch   15550  HO=-0.0237  meanSteps=  1963.7  copy=0.000  A(t)=0  sim=159.4s
epoch   15600  HO=-0.0231  meanSteps=  1974.9  copy=0.000  A(t)=0  sim=160.0s
epoch   15650  HO=-0.0241  meanSteps=  1998.4  copy=0.000  A(t)=0  sim=160.4s
epoch   15700  HO=-0.0236  meanSteps=  2000.6  copy=0.000  A(t)=0  sim=160.9s
epoch   15750  HO=-0.0226  meanSteps=  2065.1  copy=0.000  A(t)=0  sim=161.3s
epoch   15800  HO=-0.0232  meanSteps=  2072.3  copy=0.000  A(t)=0  sim=161.7s
epoch   15850  HO=-0.0231  meanSteps=  2095.8  copy=0.000  A(t)=0  sim=162.3s
epoch   15900  HO=-0.0236  meanSteps=  2060.0  copy=0.000  A(t)=0  sim=162.9s
epoch   15950  HO=-0.0236  meanSteps=  2066.3  copy=0.000  A(t)=0  sim=163.5s
epoch   16000  HO=-0.0242  meanSteps=  2105.4  copy=0.000  A(t)=0  sim=164.1s
epoch   16050  HO=-0.0239  meanSteps=  2127.4  copy=0.000  A(t)=0  sim=164.7s
epoch   16100  HO=-0.0244  meanSteps=  2085.2  copy=0.000  A(t)=0  sim=165.1s
epoch   16150  HO=-0.0242  meanSteps=  2117.0  copy=0.000  A(t)=0  sim=165.6s
epoch   16200  HO=-0.0239  meanSteps=  2166.7  copy=0.000  A(t)=0  sim=166.1s
epoch   16250  HO=-0.0248  meanSteps=  2181.5  copy=0.000  A(t)=0  sim=166.5s
epoch   16300  HO=-0.0244  meanSteps=  2182.5  copy=0.000  A(t)=0  sim=167.0s
epoch   16350  HO=-0.0235  meanSteps=  2184.2  copy=0.000  A(t)=0  sim=167.5s
epoch   16400  HO=-0.0240  meanSteps=  2113.9  copy=0.000  A(t)=0  sim=167.9s
epoch   16450  HO=-0.0237  meanSteps=  2123.1  copy=0.000  A(t)=0  sim=168.7s
epoch   16500  HO=-0.0239  meanSteps=  2090.4  copy=0.000  A(t)=0  sim=169.4s
epoch   16550  HO=-0.0238  meanSteps=  2106.2  copy=0.000  A(t)=0  sim=169.8s
epoch   16600  HO=-0.0246  meanSteps=  2123.6  copy=0.000  A(t)=0  sim=170.3s
epoch   16650  HO=-0.0248  meanSteps=  2123.6  copy=0.000  A(t)=0  sim=170.8s
epoch   16700  HO=-0.0243  meanSteps=  2142.7  copy=0.000  A(t)=0  sim=171.3s
epoch   16750  HO=-0.0243  meanSteps=  2198.2  copy=0.000  A(t)=0  sim=171.7s
epoch   16800  HO=-0.0251  meanSteps=  2118.5  copy=0.000  A(t)=0  sim=172.2s
epoch   16850  HO=-0.0250  meanSteps=  2154.6  copy=0.000  A(t)=0  sim=172.7s
epoch   16900  HO=-0.0251  meanSteps=  2173.7  copy=0.000  A(t)=0  sim=173.2s
epoch   16950  HO=-0.0250  meanSteps=  2110.7  copy=0.000  A(t)=0  sim=173.8s
epoch   17000  HO=-0.0250  meanSteps=  2129.9  copy=0.000  A(t)=0  sim=174.3s
epoch   17050  HO=-0.0245  meanSteps=  2157.2  copy=0.000  A(t)=0  sim=174.8s
epoch   17100  HO=-0.0246  meanSteps=  2221.1  copy=0.000  A(t)=0  sim=175.3s
epoch   17150  HO=-0.0238  meanSteps=  2196.8  copy=0.000  A(t)=0  sim=176.1s
epoch   17200  HO=-0.0241  meanSteps=  2136.6  copy=0.000  A(t)=0  sim=176.6s
epoch   17250  HO=-0.0232  meanSteps=  2128.7  copy=0.000  A(t)=0  sim=177.0s
epoch   17300  HO=-0.0226  meanSteps=  2113.1  copy=0.000  A(t)=0  sim=177.5s
epoch   17350  HO=-0.0239  meanSteps=  2123.0  copy=0.000  A(t)=0  sim=178.0s
epoch   17400  HO=-0.0244  meanSteps=  2082.6  copy=0.000  A(t)=0  sim=178.5s
epoch   17450  HO=-0.0239  meanSteps=  2095.4  copy=0.000  A(t)=0  sim=179.0s
epoch   17500  HO=-0.0238  meanSteps=  2085.7  copy=0.000  A(t)=0  sim=179.5s
epoch   17550  HO=-0.0243  meanSteps=  2114.3  copy=0.000  A(t)=0  sim=179.8s
epoch   17600  HO=-0.0242  meanSteps=  2042.9  copy=0.000  A(t)=0  sim=180.3s
epoch   17650  HO=-0.0237  meanSteps=  2029.7  copy=0.000  A(t)=0  sim=180.7s
epoch   17700  HO=-0.0245  meanSteps=  2051.0  copy=0.000  A(t)=0  sim=181.3s
epoch   17750  HO=-0.0244  meanSteps=  2041.2  copy=0.000  A(t)=0  sim=181.7s
epoch   17800  HO=-0.0243  meanSteps=  2048.8  copy=0.000  A(t)=0  sim=182.2s
epoch   17850  HO=-0.0238  meanSteps=  2044.5  copy=0.000  A(t)=0  sim=182.6s
epoch   17900  HO=-0.0243  meanSteps=  2063.1  copy=0.000  A(t)=0  sim=183.1s
epoch   17950  HO=-0.0243  meanSteps=  2081.8  copy=0.000  A(t)=0  sim=183.6s
epoch   18000  HO=-0.0243  meanSteps=  2070.7  copy=0.000  A(t)=0  sim=184.0s
epoch   18050  HO=-0.0238  meanSteps=  2071.5  copy=0.000  A(t)=0  sim=184.5s
epoch   18100  HO=-0.0236  meanSteps=  2088.3  copy=0.000  A(t)=0  sim=184.9s
epoch   18150  HO=-0.0238  meanSteps=  2094.3  copy=0.000  A(t)=0  sim=185.5s
epoch   18200  HO=-0.0236  meanSteps=  2075.0  copy=0.000  A(t)=0  sim=186.0s
epoch   18250  HO=-0.0230  meanSteps=  2112.5  copy=0.000  A(t)=0  sim=186.6s
epoch   18300  HO=-0.0234  meanSteps=  2118.0  copy=0.000  A(t)=0  sim=187.1s
epoch   18350  HO=-0.0234  meanSteps=  2152.1  copy=0.000  A(t)=0  sim=187.9s
epoch   18400  HO=-0.0232  meanSteps=  2192.0  copy=0.000  A(t)=0  sim=188.5s
epoch   18450  HO=-0.0235  meanSteps=  2241.2  copy=0.000  A(t)=0  sim=188.9s
epoch   18500  HO=-0.0236  meanSteps=  2181.7  copy=0.000  A(t)=0  sim=189.4s
epoch   18550  HO=-0.0238  meanSteps=  2218.6  copy=0.000  A(t)=0  sim=189.9s
epoch   18600  HO=-0.0241  meanSteps=  2206.8  copy=0.000  A(t)=0  sim=190.5s
epoch   18650  HO=-0.0251  meanSteps=  2265.1  copy=0.000  A(t)=0  sim=191.0s
epoch   18700  HO=-0.0247  meanSteps=  2245.3  copy=0.000  A(t)=0  sim=191.6s
epoch   18750  HO=-0.0239  meanSteps=  2204.6  copy=0.000  A(t)=0  sim=192.1s
epoch   18800  HO=-0.0233  meanSteps=  2217.8  copy=0.000  A(t)=0  sim=192.5s
epoch   18850  HO=-0.0237  meanSteps=  2223.9  copy=0.000  A(t)=0  sim=193.1s
epoch   18900  HO=-0.0232  meanSteps=  2197.0  copy=0.000  A(t)=0  sim=193.5s
epoch   18950  HO=-0.0232  meanSteps=  2131.6  copy=0.000  A(t)=0  sim=193.9s
epoch   19000  HO=-0.0225  meanSteps=  2205.3  copy=0.000  A(t)=0  sim=194.4s
epoch   19050  HO=-0.0227  meanSteps=  2196.8  copy=0.000  A(t)=0  sim=194.9s
epoch   19100  HO=-0.0230  meanSteps=  2166.3  copy=0.000  A(t)=0  sim=195.4s
epoch   19150  HO=-0.0233  meanSteps=  2162.6  copy=0.000  A(t)=0  sim=196.0s
epoch   19200  HO=-0.0233  meanSteps=  2128.8  copy=0.000  A(t)=0  sim=196.8s
epoch   19250  HO=-0.0229  meanSteps=  2110.3  copy=0.000  A(t)=0  sim=197.3s
epoch   19300  HO=-0.0234  meanSteps=  2100.6  copy=0.000  A(t)=0  sim=197.8s
epoch   19350  HO=-0.0232  meanSteps=  2022.4  copy=0.000  A(t)=0  sim=198.4s
epoch   19400  HO=-0.0235  meanSteps=  2021.8  copy=0.000  A(t)=0  sim=198.8s
epoch   19450  HO=-0.0239  meanSteps=  2003.3  copy=0.000  A(t)=0  sim=199.2s
epoch   19500  HO=-0.0235  meanSteps=  1998.0  copy=0.000  A(t)=0  sim=199.7s
epoch   19550  HO=-0.0237  meanSteps=  1965.8  copy=0.000  A(t)=0  sim=200.1s
epoch   19600  HO=-0.0237  meanSteps=  1988.4  copy=0.000  A(t)=0  sim=200.7s
epoch   19650  HO=-0.0237  meanSteps=  1972.6  copy=0.000  A(t)=0  sim=201.2s
epoch   19700  HO=-0.0237  meanSteps=  1987.8  copy=0.000  A(t)=0  sim=201.7s
epoch   19750  HO=-0.0231  meanSteps=  1953.2  copy=0.000  A(t)=0  sim=202.3s
epoch   19800  HO=-0.0228  meanSteps=  1932.0  copy=0.000  A(t)=0  sim=202.8s
epoch   19850  HO=-0.0230  meanSteps=  1943.4  copy=0.000  A(t)=0  sim=203.3s
epoch   19900  HO=-0.0233  meanSteps=  1935.5  copy=0.000  A(t)=0  sim=203.6s
epoch   19950  HO=-0.0232  meanSteps=  1923.2  copy=0.000  A(t)=0  sim=204.1s
epoch   20000  HO=-0.0235  meanSteps=  1929.7  copy=0.000  A(t)=0  sim=204.6s
epoch   20050  HO=-0.0229  meanSteps=  1918.8  copy=0.000  A(t)=0  sim=205.0s
epoch   20100  HO=-0.0232  meanSteps=  1925.5  copy=0.000  A(t)=0  sim=205.5s
epoch   20150  HO=-0.0230  meanSteps=  1937.1  copy=0.000  A(t)=0  sim=205.9s
epoch   20200  HO=-0.0224  meanSteps=  1995.6  copy=0.000  A(t)=0  sim=206.4s
epoch   20250  HO=-0.0228  meanSteps=  1975.5  copy=0.000  A(t)=0  sim=206.9s
epoch   20300  HO=-0.0226  meanSteps=  1973.8  copy=0.000  A(t)=0  sim=207.4s
epoch   20350  HO=-0.0222  meanSteps=  1967.6  copy=0.000  A(t)=0  sim=208.0s
epoch   20400  HO=-0.0223  meanSteps=  1997.1  copy=0.000  A(t)=0  sim=208.4s
epoch   20450  HO=-0.0226  meanSteps=  1995.6  copy=0.000  A(t)=0  sim=208.9s
epoch   20500  HO=-0.0231  meanSteps=  1989.7  copy=0.000  A(t)=0  sim=209.4s
epoch   20550  HO=-0.0231  meanSteps=  1948.7  copy=0.000  A(t)=0  sim=209.8s
epoch   20600  HO=-0.0230  meanSteps=  1939.3  copy=0.000  A(t)=0  sim=210.3s
epoch   20650  HO=-0.0234  meanSteps=  1973.9  copy=0.000  A(t)=0  sim=210.8s
epoch   20700  HO=-0.0235  meanSteps=  1936.1  copy=0.000  A(t)=0  sim=211.1s
epoch   20750  HO=-0.0235  meanSteps=  1954.5  copy=0.000  A(t)=0  sim=211.8s
epoch   20800  HO=-0.0228  meanSteps=  1918.6  copy=0.000  A(t)=0  sim=212.2s
epoch   20850  HO=-0.0234  meanSteps=  1890.9  copy=0.000  A(t)=0  sim=212.5s
epoch   20900  HO=-0.0240  meanSteps=  1861.2  copy=0.000  A(t)=0  sim=212.9s
epoch   20950  HO=-0.0229  meanSteps=  1859.0  copy=0.000  A(t)=0  sim=213.6s
epoch   21000  HO=-0.0234  meanSteps=  1877.7  copy=0.000  A(t)=0  sim=214.1s
epoch   21050  HO=-0.0238  meanSteps=  1859.4  copy=0.000  A(t)=0  sim=214.4s
epoch   21100  HO=-0.0245  meanSteps=  1885.3  copy=0.000  A(t)=0  sim=214.9s
epoch   21150  HO=-0.0237  meanSteps=  1906.6  copy=0.000  A(t)=0  sim=215.4s
epoch   21200  HO=-0.0238  meanSteps=  1914.3  copy=0.000  A(t)=0  sim=215.9s
epoch   21250  HO=-0.0240  meanSteps=  1926.3  copy=0.000  A(t)=0  sim=216.4s
epoch   21300  HO=-0.0236  meanSteps=  1970.4  copy=0.000  A(t)=0  sim=216.8s
epoch   21350  HO=-0.0231  meanSteps=  1955.9  copy=0.000  A(t)=0  sim=217.3s
epoch   21400  HO=-0.0229  meanSteps=  1952.3  copy=0.000  A(t)=0  sim=217.8s
epoch   21450  HO=-0.0229  meanSteps=  1945.5  copy=0.000  A(t)=0  sim=218.1s
epoch   21500  HO=-0.0223  meanSteps=  1987.6  copy=0.000  A(t)=0  sim=218.7s
epoch   21550  HO=-0.0225  meanSteps=  1984.1  copy=0.000  A(t)=0  sim=219.2s
epoch   21600  HO=-0.0226  meanSteps=  1934.3  copy=0.000  A(t)=0  sim=219.6s
epoch   21650  HO=-0.0229  meanSteps=  1945.8  copy=0.000  A(t)=0  sim=220.1s
epoch   21700  HO=-0.0238  meanSteps=  1947.8  copy=0.000  A(t)=0  sim=220.7s
epoch   21750  HO=-0.0232  meanSteps=  1995.3  copy=0.000  A(t)=0  sim=221.1s
epoch   21800  HO=-0.0230  meanSteps=  2007.5  copy=0.000  A(t)=0  sim=221.6s
epoch   21850  HO=-0.0235  meanSteps=  2080.5  copy=0.000  A(t)=0  sim=222.1s
epoch   21900  HO=-0.0238  meanSteps=  2069.2  copy=0.000  A(t)=0  sim=222.6s
epoch   21950  HO=-0.0235  meanSteps=  2076.0  copy=0.000  A(t)=0  sim=223.2s
epoch   22000  HO=-0.0231  meanSteps=  2107.9  copy=0.000  A(t)=0  sim=223.6s
epoch   22050  HO=-0.0238  meanSteps=  2158.9  copy=0.000  A(t)=0  sim=224.2s
epoch   22100  HO=-0.0235  meanSteps=  2114.6  copy=0.000  A(t)=0  sim=224.7s
epoch   22150  HO=-0.0232  meanSteps=  2118.6  copy=0.000  A(t)=0  sim=225.3s
epoch   22200  HO=-0.0226  meanSteps=  2105.9  copy=0.000  A(t)=0  sim=225.8s
epoch   22250  HO=-0.0222  meanSteps=  2095.4  copy=0.000  A(t)=0  sim=226.4s
epoch   22300  HO=-0.0218  meanSteps=  2123.7  copy=0.000  A(t)=0  sim=227.1s
epoch   22350  HO=-0.0223  meanSteps=  2114.0  copy=0.000  A(t)=0  sim=227.5s
epoch   22400  HO=-0.0225  meanSteps=  2089.5  copy=0.000  A(t)=0  sim=227.9s
epoch   22450  HO=-0.0227  meanSteps=  2123.3  copy=0.000  A(t)=0  sim=228.3s
epoch   22500  HO=-0.0232  meanSteps=  2083.5  copy=0.000  A(t)=0  sim=228.8s
epoch   22550  HO=-0.0226  meanSteps=  2042.3  copy=0.000  A(t)=0  sim=229.4s
epoch   22600  HO=-0.0230  meanSteps=  2023.9  copy=0.000  A(t)=0  sim=229.9s
epoch   22650  HO=-0.0228  meanSteps=  2037.5  copy=0.000  A(t)=0  sim=230.5s
epoch   22700  HO=-0.0227  meanSteps=  2021.2  copy=0.000  A(t)=0  sim=231.1s
epoch   22750  HO=-0.0224  meanSteps=  2025.8  copy=0.000  A(t)=0  sim=231.7s
epoch   22800  HO=-0.0227  meanSteps=  2018.7  copy=0.000  A(t)=0  sim=232.1s
epoch   22850  HO=-0.0225  meanSteps=  2014.2  copy=0.000  A(t)=0  sim=232.6s
epoch   22900  HO=-0.0229  meanSteps=  2032.7  copy=0.000  A(t)=0  sim=233.1s
epoch   22950  HO=-0.0231  meanSteps=  2006.1  copy=0.000  A(t)=0  sim=233.6s
epoch   23000  HO=-0.0232  meanSteps=  2024.3  copy=0.000  A(t)=0  sim=234.0s
epoch   23050  HO=-0.0231  meanSteps=  2015.1  copy=0.000  A(t)=0  sim=234.5s
epoch   23100  HO=-0.0232  meanSteps=  2014.8  copy=0.000  A(t)=0  sim=235.0s
epoch   23150  HO=-0.0238  meanSteps=  2058.8  copy=0.000  A(t)=0  sim=235.6s
epoch   23200  HO=-0.0231  meanSteps=  2086.6  copy=0.000  A(t)=0  sim=236.1s
epoch   23250  HO=-0.0234  meanSteps=  2067.5  copy=0.000  A(t)=0  sim=236.6s
epoch   23300  HO=-0.0244  meanSteps=  2078.2  copy=0.000  A(t)=0  sim=237.1s
epoch   23350  HO=-0.0243  meanSteps=  2073.2  copy=0.000  A(t)=0  sim=237.5s
epoch   23400  HO=-0.0243  meanSteps=  2048.5  copy=0.000  A(t)=0  sim=238.0s
epoch   23450  HO=-0.0247  meanSteps=  1987.0  copy=0.000  A(t)=0  sim=238.3s
epoch   23500  HO=-0.0238  meanSteps=  2003.4  copy=0.000  A(t)=0  sim=239.0s
epoch   23550  HO=-0.0238  meanSteps=  2014.2  copy=0.000  A(t)=0  sim=239.4s
epoch   23600  HO=-0.0231  meanSteps=  2064.3  copy=0.000  A(t)=0  sim=239.8s
epoch   23650  HO=-0.0228  meanSteps=  2107.8  copy=0.000  A(t)=0  sim=240.3s
epoch   23700  HO=-0.0230  meanSteps=  2084.6  copy=0.000  A(t)=0  sim=240.8s
epoch   23750  HO=-0.0231  meanSteps=  2038.6  copy=0.000  A(t)=0  sim=241.1s
epoch   23800  HO=-0.0228  meanSteps=  2027.1  copy=0.000  A(t)=0  sim=241.6s
epoch   23850  HO=-0.0233  meanSteps=  2008.9  copy=0.000  A(t)=0  sim=242.0s
epoch   23900  HO=-0.0232  meanSteps=  2048.9  copy=0.000  A(t)=0  sim=242.4s
epoch   23950  HO=-0.0238  meanSteps=  2058.3  copy=0.000  A(t)=0  sim=243.0s
epoch   24000  HO=-0.0234  meanSteps=  2097.4  copy=0.000  A(t)=0  sim=243.7s
epoch   24050  HO=-0.0239  meanSteps=  2087.1  copy=0.000  A(t)=0  sim=244.2s
epoch   24100  HO=-0.0240  meanSteps=  2127.4  copy=0.000  A(t)=0  sim=244.6s
epoch   24150  HO=-0.0235  meanSteps=  2194.6  copy=0.000  A(t)=0  sim=245.1s
epoch   24200  HO=-0.0232  meanSteps=  2165.1  copy=0.000  A(t)=0  sim=245.7s
epoch   24250  HO=-0.0234  meanSteps=  2175.9  copy=0.000  A(t)=0  sim=246.2s
epoch   24300  HO=-0.0232  meanSteps=  2169.9  copy=0.000  A(t)=0  sim=246.8s
epoch   24350  HO=-0.0230  meanSteps=  2190.7  copy=0.000  A(t)=0  sim=247.3s
epoch   24400  HO=-0.0229  meanSteps=  2158.0  copy=0.000  A(t)=0  sim=247.9s
epoch   24450  HO=-0.0237  meanSteps=  2154.8  copy=0.000  A(t)=0  sim=248.3s
epoch   24500  HO=-0.0233  meanSteps=  2183.4  copy=0.000  A(t)=0  sim=248.7s
epoch   24550  HO=-0.0234  meanSteps=  2177.7  copy=0.000  A(t)=0  sim=249.2s
epoch   24600  HO=-0.0233  meanSteps=  2145.6  copy=0.000  A(t)=0  sim=249.7s
epoch   24650  HO=-0.0234  meanSteps=  2125.5  copy=0.000  A(t)=0  sim=250.4s
epoch   24700  HO=-0.0234  meanSteps=  2143.0  copy=0.000  A(t)=0  sim=251.0s
epoch   24750  HO=-0.0236  meanSteps=  2157.6  copy=0.000  A(t)=0  sim=251.5s
epoch   24800  HO=-0.0243  meanSteps=  2189.5  copy=0.000  A(t)=0  sim=252.1s
epoch   24850  HO=-0.0240  meanSteps=  2151.2  copy=0.000  A(t)=0  sim=252.6s
epoch   24900  HO=-0.0230  meanSteps=  2148.1  copy=0.000  A(t)=0  sim=253.1s
epoch   24950  HO=-0.0240  meanSteps=  2108.8  copy=0.000  A(t)=0  sim=253.4s
epoch   25000  HO=-0.0239  meanSteps=  2095.9  copy=0.000  A(t)=0  sim=253.9s
epoch   25050  HO=-0.0236  meanSteps=  2106.1  copy=0.000  A(t)=0  sim=254.5s
epoch   25100  HO=-0.0235  meanSteps=  2112.3  copy=0.000  A(t)=0  sim=255.0s
epoch   25150  HO=-0.0234  meanSteps=  2121.7  copy=0.000  A(t)=0  sim=255.6s
epoch   25200  HO=-0.0225  meanSteps=  2062.4  copy=0.000  A(t)=0  sim=256.0s
epoch   25250  HO=-0.0233  meanSteps=  2082.2  copy=0.000  A(t)=0  sim=256.5s
epoch   25300  HO=-0.0234  meanSteps=  2070.8  copy=0.000  A(t)=0  sim=257.1s
epoch   25350  HO=-0.0231  meanSteps=  2077.9  copy=0.000  A(t)=0  sim=257.7s
epoch   25400  HO=-0.0233  meanSteps=  2015.2  copy=0.000  A(t)=0  sim=258.1s
epoch   25450  HO=-0.0232  meanSteps=  1988.8  copy=0.000  A(t)=0  sim=258.5s
epoch   25500  HO=-0.0230  meanSteps=  2008.4  copy=0.000  A(t)=0  sim=259.1s
epoch   25550  HO=-0.0231  meanSteps=  2016.7  copy=0.000  A(t)=0  sim=259.6s
epoch   25600  HO=-0.0229  meanSteps=  1973.7  copy=0.000  A(t)=0  sim=260.0s
epoch   25650  HO=-0.0231  meanSteps=  1976.2  copy=0.000  A(t)=0  sim=260.5s
epoch   25700  HO=-0.0224  meanSteps=  1966.0  copy=0.000  A(t)=0  sim=261.0s
epoch   25750  HO=-0.0233  meanSteps=  1980.0  copy=0.000  A(t)=0  sim=261.5s
epoch   25800  HO=-0.0237  meanSteps=  1968.0  copy=0.000  A(t)=0  sim=262.0s
epoch   25850  HO=-0.0228  meanSteps=  1938.7  copy=0.000  A(t)=0  sim=262.4s
epoch   25900  HO=-0.0230  meanSteps=  1944.0  copy=0.000  A(t)=0  sim=262.8s
epoch   25950  HO=-0.0233  meanSteps=  1896.9  copy=0.000  A(t)=0  sim=263.5s
epoch   26000  HO=-0.0232  meanSteps=  1854.8  copy=0.000  A(t)=0  sim=263.9s
epoch   26050  HO=-0.0227  meanSteps=  1778.5  copy=0.000  A(t)=0  sim=264.3s
epoch   26100  HO=-0.0234  meanSteps=  1812.5  copy=0.000  A(t)=0  sim=264.8s
epoch   26150  HO=-0.0230  meanSteps=  1836.4  copy=0.000  A(t)=0  sim=265.2s
epoch   26200  HO=-0.0228  meanSteps=  1830.3  copy=0.000  A(t)=0  sim=265.6s
epoch   26250  HO=-0.0230  meanSteps=  1870.9  copy=0.000  A(t)=0  sim=266.2s
epoch   26300  HO=-0.0230  meanSteps=  1873.9  copy=0.000  A(t)=0  sim=266.7s
epoch   26350  HO=-0.0232  meanSteps=  1930.1  copy=0.000  A(t)=0  sim=267.1s
epoch   26400  HO=-0.0227  meanSteps=  1926.1  copy=0.000  A(t)=0  sim=267.6s
epoch   26450  HO=-0.0221  meanSteps=  1878.5  copy=0.000  A(t)=0  sim=268.1s
epoch   26500  HO=-0.0226  meanSteps=  1850.5  copy=0.000  A(t)=0  sim=268.4s
epoch   26550  HO=-0.0225  meanSteps=  1915.7  copy=0.000  A(t)=0  sim=268.9s
epoch   26600  HO=-0.0237  meanSteps=  1916.0  copy=0.000  A(t)=0  sim=269.4s
epoch   26650  HO=-0.0234  meanSteps=  1985.7  copy=0.000  A(t)=0  sim=269.9s
epoch   26700  HO=-0.0231  meanSteps=  1934.4  copy=0.000  A(t)=0  sim=270.3s
epoch   26750  HO=-0.0231  meanSteps=  1988.6  copy=0.000  A(t)=0  sim=270.7s
epoch   26800  HO=-0.0226  meanSteps=  1996.8  copy=0.000  A(t)=0  sim=271.2s
epoch   26850  HO=-0.0216  meanSteps=  2027.1  copy=0.000  A(t)=0  sim=271.6s
epoch   26900  HO=-0.0217  meanSteps=  2070.5  copy=0.000  A(t)=0  sim=272.1s
epoch   26950  HO=-0.0221  meanSteps=  2033.6  copy=0.000  A(t)=0  sim=272.6s
epoch   27000  HO=-0.0230  meanSteps=  2063.8  copy=0.000  A(t)=0  sim=273.2s
epoch   27050  HO=-0.0226  meanSteps=  2070.1  copy=0.000  A(t)=0  sim=273.7s
epoch   27100  HO=-0.0226  meanSteps=  2101.0  copy=0.000  A(t)=0  sim=274.2s
epoch   27150  HO=-0.0222  meanSteps=  2082.7  copy=0.000  A(t)=0  sim=274.6s
epoch   27200  HO=-0.0219  meanSteps=  2092.1  copy=0.000  A(t)=0  sim=275.1s
epoch   27250  HO=-0.0224  meanSteps=  2058.9  copy=0.000  A(t)=0  sim=275.5s
epoch   27300  HO=-0.0229  meanSteps=  2077.5  copy=0.000  A(t)=0  sim=275.9s
epoch   27350  HO=-0.0242  meanSteps=  2157.4  copy=0.000  A(t)=0  sim=276.4s
epoch   27400  HO=-0.0249  meanSteps=  2166.0  copy=0.000  A(t)=0  sim=277.0s
epoch   27450  HO=-0.0237  meanSteps=  2139.6  copy=0.000  A(t)=0  sim=277.5s
epoch   27500  HO=-0.0242  meanSteps=  2162.6  copy=0.000  A(t)=0  sim=277.9s
epoch   27550  HO=-0.0240  meanSteps=  2182.1  copy=0.000  A(t)=0  sim=278.3s
epoch   27600  HO=-0.0238  meanSteps=  2195.6  copy=0.000  A(t)=0  sim=278.9s
epoch   27650  HO=-0.0236  meanSteps=  2164.8  copy=0.000  A(t)=0  sim=279.5s
epoch   27700  HO=-0.0237  meanSteps=  2168.7  copy=0.000  A(t)=0  sim=280.0s
epoch   27750  HO=-0.0234  meanSteps=  2159.8  copy=0.000  A(t)=0  sim=280.4s
epoch   27800  HO=-0.0234  meanSteps=  2175.8  copy=0.000  A(t)=0  sim=281.0s
epoch   27850  HO=-0.0235  meanSteps=  2168.5  copy=0.000  A(t)=0  sim=281.6s
epoch   27900  HO=-0.0237  meanSteps=  2163.9  copy=0.000  A(t)=0  sim=282.2s
epoch   27950  HO=-0.0231  meanSteps=  2166.7  copy=0.000  A(t)=0  sim=282.7s
epoch   28000  HO=-0.0228  meanSteps=  2173.8  copy=0.000  A(t)=0  sim=283.2s
epoch   28050  HO=-0.0228  meanSteps=  2168.8  copy=0.000  A(t)=0  sim=283.8s
epoch   28100  HO=-0.0224  meanSteps=  2138.7  copy=0.000  A(t)=0  sim=284.2s
epoch   28150  HO=-0.0229  meanSteps=  2139.3  copy=0.000  A(t)=0  sim=284.6s
epoch   28200  HO=-0.0235  meanSteps=  2126.6  copy=0.000  A(t)=0  sim=285.1s
epoch   28250  HO=-0.0236  meanSteps=  2182.8  copy=0.000  A(t)=0  sim=285.6s
epoch   28300  HO=-0.0239  meanSteps=  2178.5  copy=0.000  A(t)=0  sim=286.1s
epoch   28350  HO=-0.0241  meanSteps=  2140.5  copy=0.000  A(t)=0  sim=286.6s
epoch   28400  HO=-0.0248  meanSteps=  2149.4  copy=0.000  A(t)=0  sim=287.0s
epoch   28450  HO=-0.0240  meanSteps=  2111.8  copy=0.000  A(t)=0  sim=287.4s
epoch   28500  HO=-0.0230  meanSteps=  2128.5  copy=0.000  A(t)=0  sim=287.9s
epoch   28550  HO=-0.0229  meanSteps=  2170.3  copy=0.000  A(t)=0  sim=288.7s
epoch   28600  HO=-0.0224  meanSteps=  2175.2  copy=0.000  A(t)=0  sim=289.1s
epoch   28650  HO=-0.0221  meanSteps=  2205.6  copy=0.000  A(t)=0  sim=289.6s
epoch   28700  HO=-0.0220  meanSteps=  2225.5  copy=0.000  A(t)=0  sim=290.2s
epoch   28750  HO=-0.0218  meanSteps=  2243.9  copy=0.000  A(t)=0  sim=290.8s
epoch   28800  HO=-0.0230  meanSteps=  2241.5  copy=0.000  A(t)=0  sim=291.2s
epoch   28850  HO=-0.0238  meanSteps=  2224.2  copy=0.000  A(t)=0  sim=291.8s
epoch   28900  HO=-0.0242  meanSteps=  2205.6  copy=0.000  A(t)=0  sim=292.2s
epoch   28950  HO=-0.0241  meanSteps=  2229.2  copy=0.000  A(t)=0  sim=292.8s
epoch   29000  HO=-0.0236  meanSteps=  2195.5  copy=0.000  A(t)=0  sim=293.3s
epoch   29050  HO=-0.0236  meanSteps=  2188.9  copy=0.000  A(t)=0  sim=293.9s
epoch   29100  HO=-0.0236  meanSteps=  2163.5  copy=0.000  A(t)=0  sim=294.3s
epoch   29150  HO=-0.0242  meanSteps=  2120.1  copy=0.000  A(t)=0  sim=295.0s
epoch   29200  HO=-0.0242  meanSteps=  2154.3  copy=0.000  A(t)=0  sim=295.6s
epoch   29250  HO=-0.0235  meanSteps=  2105.4  copy=0.000  A(t)=0  sim=296.1s
epoch   29300  HO=-0.0236  meanSteps=  2103.3  copy=0.000  A(t)=0  sim=296.5s
epoch   29350  HO=-0.0240  meanSteps=  2102.6  copy=0.000  A(t)=0  sim=296.9s
epoch   29400  HO=-0.0237  meanSteps=  2132.4  copy=0.000  A(t)=0  sim=297.5s
epoch   29450  HO=-0.0237  meanSteps=  2093.9  copy=0.000  A(t)=0  sim=298.0s
epoch   29500  HO=-0.0240  meanSteps=  2110.4  copy=0.000  A(t)=0  sim=298.5s
epoch   29550  HO=-0.0236  meanSteps=  2097.2  copy=0.000  A(t)=0  sim=299.0s
epoch   29600  HO=-0.0235  meanSteps=  2046.0  copy=0.000  A(t)=0  sim=299.4s
epoch   29650  HO=-0.0232  meanSteps=  2056.7  copy=0.000  A(t)=0  sim=299.9s
epoch   29700  HO=-0.0233  meanSteps=  2069.5  copy=0.000  A(t)=0  sim=300.3s
epoch   29750  HO=-0.0231  meanSteps=  2092.3  copy=0.000  A(t)=0  sim=301.0s
epoch   29800  HO=-0.0235  meanSteps=  2083.9  copy=0.000  A(t)=0  sim=301.7s
epoch   29850  HO=-0.0232  meanSteps=  2010.7  copy=0.000  A(t)=0  sim=302.1s
epoch   29900  HO=-0.0229  meanSteps=  1984.0  copy=0.000  A(t)=0  sim=302.5s
epoch   29950  HO=-0.0225  meanSteps=  1961.8  copy=0.000  A(t)=0  sim=303.0s
epoch   30000  HO=-0.0239  meanSteps=  1942.4  copy=0.000  A(t)=0  sim=303.4s
epoch   30050  HO=-0.0239  meanSteps=  1911.6  copy=0.000  A(t)=0  sim=303.9s
epoch   30100  HO=-0.0241  meanSteps=  1923.2  copy=0.000  A(t)=0  sim=304.4s
epoch   30150  HO=-0.0238  meanSteps=  1885.5  copy=0.000  A(t)=0  sim=305.0s
epoch   30200  HO=-0.0236  meanSteps=  1897.0  copy=0.000  A(t)=0  sim=305.4s
epoch   30250  HO=-0.0229  meanSteps=  1901.9  copy=0.000  A(t)=0  sim=306.0s
epoch   30300  HO=-0.0237  meanSteps=  1915.1  copy=0.000  A(t)=0  sim=306.5s
epoch   30350  HO=-0.0238  meanSteps=  1970.3  copy=0.000  A(t)=0  sim=306.9s
epoch   30400  HO=-0.0242  meanSteps=  1944.3  copy=0.000  A(t)=0  sim=307.3s
epoch   30450  HO=-0.0249  meanSteps=  1916.6  copy=0.000  A(t)=0  sim=307.8s
epoch   30500  HO=-0.0238  meanSteps=  1942.3  copy=0.000  A(t)=0  sim=308.2s
epoch   30550  HO=-0.0244  meanSteps=  1931.6  copy=0.000  A(t)=0  sim=308.7s
epoch   30600  HO=-0.0246  meanSteps=  1891.1  copy=0.000  A(t)=0  sim=309.2s
epoch   30650  HO=-0.0238  meanSteps=  1883.4  copy=0.000  A(t)=0  sim=309.6s
epoch   30700  HO=-0.0242  meanSteps=  1821.0  copy=0.000  A(t)=0  sim=310.1s
epoch   30750  HO=-0.0243  meanSteps=  1802.0  copy=0.000  A(t)=0  sim=310.6s
epoch   30800  HO=-0.0242  meanSteps=  1776.6  copy=0.000  A(t)=0  sim=311.0s
epoch   30850  HO=-0.0243  meanSteps=  1769.2  copy=0.000  A(t)=0  sim=311.4s
epoch   30900  HO=-0.0256  meanSteps=  1761.8  copy=0.000  A(t)=0  sim=312.0s
epoch   30950  HO=-0.0250  meanSteps=  1712.7  copy=0.000  A(t)=0  sim=312.5s
epoch   31000  HO=-0.0248  meanSteps=  1685.4  copy=0.000  A(t)=0  sim=312.8s
epoch   31050  HO=-0.0240  meanSteps=  1737.2  copy=0.000  A(t)=0  sim=313.2s
epoch   31100  HO=-0.0241  meanSteps=  1803.0  copy=0.000  A(t)=0  sim=313.7s
epoch   31150  HO=-0.0235  meanSteps=  1818.9  copy=0.000  A(t)=0  sim=314.2s
epoch   31200  HO=-0.0243  meanSteps=  1828.9  copy=0.000  A(t)=0  sim=314.6s
epoch   31250  HO=-0.0245  meanSteps=  1821.6  copy=0.000  A(t)=0  sim=315.1s
epoch   31300  HO=-0.0250  meanSteps=  1887.9  copy=0.000  A(t)=0  sim=315.6s
epoch   31350  HO=-0.0251  meanSteps=  1892.8  copy=0.000  A(t)=0  sim=316.1s
epoch   31400  HO=-0.0259  meanSteps=  1854.8  copy=0.000  A(t)=0  sim=316.5s
epoch   31450  HO=-0.0250  meanSteps=  1829.4  copy=0.000  A(t)=0  sim=316.9s
epoch   31500  HO=-0.0246  meanSteps=  1889.1  copy=0.000  A(t)=0  sim=317.3s
epoch   31550  HO=-0.0242  meanSteps=  1835.8  copy=0.000  A(t)=0  sim=317.8s
epoch   31600  HO=-0.0243  meanSteps=  1856.7  copy=0.000  A(t)=0  sim=318.2s
epoch   31650  HO=-0.0247  meanSteps=  1807.8  copy=0.000  A(t)=0  sim=318.7s
epoch   31700  HO=-0.0247  meanSteps=  1758.7  copy=0.000  A(t)=0  sim=319.3s
epoch   31750  HO=-0.0256  meanSteps=  1815.3  copy=0.000  A(t)=0  sim=319.6s
epoch   31800  HO=-0.0256  meanSteps=  1762.9  copy=0.000  A(t)=0  sim=320.1s
epoch   31850  HO=-0.0250  meanSteps=  1751.7  copy=0.000  A(t)=0  sim=320.6s
epoch   31900  HO=-0.0248  meanSteps=  1754.0  copy=0.000  A(t)=0  sim=321.0s
epoch   31950  HO=-0.0241  meanSteps=  1789.5  copy=0.000  A(t)=0  sim=321.5s
epoch   32000  HO=-0.0235  meanSteps=  1828.1  copy=0.000  A(t)=0  sim=322.0s
epoch   32050  HO=-0.0229  meanSteps=  1860.4  copy=0.000  A(t)=0  sim=322.5s
epoch   32100  HO=-0.0233  meanSteps=  1891.6  copy=0.000  A(t)=0  sim=322.8s
epoch   32150  HO=-0.0238  meanSteps=  1881.0  copy=0.000  A(t)=0  sim=323.2s
epoch   32200  HO=-0.0241  meanSteps=  1883.0  copy=0.000  A(t)=0  sim=323.6s
epoch   32250  HO=-0.0239  meanSteps=  1826.2  copy=0.000  A(t)=0  sim=324.0s
epoch   32300  HO=-0.0236  meanSteps=  1849.9  copy=0.000  A(t)=0  sim=324.4s
epoch   32350  HO=-0.0248  meanSteps=  1880.3  copy=0.000  A(t)=0  sim=324.9s
epoch   32400  HO=-0.0254  meanSteps=  1908.5  copy=0.000  A(t)=0  sim=325.4s
epoch   32450  HO=-0.0257  meanSteps=  1893.7  copy=0.000  A(t)=0  sim=325.9s
epoch   32500  HO=-0.0250  meanSteps=  1960.5  copy=0.000  A(t)=0  sim=326.4s
epoch   32550  HO=-0.0253  meanSteps=  2008.9  copy=0.000  A(t)=0  sim=326.9s
epoch   32600  HO=-0.0258  meanSteps=  2044.1  copy=0.000  A(t)=0  sim=327.3s
epoch   32650  HO=-0.0249  meanSteps=  2053.6  copy=0.000  A(t)=0  sim=327.9s
epoch   32700  HO=-0.0248  meanSteps=  2095.1  copy=0.000  A(t)=0  sim=328.4s
epoch   32750  HO=-0.0256  meanSteps=  2096.3  copy=0.000  A(t)=0  sim=329.0s
epoch   32800  HO=-0.0260  meanSteps=  2101.5  copy=0.000  A(t)=0  sim=329.6s
epoch   32850  HO=-0.0257  meanSteps=  2048.5  copy=0.000  A(t)=0  sim=330.1s
epoch   32900  HO=-0.0262  meanSteps=  2051.0  copy=0.000  A(t)=0  sim=330.8s
epoch   32950  HO=-0.0253  meanSteps=  2021.6  copy=0.000  A(t)=0  sim=331.2s
epoch   33000  HO=-0.0251  meanSteps=  2016.2  copy=0.000  A(t)=0  sim=331.8s
epoch   33050  HO=-0.0240  meanSteps=  2009.8  copy=0.000  A(t)=0  sim=332.2s
epoch   33100  HO=-0.0245  meanSteps=  2033.2  copy=0.000  A(t)=0  sim=333.0s
epoch   33150  HO=-0.0244  meanSteps=  2054.9  copy=0.000  A(t)=0  sim=333.5s
epoch   33200  HO=-0.0245  meanSteps=  2018.3  copy=0.000  A(t)=0  sim=334.0s
epoch   33250  HO=-0.0247  meanSteps=  2058.1  copy=0.000  A(t)=0  sim=334.5s
epoch   33300  HO=-0.0246  meanSteps=  2032.2  copy=0.000  A(t)=0  sim=334.9s
epoch   33350  HO=-0.0243  meanSteps=  2011.9  copy=0.000  A(t)=0  sim=335.4s
epoch   33400  HO=-0.0240  meanSteps=  1992.2  copy=0.000  A(t)=0  sim=335.8s
epoch   33450  HO=-0.0242  meanSteps=  1985.1  copy=0.000  A(t)=0  sim=336.3s
epoch   33500  HO=-0.0244  meanSteps=  1942.8  copy=0.000  A(t)=0  sim=336.8s
epoch   33550  HO=-0.0238  meanSteps=  1924.0  copy=0.000  A(t)=0  sim=337.3s
epoch   33600  HO=-0.0235  meanSteps=  1942.7  copy=0.000  A(t)=0  sim=337.7s
epoch   33650  HO=-0.0234  meanSteps=  1932.2  copy=0.000  A(t)=0  sim=338.2s
epoch   33700  HO=-0.0234  meanSteps=  1997.7  copy=0.000  A(t)=0  sim=338.9s
epoch   33750  HO=-0.0231  meanSteps=  1973.6  copy=0.000  A(t)=0  sim=339.4s
epoch   33800  HO=-0.0236  meanSteps=  1980.2  copy=0.000  A(t)=0  sim=339.9s
epoch   33850  HO=-0.0237  meanSteps=  1981.0  copy=0.000  A(t)=0  sim=340.5s
epoch   33900  HO=-0.0237  meanSteps=  1962.4  copy=0.000  A(t)=0  sim=341.0s
epoch   33950  HO=-0.0243  meanSteps=  1968.7  copy=0.000  A(t)=0  sim=341.4s
epoch   34000  HO=-0.0233  meanSteps=  1992.3  copy=0.000  A(t)=0  sim=341.9s
epoch   34050  HO=-0.0234  meanSteps=  1984.1  copy=0.000  A(t)=0  sim=342.4s
epoch   34100  HO=-0.0236  meanSteps=  2001.3  copy=0.000  A(t)=0  sim=342.8s
epoch   34150  HO=-0.0245  meanSteps=  1991.2  copy=0.000  A(t)=0  sim=343.4s
epoch   34200  HO=-0.0249  meanSteps=  1988.6  copy=0.000  A(t)=0  sim=344.1s
epoch   34250  HO=-0.0244  meanSteps=  1943.6  copy=0.000  A(t)=0  sim=344.5s
epoch   34300  HO=-0.0235  meanSteps=  1940.5  copy=0.000  A(t)=0  sim=344.8s
epoch   34350  HO=-0.0238  meanSteps=  1928.1  copy=0.000  A(t)=0  sim=345.2s
epoch   34400  HO=-0.0230  meanSteps=  1884.5  copy=0.000  A(t)=0  sim=345.7s
epoch   34450  HO=-0.0223  meanSteps=  1904.1  copy=0.000  A(t)=0  sim=346.1s
epoch   34500  HO=-0.0226  meanSteps=  1904.7  copy=0.000  A(t)=0  sim=346.7s
epoch   34550  HO=-0.0225  meanSteps=  1895.5  copy=0.000  A(t)=0  sim=347.0s
epoch   34600  HO=-0.0224  meanSteps=  1921.9  copy=0.000  A(t)=0  sim=347.6s
epoch   34650  HO=-0.0236  meanSteps=  1947.4  copy=0.000  A(t)=0  sim=348.0s
epoch   34700  HO=-0.0232  meanSteps=  1984.9  copy=0.000  A(t)=0  sim=348.5s
epoch   34750  HO=-0.0230  meanSteps=  1959.6  copy=0.000  A(t)=0  sim=348.9s
epoch   34800  HO=-0.0226  meanSteps=  1940.3  copy=0.000  A(t)=0  sim=349.4s
epoch   34850  HO=-0.0220  meanSteps=  1913.3  copy=0.000  A(t)=0  sim=350.1s
epoch   34900  HO=-0.0218  meanSteps=  1908.2  copy=0.000  A(t)=0  sim=350.5s
epoch   34950  HO=-0.0227  meanSteps=  1913.6  copy=0.000  A(t)=0  sim=350.9s
epoch   35000  HO=-0.0230  meanSteps=  1855.9  copy=0.000  A(t)=0  sim=351.3s
epoch   35050  HO=-0.0225  meanSteps=  1847.8  copy=0.000  A(t)=0  sim=351.9s
epoch   35100  HO=-0.0225  meanSteps=  1875.1  copy=0.000  A(t)=0  sim=352.3s
epoch   35150  HO=-0.0219  meanSteps=  1866.0  copy=0.000  A(t)=0  sim=352.9s
epoch   35200  HO=-0.0219  meanSteps=  1842.1  copy=0.000  A(t)=0  sim=353.3s
epoch   35250  HO=-0.0227  meanSteps=  1802.8  copy=0.000  A(t)=0  sim=353.7s
epoch   35300  HO=-0.0223  meanSteps=  1794.5  copy=0.000  A(t)=0  sim=354.1s
epoch   35350  HO=-0.0228  meanSteps=  1774.8  copy=0.000  A(t)=0  sim=354.4s
epoch   35400  HO=-0.0232  meanSteps=  1784.6  copy=0.000  A(t)=0  sim=354.8s
epoch   35450  HO=-0.0236  meanSteps=  1812.7  copy=0.000  A(t)=0  sim=355.2s
epoch   35500  HO=-0.0229  meanSteps=  1846.2  copy=0.000  A(t)=0  sim=355.6s
epoch   35550  HO=-0.0230  meanSteps=  1854.8  copy=0.000  A(t)=0  sim=356.1s
epoch   35600  HO=-0.0222  meanSteps=  1821.5  copy=0.000  A(t)=0  sim=356.5s
epoch   35650  HO=-0.0226  meanSteps=  1823.3  copy=0.000  A(t)=0  sim=357.1s
epoch   35700  HO=-0.0224  meanSteps=  1806.3  copy=0.000  A(t)=0  sim=357.5s
epoch   35750  HO=-0.0226  meanSteps=  1815.6  copy=0.000  A(t)=0  sim=357.9s
epoch   35800  HO=-0.0230  meanSteps=  1833.8  copy=0.000  A(t)=0  sim=358.4s
epoch   35850  HO=-0.0232  meanSteps=  1914.3  copy=0.000  A(t)=0  sim=358.9s
epoch   35900  HO=-0.0237  meanSteps=  1893.6  copy=0.000  A(t)=0  sim=359.3s
epoch   35950  HO=-0.0229  meanSteps=  1899.2  copy=0.000  A(t)=0  sim=359.7s
epoch   36000  HO=-0.0227  meanSteps=  1941.0  copy=0.000  A(t)=0  sim=360.2s
epoch   36050  HO=-0.0224  meanSteps=  1942.0  copy=0.000  A(t)=0  sim=360.6s
epoch   36100  HO=-0.0229  meanSteps=  1911.0  copy=0.000  A(t)=0  sim=361.0s
epoch   36150  HO=-0.0232  meanSteps=  1905.1  copy=0.000  A(t)=0  sim=361.4s
epoch   36200  HO=-0.0230  meanSteps=  1882.7  copy=0.000  A(t)=0  sim=361.8s
epoch   36250  HO=-0.0226  meanSteps=  1902.6  copy=0.000  A(t)=0  sim=362.3s
epoch   36300  HO=-0.0222  meanSteps=  1910.4  copy=0.000  A(t)=0  sim=362.7s
epoch   36350  HO=-0.0230  meanSteps=  1850.5  copy=0.000  A(t)=0  sim=363.1s
epoch   36400  HO=-0.0235  meanSteps=  1804.5  copy=0.000  A(t)=0  sim=363.5s
epoch   36450  HO=-0.0236  meanSteps=  1790.4  copy=0.000  A(t)=0  sim=364.0s
epoch   36500  HO=-0.0234  meanSteps=  1758.5  copy=0.000  A(t)=0  sim=364.4s
epoch   36550  HO=-0.0226  meanSteps=  1761.9  copy=0.000  A(t)=0  sim=364.9s
epoch   36600  HO=-0.0223  meanSteps=  1815.8  copy=0.000  A(t)=0  sim=365.4s
epoch   36650  HO=-0.0227  meanSteps=  1796.9  copy=0.000  A(t)=0  sim=366.0s
epoch   36700  HO=-0.0229  meanSteps=  1820.5  copy=0.000  A(t)=0  sim=366.5s
epoch   36750  HO=-0.0231  meanSteps=  1782.5  copy=0.000  A(t)=0  sim=366.8s
epoch   36800  HO=-0.0230  meanSteps=  1842.3  copy=0.000  A(t)=0  sim=367.1s
epoch   36850  HO=-0.0235  meanSteps=  1872.4  copy=0.000  A(t)=0  sim=367.7s
epoch   36900  HO=-0.0233  meanSteps=  1947.2  copy=0.000  A(t)=0  sim=368.3s
epoch   36950  HO=-0.0240  meanSteps=  1920.5  copy=0.000  A(t)=0  sim=368.7s
epoch   37000  HO=-0.0231  meanSteps=  1880.5  copy=0.000  A(t)=0  sim=369.2s
epoch   37050  HO=-0.0235  meanSteps=  1858.3  copy=0.000  A(t)=0  sim=369.6s
epoch   37100  HO=-0.0235  meanSteps=  1856.0  copy=0.000  A(t)=0  sim=370.1s
epoch   37150  HO=-0.0232  meanSteps=  1830.8  copy=0.000  A(t)=0  sim=370.5s
epoch   37200  HO=-0.0228  meanSteps=  1881.2  copy=0.000  A(t)=0  sim=371.0s
epoch   37250  HO=-0.0232  meanSteps=  1860.2  copy=0.000  A(t)=0  sim=371.4s
epoch   37300  HO=-0.0235  meanSteps=  1820.3  copy=0.000  A(t)=0  sim=371.9s
epoch   37350  HO=-0.0238  meanSteps=  1853.5  copy=0.000  A(t)=0  sim=372.2s
epoch   37400  HO=-0.0241  meanSteps=  1865.1  copy=0.000  A(t)=0  sim=372.6s
epoch   37450  HO=-0.0241  meanSteps=  1883.1  copy=0.000  A(t)=0  sim=373.3s
epoch   37500  HO=-0.0242  meanSteps=  1834.3  copy=0.000  A(t)=0  sim=373.7s
epoch   37550  HO=-0.0241  meanSteps=  1817.4  copy=0.000  A(t)=0  sim=374.1s
epoch   37600  HO=-0.0238  meanSteps=  1824.6  copy=0.000  A(t)=0  sim=374.8s
epoch   37650  HO=-0.0238  meanSteps=  1876.3  copy=0.000  A(t)=0  sim=375.2s
epoch   37700  HO=-0.0242  meanSteps=  1877.0  copy=0.000  A(t)=0  sim=375.8s
epoch   37750  HO=-0.0244  meanSteps=  1852.4  copy=0.000  A(t)=0  sim=376.2s
epoch   37800  HO=-0.0238  meanSteps=  1906.3  copy=0.000  A(t)=0  sim=376.7s
epoch   37850  HO=-0.0236  meanSteps=  1897.3  copy=0.000  A(t)=0  sim=377.2s
epoch   37900  HO=-0.0233  meanSteps=  1905.2  copy=0.000  A(t)=0  sim=377.6s
epoch   37950  HO=-0.0225  meanSteps=  1859.5  copy=0.000  A(t)=0  sim=378.1s
epoch   38000  HO=-0.0221  meanSteps=  1898.2  copy=0.000  A(t)=0  sim=378.6s
epoch   38050  HO=-0.0217  meanSteps=  1889.9  copy=0.000  A(t)=0  sim=379.0s
epoch   38100  HO=-0.0214  meanSteps=  1902.3  copy=0.000  A(t)=0  sim=379.4s
epoch   38150  HO=-0.0225  meanSteps=  1929.3  copy=0.000  A(t)=0  sim=379.9s
epoch   38200  HO=-0.0232  meanSteps=  1993.3  copy=0.000  A(t)=0  sim=380.4s
epoch   38250  HO=-0.0233  meanSteps=  1926.5  copy=0.000  A(t)=0  sim=380.9s
epoch   38300  HO=-0.0237  meanSteps=  1942.6  copy=0.000  A(t)=0  sim=381.4s
epoch   38350  HO=-0.0235  meanSteps=  1914.7  copy=0.000  A(t)=0  sim=381.8s
epoch   38400  HO=-0.0227  meanSteps=  1943.1  copy=0.000  A(t)=0  sim=382.4s
epoch   38450  HO=-0.0229  meanSteps=  1928.6  copy=0.000  A(t)=0  sim=382.7s
epoch   38500  HO=-0.0229  meanSteps=  1863.3  copy=0.000  A(t)=0  sim=383.2s
epoch   38550  HO=-0.0238  meanSteps=  1900.9  copy=0.000  A(t)=0  sim=383.7s
epoch   38600  HO=-0.0237  meanSteps=  1889.7  copy=0.000  A(t)=0  sim=384.3s
epoch   38650  HO=-0.0230  meanSteps=  1920.1  copy=0.000  A(t)=0  sim=384.8s
epoch   38700  HO=-0.0231  meanSteps=  1938.8  copy=0.000  A(t)=0  sim=385.2s
epoch   38750  HO=-0.0228  meanSteps=  1888.1  copy=0.000  A(t)=0  sim=385.8s
epoch   38800  HO=-0.0226  meanSteps=  1898.9  copy=0.000  A(t)=0  sim=386.4s
epoch   38850  HO=-0.0221  meanSteps=  1907.1  copy=0.000  A(t)=0  sim=386.9s
epoch   38900  HO=-0.0228  meanSteps=  1923.6  copy=0.000  A(t)=0  sim=387.4s
epoch   38950  HO=-0.0229  meanSteps=  1961.3  copy=0.000  A(t)=0  sim=387.8s
epoch   39000  HO=-0.0228  meanSteps=  1959.9  copy=0.000  A(t)=0  sim=388.3s
epoch   39050  HO=-0.0232  meanSteps=  1945.6  copy=0.000  A(t)=0  sim=388.8s
epoch   39100  HO=-0.0226  meanSteps=  1902.2  copy=0.000  A(t)=0  sim=389.2s
epoch   39150  HO=-0.0225  meanSteps=  1865.1  copy=0.000  A(t)=0  sim=389.6s
epoch   39200  HO=-0.0223  meanSteps=  1856.1  copy=0.000  A(t)=0  sim=390.0s
epoch   39250  HO=-0.0225  meanSteps=  1907.8  copy=0.000  A(t)=0  sim=390.4s
epoch   39300  HO=-0.0227  meanSteps=  1920.4  copy=0.000  A(t)=0  sim=390.8s
epoch   39350  HO=-0.0233  meanSteps=  1888.9  copy=0.000  A(t)=0  sim=391.3s
epoch   39400  HO=-0.0227  meanSteps=  1889.6  copy=0.000  A(t)=0  sim=391.8s
epoch   39450  HO=-0.0236  meanSteps=  1851.3  copy=0.000  A(t)=0  sim=392.5s
epoch   39500  HO=-0.0232  meanSteps=  1868.6  copy=0.000  A(t)=0  sim=393.0s
epoch   39550  HO=-0.0230  meanSteps=  1905.7  copy=0.000  A(t)=0  sim=393.4s
epoch   39600  HO=-0.0227  meanSteps=  1893.8  copy=0.000  A(t)=0  sim=393.8s
epoch   39650  HO=-0.0222  meanSteps=  1915.2  copy=0.000  A(t)=0  sim=394.4s
epoch   39700  HO=-0.0222  meanSteps=  1897.0  copy=0.000  A(t)=0  sim=394.7s
epoch   39750  HO=-0.0220  meanSteps=  1960.2  copy=0.000  A(t)=0  sim=395.2s
epoch   39800  HO=-0.0220  meanSteps=  1931.5  copy=0.000  A(t)=0  sim=395.7s
epoch   39850  HO=-0.0221  meanSteps=  1937.5  copy=0.000  A(t)=0  sim=396.1s
epoch   39900  HO=-0.0222  meanSteps=  1900.0  copy=0.000  A(t)=0  sim=396.7s
epoch   39950  HO=-0.0218  meanSteps=  1913.6  copy=0.000  A(t)=0  sim=397.2s
epoch   40000  HO=-0.0220  meanSteps=  1935.3  copy=0.000  A(t)=0  sim=397.8s
epoch   40050  HO=-0.0223  meanSteps=  1902.0  copy=0.000  A(t)=0  sim=398.3s
epoch   40100  HO=-0.0221  meanSteps=  1956.6  copy=0.000  A(t)=0  sim=398.7s
epoch   40150  HO=-0.0220  meanSteps=  1946.2  copy=0.000  A(t)=0  sim=399.3s
epoch   40200  HO=-0.0224  meanSteps=  2000.8  copy=0.000  A(t)=0  sim=399.7s
epoch   40250  HO=-0.0224  meanSteps=  1987.8  copy=0.000  A(t)=0  sim=400.2s
epoch   40300  HO=-0.0219  meanSteps=  1938.0  copy=0.000  A(t)=0  sim=400.7s
epoch   40350  HO=-0.0222  meanSteps=  1945.6  copy=0.000  A(t)=0  sim=401.2s
epoch   40400  HO=-0.0226  meanSteps=  1952.9  copy=0.000  A(t)=0  sim=401.7s
epoch   40450  HO=-0.0222  meanSteps=  1941.5  copy=0.000  A(t)=0  sim=402.1s
epoch   40500  HO=-0.0224  meanSteps=  1960.8  copy=0.000  A(t)=0  sim=402.5s
epoch   40550  HO=-0.0228  meanSteps=  1927.8  copy=0.000  A(t)=0  sim=403.0s
epoch   40600  HO=-0.0227  meanSteps=  1907.8  copy=0.000  A(t)=0  sim=403.5s
epoch   40650  HO=-0.0221  meanSteps=  1947.3  copy=0.000  A(t)=0  sim=403.8s
epoch   40700  HO=-0.0218  meanSteps=  1919.6  copy=0.000  A(t)=0  sim=404.3s
epoch   40750  HO=-0.0223  meanSteps=  1921.1  copy=0.000  A(t)=0  sim=404.8s
epoch   40800  HO=-0.0225  meanSteps=  1972.6  copy=0.000  A(t)=0  sim=405.4s
epoch   40850  HO=-0.0218  meanSteps=  1981.8  copy=0.000  A(t)=0  sim=405.9s
epoch   40900  HO=-0.0222  meanSteps=  1940.4  copy=0.000  A(t)=0  sim=406.3s
epoch   40950  HO=-0.0226  meanSteps=  1974.0  copy=0.000  A(t)=0  sim=406.9s
epoch   41000  HO=-0.0232  meanSteps=  1975.2  copy=0.000  A(t)=0  sim=407.3s
epoch   41050  HO=-0.0225  meanSteps=  1979.0  copy=0.000  A(t)=0  sim=407.9s
epoch   41100  HO=-0.0225  meanSteps=  1924.1  copy=0.000  A(t)=0  sim=408.3s
epoch   41150  HO=-0.0223  meanSteps=  1935.2  copy=0.000  A(t)=0  sim=408.7s
epoch   41200  HO=-0.0225  meanSteps=  1923.5  copy=0.000  A(t)=0  sim=409.5s
epoch   41250  HO=-0.0227  meanSteps=  1890.4  copy=0.000  A(t)=0  sim=409.9s
epoch   41300  HO=-0.0224  meanSteps=  1896.2  copy=0.000  A(t)=0  sim=410.4s
epoch   41350  HO=-0.0229  meanSteps=  1895.1  copy=0.000  A(t)=0  sim=410.9s
epoch   41400  HO=-0.0232  meanSteps=  1918.8  copy=0.000  A(t)=0  sim=411.4s
epoch   41450  HO=-0.0234  meanSteps=  1855.7  copy=0.000  A(t)=0  sim=411.9s
epoch   41500  HO=-0.0231  meanSteps=  1919.8  copy=0.000  A(t)=0  sim=412.2s
epoch   41550  HO=-0.0235  meanSteps=  1897.0  copy=0.000  A(t)=0  sim=412.7s
epoch   41600  HO=-0.0241  meanSteps=  1863.5  copy=0.000  A(t)=0  sim=413.1s
epoch   41650  HO=-0.0238  meanSteps=  1851.9  copy=0.000  A(t)=0  sim=413.5s
epoch   41700  HO=-0.0240  meanSteps=  1905.4  copy=0.000  A(t)=0  sim=413.9s
epoch   41750  HO=-0.0242  meanSteps=  1912.8  copy=0.000  A(t)=0  sim=414.4s
epoch   41800  HO=-0.0238  meanSteps=  1950.7  copy=0.000  A(t)=0  sim=414.8s
epoch   41850  HO=-0.0230  meanSteps=  1951.3  copy=0.000  A(t)=0  sim=415.4s
epoch   41900  HO=-0.0235  meanSteps=  1969.9  copy=0.000  A(t)=0  sim=415.8s
epoch   41950  HO=-0.0236  meanSteps=  1950.9  copy=0.000  A(t)=0  sim=416.4s
epoch   42000  HO=-0.0235  meanSteps=  1943.0  copy=0.000  A(t)=0  sim=417.0s
epoch   42050  HO=-0.0233  meanSteps=  1918.9  copy=0.000  A(t)=0  sim=417.5s
epoch   42100  HO=-0.0223  meanSteps=  1988.7  copy=0.000  A(t)=0  sim=417.9s
epoch   42150  HO=-0.0231  meanSteps=  1969.3  copy=0.000  A(t)=0  sim=418.3s
epoch   42200  HO=-0.0233  meanSteps=  1944.6  copy=0.000  A(t)=0  sim=419.0s
epoch   42250  HO=-0.0229  meanSteps=  2028.2  copy=0.000  A(t)=0  sim=419.4s
epoch   42300  HO=-0.0224  meanSteps=  2043.9  copy=0.000  A(t)=0  sim=420.2s
epoch   42350  HO=-0.0230  meanSteps=  2033.3  copy=0.000  A(t)=0  sim=420.9s
epoch   42400  HO=-0.0231  meanSteps=  2003.7  copy=0.000  A(t)=0  sim=421.4s
epoch   42450  HO=-0.0237  meanSteps=  1981.7  copy=0.000  A(t)=0  sim=421.9s
epoch   42500  HO=-0.0237  meanSteps=  1984.7  copy=0.000  A(t)=0  sim=422.4s
epoch   42550  HO=-0.0237  meanSteps=  1942.0  copy=0.000  A(t)=0  sim=422.9s
epoch   42600  HO=-0.0247  meanSteps=  1936.5  copy=0.000  A(t)=0  sim=423.3s
epoch   42650  HO=-0.0251  meanSteps=  1896.4  copy=0.000  A(t)=0  sim=423.8s
epoch   42700  HO=-0.0246  meanSteps=  1887.3  copy=0.000  A(t)=0  sim=424.2s
epoch   42750  HO=-0.0242  meanSteps=  1917.4  copy=0.000  A(t)=0  sim=424.7s
epoch   42800  HO=-0.0242  meanSteps=  1935.5  copy=0.000  A(t)=0  sim=425.2s
epoch   42850  HO=-0.0240  meanSteps=  1953.2  copy=0.000  A(t)=0  sim=425.6s
epoch   42900  HO=-0.0239  meanSteps=  1994.2  copy=0.000  A(t)=0  sim=426.1s
epoch   42950  HO=-0.0240  meanSteps=  1996.2  copy=0.000  A(t)=0  sim=426.6s
epoch   43000  HO=-0.0242  meanSteps=  1978.0  copy=0.000  A(t)=0  sim=427.2s
epoch   43050  HO=-0.0244  meanSteps=  1943.5  copy=0.000  A(t)=0  sim=427.5s
epoch   43100  HO=-0.0241  meanSteps=  1971.4  copy=0.000  A(t)=0  sim=428.0s
epoch   43150  HO=-0.0234  meanSteps=  1955.9  copy=0.000  A(t)=0  sim=428.6s
epoch   43200  HO=-0.0231  meanSteps=  1973.3  copy=0.000  A(t)=0  sim=429.0s
epoch   43250  HO=-0.0243  meanSteps=  1934.8  copy=0.000  A(t)=0  sim=429.7s
epoch   43300  HO=-0.0249  meanSteps=  1949.6  copy=0.000  A(t)=0  sim=430.2s
epoch   43350  HO=-0.0251  meanSteps=  1962.6  copy=0.000  A(t)=0  sim=430.9s
epoch   43400  HO=-0.0255  meanSteps=  1972.1  copy=0.000  A(t)=0  sim=431.3s
epoch   43450  HO=-0.0255  meanSteps=  1921.6  copy=0.000  A(t)=0  sim=431.7s
epoch   43500  HO=-0.0256  meanSteps=  1903.8  copy=0.000  A(t)=0  sim=432.3s
epoch   43550  HO=-0.0256  meanSteps=  1865.3  copy=0.000  A(t)=0  sim=432.7s
epoch   43600  HO=-0.0260  meanSteps=  1832.9  copy=0.000  A(t)=0  sim=433.3s
epoch   43650  HO=-0.0262  meanSteps=  1856.5  copy=0.000  A(t)=0  sim=433.7s
epoch   43700  HO=-0.0258  meanSteps=  1808.6  copy=0.000  A(t)=0  sim=434.2s
epoch   43750  HO=-0.0251  meanSteps=  1821.9  copy=0.000  A(t)=0  sim=434.6s
epoch   43800  HO=-0.0251  meanSteps=  1848.2  copy=0.000  A(t)=0  sim=435.0s
epoch   43850  HO=-0.0259  meanSteps=  1867.7  copy=0.000  A(t)=0  sim=435.6s
epoch   43900  HO=-0.0252  meanSteps=  1885.9  copy=0.000  A(t)=0  sim=436.0s
epoch   43950  HO=-0.0258  meanSteps=  1887.7  copy=0.000  A(t)=0  sim=436.4s
epoch   44000  HO=-0.0255  meanSteps=  1834.7  copy=0.000  A(t)=0  sim=436.9s
epoch   44050  HO=-0.0249  meanSteps=  1843.3  copy=0.000  A(t)=0  sim=437.4s
epoch   44100  HO=-0.0243  meanSteps=  1843.0  copy=0.000  A(t)=0  sim=437.8s
epoch   44150  HO=-0.0246  meanSteps=  1809.1  copy=0.000  A(t)=0  sim=438.2s
epoch   44200  HO=-0.0246  meanSteps=  1800.8  copy=0.000  A(t)=0  sim=438.7s
epoch   44250  HO=-0.0241  meanSteps=  1792.6  copy=0.000  A(t)=0  sim=439.1s
epoch   44300  HO=-0.0254  meanSteps=  1784.5  copy=0.000  A(t)=0  sim=439.7s
epoch   44350  HO=-0.0251  meanSteps=  1759.5  copy=0.000  A(t)=0  sim=440.1s
epoch   44400  HO=-0.0251  meanSteps=  1744.4  copy=0.000  A(t)=0  sim=440.7s
epoch   44450  HO=-0.0259  meanSteps=  1760.7  copy=0.000  A(t)=0  sim=441.1s
epoch   44500  HO=-0.0252  meanSteps=  1799.6  copy=0.000  A(t)=0  sim=441.5s
epoch   44550  HO=-0.0253  meanSteps=  1789.4  copy=0.000  A(t)=0  sim=442.0s
epoch   44600  HO=-0.0254  meanSteps=  1739.7  copy=0.000  A(t)=0  sim=442.4s
epoch   44650  HO=-0.0256  meanSteps=  1723.1  copy=0.000  A(t)=0  sim=442.7s
epoch   44700  HO=-0.0251  meanSteps=  1724.9  copy=0.000  A(t)=0  sim=443.2s
epoch   44750  HO=-0.0251  meanSteps=  1680.0  copy=0.000  A(t)=0  sim=443.6s
epoch   44800  HO=-0.0250  meanSteps=  1686.6  copy=0.000  A(t)=0  sim=444.1s
epoch   44850  HO=-0.0255  meanSteps=  1740.4  copy=0.000  A(t)=0  sim=444.4s
epoch   44900  HO=-0.0259  meanSteps=  1718.3  copy=0.000  A(t)=0  sim=444.9s
epoch   44950  HO=-0.0257  meanSteps=  1735.8  copy=0.000  A(t)=0  sim=445.4s
epoch   45000  HO=-0.0254  meanSteps=  1826.3  copy=0.000  A(t)=0  sim=445.7s
epoch   45050  HO=-0.0247  meanSteps=  1797.2  copy=0.000  A(t)=0  sim=446.3s
epoch   45100  HO=-0.0243  meanSteps=  1788.1  copy=0.000  A(t)=0  sim=446.7s
epoch   45150  HO=-0.0239  meanSteps=  1748.1  copy=0.000  A(t)=0  sim=447.1s
epoch   45200  HO=-0.0245  meanSteps=  1729.2  copy=0.000  A(t)=0  sim=447.6s
epoch   45250  HO=-0.0240  meanSteps=  1768.9  copy=0.000  A(t)=0  sim=448.1s
epoch   45300  HO=-0.0236  meanSteps=  1780.1  copy=0.000  A(t)=0  sim=448.4s
epoch   45350  HO=-0.0245  meanSteps=  1825.6  copy=0.000  A(t)=0  sim=448.9s
epoch   45400  HO=-0.0246  meanSteps=  1819.4  copy=0.000  A(t)=0  sim=449.4s
epoch   45450  HO=-0.0247  meanSteps=  1826.4  copy=0.000  A(t)=0  sim=449.9s
epoch   45500  HO=-0.0241  meanSteps=  1753.0  copy=0.000  A(t)=0  sim=450.4s
epoch   45550  HO=-0.0240  meanSteps=  1722.4  copy=0.000  A(t)=0  sim=450.9s
epoch   45600  HO=-0.0235  meanSteps=  1733.2  copy=0.000  A(t)=0  sim=451.3s
epoch   45650  HO=-0.0240  meanSteps=  1738.6  copy=0.000  A(t)=0  sim=451.7s
epoch   45700  HO=-0.0237  meanSteps=  1766.6  copy=0.000  A(t)=0  sim=452.2s
epoch   45750  HO=-0.0233  meanSteps=  1751.0  copy=0.000  A(t)=0  sim=452.5s
epoch   45800  HO=-0.0245  meanSteps=  1751.0  copy=0.000  A(t)=0  sim=453.0s
epoch   45850  HO=-0.0247  meanSteps=  1702.2  copy=0.000  A(t)=0  sim=453.4s
epoch   45900  HO=-0.0243  meanSteps=  1728.0  copy=0.000  A(t)=0  sim=453.9s
epoch   45950  HO=-0.0248  meanSteps=  1764.3  copy=0.000  A(t)=0  sim=454.4s
epoch   46000  HO=-0.0240  meanSteps=  1751.0  copy=0.000  A(t)=0  sim=454.7s
epoch   46050  HO=-0.0240  meanSteps=  1795.2  copy=0.000  A(t)=0  sim=455.3s
epoch   46100  HO=-0.0256  meanSteps=  1858.5  copy=0.000  A(t)=0  sim=455.8s
epoch   46150  HO=-0.0254  meanSteps=  1888.7  copy=0.000  A(t)=0  sim=456.1s
epoch   46200  HO=-0.0256  meanSteps=  1900.6  copy=0.000  A(t)=0  sim=456.5s
epoch   46250  HO=-0.0260  meanSteps=  1860.6  copy=0.000  A(t)=0  sim=456.9s
epoch   46300  HO=-0.0261  meanSteps=  1859.8  copy=0.000  A(t)=0  sim=457.5s
epoch   46350  HO=-0.0258  meanSteps=  1855.1  copy=0.000  A(t)=0  sim=457.9s
epoch   46400  HO=-0.0254  meanSteps=  1794.6  copy=0.000  A(t)=0  sim=458.4s
epoch   46450  HO=-0.0250  meanSteps=  1831.2  copy=0.000  A(t)=0  sim=458.9s
epoch   46500  HO=-0.0252  meanSteps=  1882.6  copy=0.000  A(t)=0  sim=459.3s
epoch   46550  HO=-0.0253  meanSteps=  1882.9  copy=0.000  A(t)=0  sim=459.9s
epoch   46600  HO=-0.0257  meanSteps=  1978.1  copy=0.000  A(t)=0  sim=460.2s
epoch   46650  HO=-0.0259  meanSteps=  1931.2  copy=0.000  A(t)=0  sim=460.8s
epoch   46700  HO=-0.0256  meanSteps=  1882.7  copy=0.000  A(t)=0  sim=461.2s
epoch   46750  HO=-0.0250  meanSteps=  1903.9  copy=0.000  A(t)=0  sim=461.7s
epoch   46800  HO=-0.0254  meanSteps=  1942.0  copy=0.000  A(t)=0  sim=462.2s
epoch   46850  HO=-0.0253  meanSteps=  1895.4  copy=0.000  A(t)=0  sim=462.7s
epoch   46900  HO=-0.0254  meanSteps=  1828.4  copy=0.000  A(t)=0  sim=463.1s
epoch   46950  HO=-0.0256  meanSteps=  1830.5  copy=0.000  A(t)=0  sim=463.5s
epoch   47000  HO=-0.0268  meanSteps=  1777.2  copy=0.000  A(t)=0  sim=463.9s
epoch   47050  HO=-0.0259  meanSteps=  1785.5  copy=0.000  A(t)=0  sim=464.3s
epoch   47100  HO=-0.0261  meanSteps=  1765.6  copy=0.000  A(t)=0  sim=464.6s
epoch   47150  HO=-0.0261  meanSteps=  1762.2  copy=0.000  A(t)=0  sim=465.1s
epoch   47200  HO=-0.0259  meanSteps=  1793.2  copy=0.000  A(t)=0  sim=465.5s
epoch   47250  HO=-0.0258  meanSteps=  1844.1  copy=0.000  A(t)=0  sim=465.9s
epoch   47300  HO=-0.0259  meanSteps=  1817.4  copy=0.000  A(t)=0  sim=466.3s
epoch   47350  HO=-0.0247  meanSteps=  1856.3  copy=0.000  A(t)=0  sim=466.7s
epoch   47400  HO=-0.0247  meanSteps=  1836.9  copy=0.000  A(t)=0  sim=467.2s
epoch   47450  HO=-0.0254  meanSteps=  1859.8  copy=0.000  A(t)=0  sim=467.7s
epoch   47500  HO=-0.0255  meanSteps=  1837.6  copy=0.000  A(t)=0  sim=468.3s
epoch   47550  HO=-0.0250  meanSteps=  1812.2  copy=0.000  A(t)=0  sim=468.7s
epoch   47600  HO=-0.0258  meanSteps=  1777.1  copy=0.000  A(t)=0  sim=469.0s
epoch   47650  HO=-0.0251  meanSteps=  1748.1  copy=0.000  A(t)=0  sim=469.4s
epoch   47700  HO=-0.0250  meanSteps=  1786.0  copy=0.000  A(t)=0  sim=470.0s
epoch   47750  HO=-0.0245  meanSteps=  1817.2  copy=0.000  A(t)=0  sim=470.4s
epoch   47800  HO=-0.0244  meanSteps=  1811.9  copy=0.000  A(t)=0  sim=470.8s
epoch   47850  HO=-0.0247  meanSteps=  1848.1  copy=0.000  A(t)=0  sim=471.1s
epoch   47900  HO=-0.0244  meanSteps=  1867.2  copy=0.000  A(t)=0  sim=471.7s
epoch   47950  HO=-0.0250  meanSteps=  1897.4  copy=0.000  A(t)=0  sim=472.2s
epoch   48000  HO=-0.0248  meanSteps=  1906.1  copy=0.000  A(t)=0  sim=472.5s
epoch   48050  HO=-0.0242  meanSteps=  1914.5  copy=0.000  A(t)=0  sim=473.2s
epoch   48100  HO=-0.0238  meanSteps=  1923.7  copy=0.000  A(t)=0  sim=473.7s
epoch   48150  HO=-0.0241  meanSteps=  1965.4  copy=0.000  A(t)=0  sim=474.0s
epoch   48200  HO=-0.0244  meanSteps=  1946.3  copy=0.000  A(t)=0  sim=474.5s
epoch   48250  HO=-0.0255  meanSteps=  1950.6  copy=0.000  A(t)=0  sim=475.1s
epoch   48300  HO=-0.0250  meanSteps=  1936.6  copy=0.000  A(t)=0  sim=475.7s
epoch   48350  HO=-0.0249  meanSteps=  1962.9  copy=0.000  A(t)=0  sim=476.2s
epoch   48400  HO=-0.0247  meanSteps=  1986.1  copy=0.000  A(t)=0  sim=476.8s
epoch   48450  HO=-0.0243  meanSteps=  1991.9  copy=0.000  A(t)=0  sim=477.2s
epoch   48500  HO=-0.0245  meanSteps=  1997.6  copy=0.000  A(t)=0  sim=477.6s
epoch   48550  HO=-0.0243  meanSteps=  1999.4  copy=0.000  A(t)=0  sim=478.0s
epoch   48600  HO=-0.0244  meanSteps=  1968.5  copy=0.000  A(t)=0  sim=478.7s
epoch   48650  HO=-0.0242  meanSteps=  1974.3  copy=0.000  A(t)=0  sim=479.2s
epoch   48700  HO=-0.0236  meanSteps=  1938.5  copy=0.000  A(t)=0  sim=479.7s
epoch   48750  HO=-0.0244  meanSteps=  1958.4  copy=0.000  A(t)=0  sim=480.1s
epoch   48800  HO=-0.0244  meanSteps=  1922.0  copy=0.000  A(t)=0  sim=480.6s
epoch   48850  HO=-0.0248  meanSteps=  1938.5  copy=0.000  A(t)=0  sim=481.0s
epoch   48900  HO=-0.0247  meanSteps=  1960.3  copy=0.000  A(t)=0  sim=481.7s
epoch   48950  HO=-0.0251  meanSteps=  1967.5  copy=0.000  A(t)=0  sim=482.2s
epoch   49000  HO=-0.0249  meanSteps=  1956.5  copy=0.000  A(t)=0  sim=482.6s
epoch   49050  HO=-0.0252  meanSteps=  1966.1  copy=0.000  A(t)=0  sim=483.1s
epoch   49100  HO=-0.0252  meanSteps=  1959.6  copy=0.000  A(t)=0  sim=483.6s
epoch   49150  HO=-0.0253  meanSteps=  1953.1  copy=0.000  A(t)=0  sim=484.3s
epoch   49200  HO=-0.0251  meanSteps=  1984.5  copy=0.000  A(t)=0  sim=484.7s
epoch   49250  HO=-0.0256  meanSteps=  1984.7  copy=0.000  A(t)=0  sim=485.1s
epoch   49300  HO=-0.0252  meanSteps=  1957.3  copy=0.000  A(t)=0  sim=485.7s
epoch   49350  HO=-0.0247  meanSteps=  1913.4  copy=0.000  A(t)=0  sim=486.2s
epoch   49400  HO=-0.0238  meanSteps=  1915.7  copy=0.000  A(t)=0  sim=486.6s
epoch   49450  HO=-0.0242  meanSteps=  1969.4  copy=0.000  A(t)=0  sim=487.1s
epoch   49500  HO=-0.0241  meanSteps=  1989.0  copy=0.000  A(t)=0  sim=487.6s
epoch   49550  HO=-0.0244  meanSteps=  1997.0  copy=0.000  A(t)=0  sim=488.1s
epoch   49600  HO=-0.0243  meanSteps=  1985.4  copy=0.000  A(t)=0  sim=488.8s
epoch   49650  HO=-0.0236  meanSteps=  2031.7  copy=0.000  A(t)=0  sim=489.3s
epoch   49700  HO=-0.0237  meanSteps=  2010.3  copy=0.000  A(t)=0  sim=489.8s
epoch   49750  HO=-0.0242  meanSteps=  1993.2  copy=0.000  A(t)=0  sim=490.3s
epoch   49800  HO=-0.0246  meanSteps=  1998.1  copy=0.000  A(t)=0  sim=490.9s
epoch   49850  HO=-0.0241  meanSteps=  1979.2  copy=0.000  A(t)=0  sim=491.3s
epoch   49900  HO=-0.0239  meanSteps=  1973.7  copy=0.000  A(t)=0  sim=492.0s
epoch   49950  HO=-0.0238  meanSteps=  1967.2  copy=0.000  A(t)=0  sim=492.3s
epoch   50000  HO=-0.0238  meanSteps=  1944.8  copy=0.000  A(t)=0  sim=492.8s
done: 50000 epochs in 527.8s wall (492.8s simulating), runs/ringv_nocopy_s1
