epoch       0  HO=-0.0059  meanSteps=     0.0  copy=0.000  A(t)=0  sim=0.0s
epoch      50  HO=0.1725  meanSteps=  1467.6  copy=0.538  A(t)=0  sim=0.2s
epoch     100  HO=0.2518  meanSteps=  1557.7  copy=0.572  A(t)=0  sim=0.4s
epoch     150  HO=0.3522  meanSteps=  1578.7  copy=0.596  A(t)=0  sim=0.6s
epoch     200  HO=0.4250  meanSteps=  1516.1  copy=0.613  A(t)=0  sim=0.8s
epoch     250  HO=0.4932  meanSteps=  1448.6  copy=0.614  A(t)=14  sim=0.9s
epoch     300  HO=0.5480  meanSteps=  1366.7  copy=0.618  A(t)=14  sim=1.1s
epoch     350  HO=0.5917  meanSteps=  1363.5  copy=0.615  A(t)=16  sim=1.3s
epoch     400  HO=0.6168  meanSteps=  1333.1  copy=0.613  A(t)=16  sim=1.5s
epoch     450  HO=0.6407  meanSteps=  1299.5  copy=0.615  A(t)=16  sim=1.6s
epoch     500  HO=0.6648  meanSteps=  1331.4  copy=0.602  A(t)=19  sim=1.8s
epoch     550  HO=0.7010  meanSteps=  1305.9  copy=0.606  A(t)=20  sim=2.0s
epoch     600  HO=0.7416  meanSteps=  1298.6  copy=0.606  A(t)=20  sim=2.1s
epoch     650  HO=0.7533  meanSteps=  1306.7  copy=0.604  A(t)=21  sim=2.3s
epoch     700  HO=0.8184  meanSteps=  1306.1  copy=0.607  A(t)=21  sim=2.5s
epoch     750  HO=0.8284  meanSteps=  1310.5  copy=0.617  A(t)=27  sim=2.7s
epoch     800  HO=0.8770  meanSteps=  1222.9  copy=0.614  A(t)=29  sim=2.8s
epoch     850  HO=0.9143  meanSteps=  1140.5  copy=0.605  A(t)=34  sim=3.0s
epoch     900  HO=0.9436  meanSteps=  1094.8  copy=0.603  A(t)=34  sim=3.2s
epoch     950  HO=0.9751  meanSteps=  1060.7  copy=0.598  A(t)=36  sim=3.3s
epoch    1000  HO=1.0019  meanSteps=  1073.2  copy=0.600  A(t)=39  sim=3.5s
epoch    1050  HO=1.0405  meanSteps=  1054.8  copy=0.602  A(t)=45  sim=3.7s
epoch    1100  HO=1.1013  meanSteps=  1050.7  copy=0.602  A(t)=50  sim=3.8s
epoch    1150  HO=1.1249  meanSteps=  1047.7  copy=0.601  A(t)=55  sim=4.0s
epoch    1200  HO=1.1417  meanSteps=   979.0  copy=0.604  A(t)=64  sim=4.1s
epoch    1250  HO=1.1291  meanSteps=   912.2  copy=0.609  A(t)=77  sim=4.3s
epoch    1300  HO=1.1387  meanSteps=   915.0  copy=0.611  A(t)=89  sim=4.4s
epoch    1350  HO=1.1599  meanSteps=   913.4  copy=0.617  A(t)=91  sim=4.5s
epoch    1400  HO=1.1759  meanSteps=   867.8  copy=0.630  A(t)=104  sim=4.7s
epoch    1450  HO=1.1940  meanSteps=   834.3  copy=0.626  A(t)=105  sim=4.8s
epoch    1500  HO=1.1963  meanSteps=   795.2  copy=0.641  A(t)=114  sim=4.9s
epoch    1550  HO=1.1884  meanSteps=   762.1  copy=0.665  A(t)=115  sim=5.1s
epoch    1600  HO=1.2080  meanSteps=   754.3  copy=0.671  A(t)=118  sim=5.2s
epoch    1650  HO=1.2304  meanSteps=   719.0  copy=0.689  A(t)=125  sim=5.3s
epoch    1700  HO=1.2861  meanSteps=   670.6  copy=0.687  A(t)=130  sim=5.5s
epoch    1750  HO=1.2799  meanSteps=   633.6  copy=0.678  A(t)=139  sim=5.6s
epoch    1800  HO=1.2843  meanSteps=   596.6  copy=0.659  A(t)=154  sim=5.7s
epoch    1850  HO=1.2376  meanSteps=   595.0  copy=0.658  A(t)=154  sim=5.8s
epoch    1900  HO=1.2665  meanSteps=   533.6  copy=0.665  A(t)=166  sim=5.9s
epoch    1950  HO=1.2872  meanSteps=   515.1  copy=0.673  A(t)=173  sim=6.0s
epoch    2000  HO=1.2748  meanSteps=   482.6  copy=0.690  A(t)=189  sim=6.1s
epoch    2050  HO=1.2482  meanSteps=   476.3  copy=0.689  A(t)=202  sim=6.3s
epoch    2100  HO=1.2644  meanSteps=   450.0  copy=0.694  A(t)=206  sim=6.4s
epoch    2150  HO=1.2615  meanSteps=   434.8  copy=0.719  A(t)=234  sim=6.5s
epoch    2200  HO=1.2502  meanSteps=   416.5  copy=0.723  A(t)=247  sim=6.6s
epoch    2250  HO=1.2408  meanSteps=   352.3  copy=0.721  A(t)=281  sim=6.7s
epoch    2300  HO=1.2083  meanSteps=   332.3  copy=0.713  A(t)=301  sim=6.7s
epoch    2350  HO=1.1774  meanSteps=   324.3  copy=0.702  A(t)=320  sim=6.8s
epoch    2400  HO=1.1687  meanSteps=   323.3  copy=0.710  A(t)=327  sim=6.9s
epoch    2450  HO=1.1505  meanSteps=   289.9  copy=0.702  A(t)=339  sim=7.0s
epoch    2500  HO=1.1273  meanSteps=   284.3  copy=0.702  A(t)=350  sim=7.1s
epoch    2550  HO=1.1235  meanSteps=   274.8  copy=0.708  A(t)=359  sim=7.2s
epoch    2600  HO=1.0559  meanSteps=   278.3  copy=0.704  A(t)=364  sim=7.3s
epoch    2650  HO=1.0339  meanSteps=   269.5  copy=0.711  A(t)=378  sim=7.4s
epoch    2700  HO=1.0461  meanSteps=   235.3  copy=0.721  A(t)=395  sim=7.4s
epoch    2750  HO=1.0419  meanSteps=   235.1  copy=0.721  A(t)=420  sim=7.5s
epoch    2800  HO=1.0418  meanSteps=   230.4  copy=0.721  A(t)=452  sim=7.6s
epoch    2850  HO=1.0260  meanSteps=   224.0  copy=0.736  A(t)=465  sim=7.7s
epoch    2900  HO=1.0770  meanSteps=   222.3  copy=0.755  A(t)=476  sim=7.8s
epoch    2950  HO=1.0663  meanSteps=   209.5  copy=0.746  A(t)=481  sim=7.9s
epoch    3000  HO=1.1081  meanSteps=   193.5  copy=0.735  A(t)=498  sim=7.9s
epoch    3050  HO=1.1140  meanSteps=   185.8  copy=0.762  A(t)=516  sim=8.0s
epoch    3100  HO=1.0856  meanSteps=   176.1  copy=0.761  A(t)=523  sim=8.1s
epoch    3150  HO=1.0513  meanSteps=   176.8  copy=0.763  A(t)=528  sim=8.2s
epoch    3200  HO=1.0228  meanSteps=   172.7  copy=0.767  A(t)=543  sim=8.3s
epoch    3250  HO=1.0109  meanSteps=   163.4  copy=0.773  A(t)=544  sim=8.3s
epoch    3300  HO=1.0184  meanSteps=   181.5  copy=0.786  A(t)=548  sim=8.4s
epoch    3350  HO=0.9897  meanSteps=   193.6  copy=0.799  A(t)=548  sim=8.5s
epoch    3400  HO=0.9522  meanSteps=   188.4  copy=0.813  A(t)=548  sim=8.6s
epoch    3450  HO=0.9780  meanSteps=   175.6  copy=0.804  A(t)=552  sim=8.6s
epoch    3500  HO=0.9871  meanSteps=   173.1  copy=0.816  A(t)=552  sim=8.7s
epoch    3550  HO=0.9405  meanSteps=   164.2  copy=0.829  A(t)=556  sim=8.8s
epoch    3600  HO=0.9177  meanSteps=   164.5  copy=0.827  A(t)=559  sim=8.9s
epoch    3650  HO=0.8808  meanSteps=   166.0  copy=0.822  A(t)=563  sim=8.9s
epoch    3700  HO=0.9065  meanSteps=   165.8  copy=0.839  A(t)=564  sim=9.0s
epoch    3750  HO=0.8905  meanSteps=   146.6  copy=0.835  A(t)=572  sim=9.1s
epoch    3800  HO=0.9225  meanSteps=   142.6  copy=0.855  A(t)=577  sim=9.2s
epoch    3850  HO=0.9054  meanSteps=   127.9  copy=0.853  A(t)=583  sim=9.2s
epoch    3900  HO=0.8501  meanSteps=   128.1  copy=0.829  A(t)=583  sim=9.3s
epoch    3950  HO=0.8232  meanSteps=   128.2  copy=0.826  A(t)=583  sim=9.4s
epoch    4000  HO=0.8187  meanSteps=   128.5  copy=0.847  A(t)=599  sim=9.4s
epoch    4050  HO=0.7881  meanSteps=   128.5  copy=0.846  A(t)=599  sim=9.5s
epoch    4100  HO=0.7431  meanSteps=   128.8  copy=0.838  A(t)=601  sim=9.6s
epoch    4150  HO=0.6928  meanSteps=   128.8  copy=0.849  A(t)=607  sim=9.6s
epoch    4200  HO=0.7302  meanSteps=   128.8  copy=0.834  A(t)=610  sim=9.7s
epoch    4250  HO=0.6810  meanSteps=   128.6  copy=0.841  A(t)=611  sim=9.8s
epoch    4300  HO=0.6572  meanSteps=   128.6  copy=0.835  A(t)=613  sim=9.8s
epoch    4350  HO=0.6820  meanSteps=   128.6  copy=0.853  A(t)=613  sim=9.9s
epoch    4400  HO=0.6930  meanSteps=   128.6  copy=0.833  A(t)=613  sim=10.0s
epoch    4450  HO=0.6944  meanSteps=   128.6  copy=0.823  A(t)=615  sim=10.1s
epoch    4500  HO=0.6503  meanSteps=   128.5  copy=0.823  A(t)=615  sim=10.1s
epoch    4550  HO=0.6556  meanSteps=   128.6  copy=0.805  A(t)=618  sim=10.2s
epoch    4600  HO=0.6947  meanSteps=   128.7  copy=0.813  A(t)=621  sim=10.3s
epoch    4650  HO=0.7118  meanSteps=   128.8  copy=0.839  A(t)=623  sim=10.3s
epoch    4700  HO=0.6830  meanSteps=   128.9  copy=0.839  A(t)=627  sim=10.4s
epoch    4750  HO=0.7694  meanSteps=   128.7  copy=0.824  A(t)=632  sim=10.5s
epoch    4800  HO=0.7553  meanSteps=   128.5  copy=0.808  A(t)=635  sim=10.5s
epoch    4850  HO=0.7472  meanSteps=   128.6  copy=0.812  A(t)=645  sim=10.6s
epoch    4900  HO=0.7069  meanSteps=   128.4  copy=0.834  A(t)=650  sim=10.7s
epoch    4950  HO=0.7332  meanSteps=   128.6  copy=0.843  A(t)=660  sim=10.8s
epoch    5000  HO=0.7513  meanSteps=   128.6  copy=0.839  A(t)=663  sim=10.8s
epoch    5050  HO=0.7188  meanSteps=   128.6  copy=0.832  A(t)=669  sim=10.9s
epoch    5100  HO=0.6861  meanSteps=   128.5  copy=0.853  A(t)=671  sim=11.0s
epoch    5150  HO=0.6937  meanSteps=   128.5  copy=0.837  A(t)=671  sim=11.0s
epoch    5200  HO=0.6595  meanSteps=   128.6  copy=0.823  A(t)=671  sim=11.1s
epoch    5250  HO=0.6517  meanSteps=   128.7  copy=0.833  A(t)=672  sim=11.2s
epoch    5300  HO=0.6452  meanSteps=   128.9  copy=0.860  A(t)=676  sim=11.2s
epoch    5350  HO=0.6810  meanSteps=   128.9  copy=0.852  A(t)=678  sim=11.3s
epoch    5400  HO=0.6510  meanSteps=   128.8  copy=0.848  A(t)=686  sim=11.4s
epoch    5450  HO=0.6578  meanSteps=   128.7  copy=0.830  A(t)=695  sim=11.4s
epoch    5500  HO=0.6853  meanSteps=   128.8  copy=0.828  A(t)=698  sim=11.5s
epoch    5550  HO=0.7009  meanSteps=   129.0  copy=0.816  A(t)=703  sim=11.6s
epoch    5600  HO=0.7013  meanSteps=   129.0  copy=0.800  A(t)=716  sim=11.7s
epoch    5650  HO=0.7400  meanSteps=   128.9  copy=0.816  A(t)=726  sim=11.7s
epoch    5700  HO=0.6908  meanSteps=   128.8  copy=0.831  A(t)=728  sim=11.8s
epoch    5750  HO=0.7241  meanSteps=   129.5  copy=0.835  A(t)=759  sim=11.9s
epoch    5800  HO=0.6866  meanSteps=   144.2  copy=0.842  A(t)=764  sim=11.9s
epoch    5850  HO=0.7158  meanSteps=   136.1  copy=0.851  A(t)=771  sim=12.0s
epoch    5900  HO=0.7207  meanSteps=   128.9  copy=0.851  A(t)=774  sim=12.1s
epoch    5950  HO=0.6954  meanSteps=   128.8  copy=0.847  A(t)=780  sim=12.1s
epoch    6000  HO=0.6685  meanSteps=   128.9  copy=0.836  A(t)=791  sim=12.2s
epoch    6050  HO=0.6977  meanSteps=   128.9  copy=0.827  A(t)=794  sim=12.3s
epoch    6100  HO=0.6916  meanSteps=   128.9  copy=0.832  A(t)=794  sim=12.3s
epoch    6150  HO=0.7159  meanSteps=   129.0  copy=0.833  A(t)=799  sim=12.4s
epoch    6200  HO=0.6904  meanSteps=   128.9  copy=0.824  A(t)=800  sim=12.5s
epoch    6250  HO=0.6449  meanSteps=   128.9  copy=0.814  A(t)=805  sim=12.6s
epoch    6300  HO=0.6913  meanSteps=   128.8  copy=0.817  A(t)=805  sim=12.6s
epoch    6350  HO=0.6891  meanSteps=   128.8  copy=0.806  A(t)=807  sim=12.7s
epoch    6400  HO=0.6848  meanSteps=   128.9  copy=0.802  A(t)=814  sim=12.8s
epoch    6450  HO=0.7562  meanSteps=   128.8  copy=0.816  A(t)=815  sim=12.8s
epoch    6500  HO=0.7174  meanSteps=   128.8  copy=0.837  A(t)=819  sim=12.9s
epoch    6550  HO=0.7871  meanSteps=   128.9  copy=0.847  A(t)=823  sim=13.0s
epoch    6600  HO=0.7812  meanSteps=   128.6  copy=0.838  A(t)=827  sim=13.1s
epoch    6650  HO=0.8022  meanSteps=   128.5  copy=0.820  A(t)=835  sim=13.1s
epoch    6700  HO=0.7804  meanSteps=   128.2  copy=0.819  A(t)=837  sim=13.2s
epoch    6750  HO=0.7766  meanSteps=   128.7  copy=0.836  A(t)=840  sim=13.3s
epoch    6800  HO=0.7782  meanSteps=   128.7  copy=0.820  A(t)=843  sim=13.3s
epoch    6850  HO=0.7714  meanSteps=   128.6  copy=0.814  A(t)=852  sim=13.4s
epoch    6900  HO=0.7620  meanSteps=   128.4  copy=0.814  A(t)=860  sim=13.5s
epoch    6950  HO=0.7633  meanSteps=   128.4  copy=0.829  A(t)=865  sim=13.6s
epoch    7000  HO=0.7433  meanSteps=   128.5  copy=0.828  A(t)=868  sim=13.6s
epoch    7050  HO=0.7230  meanSteps=   128.5  copy=0.817  A(t)=870  sim=13.7s
epoch    7100  HO=0.7518  meanSteps=   128.4  copy=0.813  A(t)=876  sim=13.8s
epoch    7150  HO=0.7545  meanSteps=   128.4  copy=0.828  A(t)=880  sim=13.8s
epoch    7200  HO=0.8266  meanSteps=   128.5  copy=0.828  A(t)=881  sim=13.9s
epoch    7250  HO=0.7867  meanSteps=   129.1  copy=0.854  A(t)=885  sim=14.0s
epoch    7300  HO=0.8000  meanSteps=   129.5  copy=0.863  A(t)=885  sim=14.0s
epoch    7350  HO=0.8273  meanSteps=   128.9  copy=0.857  A(t)=889  sim=14.1s
epoch    7400  HO=0.8060  meanSteps=   128.9  copy=0.846  A(t)=891  sim=14.2s
epoch    7450  HO=0.8012  meanSteps=   128.9  copy=0.845  A(t)=891  sim=14.3s
epoch    7500  HO=0.7656  meanSteps=   128.9  copy=0.853  A(t)=893  sim=14.3s
epoch    7550  HO=0.7950  meanSteps=   129.0  copy=0.849  A(t)=901  sim=14.4s
epoch    7600  HO=0.7833  meanSteps=   128.8  copy=0.837  A(t)=902  sim=14.5s
epoch    7650  HO=0.8112  meanSteps=   128.7  copy=0.823  A(t)=910  sim=14.5s
epoch    7700  HO=0.7572  meanSteps=   128.7  copy=0.831  A(t)=919  sim=14.6s
epoch    7750  HO=0.7376  meanSteps=   128.7  copy=0.856  A(t)=920  sim=14.7s
epoch    7800  HO=0.7296  meanSteps=   128.6  copy=0.851  A(t)=921  sim=14.7s
epoch    7850  HO=0.7372  meanSteps=   128.7  copy=0.835  A(t)=923  sim=14.8s
epoch    7900  HO=0.7385  meanSteps=   128.7  copy=0.828  A(t)=929  sim=14.9s
epoch    7950  HO=0.7421  meanSteps=   128.8  copy=0.829  A(t)=939  sim=15.0s
epoch    8000  HO=0.7617  meanSteps=   128.7  copy=0.828  A(t)=941  sim=15.0s
epoch    8050  HO=0.7630  meanSteps=   128.6  copy=0.853  A(t)=957  sim=15.1s
epoch    8100  HO=0.7650  meanSteps=   129.0  copy=0.844  A(t)=959  sim=15.2s
epoch    8150  HO=0.8108  meanSteps=   128.9  copy=0.845  A(t)=964  sim=15.3s
epoch    8200  HO=0.7713  meanSteps=   128.6  copy=0.848  A(t)=965  sim=15.3s
epoch    8250  HO=0.7695  meanSteps=   128.7  copy=0.840  A(t)=968  sim=15.4s
epoch    8300  HO=0.7791  meanSteps=   128.7  copy=0.848  A(t)=977  sim=15.5s
epoch    8350  HO=0.7753  meanSteps=   128.9  copy=0.853  A(t)=980  sim=15.5s
epoch    8400  HO=0.7270  meanSteps=   128.9  copy=0.858  A(t)=980  sim=15.6s
epoch    8450  HO=0.7229  meanSteps=   128.9  copy=0.837  A(t)=985  sim=15.7s
epoch    8500  HO=0.7707  meanSteps=   128.8  copy=0.833  A(t)=990  sim=15.7s
epoch    8550  HO=0.7851  meanSteps=   128.9  copy=0.844  A(t)=996  sim=15.8s
epoch    8600  HO=0.7492  meanSteps=   128.9  copy=0.851  A(t)=999  sim=15.9s
epoch    8650  HO=0.7484  meanSteps=   128.9  copy=0.842  A(t)=1004  sim=16.0s
epoch    8700  HO=0.7951  meanSteps=   128.7  copy=0.838  A(t)=1009  sim=16.0s
epoch    8750  HO=0.7534  meanSteps=   128.8  copy=0.842  A(t)=1009  sim=16.1s
epoch    8800  HO=0.8099  meanSteps=   128.9  copy=0.835  A(t)=1011  sim=16.2s
epoch    8850  HO=0.8132  meanSteps=   128.8  copy=0.820  A(t)=1013  sim=16.2s
epoch    8900  HO=0.8080  meanSteps=   128.7  copy=0.825  A(t)=1014  sim=16.3s
epoch    8950  HO=0.7868  meanSteps=   128.5  copy=0.824  A(t)=1015  sim=16.4s
epoch    9000  HO=0.8107  meanSteps=   128.5  copy=0.824  A(t)=1017  sim=16.4s
epoch    9050  HO=0.7850  meanSteps=   128.5  copy=0.837  A(t)=1017  sim=16.5s
epoch    9100  HO=0.8240  meanSteps=   132.6  copy=0.855  A(t)=1018  sim=16.6s
epoch    9150  HO=0.7747  meanSteps=   128.4  copy=0.855  A(t)=1022  sim=16.7s
epoch    9200  HO=0.8390  meanSteps=   128.6  copy=0.863  A(t)=1026  sim=16.7s
epoch    9250  HO=0.7635  meanSteps=   128.8  copy=0.867  A(t)=1030  sim=16.8s
epoch    9300  HO=0.8226  meanSteps=   128.9  copy=0.863  A(t)=1030  sim=16.9s
epoch    9350  HO=0.7691  meanSteps=   128.8  copy=0.878  A(t)=1032  sim=16.9s
epoch    9400  HO=0.7373  meanSteps=   128.8  copy=0.875  A(t)=1033  sim=17.0s
epoch    9450  HO=0.7513  meanSteps=   128.7  copy=0.869  A(t)=1040  sim=17.1s
epoch    9500  HO=0.7807  meanSteps=   128.8  copy=0.855  A(t)=1040  sim=17.1s
epoch    9550  HO=0.8243  meanSteps=   128.9  copy=0.836  A(t)=1049  sim=17.2s
epoch    9600  HO=0.7770  meanSteps=   128.8  copy=0.839  A(t)=1053  sim=17.3s
epoch    9650  HO=0.7838  meanSteps=   128.5  copy=0.831  A(t)=1068  sim=17.4s
epoch    9700  HO=0.7686  meanSteps=   128.5  copy=0.833  A(t)=1069  sim=17.4s
epoch    9750  HO=0.7661  meanSteps=   128.8  copy=0.843  A(t)=1069  sim=17.5s
epoch    9800  HO=0.7394  meanSteps=   128.9  copy=0.845  A(t)=1075  sim=17.6s
epoch    9850  HO=0.7934  meanSteps=   128.9  copy=0.846  A(t)=1077  sim=17.6s
epoch    9900  HO=0.7808  meanSteps=   128.6  copy=0.834  A(t)=1083  sim=17.7s
epoch    9950  HO=0.7818  meanSteps=   128.7  copy=0.834  A(t)=1087  sim=17.8s
epoch   10000  HO=0.8130  meanSteps=   128.8  copy=0.850  A(t)=1090  sim=17.8s
epoch   10050  HO=0.8589  meanSteps=   128.7  copy=0.841  A(t)=1091  sim=17.9s
epoch   10100  HO=0.8484  meanSteps=   128.6  copy=0.854  A(t)=1097  sim=18.0s
epoch   10150  HO=0.8394  meanSteps=   128.8  copy=0.859  A(t)=1100  sim=18.0s
epoch   10200  HO=0.8286  meanSteps=   128.9  copy=0.871  A(t)=1108  sim=18.1s
epoch   10250  HO=0.8253  meanSteps=   129.0  copy=0.845  A(t)=1109  sim=18.2s
epoch   10300  HO=0.7866  meanSteps=   128.9  copy=0.847  A(t)=1112  sim=18.3s
epoch   10350  HO=0.7474  meanSteps=   129.8  copy=0.829  A(t)=1120  sim=18.3s
epoch   10400  HO=0.7879  meanSteps=   131.9  copy=0.842  A(t)=1124  sim=18.4s
epoch   10450  HO=0.7663  meanSteps=   133.5  copy=0.846  A(t)=1125  sim=18.5s
epoch   10500  HO=0.7908  meanSteps=   132.5  copy=0.844  A(t)=1127  sim=18.6s
epoch   10550  HO=0.7873  meanSteps=   144.6  copy=0.839  A(t)=1140  sim=18.6s
epoch   10600  HO=0.7880  meanSteps=   129.5  copy=0.827  A(t)=1145  sim=18.7s
epoch   10650  HO=0.7687  meanSteps=   128.8  copy=0.803  A(t)=1150  sim=18.8s
epoch   10700  HO=0.7561  meanSteps=   128.7  copy=0.791  A(t)=1154  sim=18.8s
epoch   10750  HO=0.7487  meanSteps=   128.7  copy=0.775  A(t)=1155  sim=18.9s
epoch   10800  HO=0.7510  meanSteps=   128.9  copy=0.797  A(t)=1159  sim=19.0s
epoch   10850  HO=0.7726  meanSteps=   128.9  copy=0.825  A(t)=1182  sim=19.0s
epoch   10900  HO=0.7153  meanSteps=   128.6  copy=0.815  A(t)=1182  sim=19.1s
epoch   10950  HO=0.7303  meanSteps=   128.7  copy=0.825  A(t)=1182  sim=19.2s
epoch   11000  HO=0.7069  meanSteps=   128.8  copy=0.843  A(t)=1183  sim=19.3s
epoch   11050  HO=0.7383  meanSteps=   128.9  copy=0.837  A(t)=1183  sim=19.3s
epoch   11100  HO=0.7896  meanSteps=   128.7  copy=0.832  A(t)=1187  sim=19.4s
epoch   11150  HO=0.7620  meanSteps=   133.5  copy=0.843  A(t)=1191  sim=19.5s
epoch   11200  HO=0.7269  meanSteps=   128.9  copy=0.847  A(t)=1193  sim=19.5s
epoch   11250  HO=0.7123  meanSteps=   128.9  copy=0.843  A(t)=1195  sim=19.6s
epoch   11300  HO=0.6766  meanSteps=   129.0  copy=0.857  A(t)=1207  sim=19.7s
epoch   11350  HO=0.6804  meanSteps=   129.0  copy=0.854  A(t)=1212  sim=19.7s
epoch   11400  HO=0.7167  meanSteps=   128.9  copy=0.847  A(t)=1217  sim=19.8s
epoch   11450  HO=0.6616  meanSteps=   128.9  copy=0.842  A(t)=1224  sim=19.9s
epoch   11500  HO=0.6634  meanSteps=   129.0  copy=0.846  A(t)=1237  sim=19.9s
epoch   11550  HO=0.6865  meanSteps=   128.9  copy=0.841  A(t)=1244  sim=20.0s
epoch   11600  HO=0.7059  meanSteps=   129.0  copy=0.838  A(t)=1249  sim=20.1s
epoch   11650  HO=0.6399  meanSteps=   129.2  copy=0.826  A(t)=1249  sim=20.2s
epoch   11700  HO=0.6079  meanSteps=   129.2  copy=0.831  A(t)=1256  sim=20.2s
epoch   11750  HO=0.5907  meanSteps=   129.0  copy=0.842  A(t)=1263  sim=20.3s
epoch   11800  HO=0.6044  meanSteps=   128.7  copy=0.840  A(t)=1265  sim=20.4s
epoch   11850  HO=0.6189  meanSteps=   128.8  copy=0.844  A(t)=1275  sim=20.4s
epoch   11900  HO=0.6571  meanSteps=   128.9  copy=0.845  A(t)=1278  sim=20.5s
epoch   11950  HO=0.6038  meanSteps=   129.0  copy=0.809  A(t)=1286  sim=20.6s
epoch   12000  HO=0.6132  meanSteps=   129.0  copy=0.801  A(t)=1286  sim=20.6s
epoch   12050  HO=0.6303  meanSteps=   129.0  copy=0.828  A(t)=1299  sim=20.7s
epoch   12100  HO=0.6177  meanSteps=   128.8  copy=0.853  A(t)=1304  sim=20.8s
epoch   12150  HO=0.5848  meanSteps=   128.4  copy=0.851  A(t)=1306  sim=20.8s
epoch   12200  HO=0.6036  meanSteps=   130.5  copy=0.853  A(t)=1306  sim=20.9s
epoch   12250  HO=0.6378  meanSteps=   128.5  copy=0.853  A(t)=1306  sim=21.0s
epoch   12300  HO=0.6251  meanSteps=   128.6  copy=0.864  A(t)=1307  sim=21.1s
epoch   12350  HO=0.5914  meanSteps=   128.5  copy=0.863  A(t)=1309  sim=21.1s
epoch   12400  HO=0.5772  meanSteps=   128.6  copy=0.836  A(t)=1310  sim=21.2s
epoch   12450  HO=0.5806  meanSteps=   128.4  copy=0.827  A(t)=1310  sim=21.3s
epoch   12500  HO=0.5419  meanSteps=   128.5  copy=0.838  A(t)=1310  sim=21.3s
epoch   12550  HO=0.5244  meanSteps=   128.5  copy=0.852  A(t)=1310  sim=21.4s
epoch   12600  HO=0.5370  meanSteps=   128.7  copy=0.848  A(t)=1316  sim=21.5s
epoch   12650  HO=0.5197  meanSteps=   128.6  copy=0.851  A(t)=1316  sim=21.5s
epoch   12700  HO=0.5212  meanSteps=   128.8  copy=0.860  A(t)=1317  sim=21.6s
epoch   12750  HO=0.4892  meanSteps=   128.7  copy=0.847  A(t)=1319  sim=21.7s
epoch   12800  HO=0.5349  meanSteps=   128.6  copy=0.845  A(t)=1319  sim=21.8s
epoch   12850  HO=0.5211  meanSteps=   128.5  copy=0.821  A(t)=1321  sim=21.8s
epoch   12900  HO=0.5215  meanSteps=   131.5  copy=0.828  A(t)=1324  sim=21.9s
epoch   12950  HO=0.5148  meanSteps=   133.7  copy=0.813  A(t)=1324  sim=22.0s
epoch   13000  HO=0.5107  meanSteps=   128.6  copy=0.813  A(t)=1338  sim=22.0s
epoch   13050  HO=0.5379  meanSteps=   128.4  copy=0.827  A(t)=1346  sim=22.1s
epoch   13100  HO=0.5945  meanSteps=   128.6  copy=0.841  A(t)=1353  sim=22.2s
epoch   13150  HO=0.6100  meanSteps=   128.8  copy=0.826  A(t)=1365  sim=22.3s
epoch   13200  HO=0.5867  meanSteps=   128.7  copy=0.817  A(t)=1367  sim=22.3s
epoch   13250  HO=0.5603  meanSteps=   128.8  copy=0.841  A(t)=1373  sim=22.4s
epoch   13300  HO=0.5841  meanSteps=   128.8  copy=0.834  A(t)=1373  sim=22.5s
epoch   13350  HO=0.5369  meanSteps=   128.7  copy=0.824  A(t)=1375  sim=22.5s
epoch   13400  HO=0.5225  meanSteps=   128.7  copy=0.814  A(t)=1379  sim=22.6s
epoch   13450  HO=0.5502  meanSteps=   128.8  copy=0.818  A(t)=1380  sim=22.7s
epoch   13500  HO=0.5881  meanSteps=   128.9  copy=0.801  A(t)=1391  sim=22.8s
epoch   13550  HO=0.6210  meanSteps=   129.0  copy=0.805  A(t)=1391  sim=22.8s
epoch   13600  HO=0.6171  meanSteps=   128.9  copy=0.804  A(t)=1391  sim=22.9s
epoch   13650  HO=0.6298  meanSteps=   129.0  copy=0.824  A(t)=1395  sim=23.0s
epoch   13700  HO=0.6398  meanSteps=   129.0  copy=0.821  A(t)=1396  sim=23.1s
epoch   13750  HO=0.6140  meanSteps=   129.0  copy=0.837  A(t)=1399  sim=23.1s
epoch   13800  HO=0.5863  meanSteps=   128.8  copy=0.832  A(t)=1400  sim=23.2s
epoch   13850  HO=0.5619  meanSteps=   128.6  copy=0.833  A(t)=1413  sim=23.3s
epoch   13900  HO=0.5754  meanSteps=   128.7  copy=0.820  A(t)=1413  sim=23.3s
epoch   13950  HO=0.5618  meanSteps=   128.9  copy=0.844  A(t)=1413  sim=23.4s
epoch   14000  HO=0.5788  meanSteps=   128.8  copy=0.839  A(t)=1420  sim=23.5s
epoch   14050  HO=0.5162  meanSteps=   128.6  copy=0.837  A(t)=1421  sim=23.5s
epoch   14100  HO=0.4988  meanSteps=   128.7  copy=0.830  A(t)=1426  sim=23.6s
epoch   14150  HO=0.4484  meanSteps=   128.6  copy=0.831  A(t)=1428  sim=23.7s
epoch   14200  HO=0.4308  meanSteps=   128.7  copy=0.837  A(t)=1428  sim=23.7s
epoch   14250  HO=0.4187  meanSteps=   128.8  copy=0.839  A(t)=1432  sim=23.8s
epoch   14300  HO=0.4346  meanSteps=   128.8  copy=0.854  A(t)=1432  sim=23.9s
epoch   14350  HO=0.3821  meanSteps=   128.7  copy=0.862  A(t)=1432  sim=23.9s
epoch   14400  HO=0.4154  meanSteps=   128.7  copy=0.862  A(t)=1432  sim=24.0s
epoch   14450  HO=0.4021  meanSteps=   128.7  copy=0.859  A(t)=1432  sim=24.1s
epoch   14500  HO=0.3878  meanSteps=   128.9  copy=0.869  A(t)=1441  sim=24.2s
epoch   14550  HO=0.4252  meanSteps=   128.9  copy=0.865  A(t)=1441  sim=24.2s
epoch   14600  HO=0.4224  meanSteps=   129.0  copy=0.862  A(t)=1441  sim=24.3s
epoch   14650  HO=0.3615  meanSteps=   129.0  copy=0.865  A(t)=1452  sim=24.4s
epoch   14700  HO=0.4073  meanSteps=   129.0  copy=0.870  A(t)=1452  sim=24.4s
epoch   14750  HO=0.3839  meanSteps=   129.0  copy=0.869  A(t)=1452  sim=24.5s
epoch   14800  HO=0.3675  meanSteps=   129.0  copy=0.891  A(t)=1452  sim=24.6s
epoch   14850  HO=0.3964  meanSteps=   129.0  copy=0.894  A(t)=1452  sim=24.6s
epoch   14900  HO=0.4086  meanSteps=   129.0  copy=0.893  A(t)=1454  sim=24.7s
epoch   14950  HO=0.4122  meanSteps=   129.0  copy=0.894  A(t)=1454  sim=24.8s
epoch   15000  HO=0.4257  meanSteps=   128.9  copy=0.893  A(t)=1462  sim=24.8s
epoch   15050  HO=0.4693  meanSteps=   128.9  copy=0.890  A(t)=1462  sim=24.9s
epoch   15100  HO=0.4549  meanSteps=   131.6  copy=0.887  A(t)=1462  sim=25.0s
epoch   15150  HO=0.3925  meanSteps=   128.9  copy=0.881  A(t)=1470  sim=25.0s
epoch   15200  HO=0.3699  meanSteps=   129.0  copy=0.884  A(t)=1470  sim=25.1s
epoch   15250  HO=0.3431  meanSteps=   128.8  copy=0.873  A(t)=1470  sim=25.2s
epoch   15300  HO=0.2797  meanSteps=   128.9  copy=0.871  A(t)=1470  sim=25.3s
epoch   15350  HO=0.3265  meanSteps=   129.0  copy=0.862  A(t)=1478  sim=25.3s
epoch   15400  HO=0.3349  meanSteps=   128.9  copy=0.848  A(t)=1482  sim=25.4s
epoch   15450  HO=0.2793  meanSteps=   128.8  copy=0.837  A(t)=1483  sim=25.5s
epoch   15500  HO=0.2728  meanSteps=   128.8  copy=0.850  A(t)=1491  sim=25.5s
epoch   15550  HO=0.2924  meanSteps=   128.8  copy=0.839  A(t)=1506  sim=25.6s
epoch   15600  HO=0.2432  meanSteps=   135.7  copy=0.861  A(t)=1512  sim=25.7s
epoch   15650  HO=0.2505  meanSteps=   132.7  copy=0.873  A(t)=1519  sim=25.7s
epoch   15700  HO=0.2982  meanSteps=   128.8  copy=0.864  A(t)=1522  sim=25.8s
epoch   15750  HO=0.2854  meanSteps=   128.9  copy=0.849  A(t)=1524  sim=25.9s
epoch   15800  HO=0.2936  meanSteps=   128.8  copy=0.859  A(t)=1524  sim=25.9s
epoch   15850  HO=0.3231  meanSteps=   128.8  copy=0.869  A(t)=1536  sim=26.0s
epoch   15900  HO=0.3001  meanSteps=   128.7  copy=0.852  A(t)=1536  sim=26.1s
epoch   15950  HO=0.3519  meanSteps=   128.9  copy=0.845  A(t)=1538  sim=26.2s
epoch   16000  HO=0.3852  meanSteps=   128.5  copy=0.841  A(t)=1539  sim=26.2s
epoch   16050  HO=0.3339  meanSteps=   128.7  copy=0.859  A(t)=1539  sim=26.3s
epoch   16100  HO=0.3825  meanSteps=   128.8  copy=0.841  A(t)=1539  sim=26.4s
epoch   16150  HO=0.3532  meanSteps=   128.9  copy=0.845  A(t)=1541  sim=26.4s
epoch   16200  HO=0.3720  meanSteps=   129.0  copy=0.846  A(t)=1544  sim=26.5s
epoch   16250  HO=0.3635  meanSteps=   128.9  copy=0.864  A(t)=1549  sim=26.6s
epoch   16300  HO=0.3812  meanSteps=   128.4  copy=0.849  A(t)=1553  sim=26.6s
epoch   16350  HO=0.3860  meanSteps=   128.7  copy=0.840  A(t)=1555  sim=26.7s
epoch   16400  HO=0.3289  meanSteps=   128.8  copy=0.853  A(t)=1563  sim=26.8s
epoch   16450  HO=0.3131  meanSteps=   129.0  copy=0.853  A(t)=1570  sim=26.9s
epoch   16500  HO=0.3387  meanSteps=   129.1  copy=0.848  A(t)=1572  sim=26.9s
epoch   16550  HO=0.3483  meanSteps=   132.2  copy=0.827  A(t)=1583  sim=27.0s
epoch   16600  HO=0.3342  meanSteps=   128.9  copy=0.818  A(t)=1590  sim=27.1s
epoch   16650  HO=0.4085  meanSteps=   128.8  copy=0.818  A(t)=1592  sim=27.1s
epoch   16700  HO=0.3909  meanSteps=   128.9  copy=0.836  A(t)=1593  sim=27.2s
epoch   16750  HO=0.4449  meanSteps=   129.0  copy=0.837  A(t)=1593  sim=27.3s
epoch   16800  HO=0.4134  meanSteps=   128.9  copy=0.847  A(t)=1596  sim=27.4s
epoch   16850  HO=0.4237  meanSteps=   128.8  copy=0.856  A(t)=1596  sim=27.4s
epoch   16900  HO=0.4238  meanSteps=   128.8  copy=0.864  A(t)=1597  sim=27.5s
epoch   16950  HO=0.4481  meanSteps=   128.9  copy=0.861  A(t)=1597  sim=27.6s
epoch   17000  HO=0.4092  meanSteps=   128.9  copy=0.856  A(t)=1597  sim=27.6s
epoch   17050  HO=0.4026  meanSteps=   128.7  copy=0.844  A(t)=1602  sim=27.7s
epoch   17100  HO=0.4254  meanSteps=   128.9  copy=0.853  A(t)=1610  sim=27.8s
epoch   17150  HO=0.4339  meanSteps=   128.8  copy=0.863  A(t)=1613  sim=27.9s
epoch   17200  HO=0.4562  meanSteps=   128.8  copy=0.837  A(t)=1621  sim=27.9s
epoch   17250  HO=0.4412  meanSteps=   128.7  copy=0.831  A(t)=1623  sim=28.0s
epoch   17300  HO=0.4359  meanSteps=   128.8  copy=0.824  A(t)=1628  sim=28.1s
epoch   17350  HO=0.4542  meanSteps=   128.8  copy=0.844  A(t)=1631  sim=28.1s
epoch   17400  HO=0.4362  meanSteps=   128.7  copy=0.841  A(t)=1636  sim=28.2s
epoch   17450  HO=0.4994  meanSteps=   128.7  copy=0.848  A(t)=1636  sim=28.3s
epoch   17500  HO=0.5091  meanSteps=   128.8  copy=0.844  A(t)=1636  sim=28.3s
epoch   17550  HO=0.5697  meanSteps=   128.6  copy=0.852  A(t)=1636  sim=28.4s
epoch   17600  HO=0.5735  meanSteps=   128.8  copy=0.842  A(t)=1647  sim=28.5s
epoch   17650  HO=0.5403  meanSteps=   128.7  copy=0.840  A(t)=1656  sim=28.5s
epoch   17700  HO=0.5160  meanSteps=   128.7  copy=0.832  A(t)=1665  sim=28.6s
epoch   17750  HO=0.5422  meanSteps=   128.8  copy=0.846  A(t)=1666  sim=28.7s
epoch   17800  HO=0.5026  meanSteps=   129.0  copy=0.863  A(t)=1666  sim=28.7s
epoch   17850  HO=0.5285  meanSteps=   128.9  copy=0.852  A(t)=1666  sim=28.8s
epoch   17900  HO=0.5227  meanSteps=   128.9  copy=0.834  A(t)=1666  sim=28.9s
epoch   17950  HO=0.5423  meanSteps=   128.8  copy=0.807  A(t)=1673  sim=28.9s
epoch   18000  HO=0.4983  meanSteps=   128.6  copy=0.803  A(t)=1673  sim=29.0s
epoch   18050  HO=0.5284  meanSteps=   128.9  copy=0.800  A(t)=1680  sim=29.1s
epoch   18100  HO=0.5482  meanSteps=   128.9  copy=0.807  A(t)=1690  sim=29.2s
epoch   18150  HO=0.5674  meanSteps=   128.8  copy=0.834  A(t)=1691  sim=29.2s
epoch   18200  HO=0.5581  meanSteps=   128.9  copy=0.832  A(t)=1692  sim=29.3s
epoch   18250  HO=0.5192  meanSteps=   128.8  copy=0.829  A(t)=1697  sim=29.4s
epoch   18300  HO=0.5443  meanSteps=   133.5  copy=0.851  A(t)=1700  sim=29.5s
epoch   18350  HO=0.5401  meanSteps=   140.1  copy=0.843  A(t)=1706  sim=29.5s
epoch   18400  HO=0.5713  meanSteps=   130.4  copy=0.836  A(t)=1706  sim=29.6s
epoch   18450  HO=0.6040  meanSteps=   128.7  copy=0.834  A(t)=1706  sim=29.7s
epoch   18500  HO=0.5662  meanSteps=   128.8  copy=0.828  A(t)=1707  sim=29.7s
epoch   18550  HO=0.5868  meanSteps=   128.7  copy=0.847  A(t)=1716  sim=29.8s
epoch   18600  HO=0.6076  meanSteps=   128.8  copy=0.843  A(t)=1731  sim=29.9s
epoch   18650  HO=0.5762  meanSteps=   129.0  copy=0.834  A(t)=1738  sim=29.9s
epoch   18700  HO=0.5992  meanSteps=   128.9  copy=0.806  A(t)=1738  sim=30.0s
epoch   18750  HO=0.5404  meanSteps=   128.9  copy=0.789  A(t)=1738  sim=30.1s
epoch   18800  HO=0.5936  meanSteps=   128.9  copy=0.785  A(t)=1740  sim=30.1s
epoch   18850  HO=0.5660  meanSteps=   128.9  copy=0.802  A(t)=1753  sim=30.2s
epoch   18900  HO=0.5594  meanSteps=   129.0  copy=0.818  A(t)=1756  sim=30.3s
epoch   18950  HO=0.5547  meanSteps=   128.9  copy=0.840  A(t)=1773  sim=30.4s
epoch   19000  HO=0.5720  meanSteps=   128.8  copy=0.849  A(t)=1773  sim=30.4s
epoch   19050  HO=0.5792  meanSteps=   128.8  copy=0.838  A(t)=1773  sim=30.5s
epoch   19100  HO=0.5280  meanSteps=   129.0  copy=0.831  A(t)=1773  sim=30.6s
epoch   19150  HO=0.5302  meanSteps=   128.8  copy=0.837  A(t)=1775  sim=30.6s
epoch   19200  HO=0.5578  meanSteps=   128.8  copy=0.858  A(t)=1776  sim=30.7s
epoch   19250  HO=0.5540  meanSteps=   128.9  copy=0.858  A(t)=1782  sim=30.8s
epoch   19300  HO=0.6412  meanSteps=   128.9  copy=0.871  A(t)=1782  sim=30.8s
epoch   19350  HO=0.6544  meanSteps=   128.8  copy=0.855  A(t)=1782  sim=30.9s
epoch   19400  HO=0.6114  meanSteps=   129.0  copy=0.857  A(t)=1782  sim=31.0s
epoch   19450  HO=0.5768  meanSteps=   129.0  copy=0.868  A(t)=1784  sim=31.0s
epoch   19500  HO=0.4977  meanSteps=   129.0  copy=0.868  A(t)=1784  sim=31.1s
epoch   19550  HO=0.5339  meanSteps=   128.9  copy=0.868  A(t)=1787  sim=31.2s
epoch   19600  HO=0.5449  meanSteps=   128.8  copy=0.877  A(t)=1787  sim=31.3s
epoch   19650  HO=0.5544  meanSteps=   128.7  copy=0.856  A(t)=1787  sim=31.3s
epoch   19700  HO=0.5356  meanSteps=   128.9  copy=0.846  A(t)=1789  sim=31.4s
epoch   19750  HO=0.6423  meanSteps=   128.7  copy=0.861  A(t)=1790  sim=31.5s
epoch   19800  HO=0.6064  meanSteps=   128.9  copy=0.862  A(t)=1794  sim=31.5s
epoch   19850  HO=0.5990  meanSteps=   128.9  copy=0.847  A(t)=1805  sim=31.6s
epoch   19900  HO=0.5799  meanSteps=   129.0  copy=0.840  A(t)=1805  sim=31.7s
epoch   19950  HO=0.6246  meanSteps=   129.0  copy=0.834  A(t)=1807  sim=31.7s
epoch   20000  HO=0.5447  meanSteps=   129.0  copy=0.850  A(t)=1807  sim=31.8s
epoch   20050  HO=0.5525  meanSteps=   128.8  copy=0.842  A(t)=1815  sim=31.9s
epoch   20100  HO=0.5814  meanSteps=   128.7  copy=0.828  A(t)=1823  sim=32.0s
epoch   20150  HO=0.5552  meanSteps=   128.8  copy=0.820  A(t)=1835  sim=32.0s
epoch   20200  HO=0.5824  meanSteps=   128.9  copy=0.825  A(t)=1839  sim=32.1s
epoch   20250  HO=0.5268  meanSteps=   128.7  copy=0.813  A(t)=1857  sim=32.2s
epoch   20300  HO=0.5519  meanSteps=   128.7  copy=0.825  A(t)=1865  sim=32.2s
epoch   20350  HO=0.5268  meanSteps=   128.8  copy=0.802  A(t)=1865  sim=32.3s
epoch   20400  HO=0.4932  meanSteps=   128.7  copy=0.784  A(t)=1865  sim=32.4s
epoch   20450  HO=0.5119  meanSteps=   128.8  copy=0.786  A(t)=1865  sim=32.4s
epoch   20500  HO=0.5064  meanSteps=   128.8  copy=0.800  A(t)=1877  sim=32.5s
epoch   20550  HO=0.4773  meanSteps=   128.6  copy=0.797  A(t)=1877  sim=32.6s
epoch   20600  HO=0.4563  meanSteps=   128.8  copy=0.809  A(t)=1877  sim=32.7s
epoch   20650  HO=0.4460  meanSteps=   128.9  copy=0.826  A(t)=1882  sim=32.7s
epoch   20700  HO=0.4889  meanSteps=   128.8  copy=0.851  A(t)=1891  sim=32.8s
epoch   20750  HO=0.4736  meanSteps=   128.8  copy=0.869  A(t)=1893  sim=32.9s
epoch   20800  HO=0.5056  meanSteps=   128.7  copy=0.843  A(t)=1894  sim=33.0s
epoch   20850  HO=0.4456  meanSteps=   128.8  copy=0.852  A(t)=1898  sim=33.0s
epoch   20900  HO=0.4030  meanSteps=   128.7  copy=0.840  A(t)=1898  sim=33.1s
epoch   20950  HO=0.3986  meanSteps=   128.9  copy=0.840  A(t)=1907  sim=33.2s
epoch   21000  HO=0.3398  meanSteps=   128.8  copy=0.860  A(t)=1908  sim=33.2s
epoch   21050  HO=0.4135  meanSteps=   128.9  copy=0.869  A(t)=1912  sim=33.3s
epoch   21100  HO=0.4202  meanSteps=   128.9  copy=0.845  A(t)=1919  sim=33.4s
epoch   21150  HO=0.3827  meanSteps=   128.9  copy=0.829  A(t)=1920  sim=33.4s
epoch   21200  HO=0.4063  meanSteps=   128.7  copy=0.831  A(t)=1920  sim=33.5s
epoch   21250  HO=0.3911  meanSteps=   128.7  copy=0.833  A(t)=1920  sim=33.6s
epoch   21300  HO=0.4486  meanSteps=   128.8  copy=0.831  A(t)=1920  sim=33.6s
epoch   21350  HO=0.4710  meanSteps=   128.8  copy=0.845  A(t)=1922  sim=33.7s
epoch   21400  HO=0.4704  meanSteps=   128.7  copy=0.824  A(t)=1922  sim=33.8s
epoch   21450  HO=0.4593  meanSteps=   128.7  copy=0.824  A(t)=1924  sim=33.9s
epoch   21500  HO=0.4222  meanSteps=   128.5  copy=0.823  A(t)=1929  sim=33.9s
epoch   21550  HO=0.4049  meanSteps=   128.7  copy=0.839  A(t)=1937  sim=34.0s
epoch   21600  HO=0.4140  meanSteps=   128.6  copy=0.831  A(t)=1937  sim=34.1s
epoch   21650  HO=0.3798  meanSteps=   128.8  copy=0.830  A(t)=1937  sim=34.1s
epoch   21700  HO=0.4056  meanSteps=   128.8  copy=0.830  A(t)=1937  sim=34.2s
epoch   21750  HO=0.3731  meanSteps=   128.7  copy=0.836  A(t)=1939  sim=34.3s
epoch   21800  HO=0.3864  meanSteps=   128.7  copy=0.833  A(t)=1939  sim=34.4s
epoch   21850  HO=0.3588  meanSteps=   128.8  copy=0.835  A(t)=1941  sim=34.4s
epoch   21900  HO=0.3381  meanSteps=   128.7  copy=0.835  A(t)=1944  sim=34.6s
epoch   21950  HO=0.2907  meanSteps=   128.9  copy=0.832  A(t)=1944  sim=34.6s
epoch   22000  HO=0.3139  meanSteps=   129.0  copy=0.817  A(t)=1945  sim=34.7s
epoch   22050  HO=0.3209  meanSteps=   129.0  copy=0.822  A(t)=1951  sim=34.8s
epoch   22100  HO=0.3452  meanSteps=   128.9  copy=0.810  A(t)=1954  sim=34.9s
epoch   22150  HO=0.2469  meanSteps=   128.9  copy=0.813  A(t)=1954  sim=34.9s
epoch   22200  HO=0.3164  meanSteps=   129.0  copy=0.800  A(t)=1955  sim=35.0s
epoch   22250  HO=0.2502  meanSteps=   128.8  copy=0.800  A(t)=1967  sim=35.1s
epoch   22300  HO=0.2695  meanSteps=   128.7  copy=0.793  A(t)=1967  sim=35.1s
epoch   22350  HO=0.2436  meanSteps=   128.9  copy=0.804  A(t)=1968  sim=35.2s
epoch   22400  HO=0.2703  meanSteps=   128.8  copy=0.821  A(t)=1968  sim=35.3s
epoch   22450  HO=0.2354  meanSteps=   128.8  copy=0.813  A(t)=1968  sim=35.4s
epoch   22500  HO=0.2551  meanSteps=   128.9  copy=0.804  A(t)=1974  sim=35.4s
epoch   22550  HO=0.2673  meanSteps=   128.8  copy=0.815  A(t)=1974  sim=35.5s
epoch   22600  HO=0.2843  meanSteps=   128.9  copy=0.836  A(t)=1974  sim=35.6s
epoch   22650  HO=0.2899  meanSteps=   128.9  copy=0.839  A(t)=1974  sim=35.6s
epoch   22700  HO=0.2650  meanSteps=   128.9  copy=0.833  A(t)=1976  sim=35.7s
epoch   22750  HO=0.2983  meanSteps=   128.7  copy=0.829  A(t)=1976  sim=35.8s
epoch   22800  HO=0.3308  meanSteps=   128.7  copy=0.824  A(t)=1977  sim=35.8s
epoch   22850  HO=0.3150  meanSteps=   128.7  copy=0.804  A(t)=1980  sim=35.9s
epoch   22900  HO=0.3512  meanSteps=   128.9  copy=0.809  A(t)=1987  sim=36.0s
epoch   22950  HO=0.3319  meanSteps=   128.8  copy=0.810  A(t)=1992  sim=36.0s
epoch   23000  HO=0.3392  meanSteps=   128.8  copy=0.810  A(t)=1993  sim=36.1s
epoch   23050  HO=0.3178  meanSteps=   128.9  copy=0.808  A(t)=2001  sim=36.2s
epoch   23100  HO=0.3195  meanSteps=   129.0  copy=0.822  A(t)=2003  sim=36.3s
epoch   23150  HO=0.3240  meanSteps=   129.0  copy=0.840  A(t)=2003  sim=36.3s
epoch   23200  HO=0.3393  meanSteps=   129.0  copy=0.847  A(t)=2003  sim=36.4s
epoch   23250  HO=0.3809  meanSteps=   128.7  copy=0.849  A(t)=2009  sim=36.5s
epoch   23300  HO=0.4145  meanSteps=   128.6  copy=0.860  A(t)=2009  sim=36.5s
epoch   23350  HO=0.3811  meanSteps=   128.8  copy=0.872  A(t)=2010  sim=36.6s
epoch   23400  HO=0.3958  meanSteps=   128.6  copy=0.844  A(t)=2010  sim=36.7s
epoch   23450  HO=0.3567  meanSteps=   128.8  copy=0.858  A(t)=2010  sim=36.7s
epoch   23500  HO=0.3721  meanSteps=   128.7  copy=0.840  A(t)=2012  sim=36.8s
epoch   23550  HO=0.3416  meanSteps=   128.6  copy=0.830  A(t)=2019  sim=36.9s
epoch   23600  HO=0.3425  meanSteps=   128.5  copy=0.836  A(t)=2019  sim=37.0s
epoch   23650  HO=0.2395  meanSteps=   128.9  copy=0.813  A(t)=2019  sim=37.0s
epoch   23700  HO=0.2428  meanSteps=   128.8  copy=0.794  A(t)=2031  sim=37.1s
epoch   23750  HO=0.2237  meanSteps=   128.8  copy=0.790  A(t)=2039  sim=37.2s
epoch   23800  HO=0.1670  meanSteps=   128.8  copy=0.825  A(t)=2039  sim=37.2s
epoch   23850  HO=0.1449  meanSteps=   128.8  copy=0.832  A(t)=2039  sim=37.3s
epoch   23900  HO=0.1837  meanSteps=   128.7  copy=0.824  A(t)=2039  sim=37.4s
epoch   23950  HO=0.1418  meanSteps=   128.9  copy=0.808  A(t)=2042  sim=37.4s
epoch   24000  HO=0.1576  meanSteps=   129.0  copy=0.843  A(t)=2042  sim=37.5s
epoch   24050  HO=0.1527  meanSteps=   129.0  copy=0.842  A(t)=2045  sim=37.6s
epoch   24100  HO=0.1871  meanSteps=   128.9  copy=0.853  A(t)=2045  sim=37.6s
epoch   24150  HO=0.2232  meanSteps=   128.9  copy=0.851  A(t)=2046  sim=37.7s
epoch   24200  HO=0.3002  meanSteps=   128.9  copy=0.840  A(t)=2049  sim=37.8s
epoch   24250  HO=0.2768  meanSteps=   128.8  copy=0.831  A(t)=2056  sim=37.9s
epoch   24300  HO=0.2400  meanSteps=   128.9  copy=0.825  A(t)=2060  sim=37.9s
epoch   24350  HO=0.2696  meanSteps=   128.8  copy=0.815  A(t)=2063  sim=38.0s
epoch   24400  HO=0.2486  meanSteps=   128.8  copy=0.808  A(t)=2064  sim=38.1s
epoch   24450  HO=0.2627  meanSteps=   128.8  copy=0.827  A(t)=2071  sim=38.1s
epoch   24500  HO=0.2286  meanSteps=   128.7  copy=0.846  A(t)=2071  sim=38.2s
epoch   24550  HO=0.2138  meanSteps=   128.8  copy=0.830  A(t)=2071  sim=38.3s
epoch   24600  HO=0.1877  meanSteps=   128.9  copy=0.829  A(t)=2071  sim=38.3s
epoch   24650  HO=0.2254  meanSteps=   128.8  copy=0.848  A(t)=2074  sim=38.4s
epoch   24700  HO=0.2422  meanSteps=   129.0  copy=0.855  A(t)=2074  sim=38.5s
epoch   24750  HO=0.2179  meanSteps=   128.9  copy=0.849  A(t)=2074  sim=38.5s
epoch   24800  HO=0.2100  meanSteps=   128.9  copy=0.854  A(t)=2075  sim=38.6s
epoch   24850  HO=0.2369  meanSteps=   128.9  copy=0.858  A(t)=2078  sim=38.7s
epoch   24900  HO=0.2152  meanSteps=   128.9  copy=0.863  A(t)=2084  sim=38.8s
epoch   24950  HO=0.2198  meanSteps=   128.9  copy=0.859  A(t)=2084  sim=38.8s
epoch   25000  HO=0.2134  meanSteps=   128.8  copy=0.858  A(t)=2084  sim=38.9s
epoch   25050  HO=0.2759  meanSteps=   128.8  copy=0.854  A(t)=2093  sim=39.0s
epoch   25100  HO=0.2667  meanSteps=   128.9  copy=0.855  A(t)=2093  sim=39.0s
epoch   25150  HO=0.2828  meanSteps=   134.0  copy=0.837  A(t)=2093  sim=39.1s
epoch   25200  HO=0.2821  meanSteps=   144.4  copy=0.844  A(t)=2096  sim=39.2s
epoch   25250  HO=0.2874  meanSteps=   130.9  copy=0.833  A(t)=2102  sim=39.3s
epoch   25300  HO=0.1805  meanSteps=   128.9  copy=0.835  A(t)=2102  sim=39.3s
epoch   25350  HO=0.1784  meanSteps=   128.7  copy=0.836  A(t)=2102  sim=39.4s
epoch   25400  HO=0.1559  meanSteps=   128.6  copy=0.838  A(t)=2102  sim=39.5s
epoch   25450  HO=0.2200  meanSteps=   128.7  copy=0.852  A(t)=2102  sim=39.5s
epoch   25500  HO=0.2251  meanSteps=   128.7  copy=0.852  A(t)=2102  sim=39.6s
epoch   25550  HO=0.2777  meanSteps=   129.8  copy=0.845  A(t)=2102  sim=39.7s
epoch   25600  HO=0.2606  meanSteps=   128.6  copy=0.840  A(t)=2102  sim=39.7s
epoch   25650  HO=0.2898  meanSteps=   128.7  copy=0.837  A(t)=2102  sim=39.8s
epoch   25700  HO=0.2846  meanSteps=   128.9  copy=0.821  A(t)=2102  sim=39.9s
epoch   25750  HO=0.2799  meanSteps=   129.0  copy=0.843  A(t)=2103  sim=40.0s
epoch   25800  HO=0.2364  meanSteps=   128.9  copy=0.846  A(t)=2105  sim=40.0s
epoch   25850  HO=0.2855  meanSteps=   128.9  copy=0.834  A(t)=2105  sim=40.1s
epoch   25900  HO=0.2457  meanSteps=   128.8  copy=0.843  A(t)=2105  sim=40.2s
epoch   25950  HO=0.2224  meanSteps=   128.8  copy=0.851  A(t)=2105  sim=40.2s
epoch   26000  HO=0.2148  meanSteps=   128.8  copy=0.857  A(t)=2105  sim=40.3s
epoch   26050  HO=0.2253  meanSteps=   128.7  copy=0.842  A(t)=2105  sim=40.4s
epoch   26100  HO=0.2177  meanSteps=   132.2  copy=0.859  A(t)=2105  sim=40.5s
epoch   26150  HO=0.2035  meanSteps=   128.9  copy=0.858  A(t)=2105  sim=40.5s
epoch   26200  HO=0.1959  meanSteps=   128.8  copy=0.862  A(t)=2105  sim=40.6s
epoch   26250  HO=0.2238  meanSteps=   128.9  copy=0.837  A(t)=2105  sim=40.7s
epoch   26300  HO=0.1705  meanSteps=   128.9  copy=0.839  A(t)=2105  sim=40.7s
epoch   26350  HO=0.1536  meanSteps=   128.8  copy=0.853  A(t)=2105  sim=40.8s
epoch   26400  HO=0.2049  meanSteps=   129.0  copy=0.864  A(t)=2105  sim=40.9s
epoch   26450  HO=0.2184  meanSteps=   128.8  copy=0.866  A(t)=2105  sim=40.9s
epoch   26500  HO=0.1480  meanSteps=   128.8  copy=0.867  A(t)=2105  sim=41.0s
epoch   26550  HO=0.1368  meanSteps=   128.8  copy=0.861  A(t)=2105  sim=41.1s
epoch   26600  HO=0.0654  meanSteps=   128.6  copy=0.861  A(t)=2105  sim=41.2s
epoch   26650  HO=0.0841  meanSteps=   128.6  copy=0.856  A(t)=2105  sim=41.2s
epoch   26700  HO=0.0970  meanSteps=   128.8  copy=0.868  A(t)=2107  sim=41.3s
epoch   26750  HO=0.0638  meanSteps=   128.9  copy=0.860  A(t)=2113  sim=41.4s
epoch   26800  HO=0.0690  meanSteps=   129.0  copy=0.864  A(t)=2113  sim=41.4s
epoch   26850  HO=0.0069  meanSteps=   128.9  copy=0.864  A(t)=2113  sim=41.5s
epoch   26900  HO=0.0299  meanSteps=   128.7  copy=0.858  A(t)=2113  sim=41.6s
epoch   26950  HO=0.0434  meanSteps=   128.7  copy=0.865  A(t)=2113  sim=41.6s
epoch   27000  HO=0.1104  meanSteps=   128.8  copy=0.851  A(t)=2114  sim=41.7s
epoch   27050  HO=0.0614  meanSteps=   129.0  copy=0.847  A(t)=2118  sim=41.8s
epoch   27100  HO=0.0545  meanSteps=   128.9  copy=0.856  A(t)=2118  sim=41.9s
epoch   27150  HO=0.0816  meanSteps=   128.8  copy=0.847  A(t)=2118  sim=41.9s
epoch   27200  HO=0.0598  meanSteps=   128.8  copy=0.834  A(t)=2121  sim=42.0s
epoch   27250  HO=0.0699  meanSteps=   128.5  copy=0.823  A(t)=2127  sim=42.1s
epoch   27300  HO=0.0316  meanSteps=   128.5  copy=0.838  A(t)=2127  sim=42.1s
epoch   27350  HO=0.0260  meanSteps=   128.7  copy=0.846  A(t)=2127  sim=42.2s
epoch   27400  HO=0.0127  meanSteps=   128.9  copy=0.850  A(t)=2127  sim=42.3s
epoch   27450  HO=0.0821  meanSteps=   128.8  copy=0.858  A(t)=2127  sim=42.3s
epoch   27500  HO=0.1308  meanSteps=   128.7  copy=0.864  A(t)=2127  sim=42.4s
epoch   27550  HO=0.1454  meanSteps=   128.8  copy=0.857  A(t)=2127  sim=42.5s
epoch   27600  HO=0.1003  meanSteps=   128.9  copy=0.878  A(t)=2132  sim=42.5s
epoch   27650  HO=0.1271  meanSteps=   128.9  copy=0.896  A(t)=2138  sim=42.6s
epoch   27700  HO=0.1273  meanSteps=   128.8  copy=0.897  A(t)=2138  sim=42.7s
epoch   27750  HO=0.1236  meanSteps=   132.2  copy=0.867  A(t)=2138  sim=42.8s
epoch   27800  HO=0.1189  meanSteps=   141.7  copy=0.857  A(t)=2138  sim=42.8s
epoch   27850  HO=0.1097  meanSteps=   148.1  copy=0.859  A(t)=2138  sim=42.9s
epoch   27900  HO=0.0803  meanSteps=   147.0  copy=0.851  A(t)=2138  sim=43.0s
epoch   27950  HO=0.0511  meanSteps=   141.1  copy=0.840  A(t)=2138  sim=43.0s
epoch   28000  HO=0.0876  meanSteps=   143.2  copy=0.822  A(t)=2138  sim=43.1s
epoch   28050  HO=0.0479  meanSteps=   145.2  copy=0.818  A(t)=2140  sim=43.2s
epoch   28100  HO=0.0428  meanSteps=   143.1  copy=0.818  A(t)=2143  sim=43.2s
epoch   28150  HO=0.0790  meanSteps=   136.8  copy=0.845  A(t)=2154  sim=43.3s
epoch   28200  HO=0.0747  meanSteps=   128.7  copy=0.846  A(t)=2157  sim=43.4s
epoch   28250  HO=0.1307  meanSteps=   129.0  copy=0.842  A(t)=2163  sim=43.5s
epoch   28300  HO=0.1091  meanSteps=   129.0  copy=0.861  A(t)=2163  sim=43.5s
epoch   28350  HO=0.0865  meanSteps=   129.0  copy=0.869  A(t)=2163  sim=43.6s
epoch   28400  HO=0.0862  meanSteps=   128.9  copy=0.867  A(t)=2167  sim=43.7s
epoch   28450  HO=0.0839  meanSteps=   128.8  copy=0.859  A(t)=2170  sim=43.7s
epoch   28500  HO=0.1357  meanSteps=   128.8  copy=0.854  A(t)=2185  sim=43.8s
epoch   28550  HO=0.1018  meanSteps=   128.8  copy=0.836  A(t)=2190  sim=43.9s
epoch   28600  HO=0.0694  meanSteps=   128.9  copy=0.830  A(t)=2192  sim=43.9s
epoch   28650  HO=0.0483  meanSteps=   128.6  copy=0.837  A(t)=2193  sim=44.0s
epoch   28700  HO=0.0686  meanSteps=   128.8  copy=0.846  A(t)=2197  sim=44.1s
epoch   28750  HO=0.0776  meanSteps=   128.8  copy=0.830  A(t)=2201  sim=44.2s
epoch   28800  HO=0.0544  meanSteps=   128.9  copy=0.814  A(t)=2202  sim=44.2s
epoch   28850  HO=0.0527  meanSteps=   131.0  copy=0.798  A(t)=2205  sim=44.3s
epoch   28900  HO=0.0513  meanSteps=   129.2  copy=0.801  A(t)=2208  sim=44.4s
epoch   28950  HO=0.0204  meanSteps=   129.0  copy=0.808  A(t)=2208  sim=44.4s
epoch   29000  HO=0.0777  meanSteps=   128.9  copy=0.814  A(t)=2213  sim=44.5s
epoch   29050  HO=0.0791  meanSteps=   128.9  copy=0.816  A(t)=2213  sim=44.6s
epoch   29100  HO=0.0784  meanSteps=   128.8  copy=0.815  A(t)=2213  sim=44.6s
epoch   29150  HO=0.0601  meanSteps=   128.8  copy=0.804  A(t)=2221  sim=44.7s
epoch   29200  HO=0.1226  meanSteps=   128.9  copy=0.815  A(t)=2221  sim=44.8s
epoch   29250  HO=0.1019  meanSteps=   128.9  copy=0.828  A(t)=2224  sim=44.9s
epoch   29300  HO=0.0941  meanSteps=   128.9  copy=0.867  A(t)=2231  sim=44.9s
epoch   29350  HO=0.0311  meanSteps=   128.8  copy=0.868  A(t)=2232  sim=45.0s
epoch   29400  HO=0.0738  meanSteps=   128.7  copy=0.861  A(t)=2235  sim=45.1s
epoch   29450  HO=0.0885  meanSteps=   128.6  copy=0.850  A(t)=2235  sim=45.1s
epoch   29500  HO=0.0753  meanSteps=   128.6  copy=0.865  A(t)=2235  sim=45.2s
epoch   29550  HO=0.1068  meanSteps=   128.6  copy=0.846  A(t)=2235  sim=45.3s
epoch   29600  HO=0.1114  meanSteps=   128.7  copy=0.834  A(t)=2235  sim=45.4s
epoch   29650  HO=0.1014  meanSteps=   128.9  copy=0.848  A(t)=2236  sim=45.4s
epoch   29700  HO=0.1143  meanSteps=   128.8  copy=0.873  A(t)=2243  sim=45.5s
epoch   29750  HO=0.1296  meanSteps=   128.9  copy=0.863  A(t)=2244  sim=45.6s
epoch   29800  HO=0.1243  meanSteps=   128.9  copy=0.860  A(t)=2244  sim=45.6s
epoch   29850  HO=0.0870  meanSteps=   128.9  copy=0.863  A(t)=2248  sim=45.7s
epoch   29900  HO=0.0997  meanSteps=   128.9  copy=0.866  A(t)=2249  sim=45.8s
epoch   29950  HO=0.0694  meanSteps=   128.7  copy=0.867  A(t)=2249  sim=45.8s
epoch   30000  HO=0.1367  meanSteps=   128.9  copy=0.829  A(t)=2249  sim=45.9s
epoch   30050  HO=0.0805  meanSteps=   128.7  copy=0.830  A(t)=2253  sim=46.0s
epoch   30100  HO=0.0459  meanSteps=   128.5  copy=0.817  A(t)=2255  sim=46.0s
epoch   30150  HO=0.0345  meanSteps=   128.9  copy=0.808  A(t)=2257  sim=46.1s
epoch   30200  HO=0.0281  meanSteps=   128.7  copy=0.820  A(t)=2257  sim=46.2s
epoch   30250  HO=0.0031  meanSteps=   128.7  copy=0.813  A(t)=2263  sim=46.2s
epoch   30300  HO=0.0043  meanSteps=   128.7  copy=0.820  A(t)=2263  sim=46.3s
epoch   30350  HO=0.0147  meanSteps=   128.7  copy=0.791  A(t)=2271  sim=46.4s
epoch   30400  HO=-0.0112  meanSteps=   128.7  copy=0.789  A(t)=2272  sim=46.5s
epoch   30450  HO=-0.0325  meanSteps=   128.7  copy=0.793  A(t)=2277  sim=46.5s
epoch   30500  HO=0.0577  meanSteps=   128.7  copy=0.802  A(t)=2280  sim=46.6s
epoch   30550  HO=0.0705  meanSteps=   128.6  copy=0.798  A(t)=2283  sim=46.7s
epoch   30600  HO=0.0980  meanSteps=   128.8  copy=0.800  A(t)=2291  sim=46.7s
epoch   30650  HO=0.1053  meanSteps=   128.9  copy=0.799  A(t)=2291  sim=46.8s
epoch   30700  HO=0.1130  meanSteps=   128.6  copy=0.823  A(t)=2291  sim=46.9s
epoch   30750  HO=0.1048  meanSteps=   128.7  copy=0.830  A(t)=2291  sim=46.9s
epoch   30800  HO=0.0566  meanSteps=   128.9  copy=0.853  A(t)=2291  sim=47.0s
epoch   30850  HO=0.1478  meanSteps=   131.2  copy=0.853  A(t)=2291  sim=47.1s
epoch   30900  HO=0.1136  meanSteps=   128.8  copy=0.842  A(t)=2294  sim=47.2s
epoch   30950  HO=0.1283  meanSteps=   128.7  copy=0.834  A(t)=2294  sim=47.2s
epoch   31000  HO=0.0803  meanSteps=   128.8  copy=0.832  A(t)=2294  sim=47.3s
epoch   31050  HO=0.0538  meanSteps=   128.7  copy=0.822  A(t)=2294  sim=47.4s
epoch   31100  HO=0.0137  meanSteps=   128.7  copy=0.823  A(t)=2294  sim=47.4s
epoch   31150  HO=0.0650  meanSteps=   128.7  copy=0.808  A(t)=2294  sim=47.5s
epoch   31200  HO=0.0827  meanSteps=   128.9  copy=0.809  A(t)=2298  sim=47.6s
epoch   31250  HO=0.1068  meanSteps=   128.7  copy=0.822  A(t)=2300  sim=47.6s
epoch   31300  HO=0.0860  meanSteps=   128.7  copy=0.831  A(t)=2301  sim=47.7s
epoch   31350  HO=0.0973  meanSteps=   128.6  copy=0.793  A(t)=2305  sim=47.8s
epoch   31400  HO=0.0584  meanSteps=   128.5  copy=0.793  A(t)=2308  sim=47.9s
epoch   31450  HO=0.0681  meanSteps=   128.6  copy=0.813  A(t)=2308  sim=47.9s
epoch   31500  HO=0.0581  meanSteps=   128.3  copy=0.795  A(t)=2308  sim=48.0s
epoch   31550  HO=0.0350  meanSteps=   128.7  copy=0.821  A(t)=2310  sim=48.1s
epoch   31600  HO=0.0378  meanSteps=   128.7  copy=0.821  A(t)=2310  sim=48.1s
epoch   31650  HO=-0.0003  meanSteps=   128.8  copy=0.806  A(t)=2310  sim=48.2s
epoch   31700  HO=0.0070  meanSteps=   128.6  copy=0.817  A(t)=2310  sim=48.3s
epoch   31750  HO=0.0534  meanSteps=   128.7  copy=0.814  A(t)=2312  sim=48.3s
epoch   31800  HO=0.0660  meanSteps=   128.7  copy=0.825  A(t)=2318  sim=48.4s
epoch   31850  HO=0.0866  meanSteps=   128.6  copy=0.803  A(t)=2318  sim=48.5s
epoch   31900  HO=0.0720  meanSteps=   128.5  copy=0.809  A(t)=2318  sim=48.5s
epoch   31950  HO=0.0314  meanSteps=   128.7  copy=0.819  A(t)=2318  sim=48.6s
epoch   32000  HO=0.0380  meanSteps=   128.8  copy=0.813  A(t)=2318  sim=48.7s
epoch   32050  HO=0.0361  meanSteps=   128.9  copy=0.808  A(t)=2318  sim=48.8s
epoch   32100  HO=0.0696  meanSteps=   128.9  copy=0.797  A(t)=2318  sim=48.8s
epoch   32150  HO=0.0444  meanSteps=   128.9  copy=0.792  A(t)=2324  sim=48.9s
epoch   32200  HO=0.0894  meanSteps=   128.9  copy=0.809  A(t)=2325  sim=49.0s
epoch   32250  HO=0.1150  meanSteps=   129.0  copy=0.819  A(t)=2325  sim=49.0s
epoch   32300  HO=0.0944  meanSteps=   128.8  copy=0.821  A(t)=2325  sim=49.1s
epoch   32350  HO=0.0615  meanSteps=   128.8  copy=0.827  A(t)=2325  sim=49.2s
epoch   32400  HO=0.0787  meanSteps=   132.1  copy=0.836  A(t)=2329  sim=49.2s
epoch   32450  HO=0.1023  meanSteps=   128.9  copy=0.823  A(t)=2329  sim=49.3s
epoch   32500  HO=0.0934  meanSteps=   128.7  copy=0.818  A(t)=2333  sim=49.4s
epoch   32550  HO=0.1213  meanSteps=   140.5  copy=0.815  A(t)=2333  sim=49.5s
epoch   32600  HO=0.0677  meanSteps=   130.0  copy=0.818  A(t)=2333  sim=49.5s
epoch   32650  HO=0.0921  meanSteps=   128.6  copy=0.823  A(t)=2333  sim=49.6s
epoch   32700  HO=0.0682  meanSteps=   128.6  copy=0.821  A(t)=2333  sim=49.7s
epoch   32750  HO=0.0946  meanSteps=   128.7  copy=0.823  A(t)=2333  sim=49.8s
epoch   32800  HO=0.0764  meanSteps=   128.7  copy=0.804  A(t)=2334  sim=49.8s
epoch   32850  HO=0.0366  meanSteps=   128.8  copy=0.803  A(t)=2334  sim=49.9s
epoch   32900  HO=0.0691  meanSteps=   128.9  copy=0.810  A(t)=2334  sim=50.0s
epoch   32950  HO=0.0687  meanSteps=   128.6  copy=0.803  A(t)=2335  sim=50.1s
epoch   33000  HO=0.0745  meanSteps=   128.7  copy=0.823  A(t)=2335  sim=50.1s
epoch   33050  HO=0.0642  meanSteps=   128.9  copy=0.826  A(t)=2336  sim=50.2s
epoch   33100  HO=0.0527  meanSteps=   128.9  copy=0.819  A(t)=2337  sim=50.3s
epoch   33150  HO=0.0744  meanSteps=   128.6  copy=0.813  A(t)=2337  sim=50.3s
epoch   33200  HO=0.0519  meanSteps=   128.4  copy=0.845  A(t)=2337  sim=50.4s
epoch   33250  HO=0.0307  meanSteps=   128.6  copy=0.866  A(t)=2342  sim=50.5s
epoch   33300  HO=0.1044  meanSteps=   128.7  copy=0.853  A(t)=2342  sim=50.5s
epoch   33350  HO=0.1863  meanSteps=   128.9  copy=0.834  A(t)=2342  sim=50.6s
epoch   33400  HO=0.1177  meanSteps=   128.9  copy=0.824  A(t)=2342  sim=50.7s
epoch   33450  HO=0.1076  meanSteps=   129.0  copy=0.829  A(t)=2342  sim=50.7s
epoch   33500  HO=0.0870  meanSteps=   128.9  copy=0.834  A(t)=2342  sim=50.8s
epoch   33550  HO=0.1184  meanSteps=   129.0  copy=0.848  A(t)=2343  sim=50.9s
epoch   33600  HO=0.0421  meanSteps=   129.0  copy=0.864  A(t)=2345  sim=51.0s
epoch   33650  HO=0.0205  meanSteps=   128.7  copy=0.839  A(t)=2349  sim=51.0s
epoch   33700  HO=0.0480  meanSteps=   128.7  copy=0.831  A(t)=2349  sim=51.1s
epoch   33750  HO=0.0262  meanSteps=   128.6  copy=0.842  A(t)=2349  sim=51.2s
epoch   33800  HO=0.0365  meanSteps=   128.4  copy=0.857  A(t)=2350  sim=51.2s
epoch   33850  HO=0.0003  meanSteps=   128.4  copy=0.848  A(t)=2350  sim=51.3s
epoch   33900  HO=0.0010  meanSteps=   128.6  copy=0.848  A(t)=2350  sim=51.4s
epoch   33950  HO=0.0158  meanSteps=   128.6  copy=0.842  A(t)=2350  sim=51.4s
epoch   34000  HO=0.0320  meanSteps=   128.7  copy=0.844  A(t)=2350  sim=51.5s
epoch   34050  HO=0.1282  meanSteps=   128.7  copy=0.848  A(t)=2350  sim=51.6s
epoch   34100  HO=0.0637  meanSteps=   128.5  copy=0.860  A(t)=2350  sim=51.6s
epoch   34150  HO=-0.0232  meanSteps=   128.6  copy=0.856  A(t)=2351  sim=51.7s
epoch   34200  HO=0.0458  meanSteps=   128.6  copy=0.854  A(t)=2351  sim=51.8s
epoch   34250  HO=-0.0205  meanSteps=   128.6  copy=0.854  A(t)=2352  sim=51.8s
epoch   34300  HO=0.0379  meanSteps=   128.4  copy=0.848  A(t)=2352  sim=51.9s
epoch   34350  HO=0.0238  meanSteps=   128.6  copy=0.845  A(t)=2352  sim=52.0s
epoch   34400  HO=-0.0001  meanSteps=   128.8  copy=0.832  A(t)=2352  sim=52.1s
epoch   34450  HO=0.0337  meanSteps=   128.6  copy=0.832  A(t)=2352  sim=52.1s
epoch   34500  HO=0.0330  meanSteps=   128.6  copy=0.836  A(t)=2352  sim=52.2s
epoch   34550  HO=0.0325  meanSteps=   128.8  copy=0.839  A(t)=2352  sim=52.3s
epoch   34600  HO=0.0162  meanSteps=   128.5  copy=0.816  A(t)=2353  sim=52.3s
epoch   34650  HO=0.0246  meanSteps=   128.7  copy=0.826  A(t)=2353  sim=52.4s
epoch   34700  HO=0.0589  meanSteps=   128.5  copy=0.829  A(t)=2353  sim=52.5s
epoch   34750  HO=0.0200  meanSteps=   128.5  copy=0.839  A(t)=2354  sim=52.5s
epoch   34800  HO=-0.0312  meanSteps=   128.5  copy=0.832  A(t)=2354  sim=52.6s
epoch   34850  HO=-0.0156  meanSteps=   128.6  copy=0.819  A(t)=2354  sim=52.7s
epoch   34900  HO=-0.0332  meanSteps=   128.4  copy=0.818  A(t)=2358  sim=52.7s
epoch   34950  HO=-0.0198  meanSteps=   128.7  copy=0.839  A(t)=2359  sim=52.8s
epoch   35000  HO=0.0177  meanSteps=   128.6  copy=0.851  A(t)=2359  sim=52.9s
epoch   35050  HO=-0.0014  meanSteps=   128.8  copy=0.864  A(t)=2359  sim=52.9s
epoch   35100  HO=0.0172  meanSteps=   128.7  copy=0.861  A(t)=2359  sim=53.0s
epoch   35150  HO=0.0031  meanSteps=   128.7  copy=0.859  A(t)=2366  sim=53.1s
epoch   35200  HO=0.0260  meanSteps=   128.6  copy=0.854  A(t)=2366  sim=53.1s
epoch   35250  HO=0.0129  meanSteps=   128.7  copy=0.851  A(t)=2366  sim=53.2s
epoch   35300  HO=0.0268  meanSteps=   128.7  copy=0.859  A(t)=2366  sim=53.3s
epoch   35350  HO=0.0184  meanSteps=   128.7  copy=0.876  A(t)=2369  sim=53.4s
epoch   35400  HO=0.0540  meanSteps=   128.9  copy=0.876  A(t)=2371  sim=53.4s
epoch   35450  HO=0.0832  meanSteps=   128.6  copy=0.859  A(t)=2372  sim=53.5s
epoch   35500  HO=0.0456  meanSteps=   128.6  copy=0.853  A(t)=2372  sim=53.6s
epoch   35550  HO=0.0883  meanSteps=   128.8  copy=0.844  A(t)=2372  sim=53.6s
epoch   35600  HO=0.0158  meanSteps=   128.9  copy=0.859  A(t)=2373  sim=53.7s
epoch   35650  HO=0.0151  meanSteps=   128.9  copy=0.855  A(t)=2374  sim=53.8s
epoch   35700  HO=0.0165  meanSteps=   128.9  copy=0.850  A(t)=2381  sim=53.8s
epoch   35750  HO=0.0601  meanSteps=   129.0  copy=0.841  A(t)=2381  sim=53.9s
epoch   35800  HO=0.0212  meanSteps=   128.8  copy=0.852  A(t)=2381  sim=54.0s
epoch   35850  HO=0.0417  meanSteps=   129.0  copy=0.843  A(t)=2386  sim=54.0s
epoch   35900  HO=0.0753  meanSteps=   129.0  copy=0.854  A(t)=2388  sim=54.1s
epoch   35950  HO=0.0305  meanSteps=   128.8  copy=0.863  A(t)=2388  sim=54.2s
epoch   36000  HO=0.0352  meanSteps=   128.9  copy=0.874  A(t)=2389  sim=54.2s
epoch   36050  HO=0.0265  meanSteps=   128.6  copy=0.869  A(t)=2389  sim=54.3s
epoch   36100  HO=0.0476  meanSteps=   128.8  copy=0.869  A(t)=2389  sim=54.4s
epoch   36150  HO=0.0100  meanSteps=   128.9  copy=0.871  A(t)=2390  sim=54.4s
epoch   36200  HO=0.0580  meanSteps=   128.9  copy=0.856  A(t)=2390  sim=54.5s
epoch   36250  HO=0.0443  meanSteps=   129.0  copy=0.829  A(t)=2390  sim=54.6s
epoch   36300  HO=0.0191  meanSteps=   129.0  copy=0.833  A(t)=2392  sim=54.6s
epoch   36350  HO=0.0201  meanSteps=   128.9  copy=0.826  A(t)=2397  sim=54.7s
epoch   36400  HO=0.0434  meanSteps=   128.9  copy=0.824  A(t)=2401  sim=54.8s
epoch   36450  HO=0.0626  meanSteps=   128.9  copy=0.827  A(t)=2401  sim=54.9s
epoch   36500  HO=0.0664  meanSteps=   128.7  copy=0.841  A(t)=2401  sim=54.9s
epoch   36550  HO=0.0731  meanSteps=   128.5  copy=0.839  A(t)=2401  sim=55.0s
epoch   36600  HO=0.0308  meanSteps=   128.6  copy=0.823  A(t)=2401  sim=55.1s
epoch   36650  HO=0.0179  meanSteps=   128.7  copy=0.824  A(t)=2401  sim=55.2s
epoch   36700  HO=0.0339  meanSteps=   128.8  copy=0.813  A(t)=2402  sim=55.2s
epoch   36750  HO=0.0683  meanSteps=   128.8  copy=0.801  A(t)=2403  sim=55.3s
epoch   36800  HO=0.0848  meanSteps=   128.8  copy=0.808  A(t)=2412  sim=55.4s
epoch   36850  HO=-0.0026  meanSteps=   128.7  copy=0.837  A(t)=2412  sim=55.4s
epoch   36900  HO=0.0359  meanSteps=   128.9  copy=0.860  A(t)=2414  sim=55.5s
epoch   36950  HO=0.0311  meanSteps=   128.8  copy=0.848  A(t)=2419  sim=55.6s
epoch   37000  HO=0.0492  meanSteps=   128.9  copy=0.830  A(t)=2419  sim=55.6s
epoch   37050  HO=0.0785  meanSteps=   128.9  copy=0.803  A(t)=2423  sim=55.7s
epoch   37100  HO=0.0743  meanSteps=   128.9  copy=0.795  A(t)=2427  sim=55.8s
epoch   37150  HO=0.0553  meanSteps=   128.8  copy=0.814  A(t)=2427  sim=55.9s
epoch   37200  HO=0.0621  meanSteps=   128.9  copy=0.818  A(t)=2427  sim=55.9s
epoch   37250  HO=0.0551  meanSteps=   129.0  copy=0.811  A(t)=2427  sim=56.0s
epoch   37300  HO=0.0558  meanSteps=   129.0  copy=0.801  A(t)=2429  sim=56.1s
epoch   37350  HO=0.0427  meanSteps=   128.5  copy=0.768  A(t)=2429  sim=56.2s
epoch   37400  HO=0.0587  meanSteps=   128.5  copy=0.792  A(t)=2430  sim=56.3s
epoch   37450  HO=0.0475  meanSteps=   128.5  copy=0.799  A(t)=2437  sim=56.3s
epoch   37500  HO=0.0269  meanSteps=   128.6  copy=0.791  A(t)=2438  sim=56.4s
epoch   37550  HO=0.0556  meanSteps=   128.7  copy=0.789  A(t)=2438  sim=56.5s
epoch   37600  HO=0.0630  meanSteps=   129.4  copy=0.805  A(t)=2439  sim=56.6s
epoch   37650  HO=0.0419  meanSteps=   129.0  copy=0.817  A(t)=2439  sim=56.6s
epoch   37700  HO=0.0347  meanSteps=   130.2  copy=0.807  A(t)=2439  sim=56.7s
epoch   37750  HO=0.0249  meanSteps=   131.6  copy=0.829  A(t)=2439  sim=56.8s
epoch   37800  HO=0.0147  meanSteps=   131.5  copy=0.822  A(t)=2439  sim=56.8s
epoch   37850  HO=-0.0112  meanSteps=   133.0  copy=0.812  A(t)=2439  sim=56.9s
epoch   37900  HO=0.0410  meanSteps=   131.5  copy=0.816  A(t)=2439  sim=57.0s
epoch   37950  HO=0.0393  meanSteps=   129.6  copy=0.823  A(t)=2439  sim=57.0s
epoch   38000  HO=0.0812  meanSteps=   128.6  copy=0.814  A(t)=2445  sim=57.1s
epoch   38050  HO=0.0619  meanSteps=   128.7  copy=0.831  A(t)=2446  sim=57.2s
epoch   38100  HO=0.0330  meanSteps=   128.7  copy=0.840  A(t)=2449  sim=57.2s
epoch   38150  HO=0.0634  meanSteps=   128.8  copy=0.827  A(t)=2449  sim=57.3s
epoch   38200  HO=0.0597  meanSteps=   128.7  copy=0.844  A(t)=2454  sim=57.4s
epoch   38250  HO=0.0763  meanSteps=   128.7  copy=0.841  A(t)=2454  sim=57.5s
epoch   38300  HO=0.0622  meanSteps=   128.6  copy=0.857  A(t)=2454  sim=57.5s
epoch   38350  HO=0.1081  meanSteps=   128.6  copy=0.848  A(t)=2455  sim=57.6s
epoch   38400  HO=0.0668  meanSteps=   128.5  copy=0.844  A(t)=2458  sim=57.7s
epoch   38450  HO=0.0791  meanSteps=   128.6  copy=0.854  A(t)=2464  sim=57.7s
epoch   38500  HO=0.0969  meanSteps=   128.7  copy=0.862  A(t)=2473  sim=57.8s
epoch   38550  HO=0.0324  meanSteps=   128.8  copy=0.860  A(t)=2474  sim=57.9s
epoch   38600  HO=0.0728  meanSteps=   129.0  copy=0.855  A(t)=2482  sim=57.9s
epoch   38650  HO=0.1016  meanSteps=   128.8  copy=0.864  A(t)=2482  sim=58.0s
epoch   38700  HO=0.0877  meanSteps=   128.9  copy=0.863  A(t)=2482  sim=58.1s
epoch   38750  HO=0.0672  meanSteps=   129.7  copy=0.866  A(t)=2482  sim=58.1s
epoch   38800  HO=0.0769  meanSteps=   128.8  copy=0.849  A(t)=2482  sim=58.2s
epoch   38850  HO=0.0562  meanSteps=   128.8  copy=0.813  A(t)=2483  sim=58.3s
epoch   38900  HO=0.0847  meanSteps=   128.9  copy=0.805  A(t)=2490  sim=58.4s
epoch   38950  HO=0.0832  meanSteps=   129.0  copy=0.822  A(t)=2490  sim=58.4s
epoch   39000  HO=0.0591  meanSteps=   128.9  copy=0.817  A(t)=2492  sim=58.5s
epoch   39050  HO=0.0704  meanSteps=   129.0  copy=0.826  A(t)=2499  sim=58.6s
epoch   39100  HO=0.0867  meanSteps=   128.9  copy=0.840  A(t)=2500  sim=58.6s
epoch   39150  HO=0.0768  meanSteps=   128.9  copy=0.802  A(t)=2500  sim=58.7s
epoch   39200  HO=0.0893  meanSteps=   128.8  copy=0.806  A(t)=2505  sim=58.8s
epoch   39250  HO=0.0584  meanSteps=   128.6  copy=0.818  A(t)=2505  sim=58.9s
epoch   39300  HO=0.0624  meanSteps=   128.6  copy=0.818  A(t)=2505  sim=58.9s
epoch   39350  HO=0.0353  meanSteps=   128.9  copy=0.839  A(t)=2506  sim=59.0s
epoch   39400  HO=0.0632  meanSteps=   128.8  copy=0.839  A(t)=2506  sim=59.1s
epoch   39450  HO=-0.0060  meanSteps=   128.8  copy=0.842  A(t)=2506  sim=59.1s
epoch   39500  HO=0.0199  meanSteps=   128.8  copy=0.843  A(t)=2506  sim=59.2s
epoch   39550  HO=0.0586  meanSteps=   128.6  copy=0.846  A(t)=2507  sim=59.3s
epoch   39600  HO=0.0472  meanSteps=   128.6  copy=0.843  A(t)=2516  sim=59.3s
epoch   39650  HO=0.0391  meanSteps=   128.6  copy=0.849  A(t)=2516  sim=59.4s
epoch   39700  HO=0.0573  meanSteps=   128.7  copy=0.872  A(t)=2520  sim=59.5s
epoch   39750  HO=0.0388  meanSteps=   128.8  copy=0.857  A(t)=2520  sim=59.5s
epoch   39800  HO=0.0946  meanSteps=   128.6  copy=0.849  A(t)=2525  sim=59.6s
epoch   39850  HO=0.0734  meanSteps=   128.6  copy=0.836  A(t)=2528  sim=59.7s
epoch   39900  HO=0.0230  meanSteps=   128.8  copy=0.820  A(t)=2532  sim=59.8s
epoch   39950  HO=0.0758  meanSteps=   128.7  copy=0.809  A(t)=2532  sim=59.8s
epoch   40000  HO=0.0264  meanSteps=   128.6  copy=0.820  A(t)=2535  sim=59.9s
epoch   40050  HO=0.0306  meanSteps=   128.3  copy=0.819  A(t)=2535  sim=60.0s
epoch   40100  HO=0.0487  meanSteps=   128.2  copy=0.808  A(t)=2536  sim=60.0s
epoch   40150  HO=-0.0067  meanSteps=   128.3  copy=0.828  A(t)=2536  sim=60.1s
epoch   40200  HO=0.0159  meanSteps=   128.5  copy=0.816  A(t)=2536  sim=60.2s
epoch   40250  HO=0.0435  meanSteps=   128.6  copy=0.810  A(t)=2536  sim=60.2s
epoch   40300  HO=0.0529  meanSteps=   128.6  copy=0.817  A(t)=2540  sim=60.3s
epoch   40350  HO=0.0800  meanSteps=   128.2  copy=0.779  A(t)=2544  sim=60.4s
epoch   40400  HO=0.1080  meanSteps=   128.4  copy=0.798  A(t)=2544  sim=60.4s
epoch   40450  HO=0.0700  meanSteps=   128.7  copy=0.820  A(t)=2544  sim=60.5s
epoch   40500  HO=0.0646  meanSteps=   128.7  copy=0.841  A(t)=2544  sim=60.6s
epoch   40550  HO=0.0566  meanSteps=   128.6  copy=0.844  A(t)=2544  sim=60.6s
epoch   40600  HO=0.0909  meanSteps=   128.7  copy=0.851  A(t)=2545  sim=60.7s
epoch   40650  HO=0.0745  meanSteps=   129.0  copy=0.868  A(t)=2545  sim=60.8s
epoch   40700  HO=0.0376  meanSteps=   128.8  copy=0.860  A(t)=2545  sim=60.9s
epoch   40750  HO=0.0484  meanSteps=   129.0  copy=0.830  A(t)=2545  sim=60.9s
epoch   40800  HO=0.0391  meanSteps=   128.8  copy=0.842  A(t)=2545  sim=61.0s
epoch   40850  HO=0.0924  meanSteps=   128.9  copy=0.854  A(t)=2545  sim=61.1s
epoch   40900  HO=0.0297  meanSteps=   128.8  copy=0.862  A(t)=2545  sim=61.1s
epoch   40950  HO=0.0399  meanSteps=   128.8  copy=0.867  A(t)=2545  sim=61.2s
epoch   41000  HO=0.0157  meanSteps=   128.8  copy=0.853  A(t)=2545  sim=61.3s
epoch   41050  HO=0.0208  meanSteps=   128.8  copy=0.859  A(t)=2545  sim=61.3s
epoch   41100  HO=0.0411  meanSteps=   128.7  copy=0.866  A(t)=2545  sim=61.4s
epoch   41150  HO=0.0353  meanSteps=   128.7  copy=0.862  A(t)=2545  sim=61.5s
epoch   41200  HO=-0.0032  meanSteps=   128.7  copy=0.855  A(t)=2545  sim=61.5s
epoch   41250  HO=0.0025  meanSteps=   128.9  copy=0.839  A(t)=2545  sim=61.6s
epoch   41300  HO=0.0768  meanSteps=   128.8  copy=0.840  A(t)=2545  sim=61.7s
epoch   41350  HO=0.0219  meanSteps=   128.7  copy=0.847  A(t)=2545  sim=61.7s
epoch   41400  HO=-0.0252  meanSteps=   128.7  copy=0.843  A(t)=2545  sim=61.8s
epoch   41450  HO=0.0279  meanSteps=   128.9  copy=0.846  A(t)=2546  sim=61.9s
epoch   41500  HO=0.0145  meanSteps=   128.8  copy=0.835  A(t)=2548  sim=61.9s
epoch   41550  HO=0.0299  meanSteps=   128.7  copy=0.815  A(t)=2550  sim=62.0s
epoch   41600  HO=0.0402  meanSteps=   128.9  copy=0.818  A(t)=2550  sim=62.1s
epoch   41650  HO=0.0437  meanSteps=   128.8  copy=0.821  A(t)=2557  sim=62.1s
epoch   41700  HO=0.0627  meanSteps=   128.8  copy=0.817  A(t)=2560  sim=62.2s
epoch   41750  HO=0.0830  meanSteps=   128.9  copy=0.789  A(t)=2560  sim=62.3s
epoch   41800  HO=0.1177  meanSteps=   128.7  copy=0.796  A(t)=2564  sim=62.4s
epoch   41850  HO=0.0746  meanSteps=   128.7  copy=0.804  A(t)=2565  sim=62.4s
epoch   41900  HO=0.0612  meanSteps=   128.7  copy=0.837  A(t)=2568  sim=62.5s
epoch   41950  HO=0.0785  meanSteps=   128.7  copy=0.828  A(t)=2568  sim=62.6s
epoch   42000  HO=0.0549  meanSteps=   128.8  copy=0.822  A(t)=2568  sim=62.7s
epoch   42050  HO=0.0808  meanSteps=   129.0  copy=0.838  A(t)=2571  sim=62.7s
epoch   42100  HO=0.0959  meanSteps=   129.0  copy=0.823  A(t)=2578  sim=62.8s
epoch   42150  HO=0.1097  meanSteps=   140.7  copy=0.836  A(t)=2579  sim=62.9s
epoch   42200  HO=0.1098  meanSteps=   145.0  copy=0.836  A(t)=2579  sim=63.0s
epoch   42250  HO=0.0961  meanSteps=   132.9  copy=0.822  A(t)=2579  sim=63.0s
epoch   42300  HO=0.1060  meanSteps=   128.6  copy=0.831  A(t)=2581  sim=63.1s
epoch   42350  HO=0.1221  meanSteps=   128.5  copy=0.844  A(t)=2581  sim=63.2s
epoch   42400  HO=0.1514  meanSteps=   128.8  copy=0.848  A(t)=2581  sim=63.2s
epoch   42450  HO=0.1159  meanSteps=   128.9  copy=0.852  A(t)=2584  sim=63.3s
epoch   42500  HO=0.1136  meanSteps=   128.8  copy=0.858  A(t)=2588  sim=63.4s
epoch   42550  HO=0.0825  meanSteps=   129.0  copy=0.861  A(t)=2588  sim=63.4s
epoch   42600  HO=0.0392  meanSteps=   128.9  copy=0.841  A(t)=2588  sim=63.5s
epoch   42650  HO=0.0345  meanSteps=   128.8  copy=0.827  A(t)=2588  sim=63.6s
epoch   42700  HO=0.0665  meanSteps=   129.0  copy=0.836  A(t)=2588  sim=63.6s
epoch   42750  HO=0.0664  meanSteps=   129.0  copy=0.834  A(t)=2588  sim=63.7s
epoch   42800  HO=0.0391  meanSteps=   129.0  copy=0.851  A(t)=2588  sim=63.8s
epoch   42850  HO=0.0580  meanSteps=   129.0  copy=0.819  A(t)=2588  sim=63.9s
epoch   42900  HO=0.0506  meanSteps=   128.8  copy=0.831  A(t)=2588  sim=63.9s
epoch   42950  HO=-0.0194  meanSteps=   128.7  copy=0.836  A(t)=2588  sim=64.0s
epoch   43000  HO=0.0717  meanSteps=   128.7  copy=0.850  A(t)=2588  sim=64.1s
epoch   43050  HO=0.0473  meanSteps=   128.7  copy=0.859  A(t)=2588  sim=64.1s
epoch   43100  HO=0.0891  meanSteps=   128.7  copy=0.866  A(t)=2588  sim=64.2s
epoch   43150  HO=0.0646  meanSteps=   128.8  copy=0.868  A(t)=2588  sim=64.3s
epoch   43200  HO=0.0864  meanSteps=   128.6  copy=0.865  A(t)=2588  sim=64.3s
epoch   43250  HO=0.0640  meanSteps=   128.6  copy=0.860  A(t)=2589  sim=64.4s
epoch   43300  HO=0.0206  meanSteps=   128.6  copy=0.843  A(t)=2589  sim=64.5s
epoch   43350  HO=0.0358  meanSteps=   128.7  copy=0.836  A(t)=2590  sim=64.5s
epoch   43400  HO=0.0507  meanSteps=   128.4  copy=0.829  A(t)=2590  sim=64.6s
epoch   43450  HO=0.0695  meanSteps=   128.7  copy=0.808  A(t)=2590  sim=64.7s
epoch   43500  HO=0.0834  meanSteps=   128.8  copy=0.800  A(t)=2590  sim=64.7s
epoch   43550  HO=0.0669  meanSteps=   128.6  copy=0.805  A(t)=2590  sim=64.8s
epoch   43600  HO=0.0542  meanSteps=   128.6  copy=0.806  A(t)=2590  sim=64.9s
epoch   43650  HO=0.0571  meanSteps=   128.7  copy=0.815  A(t)=2592  sim=64.9s
epoch   43700  HO=0.0964  meanSteps=   128.7  copy=0.831  A(t)=2593  sim=65.0s
epoch   43750  HO=0.0575  meanSteps=   128.7  copy=0.836  A(t)=2593  sim=65.1s
epoch   43800  HO=0.0469  meanSteps=   128.8  copy=0.848  A(t)=2594  sim=65.2s
epoch   43850  HO=0.0624  meanSteps=   128.8  copy=0.842  A(t)=2594  sim=65.2s
epoch   43900  HO=0.0540  meanSteps=   128.7  copy=0.836  A(t)=2595  sim=65.3s
epoch   43950  HO=0.0407  meanSteps=   128.6  copy=0.825  A(t)=2601  sim=65.4s
epoch   44000  HO=0.0362  meanSteps=   128.7  copy=0.803  A(t)=2601  sim=65.4s
epoch   44050  HO=0.0794  meanSteps=   128.7  copy=0.782  A(t)=2602  sim=65.5s
epoch   44100  HO=0.0626  meanSteps=   128.8  copy=0.786  A(t)=2602  sim=65.6s
epoch   44150  HO=0.0405  meanSteps=   128.6  copy=0.809  A(t)=2602  sim=65.6s
epoch   44200  HO=0.0361  meanSteps=   128.3  copy=0.804  A(t)=2602  sim=65.7s
epoch   44250  HO=0.0420  meanSteps=   128.4  copy=0.820  A(t)=2602  sim=65.8s
epoch   44300  HO=0.0299  meanSteps=   128.7  copy=0.820  A(t)=2602  sim=65.8s
epoch   44350  HO=0.0519  meanSteps=   128.9  copy=0.820  A(t)=2602  sim=65.9s
epoch   44400  HO=0.0296  meanSteps=   129.0  copy=0.846  A(t)=2602  sim=66.0s
epoch   44450  HO=0.0383  meanSteps=   128.9  copy=0.847  A(t)=2602  sim=66.1s
epoch   44500  HO=0.0326  meanSteps=   128.9  copy=0.857  A(t)=2602  sim=66.1s
epoch   44550  HO=0.0542  meanSteps=   128.8  copy=0.867  A(t)=2603  sim=66.2s
epoch   44600  HO=0.0235  meanSteps=   128.7  copy=0.865  A(t)=2606  sim=66.3s
epoch   44650  HO=0.0726  meanSteps=   128.8  copy=0.841  A(t)=2606  sim=66.3s
epoch   44700  HO=0.1342  meanSteps=   128.5  copy=0.832  A(t)=2606  sim=66.4s
epoch   44750  HO=0.0815  meanSteps=   128.5  copy=0.858  A(t)=2606  sim=66.5s
epoch   44800  HO=0.0164  meanSteps=   128.6  copy=0.852  A(t)=2606  sim=66.5s
epoch   44850  HO=0.0746  meanSteps=   128.9  copy=0.844  A(t)=2607  sim=66.6s
epoch   44900  HO=0.0432  meanSteps=   128.9  copy=0.857  A(t)=2607  sim=66.7s
epoch   44950  HO=0.0351  meanSteps=   128.8  copy=0.855  A(t)=2608  sim=66.7s
epoch   45000  HO=0.0587  meanSteps=   128.8  copy=0.857  A(t)=2609  sim=66.8s
epoch   45050  HO=0.0355  meanSteps=   129.0  copy=0.857  A(t)=2610  sim=66.9s
epoch   45100  HO=0.0054  meanSteps=   128.9  copy=0.847  A(t)=2610  sim=67.0s
epoch   45150  HO=0.0195  meanSteps=   128.9  copy=0.864  A(t)=2610  sim=67.0s
epoch   45200  HO=0.0048  meanSteps=   128.9  copy=0.863  A(t)=2610  sim=67.1s
epoch   45250  HO=0.0148  meanSteps=   129.0  copy=0.875  A(t)=2612  sim=67.2s
epoch   45300  HO=-0.0298  meanSteps=   128.9  copy=0.850  A(t)=2612  sim=67.2s
epoch   45350  HO=0.0015  meanSteps=   128.7  copy=0.841  A(t)=2616  sim=67.3s
epoch   45400  HO=-0.0345  meanSteps=   128.8  copy=0.835  A(t)=2616  sim=67.4s
epoch   45450  HO=-0.0286  meanSteps=   128.8  copy=0.830  A(t)=2619  sim=67.4s
epoch   45500  HO=0.0275  meanSteps=   135.5  copy=0.829  A(t)=2623  sim=67.5s
epoch   45550  HO=0.0116  meanSteps=   128.8  copy=0.833  A(t)=2623  sim=67.6s
epoch   45600  HO=0.0256  meanSteps=   128.8  copy=0.825  A(t)=2623  sim=67.6s
epoch   45650  HO=0.0412  meanSteps=   128.7  copy=0.834  A(t)=2623  sim=67.7s
epoch   45700  HO=-0.0202  meanSteps=   128.9  copy=0.846  A(t)=2623  sim=67.8s
epoch   45750  HO=0.0349  meanSteps=   128.9  copy=0.833  A(t)=2623  sim=67.8s
epoch   45800  HO=0.0448  meanSteps=   128.9  copy=0.816  A(t)=2623  sim=67.9s
epoch   45850  HO=0.0497  meanSteps=   128.8  copy=0.837  A(t)=2625  sim=68.0s
epoch   45900  HO=0.0484  meanSteps=   128.7  copy=0.841  A(t)=2626  sim=68.0s
epoch   45950  HO=0.0417  meanSteps=   128.7  copy=0.843  A(t)=2627  sim=68.1s
epoch   46000  HO=0.0538  meanSteps=   128.7  copy=0.841  A(t)=2627  sim=68.2s
epoch   46050  HO=0.0560  meanSteps=   128.7  copy=0.831  A(t)=2627  sim=68.2s
epoch   46100  HO=0.0574  meanSteps=   128.7  copy=0.842  A(t)=2627  sim=68.3s
epoch   46150  HO=0.0999  meanSteps=   128.9  copy=0.838  A(t)=2627  sim=68.4s
epoch   46200  HO=0.0764  meanSteps=   129.0  copy=0.839  A(t)=2629  sim=68.4s
epoch   46250  HO=0.0441  meanSteps=   128.8  copy=0.835  A(t)=2635  sim=68.5s
epoch   46300  HO=-0.0185  meanSteps=   128.8  copy=0.850  A(t)=2636  sim=68.6s
epoch   46350  HO=0.0404  meanSteps=   129.0  copy=0.836  A(t)=2636  sim=68.6s
epoch   46400  HO=0.0293  meanSteps=   128.8  copy=0.835  A(t)=2636  sim=68.7s
epoch   46450  HO=0.0553  meanSteps=   128.6  copy=0.821  A(t)=2636  sim=68.8s
epoch   46500  HO=0.0724  meanSteps=   128.5  copy=0.814  A(t)=2636  sim=68.9s
epoch   46550  HO=0.0520  meanSteps=   128.5  copy=0.846  A(t)=2636  sim=68.9s
epoch   46600  HO=0.0881  meanSteps=   128.6  copy=0.846  A(t)=2637  sim=69.0s
epoch   46650  HO=0.0782  meanSteps=   128.7  copy=0.843  A(t)=2637  sim=69.1s
epoch   46700  HO=0.0956  meanSteps=   128.7  copy=0.824  A(t)=2637  sim=69.1s
epoch   46750  HO=0.0700  meanSteps=   128.6  copy=0.846  A(t)=2637  sim=69.2s
epoch   46800  HO=0.0754  meanSteps=   128.6  copy=0.846  A(t)=2637  sim=69.3s
epoch   46850  HO=0.0865  meanSteps=   128.7  copy=0.855  A(t)=2637  sim=69.3s
epoch   46900  HO=0.0212  meanSteps=   128.8  copy=0.848  A(t)=2637  sim=69.4s
epoch   46950  HO=0.0484  meanSteps=   128.7  copy=0.847  A(t)=2637  sim=69.5s
epoch   47000  HO=0.0782  meanSteps=   128.7  copy=0.851  A(t)=2637  sim=69.6s
epoch   47050  HO=0.0703  meanSteps=   128.6  copy=0.856  A(t)=2638  sim=69.6s
epoch   47100  HO=0.0381  meanSteps=   128.7  copy=0.858  A(t)=2638  sim=69.7s
epoch   47150  HO=-0.0149  meanSteps=   128.8  copy=0.857  A(t)=2638  sim=69.8s
epoch   47200  HO=0.0324  meanSteps=   128.7  copy=0.840  A(t)=2638  sim=69.8s
epoch   47250  HO=-0.0195  meanSteps=   128.8  copy=0.852  A(t)=2640  sim=69.9s
epoch   47300  HO=0.0215  meanSteps=   128.8  copy=0.862  A(t)=2640  sim=70.0s
epoch   47350  HO=-0.0018  meanSteps=   128.8  copy=0.855  A(t)=2640  sim=70.0s
epoch   47400  HO=0.0427  meanSteps=   129.0  copy=0.841  A(t)=2640  sim=70.1s
epoch   47450  HO=0.0614  meanSteps=   128.8  copy=0.828  A(t)=2640  sim=70.2s
epoch   47500  HO=0.0504  meanSteps=   128.8  copy=0.825  A(t)=2641  sim=70.2s
epoch   47550  HO=0.0973  meanSteps=   128.7  copy=0.830  A(t)=2644  sim=70.3s
epoch   47600  HO=0.0604  meanSteps=   128.6  copy=0.839  A(t)=2644  sim=70.4s
epoch   47650  HO=0.0172  meanSteps=   128.4  copy=0.840  A(t)=2644  sim=70.5s
epoch   47700  HO=0.0520  meanSteps=   128.6  copy=0.841  A(t)=2644  sim=70.5s
epoch   47750  HO=0.0510  meanSteps=   128.8  copy=0.845  A(t)=2644  sim=70.6s
epoch   47800  HO=0.0594  meanSteps=   136.4  copy=0.846  A(t)=2644  sim=70.7s
epoch   47850  HO=0.0539  meanSteps=   128.9  copy=0.842  A(t)=2644  sim=70.7s
epoch   47900  HO=0.0523  meanSteps=   128.7  copy=0.846  A(t)=2644  sim=70.8s
epoch   47950  HO=0.0885  meanSteps=   128.7  copy=0.833  A(t)=2644  sim=70.9s
epoch   48000  HO=0.0711  meanSteps=   128.8  copy=0.830  A(t)=2644  sim=70.9s
epoch   48050  HO=0.1181  meanSteps=   128.9  copy=0.841  A(t)=2645  sim=71.0s
epoch   48100  HO=0.1019  meanSteps=   128.9  copy=0.845  A(t)=2645  sim=71.1s
epoch   48150  HO=0.0215  meanSteps=   128.7  copy=0.855  A(t)=2645  sim=71.1s
epoch   48200  HO=0.0282  meanSteps=   128.9  copy=0.853  A(t)=2645  sim=71.2s
epoch   48250  HO=0.0178  meanSteps=   128.9  copy=0.849  A(t)=2645  sim=71.3s
epoch   48300  HO=0.0586  meanSteps=   128.7  copy=0.856  A(t)=2645  sim=71.3s
epoch   48350  HO=0.0236  meanSteps=   128.8  copy=0.855  A(t)=2645  sim=71.4s
epoch   48400  HO=0.0333  meanSteps=   128.8  copy=0.853  A(t)=2645  sim=71.5s
epoch   48450  HO=0.0410  meanSteps=   128.8  copy=0.863  A(t)=2652  sim=71.5s
epoch   48500  HO=0.0881  meanSteps=   129.0  copy=0.884  A(t)=2652  sim=71.6s
epoch   48550  HO=0.0403  meanSteps=   129.0  copy=0.865  A(t)=2652  sim=71.7s
epoch   48600  HO=0.0482  meanSteps=   129.0  copy=0.836  A(t)=2652  sim=71.8s
epoch   48650  HO=0.0201  meanSteps=   128.7  copy=0.824  A(t)=2652  sim=71.8s
epoch   48700  HO=0.0517  meanSteps=   128.8  copy=0.827  A(t)=2653  sim=71.9s
epoch   48750  HO=0.0263  meanSteps=   128.6  copy=0.827  A(t)=2653  sim=72.0s
epoch   48800  HO=0.0494  meanSteps=   128.9  copy=0.847  A(t)=2653  sim=72.0s
epoch   48850  HO=0.0503  meanSteps=   128.9  copy=0.834  A(t)=2653  sim=72.1s
epoch   48900  HO=0.0970  meanSteps=   128.8  copy=0.825  A(t)=2654  sim=72.2s
epoch   48950  HO=0.0631  meanSteps=   128.8  copy=0.815  A(t)=2654  sim=72.2s
epoch   49000  HO=0.0663  meanSteps=   128.7  copy=0.786  A(t)=2654  sim=72.3s
epoch   49050  HO=0.1070  meanSteps=   128.8  copy=0.798  A(t)=2654  sim=72.4s
epoch   49100  HO=0.0701  meanSteps=   128.7  copy=0.800  A(t)=2656  sim=72.4s
epoch   49150  HO=0.1171  meanSteps=   128.8  copy=0.809  A(t)=2656  sim=72.5s
epoch   49200  HO=0.0680  meanSteps=   128.8  copy=0.818  A(t)=2656  sim=72.6s
epoch   49250  HO=0.0826  meanSteps=   128.9  copy=0.828  A(t)=2656  sim=72.7s
epoch   49300  HO=0.0875  meanSteps=   129.0  copy=0.821  A(t)=2657  sim=72.7s
epoch   49350  HO=0.1354  meanSteps=   128.7  copy=0.816  A(t)=2657  sim=72.8s
epoch   49400  HO=0.0834  meanSteps=   128.2  copy=0.807  A(t)=2658  sim=72.9s
epoch   49450  HO=0.1122  meanSteps=   128.4  copy=0.819  A(t)=2658  sim=72.9s
epoch   49500  HO=0.1212  meanSteps=   128.5  copy=0.813  A(t)=2658  sim=73.0s
epoch   49550  HO=0.0795  meanSteps=   128.7  copy=0.813  A(t)=2658  sim=73.1s
epoch   49600  HO=0.1004  meanSteps=   128.9  copy=0.825  A(t)=2658  sim=73.1s
epoch   49650  HO=0.0590  meanSteps=   128.6  copy=0.854  A(t)=2658  sim=73.2s
epoch   49700  HO=0.0576  meanSteps=   128.9  copy=0.864  A(t)=2660  sim=73.3s
epoch   49750  HO=0.0662  meanSteps=   129.0  copy=0.861  A(t)=2660  sim=73.4s
epoch   49800  HO=0.1412  meanSteps=   129.0  copy=0.854  A(t)=2660  sim=73.4s
epoch   49850  HO=0.1175  meanSteps=   128.8  copy=0.839  A(t)=2660  sim=73.5s
epoch   49900  HO=0.0800  meanSteps=   128.9  copy=0.842  A(t)=2660  sim=73.6s
epoch   49950  HO=0.0518  meanSteps=   129.0  copy=0.836  A(t)=2660  sim=73.6s
epoch   50000  HO=0.0594  meanSteps=   129.0  copy=0.855  A(t)=2660  sim=73.7s
done: 50000 epochs in 125.3s wall (73.7s simulating), runs/ring_halt_s2
