epoch       0  HO=-0.0037  meanSteps=     0.0  copy=0.000  A(t)=0  sim=0.0s
epoch      50  HO=0.1301  meanSteps=  1314.4  copy=0.557  A(t)=0  sim=0.3s
epoch     100  HO=0.3058  meanSteps=  1388.5  copy=0.611  A(t)=0  sim=0.6s
epoch     150  HO=0.3928  meanSteps=  1378.6  copy=0.629  A(t)=0  sim=0.8s
epoch     200  HO=0.4251  meanSteps=  1320.4  copy=0.642  A(t)=0  sim=1.1s
epoch     250  HO=0.4411  meanSteps=  1265.8  copy=0.642  A(t)=0  sim=1.3s
epoch     300  HO=0.4780  meanSteps=  1218.0  copy=0.644  A(t)=6  sim=1.6s
epoch     350  HO=0.4344  meanSteps=  1203.3  copy=0.649  A(t)=13  sim=1.8s
epoch     400  HO=0.5108  meanSteps=  1102.5  copy=0.648  A(t)=16  sim=2.1s
epoch     450  HO=0.5033  meanSteps=  1078.6  copy=0.654  A(t)=19  sim=2.3s
epoch     500  HO=0.4422  meanSteps=  1143.7  copy=0.636  A(t)=22  sim=2.5s
epoch     550  HO=0.5249  meanSteps=  1098.8  copy=0.628  A(t)=23  sim=2.7s
epoch     600  HO=0.4931  meanSteps=  1094.7  copy=0.614  A(t)=27  sim=3.0s
epoch     650  HO=0.5341  meanSteps=  1122.7  copy=0.611  A(t)=27  sim=3.2s
epoch     700  HO=0.5299  meanSteps=  1081.3  copy=0.612  A(t)=28  sim=3.4s
epoch     750  HO=0.5535  meanSteps=  1037.9  copy=0.614  A(t)=30  sim=3.6s
epoch     800  HO=0.5736  meanSteps=  1018.6  copy=0.606  A(t)=31  sim=3.8s
epoch     850  HO=0.6010  meanSteps=  1022.9  copy=0.597  A(t)=34  sim=4.1s
epoch     900  HO=0.6188  meanSteps=  1033.4  copy=0.602  A(t)=35  sim=4.3s
epoch     950  HO=0.6336  meanSteps=  1005.6  copy=0.600  A(t)=36  sim=4.5s
epoch    1000  HO=0.6633  meanSteps=   979.3  copy=0.592  A(t)=43  sim=4.7s
epoch    1050  HO=0.6868  meanSteps=   983.6  copy=0.599  A(t)=43  sim=4.9s
epoch    1100  HO=0.6728  meanSteps=   968.5  copy=0.596  A(t)=45  sim=5.1s
epoch    1150  HO=0.7368  meanSteps=   918.3  copy=0.593  A(t)=47  sim=5.3s
epoch    1200  HO=0.7340  meanSteps=   922.0  copy=0.593  A(t)=54  sim=5.5s
epoch    1250  HO=0.7617  meanSteps=   856.1  copy=0.599  A(t)=59  sim=5.7s
epoch    1300  HO=0.8006  meanSteps=   779.4  copy=0.606  A(t)=64  sim=5.9s
epoch    1350  HO=0.8212  meanSteps=   751.2  copy=0.621  A(t)=69  sim=6.1s
epoch    1400  HO=0.8948  meanSteps=   673.2  copy=0.640  A(t)=73  sim=6.3s
epoch    1450  HO=0.9169  meanSteps=   628.5  copy=0.638  A(t)=90  sim=6.4s
epoch    1500  HO=0.9042  meanSteps=   553.9  copy=0.654  A(t)=95  sim=6.6s
epoch    1550  HO=0.9113  meanSteps=   568.3  copy=0.655  A(t)=103  sim=6.7s
epoch    1600  HO=0.8948  meanSteps=   556.6  copy=0.660  A(t)=116  sim=6.9s
epoch    1650  HO=0.8921  meanSteps=   597.2  copy=0.655  A(t)=131  sim=7.0s
epoch    1700  HO=0.9112  meanSteps=   546.2  copy=0.663  A(t)=143  sim=7.2s
epoch    1750  HO=0.9135  meanSteps=   523.4  copy=0.670  A(t)=145  sim=7.3s
epoch    1800  HO=0.8838  meanSteps=   527.7  copy=0.672  A(t)=151  sim=7.5s
epoch    1850  HO=0.9024  meanSteps=   473.3  copy=0.680  A(t)=159  sim=7.6s
epoch    1900  HO=0.8995  meanSteps=   495.9  copy=0.680  A(t)=183  sim=7.7s
epoch    1950  HO=0.8777  meanSteps=   449.3  copy=0.689  A(t)=185  sim=7.9s
epoch    2000  HO=0.9099  meanSteps=   402.2  copy=0.696  A(t)=192  sim=8.0s
epoch    2050  HO=0.8930  meanSteps=   383.0  copy=0.710  A(t)=199  sim=8.1s
epoch    2100  HO=0.8317  meanSteps=   343.4  copy=0.723  A(t)=206  sim=8.2s
epoch    2150  HO=0.8379  meanSteps=   334.5  copy=0.727  A(t)=220  sim=8.4s
epoch    2200  HO=0.8777  meanSteps=   322.8  copy=0.728  A(t)=230  sim=8.5s
epoch    2250  HO=0.8380  meanSteps=   292.1  copy=0.750  A(t)=234  sim=8.6s
epoch    2300  HO=0.8296  meanSteps=   278.5  copy=0.758  A(t)=254  sim=8.7s
epoch    2350  HO=0.7609  meanSteps=   278.6  copy=0.738  A(t)=262  sim=8.8s
epoch    2400  HO=0.7026  meanSteps=   274.2  copy=0.739  A(t)=273  sim=8.9s
epoch    2450  HO=0.6996  meanSteps=   285.6  copy=0.731  A(t)=285  sim=9.0s
epoch    2500  HO=0.6804  meanSteps=   270.0  copy=0.729  A(t)=287  sim=9.1s
epoch    2550  HO=0.6112  meanSteps=   268.6  copy=0.750  A(t)=289  sim=9.2s
epoch    2600  HO=0.6179  meanSteps=   251.9  copy=0.762  A(t)=302  sim=9.3s
epoch    2650  HO=0.5570  meanSteps=   245.1  copy=0.779  A(t)=311  sim=9.4s
epoch    2700  HO=0.5411  meanSteps=   256.7  copy=0.780  A(t)=317  sim=9.5s
epoch    2750  HO=0.5092  meanSteps=   230.3  copy=0.774  A(t)=322  sim=9.6s
epoch    2800  HO=0.5540  meanSteps=   212.0  copy=0.779  A(t)=324  sim=9.7s
epoch    2850  HO=0.4483  meanSteps=   208.1  copy=0.803  A(t)=328  sim=9.8s
epoch    2900  HO=0.3699  meanSteps=   200.8  copy=0.788  A(t)=333  sim=9.9s
epoch    2950  HO=0.4360  meanSteps=   205.0  copy=0.786  A(t)=334  sim=10.0s
epoch    3000  HO=0.3889  meanSteps=   201.9  copy=0.799  A(t)=334  sim=10.1s
epoch    3050  HO=0.3339  meanSteps=   178.1  copy=0.807  A(t)=334  sim=10.2s
epoch    3100  HO=0.2466  meanSteps=   150.4  copy=0.812  A(t)=334  sim=10.2s
epoch    3150  HO=0.2160  meanSteps=   135.5  copy=0.811  A(t)=337  sim=10.3s
epoch    3200  HO=0.2499  meanSteps=   128.7  copy=0.807  A(t)=337  sim=10.4s
epoch    3250  HO=0.2053  meanSteps=   130.6  copy=0.809  A(t)=337  sim=10.5s
epoch    3300  HO=0.1082  meanSteps=   130.0  copy=0.810  A(t)=337  sim=10.6s
epoch    3350  HO=0.0526  meanSteps=   128.2  copy=0.805  A(t)=337  sim=10.6s
epoch    3400  HO=0.0326  meanSteps=   128.2  copy=0.813  A(t)=337  sim=10.7s
epoch    3450  HO=0.0733  meanSteps=   134.5  copy=0.831  A(t)=337  sim=10.8s
epoch    3500  HO=0.0665  meanSteps=   128.7  copy=0.834  A(t)=337  sim=10.9s
epoch    3550  HO=0.0932  meanSteps=   128.5  copy=0.815  A(t)=337  sim=11.0s
epoch    3600  HO=0.1154  meanSteps=   128.5  copy=0.816  A(t)=337  sim=11.0s
epoch    3650  HO=0.1320  meanSteps=   128.5  copy=0.786  A(t)=337  sim=11.1s
epoch    3700  HO=0.1347  meanSteps=   128.3  copy=0.788  A(t)=337  sim=11.2s
epoch    3750  HO=0.1093  meanSteps=   128.6  copy=0.793  A(t)=337  sim=11.3s
epoch    3800  HO=0.0736  meanSteps=   128.6  copy=0.799  A(t)=337  sim=11.4s
epoch    3850  HO=0.0643  meanSteps=   132.8  copy=0.818  A(t)=338  sim=11.4s
epoch    3900  HO=0.1062  meanSteps=   128.3  copy=0.823  A(t)=338  sim=11.5s
epoch    3950  HO=0.1148  meanSteps=   139.0  copy=0.814  A(t)=338  sim=11.6s
epoch    4000  HO=0.1227  meanSteps=   178.1  copy=0.790  A(t)=339  sim=11.7s
epoch    4050  HO=0.0721  meanSteps=   170.9  copy=0.811  A(t)=339  sim=11.8s
epoch    4100  HO=0.0546  meanSteps=   144.3  copy=0.816  A(t)=339  sim=11.8s
epoch    4150  HO=0.1074  meanSteps=   143.5  copy=0.819  A(t)=339  sim=11.9s
epoch    4200  HO=0.0976  meanSteps=   150.9  copy=0.806  A(t)=339  sim=12.0s
epoch    4250  HO=0.0222  meanSteps=   165.6  copy=0.801  A(t)=339  sim=12.1s
epoch    4300  HO=0.0398  meanSteps=   146.0  copy=0.793  A(t)=339  sim=12.2s
epoch    4350  HO=0.0436  meanSteps=   135.3  copy=0.788  A(t)=339  sim=12.3s
epoch    4400  HO=0.0660  meanSteps=   128.1  copy=0.793  A(t)=339  sim=12.3s
epoch    4450  HO=0.0800  meanSteps=   128.2  copy=0.807  A(t)=339  sim=12.4s
epoch    4500  HO=0.0977  meanSteps=   134.7  copy=0.793  A(t)=339  sim=12.5s
epoch    4550  HO=0.0831  meanSteps=   139.5  copy=0.787  A(t)=339  sim=12.6s
epoch    4600  HO=0.0780  meanSteps=   137.4  copy=0.789  A(t)=339  sim=12.7s
epoch    4650  HO=0.0764  meanSteps=   135.2  copy=0.794  A(t)=339  sim=12.7s
epoch    4700  HO=0.0602  meanSteps=   131.4  copy=0.790  A(t)=339  sim=12.8s
epoch    4750  HO=0.0760  meanSteps=   132.4  copy=0.789  A(t)=339  sim=12.9s
epoch    4800  HO=0.1015  meanSteps=   144.8  copy=0.794  A(t)=339  sim=13.0s
epoch    4850  HO=0.1081  meanSteps=   142.2  copy=0.785  A(t)=339  sim=13.1s
epoch    4900  HO=0.1605  meanSteps=   129.5  copy=0.795  A(t)=339  sim=13.1s
epoch    4950  HO=0.1597  meanSteps=   139.6  copy=0.802  A(t)=339  sim=13.2s
epoch    5000  HO=0.1481  meanSteps=   144.1  copy=0.826  A(t)=339  sim=13.3s
epoch    5050  HO=0.1073  meanSteps=   132.1  copy=0.847  A(t)=339  sim=13.4s
epoch    5100  HO=0.1736  meanSteps=   128.3  copy=0.848  A(t)=339  sim=13.5s
epoch    5150  HO=0.1191  meanSteps=   128.3  copy=0.865  A(t)=339  sim=13.5s
epoch    5200  HO=0.0977  meanSteps=   128.8  copy=0.858  A(t)=339  sim=13.6s
epoch    5250  HO=0.0667  meanSteps=   128.6  copy=0.841  A(t)=339  sim=13.7s
epoch    5300  HO=0.0763  meanSteps=   128.4  copy=0.832  A(t)=339  sim=13.8s
epoch    5350  HO=0.0543  meanSteps=   128.5  copy=0.842  A(t)=339  sim=13.9s
epoch    5400  HO=0.0646  meanSteps=   131.7  copy=0.840  A(t)=339  sim=13.9s
epoch    5450  HO=0.1183  meanSteps=   128.6  copy=0.810  A(t)=339  sim=14.0s
epoch    5500  HO=0.0426  meanSteps=   128.4  copy=0.789  A(t)=339  sim=14.1s
epoch    5550  HO=0.1174  meanSteps=   128.6  copy=0.801  A(t)=339  sim=14.2s
epoch    5600  HO=0.0813  meanSteps=   128.4  copy=0.821  A(t)=339  sim=14.2s
epoch    5650  HO=0.1323  meanSteps=   132.3  copy=0.825  A(t)=339  sim=14.3s
epoch    5700  HO=0.1247  meanSteps=   136.0  copy=0.808  A(t)=339  sim=14.4s
epoch    5750  HO=0.1341  meanSteps=   129.1  copy=0.808  A(t)=339  sim=14.5s
epoch    5800  HO=0.0852  meanSteps=   128.5  copy=0.815  A(t)=339  sim=14.6s
epoch    5850  HO=0.1207  meanSteps=   128.3  copy=0.813  A(t)=339  sim=14.6s
epoch    5900  HO=0.1218  meanSteps=   128.1  copy=0.787  A(t)=339  sim=14.7s
epoch    5950  HO=0.1768  meanSteps=   128.1  copy=0.785  A(t)=339  sim=14.8s
epoch    6000  HO=0.0867  meanSteps=   128.3  copy=0.788  A(t)=339  sim=14.9s
epoch    6050  HO=0.0873  meanSteps=   128.2  copy=0.799  A(t)=339  sim=15.0s
epoch    6100  HO=0.1550  meanSteps=   128.2  copy=0.798  A(t)=339  sim=15.0s
epoch    6150  HO=0.1613  meanSteps=   127.9  copy=0.815  A(t)=339  sim=15.1s
epoch    6200  HO=0.1597  meanSteps=   127.9  copy=0.828  A(t)=339  sim=15.2s
epoch    6250  HO=0.1865  meanSteps=   128.2  copy=0.823  A(t)=340  sim=15.3s
epoch    6300  HO=0.1149  meanSteps=   129.6  copy=0.818  A(t)=340  sim=15.4s
epoch    6350  HO=0.0909  meanSteps=   137.0  copy=0.823  A(t)=340  sim=15.4s
epoch    6400  HO=0.1213  meanSteps=   132.6  copy=0.826  A(t)=340  sim=15.5s
epoch    6450  HO=0.1104  meanSteps=   128.3  copy=0.833  A(t)=340  sim=15.6s
epoch    6500  HO=0.0911  meanSteps=   128.4  copy=0.828  A(t)=340  sim=15.7s
epoch    6550  HO=0.0797  meanSteps=   128.6  copy=0.806  A(t)=340  sim=15.7s
epoch    6600  HO=0.1241  meanSteps=   128.7  copy=0.792  A(t)=340  sim=15.8s
epoch    6650  HO=0.0651  meanSteps=   128.6  copy=0.796  A(t)=340  sim=15.9s
epoch    6700  HO=0.1560  meanSteps=   128.4  copy=0.803  A(t)=340  sim=16.0s
epoch    6750  HO=0.1050  meanSteps=   128.0  copy=0.805  A(t)=340  sim=16.1s
epoch    6800  HO=0.1062  meanSteps=   127.9  copy=0.800  A(t)=340  sim=16.1s
epoch    6850  HO=0.1475  meanSteps=   128.3  copy=0.801  A(t)=340  sim=16.2s
epoch    6900  HO=0.1277  meanSteps=   128.5  copy=0.799  A(t)=340  sim=16.3s
epoch    6950  HO=0.1351  meanSteps=   144.3  copy=0.821  A(t)=340  sim=16.4s
epoch    7000  HO=0.1087  meanSteps=   137.0  copy=0.837  A(t)=340  sim=16.5s
epoch    7050  HO=0.0767  meanSteps=   130.3  copy=0.827  A(t)=340  sim=16.5s
epoch    7100  HO=0.0965  meanSteps=   128.1  copy=0.813  A(t)=340  sim=16.6s
epoch    7150  HO=0.1001  meanSteps=   128.2  copy=0.823  A(t)=340  sim=16.7s
epoch    7200  HO=0.0876  meanSteps=   128.1  copy=0.812  A(t)=340  sim=16.8s
epoch    7250  HO=0.1179  meanSteps=   127.6  copy=0.815  A(t)=340  sim=16.8s
epoch    7300  HO=0.0370  meanSteps=   128.1  copy=0.824  A(t)=340  sim=16.9s
epoch    7350  HO=0.0356  meanSteps=   128.2  copy=0.816  A(t)=340  sim=17.0s
epoch    7400  HO=0.0748  meanSteps=   128.9  copy=0.810  A(t)=340  sim=17.1s
epoch    7450  HO=0.0554  meanSteps=   128.6  copy=0.844  A(t)=340  sim=17.2s
epoch    7500  HO=0.0888  meanSteps=   128.2  copy=0.845  A(t)=340  sim=17.2s
epoch    7550  HO=0.0821  meanSteps=   131.7  copy=0.833  A(t)=340  sim=17.3s
epoch    7600  HO=0.0358  meanSteps=   142.5  copy=0.818  A(t)=340  sim=17.4s
epoch    7650  HO=0.0542  meanSteps=   132.1  copy=0.802  A(t)=340  sim=17.5s
epoch    7700  HO=0.0760  meanSteps=   128.0  copy=0.808  A(t)=340  sim=17.5s
epoch    7750  HO=0.1095  meanSteps=   127.9  copy=0.809  A(t)=340  sim=17.6s
epoch    7800  HO=0.1436  meanSteps=   128.5  copy=0.799  A(t)=340  sim=17.7s
epoch    7850  HO=0.1379  meanSteps=   128.9  copy=0.789  A(t)=340  sim=17.8s
epoch    7900  HO=0.1426  meanSteps=   127.6  copy=0.786  A(t)=340  sim=17.9s
epoch    7950  HO=0.1252  meanSteps=   127.5  copy=0.786  A(t)=340  sim=17.9s
epoch    8000  HO=0.1345  meanSteps=   128.2  copy=0.787  A(t)=340  sim=18.0s
epoch    8050  HO=0.1574  meanSteps=   128.3  copy=0.789  A(t)=340  sim=18.1s
epoch    8100  HO=0.1717  meanSteps=   129.0  copy=0.795  A(t)=340  sim=18.2s
epoch    8150  HO=0.0745  meanSteps=   128.6  copy=0.783  A(t)=340  sim=18.3s
epoch    8200  HO=0.0877  meanSteps=   128.4  copy=0.780  A(t)=340  sim=18.3s
epoch    8250  HO=0.0855  meanSteps=   128.3  copy=0.766  A(t)=340  sim=18.4s
epoch    8300  HO=0.0652  meanSteps=   128.5  copy=0.776  A(t)=340  sim=18.5s
epoch    8350  HO=0.0640  meanSteps=   128.6  copy=0.781  A(t)=340  sim=18.6s
epoch    8400  HO=0.0700  meanSteps=   128.1  copy=0.806  A(t)=340  sim=18.6s
epoch    8450  HO=0.0555  meanSteps=   128.3  copy=0.805  A(t)=340  sim=18.7s
epoch    8500  HO=0.0892  meanSteps=   138.6  copy=0.810  A(t)=340  sim=18.8s
epoch    8550  HO=0.0871  meanSteps=   143.5  copy=0.803  A(t)=340  sim=18.9s
epoch    8600  HO=0.1045  meanSteps=   129.6  copy=0.795  A(t)=340  sim=19.0s
epoch    8650  HO=0.0741  meanSteps=   133.8  copy=0.797  A(t)=340  sim=19.0s
epoch    8700  HO=0.0899  meanSteps=   142.0  copy=0.800  A(t)=340  sim=19.1s
epoch    8750  HO=0.0490  meanSteps=   128.6  copy=0.801  A(t)=340  sim=19.2s
epoch    8800  HO=0.0362  meanSteps=   128.6  copy=0.810  A(t)=340  sim=19.3s
epoch    8850  HO=0.0271  meanSteps=   128.7  copy=0.827  A(t)=340  sim=19.4s
epoch    8900  HO=0.0425  meanSteps=   128.5  copy=0.820  A(t)=340  sim=19.4s
epoch    8950  HO=0.0554  meanSteps=   128.3  copy=0.809  A(t)=340  sim=19.5s
epoch    9000  HO=0.0697  meanSteps=   128.4  copy=0.826  A(t)=340  sim=19.6s
epoch    9050  HO=0.1088  meanSteps=   128.8  copy=0.817  A(t)=340  sim=19.7s
epoch    9100  HO=0.1407  meanSteps=   130.9  copy=0.812  A(t)=340  sim=19.7s
epoch    9150  HO=0.1115  meanSteps=   128.3  copy=0.838  A(t)=340  sim=19.8s
epoch    9200  HO=0.1349  meanSteps=   128.5  copy=0.828  A(t)=340  sim=19.9s
epoch    9250  HO=0.1622  meanSteps=   128.8  copy=0.810  A(t)=340  sim=20.0s
epoch    9300  HO=0.1167  meanSteps=   128.2  copy=0.814  A(t)=340  sim=20.1s
epoch    9350  HO=0.1195  meanSteps=   128.2  copy=0.815  A(t)=340  sim=20.1s
epoch    9400  HO=0.1476  meanSteps=   128.2  copy=0.808  A(t)=340  sim=20.2s
epoch    9450  HO=0.0998  meanSteps=   130.5  copy=0.830  A(t)=340  sim=20.3s
epoch    9500  HO=0.1434  meanSteps=   129.3  copy=0.831  A(t)=340  sim=20.4s
epoch    9550  HO=0.0876  meanSteps=   128.5  copy=0.845  A(t)=340  sim=20.4s
epoch    9600  HO=0.0795  meanSteps=   128.5  copy=0.845  A(t)=340  sim=20.5s
epoch    9650  HO=0.0561  meanSteps=   128.5  copy=0.815  A(t)=340  sim=20.6s
epoch    9700  HO=0.0546  meanSteps=   128.4  copy=0.802  A(t)=340  sim=20.7s
epoch    9750  HO=0.0486  meanSteps=   135.7  copy=0.795  A(t)=340  sim=20.8s
epoch    9800  HO=0.0615  meanSteps=   128.8  copy=0.789  A(t)=340  sim=20.9s
epoch    9850  HO=0.1150  meanSteps=   128.3  copy=0.806  A(t)=340  sim=20.9s
epoch    9900  HO=0.0674  meanSteps=   131.2  copy=0.829  A(t)=340  sim=21.0s
epoch    9950  HO=0.1365  meanSteps=   145.3  copy=0.830  A(t)=340  sim=21.1s
epoch   10000  HO=0.2012  meanSteps=   148.5  copy=0.842  A(t)=340  sim=21.2s
epoch   10050  HO=0.1135  meanSteps=   132.9  copy=0.835  A(t)=340  sim=21.3s
epoch   10100  HO=0.1058  meanSteps=   128.7  copy=0.824  A(t)=340  sim=21.4s
epoch   10150  HO=0.1224  meanSteps=   140.8  copy=0.822  A(t)=340  sim=21.4s
epoch   10200  HO=0.0961  meanSteps=   141.4  copy=0.795  A(t)=340  sim=21.5s
epoch   10250  HO=0.0862  meanSteps=   137.9  copy=0.793  A(t)=340  sim=21.6s
epoch   10300  HO=0.1482  meanSteps=   142.7  copy=0.790  A(t)=340  sim=21.7s
epoch   10350  HO=0.1725  meanSteps=   140.1  copy=0.795  A(t)=340  sim=21.8s
epoch   10400  HO=0.2539  meanSteps=   133.6  copy=0.807  A(t)=340  sim=21.9s
epoch   10450  HO=0.1500  meanSteps=   128.1  copy=0.823  A(t)=340  sim=21.9s
epoch   10500  HO=0.2001  meanSteps=   128.3  copy=0.816  A(t)=340  sim=22.0s
epoch   10550  HO=0.1185  meanSteps=   151.8  copy=0.816  A(t)=340  sim=22.1s
epoch   10600  HO=0.1059  meanSteps=   157.0  copy=0.790  A(t)=340  sim=22.2s
epoch   10650  HO=0.0104  meanSteps=   149.1  copy=0.780  A(t)=340  sim=22.3s
epoch   10700  HO=0.0630  meanSteps=   156.4  copy=0.772  A(t)=340  sim=22.3s
epoch   10750  HO=0.0207  meanSteps=   162.5  copy=0.751  A(t)=340  sim=22.4s
epoch   10800  HO=0.0283  meanSteps=   171.9  copy=0.757  A(t)=340  sim=22.5s
epoch   10850  HO=0.0488  meanSteps=   162.1  copy=0.771  A(t)=340  sim=22.6s
epoch   10900  HO=0.0324  meanSteps=   151.7  copy=0.773  A(t)=340  sim=22.7s
epoch   10950  HO=0.0872  meanSteps=   156.0  copy=0.769  A(t)=340  sim=22.8s
epoch   11000  HO=0.0596  meanSteps=   145.7  copy=0.761  A(t)=340  sim=22.8s
epoch   11050  HO=0.0205  meanSteps=   145.1  copy=0.784  A(t)=340  sim=22.9s
epoch   11100  HO=-0.0063  meanSteps=   140.6  copy=0.787  A(t)=340  sim=23.0s
epoch   11150  HO=0.0654  meanSteps=   128.1  copy=0.788  A(t)=340  sim=23.1s
epoch   11200  HO=0.0783  meanSteps=   128.3  copy=0.792  A(t)=340  sim=23.2s
epoch   11250  HO=0.0639  meanSteps=   129.7  copy=0.789  A(t)=340  sim=23.3s
epoch   11300  HO=0.0550  meanSteps=   130.6  copy=0.783  A(t)=340  sim=23.3s
epoch   11350  HO=0.1494  meanSteps=   138.4  copy=0.778  A(t)=340  sim=23.4s
epoch   11400  HO=0.0874  meanSteps=   128.5  copy=0.771  A(t)=340  sim=23.5s
epoch   11450  HO=0.0881  meanSteps=   128.3  copy=0.756  A(t)=340  sim=23.6s
epoch   11500  HO=0.1486  meanSteps=   128.2  copy=0.780  A(t)=340  sim=23.7s
epoch   11550  HO=0.1394  meanSteps=   132.3  copy=0.778  A(t)=340  sim=23.7s
epoch   11600  HO=0.1483  meanSteps=   142.8  copy=0.770  A(t)=340  sim=23.8s
epoch   11650  HO=0.1288  meanSteps=   147.6  copy=0.761  A(t)=340  sim=23.9s
epoch   11700  HO=0.1184  meanSteps=   139.2  copy=0.766  A(t)=340  sim=24.0s
epoch   11750  HO=0.0793  meanSteps=   158.2  copy=0.756  A(t)=340  sim=24.1s
epoch   11800  HO=0.1098  meanSteps=   149.6  copy=0.750  A(t)=340  sim=24.2s
epoch   11850  HO=0.1155  meanSteps=   154.8  copy=0.761  A(t)=340  sim=24.2s
epoch   11900  HO=0.0166  meanSteps=   154.8  copy=0.762  A(t)=340  sim=24.3s
epoch   11950  HO=0.1049  meanSteps=   191.5  copy=0.779  A(t)=340  sim=24.4s
epoch   12000  HO=0.1375  meanSteps=   199.8  copy=0.772  A(t)=340  sim=24.5s
epoch   12050  HO=0.2458  meanSteps=   214.7  copy=0.780  A(t)=340  sim=24.6s
epoch   12100  HO=0.2086  meanSteps=   202.5  copy=0.785  A(t)=340  sim=24.7s
epoch   12150  HO=0.1390  meanSteps=   162.1  copy=0.776  A(t)=340  sim=24.8s
epoch   12200  HO=0.1674  meanSteps=   156.9  copy=0.763  A(t)=340  sim=24.9s
epoch   12250  HO=0.1307  meanSteps=   145.8  copy=0.764  A(t)=340  sim=25.0s
epoch   12300  HO=0.1688  meanSteps=   144.2  copy=0.765  A(t)=340  sim=25.1s
epoch   12350  HO=0.1354  meanSteps=   136.1  copy=0.756  A(t)=340  sim=25.1s
epoch   12400  HO=0.1611  meanSteps=   128.2  copy=0.752  A(t)=340  sim=25.2s
epoch   12450  HO=0.2105  meanSteps=   128.0  copy=0.735  A(t)=340  sim=25.3s
epoch   12500  HO=0.1889  meanSteps=   135.4  copy=0.747  A(t)=340  sim=25.4s
epoch   12550  HO=0.1221  meanSteps=   135.6  copy=0.741  A(t)=340  sim=25.5s
epoch   12600  HO=0.1422  meanSteps=   127.9  copy=0.735  A(t)=341  sim=25.5s
epoch   12650  HO=0.1189  meanSteps=   127.9  copy=0.747  A(t)=341  sim=25.6s
epoch   12700  HO=0.1409  meanSteps=   141.1  copy=0.761  A(t)=341  sim=25.7s
epoch   12750  HO=0.1724  meanSteps=   142.3  copy=0.764  A(t)=341  sim=25.8s
epoch   12800  HO=0.1674  meanSteps=   127.9  copy=0.758  A(t)=341  sim=25.9s
epoch   12850  HO=0.1733  meanSteps=   128.0  copy=0.746  A(t)=341  sim=25.9s
epoch   12900  HO=0.1708  meanSteps=   127.8  copy=0.753  A(t)=341  sim=26.0s
epoch   12950  HO=0.1294  meanSteps=   137.6  copy=0.736  A(t)=341  sim=26.1s
epoch   13000  HO=0.1230  meanSteps=   134.7  copy=0.737  A(t)=341  sim=26.2s
epoch   13050  HO=0.1483  meanSteps=   130.0  copy=0.768  A(t)=341  sim=26.3s
epoch   13100  HO=0.1418  meanSteps=   144.7  copy=0.764  A(t)=341  sim=26.3s
epoch   13150  HO=0.0801  meanSteps=   143.9  copy=0.760  A(t)=341  sim=26.4s
epoch   13200  HO=0.0670  meanSteps=   131.5  copy=0.757  A(t)=341  sim=26.5s
epoch   13250  HO=0.0666  meanSteps=   128.6  copy=0.761  A(t)=341  sim=26.6s
epoch   13300  HO=0.0656  meanSteps=   128.5  copy=0.759  A(t)=341  sim=26.7s
epoch   13350  HO=0.0876  meanSteps=   129.5  copy=0.749  A(t)=341  sim=26.7s
epoch   13400  HO=0.0675  meanSteps=   130.9  copy=0.738  A(t)=341  sim=26.8s
epoch   13450  HO=0.0501  meanSteps=   134.9  copy=0.741  A(t)=341  sim=26.9s
epoch   13500  HO=0.0832  meanSteps=   128.8  copy=0.754  A(t)=341  sim=27.0s
epoch   13550  HO=0.1259  meanSteps=   128.8  copy=0.759  A(t)=341  sim=27.1s
epoch   13600  HO=0.0913  meanSteps=   134.0  copy=0.744  A(t)=341  sim=27.1s
epoch   13650  HO=0.0577  meanSteps=   145.4  copy=0.768  A(t)=341  sim=27.2s
epoch   13700  HO=0.0600  meanSteps=   153.7  copy=0.760  A(t)=341  sim=27.3s
epoch   13750  HO=0.0790  meanSteps=   160.0  copy=0.785  A(t)=341  sim=27.4s
epoch   13800  HO=0.0731  meanSteps=   160.5  copy=0.792  A(t)=341  sim=27.5s
epoch   13850  HO=0.1212  meanSteps=   155.7  copy=0.778  A(t)=341  sim=27.6s
epoch   13900  HO=0.1529  meanSteps=   160.7  copy=0.760  A(t)=341  sim=27.7s
epoch   13950  HO=0.1496  meanSteps=   156.1  copy=0.763  A(t)=342  sim=27.7s
epoch   14000  HO=0.1545  meanSteps=   131.9  copy=0.784  A(t)=342  sim=27.8s
epoch   14050  HO=0.1901  meanSteps=   128.5  copy=0.798  A(t)=342  sim=27.9s
epoch   14100  HO=0.1622  meanSteps=   128.9  copy=0.819  A(t)=342  sim=28.0s
epoch   14150  HO=0.1114  meanSteps=   128.6  copy=0.817  A(t)=342  sim=28.1s
epoch   14200  HO=0.1747  meanSteps=   128.3  copy=0.817  A(t)=342  sim=28.1s
epoch   14250  HO=0.2327  meanSteps=   128.5  copy=0.795  A(t)=342  sim=28.2s
epoch   14300  HO=0.2372  meanSteps=   128.5  copy=0.796  A(t)=342  sim=28.3s
epoch   14350  HO=0.1926  meanSteps=   135.8  copy=0.799  A(t)=342  sim=28.4s
epoch   14400  HO=0.1945  meanSteps=   142.9  copy=0.809  A(t)=342  sim=28.5s
epoch   14450  HO=0.2108  meanSteps=   164.8  copy=0.801  A(t)=342  sim=28.6s
epoch   14500  HO=0.2315  meanSteps=   170.5  copy=0.795  A(t)=342  sim=28.6s
epoch   14550  HO=0.2624  meanSteps=   165.0  copy=0.809  A(t)=342  sim=28.7s
epoch   14600  HO=0.3015  meanSteps=   153.4  copy=0.810  A(t)=342  sim=28.8s
epoch   14650  HO=0.3194  meanSteps=   155.5  copy=0.807  A(t)=342  sim=28.9s
epoch   14700  HO=0.2822  meanSteps=   155.3  copy=0.804  A(t)=342  sim=29.0s
epoch   14750  HO=0.2533  meanSteps=   150.6  copy=0.780  A(t)=342  sim=29.1s
epoch   14800  HO=0.3270  meanSteps=   146.4  copy=0.792  A(t)=342  sim=29.2s
epoch   14850  HO=0.2987  meanSteps=   142.9  copy=0.797  A(t)=343  sim=29.2s
epoch   14900  HO=0.3325  meanSteps=   145.1  copy=0.787  A(t)=343  sim=29.3s
epoch   14950  HO=0.3865  meanSteps=   144.1  copy=0.789  A(t)=343  sim=29.4s
epoch   15000  HO=0.3698  meanSteps=   143.5  copy=0.807  A(t)=343  sim=29.5s
epoch   15050  HO=0.3577  meanSteps=   143.0  copy=0.798  A(t)=343  sim=29.6s
epoch   15100  HO=0.3639  meanSteps=   143.9  copy=0.779  A(t)=343  sim=29.6s
epoch   15150  HO=0.4080  meanSteps=   144.5  copy=0.779  A(t)=343  sim=29.7s
epoch   15200  HO=0.4461  meanSteps=   144.0  copy=0.780  A(t)=343  sim=29.8s
epoch   15250  HO=0.3989  meanSteps=   136.3  copy=0.787  A(t)=343  sim=29.9s
epoch   15300  HO=0.3711  meanSteps=   128.3  copy=0.794  A(t)=343  sim=30.0s
epoch   15350  HO=0.3734  meanSteps=   128.6  copy=0.803  A(t)=343  sim=30.1s
epoch   15400  HO=0.4032  meanSteps=   128.8  copy=0.791  A(t)=343  sim=30.1s
epoch   15450  HO=0.3713  meanSteps=   128.6  copy=0.793  A(t)=344  sim=30.2s
epoch   15500  HO=0.3685  meanSteps=   128.6  copy=0.798  A(t)=344  sim=30.3s
epoch   15550  HO=0.3555  meanSteps=   142.8  copy=0.782  A(t)=344  sim=30.4s
epoch   15600  HO=0.3633  meanSteps=   148.0  copy=0.790  A(t)=344  sim=30.5s
epoch   15650  HO=0.3359  meanSteps=   144.0  copy=0.817  A(t)=344  sim=30.5s
epoch   15700  HO=0.3943  meanSteps=   163.6  copy=0.806  A(t)=344  sim=30.6s
epoch   15750  HO=0.4075  meanSteps=   143.9  copy=0.796  A(t)=344  sim=30.7s
epoch   15800  HO=0.4025  meanSteps=   128.6  copy=0.807  A(t)=344  sim=30.8s
epoch   15850  HO=0.3973  meanSteps=   128.6  copy=0.842  A(t)=346  sim=30.9s
epoch   15900  HO=0.4256  meanSteps=   128.7  copy=0.855  A(t)=347  sim=30.9s
epoch   15950  HO=0.4422  meanSteps=   128.5  copy=0.853  A(t)=347  sim=31.0s
epoch   16000  HO=0.4267  meanSteps=   128.3  copy=0.820  A(t)=347  sim=31.1s
epoch   16050  HO=0.4494  meanSteps=   128.6  copy=0.817  A(t)=347  sim=31.2s
epoch   16100  HO=0.4406  meanSteps=   128.7  copy=0.797  A(t)=347  sim=31.3s
epoch   16150  HO=0.4184  meanSteps=   128.8  copy=0.782  A(t)=347  sim=31.3s
epoch   16200  HO=0.4492  meanSteps=   128.8  copy=0.804  A(t)=347  sim=31.4s
epoch   16250  HO=0.4202  meanSteps=   128.5  copy=0.809  A(t)=347  sim=31.5s
epoch   16300  HO=0.3914  meanSteps=   128.4  copy=0.818  A(t)=347  sim=31.6s
epoch   16350  HO=0.4893  meanSteps=   128.6  copy=0.816  A(t)=347  sim=31.6s
epoch   16400  HO=0.4632  meanSteps=   128.5  copy=0.817  A(t)=347  sim=31.7s
epoch   16450  HO=0.4339  meanSteps=   128.6  copy=0.814  A(t)=347  sim=31.8s
epoch   16500  HO=0.3936  meanSteps=   128.6  copy=0.801  A(t)=348  sim=31.9s
epoch   16550  HO=0.4014  meanSteps=   128.5  copy=0.797  A(t)=348  sim=32.0s
epoch   16600  HO=0.3575  meanSteps=   139.6  copy=0.787  A(t)=348  sim=32.0s
epoch   16650  HO=0.3155  meanSteps=   143.1  copy=0.774  A(t)=348  sim=32.1s
epoch   16700  HO=0.3508  meanSteps=   139.6  copy=0.768  A(t)=348  sim=32.2s
epoch   16750  HO=0.3585  meanSteps=   137.2  copy=0.781  A(t)=348  sim=32.3s
epoch   16800  HO=0.3664  meanSteps=   139.0  copy=0.779  A(t)=348  sim=32.4s
epoch   16850  HO=0.3543  meanSteps=   142.8  copy=0.761  A(t)=348  sim=32.5s
epoch   16900  HO=0.3454  meanSteps=   145.6  copy=0.763  A(t)=348  sim=32.5s
epoch   16950  HO=0.3536  meanSteps=   142.9  copy=0.774  A(t)=348  sim=32.6s
epoch   17000  HO=0.3501  meanSteps=   139.9  copy=0.784  A(t)=348  sim=32.7s
epoch   17050  HO=0.3633  meanSteps=   142.7  copy=0.779  A(t)=348  sim=32.8s
epoch   17100  HO=0.4121  meanSteps=   152.9  copy=0.777  A(t)=348  sim=32.9s
epoch   17150  HO=0.4257  meanSteps=   156.5  copy=0.775  A(t)=348  sim=33.0s
epoch   17200  HO=0.4315  meanSteps=   147.5  copy=0.787  A(t)=348  sim=33.0s
epoch   17250  HO=0.4015  meanSteps=   140.4  copy=0.805  A(t)=348  sim=33.1s
epoch   17300  HO=0.3807  meanSteps=   127.7  copy=0.813  A(t)=348  sim=33.2s
epoch   17350  HO=0.3653  meanSteps=   128.4  copy=0.800  A(t)=348  sim=33.3s
epoch   17400  HO=0.3273  meanSteps=   133.9  copy=0.787  A(t)=348  sim=33.4s
epoch   17450  HO=0.3717  meanSteps=   142.5  copy=0.802  A(t)=348  sim=33.4s
epoch   17500  HO=0.3523  meanSteps=   142.1  copy=0.801  A(t)=348  sim=33.5s
epoch   17550  HO=0.3633  meanSteps=   128.6  copy=0.817  A(t)=348  sim=33.6s
epoch   17600  HO=0.3864  meanSteps=   139.7  copy=0.813  A(t)=350  sim=33.7s
epoch   17650  HO=0.4211  meanSteps=   144.9  copy=0.815  A(t)=350  sim=33.8s
epoch   17700  HO=0.3935  meanSteps=   144.8  copy=0.815  A(t)=350  sim=33.8s
epoch   17750  HO=0.4027  meanSteps=   145.6  copy=0.809  A(t)=350  sim=33.9s
epoch   17800  HO=0.4637  meanSteps=   144.5  copy=0.797  A(t)=350  sim=34.0s
epoch   17850  HO=0.4267  meanSteps=   143.9  copy=0.800  A(t)=352  sim=34.1s
epoch   17900  HO=0.4712  meanSteps=   144.6  copy=0.803  A(t)=354  sim=34.2s
epoch   17950  HO=0.5252  meanSteps=   145.0  copy=0.817  A(t)=357  sim=34.3s
epoch   18000  HO=0.4906  meanSteps=   146.5  copy=0.805  A(t)=357  sim=34.3s
epoch   18050  HO=0.5020  meanSteps=   145.8  copy=0.808  A(t)=360  sim=34.4s
epoch   18100  HO=0.5158  meanSteps=   130.4  copy=0.796  A(t)=360  sim=34.5s
epoch   18150  HO=0.4853  meanSteps=   128.7  copy=0.793  A(t)=360  sim=34.6s
epoch   18200  HO=0.4100  meanSteps=   128.7  copy=0.807  A(t)=360  sim=34.7s
epoch   18250  HO=0.4298  meanSteps=   128.9  copy=0.836  A(t)=360  sim=34.7s
epoch   18300  HO=0.5179  meanSteps=   128.4  copy=0.836  A(t)=361  sim=34.8s
epoch   18350  HO=0.4799  meanSteps=   128.1  copy=0.810  A(t)=361  sim=34.9s
epoch   18400  HO=0.4872  meanSteps=   128.3  copy=0.793  A(t)=364  sim=35.0s
epoch   18450  HO=0.4706  meanSteps=   128.5  copy=0.769  A(t)=368  sim=35.0s
epoch   18500  HO=0.4678  meanSteps=   128.2  copy=0.762  A(t)=368  sim=35.1s
epoch   18550  HO=0.4726  meanSteps=   128.6  copy=0.751  A(t)=370  sim=35.2s
epoch   18600  HO=0.4767  meanSteps=   128.4  copy=0.745  A(t)=377  sim=35.3s
epoch   18650  HO=0.4773  meanSteps=   128.4  copy=0.731  A(t)=381  sim=35.4s
epoch   18700  HO=0.5485  meanSteps=   128.1  copy=0.726  A(t)=383  sim=35.4s
epoch   18750  HO=0.5633  meanSteps=   128.6  copy=0.737  A(t)=386  sim=35.5s
epoch   18800  HO=0.5723  meanSteps=   152.9  copy=0.748  A(t)=386  sim=35.6s
epoch   18850  HO=0.6043  meanSteps=   141.0  copy=0.779  A(t)=387  sim=35.7s
epoch   18900  HO=0.6144  meanSteps=   128.5  copy=0.792  A(t)=387  sim=35.8s
epoch   18950  HO=0.5728  meanSteps=   127.3  copy=0.782  A(t)=390  sim=35.9s
epoch   19000  HO=0.6027  meanSteps=   127.1  copy=0.787  A(t)=390  sim=36.0s
epoch   19050  HO=0.5811  meanSteps=   127.5  copy=0.785  A(t)=390  sim=36.1s
epoch   19100  HO=0.6057  meanSteps=   140.3  copy=0.803  A(t)=390  sim=36.1s
epoch   19150  HO=0.6356  meanSteps=   127.6  copy=0.799  A(t)=390  sim=36.2s
epoch   19200  HO=0.6304  meanSteps=   127.7  copy=0.803  A(t)=390  sim=36.3s
epoch   19250  HO=0.6205  meanSteps=   127.8  copy=0.796  A(t)=390  sim=36.4s
epoch   19300  HO=0.7022  meanSteps=   128.6  copy=0.766  A(t)=390  sim=36.5s
epoch   19350  HO=0.6732  meanSteps=   142.2  copy=0.769  A(t)=390  sim=36.6s
epoch   19400  HO=0.6223  meanSteps=   143.0  copy=0.766  A(t)=392  sim=36.6s
epoch   19450  HO=0.6890  meanSteps=   145.3  copy=0.768  A(t)=392  sim=36.7s
epoch   19500  HO=0.6226  meanSteps=   154.1  copy=0.781  A(t)=392  sim=36.8s
epoch   19550  HO=0.6576  meanSteps=   179.4  copy=0.794  A(t)=392  sim=36.9s
epoch   19600  HO=0.6772  meanSteps=   174.1  copy=0.793  A(t)=396  sim=37.0s
epoch   19650  HO=0.5872  meanSteps=   186.0  copy=0.795  A(t)=398  sim=37.1s
epoch   19700  HO=0.6027  meanSteps=   180.4  copy=0.792  A(t)=398  sim=37.2s
epoch   19750  HO=0.6455  meanSteps=   166.6  copy=0.787  A(t)=398  sim=37.2s
epoch   19800  HO=0.5943  meanSteps=   160.5  copy=0.792  A(t)=398  sim=37.3s
epoch   19850  HO=0.6036  meanSteps=   128.0  copy=0.808  A(t)=398  sim=37.4s
epoch   19900  HO=0.5780  meanSteps=   128.2  copy=0.807  A(t)=398  sim=37.5s
epoch   19950  HO=0.5711  meanSteps=   128.8  copy=0.819  A(t)=398  sim=37.6s
epoch   20000  HO=0.5726  meanSteps=   128.4  copy=0.813  A(t)=400  sim=37.7s
epoch   20050  HO=0.5481  meanSteps=   128.3  copy=0.825  A(t)=400  sim=37.7s
epoch   20100  HO=0.5563  meanSteps=   128.6  copy=0.828  A(t)=400  sim=37.8s
epoch   20150  HO=0.5033  meanSteps=   128.4  copy=0.830  A(t)=400  sim=37.9s
epoch   20200  HO=0.5330  meanSteps=   128.3  copy=0.818  A(t)=401  sim=38.0s
epoch   20250  HO=0.4552  meanSteps=   128.2  copy=0.803  A(t)=401  sim=38.0s
epoch   20300  HO=0.5165  meanSteps=   128.3  copy=0.787  A(t)=402  sim=38.1s
epoch   20350  HO=0.5141  meanSteps=   128.4  copy=0.777  A(t)=402  sim=38.2s
epoch   20400  HO=0.5810  meanSteps=   128.2  copy=0.785  A(t)=402  sim=38.3s
epoch   20450  HO=0.5657  meanSteps=   129.5  copy=0.788  A(t)=404  sim=38.4s
epoch   20500  HO=0.6089  meanSteps=   152.6  copy=0.790  A(t)=404  sim=38.4s
epoch   20550  HO=0.6487  meanSteps=   155.0  copy=0.815  A(t)=406  sim=38.5s
epoch   20600  HO=0.6490  meanSteps=   157.6  copy=0.806  A(t)=406  sim=38.6s
epoch   20650  HO=0.6364  meanSteps=   164.6  copy=0.770  A(t)=406  sim=38.7s
epoch   20700  HO=0.6593  meanSteps=   155.6  copy=0.769  A(t)=410  sim=38.8s
epoch   20750  HO=0.6641  meanSteps=   146.9  copy=0.783  A(t)=412  sim=38.9s
epoch   20800  HO=0.6362  meanSteps=   143.6  copy=0.787  A(t)=414  sim=39.0s
epoch   20850  HO=0.6777  meanSteps=   139.2  copy=0.792  A(t)=415  sim=39.0s
epoch   20900  HO=0.6686  meanSteps=   128.2  copy=0.784  A(t)=415  sim=39.1s
epoch   20950  HO=0.6327  meanSteps=   128.3  copy=0.790  A(t)=415  sim=39.2s
epoch   21000  HO=0.7131  meanSteps=   145.9  copy=0.806  A(t)=415  sim=39.3s
epoch   21050  HO=0.6785  meanSteps=   130.3  copy=0.803  A(t)=415  sim=39.4s
epoch   21100  HO=0.6751  meanSteps=   127.8  copy=0.801  A(t)=415  sim=39.4s
epoch   21150  HO=0.6287  meanSteps=   127.8  copy=0.809  A(t)=415  sim=39.5s
epoch   21200  HO=0.6911  meanSteps=   133.5  copy=0.837  A(t)=415  sim=39.6s
epoch   21250  HO=0.6792  meanSteps=   133.5  copy=0.830  A(t)=415  sim=39.7s
epoch   21300  HO=0.6539  meanSteps=   144.3  copy=0.834  A(t)=415  sim=39.8s
epoch   21350  HO=0.6723  meanSteps=   128.9  copy=0.838  A(t)=415  sim=39.8s
epoch   21400  HO=0.6333  meanSteps=   128.6  copy=0.861  A(t)=415  sim=39.9s
epoch   21450  HO=0.6369  meanSteps=   128.4  copy=0.839  A(t)=415  sim=40.0s
epoch   21500  HO=0.6242  meanSteps=   128.5  copy=0.827  A(t)=415  sim=40.1s
epoch   21550  HO=0.6978  meanSteps=   128.4  copy=0.851  A(t)=415  sim=40.1s
epoch   21600  HO=0.7588  meanSteps=   132.2  copy=0.857  A(t)=415  sim=40.2s
epoch   21650  HO=0.7091  meanSteps=   143.3  copy=0.853  A(t)=415  sim=40.3s
epoch   21700  HO=0.7613  meanSteps=   145.7  copy=0.842  A(t)=415  sim=40.4s
epoch   21750  HO=0.7878  meanSteps=   144.9  copy=0.829  A(t)=418  sim=40.5s
epoch   21800  HO=0.7788  meanSteps=   136.7  copy=0.824  A(t)=426  sim=40.5s
epoch   21850  HO=0.7624  meanSteps=   139.8  copy=0.831  A(t)=427  sim=40.6s
epoch   21900  HO=0.7738  meanSteps=   143.4  copy=0.828  A(t)=427  sim=40.7s
epoch   21950  HO=0.7702  meanSteps=   128.3  copy=0.829  A(t)=427  sim=40.8s
epoch   22000  HO=0.7052  meanSteps=   128.6  copy=0.833  A(t)=428  sim=40.9s
epoch   22050  HO=0.7504  meanSteps=   128.6  copy=0.838  A(t)=429  sim=40.9s
epoch   22100  HO=0.7319  meanSteps=   128.6  copy=0.826  A(t)=429  sim=41.0s
epoch   22150  HO=0.7021  meanSteps=   128.2  copy=0.808  A(t)=430  sim=41.1s
epoch   22200  HO=0.7089  meanSteps=   128.4  copy=0.797  A(t)=430  sim=41.2s
epoch   22250  HO=0.7506  meanSteps=   128.6  copy=0.812  A(t)=437  sim=41.3s
epoch   22300  HO=0.7403  meanSteps=   128.7  copy=0.824  A(t)=440  sim=41.3s
epoch   22350  HO=0.7793  meanSteps=   128.5  copy=0.816  A(t)=444  sim=41.4s
epoch   22400  HO=0.7697  meanSteps=   128.3  copy=0.831  A(t)=444  sim=41.5s
epoch   22450  HO=0.7766  meanSteps=   128.7  copy=0.837  A(t)=449  sim=41.6s
epoch   22500  HO=0.7709  meanSteps=   128.5  copy=0.816  A(t)=449  sim=41.6s
epoch   22550  HO=0.7539  meanSteps=   133.9  copy=0.812  A(t)=452  sim=41.7s
epoch   22600  HO=0.7541  meanSteps=   130.7  copy=0.809  A(t)=452  sim=41.8s
epoch   22650  HO=0.7724  meanSteps=   128.6  copy=0.806  A(t)=454  sim=41.9s
epoch   22700  HO=0.7294  meanSteps=   132.0  copy=0.818  A(t)=457  sim=42.0s
epoch   22750  HO=0.6903  meanSteps=   138.3  copy=0.819  A(t)=458  sim=42.0s
epoch   22800  HO=0.7472  meanSteps=   128.5  copy=0.810  A(t)=460  sim=42.1s
epoch   22850  HO=0.7849  meanSteps=   128.7  copy=0.833  A(t)=464  sim=42.2s
epoch   22900  HO=0.8068  meanSteps=   142.8  copy=0.836  A(t)=464  sim=42.3s
epoch   22950  HO=0.7605  meanSteps=   143.8  copy=0.826  A(t)=464  sim=42.4s
epoch   23000  HO=0.7486  meanSteps=   139.6  copy=0.800  A(t)=471  sim=42.4s
epoch   23050  HO=0.7665  meanSteps=   133.2  copy=0.795  A(t)=472  sim=42.5s
epoch   23100  HO=0.7725  meanSteps=   135.1  copy=0.787  A(t)=478  sim=42.6s
epoch   23150  HO=0.7511  meanSteps=   149.8  copy=0.784  A(t)=478  sim=42.7s
epoch   23200  HO=0.8217  meanSteps=   128.9  copy=0.803  A(t)=481  sim=42.8s
epoch   23250  HO=0.7892  meanSteps=   139.4  copy=0.817  A(t)=483  sim=42.8s
epoch   23300  HO=0.8295  meanSteps=   152.6  copy=0.823  A(t)=495  sim=42.9s
epoch   23350  HO=0.8387  meanSteps=   138.5  copy=0.832  A(t)=496  sim=43.0s
epoch   23400  HO=0.8185  meanSteps=   138.8  copy=0.824  A(t)=496  sim=43.1s
epoch   23450  HO=0.7848  meanSteps=   137.4  copy=0.836  A(t)=498  sim=43.2s
epoch   23500  HO=0.8120  meanSteps=   128.3  copy=0.839  A(t)=502  sim=43.3s
epoch   23550  HO=0.8552  meanSteps=   128.1  copy=0.828  A(t)=504  sim=43.3s
epoch   23600  HO=0.8296  meanSteps=   128.4  copy=0.832  A(t)=515  sim=43.4s
epoch   23650  HO=0.7765  meanSteps=   128.2  copy=0.819  A(t)=519  sim=43.5s
epoch   23700  HO=0.8077  meanSteps=   128.2  copy=0.809  A(t)=521  sim=43.6s
epoch   23750  HO=0.8144  meanSteps=   128.1  copy=0.813  A(t)=521  sim=43.6s
epoch   23800  HO=0.7986  meanSteps=   127.7  copy=0.794  A(t)=524  sim=43.7s
epoch   23850  HO=0.8012  meanSteps=   127.7  copy=0.792  A(t)=528  sim=43.8s
epoch   23900  HO=0.7386  meanSteps=   129.5  copy=0.801  A(t)=528  sim=43.9s
epoch   23950  HO=0.7154  meanSteps=   133.5  copy=0.821  A(t)=528  sim=44.0s
epoch   24000  HO=0.7311  meanSteps=   140.0  copy=0.830  A(t)=528  sim=44.0s
epoch   24050  HO=0.7477  meanSteps=   143.9  copy=0.830  A(t)=530  sim=44.1s
epoch   24100  HO=0.6971  meanSteps=   144.0  copy=0.816  A(t)=534  sim=44.2s
epoch   24150  HO=0.7534  meanSteps=   143.1  copy=0.796  A(t)=539  sim=44.3s
epoch   24200  HO=0.6969  meanSteps=   141.9  copy=0.806  A(t)=541  sim=44.4s
epoch   24250  HO=0.7227  meanSteps=   134.7  copy=0.790  A(t)=541  sim=44.5s
epoch   24300  HO=0.7020  meanSteps=   133.9  copy=0.780  A(t)=541  sim=44.5s
epoch   24350  HO=0.6595  meanSteps=   151.1  copy=0.786  A(t)=542  sim=44.6s
epoch   24400  HO=0.6487  meanSteps=   148.2  copy=0.777  A(t)=542  sim=44.7s
epoch   24450  HO=0.6820  meanSteps=   159.2  copy=0.775  A(t)=543  sim=44.8s
epoch   24500  HO=0.7255  meanSteps=   150.4  copy=0.810  A(t)=543  sim=44.9s
epoch   24550  HO=0.7236  meanSteps=   129.3  copy=0.825  A(t)=543  sim=44.9s
epoch   24600  HO=0.6851  meanSteps=   128.4  copy=0.836  A(t)=543  sim=45.0s
epoch   24650  HO=0.8064  meanSteps=   128.3  copy=0.848  A(t)=543  sim=45.1s
epoch   24700  HO=0.7781  meanSteps=   128.3  copy=0.843  A(t)=543  sim=45.2s
epoch   24750  HO=0.7828  meanSteps=   128.4  copy=0.858  A(t)=545  sim=45.3s
epoch   24800  HO=0.8022  meanSteps=   136.7  copy=0.841  A(t)=546  sim=45.3s
epoch   24850  HO=0.8008  meanSteps=   135.4  copy=0.831  A(t)=547  sim=45.4s
epoch   24900  HO=0.8163  meanSteps=   128.7  copy=0.825  A(t)=548  sim=45.5s
epoch   24950  HO=0.8151  meanSteps=   128.5  copy=0.805  A(t)=549  sim=45.6s
epoch   25000  HO=0.8085  meanSteps=   128.4  copy=0.814  A(t)=549  sim=45.7s
epoch   25050  HO=0.7868  meanSteps=   132.5  copy=0.827  A(t)=552  sim=45.7s
epoch   25100  HO=0.7952  meanSteps=   137.6  copy=0.814  A(t)=559  sim=45.8s
epoch   25150  HO=0.7723  meanSteps=   128.7  copy=0.802  A(t)=559  sim=45.9s
epoch   25200  HO=0.7314  meanSteps=   128.4  copy=0.791  A(t)=559  sim=46.0s
epoch   25250  HO=0.7433  meanSteps=   128.5  copy=0.802  A(t)=559  sim=46.1s
epoch   25300  HO=0.7264  meanSteps=   128.5  copy=0.803  A(t)=560  sim=46.1s
epoch   25350  HO=0.7971  meanSteps=   128.5  copy=0.810  A(t)=560  sim=46.2s
epoch   25400  HO=0.7471  meanSteps=   135.0  copy=0.814  A(t)=560  sim=46.3s
epoch   25450  HO=0.7647  meanSteps=   128.3  copy=0.810  A(t)=560  sim=46.4s
epoch   25500  HO=0.7230  meanSteps=   128.6  copy=0.817  A(t)=560  sim=46.5s
epoch   25550  HO=0.6466  meanSteps=   130.8  copy=0.813  A(t)=560  sim=46.5s
epoch   25600  HO=0.7083  meanSteps=   129.3  copy=0.844  A(t)=561  sim=46.6s
epoch   25650  HO=0.7107  meanSteps=   128.5  copy=0.855  A(t)=561  sim=46.7s
epoch   25700  HO=0.6871  meanSteps=   128.4  copy=0.854  A(t)=564  sim=46.8s
epoch   25750  HO=0.7154  meanSteps=   128.5  copy=0.860  A(t)=565  sim=46.9s
epoch   25800  HO=0.6978  meanSteps=   128.2  copy=0.846  A(t)=565  sim=46.9s
epoch   25850  HO=0.6664  meanSteps=   128.4  copy=0.832  A(t)=567  sim=47.0s
epoch   25900  HO=0.6297  meanSteps=   128.3  copy=0.832  A(t)=569  sim=47.1s
epoch   25950  HO=0.6889  meanSteps=   129.6  copy=0.820  A(t)=569  sim=47.2s
epoch   26000  HO=0.7079  meanSteps=   128.8  copy=0.841  A(t)=569  sim=47.3s
epoch   26050  HO=0.7409  meanSteps=   128.4  copy=0.838  A(t)=570  sim=47.3s
epoch   26100  HO=0.7137  meanSteps=   129.8  copy=0.833  A(t)=572  sim=47.4s
epoch   26150  HO=0.7911  meanSteps=   128.5  copy=0.834  A(t)=574  sim=47.5s
epoch   26200  HO=0.7025  meanSteps=   128.5  copy=0.824  A(t)=575  sim=47.6s
epoch   26250  HO=0.7053  meanSteps=   129.7  copy=0.812  A(t)=575  sim=47.6s
epoch   26300  HO=0.6724  meanSteps=   128.7  copy=0.800  A(t)=577  sim=47.7s
epoch   26350  HO=0.6785  meanSteps=   129.8  copy=0.808  A(t)=577  sim=47.8s
epoch   26400  HO=0.7025  meanSteps=   128.6  copy=0.822  A(t)=577  sim=47.9s
epoch   26450  HO=0.7212  meanSteps=   128.4  copy=0.830  A(t)=577  sim=48.0s
epoch   26500  HO=0.7334  meanSteps=   127.9  copy=0.835  A(t)=577  sim=48.0s
epoch   26550  HO=0.7178  meanSteps=   128.0  copy=0.830  A(t)=577  sim=48.1s
epoch   26600  HO=0.7508  meanSteps=   128.5  copy=0.812  A(t)=579  sim=48.2s
epoch   26650  HO=0.6968  meanSteps=   128.3  copy=0.797  A(t)=579  sim=48.3s
epoch   26700  HO=0.6572  meanSteps=   128.7  copy=0.776  A(t)=585  sim=48.4s
epoch   26750  HO=0.6749  meanSteps=   128.7  copy=0.780  A(t)=585  sim=48.4s
epoch   26800  HO=0.6899  meanSteps=   128.3  copy=0.771  A(t)=585  sim=48.5s
epoch   26850  HO=0.6602  meanSteps=   128.4  copy=0.784  A(t)=586  sim=48.6s
epoch   26900  HO=0.6895  meanSteps=   128.3  copy=0.790  A(t)=586  sim=48.7s
epoch   26950  HO=0.6753  meanSteps=   128.4  copy=0.797  A(t)=586  sim=48.7s
epoch   27000  HO=0.6307  meanSteps=   128.1  copy=0.785  A(t)=589  sim=48.8s
epoch   27050  HO=0.6435  meanSteps=   128.3  copy=0.791  A(t)=591  sim=48.9s
epoch   27100  HO=0.6681  meanSteps=   134.8  copy=0.784  A(t)=598  sim=49.0s
epoch   27150  HO=0.6886  meanSteps=   131.9  copy=0.775  A(t)=598  sim=49.1s
epoch   27200  HO=0.6872  meanSteps=   144.1  copy=0.748  A(t)=598  sim=49.2s
epoch   27250  HO=0.6553  meanSteps=   148.0  copy=0.756  A(t)=598  sim=49.2s
epoch   27300  HO=0.7043  meanSteps=   147.8  copy=0.770  A(t)=599  sim=49.3s
epoch   27350  HO=0.6938  meanSteps=   128.1  copy=0.778  A(t)=600  sim=49.4s
epoch   27400  HO=0.6928  meanSteps=   127.9  copy=0.798  A(t)=600  sim=49.5s
epoch   27450  HO=0.7719  meanSteps=   127.8  copy=0.783  A(t)=600  sim=49.6s
epoch   27500  HO=0.6878  meanSteps=   127.8  copy=0.773  A(t)=603  sim=49.6s
epoch   27550  HO=0.6352  meanSteps=   127.8  copy=0.770  A(t)=603  sim=49.7s
epoch   27600  HO=0.6689  meanSteps=   128.2  copy=0.790  A(t)=603  sim=49.8s
epoch   27650  HO=0.7100  meanSteps=   128.6  copy=0.803  A(t)=603  sim=49.9s
epoch   27700  HO=0.7221  meanSteps=   128.7  copy=0.816  A(t)=603  sim=50.0s
epoch   27750  HO=0.7386  meanSteps=   128.6  copy=0.833  A(t)=603  sim=50.0s
epoch   27800  HO=0.7243  meanSteps=   128.6  copy=0.864  A(t)=603  sim=50.1s
epoch   27850  HO=0.6488  meanSteps=   128.8  copy=0.843  A(t)=603  sim=50.2s
epoch   27900  HO=0.6646  meanSteps=   128.8  copy=0.833  A(t)=608  sim=50.3s
epoch   27950  HO=0.6512  meanSteps=   128.6  copy=0.815  A(t)=608  sim=50.4s
epoch   28000  HO=0.6542  meanSteps=   128.6  copy=0.834  A(t)=608  sim=50.4s
epoch   28050  HO=0.6073  meanSteps=   128.5  copy=0.825  A(t)=608  sim=50.5s
epoch   28100  HO=0.6852  meanSteps=   128.4  copy=0.828  A(t)=608  sim=50.6s
epoch   28150  HO=0.6790  meanSteps=   128.5  copy=0.812  A(t)=608  sim=50.7s
epoch   28200  HO=0.7381  meanSteps=   128.3  copy=0.813  A(t)=608  sim=50.7s
epoch   28250  HO=0.7453  meanSteps=   127.9  copy=0.805  A(t)=608  sim=50.8s
epoch   28300  HO=0.7622  meanSteps=   128.0  copy=0.818  A(t)=608  sim=50.9s
epoch   28350  HO=0.6782  meanSteps=   128.3  copy=0.821  A(t)=608  sim=51.0s
epoch   28400  HO=0.7218  meanSteps=   128.4  copy=0.823  A(t)=608  sim=51.1s
epoch   28450  HO=0.6771  meanSteps=   130.0  copy=0.812  A(t)=608  sim=51.1s
epoch   28500  HO=0.6987  meanSteps=   142.9  copy=0.792  A(t)=608  sim=51.2s
epoch   28550  HO=0.7183  meanSteps=   143.9  copy=0.774  A(t)=608  sim=51.3s
epoch   28600  HO=0.6998  meanSteps=   144.1  copy=0.779  A(t)=608  sim=51.4s
epoch   28650  HO=0.6816  meanSteps=   143.5  copy=0.808  A(t)=608  sim=51.5s
epoch   28700  HO=0.6854  meanSteps=   144.7  copy=0.801  A(t)=610  sim=51.6s
epoch   28750  HO=0.6885  meanSteps=   146.3  copy=0.804  A(t)=610  sim=51.6s
epoch   28800  HO=0.6850  meanSteps=   144.0  copy=0.788  A(t)=610  sim=51.7s
epoch   28850  HO=0.6500  meanSteps=   150.2  copy=0.783  A(t)=610  sim=51.8s
epoch   28900  HO=0.6521  meanSteps=   158.0  copy=0.801  A(t)=610  sim=51.9s
epoch   28950  HO=0.6699  meanSteps=   162.8  copy=0.789  A(t)=610  sim=52.0s
epoch   29000  HO=0.6980  meanSteps=   158.8  copy=0.797  A(t)=610  sim=52.1s
epoch   29050  HO=0.7492  meanSteps=   156.1  copy=0.815  A(t)=610  sim=52.1s
epoch   29100  HO=0.6823  meanSteps=   155.7  copy=0.805  A(t)=610  sim=52.2s
epoch   29150  HO=0.6407  meanSteps=   140.4  copy=0.811  A(t)=610  sim=52.3s
epoch   29200  HO=0.6557  meanSteps=   142.1  copy=0.820  A(t)=610  sim=52.4s
epoch   29250  HO=0.6708  meanSteps=   146.1  copy=0.830  A(t)=611  sim=52.5s
epoch   29300  HO=0.6705  meanSteps=   144.7  copy=0.837  A(t)=611  sim=52.6s
epoch   29350  HO=0.6600  meanSteps=   131.1  copy=0.830  A(t)=611  sim=52.6s
epoch   29400  HO=0.6623  meanSteps=   128.4  copy=0.818  A(t)=611  sim=52.7s
epoch   29450  HO=0.7109  meanSteps=   142.7  copy=0.795  A(t)=611  sim=52.8s
epoch   29500  HO=0.7345  meanSteps=   141.6  copy=0.799  A(t)=611  sim=52.9s
epoch   29550  HO=0.7178  meanSteps=   128.3  copy=0.787  A(t)=611  sim=53.0s
epoch   29600  HO=0.7100  meanSteps=   132.8  copy=0.775  A(t)=611  sim=53.0s
epoch   29650  HO=0.7212  meanSteps=   149.8  copy=0.752  A(t)=611  sim=53.1s
epoch   29700  HO=0.6825  meanSteps=   155.3  copy=0.719  A(t)=611  sim=53.2s
epoch   29750  HO=0.6752  meanSteps=   159.8  copy=0.728  A(t)=611  sim=53.3s
epoch   29800  HO=0.6949  meanSteps=   160.7  copy=0.734  A(t)=612  sim=53.4s
epoch   29850  HO=0.6929  meanSteps=   155.6  copy=0.736  A(t)=612  sim=53.5s
epoch   29900  HO=0.6917  meanSteps=   167.2  copy=0.756  A(t)=614  sim=53.6s
epoch   29950  HO=0.6648  meanSteps=   186.2  copy=0.761  A(t)=614  sim=53.7s
epoch   30000  HO=0.6622  meanSteps=   159.8  copy=0.774  A(t)=615  sim=53.7s
epoch   30050  HO=0.7017  meanSteps=   153.6  copy=0.758  A(t)=615  sim=53.8s
epoch   30100  HO=0.6670  meanSteps=   138.7  copy=0.752  A(t)=615  sim=53.9s
epoch   30150  HO=0.6488  meanSteps=   131.3  copy=0.760  A(t)=615  sim=54.0s
epoch   30200  HO=0.6496  meanSteps=   143.8  copy=0.788  A(t)=615  sim=54.1s
epoch   30250  HO=0.6889  meanSteps=   143.6  copy=0.785  A(t)=615  sim=54.2s
epoch   30300  HO=0.6914  meanSteps=   144.6  copy=0.796  A(t)=618  sim=54.3s
epoch   30350  HO=0.6690  meanSteps=   143.2  copy=0.787  A(t)=618  sim=54.3s
epoch   30400  HO=0.6271  meanSteps=   140.3  copy=0.797  A(t)=618  sim=54.4s
epoch   30450  HO=0.6428  meanSteps=   137.1  copy=0.792  A(t)=618  sim=54.5s
epoch   30500  HO=0.6756  meanSteps=   131.5  copy=0.808  A(t)=618  sim=54.6s
epoch   30550  HO=0.7343  meanSteps=   140.5  copy=0.810  A(t)=618  sim=54.7s
epoch   30600  HO=0.7147  meanSteps=   145.7  copy=0.804  A(t)=618  sim=54.8s
epoch   30650  HO=0.6969  meanSteps=   144.6  copy=0.790  A(t)=618  sim=54.8s
epoch   30700  HO=0.6891  meanSteps=   128.9  copy=0.803  A(t)=618  sim=54.9s
epoch   30750  HO=0.6879  meanSteps=   128.5  copy=0.809  A(t)=618  sim=55.0s
epoch   30800  HO=0.6262  meanSteps=   128.1  copy=0.796  A(t)=618  sim=55.1s
epoch   30850  HO=0.6482  meanSteps=   128.3  copy=0.787  A(t)=618  sim=55.2s
epoch   30900  HO=0.6442  meanSteps=   128.4  copy=0.795  A(t)=619  sim=55.2s
epoch   30950  HO=0.6235  meanSteps=   128.2  copy=0.798  A(t)=619  sim=55.3s
epoch   31000  HO=0.6079  meanSteps=   128.2  copy=0.815  A(t)=619  sim=55.4s
epoch   31050  HO=0.5930  meanSteps=   128.3  copy=0.790  A(t)=619  sim=55.5s
epoch   31100  HO=0.5997  meanSteps=   128.4  copy=0.804  A(t)=619  sim=55.6s
epoch   31150  HO=0.6609  meanSteps=   128.3  copy=0.788  A(t)=619  sim=55.6s
epoch   31200  HO=0.6216  meanSteps=   128.1  copy=0.784  A(t)=620  sim=55.7s
epoch   31250  HO=0.6316  meanSteps=   128.1  copy=0.780  A(t)=620  sim=55.8s
epoch   31300  HO=0.6555  meanSteps=   141.1  copy=0.763  A(t)=620  sim=55.9s
epoch   31350  HO=0.6106  meanSteps=   144.8  copy=0.771  A(t)=620  sim=56.0s
epoch   31400  HO=0.6221  meanSteps=   136.1  copy=0.804  A(t)=620  sim=56.0s
epoch   31450  HO=0.6271  meanSteps=   128.0  copy=0.795  A(t)=620  sim=56.1s
epoch   31500  HO=0.6891  meanSteps=   131.7  copy=0.787  A(t)=622  sim=56.2s
epoch   31550  HO=0.6288  meanSteps=   133.2  copy=0.783  A(t)=622  sim=56.3s
epoch   31600  HO=0.6041  meanSteps=   128.5  copy=0.791  A(t)=622  sim=56.4s
epoch   31650  HO=0.5924  meanSteps=   128.5  copy=0.796  A(t)=622  sim=56.4s
epoch   31700  HO=0.5851  meanSteps=   128.2  copy=0.789  A(t)=622  sim=56.5s
epoch   31750  HO=0.5583  meanSteps=   128.5  copy=0.785  A(t)=622  sim=56.6s
epoch   31800  HO=0.5738  meanSteps=   128.0  copy=0.820  A(t)=622  sim=56.7s
epoch   31850  HO=0.5637  meanSteps=   128.5  copy=0.820  A(t)=623  sim=56.8s
epoch   31900  HO=0.6130  meanSteps=   128.5  copy=0.815  A(t)=623  sim=56.8s
epoch   31950  HO=0.5982  meanSteps=   128.5  copy=0.803  A(t)=623  sim=56.9s
epoch   32000  HO=0.5782  meanSteps=   128.5  copy=0.794  A(t)=623  sim=57.0s
epoch   32050  HO=0.5842  meanSteps=   128.4  copy=0.800  A(t)=623  sim=57.1s
epoch   32100  HO=0.5926  meanSteps=   128.5  copy=0.804  A(t)=623  sim=57.2s
epoch   32150  HO=0.5461  meanSteps=   136.8  copy=0.806  A(t)=623  sim=57.2s
epoch   32200  HO=0.5422  meanSteps=   142.4  copy=0.827  A(t)=623  sim=57.3s
epoch   32250  HO=0.5282  meanSteps=   128.3  copy=0.831  A(t)=623  sim=57.4s
epoch   32300  HO=0.5337  meanSteps=   128.3  copy=0.820  A(t)=623  sim=57.5s
epoch   32350  HO=0.5371  meanSteps=   128.5  copy=0.839  A(t)=623  sim=57.6s
epoch   32400  HO=0.5442  meanSteps=   128.1  copy=0.852  A(t)=623  sim=57.6s
epoch   32450  HO=0.4833  meanSteps=   128.0  copy=0.854  A(t)=623  sim=57.7s
epoch   32500  HO=0.5558  meanSteps=   128.3  copy=0.853  A(t)=623  sim=57.8s
epoch   32550  HO=0.5937  meanSteps=   128.0  copy=0.848  A(t)=623  sim=57.9s
epoch   32600  HO=0.6266  meanSteps=   128.1  copy=0.832  A(t)=623  sim=57.9s
epoch   32650  HO=0.6047  meanSteps=   128.7  copy=0.858  A(t)=623  sim=58.0s
epoch   32700  HO=0.6193  meanSteps=   128.5  copy=0.857  A(t)=623  sim=58.1s
epoch   32750  HO=0.6224  meanSteps=   129.9  copy=0.847  A(t)=623  sim=58.2s
epoch   32800  HO=0.6035  meanSteps=   128.7  copy=0.853  A(t)=623  sim=58.3s
epoch   32850  HO=0.5754  meanSteps=   128.4  copy=0.843  A(t)=623  sim=58.3s
epoch   32900  HO=0.6088  meanSteps=   128.2  copy=0.841  A(t)=623  sim=58.4s
epoch   32950  HO=0.5947  meanSteps=   128.5  copy=0.839  A(t)=623  sim=58.5s
epoch   33000  HO=0.6334  meanSteps=   129.2  copy=0.826  A(t)=623  sim=58.6s
epoch   33050  HO=0.5993  meanSteps=   128.7  copy=0.817  A(t)=623  sim=58.7s
epoch   33100  HO=0.5737  meanSteps=   128.7  copy=0.819  A(t)=623  sim=58.7s
epoch   33150  HO=0.5172  meanSteps=   131.5  copy=0.820  A(t)=623  sim=58.8s
epoch   33200  HO=0.5373  meanSteps=   153.4  copy=0.803  A(t)=623  sim=58.9s
epoch   33250  HO=0.5034  meanSteps=   157.0  copy=0.773  A(t)=623  sim=59.0s
epoch   33300  HO=0.5233  meanSteps=   146.2  copy=0.760  A(t)=623  sim=59.1s
epoch   33350  HO=0.5425  meanSteps=   144.4  copy=0.788  A(t)=623  sim=59.1s
epoch   33400  HO=0.5101  meanSteps=   135.7  copy=0.781  A(t)=625  sim=59.2s
epoch   33450  HO=0.4903  meanSteps=   127.8  copy=0.788  A(t)=625  sim=59.3s
epoch   33500  HO=0.5195  meanSteps=   128.0  copy=0.768  A(t)=625  sim=59.4s
epoch   33550  HO=0.5092  meanSteps=   143.5  copy=0.761  A(t)=625  sim=59.5s
epoch   33600  HO=0.5276  meanSteps=   145.1  copy=0.760  A(t)=625  sim=59.5s
epoch   33650  HO=0.5103  meanSteps=   144.1  copy=0.754  A(t)=625  sim=59.6s
epoch   33700  HO=0.5545  meanSteps=   142.4  copy=0.776  A(t)=625  sim=59.7s
epoch   33750  HO=0.5410  meanSteps=   143.1  copy=0.793  A(t)=625  sim=59.8s
epoch   33800  HO=0.5426  meanSteps=   128.6  copy=0.797  A(t)=625  sim=59.9s
epoch   33850  HO=0.5953  meanSteps=   128.1  copy=0.790  A(t)=625  sim=60.0s
epoch   33900  HO=0.6061  meanSteps=   127.9  copy=0.768  A(t)=625  sim=60.0s
epoch   33950  HO=0.5983  meanSteps=   127.7  copy=0.762  A(t)=625  sim=60.1s
epoch   34000  HO=0.5646  meanSteps=   127.7  copy=0.763  A(t)=625  sim=60.2s
epoch   34050  HO=0.5924  meanSteps=   127.9  copy=0.754  A(t)=625  sim=60.3s
epoch   34100  HO=0.5647  meanSteps=   130.3  copy=0.734  A(t)=627  sim=60.4s
epoch   34150  HO=0.6816  meanSteps=   127.9  copy=0.774  A(t)=628  sim=60.5s
epoch   34200  HO=0.6331  meanSteps=   127.9  copy=0.769  A(t)=628  sim=60.5s
epoch   34250  HO=0.6451  meanSteps=   128.2  copy=0.759  A(t)=628  sim=60.6s
epoch   34300  HO=0.6124  meanSteps=   128.1  copy=0.751  A(t)=628  sim=60.7s
epoch   34350  HO=0.6573  meanSteps=   130.5  copy=0.763  A(t)=628  sim=60.8s
epoch   34400  HO=0.6380  meanSteps=   129.1  copy=0.754  A(t)=628  sim=60.9s
epoch   34450  HO=0.6661  meanSteps=   142.6  copy=0.774  A(t)=628  sim=60.9s
epoch   34500  HO=0.6505  meanSteps=   128.1  copy=0.786  A(t)=628  sim=61.0s
epoch   34550  HO=0.6336  meanSteps=   135.0  copy=0.774  A(t)=628  sim=61.1s
epoch   34600  HO=0.6337  meanSteps=   138.2  copy=0.767  A(t)=628  sim=61.2s
epoch   34650  HO=0.6648  meanSteps=   137.8  copy=0.757  A(t)=628  sim=61.3s
epoch   34700  HO=0.7099  meanSteps=   137.1  copy=0.766  A(t)=628  sim=61.3s
epoch   34750  HO=0.7047  meanSteps=   147.2  copy=0.763  A(t)=628  sim=61.4s
epoch   34800  HO=0.6889  meanSteps=   141.8  copy=0.767  A(t)=628  sim=61.5s
epoch   34850  HO=0.6801  meanSteps=   139.1  copy=0.781  A(t)=628  sim=61.6s
epoch   34900  HO=0.6555  meanSteps=   136.5  copy=0.785  A(t)=629  sim=61.7s
epoch   34950  HO=0.6362  meanSteps=   127.7  copy=0.778  A(t)=629  sim=61.7s
epoch   35000  HO=0.6245  meanSteps=   135.8  copy=0.774  A(t)=629  sim=61.8s
epoch   35050  HO=0.6747  meanSteps=   143.3  copy=0.775  A(t)=629  sim=61.9s
epoch   35100  HO=0.7242  meanSteps=   128.9  copy=0.789  A(t)=629  sim=62.0s
epoch   35150  HO=0.7227  meanSteps=   140.8  copy=0.782  A(t)=629  sim=62.1s
epoch   35200  HO=0.7090  meanSteps=   137.6  copy=0.775  A(t)=629  sim=62.2s
epoch   35250  HO=0.7122  meanSteps=   146.0  copy=0.772  A(t)=629  sim=62.2s
epoch   35300  HO=0.6598  meanSteps=   145.0  copy=0.773  A(t)=629  sim=62.3s
epoch   35350  HO=0.6764  meanSteps=   143.8  copy=0.785  A(t)=629  sim=62.4s
epoch   35400  HO=0.6709  meanSteps=   143.8  copy=0.789  A(t)=629  sim=62.5s
epoch   35450  HO=0.6498  meanSteps=   135.6  copy=0.778  A(t)=630  sim=62.6s
epoch   35500  HO=0.6331  meanSteps=   128.3  copy=0.786  A(t)=630  sim=62.6s
epoch   35550  HO=0.6145  meanSteps=   128.1  copy=0.775  A(t)=630  sim=62.7s
epoch   35600  HO=0.6232  meanSteps=   140.3  copy=0.773  A(t)=630  sim=62.8s
epoch   35650  HO=0.5969  meanSteps=   147.6  copy=0.781  A(t)=630  sim=62.9s
epoch   35700  HO=0.5904  meanSteps=   143.0  copy=0.800  A(t)=630  sim=63.0s
epoch   35750  HO=0.6189  meanSteps=   144.7  copy=0.827  A(t)=635  sim=63.0s
epoch   35800  HO=0.6204  meanSteps=   135.4  copy=0.835  A(t)=635  sim=63.1s
epoch   35850  HO=0.5762  meanSteps=   128.8  copy=0.820  A(t)=635  sim=63.2s
epoch   35900  HO=0.5980  meanSteps=   129.0  copy=0.796  A(t)=636  sim=63.3s
epoch   35950  HO=0.6089  meanSteps=   138.3  copy=0.774  A(t)=636  sim=63.4s
epoch   36000  HO=0.6081  meanSteps=   139.5  copy=0.775  A(t)=636  sim=63.4s
epoch   36050  HO=0.5737  meanSteps=   137.4  copy=0.783  A(t)=636  sim=63.5s
epoch   36100  HO=0.5763  meanSteps=   139.6  copy=0.796  A(t)=640  sim=63.6s
epoch   36150  HO=0.5381  meanSteps=   128.1  copy=0.801  A(t)=640  sim=63.7s
epoch   36200  HO=0.5386  meanSteps=   127.9  copy=0.797  A(t)=641  sim=63.8s
epoch   36250  HO=0.5427  meanSteps=   128.1  copy=0.821  A(t)=641  sim=63.9s
epoch   36300  HO=0.5604  meanSteps=   128.0  copy=0.834  A(t)=641  sim=64.0s
epoch   36350  HO=0.5510  meanSteps=   138.1  copy=0.844  A(t)=641  sim=64.0s
epoch   36400  HO=0.5680  meanSteps=   128.2  copy=0.860  A(t)=641  sim=64.1s
epoch   36450  HO=0.6012  meanSteps=   128.5  copy=0.866  A(t)=641  sim=64.2s
epoch   36500  HO=0.5941  meanSteps=   128.7  copy=0.836  A(t)=641  sim=64.3s
epoch   36550  HO=0.6056  meanSteps=   128.7  copy=0.822  A(t)=641  sim=64.3s
epoch   36600  HO=0.6398  meanSteps=   128.8  copy=0.811  A(t)=641  sim=64.4s
epoch   36650  HO=0.6721  meanSteps=   131.0  copy=0.807  A(t)=642  sim=64.5s
epoch   36700  HO=0.6885  meanSteps=   128.3  copy=0.778  A(t)=642  sim=64.6s
epoch   36750  HO=0.6181  meanSteps=   128.8  copy=0.772  A(t)=642  sim=64.7s
epoch   36800  HO=0.6327  meanSteps=   130.4  copy=0.771  A(t)=642  sim=64.7s
epoch   36850  HO=0.6246  meanSteps=   134.6  copy=0.769  A(t)=644  sim=64.8s
epoch   36900  HO=0.6529  meanSteps=   135.6  copy=0.780  A(t)=644  sim=64.9s
epoch   36950  HO=0.6362  meanSteps=   136.1  copy=0.795  A(t)=644  sim=65.0s
epoch   37000  HO=0.6102  meanSteps=   134.7  copy=0.817  A(t)=644  sim=65.1s
epoch   37050  HO=0.6018  meanSteps=   138.2  copy=0.800  A(t)=644  sim=65.1s
epoch   37100  HO=0.6192  meanSteps=   149.3  copy=0.806  A(t)=644  sim=65.2s
epoch   37150  HO=0.6054  meanSteps=   149.2  copy=0.803  A(t)=644  sim=65.3s
epoch   37200  HO=0.6073  meanSteps=   142.4  copy=0.784  A(t)=644  sim=65.4s
epoch   37250  HO=0.5583  meanSteps=   142.5  copy=0.795  A(t)=644  sim=65.5s
epoch   37300  HO=0.6037  meanSteps=   144.7  copy=0.789  A(t)=646  sim=65.5s
epoch   37350  HO=0.6176  meanSteps=   143.5  copy=0.817  A(t)=646  sim=65.6s
epoch   37400  HO=0.5907  meanSteps=   134.5  copy=0.814  A(t)=646  sim=65.7s
epoch   37450  HO=0.5797  meanSteps=   127.5  copy=0.825  A(t)=646  sim=65.8s
epoch   37500  HO=0.6476  meanSteps=   128.0  copy=0.803  A(t)=646  sim=65.9s
epoch   37550  HO=0.6247  meanSteps=   127.9  copy=0.768  A(t)=646  sim=66.0s
epoch   37600  HO=0.6238  meanSteps=   128.6  copy=0.794  A(t)=646  sim=66.0s
epoch   37650  HO=0.5875  meanSteps=   132.0  copy=0.804  A(t)=646  sim=66.1s
epoch   37700  HO=0.5789  meanSteps=   132.6  copy=0.815  A(t)=646  sim=66.2s
epoch   37750  HO=0.6161  meanSteps=   128.7  copy=0.813  A(t)=646  sim=66.3s
epoch   37800  HO=0.5899  meanSteps=   128.4  copy=0.805  A(t)=646  sim=66.4s
epoch   37850  HO=0.6622  meanSteps=   128.5  copy=0.796  A(t)=646  sim=66.4s
epoch   37900  HO=0.6584  meanSteps=   130.7  copy=0.786  A(t)=646  sim=66.5s
epoch   37950  HO=0.6823  meanSteps=   128.6  copy=0.786  A(t)=647  sim=66.6s
epoch   38000  HO=0.6283  meanSteps=   128.6  copy=0.816  A(t)=647  sim=66.7s
epoch   38050  HO=0.5992  meanSteps=   128.4  copy=0.813  A(t)=647  sim=66.8s
epoch   38100  HO=0.6174  meanSteps=   128.2  copy=0.808  A(t)=647  sim=66.8s
epoch   38150  HO=0.5182  meanSteps=   128.4  copy=0.813  A(t)=647  sim=66.9s
epoch   38200  HO=0.6020  meanSteps=   135.3  copy=0.808  A(t)=647  sim=67.0s
epoch   38250  HO=0.5835  meanSteps=   133.4  copy=0.822  A(t)=647  sim=67.1s
epoch   38300  HO=0.5345  meanSteps=   128.7  copy=0.829  A(t)=647  sim=67.2s
epoch   38350  HO=0.5449  meanSteps=   128.5  copy=0.819  A(t)=647  sim=67.2s
epoch   38400  HO=0.5003  meanSteps=   128.6  copy=0.817  A(t)=647  sim=67.3s
epoch   38450  HO=0.5182  meanSteps=   129.9  copy=0.825  A(t)=647  sim=67.4s
epoch   38500  HO=0.5342  meanSteps=   135.7  copy=0.817  A(t)=647  sim=67.5s
epoch   38550  HO=0.5261  meanSteps=   128.7  copy=0.797  A(t)=647  sim=67.6s
epoch   38600  HO=0.5186  meanSteps=   128.4  copy=0.799  A(t)=647  sim=67.6s
epoch   38650  HO=0.5727  meanSteps=   128.3  copy=0.794  A(t)=647  sim=67.7s
epoch   38700  HO=0.5165  meanSteps=   128.3  copy=0.793  A(t)=647  sim=67.8s
epoch   38750  HO=0.5909  meanSteps=   128.2  copy=0.822  A(t)=647  sim=67.9s
epoch   38800  HO=0.5680  meanSteps=   128.1  copy=0.836  A(t)=647  sim=68.0s
epoch   38850  HO=0.5646  meanSteps=   128.0  copy=0.835  A(t)=647  sim=68.0s
epoch   38900  HO=0.5583  meanSteps=   128.5  copy=0.809  A(t)=647  sim=68.1s
epoch   38950  HO=0.4721  meanSteps=   128.2  copy=0.800  A(t)=647  sim=68.2s
epoch   39000  HO=0.5031  meanSteps=   142.1  copy=0.808  A(t)=647  sim=68.3s
epoch   39050  HO=0.4831  meanSteps=   146.0  copy=0.834  A(t)=647  sim=68.3s
epoch   39100  HO=0.5446  meanSteps=   142.7  copy=0.847  A(t)=647  sim=68.4s
epoch   39150  HO=0.5082  meanSteps=   161.3  copy=0.836  A(t)=647  sim=68.5s
epoch   39200  HO=0.5329  meanSteps=   171.6  copy=0.831  A(t)=647  sim=68.6s
epoch   39250  HO=0.5428  meanSteps=   137.2  copy=0.842  A(t)=647  sim=68.7s
epoch   39300  HO=0.5609  meanSteps=   152.3  copy=0.850  A(t)=647  sim=68.8s
epoch   39350  HO=0.5696  meanSteps=   161.0  copy=0.837  A(t)=647  sim=68.9s
epoch   39400  HO=0.5644  meanSteps=   169.6  copy=0.830  A(t)=647  sim=68.9s
epoch   39450  HO=0.5545  meanSteps=   146.5  copy=0.826  A(t)=647  sim=69.0s
epoch   39500  HO=0.5696  meanSteps=   128.5  copy=0.820  A(t)=647  sim=69.1s
epoch   39550  HO=0.6377  meanSteps=   135.1  copy=0.823  A(t)=647  sim=69.2s
epoch   39600  HO=0.6160  meanSteps=   147.5  copy=0.822  A(t)=647  sim=69.3s
epoch   39650  HO=0.5923  meanSteps=   128.4  copy=0.818  A(t)=647  sim=69.3s
epoch   39700  HO=0.5771  meanSteps=   128.6  copy=0.812  A(t)=647  sim=69.4s
epoch   39750  HO=0.5464  meanSteps=   131.0  copy=0.802  A(t)=647  sim=69.5s
epoch   39800  HO=0.5714  meanSteps=   135.4  copy=0.802  A(t)=647  sim=69.6s
epoch   39850  HO=0.5534  meanSteps=   128.5  copy=0.825  A(t)=647  sim=69.7s
epoch   39900  HO=0.5840  meanSteps=   128.5  copy=0.829  A(t)=647  sim=69.7s
epoch   39950  HO=0.5924  meanSteps=   130.4  copy=0.809  A(t)=647  sim=69.8s
epoch   40000  HO=0.5740  meanSteps=   128.6  copy=0.808  A(t)=647  sim=69.9s
epoch   40050  HO=0.5993  meanSteps=   128.5  copy=0.837  A(t)=647  sim=70.0s
epoch   40100  HO=0.5471  meanSteps=   128.2  copy=0.834  A(t)=647  sim=70.0s
epoch   40150  HO=0.6250  meanSteps=   128.0  copy=0.816  A(t)=647  sim=70.1s
epoch   40200  HO=0.6521  meanSteps=   128.1  copy=0.818  A(t)=647  sim=70.2s
epoch   40250  HO=0.6611  meanSteps=   128.2  copy=0.807  A(t)=647  sim=70.3s
epoch   40300  HO=0.6437  meanSteps=   128.3  copy=0.804  A(t)=647  sim=70.3s
epoch   40350  HO=0.6625  meanSteps=   128.4  copy=0.803  A(t)=648  sim=70.4s
epoch   40400  HO=0.5998  meanSteps=   128.8  copy=0.794  A(t)=648  sim=70.5s
epoch   40450  HO=0.6064  meanSteps=   128.6  copy=0.815  A(t)=648  sim=70.6s
epoch   40500  HO=0.6478  meanSteps=   128.3  copy=0.816  A(t)=648  sim=70.7s
epoch   40550  HO=0.6844  meanSteps=   128.2  copy=0.799  A(t)=648  sim=70.8s
epoch   40600  HO=0.6529  meanSteps=   128.4  copy=0.799  A(t)=648  sim=70.8s
epoch   40650  HO=0.5957  meanSteps=   128.5  copy=0.785  A(t)=648  sim=70.9s
epoch   40700  HO=0.6192  meanSteps=   128.2  copy=0.790  A(t)=648  sim=71.0s
epoch   40750  HO=0.6551  meanSteps=   128.2  copy=0.815  A(t)=648  sim=71.1s
epoch   40800  HO=0.6600  meanSteps=   133.1  copy=0.816  A(t)=648  sim=71.2s
epoch   40850  HO=0.6255  meanSteps=   143.3  copy=0.817  A(t)=648  sim=71.2s
epoch   40900  HO=0.6529  meanSteps=   128.1  copy=0.814  A(t)=648  sim=71.3s
epoch   40950  HO=0.6206  meanSteps=   128.2  copy=0.802  A(t)=648  sim=71.4s
epoch   41000  HO=0.6346  meanSteps=   128.2  copy=0.798  A(t)=648  sim=71.5s
epoch   41050  HO=0.6998  meanSteps=   128.5  copy=0.813  A(t)=648  sim=71.6s
epoch   41100  HO=0.6567  meanSteps=   128.4  copy=0.831  A(t)=648  sim=71.6s
epoch   41150  HO=0.6726  meanSteps=   128.3  copy=0.818  A(t)=648  sim=71.7s
epoch   41200  HO=0.7119  meanSteps=   128.1  copy=0.810  A(t)=648  sim=71.8s
epoch   41250  HO=0.6921  meanSteps=   127.8  copy=0.817  A(t)=648  sim=71.9s
epoch   41300  HO=0.7102  meanSteps=   127.9  copy=0.803  A(t)=648  sim=72.0s
epoch   41350  HO=0.6471  meanSteps=   128.2  copy=0.797  A(t)=648  sim=72.0s
epoch   41400  HO=0.6728  meanSteps=   128.2  copy=0.793  A(t)=650  sim=72.1s
epoch   41450  HO=0.7298  meanSteps=   128.3  copy=0.806  A(t)=650  sim=72.2s
epoch   41500  HO=0.7457  meanSteps=   128.8  copy=0.815  A(t)=652  sim=72.3s
epoch   41550  HO=0.7413  meanSteps=   128.8  copy=0.807  A(t)=652  sim=72.4s
epoch   41600  HO=0.7361  meanSteps=   134.8  copy=0.797  A(t)=652  sim=72.4s
epoch   41650  HO=0.7439  meanSteps=   145.2  copy=0.792  A(t)=652  sim=72.5s
epoch   41700  HO=0.7229  meanSteps=   143.8  copy=0.791  A(t)=652  sim=72.6s
epoch   41750  HO=0.7540  meanSteps=   144.5  copy=0.772  A(t)=652  sim=72.7s
epoch   41800  HO=0.7114  meanSteps=   149.1  copy=0.772  A(t)=653  sim=72.8s
epoch   41850  HO=0.6513  meanSteps=   163.6  copy=0.771  A(t)=653  sim=72.9s
epoch   41900  HO=0.6849  meanSteps=   145.8  copy=0.780  A(t)=654  sim=73.0s
epoch   41950  HO=0.6782  meanSteps=   139.5  copy=0.783  A(t)=654  sim=73.0s
epoch   42000  HO=0.6954  meanSteps=   129.5  copy=0.788  A(t)=654  sim=73.1s
epoch   42050  HO=0.6484  meanSteps=   128.0  copy=0.760  A(t)=657  sim=73.2s
epoch   42100  HO=0.6899  meanSteps=   127.9  copy=0.762  A(t)=657  sim=73.3s
epoch   42150  HO=0.6380  meanSteps=   127.2  copy=0.802  A(t)=657  sim=73.4s
epoch   42200  HO=0.5857  meanSteps=   127.7  copy=0.819  A(t)=657  sim=73.4s
epoch   42250  HO=0.6237  meanSteps=   127.9  copy=0.814  A(t)=657  sim=73.5s
epoch   42300  HO=0.6481  meanSteps=   128.0  copy=0.794  A(t)=657  sim=73.6s
epoch   42350  HO=0.6847  meanSteps=   143.9  copy=0.794  A(t)=660  sim=73.7s
epoch   42400  HO=0.6944  meanSteps=   128.1  copy=0.780  A(t)=660  sim=73.7s
epoch   42450  HO=0.7487  meanSteps=   128.2  copy=0.784  A(t)=661  sim=73.8s
epoch   42500  HO=0.7604  meanSteps=   128.4  copy=0.796  A(t)=662  sim=73.9s
epoch   42550  HO=0.7078  meanSteps=   128.3  copy=0.785  A(t)=663  sim=74.0s
epoch   42600  HO=0.6961  meanSteps=   128.3  copy=0.806  A(t)=663  sim=74.1s
epoch   42650  HO=0.7224  meanSteps=   133.7  copy=0.796  A(t)=663  sim=74.2s
epoch   42700  HO=0.7047  meanSteps=   154.3  copy=0.770  A(t)=664  sim=74.2s
epoch   42750  HO=0.7153  meanSteps=   153.2  copy=0.756  A(t)=664  sim=74.3s
epoch   42800  HO=0.7402  meanSteps=   167.8  copy=0.760  A(t)=664  sim=74.4s
epoch   42850  HO=0.7227  meanSteps=   169.1  copy=0.771  A(t)=664  sim=74.5s
epoch   42900  HO=0.7206  meanSteps=   161.7  copy=0.778  A(t)=666  sim=74.6s
epoch   42950  HO=0.7524  meanSteps=   156.9  copy=0.790  A(t)=671  sim=74.7s
epoch   43000  HO=0.7650  meanSteps=   128.6  copy=0.801  A(t)=672  sim=74.7s
epoch   43050  HO=0.7738  meanSteps=   128.4  copy=0.787  A(t)=674  sim=74.8s
epoch   43100  HO=0.7217  meanSteps=   128.6  copy=0.800  A(t)=674  sim=74.9s
epoch   43150  HO=0.7252  meanSteps=   128.4  copy=0.800  A(t)=674  sim=75.0s
epoch   43200  HO=0.7512  meanSteps=   128.2  copy=0.794  A(t)=674  sim=75.1s
epoch   43250  HO=0.8110  meanSteps=   131.5  copy=0.812  A(t)=674  sim=75.1s
epoch   43300  HO=0.8159  meanSteps=   131.5  copy=0.833  A(t)=674  sim=75.2s
epoch   43350  HO=0.7969  meanSteps=   130.0  copy=0.825  A(t)=674  sim=75.3s
epoch   43400  HO=0.7748  meanSteps=   128.3  copy=0.816  A(t)=675  sim=75.4s
epoch   43450  HO=0.7142  meanSteps=   128.4  copy=0.816  A(t)=675  sim=75.5s
epoch   43500  HO=0.7421  meanSteps=   128.4  copy=0.798  A(t)=681  sim=75.6s
epoch   43550  HO=0.7290  meanSteps=   128.4  copy=0.782  A(t)=682  sim=75.6s
epoch   43600  HO=0.7389  meanSteps=   128.4  copy=0.785  A(t)=683  sim=75.7s
epoch   43650  HO=0.7618  meanSteps=   128.5  copy=0.791  A(t)=684  sim=75.8s
epoch   43700  HO=0.6954  meanSteps=   128.3  copy=0.804  A(t)=685  sim=75.9s
epoch   43750  HO=0.6793  meanSteps=   128.4  copy=0.797  A(t)=685  sim=76.0s
epoch   43800  HO=0.6830  meanSteps=   128.6  copy=0.822  A(t)=685  sim=76.0s
epoch   43850  HO=0.7128  meanSteps=   128.6  copy=0.813  A(t)=685  sim=76.1s
epoch   43900  HO=0.6803  meanSteps=   128.7  copy=0.818  A(t)=691  sim=76.2s
epoch   43950  HO=0.6867  meanSteps=   128.4  copy=0.815  A(t)=691  sim=76.3s
epoch   44000  HO=0.7681  meanSteps=   128.5  copy=0.821  A(t)=692  sim=76.3s
epoch   44050  HO=0.7521  meanSteps=   139.6  copy=0.820  A(t)=696  sim=76.4s
epoch   44100  HO=0.7757  meanSteps=   142.7  copy=0.828  A(t)=699  sim=76.5s
epoch   44150  HO=0.8142  meanSteps=   141.4  copy=0.845  A(t)=701  sim=76.6s
epoch   44200  HO=0.8165  meanSteps=   128.8  copy=0.838  A(t)=702  sim=76.7s
epoch   44250  HO=0.7679  meanSteps=   129.0  copy=0.845  A(t)=702  sim=76.7s
epoch   44300  HO=0.7175  meanSteps=   128.6  copy=0.822  A(t)=703  sim=76.8s
epoch   44350  HO=0.7553  meanSteps=   128.5  copy=0.790  A(t)=703  sim=76.9s
epoch   44400  HO=0.7676  meanSteps=   128.6  copy=0.803  A(t)=703  sim=77.0s
epoch   44450  HO=0.7954  meanSteps=   128.6  copy=0.811  A(t)=703  sim=77.1s
epoch   44500  HO=0.7739  meanSteps=   128.6  copy=0.813  A(t)=710  sim=77.1s
epoch   44550  HO=0.7476  meanSteps=   128.8  copy=0.813  A(t)=710  sim=77.2s
epoch   44600  HO=0.7672  meanSteps=   128.5  copy=0.813  A(t)=710  sim=77.3s
epoch   44650  HO=0.7645  meanSteps=   128.2  copy=0.801  A(t)=710  sim=77.4s
epoch   44700  HO=0.7499  meanSteps=   128.3  copy=0.806  A(t)=710  sim=77.5s
epoch   44750  HO=0.7314  meanSteps=   145.4  copy=0.797  A(t)=713  sim=77.5s
epoch   44800  HO=0.7198  meanSteps=   140.6  copy=0.799  A(t)=713  sim=77.6s
epoch   44850  HO=0.7113  meanSteps=   145.4  copy=0.797  A(t)=713  sim=77.7s
epoch   44900  HO=0.7083  meanSteps=   143.3  copy=0.794  A(t)=713  sim=77.8s
epoch   44950  HO=0.6891  meanSteps=   128.2  copy=0.808  A(t)=713  sim=77.9s
epoch   45000  HO=0.7293  meanSteps=   128.5  copy=0.804  A(t)=715  sim=77.9s
epoch   45050  HO=0.7218  meanSteps=   128.2  copy=0.806  A(t)=716  sim=78.0s
epoch   45100  HO=0.6923  meanSteps=   128.4  copy=0.832  A(t)=718  sim=78.1s
epoch   45150  HO=0.7088  meanSteps=   128.4  copy=0.826  A(t)=718  sim=78.2s
epoch   45200  HO=0.6325  meanSteps=   128.1  copy=0.816  A(t)=723  sim=78.2s
epoch   45250  HO=0.6916  meanSteps=   129.1  copy=0.817  A(t)=725  sim=78.3s
epoch   45300  HO=0.6901  meanSteps=   127.8  copy=0.817  A(t)=725  sim=78.4s
epoch   45350  HO=0.6831  meanSteps=   128.4  copy=0.799  A(t)=725  sim=78.5s
epoch   45400  HO=0.7515  meanSteps=   131.0  copy=0.787  A(t)=725  sim=78.6s
epoch   45450  HO=0.7131  meanSteps=   137.0  copy=0.802  A(t)=725  sim=78.6s
epoch   45500  HO=0.7586  meanSteps=   141.0  copy=0.798  A(t)=725  sim=78.7s
epoch   45550  HO=0.7084  meanSteps=   128.5  copy=0.803  A(t)=725  sim=78.8s
epoch   45600  HO=0.7576  meanSteps=   128.6  copy=0.801  A(t)=727  sim=78.9s
epoch   45650  HO=0.6999  meanSteps=   135.7  copy=0.807  A(t)=727  sim=79.0s
epoch   45700  HO=0.7008  meanSteps=   128.5  copy=0.800  A(t)=727  sim=79.0s
epoch   45750  HO=0.7052  meanSteps=   128.3  copy=0.805  A(t)=727  sim=79.1s
epoch   45800  HO=0.6453  meanSteps=   128.3  copy=0.811  A(t)=727  sim=79.2s
epoch   45850  HO=0.6933  meanSteps=   128.2  copy=0.824  A(t)=727  sim=79.3s
epoch   45900  HO=0.6742  meanSteps=   138.5  copy=0.831  A(t)=727  sim=79.3s
epoch   45950  HO=0.6782  meanSteps=   145.9  copy=0.808  A(t)=727  sim=79.4s
epoch   46000  HO=0.6914  meanSteps=   144.3  copy=0.808  A(t)=728  sim=79.5s
epoch   46050  HO=0.6988  meanSteps=   146.2  copy=0.812  A(t)=728  sim=79.6s
epoch   46100  HO=0.7116  meanSteps=   150.8  copy=0.787  A(t)=728  sim=79.7s
epoch   46150  HO=0.7132  meanSteps=   143.1  copy=0.785  A(t)=728  sim=79.8s
epoch   46200  HO=0.6984  meanSteps=   129.2  copy=0.779  A(t)=728  sim=79.8s
epoch   46250  HO=0.6831  meanSteps=   133.6  copy=0.792  A(t)=728  sim=79.9s
epoch   46300  HO=0.7187  meanSteps=   147.1  copy=0.786  A(t)=728  sim=80.0s
epoch   46350  HO=0.6748  meanSteps=   152.7  copy=0.775  A(t)=728  sim=80.1s
epoch   46400  HO=0.6604  meanSteps=   157.8  copy=0.800  A(t)=728  sim=80.2s
epoch   46450  HO=0.6560  meanSteps=   162.1  copy=0.797  A(t)=728  sim=80.2s
epoch   46500  HO=0.6798  meanSteps=   179.2  copy=0.794  A(t)=730  sim=80.3s
epoch   46550  HO=0.6596  meanSteps=   167.3  copy=0.791  A(t)=730  sim=80.4s
epoch   46600  HO=0.6255  meanSteps=   157.5  copy=0.804  A(t)=730  sim=80.5s
epoch   46650  HO=0.6197  meanSteps=   160.0  copy=0.791  A(t)=730  sim=80.6s
epoch   46700  HO=0.5917  meanSteps=   164.3  copy=0.782  A(t)=730  sim=80.7s
epoch   46750  HO=0.6542  meanSteps=   151.7  copy=0.802  A(t)=730  sim=80.8s
epoch   46800  HO=0.6742  meanSteps=   154.1  copy=0.776  A(t)=730  sim=80.8s
epoch   46850  HO=0.6460  meanSteps=   153.2  copy=0.781  A(t)=738  sim=80.9s
epoch   46900  HO=0.6614  meanSteps=   145.4  copy=0.785  A(t)=739  sim=81.0s
epoch   46950  HO=0.6495  meanSteps=   153.4  copy=0.784  A(t)=740  sim=81.1s
epoch   47000  HO=0.6686  meanSteps=   137.5  copy=0.766  A(t)=744  sim=81.2s
epoch   47050  HO=0.6595  meanSteps=   136.1  copy=0.769  A(t)=744  sim=81.2s
epoch   47100  HO=0.6536  meanSteps=   149.5  copy=0.768  A(t)=744  sim=81.3s
epoch   47150  HO=0.6403  meanSteps=   150.8  copy=0.775  A(t)=744  sim=81.4s
epoch   47200  HO=0.6468  meanSteps=   149.7  copy=0.784  A(t)=744  sim=81.5s
epoch   47250  HO=0.6700  meanSteps=   171.0  copy=0.797  A(t)=744  sim=81.6s
epoch   47300  HO=0.6316  meanSteps=   168.3  copy=0.792  A(t)=744  sim=81.7s
epoch   47350  HO=0.6457  meanSteps=   170.2  copy=0.786  A(t)=744  sim=81.7s
epoch   47400  HO=0.6750  meanSteps=   161.4  copy=0.795  A(t)=744  sim=81.8s
epoch   47450  HO=0.6725  meanSteps=   163.1  copy=0.796  A(t)=744  sim=81.9s
epoch   47500  HO=0.6064  meanSteps=   190.3  copy=0.783  A(t)=744  sim=82.0s
epoch   47550  HO=0.6163  meanSteps=   201.3  copy=0.781  A(t)=745  sim=82.1s
epoch   47600  HO=0.6385  meanSteps=   177.9  copy=0.808  A(t)=745  sim=82.2s
epoch   47650  HO=0.6528  meanSteps=   161.0  copy=0.819  A(t)=745  sim=82.3s
epoch   47700  HO=0.6510  meanSteps=   162.8  copy=0.810  A(t)=745  sim=82.4s
epoch   47750  HO=0.6599  meanSteps=   158.9  copy=0.806  A(t)=745  sim=82.4s
epoch   47800  HO=0.6542  meanSteps=   174.0  copy=0.805  A(t)=745  sim=82.5s
epoch   47850  HO=0.6853  meanSteps=   193.6  copy=0.805  A(t)=745  sim=82.6s
epoch   47900  HO=0.6399  meanSteps=   185.1  copy=0.813  A(t)=745  sim=82.7s
epoch   47950  HO=0.6516  meanSteps=   195.8  copy=0.811  A(t)=745  sim=82.8s
epoch   48000  HO=0.6953  meanSteps=   181.6  copy=0.824  A(t)=745  sim=82.9s
epoch   48050  HO=0.6322  meanSteps=   199.9  copy=0.828  A(t)=745  sim=83.0s
epoch   48100  HO=0.6388  meanSteps=   175.3  copy=0.827  A(t)=745  sim=83.1s
epoch   48150  HO=0.6465  meanSteps=   164.4  copy=0.814  A(t)=745  sim=83.1s
epoch   48200  HO=0.7065  meanSteps=   170.3  copy=0.810  A(t)=745  sim=83.2s
epoch   48250  HO=0.6866  meanSteps=   145.8  copy=0.790  A(t)=745  sim=83.3s
epoch   48300  HO=0.7045  meanSteps=   145.4  copy=0.786  A(t)=745  sim=83.4s
epoch   48350  HO=0.6952  meanSteps=   145.3  copy=0.808  A(t)=746  sim=83.5s
epoch   48400  HO=0.6639  meanSteps=   144.8  copy=0.795  A(t)=746  sim=83.6s
epoch   48450  HO=0.6397  meanSteps=   144.3  copy=0.792  A(t)=746  sim=83.6s
epoch   48500  HO=0.6061  meanSteps=   130.7  copy=0.792  A(t)=746  sim=83.7s
epoch   48550  HO=0.6754  meanSteps=   145.2  copy=0.793  A(t)=746  sim=83.8s
epoch   48600  HO=0.6477  meanSteps=   138.7  copy=0.786  A(t)=746  sim=83.9s
epoch   48650  HO=0.6604  meanSteps=   128.4  copy=0.756  A(t)=746  sim=84.0s
epoch   48700  HO=0.6177  meanSteps=   128.3  copy=0.750  A(t)=746  sim=84.0s
epoch   48750  HO=0.6238  meanSteps=   137.4  copy=0.773  A(t)=746  sim=84.1s
epoch   48800  HO=0.6545  meanSteps=   128.4  copy=0.792  A(t)=748  sim=84.2s
epoch   48850  HO=0.7547  meanSteps=   128.7  copy=0.799  A(t)=748  sim=84.3s
epoch   48900  HO=0.7153  meanSteps=   128.3  copy=0.805  A(t)=748  sim=84.4s
epoch   48950  HO=0.7087  meanSteps=   128.2  copy=0.806  A(t)=748  sim=84.4s
epoch   49000  HO=0.6783  meanSteps=   128.0  copy=0.812  A(t)=749  sim=84.5s
epoch   49050  HO=0.7008  meanSteps=   139.5  copy=0.800  A(t)=750  sim=84.6s
epoch   49100  HO=0.7327  meanSteps=   145.7  copy=0.776  A(t)=751  sim=84.7s
epoch   49150  HO=0.6473  meanSteps=   148.1  copy=0.779  A(t)=751  sim=84.8s
epoch   49200  HO=0.6103  meanSteps=   144.4  copy=0.794  A(t)=751  sim=84.9s
epoch   49250  HO=0.6183  meanSteps=   146.8  copy=0.805  A(t)=751  sim=84.9s
epoch   49300  HO=0.6089  meanSteps=   142.6  copy=0.789  A(t)=751  sim=85.0s
epoch   49350  HO=0.5848  meanSteps=   144.0  copy=0.765  A(t)=751  sim=85.1s
epoch   49400  HO=0.5456  meanSteps=   140.2  copy=0.762  A(t)=754  sim=85.2s
epoch   49450  HO=0.5677  meanSteps=   158.3  copy=0.779  A(t)=755  sim=85.3s
epoch   49500  HO=0.5214  meanSteps=   148.7  copy=0.785  A(t)=755  sim=85.4s
epoch   49550  HO=0.5939  meanSteps=   142.0  copy=0.791  A(t)=755  sim=85.4s
epoch   49600  HO=0.5768  meanSteps=   145.2  copy=0.786  A(t)=759  sim=85.5s
epoch   49650  HO=0.6975  meanSteps=   134.1  copy=0.793  A(t)=759  sim=85.6s
epoch   49700  HO=0.7017  meanSteps=   130.1  copy=0.805  A(t)=759  sim=85.7s
epoch   49750  HO=0.6663  meanSteps=   128.5  copy=0.819  A(t)=759  sim=85.8s
epoch   49800  HO=0.6769  meanSteps=   128.6  copy=0.810  A(t)=759  sim=85.8s
epoch   49850  HO=0.6952  meanSteps=   128.3  copy=0.818  A(t)=759  sim=85.9s
epoch   49900  HO=0.6877  meanSteps=   128.4  copy=0.807  A(t)=759  sim=86.0s
epoch   49950  HO=0.6440  meanSteps=   128.3  copy=0.803  A(t)=759  sim=86.1s
epoch   50000  HO=0.6364  meanSteps=   128.6  copy=0.794  A(t)=760  sim=86.2s
done: 50000 epochs in 146.3s wall (86.2s simulating), runs/ringv_indel_s3
