epoch       0  HO=-0.0037  meanSteps=     0.0  copy=0.000  A(t)=0  sim=0.0s
epoch      50  HO=0.1334  meanSteps=  1355.0  copy=0.545  A(t)=0  sim=0.3s
epoch     100  HO=0.2865  meanSteps=  1425.1  copy=0.586  A(t)=0  sim=0.6s
epoch     150  HO=0.3642  meanSteps=  1342.4  copy=0.600  A(t)=0  sim=0.8s
epoch     200  HO=0.4281  meanSteps=  1343.4  copy=0.611  A(t)=0  sim=1.1s
epoch     250  HO=0.4711  meanSteps=  1228.2  copy=0.621  A(t)=0  sim=1.3s
epoch     300  HO=0.4589  meanSteps=  1218.5  copy=0.614  A(t)=8  sim=1.6s
epoch     350  HO=0.5227  meanSteps=  1194.1  copy=0.613  A(t)=12  sim=1.8s
epoch     400  HO=0.5908  meanSteps=  1266.8  copy=0.608  A(t)=13  sim=2.1s
epoch     450  HO=0.5806  meanSteps=  1276.1  copy=0.612  A(t)=13  sim=2.3s
epoch     500  HO=0.6228  meanSteps=  1256.1  copy=0.613  A(t)=16  sim=2.6s
epoch     550  HO=0.7041  meanSteps=  1291.4  copy=0.617  A(t)=19  sim=2.8s
epoch     600  HO=0.7232  meanSteps=  1265.7  copy=0.619  A(t)=20  sim=3.1s
epoch     650  HO=0.7287  meanSteps=  1285.7  copy=0.610  A(t)=22  sim=3.3s
epoch     700  HO=0.8034  meanSteps=  1212.5  copy=0.608  A(t)=25  sim=3.6s
epoch     750  HO=0.8990  meanSteps=  1192.0  copy=0.605  A(t)=33  sim=3.8s
epoch     800  HO=0.9221  meanSteps=  1147.8  copy=0.612  A(t)=35  sim=4.1s
epoch     850  HO=0.9485  meanSteps=  1131.5  copy=0.616  A(t)=36  sim=4.3s
epoch     900  HO=0.9304  meanSteps=  1115.5  copy=0.608  A(t)=43  sim=4.5s
epoch     950  HO=0.9578  meanSteps=  1118.3  copy=0.606  A(t)=55  sim=4.8s
epoch    1000  HO=0.9806  meanSteps=  1044.7  copy=0.615  A(t)=71  sim=5.0s
epoch    1050  HO=0.9987  meanSteps=  1068.8  copy=0.619  A(t)=79  sim=5.2s
epoch    1100  HO=1.0280  meanSteps=  1073.9  copy=0.631  A(t)=81  sim=5.4s
epoch    1150  HO=1.0485  meanSteps=  1024.8  copy=0.621  A(t)=81  sim=5.7s
epoch    1200  HO=1.0769  meanSteps=   979.0  copy=0.626  A(t)=85  sim=5.9s
epoch    1250  HO=1.0819  meanSteps=   943.9  copy=0.632  A(t)=89  sim=6.1s
epoch    1300  HO=1.0871  meanSteps=   943.8  copy=0.642  A(t)=93  sim=6.3s
epoch    1350  HO=1.0671  meanSteps=   901.2  copy=0.650  A(t)=99  sim=6.5s
epoch    1400  HO=1.0624  meanSteps=   881.4  copy=0.655  A(t)=105  sim=6.7s
epoch    1450  HO=1.0767  meanSteps=   868.5  copy=0.671  A(t)=120  sim=6.9s
epoch    1500  HO=1.0751  meanSteps=   825.1  copy=0.683  A(t)=152  sim=7.1s
epoch    1550  HO=1.1058  meanSteps=   744.2  copy=0.686  A(t)=185  sim=7.3s
epoch    1600  HO=1.1259  meanSteps=   688.1  copy=0.692  A(t)=205  sim=7.4s
epoch    1650  HO=1.0641  meanSteps=   634.4  copy=0.697  A(t)=212  sim=7.6s
epoch    1700  HO=1.0521  meanSteps=   617.0  copy=0.706  A(t)=221  sim=7.8s
epoch    1750  HO=1.0384  meanSteps=   572.1  copy=0.714  A(t)=236  sim=7.9s
epoch    1800  HO=1.0290  meanSteps=   540.9  copy=0.739  A(t)=263  sim=8.0s
epoch    1850  HO=1.0017  meanSteps=   541.3  copy=0.735  A(t)=267  sim=8.2s
epoch    1900  HO=1.0056  meanSteps=   499.0  copy=0.757  A(t)=271  sim=8.3s
epoch    1950  HO=0.9566  meanSteps=   483.2  copy=0.764  A(t)=271  sim=8.5s
epoch    2000  HO=0.9470  meanSteps=   443.3  copy=0.761  A(t)=293  sim=8.6s
epoch    2050  HO=0.8400  meanSteps=   408.9  copy=0.759  A(t)=307  sim=8.7s
epoch    2100  HO=0.8565  meanSteps=   432.1  copy=0.757  A(t)=319  sim=8.8s
epoch    2150  HO=0.8057  meanSteps=   406.1  copy=0.771  A(t)=320  sim=9.0s
epoch    2200  HO=0.7624  meanSteps=   370.5  copy=0.777  A(t)=322  sim=9.1s
epoch    2250  HO=0.7540  meanSteps=   344.4  copy=0.780  A(t)=327  sim=9.2s
epoch    2300  HO=0.7623  meanSteps=   321.6  copy=0.813  A(t)=333  sim=9.3s
epoch    2350  HO=0.7503  meanSteps=   287.6  copy=0.801  A(t)=335  sim=9.4s
epoch    2400  HO=0.6815  meanSteps=   291.6  copy=0.797  A(t)=337  sim=9.5s
epoch    2450  HO=0.6285  meanSteps=   298.6  copy=0.785  A(t)=337  sim=9.6s
epoch    2500  HO=0.6094  meanSteps=   296.5  copy=0.785  A(t)=337  sim=9.7s
epoch    2550  HO=0.5982  meanSteps=   274.4  copy=0.784  A(t)=338  sim=9.8s
epoch    2600  HO=0.5408  meanSteps=   293.1  copy=0.800  A(t)=338  sim=9.9s
epoch    2650  HO=0.5408  meanSteps=   277.2  copy=0.808  A(t)=338  sim=10.0s
epoch    2700  HO=0.5749  meanSteps=   267.4  copy=0.786  A(t)=338  sim=10.1s
epoch    2750  HO=0.5274  meanSteps=   263.9  copy=0.764  A(t)=338  sim=10.2s
epoch    2800  HO=0.4916  meanSteps=   265.0  copy=0.771  A(t)=338  sim=10.3s
epoch    2850  HO=0.4975  meanSteps=   257.6  copy=0.765  A(t)=338  sim=10.4s
epoch    2900  HO=0.4910  meanSteps=   241.7  copy=0.758  A(t)=338  sim=10.5s
epoch    2950  HO=0.4843  meanSteps=   241.1  copy=0.755  A(t)=338  sim=10.6s
epoch    3000  HO=0.5019  meanSteps=   257.1  copy=0.762  A(t)=338  sim=10.7s
epoch    3050  HO=0.4588  meanSteps=   247.3  copy=0.763  A(t)=338  sim=10.8s
epoch    3100  HO=0.3959  meanSteps=   224.6  copy=0.764  A(t)=338  sim=10.9s
epoch    3150  HO=0.3654  meanSteps=   224.1  copy=0.770  A(t)=338  sim=11.0s
epoch    3200  HO=0.3546  meanSteps=   221.5  copy=0.764  A(t)=338  sim=11.1s
epoch    3250  HO=0.3894  meanSteps=   224.9  copy=0.761  A(t)=338  sim=11.2s
epoch    3300  HO=0.3940  meanSteps=   218.6  copy=0.759  A(t)=338  sim=11.3s
epoch    3350  HO=0.3113  meanSteps=   222.5  copy=0.778  A(t)=338  sim=11.3s
epoch    3400  HO=0.2886  meanSteps=   208.7  copy=0.779  A(t)=338  sim=11.4s
epoch    3450  HO=0.2783  meanSteps=   195.6  copy=0.792  A(t)=338  sim=11.5s
epoch    3500  HO=0.2511  meanSteps=   165.5  copy=0.796  A(t)=339  sim=11.6s
epoch    3550  HO=0.2223  meanSteps=   159.9  copy=0.777  A(t)=343  sim=11.7s
epoch    3600  HO=0.1911  meanSteps=   162.9  copy=0.762  A(t)=344  sim=11.8s
epoch    3650  HO=0.2382  meanSteps=   161.6  copy=0.761  A(t)=344  sim=11.9s
epoch    3700  HO=0.1849  meanSteps=   170.6  copy=0.793  A(t)=345  sim=11.9s
epoch    3750  HO=0.2100  meanSteps=   156.8  copy=0.819  A(t)=345  sim=12.0s
epoch    3800  HO=0.2232  meanSteps=   144.6  copy=0.812  A(t)=345  sim=12.1s
epoch    3850  HO=0.2533  meanSteps=   139.9  copy=0.804  A(t)=345  sim=12.2s
epoch    3900  HO=0.2341  meanSteps=   128.2  copy=0.793  A(t)=345  sim=12.3s
epoch    3950  HO=0.2233  meanSteps=   128.2  copy=0.816  A(t)=345  sim=12.3s
epoch    4000  HO=0.1503  meanSteps=   127.9  copy=0.839  A(t)=345  sim=12.4s
epoch    4050  HO=0.1498  meanSteps=   134.4  copy=0.830  A(t)=345  sim=12.5s
epoch    4100  HO=0.0820  meanSteps=   138.5  copy=0.832  A(t)=345  sim=12.6s
epoch    4150  HO=0.0880  meanSteps=   137.4  copy=0.825  A(t)=345  sim=12.6s
epoch    4200  HO=0.0324  meanSteps=   128.5  copy=0.812  A(t)=345  sim=12.7s
epoch    4250  HO=0.0790  meanSteps=   128.5  copy=0.802  A(t)=345  sim=12.8s
epoch    4300  HO=0.0935  meanSteps=   128.7  copy=0.804  A(t)=345  sim=12.9s
epoch    4350  HO=0.0807  meanSteps=   128.8  copy=0.805  A(t)=345  sim=12.9s
epoch    4400  HO=0.0543  meanSteps=   128.8  copy=0.815  A(t)=345  sim=13.0s
epoch    4450  HO=0.0324  meanSteps=   128.6  copy=0.810  A(t)=345  sim=13.1s
epoch    4500  HO=0.0178  meanSteps=   128.9  copy=0.795  A(t)=345  sim=13.2s
epoch    4550  HO=0.0301  meanSteps=   128.7  copy=0.774  A(t)=345  sim=13.3s
epoch    4600  HO=0.0291  meanSteps=   128.6  copy=0.776  A(t)=345  sim=13.3s
epoch    4650  HO=0.0677  meanSteps=   128.8  copy=0.799  A(t)=345  sim=13.4s
epoch    4700  HO=-0.0126  meanSteps=   128.7  copy=0.809  A(t)=345  sim=13.5s
epoch    4750  HO=0.0354  meanSteps=   128.7  copy=0.812  A(t)=345  sim=13.6s
epoch    4800  HO=0.0189  meanSteps=   128.7  copy=0.819  A(t)=345  sim=13.6s
epoch    4850  HO=0.0343  meanSteps=   128.7  copy=0.828  A(t)=345  sim=13.7s
epoch    4900  HO=0.0468  meanSteps=   128.9  copy=0.833  A(t)=345  sim=13.8s
epoch    4950  HO=0.0056  meanSteps=   128.9  copy=0.832  A(t)=345  sim=13.9s
epoch    5000  HO=-0.0069  meanSteps=   128.6  copy=0.837  A(t)=345  sim=13.9s
epoch    5050  HO=0.0305  meanSteps=   128.7  copy=0.815  A(t)=345  sim=14.0s
epoch    5100  HO=0.0541  meanSteps=   128.8  copy=0.802  A(t)=345  sim=14.1s
epoch    5150  HO=0.0555  meanSteps=   128.6  copy=0.803  A(t)=345  sim=14.2s
epoch    5200  HO=0.0750  meanSteps=   128.5  copy=0.814  A(t)=345  sim=14.3s
epoch    5250  HO=0.0172  meanSteps=   128.5  copy=0.847  A(t)=345  sim=14.3s
epoch    5300  HO=-0.0298  meanSteps=   128.6  copy=0.848  A(t)=345  sim=14.4s
epoch    5350  HO=-0.0509  meanSteps=   128.7  copy=0.856  A(t)=345  sim=14.5s
epoch    5400  HO=-0.0259  meanSteps=   128.7  copy=0.854  A(t)=345  sim=14.6s
epoch    5450  HO=0.0252  meanSteps=   128.8  copy=0.848  A(t)=345  sim=14.6s
epoch    5500  HO=-0.0032  meanSteps=   128.8  copy=0.853  A(t)=345  sim=14.7s
epoch    5550  HO=0.0034  meanSteps=   128.9  copy=0.866  A(t)=345  sim=14.8s
epoch    5600  HO=0.0232  meanSteps=   129.0  copy=0.866  A(t)=345  sim=14.9s
epoch    5650  HO=0.0328  meanSteps=   128.8  copy=0.866  A(t)=345  sim=14.9s
epoch    5700  HO=0.0660  meanSteps=   128.8  copy=0.862  A(t)=345  sim=15.0s
epoch    5750  HO=0.0836  meanSteps=   129.0  copy=0.865  A(t)=345  sim=15.1s
epoch    5800  HO=0.0794  meanSteps=   128.9  copy=0.852  A(t)=345  sim=15.2s
epoch    5850  HO=0.1061  meanSteps=   128.9  copy=0.843  A(t)=345  sim=15.2s
epoch    5900  HO=0.0748  meanSteps=   129.2  copy=0.843  A(t)=345  sim=15.3s
epoch    5950  HO=0.0739  meanSteps=   132.8  copy=0.850  A(t)=345  sim=15.4s
epoch    6000  HO=0.0696  meanSteps=   128.8  copy=0.845  A(t)=345  sim=15.5s
epoch    6050  HO=0.0366  meanSteps=   128.8  copy=0.831  A(t)=345  sim=15.5s
epoch    6100  HO=0.0877  meanSteps=   128.5  copy=0.825  A(t)=345  sim=15.6s
epoch    6150  HO=0.0798  meanSteps=   129.0  copy=0.827  A(t)=345  sim=15.7s
epoch    6200  HO=0.0574  meanSteps=   134.2  copy=0.833  A(t)=345  sim=15.8s
epoch    6250  HO=0.1092  meanSteps=   145.5  copy=0.826  A(t)=345  sim=15.9s
epoch    6300  HO=0.1139  meanSteps=   130.2  copy=0.804  A(t)=345  sim=15.9s
epoch    6350  HO=0.0589  meanSteps=   128.6  copy=0.803  A(t)=345  sim=16.0s
epoch    6400  HO=0.0339  meanSteps=   128.9  copy=0.809  A(t)=345  sim=16.1s
epoch    6450  HO=0.0456  meanSteps=   128.8  copy=0.821  A(t)=345  sim=16.2s
epoch    6500  HO=0.0130  meanSteps=   128.7  copy=0.849  A(t)=345  sim=16.3s
epoch    6550  HO=0.0282  meanSteps=   128.8  copy=0.833  A(t)=345  sim=16.3s
epoch    6600  HO=-0.0334  meanSteps=   128.9  copy=0.830  A(t)=345  sim=16.4s
epoch    6650  HO=0.0384  meanSteps=   128.8  copy=0.834  A(t)=345  sim=16.5s
epoch    6700  HO=0.0217  meanSteps=   128.7  copy=0.836  A(t)=345  sim=16.6s
epoch    6750  HO=0.0496  meanSteps=   128.8  copy=0.812  A(t)=345  sim=16.6s
epoch    6800  HO=0.0133  meanSteps=   128.9  copy=0.815  A(t)=345  sim=16.7s
epoch    6850  HO=0.0254  meanSteps=   128.8  copy=0.819  A(t)=345  sim=16.8s
epoch    6900  HO=0.0274  meanSteps=   128.8  copy=0.817  A(t)=345  sim=16.9s
epoch    6950  HO=0.0113  meanSteps=   128.9  copy=0.819  A(t)=345  sim=17.0s
epoch    7000  HO=-0.0011  meanSteps=   129.0  copy=0.827  A(t)=345  sim=17.1s
epoch    7050  HO=0.0272  meanSteps=   128.9  copy=0.835  A(t)=345  sim=17.1s
epoch    7100  HO=-0.0370  meanSteps=   128.9  copy=0.827  A(t)=345  sim=17.2s
epoch    7150  HO=-0.0252  meanSteps=   128.8  copy=0.824  A(t)=345  sim=17.3s
epoch    7200  HO=-0.0162  meanSteps=   128.9  copy=0.829  A(t)=345  sim=17.3s
epoch    7250  HO=0.0034  meanSteps=   128.7  copy=0.834  A(t)=345  sim=17.4s
epoch    7300  HO=0.0081  meanSteps=   128.7  copy=0.829  A(t)=345  sim=17.5s
epoch    7350  HO=0.0736  meanSteps=   136.6  copy=0.825  A(t)=345  sim=17.6s
epoch    7400  HO=0.0436  meanSteps=   145.5  copy=0.831  A(t)=345  sim=17.7s
epoch    7450  HO=0.0751  meanSteps=   142.0  copy=0.830  A(t)=345  sim=17.7s
epoch    7500  HO=0.0738  meanSteps=   146.4  copy=0.816  A(t)=345  sim=17.8s
epoch    7550  HO=0.0727  meanSteps=   147.6  copy=0.808  A(t)=345  sim=17.9s
epoch    7600  HO=0.0530  meanSteps=   133.5  copy=0.816  A(t)=345  sim=18.0s
epoch    7650  HO=0.0317  meanSteps=   147.7  copy=0.824  A(t)=345  sim=18.1s
epoch    7700  HO=0.0530  meanSteps=   132.9  copy=0.808  A(t)=345  sim=18.1s
epoch    7750  HO=0.0150  meanSteps=   130.3  copy=0.837  A(t)=345  sim=18.2s
epoch    7800  HO=0.0139  meanSteps=   128.8  copy=0.824  A(t)=345  sim=18.3s
epoch    7850  HO=0.0135  meanSteps=   128.9  copy=0.824  A(t)=345  sim=18.4s
epoch    7900  HO=0.0263  meanSteps=   129.0  copy=0.839  A(t)=345  sim=18.4s
epoch    7950  HO=0.0270  meanSteps=   129.0  copy=0.836  A(t)=345  sim=18.5s
epoch    8000  HO=-0.0076  meanSteps=   128.9  copy=0.838  A(t)=345  sim=18.6s
epoch    8050  HO=-0.0045  meanSteps=   128.8  copy=0.836  A(t)=345  sim=18.7s
epoch    8100  HO=0.0095  meanSteps=   129.0  copy=0.865  A(t)=345  sim=18.7s
epoch    8150  HO=0.0610  meanSteps=   128.9  copy=0.880  A(t)=345  sim=18.8s
epoch    8200  HO=0.0933  meanSteps=   128.6  copy=0.883  A(t)=345  sim=18.9s
epoch    8250  HO=0.0484  meanSteps=   129.7  copy=0.887  A(t)=345  sim=19.0s
epoch    8300  HO=0.0242  meanSteps=   134.5  copy=0.875  A(t)=345  sim=19.1s
epoch    8350  HO=0.0340  meanSteps=   128.7  copy=0.847  A(t)=345  sim=19.1s
epoch    8400  HO=0.0158  meanSteps=   128.8  copy=0.849  A(t)=345  sim=19.2s
epoch    8450  HO=0.0272  meanSteps=   128.8  copy=0.852  A(t)=345  sim=19.3s
epoch    8500  HO=0.0099  meanSteps=   128.8  copy=0.826  A(t)=345  sim=19.4s
epoch    8550  HO=-0.0293  meanSteps=   128.8  copy=0.830  A(t)=345  sim=19.4s
epoch    8600  HO=-0.0494  meanSteps=   128.9  copy=0.822  A(t)=345  sim=19.5s
epoch    8650  HO=-0.0595  meanSteps=   128.8  copy=0.834  A(t)=345  sim=19.6s
epoch    8700  HO=-0.0170  meanSteps=   128.7  copy=0.820  A(t)=345  sim=19.7s
epoch    8750  HO=-0.0741  meanSteps=   128.8  copy=0.823  A(t)=345  sim=19.7s
epoch    8800  HO=-0.0385  meanSteps=   128.7  copy=0.814  A(t)=346  sim=19.8s
epoch    8850  HO=-0.0112  meanSteps=   128.8  copy=0.808  A(t)=347  sim=19.9s
epoch    8900  HO=0.0230  meanSteps=   128.9  copy=0.805  A(t)=347  sim=20.0s
epoch    8950  HO=0.0001  meanSteps=   128.9  copy=0.808  A(t)=347  sim=20.0s
epoch    9000  HO=-0.0532  meanSteps=   128.8  copy=0.836  A(t)=347  sim=20.1s
epoch    9050  HO=-0.0067  meanSteps=   128.8  copy=0.858  A(t)=347  sim=20.2s
epoch    9100  HO=-0.0061  meanSteps=   128.8  copy=0.859  A(t)=347  sim=20.3s
epoch    9150  HO=-0.0599  meanSteps=   128.6  copy=0.864  A(t)=347  sim=20.4s
epoch    9200  HO=-0.0049  meanSteps=   128.7  copy=0.879  A(t)=347  sim=20.4s
epoch    9250  HO=-0.0164  meanSteps=   128.7  copy=0.883  A(t)=347  sim=20.5s
epoch    9300  HO=-0.0132  meanSteps=   128.9  copy=0.890  A(t)=347  sim=20.6s
epoch    9350  HO=-0.0541  meanSteps=   129.0  copy=0.868  A(t)=347  sim=20.7s
epoch    9400  HO=-0.0347  meanSteps=   128.9  copy=0.862  A(t)=347  sim=20.7s
epoch    9450  HO=-0.0818  meanSteps=   128.9  copy=0.862  A(t)=347  sim=20.8s
epoch    9500  HO=-0.0623  meanSteps=   128.7  copy=0.854  A(t)=347  sim=20.9s
epoch    9550  HO=-0.0154  meanSteps=   128.4  copy=0.846  A(t)=347  sim=21.0s
epoch    9600  HO=-0.0162  meanSteps=   128.5  copy=0.839  A(t)=347  sim=21.0s
epoch    9650  HO=0.0416  meanSteps=   128.7  copy=0.846  A(t)=347  sim=21.1s
epoch    9700  HO=0.0728  meanSteps=   128.8  copy=0.829  A(t)=347  sim=21.2s
epoch    9750  HO=0.0428  meanSteps=   128.7  copy=0.845  A(t)=347  sim=21.3s
epoch    9800  HO=-0.0004  meanSteps=   128.7  copy=0.843  A(t)=347  sim=21.3s
epoch    9850  HO=-0.0329  meanSteps=   128.9  copy=0.838  A(t)=347  sim=21.4s
epoch    9900  HO=-0.0071  meanSteps=   129.0  copy=0.826  A(t)=347  sim=21.5s
epoch    9950  HO=-0.0224  meanSteps=   128.7  copy=0.832  A(t)=347  sim=21.6s
epoch   10000  HO=-0.0001  meanSteps=   132.8  copy=0.854  A(t)=347  sim=21.7s
epoch   10050  HO=-0.0236  meanSteps=   144.7  copy=0.857  A(t)=347  sim=21.7s
epoch   10100  HO=-0.0311  meanSteps=   148.3  copy=0.850  A(t)=347  sim=21.8s
epoch   10150  HO=-0.0083  meanSteps=   142.8  copy=0.838  A(t)=347  sim=21.9s
epoch   10200  HO=0.0495  meanSteps=   144.1  copy=0.830  A(t)=347  sim=22.0s
epoch   10250  HO=0.0587  meanSteps=   144.7  copy=0.836  A(t)=347  sim=22.1s
epoch   10300  HO=0.0352  meanSteps=   147.2  copy=0.854  A(t)=347  sim=22.1s
epoch   10350  HO=0.0254  meanSteps=   141.2  copy=0.868  A(t)=347  sim=22.2s
epoch   10400  HO=0.0385  meanSteps=   145.5  copy=0.864  A(t)=347  sim=22.3s
epoch   10450  HO=-0.0129  meanSteps=   137.8  copy=0.858  A(t)=347  sim=22.4s
epoch   10500  HO=0.0007  meanSteps=   128.8  copy=0.863  A(t)=347  sim=22.5s
epoch   10550  HO=-0.0228  meanSteps=   128.9  copy=0.857  A(t)=347  sim=22.5s
epoch   10600  HO=-0.0299  meanSteps=   128.8  copy=0.867  A(t)=347  sim=22.6s
epoch   10650  HO=-0.0075  meanSteps=   129.0  copy=0.861  A(t)=347  sim=22.7s
epoch   10700  HO=0.0187  meanSteps=   128.9  copy=0.835  A(t)=347  sim=22.8s
epoch   10750  HO=-0.0088  meanSteps=   128.9  copy=0.842  A(t)=347  sim=22.9s
epoch   10800  HO=0.0408  meanSteps=   128.9  copy=0.846  A(t)=347  sim=22.9s
epoch   10850  HO=-0.0035  meanSteps=   128.8  copy=0.848  A(t)=347  sim=23.0s
epoch   10900  HO=-0.0143  meanSteps=   128.5  copy=0.851  A(t)=347  sim=23.1s
epoch   10950  HO=-0.0130  meanSteps=   128.7  copy=0.841  A(t)=347  sim=23.2s
epoch   11000  HO=0.0348  meanSteps=   128.9  copy=0.819  A(t)=347  sim=23.2s
epoch   11050  HO=-0.0424  meanSteps=   134.8  copy=0.804  A(t)=347  sim=23.3s
epoch   11100  HO=0.0255  meanSteps=   128.7  copy=0.812  A(t)=347  sim=23.4s
epoch   11150  HO=0.0339  meanSteps=   128.8  copy=0.836  A(t)=347  sim=23.5s
epoch   11200  HO=0.0252  meanSteps=   128.8  copy=0.848  A(t)=347  sim=23.5s
epoch   11250  HO=-0.0033  meanSteps=   128.9  copy=0.846  A(t)=347  sim=23.6s
epoch   11300  HO=-0.0263  meanSteps=   128.8  copy=0.856  A(t)=347  sim=23.7s
epoch   11350  HO=-0.0234  meanSteps=   128.6  copy=0.863  A(t)=347  sim=23.8s
epoch   11400  HO=0.0144  meanSteps=   128.6  copy=0.871  A(t)=347  sim=23.8s
epoch   11450  HO=0.0056  meanSteps=   128.9  copy=0.856  A(t)=347  sim=23.9s
epoch   11500  HO=0.0364  meanSteps=   128.8  copy=0.838  A(t)=347  sim=24.0s
epoch   11550  HO=0.0524  meanSteps=   128.9  copy=0.836  A(t)=347  sim=24.1s
epoch   11600  HO=0.0338  meanSteps=   128.8  copy=0.846  A(t)=347  sim=24.1s
epoch   11650  HO=0.0076  meanSteps=   128.7  copy=0.855  A(t)=347  sim=24.2s
epoch   11700  HO=0.1124  meanSteps=   128.8  copy=0.853  A(t)=347  sim=24.3s
epoch   11750  HO=0.0658  meanSteps=   128.8  copy=0.880  A(t)=348  sim=24.4s
epoch   11800  HO=0.0870  meanSteps=   128.8  copy=0.888  A(t)=348  sim=24.4s
epoch   11850  HO=0.1073  meanSteps=   128.6  copy=0.873  A(t)=348  sim=24.5s
epoch   11900  HO=0.1200  meanSteps=   134.6  copy=0.870  A(t)=348  sim=24.6s
epoch   11950  HO=0.1344  meanSteps=   138.9  copy=0.863  A(t)=348  sim=24.7s
epoch   12000  HO=0.0997  meanSteps=   128.9  copy=0.844  A(t)=348  sim=24.8s
epoch   12050  HO=0.1001  meanSteps=   128.7  copy=0.842  A(t)=348  sim=24.9s
epoch   12100  HO=0.0008  meanSteps=   128.8  copy=0.868  A(t)=348  sim=24.9s
epoch   12150  HO=0.0406  meanSteps=   128.9  copy=0.864  A(t)=348  sim=25.0s
epoch   12200  HO=0.0132  meanSteps=   128.9  copy=0.861  A(t)=348  sim=25.1s
epoch   12250  HO=0.0007  meanSteps=   128.9  copy=0.861  A(t)=348  sim=25.2s
epoch   12300  HO=0.0402  meanSteps=   128.9  copy=0.852  A(t)=348  sim=25.2s
epoch   12350  HO=0.0022  meanSteps=   129.0  copy=0.842  A(t)=348  sim=25.3s
epoch   12400  HO=-0.0347  meanSteps=   128.9  copy=0.862  A(t)=348  sim=25.4s
epoch   12450  HO=0.0090  meanSteps=   129.0  copy=0.847  A(t)=348  sim=25.5s
epoch   12500  HO=0.0250  meanSteps=   128.7  copy=0.858  A(t)=348  sim=25.5s
epoch   12550  HO=-0.0080  meanSteps=   128.9  copy=0.867  A(t)=348  sim=25.6s
epoch   12600  HO=0.0253  meanSteps=   128.9  copy=0.880  A(t)=348  sim=25.7s
epoch   12650  HO=0.0585  meanSteps=   129.5  copy=0.875  A(t)=348  sim=25.8s
epoch   12700  HO=-0.0391  meanSteps=   128.9  copy=0.897  A(t)=348  sim=25.8s
epoch   12750  HO=0.0246  meanSteps=   128.9  copy=0.877  A(t)=348  sim=25.9s
epoch   12800  HO=-0.0264  meanSteps=   128.8  copy=0.878  A(t)=348  sim=26.0s
epoch   12850  HO=-0.0169  meanSteps=   128.8  copy=0.879  A(t)=348  sim=26.1s
epoch   12900  HO=-0.0279  meanSteps=   129.9  copy=0.860  A(t)=348  sim=26.2s
epoch   12950  HO=-0.0362  meanSteps=   131.5  copy=0.854  A(t)=348  sim=26.2s
epoch   13000  HO=0.0067  meanSteps=   128.6  copy=0.847  A(t)=348  sim=26.3s
epoch   13050  HO=-0.0250  meanSteps=   128.6  copy=0.853  A(t)=348  sim=26.4s
epoch   13100  HO=-0.0357  meanSteps=   128.9  copy=0.869  A(t)=348  sim=26.5s
epoch   13150  HO=0.0128  meanSteps=   128.9  copy=0.856  A(t)=348  sim=26.5s
epoch   13200  HO=0.0298  meanSteps=   129.0  copy=0.858  A(t)=348  sim=26.6s
epoch   13250  HO=0.0311  meanSteps=   128.9  copy=0.844  A(t)=348  sim=26.7s
epoch   13300  HO=0.0057  meanSteps=   128.8  copy=0.830  A(t)=348  sim=26.8s
epoch   13350  HO=0.0418  meanSteps=   128.8  copy=0.830  A(t)=348  sim=26.8s
epoch   13400  HO=0.0692  meanSteps=   128.7  copy=0.838  A(t)=348  sim=26.9s
epoch   13450  HO=0.0157  meanSteps=   130.3  copy=0.836  A(t)=348  sim=27.0s
epoch   13500  HO=0.0239  meanSteps=   129.0  copy=0.843  A(t)=348  sim=27.1s
epoch   13550  HO=0.0179  meanSteps=   128.6  copy=0.844  A(t)=348  sim=27.2s
epoch   13600  HO=-0.0021  meanSteps=   129.7  copy=0.851  A(t)=348  sim=27.2s
epoch   13650  HO=-0.0053  meanSteps=   128.8  copy=0.848  A(t)=348  sim=27.3s
epoch   13700  HO=0.0103  meanSteps=   128.6  copy=0.848  A(t)=348  sim=27.4s
epoch   13750  HO=0.0344  meanSteps=   129.2  copy=0.833  A(t)=348  sim=27.5s
epoch   13800  HO=-0.0157  meanSteps=   140.6  copy=0.842  A(t)=348  sim=27.5s
epoch   13850  HO=0.0160  meanSteps=   128.7  copy=0.851  A(t)=348  sim=27.6s
epoch   13900  HO=0.0235  meanSteps=   128.6  copy=0.868  A(t)=348  sim=27.7s
epoch   13950  HO=0.0724  meanSteps=   128.6  copy=0.881  A(t)=348  sim=27.8s
epoch   14000  HO=0.0551  meanSteps=   128.5  copy=0.880  A(t)=348  sim=27.8s
epoch   14050  HO=0.0558  meanSteps=   128.5  copy=0.876  A(t)=348  sim=27.9s
epoch   14100  HO=0.0700  meanSteps=   128.5  copy=0.867  A(t)=348  sim=28.0s
epoch   14150  HO=0.1078  meanSteps=   128.5  copy=0.850  A(t)=348  sim=28.1s
epoch   14200  HO=0.0778  meanSteps=   128.7  copy=0.853  A(t)=348  sim=28.1s
epoch   14250  HO=0.0553  meanSteps=   128.6  copy=0.850  A(t)=348  sim=28.2s
epoch   14300  HO=0.0596  meanSteps=   128.8  copy=0.834  A(t)=348  sim=28.3s
epoch   14350  HO=0.0469  meanSteps=   128.8  copy=0.824  A(t)=348  sim=28.4s
epoch   14400  HO=0.0563  meanSteps=   130.6  copy=0.835  A(t)=348  sim=28.4s
epoch   14450  HO=0.0594  meanSteps=   128.9  copy=0.853  A(t)=348  sim=28.5s
epoch   14500  HO=0.0825  meanSteps=   128.9  copy=0.851  A(t)=348  sim=28.6s
epoch   14550  HO=0.0638  meanSteps=   129.0  copy=0.858  A(t)=348  sim=28.7s
epoch   14600  HO=0.0844  meanSteps=   128.9  copy=0.857  A(t)=348  sim=28.7s
epoch   14650  HO=0.0243  meanSteps=   128.9  copy=0.841  A(t)=348  sim=28.8s
epoch   14700  HO=0.0540  meanSteps=   128.9  copy=0.834  A(t)=348  sim=28.9s
epoch   14750  HO=0.0385  meanSteps=   128.8  copy=0.836  A(t)=348  sim=29.0s
epoch   14800  HO=0.0385  meanSteps=   128.9  copy=0.850  A(t)=348  sim=29.0s
epoch   14850  HO=0.0069  meanSteps=   128.9  copy=0.842  A(t)=348  sim=29.1s
epoch   14900  HO=-0.0253  meanSteps=   128.9  copy=0.843  A(t)=348  sim=29.2s
epoch   14950  HO=-0.0257  meanSteps=   128.9  copy=0.841  A(t)=348  sim=29.3s
epoch   15000  HO=-0.0425  meanSteps=   128.9  copy=0.829  A(t)=348  sim=29.3s
epoch   15050  HO=-0.0510  meanSteps=   128.8  copy=0.823  A(t)=351  sim=29.4s
epoch   15100  HO=-0.1005  meanSteps=   128.9  copy=0.821  A(t)=353  sim=29.5s
epoch   15150  HO=-0.0554  meanSteps=   128.8  copy=0.835  A(t)=354  sim=29.6s
epoch   15200  HO=-0.0513  meanSteps=   128.9  copy=0.854  A(t)=354  sim=29.6s
epoch   15250  HO=-0.0321  meanSteps=   128.9  copy=0.863  A(t)=354  sim=29.7s
epoch   15300  HO=-0.0143  meanSteps=   129.0  copy=0.862  A(t)=354  sim=29.8s
epoch   15350  HO=0.0078  meanSteps=   129.0  copy=0.853  A(t)=354  sim=29.9s
epoch   15400  HO=0.0122  meanSteps=   128.8  copy=0.863  A(t)=354  sim=29.9s
epoch   15450  HO=-0.0065  meanSteps=   128.9  copy=0.854  A(t)=354  sim=30.0s
epoch   15500  HO=0.0474  meanSteps=   129.0  copy=0.842  A(t)=354  sim=30.1s
epoch   15550  HO=0.0900  meanSteps=   128.8  copy=0.838  A(t)=354  sim=30.2s
epoch   15600  HO=0.0786  meanSteps=   128.8  copy=0.843  A(t)=354  sim=30.2s
epoch   15650  HO=0.0056  meanSteps=   128.8  copy=0.850  A(t)=354  sim=30.3s
epoch   15700  HO=0.0805  meanSteps=   128.8  copy=0.859  A(t)=354  sim=30.4s
epoch   15750  HO=0.0337  meanSteps=   139.4  copy=0.863  A(t)=354  sim=30.5s
epoch   15800  HO=0.0251  meanSteps=   128.7  copy=0.878  A(t)=355  sim=30.5s
epoch   15850  HO=0.0098  meanSteps=   129.0  copy=0.878  A(t)=355  sim=30.6s
epoch   15900  HO=0.0115  meanSteps=   128.9  copy=0.880  A(t)=355  sim=30.7s
epoch   15950  HO=-0.0448  meanSteps=   128.8  copy=0.885  A(t)=355  sim=30.8s
epoch   16000  HO=-0.0062  meanSteps=   128.8  copy=0.888  A(t)=355  sim=30.9s
epoch   16050  HO=-0.0008  meanSteps=   128.8  copy=0.878  A(t)=355  sim=30.9s
epoch   16100  HO=0.0254  meanSteps=   128.7  copy=0.864  A(t)=355  sim=31.0s
epoch   16150  HO=0.1113  meanSteps=   128.7  copy=0.869  A(t)=355  sim=31.1s
epoch   16200  HO=0.0516  meanSteps=   129.0  copy=0.868  A(t)=355  sim=31.2s
epoch   16250  HO=0.0485  meanSteps=   128.9  copy=0.867  A(t)=355  sim=31.2s
epoch   16300  HO=0.0023  meanSteps=   128.9  copy=0.863  A(t)=355  sim=31.3s
epoch   16350  HO=0.0368  meanSteps=   128.9  copy=0.837  A(t)=355  sim=31.4s
epoch   16400  HO=0.0188  meanSteps=   128.9  copy=0.819  A(t)=355  sim=31.5s
epoch   16450  HO=0.0598  meanSteps=   128.8  copy=0.817  A(t)=355  sim=31.5s
epoch   16500  HO=0.0365  meanSteps=   128.9  copy=0.820  A(t)=355  sim=31.6s
epoch   16550  HO=0.0462  meanSteps=   128.9  copy=0.817  A(t)=355  sim=31.7s
epoch   16600  HO=-0.0082  meanSteps=   128.7  copy=0.822  A(t)=355  sim=31.8s
epoch   16650  HO=0.0002  meanSteps=   128.7  copy=0.848  A(t)=355  sim=31.8s
epoch   16700  HO=-0.0066  meanSteps=   128.7  copy=0.822  A(t)=355  sim=31.9s
epoch   16750  HO=-0.0348  meanSteps=   128.8  copy=0.841  A(t)=355  sim=32.0s
epoch   16800  HO=0.0191  meanSteps=   128.8  copy=0.852  A(t)=355  sim=32.1s
epoch   16850  HO=0.0037  meanSteps=   128.8  copy=0.861  A(t)=355  sim=32.1s
epoch   16900  HO=-0.0038  meanSteps=   130.5  copy=0.858  A(t)=355  sim=32.2s
epoch   16950  HO=-0.0142  meanSteps=   128.8  copy=0.869  A(t)=356  sim=32.3s
epoch   17000  HO=0.0141  meanSteps=   128.7  copy=0.848  A(t)=356  sim=32.4s
epoch   17050  HO=-0.0016  meanSteps=   128.5  copy=0.851  A(t)=356  sim=32.5s
epoch   17100  HO=-0.0055  meanSteps=   128.7  copy=0.864  A(t)=356  sim=32.5s
epoch   17150  HO=0.0130  meanSteps=   128.8  copy=0.846  A(t)=356  sim=32.6s
epoch   17200  HO=0.0190  meanSteps=   128.9  copy=0.868  A(t)=356  sim=32.7s
epoch   17250  HO=-0.0490  meanSteps=   129.2  copy=0.894  A(t)=356  sim=32.8s
epoch   17300  HO=-0.0629  meanSteps=   129.0  copy=0.889  A(t)=356  sim=32.8s
epoch   17350  HO=-0.0533  meanSteps=   128.9  copy=0.882  A(t)=356  sim=32.9s
epoch   17400  HO=-0.0293  meanSteps=   128.9  copy=0.864  A(t)=356  sim=33.0s
epoch   17450  HO=0.0714  meanSteps=   128.7  copy=0.867  A(t)=356  sim=33.1s
epoch   17500  HO=0.0157  meanSteps=   130.7  copy=0.851  A(t)=356  sim=33.1s
epoch   17550  HO=0.0055  meanSteps=   128.4  copy=0.873  A(t)=356  sim=33.2s
epoch   17600  HO=-0.0349  meanSteps=   128.6  copy=0.873  A(t)=357  sim=33.3s
epoch   17650  HO=-0.0060  meanSteps=   128.9  copy=0.885  A(t)=357  sim=33.4s
epoch   17700  HO=0.0258  meanSteps=   128.8  copy=0.880  A(t)=357  sim=33.4s
epoch   17750  HO=0.0315  meanSteps=   129.0  copy=0.864  A(t)=357  sim=33.5s
epoch   17800  HO=0.0837  meanSteps=   128.9  copy=0.862  A(t)=357  sim=33.6s
epoch   17850  HO=0.1017  meanSteps=   128.9  copy=0.849  A(t)=357  sim=33.7s
epoch   17900  HO=0.1123  meanSteps=   128.9  copy=0.847  A(t)=357  sim=33.8s
epoch   17950  HO=0.0972  meanSteps=   132.9  copy=0.834  A(t)=357  sim=33.8s
epoch   18000  HO=0.0575  meanSteps=   130.3  copy=0.839  A(t)=357  sim=33.9s
epoch   18050  HO=0.0962  meanSteps=   128.7  copy=0.862  A(t)=357  sim=34.0s
epoch   18100  HO=0.0806  meanSteps=   128.7  copy=0.871  A(t)=357  sim=34.1s
epoch   18150  HO=0.0715  meanSteps=   128.7  copy=0.874  A(t)=357  sim=34.1s
epoch   18200  HO=0.1071  meanSteps=   128.3  copy=0.884  A(t)=357  sim=34.2s
epoch   18250  HO=0.1093  meanSteps=   128.8  copy=0.870  A(t)=357  sim=34.3s
epoch   18300  HO=0.0906  meanSteps=   128.4  copy=0.864  A(t)=357  sim=34.4s
epoch   18350  HO=0.0913  meanSteps=   128.4  copy=0.853  A(t)=357  sim=34.4s
epoch   18400  HO=0.0775  meanSteps=   128.4  copy=0.847  A(t)=357  sim=34.5s
epoch   18450  HO=0.0794  meanSteps=   128.7  copy=0.837  A(t)=357  sim=34.6s
epoch   18500  HO=0.0273  meanSteps=   128.6  copy=0.842  A(t)=357  sim=34.7s
epoch   18550  HO=-0.0007  meanSteps=   128.4  copy=0.859  A(t)=357  sim=34.8s
epoch   18600  HO=0.0042  meanSteps=   128.7  copy=0.863  A(t)=357  sim=34.8s
epoch   18650  HO=-0.0331  meanSteps=   128.8  copy=0.866  A(t)=357  sim=34.9s
epoch   18700  HO=-0.0451  meanSteps=   128.7  copy=0.857  A(t)=357  sim=35.0s
epoch   18750  HO=-0.0131  meanSteps=   128.8  copy=0.852  A(t)=357  sim=35.1s
epoch   18800  HO=-0.0081  meanSteps=   128.8  copy=0.835  A(t)=357  sim=35.1s
epoch   18850  HO=0.0500  meanSteps=   128.6  copy=0.844  A(t)=357  sim=35.2s
epoch   18900  HO=-0.0120  meanSteps=   131.5  copy=0.840  A(t)=357  sim=35.3s
epoch   18950  HO=0.0459  meanSteps=   132.8  copy=0.836  A(t)=357  sim=35.4s
epoch   19000  HO=0.0079  meanSteps=   129.7  copy=0.844  A(t)=357  sim=35.4s
epoch   19050  HO=0.0323  meanSteps=   129.0  copy=0.844  A(t)=357  sim=35.5s
epoch   19100  HO=0.0146  meanSteps=   128.7  copy=0.845  A(t)=357  sim=35.6s
epoch   19150  HO=0.0087  meanSteps=   128.7  copy=0.847  A(t)=357  sim=35.7s
epoch   19200  HO=0.0071  meanSteps=   128.8  copy=0.858  A(t)=357  sim=35.7s
epoch   19250  HO=0.0466  meanSteps=   128.6  copy=0.854  A(t)=357  sim=35.8s
epoch   19300  HO=0.0434  meanSteps=   128.8  copy=0.840  A(t)=357  sim=35.9s
epoch   19350  HO=0.0493  meanSteps=   128.8  copy=0.863  A(t)=357  sim=36.0s
epoch   19400  HO=0.0986  meanSteps=   128.6  copy=0.873  A(t)=357  sim=36.0s
epoch   19450  HO=0.0393  meanSteps=   128.7  copy=0.880  A(t)=357  sim=36.1s
epoch   19500  HO=0.0225  meanSteps=   128.8  copy=0.871  A(t)=357  sim=36.2s
epoch   19550  HO=-0.0023  meanSteps=   128.9  copy=0.876  A(t)=357  sim=36.3s
epoch   19600  HO=-0.0129  meanSteps=   128.7  copy=0.875  A(t)=357  sim=36.4s
epoch   19650  HO=-0.0060  meanSteps=   128.7  copy=0.873  A(t)=357  sim=36.4s
epoch   19700  HO=-0.0038  meanSteps=   128.9  copy=0.866  A(t)=357  sim=36.5s
epoch   19750  HO=-0.0200  meanSteps=   128.8  copy=0.860  A(t)=357  sim=36.6s
epoch   19800  HO=0.0555  meanSteps=   128.9  copy=0.855  A(t)=357  sim=36.7s
epoch   19850  HO=0.0786  meanSteps=   129.0  copy=0.843  A(t)=357  sim=36.7s
epoch   19900  HO=0.1459  meanSteps=   128.9  copy=0.839  A(t)=357  sim=36.8s
epoch   19950  HO=0.1557  meanSteps=   128.8  copy=0.834  A(t)=357  sim=36.9s
epoch   20000  HO=0.1154  meanSteps=   128.9  copy=0.845  A(t)=357  sim=37.0s
epoch   20050  HO=0.0768  meanSteps=   128.8  copy=0.844  A(t)=357  sim=37.0s
epoch   20100  HO=0.0856  meanSteps=   128.8  copy=0.868  A(t)=357  sim=37.1s
epoch   20150  HO=0.0599  meanSteps=   128.7  copy=0.856  A(t)=357  sim=37.2s
epoch   20200  HO=0.0493  meanSteps=   128.6  copy=0.829  A(t)=357  sim=37.3s
epoch   20250  HO=0.0697  meanSteps=   128.5  copy=0.821  A(t)=357  sim=37.4s
epoch   20300  HO=0.0839  meanSteps=   128.6  copy=0.822  A(t)=357  sim=37.4s
epoch   20350  HO=0.0716  meanSteps=   128.7  copy=0.816  A(t)=357  sim=37.5s
epoch   20400  HO=0.0007  meanSteps=   128.8  copy=0.818  A(t)=357  sim=37.6s
epoch   20450  HO=0.0177  meanSteps=   128.7  copy=0.822  A(t)=357  sim=37.6s
epoch   20500  HO=0.0431  meanSteps=   128.3  copy=0.802  A(t)=357  sim=37.7s
epoch   20550  HO=0.0484  meanSteps=   137.3  copy=0.813  A(t)=357  sim=37.8s
epoch   20600  HO=0.0933  meanSteps=   135.2  copy=0.824  A(t)=357  sim=37.9s
epoch   20650  HO=0.0662  meanSteps=   128.8  copy=0.822  A(t)=357  sim=38.0s
epoch   20700  HO=0.0435  meanSteps=   128.9  copy=0.830  A(t)=357  sim=38.0s
epoch   20750  HO=0.0187  meanSteps=   128.9  copy=0.842  A(t)=357  sim=38.1s
epoch   20800  HO=-0.0304  meanSteps=   128.9  copy=0.858  A(t)=357  sim=38.2s
epoch   20850  HO=-0.0592  meanSteps=   129.1  copy=0.864  A(t)=357  sim=38.3s
epoch   20900  HO=0.0104  meanSteps=   128.8  copy=0.866  A(t)=357  sim=38.3s
epoch   20950  HO=-0.0049  meanSteps=   129.0  copy=0.866  A(t)=357  sim=38.4s
epoch   21000  HO=0.0117  meanSteps=   128.9  copy=0.856  A(t)=357  sim=38.5s
epoch   21050  HO=0.0331  meanSteps=   129.0  copy=0.836  A(t)=357  sim=38.6s
epoch   21100  HO=0.0210  meanSteps=   128.9  copy=0.831  A(t)=357  sim=38.6s
epoch   21150  HO=0.0514  meanSteps=   128.8  copy=0.829  A(t)=357  sim=38.7s
epoch   21200  HO=0.0045  meanSteps=   128.8  copy=0.830  A(t)=357  sim=38.8s
epoch   21250  HO=0.0122  meanSteps=   128.9  copy=0.826  A(t)=357  sim=38.9s
epoch   21300  HO=0.0400  meanSteps=   128.8  copy=0.826  A(t)=357  sim=38.9s
epoch   21350  HO=0.0511  meanSteps=   128.9  copy=0.842  A(t)=357  sim=39.0s
epoch   21400  HO=0.0009  meanSteps=   128.7  copy=0.861  A(t)=357  sim=39.1s
epoch   21450  HO=-0.0777  meanSteps=   128.7  copy=0.853  A(t)=357  sim=39.2s
epoch   21500  HO=-0.0107  meanSteps=   128.5  copy=0.846  A(t)=357  sim=39.2s
epoch   21550  HO=0.0160  meanSteps=   128.6  copy=0.844  A(t)=357  sim=39.3s
epoch   21600  HO=0.0125  meanSteps=   128.9  copy=0.838  A(t)=357  sim=39.4s
epoch   21650  HO=0.0197  meanSteps=   128.9  copy=0.856  A(t)=357  sim=39.5s
epoch   21700  HO=0.0105  meanSteps=   128.6  copy=0.852  A(t)=357  sim=39.6s
epoch   21750  HO=-0.0060  meanSteps=   128.7  copy=0.839  A(t)=357  sim=39.6s
epoch   21800  HO=-0.0355  meanSteps=   128.9  copy=0.837  A(t)=357  sim=39.7s
epoch   21850  HO=-0.0307  meanSteps=   128.9  copy=0.811  A(t)=357  sim=39.8s
epoch   21900  HO=-0.0312  meanSteps=   128.9  copy=0.823  A(t)=357  sim=39.8s
epoch   21950  HO=-0.0555  meanSteps=   128.9  copy=0.842  A(t)=357  sim=39.9s
epoch   22000  HO=-0.0020  meanSteps=   129.0  copy=0.864  A(t)=357  sim=40.0s
epoch   22050  HO=0.0057  meanSteps=   128.8  copy=0.855  A(t)=357  sim=40.1s
epoch   22100  HO=0.0500  meanSteps=   128.9  copy=0.848  A(t)=357  sim=40.1s
epoch   22150  HO=0.0094  meanSteps=   128.9  copy=0.854  A(t)=357  sim=40.2s
epoch   22200  HO=-0.0445  meanSteps=   128.8  copy=0.848  A(t)=357  sim=40.3s
epoch   22250  HO=-0.0082  meanSteps=   128.7  copy=0.851  A(t)=357  sim=40.4s
epoch   22300  HO=-0.0093  meanSteps=   128.8  copy=0.845  A(t)=357  sim=40.5s
epoch   22350  HO=-0.0115  meanSteps=   128.4  copy=0.837  A(t)=357  sim=40.5s
epoch   22400  HO=0.0384  meanSteps=   128.3  copy=0.836  A(t)=357  sim=40.6s
epoch   22450  HO=0.0417  meanSteps=   128.4  copy=0.826  A(t)=357  sim=40.7s
epoch   22500  HO=0.0131  meanSteps=   128.7  copy=0.821  A(t)=357  sim=40.8s
epoch   22550  HO=0.0489  meanSteps=   128.5  copy=0.815  A(t)=357  sim=40.8s
epoch   22600  HO=0.0102  meanSteps=   128.5  copy=0.800  A(t)=358  sim=40.9s
epoch   22650  HO=0.1193  meanSteps=   128.5  copy=0.799  A(t)=358  sim=41.0s
epoch   22700  HO=0.0873  meanSteps=   128.6  copy=0.798  A(t)=358  sim=41.1s
epoch   22750  HO=0.0967  meanSteps=   128.6  copy=0.811  A(t)=358  sim=41.1s
epoch   22800  HO=0.0508  meanSteps=   128.5  copy=0.802  A(t)=358  sim=41.2s
epoch   22850  HO=0.0526  meanSteps=   128.7  copy=0.822  A(t)=358  sim=41.3s
epoch   22900  HO=0.0492  meanSteps=   129.0  copy=0.839  A(t)=358  sim=41.4s
epoch   22950  HO=0.0268  meanSteps=   129.0  copy=0.833  A(t)=358  sim=41.4s
epoch   23000  HO=0.0265  meanSteps=   129.0  copy=0.826  A(t)=358  sim=41.5s
epoch   23050  HO=0.0704  meanSteps=   128.9  copy=0.821  A(t)=358  sim=41.6s
epoch   23100  HO=0.0799  meanSteps=   128.8  copy=0.809  A(t)=358  sim=41.7s
epoch   23150  HO=0.0683  meanSteps=   128.9  copy=0.818  A(t)=358  sim=41.8s
epoch   23200  HO=0.0492  meanSteps=   128.8  copy=0.815  A(t)=358  sim=41.8s
epoch   23250  HO=0.0495  meanSteps=   128.9  copy=0.840  A(t)=358  sim=41.9s
epoch   23300  HO=0.0497  meanSteps=   128.9  copy=0.842  A(t)=358  sim=42.0s
epoch   23350  HO=0.0293  meanSteps=   128.9  copy=0.827  A(t)=358  sim=42.1s
epoch   23400  HO=-0.0032  meanSteps=   128.9  copy=0.819  A(t)=358  sim=42.1s
epoch   23450  HO=0.0458  meanSteps=   128.8  copy=0.826  A(t)=358  sim=42.2s
epoch   23500  HO=0.0963  meanSteps=   128.9  copy=0.828  A(t)=358  sim=42.3s
epoch   23550  HO=0.0170  meanSteps=   128.8  copy=0.832  A(t)=358  sim=42.4s
epoch   23600  HO=0.0126  meanSteps=   128.8  copy=0.832  A(t)=358  sim=42.4s
epoch   23650  HO=0.0715  meanSteps=   129.0  copy=0.838  A(t)=358  sim=42.5s
epoch   23700  HO=0.0343  meanSteps=   128.8  copy=0.833  A(t)=358  sim=42.6s
epoch   23750  HO=0.0377  meanSteps=   128.8  copy=0.845  A(t)=358  sim=42.7s
epoch   23800  HO=0.0343  meanSteps=   128.6  copy=0.836  A(t)=358  sim=42.8s
epoch   23850  HO=0.0054  meanSteps=   128.9  copy=0.845  A(t)=358  sim=42.8s
epoch   23900  HO=0.0426  meanSteps=   129.0  copy=0.840  A(t)=358  sim=42.9s
epoch   23950  HO=0.0511  meanSteps=   128.8  copy=0.822  A(t)=358  sim=43.0s
epoch   24000  HO=0.0610  meanSteps=   128.9  copy=0.822  A(t)=358  sim=43.1s
epoch   24050  HO=0.1144  meanSteps=   128.9  copy=0.826  A(t)=358  sim=43.1s
epoch   24100  HO=0.0786  meanSteps=   129.0  copy=0.823  A(t)=358  sim=43.2s
epoch   24150  HO=0.1109  meanSteps=   128.9  copy=0.820  A(t)=358  sim=43.3s
epoch   24200  HO=0.0794  meanSteps=   128.6  copy=0.813  A(t)=358  sim=43.4s
epoch   24250  HO=0.0467  meanSteps=   128.7  copy=0.822  A(t)=358  sim=43.4s
epoch   24300  HO=0.0598  meanSteps=   128.8  copy=0.828  A(t)=358  sim=43.5s
epoch   24350  HO=0.0991  meanSteps=   134.7  copy=0.806  A(t)=358  sim=43.6s
epoch   24400  HO=0.0429  meanSteps=   143.6  copy=0.811  A(t)=358  sim=43.7s
epoch   24450  HO=0.0898  meanSteps=   130.8  copy=0.809  A(t)=358  sim=43.8s
epoch   24500  HO=0.0737  meanSteps=   129.0  copy=0.810  A(t)=358  sim=43.8s
epoch   24550  HO=0.0288  meanSteps=   143.5  copy=0.795  A(t)=358  sim=43.9s
epoch   24600  HO=0.0697  meanSteps=   136.2  copy=0.801  A(t)=358  sim=44.0s
epoch   24650  HO=0.0634  meanSteps=   128.6  copy=0.825  A(t)=358  sim=44.1s
epoch   24700  HO=0.0296  meanSteps=   128.9  copy=0.827  A(t)=358  sim=44.1s
epoch   24750  HO=0.0255  meanSteps=   128.9  copy=0.813  A(t)=358  sim=44.2s
epoch   24800  HO=0.0145  meanSteps=   128.7  copy=0.813  A(t)=358  sim=44.3s
epoch   24850  HO=0.0304  meanSteps=   128.8  copy=0.812  A(t)=358  sim=44.4s
epoch   24900  HO=0.0303  meanSteps=   132.7  copy=0.829  A(t)=358  sim=44.5s
epoch   24950  HO=0.0019  meanSteps=   143.4  copy=0.810  A(t)=358  sim=44.5s
epoch   25000  HO=-0.0289  meanSteps=   145.0  copy=0.813  A(t)=358  sim=44.6s
epoch   25050  HO=-0.0021  meanSteps=   144.8  copy=0.809  A(t)=358  sim=44.7s
epoch   25100  HO=-0.0049  meanSteps=   140.3  copy=0.811  A(t)=358  sim=44.8s
epoch   25150  HO=0.0244  meanSteps=   128.6  copy=0.821  A(t)=358  sim=44.8s
epoch   25200  HO=0.0492  meanSteps=   128.6  copy=0.850  A(t)=358  sim=44.9s
epoch   25250  HO=0.0890  meanSteps=   128.5  copy=0.857  A(t)=358  sim=45.0s
epoch   25300  HO=-0.0030  meanSteps=   140.7  copy=0.838  A(t)=358  sim=45.1s
epoch   25350  HO=-0.0043  meanSteps=   140.3  copy=0.847  A(t)=358  sim=45.2s
epoch   25400  HO=0.0041  meanSteps=   128.6  copy=0.856  A(t)=358  sim=45.2s
epoch   25450  HO=0.0214  meanSteps=   128.8  copy=0.858  A(t)=358  sim=45.3s
epoch   25500  HO=-0.0222  meanSteps=   129.0  copy=0.850  A(t)=358  sim=45.4s
epoch   25550  HO=0.0016  meanSteps=   132.1  copy=0.854  A(t)=358  sim=45.5s
epoch   25600  HO=0.0341  meanSteps=   143.1  copy=0.859  A(t)=358  sim=45.5s
epoch   25650  HO=-0.0177  meanSteps=   145.7  copy=0.839  A(t)=358  sim=45.6s
epoch   25700  HO=-0.0274  meanSteps=   135.6  copy=0.844  A(t)=358  sim=45.7s
epoch   25750  HO=-0.0283  meanSteps=   128.5  copy=0.862  A(t)=358  sim=45.8s
epoch   25800  HO=-0.0496  meanSteps=   128.6  copy=0.860  A(t)=358  sim=45.8s
epoch   25850  HO=0.0103  meanSteps=   128.8  copy=0.863  A(t)=358  sim=45.9s
epoch   25900  HO=-0.0497  meanSteps=   128.7  copy=0.850  A(t)=358  sim=46.0s
epoch   25950  HO=-0.0502  meanSteps=   128.9  copy=0.857  A(t)=358  sim=46.1s
epoch   26000  HO=-0.0875  meanSteps=   128.9  copy=0.869  A(t)=358  sim=46.1s
epoch   26050  HO=-0.0480  meanSteps=   128.8  copy=0.839  A(t)=358  sim=46.2s
epoch   26100  HO=-0.0472  meanSteps=   129.7  copy=0.841  A(t)=358  sim=46.3s
epoch   26150  HO=-0.0289  meanSteps=   128.9  copy=0.849  A(t)=358  sim=46.4s
epoch   26200  HO=-0.0107  meanSteps=   128.8  copy=0.851  A(t)=358  sim=46.5s
epoch   26250  HO=-0.0375  meanSteps=   128.9  copy=0.863  A(t)=358  sim=46.5s
epoch   26300  HO=-0.0730  meanSteps=   128.8  copy=0.876  A(t)=358  sim=46.6s
epoch   26350  HO=-0.0007  meanSteps=   128.9  copy=0.868  A(t)=358  sim=46.7s
epoch   26400  HO=-0.0086  meanSteps=   129.0  copy=0.841  A(t)=358  sim=46.8s
epoch   26450  HO=-0.0164  meanSteps=   128.9  copy=0.846  A(t)=358  sim=46.8s
epoch   26500  HO=-0.0652  meanSteps=   128.7  copy=0.848  A(t)=358  sim=46.9s
epoch   26550  HO=-0.0582  meanSteps=   128.5  copy=0.847  A(t)=358  sim=47.0s
epoch   26600  HO=-0.0065  meanSteps=   128.4  copy=0.843  A(t)=358  sim=47.1s
epoch   26650  HO=-0.0445  meanSteps=   128.3  copy=0.829  A(t)=358  sim=47.1s
epoch   26700  HO=-0.0276  meanSteps=   128.5  copy=0.855  A(t)=358  sim=47.2s
epoch   26750  HO=0.0305  meanSteps=   128.8  copy=0.858  A(t)=358  sim=47.3s
epoch   26800  HO=0.0587  meanSteps=   128.8  copy=0.858  A(t)=358  sim=47.4s
epoch   26850  HO=0.0609  meanSteps=   133.6  copy=0.846  A(t)=358  sim=47.4s
epoch   26900  HO=0.0449  meanSteps=   128.8  copy=0.823  A(t)=358  sim=47.5s
epoch   26950  HO=0.0467  meanSteps=   128.8  copy=0.816  A(t)=358  sim=47.6s
epoch   27000  HO=0.0520  meanSteps=   128.7  copy=0.811  A(t)=358  sim=47.7s
epoch   27050  HO=0.0027  meanSteps=   128.8  copy=0.803  A(t)=358  sim=47.7s
epoch   27100  HO=-0.0223  meanSteps=   128.8  copy=0.818  A(t)=358  sim=47.8s
epoch   27150  HO=0.0040  meanSteps=   128.9  copy=0.821  A(t)=358  sim=47.9s
epoch   27200  HO=0.0423  meanSteps=   128.9  copy=0.845  A(t)=358  sim=48.0s
epoch   27250  HO=-0.0596  meanSteps=   128.7  copy=0.839  A(t)=358  sim=48.0s
epoch   27300  HO=-0.0184  meanSteps=   128.8  copy=0.835  A(t)=358  sim=48.1s
epoch   27350  HO=0.0092  meanSteps=   128.8  copy=0.844  A(t)=358  sim=48.2s
epoch   27400  HO=0.0023  meanSteps=   128.7  copy=0.855  A(t)=358  sim=48.3s
epoch   27450  HO=0.0034  meanSteps=   128.7  copy=0.861  A(t)=358  sim=48.3s
epoch   27500  HO=-0.0163  meanSteps=   128.9  copy=0.851  A(t)=358  sim=48.4s
epoch   27550  HO=-0.0136  meanSteps=   129.0  copy=0.836  A(t)=358  sim=48.5s
epoch   27600  HO=-0.0516  meanSteps=   128.8  copy=0.824  A(t)=358  sim=48.6s
epoch   27650  HO=-0.0418  meanSteps=   128.7  copy=0.829  A(t)=359  sim=48.6s
epoch   27700  HO=0.0203  meanSteps=   128.6  copy=0.820  A(t)=361  sim=48.7s
epoch   27750  HO=-0.0743  meanSteps=   128.5  copy=0.821  A(t)=361  sim=48.8s
epoch   27800  HO=-0.0219  meanSteps=   128.7  copy=0.817  A(t)=361  sim=48.9s
epoch   27850  HO=-0.0000  meanSteps=   128.7  copy=0.822  A(t)=361  sim=48.9s
epoch   27900  HO=-0.0034  meanSteps=   128.8  copy=0.831  A(t)=361  sim=49.0s
epoch   27950  HO=-0.0092  meanSteps=   128.8  copy=0.814  A(t)=361  sim=49.1s
epoch   28000  HO=-0.0213  meanSteps=   128.7  copy=0.826  A(t)=361  sim=49.2s
epoch   28050  HO=-0.0475  meanSteps=   128.5  copy=0.832  A(t)=361  sim=49.2s
epoch   28100  HO=-0.0469  meanSteps=   128.5  copy=0.829  A(t)=361  sim=49.3s
epoch   28150  HO=-0.0061  meanSteps=   128.8  copy=0.838  A(t)=361  sim=49.4s
epoch   28200  HO=-0.0121  meanSteps=   128.9  copy=0.866  A(t)=361  sim=49.5s
epoch   28250  HO=-0.0110  meanSteps=   128.9  copy=0.886  A(t)=361  sim=49.5s
epoch   28300  HO=-0.0664  meanSteps=   128.9  copy=0.885  A(t)=361  sim=49.6s
epoch   28350  HO=-0.0128  meanSteps=   128.9  copy=0.882  A(t)=361  sim=49.7s
epoch   28400  HO=0.0425  meanSteps=   129.0  copy=0.881  A(t)=361  sim=49.8s
epoch   28450  HO=0.0411  meanSteps=   128.8  copy=0.852  A(t)=361  sim=49.8s
epoch   28500  HO=0.0427  meanSteps=   128.8  copy=0.835  A(t)=361  sim=49.9s
epoch   28550  HO=-0.0041  meanSteps=   128.7  copy=0.852  A(t)=361  sim=50.0s
epoch   28600  HO=-0.0233  meanSteps=   128.7  copy=0.844  A(t)=361  sim=50.1s
epoch   28650  HO=-0.0441  meanSteps=   128.7  copy=0.815  A(t)=361  sim=50.2s
epoch   28700  HO=-0.0568  meanSteps=   128.8  copy=0.841  A(t)=361  sim=50.2s
epoch   28750  HO=-0.0347  meanSteps=   128.8  copy=0.849  A(t)=361  sim=50.3s
epoch   28800  HO=-0.0179  meanSteps=   128.9  copy=0.822  A(t)=361  sim=50.4s
epoch   28850  HO=-0.0379  meanSteps=   129.0  copy=0.809  A(t)=361  sim=50.5s
epoch   28900  HO=-0.0122  meanSteps=   129.0  copy=0.794  A(t)=361  sim=50.5s
epoch   28950  HO=-0.0210  meanSteps=   128.9  copy=0.794  A(t)=361  sim=50.6s
epoch   29000  HO=-0.0081  meanSteps=   129.0  copy=0.820  A(t)=361  sim=50.7s
epoch   29050  HO=0.0105  meanSteps=   128.9  copy=0.844  A(t)=361  sim=50.8s
epoch   29100  HO=-0.0036  meanSteps=   138.6  copy=0.828  A(t)=361  sim=50.8s
epoch   29150  HO=-0.0137  meanSteps=   132.3  copy=0.828  A(t)=361  sim=50.9s
epoch   29200  HO=0.0242  meanSteps=   128.8  copy=0.848  A(t)=361  sim=51.0s
epoch   29250  HO=0.0072  meanSteps=   128.8  copy=0.850  A(t)=361  sim=51.1s
epoch   29300  HO=0.0241  meanSteps=   128.6  copy=0.858  A(t)=361  sim=51.1s
epoch   29350  HO=0.0817  meanSteps=   128.8  copy=0.838  A(t)=361  sim=51.2s
epoch   29400  HO=0.1089  meanSteps=   128.7  copy=0.819  A(t)=361  sim=51.3s
epoch   29450  HO=0.0468  meanSteps=   128.5  copy=0.809  A(t)=361  sim=51.4s
epoch   29500  HO=0.0272  meanSteps=   128.8  copy=0.798  A(t)=361  sim=51.4s
epoch   29550  HO=0.0342  meanSteps=   128.7  copy=0.795  A(t)=361  sim=51.5s
epoch   29600  HO=0.0221  meanSteps=   128.7  copy=0.802  A(t)=361  sim=51.6s
epoch   29650  HO=0.0215  meanSteps=   128.9  copy=0.798  A(t)=361  sim=51.7s
epoch   29700  HO=-0.0118  meanSteps=   128.8  copy=0.802  A(t)=361  sim=51.7s
epoch   29750  HO=0.0032  meanSteps=   128.7  copy=0.815  A(t)=361  sim=51.8s
epoch   29800  HO=0.0346  meanSteps=   128.9  copy=0.807  A(t)=361  sim=51.9s
epoch   29850  HO=-0.0004  meanSteps=   140.2  copy=0.815  A(t)=361  sim=52.0s
epoch   29900  HO=0.0530  meanSteps=   134.1  copy=0.823  A(t)=361  sim=52.0s
epoch   29950  HO=0.0504  meanSteps=   128.7  copy=0.805  A(t)=361  sim=52.1s
epoch   30000  HO=0.0836  meanSteps=   128.8  copy=0.809  A(t)=361  sim=52.2s
epoch   30050  HO=0.0634  meanSteps=   128.8  copy=0.802  A(t)=361  sim=52.3s
epoch   30100  HO=0.0538  meanSteps=   128.9  copy=0.794  A(t)=361  sim=52.3s
epoch   30150  HO=0.0516  meanSteps=   128.7  copy=0.791  A(t)=361  sim=52.4s
epoch   30200  HO=0.0543  meanSteps=   128.8  copy=0.805  A(t)=361  sim=52.5s
epoch   30250  HO=0.0730  meanSteps=   128.7  copy=0.788  A(t)=361  sim=52.6s
epoch   30300  HO=0.1040  meanSteps=   130.6  copy=0.801  A(t)=361  sim=52.7s
epoch   30350  HO=0.0958  meanSteps=   128.7  copy=0.802  A(t)=361  sim=52.7s
epoch   30400  HO=0.0384  meanSteps=   128.7  copy=0.801  A(t)=361  sim=52.8s
epoch   30450  HO=0.1079  meanSteps=   129.3  copy=0.780  A(t)=361  sim=52.9s
epoch   30500  HO=0.1034  meanSteps=   128.6  copy=0.782  A(t)=361  sim=53.0s
epoch   30550  HO=0.1172  meanSteps=   128.5  copy=0.789  A(t)=361  sim=53.1s
epoch   30600  HO=0.0913  meanSteps=   128.6  copy=0.804  A(t)=361  sim=53.1s
epoch   30650  HO=0.0624  meanSteps=   128.7  copy=0.803  A(t)=361  sim=53.2s
epoch   30700  HO=0.0834  meanSteps=   128.6  copy=0.785  A(t)=361  sim=53.3s
epoch   30750  HO=0.0851  meanSteps=   128.4  copy=0.766  A(t)=361  sim=53.4s
epoch   30800  HO=0.1001  meanSteps=   128.0  copy=0.781  A(t)=361  sim=53.4s
epoch   30850  HO=0.0722  meanSteps=   140.1  copy=0.790  A(t)=361  sim=53.5s
epoch   30900  HO=0.0625  meanSteps=   128.3  copy=0.783  A(t)=361  sim=53.6s
epoch   30950  HO=0.0462  meanSteps=   128.3  copy=0.803  A(t)=361  sim=53.7s
epoch   31000  HO=0.0714  meanSteps=   128.2  copy=0.808  A(t)=361  sim=53.8s
epoch   31050  HO=0.0346  meanSteps=   128.3  copy=0.809  A(t)=361  sim=53.8s
epoch   31100  HO=0.0246  meanSteps=   128.5  copy=0.823  A(t)=361  sim=53.9s
epoch   31150  HO=0.0219  meanSteps=   128.4  copy=0.815  A(t)=361  sim=54.0s
epoch   31200  HO=0.0771  meanSteps=   128.5  copy=0.816  A(t)=361  sim=54.1s
epoch   31250  HO=0.0363  meanSteps=   128.7  copy=0.830  A(t)=361  sim=54.1s
epoch   31300  HO=0.0112  meanSteps=   128.8  copy=0.847  A(t)=361  sim=54.2s
epoch   31350  HO=0.0419  meanSteps=   129.0  copy=0.852  A(t)=361  sim=54.3s
epoch   31400  HO=0.0094  meanSteps=   129.2  copy=0.846  A(t)=361  sim=54.4s
epoch   31450  HO=0.0343  meanSteps=   129.0  copy=0.850  A(t)=361  sim=54.4s
epoch   31500  HO=0.0571  meanSteps=   138.3  copy=0.829  A(t)=361  sim=54.5s
epoch   31550  HO=0.0821  meanSteps=   146.1  copy=0.838  A(t)=361  sim=54.6s
epoch   31600  HO=0.0330  meanSteps=   128.8  copy=0.832  A(t)=361  sim=54.7s
epoch   31650  HO=0.0679  meanSteps=   128.7  copy=0.834  A(t)=361  sim=54.8s
epoch   31700  HO=0.0504  meanSteps=   128.6  copy=0.840  A(t)=361  sim=54.8s
epoch   31750  HO=0.0351  meanSteps=   128.5  copy=0.849  A(t)=361  sim=54.9s
epoch   31800  HO=0.0137  meanSteps=   128.5  copy=0.851  A(t)=361  sim=55.0s
epoch   31850  HO=0.0200  meanSteps=   128.5  copy=0.846  A(t)=361  sim=55.1s
epoch   31900  HO=-0.0161  meanSteps=   128.7  copy=0.835  A(t)=361  sim=55.1s
epoch   31950  HO=-0.0003  meanSteps=   128.8  copy=0.836  A(t)=361  sim=55.2s
epoch   32000  HO=0.0050  meanSteps=   128.9  copy=0.837  A(t)=361  sim=55.3s
epoch   32050  HO=0.0587  meanSteps=   128.9  copy=0.832  A(t)=361  sim=55.4s
epoch   32100  HO=0.0388  meanSteps=   128.9  copy=0.829  A(t)=361  sim=55.5s
epoch   32150  HO=-0.0078  meanSteps=   129.0  copy=0.847  A(t)=361  sim=55.5s
epoch   32200  HO=-0.0185  meanSteps=   128.9  copy=0.833  A(t)=361  sim=55.6s
epoch   32250  HO=0.0143  meanSteps=   129.0  copy=0.834  A(t)=361  sim=55.7s
epoch   32300  HO=0.0139  meanSteps=   129.0  copy=0.843  A(t)=361  sim=55.8s
epoch   32350  HO=0.0135  meanSteps=   128.8  copy=0.847  A(t)=362  sim=55.8s
epoch   32400  HO=-0.0343  meanSteps=   128.7  copy=0.856  A(t)=362  sim=55.9s
epoch   32450  HO=-0.0449  meanSteps=   128.7  copy=0.855  A(t)=362  sim=56.0s
epoch   32500  HO=-0.0383  meanSteps=   128.7  copy=0.840  A(t)=362  sim=56.1s
epoch   32550  HO=0.0504  meanSteps=   128.7  copy=0.830  A(t)=362  sim=56.1s
epoch   32600  HO=0.0539  meanSteps=   128.7  copy=0.824  A(t)=362  sim=56.2s
epoch   32650  HO=0.0266  meanSteps=   128.6  copy=0.817  A(t)=362  sim=56.3s
epoch   32700  HO=0.0027  meanSteps=   128.8  copy=0.812  A(t)=362  sim=56.4s
epoch   32750  HO=0.0089  meanSteps=   128.8  copy=0.840  A(t)=362  sim=56.4s
epoch   32800  HO=0.0324  meanSteps=   128.7  copy=0.846  A(t)=362  sim=56.5s
epoch   32850  HO=0.0539  meanSteps=   128.8  copy=0.846  A(t)=362  sim=56.6s
epoch   32900  HO=0.0181  meanSteps=   128.7  copy=0.850  A(t)=362  sim=56.7s
epoch   32950  HO=0.0044  meanSteps=   128.9  copy=0.869  A(t)=362  sim=56.7s
epoch   33000  HO=0.0028  meanSteps=   129.0  copy=0.883  A(t)=362  sim=56.8s
epoch   33050  HO=0.0337  meanSteps=   128.9  copy=0.907  A(t)=362  sim=56.9s
epoch   33100  HO=-0.0442  meanSteps=   129.2  copy=0.914  A(t)=362  sim=57.0s
epoch   33150  HO=0.0173  meanSteps=   128.8  copy=0.879  A(t)=362  sim=57.0s
epoch   33200  HO=0.0173  meanSteps=   128.8  copy=0.869  A(t)=362  sim=57.1s
epoch   33250  HO=0.0308  meanSteps=   129.0  copy=0.848  A(t)=362  sim=57.2s
epoch   33300  HO=0.0184  meanSteps=   128.9  copy=0.852  A(t)=362  sim=57.3s
epoch   33350  HO=0.0290  meanSteps=   128.9  copy=0.869  A(t)=362  sim=57.3s
epoch   33400  HO=-0.0098  meanSteps=   128.9  copy=0.850  A(t)=362  sim=57.4s
epoch   33450  HO=-0.0229  meanSteps=   128.9  copy=0.850  A(t)=362  sim=57.5s
epoch   33500  HO=0.0127  meanSteps=   128.8  copy=0.842  A(t)=362  sim=57.6s
epoch   33550  HO=-0.0148  meanSteps=   128.8  copy=0.851  A(t)=362  sim=57.6s
epoch   33600  HO=0.0278  meanSteps=   128.8  copy=0.862  A(t)=362  sim=57.7s
epoch   33650  HO=0.0141  meanSteps=   128.7  copy=0.854  A(t)=362  sim=57.8s
epoch   33700  HO=0.0558  meanSteps=   128.5  copy=0.832  A(t)=362  sim=57.9s
epoch   33750  HO=0.0022  meanSteps=   128.8  copy=0.818  A(t)=362  sim=57.9s
epoch   33800  HO=0.0205  meanSteps=   128.7  copy=0.821  A(t)=362  sim=58.0s
epoch   33850  HO=0.0248  meanSteps=   128.6  copy=0.825  A(t)=362  sim=58.1s
epoch   33900  HO=0.0359  meanSteps=   128.6  copy=0.825  A(t)=362  sim=58.2s
epoch   33950  HO=0.0783  meanSteps=   128.8  copy=0.829  A(t)=362  sim=58.2s
epoch   34000  HO=0.0526  meanSteps=   128.4  copy=0.800  A(t)=362  sim=58.3s
epoch   34050  HO=0.0762  meanSteps=   128.3  copy=0.804  A(t)=362  sim=58.4s
epoch   34100  HO=0.0718  meanSteps=   128.6  copy=0.824  A(t)=362  sim=58.5s
epoch   34150  HO=0.0716  meanSteps=   128.7  copy=0.823  A(t)=362  sim=58.6s
epoch   34200  HO=0.0028  meanSteps=   128.5  copy=0.829  A(t)=362  sim=58.6s
epoch   34250  HO=0.0570  meanSteps=   128.6  copy=0.846  A(t)=362  sim=58.7s
epoch   34300  HO=-0.0030  meanSteps=   128.7  copy=0.858  A(t)=362  sim=58.8s
epoch   34350  HO=-0.0376  meanSteps=   128.5  copy=0.874  A(t)=362  sim=58.9s
epoch   34400  HO=-0.0298  meanSteps=   128.7  copy=0.877  A(t)=362  sim=58.9s
epoch   34450  HO=-0.0507  meanSteps=   129.0  copy=0.860  A(t)=362  sim=59.0s
epoch   34500  HO=-0.0274  meanSteps=   129.0  copy=0.864  A(t)=362  sim=59.1s
epoch   34550  HO=-0.0849  meanSteps=   128.9  copy=0.868  A(t)=362  sim=59.2s
epoch   34600  HO=-0.0402  meanSteps=   128.7  copy=0.847  A(t)=362  sim=59.2s
epoch   34650  HO=-0.0707  meanSteps=   128.8  copy=0.842  A(t)=362  sim=59.3s
epoch   34700  HO=-0.0337  meanSteps=   128.7  copy=0.837  A(t)=362  sim=59.4s
epoch   34750  HO=-0.0394  meanSteps=   129.0  copy=0.844  A(t)=362  sim=59.5s
epoch   34800  HO=0.0022  meanSteps=   128.9  copy=0.843  A(t)=362  sim=59.5s
epoch   34850  HO=0.0127  meanSteps=   128.8  copy=0.836  A(t)=362  sim=59.6s
epoch   34900  HO=0.0206  meanSteps=   128.9  copy=0.851  A(t)=362  sim=59.7s
epoch   34950  HO=0.0090  meanSteps=   129.0  copy=0.832  A(t)=362  sim=59.8s
epoch   35000  HO=0.0215  meanSteps=   128.9  copy=0.843  A(t)=362  sim=59.9s
epoch   35050  HO=0.0127  meanSteps=   128.8  copy=0.850  A(t)=362  sim=59.9s
epoch   35100  HO=0.0426  meanSteps=   128.9  copy=0.869  A(t)=362  sim=60.0s
epoch   35150  HO=0.1023  meanSteps=   128.6  copy=0.856  A(t)=362  sim=60.1s
epoch   35200  HO=0.0951  meanSteps=   128.6  copy=0.857  A(t)=362  sim=60.2s
epoch   35250  HO=0.1010  meanSteps=   128.6  copy=0.844  A(t)=362  sim=60.2s
epoch   35300  HO=0.1024  meanSteps=   128.6  copy=0.849  A(t)=362  sim=60.3s
epoch   35350  HO=0.0812  meanSteps=   128.8  copy=0.851  A(t)=362  sim=60.4s
epoch   35400  HO=0.0649  meanSteps=   128.8  copy=0.842  A(t)=362  sim=60.5s
epoch   35450  HO=0.0881  meanSteps=   128.8  copy=0.829  A(t)=362  sim=60.6s
epoch   35500  HO=0.0473  meanSteps=   128.7  copy=0.829  A(t)=362  sim=60.6s
epoch   35550  HO=0.0160  meanSteps=   128.6  copy=0.835  A(t)=362  sim=60.7s
epoch   35600  HO=0.0252  meanSteps=   128.7  copy=0.833  A(t)=362  sim=60.8s
epoch   35650  HO=0.0466  meanSteps=   128.8  copy=0.830  A(t)=362  sim=60.9s
epoch   35700  HO=0.0021  meanSteps=   128.8  copy=0.840  A(t)=362  sim=60.9s
epoch   35750  HO=0.0585  meanSteps=   128.7  copy=0.853  A(t)=362  sim=61.0s
epoch   35800  HO=0.0393  meanSteps=   128.7  copy=0.839  A(t)=362  sim=61.1s
epoch   35850  HO=-0.0251  meanSteps=   128.6  copy=0.845  A(t)=362  sim=61.2s
epoch   35900  HO=0.0261  meanSteps=   131.7  copy=0.829  A(t)=362  sim=61.2s
epoch   35950  HO=0.0619  meanSteps=   128.9  copy=0.834  A(t)=362  sim=61.3s
epoch   36000  HO=0.0330  meanSteps=   128.8  copy=0.838  A(t)=362  sim=61.4s
epoch   36050  HO=-0.0050  meanSteps=   128.6  copy=0.842  A(t)=362  sim=61.5s
epoch   36100  HO=-0.0121  meanSteps=   128.6  copy=0.853  A(t)=362  sim=61.5s
epoch   36150  HO=-0.0098  meanSteps=   128.7  copy=0.854  A(t)=362  sim=61.6s
epoch   36200  HO=0.0313  meanSteps=   128.9  copy=0.861  A(t)=362  sim=61.7s
epoch   36250  HO=0.0569  meanSteps=   129.0  copy=0.869  A(t)=362  sim=61.8s
epoch   36300  HO=0.0880  meanSteps=   128.8  copy=0.843  A(t)=362  sim=61.8s
epoch   36350  HO=0.0512  meanSteps=   128.8  copy=0.833  A(t)=362  sim=61.9s
epoch   36400  HO=-0.0131  meanSteps=   129.0  copy=0.850  A(t)=362  sim=62.0s
epoch   36450  HO=-0.0206  meanSteps=   129.0  copy=0.854  A(t)=362  sim=62.1s
epoch   36500  HO=-0.0099  meanSteps=   129.0  copy=0.860  A(t)=362  sim=62.1s
epoch   36550  HO=0.0120  meanSteps=   129.0  copy=0.860  A(t)=362  sim=62.2s
epoch   36600  HO=0.0318  meanSteps=   128.9  copy=0.847  A(t)=362  sim=62.3s
epoch   36650  HO=0.0362  meanSteps=   128.9  copy=0.856  A(t)=362  sim=62.4s
epoch   36700  HO=0.0037  meanSteps=   128.8  copy=0.885  A(t)=362  sim=62.4s
epoch   36750  HO=-0.0043  meanSteps=   128.8  copy=0.870  A(t)=362  sim=62.5s
epoch   36800  HO=0.0419  meanSteps=   136.8  copy=0.850  A(t)=362  sim=62.6s
epoch   36850  HO=-0.0056  meanSteps=   129.3  copy=0.855  A(t)=362  sim=62.7s
epoch   36900  HO=-0.0362  meanSteps=   128.8  copy=0.849  A(t)=362  sim=62.8s
epoch   36950  HO=0.0052  meanSteps=   128.7  copy=0.846  A(t)=362  sim=62.8s
epoch   37000  HO=-0.0329  meanSteps=   128.7  copy=0.847  A(t)=362  sim=62.9s
epoch   37050  HO=-0.0399  meanSteps=   128.6  copy=0.846  A(t)=362  sim=63.0s
epoch   37100  HO=-0.0310  meanSteps=   128.4  copy=0.854  A(t)=362  sim=63.1s
epoch   37150  HO=0.0135  meanSteps=   128.7  copy=0.838  A(t)=362  sim=63.1s
epoch   37200  HO=-0.0262  meanSteps=   128.8  copy=0.832  A(t)=362  sim=63.2s
epoch   37250  HO=-0.0266  meanSteps=   128.7  copy=0.826  A(t)=362  sim=63.3s
epoch   37300  HO=0.0434  meanSteps=   128.5  copy=0.822  A(t)=362  sim=63.4s
epoch   37350  HO=0.0177  meanSteps=   128.6  copy=0.822  A(t)=362  sim=63.4s
epoch   37400  HO=-0.0278  meanSteps=   128.8  copy=0.848  A(t)=362  sim=63.5s
epoch   37450  HO=-0.0197  meanSteps=   129.3  copy=0.851  A(t)=362  sim=63.6s
epoch   37500  HO=0.0189  meanSteps=   128.8  copy=0.841  A(t)=362  sim=63.7s
epoch   37550  HO=0.0239  meanSteps=   128.6  copy=0.857  A(t)=362  sim=63.7s
epoch   37600  HO=0.0551  meanSteps=   128.7  copy=0.872  A(t)=362  sim=63.8s
epoch   37650  HO=0.0460  meanSteps=   128.7  copy=0.849  A(t)=362  sim=63.9s
epoch   37700  HO=0.0121  meanSteps=   128.8  copy=0.836  A(t)=362  sim=64.0s
epoch   37750  HO=-0.0730  meanSteps=   129.0  copy=0.827  A(t)=362  sim=64.0s
epoch   37800  HO=-0.0550  meanSteps=   128.8  copy=0.813  A(t)=362  sim=64.1s
epoch   37850  HO=-0.0542  meanSteps=   128.8  copy=0.830  A(t)=362  sim=64.2s
epoch   37900  HO=0.0028  meanSteps=   128.7  copy=0.847  A(t)=362  sim=64.3s
epoch   37950  HO=-0.0041  meanSteps=   128.6  copy=0.853  A(t)=362  sim=64.3s
epoch   38000  HO=-0.0562  meanSteps=   131.5  copy=0.853  A(t)=362  sim=64.4s
epoch   38050  HO=-0.0354  meanSteps=   131.7  copy=0.839  A(t)=362  sim=64.5s
epoch   38100  HO=-0.0312  meanSteps=   132.3  copy=0.819  A(t)=362  sim=64.6s
epoch   38150  HO=-0.0678  meanSteps=   130.9  copy=0.828  A(t)=362  sim=64.6s
epoch   38200  HO=0.0255  meanSteps=   128.7  copy=0.842  A(t)=362  sim=64.7s
epoch   38250  HO=0.0205  meanSteps=   128.7  copy=0.837  A(t)=362  sim=64.8s
epoch   38300  HO=0.0331  meanSteps=   129.0  copy=0.841  A(t)=362  sim=64.9s
epoch   38350  HO=-0.0019  meanSteps=   132.7  copy=0.824  A(t)=362  sim=64.9s
epoch   38400  HO=0.0113  meanSteps=   129.0  copy=0.802  A(t)=362  sim=65.0s
epoch   38450  HO=0.0069  meanSteps=   129.0  copy=0.811  A(t)=362  sim=65.1s
epoch   38500  HO=-0.0088  meanSteps=   128.9  copy=0.821  A(t)=362  sim=65.2s
epoch   38550  HO=0.0307  meanSteps=   128.9  copy=0.830  A(t)=362  sim=65.2s
epoch   38600  HO=0.0218  meanSteps=   128.9  copy=0.826  A(t)=362  sim=65.3s
epoch   38650  HO=0.0854  meanSteps=   128.9  copy=0.821  A(t)=362  sim=65.4s
epoch   38700  HO=0.0523  meanSteps=   128.8  copy=0.831  A(t)=362  sim=65.5s
epoch   38750  HO=0.0694  meanSteps=   128.7  copy=0.827  A(t)=362  sim=65.6s
epoch   38800  HO=0.0987  meanSteps=   128.8  copy=0.827  A(t)=362  sim=65.6s
epoch   38850  HO=0.0799  meanSteps=   128.7  copy=0.815  A(t)=362  sim=65.7s
epoch   38900  HO=0.0764  meanSteps=   128.7  copy=0.842  A(t)=362  sim=65.8s
epoch   38950  HO=0.0536  meanSteps=   129.0  copy=0.867  A(t)=362  sim=65.9s
epoch   39000  HO=0.0893  meanSteps=   135.7  copy=0.870  A(t)=362  sim=65.9s
epoch   39050  HO=0.1338  meanSteps=   128.6  copy=0.871  A(t)=362  sim=66.0s
epoch   39100  HO=0.0954  meanSteps=   128.6  copy=0.856  A(t)=362  sim=66.1s
epoch   39150  HO=0.0993  meanSteps=   131.6  copy=0.854  A(t)=362  sim=66.2s
epoch   39200  HO=0.0693  meanSteps=   132.3  copy=0.841  A(t)=362  sim=66.3s
epoch   39250  HO=0.1255  meanSteps=   131.0  copy=0.831  A(t)=362  sim=66.3s
epoch   39300  HO=0.1498  meanSteps=   128.6  copy=0.851  A(t)=362  sim=66.4s
epoch   39350  HO=0.0985  meanSteps=   129.0  copy=0.845  A(t)=362  sim=66.5s
epoch   39400  HO=0.0330  meanSteps=   129.0  copy=0.848  A(t)=362  sim=66.6s
epoch   39450  HO=0.0182  meanSteps=   129.0  copy=0.843  A(t)=362  sim=66.6s
epoch   39500  HO=-0.0098  meanSteps=   128.8  copy=0.844  A(t)=362  sim=66.7s
epoch   39550  HO=-0.0052  meanSteps=   128.6  copy=0.861  A(t)=362  sim=66.8s
epoch   39600  HO=-0.0201  meanSteps=   128.9  copy=0.845  A(t)=362  sim=66.9s
epoch   39650  HO=-0.0020  meanSteps=   128.7  copy=0.820  A(t)=362  sim=66.9s
epoch   39700  HO=-0.0094  meanSteps=   128.8  copy=0.835  A(t)=362  sim=67.0s
epoch   39750  HO=0.0149  meanSteps=   128.8  copy=0.812  A(t)=362  sim=67.1s
epoch   39800  HO=0.0270  meanSteps=   128.8  copy=0.796  A(t)=362  sim=67.2s
epoch   39850  HO=0.0373  meanSteps=   128.6  copy=0.791  A(t)=362  sim=67.2s
epoch   39900  HO=0.0559  meanSteps=   128.7  copy=0.799  A(t)=362  sim=67.3s
epoch   39950  HO=0.1015  meanSteps=   128.5  copy=0.806  A(t)=362  sim=67.4s
epoch   40000  HO=0.0494  meanSteps=   128.8  copy=0.816  A(t)=362  sim=67.5s
epoch   40050  HO=0.0938  meanSteps=   128.8  copy=0.820  A(t)=362  sim=67.5s
epoch   40100  HO=0.1387  meanSteps=   128.9  copy=0.824  A(t)=362  sim=67.6s
epoch   40150  HO=0.1028  meanSteps=   128.9  copy=0.825  A(t)=362  sim=67.7s
epoch   40200  HO=0.0632  meanSteps=   128.9  copy=0.837  A(t)=362  sim=67.8s
epoch   40250  HO=0.0877  meanSteps=   128.7  copy=0.833  A(t)=362  sim=67.8s
epoch   40300  HO=0.0504  meanSteps=   128.6  copy=0.826  A(t)=362  sim=67.9s
epoch   40350  HO=0.1334  meanSteps=   128.7  copy=0.825  A(t)=362  sim=68.0s
epoch   40400  HO=0.0866  meanSteps=   128.6  copy=0.816  A(t)=362  sim=68.1s
epoch   40450  HO=0.0454  meanSteps=   128.6  copy=0.798  A(t)=362  sim=68.2s
epoch   40500  HO=0.0504  meanSteps=   128.7  copy=0.813  A(t)=362  sim=68.2s
epoch   40550  HO=0.0685  meanSteps=   128.4  copy=0.820  A(t)=362  sim=68.3s
epoch   40600  HO=0.0743  meanSteps=   128.4  copy=0.814  A(t)=362  sim=68.4s
epoch   40650  HO=0.0630  meanSteps=   128.4  copy=0.803  A(t)=362  sim=68.5s
epoch   40700  HO=0.0176  meanSteps=   128.5  copy=0.796  A(t)=362  sim=68.5s
epoch   40750  HO=0.0130  meanSteps=   128.5  copy=0.801  A(t)=362  sim=68.6s
epoch   40800  HO=0.0491  meanSteps=   128.3  copy=0.804  A(t)=362  sim=68.7s
epoch   40850  HO=0.0148  meanSteps=   128.4  copy=0.805  A(t)=362  sim=68.8s
epoch   40900  HO=0.0487  meanSteps=   128.7  copy=0.821  A(t)=362  sim=68.8s
epoch   40950  HO=0.0579  meanSteps=   128.8  copy=0.815  A(t)=362  sim=68.9s
epoch   41000  HO=0.0192  meanSteps=   129.4  copy=0.828  A(t)=362  sim=69.0s
epoch   41050  HO=0.0049  meanSteps=   132.7  copy=0.812  A(t)=362  sim=69.1s
epoch   41100  HO=0.0112  meanSteps=   128.9  copy=0.825  A(t)=362  sim=69.2s
epoch   41150  HO=0.0050  meanSteps=   128.6  copy=0.833  A(t)=362  sim=69.2s
epoch   41200  HO=0.0062  meanSteps=   128.7  copy=0.837  A(t)=362  sim=69.3s
epoch   41250  HO=-0.0006  meanSteps=   129.0  copy=0.803  A(t)=362  sim=69.4s
epoch   41300  HO=-0.0043  meanSteps=   128.9  copy=0.788  A(t)=362  sim=69.5s
epoch   41350  HO=0.0040  meanSteps=   128.7  copy=0.802  A(t)=362  sim=69.5s
epoch   41400  HO=0.0592  meanSteps=   128.6  copy=0.802  A(t)=362  sim=69.6s
epoch   41450  HO=0.0471  meanSteps=   128.9  copy=0.785  A(t)=362  sim=69.7s
epoch   41500  HO=0.0446  meanSteps=   128.5  copy=0.787  A(t)=362  sim=69.8s
epoch   41550  HO=0.0092  meanSteps=   128.4  copy=0.778  A(t)=362  sim=69.9s
epoch   41600  HO=-0.0216  meanSteps=   128.6  copy=0.772  A(t)=362  sim=69.9s
epoch   41650  HO=-0.0207  meanSteps=   128.6  copy=0.785  A(t)=362  sim=70.0s
epoch   41700  HO=-0.0122  meanSteps=   128.7  copy=0.793  A(t)=362  sim=70.1s
epoch   41750  HO=0.0485  meanSteps=   128.4  copy=0.784  A(t)=362  sim=70.2s
epoch   41800  HO=-0.0057  meanSteps=   128.5  copy=0.777  A(t)=362  sim=70.2s
epoch   41850  HO=0.0239  meanSteps=   128.5  copy=0.784  A(t)=362  sim=70.3s
epoch   41900  HO=0.0649  meanSteps=   128.7  copy=0.792  A(t)=362  sim=70.4s
epoch   41950  HO=0.0441  meanSteps=   128.9  copy=0.803  A(t)=362  sim=70.5s
epoch   42000  HO=0.0365  meanSteps=   132.4  copy=0.802  A(t)=362  sim=70.5s
epoch   42050  HO=0.0315  meanSteps=   140.7  copy=0.817  A(t)=362  sim=70.6s
epoch   42100  HO=0.0084  meanSteps=   128.7  copy=0.820  A(t)=362  sim=70.7s
epoch   42150  HO=0.0341  meanSteps=   128.6  copy=0.820  A(t)=362  sim=70.8s
epoch   42200  HO=0.0191  meanSteps=   128.7  copy=0.832  A(t)=362  sim=70.8s
epoch   42250  HO=0.0008  meanSteps=   128.8  copy=0.825  A(t)=362  sim=70.9s
epoch   42300  HO=-0.0122  meanSteps=   128.9  copy=0.857  A(t)=362  sim=71.0s
epoch   42350  HO=-0.0355  meanSteps=   129.0  copy=0.850  A(t)=362  sim=71.1s
epoch   42400  HO=-0.0378  meanSteps=   129.0  copy=0.846  A(t)=362  sim=71.1s
epoch   42450  HO=0.0084  meanSteps=   128.8  copy=0.858  A(t)=362  sim=71.2s
epoch   42500  HO=-0.0177  meanSteps=   128.5  copy=0.860  A(t)=362  sim=71.3s
epoch   42550  HO=-0.0244  meanSteps=   128.4  copy=0.849  A(t)=362  sim=71.4s
epoch   42600  HO=0.0145  meanSteps=   128.6  copy=0.864  A(t)=362  sim=71.4s
epoch   42650  HO=0.0091  meanSteps=   128.8  copy=0.850  A(t)=362  sim=71.5s
epoch   42700  HO=0.0181  meanSteps=   128.8  copy=0.852  A(t)=362  sim=71.6s
epoch   42750  HO=0.0326  meanSteps=   128.9  copy=0.844  A(t)=362  sim=71.7s
epoch   42800  HO=0.0426  meanSteps=   128.8  copy=0.844  A(t)=362  sim=71.7s
epoch   42850  HO=0.0374  meanSteps=   128.9  copy=0.835  A(t)=362  sim=71.8s
epoch   42900  HO=0.0335  meanSteps=   128.8  copy=0.845  A(t)=362  sim=71.9s
epoch   42950  HO=0.0424  meanSteps=   129.9  copy=0.838  A(t)=362  sim=72.0s
epoch   43000  HO=0.0512  meanSteps=   128.7  copy=0.850  A(t)=362  sim=72.1s
epoch   43050  HO=0.0687  meanSteps=   128.7  copy=0.844  A(t)=362  sim=72.1s
epoch   43100  HO=0.0772  meanSteps=   128.7  copy=0.857  A(t)=362  sim=72.2s
epoch   43150  HO=0.0254  meanSteps=   129.6  copy=0.838  A(t)=362  sim=72.3s
epoch   43200  HO=0.0520  meanSteps=   146.9  copy=0.841  A(t)=362  sim=72.4s
epoch   43250  HO=-0.0094  meanSteps=   146.9  copy=0.838  A(t)=362  sim=72.4s
epoch   43300  HO=0.0299  meanSteps=   144.0  copy=0.846  A(t)=362  sim=72.5s
epoch   43350  HO=0.0474  meanSteps=   129.1  copy=0.868  A(t)=362  sim=72.6s
epoch   43400  HO=0.0175  meanSteps=   128.8  copy=0.871  A(t)=362  sim=72.7s
epoch   43450  HO=0.0347  meanSteps=   128.8  copy=0.879  A(t)=362  sim=72.7s
epoch   43500  HO=-0.0191  meanSteps=   128.8  copy=0.886  A(t)=362  sim=72.8s
epoch   43550  HO=0.0292  meanSteps=   128.8  copy=0.874  A(t)=362  sim=72.9s
epoch   43600  HO=0.0347  meanSteps=   128.7  copy=0.869  A(t)=362  sim=73.0s
epoch   43650  HO=0.0672  meanSteps=   128.6  copy=0.862  A(t)=362  sim=73.0s
epoch   43700  HO=0.0575  meanSteps=   128.5  copy=0.857  A(t)=362  sim=73.1s
epoch   43750  HO=0.0387  meanSteps=   128.5  copy=0.839  A(t)=362  sim=73.2s
epoch   43800  HO=0.0678  meanSteps=   128.5  copy=0.834  A(t)=362  sim=73.3s
epoch   43850  HO=0.0476  meanSteps=   128.9  copy=0.842  A(t)=362  sim=73.4s
epoch   43900  HO=0.0888  meanSteps=   128.8  copy=0.854  A(t)=362  sim=73.4s
epoch   43950  HO=0.0392  meanSteps=   128.9  copy=0.841  A(t)=362  sim=73.5s
epoch   44000  HO=0.0770  meanSteps=   128.8  copy=0.839  A(t)=362  sim=73.6s
epoch   44050  HO=0.0687  meanSteps=   128.7  copy=0.819  A(t)=362  sim=73.7s
epoch   44100  HO=0.0774  meanSteps=   128.8  copy=0.833  A(t)=362  sim=73.7s
epoch   44150  HO=0.0228  meanSteps=   128.8  copy=0.826  A(t)=362  sim=73.8s
epoch   44200  HO=0.0299  meanSteps=   128.6  copy=0.832  A(t)=362  sim=73.9s
epoch   44250  HO=0.0166  meanSteps=   129.0  copy=0.841  A(t)=362  sim=74.0s
epoch   44300  HO=0.0240  meanSteps=   129.0  copy=0.851  A(t)=362  sim=74.0s
epoch   44350  HO=-0.0171  meanSteps=   129.0  copy=0.854  A(t)=362  sim=74.1s
epoch   44400  HO=0.0115  meanSteps=   128.9  copy=0.856  A(t)=362  sim=74.2s
epoch   44450  HO=0.0448  meanSteps=   129.0  copy=0.841  A(t)=362  sim=74.3s
epoch   44500  HO=0.0328  meanSteps=   129.0  copy=0.842  A(t)=362  sim=74.3s
epoch   44550  HO=0.0648  meanSteps=   128.8  copy=0.824  A(t)=362  sim=74.4s
epoch   44600  HO=0.0602  meanSteps=   128.6  copy=0.806  A(t)=362  sim=74.5s
epoch   44650  HO=0.0125  meanSteps=   128.8  copy=0.822  A(t)=362  sim=74.6s
epoch   44700  HO=0.0097  meanSteps=   128.9  copy=0.827  A(t)=362  sim=74.6s
epoch   44750  HO=-0.0202  meanSteps=   128.8  copy=0.819  A(t)=362  sim=74.7s
epoch   44800  HO=0.0127  meanSteps=   128.6  copy=0.838  A(t)=362  sim=74.8s
epoch   44850  HO=-0.0050  meanSteps=   136.4  copy=0.845  A(t)=362  sim=74.9s
epoch   44900  HO=-0.0404  meanSteps=   134.4  copy=0.865  A(t)=362  sim=75.0s
epoch   44950  HO=0.0091  meanSteps=   128.6  copy=0.871  A(t)=362  sim=75.0s
epoch   45000  HO=-0.0115  meanSteps=   128.8  copy=0.869  A(t)=362  sim=75.1s
epoch   45050  HO=-0.0340  meanSteps=   128.9  copy=0.874  A(t)=362  sim=75.2s
epoch   45100  HO=-0.0137  meanSteps=   128.7  copy=0.851  A(t)=362  sim=75.3s
epoch   45150  HO=0.0327  meanSteps=   128.9  copy=0.852  A(t)=362  sim=75.3s
epoch   45200  HO=0.0098  meanSteps=   128.7  copy=0.831  A(t)=362  sim=75.4s
epoch   45250  HO=0.0368  meanSteps=   128.5  copy=0.827  A(t)=362  sim=75.5s
epoch   45300  HO=0.0396  meanSteps=   129.0  copy=0.830  A(t)=362  sim=75.6s
epoch   45350  HO=0.0494  meanSteps=   128.9  copy=0.840  A(t)=362  sim=75.6s
epoch   45400  HO=0.0488  meanSteps=   128.9  copy=0.854  A(t)=362  sim=75.7s
epoch   45450  HO=0.0915  meanSteps=   129.0  copy=0.852  A(t)=362  sim=75.8s
epoch   45500  HO=0.0168  meanSteps=   128.8  copy=0.841  A(t)=362  sim=75.9s
epoch   45550  HO=0.0355  meanSteps=   128.9  copy=0.834  A(t)=362  sim=76.0s
epoch   45600  HO=-0.0010  meanSteps=   131.5  copy=0.835  A(t)=362  sim=76.0s
epoch   45650  HO=-0.0148  meanSteps=   128.6  copy=0.833  A(t)=362  sim=76.1s
epoch   45700  HO=-0.0295  meanSteps=   128.8  copy=0.825  A(t)=362  sim=76.2s
epoch   45750  HO=-0.0285  meanSteps=   128.8  copy=0.844  A(t)=362  sim=76.3s
epoch   45800  HO=-0.0486  meanSteps=   128.8  copy=0.867  A(t)=362  sim=76.3s
epoch   45850  HO=-0.0454  meanSteps=   128.7  copy=0.868  A(t)=362  sim=76.4s
epoch   45900  HO=-0.0317  meanSteps=   128.7  copy=0.861  A(t)=362  sim=76.5s
epoch   45950  HO=-0.0227  meanSteps=   128.8  copy=0.869  A(t)=362  sim=76.6s
epoch   46000  HO=-0.0011  meanSteps=   128.8  copy=0.867  A(t)=362  sim=76.7s
epoch   46050  HO=0.0060  meanSteps=   128.8  copy=0.862  A(t)=362  sim=76.7s
epoch   46100  HO=0.0240  meanSteps=   128.9  copy=0.857  A(t)=362  sim=76.8s
epoch   46150  HO=0.0325  meanSteps=   129.0  copy=0.854  A(t)=362  sim=76.9s
epoch   46200  HO=0.0267  meanSteps=   128.9  copy=0.874  A(t)=362  sim=77.0s
epoch   46250  HO=0.0433  meanSteps=   128.8  copy=0.871  A(t)=362  sim=77.1s
epoch   46300  HO=0.0023  meanSteps=   129.0  copy=0.874  A(t)=362  sim=77.1s
epoch   46350  HO=-0.0141  meanSteps=   128.9  copy=0.857  A(t)=362  sim=77.2s
epoch   46400  HO=-0.0023  meanSteps=   128.8  copy=0.856  A(t)=362  sim=77.3s
epoch   46450  HO=-0.0155  meanSteps=   128.8  copy=0.839  A(t)=362  sim=77.4s
epoch   46500  HO=0.0225  meanSteps=   128.9  copy=0.848  A(t)=362  sim=77.4s
epoch   46550  HO=0.0003  meanSteps=   128.9  copy=0.871  A(t)=362  sim=77.5s
epoch   46600  HO=0.0538  meanSteps=   129.0  copy=0.869  A(t)=362  sim=77.6s
epoch   46650  HO=0.0598  meanSteps=   128.8  copy=0.876  A(t)=362  sim=77.7s
epoch   46700  HO=0.0856  meanSteps=   128.8  copy=0.869  A(t)=362  sim=77.7s
epoch   46750  HO=0.0283  meanSteps=   128.8  copy=0.841  A(t)=362  sim=77.8s
epoch   46800  HO=0.0544  meanSteps=   128.9  copy=0.837  A(t)=362  sim=77.9s
epoch   46850  HO=0.0056  meanSteps=   128.8  copy=0.838  A(t)=362  sim=78.0s
epoch   46900  HO=0.0796  meanSteps=   128.8  copy=0.833  A(t)=362  sim=78.0s
epoch   46950  HO=0.0900  meanSteps=   128.8  copy=0.840  A(t)=362  sim=78.1s
epoch   47000  HO=0.0182  meanSteps=   128.8  copy=0.831  A(t)=362  sim=78.2s
epoch   47050  HO=0.0382  meanSteps=   128.8  copy=0.832  A(t)=362  sim=78.3s
epoch   47100  HO=0.0804  meanSteps=   128.9  copy=0.809  A(t)=362  sim=78.4s
epoch   47150  HO=0.0174  meanSteps=   128.7  copy=0.826  A(t)=362  sim=78.4s
epoch   47200  HO=0.0233  meanSteps=   129.0  copy=0.850  A(t)=362  sim=78.5s
epoch   47250  HO=-0.0060  meanSteps=   128.9  copy=0.851  A(t)=362  sim=78.6s
epoch   47300  HO=-0.0141  meanSteps=   128.8  copy=0.850  A(t)=362  sim=78.7s
epoch   47350  HO=0.0347  meanSteps=   128.9  copy=0.859  A(t)=362  sim=78.7s
epoch   47400  HO=0.0388  meanSteps=   128.9  copy=0.855  A(t)=362  sim=78.8s
epoch   47450  HO=0.0085  meanSteps=   128.8  copy=0.866  A(t)=362  sim=78.9s
epoch   47500  HO=-0.0351  meanSteps=   128.9  copy=0.873  A(t)=362  sim=79.0s
epoch   47550  HO=0.0413  meanSteps=   128.9  copy=0.857  A(t)=362  sim=79.0s
epoch   47600  HO=0.0074  meanSteps=   132.0  copy=0.858  A(t)=362  sim=79.1s
epoch   47650  HO=0.0512  meanSteps=   128.6  copy=0.847  A(t)=362  sim=79.2s
epoch   47700  HO=0.0762  meanSteps=   128.7  copy=0.848  A(t)=362  sim=79.3s
epoch   47750  HO=-0.0239  meanSteps=   128.8  copy=0.863  A(t)=362  sim=79.3s
epoch   47800  HO=-0.0234  meanSteps=   128.8  copy=0.852  A(t)=362  sim=79.4s
epoch   47850  HO=-0.0553  meanSteps=   128.8  copy=0.850  A(t)=362  sim=79.5s
epoch   47900  HO=-0.0073  meanSteps=   128.8  copy=0.838  A(t)=362  sim=79.6s
epoch   47950  HO=0.0448  meanSteps=   128.9  copy=0.847  A(t)=362  sim=79.7s
epoch   48000  HO=0.0423  meanSteps=   128.8  copy=0.863  A(t)=362  sim=79.7s
epoch   48050  HO=0.0233  meanSteps=   128.8  copy=0.863  A(t)=362  sim=79.8s
epoch   48100  HO=0.0435  meanSteps=   128.9  copy=0.861  A(t)=362  sim=79.9s
epoch   48150  HO=0.0183  meanSteps=   134.1  copy=0.845  A(t)=362  sim=80.0s
epoch   48200  HO=0.0171  meanSteps=   133.0  copy=0.861  A(t)=362  sim=80.0s
epoch   48250  HO=0.0714  meanSteps=   129.0  copy=0.845  A(t)=362  sim=80.1s
epoch   48300  HO=0.0873  meanSteps=   129.2  copy=0.848  A(t)=362  sim=80.2s
epoch   48350  HO=0.0216  meanSteps=   128.8  copy=0.853  A(t)=362  sim=80.3s
epoch   48400  HO=0.0575  meanSteps=   128.6  copy=0.856  A(t)=362  sim=80.3s
epoch   48450  HO=0.0018  meanSteps=   128.8  copy=0.862  A(t)=362  sim=80.4s
epoch   48500  HO=0.0523  meanSteps=   128.7  copy=0.846  A(t)=362  sim=80.5s
epoch   48550  HO=-0.0056  meanSteps=   128.6  copy=0.845  A(t)=362  sim=80.6s
epoch   48600  HO=0.0027  meanSteps=   132.5  copy=0.850  A(t)=362  sim=80.6s
epoch   48650  HO=-0.0045  meanSteps=   129.0  copy=0.835  A(t)=362  sim=80.7s
epoch   48700  HO=0.0050  meanSteps=   129.0  copy=0.840  A(t)=362  sim=80.8s
epoch   48750  HO=0.0060  meanSteps=   134.0  copy=0.850  A(t)=362  sim=80.9s
epoch   48800  HO=-0.0048  meanSteps=   144.3  copy=0.822  A(t)=362  sim=81.0s
epoch   48850  HO=0.0651  meanSteps=   143.8  copy=0.824  A(t)=362  sim=81.0s
epoch   48900  HO=0.0916  meanSteps=   144.4  copy=0.852  A(t)=362  sim=81.1s
epoch   48950  HO=0.0555  meanSteps=   133.2  copy=0.869  A(t)=362  sim=81.2s
epoch   49000  HO=0.0575  meanSteps=   129.0  copy=0.876  A(t)=362  sim=81.3s
epoch   49050  HO=0.0298  meanSteps=   129.0  copy=0.894  A(t)=362  sim=81.4s
epoch   49100  HO=0.0305  meanSteps=   128.8  copy=0.884  A(t)=362  sim=81.4s
epoch   49150  HO=0.0009  meanSteps=   128.8  copy=0.871  A(t)=362  sim=81.5s
epoch   49200  HO=-0.0398  meanSteps=   141.9  copy=0.862  A(t)=362  sim=81.6s
epoch   49250  HO=-0.0504  meanSteps=   132.2  copy=0.864  A(t)=362  sim=81.7s
epoch   49300  HO=-0.0589  meanSteps=   128.8  copy=0.866  A(t)=362  sim=81.8s
epoch   49350  HO=-0.0694  meanSteps=   128.9  copy=0.871  A(t)=362  sim=81.8s
epoch   49400  HO=0.0071  meanSteps=   128.9  copy=0.874  A(t)=362  sim=81.9s
epoch   49450  HO=-0.0282  meanSteps=   128.7  copy=0.857  A(t)=362  sim=82.0s
epoch   49500  HO=0.0451  meanSteps=   128.8  copy=0.846  A(t)=362  sim=82.1s
epoch   49550  HO=0.0535  meanSteps=   128.8  copy=0.833  A(t)=362  sim=82.1s
epoch   49600  HO=0.0689  meanSteps=   128.7  copy=0.822  A(t)=362  sim=82.2s
epoch   49650  HO=0.0949  meanSteps=   143.0  copy=0.817  A(t)=362  sim=82.3s
epoch   49700  HO=0.0791  meanSteps=   146.2  copy=0.819  A(t)=362  sim=82.4s
epoch   49750  HO=0.0345  meanSteps=   147.7  copy=0.838  A(t)=362  sim=82.4s
epoch   49800  HO=0.0906  meanSteps=   143.3  copy=0.833  A(t)=362  sim=82.5s
epoch   49850  HO=0.0522  meanSteps=   142.1  copy=0.817  A(t)=362  sim=82.6s
epoch   49900  HO=0.0151  meanSteps=   144.2  copy=0.813  A(t)=362  sim=82.7s
epoch   49950  HO=0.0626  meanSteps=   130.3  copy=0.831  A(t)=362  sim=82.8s
epoch   50000  HO=0.0145  meanSteps=   128.8  copy=0.839  A(t)=362  sim=82.8s
done: 50000 epochs in 138.8s wall (82.8s simulating), runs/ringv_ctrl_s3
