epoch       0  HO=-0.0064  meanSteps=     0.0  copy=0.000  A(t)=0  sim=0.0s
epoch      50  HO=0.1653  meanSteps=  1241.0  copy=0.546  A(t)=0  sim=0.2s
epoch     100  HO=0.3061  meanSteps=  1323.4  copy=0.590  A(t)=0  sim=0.3s
epoch     150  HO=0.3857  meanSteps=  1249.4  copy=0.609  A(t)=0  sim=0.5s
epoch     200  HO=0.4780  meanSteps=  1206.9  copy=0.621  A(t)=0  sim=0.7s
epoch     250  HO=0.5766  meanSteps=  1093.6  copy=0.629  A(t)=10  sim=0.8s
epoch     300  HO=0.6098  meanSteps=  1082.8  copy=0.624  A(t)=13  sim=1.0s
epoch     350  HO=0.6565  meanSteps=  1070.4  copy=0.620  A(t)=14  sim=1.1s
epoch     400  HO=0.6928  meanSteps=  1140.8  copy=0.614  A(t)=14  sim=1.3s
epoch     450  HO=0.7389  meanSteps=  1161.1  copy=0.617  A(t)=17  sim=1.5s
epoch     500  HO=0.7709  meanSteps=  1153.8  copy=0.619  A(t)=20  sim=1.6s
epoch     550  HO=0.7925  meanSteps=  1182.9  copy=0.616  A(t)=20  sim=1.8s
epoch     600  HO=0.8381  meanSteps=  1164.0  copy=0.612  A(t)=22  sim=2.0s
epoch     650  HO=0.8621  meanSteps=  1181.6  copy=0.602  A(t)=26  sim=2.1s
epoch     700  HO=0.9205  meanSteps=  1133.7  copy=0.599  A(t)=28  sim=2.3s
epoch     750  HO=0.9692  meanSteps=  1126.2  copy=0.598  A(t)=30  sim=2.5s
epoch     800  HO=0.9619  meanSteps=  1084.1  copy=0.601  A(t)=33  sim=2.6s
epoch     850  HO=1.0161  meanSteps=  1071.9  copy=0.600  A(t)=35  sim=2.8s
epoch     900  HO=1.0221  meanSteps=  1035.2  copy=0.601  A(t)=44  sim=2.9s
epoch     950  HO=1.0839  meanSteps=  1015.2  copy=0.604  A(t)=53  sim=3.1s
epoch    1000  HO=1.1166  meanSteps=   975.8  copy=0.607  A(t)=57  sim=3.2s
epoch    1050  HO=1.1153  meanSteps=   996.7  copy=0.607  A(t)=70  sim=3.4s
epoch    1100  HO=1.1286  meanSteps=  1006.8  copy=0.620  A(t)=75  sim=3.5s
epoch    1150  HO=1.1496  meanSteps=   963.7  copy=0.615  A(t)=82  sim=3.7s
epoch    1200  HO=1.1650  meanSteps=   949.2  copy=0.617  A(t)=93  sim=3.8s
epoch    1250  HO=1.1708  meanSteps=   908.1  copy=0.620  A(t)=97  sim=4.0s
epoch    1300  HO=1.1478  meanSteps=   933.4  copy=0.623  A(t)=103  sim=4.1s
epoch    1350  HO=1.1089  meanSteps=   884.6  copy=0.629  A(t)=109  sim=4.3s
epoch    1400  HO=1.1155  meanSteps=   873.2  copy=0.628  A(t)=113  sim=4.4s
epoch    1450  HO=1.1197  meanSteps=   879.6  copy=0.641  A(t)=117  sim=4.5s
epoch    1500  HO=1.1304  meanSteps=   860.2  copy=0.664  A(t)=134  sim=4.7s
epoch    1550  HO=1.1693  meanSteps=   786.9  copy=0.658  A(t)=157  sim=4.8s
epoch    1600  HO=1.1685  meanSteps=   759.1  copy=0.653  A(t)=174  sim=5.0s
epoch    1650  HO=1.1543  meanSteps=   723.1  copy=0.660  A(t)=188  sim=5.1s
epoch    1700  HO=1.1225  meanSteps=   636.8  copy=0.667  A(t)=207  sim=5.2s
epoch    1750  HO=1.1053  meanSteps=   602.7  copy=0.667  A(t)=223  sim=5.3s
epoch    1800  HO=1.0689  meanSteps=   588.5  copy=0.682  A(t)=237  sim=5.5s
epoch    1850  HO=1.0669  meanSteps=   559.1  copy=0.691  A(t)=246  sim=5.6s
epoch    1900  HO=1.0769  meanSteps=   527.4  copy=0.701  A(t)=254  sim=5.7s
epoch    1950  HO=0.9836  meanSteps=   504.7  copy=0.693  A(t)=274  sim=5.8s
epoch    2000  HO=0.9298  meanSteps=   445.6  copy=0.711  A(t)=288  sim=5.9s
epoch    2050  HO=0.8669  meanSteps=   398.7  copy=0.713  A(t)=308  sim=6.0s
epoch    2100  HO=0.8345  meanSteps=   403.6  copy=0.728  A(t)=331  sim=6.1s
epoch    2150  HO=0.8301  meanSteps=   397.0  copy=0.751  A(t)=337  sim=6.2s
epoch    2200  HO=0.7934  meanSteps=   395.5  copy=0.767  A(t)=354  sim=6.3s
epoch    2250  HO=0.7351  meanSteps=   377.8  copy=0.781  A(t)=380  sim=6.4s
epoch    2300  HO=0.7267  meanSteps=   351.9  copy=0.790  A(t)=386  sim=6.5s
epoch    2350  HO=0.6638  meanSteps=   310.8  copy=0.786  A(t)=387  sim=6.5s
epoch    2400  HO=0.6421  meanSteps=   322.3  copy=0.772  A(t)=389  sim=6.6s
epoch    2450  HO=0.6743  meanSteps=   322.1  copy=0.789  A(t)=391  sim=6.7s
epoch    2500  HO=0.6845  meanSteps=   287.4  copy=0.797  A(t)=394  sim=6.8s
epoch    2550  HO=0.5699  meanSteps=   243.0  copy=0.796  A(t)=394  sim=6.9s
epoch    2600  HO=0.5325  meanSteps=   244.7  copy=0.823  A(t)=394  sim=7.0s
epoch    2650  HO=0.4861  meanSteps=   214.5  copy=0.830  A(t)=394  sim=7.0s
epoch    2700  HO=0.4527  meanSteps=   211.7  copy=0.817  A(t)=394  sim=7.1s
epoch    2750  HO=0.4455  meanSteps=   214.4  copy=0.798  A(t)=394  sim=7.2s
epoch    2800  HO=0.3876  meanSteps=   210.2  copy=0.803  A(t)=400  sim=7.3s
epoch    2850  HO=0.4072  meanSteps=   205.7  copy=0.787  A(t)=400  sim=7.3s
epoch    2900  HO=0.3925  meanSteps=   201.2  copy=0.780  A(t)=403  sim=7.4s
epoch    2950  HO=0.3808  meanSteps=   200.5  copy=0.817  A(t)=413  sim=7.5s
epoch    3000  HO=0.3461  meanSteps=   218.3  copy=0.814  A(t)=418  sim=7.6s
epoch    3050  HO=0.3597  meanSteps=   217.1  copy=0.794  A(t)=418  sim=7.7s
epoch    3100  HO=0.3023  meanSteps=   182.9  copy=0.784  A(t)=425  sim=7.7s
epoch    3150  HO=0.2983  meanSteps=   167.7  copy=0.796  A(t)=426  sim=7.8s
epoch    3200  HO=0.2383  meanSteps=   161.8  copy=0.787  A(t)=441  sim=7.9s
epoch    3250  HO=0.2427  meanSteps=   156.5  copy=0.797  A(t)=444  sim=8.0s
epoch    3300  HO=0.2519  meanSteps=   154.8  copy=0.797  A(t)=444  sim=8.1s
epoch    3350  HO=0.2067  meanSteps=   156.1  copy=0.822  A(t)=457  sim=8.1s
epoch    3400  HO=0.2188  meanSteps=   153.7  copy=0.823  A(t)=459  sim=8.2s
epoch    3450  HO=0.2363  meanSteps=   156.5  copy=0.805  A(t)=467  sim=8.3s
epoch    3500  HO=0.1806  meanSteps=   153.2  copy=0.813  A(t)=467  sim=8.3s
epoch    3550  HO=0.1782  meanSteps=   150.9  copy=0.816  A(t)=476  sim=8.4s
epoch    3600  HO=0.2268  meanSteps=   153.5  copy=0.833  A(t)=486  sim=8.5s
epoch    3650  HO=0.1501  meanSteps=   164.4  copy=0.840  A(t)=486  sim=8.6s
epoch    3700  HO=0.1562  meanSteps=   161.8  copy=0.853  A(t)=489  sim=8.6s
epoch    3750  HO=0.1251  meanSteps=   162.6  copy=0.870  A(t)=489  sim=8.7s
epoch    3800  HO=0.1375  meanSteps=   150.8  copy=0.863  A(t)=490  sim=8.8s
epoch    3850  HO=0.1204  meanSteps=   150.8  copy=0.846  A(t)=491  sim=8.9s
epoch    3900  HO=0.0998  meanSteps=   150.1  copy=0.846  A(t)=515  sim=8.9s
epoch    3950  HO=0.1272  meanSteps=   138.7  copy=0.842  A(t)=526  sim=9.0s
epoch    4000  HO=0.1388  meanSteps=   138.1  copy=0.832  A(t)=529  sim=9.1s
epoch    4050  HO=0.1512  meanSteps=   146.3  copy=0.836  A(t)=529  sim=9.1s
epoch    4100  HO=0.1764  meanSteps=   149.6  copy=0.824  A(t)=540  sim=9.2s
epoch    4150  HO=0.1042  meanSteps=   138.4  copy=0.832  A(t)=545  sim=9.3s
epoch    4200  HO=0.0725  meanSteps=   130.1  copy=0.824  A(t)=560  sim=9.3s
epoch    4250  HO=0.0552  meanSteps=   129.6  copy=0.810  A(t)=570  sim=9.4s
epoch    4300  HO=0.0523  meanSteps=   129.3  copy=0.811  A(t)=570  sim=9.5s
epoch    4350  HO=0.0898  meanSteps=   128.9  copy=0.813  A(t)=578  sim=9.5s
epoch    4400  HO=0.0527  meanSteps=   128.9  copy=0.817  A(t)=586  sim=9.6s
epoch    4450  HO=0.0067  meanSteps=   128.8  copy=0.834  A(t)=591  sim=9.7s
epoch    4500  HO=0.0199  meanSteps=   128.9  copy=0.829  A(t)=596  sim=9.7s
epoch    4550  HO=0.0330  meanSteps=   129.0  copy=0.821  A(t)=603  sim=9.8s
epoch    4600  HO=0.0379  meanSteps=   129.0  copy=0.822  A(t)=607  sim=9.9s
epoch    4650  HO=0.0263  meanSteps=   128.9  copy=0.822  A(t)=608  sim=10.0s
epoch    4700  HO=0.0832  meanSteps=   128.9  copy=0.827  A(t)=608  sim=10.0s
epoch    4750  HO=-0.0038  meanSteps=   128.9  copy=0.837  A(t)=612  sim=10.1s
epoch    4800  HO=0.0202  meanSteps=   128.9  copy=0.837  A(t)=645  sim=10.2s
epoch    4850  HO=0.0320  meanSteps=   128.7  copy=0.832  A(t)=650  sim=10.2s
epoch    4900  HO=0.0174  meanSteps=   128.8  copy=0.850  A(t)=655  sim=10.3s
epoch    4950  HO=0.0275  meanSteps=   129.0  copy=0.866  A(t)=655  sim=10.4s
epoch    5000  HO=0.0558  meanSteps=   128.9  copy=0.860  A(t)=656  sim=10.4s
epoch    5050  HO=0.0654  meanSteps=   128.9  copy=0.850  A(t)=662  sim=10.5s
epoch    5100  HO=0.0349  meanSteps=   128.8  copy=0.865  A(t)=673  sim=10.6s
epoch    5150  HO=0.0463  meanSteps=   128.5  copy=0.846  A(t)=683  sim=10.6s
epoch    5200  HO=0.1126  meanSteps=   128.4  copy=0.859  A(t)=684  sim=10.7s
epoch    5250  HO=0.0774  meanSteps=   128.3  copy=0.849  A(t)=695  sim=10.8s
epoch    5300  HO=0.0700  meanSteps=   128.5  copy=0.842  A(t)=695  sim=10.8s
epoch    5350  HO=0.0453  meanSteps=   128.5  copy=0.828  A(t)=695  sim=10.9s
epoch    5400  HO=0.0637  meanSteps=   128.5  copy=0.837  A(t)=703  sim=11.0s
epoch    5450  HO=0.0576  meanSteps=   128.6  copy=0.827  A(t)=708  sim=11.1s
epoch    5500  HO=0.0534  meanSteps=   128.8  copy=0.844  A(t)=716  sim=11.1s
epoch    5550  HO=0.0963  meanSteps=   128.8  copy=0.848  A(t)=734  sim=11.2s
epoch    5600  HO=0.1275  meanSteps=   128.9  copy=0.847  A(t)=761  sim=11.3s
epoch    5650  HO=0.1129  meanSteps=   128.9  copy=0.831  A(t)=771  sim=11.3s
epoch    5700  HO=0.1146  meanSteps=   129.0  copy=0.811  A(t)=779  sim=11.4s
epoch    5750  HO=0.0990  meanSteps=   129.0  copy=0.814  A(t)=783  sim=11.5s
epoch    5800  HO=0.0539  meanSteps=   128.8  copy=0.802  A(t)=788  sim=11.5s
epoch    5850  HO=0.0587  meanSteps=   128.8  copy=0.808  A(t)=799  sim=11.6s
epoch    5900  HO=0.0581  meanSteps=   128.7  copy=0.827  A(t)=802  sim=11.7s
epoch    5950  HO=0.0593  meanSteps=   128.7  copy=0.820  A(t)=810  sim=11.7s
epoch    6000  HO=0.1087  meanSteps=   128.7  copy=0.843  A(t)=812  sim=11.8s
epoch    6050  HO=0.0582  meanSteps=   128.8  copy=0.833  A(t)=817  sim=11.9s
epoch    6100  HO=0.0740  meanSteps=   128.8  copy=0.837  A(t)=822  sim=12.0s
epoch    6150  HO=0.0418  meanSteps=   129.0  copy=0.834  A(t)=822  sim=12.0s
epoch    6200  HO=0.0275  meanSteps=   128.7  copy=0.849  A(t)=822  sim=12.1s
epoch    6250  HO=0.0097  meanSteps=   128.8  copy=0.839  A(t)=832  sim=12.2s
epoch    6300  HO=0.0485  meanSteps=   128.7  copy=0.836  A(t)=833  sim=12.3s
epoch    6350  HO=0.0292  meanSteps=   128.9  copy=0.832  A(t)=834  sim=12.3s
epoch    6400  HO=0.0079  meanSteps=   128.5  copy=0.822  A(t)=841  sim=12.4s
epoch    6450  HO=0.0660  meanSteps=   128.6  copy=0.793  A(t)=850  sim=12.5s
epoch    6500  HO=0.0464  meanSteps=   128.8  copy=0.802  A(t)=852  sim=12.5s
epoch    6550  HO=0.0557  meanSteps=   129.0  copy=0.795  A(t)=853  sim=12.6s
epoch    6600  HO=0.0300  meanSteps=   128.9  copy=0.818  A(t)=855  sim=12.7s
epoch    6650  HO=0.0713  meanSteps=   128.9  copy=0.822  A(t)=857  sim=12.7s
epoch    6700  HO=0.0991  meanSteps=   128.9  copy=0.813  A(t)=857  sim=12.8s
epoch    6750  HO=0.1044  meanSteps=   128.9  copy=0.829  A(t)=859  sim=12.9s
epoch    6800  HO=0.0895  meanSteps=   128.9  copy=0.830  A(t)=875  sim=12.9s
epoch    6850  HO=0.0885  meanSteps=   128.7  copy=0.827  A(t)=892  sim=13.0s
epoch    6900  HO=0.1017  meanSteps=   128.7  copy=0.829  A(t)=904  sim=13.1s
epoch    6950  HO=0.0890  meanSteps=   128.7  copy=0.830  A(t)=912  sim=13.2s
epoch    7000  HO=0.0796  meanSteps=   128.8  copy=0.819  A(t)=912  sim=13.2s
epoch    7050  HO=0.0478  meanSteps=   128.9  copy=0.835  A(t)=913  sim=13.3s
epoch    7100  HO=0.1199  meanSteps=   128.9  copy=0.836  A(t)=913  sim=13.4s
epoch    7150  HO=0.0217  meanSteps=   128.7  copy=0.820  A(t)=916  sim=13.4s
epoch    7200  HO=0.0883  meanSteps=   128.6  copy=0.815  A(t)=921  sim=13.5s
epoch    7250  HO=0.0249  meanSteps=   128.3  copy=0.808  A(t)=938  sim=13.6s
epoch    7300  HO=0.0312  meanSteps=   128.5  copy=0.812  A(t)=938  sim=13.6s
epoch    7350  HO=0.0646  meanSteps=   128.7  copy=0.801  A(t)=938  sim=13.7s
epoch    7400  HO=0.0665  meanSteps=   128.9  copy=0.808  A(t)=945  sim=13.8s
epoch    7450  HO=0.0440  meanSteps=   128.8  copy=0.812  A(t)=955  sim=13.8s
epoch    7500  HO=0.0781  meanSteps=   128.7  copy=0.832  A(t)=967  sim=13.9s
epoch    7550  HO=0.0783  meanSteps=   128.7  copy=0.837  A(t)=972  sim=14.0s
epoch    7600  HO=0.1363  meanSteps=   128.7  copy=0.842  A(t)=974  sim=14.1s
epoch    7650  HO=0.1035  meanSteps=   128.6  copy=0.840  A(t)=975  sim=14.1s
epoch    7700  HO=0.0755  meanSteps=   128.7  copy=0.830  A(t)=981  sim=14.2s
epoch    7750  HO=0.0883  meanSteps=   129.0  copy=0.840  A(t)=986  sim=14.3s
epoch    7800  HO=0.1306  meanSteps=   128.7  copy=0.845  A(t)=986  sim=14.3s
epoch    7850  HO=0.0848  meanSteps=   128.6  copy=0.840  A(t)=994  sim=14.4s
epoch    7900  HO=0.0483  meanSteps=   135.5  copy=0.834  A(t)=994  sim=14.5s
epoch    7950  HO=0.1142  meanSteps=   135.8  copy=0.840  A(t)=995  sim=14.5s
epoch    8000  HO=0.0951  meanSteps=   131.2  copy=0.862  A(t)=995  sim=14.6s
epoch    8050  HO=0.0476  meanSteps=   128.9  copy=0.864  A(t)=996  sim=14.7s
epoch    8100  HO=0.0525  meanSteps=   128.9  copy=0.872  A(t)=1012  sim=14.7s
epoch    8150  HO=0.0686  meanSteps=   128.6  copy=0.858  A(t)=1020  sim=14.8s
epoch    8200  HO=0.0468  meanSteps=   128.7  copy=0.838  A(t)=1028  sim=14.9s
epoch    8250  HO=-0.0017  meanSteps=   128.5  copy=0.853  A(t)=1028  sim=15.0s
epoch    8300  HO=0.0094  meanSteps=   128.9  copy=0.854  A(t)=1028  sim=15.0s
epoch    8350  HO=0.0194  meanSteps=   128.9  copy=0.847  A(t)=1028  sim=15.1s
epoch    8400  HO=-0.0005  meanSteps=   128.9  copy=0.858  A(t)=1040  sim=15.2s
epoch    8450  HO=0.0117  meanSteps=   128.8  copy=0.866  A(t)=1048  sim=15.2s
epoch    8500  HO=0.0748  meanSteps=   128.9  copy=0.866  A(t)=1056  sim=15.3s
epoch    8550  HO=0.0202  meanSteps=   128.8  copy=0.847  A(t)=1056  sim=15.4s
epoch    8600  HO=0.0883  meanSteps=   128.8  copy=0.844  A(t)=1059  sim=15.4s
epoch    8650  HO=0.1392  meanSteps=   128.7  copy=0.856  A(t)=1061  sim=15.5s
epoch    8700  HO=0.1765  meanSteps=   128.5  copy=0.848  A(t)=1066  sim=15.6s
epoch    8750  HO=0.1200  meanSteps=   129.0  copy=0.840  A(t)=1071  sim=15.7s
epoch    8800  HO=0.1293  meanSteps=   128.8  copy=0.830  A(t)=1075  sim=15.7s
epoch    8850  HO=0.0817  meanSteps=   128.8  copy=0.825  A(t)=1075  sim=15.8s
epoch    8900  HO=0.0992  meanSteps=   128.8  copy=0.819  A(t)=1093  sim=15.9s
epoch    8950  HO=0.0917  meanSteps=   128.3  copy=0.800  A(t)=1095  sim=15.9s
epoch    9000  HO=0.1349  meanSteps=   128.3  copy=0.804  A(t)=1096  sim=16.0s
epoch    9050  HO=0.0817  meanSteps=   128.4  copy=0.798  A(t)=1097  sim=16.1s
epoch    9100  HO=0.1095  meanSteps=   128.6  copy=0.811  A(t)=1098  sim=16.1s
epoch    9150  HO=0.0292  meanSteps=   128.8  copy=0.810  A(t)=1104  sim=16.2s
epoch    9200  HO=0.0178  meanSteps=   128.8  copy=0.821  A(t)=1112  sim=16.3s
epoch    9250  HO=0.0730  meanSteps=   128.6  copy=0.830  A(t)=1121  sim=16.3s
epoch    9300  HO=0.1087  meanSteps=   128.6  copy=0.842  A(t)=1121  sim=16.4s
epoch    9350  HO=0.0977  meanSteps=   128.8  copy=0.862  A(t)=1122  sim=16.5s
epoch    9400  HO=0.1156  meanSteps=   128.8  copy=0.873  A(t)=1122  sim=16.5s
epoch    9450  HO=0.0764  meanSteps=   140.0  copy=0.871  A(t)=1122  sim=16.6s
epoch    9500  HO=0.0782  meanSteps=   128.6  copy=0.857  A(t)=1131  sim=16.7s
epoch    9550  HO=0.0321  meanSteps=   128.9  copy=0.870  A(t)=1135  sim=16.8s
epoch    9600  HO=0.0370  meanSteps=   128.8  copy=0.856  A(t)=1142  sim=16.8s
epoch    9650  HO=0.0784  meanSteps=   129.0  copy=0.836  A(t)=1145  sim=16.9s
epoch    9700  HO=0.0583  meanSteps=   128.9  copy=0.829  A(t)=1158  sim=17.0s
epoch    9750  HO=0.0431  meanSteps=   128.9  copy=0.813  A(t)=1159  sim=17.0s
epoch    9800  HO=0.0249  meanSteps=   128.8  copy=0.810  A(t)=1169  sim=17.1s
epoch    9850  HO=0.0322  meanSteps=   128.9  copy=0.817  A(t)=1171  sim=17.2s
epoch    9900  HO=0.0589  meanSteps=   129.0  copy=0.824  A(t)=1172  sim=17.2s
epoch    9950  HO=0.0454  meanSteps=   128.8  copy=0.825  A(t)=1175  sim=17.3s
epoch   10000  HO=0.0914  meanSteps=   128.6  copy=0.826  A(t)=1188  sim=17.4s
epoch   10050  HO=0.1070  meanSteps=   128.2  copy=0.790  A(t)=1208  sim=17.4s
epoch   10100  HO=0.1173  meanSteps=   128.2  copy=0.787  A(t)=1216  sim=17.5s
epoch   10150  HO=0.0850  meanSteps=   128.2  copy=0.802  A(t)=1219  sim=17.6s
epoch   10200  HO=0.0604  meanSteps=   128.3  copy=0.816  A(t)=1229  sim=17.7s
epoch   10250  HO=0.0459  meanSteps=   128.1  copy=0.811  A(t)=1230  sim=17.7s
epoch   10300  HO=0.0703  meanSteps=   128.4  copy=0.799  A(t)=1241  sim=17.8s
epoch   10350  HO=0.1099  meanSteps=   128.6  copy=0.813  A(t)=1243  sim=17.9s
epoch   10400  HO=0.0340  meanSteps=   128.4  copy=0.797  A(t)=1259  sim=17.9s
epoch   10450  HO=0.0557  meanSteps=   128.7  copy=0.797  A(t)=1268  sim=18.0s
epoch   10500  HO=0.0460  meanSteps=   135.9  copy=0.788  A(t)=1268  sim=18.1s
epoch   10550  HO=0.0545  meanSteps=   147.0  copy=0.798  A(t)=1279  sim=18.2s
epoch   10600  HO=0.0613  meanSteps=   143.2  copy=0.788  A(t)=1282  sim=18.2s
epoch   10650  HO=0.0983  meanSteps=   143.8  copy=0.785  A(t)=1283  sim=18.3s
epoch   10700  HO=0.1064  meanSteps=   144.6  copy=0.799  A(t)=1286  sim=18.4s
epoch   10750  HO=0.0821  meanSteps=   147.5  copy=0.794  A(t)=1286  sim=18.5s
epoch   10800  HO=0.0672  meanSteps=   145.8  copy=0.841  A(t)=1290  sim=18.5s
epoch   10850  HO=0.0333  meanSteps=   145.0  copy=0.858  A(t)=1292  sim=18.6s
epoch   10900  HO=0.0320  meanSteps=   128.7  copy=0.850  A(t)=1293  sim=18.7s
epoch   10950  HO=0.0349  meanSteps=   128.8  copy=0.844  A(t)=1293  sim=18.8s
epoch   11000  HO=0.0483  meanSteps=   128.8  copy=0.852  A(t)=1298  sim=18.8s
epoch   11050  HO=0.0257  meanSteps=   128.7  copy=0.844  A(t)=1299  sim=18.9s
epoch   11100  HO=0.0424  meanSteps=   128.8  copy=0.834  A(t)=1300  sim=19.0s
epoch   11150  HO=0.0132  meanSteps=   129.0  copy=0.840  A(t)=1300  sim=19.1s
epoch   11200  HO=0.0425  meanSteps=   129.0  copy=0.835  A(t)=1300  sim=19.1s
epoch   11250  HO=0.0403  meanSteps=   128.9  copy=0.834  A(t)=1303  sim=19.2s
epoch   11300  HO=0.0235  meanSteps=   128.8  copy=0.847  A(t)=1303  sim=19.3s
epoch   11350  HO=0.0122  meanSteps=   129.1  copy=0.846  A(t)=1303  sim=19.3s
epoch   11400  HO=0.0579  meanSteps=   128.9  copy=0.831  A(t)=1304  sim=19.4s
epoch   11450  HO=0.0354  meanSteps=   128.7  copy=0.837  A(t)=1304  sim=19.5s
epoch   11500  HO=0.0602  meanSteps=   128.6  copy=0.829  A(t)=1306  sim=19.5s
epoch   11550  HO=0.0100  meanSteps=   128.6  copy=0.826  A(t)=1306  sim=19.6s
epoch   11600  HO=0.0338  meanSteps=   128.8  copy=0.870  A(t)=1306  sim=19.7s
epoch   11650  HO=0.0415  meanSteps=   128.9  copy=0.871  A(t)=1316  sim=19.8s
epoch   11700  HO=0.0684  meanSteps=   128.7  copy=0.832  A(t)=1316  sim=19.8s
epoch   11750  HO=0.0203  meanSteps=   129.0  copy=0.851  A(t)=1317  sim=19.9s
epoch   11800  HO=0.0092  meanSteps=   128.9  copy=0.855  A(t)=1317  sim=20.0s
epoch   11850  HO=-0.0224  meanSteps=   128.9  copy=0.846  A(t)=1326  sim=20.0s
epoch   11900  HO=0.0220  meanSteps=   128.9  copy=0.860  A(t)=1330  sim=20.1s
epoch   11950  HO=0.0038  meanSteps=   129.0  copy=0.865  A(t)=1339  sim=20.2s
epoch   12000  HO=-0.0029  meanSteps=   128.9  copy=0.850  A(t)=1341  sim=20.2s
epoch   12050  HO=0.0067  meanSteps=   128.7  copy=0.859  A(t)=1341  sim=20.3s
epoch   12100  HO=0.0783  meanSteps=   128.7  copy=0.858  A(t)=1347  sim=20.4s
epoch   12150  HO=0.0241  meanSteps=   128.8  copy=0.860  A(t)=1347  sim=20.5s
epoch   12200  HO=0.0252  meanSteps=   128.6  copy=0.832  A(t)=1348  sim=20.5s
epoch   12250  HO=0.0114  meanSteps=   128.8  copy=0.838  A(t)=1353  sim=20.6s
epoch   12300  HO=0.0376  meanSteps=   128.8  copy=0.827  A(t)=1353  sim=20.7s
epoch   12350  HO=0.0511  meanSteps=   128.9  copy=0.826  A(t)=1358  sim=20.8s
epoch   12400  HO=0.0756  meanSteps=   128.9  copy=0.835  A(t)=1358  sim=20.8s
epoch   12450  HO=0.0457  meanSteps=   129.0  copy=0.821  A(t)=1358  sim=20.9s
epoch   12500  HO=0.0730  meanSteps=   128.8  copy=0.829  A(t)=1358  sim=21.0s
epoch   12550  HO=0.0271  meanSteps=   128.9  copy=0.829  A(t)=1358  sim=21.0s
epoch   12600  HO=0.0047  meanSteps=   128.7  copy=0.837  A(t)=1358  sim=21.1s
epoch   12650  HO=0.0239  meanSteps=   128.5  copy=0.846  A(t)=1359  sim=21.2s
epoch   12700  HO=0.0425  meanSteps=   128.5  copy=0.849  A(t)=1359  sim=21.2s
epoch   12750  HO=0.0124  meanSteps=   128.8  copy=0.846  A(t)=1360  sim=21.3s
epoch   12800  HO=0.0436  meanSteps=   128.8  copy=0.829  A(t)=1363  sim=21.4s
epoch   12850  HO=0.0404  meanSteps=   128.6  copy=0.839  A(t)=1370  sim=21.4s
epoch   12900  HO=0.0757  meanSteps=   128.9  copy=0.836  A(t)=1380  sim=21.5s
epoch   12950  HO=0.1236  meanSteps=   128.9  copy=0.823  A(t)=1380  sim=21.6s
epoch   13000  HO=0.0876  meanSteps=   129.0  copy=0.842  A(t)=1387  sim=21.7s
epoch   13050  HO=0.1112  meanSteps=   128.7  copy=0.836  A(t)=1387  sim=21.7s
epoch   13100  HO=0.0650  meanSteps=   128.6  copy=0.831  A(t)=1394  sim=21.8s
epoch   13150  HO=0.0749  meanSteps=   128.6  copy=0.835  A(t)=1394  sim=21.9s
epoch   13200  HO=0.0592  meanSteps=   128.8  copy=0.848  A(t)=1395  sim=21.9s
epoch   13250  HO=0.0860  meanSteps=   128.8  copy=0.846  A(t)=1395  sim=22.0s
epoch   13300  HO=0.1197  meanSteps=   128.6  copy=0.824  A(t)=1404  sim=22.1s
epoch   13350  HO=0.1295  meanSteps=   130.5  copy=0.821  A(t)=1405  sim=22.1s
epoch   13400  HO=0.1004  meanSteps=   139.8  copy=0.818  A(t)=1410  sim=22.2s
epoch   13450  HO=0.1097  meanSteps=   128.6  copy=0.814  A(t)=1412  sim=22.3s
epoch   13500  HO=0.0704  meanSteps=   128.6  copy=0.821  A(t)=1416  sim=22.3s
epoch   13550  HO=0.0697  meanSteps=   128.7  copy=0.803  A(t)=1419  sim=22.4s
epoch   13600  HO=0.1234  meanSteps=   128.8  copy=0.794  A(t)=1423  sim=22.5s
epoch   13650  HO=0.0902  meanSteps=   129.0  copy=0.808  A(t)=1431  sim=22.6s
epoch   13700  HO=0.1283  meanSteps=   128.7  copy=0.815  A(t)=1437  sim=22.6s
epoch   13750  HO=0.0657  meanSteps=   128.4  copy=0.809  A(t)=1440  sim=22.7s
epoch   13800  HO=0.0415  meanSteps=   128.2  copy=0.827  A(t)=1446  sim=22.8s
epoch   13850  HO=0.0810  meanSteps=   128.3  copy=0.855  A(t)=1455  sim=22.8s
epoch   13900  HO=0.0577  meanSteps=   128.4  copy=0.847  A(t)=1465  sim=22.9s
epoch   13950  HO=0.0667  meanSteps=   128.5  copy=0.836  A(t)=1467  sim=23.0s
epoch   14000  HO=0.0545  meanSteps=   128.9  copy=0.831  A(t)=1467  sim=23.1s
epoch   14050  HO=0.1039  meanSteps=   128.7  copy=0.838  A(t)=1469  sim=23.1s
epoch   14100  HO=0.1059  meanSteps=   128.8  copy=0.821  A(t)=1471  sim=23.2s
epoch   14150  HO=0.0799  meanSteps=   128.8  copy=0.799  A(t)=1476  sim=23.3s
epoch   14200  HO=0.0931  meanSteps=   128.8  copy=0.769  A(t)=1477  sim=23.3s
epoch   14250  HO=0.1128  meanSteps=   128.6  copy=0.757  A(t)=1478  sim=23.4s
epoch   14300  HO=0.0900  meanSteps=   128.7  copy=0.774  A(t)=1487  sim=23.5s
epoch   14350  HO=0.0408  meanSteps=   128.8  copy=0.782  A(t)=1489  sim=23.5s
epoch   14400  HO=0.0200  meanSteps=   128.8  copy=0.787  A(t)=1495  sim=23.6s
epoch   14450  HO=0.0312  meanSteps=   128.8  copy=0.792  A(t)=1500  sim=23.7s
epoch   14500  HO=0.0437  meanSteps=   128.8  copy=0.789  A(t)=1501  sim=23.7s
epoch   14550  HO=0.0340  meanSteps=   128.8  copy=0.799  A(t)=1502  sim=23.8s
epoch   14600  HO=0.0371  meanSteps=   128.8  copy=0.789  A(t)=1504  sim=23.9s
epoch   14650  HO=0.0644  meanSteps=   128.7  copy=0.788  A(t)=1506  sim=23.9s
epoch   14700  HO=0.0332  meanSteps=   128.7  copy=0.801  A(t)=1506  sim=24.0s
epoch   14750  HO=0.0732  meanSteps=   128.5  copy=0.823  A(t)=1509  sim=24.1s
epoch   14800  HO=0.0722  meanSteps=   128.6  copy=0.833  A(t)=1513  sim=24.2s
epoch   14850  HO=0.0292  meanSteps=   128.8  copy=0.846  A(t)=1526  sim=24.2s
epoch   14900  HO=0.0678  meanSteps=   128.8  copy=0.846  A(t)=1526  sim=24.3s
epoch   14950  HO=0.0349  meanSteps=   128.6  copy=0.839  A(t)=1529  sim=24.4s
epoch   15000  HO=0.0656  meanSteps=   128.5  copy=0.843  A(t)=1529  sim=24.4s
epoch   15050  HO=0.0766  meanSteps=   128.4  copy=0.845  A(t)=1529  sim=24.5s
epoch   15100  HO=0.0683  meanSteps=   128.4  copy=0.859  A(t)=1529  sim=24.6s
epoch   15150  HO=0.0952  meanSteps=   128.4  copy=0.861  A(t)=1534  sim=24.6s
epoch   15200  HO=0.0587  meanSteps=   128.6  copy=0.884  A(t)=1534  sim=24.7s
epoch   15250  HO=0.0704  meanSteps=   128.6  copy=0.881  A(t)=1534  sim=24.8s
epoch   15300  HO=0.0929  meanSteps=   128.6  copy=0.869  A(t)=1534  sim=24.8s
epoch   15350  HO=0.0991  meanSteps=   128.6  copy=0.852  A(t)=1534  sim=24.9s
epoch   15400  HO=0.0624  meanSteps=   128.6  copy=0.855  A(t)=1535  sim=25.0s
epoch   15450  HO=0.0485  meanSteps=   128.9  copy=0.859  A(t)=1535  sim=25.1s
epoch   15500  HO=0.0255  meanSteps=   128.9  copy=0.865  A(t)=1537  sim=25.1s
epoch   15550  HO=0.0684  meanSteps=   128.9  copy=0.858  A(t)=1540  sim=25.2s
epoch   15600  HO=0.0339  meanSteps=   128.8  copy=0.851  A(t)=1544  sim=25.3s
epoch   15650  HO=0.0627  meanSteps=   128.9  copy=0.856  A(t)=1545  sim=25.3s
epoch   15700  HO=0.0531  meanSteps=   128.8  copy=0.855  A(t)=1546  sim=25.4s
epoch   15750  HO=-0.0267  meanSteps=   128.6  copy=0.840  A(t)=1548  sim=25.5s
epoch   15800  HO=0.0003  meanSteps=   128.7  copy=0.852  A(t)=1552  sim=25.5s
epoch   15850  HO=0.0586  meanSteps=   128.8  copy=0.845  A(t)=1557  sim=25.6s
epoch   15900  HO=0.0708  meanSteps=   128.8  copy=0.834  A(t)=1566  sim=25.7s
epoch   15950  HO=0.1122  meanSteps=   128.8  copy=0.837  A(t)=1566  sim=25.7s
epoch   16000  HO=0.0802  meanSteps=   128.6  copy=0.819  A(t)=1569  sim=25.8s
epoch   16050  HO=0.0675  meanSteps=   128.6  copy=0.829  A(t)=1571  sim=25.9s
epoch   16100  HO=0.0655  meanSteps=   128.8  copy=0.871  A(t)=1573  sim=25.9s
epoch   16150  HO=0.0515  meanSteps=   129.0  copy=0.874  A(t)=1576  sim=26.0s
epoch   16200  HO=0.0439  meanSteps=   128.9  copy=0.867  A(t)=1577  sim=26.1s
epoch   16250  HO=-0.0149  meanSteps=   128.8  copy=0.870  A(t)=1577  sim=26.2s
epoch   16300  HO=0.0140  meanSteps=   128.7  copy=0.877  A(t)=1577  sim=26.2s
epoch   16350  HO=0.0813  meanSteps=   128.8  copy=0.866  A(t)=1577  sim=26.3s
epoch   16400  HO=0.0803  meanSteps=   128.9  copy=0.877  A(t)=1580  sim=26.4s
epoch   16450  HO=0.0780  meanSteps=   129.0  copy=0.880  A(t)=1582  sim=26.4s
epoch   16500  HO=0.0940  meanSteps=   129.0  copy=0.888  A(t)=1582  sim=26.5s
epoch   16550  HO=0.0427  meanSteps=   128.9  copy=0.872  A(t)=1582  sim=26.6s
epoch   16600  HO=0.0253  meanSteps=   128.8  copy=0.877  A(t)=1582  sim=26.6s
epoch   16650  HO=0.0197  meanSteps=   129.0  copy=0.869  A(t)=1582  sim=26.7s
epoch   16700  HO=0.0873  meanSteps=   129.0  copy=0.878  A(t)=1582  sim=26.8s
epoch   16750  HO=0.0400  meanSteps=   129.0  copy=0.872  A(t)=1582  sim=26.8s
epoch   16800  HO=0.0368  meanSteps=   128.9  copy=0.853  A(t)=1582  sim=26.9s
epoch   16850  HO=0.0387  meanSteps=   129.0  copy=0.858  A(t)=1582  sim=27.0s
epoch   16900  HO=0.0189  meanSteps=   129.0  copy=0.858  A(t)=1588  sim=27.1s
epoch   16950  HO=-0.0044  meanSteps=   128.8  copy=0.861  A(t)=1590  sim=27.1s
epoch   17000  HO=0.0337  meanSteps=   128.6  copy=0.859  A(t)=1590  sim=27.2s
epoch   17050  HO=0.0253  meanSteps=   128.7  copy=0.862  A(t)=1590  sim=27.3s
epoch   17100  HO=0.0635  meanSteps=   128.9  copy=0.859  A(t)=1590  sim=27.3s
epoch   17150  HO=0.0176  meanSteps=   128.8  copy=0.842  A(t)=1590  sim=27.4s
epoch   17200  HO=0.0364  meanSteps=   128.9  copy=0.834  A(t)=1594  sim=27.5s
epoch   17250  HO=0.0493  meanSteps=   128.8  copy=0.825  A(t)=1598  sim=27.5s
epoch   17300  HO=0.0639  meanSteps=   128.9  copy=0.833  A(t)=1598  sim=27.6s
epoch   17350  HO=0.0892  meanSteps=   128.9  copy=0.826  A(t)=1601  sim=27.7s
epoch   17400  HO=0.0691  meanSteps=   128.9  copy=0.837  A(t)=1602  sim=27.7s
epoch   17450  HO=0.0397  meanSteps=   128.9  copy=0.850  A(t)=1602  sim=27.8s
epoch   17500  HO=0.0885  meanSteps=   128.9  copy=0.848  A(t)=1602  sim=27.9s
epoch   17550  HO=0.0559  meanSteps=   128.8  copy=0.841  A(t)=1618  sim=27.9s
epoch   17600  HO=0.0771  meanSteps=   128.8  copy=0.840  A(t)=1618  sim=28.0s
epoch   17650  HO=0.0503  meanSteps=   128.8  copy=0.841  A(t)=1618  sim=28.1s
epoch   17700  HO=0.0566  meanSteps=   128.8  copy=0.857  A(t)=1622  sim=28.2s
epoch   17750  HO=0.0236  meanSteps=   128.9  copy=0.859  A(t)=1624  sim=28.2s
epoch   17800  HO=0.1245  meanSteps=   129.0  copy=0.878  A(t)=1632  sim=28.3s
epoch   17850  HO=0.1207  meanSteps=   128.9  copy=0.862  A(t)=1632  sim=28.4s
epoch   17900  HO=0.0796  meanSteps=   128.7  copy=0.847  A(t)=1634  sim=28.4s
epoch   17950  HO=0.0889  meanSteps=   128.6  copy=0.834  A(t)=1640  sim=28.5s
epoch   18000  HO=0.0959  meanSteps=   128.6  copy=0.843  A(t)=1641  sim=28.6s
epoch   18050  HO=0.1089  meanSteps=   129.4  copy=0.848  A(t)=1642  sim=28.7s
epoch   18100  HO=0.0998  meanSteps=   128.5  copy=0.856  A(t)=1642  sim=28.7s
epoch   18150  HO=0.1129  meanSteps=   128.5  copy=0.854  A(t)=1642  sim=28.8s
epoch   18200  HO=0.1088  meanSteps=   128.4  copy=0.845  A(t)=1645  sim=28.9s
epoch   18250  HO=0.0868  meanSteps=   128.9  copy=0.825  A(t)=1645  sim=28.9s
epoch   18300  HO=0.1130  meanSteps=   128.7  copy=0.822  A(t)=1647  sim=29.0s
epoch   18350  HO=0.0730  meanSteps=   128.8  copy=0.848  A(t)=1647  sim=29.1s
epoch   18400  HO=0.1079  meanSteps=   128.6  copy=0.864  A(t)=1647  sim=29.2s
epoch   18450  HO=0.1215  meanSteps=   128.7  copy=0.865  A(t)=1647  sim=29.2s
epoch   18500  HO=0.1606  meanSteps=   128.6  copy=0.855  A(t)=1655  sim=29.3s
epoch   18550  HO=0.1320  meanSteps=   128.5  copy=0.866  A(t)=1658  sim=29.4s
epoch   18600  HO=0.1026  meanSteps=   128.6  copy=0.856  A(t)=1658  sim=29.4s
epoch   18650  HO=0.0741  meanSteps=   128.7  copy=0.849  A(t)=1661  sim=29.5s
epoch   18700  HO=0.1203  meanSteps=   128.7  copy=0.837  A(t)=1666  sim=29.6s
epoch   18750  HO=0.1001  meanSteps=   128.6  copy=0.851  A(t)=1666  sim=29.6s
epoch   18800  HO=0.0684  meanSteps=   128.9  copy=0.846  A(t)=1669  sim=29.7s
epoch   18850  HO=0.0539  meanSteps=   129.0  copy=0.834  A(t)=1671  sim=29.8s
epoch   18900  HO=0.0106  meanSteps=   129.0  copy=0.841  A(t)=1678  sim=29.9s
epoch   18950  HO=0.0351  meanSteps=   128.9  copy=0.828  A(t)=1678  sim=29.9s
epoch   19000  HO=0.0330  meanSteps=   128.9  copy=0.823  A(t)=1680  sim=30.0s
epoch   19050  HO=-0.0035  meanSteps=   128.9  copy=0.822  A(t)=1680  sim=30.1s
epoch   19100  HO=0.0308  meanSteps=   128.6  copy=0.814  A(t)=1680  sim=30.1s
epoch   19150  HO=0.0787  meanSteps=   128.1  copy=0.805  A(t)=1680  sim=30.2s
epoch   19200  HO=0.0303  meanSteps=   128.3  copy=0.809  A(t)=1680  sim=30.3s
epoch   19250  HO=0.0105  meanSteps=   128.5  copy=0.819  A(t)=1683  sim=30.3s
epoch   19300  HO=0.0388  meanSteps=   129.0  copy=0.841  A(t)=1689  sim=30.4s
epoch   19350  HO=0.0612  meanSteps=   128.9  copy=0.832  A(t)=1689  sim=30.5s
epoch   19400  HO=0.0209  meanSteps=   128.8  copy=0.827  A(t)=1694  sim=30.5s
epoch   19450  HO=0.0988  meanSteps=   128.8  copy=0.817  A(t)=1694  sim=30.6s
epoch   19500  HO=0.0469  meanSteps=   128.9  copy=0.819  A(t)=1699  sim=30.7s
epoch   19550  HO=0.0095  meanSteps=   129.0  copy=0.807  A(t)=1699  sim=30.8s
epoch   19600  HO=0.0518  meanSteps=   128.8  copy=0.802  A(t)=1699  sim=30.8s
epoch   19650  HO=0.0205  meanSteps=   128.7  copy=0.805  A(t)=1705  sim=30.9s
epoch   19700  HO=0.0383  meanSteps=   128.9  copy=0.817  A(t)=1705  sim=31.0s
epoch   19750  HO=0.0901  meanSteps=   128.8  copy=0.815  A(t)=1718  sim=31.0s
epoch   19800  HO=0.0325  meanSteps=   128.9  copy=0.819  A(t)=1720  sim=31.1s
epoch   19850  HO=0.0303  meanSteps=   129.0  copy=0.819  A(t)=1721  sim=31.2s
epoch   19900  HO=0.0434  meanSteps=   129.0  copy=0.817  A(t)=1724  sim=31.2s
epoch   19950  HO=0.0172  meanSteps=   128.9  copy=0.826  A(t)=1725  sim=31.3s
epoch   20000  HO=-0.0027  meanSteps=   128.8  copy=0.826  A(t)=1725  sim=31.4s
epoch   20050  HO=0.0188  meanSteps=   128.8  copy=0.826  A(t)=1725  sim=31.4s
epoch   20100  HO=0.0353  meanSteps=   128.8  copy=0.835  A(t)=1728  sim=31.5s
epoch   20150  HO=0.0576  meanSteps=   129.0  copy=0.825  A(t)=1728  sim=31.6s
epoch   20200  HO=0.0636  meanSteps=   128.9  copy=0.831  A(t)=1733  sim=31.6s
epoch   20250  HO=0.0554  meanSteps=   128.9  copy=0.833  A(t)=1733  sim=31.7s
epoch   20300  HO=0.0447  meanSteps=   128.8  copy=0.830  A(t)=1733  sim=31.8s
epoch   20350  HO=0.0252  meanSteps=   129.0  copy=0.833  A(t)=1733  sim=31.8s
epoch   20400  HO=0.0408  meanSteps=   129.0  copy=0.839  A(t)=1733  sim=31.9s
epoch   20450  HO=0.0262  meanSteps=   129.0  copy=0.813  A(t)=1739  sim=32.0s
epoch   20500  HO=0.0617  meanSteps=   128.8  copy=0.794  A(t)=1740  sim=32.1s
epoch   20550  HO=0.0292  meanSteps=   128.8  copy=0.804  A(t)=1744  sim=32.1s
epoch   20600  HO=0.0714  meanSteps=   128.6  copy=0.822  A(t)=1754  sim=32.2s
epoch   20650  HO=0.0453  meanSteps=   128.8  copy=0.829  A(t)=1754  sim=32.3s
epoch   20700  HO=0.1413  meanSteps=   128.9  copy=0.859  A(t)=1754  sim=32.3s
epoch   20750  HO=0.0630  meanSteps=   129.0  copy=0.853  A(t)=1754  sim=32.4s
epoch   20800  HO=0.0708  meanSteps=   129.0  copy=0.874  A(t)=1754  sim=32.5s
epoch   20850  HO=0.0554  meanSteps=   128.9  copy=0.869  A(t)=1755  sim=32.5s
epoch   20900  HO=0.0254  meanSteps=   129.0  copy=0.850  A(t)=1756  sim=32.6s
epoch   20950  HO=0.0099  meanSteps=   129.0  copy=0.846  A(t)=1758  sim=32.7s
epoch   21000  HO=0.0405  meanSteps=   128.8  copy=0.849  A(t)=1758  sim=32.8s
epoch   21050  HO=0.0083  meanSteps=   128.9  copy=0.849  A(t)=1771  sim=32.8s
epoch   21100  HO=0.0357  meanSteps=   129.0  copy=0.855  A(t)=1771  sim=32.9s
epoch   21150  HO=0.0690  meanSteps=   128.9  copy=0.854  A(t)=1771  sim=33.0s
epoch   21200  HO=0.1053  meanSteps=   128.7  copy=0.864  A(t)=1771  sim=33.0s
epoch   21250  HO=0.0839  meanSteps=   128.9  copy=0.885  A(t)=1771  sim=33.1s
epoch   21300  HO=0.0831  meanSteps=   128.8  copy=0.870  A(t)=1771  sim=33.2s
epoch   21350  HO=0.1175  meanSteps=   128.8  copy=0.863  A(t)=1771  sim=33.2s
epoch   21400  HO=0.0830  meanSteps=   128.7  copy=0.830  A(t)=1777  sim=33.3s
epoch   21450  HO=0.1020  meanSteps=   128.8  copy=0.844  A(t)=1777  sim=33.4s
epoch   21500  HO=0.0908  meanSteps=   128.7  copy=0.839  A(t)=1777  sim=33.4s
epoch   21550  HO=0.1008  meanSteps=   128.8  copy=0.846  A(t)=1780  sim=33.5s
epoch   21600  HO=0.1005  meanSteps=   128.9  copy=0.869  A(t)=1780  sim=33.6s
epoch   21650  HO=0.0838  meanSteps=   128.9  copy=0.854  A(t)=1780  sim=33.6s
epoch   21700  HO=0.0770  meanSteps=   128.7  copy=0.859  A(t)=1780  sim=33.7s
epoch   21750  HO=0.1044  meanSteps=   128.9  copy=0.867  A(t)=1780  sim=33.8s
epoch   21800  HO=0.1355  meanSteps=   128.9  copy=0.861  A(t)=1788  sim=33.9s
epoch   21850  HO=0.1109  meanSteps=   128.8  copy=0.863  A(t)=1789  sim=33.9s
epoch   21900  HO=0.0690  meanSteps=   128.8  copy=0.873  A(t)=1789  sim=34.0s
epoch   21950  HO=0.0533  meanSteps=   128.7  copy=0.868  A(t)=1789  sim=34.1s
epoch   22000  HO=0.0705  meanSteps=   128.7  copy=0.867  A(t)=1789  sim=34.1s
epoch   22050  HO=0.0567  meanSteps=   128.9  copy=0.865  A(t)=1789  sim=34.2s
epoch   22100  HO=0.0762  meanSteps=   128.9  copy=0.871  A(t)=1789  sim=34.3s
epoch   22150  HO=0.0687  meanSteps=   128.8  copy=0.858  A(t)=1792  sim=34.3s
epoch   22200  HO=0.0753  meanSteps=   128.8  copy=0.844  A(t)=1796  sim=34.4s
epoch   22250  HO=0.0857  meanSteps=   128.9  copy=0.826  A(t)=1796  sim=34.5s
epoch   22300  HO=0.0456  meanSteps=   129.0  copy=0.839  A(t)=1796  sim=34.5s
epoch   22350  HO=0.0830  meanSteps=   128.8  copy=0.851  A(t)=1797  sim=34.6s
epoch   22400  HO=0.0990  meanSteps=   128.9  copy=0.840  A(t)=1797  sim=34.7s
epoch   22450  HO=0.0607  meanSteps=   128.9  copy=0.839  A(t)=1797  sim=34.8s
epoch   22500  HO=0.0248  meanSteps=   128.8  copy=0.845  A(t)=1797  sim=34.8s
epoch   22550  HO=-0.0112  meanSteps=   128.8  copy=0.856  A(t)=1798  sim=34.9s
epoch   22600  HO=0.0229  meanSteps=   128.8  copy=0.845  A(t)=1798  sim=35.0s
epoch   22650  HO=0.0512  meanSteps=   128.6  copy=0.860  A(t)=1798  sim=35.0s
epoch   22700  HO=0.0602  meanSteps=   128.8  copy=0.885  A(t)=1803  sim=35.1s
epoch   22750  HO=0.0594  meanSteps=   128.9  copy=0.887  A(t)=1803  sim=35.2s
epoch   22800  HO=0.0735  meanSteps=   128.9  copy=0.869  A(t)=1803  sim=35.2s
epoch   22850  HO=0.0715  meanSteps=   128.9  copy=0.877  A(t)=1804  sim=35.3s
epoch   22900  HO=0.0682  meanSteps=   129.0  copy=0.873  A(t)=1805  sim=35.4s
epoch   22950  HO=0.0416  meanSteps=   129.0  copy=0.858  A(t)=1805  sim=35.4s
epoch   23000  HO=0.0429  meanSteps=   129.0  copy=0.830  A(t)=1809  sim=35.5s
epoch   23050  HO=0.0379  meanSteps=   128.8  copy=0.840  A(t)=1812  sim=35.6s
epoch   23100  HO=0.0545  meanSteps=   128.9  copy=0.828  A(t)=1822  sim=35.6s
epoch   23150  HO=0.1021  meanSteps=   129.0  copy=0.848  A(t)=1825  sim=35.7s
epoch   23200  HO=0.0319  meanSteps=   129.0  copy=0.844  A(t)=1829  sim=35.8s
epoch   23250  HO=0.0139  meanSteps=   128.9  copy=0.845  A(t)=1830  sim=35.8s
epoch   23300  HO=0.0414  meanSteps=   128.8  copy=0.835  A(t)=1835  sim=35.9s
epoch   23350  HO=0.0525  meanSteps=   128.8  copy=0.826  A(t)=1836  sim=36.0s
epoch   23400  HO=0.0268  meanSteps=   128.7  copy=0.828  A(t)=1839  sim=36.1s
epoch   23450  HO=0.0861  meanSteps=   128.8  copy=0.845  A(t)=1839  sim=36.1s
epoch   23500  HO=0.0922  meanSteps=   128.7  copy=0.841  A(t)=1847  sim=36.2s
epoch   23550  HO=0.1025  meanSteps=   128.5  copy=0.813  A(t)=1847  sim=36.3s
epoch   23600  HO=0.1134  meanSteps=   145.2  copy=0.814  A(t)=1847  sim=36.3s
epoch   23650  HO=0.1012  meanSteps=   142.7  copy=0.828  A(t)=1847  sim=36.4s
epoch   23700  HO=0.1698  meanSteps=   128.8  copy=0.840  A(t)=1847  sim=36.5s
epoch   23750  HO=0.1393  meanSteps=   128.8  copy=0.850  A(t)=1848  sim=36.5s
epoch   23800  HO=0.1514  meanSteps=   128.8  copy=0.849  A(t)=1848  sim=36.6s
epoch   23850  HO=0.0882  meanSteps=   128.8  copy=0.840  A(t)=1850  sim=36.7s
epoch   23900  HO=0.0802  meanSteps=   128.9  copy=0.851  A(t)=1850  sim=36.8s
epoch   23950  HO=0.0954  meanSteps=   128.7  copy=0.844  A(t)=1850  sim=36.8s
epoch   24000  HO=0.0781  meanSteps=   128.9  copy=0.852  A(t)=1850  sim=36.9s
epoch   24050  HO=0.0897  meanSteps=   128.8  copy=0.847  A(t)=1850  sim=37.0s
epoch   24100  HO=0.0428  meanSteps=   128.8  copy=0.816  A(t)=1850  sim=37.0s
epoch   24150  HO=0.0115  meanSteps=   128.8  copy=0.820  A(t)=1851  sim=37.1s
epoch   24200  HO=0.0881  meanSteps=   128.7  copy=0.806  A(t)=1851  sim=37.2s
epoch   24250  HO=0.0172  meanSteps=   128.7  copy=0.796  A(t)=1851  sim=37.2s
epoch   24300  HO=0.0452  meanSteps=   128.6  copy=0.801  A(t)=1851  sim=37.3s
epoch   24350  HO=0.0918  meanSteps=   128.7  copy=0.822  A(t)=1853  sim=37.4s
epoch   24400  HO=0.0785  meanSteps=   128.7  copy=0.830  A(t)=1853  sim=37.4s
epoch   24450  HO=0.0905  meanSteps=   128.7  copy=0.832  A(t)=1857  sim=37.5s
epoch   24500  HO=0.1055  meanSteps=   128.6  copy=0.824  A(t)=1857  sim=37.6s
epoch   24550  HO=0.0789  meanSteps=   128.8  copy=0.836  A(t)=1857  sim=37.6s
epoch   24600  HO=0.0681  meanSteps=   128.6  copy=0.831  A(t)=1865  sim=37.7s
epoch   24650  HO=0.0491  meanSteps=   128.8  copy=0.828  A(t)=1866  sim=37.8s
epoch   24700  HO=0.0503  meanSteps=   128.8  copy=0.818  A(t)=1867  sim=37.8s
epoch   24750  HO=0.0256  meanSteps=   128.6  copy=0.807  A(t)=1867  sim=37.9s
epoch   24800  HO=0.0539  meanSteps=   128.3  copy=0.825  A(t)=1867  sim=38.0s
epoch   24850  HO=0.0654  meanSteps=   128.5  copy=0.819  A(t)=1867  sim=38.0s
epoch   24900  HO=0.0731  meanSteps=   128.5  copy=0.805  A(t)=1867  sim=38.1s
epoch   24950  HO=0.0095  meanSteps=   128.4  copy=0.810  A(t)=1871  sim=38.2s
epoch   25000  HO=0.0349  meanSteps=   128.4  copy=0.829  A(t)=1875  sim=38.3s
epoch   25050  HO=0.0231  meanSteps=   128.6  copy=0.846  A(t)=1876  sim=38.3s
epoch   25100  HO=0.0656  meanSteps=   128.8  copy=0.849  A(t)=1877  sim=38.4s
epoch   25150  HO=0.0953  meanSteps=   128.8  copy=0.843  A(t)=1880  sim=38.5s
epoch   25200  HO=0.0470  meanSteps=   128.6  copy=0.836  A(t)=1885  sim=38.5s
epoch   25250  HO=0.0606  meanSteps=   128.2  copy=0.831  A(t)=1885  sim=38.6s
epoch   25300  HO=0.1207  meanSteps=   128.3  copy=0.816  A(t)=1886  sim=38.7s
epoch   25350  HO=0.0295  meanSteps=   128.3  copy=0.828  A(t)=1886  sim=38.7s
epoch   25400  HO=0.0036  meanSteps=   128.5  copy=0.838  A(t)=1890  sim=38.8s
epoch   25450  HO=0.0392  meanSteps=   128.6  copy=0.850  A(t)=1892  sim=38.9s
epoch   25500  HO=0.0072  meanSteps=   128.6  copy=0.838  A(t)=1892  sim=39.0s
epoch   25550  HO=0.0674  meanSteps=   128.8  copy=0.829  A(t)=1894  sim=39.0s
epoch   25600  HO=0.0361  meanSteps=   128.9  copy=0.836  A(t)=1894  sim=39.1s
epoch   25650  HO=0.0438  meanSteps=   128.7  copy=0.850  A(t)=1896  sim=39.2s
epoch   25700  HO=0.0862  meanSteps=   129.0  copy=0.847  A(t)=1906  sim=39.2s
epoch   25750  HO=-0.0149  meanSteps=   128.7  copy=0.860  A(t)=1906  sim=39.3s
epoch   25800  HO=0.0089  meanSteps=   128.8  copy=0.868  A(t)=1906  sim=39.4s
epoch   25850  HO=0.0215  meanSteps=   128.9  copy=0.888  A(t)=1906  sim=39.4s
epoch   25900  HO=0.0092  meanSteps=   129.0  copy=0.874  A(t)=1906  sim=39.5s
epoch   25950  HO=0.0550  meanSteps=   128.9  copy=0.852  A(t)=1906  sim=39.6s
epoch   26000  HO=0.0664  meanSteps=   128.8  copy=0.844  A(t)=1906  sim=39.6s
epoch   26050  HO=0.0555  meanSteps=   128.8  copy=0.851  A(t)=1906  sim=39.7s
epoch   26100  HO=0.1305  meanSteps=   128.8  copy=0.856  A(t)=1906  sim=39.8s
epoch   26150  HO=0.0869  meanSteps=   128.8  copy=0.852  A(t)=1907  sim=39.8s
epoch   26200  HO=0.0843  meanSteps=   128.8  copy=0.857  A(t)=1907  sim=39.9s
epoch   26250  HO=0.0798  meanSteps=   128.8  copy=0.846  A(t)=1907  sim=40.0s
epoch   26300  HO=0.0677  meanSteps=   128.8  copy=0.854  A(t)=1911  sim=40.0s
epoch   26350  HO=0.0960  meanSteps=   128.6  copy=0.854  A(t)=1911  sim=40.1s
epoch   26400  HO=0.0393  meanSteps=   128.7  copy=0.847  A(t)=1911  sim=40.2s
epoch   26450  HO=0.0369  meanSteps=   128.9  copy=0.854  A(t)=1911  sim=40.2s
epoch   26500  HO=0.0613  meanSteps=   128.7  copy=0.873  A(t)=1911  sim=40.3s
epoch   26550  HO=0.0457  meanSteps=   128.7  copy=0.867  A(t)=1911  sim=40.4s
epoch   26600  HO=0.1165  meanSteps=   128.4  copy=0.847  A(t)=1911  sim=40.5s
epoch   26650  HO=0.1032  meanSteps=   128.4  copy=0.804  A(t)=1911  sim=40.5s
epoch   26700  HO=0.0323  meanSteps=   128.7  copy=0.788  A(t)=1912  sim=40.6s
epoch   26750  HO=0.0083  meanSteps=   128.7  copy=0.790  A(t)=1912  sim=40.7s
epoch   26800  HO=0.0184  meanSteps=   128.7  copy=0.795  A(t)=1912  sim=40.7s
epoch   26850  HO=0.0842  meanSteps=   128.6  copy=0.790  A(t)=1912  sim=40.8s
epoch   26900  HO=0.0612  meanSteps=   128.8  copy=0.809  A(t)=1918  sim=40.9s
epoch   26950  HO=0.0185  meanSteps=   128.7  copy=0.822  A(t)=1918  sim=41.0s
epoch   27000  HO=0.0971  meanSteps=   128.7  copy=0.830  A(t)=1918  sim=41.0s
epoch   27050  HO=0.0874  meanSteps=   129.0  copy=0.843  A(t)=1918  sim=41.1s
epoch   27100  HO=0.1087  meanSteps=   128.8  copy=0.846  A(t)=1918  sim=41.2s
epoch   27150  HO=0.1288  meanSteps=   128.9  copy=0.847  A(t)=1918  sim=41.2s
epoch   27200  HO=0.0533  meanSteps=   128.8  copy=0.842  A(t)=1919  sim=41.3s
epoch   27250  HO=0.0732  meanSteps=   128.7  copy=0.834  A(t)=1920  sim=41.4s
epoch   27300  HO=0.1113  meanSteps=   128.8  copy=0.826  A(t)=1920  sim=41.5s
epoch   27350  HO=0.1127  meanSteps=   128.6  copy=0.849  A(t)=1923  sim=41.5s
epoch   27400  HO=0.0476  meanSteps=   128.7  copy=0.843  A(t)=1924  sim=41.6s
epoch   27450  HO=0.0723  meanSteps=   128.9  copy=0.844  A(t)=1924  sim=41.7s
epoch   27500  HO=0.0777  meanSteps=   128.9  copy=0.841  A(t)=1924  sim=41.7s
epoch   27550  HO=0.0680  meanSteps=   129.0  copy=0.855  A(t)=1924  sim=41.8s
epoch   27600  HO=0.0331  meanSteps=   128.9  copy=0.849  A(t)=1924  sim=41.9s
epoch   27650  HO=0.0330  meanSteps=   128.8  copy=0.844  A(t)=1925  sim=42.0s
epoch   27700  HO=0.0139  meanSteps=   128.7  copy=0.838  A(t)=1926  sim=42.0s
epoch   27750  HO=0.0701  meanSteps=   128.8  copy=0.831  A(t)=1926  sim=42.1s
epoch   27800  HO=0.0338  meanSteps=   128.4  copy=0.834  A(t)=1926  sim=42.2s
epoch   27850  HO=0.0561  meanSteps=   128.4  copy=0.841  A(t)=1926  sim=42.2s
epoch   27900  HO=0.0637  meanSteps=   128.4  copy=0.838  A(t)=1928  sim=42.3s
epoch   27950  HO=0.0339  meanSteps=   128.7  copy=0.821  A(t)=1929  sim=42.4s
epoch   28000  HO=0.0435  meanSteps=   140.7  copy=0.827  A(t)=1930  sim=42.4s
epoch   28050  HO=0.0439  meanSteps=   128.6  copy=0.819  A(t)=1931  sim=42.5s
epoch   28100  HO=0.0794  meanSteps=   128.6  copy=0.819  A(t)=1934  sim=42.6s
epoch   28150  HO=0.0552  meanSteps=   128.7  copy=0.825  A(t)=1935  sim=42.6s
epoch   28200  HO=0.0626  meanSteps=   128.8  copy=0.840  A(t)=1938  sim=42.7s
epoch   28250  HO=0.0408  meanSteps=   142.7  copy=0.822  A(t)=1938  sim=42.8s
epoch   28300  HO=0.0176  meanSteps=   128.5  copy=0.840  A(t)=1942  sim=42.9s
epoch   28350  HO=0.0095  meanSteps=   128.8  copy=0.841  A(t)=1942  sim=42.9s
epoch   28400  HO=0.0607  meanSteps=   128.7  copy=0.838  A(t)=1942  sim=43.0s
epoch   28450  HO=0.0502  meanSteps=   128.6  copy=0.824  A(t)=1942  sim=43.1s
epoch   28500  HO=0.0896  meanSteps=   128.5  copy=0.811  A(t)=1942  sim=43.1s
epoch   28550  HO=0.0781  meanSteps=   128.7  copy=0.815  A(t)=1948  sim=43.2s
epoch   28600  HO=0.0447  meanSteps=   128.9  copy=0.831  A(t)=1950  sim=43.3s
epoch   28650  HO=0.0211  meanSteps=   141.8  copy=0.820  A(t)=1950  sim=43.3s
epoch   28700  HO=0.0762  meanSteps=   131.8  copy=0.791  A(t)=1952  sim=43.4s
epoch   28750  HO=0.0462  meanSteps=   128.8  copy=0.814  A(t)=1954  sim=43.5s
epoch   28800  HO=0.0533  meanSteps=   128.9  copy=0.813  A(t)=1954  sim=43.5s
epoch   28850  HO=0.0527  meanSteps=   128.8  copy=0.800  A(t)=1954  sim=43.6s
epoch   28900  HO=0.0525  meanSteps=   128.9  copy=0.821  A(t)=1964  sim=43.7s
epoch   28950  HO=0.0581  meanSteps=   128.9  copy=0.821  A(t)=1965  sim=43.8s
epoch   29000  HO=0.0693  meanSteps=   129.0  copy=0.828  A(t)=1968  sim=43.8s
epoch   29050  HO=0.0485  meanSteps=   128.9  copy=0.838  A(t)=1968  sim=43.9s
epoch   29100  HO=0.0621  meanSteps=   128.7  copy=0.821  A(t)=1968  sim=44.0s
epoch   29150  HO=0.0339  meanSteps=   128.7  copy=0.810  A(t)=1968  sim=44.0s
epoch   29200  HO=0.0429  meanSteps=   128.8  copy=0.811  A(t)=1968  sim=44.1s
epoch   29250  HO=0.0831  meanSteps=   128.8  copy=0.816  A(t)=1973  sim=44.2s
epoch   29300  HO=0.0578  meanSteps=   128.7  copy=0.806  A(t)=1974  sim=44.2s
epoch   29350  HO=0.0478  meanSteps=   128.5  copy=0.807  A(t)=1974  sim=44.3s
epoch   29400  HO=0.0401  meanSteps=   128.7  copy=0.829  A(t)=1974  sim=44.4s
epoch   29450  HO=0.0195  meanSteps=   128.7  copy=0.838  A(t)=1974  sim=44.4s
epoch   29500  HO=0.0490  meanSteps=   129.0  copy=0.824  A(t)=1974  sim=44.5s
epoch   29550  HO=0.0192  meanSteps=   128.9  copy=0.816  A(t)=1974  sim=44.6s
epoch   29600  HO=0.0082  meanSteps=   129.0  copy=0.807  A(t)=1975  sim=44.6s
epoch   29650  HO=0.0073  meanSteps=   128.9  copy=0.825  A(t)=1975  sim=44.7s
epoch   29700  HO=0.0178  meanSteps=   128.8  copy=0.837  A(t)=1975  sim=44.8s
epoch   29750  HO=0.0098  meanSteps=   128.7  copy=0.836  A(t)=1975  sim=44.8s
epoch   29800  HO=0.0515  meanSteps=   128.6  copy=0.849  A(t)=1975  sim=44.9s
epoch   29850  HO=0.0207  meanSteps=   128.7  copy=0.830  A(t)=1975  sim=45.0s
epoch   29900  HO=0.1422  meanSteps=   128.7  copy=0.831  A(t)=1979  sim=45.0s
epoch   29950  HO=0.1098  meanSteps=   128.6  copy=0.838  A(t)=1981  sim=45.1s
epoch   30000  HO=0.1120  meanSteps=   128.7  copy=0.830  A(t)=1981  sim=45.2s
epoch   30050  HO=0.1006  meanSteps=   128.5  copy=0.841  A(t)=1982  sim=45.3s
epoch   30100  HO=0.1026  meanSteps=   128.6  copy=0.832  A(t)=1983  sim=45.3s
epoch   30150  HO=0.0411  meanSteps=   128.6  copy=0.833  A(t)=1988  sim=45.4s
epoch   30200  HO=0.0835  meanSteps=   128.5  copy=0.838  A(t)=1991  sim=45.5s
epoch   30250  HO=0.0913  meanSteps=   128.7  copy=0.837  A(t)=1996  sim=45.5s
epoch   30300  HO=0.0686  meanSteps=   128.5  copy=0.831  A(t)=1996  sim=45.6s
epoch   30350  HO=0.0067  meanSteps=   128.8  copy=0.830  A(t)=1996  sim=45.7s
epoch   30400  HO=-0.0024  meanSteps=   128.7  copy=0.839  A(t)=2008  sim=45.7s
epoch   30450  HO=0.0636  meanSteps=   128.8  copy=0.833  A(t)=2014  sim=45.8s
epoch   30500  HO=0.0703  meanSteps=   128.9  copy=0.837  A(t)=2017  sim=45.9s
epoch   30550  HO=0.0630  meanSteps=   128.8  copy=0.821  A(t)=2018  sim=45.9s
epoch   30600  HO=0.0553  meanSteps=   128.7  copy=0.825  A(t)=2019  sim=46.0s
epoch   30650  HO=0.0296  meanSteps=   128.7  copy=0.828  A(t)=2020  sim=46.1s
epoch   30700  HO=0.0321  meanSteps=   128.7  copy=0.831  A(t)=2020  sim=46.2s
epoch   30750  HO=0.0223  meanSteps=   128.6  copy=0.839  A(t)=2020  sim=46.2s
epoch   30800  HO=0.0277  meanSteps=   128.3  copy=0.818  A(t)=2020  sim=46.3s
epoch   30850  HO=0.0407  meanSteps=   128.4  copy=0.805  A(t)=2020  sim=46.4s
epoch   30900  HO=0.0564  meanSteps=   128.5  copy=0.806  A(t)=2020  sim=46.4s
epoch   30950  HO=0.0694  meanSteps=   128.8  copy=0.818  A(t)=2021  sim=46.5s
epoch   31000  HO=0.0876  meanSteps=   128.8  copy=0.832  A(t)=2023  sim=46.6s
epoch   31050  HO=0.0603  meanSteps=   128.7  copy=0.841  A(t)=2023  sim=46.6s
epoch   31100  HO=0.0333  meanSteps=   128.8  copy=0.831  A(t)=2034  sim=46.7s
epoch   31150  HO=0.0423  meanSteps=   128.7  copy=0.824  A(t)=2034  sim=46.8s
epoch   31200  HO=0.0296  meanSteps=   128.8  copy=0.827  A(t)=2037  sim=46.8s
epoch   31250  HO=0.0072  meanSteps=   128.8  copy=0.845  A(t)=2037  sim=46.9s
epoch   31300  HO=0.0149  meanSteps=   128.9  copy=0.842  A(t)=2039  sim=47.0s
epoch   31350  HO=0.0193  meanSteps=   129.0  copy=0.837  A(t)=2040  sim=47.1s
epoch   31400  HO=0.0176  meanSteps=   128.8  copy=0.839  A(t)=2040  sim=47.1s
epoch   31450  HO=0.0056  meanSteps=   128.9  copy=0.847  A(t)=2040  sim=47.2s
epoch   31500  HO=0.1005  meanSteps=   128.9  copy=0.841  A(t)=2041  sim=47.3s
epoch   31550  HO=0.0597  meanSteps=   128.9  copy=0.835  A(t)=2050  sim=47.4s
epoch   31600  HO=0.0336  meanSteps=   128.9  copy=0.837  A(t)=2050  sim=47.4s
epoch   31650  HO=0.0605  meanSteps=   128.9  copy=0.847  A(t)=2050  sim=47.5s
epoch   31700  HO=0.0689  meanSteps=   128.9  copy=0.873  A(t)=2050  sim=47.6s
epoch   31750  HO=0.0861  meanSteps=   128.7  copy=0.860  A(t)=2051  sim=47.6s
epoch   31800  HO=0.1091  meanSteps=   128.9  copy=0.868  A(t)=2051  sim=47.7s
epoch   31850  HO=0.0815  meanSteps=   128.9  copy=0.856  A(t)=2054  sim=47.8s
epoch   31900  HO=0.0466  meanSteps=   128.8  copy=0.863  A(t)=2054  sim=47.9s
epoch   31950  HO=0.0963  meanSteps=   129.0  copy=0.868  A(t)=2054  sim=47.9s
epoch   32000  HO=0.1111  meanSteps=   129.0  copy=0.874  A(t)=2054  sim=48.0s
epoch   32050  HO=0.1137  meanSteps=   128.9  copy=0.866  A(t)=2056  sim=48.1s
epoch   32100  HO=0.1613  meanSteps=   128.8  copy=0.864  A(t)=2056  sim=48.1s
epoch   32150  HO=0.1242  meanSteps=   128.9  copy=0.846  A(t)=2056  sim=48.2s
epoch   32200  HO=0.1416  meanSteps=   129.0  copy=0.866  A(t)=2056  sim=48.3s
epoch   32250  HO=0.1542  meanSteps=   129.0  copy=0.845  A(t)=2056  sim=48.4s
epoch   32300  HO=0.1357  meanSteps=   129.0  copy=0.840  A(t)=2056  sim=48.4s
epoch   32350  HO=0.1339  meanSteps=   128.8  copy=0.852  A(t)=2056  sim=48.5s
epoch   32400  HO=0.0759  meanSteps=   128.9  copy=0.844  A(t)=2056  sim=48.6s
epoch   32450  HO=0.0683  meanSteps=   128.9  copy=0.848  A(t)=2056  sim=48.6s
epoch   32500  HO=0.0940  meanSteps=   128.9  copy=0.838  A(t)=2056  sim=48.7s
epoch   32550  HO=0.0571  meanSteps=   128.7  copy=0.847  A(t)=2056  sim=48.8s
epoch   32600  HO=0.1064  meanSteps=   128.4  copy=0.845  A(t)=2056  sim=48.8s
epoch   32650  HO=0.0568  meanSteps=   128.4  copy=0.847  A(t)=2056  sim=48.9s
epoch   32700  HO=0.0469  meanSteps=   128.5  copy=0.834  A(t)=2056  sim=49.0s
epoch   32750  HO=0.0643  meanSteps=   128.5  copy=0.829  A(t)=2056  sim=49.1s
epoch   32800  HO=0.0809  meanSteps=   128.5  copy=0.804  A(t)=2056  sim=49.1s
epoch   32850  HO=0.0801  meanSteps=   128.6  copy=0.771  A(t)=2056  sim=49.2s
epoch   32900  HO=0.0890  meanSteps=   128.1  copy=0.779  A(t)=2056  sim=49.3s
epoch   32950  HO=0.0820  meanSteps=   128.5  copy=0.800  A(t)=2057  sim=49.3s
epoch   33000  HO=0.0821  meanSteps=   128.7  copy=0.809  A(t)=2059  sim=49.4s
epoch   33050  HO=0.1332  meanSteps=   128.8  copy=0.795  A(t)=2059  sim=49.5s
epoch   33100  HO=0.0932  meanSteps=   128.8  copy=0.808  A(t)=2059  sim=49.6s
epoch   33150  HO=0.0797  meanSteps=   128.5  copy=0.819  A(t)=2065  sim=49.6s
epoch   33200  HO=0.0452  meanSteps=   128.6  copy=0.823  A(t)=2068  sim=49.7s
epoch   33250  HO=0.0724  meanSteps=   128.8  copy=0.820  A(t)=2075  sim=49.8s
epoch   33300  HO=0.0476  meanSteps=   128.7  copy=0.805  A(t)=2075  sim=49.8s
epoch   33350  HO=0.0581  meanSteps=   128.8  copy=0.823  A(t)=2079  sim=49.9s
epoch   33400  HO=0.0701  meanSteps=   128.8  copy=0.840  A(t)=2080  sim=50.0s
epoch   33450  HO=0.0863  meanSteps=   128.9  copy=0.842  A(t)=2080  sim=50.0s
epoch   33500  HO=0.0725  meanSteps=   128.9  copy=0.833  A(t)=2080  sim=50.1s
epoch   33550  HO=0.0624  meanSteps=   128.7  copy=0.827  A(t)=2081  sim=50.2s
epoch   33600  HO=0.0591  meanSteps=   128.6  copy=0.822  A(t)=2082  sim=50.2s
epoch   33650  HO=0.0537  meanSteps=   128.6  copy=0.837  A(t)=2082  sim=50.3s
epoch   33700  HO=0.0270  meanSteps=   128.7  copy=0.840  A(t)=2082  sim=50.4s
epoch   33750  HO=0.0658  meanSteps=   128.5  copy=0.829  A(t)=2082  sim=50.5s
epoch   33800  HO=0.0575  meanSteps=   128.5  copy=0.822  A(t)=2082  sim=50.5s
epoch   33850  HO=0.0322  meanSteps=   128.4  copy=0.822  A(t)=2082  sim=50.6s
epoch   33900  HO=0.0371  meanSteps=   128.6  copy=0.827  A(t)=2082  sim=50.7s
epoch   33950  HO=0.0471  meanSteps=   128.8  copy=0.834  A(t)=2084  sim=50.7s
epoch   34000  HO=0.0892  meanSteps=   128.7  copy=0.850  A(t)=2084  sim=50.8s
epoch   34050  HO=0.0572  meanSteps=   128.6  copy=0.846  A(t)=2084  sim=50.9s
epoch   34100  HO=0.0771  meanSteps=   128.8  copy=0.843  A(t)=2084  sim=50.9s
epoch   34150  HO=0.1218  meanSteps=   128.6  copy=0.830  A(t)=2084  sim=51.0s
epoch   34200  HO=0.0686  meanSteps=   128.7  copy=0.830  A(t)=2084  sim=51.1s
epoch   34250  HO=0.0196  meanSteps=   128.9  copy=0.838  A(t)=2084  sim=51.1s
epoch   34300  HO=0.0481  meanSteps=   128.6  copy=0.818  A(t)=2084  sim=51.2s
epoch   34350  HO=0.0485  meanSteps=   128.5  copy=0.811  A(t)=2084  sim=51.3s
epoch   34400  HO=0.0464  meanSteps=   128.6  copy=0.822  A(t)=2084  sim=51.4s
epoch   34450  HO=0.0355  meanSteps=   128.7  copy=0.831  A(t)=2084  sim=51.4s
epoch   34500  HO=0.0352  meanSteps=   129.0  copy=0.834  A(t)=2084  sim=51.5s
epoch   34550  HO=0.0099  meanSteps=   128.7  copy=0.839  A(t)=2084  sim=51.6s
epoch   34600  HO=0.0227  meanSteps=   128.7  copy=0.845  A(t)=2084  sim=51.6s
epoch   34650  HO=0.0022  meanSteps=   129.0  copy=0.850  A(t)=2084  sim=51.7s
epoch   34700  HO=0.0252  meanSteps=   128.9  copy=0.831  A(t)=2090  sim=51.8s
epoch   34750  HO=0.0345  meanSteps=   128.8  copy=0.833  A(t)=2091  sim=51.9s
epoch   34800  HO=0.0593  meanSteps=   128.8  copy=0.833  A(t)=2091  sim=51.9s
epoch   34850  HO=0.0393  meanSteps=   128.8  copy=0.838  A(t)=2091  sim=52.0s
epoch   34900  HO=-0.0031  meanSteps=   128.7  copy=0.826  A(t)=2091  sim=52.1s
epoch   34950  HO=0.0098  meanSteps=   128.8  copy=0.827  A(t)=2091  sim=52.1s
epoch   35000  HO=0.0077  meanSteps=   128.8  copy=0.846  A(t)=2091  sim=52.2s
epoch   35050  HO=0.0327  meanSteps=   128.7  copy=0.850  A(t)=2094  sim=52.3s
epoch   35100  HO=0.0171  meanSteps=   128.8  copy=0.839  A(t)=2094  sim=52.3s
epoch   35150  HO=0.0136  meanSteps=   128.7  copy=0.821  A(t)=2094  sim=52.4s
epoch   35200  HO=0.0505  meanSteps=   128.6  copy=0.827  A(t)=2094  sim=52.5s
epoch   35250  HO=0.0691  meanSteps=   132.4  copy=0.817  A(t)=2102  sim=52.6s
epoch   35300  HO=0.0584  meanSteps=   128.8  copy=0.816  A(t)=2102  sim=52.6s
epoch   35350  HO=0.0270  meanSteps=   128.8  copy=0.827  A(t)=2103  sim=52.7s
epoch   35400  HO=0.0263  meanSteps=   128.8  copy=0.825  A(t)=2103  sim=52.8s
epoch   35450  HO=0.0341  meanSteps=   128.8  copy=0.819  A(t)=2103  sim=52.8s
epoch   35500  HO=0.0509  meanSteps=   128.8  copy=0.844  A(t)=2103  sim=52.9s
epoch   35550  HO=0.0798  meanSteps=   128.7  copy=0.835  A(t)=2103  sim=53.0s
epoch   35600  HO=0.0186  meanSteps=   128.7  copy=0.824  A(t)=2103  sim=53.1s
epoch   35650  HO=0.0328  meanSteps=   128.8  copy=0.806  A(t)=2108  sim=53.1s
epoch   35700  HO=0.0906  meanSteps=   128.7  copy=0.793  A(t)=2108  sim=53.2s
epoch   35750  HO=0.0983  meanSteps=   128.7  copy=0.793  A(t)=2108  sim=53.3s
epoch   35800  HO=0.0892  meanSteps=   128.5  copy=0.802  A(t)=2109  sim=53.3s
epoch   35850  HO=0.0930  meanSteps=   128.7  copy=0.803  A(t)=2113  sim=53.4s
epoch   35900  HO=0.1178  meanSteps=   128.8  copy=0.799  A(t)=2113  sim=53.5s
epoch   35950  HO=0.1537  meanSteps=   128.9  copy=0.815  A(t)=2115  sim=53.5s
epoch   36000  HO=0.0486  meanSteps=   128.7  copy=0.835  A(t)=2117  sim=53.6s
epoch   36050  HO=0.0660  meanSteps=   128.7  copy=0.834  A(t)=2117  sim=53.7s
epoch   36100  HO=0.0759  meanSteps=   128.6  copy=0.820  A(t)=2117  sim=53.7s
epoch   36150  HO=0.0755  meanSteps=   128.6  copy=0.820  A(t)=2118  sim=53.8s
epoch   36200  HO=0.0433  meanSteps=   128.5  copy=0.831  A(t)=2118  sim=53.9s
epoch   36250  HO=0.0901  meanSteps=   128.5  copy=0.831  A(t)=2118  sim=53.9s
epoch   36300  HO=0.0931  meanSteps=   128.4  copy=0.815  A(t)=2118  sim=54.0s
epoch   36350  HO=0.1034  meanSteps=   128.5  copy=0.803  A(t)=2118  sim=54.1s
epoch   36400  HO=0.1415  meanSteps=   128.7  copy=0.807  A(t)=2118  sim=54.2s
epoch   36450  HO=0.1289  meanSteps=   128.7  copy=0.813  A(t)=2118  sim=54.2s
epoch   36500  HO=0.0855  meanSteps=   128.6  copy=0.812  A(t)=2119  sim=54.3s
epoch   36550  HO=0.1138  meanSteps=   128.9  copy=0.808  A(t)=2119  sim=54.4s
epoch   36600  HO=0.1491  meanSteps=   128.9  copy=0.813  A(t)=2125  sim=54.4s
epoch   36650  HO=0.1114  meanSteps=   128.8  copy=0.812  A(t)=2129  sim=54.5s
epoch   36700  HO=0.0890  meanSteps=   128.8  copy=0.843  A(t)=2130  sim=54.6s
epoch   36750  HO=0.1131  meanSteps=   128.9  copy=0.837  A(t)=2130  sim=54.7s
epoch   36800  HO=0.1553  meanSteps=   128.9  copy=0.851  A(t)=2130  sim=54.7s
epoch   36850  HO=0.1078  meanSteps=   128.9  copy=0.829  A(t)=2132  sim=54.8s
epoch   36900  HO=0.1328  meanSteps=   128.8  copy=0.817  A(t)=2132  sim=54.9s
epoch   36950  HO=0.1032  meanSteps=   128.7  copy=0.809  A(t)=2133  sim=54.9s
epoch   37000  HO=0.0721  meanSteps=   128.7  copy=0.820  A(t)=2133  sim=55.0s
epoch   37050  HO=0.0924  meanSteps=   128.7  copy=0.817  A(t)=2139  sim=55.1s
epoch   37100  HO=0.0377  meanSteps=   128.5  copy=0.799  A(t)=2143  sim=55.1s
epoch   37150  HO=0.0890  meanSteps=   128.5  copy=0.811  A(t)=2147  sim=55.2s
epoch   37200  HO=0.0642  meanSteps=   128.5  copy=0.803  A(t)=2147  sim=55.3s
epoch   37250  HO=0.0488  meanSteps=   128.4  copy=0.797  A(t)=2151  sim=55.3s
epoch   37300  HO=0.0236  meanSteps=   128.6  copy=0.793  A(t)=2151  sim=55.4s
epoch   37350  HO=0.0926  meanSteps=   128.7  copy=0.794  A(t)=2151  sim=55.5s
epoch   37400  HO=0.0351  meanSteps=   128.8  copy=0.784  A(t)=2151  sim=55.6s
epoch   37450  HO=-0.0172  meanSteps=   128.7  copy=0.783  A(t)=2159  sim=55.6s
epoch   37500  HO=0.0448  meanSteps=   128.5  copy=0.786  A(t)=2161  sim=55.7s
epoch   37550  HO=0.0530  meanSteps=   128.3  copy=0.803  A(t)=2162  sim=55.8s
epoch   37600  HO=0.0631  meanSteps=   128.8  copy=0.798  A(t)=2165  sim=55.8s
epoch   37650  HO=0.0696  meanSteps=   128.8  copy=0.809  A(t)=2165  sim=55.9s
epoch   37700  HO=0.0812  meanSteps=   128.8  copy=0.824  A(t)=2166  sim=56.0s
epoch   37750  HO=0.0807  meanSteps=   128.9  copy=0.813  A(t)=2166  sim=56.0s
epoch   37800  HO=0.0284  meanSteps=   128.8  copy=0.838  A(t)=2167  sim=56.1s
epoch   37850  HO=0.0266  meanSteps=   128.9  copy=0.830  A(t)=2171  sim=56.2s
epoch   37900  HO=0.0178  meanSteps=   128.8  copy=0.841  A(t)=2171  sim=56.2s
epoch   37950  HO=-0.0307  meanSteps=   128.9  copy=0.855  A(t)=2172  sim=56.3s
epoch   38000  HO=0.0395  meanSteps=   129.0  copy=0.841  A(t)=2176  sim=56.4s
epoch   38050  HO=0.0535  meanSteps=   128.9  copy=0.854  A(t)=2176  sim=56.4s
epoch   38100  HO=-0.0011  meanSteps=   128.9  copy=0.846  A(t)=2176  sim=56.5s
epoch   38150  HO=-0.0353  meanSteps=   129.0  copy=0.841  A(t)=2182  sim=56.6s
epoch   38200  HO=0.0317  meanSteps=   128.9  copy=0.827  A(t)=2182  sim=56.7s
epoch   38250  HO=0.0331  meanSteps=   131.1  copy=0.836  A(t)=2182  sim=56.7s
epoch   38300  HO=0.0362  meanSteps=   128.8  copy=0.835  A(t)=2182  sim=56.8s
epoch   38350  HO=0.0856  meanSteps=   128.6  copy=0.828  A(t)=2182  sim=56.9s
epoch   38400  HO=0.0899  meanSteps=   128.8  copy=0.835  A(t)=2182  sim=56.9s
epoch   38450  HO=0.1248  meanSteps=   128.7  copy=0.831  A(t)=2182  sim=57.0s
epoch   38500  HO=0.0759  meanSteps=   128.7  copy=0.811  A(t)=2183  sim=57.1s
epoch   38550  HO=0.0832  meanSteps=   128.8  copy=0.807  A(t)=2183  sim=57.1s
epoch   38600  HO=0.0685  meanSteps=   128.9  copy=0.824  A(t)=2183  sim=57.2s
epoch   38650  HO=0.0615  meanSteps=   128.8  copy=0.821  A(t)=2184  sim=57.3s
epoch   38700  HO=0.0444  meanSteps=   128.9  copy=0.830  A(t)=2184  sim=57.4s
epoch   38750  HO=0.0100  meanSteps=   128.6  copy=0.824  A(t)=2184  sim=57.4s
epoch   38800  HO=0.0272  meanSteps=   128.6  copy=0.840  A(t)=2184  sim=57.5s
epoch   38850  HO=0.0790  meanSteps=   128.6  copy=0.850  A(t)=2184  sim=57.6s
epoch   38900  HO=0.0686  meanSteps=   128.5  copy=0.846  A(t)=2184  sim=57.6s
epoch   38950  HO=0.0125  meanSteps=   128.7  copy=0.842  A(t)=2185  sim=57.7s
epoch   39000  HO=0.0421  meanSteps=   128.8  copy=0.839  A(t)=2185  sim=57.8s
epoch   39050  HO=0.0887  meanSteps=   128.9  copy=0.841  A(t)=2185  sim=57.8s
epoch   39100  HO=0.0438  meanSteps=   128.8  copy=0.842  A(t)=2185  sim=57.9s
epoch   39150  HO=0.0446  meanSteps=   128.9  copy=0.851  A(t)=2185  sim=58.0s
epoch   39200  HO=0.0458  meanSteps=   128.7  copy=0.851  A(t)=2186  sim=58.0s
epoch   39250  HO=0.0583  meanSteps=   128.7  copy=0.836  A(t)=2187  sim=58.1s
epoch   39300  HO=0.0593  meanSteps=   128.8  copy=0.836  A(t)=2187  sim=58.2s
epoch   39350  HO=0.0776  meanSteps=   128.8  copy=0.855  A(t)=2187  sim=58.2s
epoch   39400  HO=0.0447  meanSteps=   129.4  copy=0.857  A(t)=2187  sim=58.3s
epoch   39450  HO=0.0174  meanSteps=   128.9  copy=0.861  A(t)=2187  sim=58.4s
epoch   39500  HO=0.0110  meanSteps=   128.7  copy=0.855  A(t)=2187  sim=58.5s
epoch   39550  HO=0.0219  meanSteps=   128.6  copy=0.852  A(t)=2187  sim=58.5s
epoch   39600  HO=0.0092  meanSteps=   128.8  copy=0.855  A(t)=2187  sim=58.6s
epoch   39650  HO=0.0020  meanSteps=   128.9  copy=0.843  A(t)=2187  sim=58.7s
epoch   39700  HO=-0.0139  meanSteps=   128.9  copy=0.835  A(t)=2187  sim=58.7s
epoch   39750  HO=0.0546  meanSteps=   129.0  copy=0.820  A(t)=2187  sim=58.8s
epoch   39800  HO=0.0088  meanSteps=   129.0  copy=0.837  A(t)=2187  sim=58.9s
epoch   39850  HO=0.0311  meanSteps=   128.9  copy=0.845  A(t)=2187  sim=58.9s
epoch   39900  HO=0.0403  meanSteps=   128.8  copy=0.845  A(t)=2187  sim=59.0s
epoch   39950  HO=0.0415  meanSteps=   128.5  copy=0.862  A(t)=2188  sim=59.1s
epoch   40000  HO=0.0559  meanSteps=   128.6  copy=0.859  A(t)=2188  sim=59.1s
epoch   40050  HO=0.0886  meanSteps=   128.7  copy=0.872  A(t)=2188  sim=59.2s
epoch   40100  HO=0.0447  meanSteps=   128.7  copy=0.868  A(t)=2188  sim=59.3s
epoch   40150  HO=0.0263  meanSteps=   128.6  copy=0.851  A(t)=2190  sim=59.3s
epoch   40200  HO=0.0726  meanSteps=   128.7  copy=0.842  A(t)=2190  sim=59.4s
epoch   40250  HO=0.1243  meanSteps=   128.4  copy=0.835  A(t)=2190  sim=59.5s
epoch   40300  HO=0.1095  meanSteps=   128.9  copy=0.821  A(t)=2190  sim=59.6s
epoch   40350  HO=0.1292  meanSteps=   128.9  copy=0.821  A(t)=2190  sim=59.6s
epoch   40400  HO=0.0332  meanSteps=   128.8  copy=0.810  A(t)=2190  sim=59.7s
epoch   40450  HO=0.0256  meanSteps=   128.8  copy=0.804  A(t)=2190  sim=59.8s
epoch   40500  HO=0.0308  meanSteps=   128.9  copy=0.824  A(t)=2190  sim=59.8s
epoch   40550  HO=0.0149  meanSteps=   128.7  copy=0.821  A(t)=2190  sim=59.9s
epoch   40600  HO=-0.0125  meanSteps=   128.6  copy=0.833  A(t)=2190  sim=60.0s
epoch   40650  HO=0.0316  meanSteps=   128.6  copy=0.840  A(t)=2190  sim=60.1s
epoch   40700  HO=0.0246  meanSteps=   128.8  copy=0.845  A(t)=2190  sim=60.1s
epoch   40750  HO=0.0295  meanSteps=   128.5  copy=0.845  A(t)=2190  sim=60.2s
epoch   40800  HO=0.0665  meanSteps=   128.9  copy=0.845  A(t)=2195  sim=60.3s
epoch   40850  HO=0.0657  meanSteps=   128.8  copy=0.838  A(t)=2195  sim=60.3s
epoch   40900  HO=0.0670  meanSteps=   128.7  copy=0.836  A(t)=2195  sim=60.4s
epoch   40950  HO=0.1094  meanSteps=   128.7  copy=0.834  A(t)=2196  sim=60.5s
epoch   41000  HO=0.0830  meanSteps=   128.8  copy=0.835  A(t)=2197  sim=60.5s
epoch   41050  HO=0.0277  meanSteps=   128.9  copy=0.846  A(t)=2197  sim=60.6s
epoch   41100  HO=0.1096  meanSteps=   129.0  copy=0.846  A(t)=2197  sim=60.7s
epoch   41150  HO=0.0766  meanSteps=   128.7  copy=0.849  A(t)=2197  sim=60.7s
epoch   41200  HO=0.0288  meanSteps=   128.7  copy=0.851  A(t)=2197  sim=60.8s
epoch   41250  HO=-0.0145  meanSteps=   128.8  copy=0.842  A(t)=2197  sim=60.9s
epoch   41300  HO=0.0150  meanSteps=   128.8  copy=0.853  A(t)=2197  sim=61.0s
epoch   41350  HO=0.0586  meanSteps=   128.9  copy=0.845  A(t)=2197  sim=61.0s
epoch   41400  HO=0.0556  meanSteps=   128.9  copy=0.857  A(t)=2197  sim=61.1s
epoch   41450  HO=0.0259  meanSteps=   128.8  copy=0.829  A(t)=2197  sim=61.2s
epoch   41500  HO=0.0889  meanSteps=   133.5  copy=0.814  A(t)=2198  sim=61.2s
epoch   41550  HO=0.0751  meanSteps=   135.3  copy=0.807  A(t)=2198  sim=61.3s
epoch   41600  HO=0.0728  meanSteps=   128.8  copy=0.810  A(t)=2198  sim=61.4s
epoch   41650  HO=0.0238  meanSteps=   128.8  copy=0.818  A(t)=2199  sim=61.4s
epoch   41700  HO=0.0585  meanSteps=   128.8  copy=0.817  A(t)=2199  sim=61.5s
epoch   41750  HO=0.0775  meanSteps=   128.5  copy=0.821  A(t)=2199  sim=61.6s
epoch   41800  HO=0.0364  meanSteps=   128.8  copy=0.811  A(t)=2199  sim=61.6s
epoch   41850  HO=-0.0274  meanSteps=   128.7  copy=0.803  A(t)=2201  sim=61.7s
epoch   41900  HO=0.0158  meanSteps=   128.7  copy=0.819  A(t)=2201  sim=61.8s
epoch   41950  HO=0.0278  meanSteps=   128.7  copy=0.824  A(t)=2201  sim=61.8s
epoch   42000  HO=-0.0000  meanSteps=   128.6  copy=0.816  A(t)=2201  sim=61.9s
epoch   42050  HO=-0.0057  meanSteps=   128.7  copy=0.822  A(t)=2201  sim=62.0s
epoch   42100  HO=-0.0096  meanSteps=   128.8  copy=0.849  A(t)=2201  sim=62.1s
epoch   42150  HO=0.0012  meanSteps=   128.7  copy=0.835  A(t)=2201  sim=62.1s
epoch   42200  HO=0.0342  meanSteps=   128.7  copy=0.816  A(t)=2201  sim=62.2s
epoch   42250  HO=0.0002  meanSteps=   128.6  copy=0.824  A(t)=2201  sim=62.3s
epoch   42300  HO=0.0041  meanSteps=   128.5  copy=0.825  A(t)=2201  sim=62.3s
epoch   42350  HO=0.0214  meanSteps=   128.7  copy=0.857  A(t)=2201  sim=62.4s
epoch   42400  HO=0.0266  meanSteps=   128.8  copy=0.852  A(t)=2201  sim=62.5s
epoch   42450  HO=0.0669  meanSteps=   128.7  copy=0.828  A(t)=2201  sim=62.5s
epoch   42500  HO=0.0401  meanSteps=   128.8  copy=0.824  A(t)=2201  sim=62.6s
epoch   42550  HO=0.0264  meanSteps=   129.0  copy=0.836  A(t)=2203  sim=62.7s
epoch   42600  HO=0.0287  meanSteps=   129.0  copy=0.845  A(t)=2203  sim=62.8s
epoch   42650  HO=0.0173  meanSteps=   129.0  copy=0.851  A(t)=2203  sim=62.8s
epoch   42700  HO=0.0375  meanSteps=   128.6  copy=0.820  A(t)=2203  sim=62.9s
epoch   42750  HO=0.0131  meanSteps=   128.6  copy=0.819  A(t)=2203  sim=63.0s
epoch   42800  HO=0.0293  meanSteps=   128.5  copy=0.819  A(t)=2203  sim=63.0s
epoch   42850  HO=0.0616  meanSteps=   128.6  copy=0.818  A(t)=2203  sim=63.1s
epoch   42900  HO=0.0379  meanSteps=   128.6  copy=0.822  A(t)=2203  sim=63.2s
epoch   42950  HO=0.0059  meanSteps=   128.4  copy=0.832  A(t)=2203  sim=63.3s
epoch   43000  HO=0.0472  meanSteps=   128.3  copy=0.840  A(t)=2203  sim=63.3s
epoch   43050  HO=0.0207  meanSteps=   128.6  copy=0.837  A(t)=2203  sim=63.4s
epoch   43100  HO=0.0431  meanSteps=   128.6  copy=0.827  A(t)=2205  sim=63.5s
epoch   43150  HO=0.0421  meanSteps=   128.7  copy=0.848  A(t)=2206  sim=63.5s
epoch   43200  HO=0.0096  meanSteps=   128.9  copy=0.863  A(t)=2208  sim=63.6s
epoch   43250  HO=0.0433  meanSteps=   128.8  copy=0.853  A(t)=2208  sim=63.7s
epoch   43300  HO=0.0432  meanSteps=   128.7  copy=0.838  A(t)=2208  sim=63.7s
epoch   43350  HO=0.0550  meanSteps=   128.8  copy=0.822  A(t)=2208  sim=63.8s
epoch   43400  HO=0.0948  meanSteps=   128.6  copy=0.827  A(t)=2208  sim=63.9s
epoch   43450  HO=0.0648  meanSteps=   128.6  copy=0.843  A(t)=2208  sim=63.9s
epoch   43500  HO=0.0700  meanSteps=   128.9  copy=0.843  A(t)=2208  sim=64.0s
epoch   43550  HO=0.0250  meanSteps=   128.8  copy=0.862  A(t)=2210  sim=64.1s
epoch   43600  HO=0.0489  meanSteps=   128.8  copy=0.874  A(t)=2210  sim=64.1s
epoch   43650  HO=0.0748  meanSteps=   129.0  copy=0.867  A(t)=2210  sim=64.2s
epoch   43700  HO=0.0938  meanSteps=   129.0  copy=0.848  A(t)=2210  sim=64.3s
epoch   43750  HO=0.0667  meanSteps=   128.9  copy=0.835  A(t)=2210  sim=64.4s
epoch   43800  HO=0.0112  meanSteps=   128.9  copy=0.841  A(t)=2211  sim=64.4s
epoch   43850  HO=0.0723  meanSteps=   128.9  copy=0.849  A(t)=2211  sim=64.5s
epoch   43900  HO=0.0873  meanSteps=   128.8  copy=0.838  A(t)=2211  sim=64.6s
epoch   43950  HO=0.0703  meanSteps=   128.5  copy=0.850  A(t)=2211  sim=64.7s
epoch   44000  HO=-0.0017  meanSteps=   128.7  copy=0.849  A(t)=2211  sim=64.7s
epoch   44050  HO=0.0811  meanSteps=   128.8  copy=0.832  A(t)=2211  sim=64.8s
epoch   44100  HO=0.0587  meanSteps=   128.6  copy=0.817  A(t)=2211  sim=64.9s
epoch   44150  HO=0.0010  meanSteps=   128.5  copy=0.803  A(t)=2211  sim=64.9s
epoch   44200  HO=0.0234  meanSteps=   128.4  copy=0.799  A(t)=2211  sim=65.0s
epoch   44250  HO=0.0243  meanSteps=   128.7  copy=0.803  A(t)=2211  sim=65.1s
epoch   44300  HO=0.0304  meanSteps=   128.6  copy=0.790  A(t)=2211  sim=65.1s
epoch   44350  HO=0.0140  meanSteps=   128.8  copy=0.802  A(t)=2211  sim=65.2s
epoch   44400  HO=0.0554  meanSteps=   128.9  copy=0.813  A(t)=2215  sim=65.3s
epoch   44450  HO=0.0687  meanSteps=   128.8  copy=0.813  A(t)=2216  sim=65.3s
epoch   44500  HO=0.0543  meanSteps=   128.7  copy=0.812  A(t)=2216  sim=65.4s
epoch   44550  HO=0.0642  meanSteps=   128.8  copy=0.801  A(t)=2216  sim=65.5s
epoch   44600  HO=0.0724  meanSteps=   128.7  copy=0.839  A(t)=2219  sim=65.6s
epoch   44650  HO=0.0312  meanSteps=   128.7  copy=0.859  A(t)=2219  sim=65.6s
epoch   44700  HO=0.0599  meanSteps=   128.8  copy=0.866  A(t)=2219  sim=65.7s
epoch   44750  HO=0.0205  meanSteps=   128.8  copy=0.862  A(t)=2219  sim=65.8s
epoch   44800  HO=0.0283  meanSteps=   128.7  copy=0.853  A(t)=2221  sim=65.8s
epoch   44850  HO=0.0384  meanSteps=   128.7  copy=0.849  A(t)=2224  sim=65.9s
epoch   44900  HO=0.0844  meanSteps=   128.9  copy=0.864  A(t)=2224  sim=66.0s
epoch   44950  HO=0.0239  meanSteps=   128.8  copy=0.869  A(t)=2230  sim=66.1s
epoch   45000  HO=0.0463  meanSteps=   128.8  copy=0.866  A(t)=2234  sim=66.1s
epoch   45050  HO=0.0340  meanSteps=   128.9  copy=0.848  A(t)=2234  sim=66.2s
epoch   45100  HO=-0.0069  meanSteps=   128.9  copy=0.861  A(t)=2236  sim=66.3s
epoch   45150  HO=0.0001  meanSteps=   129.0  copy=0.859  A(t)=2236  sim=66.3s
epoch   45200  HO=-0.0087  meanSteps=   128.8  copy=0.830  A(t)=2236  sim=66.4s
epoch   45250  HO=0.0279  meanSteps=   128.9  copy=0.806  A(t)=2236  sim=66.5s
epoch   45300  HO=0.0441  meanSteps=   128.9  copy=0.798  A(t)=2236  sim=66.5s
epoch   45350  HO=0.0337  meanSteps=   128.7  copy=0.799  A(t)=2236  sim=66.6s
epoch   45400  HO=-0.0111  meanSteps=   128.7  copy=0.781  A(t)=2237  sim=66.7s
epoch   45450  HO=0.0009  meanSteps=   128.7  copy=0.780  A(t)=2243  sim=66.8s
epoch   45500  HO=-0.0128  meanSteps=   128.7  copy=0.760  A(t)=2243  sim=66.8s
epoch   45550  HO=-0.0214  meanSteps=   128.7  copy=0.770  A(t)=2243  sim=66.9s
epoch   45600  HO=0.0271  meanSteps=   128.3  copy=0.788  A(t)=2243  sim=67.0s
epoch   45650  HO=0.0491  meanSteps=   128.2  copy=0.790  A(t)=2243  sim=67.0s
epoch   45700  HO=0.0538  meanSteps=   128.4  copy=0.791  A(t)=2243  sim=67.1s
epoch   45750  HO=0.0420  meanSteps=   128.6  copy=0.786  A(t)=2247  sim=67.2s
epoch   45800  HO=0.0840  meanSteps=   128.6  copy=0.788  A(t)=2247  sim=67.2s
epoch   45850  HO=0.0342  meanSteps=   128.7  copy=0.790  A(t)=2247  sim=67.3s
epoch   45900  HO=0.1145  meanSteps=   128.8  copy=0.817  A(t)=2247  sim=67.4s
epoch   45950  HO=0.0503  meanSteps=   128.9  copy=0.811  A(t)=2247  sim=67.4s
epoch   46000  HO=0.0427  meanSteps=   142.2  copy=0.815  A(t)=2247  sim=67.5s
epoch   46050  HO=0.0150  meanSteps=   138.6  copy=0.851  A(t)=2247  sim=67.6s
epoch   46100  HO=-0.0073  meanSteps=   129.0  copy=0.847  A(t)=2247  sim=67.6s
epoch   46150  HO=-0.0096  meanSteps=   128.8  copy=0.840  A(t)=2247  sim=67.7s
epoch   46200  HO=-0.0015  meanSteps=   128.5  copy=0.836  A(t)=2247  sim=67.8s
epoch   46250  HO=0.0625  meanSteps=   128.6  copy=0.833  A(t)=2247  sim=67.8s
epoch   46300  HO=0.0825  meanSteps=   128.9  copy=0.857  A(t)=2247  sim=67.9s
epoch   46350  HO=0.0608  meanSteps=   128.7  copy=0.837  A(t)=2247  sim=68.0s
epoch   46400  HO=0.0254  meanSteps=   128.6  copy=0.828  A(t)=2247  sim=68.1s
epoch   46450  HO=0.0000  meanSteps=   128.6  copy=0.837  A(t)=2248  sim=68.1s
epoch   46500  HO=0.0345  meanSteps=   128.6  copy=0.833  A(t)=2251  sim=68.2s
epoch   46550  HO=0.0414  meanSteps=   128.8  copy=0.835  A(t)=2251  sim=68.3s
epoch   46600  HO=0.0169  meanSteps=   128.5  copy=0.804  A(t)=2251  sim=68.3s
epoch   46650  HO=0.0407  meanSteps=   128.5  copy=0.813  A(t)=2251  sim=68.4s
epoch   46700  HO=0.0482  meanSteps=   128.7  copy=0.842  A(t)=2252  sim=68.5s
epoch   46750  HO=0.0078  meanSteps=   128.6  copy=0.839  A(t)=2252  sim=68.6s
epoch   46800  HO=0.0233  meanSteps=   128.7  copy=0.837  A(t)=2252  sim=68.6s
epoch   46850  HO=0.0091  meanSteps=   128.8  copy=0.844  A(t)=2252  sim=68.7s
epoch   46900  HO=0.0434  meanSteps=   128.8  copy=0.832  A(t)=2252  sim=68.8s
epoch   46950  HO=0.0676  meanSteps=   128.8  copy=0.827  A(t)=2252  sim=68.8s
epoch   47000  HO=0.0012  meanSteps=   128.7  copy=0.823  A(t)=2252  sim=68.9s
epoch   47050  HO=0.0561  meanSteps=   128.7  copy=0.837  A(t)=2252  sim=69.0s
epoch   47100  HO=0.0781  meanSteps=   128.7  copy=0.845  A(t)=2252  sim=69.1s
epoch   47150  HO=0.0677  meanSteps=   128.7  copy=0.841  A(t)=2253  sim=69.1s
epoch   47200  HO=0.0054  meanSteps=   128.7  copy=0.823  A(t)=2254  sim=69.2s
epoch   47250  HO=0.0114  meanSteps=   128.4  copy=0.831  A(t)=2254  sim=69.3s
epoch   47300  HO=-0.0079  meanSteps=   128.2  copy=0.819  A(t)=2254  sim=69.3s
epoch   47350  HO=-0.0106  meanSteps=   128.1  copy=0.810  A(t)=2254  sim=69.4s
epoch   47400  HO=0.0841  meanSteps=   128.6  copy=0.816  A(t)=2254  sim=69.5s
epoch   47450  HO=0.1096  meanSteps=   128.6  copy=0.827  A(t)=2256  sim=69.5s
epoch   47500  HO=0.0299  meanSteps=   128.2  copy=0.831  A(t)=2261  sim=69.6s
epoch   47550  HO=0.0571  meanSteps=   128.2  copy=0.844  A(t)=2263  sim=69.7s
epoch   47600  HO=0.0807  meanSteps=   128.5  copy=0.834  A(t)=2263  sim=69.7s
epoch   47650  HO=0.0598  meanSteps=   128.6  copy=0.831  A(t)=2263  sim=69.8s
epoch   47700  HO=0.0201  meanSteps=   128.6  copy=0.831  A(t)=2268  sim=69.9s
epoch   47750  HO=0.0241  meanSteps=   128.7  copy=0.830  A(t)=2268  sim=70.0s
epoch   47800  HO=0.0110  meanSteps=   128.8  copy=0.817  A(t)=2268  sim=70.0s
epoch   47850  HO=-0.0071  meanSteps=   128.9  copy=0.800  A(t)=2268  sim=70.1s
epoch   47900  HO=0.0118  meanSteps=   128.9  copy=0.805  A(t)=2268  sim=70.2s
epoch   47950  HO=0.0135  meanSteps=   129.0  copy=0.832  A(t)=2269  sim=70.2s
epoch   48000  HO=0.0242  meanSteps=   128.9  copy=0.842  A(t)=2269  sim=70.3s
epoch   48050  HO=-0.0008  meanSteps=   129.0  copy=0.848  A(t)=2269  sim=70.4s
epoch   48100  HO=0.0058  meanSteps=   128.9  copy=0.843  A(t)=2269  sim=70.4s
epoch   48150  HO=0.0021  meanSteps=   128.8  copy=0.849  A(t)=2269  sim=70.5s
epoch   48200  HO=-0.0216  meanSteps=   128.8  copy=0.842  A(t)=2269  sim=70.6s
epoch   48250  HO=0.0124  meanSteps=   129.0  copy=0.856  A(t)=2269  sim=70.6s
epoch   48300  HO=0.0455  meanSteps=   128.9  copy=0.850  A(t)=2269  sim=70.7s
epoch   48350  HO=0.0930  meanSteps=   128.7  copy=0.834  A(t)=2269  sim=70.8s
epoch   48400  HO=0.0829  meanSteps=   128.7  copy=0.818  A(t)=2269  sim=70.9s
epoch   48450  HO=0.0733  meanSteps=   128.7  copy=0.828  A(t)=2269  sim=70.9s
epoch   48500  HO=0.0746  meanSteps=   128.6  copy=0.822  A(t)=2269  sim=71.0s
epoch   48550  HO=0.0658  meanSteps=   128.8  copy=0.861  A(t)=2269  sim=71.1s
epoch   48600  HO=0.0471  meanSteps=   128.8  copy=0.873  A(t)=2269  sim=71.1s
epoch   48650  HO=0.0713  meanSteps=   128.8  copy=0.889  A(t)=2270  sim=71.2s
epoch   48700  HO=0.0665  meanSteps=   128.9  copy=0.867  A(t)=2270  sim=71.3s
epoch   48750  HO=0.0845  meanSteps=   128.6  copy=0.859  A(t)=2270  sim=71.3s
epoch   48800  HO=0.0746  meanSteps=   129.8  copy=0.868  A(t)=2270  sim=71.4s
epoch   48850  HO=-0.0004  meanSteps=   128.9  copy=0.867  A(t)=2271  sim=71.5s
epoch   48900  HO=0.0064  meanSteps=   129.0  copy=0.858  A(t)=2272  sim=71.5s
epoch   48950  HO=0.0469  meanSteps=   129.0  copy=0.872  A(t)=2272  sim=71.6s
epoch   49000  HO=0.0437  meanSteps=   129.0  copy=0.855  A(t)=2272  sim=71.7s
epoch   49050  HO=0.0525  meanSteps=   129.0  copy=0.850  A(t)=2272  sim=71.8s
epoch   49100  HO=-0.0152  meanSteps=   128.7  copy=0.863  A(t)=2272  sim=71.8s
epoch   49150  HO=0.0274  meanSteps=   128.8  copy=0.857  A(t)=2272  sim=71.9s
epoch   49200  HO=0.0624  meanSteps=   128.8  copy=0.856  A(t)=2272  sim=72.0s
epoch   49250  HO=0.0604  meanSteps=   128.8  copy=0.851  A(t)=2272  sim=72.0s
epoch   49300  HO=0.0643  meanSteps=   129.0  copy=0.846  A(t)=2272  sim=72.1s
epoch   49350  HO=0.0362  meanSteps=   129.0  copy=0.851  A(t)=2273  sim=72.2s
epoch   49400  HO=0.0375  meanSteps=   128.8  copy=0.856  A(t)=2273  sim=72.2s
epoch   49450  HO=0.0527  meanSteps=   128.6  copy=0.839  A(t)=2273  sim=72.3s
epoch   49500  HO=0.0313  meanSteps=   128.8  copy=0.851  A(t)=2273  sim=72.4s
epoch   49550  HO=0.0124  meanSteps=   128.9  copy=0.852  A(t)=2273  sim=72.4s
epoch   49600  HO=0.0458  meanSteps=   128.7  copy=0.864  A(t)=2273  sim=72.5s
epoch   49650  HO=-0.0016  meanSteps=   128.7  copy=0.836  A(t)=2273  sim=72.6s
epoch   49700  HO=0.0410  meanSteps=   129.0  copy=0.831  A(t)=2273  sim=72.6s
epoch   49750  HO=0.0653  meanSteps=   129.0  copy=0.837  A(t)=2275  sim=72.7s
epoch   49800  HO=0.0520  meanSteps=   129.0  copy=0.852  A(t)=2276  sim=72.8s
epoch   49850  HO=0.0036  meanSteps=   129.0  copy=0.869  A(t)=2276  sim=72.9s
epoch   49900  HO=0.0085  meanSteps=   128.9  copy=0.865  A(t)=2276  sim=72.9s
epoch   49950  HO=0.0124  meanSteps=   128.9  copy=0.894  A(t)=2276  sim=73.0s
epoch   50000  HO=0.0847  meanSteps=   128.8  copy=0.911  A(t)=2276  sim=73.1s
done: 50000 epochs in 125.4s wall (73.1s simulating), runs/ring_halt_s3
