epoch       0  HO=-0.0060  meanSteps=     0.0  copy=0.000  A(t)=0  sim=0.0s
epoch      50  HO=0.0853  meanSteps=  1450.6  copy=0.550  A(t)=0  sim=0.4s
epoch     100  HO=0.1712  meanSteps=  1603.2  copy=0.586  A(t)=0  sim=0.6s
epoch     150  HO=0.2392  meanSteps=  1622.7  copy=0.601  A(t)=0  sim=0.8s
epoch     200  HO=0.3377  meanSteps=  1579.1  copy=0.601  A(t)=0  sim=1.0s
epoch     250  HO=0.4576  meanSteps=  1534.7  copy=0.615  A(t)=5  sim=1.2s
epoch     300  HO=0.5177  meanSteps=  1576.5  copy=0.611  A(t)=5  sim=1.4s
epoch     350  HO=0.5906  meanSteps=  1535.3  copy=0.614  A(t)=7  sim=1.6s
epoch     400  HO=0.6555  meanSteps=  1475.3  copy=0.610  A(t)=11  sim=2.0s
epoch     450  HO=0.6824  meanSteps=  1437.0  copy=0.611  A(t)=21  sim=2.2s
epoch     500  HO=0.7487  meanSteps=  1378.9  copy=0.602  A(t)=23  sim=2.4s
epoch     550  HO=0.7601  meanSteps=  1343.2  copy=0.593  A(t)=25  sim=2.6s
epoch     600  HO=0.7787  meanSteps=  1334.7  copy=0.586  A(t)=32  sim=2.8s
epoch     650  HO=0.8212  meanSteps=  1301.2  copy=0.595  A(t)=34  sim=3.0s
epoch     700  HO=0.8296  meanSteps=  1288.0  copy=0.589  A(t)=37  sim=3.3s
epoch     750  HO=0.8473  meanSteps=  1257.0  copy=0.588  A(t)=38  sim=3.6s
epoch     800  HO=0.8722  meanSteps=  1216.1  copy=0.588  A(t)=38  sim=3.9s
epoch     850  HO=0.9158  meanSteps=  1175.5  copy=0.595  A(t)=40  sim=4.3s
epoch     900  HO=0.9096  meanSteps=  1180.3  copy=0.588  A(t)=41  sim=4.6s
epoch     950  HO=0.9350  meanSteps=  1155.5  copy=0.586  A(t)=43  sim=4.9s
epoch    1000  HO=0.9229  meanSteps=  1136.4  copy=0.568  A(t)=45  sim=5.2s
epoch    1050  HO=0.9371  meanSteps=  1117.5  copy=0.563  A(t)=50  sim=5.5s
epoch    1100  HO=0.9393  meanSteps=  1078.3  copy=0.574  A(t)=59  sim=5.7s
epoch    1150  HO=0.9970  meanSteps=  1029.1  copy=0.572  A(t)=61  sim=6.0s
epoch    1200  HO=0.9858  meanSteps=  1005.4  copy=0.570  A(t)=66  sim=6.2s
epoch    1250  HO=0.9646  meanSteps=  1008.1  copy=0.581  A(t)=75  sim=6.5s
epoch    1300  HO=0.9550  meanSteps=   927.2  copy=0.604  A(t)=76  sim=6.7s
epoch    1350  HO=0.9528  meanSteps=   912.2  copy=0.606  A(t)=80  sim=6.9s
epoch    1400  HO=0.9822  meanSteps=   910.3  copy=0.600  A(t)=91  sim=7.1s
epoch    1450  HO=1.0190  meanSteps=   871.4  copy=0.624  A(t)=101  sim=7.2s
epoch    1500  HO=1.0171  meanSteps=   880.3  copy=0.635  A(t)=114  sim=7.5s
epoch    1550  HO=1.0122  meanSteps=   904.3  copy=0.627  A(t)=138  sim=7.7s
epoch    1600  HO=1.0255  meanSteps=   903.1  copy=0.634  A(t)=153  sim=7.8s
epoch    1650  HO=1.0122  meanSteps=   909.9  copy=0.629  A(t)=169  sim=8.1s
epoch    1700  HO=1.0204  meanSteps=   938.1  copy=0.628  A(t)=177  sim=8.3s
epoch    1750  HO=1.0190  meanSteps=   934.3  copy=0.640  A(t)=177  sim=8.5s
epoch    1800  HO=0.9762  meanSteps=   946.5  copy=0.637  A(t)=185  sim=8.6s
epoch    1850  HO=0.9620  meanSteps=   920.5  copy=0.635  A(t)=190  sim=8.9s
epoch    1900  HO=0.9368  meanSteps=   909.2  copy=0.639  A(t)=202  sim=9.1s
epoch    1950  HO=0.9465  meanSteps=   871.6  copy=0.661  A(t)=207  sim=9.4s
epoch    2000  HO=0.9531  meanSteps=   844.3  copy=0.663  A(t)=214  sim=9.7s
epoch    2050  HO=0.8982  meanSteps=   851.8  copy=0.662  A(t)=231  sim=9.9s
epoch    2100  HO=0.8984  meanSteps=   781.6  copy=0.676  A(t)=236  sim=10.1s
epoch    2150  HO=0.9474  meanSteps=   707.6  copy=0.675  A(t)=248  sim=10.4s
epoch    2200  HO=0.8907  meanSteps=   693.7  copy=0.660  A(t)=252  sim=10.6s
epoch    2250  HO=0.8506  meanSteps=   692.8  copy=0.659  A(t)=263  sim=10.7s
epoch    2300  HO=0.8265  meanSteps=   647.7  copy=0.677  A(t)=283  sim=10.9s
epoch    2350  HO=0.7895  meanSteps=   614.8  copy=0.682  A(t)=302  sim=11.1s
epoch    2400  HO=0.8072  meanSteps=   617.3  copy=0.701  A(t)=314  sim=11.2s
epoch    2450  HO=0.7296  meanSteps=   607.4  copy=0.714  A(t)=338  sim=11.4s
epoch    2500  HO=0.7353  meanSteps=   568.4  copy=0.732  A(t)=352  sim=11.6s
epoch    2550  HO=0.7021  meanSteps=   557.7  copy=0.732  A(t)=371  sim=11.7s
epoch    2600  HO=0.6012  meanSteps=   537.6  copy=0.729  A(t)=389  sim=11.9s
epoch    2650  HO=0.6268  meanSteps=   501.5  copy=0.743  A(t)=393  sim=12.0s
epoch    2700  HO=0.5617  meanSteps=   446.3  copy=0.752  A(t)=404  sim=12.1s
epoch    2750  HO=0.5681  meanSteps=   424.7  copy=0.752  A(t)=411  sim=12.2s
epoch    2800  HO=0.5298  meanSteps=   403.0  copy=0.746  A(t)=414  sim=12.4s
epoch    2850  HO=0.4214  meanSteps=   421.0  copy=0.757  A(t)=416  sim=12.5s
epoch    2900  HO=0.3968  meanSteps=   381.8  copy=0.778  A(t)=419  sim=12.7s
epoch    2950  HO=0.3480  meanSteps=   322.0  copy=0.781  A(t)=426  sim=12.8s
epoch    3000  HO=0.3125  meanSteps=   292.2  copy=0.798  A(t)=434  sim=12.9s
epoch    3050  HO=0.3090  meanSteps=   257.8  copy=0.786  A(t)=443  sim=13.0s
epoch    3100  HO=0.2789  meanSteps=   262.2  copy=0.766  A(t)=443  sim=13.1s
epoch    3150  HO=0.2564  meanSteps=   259.1  copy=0.782  A(t)=443  sim=13.2s
epoch    3200  HO=0.2649  meanSteps=   260.7  copy=0.776  A(t)=455  sim=13.4s
epoch    3250  HO=0.2421  meanSteps=   235.1  copy=0.761  A(t)=460  sim=13.5s
epoch    3300  HO=0.2195  meanSteps=   199.1  copy=0.761  A(t)=477  sim=13.7s
epoch    3350  HO=0.2269  meanSteps=   177.8  copy=0.772  A(t)=483  sim=13.8s
epoch    3400  HO=0.2034  meanSteps=   183.8  copy=0.768  A(t)=489  sim=14.0s
epoch    3450  HO=0.1993  meanSteps=   182.2  copy=0.765  A(t)=490  sim=14.1s
epoch    3500  HO=0.1971  meanSteps=   178.5  copy=0.779  A(t)=492  sim=14.2s
epoch    3550  HO=0.1644  meanSteps=   180.4  copy=0.782  A(t)=496  sim=14.3s
epoch    3600  HO=0.1416  meanSteps=   158.0  copy=0.777  A(t)=496  sim=14.4s
epoch    3650  HO=0.1537  meanSteps=   158.5  copy=0.795  A(t)=496  sim=14.5s
epoch    3700  HO=0.1542  meanSteps=   161.7  copy=0.821  A(t)=501  sim=14.6s
epoch    3750  HO=0.1080  meanSteps=   142.4  copy=0.824  A(t)=506  sim=14.7s
epoch    3800  HO=0.1146  meanSteps=   143.4  copy=0.833  A(t)=506  sim=14.9s
epoch    3850  HO=0.1314  meanSteps=   144.6  copy=0.827  A(t)=516  sim=15.0s
epoch    3900  HO=0.1168  meanSteps=   135.2  copy=0.834  A(t)=517  sim=15.1s
epoch    3950  HO=0.0335  meanSteps=   128.7  copy=0.859  A(t)=525  sim=15.3s
epoch    4000  HO=0.0269  meanSteps=   133.4  copy=0.851  A(t)=525  sim=15.4s
epoch    4050  HO=0.0145  meanSteps=   142.8  copy=0.856  A(t)=528  sim=15.5s
epoch    4100  HO=0.0074  meanSteps=   134.9  copy=0.856  A(t)=531  sim=15.7s
epoch    4150  HO=0.0253  meanSteps=   128.8  copy=0.868  A(t)=531  sim=15.8s
epoch    4200  HO=-0.0080  meanSteps=   128.7  copy=0.883  A(t)=539  sim=15.9s
epoch    4250  HO=0.0202  meanSteps=   128.6  copy=0.885  A(t)=550  sim=16.1s
epoch    4300  HO=-0.0195  meanSteps=   130.3  copy=0.854  A(t)=553  sim=16.2s
epoch    4350  HO=-0.0235  meanSteps=   128.8  copy=0.843  A(t)=562  sim=16.3s
epoch    4400  HO=0.0014  meanSteps=   128.9  copy=0.837  A(t)=570  sim=16.5s
epoch    4450  HO=0.0134  meanSteps=   128.9  copy=0.857  A(t)=575  sim=16.6s
epoch    4500  HO=0.0675  meanSteps=   129.1  copy=0.854  A(t)=583  sim=16.8s
epoch    4550  HO=0.0651  meanSteps=   129.0  copy=0.841  A(t)=595  sim=16.9s
epoch    4600  HO=0.0212  meanSteps=   129.1  copy=0.851  A(t)=597  sim=17.0s
epoch    4650  HO=0.0782  meanSteps=   129.0  copy=0.833  A(t)=601  sim=17.1s
epoch    4700  HO=0.0935  meanSteps=   129.0  copy=0.841  A(t)=609  sim=17.2s
epoch    4750  HO=0.0604  meanSteps=   129.0  copy=0.861  A(t)=612  sim=17.3s
epoch    4800  HO=0.0316  meanSteps=   129.0  copy=0.863  A(t)=623  sim=17.4s
epoch    4850  HO=0.0136  meanSteps=   129.0  copy=0.867  A(t)=627  sim=17.4s
epoch    4900  HO=0.0254  meanSteps=   129.0  copy=0.861  A(t)=629  sim=17.5s
epoch    4950  HO=0.0115  meanSteps=   128.9  copy=0.855  A(t)=635  sim=17.6s
epoch    5000  HO=0.0792  meanSteps=   128.9  copy=0.856  A(t)=644  sim=17.7s
epoch    5050  HO=0.0902  meanSteps=   128.9  copy=0.849  A(t)=659  sim=17.8s
epoch    5100  HO=0.1029  meanSteps=   128.9  copy=0.841  A(t)=662  sim=17.9s
epoch    5150  HO=0.0677  meanSteps=   128.8  copy=0.843  A(t)=662  sim=17.9s
epoch    5200  HO=0.0835  meanSteps=   128.8  copy=0.848  A(t)=662  sim=18.1s
epoch    5250  HO=0.0518  meanSteps=   129.0  copy=0.838  A(t)=662  sim=18.2s
epoch    5300  HO=0.0709  meanSteps=   128.9  copy=0.818  A(t)=669  sim=18.2s
epoch    5350  HO=0.0783  meanSteps=   128.9  copy=0.820  A(t)=670  sim=18.4s
epoch    5400  HO=0.0998  meanSteps=   128.9  copy=0.835  A(t)=671  sim=18.4s
epoch    5450  HO=0.0763  meanSteps=   128.9  copy=0.832  A(t)=679  sim=18.5s
epoch    5500  HO=0.0529  meanSteps=   128.9  copy=0.835  A(t)=679  sim=18.6s
epoch    5550  HO=0.0300  meanSteps=   128.7  copy=0.852  A(t)=679  sim=18.7s
epoch    5600  HO=-0.0167  meanSteps=   128.8  copy=0.845  A(t)=680  sim=18.8s
epoch    5650  HO=-0.0081  meanSteps=   128.8  copy=0.842  A(t)=682  sim=18.9s
epoch    5700  HO=0.0655  meanSteps=   128.8  copy=0.848  A(t)=685  sim=19.0s
epoch    5750  HO=0.0427  meanSteps=   128.9  copy=0.840  A(t)=695  sim=19.0s
epoch    5800  HO=0.0341  meanSteps=   128.9  copy=0.848  A(t)=702  sim=19.1s
epoch    5850  HO=0.0502  meanSteps=   129.0  copy=0.864  A(t)=715  sim=19.2s
epoch    5900  HO=0.0761  meanSteps=   129.0  copy=0.856  A(t)=721  sim=19.3s
epoch    5950  HO=0.0763  meanSteps=   129.0  copy=0.842  A(t)=728  sim=19.4s
epoch    6000  HO=0.0390  meanSteps=   128.9  copy=0.842  A(t)=735  sim=19.5s
epoch    6050  HO=0.0678  meanSteps=   128.9  copy=0.846  A(t)=735  sim=19.6s
epoch    6100  HO=0.0807  meanSteps=   128.9  copy=0.844  A(t)=735  sim=19.7s
epoch    6150  HO=0.0758  meanSteps=   128.7  copy=0.841  A(t)=741  sim=19.8s
epoch    6200  HO=0.0518  meanSteps=   128.8  copy=0.848  A(t)=759  sim=19.9s
epoch    6250  HO=0.0427  meanSteps=   128.8  copy=0.865  A(t)=761  sim=20.0s
epoch    6300  HO=0.0446  meanSteps=   128.8  copy=0.867  A(t)=769  sim=20.1s
epoch    6350  HO=0.0699  meanSteps=   128.8  copy=0.862  A(t)=779  sim=20.2s
epoch    6400  HO=0.0552  meanSteps=   129.0  copy=0.845  A(t)=798  sim=20.3s
epoch    6450  HO=0.0523  meanSteps=   129.0  copy=0.838  A(t)=807  sim=20.4s
epoch    6500  HO=0.0252  meanSteps=   129.0  copy=0.845  A(t)=811  sim=20.5s
epoch    6550  HO=0.0712  meanSteps=   128.9  copy=0.839  A(t)=831  sim=20.5s
epoch    6600  HO=0.0802  meanSteps=   128.8  copy=0.847  A(t)=832  sim=20.7s
epoch    6650  HO=0.0593  meanSteps=   128.6  copy=0.851  A(t)=840  sim=20.8s
epoch    6700  HO=0.1284  meanSteps=   128.5  copy=0.842  A(t)=842  sim=20.9s
epoch    6750  HO=0.1436  meanSteps=   128.7  copy=0.832  A(t)=856  sim=21.0s
epoch    6800  HO=0.1579  meanSteps=   128.8  copy=0.842  A(t)=859  sim=21.1s
epoch    6850  HO=0.1393  meanSteps=   128.6  copy=0.831  A(t)=862  sim=21.2s
epoch    6900  HO=0.1003  meanSteps=   128.7  copy=0.822  A(t)=879  sim=21.3s
epoch    6950  HO=0.0759  meanSteps=   128.6  copy=0.805  A(t)=885  sim=21.4s
epoch    7000  HO=0.0700  meanSteps=   128.7  copy=0.817  A(t)=901  sim=21.5s
epoch    7050  HO=0.0810  meanSteps=   128.9  copy=0.815  A(t)=907  sim=21.6s
epoch    7100  HO=0.0849  meanSteps=   129.1  copy=0.826  A(t)=909  sim=21.7s
epoch    7150  HO=0.0672  meanSteps=   128.6  copy=0.827  A(t)=909  sim=21.8s
epoch    7200  HO=0.0551  meanSteps=   128.8  copy=0.815  A(t)=911  sim=21.9s
epoch    7250  HO=0.0527  meanSteps=   128.7  copy=0.822  A(t)=911  sim=22.0s
epoch    7300  HO=0.0937  meanSteps=   128.7  copy=0.832  A(t)=920  sim=22.0s
epoch    7350  HO=0.0671  meanSteps=   128.7  copy=0.826  A(t)=924  sim=22.1s
epoch    7400  HO=0.0303  meanSteps=   128.5  copy=0.823  A(t)=933  sim=22.2s
epoch    7450  HO=0.1089  meanSteps=   128.7  copy=0.807  A(t)=935  sim=22.2s
epoch    7500  HO=0.1103  meanSteps=   128.5  copy=0.812  A(t)=935  sim=22.3s
epoch    7550  HO=0.0054  meanSteps=   128.7  copy=0.826  A(t)=943  sim=22.4s
epoch    7600  HO=0.0113  meanSteps=   128.8  copy=0.829  A(t)=948  sim=22.5s
epoch    7650  HO=0.0414  meanSteps=   128.8  copy=0.842  A(t)=951  sim=22.5s
epoch    7700  HO=0.0200  meanSteps=   132.8  copy=0.841  A(t)=952  sim=22.7s
epoch    7750  HO=0.0386  meanSteps=   131.5  copy=0.858  A(t)=953  sim=22.7s
epoch    7800  HO=0.1001  meanSteps=   128.9  copy=0.868  A(t)=955  sim=22.8s
epoch    7850  HO=0.0694  meanSteps=   129.0  copy=0.853  A(t)=956  sim=23.0s
epoch    7900  HO=0.0569  meanSteps=   128.9  copy=0.851  A(t)=956  sim=23.0s
epoch    7950  HO=0.0803  meanSteps=   128.9  copy=0.846  A(t)=962  sim=23.1s
epoch    8000  HO=0.0369  meanSteps=   128.9  copy=0.842  A(t)=963  sim=23.2s
epoch    8050  HO=0.0509  meanSteps=   128.8  copy=0.855  A(t)=963  sim=23.3s
epoch    8100  HO=0.0389  meanSteps=   128.8  copy=0.862  A(t)=965  sim=23.4s
epoch    8150  HO=0.0650  meanSteps=   128.8  copy=0.855  A(t)=965  sim=23.5s
epoch    8200  HO=0.0397  meanSteps=   128.8  copy=0.880  A(t)=965  sim=23.6s
epoch    8250  HO=0.1147  meanSteps=   128.8  copy=0.882  A(t)=965  sim=23.7s
epoch    8300  HO=0.1310  meanSteps=   128.8  copy=0.864  A(t)=973  sim=23.8s
epoch    8350  HO=0.1504  meanSteps=   128.9  copy=0.845  A(t)=976  sim=23.9s
epoch    8400  HO=0.1312  meanSteps=   128.9  copy=0.868  A(t)=983  sim=24.0s
epoch    8450  HO=0.1422  meanSteps=   128.8  copy=0.868  A(t)=986  sim=24.1s
epoch    8500  HO=0.1121  meanSteps=   131.6  copy=0.850  A(t)=989  sim=24.2s
epoch    8550  HO=0.0925  meanSteps=   129.7  copy=0.836  A(t)=998  sim=24.4s
epoch    8600  HO=0.0763  meanSteps=   128.9  copy=0.844  A(t)=1000  sim=24.5s
epoch    8650  HO=0.0900  meanSteps=   128.7  copy=0.828  A(t)=1000  sim=24.7s
epoch    8700  HO=0.0197  meanSteps=   128.8  copy=0.815  A(t)=1013  sim=24.8s
epoch    8750  HO=0.0435  meanSteps=   128.8  copy=0.844  A(t)=1019  sim=24.9s
epoch    8800  HO=0.0449  meanSteps=   128.9  copy=0.846  A(t)=1024  sim=25.1s
epoch    8850  HO=0.0794  meanSteps=   128.8  copy=0.840  A(t)=1025  sim=25.2s
epoch    8900  HO=0.0535  meanSteps=   128.8  copy=0.820  A(t)=1031  sim=25.3s
epoch    8950  HO=0.0501  meanSteps=   134.9  copy=0.803  A(t)=1031  sim=25.4s
epoch    9000  HO=0.0374  meanSteps=   128.8  copy=0.816  A(t)=1031  sim=25.5s
epoch    9050  HO=0.0256  meanSteps=   128.8  copy=0.827  A(t)=1037  sim=25.6s
epoch    9100  HO=0.0442  meanSteps=   128.7  copy=0.826  A(t)=1047  sim=25.7s
epoch    9150  HO=0.0840  meanSteps=   128.7  copy=0.819  A(t)=1060  sim=25.8s
epoch    9200  HO=0.0575  meanSteps=   128.6  copy=0.827  A(t)=1067  sim=25.9s
epoch    9250  HO=0.0049  meanSteps=   128.6  copy=0.824  A(t)=1069  sim=26.0s
epoch    9300  HO=0.0324  meanSteps=   128.8  copy=0.835  A(t)=1069  sim=26.1s
epoch    9350  HO=0.0135  meanSteps=   128.9  copy=0.835  A(t)=1076  sim=26.2s
epoch    9400  HO=0.0170  meanSteps=   129.6  copy=0.833  A(t)=1079  sim=26.2s
epoch    9450  HO=0.0191  meanSteps=   128.8  copy=0.839  A(t)=1084  sim=26.3s
epoch    9500  HO=0.0637  meanSteps=   128.7  copy=0.854  A(t)=1085  sim=26.4s
epoch    9550  HO=0.0858  meanSteps=   128.9  copy=0.861  A(t)=1085  sim=26.5s
epoch    9600  HO=0.0547  meanSteps=   130.9  copy=0.873  A(t)=1085  sim=26.6s
epoch    9650  HO=0.0570  meanSteps=   134.3  copy=0.885  A(t)=1085  sim=26.7s
epoch    9700  HO=0.0689  meanSteps=   128.9  copy=0.874  A(t)=1085  sim=26.8s
epoch    9750  HO=0.0803  meanSteps=   128.8  copy=0.868  A(t)=1090  sim=26.8s
epoch    9800  HO=0.0541  meanSteps=   133.9  copy=0.854  A(t)=1095  sim=26.9s
epoch    9850  HO=0.0703  meanSteps=   128.6  copy=0.852  A(t)=1098  sim=27.0s
epoch    9900  HO=0.0339  meanSteps=   128.6  copy=0.852  A(t)=1102  sim=27.2s
epoch    9950  HO=0.0612  meanSteps=   128.7  copy=0.865  A(t)=1104  sim=27.2s
epoch   10000  HO=0.0303  meanSteps=   128.7  copy=0.872  A(t)=1106  sim=27.3s
epoch   10050  HO=-0.0287  meanSteps=   128.8  copy=0.858  A(t)=1106  sim=27.4s
epoch   10100  HO=-0.0010  meanSteps=   128.8  copy=0.879  A(t)=1107  sim=27.5s
epoch   10150  HO=0.0192  meanSteps=   128.9  copy=0.881  A(t)=1109  sim=27.7s
epoch   10200  HO=0.0257  meanSteps=   128.8  copy=0.876  A(t)=1111  sim=27.7s
epoch   10250  HO=-0.0113  meanSteps=   128.9  copy=0.883  A(t)=1118  sim=27.8s
epoch   10300  HO=-0.0226  meanSteps=   128.8  copy=0.854  A(t)=1124  sim=27.9s
epoch   10350  HO=0.0675  meanSteps=   128.5  copy=0.852  A(t)=1125  sim=28.0s
epoch   10400  HO=0.0136  meanSteps=   128.7  copy=0.854  A(t)=1125  sim=28.1s
epoch   10450  HO=0.0844  meanSteps=   128.6  copy=0.844  A(t)=1125  sim=28.2s
epoch   10500  HO=0.0551  meanSteps=   128.4  copy=0.833  A(t)=1125  sim=28.2s
epoch   10550  HO=0.0448  meanSteps=   128.6  copy=0.828  A(t)=1125  sim=28.3s
epoch   10600  HO=0.0478  meanSteps=   128.5  copy=0.841  A(t)=1126  sim=28.4s
epoch   10650  HO=0.0469  meanSteps=   128.5  copy=0.854  A(t)=1127  sim=28.4s
epoch   10700  HO=0.0220  meanSteps=   128.6  copy=0.867  A(t)=1129  sim=28.5s
epoch   10750  HO=0.0771  meanSteps=   128.6  copy=0.875  A(t)=1133  sim=28.6s
epoch   10800  HO=0.0559  meanSteps=   128.6  copy=0.872  A(t)=1133  sim=28.7s
epoch   10850  HO=0.0651  meanSteps=   128.8  copy=0.863  A(t)=1133  sim=28.8s
epoch   10900  HO=0.0283  meanSteps=   129.0  copy=0.874  A(t)=1139  sim=28.9s
epoch   10950  HO=0.0214  meanSteps=   128.8  copy=0.860  A(t)=1140  sim=29.0s
epoch   11000  HO=-0.0127  meanSteps=   128.8  copy=0.848  A(t)=1145  sim=29.1s
epoch   11050  HO=0.0434  meanSteps=   128.7  copy=0.836  A(t)=1149  sim=29.2s
epoch   11100  HO=0.0179  meanSteps=   137.3  copy=0.853  A(t)=1149  sim=29.3s
epoch   11150  HO=-0.0018  meanSteps=   133.6  copy=0.854  A(t)=1149  sim=29.4s
epoch   11200  HO=0.0188  meanSteps=   128.7  copy=0.864  A(t)=1153  sim=29.6s
epoch   11250  HO=0.0368  meanSteps=   128.8  copy=0.843  A(t)=1165  sim=29.7s
epoch   11300  HO=-0.0346  meanSteps=   128.7  copy=0.847  A(t)=1166  sim=29.8s
epoch   11350  HO=-0.0083  meanSteps=   128.6  copy=0.846  A(t)=1169  sim=30.0s
epoch   11400  HO=0.0023  meanSteps=   128.8  copy=0.847  A(t)=1171  sim=30.1s
epoch   11450  HO=0.0404  meanSteps=   128.9  copy=0.837  A(t)=1172  sim=30.2s
epoch   11500  HO=0.0290  meanSteps=   129.0  copy=0.832  A(t)=1172  sim=30.3s
epoch   11550  HO=0.0366  meanSteps=   129.0  copy=0.838  A(t)=1173  sim=30.4s
epoch   11600  HO=0.0950  meanSteps=   128.8  copy=0.830  A(t)=1173  sim=30.5s
epoch   11650  HO=0.0638  meanSteps=   128.9  copy=0.837  A(t)=1190  sim=30.6s
epoch   11700  HO=0.1095  meanSteps=   128.9  copy=0.826  A(t)=1194  sim=30.8s
epoch   11750  HO=0.0850  meanSteps=   128.9  copy=0.832  A(t)=1206  sim=30.8s
epoch   11800  HO=0.1359  meanSteps=   128.7  copy=0.820  A(t)=1219  sim=30.9s
epoch   11850  HO=0.0912  meanSteps=   128.9  copy=0.830  A(t)=1221  sim=31.0s
epoch   11900  HO=0.1153  meanSteps=   128.7  copy=0.855  A(t)=1222  sim=31.1s
epoch   11950  HO=0.1243  meanSteps=   128.7  copy=0.865  A(t)=1229  sim=31.2s
epoch   12000  HO=0.0941  meanSteps=   128.8  copy=0.846  A(t)=1230  sim=31.3s
epoch   12050  HO=0.0934  meanSteps=   141.1  copy=0.830  A(t)=1231  sim=31.4s
epoch   12100  HO=0.0885  meanSteps=   144.3  copy=0.836  A(t)=1232  sim=31.5s
epoch   12150  HO=0.0761  meanSteps=   141.6  copy=0.842  A(t)=1239  sim=31.6s
epoch   12200  HO=0.0928  meanSteps=   128.6  copy=0.858  A(t)=1239  sim=31.6s
epoch   12250  HO=0.0424  meanSteps=   128.8  copy=0.861  A(t)=1239  sim=31.7s
epoch   12300  HO=0.0325  meanSteps=   128.9  copy=0.859  A(t)=1239  sim=31.8s
epoch   12350  HO=0.0171  meanSteps=   128.8  copy=0.872  A(t)=1243  sim=31.9s
epoch   12400  HO=0.0026  meanSteps=   128.8  copy=0.882  A(t)=1244  sim=32.0s
epoch   12450  HO=0.0403  meanSteps=   128.9  copy=0.872  A(t)=1246  sim=32.1s
epoch   12500  HO=0.0279  meanSteps=   128.9  copy=0.854  A(t)=1247  sim=32.1s
epoch   12550  HO=0.0873  meanSteps=   128.6  copy=0.862  A(t)=1247  sim=32.3s
epoch   12600  HO=0.0246  meanSteps=   128.7  copy=0.852  A(t)=1247  sim=32.3s
epoch   12650  HO=0.0128  meanSteps=   128.6  copy=0.838  A(t)=1247  sim=32.4s
epoch   12700  HO=0.0142  meanSteps=   128.6  copy=0.850  A(t)=1248  sim=32.5s
epoch   12750  HO=0.0427  meanSteps=   128.7  copy=0.852  A(t)=1249  sim=32.6s
epoch   12800  HO=0.0412  meanSteps=   128.7  copy=0.832  A(t)=1256  sim=32.7s
epoch   12850  HO=0.0791  meanSteps=   128.8  copy=0.840  A(t)=1260  sim=32.8s
epoch   12900  HO=0.0741  meanSteps=   128.8  copy=0.829  A(t)=1260  sim=32.9s
epoch   12950  HO=0.0568  meanSteps=   128.8  copy=0.821  A(t)=1261  sim=33.0s
epoch   13000  HO=0.0774  meanSteps=   129.0  copy=0.810  A(t)=1271  sim=33.0s
epoch   13050  HO=0.1312  meanSteps=   128.8  copy=0.803  A(t)=1274  sim=33.2s
epoch   13100  HO=0.1027  meanSteps=   128.7  copy=0.826  A(t)=1284  sim=33.3s
epoch   13150  HO=0.0373  meanSteps=   128.8  copy=0.840  A(t)=1294  sim=33.3s
epoch   13200  HO=0.0607  meanSteps=   129.0  copy=0.850  A(t)=1298  sim=33.5s
epoch   13250  HO=0.0792  meanSteps=   128.8  copy=0.830  A(t)=1301  sim=33.5s
epoch   13300  HO=0.0591  meanSteps=   128.8  copy=0.829  A(t)=1301  sim=33.6s
epoch   13350  HO=0.0672  meanSteps=   128.9  copy=0.841  A(t)=1308  sim=33.7s
epoch   13400  HO=0.0952  meanSteps=   128.7  copy=0.855  A(t)=1323  sim=33.8s
epoch   13450  HO=0.0945  meanSteps=   128.8  copy=0.876  A(t)=1323  sim=33.9s
epoch   13500  HO=0.0944  meanSteps=   129.0  copy=0.859  A(t)=1325  sim=33.9s
epoch   13550  HO=0.0619  meanSteps=   136.3  copy=0.860  A(t)=1328  sim=34.0s
epoch   13600  HO=0.0756  meanSteps=   128.8  copy=0.869  A(t)=1328  sim=34.1s
epoch   13650  HO=0.0879  meanSteps=   128.9  copy=0.867  A(t)=1336  sim=34.2s
epoch   13700  HO=0.0601  meanSteps=   128.7  copy=0.859  A(t)=1339  sim=34.3s
epoch   13750  HO=0.0923  meanSteps=   128.6  copy=0.854  A(t)=1340  sim=34.5s
epoch   13800  HO=0.0688  meanSteps=   134.7  copy=0.864  A(t)=1341  sim=34.5s
epoch   13850  HO=0.0874  meanSteps=   145.8  copy=0.883  A(t)=1341  sim=34.6s
epoch   13900  HO=0.0707  meanSteps=   143.6  copy=0.868  A(t)=1341  sim=34.8s
epoch   13950  HO=0.0441  meanSteps=   145.9  copy=0.842  A(t)=1341  sim=34.9s
epoch   14000  HO=0.0620  meanSteps=   141.6  copy=0.852  A(t)=1341  sim=35.0s
epoch   14050  HO=0.0938  meanSteps=   128.8  copy=0.852  A(t)=1341  sim=35.2s
epoch   14100  HO=0.0533  meanSteps=   128.9  copy=0.868  A(t)=1341  sim=35.3s
epoch   14150  HO=0.0521  meanSteps=   128.9  copy=0.877  A(t)=1341  sim=35.3s
epoch   14200  HO=0.0079  meanSteps=   128.9  copy=0.848  A(t)=1347  sim=35.4s
epoch   14250  HO=0.0582  meanSteps=   128.8  copy=0.842  A(t)=1347  sim=35.5s
epoch   14300  HO=0.0590  meanSteps=   128.8  copy=0.825  A(t)=1347  sim=35.6s
epoch   14350  HO=0.0281  meanSteps=   129.4  copy=0.833  A(t)=1366  sim=35.7s
epoch   14400  HO=0.0170  meanSteps=   129.0  copy=0.828  A(t)=1371  sim=35.8s
epoch   14450  HO=0.0396  meanSteps=   128.8  copy=0.823  A(t)=1378  sim=35.8s
epoch   14500  HO=0.0503  meanSteps=   128.9  copy=0.825  A(t)=1380  sim=36.0s
epoch   14550  HO=0.0451  meanSteps=   128.8  copy=0.837  A(t)=1383  sim=36.0s
epoch   14600  HO=0.0830  meanSteps=   141.7  copy=0.862  A(t)=1384  sim=36.1s
epoch   14650  HO=0.0238  meanSteps=   128.7  copy=0.866  A(t)=1385  sim=36.3s
epoch   14700  HO=0.0589  meanSteps=   128.9  copy=0.856  A(t)=1386  sim=36.3s
epoch   14750  HO=0.0406  meanSteps=   128.9  copy=0.857  A(t)=1386  sim=36.4s
epoch   14800  HO=0.0613  meanSteps=   128.7  copy=0.844  A(t)=1388  sim=36.5s
epoch   14850  HO=0.0750  meanSteps=   128.8  copy=0.846  A(t)=1390  sim=36.5s
epoch   14900  HO=0.0632  meanSteps=   128.7  copy=0.853  A(t)=1390  sim=36.7s
epoch   14950  HO=0.0941  meanSteps=   140.1  copy=0.867  A(t)=1390  sim=36.7s
epoch   15000  HO=0.0518  meanSteps=   145.0  copy=0.874  A(t)=1392  sim=36.8s
epoch   15050  HO=0.0263  meanSteps=   139.6  copy=0.868  A(t)=1392  sim=36.9s
epoch   15100  HO=0.0591  meanSteps=   128.5  copy=0.864  A(t)=1399  sim=37.0s
epoch   15150  HO=0.0467  meanSteps=   130.6  copy=0.865  A(t)=1399  sim=37.1s
epoch   15200  HO=0.0388  meanSteps=   146.6  copy=0.850  A(t)=1399  sim=37.2s
epoch   15250  HO=0.0193  meanSteps=   137.0  copy=0.850  A(t)=1399  sim=37.2s
epoch   15300  HO=0.0282  meanSteps=   128.8  copy=0.856  A(t)=1402  sim=37.4s
epoch   15350  HO=0.0371  meanSteps=   128.7  copy=0.856  A(t)=1402  sim=37.4s
epoch   15400  HO=0.0525  meanSteps=   128.8  copy=0.881  A(t)=1402  sim=37.5s
epoch   15450  HO=0.0622  meanSteps=   128.8  copy=0.877  A(t)=1408  sim=37.6s
epoch   15500  HO=0.0662  meanSteps=   128.9  copy=0.869  A(t)=1409  sim=37.7s
epoch   15550  HO=0.0385  meanSteps=   128.8  copy=0.866  A(t)=1409  sim=37.8s
epoch   15600  HO=0.0101  meanSteps=   128.8  copy=0.865  A(t)=1417  sim=37.8s
epoch   15650  HO=0.0499  meanSteps=   128.8  copy=0.845  A(t)=1417  sim=37.9s
epoch   15700  HO=0.0242  meanSteps=   129.0  copy=0.854  A(t)=1419  sim=38.0s
epoch   15750  HO=0.0401  meanSteps=   128.8  copy=0.852  A(t)=1419  sim=38.0s
epoch   15800  HO=0.0352  meanSteps=   128.7  copy=0.865  A(t)=1422  sim=38.1s
epoch   15850  HO=0.0554  meanSteps=   128.8  copy=0.834  A(t)=1425  sim=38.2s
epoch   15900  HO=0.0043  meanSteps=   128.8  copy=0.837  A(t)=1436  sim=38.3s
epoch   15950  HO=0.0046  meanSteps=   128.9  copy=0.836  A(t)=1441  sim=38.3s
epoch   16000  HO=0.0277  meanSteps=   129.0  copy=0.825  A(t)=1441  sim=38.4s
epoch   16050  HO=0.0834  meanSteps=   128.9  copy=0.821  A(t)=1452  sim=38.5s
epoch   16100  HO=0.0714  meanSteps=   128.8  copy=0.821  A(t)=1456  sim=38.5s
epoch   16150  HO=0.0825  meanSteps=   128.7  copy=0.831  A(t)=1463  sim=38.6s
epoch   16200  HO=0.0919  meanSteps=   128.4  copy=0.847  A(t)=1464  sim=38.7s
epoch   16250  HO=0.0543  meanSteps=   128.5  copy=0.838  A(t)=1464  sim=38.7s
epoch   16300  HO=0.0256  meanSteps=   128.6  copy=0.826  A(t)=1473  sim=38.8s
epoch   16350  HO=0.0937  meanSteps=   128.6  copy=0.849  A(t)=1476  sim=38.9s
epoch   16400  HO=0.0766  meanSteps=   128.5  copy=0.846  A(t)=1484  sim=38.9s
epoch   16450  HO=0.0627  meanSteps=   128.5  copy=0.843  A(t)=1484  sim=39.0s
epoch   16500  HO=0.0728  meanSteps=   128.7  copy=0.842  A(t)=1484  sim=39.1s
epoch   16550  HO=0.1152  meanSteps=   133.7  copy=0.822  A(t)=1484  sim=39.1s
epoch   16600  HO=0.1158  meanSteps=   139.7  copy=0.818  A(t)=1488  sim=39.2s
epoch   16650  HO=0.0495  meanSteps=   137.7  copy=0.824  A(t)=1494  sim=39.3s
epoch   16700  HO=0.0748  meanSteps=   128.6  copy=0.832  A(t)=1495  sim=39.4s
epoch   16750  HO=0.1202  meanSteps=   128.6  copy=0.811  A(t)=1497  sim=39.4s
epoch   16800  HO=0.1220  meanSteps=   128.7  copy=0.824  A(t)=1498  sim=39.5s
epoch   16850  HO=0.0639  meanSteps=   128.8  copy=0.828  A(t)=1500  sim=39.6s
epoch   16900  HO=0.0492  meanSteps=   128.8  copy=0.854  A(t)=1500  sim=39.6s
epoch   16950  HO=-0.0140  meanSteps=   128.9  copy=0.865  A(t)=1500  sim=39.7s
epoch   17000  HO=-0.0086  meanSteps=   128.8  copy=0.868  A(t)=1504  sim=39.8s
epoch   17050  HO=-0.0108  meanSteps=   128.8  copy=0.865  A(t)=1504  sim=39.8s
epoch   17100  HO=0.0146  meanSteps=   128.8  copy=0.867  A(t)=1504  sim=39.9s
epoch   17150  HO=0.0355  meanSteps=   129.0  copy=0.878  A(t)=1504  sim=40.0s
epoch   17200  HO=0.0381  meanSteps=   129.0  copy=0.873  A(t)=1505  sim=40.0s
epoch   17250  HO=0.0398  meanSteps=   129.0  copy=0.862  A(t)=1511  sim=40.1s
epoch   17300  HO=0.0609  meanSteps=   128.9  copy=0.838  A(t)=1515  sim=40.2s
epoch   17350  HO=0.0572  meanSteps=   128.9  copy=0.850  A(t)=1515  sim=40.2s
epoch   17400  HO=0.0501  meanSteps=   128.6  copy=0.853  A(t)=1518  sim=40.3s
epoch   17450  HO=0.0141  meanSteps=   129.0  copy=0.853  A(t)=1530  sim=40.4s
epoch   17500  HO=0.0350  meanSteps=   128.8  copy=0.862  A(t)=1532  sim=40.5s
epoch   17550  HO=0.0213  meanSteps=   128.5  copy=0.860  A(t)=1537  sim=40.5s
epoch   17600  HO=0.1004  meanSteps=   128.7  copy=0.852  A(t)=1539  sim=40.6s
epoch   17650  HO=0.0696  meanSteps=   128.7  copy=0.838  A(t)=1540  sim=40.7s
epoch   17700  HO=0.1136  meanSteps=   135.2  copy=0.835  A(t)=1547  sim=40.7s
epoch   17750  HO=0.0887  meanSteps=   128.5  copy=0.865  A(t)=1547  sim=40.8s
epoch   17800  HO=0.1350  meanSteps=   128.3  copy=0.853  A(t)=1547  sim=40.9s
epoch   17850  HO=0.1149  meanSteps=   128.3  copy=0.853  A(t)=1547  sim=40.9s
epoch   17900  HO=0.1113  meanSteps=   128.4  copy=0.862  A(t)=1547  sim=41.0s
epoch   17950  HO=0.1837  meanSteps=   128.7  copy=0.877  A(t)=1547  sim=41.1s
epoch   18000  HO=0.1767  meanSteps=   128.7  copy=0.873  A(t)=1547  sim=41.1s
epoch   18050  HO=0.1584  meanSteps=   128.7  copy=0.857  A(t)=1547  sim=41.2s
epoch   18100  HO=0.1326  meanSteps=   128.6  copy=0.849  A(t)=1547  sim=41.3s
epoch   18150  HO=0.1286  meanSteps=   128.6  copy=0.829  A(t)=1547  sim=41.3s
epoch   18200  HO=0.1006  meanSteps=   128.4  copy=0.838  A(t)=1547  sim=41.4s
epoch   18250  HO=0.0978  meanSteps=   128.3  copy=0.837  A(t)=1548  sim=41.5s
epoch   18300  HO=0.0979  meanSteps=   128.7  copy=0.858  A(t)=1549  sim=41.6s
epoch   18350  HO=0.0522  meanSteps=   128.8  copy=0.853  A(t)=1551  sim=41.6s
epoch   18400  HO=0.0772  meanSteps=   128.7  copy=0.849  A(t)=1551  sim=41.7s
epoch   18450  HO=0.0694  meanSteps=   128.4  copy=0.853  A(t)=1551  sim=41.8s
epoch   18500  HO=0.1196  meanSteps=   128.6  copy=0.863  A(t)=1552  sim=41.8s
epoch   18550  HO=0.1436  meanSteps=   128.7  copy=0.866  A(t)=1555  sim=41.9s
epoch   18600  HO=0.0916  meanSteps=   128.5  copy=0.864  A(t)=1565  sim=42.0s
epoch   18650  HO=0.0382  meanSteps=   128.6  copy=0.855  A(t)=1569  sim=42.0s
epoch   18700  HO=0.0782  meanSteps=   128.7  copy=0.851  A(t)=1572  sim=42.1s
epoch   18750  HO=0.0747  meanSteps=   128.6  copy=0.856  A(t)=1577  sim=42.2s
epoch   18800  HO=0.0197  meanSteps=   128.7  copy=0.869  A(t)=1577  sim=42.2s
epoch   18850  HO=0.0012  meanSteps=   128.6  copy=0.874  A(t)=1577  sim=42.3s
epoch   18900  HO=0.0331  meanSteps=   128.8  copy=0.862  A(t)=1593  sim=42.4s
epoch   18950  HO=0.0875  meanSteps=   128.9  copy=0.858  A(t)=1598  sim=42.5s
epoch   19000  HO=0.1172  meanSteps=   128.8  copy=0.843  A(t)=1601  sim=42.5s
epoch   19050  HO=0.1172  meanSteps=   128.8  copy=0.837  A(t)=1605  sim=42.6s
epoch   19100  HO=0.1125  meanSteps=   128.8  copy=0.854  A(t)=1615  sim=42.7s
epoch   19150  HO=0.0478  meanSteps=   128.8  copy=0.844  A(t)=1618  sim=42.7s
epoch   19200  HO=0.0367  meanSteps=   128.8  copy=0.839  A(t)=1619  sim=42.8s
epoch   19250  HO=0.0656  meanSteps=   128.9  copy=0.842  A(t)=1619  sim=42.9s
epoch   19300  HO=0.0520  meanSteps=   129.0  copy=0.854  A(t)=1619  sim=42.9s
epoch   19350  HO=0.0853  meanSteps=   128.9  copy=0.851  A(t)=1619  sim=43.0s
epoch   19400  HO=0.0876  meanSteps=   128.7  copy=0.843  A(t)=1619  sim=43.1s
epoch   19450  HO=0.0619  meanSteps=   129.0  copy=0.842  A(t)=1619  sim=43.1s
epoch   19500  HO=0.0652  meanSteps=   128.8  copy=0.824  A(t)=1620  sim=43.2s
epoch   19550  HO=0.0546  meanSteps=   128.7  copy=0.817  A(t)=1620  sim=43.3s
epoch   19600  HO=0.0547  meanSteps=   128.8  copy=0.807  A(t)=1620  sim=43.3s
epoch   19650  HO=0.0070  meanSteps=   129.0  copy=0.813  A(t)=1621  sim=43.4s
epoch   19700  HO=0.0612  meanSteps=   128.9  copy=0.812  A(t)=1622  sim=43.5s
epoch   19750  HO=0.0660  meanSteps=   129.0  copy=0.808  A(t)=1627  sim=43.5s
epoch   19800  HO=0.0523  meanSteps=   128.8  copy=0.813  A(t)=1627  sim=43.6s
epoch   19850  HO=0.0884  meanSteps=   128.6  copy=0.816  A(t)=1628  sim=43.7s
epoch   19900  HO=0.0674  meanSteps=   128.7  copy=0.844  A(t)=1630  sim=43.7s
epoch   19950  HO=0.0420  meanSteps=   128.7  copy=0.835  A(t)=1631  sim=43.8s
epoch   20000  HO=0.0334  meanSteps=   131.0  copy=0.837  A(t)=1631  sim=43.9s
epoch   20050  HO=0.0307  meanSteps=   141.4  copy=0.860  A(t)=1632  sim=44.0s
epoch   20100  HO=0.0673  meanSteps=   136.6  copy=0.844  A(t)=1632  sim=44.0s
epoch   20150  HO=0.0134  meanSteps=   128.7  copy=0.844  A(t)=1632  sim=44.1s
epoch   20200  HO=0.0014  meanSteps=   128.7  copy=0.845  A(t)=1637  sim=44.2s
epoch   20250  HO=0.0180  meanSteps=   128.8  copy=0.847  A(t)=1637  sim=44.2s
epoch   20300  HO=0.0329  meanSteps=   128.8  copy=0.846  A(t)=1643  sim=44.3s
epoch   20350  HO=0.0401  meanSteps=   128.8  copy=0.847  A(t)=1644  sim=44.4s
epoch   20400  HO=0.0550  meanSteps=   129.0  copy=0.852  A(t)=1645  sim=44.4s
epoch   20450  HO=-0.0036  meanSteps=   129.0  copy=0.846  A(t)=1645  sim=44.5s
epoch   20500  HO=0.0727  meanSteps=   128.8  copy=0.829  A(t)=1651  sim=44.6s
epoch   20550  HO=0.0258  meanSteps=   128.7  copy=0.831  A(t)=1652  sim=44.6s
epoch   20600  HO=0.0107  meanSteps=   133.4  copy=0.832  A(t)=1659  sim=44.7s
epoch   20650  HO=0.0566  meanSteps=   128.9  copy=0.847  A(t)=1659  sim=44.8s
epoch   20700  HO=0.0374  meanSteps=   128.9  copy=0.847  A(t)=1659  sim=44.8s
epoch   20750  HO=0.0826  meanSteps=   129.0  copy=0.837  A(t)=1659  sim=44.9s
epoch   20800  HO=0.0582  meanSteps=   128.9  copy=0.840  A(t)=1659  sim=45.0s
epoch   20850  HO=0.0773  meanSteps=   128.7  copy=0.840  A(t)=1665  sim=45.0s
epoch   20900  HO=0.0676  meanSteps=   128.6  copy=0.835  A(t)=1667  sim=45.1s
epoch   20950  HO=0.0415  meanSteps=   128.8  copy=0.837  A(t)=1667  sim=45.2s
epoch   21000  HO=0.0268  meanSteps=   128.6  copy=0.823  A(t)=1668  sim=45.3s
epoch   21050  HO=0.0399  meanSteps=   128.6  copy=0.840  A(t)=1668  sim=45.3s
epoch   21100  HO=0.0326  meanSteps=   128.5  copy=0.840  A(t)=1670  sim=45.4s
epoch   21150  HO=0.0059  meanSteps=   128.6  copy=0.841  A(t)=1672  sim=45.5s
epoch   21200  HO=0.0326  meanSteps=   128.5  copy=0.831  A(t)=1673  sim=45.5s
epoch   21250  HO=0.0672  meanSteps=   128.6  copy=0.826  A(t)=1674  sim=45.6s
epoch   21300  HO=0.0799  meanSteps=   128.6  copy=0.805  A(t)=1674  sim=45.7s
epoch   21350  HO=0.0695  meanSteps=   128.8  copy=0.802  A(t)=1675  sim=45.7s
epoch   21400  HO=0.0523  meanSteps=   128.6  copy=0.805  A(t)=1677  sim=45.8s
epoch   21450  HO=0.0032  meanSteps=   128.7  copy=0.810  A(t)=1677  sim=45.9s
epoch   21500  HO=0.0352  meanSteps=   128.8  copy=0.825  A(t)=1681  sim=45.9s
epoch   21550  HO=0.0300  meanSteps=   128.8  copy=0.811  A(t)=1681  sim=46.0s
epoch   21600  HO=0.0278  meanSteps=   128.9  copy=0.820  A(t)=1681  sim=46.1s
epoch   21650  HO=0.0713  meanSteps=   129.0  copy=0.817  A(t)=1681  sim=46.1s
epoch   21700  HO=0.0140  meanSteps=   128.9  copy=0.834  A(t)=1684  sim=46.2s
epoch   21750  HO=0.0277  meanSteps=   128.9  copy=0.848  A(t)=1685  sim=46.3s
epoch   21800  HO=0.0240  meanSteps=   128.9  copy=0.859  A(t)=1686  sim=46.3s
epoch   21850  HO=-0.0412  meanSteps=   128.6  copy=0.858  A(t)=1686  sim=46.4s
epoch   21900  HO=0.0088  meanSteps=   128.7  copy=0.864  A(t)=1686  sim=46.5s
epoch   21950  HO=-0.0301  meanSteps=   128.8  copy=0.885  A(t)=1686  sim=46.5s
epoch   22000  HO=-0.0059  meanSteps=   128.9  copy=0.885  A(t)=1686  sim=46.6s
epoch   22050  HO=0.0276  meanSteps=   128.9  copy=0.881  A(t)=1686  sim=46.7s
epoch   22100  HO=0.0457  meanSteps=   128.9  copy=0.874  A(t)=1686  sim=46.8s
epoch   22150  HO=0.0072  meanSteps=   128.9  copy=0.867  A(t)=1688  sim=46.8s
epoch   22200  HO=0.0017  meanSteps=   128.8  copy=0.850  A(t)=1689  sim=46.9s
epoch   22250  HO=0.0177  meanSteps=   128.8  copy=0.839  A(t)=1693  sim=47.0s
epoch   22300  HO=-0.0002  meanSteps=   128.7  copy=0.835  A(t)=1693  sim=47.0s
epoch   22350  HO=0.0354  meanSteps=   128.4  copy=0.829  A(t)=1693  sim=47.1s
epoch   22400  HO=-0.0187  meanSteps=   128.6  copy=0.839  A(t)=1693  sim=47.2s
epoch   22450  HO=0.0123  meanSteps=   128.7  copy=0.872  A(t)=1694  sim=47.2s
epoch   22500  HO=-0.0231  meanSteps=   128.9  copy=0.856  A(t)=1694  sim=47.3s
epoch   22550  HO=-0.0343  meanSteps=   129.0  copy=0.858  A(t)=1697  sim=47.4s
epoch   22600  HO=0.0126  meanSteps=   129.0  copy=0.853  A(t)=1698  sim=47.4s
epoch   22650  HO=0.0348  meanSteps=   128.8  copy=0.845  A(t)=1698  sim=47.5s
epoch   22700  HO=0.0197  meanSteps=   128.8  copy=0.835  A(t)=1698  sim=47.6s
epoch   22750  HO=0.0511  meanSteps=   128.9  copy=0.827  A(t)=1698  sim=47.6s
epoch   22800  HO=0.0763  meanSteps=   128.8  copy=0.832  A(t)=1700  sim=47.7s
epoch   22850  HO=-0.0006  meanSteps=   128.8  copy=0.851  A(t)=1700  sim=47.8s
epoch   22900  HO=0.0402  meanSteps=   128.6  copy=0.852  A(t)=1700  sim=47.8s
epoch   22950  HO=-0.0025  meanSteps=   128.8  copy=0.828  A(t)=1700  sim=47.9s
epoch   23000  HO=0.0196  meanSteps=   128.9  copy=0.830  A(t)=1700  sim=48.0s
epoch   23050  HO=0.0081  meanSteps=   128.9  copy=0.837  A(t)=1706  sim=48.0s
epoch   23100  HO=0.0023  meanSteps=   128.9  copy=0.838  A(t)=1707  sim=48.1s
epoch   23150  HO=0.0137  meanSteps=   128.6  copy=0.836  A(t)=1709  sim=48.2s
epoch   23200  HO=0.0409  meanSteps=   128.8  copy=0.824  A(t)=1709  sim=48.2s
epoch   23250  HO=0.0602  meanSteps=   128.9  copy=0.821  A(t)=1717  sim=48.3s
epoch   23300  HO=0.0490  meanSteps=   128.9  copy=0.838  A(t)=1717  sim=48.4s
epoch   23350  HO=-0.0416  meanSteps=   128.9  copy=0.842  A(t)=1717  sim=48.4s
epoch   23400  HO=0.0559  meanSteps=   129.0  copy=0.853  A(t)=1718  sim=48.5s
epoch   23450  HO=0.0646  meanSteps=   128.8  copy=0.869  A(t)=1718  sim=48.6s
epoch   23500  HO=-0.0060  meanSteps=   128.9  copy=0.842  A(t)=1724  sim=48.7s
epoch   23550  HO=0.0428  meanSteps=   128.9  copy=0.830  A(t)=1733  sim=48.7s
epoch   23600  HO=0.0684  meanSteps=   129.0  copy=0.826  A(t)=1739  sim=48.8s
epoch   23650  HO=0.1009  meanSteps=   128.8  copy=0.817  A(t)=1744  sim=48.9s
epoch   23700  HO=0.0496  meanSteps=   128.8  copy=0.810  A(t)=1749  sim=48.9s
epoch   23750  HO=0.0624  meanSteps=   128.5  copy=0.803  A(t)=1750  sim=49.0s
epoch   23800  HO=0.0688  meanSteps=   134.5  copy=0.815  A(t)=1752  sim=49.1s
epoch   23850  HO=0.0336  meanSteps=   136.0  copy=0.832  A(t)=1754  sim=49.2s
epoch   23900  HO=0.0351  meanSteps=   128.5  copy=0.831  A(t)=1754  sim=49.2s
epoch   23950  HO=0.0829  meanSteps=   128.8  copy=0.836  A(t)=1754  sim=49.3s
epoch   24000  HO=0.0240  meanSteps=   129.0  copy=0.841  A(t)=1760  sim=49.4s
epoch   24050  HO=0.0189  meanSteps=   129.0  copy=0.838  A(t)=1761  sim=49.4s
epoch   24100  HO=-0.0229  meanSteps=   128.9  copy=0.828  A(t)=1761  sim=49.5s
epoch   24150  HO=0.0067  meanSteps=   129.0  copy=0.814  A(t)=1765  sim=49.6s
epoch   24200  HO=0.0557  meanSteps=   128.9  copy=0.822  A(t)=1771  sim=49.7s
epoch   24250  HO=0.0377  meanSteps=   128.9  copy=0.841  A(t)=1772  sim=49.7s
epoch   24300  HO=0.0261  meanSteps=   129.0  copy=0.842  A(t)=1772  sim=49.8s
epoch   24350  HO=0.0343  meanSteps=   128.8  copy=0.831  A(t)=1772  sim=49.9s
epoch   24400  HO=0.0398  meanSteps=   128.7  copy=0.838  A(t)=1773  sim=49.9s
epoch   24450  HO=0.0220  meanSteps=   128.8  copy=0.834  A(t)=1780  sim=50.0s
epoch   24500  HO=0.0173  meanSteps=   128.7  copy=0.796  A(t)=1780  sim=50.1s
epoch   24550  HO=0.0144  meanSteps=   144.1  copy=0.798  A(t)=1780  sim=50.1s
epoch   24600  HO=0.0673  meanSteps=   141.5  copy=0.796  A(t)=1780  sim=50.2s
epoch   24650  HO=0.0564  meanSteps=   128.6  copy=0.787  A(t)=1790  sim=50.3s
epoch   24700  HO=0.0291  meanSteps=   128.6  copy=0.817  A(t)=1790  sim=50.3s
epoch   24750  HO=0.0575  meanSteps=   128.8  copy=0.825  A(t)=1790  sim=50.4s
epoch   24800  HO=0.0528  meanSteps=   128.7  copy=0.830  A(t)=1790  sim=50.5s
epoch   24850  HO=0.0171  meanSteps=   128.8  copy=0.835  A(t)=1797  sim=50.6s
epoch   24900  HO=0.0165  meanSteps=   128.9  copy=0.826  A(t)=1797  sim=50.6s
epoch   24950  HO=0.0325  meanSteps=   128.9  copy=0.808  A(t)=1797  sim=50.7s
epoch   25000  HO=0.0702  meanSteps=   128.9  copy=0.797  A(t)=1798  sim=50.8s
epoch   25050  HO=0.0782  meanSteps=   128.8  copy=0.780  A(t)=1798  sim=50.8s
epoch   25100  HO=0.0822  meanSteps=   128.9  copy=0.796  A(t)=1818  sim=50.9s
epoch   25150  HO=0.0515  meanSteps=   128.5  copy=0.777  A(t)=1819  sim=51.0s
epoch   25200  HO=0.0816  meanSteps=   128.5  copy=0.791  A(t)=1819  sim=51.0s
epoch   25250  HO=0.0785  meanSteps=   128.4  copy=0.806  A(t)=1819  sim=51.1s
epoch   25300  HO=0.0593  meanSteps=   128.4  copy=0.816  A(t)=1822  sim=51.2s
epoch   25350  HO=0.0905  meanSteps=   128.3  copy=0.818  A(t)=1823  sim=51.2s
epoch   25400  HO=0.0726  meanSteps=   128.2  copy=0.823  A(t)=1824  sim=51.3s
epoch   25450  HO=0.1352  meanSteps=   128.2  copy=0.839  A(t)=1824  sim=51.4s
epoch   25500  HO=0.0650  meanSteps=   128.3  copy=0.844  A(t)=1824  sim=51.5s
epoch   25550  HO=0.0936  meanSteps=   128.4  copy=0.867  A(t)=1824  sim=51.5s
epoch   25600  HO=0.0817  meanSteps=   128.6  copy=0.873  A(t)=1824  sim=51.6s
epoch   25650  HO=0.1214  meanSteps=   128.7  copy=0.869  A(t)=1824  sim=51.7s
epoch   25700  HO=0.0858  meanSteps=   128.8  copy=0.878  A(t)=1824  sim=51.7s
epoch   25750  HO=0.0524  meanSteps=   128.8  copy=0.877  A(t)=1825  sim=51.8s
epoch   25800  HO=0.0808  meanSteps=   128.6  copy=0.873  A(t)=1825  sim=51.9s
epoch   25850  HO=0.0891  meanSteps=   128.7  copy=0.882  A(t)=1832  sim=51.9s
epoch   25900  HO=0.0480  meanSteps=   129.0  copy=0.869  A(t)=1832  sim=52.0s
epoch   25950  HO=0.0582  meanSteps=   128.9  copy=0.858  A(t)=1832  sim=52.1s
epoch   26000  HO=0.0757  meanSteps=   129.0  copy=0.867  A(t)=1832  sim=52.1s
epoch   26050  HO=0.0820  meanSteps=   128.8  copy=0.854  A(t)=1832  sim=52.2s
epoch   26100  HO=0.0539  meanSteps=   128.8  copy=0.853  A(t)=1832  sim=52.3s
epoch   26150  HO=0.0406  meanSteps=   128.7  copy=0.842  A(t)=1832  sim=52.3s
epoch   26200  HO=0.0267  meanSteps=   128.9  copy=0.836  A(t)=1832  sim=52.4s
epoch   26250  HO=0.0806  meanSteps=   128.9  copy=0.831  A(t)=1832  sim=52.5s
epoch   26300  HO=0.0086  meanSteps=   128.8  copy=0.834  A(t)=1832  sim=52.5s
epoch   26350  HO=-0.0021  meanSteps=   128.8  copy=0.844  A(t)=1832  sim=52.6s
epoch   26400  HO=0.0409  meanSteps=   128.7  copy=0.847  A(t)=1832  sim=52.7s
epoch   26450  HO=0.0321  meanSteps=   128.7  copy=0.838  A(t)=1832  sim=52.8s
epoch   26500  HO=0.0119  meanSteps=   135.2  copy=0.854  A(t)=1833  sim=52.8s
epoch   26550  HO=-0.0104  meanSteps=   128.9  copy=0.839  A(t)=1835  sim=52.9s
epoch   26600  HO=0.0124  meanSteps=   128.9  copy=0.851  A(t)=1835  sim=53.0s
epoch   26650  HO=0.0371  meanSteps=   128.9  copy=0.837  A(t)=1836  sim=53.0s
epoch   26700  HO=0.0047  meanSteps=   128.9  copy=0.839  A(t)=1837  sim=53.1s
epoch   26750  HO=0.0805  meanSteps=   128.7  copy=0.835  A(t)=1842  sim=53.2s
epoch   26800  HO=0.0154  meanSteps=   128.6  copy=0.835  A(t)=1843  sim=53.2s
epoch   26850  HO=0.0197  meanSteps=   128.9  copy=0.842  A(t)=1843  sim=53.3s
epoch   26900  HO=0.0014  meanSteps=   128.7  copy=0.839  A(t)=1843  sim=53.4s
epoch   26950  HO=0.0336  meanSteps=   128.7  copy=0.845  A(t)=1843  sim=53.4s
epoch   27000  HO=0.0763  meanSteps=   128.7  copy=0.847  A(t)=1843  sim=53.5s
epoch   27050  HO=0.0352  meanSteps=   128.8  copy=0.851  A(t)=1843  sim=53.6s
epoch   27100  HO=0.0542  meanSteps=   128.9  copy=0.848  A(t)=1844  sim=53.6s
epoch   27150  HO=0.0369  meanSteps=   128.6  copy=0.834  A(t)=1844  sim=53.7s
epoch   27200  HO=0.0888  meanSteps=   128.4  copy=0.842  A(t)=1844  sim=53.8s
epoch   27250  HO=0.0938  meanSteps=   128.7  copy=0.853  A(t)=1844  sim=53.9s
epoch   27300  HO=0.0619  meanSteps=   128.6  copy=0.856  A(t)=1844  sim=53.9s
epoch   27350  HO=0.0713  meanSteps=   128.5  copy=0.834  A(t)=1845  sim=54.0s
epoch   27400  HO=0.1317  meanSteps=   128.7  copy=0.834  A(t)=1846  sim=54.1s
epoch   27450  HO=0.0969  meanSteps=   128.7  copy=0.841  A(t)=1846  sim=54.1s
epoch   27500  HO=0.0647  meanSteps=   128.9  copy=0.838  A(t)=1847  sim=54.2s
epoch   27550  HO=0.0700  meanSteps=   129.0  copy=0.856  A(t)=1847  sim=54.3s
epoch   27600  HO=0.0080  meanSteps=   128.8  copy=0.848  A(t)=1847  sim=54.4s
epoch   27650  HO=0.0409  meanSteps=   128.6  copy=0.853  A(t)=1847  sim=54.4s
epoch   27700  HO=0.0163  meanSteps=   128.7  copy=0.853  A(t)=1848  sim=54.5s
epoch   27750  HO=0.0538  meanSteps=   128.8  copy=0.861  A(t)=1848  sim=54.6s
epoch   27800  HO=0.0846  meanSteps=   128.7  copy=0.869  A(t)=1848  sim=54.6s
epoch   27850  HO=0.0269  meanSteps=   135.8  copy=0.849  A(t)=1848  sim=54.7s
epoch   27900  HO=0.0591  meanSteps=   128.9  copy=0.843  A(t)=1848  sim=54.8s
epoch   27950  HO=0.0529  meanSteps=   128.9  copy=0.851  A(t)=1853  sim=54.8s
epoch   28000  HO=0.0117  meanSteps=   128.9  copy=0.845  A(t)=1853  sim=54.9s
epoch   28050  HO=0.0328  meanSteps=   128.9  copy=0.843  A(t)=1859  sim=55.0s
epoch   28100  HO=0.0452  meanSteps=   128.9  copy=0.843  A(t)=1860  sim=55.1s
epoch   28150  HO=0.0598  meanSteps=   128.9  copy=0.844  A(t)=1862  sim=55.1s
epoch   28200  HO=0.0476  meanSteps=   128.9  copy=0.839  A(t)=1863  sim=55.2s
epoch   28250  HO=0.0262  meanSteps=   128.9  copy=0.829  A(t)=1866  sim=55.3s
epoch   28300  HO=-0.0225  meanSteps=   128.9  copy=0.829  A(t)=1866  sim=55.3s
epoch   28350  HO=-0.0186  meanSteps=   128.9  copy=0.822  A(t)=1867  sim=55.4s
epoch   28400  HO=-0.0532  meanSteps=   128.9  copy=0.817  A(t)=1867  sim=55.5s
epoch   28450  HO=-0.0314  meanSteps=   132.8  copy=0.816  A(t)=1870  sim=55.5s
epoch   28500  HO=-0.0174  meanSteps=   128.7  copy=0.836  A(t)=1871  sim=55.6s
epoch   28550  HO=0.0564  meanSteps=   128.7  copy=0.814  A(t)=1871  sim=55.7s
epoch   28600  HO=0.0896  meanSteps=   128.8  copy=0.804  A(t)=1876  sim=55.7s
epoch   28650  HO=0.0909  meanSteps=   139.5  copy=0.815  A(t)=1882  sim=55.8s
epoch   28700  HO=0.0379  meanSteps=   145.7  copy=0.813  A(t)=1890  sim=55.9s
epoch   28750  HO=0.0676  meanSteps=   143.9  copy=0.816  A(t)=1890  sim=56.0s
epoch   28800  HO=0.0285  meanSteps=   144.7  copy=0.828  A(t)=1891  sim=56.0s
epoch   28850  HO=0.0415  meanSteps=   145.7  copy=0.840  A(t)=1891  sim=56.1s
epoch   28900  HO=0.0190  meanSteps=   139.8  copy=0.837  A(t)=1891  sim=56.2s
epoch   28950  HO=0.0021  meanSteps=   128.8  copy=0.863  A(t)=1891  sim=56.2s
epoch   29000  HO=0.0318  meanSteps=   128.9  copy=0.872  A(t)=1891  sim=56.3s
epoch   29050  HO=0.0501  meanSteps=   129.0  copy=0.870  A(t)=1891  sim=56.4s
epoch   29100  HO=0.0963  meanSteps=   133.5  copy=0.855  A(t)=1891  sim=56.4s
epoch   29150  HO=0.1036  meanSteps=   132.0  copy=0.853  A(t)=1891  sim=56.5s
epoch   29200  HO=0.0611  meanSteps=   128.9  copy=0.862  A(t)=1896  sim=56.6s
epoch   29250  HO=0.0589  meanSteps=   128.8  copy=0.879  A(t)=1896  sim=56.6s
epoch   29300  HO=0.0645  meanSteps=   129.1  copy=0.873  A(t)=1896  sim=56.7s
epoch   29350  HO=0.0590  meanSteps=   133.3  copy=0.847  A(t)=1896  sim=56.8s
epoch   29400  HO=0.0915  meanSteps=   142.4  copy=0.830  A(t)=1897  sim=56.9s
epoch   29450  HO=0.0303  meanSteps=   129.0  copy=0.832  A(t)=1903  sim=56.9s
epoch   29500  HO=0.0564  meanSteps=   128.9  copy=0.816  A(t)=1912  sim=57.0s
epoch   29550  HO=0.0456  meanSteps=   128.9  copy=0.816  A(t)=1912  sim=57.1s
epoch   29600  HO=0.0438  meanSteps=   128.8  copy=0.810  A(t)=1912  sim=57.1s
epoch   29650  HO=0.0144  meanSteps=   128.5  copy=0.802  A(t)=1912  sim=57.2s
epoch   29700  HO=0.0458  meanSteps=   128.4  copy=0.806  A(t)=1912  sim=57.3s
epoch   29750  HO=0.0763  meanSteps=   128.7  copy=0.817  A(t)=1912  sim=57.3s
epoch   29800  HO=0.0553  meanSteps=   128.5  copy=0.814  A(t)=1915  sim=57.4s
epoch   29850  HO=0.0376  meanSteps=   128.6  copy=0.830  A(t)=1922  sim=57.5s
epoch   29900  HO=0.0443  meanSteps=   128.8  copy=0.839  A(t)=1922  sim=57.6s
epoch   29950  HO=0.0375  meanSteps=   128.8  copy=0.824  A(t)=1922  sim=57.6s
epoch   30000  HO=0.0211  meanSteps=   128.9  copy=0.819  A(t)=1925  sim=57.7s
epoch   30050  HO=0.0419  meanSteps=   128.8  copy=0.819  A(t)=1925  sim=57.8s
epoch   30100  HO=0.0396  meanSteps=   128.8  copy=0.816  A(t)=1925  sim=57.8s
epoch   30150  HO=0.0585  meanSteps=   128.8  copy=0.824  A(t)=1926  sim=57.9s
epoch   30200  HO=0.0288  meanSteps=   129.0  copy=0.818  A(t)=1926  sim=58.0s
epoch   30250  HO=0.0002  meanSteps=   129.0  copy=0.820  A(t)=1926  sim=58.1s
epoch   30300  HO=-0.0078  meanSteps=   128.8  copy=0.816  A(t)=1926  sim=58.1s
epoch   30350  HO=0.0194  meanSteps=   128.9  copy=0.818  A(t)=1930  sim=58.2s
epoch   30400  HO=0.0427  meanSteps=   128.7  copy=0.819  A(t)=1930  sim=58.3s
epoch   30450  HO=0.0266  meanSteps=   128.6  copy=0.802  A(t)=1930  sim=58.4s
epoch   30500  HO=0.0225  meanSteps=   129.5  copy=0.800  A(t)=1931  sim=58.4s
epoch   30550  HO=0.0121  meanSteps=   128.4  copy=0.806  A(t)=1940  sim=58.5s
epoch   30600  HO=0.0615  meanSteps=   128.7  copy=0.812  A(t)=1941  sim=58.6s
epoch   30650  HO=0.0286  meanSteps=   128.7  copy=0.809  A(t)=1941  sim=58.6s
epoch   30700  HO=0.0343  meanSteps=   128.8  copy=0.818  A(t)=1943  sim=58.7s
epoch   30750  HO=0.0094  meanSteps=   128.8  copy=0.816  A(t)=1943  sim=58.8s
epoch   30800  HO=0.0644  meanSteps=   128.7  copy=0.803  A(t)=1943  sim=58.9s
epoch   30850  HO=0.0458  meanSteps=   128.6  copy=0.780  A(t)=1945  sim=58.9s
epoch   30900  HO=0.0869  meanSteps=   128.9  copy=0.796  A(t)=1945  sim=59.0s
epoch   30950  HO=0.0239  meanSteps=   128.9  copy=0.814  A(t)=1945  sim=59.1s
epoch   31000  HO=0.0582  meanSteps=   128.9  copy=0.798  A(t)=1945  sim=59.1s
epoch   31050  HO=0.0153  meanSteps=   128.8  copy=0.815  A(t)=1947  sim=59.2s
epoch   31100  HO=0.0195  meanSteps=   128.8  copy=0.825  A(t)=1947  sim=59.3s
epoch   31150  HO=0.0165  meanSteps=   128.8  copy=0.822  A(t)=1949  sim=59.3s
epoch   31200  HO=0.0620  meanSteps=   129.1  copy=0.827  A(t)=1949  sim=59.4s
epoch   31250  HO=0.0403  meanSteps=   128.7  copy=0.824  A(t)=1953  sim=59.5s
epoch   31300  HO=0.0744  meanSteps=   135.3  copy=0.830  A(t)=1954  sim=59.5s
epoch   31350  HO=0.0326  meanSteps=   128.9  copy=0.826  A(t)=1957  sim=59.6s
epoch   31400  HO=0.0432  meanSteps=   128.9  copy=0.810  A(t)=1957  sim=59.7s
epoch   31450  HO=0.0327  meanSteps=   128.9  copy=0.810  A(t)=1963  sim=59.7s
epoch   31500  HO=-0.0177  meanSteps=   128.6  copy=0.805  A(t)=1963  sim=59.8s
epoch   31550  HO=0.0720  meanSteps=   128.9  copy=0.793  A(t)=1964  sim=59.9s
epoch   31600  HO=0.0960  meanSteps=   128.8  copy=0.801  A(t)=1967  sim=60.0s
epoch   31650  HO=0.0686  meanSteps=   128.8  copy=0.818  A(t)=1972  sim=60.0s
epoch   31700  HO=0.0791  meanSteps=   128.7  copy=0.814  A(t)=1972  sim=60.1s
epoch   31750  HO=0.0991  meanSteps=   128.7  copy=0.795  A(t)=1973  sim=60.2s
epoch   31800  HO=0.1009  meanSteps=   128.8  copy=0.789  A(t)=1973  sim=60.2s
epoch   31850  HO=0.0827  meanSteps=   128.5  copy=0.801  A(t)=1977  sim=60.3s
epoch   31900  HO=0.0913  meanSteps=   131.4  copy=0.810  A(t)=1981  sim=60.4s
epoch   31950  HO=0.0956  meanSteps=   128.4  copy=0.825  A(t)=1981  sim=60.4s
epoch   32000  HO=0.1035  meanSteps=   128.4  copy=0.804  A(t)=1981  sim=60.5s
epoch   32050  HO=0.0798  meanSteps=   128.4  copy=0.819  A(t)=1981  sim=60.6s
epoch   32100  HO=0.0354  meanSteps=   128.5  copy=0.798  A(t)=1982  sim=60.6s
epoch   32150  HO=0.0537  meanSteps=   128.8  copy=0.807  A(t)=1985  sim=60.7s
epoch   32200  HO=0.0615  meanSteps=   135.2  copy=0.813  A(t)=1986  sim=60.8s
epoch   32250  HO=0.1303  meanSteps=   128.7  copy=0.823  A(t)=1989  sim=60.9s
epoch   32300  HO=0.1111  meanSteps=   128.7  copy=0.843  A(t)=1989  sim=60.9s
epoch   32350  HO=0.1538  meanSteps=   128.8  copy=0.845  A(t)=1992  sim=61.0s
epoch   32400  HO=0.1411  meanSteps=   132.0  copy=0.844  A(t)=1992  sim=61.1s
epoch   32450  HO=0.1715  meanSteps=   128.8  copy=0.838  A(t)=1993  sim=61.1s
epoch   32500  HO=0.0991  meanSteps=   128.8  copy=0.831  A(t)=1993  sim=61.2s
epoch   32550  HO=0.0600  meanSteps=   128.9  copy=0.837  A(t)=1993  sim=61.3s
epoch   32600  HO=0.0491  meanSteps=   128.9  copy=0.837  A(t)=1993  sim=61.3s
epoch   32650  HO=0.0417  meanSteps=   128.9  copy=0.846  A(t)=1993  sim=61.4s
epoch   32700  HO=0.0490  meanSteps=   128.7  copy=0.835  A(t)=1993  sim=61.5s
epoch   32750  HO=0.0524  meanSteps=   128.9  copy=0.853  A(t)=1993  sim=61.5s
epoch   32800  HO=0.0091  meanSteps=   128.8  copy=0.872  A(t)=1993  sim=61.6s
epoch   32850  HO=0.0351  meanSteps=   128.7  copy=0.850  A(t)=1998  sim=61.7s
epoch   32900  HO=0.0295  meanSteps=   128.8  copy=0.843  A(t)=1998  sim=61.8s
epoch   32950  HO=0.0114  meanSteps=   128.7  copy=0.830  A(t)=1998  sim=61.8s
epoch   33000  HO=0.0597  meanSteps=   128.7  copy=0.819  A(t)=1998  sim=61.9s
epoch   33050  HO=0.0618  meanSteps=   128.7  copy=0.824  A(t)=1998  sim=62.0s
epoch   33100  HO=0.0676  meanSteps=   130.8  copy=0.811  A(t)=2002  sim=62.0s
epoch   33150  HO=0.0439  meanSteps=   128.9  copy=0.823  A(t)=2005  sim=62.1s
epoch   33200  HO=0.0756  meanSteps=   128.9  copy=0.837  A(t)=2006  sim=62.2s
epoch   33250  HO=0.0549  meanSteps=   128.8  copy=0.849  A(t)=2006  sim=62.3s
epoch   33300  HO=0.0346  meanSteps=   128.7  copy=0.861  A(t)=2006  sim=62.3s
epoch   33350  HO=0.0476  meanSteps=   128.5  copy=0.870  A(t)=2006  sim=62.4s
epoch   33400  HO=0.0751  meanSteps=   128.8  copy=0.868  A(t)=2006  sim=62.5s
epoch   33450  HO=0.0350  meanSteps=   140.2  copy=0.865  A(t)=2006  sim=62.5s
epoch   33500  HO=0.0701  meanSteps=   142.4  copy=0.860  A(t)=2006  sim=62.6s
epoch   33550  HO=0.0616  meanSteps=   142.7  copy=0.845  A(t)=2006  sim=62.7s
epoch   33600  HO=0.1028  meanSteps=   143.7  copy=0.861  A(t)=2006  sim=62.8s
epoch   33650  HO=0.0326  meanSteps=   141.7  copy=0.862  A(t)=2006  sim=62.8s
epoch   33700  HO=0.0448  meanSteps=   137.4  copy=0.856  A(t)=2006  sim=62.9s
epoch   33750  HO=0.0588  meanSteps=   147.6  copy=0.861  A(t)=2006  sim=63.0s
epoch   33800  HO=0.0581  meanSteps=   142.8  copy=0.862  A(t)=2006  sim=63.0s
epoch   33850  HO=0.1025  meanSteps=   128.8  copy=0.860  A(t)=2006  sim=63.1s
epoch   33900  HO=0.0762  meanSteps=   128.9  copy=0.870  A(t)=2006  sim=63.2s
epoch   33950  HO=0.0733  meanSteps=   128.8  copy=0.879  A(t)=2006  sim=63.2s
epoch   34000  HO=0.0292  meanSteps=   128.8  copy=0.860  A(t)=2006  sim=63.3s
epoch   34050  HO=0.0524  meanSteps=   128.8  copy=0.874  A(t)=2008  sim=63.4s
epoch   34100  HO=0.0867  meanSteps=   128.5  copy=0.874  A(t)=2009  sim=63.5s
epoch   34150  HO=0.0583  meanSteps=   128.7  copy=0.875  A(t)=2009  sim=63.5s
epoch   34200  HO=0.0244  meanSteps=   128.6  copy=0.886  A(t)=2009  sim=63.6s
epoch   34250  HO=0.0328  meanSteps=   128.6  copy=0.871  A(t)=2009  sim=63.7s
epoch   34300  HO=0.0314  meanSteps=   128.7  copy=0.850  A(t)=2009  sim=63.7s
epoch   34350  HO=0.0700  meanSteps=   128.5  copy=0.841  A(t)=2009  sim=63.8s
epoch   34400  HO=0.0522  meanSteps=   128.7  copy=0.848  A(t)=2009  sim=63.9s
epoch   34450  HO=0.0546  meanSteps=   128.5  copy=0.849  A(t)=2012  sim=63.9s
epoch   34500  HO=0.0870  meanSteps=   128.6  copy=0.840  A(t)=2012  sim=64.0s
epoch   34550  HO=0.1251  meanSteps=   128.8  copy=0.853  A(t)=2012  sim=64.1s
epoch   34600  HO=0.0361  meanSteps=   128.8  copy=0.860  A(t)=2012  sim=64.1s
epoch   34650  HO=0.0223  meanSteps=   128.5  copy=0.857  A(t)=2014  sim=64.2s
epoch   34700  HO=0.0374  meanSteps=   128.9  copy=0.840  A(t)=2019  sim=64.3s
epoch   34750  HO=0.0614  meanSteps=   129.0  copy=0.839  A(t)=2019  sim=64.4s
epoch   34800  HO=0.0992  meanSteps=   128.9  copy=0.851  A(t)=2019  sim=64.4s
epoch   34850  HO=0.0828  meanSteps=   128.9  copy=0.838  A(t)=2019  sim=64.5s
epoch   34900  HO=0.1133  meanSteps=   128.6  copy=0.822  A(t)=2019  sim=64.6s
epoch   34950  HO=0.0824  meanSteps=   128.7  copy=0.835  A(t)=2019  sim=64.6s
epoch   35000  HO=0.1079  meanSteps=   128.8  copy=0.845  A(t)=2019  sim=64.7s
epoch   35050  HO=0.0778  meanSteps=   128.9  copy=0.824  A(t)=2019  sim=64.8s
epoch   35100  HO=0.0822  meanSteps=   128.7  copy=0.836  A(t)=2019  sim=64.8s
epoch   35150  HO=0.1095  meanSteps=   128.7  copy=0.821  A(t)=2019  sim=64.9s
epoch   35200  HO=0.0819  meanSteps=   128.8  copy=0.810  A(t)=2021  sim=65.0s
epoch   35250  HO=0.0965  meanSteps=   128.8  copy=0.798  A(t)=2022  sim=65.0s
epoch   35300  HO=0.0900  meanSteps=   128.6  copy=0.810  A(t)=2022  sim=65.1s
epoch   35350  HO=0.0311  meanSteps=   128.7  copy=0.796  A(t)=2022  sim=65.2s
epoch   35400  HO=-0.0008  meanSteps=   128.8  copy=0.794  A(t)=2022  sim=65.2s
epoch   35450  HO=0.0175  meanSteps=   128.7  copy=0.811  A(t)=2022  sim=65.3s
epoch   35500  HO=0.0576  meanSteps=   128.7  copy=0.842  A(t)=2022  sim=65.4s
epoch   35550  HO=0.0540  meanSteps=   128.8  copy=0.848  A(t)=2022  sim=65.4s
epoch   35600  HO=0.0439  meanSteps=   128.9  copy=0.848  A(t)=2022  sim=65.5s
epoch   35650  HO=0.0596  meanSteps=   128.9  copy=0.855  A(t)=2022  sim=65.6s
epoch   35700  HO=0.0034  meanSteps=   128.8  copy=0.845  A(t)=2022  sim=65.7s
epoch   35750  HO=-0.0240  meanSteps=   128.7  copy=0.835  A(t)=2022  sim=65.7s
epoch   35800  HO=0.0010  meanSteps=   128.9  copy=0.851  A(t)=2022  sim=65.8s
epoch   35850  HO=0.0422  meanSteps=   128.9  copy=0.849  A(t)=2022  sim=65.9s
epoch   35900  HO=0.0179  meanSteps=   128.9  copy=0.843  A(t)=2022  sim=65.9s
epoch   35950  HO=0.0065  meanSteps=   128.5  copy=0.828  A(t)=2022  sim=66.0s
epoch   36000  HO=0.0359  meanSteps=   128.6  copy=0.835  A(t)=2022  sim=66.1s
epoch   36050  HO=0.0401  meanSteps=   128.8  copy=0.851  A(t)=2022  sim=66.1s
epoch   36100  HO=0.0271  meanSteps=   128.8  copy=0.846  A(t)=2022  sim=66.2s
epoch   36150  HO=0.0166  meanSteps=   128.8  copy=0.848  A(t)=2022  sim=66.3s
epoch   36200  HO=0.0070  meanSteps=   128.8  copy=0.853  A(t)=2023  sim=66.3s
epoch   36250  HO=0.0543  meanSteps=   128.9  copy=0.835  A(t)=2026  sim=66.4s
epoch   36300  HO=0.0143  meanSteps=   128.9  copy=0.849  A(t)=2027  sim=66.5s
epoch   36350  HO=0.0310  meanSteps=   129.0  copy=0.846  A(t)=2028  sim=66.5s
epoch   36400  HO=0.0347  meanSteps=   128.9  copy=0.840  A(t)=2031  sim=66.6s
epoch   36450  HO=0.0197  meanSteps=   128.7  copy=0.848  A(t)=2031  sim=66.7s
epoch   36500  HO=-0.0161  meanSteps=   133.8  copy=0.837  A(t)=2031  sim=66.7s
epoch   36550  HO=0.0059  meanSteps=   128.7  copy=0.831  A(t)=2031  sim=66.8s
epoch   36600  HO=-0.0032  meanSteps=   128.7  copy=0.841  A(t)=2031  sim=66.9s
epoch   36650  HO=0.0653  meanSteps=   128.7  copy=0.849  A(t)=2031  sim=66.9s
epoch   36700  HO=0.0737  meanSteps=   128.7  copy=0.851  A(t)=2031  sim=67.0s
epoch   36750  HO=0.0694  meanSteps=   128.8  copy=0.849  A(t)=2033  sim=67.1s
epoch   36800  HO=0.0420  meanSteps=   128.7  copy=0.846  A(t)=2036  sim=67.1s
epoch   36850  HO=0.0604  meanSteps=   128.9  copy=0.839  A(t)=2036  sim=67.2s
epoch   36900  HO=0.0321  meanSteps=   128.7  copy=0.840  A(t)=2036  sim=67.3s
epoch   36950  HO=0.0784  meanSteps=   128.8  copy=0.853  A(t)=2036  sim=67.3s
epoch   37000  HO=0.1197  meanSteps=   128.9  copy=0.850  A(t)=2036  sim=67.4s
epoch   37050  HO=0.0827  meanSteps=   128.9  copy=0.825  A(t)=2038  sim=67.5s
epoch   37100  HO=0.0545  meanSteps=   128.5  copy=0.849  A(t)=2039  sim=67.6s
epoch   37150  HO=0.0808  meanSteps=   128.5  copy=0.828  A(t)=2043  sim=67.6s
epoch   37200  HO=0.1064  meanSteps=   128.6  copy=0.825  A(t)=2043  sim=67.7s
epoch   37250  HO=0.0968  meanSteps=   128.6  copy=0.848  A(t)=2043  sim=67.8s
epoch   37300  HO=0.0724  meanSteps=   128.6  copy=0.859  A(t)=2043  sim=67.8s
epoch   37350  HO=0.0659  meanSteps=   128.5  copy=0.852  A(t)=2048  sim=67.9s
epoch   37400  HO=0.0536  meanSteps=   129.0  copy=0.859  A(t)=2048  sim=68.0s
epoch   37450  HO=0.0360  meanSteps=   131.9  copy=0.847  A(t)=2048  sim=68.0s
epoch   37500  HO=0.0102  meanSteps=   128.8  copy=0.832  A(t)=2056  sim=68.1s
epoch   37550  HO=0.0108  meanSteps=   128.8  copy=0.813  A(t)=2058  sim=68.2s
epoch   37600  HO=0.0080  meanSteps=   128.8  copy=0.824  A(t)=2060  sim=68.2s
epoch   37650  HO=0.0111  meanSteps=   128.9  copy=0.804  A(t)=2061  sim=68.3s
epoch   37700  HO=0.0454  meanSteps=   128.9  copy=0.790  A(t)=2061  sim=68.4s
epoch   37750  HO=0.0209  meanSteps=   128.7  copy=0.790  A(t)=2061  sim=68.4s
epoch   37800  HO=0.0529  meanSteps=   128.5  copy=0.797  A(t)=2061  sim=68.5s
epoch   37850  HO=0.0854  meanSteps=   128.7  copy=0.793  A(t)=2061  sim=68.6s
epoch   37900  HO=0.0395  meanSteps=   128.9  copy=0.806  A(t)=2061  sim=68.6s
epoch   37950  HO=0.0500  meanSteps=   128.9  copy=0.814  A(t)=2061  sim=68.7s
epoch   38000  HO=0.0628  meanSteps=   128.6  copy=0.791  A(t)=2061  sim=68.8s
epoch   38050  HO=0.0582  meanSteps=   128.5  copy=0.775  A(t)=2062  sim=68.9s
epoch   38100  HO=0.0215  meanSteps=   128.3  copy=0.772  A(t)=2062  sim=68.9s
epoch   38150  HO=0.0182  meanSteps=   128.3  copy=0.795  A(t)=2063  sim=69.0s
epoch   38200  HO=0.0802  meanSteps=   128.6  copy=0.789  A(t)=2063  sim=69.1s
epoch   38250  HO=0.0462  meanSteps=   128.9  copy=0.788  A(t)=2066  sim=69.1s
epoch   38300  HO=-0.0068  meanSteps=   128.7  copy=0.795  A(t)=2067  sim=69.2s
epoch   38350  HO=-0.0146  meanSteps=   128.8  copy=0.811  A(t)=2067  sim=69.3s
epoch   38400  HO=-0.0066  meanSteps=   128.9  copy=0.811  A(t)=2067  sim=69.3s
epoch   38450  HO=0.0172  meanSteps=   128.8  copy=0.799  A(t)=2067  sim=69.4s
epoch   38500  HO=0.0247  meanSteps=   129.0  copy=0.812  A(t)=2067  sim=69.5s
epoch   38550  HO=0.0420  meanSteps=   128.9  copy=0.806  A(t)=2067  sim=69.5s
epoch   38600  HO=0.0440  meanSteps=   128.8  copy=0.797  A(t)=2072  sim=69.6s
epoch   38650  HO=0.0672  meanSteps=   128.8  copy=0.811  A(t)=2072  sim=69.7s
epoch   38700  HO=0.0441  meanSteps=   128.9  copy=0.809  A(t)=2072  sim=69.7s
epoch   38750  HO=0.0026  meanSteps=   128.8  copy=0.806  A(t)=2072  sim=69.8s
epoch   38800  HO=0.0447  meanSteps=   128.6  copy=0.829  A(t)=2075  sim=69.9s
epoch   38850  HO=0.0108  meanSteps=   128.5  copy=0.855  A(t)=2075  sim=69.9s
epoch   38900  HO=0.0488  meanSteps=   128.4  copy=0.873  A(t)=2075  sim=70.0s
epoch   38950  HO=0.0836  meanSteps=   128.5  copy=0.860  A(t)=2075  sim=70.1s
epoch   39000  HO=0.0925  meanSteps=   128.6  copy=0.859  A(t)=2075  sim=70.1s
epoch   39050  HO=0.0900  meanSteps=   128.8  copy=0.848  A(t)=2075  sim=70.2s
epoch   39100  HO=0.1336  meanSteps=   128.7  copy=0.839  A(t)=2075  sim=70.3s
epoch   39150  HO=0.1142  meanSteps=   130.7  copy=0.816  A(t)=2075  sim=70.4s
epoch   39200  HO=0.1092  meanSteps=   128.9  copy=0.808  A(t)=2076  sim=70.4s
epoch   39250  HO=0.0697  meanSteps=   129.0  copy=0.819  A(t)=2076  sim=70.5s
epoch   39300  HO=0.0830  meanSteps=   128.9  copy=0.838  A(t)=2076  sim=70.6s
epoch   39350  HO=0.0774  meanSteps=   128.8  copy=0.853  A(t)=2077  sim=70.6s
epoch   39400  HO=0.0489  meanSteps=   128.9  copy=0.852  A(t)=2077  sim=70.7s
epoch   39450  HO=-0.0057  meanSteps=   128.9  copy=0.862  A(t)=2077  sim=70.8s
epoch   39500  HO=-0.0098  meanSteps=   129.0  copy=0.872  A(t)=2077  sim=70.8s
epoch   39550  HO=0.0263  meanSteps=   129.0  copy=0.876  A(t)=2077  sim=70.9s
epoch   39600  HO=0.0004  meanSteps=   129.0  copy=0.883  A(t)=2077  sim=71.0s
epoch   39650  HO=0.0420  meanSteps=   129.0  copy=0.883  A(t)=2077  sim=71.0s
epoch   39700  HO=0.0111  meanSteps=   129.0  copy=0.887  A(t)=2077  sim=71.1s
epoch   39750  HO=0.0345  meanSteps=   128.9  copy=0.879  A(t)=2077  sim=71.2s
epoch   39800  HO=0.0597  meanSteps=   128.8  copy=0.871  A(t)=2078  sim=71.2s
epoch   39850  HO=0.0014  meanSteps=   128.9  copy=0.851  A(t)=2082  sim=71.3s
epoch   39900  HO=0.0082  meanSteps=   129.0  copy=0.856  A(t)=2082  sim=71.4s
epoch   39950  HO=0.0219  meanSteps=   128.9  copy=0.851  A(t)=2082  sim=71.4s
epoch   40000  HO=0.0477  meanSteps=   128.8  copy=0.850  A(t)=2082  sim=71.5s
epoch   40050  HO=0.0814  meanSteps=   128.8  copy=0.827  A(t)=2082  sim=71.6s
epoch   40100  HO=0.0617  meanSteps=   129.5  copy=0.833  A(t)=2083  sim=71.6s
epoch   40150  HO=0.0831  meanSteps=   128.8  copy=0.839  A(t)=2084  sim=71.7s
epoch   40200  HO=0.0863  meanSteps=   128.9  copy=0.834  A(t)=2084  sim=71.8s
epoch   40250  HO=0.0800  meanSteps=   128.7  copy=0.825  A(t)=2084  sim=71.9s
epoch   40300  HO=0.0811  meanSteps=   128.5  copy=0.817  A(t)=2090  sim=71.9s
epoch   40350  HO=0.0692  meanSteps=   128.5  copy=0.807  A(t)=2091  sim=72.0s
epoch   40400  HO=0.0729  meanSteps=   128.7  copy=0.811  A(t)=2092  sim=72.1s
epoch   40450  HO=0.0435  meanSteps=   128.8  copy=0.817  A(t)=2095  sim=72.1s
epoch   40500  HO=0.0826  meanSteps=   128.9  copy=0.810  A(t)=2097  sim=72.2s
epoch   40550  HO=0.0288  meanSteps=   128.7  copy=0.825  A(t)=2097  sim=72.3s
epoch   40600  HO=0.0443  meanSteps=   128.7  copy=0.826  A(t)=2097  sim=72.3s
epoch   40650  HO=0.0424  meanSteps=   128.8  copy=0.820  A(t)=2098  sim=72.4s
epoch   40700  HO=0.0770  meanSteps=   128.7  copy=0.819  A(t)=2099  sim=72.5s
epoch   40750  HO=0.0742  meanSteps=   128.7  copy=0.848  A(t)=2099  sim=72.5s
epoch   40800  HO=0.0811  meanSteps=   132.8  copy=0.858  A(t)=2099  sim=72.6s
epoch   40850  HO=0.0707  meanSteps=   145.4  copy=0.847  A(t)=2099  sim=72.7s
epoch   40900  HO=0.0845  meanSteps=   142.5  copy=0.847  A(t)=2099  sim=72.7s
epoch   40950  HO=0.0716  meanSteps=   139.3  copy=0.841  A(t)=2099  sim=72.8s
epoch   41000  HO=0.0634  meanSteps=   128.6  copy=0.840  A(t)=2099  sim=72.9s
epoch   41050  HO=0.0655  meanSteps=   128.6  copy=0.836  A(t)=2099  sim=72.9s
epoch   41100  HO=0.0953  meanSteps=   128.7  copy=0.837  A(t)=2099  sim=73.0s
epoch   41150  HO=0.0608  meanSteps=   128.6  copy=0.834  A(t)=2099  sim=73.1s
epoch   41200  HO=0.0625  meanSteps=   128.6  copy=0.838  A(t)=2099  sim=73.2s
epoch   41250  HO=0.0514  meanSteps=   128.7  copy=0.828  A(t)=2099  sim=73.2s
epoch   41300  HO=0.0128  meanSteps=   128.8  copy=0.816  A(t)=2099  sim=73.3s
epoch   41350  HO=0.0476  meanSteps=   128.8  copy=0.815  A(t)=2099  sim=73.4s
epoch   41400  HO=0.0493  meanSteps=   128.8  copy=0.816  A(t)=2102  sim=73.4s
epoch   41450  HO=0.0636  meanSteps=   128.7  copy=0.844  A(t)=2102  sim=73.5s
epoch   41500  HO=0.0227  meanSteps=   128.8  copy=0.850  A(t)=2104  sim=73.6s
epoch   41550  HO=0.0373  meanSteps=   128.8  copy=0.854  A(t)=2104  sim=73.6s
epoch   41600  HO=0.0172  meanSteps=   129.0  copy=0.842  A(t)=2104  sim=73.7s
epoch   41650  HO=0.0163  meanSteps=   128.8  copy=0.835  A(t)=2104  sim=73.8s
epoch   41700  HO=0.0722  meanSteps=   128.8  copy=0.829  A(t)=2104  sim=73.8s
epoch   41750  HO=0.0187  meanSteps=   129.1  copy=0.831  A(t)=2104  sim=73.9s
epoch   41800  HO=0.0305  meanSteps=   128.9  copy=0.833  A(t)=2108  sim=74.0s
epoch   41850  HO=0.0192  meanSteps=   129.0  copy=0.854  A(t)=2108  sim=74.0s
epoch   41900  HO=0.0093  meanSteps=   128.9  copy=0.849  A(t)=2108  sim=74.1s
epoch   41950  HO=0.0467  meanSteps=   128.9  copy=0.858  A(t)=2108  sim=74.2s
epoch   42000  HO=0.0896  meanSteps=   128.9  copy=0.852  A(t)=2108  sim=74.3s
epoch   42050  HO=0.0557  meanSteps=   128.8  copy=0.838  A(t)=2108  sim=74.3s
epoch   42100  HO=0.0866  meanSteps=   128.9  copy=0.862  A(t)=2110  sim=74.4s
epoch   42150  HO=0.0606  meanSteps=   129.0  copy=0.856  A(t)=2111  sim=74.5s
epoch   42200  HO=0.0796  meanSteps=   128.7  copy=0.858  A(t)=2111  sim=74.5s
epoch   42250  HO=0.0460  meanSteps=   128.6  copy=0.834  A(t)=2111  sim=74.6s
epoch   42300  HO=0.0716  meanSteps=   129.0  copy=0.817  A(t)=2111  sim=74.7s
epoch   42350  HO=0.0450  meanSteps=   128.9  copy=0.820  A(t)=2112  sim=74.7s
epoch   42400  HO=0.0183  meanSteps=   128.9  copy=0.830  A(t)=2112  sim=74.8s
epoch   42450  HO=0.0200  meanSteps=   128.8  copy=0.824  A(t)=2112  sim=74.9s
epoch   42500  HO=0.0354  meanSteps=   128.8  copy=0.809  A(t)=2112  sim=74.9s
epoch   42550  HO=0.0744  meanSteps=   128.8  copy=0.821  A(t)=2112  sim=75.0s
epoch   42600  HO=0.0833  meanSteps=   128.8  copy=0.819  A(t)=2112  sim=75.1s
epoch   42650  HO=0.0500  meanSteps=   129.0  copy=0.837  A(t)=2113  sim=75.1s
epoch   42700  HO=0.0601  meanSteps=   128.9  copy=0.841  A(t)=2113  sim=75.2s
epoch   42750  HO=0.0657  meanSteps=   129.0  copy=0.821  A(t)=2113  sim=75.3s
epoch   42800  HO=0.0918  meanSteps=   128.9  copy=0.823  A(t)=2113  sim=75.3s
epoch   42850  HO=0.0302  meanSteps=   128.8  copy=0.813  A(t)=2117  sim=75.4s
epoch   42900  HO=0.0494  meanSteps=   128.8  copy=0.808  A(t)=2118  sim=75.5s
epoch   42950  HO=0.0619  meanSteps=   128.8  copy=0.804  A(t)=2118  sim=75.6s
epoch   43000  HO=0.0810  meanSteps=   128.9  copy=0.808  A(t)=2118  sim=75.6s
epoch   43050  HO=0.0934  meanSteps=   128.8  copy=0.800  A(t)=2118  sim=75.7s
epoch   43100  HO=0.0489  meanSteps=   128.5  copy=0.793  A(t)=2118  sim=75.8s
epoch   43150  HO=0.0743  meanSteps=   128.6  copy=0.806  A(t)=2118  sim=75.8s
epoch   43200  HO=0.0564  meanSteps=   128.7  copy=0.796  A(t)=2120  sim=75.9s
epoch   43250  HO=0.0445  meanSteps=   128.7  copy=0.793  A(t)=2120  sim=76.0s
epoch   43300  HO=0.0725  meanSteps=   128.5  copy=0.780  A(t)=2123  sim=76.0s
epoch   43350  HO=0.0756  meanSteps=   128.8  copy=0.785  A(t)=2123  sim=76.1s
epoch   43400  HO=0.0188  meanSteps=   128.4  copy=0.814  A(t)=2123  sim=76.2s
epoch   43450  HO=0.0806  meanSteps=   128.5  copy=0.833  A(t)=2123  sim=76.2s
epoch   43500  HO=0.0273  meanSteps=   128.6  copy=0.835  A(t)=2123  sim=76.3s
epoch   43550  HO=0.0228  meanSteps=   128.6  copy=0.828  A(t)=2123  sim=76.4s
epoch   43600  HO=0.1167  meanSteps=   128.7  copy=0.832  A(t)=2123  sim=76.4s
epoch   43650  HO=0.0782  meanSteps=   128.7  copy=0.852  A(t)=2123  sim=76.5s
epoch   43700  HO=0.0871  meanSteps=   128.7  copy=0.853  A(t)=2123  sim=76.6s
epoch   43750  HO=0.0935  meanSteps=   128.7  copy=0.850  A(t)=2123  sim=76.7s
epoch   43800  HO=0.0377  meanSteps=   128.7  copy=0.850  A(t)=2123  sim=76.7s
epoch   43850  HO=0.0262  meanSteps=   128.6  copy=0.845  A(t)=2124  sim=76.8s
epoch   43900  HO=0.0408  meanSteps=   128.6  copy=0.859  A(t)=2124  sim=76.9s
epoch   43950  HO=0.0140  meanSteps=   128.6  copy=0.847  A(t)=2124  sim=76.9s
epoch   44000  HO=-0.0045  meanSteps=   128.6  copy=0.864  A(t)=2124  sim=77.0s
epoch   44050  HO=0.0273  meanSteps=   128.7  copy=0.867  A(t)=2124  sim=77.1s
epoch   44100  HO=0.0418  meanSteps=   128.7  copy=0.861  A(t)=2124  sim=77.1s
epoch   44150  HO=0.0016  meanSteps=   128.7  copy=0.870  A(t)=2124  sim=77.2s
epoch   44200  HO=0.0454  meanSteps=   128.7  copy=0.863  A(t)=2124  sim=77.3s
epoch   44250  HO=-0.0031  meanSteps=   128.7  copy=0.878  A(t)=2124  sim=77.3s
epoch   44300  HO=0.0838  meanSteps=   128.9  copy=0.886  A(t)=2124  sim=77.4s
epoch   44350  HO=0.0608  meanSteps=   128.9  copy=0.874  A(t)=2124  sim=77.5s
epoch   44400  HO=0.0630  meanSteps=   129.0  copy=0.859  A(t)=2124  sim=77.6s
epoch   44450  HO=0.0885  meanSteps=   128.9  copy=0.860  A(t)=2124  sim=77.6s
epoch   44500  HO=0.0595  meanSteps=   129.0  copy=0.849  A(t)=2124  sim=77.7s
epoch   44550  HO=0.0682  meanSteps=   129.0  copy=0.841  A(t)=2124  sim=77.8s
epoch   44600  HO=0.0554  meanSteps=   128.9  copy=0.859  A(t)=2124  sim=77.8s
epoch   44650  HO=0.0504  meanSteps=   129.4  copy=0.858  A(t)=2124  sim=77.9s
epoch   44700  HO=0.0725  meanSteps=   129.7  copy=0.859  A(t)=2124  sim=78.0s
epoch   44750  HO=0.0416  meanSteps=   128.9  copy=0.847  A(t)=2124  sim=78.0s
epoch   44800  HO=0.0138  meanSteps=   129.0  copy=0.831  A(t)=2124  sim=78.1s
epoch   44850  HO=0.0660  meanSteps=   128.9  copy=0.824  A(t)=2130  sim=78.2s
epoch   44900  HO=0.0197  meanSteps=   128.9  copy=0.827  A(t)=2137  sim=78.2s
epoch   44950  HO=0.0115  meanSteps=   128.9  copy=0.834  A(t)=2137  sim=78.3s
epoch   45000  HO=0.0449  meanSteps=   128.8  copy=0.846  A(t)=2137  sim=78.4s
epoch   45050  HO=0.0233  meanSteps=   128.9  copy=0.838  A(t)=2138  sim=78.5s
epoch   45100  HO=0.0733  meanSteps=   128.8  copy=0.835  A(t)=2138  sim=78.5s
epoch   45150  HO=0.0726  meanSteps=   128.7  copy=0.844  A(t)=2138  sim=78.6s
epoch   45200  HO=0.1195  meanSteps=   128.8  copy=0.832  A(t)=2139  sim=78.7s
epoch   45250  HO=0.1121  meanSteps=   128.8  copy=0.832  A(t)=2139  sim=78.7s
epoch   45300  HO=0.0866  meanSteps=   128.8  copy=0.852  A(t)=2139  sim=78.8s
epoch   45350  HO=0.0989  meanSteps=   128.8  copy=0.852  A(t)=2139  sim=78.9s
epoch   45400  HO=0.0243  meanSteps=   128.7  copy=0.854  A(t)=2139  sim=79.0s
epoch   45450  HO=0.0203  meanSteps=   132.2  copy=0.838  A(t)=2139  sim=79.0s
epoch   45500  HO=0.0270  meanSteps=   146.8  copy=0.825  A(t)=2139  sim=79.1s
epoch   45550  HO=0.0161  meanSteps=   136.8  copy=0.821  A(t)=2139  sim=79.2s
epoch   45600  HO=0.0737  meanSteps=   128.7  copy=0.822  A(t)=2139  sim=79.2s
epoch   45650  HO=0.0633  meanSteps=   128.7  copy=0.823  A(t)=2139  sim=79.3s
epoch   45700  HO=0.0488  meanSteps=   128.7  copy=0.835  A(t)=2139  sim=79.4s
epoch   45750  HO=0.0447  meanSteps=   128.9  copy=0.841  A(t)=2139  sim=79.4s
epoch   45800  HO=0.0436  meanSteps=   128.8  copy=0.842  A(t)=2139  sim=79.5s
epoch   45850  HO=0.0758  meanSteps=   128.7  copy=0.855  A(t)=2139  sim=79.6s
epoch   45900  HO=0.0723  meanSteps=   128.8  copy=0.874  A(t)=2139  sim=79.6s
epoch   45950  HO=0.0609  meanSteps=   128.9  copy=0.877  A(t)=2139  sim=79.7s
epoch   46000  HO=0.0791  meanSteps=   128.8  copy=0.864  A(t)=2139  sim=79.8s
epoch   46050  HO=0.0744  meanSteps=   128.9  copy=0.859  A(t)=2140  sim=79.8s
epoch   46100  HO=0.0490  meanSteps=   128.9  copy=0.832  A(t)=2140  sim=79.9s
epoch   46150  HO=0.0598  meanSteps=   128.8  copy=0.846  A(t)=2144  sim=80.0s
epoch   46200  HO=0.0579  meanSteps=   128.9  copy=0.842  A(t)=2144  sim=80.1s
epoch   46250  HO=0.0315  meanSteps=   128.9  copy=0.837  A(t)=2146  sim=80.1s
epoch   46300  HO=0.0843  meanSteps=   128.6  copy=0.843  A(t)=2146  sim=80.2s
epoch   46350  HO=0.0363  meanSteps=   128.6  copy=0.824  A(t)=2146  sim=80.3s
epoch   46400  HO=0.0450  meanSteps=   128.8  copy=0.815  A(t)=2146  sim=80.3s
epoch   46450  HO=0.0374  meanSteps=   128.9  copy=0.814  A(t)=2147  sim=80.4s
epoch   46500  HO=0.0519  meanSteps=   129.0  copy=0.811  A(t)=2149  sim=80.5s
epoch   46550  HO=0.0157  meanSteps=   128.8  copy=0.815  A(t)=2152  sim=80.5s
epoch   46600  HO=0.0772  meanSteps=   128.7  copy=0.813  A(t)=2152  sim=80.6s
epoch   46650  HO=0.0248  meanSteps=   128.8  copy=0.801  A(t)=2153  sim=80.7s
epoch   46700  HO=0.0552  meanSteps=   128.8  copy=0.801  A(t)=2154  sim=80.7s
epoch   46750  HO=0.0835  meanSteps=   137.5  copy=0.796  A(t)=2155  sim=80.8s
epoch   46800  HO=0.0775  meanSteps=   133.8  copy=0.796  A(t)=2155  sim=80.9s
epoch   46850  HO=0.0631  meanSteps=   128.8  copy=0.795  A(t)=2155  sim=80.9s
epoch   46900  HO=0.1002  meanSteps=   128.5  copy=0.822  A(t)=2155  sim=81.0s
epoch   46950  HO=0.0708  meanSteps=   128.6  copy=0.836  A(t)=2155  sim=81.1s
epoch   47000  HO=0.0893  meanSteps=   128.6  copy=0.820  A(t)=2155  sim=81.1s
epoch   47050  HO=0.0542  meanSteps=   128.7  copy=0.826  A(t)=2155  sim=81.2s
epoch   47100  HO=0.0282  meanSteps=   128.5  copy=0.830  A(t)=2158  sim=81.3s
epoch   47150  HO=0.0398  meanSteps=   128.5  copy=0.821  A(t)=2160  sim=81.4s
epoch   47200  HO=0.0187  meanSteps=   128.6  copy=0.830  A(t)=2161  sim=81.4s
epoch   47250  HO=0.0573  meanSteps=   128.4  copy=0.836  A(t)=2161  sim=81.5s
epoch   47300  HO=0.0557  meanSteps=   129.0  copy=0.853  A(t)=2161  sim=81.6s
epoch   47350  HO=0.0371  meanSteps=   128.6  copy=0.860  A(t)=2161  sim=81.6s
epoch   47400  HO=0.1038  meanSteps=   128.8  copy=0.874  A(t)=2161  sim=81.7s
epoch   47450  HO=0.0772  meanSteps=   128.6  copy=0.879  A(t)=2161  sim=81.8s
epoch   47500  HO=0.0988  meanSteps=   128.3  copy=0.878  A(t)=2161  sim=81.8s
epoch   47550  HO=0.0937  meanSteps=   128.6  copy=0.863  A(t)=2162  sim=81.9s
epoch   47600  HO=0.0609  meanSteps=   128.9  copy=0.853  A(t)=2162  sim=82.0s
epoch   47650  HO=0.0295  meanSteps=   129.0  copy=0.855  A(t)=2162  sim=82.0s
epoch   47700  HO=0.0392  meanSteps=   129.0  copy=0.848  A(t)=2164  sim=82.1s
epoch   47750  HO=0.0309  meanSteps=   128.8  copy=0.862  A(t)=2164  sim=82.2s
epoch   47800  HO=0.0642  meanSteps=   128.7  copy=0.861  A(t)=2166  sim=82.2s
epoch   47850  HO=0.0786  meanSteps=   128.8  copy=0.866  A(t)=2166  sim=82.3s
epoch   47900  HO=0.0572  meanSteps=   129.0  copy=0.863  A(t)=2166  sim=82.4s
epoch   47950  HO=0.0946  meanSteps=   129.0  copy=0.854  A(t)=2166  sim=82.4s
epoch   48000  HO=0.0580  meanSteps=   129.0  copy=0.844  A(t)=2167  sim=82.5s
epoch   48050  HO=0.0435  meanSteps=   128.8  copy=0.831  A(t)=2170  sim=82.6s
epoch   48100  HO=0.0679  meanSteps=   128.8  copy=0.846  A(t)=2170  sim=82.7s
epoch   48150  HO=0.0623  meanSteps=   128.8  copy=0.828  A(t)=2170  sim=82.7s
epoch   48200  HO=0.0378  meanSteps=   128.7  copy=0.830  A(t)=2171  sim=82.8s
epoch   48250  HO=0.0619  meanSteps=   129.8  copy=0.831  A(t)=2171  sim=82.9s
epoch   48300  HO=0.0524  meanSteps=   128.6  copy=0.840  A(t)=2171  sim=82.9s
epoch   48350  HO=0.0473  meanSteps=   128.8  copy=0.860  A(t)=2171  sim=83.0s
epoch   48400  HO=0.0400  meanSteps=   128.8  copy=0.853  A(t)=2172  sim=83.1s
epoch   48450  HO=0.0826  meanSteps=   128.9  copy=0.842  A(t)=2172  sim=83.1s
epoch   48500  HO=0.1007  meanSteps=   128.9  copy=0.816  A(t)=2172  sim=83.2s
epoch   48550  HO=0.0893  meanSteps=   128.9  copy=0.803  A(t)=2174  sim=83.3s
epoch   48600  HO=0.0540  meanSteps=   128.8  copy=0.792  A(t)=2175  sim=83.3s
epoch   48650  HO=0.0882  meanSteps=   128.8  copy=0.789  A(t)=2181  sim=83.4s
epoch   48700  HO=0.0950  meanSteps=   128.7  copy=0.790  A(t)=2181  sim=83.5s
epoch   48750  HO=0.0407  meanSteps=   128.7  copy=0.803  A(t)=2181  sim=83.5s
epoch   48800  HO=0.1052  meanSteps=   128.6  copy=0.823  A(t)=2181  sim=83.6s
epoch   48850  HO=0.0870  meanSteps=   128.8  copy=0.835  A(t)=2181  sim=83.7s
epoch   48900  HO=0.0519  meanSteps=   128.8  copy=0.831  A(t)=2181  sim=83.7s
epoch   48950  HO=0.0934  meanSteps=   128.8  copy=0.839  A(t)=2181  sim=83.8s
epoch   49000  HO=0.0600  meanSteps=   128.8  copy=0.840  A(t)=2181  sim=83.9s
epoch   49050  HO=0.0436  meanSteps=   137.2  copy=0.831  A(t)=2181  sim=84.0s
epoch   49100  HO=0.1149  meanSteps=   140.0  copy=0.832  A(t)=2181  sim=84.0s
epoch   49150  HO=0.1254  meanSteps=   128.8  copy=0.817  A(t)=2181  sim=84.1s
epoch   49200  HO=0.1205  meanSteps=   128.7  copy=0.815  A(t)=2181  sim=84.2s
epoch   49250  HO=0.1196  meanSteps=   129.2  copy=0.830  A(t)=2181  sim=84.2s
epoch   49300  HO=0.1024  meanSteps=   130.7  copy=0.811  A(t)=2181  sim=84.3s
epoch   49350  HO=0.0786  meanSteps=   128.4  copy=0.807  A(t)=2181  sim=84.4s
epoch   49400  HO=0.0523  meanSteps=   128.6  copy=0.816  A(t)=2181  sim=84.4s
epoch   49450  HO=0.0761  meanSteps=   128.6  copy=0.819  A(t)=2184  sim=84.5s
epoch   49500  HO=0.0587  meanSteps=   131.9  copy=0.795  A(t)=2184  sim=84.6s
epoch   49550  HO=0.0228  meanSteps=   134.7  copy=0.798  A(t)=2184  sim=84.6s
epoch   49600  HO=0.0110  meanSteps=   129.1  copy=0.794  A(t)=2184  sim=84.7s
epoch   49650  HO=0.0494  meanSteps=   128.3  copy=0.785  A(t)=2184  sim=84.8s
epoch   49700  HO=0.0320  meanSteps=   128.5  copy=0.798  A(t)=2186  sim=84.8s
epoch   49750  HO=0.0414  meanSteps=   128.7  copy=0.807  A(t)=2186  sim=84.9s
epoch   49800  HO=0.0391  meanSteps=   128.6  copy=0.797  A(t)=2187  sim=85.0s
epoch   49850  HO=0.0783  meanSteps=   128.6  copy=0.792  A(t)=2189  sim=85.0s
epoch   49900  HO=0.0473  meanSteps=   128.6  copy=0.781  A(t)=2189  sim=85.1s
epoch   49950  HO=0.0800  meanSteps=   128.3  copy=0.794  A(t)=2189  sim=85.2s
epoch   50000  HO=0.0347  meanSteps=   128.2  copy=0.817  A(t)=2189  sim=85.3s
done: 50000 epochs in 144.6s wall (85.3s simulating), runs/ring_s1
