epoch       0  HO=-0.0032  meanSteps=     0.0  copy=0.000  A(t)=0  sim=0.0s
epoch      50  HO=0.1417  meanSteps=  1586.1  copy=0.538  A(t)=0  sim=0.4s
epoch     100  HO=0.2936  meanSteps=  1694.4  copy=0.569  A(t)=0  sim=0.8s
epoch     150  HO=0.3714  meanSteps=  1678.6  copy=0.596  A(t)=0  sim=1.2s
epoch     200  HO=0.4220  meanSteps=  1594.7  copy=0.616  A(t)=0  sim=1.5s
epoch     250  HO=0.4898  meanSteps=  1539.2  copy=0.617  A(t)=0  sim=1.9s
epoch     300  HO=0.5687  meanSteps=  1451.2  copy=0.617  A(t)=13  sim=2.2s
epoch     350  HO=0.5428  meanSteps=  1437.4  copy=0.612  A(t)=14  sim=2.6s
epoch     400  HO=0.5801  meanSteps=  1416.4  copy=0.607  A(t)=15  sim=3.1s
epoch     450  HO=0.5858  meanSteps=  1353.4  copy=0.608  A(t)=18  sim=3.4s
epoch     500  HO=0.5828  meanSteps=  1369.1  copy=0.600  A(t)=20  sim=3.7s
epoch     550  HO=0.6337  meanSteps=  1366.0  copy=0.605  A(t)=21  sim=4.0s
epoch     600  HO=0.6181  meanSteps=  1360.0  copy=0.609  A(t)=22  sim=4.4s
epoch     650  HO=0.7046  meanSteps=  1390.7  copy=0.606  A(t)=22  sim=4.8s
epoch     700  HO=0.7691  meanSteps=  1340.9  copy=0.610  A(t)=30  sim=5.1s
epoch     750  HO=0.7573  meanSteps=  1343.3  copy=0.616  A(t)=31  sim=5.4s
epoch     800  HO=0.8078  meanSteps=  1253.2  copy=0.613  A(t)=34  sim=5.7s
epoch     850  HO=0.8801  meanSteps=  1198.3  copy=0.609  A(t)=39  sim=6.0s
epoch     900  HO=0.8936  meanSteps=  1140.6  copy=0.607  A(t)=51  sim=6.4s
epoch     950  HO=0.9424  meanSteps=  1080.3  copy=0.598  A(t)=53  sim=6.6s
epoch    1000  HO=0.9612  meanSteps=  1071.4  copy=0.607  A(t)=61  sim=7.1s
epoch    1050  HO=1.0008  meanSteps=  1050.2  copy=0.611  A(t)=63  sim=7.4s
epoch    1100  HO=1.0740  meanSteps=  1033.0  copy=0.606  A(t)=72  sim=7.6s
epoch    1150  HO=1.1313  meanSteps=  1015.0  copy=0.611  A(t)=81  sim=8.0s
epoch    1200  HO=1.1827  meanSteps=   982.7  copy=0.625  A(t)=85  sim=8.2s
epoch    1250  HO=1.1508  meanSteps=   910.8  copy=0.633  A(t)=96  sim=8.5s
epoch    1300  HO=1.2068  meanSteps=   915.4  copy=0.646  A(t)=114  sim=8.8s
epoch    1350  HO=1.2110  meanSteps=   896.5  copy=0.643  A(t)=120  sim=9.1s
epoch    1400  HO=1.2119  meanSteps=   849.7  copy=0.647  A(t)=125  sim=9.3s
epoch    1450  HO=1.2324  meanSteps=   825.0  copy=0.637  A(t)=129  sim=9.5s
epoch    1500  HO=1.2350  meanSteps=   790.2  copy=0.646  A(t)=132  sim=9.7s
epoch    1550  HO=1.2169  meanSteps=   750.6  copy=0.661  A(t)=147  sim=9.9s
epoch    1600  HO=1.2631  meanSteps=   731.1  copy=0.678  A(t)=147  sim=10.1s
epoch    1650  HO=1.2602  meanSteps=   709.6  copy=0.692  A(t)=147  sim=10.3s
epoch    1700  HO=1.3074  meanSteps=   698.0  copy=0.702  A(t)=151  sim=10.5s
epoch    1750  HO=1.3179  meanSteps=   687.6  copy=0.703  A(t)=153  sim=10.9s
epoch    1800  HO=1.3305  meanSteps=   622.8  copy=0.694  A(t)=160  sim=11.0s
epoch    1850  HO=1.3418  meanSteps=   609.8  copy=0.695  A(t)=167  sim=11.2s
epoch    1900  HO=1.3456  meanSteps=   570.0  copy=0.702  A(t)=187  sim=11.3s
epoch    1950  HO=1.3556  meanSteps=   550.7  copy=0.718  A(t)=200  sim=11.5s
epoch    2000  HO=1.3717  meanSteps=   533.6  copy=0.723  A(t)=210  sim=11.7s
epoch    2050  HO=1.3563  meanSteps=   516.2  copy=0.721  A(t)=222  sim=11.9s
epoch    2100  HO=1.3971  meanSteps=   484.9  copy=0.722  A(t)=233  sim=12.1s
epoch    2150  HO=1.4054  meanSteps=   475.9  copy=0.727  A(t)=251  sim=12.2s
epoch    2200  HO=1.4123  meanSteps=   445.0  copy=0.716  A(t)=261  sim=12.6s
epoch    2250  HO=1.4157  meanSteps=   423.7  copy=0.707  A(t)=274  sim=12.7s
epoch    2300  HO=1.3777  meanSteps=   423.7  copy=0.692  A(t)=285  sim=12.9s
epoch    2350  HO=1.3420  meanSteps=   384.6  copy=0.711  A(t)=289  sim=13.1s
epoch    2400  HO=1.3433  meanSteps=   348.2  copy=0.728  A(t)=291  sim=13.3s
epoch    2450  HO=1.3301  meanSteps=   330.5  copy=0.716  A(t)=298  sim=13.5s
epoch    2500  HO=1.2849  meanSteps=   300.1  copy=0.728  A(t)=318  sim=13.6s
epoch    2550  HO=1.2800  meanSteps=   291.8  copy=0.727  A(t)=335  sim=13.7s
epoch    2600  HO=1.2248  meanSteps=   300.2  copy=0.727  A(t)=342  sim=13.9s
epoch    2650  HO=1.2220  meanSteps=   277.0  copy=0.724  A(t)=347  sim=14.0s
epoch    2700  HO=1.2091  meanSteps=   274.9  copy=0.739  A(t)=361  sim=14.1s
epoch    2750  HO=1.2288  meanSteps=   262.7  copy=0.752  A(t)=369  sim=14.2s
epoch    2800  HO=1.2551  meanSteps=   254.4  copy=0.753  A(t)=390  sim=14.4s
epoch    2850  HO=1.2476  meanSteps=   241.8  copy=0.762  A(t)=402  sim=14.5s
epoch    2900  HO=1.2287  meanSteps=   261.6  copy=0.767  A(t)=427  sim=14.6s
epoch    2950  HO=1.2491  meanSteps=   264.0  copy=0.760  A(t)=439  sim=14.7s
epoch    3000  HO=1.2917  meanSteps=   250.2  copy=0.745  A(t)=448  sim=14.8s
epoch    3050  HO=1.2554  meanSteps=   250.3  copy=0.752  A(t)=468  sim=14.9s
epoch    3100  HO=1.2373  meanSteps=   258.1  copy=0.775  A(t)=480  sim=15.0s
epoch    3150  HO=1.2331  meanSteps=   268.7  copy=0.765  A(t)=491  sim=15.2s
epoch    3200  HO=1.2613  meanSteps=   237.0  copy=0.771  A(t)=516  sim=15.3s
epoch    3250  HO=1.2045  meanSteps=   218.6  copy=0.772  A(t)=529  sim=15.4s
epoch    3300  HO=1.1621  meanSteps=   214.5  copy=0.794  A(t)=533  sim=15.5s
epoch    3350  HO=1.1285  meanSteps=   212.7  copy=0.802  A(t)=533  sim=15.6s
epoch    3400  HO=1.1348  meanSteps=   183.8  copy=0.822  A(t)=538  sim=15.8s
epoch    3450  HO=1.0987  meanSteps=   189.7  copy=0.810  A(t)=545  sim=15.9s
epoch    3500  HO=1.1318  meanSteps=   177.1  copy=0.801  A(t)=549  sim=16.0s
epoch    3550  HO=1.1409  meanSteps=   181.5  copy=0.795  A(t)=566  sim=16.1s
epoch    3600  HO=1.0776  meanSteps=   182.3  copy=0.798  A(t)=570  sim=16.2s
epoch    3650  HO=1.1427  meanSteps=   181.7  copy=0.784  A(t)=580  sim=16.3s
epoch    3700  HO=1.1403  meanSteps=   184.4  copy=0.789  A(t)=592  sim=16.4s
epoch    3750  HO=1.0736  meanSteps=   182.6  copy=0.800  A(t)=598  sim=16.5s
epoch    3800  HO=1.0784  meanSteps=   169.8  copy=0.813  A(t)=603  sim=16.6s
epoch    3850  HO=1.0433  meanSteps=   168.8  copy=0.818  A(t)=605  sim=16.7s
epoch    3900  HO=1.0554  meanSteps=   170.6  copy=0.809  A(t)=607  sim=16.8s
epoch    3950  HO=1.0042  meanSteps=   164.2  copy=0.803  A(t)=613  sim=16.9s
epoch    4000  HO=1.0097  meanSteps=   158.5  copy=0.814  A(t)=614  sim=17.0s
epoch    4050  HO=0.9852  meanSteps=   163.0  copy=0.784  A(t)=622  sim=17.2s
epoch    4100  HO=0.9559  meanSteps=   148.0  copy=0.783  A(t)=628  sim=17.2s
epoch    4150  HO=0.9390  meanSteps=   141.7  copy=0.806  A(t)=629  sim=17.3s
epoch    4200  HO=0.9260  meanSteps=   144.2  copy=0.789  A(t)=632  sim=17.5s
epoch    4250  HO=0.9597  meanSteps=   145.0  copy=0.802  A(t)=632  sim=17.5s
epoch    4300  HO=0.9632  meanSteps=   142.6  copy=0.786  A(t)=640  sim=17.7s
epoch    4350  HO=0.9472  meanSteps=   143.8  copy=0.793  A(t)=648  sim=17.8s
epoch    4400  HO=0.9684  meanSteps=   142.6  copy=0.811  A(t)=651  sim=17.9s
epoch    4450  HO=0.9788  meanSteps=   157.5  copy=0.808  A(t)=653  sim=18.0s
epoch    4500  HO=1.0050  meanSteps=   144.3  copy=0.788  A(t)=658  sim=18.1s
epoch    4550  HO=0.9823  meanSteps=   143.3  copy=0.794  A(t)=666  sim=18.2s
epoch    4600  HO=0.9888  meanSteps=   143.2  copy=0.790  A(t)=668  sim=18.3s
epoch    4650  HO=0.9869  meanSteps=   144.4  copy=0.797  A(t)=670  sim=18.5s
epoch    4700  HO=0.9736  meanSteps=   132.0  copy=0.809  A(t)=675  sim=18.6s
epoch    4750  HO=0.9299  meanSteps=   128.4  copy=0.811  A(t)=675  sim=18.7s
epoch    4800  HO=0.9310  meanSteps=   128.4  copy=0.815  A(t)=680  sim=18.8s
epoch    4850  HO=0.9393  meanSteps=   128.2  copy=0.806  A(t)=681  sim=18.9s
epoch    4900  HO=0.8871  meanSteps=   128.2  copy=0.810  A(t)=687  sim=19.0s
epoch    4950  HO=0.9434  meanSteps=   128.4  copy=0.830  A(t)=687  sim=19.1s
epoch    5000  HO=0.9328  meanSteps=   128.6  copy=0.820  A(t)=688  sim=19.2s
epoch    5050  HO=0.9311  meanSteps=   128.5  copy=0.823  A(t)=693  sim=19.3s
epoch    5100  HO=0.8554  meanSteps=   128.5  copy=0.806  A(t)=694  sim=19.4s
epoch    5150  HO=0.8348  meanSteps=   128.7  copy=0.804  A(t)=701  sim=19.5s
epoch    5200  HO=0.8345  meanSteps=   128.6  copy=0.814  A(t)=705  sim=19.6s
epoch    5250  HO=0.8188  meanSteps=   128.6  copy=0.823  A(t)=714  sim=19.7s
epoch    5300  HO=0.8519  meanSteps=   128.8  copy=0.835  A(t)=714  sim=19.8s
epoch    5350  HO=0.8895  meanSteps=   128.6  copy=0.814  A(t)=715  sim=19.9s
epoch    5400  HO=0.8537  meanSteps=   128.5  copy=0.815  A(t)=715  sim=20.1s
epoch    5450  HO=0.8865  meanSteps=   128.6  copy=0.820  A(t)=717  sim=20.2s
epoch    5500  HO=0.8506  meanSteps=   128.5  copy=0.826  A(t)=717  sim=20.2s
epoch    5550  HO=0.8481  meanSteps=   128.5  copy=0.845  A(t)=718  sim=20.4s
epoch    5600  HO=0.8666  meanSteps=   128.5  copy=0.853  A(t)=720  sim=20.4s
epoch    5650  HO=0.8578  meanSteps=   128.8  copy=0.830  A(t)=720  sim=20.6s
epoch    5700  HO=0.8263  meanSteps=   128.7  copy=0.820  A(t)=720  sim=20.6s
epoch    5750  HO=0.8331  meanSteps=   128.7  copy=0.809  A(t)=723  sim=20.8s
epoch    5800  HO=0.8434  meanSteps=   128.6  copy=0.814  A(t)=725  sim=20.9s
epoch    5850  HO=0.8458  meanSteps=   128.6  copy=0.817  A(t)=728  sim=21.0s
epoch    5900  HO=0.8565  meanSteps=   128.6  copy=0.844  A(t)=734  sim=21.1s
epoch    5950  HO=0.8459  meanSteps=   128.8  copy=0.846  A(t)=734  sim=21.2s
epoch    6000  HO=0.8382  meanSteps=   128.7  copy=0.853  A(t)=734  sim=21.3s
epoch    6050  HO=0.9207  meanSteps=   128.7  copy=0.841  A(t)=735  sim=21.4s
epoch    6100  HO=0.8931  meanSteps=   128.7  copy=0.846  A(t)=736  sim=21.5s
epoch    6150  HO=0.8891  meanSteps=   128.9  copy=0.849  A(t)=740  sim=21.6s
epoch    6200  HO=0.8702  meanSteps=   128.7  copy=0.852  A(t)=743  sim=21.7s
epoch    6250  HO=0.8408  meanSteps=   128.8  copy=0.851  A(t)=746  sim=21.8s
epoch    6300  HO=0.8003  meanSteps=   128.9  copy=0.861  A(t)=749  sim=21.9s
epoch    6350  HO=0.7928  meanSteps=   128.8  copy=0.841  A(t)=752  sim=22.0s
epoch    6400  HO=0.8049  meanSteps=   128.6  copy=0.842  A(t)=755  sim=22.1s
epoch    6450  HO=0.8161  meanSteps=   128.7  copy=0.831  A(t)=755  sim=22.2s
epoch    6500  HO=0.8188  meanSteps=   128.9  copy=0.857  A(t)=756  sim=22.3s
epoch    6550  HO=0.8362  meanSteps=   128.9  copy=0.863  A(t)=757  sim=22.4s
epoch    6600  HO=0.8497  meanSteps=   133.3  copy=0.867  A(t)=765  sim=22.5s
epoch    6650  HO=0.8879  meanSteps=   147.0  copy=0.863  A(t)=765  sim=22.7s
epoch    6700  HO=0.8556  meanSteps=   138.1  copy=0.857  A(t)=768  sim=22.8s
epoch    6750  HO=0.8232  meanSteps=   128.7  copy=0.846  A(t)=769  sim=22.8s
epoch    6800  HO=0.8201  meanSteps=   128.8  copy=0.825  A(t)=776  sim=22.9s
epoch    6850  HO=0.8241  meanSteps=   128.9  copy=0.799  A(t)=780  sim=23.0s
epoch    6900  HO=0.8199  meanSteps=   128.8  copy=0.802  A(t)=790  sim=23.1s
epoch    6950  HO=0.8621  meanSteps=   128.9  copy=0.816  A(t)=793  sim=23.2s
epoch    7000  HO=0.8831  meanSteps=   128.9  copy=0.823  A(t)=793  sim=23.3s
epoch    7050  HO=0.9022  meanSteps=   129.0  copy=0.827  A(t)=793  sim=23.4s
epoch    7100  HO=0.8502  meanSteps=   128.8  copy=0.824  A(t)=800  sim=23.5s
epoch    7150  HO=0.8457  meanSteps=   128.8  copy=0.802  A(t)=800  sim=23.5s
epoch    7200  HO=0.8898  meanSteps=   128.8  copy=0.807  A(t)=816  sim=23.6s
epoch    7250  HO=0.8584  meanSteps=   130.1  copy=0.828  A(t)=818  sim=23.7s
epoch    7300  HO=0.8389  meanSteps=   128.8  copy=0.834  A(t)=823  sim=23.8s
epoch    7350  HO=0.8271  meanSteps=   130.0  copy=0.809  A(t)=825  sim=23.9s
epoch    7400  HO=0.8098  meanSteps=   128.8  copy=0.826  A(t)=826  sim=24.0s
epoch    7450  HO=0.8103  meanSteps=   128.6  copy=0.829  A(t)=835  sim=24.1s
epoch    7500  HO=0.8135  meanSteps=   128.8  copy=0.825  A(t)=835  sim=24.1s
epoch    7550  HO=0.8022  meanSteps=   129.0  copy=0.835  A(t)=835  sim=24.2s
epoch    7600  HO=0.8117  meanSteps=   128.8  copy=0.838  A(t)=835  sim=24.3s
epoch    7650  HO=0.8072  meanSteps=   128.6  copy=0.839  A(t)=835  sim=24.4s
epoch    7700  HO=0.8475  meanSteps=   128.7  copy=0.843  A(t)=835  sim=24.5s
epoch    7750  HO=0.8155  meanSteps=   128.6  copy=0.858  A(t)=835  sim=24.6s
epoch    7800  HO=0.8695  meanSteps=   128.8  copy=0.879  A(t)=835  sim=24.7s
epoch    7850  HO=0.8385  meanSteps=   128.7  copy=0.861  A(t)=847  sim=24.9s
epoch    7900  HO=0.8509  meanSteps=   128.7  copy=0.848  A(t)=848  sim=24.9s
epoch    7950  HO=0.8835  meanSteps=   128.9  copy=0.846  A(t)=848  sim=25.0s
epoch    8000  HO=0.8644  meanSteps=   128.9  copy=0.826  A(t)=849  sim=25.1s
epoch    8050  HO=0.8946  meanSteps=   128.9  copy=0.828  A(t)=851  sim=25.2s
epoch    8100  HO=0.8532  meanSteps=   128.9  copy=0.817  A(t)=852  sim=25.3s
epoch    8150  HO=0.8044  meanSteps=   128.9  copy=0.819  A(t)=858  sim=25.4s
epoch    8200  HO=0.8203  meanSteps=   128.9  copy=0.825  A(t)=864  sim=25.6s
epoch    8250  HO=0.8317  meanSteps=   129.0  copy=0.828  A(t)=867  sim=25.7s
epoch    8300  HO=0.8479  meanSteps=   128.8  copy=0.847  A(t)=871  sim=25.8s
epoch    8350  HO=0.8282  meanSteps=   128.7  copy=0.845  A(t)=871  sim=25.9s
epoch    8400  HO=0.7936  meanSteps=   128.6  copy=0.844  A(t)=871  sim=26.1s
epoch    8450  HO=0.8292  meanSteps=   128.7  copy=0.860  A(t)=871  sim=26.1s
epoch    8500  HO=0.7987  meanSteps=   128.9  copy=0.857  A(t)=871  sim=26.2s
epoch    8550  HO=0.7062  meanSteps=   129.0  copy=0.874  A(t)=871  sim=26.3s
epoch    8600  HO=0.7918  meanSteps=   128.9  copy=0.878  A(t)=871  sim=26.4s
epoch    8650  HO=0.7657  meanSteps=   128.8  copy=0.870  A(t)=871  sim=26.6s
epoch    8700  HO=0.8020  meanSteps=   128.9  copy=0.867  A(t)=871  sim=26.6s
epoch    8750  HO=0.7939  meanSteps=   128.9  copy=0.861  A(t)=871  sim=26.8s
epoch    8800  HO=0.7771  meanSteps=   128.8  copy=0.870  A(t)=871  sim=26.9s
epoch    8850  HO=0.7997  meanSteps=   128.7  copy=0.856  A(t)=871  sim=26.9s
epoch    8900  HO=0.7967  meanSteps=   128.8  copy=0.854  A(t)=876  sim=27.1s
epoch    8950  HO=0.7734  meanSteps=   128.8  copy=0.834  A(t)=876  sim=27.2s
epoch    9000  HO=0.8156  meanSteps=   128.6  copy=0.841  A(t)=876  sim=27.3s
epoch    9050  HO=0.8101  meanSteps=   128.5  copy=0.844  A(t)=876  sim=27.4s
epoch    9100  HO=0.8106  meanSteps=   128.6  copy=0.845  A(t)=876  sim=27.4s
epoch    9150  HO=0.7751  meanSteps=   128.5  copy=0.859  A(t)=877  sim=27.5s
epoch    9200  HO=0.8068  meanSteps=   128.5  copy=0.863  A(t)=877  sim=27.6s
epoch    9250  HO=0.7520  meanSteps=   128.7  copy=0.866  A(t)=877  sim=27.7s
epoch    9300  HO=0.7570  meanSteps=   128.9  copy=0.846  A(t)=877  sim=27.8s
epoch    9350  HO=0.7265  meanSteps=   128.9  copy=0.840  A(t)=877  sim=27.9s
epoch    9400  HO=0.7048  meanSteps=   128.8  copy=0.835  A(t)=879  sim=27.9s
epoch    9450  HO=0.7133  meanSteps=   128.5  copy=0.826  A(t)=879  sim=28.0s
epoch    9500  HO=0.7455  meanSteps=   128.7  copy=0.840  A(t)=879  sim=28.1s
epoch    9550  HO=0.7130  meanSteps=   128.7  copy=0.840  A(t)=885  sim=28.2s
epoch    9600  HO=0.6974  meanSteps=   128.5  copy=0.823  A(t)=886  sim=28.3s
epoch    9650  HO=0.7167  meanSteps=   128.8  copy=0.824  A(t)=893  sim=28.4s
epoch    9700  HO=0.7581  meanSteps=   135.2  copy=0.849  A(t)=894  sim=28.5s
epoch    9750  HO=0.7957  meanSteps=   128.7  copy=0.842  A(t)=902  sim=28.6s
epoch    9800  HO=0.8021  meanSteps=   128.8  copy=0.838  A(t)=902  sim=28.7s
epoch    9850  HO=0.8192  meanSteps=   128.8  copy=0.838  A(t)=904  sim=28.8s
epoch    9900  HO=0.7565  meanSteps=   128.8  copy=0.815  A(t)=904  sim=28.8s
epoch    9950  HO=0.7733  meanSteps=   128.9  copy=0.837  A(t)=909  sim=28.9s
epoch   10000  HO=0.7776  meanSteps=   131.9  copy=0.833  A(t)=911  sim=29.0s
epoch   10050  HO=0.7514  meanSteps=   142.0  copy=0.826  A(t)=911  sim=29.1s
epoch   10100  HO=0.8229  meanSteps=   128.8  copy=0.829  A(t)=911  sim=29.2s
epoch   10150  HO=0.7954  meanSteps=   129.0  copy=0.827  A(t)=912  sim=29.3s
epoch   10200  HO=0.7847  meanSteps=   128.9  copy=0.831  A(t)=914  sim=29.4s
epoch   10250  HO=0.7873  meanSteps=   128.9  copy=0.826  A(t)=915  sim=29.4s
epoch   10300  HO=0.8065  meanSteps=   128.7  copy=0.819  A(t)=917  sim=29.6s
epoch   10350  HO=0.7561  meanSteps=   128.9  copy=0.826  A(t)=919  sim=29.6s
epoch   10400  HO=0.7508  meanSteps=   128.9  copy=0.844  A(t)=920  sim=29.7s
epoch   10450  HO=0.7588  meanSteps=   128.8  copy=0.837  A(t)=923  sim=29.8s
epoch   10500  HO=0.8224  meanSteps=   128.9  copy=0.851  A(t)=923  sim=29.9s
epoch   10550  HO=0.7484  meanSteps=   128.8  copy=0.845  A(t)=924  sim=30.0s
epoch   10600  HO=0.7872  meanSteps=   131.4  copy=0.853  A(t)=924  sim=30.0s
epoch   10650  HO=0.7474  meanSteps=   130.0  copy=0.840  A(t)=925  sim=30.1s
epoch   10700  HO=0.7943  meanSteps=   128.5  copy=0.843  A(t)=925  sim=30.2s
epoch   10750  HO=0.7659  meanSteps=   128.7  copy=0.844  A(t)=926  sim=30.3s
epoch   10800  HO=0.7609  meanSteps=   128.7  copy=0.833  A(t)=926  sim=30.4s
epoch   10850  HO=0.8118  meanSteps=   128.6  copy=0.828  A(t)=926  sim=30.5s
epoch   10900  HO=0.8021  meanSteps=   128.5  copy=0.801  A(t)=926  sim=30.6s
epoch   10950  HO=0.8308  meanSteps=   128.5  copy=0.799  A(t)=926  sim=30.7s
epoch   11000  HO=0.8162  meanSteps=   128.5  copy=0.808  A(t)=930  sim=30.7s
epoch   11050  HO=0.7923  meanSteps=   128.7  copy=0.822  A(t)=930  sim=30.8s
epoch   11100  HO=0.8312  meanSteps=   128.7  copy=0.827  A(t)=930  sim=31.0s
epoch   11150  HO=0.8062  meanSteps=   129.2  copy=0.817  A(t)=931  sim=31.1s
epoch   11200  HO=0.8315  meanSteps=   128.7  copy=0.817  A(t)=933  sim=31.1s
epoch   11250  HO=0.8652  meanSteps=   128.7  copy=0.823  A(t)=933  sim=31.3s
epoch   11300  HO=0.8357  meanSteps=   128.7  copy=0.833  A(t)=933  sim=31.4s
epoch   11350  HO=0.8946  meanSteps=   128.7  copy=0.857  A(t)=933  sim=31.5s
epoch   11400  HO=0.8705  meanSteps=   128.5  copy=0.837  A(t)=936  sim=31.5s
epoch   11450  HO=0.8657  meanSteps=   128.4  copy=0.836  A(t)=937  sim=31.7s
epoch   11500  HO=0.9070  meanSteps=   128.4  copy=0.842  A(t)=937  sim=31.8s
epoch   11550  HO=0.9085  meanSteps=   128.8  copy=0.842  A(t)=939  sim=31.8s
epoch   11600  HO=0.9005  meanSteps=   128.6  copy=0.848  A(t)=941  sim=31.9s
epoch   11650  HO=0.8243  meanSteps=   128.7  copy=0.864  A(t)=941  sim=32.0s
epoch   11700  HO=0.8673  meanSteps=   128.6  copy=0.844  A(t)=941  sim=32.1s
epoch   11750  HO=0.8168  meanSteps=   128.6  copy=0.827  A(t)=941  sim=32.2s
epoch   11800  HO=0.7973  meanSteps=   128.9  copy=0.830  A(t)=941  sim=32.3s
epoch   11850  HO=0.8164  meanSteps=   128.9  copy=0.845  A(t)=941  sim=32.4s
epoch   11900  HO=0.8522  meanSteps=   128.7  copy=0.860  A(t)=941  sim=32.5s
epoch   11950  HO=0.8623  meanSteps=   128.6  copy=0.868  A(t)=941  sim=32.6s
epoch   12000  HO=0.8229  meanSteps=   128.5  copy=0.858  A(t)=943  sim=32.7s
epoch   12050  HO=0.8186  meanSteps=   128.6  copy=0.872  A(t)=943  sim=32.8s
epoch   12100  HO=0.8123  meanSteps=   128.6  copy=0.868  A(t)=943  sim=33.0s
epoch   12150  HO=0.7617  meanSteps=   128.7  copy=0.856  A(t)=943  sim=33.0s
epoch   12200  HO=0.7861  meanSteps=   128.8  copy=0.847  A(t)=951  sim=33.1s
epoch   12250  HO=0.8275  meanSteps=   128.9  copy=0.849  A(t)=952  sim=33.3s
epoch   12300  HO=0.8031  meanSteps=   129.0  copy=0.842  A(t)=952  sim=33.4s
epoch   12350  HO=0.8309  meanSteps=   129.0  copy=0.844  A(t)=952  sim=33.5s
epoch   12400  HO=0.8028  meanSteps=   129.0  copy=0.854  A(t)=953  sim=33.7s
epoch   12450  HO=0.8355  meanSteps=   128.9  copy=0.849  A(t)=953  sim=33.8s
epoch   12500  HO=0.8143  meanSteps=   129.4  copy=0.826  A(t)=953  sim=33.9s
epoch   12550  HO=0.8678  meanSteps=   128.9  copy=0.814  A(t)=954  sim=34.0s
epoch   12600  HO=0.8130  meanSteps=   131.5  copy=0.795  A(t)=955  sim=34.1s
epoch   12650  HO=0.7877  meanSteps=   128.7  copy=0.785  A(t)=955  sim=34.1s
epoch   12700  HO=0.8439  meanSteps=   128.8  copy=0.795  A(t)=955  sim=34.3s
epoch   12750  HO=0.8408  meanSteps=   128.6  copy=0.808  A(t)=957  sim=34.4s
epoch   12800  HO=0.8301  meanSteps=   128.8  copy=0.821  A(t)=964  sim=34.5s
epoch   12850  HO=0.8355  meanSteps=   128.7  copy=0.837  A(t)=964  sim=34.6s
epoch   12900  HO=0.8169  meanSteps=   128.6  copy=0.856  A(t)=964  sim=34.7s
epoch   12950  HO=0.7595  meanSteps=   128.9  copy=0.858  A(t)=964  sim=34.8s
epoch   13000  HO=0.8007  meanSteps=   129.0  copy=0.837  A(t)=972  sim=35.0s
epoch   13050  HO=0.7577  meanSteps=   128.7  copy=0.827  A(t)=979  sim=35.1s
epoch   13100  HO=0.7815  meanSteps=   128.6  copy=0.837  A(t)=979  sim=35.2s
epoch   13150  HO=0.7594  meanSteps=   128.6  copy=0.851  A(t)=981  sim=35.3s
epoch   13200  HO=0.7288  meanSteps=   128.5  copy=0.851  A(t)=981  sim=35.4s
epoch   13250  HO=0.7286  meanSteps=   128.7  copy=0.834  A(t)=981  sim=35.5s
epoch   13300  HO=0.7684  meanSteps=   128.8  copy=0.840  A(t)=981  sim=35.6s
epoch   13350  HO=0.7865  meanSteps=   128.9  copy=0.843  A(t)=981  sim=35.7s
epoch   13400  HO=0.7589  meanSteps=   128.9  copy=0.810  A(t)=985  sim=35.8s
epoch   13450  HO=0.7597  meanSteps=   128.9  copy=0.807  A(t)=986  sim=35.8s
epoch   13500  HO=0.7924  meanSteps=   128.8  copy=0.846  A(t)=989  sim=36.0s
epoch   13550  HO=0.8368  meanSteps=   128.8  copy=0.846  A(t)=990  sim=36.1s
epoch   13600  HO=0.8510  meanSteps=   128.8  copy=0.849  A(t)=990  sim=36.2s
epoch   13650  HO=0.8123  meanSteps=   128.9  copy=0.857  A(t)=990  sim=36.3s
epoch   13700  HO=0.7964  meanSteps=   128.9  copy=0.864  A(t)=990  sim=36.3s
epoch   13750  HO=0.8295  meanSteps=   128.9  copy=0.845  A(t)=990  sim=36.4s
epoch   13800  HO=0.7988  meanSteps=   128.7  copy=0.837  A(t)=990  sim=36.5s
epoch   13850  HO=0.8299  meanSteps=   128.6  copy=0.844  A(t)=991  sim=36.6s
epoch   13900  HO=0.7894  meanSteps=   128.7  copy=0.850  A(t)=993  sim=36.7s
epoch   13950  HO=0.8358  meanSteps=   128.8  copy=0.853  A(t)=994  sim=36.7s
epoch   14000  HO=0.8030  meanSteps=   129.6  copy=0.844  A(t)=994  sim=36.9s
epoch   14050  HO=0.8077  meanSteps=   146.5  copy=0.848  A(t)=994  sim=36.9s
epoch   14100  HO=0.8053  meanSteps=   152.4  copy=0.834  A(t)=996  sim=37.1s
epoch   14150  HO=0.7763  meanSteps=   148.5  copy=0.849  A(t)=998  sim=37.3s
epoch   14200  HO=0.8024  meanSteps=   128.7  copy=0.856  A(t)=999  sim=37.3s
epoch   14250  HO=0.8034  meanSteps=   128.8  copy=0.857  A(t)=1000  sim=37.5s
epoch   14300  HO=0.8220  meanSteps=   129.0  copy=0.866  A(t)=1000  sim=37.6s
epoch   14350  HO=0.8250  meanSteps=   128.9  copy=0.869  A(t)=1001  sim=37.7s
epoch   14400  HO=0.7851  meanSteps=   128.9  copy=0.869  A(t)=1001  sim=37.8s
epoch   14450  HO=0.8598  meanSteps=   128.9  copy=0.857  A(t)=1001  sim=37.9s
epoch   14500  HO=0.8188  meanSteps=   128.9  copy=0.856  A(t)=1004  sim=38.0s
epoch   14550  HO=0.8388  meanSteps=   129.0  copy=0.871  A(t)=1006  sim=38.0s
epoch   14600  HO=0.8606  meanSteps=   129.0  copy=0.864  A(t)=1006  sim=38.2s
epoch   14650  HO=0.8385  meanSteps=   129.0  copy=0.854  A(t)=1007  sim=38.3s
epoch   14700  HO=0.8574  meanSteps=   128.9  copy=0.852  A(t)=1012  sim=38.4s
epoch   14750  HO=0.8583  meanSteps=   128.9  copy=0.849  A(t)=1014  sim=38.4s
epoch   14800  HO=0.8569  meanSteps=   128.8  copy=0.834  A(t)=1014  sim=38.6s
epoch   14850  HO=0.7982  meanSteps=   129.0  copy=0.844  A(t)=1021  sim=38.6s
epoch   14900  HO=0.7640  meanSteps=   128.9  copy=0.857  A(t)=1021  sim=38.7s
epoch   14950  HO=0.7993  meanSteps=   128.8  copy=0.850  A(t)=1021  sim=38.8s
epoch   15000  HO=0.7791  meanSteps=   128.9  copy=0.843  A(t)=1023  sim=38.9s
epoch   15050  HO=0.7869  meanSteps=   128.9  copy=0.848  A(t)=1025  sim=39.0s
epoch   15100  HO=0.7909  meanSteps=   128.9  copy=0.829  A(t)=1025  sim=39.1s
epoch   15150  HO=0.7376  meanSteps=   129.2  copy=0.833  A(t)=1025  sim=39.2s
epoch   15200  HO=0.7759  meanSteps=   133.4  copy=0.839  A(t)=1025  sim=39.3s
epoch   15250  HO=0.7831  meanSteps=   128.9  copy=0.839  A(t)=1025  sim=39.4s
epoch   15300  HO=0.8431  meanSteps=   129.0  copy=0.819  A(t)=1025  sim=39.5s
epoch   15350  HO=0.8017  meanSteps=   128.9  copy=0.804  A(t)=1025  sim=39.5s
epoch   15400  HO=0.7740  meanSteps=   128.9  copy=0.801  A(t)=1025  sim=39.6s
epoch   15450  HO=0.8014  meanSteps=   128.9  copy=0.811  A(t)=1025  sim=39.8s
epoch   15500  HO=0.7693  meanSteps=   128.7  copy=0.807  A(t)=1030  sim=39.8s
epoch   15550  HO=0.7592  meanSteps=   128.5  copy=0.814  A(t)=1030  sim=39.9s
epoch   15600  HO=0.7062  meanSteps=   128.8  copy=0.812  A(t)=1037  sim=40.0s
epoch   15650  HO=0.7204  meanSteps=   128.7  copy=0.812  A(t)=1040  sim=40.1s
epoch   15700  HO=0.6899  meanSteps=   128.6  copy=0.828  A(t)=1040  sim=40.2s
epoch   15750  HO=0.7016  meanSteps=   128.7  copy=0.834  A(t)=1043  sim=40.3s
epoch   15800  HO=0.7294  meanSteps=   128.7  copy=0.836  A(t)=1043  sim=40.4s
epoch   15850  HO=0.6911  meanSteps=   128.7  copy=0.828  A(t)=1043  sim=40.5s
epoch   15900  HO=0.6882  meanSteps=   128.6  copy=0.827  A(t)=1048  sim=40.6s
epoch   15950  HO=0.7092  meanSteps=   128.8  copy=0.835  A(t)=1049  sim=40.7s
epoch   16000  HO=0.7598  meanSteps=   128.8  copy=0.828  A(t)=1049  sim=40.8s
epoch   16050  HO=0.7836  meanSteps=   128.8  copy=0.838  A(t)=1051  sim=40.9s
epoch   16100  HO=0.7914  meanSteps=   129.0  copy=0.832  A(t)=1051  sim=41.0s
epoch   16150  HO=0.7891  meanSteps=   129.0  copy=0.845  A(t)=1051  sim=41.1s
epoch   16200  HO=0.7223  meanSteps=   129.0  copy=0.869  A(t)=1053  sim=41.3s
epoch   16250  HO=0.7811  meanSteps=   128.9  copy=0.869  A(t)=1053  sim=41.3s
epoch   16300  HO=0.7623  meanSteps=   128.7  copy=0.848  A(t)=1053  sim=41.4s
epoch   16350  HO=0.7738  meanSteps=   128.7  copy=0.867  A(t)=1053  sim=41.5s
epoch   16400  HO=0.7890  meanSteps=   128.9  copy=0.862  A(t)=1057  sim=41.6s
epoch   16450  HO=0.7591  meanSteps=   128.8  copy=0.871  A(t)=1057  sim=41.7s
epoch   16500  HO=0.8121  meanSteps=   128.7  copy=0.845  A(t)=1057  sim=41.8s
epoch   16550  HO=0.8135  meanSteps=   128.5  copy=0.845  A(t)=1065  sim=41.9s
epoch   16600  HO=0.8271  meanSteps=   128.8  copy=0.841  A(t)=1065  sim=42.0s
epoch   16650  HO=0.7806  meanSteps=   128.8  copy=0.850  A(t)=1065  sim=42.1s
epoch   16700  HO=0.7642  meanSteps=   128.9  copy=0.861  A(t)=1065  sim=42.1s
epoch   16750  HO=0.7259  meanSteps=   129.0  copy=0.864  A(t)=1067  sim=42.2s
epoch   16800  HO=0.7199  meanSteps=   129.0  copy=0.854  A(t)=1067  sim=42.4s
epoch   16850  HO=0.7491  meanSteps=   128.9  copy=0.832  A(t)=1067  sim=42.5s
epoch   16900  HO=0.7415  meanSteps=   128.9  copy=0.836  A(t)=1069  sim=42.5s
epoch   16950  HO=0.7268  meanSteps=   129.0  copy=0.830  A(t)=1072  sim=42.7s
epoch   17000  HO=0.7152  meanSteps=   128.8  copy=0.831  A(t)=1072  sim=42.8s
epoch   17050  HO=0.6969  meanSteps=   128.7  copy=0.861  A(t)=1073  sim=43.0s
epoch   17100  HO=0.6708  meanSteps=   128.9  copy=0.853  A(t)=1073  sim=43.1s
epoch   17150  HO=0.6934  meanSteps=   128.7  copy=0.838  A(t)=1073  sim=43.2s
epoch   17200  HO=0.7141  meanSteps=   128.6  copy=0.838  A(t)=1073  sim=43.3s
epoch   17250  HO=0.6899  meanSteps=   128.7  copy=0.832  A(t)=1073  sim=43.4s
epoch   17300  HO=0.6580  meanSteps=   128.8  copy=0.832  A(t)=1074  sim=43.5s
epoch   17350  HO=0.7057  meanSteps=   128.8  copy=0.833  A(t)=1076  sim=43.7s
epoch   17400  HO=0.6838  meanSteps=   128.8  copy=0.836  A(t)=1076  sim=43.7s
epoch   17450  HO=0.6604  meanSteps=   128.8  copy=0.838  A(t)=1076  sim=43.8s
epoch   17500  HO=0.6591  meanSteps=   128.9  copy=0.868  A(t)=1081  sim=43.9s
epoch   17550  HO=0.6719  meanSteps=   128.7  copy=0.863  A(t)=1084  sim=44.1s
epoch   17600  HO=0.7171  meanSteps=   128.9  copy=0.856  A(t)=1084  sim=44.1s
epoch   17650  HO=0.7241  meanSteps=   128.8  copy=0.839  A(t)=1087  sim=44.2s
epoch   17700  HO=0.6955  meanSteps=   128.9  copy=0.836  A(t)=1087  sim=44.4s
epoch   17750  HO=0.7050  meanSteps=   128.7  copy=0.847  A(t)=1088  sim=44.5s
epoch   17800  HO=0.7000  meanSteps=   128.8  copy=0.848  A(t)=1091  sim=44.6s
epoch   17850  HO=0.6612  meanSteps=   128.9  copy=0.824  A(t)=1091  sim=44.8s
epoch   17900  HO=0.6818  meanSteps=   128.7  copy=0.827  A(t)=1091  sim=44.9s
epoch   17950  HO=0.6633  meanSteps=   128.6  copy=0.842  A(t)=1091  sim=45.0s
epoch   18000  HO=0.6747  meanSteps=   128.4  copy=0.831  A(t)=1091  sim=45.1s
epoch   18050  HO=0.6520  meanSteps=   128.6  copy=0.829  A(t)=1091  sim=45.1s
epoch   18100  HO=0.6673  meanSteps=   128.8  copy=0.857  A(t)=1091  sim=45.3s
epoch   18150  HO=0.7083  meanSteps=   128.8  copy=0.860  A(t)=1093  sim=45.4s
epoch   18200  HO=0.7054  meanSteps=   128.6  copy=0.866  A(t)=1098  sim=45.5s
epoch   18250  HO=0.7428  meanSteps=   128.6  copy=0.858  A(t)=1098  sim=45.6s
epoch   18300  HO=0.6844  meanSteps=   128.9  copy=0.857  A(t)=1098  sim=45.7s
epoch   18350  HO=0.7564  meanSteps=   128.8  copy=0.851  A(t)=1098  sim=45.8s
epoch   18400  HO=0.7266  meanSteps=   128.8  copy=0.842  A(t)=1098  sim=46.0s
epoch   18450  HO=0.7182  meanSteps=   129.0  copy=0.846  A(t)=1098  sim=46.1s
epoch   18500  HO=0.7354  meanSteps=   128.9  copy=0.846  A(t)=1098  sim=46.2s
epoch   18550  HO=0.7190  meanSteps=   128.8  copy=0.835  A(t)=1098  sim=46.3s
epoch   18600  HO=0.7491  meanSteps=   128.8  copy=0.843  A(t)=1098  sim=46.4s
epoch   18650  HO=0.7508  meanSteps=   128.8  copy=0.856  A(t)=1098  sim=46.5s
epoch   18700  HO=0.7548  meanSteps=   128.7  copy=0.840  A(t)=1098  sim=46.6s
epoch   18750  HO=0.6965  meanSteps=   128.8  copy=0.841  A(t)=1098  sim=46.7s
epoch   18800  HO=0.7617  meanSteps=   128.8  copy=0.875  A(t)=1098  sim=46.7s
epoch   18850  HO=0.7244  meanSteps=   128.6  copy=0.857  A(t)=1098  sim=46.8s
epoch   18900  HO=0.7759  meanSteps=   128.8  copy=0.875  A(t)=1098  sim=47.0s
epoch   18950  HO=0.7747  meanSteps=   128.9  copy=0.871  A(t)=1098  sim=47.1s
epoch   19000  HO=0.7933  meanSteps=   129.0  copy=0.900  A(t)=1098  sim=47.3s
epoch   19050  HO=0.7949  meanSteps=   129.0  copy=0.897  A(t)=1102  sim=47.5s
epoch   19100  HO=0.8301  meanSteps=   128.9  copy=0.867  A(t)=1102  sim=47.5s
epoch   19150  HO=0.7856  meanSteps=   128.6  copy=0.869  A(t)=1102  sim=47.6s
epoch   19200  HO=0.7946  meanSteps=   128.7  copy=0.860  A(t)=1105  sim=47.8s
epoch   19250  HO=0.8274  meanSteps=   128.7  copy=0.846  A(t)=1105  sim=47.9s
epoch   19300  HO=0.8140  meanSteps=   128.7  copy=0.840  A(t)=1105  sim=48.0s
epoch   19350  HO=0.8063  meanSteps=   128.7  copy=0.833  A(t)=1105  sim=48.1s
epoch   19400  HO=0.7765  meanSteps=   130.4  copy=0.831  A(t)=1105  sim=48.2s
epoch   19450  HO=0.7684  meanSteps=   128.8  copy=0.817  A(t)=1105  sim=48.3s
epoch   19500  HO=0.8153  meanSteps=   128.7  copy=0.833  A(t)=1109  sim=48.4s
epoch   19550  HO=0.7768  meanSteps=   128.7  copy=0.823  A(t)=1111  sim=48.5s
epoch   19600  HO=0.8023  meanSteps=   141.4  copy=0.815  A(t)=1113  sim=48.5s
epoch   19650  HO=0.7758  meanSteps=   151.2  copy=0.816  A(t)=1121  sim=48.7s
epoch   19700  HO=0.7276  meanSteps=   140.8  copy=0.820  A(t)=1121  sim=48.8s
epoch   19750  HO=0.7199  meanSteps=   128.4  copy=0.814  A(t)=1121  sim=48.9s
epoch   19800  HO=0.7840  meanSteps=   128.5  copy=0.825  A(t)=1121  sim=49.0s
epoch   19850  HO=0.7509  meanSteps=   128.3  copy=0.839  A(t)=1121  sim=49.1s
epoch   19900  HO=0.7647  meanSteps=   128.6  copy=0.839  A(t)=1121  sim=49.2s
epoch   19950  HO=0.7764  meanSteps=   128.8  copy=0.849  A(t)=1121  sim=49.2s
epoch   20000  HO=0.7352  meanSteps=   128.9  copy=0.836  A(t)=1121  sim=49.4s
epoch   20050  HO=0.7368  meanSteps=   128.9  copy=0.851  A(t)=1130  sim=49.6s
epoch   20100  HO=0.6949  meanSteps=   128.7  copy=0.852  A(t)=1130  sim=49.7s
epoch   20150  HO=0.6971  meanSteps=   128.6  copy=0.860  A(t)=1131  sim=49.8s
epoch   20200  HO=0.6703  meanSteps=   128.9  copy=0.875  A(t)=1131  sim=49.9s
epoch   20250  HO=0.7627  meanSteps=   128.8  copy=0.864  A(t)=1131  sim=50.0s
epoch   20300  HO=0.7941  meanSteps=   128.8  copy=0.856  A(t)=1131  sim=50.1s
epoch   20350  HO=0.7246  meanSteps=   128.7  copy=0.875  A(t)=1133  sim=50.3s
epoch   20400  HO=0.7222  meanSteps=   128.9  copy=0.862  A(t)=1133  sim=50.4s
epoch   20450  HO=0.7202  meanSteps=   128.9  copy=0.862  A(t)=1139  sim=50.5s
epoch   20500  HO=0.7253  meanSteps=   128.9  copy=0.855  A(t)=1139  sim=50.6s
epoch   20550  HO=0.7605  meanSteps=   129.0  copy=0.852  A(t)=1141  sim=50.7s
epoch   20600  HO=0.7808  meanSteps=   128.9  copy=0.835  A(t)=1141  sim=50.7s
epoch   20650  HO=0.7393  meanSteps=   128.9  copy=0.830  A(t)=1141  sim=50.8s
epoch   20700  HO=0.7312  meanSteps=   128.7  copy=0.835  A(t)=1141  sim=51.0s
epoch   20750  HO=0.6546  meanSteps=   128.8  copy=0.865  A(t)=1142  sim=51.0s
epoch   20800  HO=0.6070  meanSteps=   128.8  copy=0.869  A(t)=1142  sim=51.1s
epoch   20850  HO=0.6622  meanSteps=   128.9  copy=0.857  A(t)=1142  sim=51.2s
epoch   20900  HO=0.7181  meanSteps=   128.7  copy=0.869  A(t)=1142  sim=51.3s
epoch   20950  HO=0.6598  meanSteps=   128.8  copy=0.889  A(t)=1142  sim=51.4s
epoch   21000  HO=0.6494  meanSteps=   130.1  copy=0.884  A(t)=1142  sim=51.5s
epoch   21050  HO=0.7030  meanSteps=   139.9  copy=0.869  A(t)=1144  sim=51.6s
epoch   21100  HO=0.7188  meanSteps=   137.3  copy=0.863  A(t)=1144  sim=51.7s
epoch   21150  HO=0.7582  meanSteps=   146.7  copy=0.842  A(t)=1144  sim=51.8s
epoch   21200  HO=0.6968  meanSteps=   131.8  copy=0.821  A(t)=1145  sim=51.9s
epoch   21250  HO=0.7156  meanSteps=   128.8  copy=0.823  A(t)=1151  sim=52.0s
epoch   21300  HO=0.6904  meanSteps=   128.7  copy=0.824  A(t)=1152  sim=52.1s
epoch   21350  HO=0.7587  meanSteps=   128.6  copy=0.851  A(t)=1153  sim=52.2s
epoch   21400  HO=0.6877  meanSteps=   128.7  copy=0.874  A(t)=1153  sim=52.3s
epoch   21450  HO=0.7417  meanSteps=   128.6  copy=0.868  A(t)=1153  sim=52.4s
epoch   21500  HO=0.7290  meanSteps=   128.6  copy=0.872  A(t)=1153  sim=52.5s
epoch   21550  HO=0.6976  meanSteps=   128.8  copy=0.858  A(t)=1153  sim=52.6s
epoch   21600  HO=0.7030  meanSteps=   128.4  copy=0.836  A(t)=1153  sim=52.7s
epoch   21650  HO=0.6685  meanSteps=   128.4  copy=0.834  A(t)=1156  sim=52.8s
epoch   21700  HO=0.6683  meanSteps=   128.5  copy=0.831  A(t)=1156  sim=52.9s
epoch   21750  HO=0.7401  meanSteps=   128.4  copy=0.856  A(t)=1156  sim=52.9s
epoch   21800  HO=0.7519  meanSteps=   128.9  copy=0.856  A(t)=1156  sim=53.1s
epoch   21850  HO=0.7670  meanSteps=   128.8  copy=0.868  A(t)=1156  sim=53.1s
epoch   21900  HO=0.7779  meanSteps=   128.9  copy=0.877  A(t)=1156  sim=53.2s
epoch   21950  HO=0.7524  meanSteps=   128.8  copy=0.876  A(t)=1156  sim=53.4s
epoch   22000  HO=0.7706  meanSteps=   128.9  copy=0.868  A(t)=1162  sim=53.5s
epoch   22050  HO=0.7549  meanSteps=   129.0  copy=0.855  A(t)=1163  sim=53.5s
epoch   22100  HO=0.7514  meanSteps=   128.9  copy=0.853  A(t)=1164  sim=53.6s
epoch   22150  HO=0.7461  meanSteps=   128.6  copy=0.835  A(t)=1164  sim=53.7s
epoch   22200  HO=0.7782  meanSteps=   128.8  copy=0.862  A(t)=1164  sim=53.8s
epoch   22250  HO=0.7749  meanSteps=   128.9  copy=0.864  A(t)=1164  sim=53.9s
epoch   22300  HO=0.7733  meanSteps=   128.8  copy=0.878  A(t)=1164  sim=54.0s
epoch   22350  HO=0.7921  meanSteps=   128.9  copy=0.881  A(t)=1164  sim=54.1s
epoch   22400  HO=0.7973  meanSteps=   128.9  copy=0.861  A(t)=1164  sim=54.1s
epoch   22450  HO=0.8331  meanSteps=   129.0  copy=0.846  A(t)=1164  sim=54.3s
epoch   22500  HO=0.8229  meanSteps=   128.9  copy=0.864  A(t)=1165  sim=54.4s
epoch   22550  HO=0.8127  meanSteps=   128.6  copy=0.849  A(t)=1168  sim=54.5s
epoch   22600  HO=0.8155  meanSteps=   128.8  copy=0.833  A(t)=1170  sim=54.6s
epoch   22650  HO=0.8172  meanSteps=   128.8  copy=0.823  A(t)=1170  sim=54.7s
epoch   22700  HO=0.7452  meanSteps=   128.8  copy=0.818  A(t)=1170  sim=54.8s
epoch   22750  HO=0.7634  meanSteps=   128.8  copy=0.826  A(t)=1170  sim=54.9s
epoch   22800  HO=0.7847  meanSteps=   128.8  copy=0.824  A(t)=1170  sim=55.0s
epoch   22850  HO=0.7721  meanSteps=   128.8  copy=0.837  A(t)=1170  sim=55.1s
epoch   22900  HO=0.7722  meanSteps=   128.8  copy=0.831  A(t)=1176  sim=55.3s
epoch   22950  HO=0.7715  meanSteps=   128.8  copy=0.817  A(t)=1177  sim=55.3s
epoch   23000  HO=0.7559  meanSteps=   128.7  copy=0.822  A(t)=1177  sim=55.4s
epoch   23050  HO=0.8145  meanSteps=   128.7  copy=0.837  A(t)=1177  sim=55.6s
epoch   23100  HO=0.7583  meanSteps=   128.7  copy=0.851  A(t)=1179  sim=55.6s
epoch   23150  HO=0.6911  meanSteps=   129.0  copy=0.872  A(t)=1180  sim=55.7s
epoch   23200  HO=0.7336  meanSteps=   129.0  copy=0.872  A(t)=1180  sim=55.8s
epoch   23250  HO=0.7281  meanSteps=   128.8  copy=0.862  A(t)=1180  sim=55.9s
epoch   23300  HO=0.7174  meanSteps=   128.7  copy=0.865  A(t)=1180  sim=56.0s
epoch   23350  HO=0.7627  meanSteps=   128.7  copy=0.869  A(t)=1188  sim=56.1s
epoch   23400  HO=0.7871  meanSteps=   128.5  copy=0.858  A(t)=1192  sim=56.2s
epoch   23450  HO=0.7263  meanSteps=   128.8  copy=0.849  A(t)=1193  sim=56.2s
epoch   23500  HO=0.7697  meanSteps=   128.7  copy=0.846  A(t)=1194  sim=56.3s
epoch   23550  HO=0.7821  meanSteps=   128.7  copy=0.859  A(t)=1195  sim=56.5s
epoch   23600  HO=0.7771  meanSteps=   128.9  copy=0.863  A(t)=1195  sim=56.6s
epoch   23650  HO=0.7703  meanSteps=   129.0  copy=0.885  A(t)=1195  sim=56.7s
epoch   23700  HO=0.8004  meanSteps=   128.9  copy=0.869  A(t)=1195  sim=56.8s
epoch   23750  HO=0.7750  meanSteps=   128.8  copy=0.887  A(t)=1195  sim=56.8s
epoch   23800  HO=0.7655  meanSteps=   128.8  copy=0.866  A(t)=1195  sim=57.0s
epoch   23850  HO=0.7811  meanSteps=   128.7  copy=0.842  A(t)=1195  sim=57.1s
epoch   23900  HO=0.7851  meanSteps=   128.7  copy=0.841  A(t)=1195  sim=57.1s
epoch   23950  HO=0.7590  meanSteps=   129.0  copy=0.820  A(t)=1199  sim=57.2s
epoch   24000  HO=0.7775  meanSteps=   129.0  copy=0.795  A(t)=1207  sim=57.3s
epoch   24050  HO=0.8181  meanSteps=   128.9  copy=0.792  A(t)=1207  sim=57.4s
epoch   24100  HO=0.8257  meanSteps=   128.9  copy=0.777  A(t)=1208  sim=57.4s
epoch   24150  HO=0.7997  meanSteps=   128.9  copy=0.801  A(t)=1208  sim=57.5s
epoch   24200  HO=0.7912  meanSteps=   130.5  copy=0.811  A(t)=1209  sim=57.6s
epoch   24250  HO=0.7763  meanSteps=   135.5  copy=0.849  A(t)=1210  sim=57.7s
epoch   24300  HO=0.7763  meanSteps=   128.9  copy=0.841  A(t)=1210  sim=57.8s
epoch   24350  HO=0.8013  meanSteps=   128.8  copy=0.836  A(t)=1210  sim=57.9s
epoch   24400  HO=0.7556  meanSteps=   128.8  copy=0.836  A(t)=1219  sim=58.0s
epoch   24450  HO=0.7407  meanSteps=   128.6  copy=0.831  A(t)=1220  sim=58.1s
epoch   24500  HO=0.7829  meanSteps=   128.5  copy=0.827  A(t)=1234  sim=58.2s
epoch   24550  HO=0.7588  meanSteps=   128.5  copy=0.827  A(t)=1238  sim=58.3s
epoch   24600  HO=0.8126  meanSteps=   128.7  copy=0.858  A(t)=1241  sim=58.4s
epoch   24650  HO=0.8634  meanSteps=   128.5  copy=0.845  A(t)=1241  sim=58.5s
epoch   24700  HO=0.8233  meanSteps=   128.7  copy=0.846  A(t)=1245  sim=58.6s
epoch   24750  HO=0.7792  meanSteps=   136.8  copy=0.845  A(t)=1247  sim=58.7s
epoch   24800  HO=0.8079  meanSteps=   135.1  copy=0.847  A(t)=1250  sim=58.8s
epoch   24850  HO=0.7749  meanSteps=   137.0  copy=0.819  A(t)=1254  sim=58.9s
epoch   24900  HO=0.7996  meanSteps=   135.9  copy=0.833  A(t)=1257  sim=59.0s
epoch   24950  HO=0.8122  meanSteps=   140.3  copy=0.815  A(t)=1259  sim=59.1s
epoch   25000  HO=0.7937  meanSteps=   136.7  copy=0.807  A(t)=1259  sim=59.2s
epoch   25050  HO=0.8146  meanSteps=   128.6  copy=0.802  A(t)=1259  sim=59.3s
epoch   25100  HO=0.8090  meanSteps=   128.3  copy=0.815  A(t)=1259  sim=59.4s
epoch   25150  HO=0.7971  meanSteps=   128.6  copy=0.822  A(t)=1259  sim=59.5s
epoch   25200  HO=0.8282  meanSteps=   128.6  copy=0.814  A(t)=1260  sim=59.6s
epoch   25250  HO=0.8468  meanSteps=   128.7  copy=0.825  A(t)=1260  sim=59.7s
epoch   25300  HO=0.7932  meanSteps=   128.5  copy=0.828  A(t)=1262  sim=59.8s
epoch   25350  HO=0.8510  meanSteps=   128.4  copy=0.826  A(t)=1262  sim=59.8s
epoch   25400  HO=0.7825  meanSteps=   128.5  copy=0.832  A(t)=1262  sim=59.9s
epoch   25450  HO=0.8261  meanSteps=   133.2  copy=0.824  A(t)=1263  sim=60.1s
epoch   25500  HO=0.8563  meanSteps=   128.2  copy=0.805  A(t)=1263  sim=60.1s
epoch   25550  HO=0.8065  meanSteps=   129.4  copy=0.802  A(t)=1263  sim=60.2s
epoch   25600  HO=0.8173  meanSteps=   128.5  copy=0.819  A(t)=1263  sim=60.3s
epoch   25650  HO=0.7715  meanSteps=   128.9  copy=0.823  A(t)=1264  sim=60.5s
epoch   25700  HO=0.8431  meanSteps=   128.9  copy=0.825  A(t)=1265  sim=60.5s
epoch   25750  HO=0.8309  meanSteps=   128.8  copy=0.831  A(t)=1265  sim=60.6s
epoch   25800  HO=0.7975  meanSteps=   128.9  copy=0.832  A(t)=1265  sim=60.7s
epoch   25850  HO=0.8496  meanSteps=   128.9  copy=0.844  A(t)=1265  sim=60.8s
epoch   25900  HO=0.8307  meanSteps=   128.7  copy=0.835  A(t)=1265  sim=60.9s
epoch   25950  HO=0.8515  meanSteps=   128.7  copy=0.814  A(t)=1265  sim=61.0s
epoch   26000  HO=0.8760  meanSteps=   128.5  copy=0.786  A(t)=1265  sim=61.1s
epoch   26050  HO=0.8888  meanSteps=   128.5  copy=0.768  A(t)=1271  sim=61.2s
epoch   26100  HO=0.8861  meanSteps=   128.4  copy=0.766  A(t)=1279  sim=61.3s
epoch   26150  HO=0.8786  meanSteps=   128.3  copy=0.778  A(t)=1279  sim=61.4s
epoch   26200  HO=0.8764  meanSteps=   128.1  copy=0.778  A(t)=1280  sim=61.5s
epoch   26250  HO=0.8520  meanSteps=   128.2  copy=0.787  A(t)=1280  sim=61.6s
epoch   26300  HO=0.8780  meanSteps=   128.4  copy=0.809  A(t)=1283  sim=61.7s
epoch   26350  HO=0.9490  meanSteps=   128.6  copy=0.806  A(t)=1283  sim=61.8s
epoch   26400  HO=0.9063  meanSteps=   128.5  copy=0.809  A(t)=1283  sim=61.9s
epoch   26450  HO=0.8933  meanSteps=   128.7  copy=0.819  A(t)=1283  sim=62.0s
epoch   26500  HO=0.8975  meanSteps=   128.8  copy=0.824  A(t)=1291  sim=62.0s
epoch   26550  HO=0.9533  meanSteps=   128.9  copy=0.835  A(t)=1294  sim=62.1s
epoch   26600  HO=0.9498  meanSteps=   128.9  copy=0.823  A(t)=1296  sim=62.2s
epoch   26650  HO=0.9547  meanSteps=   128.9  copy=0.813  A(t)=1307  sim=62.3s
epoch   26700  HO=0.9283  meanSteps=   128.8  copy=0.840  A(t)=1317  sim=62.4s
epoch   26750  HO=0.9081  meanSteps=   128.7  copy=0.837  A(t)=1324  sim=62.5s
epoch   26800  HO=0.9013  meanSteps=   128.6  copy=0.830  A(t)=1325  sim=62.6s
epoch   26850  HO=0.8744  meanSteps=   128.8  copy=0.848  A(t)=1327  sim=62.6s
epoch   26900  HO=0.8534  meanSteps=   128.7  copy=0.857  A(t)=1332  sim=62.7s
epoch   26950  HO=0.8860  meanSteps=   136.4  copy=0.845  A(t)=1337  sim=62.8s
epoch   27000  HO=0.8577  meanSteps=   146.8  copy=0.824  A(t)=1337  sim=62.9s
epoch   27050  HO=0.8835  meanSteps=   133.0  copy=0.838  A(t)=1341  sim=63.0s
epoch   27100  HO=0.9376  meanSteps=   128.9  copy=0.835  A(t)=1362  sim=63.1s
epoch   27150  HO=0.9265  meanSteps=   128.8  copy=0.833  A(t)=1363  sim=63.2s
epoch   27200  HO=0.9344  meanSteps=   128.7  copy=0.822  A(t)=1365  sim=63.3s
epoch   27250  HO=0.9191  meanSteps=   128.3  copy=0.852  A(t)=1373  sim=63.4s
epoch   27300  HO=0.9523  meanSteps=   128.2  copy=0.863  A(t)=1375  sim=63.5s
epoch   27350  HO=0.9466  meanSteps=   128.1  copy=0.860  A(t)=1384  sim=63.6s
epoch   27400  HO=0.9510  meanSteps=   128.3  copy=0.859  A(t)=1384  sim=63.6s
epoch   27450  HO=0.9335  meanSteps=   128.5  copy=0.841  A(t)=1384  sim=63.8s
epoch   27500  HO=0.8967  meanSteps=   128.7  copy=0.813  A(t)=1384  sim=63.9s
epoch   27550  HO=0.9180  meanSteps=   128.9  copy=0.828  A(t)=1384  sim=64.0s
epoch   27600  HO=0.8994  meanSteps=   128.8  copy=0.844  A(t)=1384  sim=64.1s
epoch   27650  HO=0.8640  meanSteps=   129.0  copy=0.849  A(t)=1400  sim=64.2s
epoch   27700  HO=0.8774  meanSteps=   128.9  copy=0.838  A(t)=1410  sim=64.3s
epoch   27750  HO=0.8458  meanSteps=   128.9  copy=0.832  A(t)=1411  sim=64.4s
epoch   27800  HO=0.8293  meanSteps=   129.0  copy=0.822  A(t)=1411  sim=64.5s
epoch   27850  HO=0.8603  meanSteps=   128.9  copy=0.853  A(t)=1411  sim=64.5s
epoch   27900  HO=0.8783  meanSteps=   128.9  copy=0.835  A(t)=1411  sim=64.6s
epoch   27950  HO=0.8840  meanSteps=   128.9  copy=0.822  A(t)=1419  sim=64.7s
epoch   28000  HO=0.8460  meanSteps=   128.9  copy=0.828  A(t)=1419  sim=64.8s
epoch   28050  HO=0.8171  meanSteps=   128.8  copy=0.859  A(t)=1424  sim=65.0s
epoch   28100  HO=0.8277  meanSteps=   128.8  copy=0.854  A(t)=1424  sim=65.1s
epoch   28150  HO=0.8581  meanSteps=   128.9  copy=0.838  A(t)=1426  sim=65.2s
epoch   28200  HO=0.8536  meanSteps=   128.8  copy=0.826  A(t)=1426  sim=65.2s
epoch   28250  HO=0.8704  meanSteps=   128.9  copy=0.837  A(t)=1426  sim=65.3s
epoch   28300  HO=0.8757  meanSteps=   130.1  copy=0.839  A(t)=1428  sim=65.4s
epoch   28350  HO=0.8451  meanSteps=   130.1  copy=0.829  A(t)=1429  sim=65.5s
epoch   28400  HO=0.8892  meanSteps=   128.8  copy=0.824  A(t)=1429  sim=65.6s
epoch   28450  HO=0.9037  meanSteps=   128.8  copy=0.810  A(t)=1440  sim=65.7s
epoch   28500  HO=0.8880  meanSteps=   128.5  copy=0.803  A(t)=1442  sim=65.8s
epoch   28550  HO=0.9397  meanSteps=   128.4  copy=0.825  A(t)=1443  sim=65.9s
epoch   28600  HO=0.9180  meanSteps=   128.5  copy=0.818  A(t)=1445  sim=65.9s
epoch   28650  HO=0.9125  meanSteps=   128.8  copy=0.814  A(t)=1448  sim=66.0s
epoch   28700  HO=0.9320  meanSteps=   128.8  copy=0.792  A(t)=1448  sim=66.1s
epoch   28750  HO=0.9137  meanSteps=   128.8  copy=0.788  A(t)=1448  sim=66.2s
epoch   28800  HO=0.9180  meanSteps=   131.4  copy=0.811  A(t)=1449  sim=66.4s
epoch   28850  HO=0.9323  meanSteps=   136.5  copy=0.813  A(t)=1451  sim=66.4s
epoch   28900  HO=0.8660  meanSteps=   128.7  copy=0.804  A(t)=1451  sim=66.6s
epoch   28950  HO=0.9448  meanSteps=   128.8  copy=0.799  A(t)=1451  sim=66.7s
epoch   29000  HO=0.9052  meanSteps=   128.7  copy=0.811  A(t)=1451  sim=66.8s
epoch   29050  HO=0.9442  meanSteps=   128.6  copy=0.808  A(t)=1453  sim=66.8s
epoch   29100  HO=0.9975  meanSteps=   128.3  copy=0.817  A(t)=1459  sim=67.0s
epoch   29150  HO=0.9963  meanSteps=   128.3  copy=0.807  A(t)=1460  sim=67.1s
epoch   29200  HO=1.0361  meanSteps=   128.8  copy=0.800  A(t)=1461  sim=67.2s
epoch   29250  HO=1.0153  meanSteps=   128.5  copy=0.809  A(t)=1461  sim=67.3s
epoch   29300  HO=1.0242  meanSteps=   128.5  copy=0.812  A(t)=1461  sim=67.4s
epoch   29350  HO=0.9825  meanSteps=   128.7  copy=0.798  A(t)=1461  sim=67.5s
epoch   29400  HO=1.0029  meanSteps=   128.5  copy=0.817  A(t)=1461  sim=67.6s
epoch   29450  HO=0.9807  meanSteps=   128.6  copy=0.831  A(t)=1463  sim=67.7s
epoch   29500  HO=0.9314  meanSteps=   128.7  copy=0.832  A(t)=1463  sim=67.8s
epoch   29550  HO=0.9687  meanSteps=   128.9  copy=0.826  A(t)=1470  sim=67.9s
epoch   29600  HO=0.9539  meanSteps=   128.9  copy=0.833  A(t)=1478  sim=68.0s
epoch   29650  HO=0.9714  meanSteps=   128.4  copy=0.816  A(t)=1481  sim=68.1s
epoch   29700  HO=0.9704  meanSteps=   128.4  copy=0.835  A(t)=1482  sim=68.2s
epoch   29750  HO=0.9708  meanSteps=   128.5  copy=0.848  A(t)=1482  sim=68.3s
epoch   29800  HO=0.9623  meanSteps=   128.5  copy=0.821  A(t)=1488  sim=68.4s
epoch   29850  HO=0.9577  meanSteps=   128.7  copy=0.829  A(t)=1489  sim=68.5s
epoch   29900  HO=0.9292  meanSteps=   128.5  copy=0.837  A(t)=1489  sim=68.6s
epoch   29950  HO=0.8945  meanSteps=   128.5  copy=0.854  A(t)=1498  sim=68.7s
epoch   30000  HO=0.9450  meanSteps=   128.6  copy=0.837  A(t)=1499  sim=68.8s
epoch   30050  HO=0.9677  meanSteps=   128.6  copy=0.837  A(t)=1500  sim=68.9s
epoch   30100  HO=0.9619  meanSteps=   128.6  copy=0.830  A(t)=1501  sim=69.0s
epoch   30150  HO=0.9403  meanSteps=   128.6  copy=0.840  A(t)=1504  sim=69.2s
epoch   30200  HO=0.8773  meanSteps=   128.4  copy=0.848  A(t)=1504  sim=69.3s
epoch   30250  HO=0.8936  meanSteps=   128.5  copy=0.820  A(t)=1505  sim=69.4s
epoch   30300  HO=0.9355  meanSteps=   128.7  copy=0.834  A(t)=1515  sim=69.5s
epoch   30350  HO=0.9029  meanSteps=   132.2  copy=0.832  A(t)=1516  sim=69.7s
epoch   30400  HO=0.9038  meanSteps=   128.9  copy=0.859  A(t)=1518  sim=69.8s
epoch   30450  HO=0.9068  meanSteps=   128.9  copy=0.880  A(t)=1522  sim=69.9s
epoch   30500  HO=0.8887  meanSteps=   128.8  copy=0.858  A(t)=1523  sim=70.0s
epoch   30550  HO=0.9287  meanSteps=   128.5  copy=0.846  A(t)=1526  sim=70.1s
epoch   30600  HO=0.9204  meanSteps=   128.4  copy=0.834  A(t)=1529  sim=70.2s
epoch   30650  HO=0.9356  meanSteps=   128.5  copy=0.848  A(t)=1533  sim=70.3s
epoch   30700  HO=0.9191  meanSteps=   128.5  copy=0.840  A(t)=1535  sim=70.4s
epoch   30750  HO=0.9261  meanSteps=   128.8  copy=0.864  A(t)=1536  sim=70.5s
epoch   30800  HO=0.9619  meanSteps=   128.9  copy=0.862  A(t)=1536  sim=70.5s
epoch   30850  HO=0.9205  meanSteps=   129.0  copy=0.863  A(t)=1536  sim=70.6s
epoch   30900  HO=0.9215  meanSteps=   129.0  copy=0.847  A(t)=1539  sim=70.7s
epoch   30950  HO=0.9085  meanSteps=   128.8  copy=0.825  A(t)=1542  sim=70.8s
epoch   31000  HO=0.9209  meanSteps=   128.9  copy=0.826  A(t)=1543  sim=70.9s
epoch   31050  HO=0.9543  meanSteps=   128.9  copy=0.830  A(t)=1543  sim=71.0s
epoch   31100  HO=0.9419  meanSteps=   129.0  copy=0.822  A(t)=1545  sim=71.2s
epoch   31150  HO=0.9546  meanSteps=   128.8  copy=0.827  A(t)=1545  sim=71.2s
epoch   31200  HO=0.9453  meanSteps=   128.7  copy=0.853  A(t)=1545  sim=71.3s
epoch   31250  HO=0.9236  meanSteps=   128.7  copy=0.837  A(t)=1551  sim=71.4s
epoch   31300  HO=0.9118  meanSteps=   128.8  copy=0.830  A(t)=1566  sim=71.5s
epoch   31350  HO=0.9396  meanSteps=   128.8  copy=0.829  A(t)=1570  sim=71.6s
epoch   31400  HO=0.9381  meanSteps=   128.8  copy=0.833  A(t)=1571  sim=71.7s
epoch   31450  HO=0.9033  meanSteps=   128.8  copy=0.842  A(t)=1574  sim=71.7s
epoch   31500  HO=0.8866  meanSteps=   128.8  copy=0.834  A(t)=1574  sim=71.8s
epoch   31550  HO=0.9190  meanSteps=   129.0  copy=0.829  A(t)=1575  sim=71.9s
epoch   31600  HO=0.9099  meanSteps=   128.9  copy=0.827  A(t)=1578  sim=72.0s
epoch   31650  HO=0.9463  meanSteps=   128.9  copy=0.829  A(t)=1579  sim=72.1s
epoch   31700  HO=0.9247  meanSteps=   128.9  copy=0.832  A(t)=1582  sim=72.2s
epoch   31750  HO=0.9889  meanSteps=   128.7  copy=0.834  A(t)=1588  sim=72.4s
epoch   31800  HO=0.9130  meanSteps=   130.9  copy=0.844  A(t)=1591  sim=72.6s
epoch   31850  HO=0.9826  meanSteps=   131.0  copy=0.839  A(t)=1591  sim=72.6s
epoch   31900  HO=0.9349  meanSteps=   128.8  copy=0.859  A(t)=1597  sim=72.8s
epoch   31950  HO=0.9067  meanSteps=   128.6  copy=0.843  A(t)=1600  sim=72.8s
epoch   32000  HO=0.9444  meanSteps=   128.6  copy=0.847  A(t)=1601  sim=73.0s
epoch   32050  HO=0.8965  meanSteps=   128.7  copy=0.839  A(t)=1601  sim=73.0s
epoch   32100  HO=0.9615  meanSteps=   128.7  copy=0.857  A(t)=1601  sim=73.1s
epoch   32150  HO=1.0016  meanSteps=   139.1  copy=0.847  A(t)=1601  sim=73.2s
epoch   32200  HO=0.9897  meanSteps=   139.7  copy=0.833  A(t)=1602  sim=73.3s
epoch   32250  HO=1.0118  meanSteps=   145.5  copy=0.816  A(t)=1604  sim=73.4s
epoch   32300  HO=0.9533  meanSteps=   144.6  copy=0.808  A(t)=1614  sim=73.6s
epoch   32350  HO=0.9121  meanSteps=   136.4  copy=0.835  A(t)=1618  sim=73.7s
epoch   32400  HO=0.9319  meanSteps=   128.7  copy=0.818  A(t)=1619  sim=73.7s
epoch   32450  HO=0.9642  meanSteps=   128.8  copy=0.815  A(t)=1621  sim=73.9s
epoch   32500  HO=0.9635  meanSteps=   128.7  copy=0.809  A(t)=1621  sim=73.9s
epoch   32550  HO=0.9574  meanSteps=   133.3  copy=0.787  A(t)=1624  sim=74.1s
epoch   32600  HO=0.9461  meanSteps=   139.2  copy=0.794  A(t)=1630  sim=74.1s
epoch   32650  HO=1.0083  meanSteps=   128.8  copy=0.803  A(t)=1633  sim=74.2s
epoch   32700  HO=0.9733  meanSteps=   128.6  copy=0.817  A(t)=1640  sim=74.3s
epoch   32750  HO=0.9936  meanSteps=   128.8  copy=0.814  A(t)=1642  sim=74.4s
epoch   32800  HO=0.9823  meanSteps=   128.8  copy=0.826  A(t)=1647  sim=74.5s
epoch   32850  HO=0.9764  meanSteps=   128.7  copy=0.820  A(t)=1647  sim=74.6s
epoch   32900  HO=0.9174  meanSteps=   128.7  copy=0.826  A(t)=1647  sim=74.7s
epoch   32950  HO=0.9291  meanSteps=   128.7  copy=0.830  A(t)=1647  sim=74.8s
epoch   33000  HO=0.9422  meanSteps=   128.6  copy=0.833  A(t)=1647  sim=74.9s
epoch   33050  HO=0.9171  meanSteps=   128.9  copy=0.828  A(t)=1647  sim=75.0s
epoch   33100  HO=0.9370  meanSteps=   128.7  copy=0.824  A(t)=1654  sim=75.1s
epoch   33150  HO=0.9035  meanSteps=   128.6  copy=0.836  A(t)=1654  sim=75.2s
epoch   33200  HO=0.9153  meanSteps=   128.6  copy=0.825  A(t)=1662  sim=75.3s
epoch   33250  HO=0.9326  meanSteps=   128.8  copy=0.835  A(t)=1662  sim=75.4s
epoch   33300  HO=0.9083  meanSteps=   128.6  copy=0.843  A(t)=1662  sim=75.4s
epoch   33350  HO=0.9144  meanSteps=   128.7  copy=0.844  A(t)=1666  sim=75.5s
epoch   33400  HO=0.9448  meanSteps=   128.9  copy=0.840  A(t)=1667  sim=75.6s
epoch   33450  HO=0.9453  meanSteps=   129.0  copy=0.830  A(t)=1667  sim=75.7s
epoch   33500  HO=0.9387  meanSteps=   128.9  copy=0.851  A(t)=1671  sim=75.8s
epoch   33550  HO=0.9769  meanSteps=   129.0  copy=0.845  A(t)=1673  sim=75.9s
epoch   33600  HO=0.9599  meanSteps=   129.0  copy=0.854  A(t)=1675  sim=76.0s
epoch   33650  HO=0.9983  meanSteps=   128.8  copy=0.860  A(t)=1681  sim=76.0s
epoch   33700  HO=0.9838  meanSteps=   128.9  copy=0.853  A(t)=1682  sim=76.2s
epoch   33750  HO=1.0012  meanSteps=   128.7  copy=0.848  A(t)=1685  sim=76.4s
epoch   33800  HO=0.9983  meanSteps=   128.7  copy=0.845  A(t)=1685  sim=76.4s
epoch   33850  HO=0.9980  meanSteps=   128.6  copy=0.824  A(t)=1685  sim=76.5s
epoch   33900  HO=1.0013  meanSteps=   128.7  copy=0.821  A(t)=1686  sim=76.6s
epoch   33950  HO=0.9848  meanSteps=   128.9  copy=0.840  A(t)=1689  sim=76.7s
epoch   34000  HO=0.9179  meanSteps=   128.9  copy=0.841  A(t)=1692  sim=76.8s
epoch   34050  HO=0.9145  meanSteps=   128.8  copy=0.841  A(t)=1701  sim=76.9s
epoch   34100  HO=0.9215  meanSteps=   137.0  copy=0.846  A(t)=1703  sim=77.0s
epoch   34150  HO=0.9521  meanSteps=   137.1  copy=0.847  A(t)=1709  sim=77.1s
epoch   34200  HO=0.9323  meanSteps=   128.7  copy=0.840  A(t)=1709  sim=77.2s
epoch   34250  HO=0.9309  meanSteps=   128.5  copy=0.834  A(t)=1710  sim=77.3s
epoch   34300  HO=0.9314  meanSteps=   128.5  copy=0.823  A(t)=1714  sim=77.4s
epoch   34350  HO=0.9901  meanSteps=   128.6  copy=0.833  A(t)=1719  sim=77.5s
epoch   34400  HO=0.9554  meanSteps=   128.9  copy=0.847  A(t)=1719  sim=77.6s
epoch   34450  HO=0.9855  meanSteps=   128.7  copy=0.843  A(t)=1720  sim=77.7s
epoch   34500  HO=0.9480  meanSteps=   128.8  copy=0.838  A(t)=1721  sim=77.8s
epoch   34550  HO=1.0135  meanSteps=   128.8  copy=0.834  A(t)=1722  sim=77.9s
epoch   34600  HO=0.9753  meanSteps=   128.8  copy=0.830  A(t)=1725  sim=77.9s
epoch   34650  HO=0.9962  meanSteps=   128.8  copy=0.820  A(t)=1725  sim=78.1s
epoch   34700  HO=0.9787  meanSteps=   129.6  copy=0.806  A(t)=1725  sim=78.1s
epoch   34750  HO=0.9860  meanSteps=   129.3  copy=0.812  A(t)=1725  sim=78.2s
epoch   34800  HO=0.9213  meanSteps=   131.3  copy=0.825  A(t)=1729  sim=78.3s
epoch   34850  HO=0.9246  meanSteps=   128.8  copy=0.838  A(t)=1729  sim=78.4s
epoch   34900  HO=0.9579  meanSteps=   128.6  copy=0.818  A(t)=1731  sim=78.5s
epoch   34950  HO=0.9252  meanSteps=   128.8  copy=0.828  A(t)=1731  sim=78.6s
epoch   35000  HO=0.9160  meanSteps=   128.5  copy=0.826  A(t)=1738  sim=78.8s
epoch   35050  HO=0.9264  meanSteps=   128.8  copy=0.835  A(t)=1738  sim=78.8s
epoch   35100  HO=0.9105  meanSteps=   128.6  copy=0.838  A(t)=1738  sim=78.9s
epoch   35150  HO=0.9185  meanSteps=   128.5  copy=0.825  A(t)=1741  sim=79.1s
epoch   35200  HO=0.8875  meanSteps=   128.4  copy=0.821  A(t)=1741  sim=79.2s
epoch   35250  HO=0.9444  meanSteps=   128.5  copy=0.819  A(t)=1741  sim=79.3s
epoch   35300  HO=0.9262  meanSteps=   128.6  copy=0.807  A(t)=1741  sim=79.4s
epoch   35350  HO=0.9194  meanSteps=   128.4  copy=0.792  A(t)=1741  sim=79.5s
epoch   35400  HO=0.9474  meanSteps=   128.6  copy=0.785  A(t)=1747  sim=79.6s
epoch   35450  HO=0.9211  meanSteps=   130.4  copy=0.772  A(t)=1748  sim=79.7s
epoch   35500  HO=0.9235  meanSteps=   128.8  copy=0.793  A(t)=1755  sim=79.8s
epoch   35550  HO=0.9008  meanSteps=   128.9  copy=0.806  A(t)=1757  sim=79.9s
epoch   35600  HO=0.9139  meanSteps=   128.8  copy=0.788  A(t)=1767  sim=80.0s
epoch   35650  HO=0.8883  meanSteps=   128.9  copy=0.812  A(t)=1771  sim=80.1s
epoch   35700  HO=0.9171  meanSteps=   128.8  copy=0.802  A(t)=1786  sim=80.2s
epoch   35750  HO=0.9013  meanSteps=   129.0  copy=0.818  A(t)=1786  sim=80.3s
epoch   35800  HO=0.9059  meanSteps=   128.8  copy=0.828  A(t)=1791  sim=80.4s
epoch   35850  HO=0.8859  meanSteps=   129.0  copy=0.822  A(t)=1794  sim=80.5s
epoch   35900  HO=0.9122  meanSteps=   129.0  copy=0.811  A(t)=1794  sim=80.6s
epoch   35950  HO=0.9500  meanSteps=   129.0  copy=0.799  A(t)=1794  sim=80.7s
epoch   36000  HO=0.9623  meanSteps=   128.9  copy=0.800  A(t)=1794  sim=80.7s
epoch   36050  HO=0.9410  meanSteps=   128.6  copy=0.810  A(t)=1794  sim=80.8s
epoch   36100  HO=0.9270  meanSteps=   128.8  copy=0.816  A(t)=1794  sim=80.9s
epoch   36150  HO=0.9068  meanSteps=   128.9  copy=0.813  A(t)=1794  sim=81.1s
epoch   36200  HO=0.9479  meanSteps=   131.3  copy=0.833  A(t)=1794  sim=81.1s
epoch   36250  HO=0.9550  meanSteps=   129.0  copy=0.840  A(t)=1794  sim=81.2s
epoch   36300  HO=0.9302  meanSteps=   128.9  copy=0.835  A(t)=1795  sim=81.4s
epoch   36350  HO=0.9327  meanSteps=   128.9  copy=0.840  A(t)=1795  sim=81.4s
epoch   36400  HO=0.9399  meanSteps=   128.9  copy=0.820  A(t)=1795  sim=81.6s
epoch   36450  HO=0.9172  meanSteps=   136.8  copy=0.850  A(t)=1796  sim=81.7s
epoch   36500  HO=0.9332  meanSteps=   145.1  copy=0.838  A(t)=1796  sim=81.7s
epoch   36550  HO=0.9491  meanSteps=   142.8  copy=0.823  A(t)=1804  sim=81.9s
epoch   36600  HO=0.9896  meanSteps=   143.7  copy=0.822  A(t)=1804  sim=82.0s
epoch   36650  HO=0.9236  meanSteps=   136.4  copy=0.845  A(t)=1804  sim=82.1s
epoch   36700  HO=0.9685  meanSteps=   128.8  copy=0.827  A(t)=1804  sim=82.2s
epoch   36750  HO=0.9561  meanSteps=   128.8  copy=0.816  A(t)=1804  sim=82.2s
epoch   36800  HO=0.9659  meanSteps=   128.5  copy=0.821  A(t)=1809  sim=82.3s
epoch   36850  HO=0.9494  meanSteps=   128.4  copy=0.817  A(t)=1809  sim=82.4s
epoch   36900  HO=0.9756  meanSteps=   128.4  copy=0.819  A(t)=1809  sim=82.5s
epoch   36950  HO=0.9555  meanSteps=   128.4  copy=0.825  A(t)=1809  sim=82.6s
epoch   37000  HO=0.9726  meanSteps=   128.6  copy=0.824  A(t)=1809  sim=82.7s
epoch   37050  HO=0.9257  meanSteps=   128.5  copy=0.817  A(t)=1810  sim=82.8s
epoch   37100  HO=0.9650  meanSteps=   128.5  copy=0.813  A(t)=1810  sim=82.9s
epoch   37150  HO=0.9602  meanSteps=   141.9  copy=0.818  A(t)=1820  sim=83.0s
epoch   37200  HO=0.9568  meanSteps=   132.7  copy=0.820  A(t)=1827  sim=83.1s
epoch   37250  HO=0.9489  meanSteps=   128.9  copy=0.825  A(t)=1827  sim=83.2s
epoch   37300  HO=0.9427  meanSteps=   128.6  copy=0.810  A(t)=1835  sim=83.3s
epoch   37350  HO=0.9358  meanSteps=   128.9  copy=0.808  A(t)=1835  sim=83.3s
epoch   37400  HO=0.9213  meanSteps=   129.0  copy=0.806  A(t)=1835  sim=83.4s
epoch   37450  HO=0.9647  meanSteps=   128.9  copy=0.810  A(t)=1835  sim=83.5s
epoch   37500  HO=0.9583  meanSteps=   135.4  copy=0.796  A(t)=1836  sim=83.6s
epoch   37550  HO=0.9961  meanSteps=   131.9  copy=0.807  A(t)=1842  sim=83.7s
epoch   37600  HO=0.9681  meanSteps=   128.7  copy=0.848  A(t)=1845  sim=83.8s
epoch   37650  HO=0.9769  meanSteps=   128.7  copy=0.850  A(t)=1846  sim=83.9s
epoch   37700  HO=0.9056  meanSteps=   128.9  copy=0.840  A(t)=1848  sim=84.0s
epoch   37750  HO=0.9433  meanSteps=   128.7  copy=0.848  A(t)=1848  sim=84.2s
epoch   37800  HO=0.9231  meanSteps=   128.7  copy=0.840  A(t)=1848  sim=84.2s
epoch   37850  HO=0.9788  meanSteps=   128.6  copy=0.840  A(t)=1848  sim=84.3s
epoch   37900  HO=0.9257  meanSteps=   136.2  copy=0.838  A(t)=1848  sim=84.5s
epoch   37950  HO=0.9307  meanSteps=   128.6  copy=0.864  A(t)=1848  sim=84.5s
epoch   38000  HO=0.9310  meanSteps=   128.8  copy=0.862  A(t)=1848  sim=84.6s
epoch   38050  HO=0.9504  meanSteps=   128.4  copy=0.859  A(t)=1852  sim=84.8s
epoch   38100  HO=0.9252  meanSteps=   128.6  copy=0.853  A(t)=1854  sim=84.8s
epoch   38150  HO=0.8867  meanSteps=   128.7  copy=0.847  A(t)=1854  sim=84.9s
epoch   38200  HO=0.8977  meanSteps=   128.6  copy=0.853  A(t)=1854  sim=85.0s
epoch   38250  HO=0.9318  meanSteps=   128.2  copy=0.842  A(t)=1854  sim=85.1s
epoch   38300  HO=0.9324  meanSteps=   128.6  copy=0.862  A(t)=1854  sim=85.2s
epoch   38350  HO=0.9390  meanSteps=   128.6  copy=0.847  A(t)=1854  sim=85.3s
epoch   38400  HO=0.9332  meanSteps=   129.2  copy=0.853  A(t)=1854  sim=85.4s
epoch   38450  HO=0.9244  meanSteps=   128.8  copy=0.849  A(t)=1854  sim=85.5s
epoch   38500  HO=0.8991  meanSteps=   128.6  copy=0.850  A(t)=1854  sim=85.6s
epoch   38550  HO=0.9117  meanSteps=   128.7  copy=0.854  A(t)=1856  sim=85.7s
epoch   38600  HO=0.9059  meanSteps=   128.9  copy=0.815  A(t)=1859  sim=85.8s
epoch   38650  HO=0.9585  meanSteps=   128.8  copy=0.817  A(t)=1867  sim=85.9s
epoch   38700  HO=0.9242  meanSteps=   128.7  copy=0.800  A(t)=1867  sim=86.0s
epoch   38750  HO=0.9409  meanSteps=   128.8  copy=0.807  A(t)=1869  sim=86.1s
epoch   38800  HO=0.9566  meanSteps=   128.9  copy=0.817  A(t)=1869  sim=86.1s
epoch   38850  HO=0.9573  meanSteps=   129.0  copy=0.830  A(t)=1877  sim=86.3s
epoch   38900  HO=0.9410  meanSteps=   129.0  copy=0.845  A(t)=1877  sim=86.4s
epoch   38950  HO=0.9182  meanSteps=   136.3  copy=0.847  A(t)=1877  sim=86.5s
epoch   39000  HO=0.9315  meanSteps=   130.9  copy=0.842  A(t)=1877  sim=86.6s
epoch   39050  HO=0.9744  meanSteps=   128.9  copy=0.857  A(t)=1877  sim=86.7s
epoch   39100  HO=0.9227  meanSteps=   128.8  copy=0.869  A(t)=1879  sim=86.8s
epoch   39150  HO=0.8703  meanSteps=   128.9  copy=0.850  A(t)=1879  sim=86.9s
epoch   39200  HO=0.8781  meanSteps=   128.8  copy=0.835  A(t)=1879  sim=87.0s
epoch   39250  HO=0.9008  meanSteps=   128.6  copy=0.828  A(t)=1884  sim=87.1s
epoch   39300  HO=0.9070  meanSteps=   128.6  copy=0.834  A(t)=1884  sim=87.2s
epoch   39350  HO=0.8810  meanSteps=   128.7  copy=0.822  A(t)=1885  sim=87.2s
epoch   39400  HO=0.8524  meanSteps=   128.7  copy=0.820  A(t)=1889  sim=87.4s
epoch   39450  HO=0.9251  meanSteps=   128.8  copy=0.821  A(t)=1890  sim=87.4s
epoch   39500  HO=0.9356  meanSteps=   128.8  copy=0.826  A(t)=1890  sim=87.5s
epoch   39550  HO=0.9377  meanSteps=   129.0  copy=0.842  A(t)=1890  sim=87.7s
epoch   39600  HO=0.9932  meanSteps=   128.9  copy=0.847  A(t)=1890  sim=87.8s
epoch   39650  HO=1.0369  meanSteps=   128.7  copy=0.831  A(t)=1890  sim=87.8s
epoch   39700  HO=0.9949  meanSteps=   128.6  copy=0.841  A(t)=1890  sim=87.9s
epoch   39750  HO=0.9895  meanSteps=   131.3  copy=0.838  A(t)=1890  sim=88.0s
epoch   39800  HO=1.0020  meanSteps=   134.5  copy=0.846  A(t)=1890  sim=88.2s
epoch   39850  HO=1.0069  meanSteps=   128.8  copy=0.820  A(t)=1891  sim=88.3s
epoch   39900  HO=0.9687  meanSteps=   128.9  copy=0.821  A(t)=1892  sim=88.3s
epoch   39950  HO=0.9712  meanSteps=   128.9  copy=0.824  A(t)=1899  sim=88.4s
epoch   40000  HO=0.9295  meanSteps=   128.8  copy=0.835  A(t)=1900  sim=88.5s
epoch   40050  HO=0.9889  meanSteps=   128.6  copy=0.830  A(t)=1907  sim=88.6s
epoch   40100  HO=0.9265  meanSteps=   128.7  copy=0.827  A(t)=1918  sim=88.7s
epoch   40150  HO=0.9488  meanSteps=   128.8  copy=0.826  A(t)=1918  sim=88.9s
epoch   40200  HO=0.9276  meanSteps=   128.8  copy=0.827  A(t)=1918  sim=89.0s
epoch   40250  HO=0.9728  meanSteps=   129.0  copy=0.843  A(t)=1918  sim=89.0s
epoch   40300  HO=1.0173  meanSteps=   128.9  copy=0.842  A(t)=1921  sim=89.2s
epoch   40350  HO=0.9454  meanSteps=   128.8  copy=0.852  A(t)=1921  sim=89.3s
epoch   40400  HO=0.9659  meanSteps=   128.6  copy=0.851  A(t)=1921  sim=89.3s
epoch   40450  HO=0.9932  meanSteps=   128.6  copy=0.838  A(t)=1921  sim=89.4s
epoch   40500  HO=0.9725  meanSteps=   128.8  copy=0.841  A(t)=1921  sim=89.5s
epoch   40550  HO=0.9779  meanSteps=   128.8  copy=0.846  A(t)=1921  sim=89.7s
epoch   40600  HO=0.9856  meanSteps=   128.8  copy=0.818  A(t)=1929  sim=89.8s
epoch   40650  HO=0.9634  meanSteps=   128.8  copy=0.804  A(t)=1932  sim=89.8s
epoch   40700  HO=0.9794  meanSteps=   128.8  copy=0.816  A(t)=1932  sim=89.9s
epoch   40750  HO=0.9857  meanSteps=   128.8  copy=0.819  A(t)=1932  sim=90.1s
epoch   40800  HO=0.9556  meanSteps=   128.7  copy=0.815  A(t)=1934  sim=90.2s
epoch   40850  HO=1.0160  meanSteps=   129.0  copy=0.812  A(t)=1935  sim=90.3s
epoch   40900  HO=0.9499  meanSteps=   128.8  copy=0.802  A(t)=1938  sim=90.4s
epoch   40950  HO=0.9951  meanSteps=   128.7  copy=0.799  A(t)=1944  sim=90.6s
epoch   41000  HO=1.0214  meanSteps=   128.8  copy=0.795  A(t)=1947  sim=90.7s
epoch   41050  HO=1.0273  meanSteps=   132.5  copy=0.810  A(t)=1961  sim=90.7s
epoch   41100  HO=0.9265  meanSteps=   130.0  copy=0.834  A(t)=1963  sim=90.8s
epoch   41150  HO=0.9632  meanSteps=   128.9  copy=0.837  A(t)=1968  sim=90.9s
epoch   41200  HO=0.9687  meanSteps=   128.9  copy=0.840  A(t)=1969  sim=91.0s
epoch   41250  HO=0.9281  meanSteps=   128.8  copy=0.837  A(t)=1969  sim=91.1s
epoch   41300  HO=0.9537  meanSteps=   128.8  copy=0.848  A(t)=1969  sim=91.2s
epoch   41350  HO=0.9448  meanSteps=   129.0  copy=0.852  A(t)=1974  sim=91.2s
epoch   41400  HO=0.9431  meanSteps=   128.9  copy=0.832  A(t)=1974  sim=91.3s
epoch   41450  HO=0.9346  meanSteps=   129.0  copy=0.795  A(t)=1982  sim=91.4s
epoch   41500  HO=0.9389  meanSteps=   128.8  copy=0.798  A(t)=1985  sim=91.5s
epoch   41550  HO=0.9143  meanSteps=   128.9  copy=0.784  A(t)=1989  sim=91.6s
epoch   41600  HO=0.9607  meanSteps=   129.0  copy=0.788  A(t)=1996  sim=91.7s
epoch   41650  HO=0.9415  meanSteps=   128.7  copy=0.794  A(t)=1996  sim=91.7s
epoch   41700  HO=0.9227  meanSteps=   128.6  copy=0.798  A(t)=1996  sim=91.8s
epoch   41750  HO=0.9309  meanSteps=   128.7  copy=0.791  A(t)=1996  sim=91.9s
epoch   41800  HO=0.9443  meanSteps=   128.7  copy=0.791  A(t)=1997  sim=92.0s
epoch   41850  HO=0.9314  meanSteps=   128.7  copy=0.802  A(t)=1997  sim=92.1s
epoch   41900  HO=0.9254  meanSteps=   128.9  copy=0.834  A(t)=1997  sim=92.2s
epoch   41950  HO=0.9174  meanSteps=   128.9  copy=0.855  A(t)=1998  sim=92.2s
epoch   42000  HO=0.9244  meanSteps=   128.9  copy=0.856  A(t)=1999  sim=92.4s
epoch   42050  HO=0.9395  meanSteps=   128.8  copy=0.838  A(t)=1999  sim=92.5s
epoch   42100  HO=0.9556  meanSteps=   128.8  copy=0.828  A(t)=1999  sim=92.5s
epoch   42150  HO=0.9414  meanSteps=   128.5  copy=0.839  A(t)=2000  sim=92.7s
epoch   42200  HO=0.9349  meanSteps=   128.6  copy=0.865  A(t)=2000  sim=92.9s
epoch   42250  HO=0.9744  meanSteps=   132.0  copy=0.852  A(t)=2000  sim=92.9s
epoch   42300  HO=0.9576  meanSteps=   139.1  copy=0.857  A(t)=2002  sim=93.0s
epoch   42350  HO=0.9692  meanSteps=   130.3  copy=0.839  A(t)=2002  sim=93.1s
epoch   42400  HO=0.9434  meanSteps=   128.9  copy=0.838  A(t)=2002  sim=93.2s
epoch   42450  HO=0.9010  meanSteps=   128.8  copy=0.834  A(t)=2002  sim=93.3s
epoch   42500  HO=0.9528  meanSteps=   128.8  copy=0.837  A(t)=2002  sim=93.4s
epoch   42550  HO=1.0375  meanSteps=   143.3  copy=0.833  A(t)=2002  sim=93.5s
epoch   42600  HO=0.9725  meanSteps=   143.8  copy=0.838  A(t)=2002  sim=93.6s
epoch   42650  HO=0.9261  meanSteps=   142.3  copy=0.817  A(t)=2002  sim=93.7s
epoch   42700  HO=0.9082  meanSteps=   129.0  copy=0.830  A(t)=2004  sim=93.8s
epoch   42750  HO=0.9064  meanSteps=   128.9  copy=0.829  A(t)=2007  sim=93.9s
epoch   42800  HO=0.8951  meanSteps=   128.9  copy=0.824  A(t)=2014  sim=94.1s
epoch   42850  HO=0.9074  meanSteps=   129.0  copy=0.817  A(t)=2015  sim=94.1s
epoch   42900  HO=0.9580  meanSteps=   128.8  copy=0.835  A(t)=2016  sim=94.3s
epoch   42950  HO=0.9249  meanSteps=   128.7  copy=0.839  A(t)=2016  sim=94.3s
epoch   43000  HO=0.9331  meanSteps=   128.6  copy=0.841  A(t)=2016  sim=94.4s
epoch   43050  HO=0.9684  meanSteps=   128.6  copy=0.836  A(t)=2016  sim=94.6s
epoch   43100  HO=0.9520  meanSteps=   128.9  copy=0.854  A(t)=2016  sim=94.6s
epoch   43150  HO=0.9687  meanSteps=   129.0  copy=0.841  A(t)=2016  sim=94.8s
epoch   43200  HO=0.9462  meanSteps=   129.8  copy=0.842  A(t)=2016  sim=94.9s
epoch   43250  HO=0.9519  meanSteps=   130.8  copy=0.836  A(t)=2016  sim=94.9s
epoch   43300  HO=0.9253  meanSteps=   141.5  copy=0.848  A(t)=2016  sim=95.1s
epoch   43350  HO=0.9436  meanSteps=   129.0  copy=0.849  A(t)=2016  sim=95.2s
epoch   43400  HO=0.9511  meanSteps=   128.9  copy=0.833  A(t)=2016  sim=95.2s
epoch   43450  HO=0.9184  meanSteps=   128.9  copy=0.832  A(t)=2021  sim=95.3s
epoch   43500  HO=0.9443  meanSteps=   128.9  copy=0.841  A(t)=2021  sim=95.4s
epoch   43550  HO=0.9509  meanSteps=   128.9  copy=0.853  A(t)=2021  sim=95.5s
epoch   43600  HO=0.9611  meanSteps=   129.0  copy=0.853  A(t)=2021  sim=95.6s
epoch   43650  HO=0.9209  meanSteps=   128.7  copy=0.834  A(t)=2021  sim=95.7s
epoch   43700  HO=0.9191  meanSteps=   128.8  copy=0.842  A(t)=2021  sim=95.8s
epoch   43750  HO=0.9440  meanSteps=   128.6  copy=0.844  A(t)=2024  sim=95.9s
epoch   43800  HO=0.9175  meanSteps=   128.8  copy=0.848  A(t)=2024  sim=96.0s
epoch   43850  HO=0.8940  meanSteps=   128.7  copy=0.835  A(t)=2024  sim=96.1s
epoch   43900  HO=0.8865  meanSteps=   128.7  copy=0.866  A(t)=2025  sim=96.2s
epoch   43950  HO=0.8928  meanSteps=   128.7  copy=0.876  A(t)=2025  sim=96.3s
epoch   44000  HO=0.9469  meanSteps=   128.7  copy=0.876  A(t)=2025  sim=96.4s
epoch   44050  HO=0.9425  meanSteps=   128.9  copy=0.871  A(t)=2026  sim=96.5s
epoch   44100  HO=0.9097  meanSteps=   128.9  copy=0.853  A(t)=2026  sim=96.6s
epoch   44150  HO=0.9296  meanSteps=   128.8  copy=0.855  A(t)=2026  sim=96.6s
epoch   44200  HO=0.9402  meanSteps=   128.9  copy=0.876  A(t)=2026  sim=96.7s
epoch   44250  HO=0.9712  meanSteps=   128.8  copy=0.885  A(t)=2026  sim=96.9s
epoch   44300  HO=0.9720  meanSteps=   128.7  copy=0.867  A(t)=2026  sim=97.0s
epoch   44350  HO=0.9650  meanSteps=   128.7  copy=0.871  A(t)=2026  sim=97.1s
epoch   44400  HO=0.9169  meanSteps=   128.9  copy=0.866  A(t)=2028  sim=97.2s
epoch   44450  HO=0.9220  meanSteps=   128.9  copy=0.878  A(t)=2028  sim=97.3s
epoch   44500  HO=0.9534  meanSteps=   128.9  copy=0.873  A(t)=2030  sim=97.4s
epoch   44550  HO=0.9230  meanSteps=   128.8  copy=0.855  A(t)=2034  sim=97.5s
epoch   44600  HO=0.8947  meanSteps=   128.8  copy=0.853  A(t)=2034  sim=97.6s
epoch   44650  HO=0.9236  meanSteps=   128.8  copy=0.849  A(t)=2034  sim=97.6s
epoch   44700  HO=0.9435  meanSteps=   128.7  copy=0.855  A(t)=2034  sim=97.7s
epoch   44750  HO=0.9402  meanSteps=   128.7  copy=0.851  A(t)=2037  sim=97.9s
epoch   44800  HO=0.9819  meanSteps=   128.9  copy=0.846  A(t)=2040  sim=97.9s
epoch   44850  HO=0.9580  meanSteps=   129.0  copy=0.862  A(t)=2040  sim=98.0s
epoch   44900  HO=0.9466  meanSteps=   128.9  copy=0.857  A(t)=2040  sim=98.1s
epoch   44950  HO=0.9539  meanSteps=   128.9  copy=0.866  A(t)=2040  sim=98.2s
epoch   45000  HO=0.9853  meanSteps=   128.8  copy=0.854  A(t)=2040  sim=98.3s
epoch   45050  HO=0.9858  meanSteps=   128.8  copy=0.854  A(t)=2040  sim=98.5s
epoch   45100  HO=0.9400  meanSteps=   128.9  copy=0.870  A(t)=2043  sim=98.6s
epoch   45150  HO=0.9733  meanSteps=   128.9  copy=0.875  A(t)=2043  sim=98.6s
epoch   45200  HO=0.9566  meanSteps=   128.9  copy=0.884  A(t)=2046  sim=98.8s
epoch   45250  HO=0.9276  meanSteps=   128.9  copy=0.873  A(t)=2049  sim=99.0s
epoch   45300  HO=0.9185  meanSteps=   129.0  copy=0.849  A(t)=2052  sim=99.0s
epoch   45350  HO=0.9500  meanSteps=   128.9  copy=0.862  A(t)=2052  sim=99.1s
epoch   45400  HO=0.9981  meanSteps=   136.4  copy=0.863  A(t)=2052  sim=99.2s
epoch   45450  HO=1.0389  meanSteps=   151.2  copy=0.848  A(t)=2062  sim=99.4s
epoch   45500  HO=0.9590  meanSteps=   165.8  copy=0.842  A(t)=2066  sim=99.4s
epoch   45550  HO=0.9410  meanSteps=   156.4  copy=0.858  A(t)=2066  sim=99.5s
epoch   45600  HO=0.9870  meanSteps=   155.8  copy=0.853  A(t)=2066  sim=99.7s
epoch   45650  HO=0.9552  meanSteps=   151.3  copy=0.819  A(t)=2072  sim=99.8s
epoch   45700  HO=0.9481  meanSteps=   145.1  copy=0.832  A(t)=2076  sim=99.9s
epoch   45750  HO=1.0179  meanSteps=   146.1  copy=0.810  A(t)=2081  sim=100.0s
epoch   45800  HO=0.9913  meanSteps=   145.5  copy=0.801  A(t)=2081  sim=100.1s
epoch   45850  HO=0.9878  meanSteps=   145.7  copy=0.802  A(t)=2081  sim=100.2s
epoch   45900  HO=0.9632  meanSteps=   145.6  copy=0.813  A(t)=2088  sim=100.4s
epoch   45950  HO=0.9557  meanSteps=   134.3  copy=0.826  A(t)=2089  sim=100.6s
epoch   46000  HO=0.9490  meanSteps=   128.8  copy=0.847  A(t)=2090  sim=100.6s
epoch   46050  HO=0.8783  meanSteps=   128.8  copy=0.849  A(t)=2097  sim=100.7s
epoch   46100  HO=0.9437  meanSteps=   128.8  copy=0.823  A(t)=2098  sim=100.8s
epoch   46150  HO=0.9118  meanSteps=   128.8  copy=0.807  A(t)=2098  sim=100.9s
epoch   46200  HO=0.9343  meanSteps=   129.0  copy=0.810  A(t)=2100  sim=101.0s
epoch   46250  HO=0.9347  meanSteps=   129.0  copy=0.828  A(t)=2100  sim=101.1s
epoch   46300  HO=0.9215  meanSteps=   128.8  copy=0.833  A(t)=2100  sim=101.2s
epoch   46350  HO=0.9111  meanSteps=   128.9  copy=0.814  A(t)=2104  sim=101.3s
epoch   46400  HO=0.8866  meanSteps=   128.8  copy=0.815  A(t)=2108  sim=101.4s
epoch   46450  HO=0.9306  meanSteps=   128.9  copy=0.804  A(t)=2113  sim=101.5s
epoch   46500  HO=0.9602  meanSteps=   133.8  copy=0.796  A(t)=2113  sim=101.6s
epoch   46550  HO=0.9557  meanSteps=   129.3  copy=0.799  A(t)=2117  sim=101.7s
epoch   46600  HO=0.9389  meanSteps=   130.8  copy=0.821  A(t)=2117  sim=101.7s
epoch   46650  HO=0.9732  meanSteps=   128.6  copy=0.837  A(t)=2117  sim=101.8s
epoch   46700  HO=0.8963  meanSteps=   128.6  copy=0.840  A(t)=2117  sim=101.9s
epoch   46750  HO=0.9681  meanSteps=   128.7  copy=0.837  A(t)=2117  sim=102.0s
epoch   46800  HO=0.9045  meanSteps=   128.6  copy=0.849  A(t)=2117  sim=102.2s
epoch   46850  HO=0.9618  meanSteps=   128.6  copy=0.849  A(t)=2118  sim=102.3s
epoch   46900  HO=0.9907  meanSteps=   128.8  copy=0.868  A(t)=2118  sim=102.4s
epoch   46950  HO=0.9668  meanSteps=   128.9  copy=0.865  A(t)=2118  sim=102.6s
epoch   47000  HO=0.8925  meanSteps=   128.8  copy=0.854  A(t)=2118  sim=102.7s
epoch   47050  HO=0.9269  meanSteps=   128.9  copy=0.836  A(t)=2120  sim=102.7s
epoch   47100  HO=0.9333  meanSteps=   128.8  copy=0.843  A(t)=2128  sim=102.9s
epoch   47150  HO=0.9642  meanSteps=   128.7  copy=0.850  A(t)=2130  sim=103.0s
epoch   47200  HO=0.9736  meanSteps=   128.7  copy=0.832  A(t)=2136  sim=103.1s
epoch   47250  HO=0.9698  meanSteps=   128.5  copy=0.829  A(t)=2136  sim=103.2s
epoch   47300  HO=0.9549  meanSteps=   128.5  copy=0.812  A(t)=2136  sim=103.3s
epoch   47350  HO=0.9659  meanSteps=   128.5  copy=0.810  A(t)=2136  sim=103.3s
epoch   47400  HO=0.9834  meanSteps=   128.4  copy=0.830  A(t)=2136  sim=103.5s
epoch   47450  HO=1.0315  meanSteps=   128.2  copy=0.814  A(t)=2136  sim=103.5s
epoch   47500  HO=1.0314  meanSteps=   138.0  copy=0.806  A(t)=2144  sim=103.6s
epoch   47550  HO=1.0338  meanSteps=   128.3  copy=0.826  A(t)=2144  sim=103.7s
epoch   47600  HO=0.9780  meanSteps=   128.3  copy=0.835  A(t)=2144  sim=103.8s
epoch   47650  HO=0.9901  meanSteps=   128.3  copy=0.842  A(t)=2145  sim=103.9s
epoch   47700  HO=0.8977  meanSteps=   128.6  copy=0.836  A(t)=2150  sim=104.0s
epoch   47750  HO=0.9078  meanSteps=   128.8  copy=0.837  A(t)=2153  sim=104.1s
epoch   47800  HO=0.9121  meanSteps=   128.8  copy=0.840  A(t)=2153  sim=104.2s
epoch   47850  HO=0.9219  meanSteps=   128.9  copy=0.833  A(t)=2161  sim=104.3s
epoch   47900  HO=0.8849  meanSteps=   128.8  copy=0.831  A(t)=2169  sim=104.4s
epoch   47950  HO=0.9128  meanSteps=   128.8  copy=0.820  A(t)=2170  sim=104.5s
epoch   48000  HO=0.9768  meanSteps=   128.7  copy=0.817  A(t)=2170  sim=104.6s
epoch   48050  HO=0.9912  meanSteps=   128.7  copy=0.826  A(t)=2170  sim=104.7s
epoch   48100  HO=0.9708  meanSteps=   128.6  copy=0.826  A(t)=2170  sim=104.7s
epoch   48150  HO=0.9868  meanSteps=   128.7  copy=0.826  A(t)=2170  sim=104.9s
epoch   48200  HO=0.9658  meanSteps=   134.7  copy=0.791  A(t)=2170  sim=104.9s
epoch   48250  HO=0.9828  meanSteps=   142.5  copy=0.804  A(t)=2170  sim=105.0s
epoch   48300  HO=0.9823  meanSteps=   128.8  copy=0.805  A(t)=2170  sim=105.1s
epoch   48350  HO=0.9043  meanSteps=   129.0  copy=0.809  A(t)=2170  sim=105.3s
epoch   48400  HO=0.9532  meanSteps=   129.0  copy=0.821  A(t)=2175  sim=105.4s
epoch   48450  HO=1.0153  meanSteps=   128.8  copy=0.824  A(t)=2175  sim=105.4s
epoch   48500  HO=0.9818  meanSteps=   128.8  copy=0.814  A(t)=2175  sim=105.5s
epoch   48550  HO=0.9819  meanSteps=   128.7  copy=0.814  A(t)=2175  sim=105.6s
epoch   48600  HO=0.9773  meanSteps=   128.7  copy=0.802  A(t)=2178  sim=105.7s
epoch   48650  HO=0.9946  meanSteps=   128.5  copy=0.813  A(t)=2182  sim=105.8s
epoch   48700  HO=0.9954  meanSteps=   128.8  copy=0.810  A(t)=2184  sim=105.9s
epoch   48750  HO=0.9734  meanSteps=   128.8  copy=0.806  A(t)=2185  sim=106.0s
epoch   48800  HO=0.9767  meanSteps=   128.8  copy=0.798  A(t)=2186  sim=106.0s
epoch   48850  HO=0.9483  meanSteps=   128.8  copy=0.808  A(t)=2186  sim=106.1s
epoch   48900  HO=0.9650  meanSteps=   128.9  copy=0.831  A(t)=2187  sim=106.2s
epoch   48950  HO=0.9632  meanSteps=   130.8  copy=0.842  A(t)=2187  sim=106.3s
epoch   49000  HO=0.9624  meanSteps=   128.8  copy=0.845  A(t)=2187  sim=106.4s
epoch   49050  HO=0.9623  meanSteps=   128.7  copy=0.845  A(t)=2187  sim=106.5s
epoch   49100  HO=0.9445  meanSteps=   128.8  copy=0.832  A(t)=2191  sim=106.5s
epoch   49150  HO=0.9655  meanSteps=   128.6  copy=0.823  A(t)=2191  sim=106.7s
epoch   49200  HO=0.9865  meanSteps=   128.6  copy=0.820  A(t)=2191  sim=106.7s
epoch   49250  HO=0.9610  meanSteps=   128.5  copy=0.825  A(t)=2191  sim=106.9s
epoch   49300  HO=0.9543  meanSteps=   128.4  copy=0.851  A(t)=2194  sim=107.0s
epoch   49350  HO=1.0127  meanSteps=   128.6  copy=0.868  A(t)=2194  sim=107.1s
epoch   49400  HO=0.9876  meanSteps=   128.6  copy=0.871  A(t)=2194  sim=107.1s
epoch   49450  HO=1.0594  meanSteps=   130.5  copy=0.877  A(t)=2194  sim=107.3s
epoch   49500  HO=1.0289  meanSteps=   130.5  copy=0.888  A(t)=2194  sim=107.4s
epoch   49550  HO=0.9863  meanSteps=   128.5  copy=0.878  A(t)=2194  sim=107.5s
epoch   49600  HO=0.9533  meanSteps=   128.8  copy=0.873  A(t)=2195  sim=107.6s
epoch   49650  HO=0.9538  meanSteps=   128.7  copy=0.844  A(t)=2200  sim=107.8s
epoch   49700  HO=0.9243  meanSteps=   128.9  copy=0.845  A(t)=2205  sim=107.8s
epoch   49750  HO=0.9615  meanSteps=   129.0  copy=0.868  A(t)=2205  sim=107.9s
epoch   49800  HO=0.9267  meanSteps=   128.9  copy=0.873  A(t)=2205  sim=108.0s
epoch   49850  HO=0.9802  meanSteps=   128.7  copy=0.873  A(t)=2205  sim=108.1s
epoch   49900  HO=1.0337  meanSteps=   128.8  copy=0.852  A(t)=2206  sim=108.3s
epoch   49950  HO=1.0036  meanSteps=   128.9  copy=0.841  A(t)=2206  sim=108.4s
epoch   50000  HO=0.9648  meanSteps=   128.8  copy=0.855  A(t)=2214  sim=108.5s
done: 50000 epochs in 177.2s wall (108.5s simulating), runs/ringv_ctrl_s2
