epoch       0  HO=-0.0064  meanSteps=     0.0  copy=0.000  A(t)=0  sim=0.0s
epoch      50  HO=0.1557  meanSteps=  1355.0  copy=0.545  A(t)=0  sim=0.2s
epoch     100  HO=0.2939  meanSteps=  1425.1  copy=0.586  A(t)=0  sim=0.4s
epoch     150  HO=0.3755  meanSteps=  1342.4  copy=0.600  A(t)=0  sim=0.6s
epoch     200  HO=0.4606  meanSteps=  1343.4  copy=0.611  A(t)=0  sim=0.8s
epoch     250  HO=0.5570  meanSteps=  1228.2  copy=0.621  A(t)=9  sim=1.0s
epoch     300  HO=0.5926  meanSteps=  1218.5  copy=0.614  A(t)=13  sim=1.3s
epoch     350  HO=0.6360  meanSteps=  1194.1  copy=0.613  A(t)=14  sim=1.6s
epoch     400  HO=0.6831  meanSteps=  1266.8  copy=0.608  A(t)=14  sim=2.0s
epoch     450  HO=0.7244  meanSteps=  1276.1  copy=0.612  A(t)=17  sim=2.3s
epoch     500  HO=0.7471  meanSteps=  1256.1  copy=0.613  A(t)=20  sim=2.6s
epoch     550  HO=0.7941  meanSteps=  1291.4  copy=0.617  A(t)=21  sim=2.9s
epoch     600  HO=0.8458  meanSteps=  1265.7  copy=0.619  A(t)=23  sim=3.3s
epoch     650  HO=0.8719  meanSteps=  1285.7  copy=0.610  A(t)=26  sim=3.4s
epoch     700  HO=0.9337  meanSteps=  1212.5  copy=0.608  A(t)=34  sim=3.7s
epoch     750  HO=0.9910  meanSteps=  1192.0  copy=0.605  A(t)=36  sim=4.0s
epoch     800  HO=0.9898  meanSteps=  1147.8  copy=0.612  A(t)=37  sim=4.2s
epoch     850  HO=1.0204  meanSteps=  1131.5  copy=0.616  A(t)=44  sim=4.5s
epoch     900  HO=1.0112  meanSteps=  1115.5  copy=0.608  A(t)=56  sim=4.6s
epoch     950  HO=1.0538  meanSteps=  1118.3  copy=0.606  A(t)=72  sim=4.9s
epoch    1000  HO=1.0850  meanSteps=  1044.7  copy=0.615  A(t)=81  sim=5.1s
epoch    1050  HO=1.0965  meanSteps=  1068.8  copy=0.619  A(t)=83  sim=5.3s
epoch    1100  HO=1.0921  meanSteps=  1073.9  copy=0.631  A(t)=83  sim=5.6s
epoch    1150  HO=1.1143  meanSteps=  1024.8  copy=0.621  A(t)=88  sim=5.8s
epoch    1200  HO=1.1483  meanSteps=   979.0  copy=0.626  A(t)=92  sim=6.1s
epoch    1250  HO=1.1526  meanSteps=   943.9  copy=0.632  A(t)=96  sim=6.4s
epoch    1300  HO=1.1420  meanSteps=   943.8  copy=0.642  A(t)=104  sim=6.6s
epoch    1350  HO=1.1157  meanSteps=   901.2  copy=0.650  A(t)=110  sim=6.9s
epoch    1400  HO=1.0844  meanSteps=   881.4  copy=0.655  A(t)=127  sim=7.2s
epoch    1450  HO=1.0973  meanSteps=   868.5  copy=0.671  A(t)=161  sim=7.4s
epoch    1500  HO=1.0934  meanSteps=   825.1  copy=0.683  A(t)=196  sim=7.7s
epoch    1550  HO=1.1333  meanSteps=   744.2  copy=0.686  A(t)=217  sim=7.9s
epoch    1600  HO=1.1465  meanSteps=   688.1  copy=0.692  A(t)=224  sim=8.2s
epoch    1650  HO=1.0730  meanSteps=   634.4  copy=0.697  A(t)=234  sim=8.4s
epoch    1700  HO=1.0657  meanSteps=   617.0  copy=0.706  A(t)=251  sim=8.6s
epoch    1750  HO=1.0386  meanSteps=   572.1  copy=0.714  A(t)=278  sim=8.8s
epoch    1800  HO=1.0083  meanSteps=   540.9  copy=0.739  A(t)=285  sim=9.0s
epoch    1850  HO=0.9927  meanSteps=   541.3  copy=0.735  A(t)=289  sim=9.2s
epoch    1900  HO=0.9961  meanSteps=   499.0  copy=0.757  A(t)=289  sim=9.3s
epoch    1950  HO=0.9338  meanSteps=   483.2  copy=0.764  A(t)=314  sim=9.5s
epoch    2000  HO=0.9343  meanSteps=   443.3  copy=0.761  A(t)=324  sim=9.6s
epoch    2050  HO=0.8405  meanSteps=   408.9  copy=0.759  A(t)=336  sim=9.7s
epoch    2100  HO=0.8400  meanSteps=   432.1  copy=0.757  A(t)=337  sim=9.8s
epoch    2150  HO=0.7865  meanSteps=   406.1  copy=0.771  A(t)=339  sim=9.9s
epoch    2200  HO=0.7533  meanSteps=   370.5  copy=0.777  A(t)=343  sim=10.0s
epoch    2250  HO=0.7440  meanSteps=   344.4  copy=0.780  A(t)=352  sim=10.1s
epoch    2300  HO=0.7544  meanSteps=   321.6  copy=0.813  A(t)=357  sim=10.2s
epoch    2350  HO=0.7163  meanSteps=   287.6  copy=0.801  A(t)=358  sim=10.3s
epoch    2400  HO=0.6587  meanSteps=   291.6  copy=0.797  A(t)=362  sim=10.4s
epoch    2450  HO=0.6092  meanSteps=   298.6  copy=0.785  A(t)=366  sim=10.6s
epoch    2500  HO=0.5972  meanSteps=   296.5  copy=0.785  A(t)=385  sim=10.8s
epoch    2550  HO=0.5689  meanSteps=   274.4  copy=0.784  A(t)=389  sim=10.9s
epoch    2600  HO=0.5265  meanSteps=   293.1  copy=0.800  A(t)=390  sim=11.0s
epoch    2650  HO=0.5105  meanSteps=   277.2  copy=0.808  A(t)=393  sim=11.1s
epoch    2700  HO=0.5406  meanSteps=   267.4  copy=0.786  A(t)=395  sim=11.2s
epoch    2750  HO=0.5201  meanSteps=   263.9  copy=0.764  A(t)=396  sim=11.3s
epoch    2800  HO=0.4905  meanSteps=   265.0  copy=0.771  A(t)=396  sim=11.4s
epoch    2850  HO=0.4761  meanSteps=   257.6  copy=0.765  A(t)=396  sim=11.6s
epoch    2900  HO=0.4658  meanSteps=   241.7  copy=0.758  A(t)=396  sim=11.7s
epoch    2950  HO=0.4621  meanSteps=   241.1  copy=0.755  A(t)=405  sim=11.9s
epoch    3000  HO=0.4799  meanSteps=   257.1  copy=0.762  A(t)=408  sim=12.0s
epoch    3050  HO=0.4410  meanSteps=   247.3  copy=0.763  A(t)=410  sim=12.1s
epoch    3100  HO=0.3823  meanSteps=   224.6  copy=0.764  A(t)=414  sim=12.2s
epoch    3150  HO=0.3549  meanSteps=   224.1  copy=0.770  A(t)=414  sim=12.3s
epoch    3200  HO=0.3443  meanSteps=   221.5  copy=0.764  A(t)=414  sim=12.4s
epoch    3250  HO=0.3676  meanSteps=   224.9  copy=0.761  A(t)=414  sim=12.5s
epoch    3300  HO=0.3708  meanSteps=   218.6  copy=0.759  A(t)=420  sim=12.7s
epoch    3350  HO=0.2937  meanSteps=   222.5  copy=0.778  A(t)=422  sim=12.9s
epoch    3400  HO=0.2895  meanSteps=   208.7  copy=0.779  A(t)=427  sim=12.9s
epoch    3450  HO=0.2740  meanSteps=   195.6  copy=0.792  A(t)=429  sim=13.0s
epoch    3500  HO=0.2539  meanSteps=   165.5  copy=0.796  A(t)=433  sim=13.1s
epoch    3550  HO=0.2170  meanSteps=   159.9  copy=0.777  A(t)=448  sim=13.2s
epoch    3600  HO=0.1870  meanSteps=   162.9  copy=0.762  A(t)=459  sim=13.3s
epoch    3650  HO=0.2323  meanSteps=   161.6  copy=0.761  A(t)=470  sim=13.4s
epoch    3700  HO=0.1871  meanSteps=   170.6  copy=0.793  A(t)=478  sim=13.5s
epoch    3750  HO=0.2073  meanSteps=   156.8  copy=0.819  A(t)=481  sim=13.7s
epoch    3800  HO=0.2153  meanSteps=   144.6  copy=0.812  A(t)=481  sim=13.8s
epoch    3850  HO=0.2406  meanSteps=   139.9  copy=0.804  A(t)=487  sim=14.0s
epoch    3900  HO=0.2265  meanSteps=   128.2  copy=0.793  A(t)=492  sim=14.1s
epoch    3950  HO=0.2294  meanSteps=   128.2  copy=0.816  A(t)=499  sim=14.2s
epoch    4000  HO=0.1613  meanSteps=   127.9  copy=0.839  A(t)=514  sim=14.4s
epoch    4050  HO=0.1658  meanSteps=   134.4  copy=0.830  A(t)=514  sim=14.5s
epoch    4100  HO=0.1017  meanSteps=   138.5  copy=0.832  A(t)=516  sim=14.6s
epoch    4150  HO=0.1032  meanSteps=   137.4  copy=0.825  A(t)=517  sim=14.7s
epoch    4200  HO=0.0582  meanSteps=   128.5  copy=0.812  A(t)=525  sim=14.7s
epoch    4250  HO=0.1040  meanSteps=   128.5  copy=0.802  A(t)=528  sim=14.9s
epoch    4300  HO=0.1223  meanSteps=   128.7  copy=0.804  A(t)=529  sim=15.0s
epoch    4350  HO=0.1111  meanSteps=   128.8  copy=0.805  A(t)=529  sim=15.1s
epoch    4400  HO=0.0897  meanSteps=   128.8  copy=0.815  A(t)=537  sim=15.1s
epoch    4450  HO=0.0679  meanSteps=   128.6  copy=0.810  A(t)=540  sim=15.3s
epoch    4500  HO=0.0515  meanSteps=   128.9  copy=0.795  A(t)=545  sim=15.3s
epoch    4550  HO=0.0603  meanSteps=   128.7  copy=0.774  A(t)=555  sim=15.5s
epoch    4600  HO=0.0645  meanSteps=   128.6  copy=0.776  A(t)=582  sim=15.5s
epoch    4650  HO=0.1004  meanSteps=   128.8  copy=0.799  A(t)=595  sim=15.6s
epoch    4700  HO=0.0266  meanSteps=   128.7  copy=0.809  A(t)=601  sim=15.8s
epoch    4750  HO=0.0719  meanSteps=   128.7  copy=0.812  A(t)=621  sim=15.9s
epoch    4800  HO=0.0510  meanSteps=   128.7  copy=0.819  A(t)=632  sim=16.0s
epoch    4850  HO=0.0694  meanSteps=   128.7  copy=0.828  A(t)=632  sim=16.1s
epoch    4900  HO=0.0867  meanSteps=   128.9  copy=0.833  A(t)=651  sim=16.2s
epoch    4950  HO=0.0410  meanSteps=   128.9  copy=0.832  A(t)=652  sim=16.3s
epoch    5000  HO=0.0207  meanSteps=   128.6  copy=0.837  A(t)=660  sim=16.5s
epoch    5050  HO=0.0583  meanSteps=   128.7  copy=0.815  A(t)=664  sim=16.6s
epoch    5100  HO=0.0807  meanSteps=   128.8  copy=0.802  A(t)=683  sim=16.8s
epoch    5150  HO=0.0849  meanSteps=   128.6  copy=0.803  A(t)=684  sim=16.9s
epoch    5200  HO=0.0997  meanSteps=   128.5  copy=0.814  A(t)=690  sim=17.0s
epoch    5250  HO=0.0504  meanSteps=   128.5  copy=0.847  A(t)=692  sim=17.1s
epoch    5300  HO=0.0198  meanSteps=   128.6  copy=0.848  A(t)=692  sim=17.2s
epoch    5350  HO=-0.0001  meanSteps=   128.7  copy=0.856  A(t)=693  sim=17.3s
epoch    5400  HO=0.0111  meanSteps=   128.7  copy=0.854  A(t)=694  sim=17.4s
epoch    5450  HO=0.0587  meanSteps=   128.8  copy=0.848  A(t)=699  sim=17.6s
epoch    5500  HO=0.0318  meanSteps=   128.8  copy=0.853  A(t)=714  sim=17.7s
epoch    5550  HO=0.0428  meanSteps=   128.9  copy=0.866  A(t)=721  sim=17.8s
epoch    5600  HO=0.0624  meanSteps=   129.0  copy=0.866  A(t)=721  sim=18.0s
epoch    5650  HO=0.0676  meanSteps=   128.8  copy=0.866  A(t)=721  sim=18.1s
epoch    5700  HO=0.0928  meanSteps=   128.8  copy=0.862  A(t)=724  sim=18.3s
epoch    5750  HO=0.1038  meanSteps=   129.0  copy=0.865  A(t)=729  sim=18.4s
epoch    5800  HO=0.1061  meanSteps=   128.9  copy=0.852  A(t)=740  sim=18.5s
epoch    5850  HO=0.1200  meanSteps=   128.9  copy=0.843  A(t)=741  sim=18.7s
epoch    5900  HO=0.0950  meanSteps=   129.2  copy=0.843  A(t)=742  sim=18.8s
epoch    5950  HO=0.0905  meanSteps=   132.8  copy=0.850  A(t)=742  sim=19.0s
epoch    6000  HO=0.0811  meanSteps=   128.8  copy=0.845  A(t)=748  sim=19.1s
epoch    6050  HO=0.0613  meanSteps=   128.8  copy=0.831  A(t)=752  sim=19.2s
epoch    6100  HO=0.1069  meanSteps=   128.5  copy=0.825  A(t)=756  sim=19.4s
epoch    6150  HO=0.0888  meanSteps=   129.0  copy=0.827  A(t)=768  sim=19.5s
epoch    6200  HO=0.0743  meanSteps=   134.2  copy=0.833  A(t)=773  sim=19.6s
epoch    6250  HO=0.1211  meanSteps=   145.5  copy=0.826  A(t)=787  sim=19.7s
epoch    6300  HO=0.1216  meanSteps=   130.2  copy=0.804  A(t)=810  sim=19.8s
epoch    6350  HO=0.0821  meanSteps=   128.6  copy=0.803  A(t)=821  sim=19.9s
epoch    6400  HO=0.0661  meanSteps=   128.9  copy=0.809  A(t)=823  sim=19.9s
epoch    6450  HO=0.0768  meanSteps=   128.8  copy=0.821  A(t)=824  sim=20.0s
epoch    6500  HO=0.0616  meanSteps=   128.7  copy=0.849  A(t)=825  sim=20.1s
epoch    6550  HO=0.0697  meanSteps=   128.8  copy=0.833  A(t)=825  sim=20.2s
epoch    6600  HO=0.0137  meanSteps=   128.9  copy=0.830  A(t)=826  sim=20.3s
epoch    6650  HO=0.0763  meanSteps=   128.8  copy=0.834  A(t)=834  sim=20.3s
epoch    6700  HO=0.0616  meanSteps=   128.7  copy=0.836  A(t)=834  sim=20.4s
epoch    6750  HO=0.0693  meanSteps=   128.8  copy=0.812  A(t)=842  sim=20.5s
epoch    6800  HO=0.0416  meanSteps=   128.9  copy=0.815  A(t)=842  sim=20.6s
epoch    6850  HO=0.0618  meanSteps=   128.8  copy=0.819  A(t)=842  sim=20.7s
epoch    6900  HO=0.0639  meanSteps=   128.8  copy=0.817  A(t)=848  sim=20.8s
epoch    6950  HO=0.0482  meanSteps=   128.9  copy=0.819  A(t)=855  sim=20.9s
epoch    7000  HO=0.0380  meanSteps=   129.0  copy=0.827  A(t)=857  sim=21.1s
epoch    7050  HO=0.0675  meanSteps=   128.9  copy=0.835  A(t)=862  sim=21.2s
epoch    7100  HO=0.0065  meanSteps=   128.9  copy=0.827  A(t)=862  sim=21.3s
epoch    7150  HO=0.0104  meanSteps=   128.8  copy=0.824  A(t)=865  sim=21.5s
epoch    7200  HO=0.0230  meanSteps=   128.9  copy=0.829  A(t)=868  sim=21.6s
epoch    7250  HO=0.0438  meanSteps=   128.7  copy=0.834  A(t)=882  sim=21.7s
epoch    7300  HO=0.0441  meanSteps=   128.7  copy=0.829  A(t)=897  sim=21.8s
epoch    7350  HO=0.1182  meanSteps=   136.6  copy=0.825  A(t)=902  sim=21.9s
epoch    7400  HO=0.0720  meanSteps=   145.5  copy=0.831  A(t)=911  sim=22.0s
epoch    7450  HO=0.0959  meanSteps=   142.0  copy=0.830  A(t)=912  sim=22.1s
epoch    7500  HO=0.0877  meanSteps=   146.4  copy=0.816  A(t)=920  sim=22.2s
epoch    7550  HO=0.1008  meanSteps=   147.6  copy=0.808  A(t)=927  sim=22.3s
epoch    7600  HO=0.0655  meanSteps=   133.5  copy=0.816  A(t)=931  sim=22.4s
epoch    7650  HO=0.0554  meanSteps=   147.7  copy=0.824  A(t)=944  sim=22.5s
epoch    7700  HO=0.0907  meanSteps=   132.9  copy=0.808  A(t)=954  sim=22.6s
epoch    7750  HO=0.0551  meanSteps=   130.3  copy=0.837  A(t)=959  sim=22.7s
epoch    7800  HO=0.0545  meanSteps=   128.8  copy=0.824  A(t)=970  sim=22.8s
epoch    7850  HO=0.0556  meanSteps=   128.9  copy=0.824  A(t)=977  sim=22.9s
epoch    7900  HO=0.0650  meanSteps=   129.0  copy=0.839  A(t)=982  sim=23.0s
epoch    7950  HO=0.0605  meanSteps=   129.0  copy=0.836  A(t)=985  sim=23.1s
epoch    8000  HO=0.0335  meanSteps=   128.9  copy=0.838  A(t)=987  sim=23.2s
epoch    8050  HO=0.0422  meanSteps=   128.8  copy=0.836  A(t)=995  sim=23.3s
epoch    8100  HO=0.0495  meanSteps=   129.0  copy=0.865  A(t)=1000  sim=23.4s
epoch    8150  HO=0.0956  meanSteps=   128.9  copy=0.880  A(t)=1008  sim=23.6s
epoch    8200  HO=0.1344  meanSteps=   128.6  copy=0.883  A(t)=1008  sim=23.7s
epoch    8250  HO=0.0923  meanSteps=   129.7  copy=0.887  A(t)=1008  sim=23.7s
epoch    8300  HO=0.0659  meanSteps=   134.5  copy=0.875  A(t)=1008  sim=23.8s
epoch    8350  HO=0.0770  meanSteps=   128.7  copy=0.847  A(t)=1016  sim=23.9s
epoch    8400  HO=0.0537  meanSteps=   128.8  copy=0.849  A(t)=1016  sim=24.0s
epoch    8450  HO=0.0706  meanSteps=   128.8  copy=0.852  A(t)=1016  sim=24.1s
epoch    8500  HO=0.0512  meanSteps=   128.8  copy=0.826  A(t)=1016  sim=24.2s
epoch    8550  HO=0.0192  meanSteps=   128.8  copy=0.830  A(t)=1016  sim=24.3s
epoch    8600  HO=-0.0083  meanSteps=   128.9  copy=0.822  A(t)=1016  sim=24.4s
epoch    8650  HO=-0.0171  meanSteps=   128.8  copy=0.834  A(t)=1016  sim=24.5s
epoch    8700  HO=0.0228  meanSteps=   128.7  copy=0.820  A(t)=1019  sim=24.6s
epoch    8750  HO=-0.0293  meanSteps=   128.8  copy=0.823  A(t)=1023  sim=24.7s
epoch    8800  HO=0.0002  meanSteps=   128.7  copy=0.814  A(t)=1028  sim=24.9s
epoch    8850  HO=0.0325  meanSteps=   128.8  copy=0.808  A(t)=1037  sim=25.0s
epoch    8900  HO=0.0595  meanSteps=   128.9  copy=0.805  A(t)=1053  sim=25.1s
epoch    8950  HO=0.0421  meanSteps=   128.9  copy=0.808  A(t)=1058  sim=25.3s
epoch    9000  HO=-0.0111  meanSteps=   128.8  copy=0.836  A(t)=1059  sim=25.4s
epoch    9050  HO=0.0370  meanSteps=   128.8  copy=0.858  A(t)=1059  sim=25.5s
epoch    9100  HO=0.0349  meanSteps=   128.8  copy=0.859  A(t)=1059  sim=25.7s
epoch    9150  HO=-0.0063  meanSteps=   128.6  copy=0.864  A(t)=1059  sim=25.8s
epoch    9200  HO=0.0449  meanSteps=   128.7  copy=0.879  A(t)=1061  sim=25.9s
epoch    9250  HO=0.0275  meanSteps=   128.7  copy=0.883  A(t)=1061  sim=26.1s
epoch    9300  HO=0.0285  meanSteps=   128.9  copy=0.890  A(t)=1061  sim=26.2s
epoch    9350  HO=-0.0104  meanSteps=   129.0  copy=0.868  A(t)=1061  sim=26.4s
epoch    9400  HO=0.0087  meanSteps=   128.9  copy=0.862  A(t)=1062  sim=26.5s
epoch    9450  HO=-0.0347  meanSteps=   128.9  copy=0.862  A(t)=1062  sim=26.6s
epoch    9500  HO=-0.0142  meanSteps=   128.7  copy=0.854  A(t)=1063  sim=26.8s
epoch    9550  HO=0.0281  meanSteps=   128.4  copy=0.846  A(t)=1063  sim=26.9s
epoch    9600  HO=0.0263  meanSteps=   128.5  copy=0.839  A(t)=1083  sim=27.0s
epoch    9650  HO=0.0757  meanSteps=   128.7  copy=0.846  A(t)=1085  sim=27.2s
epoch    9700  HO=0.1126  meanSteps=   128.8  copy=0.829  A(t)=1085  sim=27.3s
epoch    9750  HO=0.0721  meanSteps=   128.7  copy=0.845  A(t)=1097  sim=27.4s
epoch    9800  HO=0.0287  meanSteps=   128.7  copy=0.843  A(t)=1097  sim=27.6s
epoch    9850  HO=0.0055  meanSteps=   128.9  copy=0.838  A(t)=1103  sim=27.6s
epoch    9900  HO=0.0283  meanSteps=   129.0  copy=0.826  A(t)=1104  sim=27.7s
epoch    9950  HO=0.0205  meanSteps=   128.7  copy=0.832  A(t)=1104  sim=27.9s
epoch   10000  HO=0.0442  meanSteps=   132.8  copy=0.854  A(t)=1110  sim=27.9s
epoch   10050  HO=0.0141  meanSteps=   144.7  copy=0.857  A(t)=1110  sim=28.1s
epoch   10100  HO=0.0093  meanSteps=   148.3  copy=0.850  A(t)=1111  sim=28.2s
epoch   10150  HO=0.0287  meanSteps=   142.8  copy=0.838  A(t)=1120  sim=28.3s
epoch   10200  HO=0.0761  meanSteps=   144.1  copy=0.830  A(t)=1120  sim=28.4s
epoch   10250  HO=0.0810  meanSteps=   144.7  copy=0.836  A(t)=1122  sim=28.5s
epoch   10300  HO=0.0609  meanSteps=   147.2  copy=0.854  A(t)=1132  sim=28.6s
epoch   10350  HO=0.0609  meanSteps=   141.2  copy=0.868  A(t)=1134  sim=28.8s
epoch   10400  HO=0.0845  meanSteps=   145.5  copy=0.864  A(t)=1147  sim=28.9s
epoch   10450  HO=0.0291  meanSteps=   137.8  copy=0.858  A(t)=1158  sim=29.1s
epoch   10500  HO=0.0412  meanSteps=   128.8  copy=0.863  A(t)=1168  sim=29.2s
epoch   10550  HO=0.0235  meanSteps=   128.9  copy=0.857  A(t)=1171  sim=29.3s
epoch   10600  HO=0.0147  meanSteps=   128.8  copy=0.867  A(t)=1180  sim=29.5s
epoch   10650  HO=0.0320  meanSteps=   129.0  copy=0.861  A(t)=1180  sim=29.6s
epoch   10700  HO=0.0607  meanSteps=   128.9  copy=0.835  A(t)=1185  sim=29.7s
epoch   10750  HO=0.0328  meanSteps=   128.9  copy=0.842  A(t)=1185  sim=29.8s
epoch   10800  HO=0.0822  meanSteps=   128.9  copy=0.846  A(t)=1185  sim=29.8s
epoch   10850  HO=0.0380  meanSteps=   128.8  copy=0.848  A(t)=1185  sim=29.9s
epoch   10900  HO=0.0205  meanSteps=   128.5  copy=0.851  A(t)=1189  sim=30.0s
epoch   10950  HO=0.0247  meanSteps=   128.7  copy=0.841  A(t)=1190  sim=30.1s
epoch   11000  HO=0.0694  meanSteps=   128.9  copy=0.819  A(t)=1195  sim=30.2s
epoch   11050  HO=-0.0068  meanSteps=   134.8  copy=0.804  A(t)=1195  sim=30.4s
epoch   11100  HO=0.0579  meanSteps=   128.7  copy=0.812  A(t)=1205  sim=30.5s
epoch   11150  HO=0.0746  meanSteps=   128.8  copy=0.836  A(t)=1210  sim=30.6s
epoch   11200  HO=0.0640  meanSteps=   128.8  copy=0.848  A(t)=1215  sim=30.8s
epoch   11250  HO=0.0384  meanSteps=   128.9  copy=0.846  A(t)=1215  sim=30.8s
epoch   11300  HO=0.0187  meanSteps=   128.8  copy=0.856  A(t)=1223  sim=30.9s
epoch   11350  HO=0.0206  meanSteps=   128.6  copy=0.863  A(t)=1223  sim=31.1s
epoch   11400  HO=0.0561  meanSteps=   128.6  copy=0.871  A(t)=1223  sim=31.2s
epoch   11450  HO=0.0449  meanSteps=   128.9  copy=0.856  A(t)=1235  sim=31.3s
epoch   11500  HO=0.0632  meanSteps=   128.8  copy=0.838  A(t)=1244  sim=31.4s
epoch   11550  HO=0.0843  meanSteps=   128.9  copy=0.836  A(t)=1245  sim=31.5s
epoch   11600  HO=0.0719  meanSteps=   128.8  copy=0.846  A(t)=1256  sim=31.7s
epoch   11650  HO=0.0428  meanSteps=   128.7  copy=0.855  A(t)=1257  sim=31.8s
epoch   11700  HO=0.1322  meanSteps=   128.8  copy=0.853  A(t)=1258  sim=31.9s
epoch   11750  HO=0.0867  meanSteps=   128.8  copy=0.880  A(t)=1259  sim=32.1s
epoch   11800  HO=0.0979  meanSteps=   128.8  copy=0.888  A(t)=1259  sim=32.2s
epoch   11850  HO=0.1144  meanSteps=   128.6  copy=0.873  A(t)=1261  sim=32.2s
epoch   11900  HO=0.1325  meanSteps=   134.6  copy=0.870  A(t)=1262  sim=32.4s
epoch   11950  HO=0.1556  meanSteps=   138.9  copy=0.863  A(t)=1262  sim=32.4s
epoch   12000  HO=0.1130  meanSteps=   128.9  copy=0.844  A(t)=1262  sim=32.5s
epoch   12050  HO=0.1299  meanSteps=   128.7  copy=0.842  A(t)=1262  sim=32.7s
epoch   12100  HO=0.0256  meanSteps=   128.8  copy=0.868  A(t)=1262  sim=32.8s
epoch   12150  HO=0.0754  meanSteps=   128.9  copy=0.864  A(t)=1262  sim=32.9s
epoch   12200  HO=0.0528  meanSteps=   128.9  copy=0.861  A(t)=1262  sim=33.0s
epoch   12250  HO=0.0396  meanSteps=   128.9  copy=0.861  A(t)=1262  sim=33.1s
epoch   12300  HO=0.0726  meanSteps=   128.9  copy=0.852  A(t)=1262  sim=33.2s
epoch   12350  HO=0.0497  meanSteps=   129.0  copy=0.842  A(t)=1262  sim=33.3s
epoch   12400  HO=0.0111  meanSteps=   128.9  copy=0.862  A(t)=1262  sim=33.4s
epoch   12450  HO=0.0464  meanSteps=   129.0  copy=0.847  A(t)=1262  sim=33.5s
epoch   12500  HO=0.0679  meanSteps=   128.7  copy=0.858  A(t)=1262  sim=33.6s
epoch   12550  HO=0.0372  meanSteps=   128.9  copy=0.867  A(t)=1262  sim=33.8s
epoch   12600  HO=0.0706  meanSteps=   128.9  copy=0.880  A(t)=1262  sim=33.9s
epoch   12650  HO=0.1061  meanSteps=   129.5  copy=0.875  A(t)=1265  sim=34.1s
epoch   12700  HO=0.0093  meanSteps=   128.9  copy=0.897  A(t)=1266  sim=34.2s
epoch   12750  HO=0.0794  meanSteps=   128.9  copy=0.877  A(t)=1269  sim=34.3s
epoch   12800  HO=0.0203  meanSteps=   128.8  copy=0.878  A(t)=1269  sim=34.5s
epoch   12850  HO=0.0236  meanSteps=   128.8  copy=0.879  A(t)=1269  sim=34.6s
epoch   12900  HO=0.0127  meanSteps=   129.9  copy=0.860  A(t)=1269  sim=34.7s
epoch   12950  HO=0.0083  meanSteps=   131.5  copy=0.854  A(t)=1269  sim=34.9s
epoch   13000  HO=0.0343  meanSteps=   128.6  copy=0.847  A(t)=1269  sim=35.0s
epoch   13050  HO=0.0224  meanSteps=   128.6  copy=0.853  A(t)=1270  sim=35.1s
epoch   13100  HO=0.0076  meanSteps=   128.9  copy=0.869  A(t)=1270  sim=35.3s
epoch   13150  HO=0.0460  meanSteps=   128.9  copy=0.856  A(t)=1277  sim=35.4s
epoch   13200  HO=0.0655  meanSteps=   129.0  copy=0.858  A(t)=1277  sim=35.6s
epoch   13250  HO=0.0750  meanSteps=   128.9  copy=0.844  A(t)=1287  sim=35.6s
epoch   13300  HO=0.0492  meanSteps=   128.8  copy=0.830  A(t)=1287  sim=35.7s
epoch   13350  HO=0.0715  meanSteps=   128.8  copy=0.830  A(t)=1289  sim=35.8s
epoch   13400  HO=0.0962  meanSteps=   128.7  copy=0.838  A(t)=1290  sim=35.9s
epoch   13450  HO=0.0525  meanSteps=   130.3  copy=0.836  A(t)=1290  sim=36.0s
epoch   13500  HO=0.0635  meanSteps=   129.0  copy=0.843  A(t)=1297  sim=36.1s
epoch   13550  HO=0.0547  meanSteps=   128.6  copy=0.844  A(t)=1298  sim=36.3s
epoch   13600  HO=0.0301  meanSteps=   129.7  copy=0.851  A(t)=1301  sim=36.3s
epoch   13650  HO=0.0301  meanSteps=   128.8  copy=0.848  A(t)=1303  sim=36.5s
epoch   13700  HO=0.0480  meanSteps=   128.6  copy=0.848  A(t)=1305  sim=36.6s
epoch   13750  HO=0.0592  meanSteps=   129.2  copy=0.833  A(t)=1311  sim=36.7s
epoch   13800  HO=0.0298  meanSteps=   140.6  copy=0.842  A(t)=1315  sim=36.7s
epoch   13850  HO=0.0635  meanSteps=   128.7  copy=0.851  A(t)=1317  sim=36.8s
epoch   13900  HO=0.0583  meanSteps=   128.6  copy=0.868  A(t)=1325  sim=36.9s
epoch   13950  HO=0.1030  meanSteps=   128.6  copy=0.881  A(t)=1325  sim=37.0s
epoch   14000  HO=0.0764  meanSteps=   128.5  copy=0.880  A(t)=1333  sim=37.1s
epoch   14050  HO=0.0743  meanSteps=   128.5  copy=0.876  A(t)=1337  sim=37.1s
epoch   14100  HO=0.0981  meanSteps=   128.5  copy=0.867  A(t)=1337  sim=37.3s
epoch   14150  HO=0.1284  meanSteps=   128.5  copy=0.850  A(t)=1340  sim=37.3s
epoch   14200  HO=0.0955  meanSteps=   128.7  copy=0.853  A(t)=1340  sim=37.4s
epoch   14250  HO=0.0846  meanSteps=   128.6  copy=0.850  A(t)=1340  sim=37.5s
epoch   14300  HO=0.0801  meanSteps=   128.8  copy=0.834  A(t)=1345  sim=37.5s
epoch   14350  HO=0.0709  meanSteps=   128.8  copy=0.824  A(t)=1345  sim=37.6s
epoch   14400  HO=0.0879  meanSteps=   130.6  copy=0.835  A(t)=1347  sim=37.7s
epoch   14450  HO=0.0919  meanSteps=   128.9  copy=0.853  A(t)=1355  sim=37.8s
epoch   14500  HO=0.1011  meanSteps=   128.9  copy=0.851  A(t)=1355  sim=37.8s
epoch   14550  HO=0.0874  meanSteps=   129.0  copy=0.858  A(t)=1355  sim=37.9s
epoch   14600  HO=0.1112  meanSteps=   128.9  copy=0.857  A(t)=1355  sim=38.0s
epoch   14650  HO=0.0602  meanSteps=   128.9  copy=0.841  A(t)=1356  sim=38.0s
epoch   14700  HO=0.0860  meanSteps=   128.9  copy=0.834  A(t)=1360  sim=38.1s
epoch   14750  HO=0.0847  meanSteps=   128.8  copy=0.836  A(t)=1360  sim=38.2s
epoch   14800  HO=0.0753  meanSteps=   128.9  copy=0.850  A(t)=1372  sim=38.2s
epoch   14850  HO=0.0471  meanSteps=   128.9  copy=0.842  A(t)=1383  sim=38.3s
epoch   14900  HO=0.0171  meanSteps=   128.9  copy=0.843  A(t)=1383  sim=38.4s
epoch   14950  HO=0.0037  meanSteps=   128.9  copy=0.841  A(t)=1385  sim=38.4s
epoch   15000  HO=0.0011  meanSteps=   128.9  copy=0.829  A(t)=1388  sim=38.5s
epoch   15050  HO=-0.0054  meanSteps=   128.8  copy=0.823  A(t)=1389  sim=38.6s
epoch   15100  HO=-0.0517  meanSteps=   128.9  copy=0.821  A(t)=1389  sim=38.6s
epoch   15150  HO=-0.0069  meanSteps=   128.8  copy=0.835  A(t)=1392  sim=38.7s
epoch   15200  HO=-0.0035  meanSteps=   128.9  copy=0.854  A(t)=1403  sim=38.8s
epoch   15250  HO=0.0122  meanSteps=   128.9  copy=0.863  A(t)=1403  sim=38.8s
epoch   15300  HO=0.0306  meanSteps=   129.0  copy=0.862  A(t)=1403  sim=38.9s
epoch   15350  HO=0.0417  meanSteps=   129.0  copy=0.853  A(t)=1403  sim=39.0s
epoch   15400  HO=0.0503  meanSteps=   128.8  copy=0.863  A(t)=1403  sim=39.1s
epoch   15450  HO=0.0244  meanSteps=   128.9  copy=0.854  A(t)=1403  sim=39.1s
epoch   15500  HO=0.0812  meanSteps=   129.0  copy=0.842  A(t)=1405  sim=39.2s
epoch   15550  HO=0.1180  meanSteps=   128.8  copy=0.838  A(t)=1410  sim=39.3s
epoch   15600  HO=0.1168  meanSteps=   128.8  copy=0.843  A(t)=1410  sim=39.3s
epoch   15650  HO=0.0439  meanSteps=   128.8  copy=0.850  A(t)=1420  sim=39.4s
epoch   15700  HO=0.1083  meanSteps=   128.8  copy=0.859  A(t)=1427  sim=39.5s
epoch   15750  HO=0.0753  meanSteps=   139.4  copy=0.863  A(t)=1428  sim=39.5s
epoch   15800  HO=0.0672  meanSteps=   128.7  copy=0.878  A(t)=1428  sim=39.6s
epoch   15850  HO=0.0547  meanSteps=   129.0  copy=0.878  A(t)=1428  sim=39.7s
epoch   15900  HO=0.0578  meanSteps=   128.9  copy=0.880  A(t)=1430  sim=39.7s
epoch   15950  HO=-0.0005  meanSteps=   128.8  copy=0.885  A(t)=1430  sim=39.8s
epoch   16000  HO=0.0387  meanSteps=   128.8  copy=0.888  A(t)=1430  sim=39.9s
epoch   16050  HO=0.0433  meanSteps=   128.8  copy=0.878  A(t)=1438  sim=40.0s
epoch   16100  HO=0.0615  meanSteps=   128.7  copy=0.864  A(t)=1439  sim=40.0s
epoch   16150  HO=0.1416  meanSteps=   128.7  copy=0.869  A(t)=1439  sim=40.1s
epoch   16200  HO=0.0721  meanSteps=   129.0  copy=0.868  A(t)=1439  sim=40.2s
epoch   16250  HO=0.0820  meanSteps=   128.9  copy=0.867  A(t)=1439  sim=40.2s
epoch   16300  HO=0.0413  meanSteps=   128.9  copy=0.863  A(t)=1441  sim=40.3s
epoch   16350  HO=0.0734  meanSteps=   128.9  copy=0.837  A(t)=1446  sim=40.4s
epoch   16400  HO=0.0546  meanSteps=   128.9  copy=0.819  A(t)=1454  sim=40.4s
epoch   16450  HO=0.0910  meanSteps=   128.8  copy=0.817  A(t)=1456  sim=40.5s
epoch   16500  HO=0.0745  meanSteps=   128.9  copy=0.820  A(t)=1463  sim=40.6s
epoch   16550  HO=0.0712  meanSteps=   128.9  copy=0.817  A(t)=1465  sim=40.6s
epoch   16600  HO=0.0325  meanSteps=   128.7  copy=0.822  A(t)=1465  sim=40.7s
epoch   16650  HO=0.0378  meanSteps=   128.7  copy=0.848  A(t)=1465  sim=40.8s
epoch   16700  HO=0.0367  meanSteps=   128.7  copy=0.822  A(t)=1465  sim=40.8s
epoch   16750  HO=-0.0028  meanSteps=   128.8  copy=0.841  A(t)=1468  sim=40.9s
epoch   16800  HO=0.0638  meanSteps=   128.8  copy=0.852  A(t)=1469  sim=41.0s
epoch   16850  HO=0.0426  meanSteps=   128.8  copy=0.861  A(t)=1469  sim=41.0s
epoch   16900  HO=0.0404  meanSteps=   130.5  copy=0.858  A(t)=1472  sim=41.1s
epoch   16950  HO=0.0221  meanSteps=   128.8  copy=0.869  A(t)=1472  sim=41.2s
epoch   17000  HO=0.0545  meanSteps=   128.7  copy=0.848  A(t)=1472  sim=41.2s
epoch   17050  HO=0.0360  meanSteps=   128.5  copy=0.851  A(t)=1472  sim=41.3s
epoch   17100  HO=0.0371  meanSteps=   128.7  copy=0.864  A(t)=1472  sim=41.4s
epoch   17150  HO=0.0568  meanSteps=   128.8  copy=0.846  A(t)=1472  sim=41.5s
epoch   17200  HO=0.0661  meanSteps=   128.9  copy=0.868  A(t)=1478  sim=41.5s
epoch   17250  HO=0.0007  meanSteps=   129.2  copy=0.894  A(t)=1478  sim=41.6s
epoch   17300  HO=-0.0153  meanSteps=   129.0  copy=0.889  A(t)=1478  sim=41.7s
epoch   17350  HO=-0.0046  meanSteps=   128.9  copy=0.882  A(t)=1478  sim=41.7s
epoch   17400  HO=0.0135  meanSteps=   128.9  copy=0.864  A(t)=1479  sim=41.8s
epoch   17450  HO=0.1188  meanSteps=   128.7  copy=0.867  A(t)=1485  sim=41.9s
epoch   17500  HO=0.0507  meanSteps=   130.7  copy=0.851  A(t)=1489  sim=41.9s
epoch   17550  HO=0.0580  meanSteps=   128.4  copy=0.873  A(t)=1490  sim=42.0s
epoch   17600  HO=0.0105  meanSteps=   128.6  copy=0.873  A(t)=1490  sim=42.1s
epoch   17650  HO=0.0418  meanSteps=   128.9  copy=0.885  A(t)=1490  sim=42.1s
epoch   17700  HO=0.0611  meanSteps=   128.8  copy=0.880  A(t)=1490  sim=42.2s
epoch   17750  HO=0.0681  meanSteps=   129.0  copy=0.864  A(t)=1491  sim=42.3s
epoch   17800  HO=0.1079  meanSteps=   128.9  copy=0.862  A(t)=1494  sim=42.3s
epoch   17850  HO=0.1184  meanSteps=   128.9  copy=0.849  A(t)=1495  sim=42.4s
epoch   17900  HO=0.1300  meanSteps=   128.9  copy=0.847  A(t)=1495  sim=42.5s
epoch   17950  HO=0.1112  meanSteps=   132.9  copy=0.834  A(t)=1495  sim=42.6s
epoch   18000  HO=0.0783  meanSteps=   130.3  copy=0.839  A(t)=1495  sim=42.6s
epoch   18050  HO=0.1103  meanSteps=   128.7  copy=0.862  A(t)=1495  sim=42.7s
epoch   18100  HO=0.1022  meanSteps=   128.7  copy=0.871  A(t)=1495  sim=42.8s
epoch   18150  HO=0.0838  meanSteps=   128.7  copy=0.874  A(t)=1498  sim=42.8s
epoch   18200  HO=0.1260  meanSteps=   128.3  copy=0.884  A(t)=1499  sim=42.9s
epoch   18250  HO=0.1391  meanSteps=   128.8  copy=0.870  A(t)=1499  sim=43.0s
epoch   18300  HO=0.1113  meanSteps=   128.4  copy=0.864  A(t)=1499  sim=43.0s
epoch   18350  HO=0.1094  meanSteps=   128.4  copy=0.853  A(t)=1507  sim=43.1s
epoch   18400  HO=0.1058  meanSteps=   128.4  copy=0.847  A(t)=1507  sim=43.2s
epoch   18450  HO=0.1066  meanSteps=   128.7  copy=0.837  A(t)=1507  sim=43.2s
epoch   18500  HO=0.0639  meanSteps=   128.6  copy=0.842  A(t)=1527  sim=43.3s
epoch   18550  HO=0.0453  meanSteps=   128.4  copy=0.859  A(t)=1527  sim=43.4s
epoch   18600  HO=0.0456  meanSteps=   128.7  copy=0.863  A(t)=1527  sim=43.5s
epoch   18650  HO=0.0134  meanSteps=   128.8  copy=0.866  A(t)=1527  sim=43.5s
epoch   18700  HO=0.0012  meanSteps=   128.7  copy=0.857  A(t)=1527  sim=43.6s
epoch   18750  HO=0.0306  meanSteps=   128.8  copy=0.852  A(t)=1527  sim=43.7s
epoch   18800  HO=0.0391  meanSteps=   128.8  copy=0.835  A(t)=1531  sim=43.7s
epoch   18850  HO=0.0890  meanSteps=   128.6  copy=0.844  A(t)=1538  sim=43.8s
epoch   18900  HO=0.0257  meanSteps=   131.5  copy=0.840  A(t)=1538  sim=43.9s
epoch   18950  HO=0.0764  meanSteps=   132.8  copy=0.836  A(t)=1540  sim=44.0s
epoch   19000  HO=0.0461  meanSteps=   129.7  copy=0.844  A(t)=1545  sim=44.0s
epoch   19050  HO=0.0764  meanSteps=   129.0  copy=0.844  A(t)=1546  sim=44.1s
epoch   19100  HO=0.0625  meanSteps=   128.7  copy=0.845  A(t)=1550  sim=44.2s
epoch   19150  HO=0.0561  meanSteps=   128.7  copy=0.847  A(t)=1551  sim=44.2s
epoch   19200  HO=0.0437  meanSteps=   128.8  copy=0.858  A(t)=1551  sim=44.3s
epoch   19250  HO=0.0757  meanSteps=   128.6  copy=0.854  A(t)=1551  sim=44.4s
epoch   19300  HO=0.0706  meanSteps=   128.8  copy=0.840  A(t)=1552  sim=44.4s
epoch   19350  HO=0.0821  meanSteps=   128.8  copy=0.863  A(t)=1552  sim=44.5s
epoch   19400  HO=0.1309  meanSteps=   128.6  copy=0.873  A(t)=1557  sim=44.6s
epoch   19450  HO=0.0775  meanSteps=   128.7  copy=0.880  A(t)=1557  sim=44.6s
epoch   19500  HO=0.0669  meanSteps=   128.8  copy=0.871  A(t)=1557  sim=44.7s
epoch   19550  HO=0.0341  meanSteps=   128.9  copy=0.876  A(t)=1560  sim=44.8s
epoch   19600  HO=0.0293  meanSteps=   128.7  copy=0.875  A(t)=1560  sim=44.9s
epoch   19650  HO=0.0365  meanSteps=   128.7  copy=0.873  A(t)=1560  sim=44.9s
epoch   19700  HO=0.0296  meanSteps=   128.9  copy=0.866  A(t)=1560  sim=45.0s
epoch   19750  HO=0.0148  meanSteps=   128.8  copy=0.860  A(t)=1560  sim=45.1s
epoch   19800  HO=0.0858  meanSteps=   128.9  copy=0.855  A(t)=1560  sim=45.1s
epoch   19850  HO=0.1043  meanSteps=   129.0  copy=0.843  A(t)=1561  sim=45.2s
epoch   19900  HO=0.1559  meanSteps=   128.9  copy=0.839  A(t)=1571  sim=45.3s
epoch   19950  HO=0.1621  meanSteps=   128.8  copy=0.834  A(t)=1571  sim=45.3s
epoch   20000  HO=0.1308  meanSteps=   128.9  copy=0.845  A(t)=1573  sim=45.4s
epoch   20050  HO=0.1046  meanSteps=   128.8  copy=0.844  A(t)=1573  sim=45.5s
epoch   20100  HO=0.1041  meanSteps=   128.8  copy=0.868  A(t)=1573  sim=45.5s
epoch   20150  HO=0.0936  meanSteps=   128.7  copy=0.856  A(t)=1578  sim=45.6s
epoch   20200  HO=0.0739  meanSteps=   128.6  copy=0.829  A(t)=1579  sim=45.7s
epoch   20250  HO=0.0911  meanSteps=   128.5  copy=0.821  A(t)=1580  sim=45.7s
epoch   20300  HO=0.1103  meanSteps=   128.6  copy=0.822  A(t)=1580  sim=45.8s
epoch   20350  HO=0.1008  meanSteps=   128.7  copy=0.816  A(t)=1587  sim=45.9s
epoch   20400  HO=0.0277  meanSteps=   128.8  copy=0.818  A(t)=1595  sim=45.9s
epoch   20450  HO=0.0450  meanSteps=   128.7  copy=0.822  A(t)=1598  sim=46.0s
epoch   20500  HO=0.0681  meanSteps=   128.3  copy=0.802  A(t)=1598  sim=46.1s
epoch   20550  HO=0.0791  meanSteps=   137.3  copy=0.813  A(t)=1601  sim=46.1s
epoch   20600  HO=0.1277  meanSteps=   135.2  copy=0.824  A(t)=1609  sim=46.2s
epoch   20650  HO=0.0954  meanSteps=   128.8  copy=0.822  A(t)=1615  sim=46.3s
epoch   20700  HO=0.0793  meanSteps=   128.9  copy=0.830  A(t)=1616  sim=46.4s
epoch   20750  HO=0.0584  meanSteps=   128.9  copy=0.842  A(t)=1616  sim=46.4s
epoch   20800  HO=0.0127  meanSteps=   128.9  copy=0.858  A(t)=1616  sim=46.5s
epoch   20850  HO=-0.0120  meanSteps=   129.1  copy=0.864  A(t)=1616  sim=46.6s
epoch   20900  HO=0.0580  meanSteps=   128.8  copy=0.866  A(t)=1619  sim=46.6s
epoch   20950  HO=0.0256  meanSteps=   129.0  copy=0.866  A(t)=1619  sim=46.7s
epoch   21000  HO=0.0512  meanSteps=   128.9  copy=0.856  A(t)=1626  sim=46.8s
epoch   21050  HO=0.0667  meanSteps=   129.0  copy=0.836  A(t)=1630  sim=46.8s
epoch   21100  HO=0.0581  meanSteps=   128.9  copy=0.831  A(t)=1633  sim=46.9s
epoch   21150  HO=0.0954  meanSteps=   128.8  copy=0.829  A(t)=1633  sim=47.0s
epoch   21200  HO=0.0558  meanSteps=   128.8  copy=0.830  A(t)=1634  sim=47.0s
epoch   21250  HO=0.0464  meanSteps=   128.9  copy=0.826  A(t)=1637  sim=47.1s
epoch   21300  HO=0.0631  meanSteps=   128.8  copy=0.826  A(t)=1643  sim=47.2s
epoch   21350  HO=0.0833  meanSteps=   128.9  copy=0.842  A(t)=1646  sim=47.2s
epoch   21400  HO=0.0375  meanSteps=   128.7  copy=0.861  A(t)=1646  sim=47.3s
epoch   21450  HO=-0.0390  meanSteps=   128.7  copy=0.853  A(t)=1652  sim=47.4s
epoch   21500  HO=0.0305  meanSteps=   128.5  copy=0.846  A(t)=1652  sim=47.4s
epoch   21550  HO=0.0574  meanSteps=   128.6  copy=0.844  A(t)=1657  sim=47.5s
epoch   21600  HO=0.0534  meanSteps=   128.9  copy=0.838  A(t)=1657  sim=47.6s
epoch   21650  HO=0.0614  meanSteps=   128.9  copy=0.856  A(t)=1657  sim=47.7s
epoch   21700  HO=0.0543  meanSteps=   128.6  copy=0.852  A(t)=1657  sim=47.7s
epoch   21750  HO=0.0392  meanSteps=   128.7  copy=0.839  A(t)=1665  sim=47.8s
epoch   21800  HO=0.0134  meanSteps=   128.9  copy=0.837  A(t)=1671  sim=47.9s
epoch   21850  HO=0.0118  meanSteps=   128.9  copy=0.811  A(t)=1676  sim=47.9s
epoch   21900  HO=0.0077  meanSteps=   128.9  copy=0.823  A(t)=1677  sim=48.0s
epoch   21950  HO=-0.0094  meanSteps=   128.9  copy=0.842  A(t)=1679  sim=48.1s
epoch   22000  HO=0.0456  meanSteps=   129.0  copy=0.864  A(t)=1679  sim=48.1s
epoch   22050  HO=0.0529  meanSteps=   128.8  copy=0.855  A(t)=1688  sim=48.2s
epoch   22100  HO=0.0789  meanSteps=   128.9  copy=0.848  A(t)=1688  sim=48.3s
epoch   22150  HO=0.0321  meanSteps=   128.9  copy=0.854  A(t)=1690  sim=48.4s
epoch   22200  HO=-0.0020  meanSteps=   128.8  copy=0.848  A(t)=1696  sim=48.4s
epoch   22250  HO=0.0379  meanSteps=   128.7  copy=0.851  A(t)=1697  sim=48.5s
epoch   22300  HO=0.0274  meanSteps=   128.8  copy=0.845  A(t)=1703  sim=48.6s
epoch   22350  HO=0.0200  meanSteps=   128.4  copy=0.837  A(t)=1704  sim=48.6s
epoch   22400  HO=0.0708  meanSteps=   128.3  copy=0.836  A(t)=1705  sim=48.7s
epoch   22450  HO=0.0829  meanSteps=   128.4  copy=0.826  A(t)=1714  sim=48.8s
epoch   22500  HO=0.0492  meanSteps=   128.7  copy=0.821  A(t)=1715  sim=48.8s
epoch   22550  HO=0.0789  meanSteps=   128.5  copy=0.815  A(t)=1722  sim=48.9s
epoch   22600  HO=0.0404  meanSteps=   128.5  copy=0.800  A(t)=1722  sim=49.0s
epoch   22650  HO=0.1400  meanSteps=   128.5  copy=0.799  A(t)=1726  sim=49.0s
epoch   22700  HO=0.1108  meanSteps=   128.6  copy=0.798  A(t)=1730  sim=49.1s
epoch   22750  HO=0.1050  meanSteps=   128.6  copy=0.811  A(t)=1731  sim=49.2s
epoch   22800  HO=0.0810  meanSteps=   128.5  copy=0.802  A(t)=1731  sim=49.3s
epoch   22850  HO=0.0917  meanSteps=   128.7  copy=0.822  A(t)=1731  sim=49.3s
epoch   22900  HO=0.0833  meanSteps=   129.0  copy=0.839  A(t)=1732  sim=49.4s
epoch   22950  HO=0.0556  meanSteps=   129.0  copy=0.833  A(t)=1732  sim=49.5s
epoch   23000  HO=0.0611  meanSteps=   129.0  copy=0.826  A(t)=1741  sim=49.5s
epoch   23050  HO=0.0993  meanSteps=   128.9  copy=0.821  A(t)=1741  sim=49.6s
epoch   23100  HO=0.1174  meanSteps=   128.8  copy=0.809  A(t)=1741  sim=49.7s
epoch   23150  HO=0.1020  meanSteps=   128.9  copy=0.818  A(t)=1744  sim=49.7s
epoch   23200  HO=0.0851  meanSteps=   128.8  copy=0.815  A(t)=1756  sim=49.8s
epoch   23250  HO=0.0935  meanSteps=   128.9  copy=0.840  A(t)=1756  sim=49.9s
epoch   23300  HO=0.0825  meanSteps=   128.9  copy=0.842  A(t)=1756  sim=50.0s
epoch   23350  HO=0.0624  meanSteps=   128.9  copy=0.827  A(t)=1756  sim=50.0s
epoch   23400  HO=0.0412  meanSteps=   128.9  copy=0.819  A(t)=1756  sim=50.1s
epoch   23450  HO=0.0807  meanSteps=   128.8  copy=0.826  A(t)=1764  sim=50.2s
epoch   23500  HO=0.1311  meanSteps=   128.9  copy=0.828  A(t)=1765  sim=50.2s
epoch   23550  HO=0.0532  meanSteps=   128.8  copy=0.832  A(t)=1765  sim=50.3s
epoch   23600  HO=0.0435  meanSteps=   128.8  copy=0.832  A(t)=1765  sim=50.4s
epoch   23650  HO=0.1047  meanSteps=   129.0  copy=0.838  A(t)=1765  sim=50.4s
epoch   23700  HO=0.0732  meanSteps=   128.8  copy=0.833  A(t)=1774  sim=50.5s
epoch   23750  HO=0.0747  meanSteps=   128.8  copy=0.845  A(t)=1775  sim=50.6s
epoch   23800  HO=0.0736  meanSteps=   128.6  copy=0.836  A(t)=1776  sim=50.6s
epoch   23850  HO=0.0449  meanSteps=   128.9  copy=0.845  A(t)=1782  sim=50.7s
epoch   23900  HO=0.0751  meanSteps=   129.0  copy=0.840  A(t)=1786  sim=50.8s
epoch   23950  HO=0.0772  meanSteps=   128.8  copy=0.822  A(t)=1787  sim=50.8s
epoch   24000  HO=0.0750  meanSteps=   128.9  copy=0.822  A(t)=1787  sim=50.9s
epoch   24050  HO=0.1298  meanSteps=   128.9  copy=0.826  A(t)=1788  sim=51.0s
epoch   24100  HO=0.0873  meanSteps=   129.0  copy=0.823  A(t)=1788  sim=51.0s
epoch   24150  HO=0.1177  meanSteps=   128.9  copy=0.820  A(t)=1789  sim=51.1s
epoch   24200  HO=0.1010  meanSteps=   128.6  copy=0.813  A(t)=1789  sim=51.2s
epoch   24250  HO=0.0725  meanSteps=   128.7  copy=0.822  A(t)=1791  sim=51.2s
epoch   24300  HO=0.0845  meanSteps=   128.8  copy=0.828  A(t)=1791  sim=51.3s
epoch   24350  HO=0.1181  meanSteps=   134.7  copy=0.806  A(t)=1791  sim=51.4s
epoch   24400  HO=0.0735  meanSteps=   143.6  copy=0.811  A(t)=1793  sim=51.5s
epoch   24450  HO=0.1124  meanSteps=   130.8  copy=0.809  A(t)=1794  sim=51.5s
epoch   24500  HO=0.0960  meanSteps=   129.0  copy=0.810  A(t)=1795  sim=51.6s
epoch   24550  HO=0.0633  meanSteps=   143.5  copy=0.795  A(t)=1795  sim=51.7s
epoch   24600  HO=0.1073  meanSteps=   136.2  copy=0.801  A(t)=1797  sim=51.7s
epoch   24650  HO=0.0969  meanSteps=   128.6  copy=0.825  A(t)=1797  sim=51.8s
epoch   24700  HO=0.0646  meanSteps=   128.9  copy=0.827  A(t)=1797  sim=51.9s
epoch   24750  HO=0.0568  meanSteps=   128.9  copy=0.813  A(t)=1797  sim=51.9s
epoch   24800  HO=0.0405  meanSteps=   128.7  copy=0.813  A(t)=1797  sim=52.0s
epoch   24850  HO=0.0642  meanSteps=   128.8  copy=0.812  A(t)=1800  sim=52.1s
epoch   24900  HO=0.0711  meanSteps=   132.7  copy=0.829  A(t)=1802  sim=52.1s
epoch   24950  HO=0.0444  meanSteps=   143.4  copy=0.810  A(t)=1806  sim=52.2s
epoch   25000  HO=0.0136  meanSteps=   145.0  copy=0.813  A(t)=1806  sim=52.3s
epoch   25050  HO=0.0197  meanSteps=   144.8  copy=0.809  A(t)=1812  sim=52.4s
epoch   25100  HO=0.0247  meanSteps=   140.3  copy=0.811  A(t)=1813  sim=52.4s
epoch   25150  HO=0.0454  meanSteps=   128.6  copy=0.821  A(t)=1815  sim=52.5s
epoch   25200  HO=0.0778  meanSteps=   128.6  copy=0.850  A(t)=1816  sim=52.6s
epoch   25250  HO=0.1115  meanSteps=   128.5  copy=0.857  A(t)=1816  sim=52.6s
epoch   25300  HO=0.0358  meanSteps=   140.7  copy=0.838  A(t)=1816  sim=52.7s
epoch   25350  HO=0.0307  meanSteps=   140.3  copy=0.847  A(t)=1817  sim=52.8s
epoch   25400  HO=0.0362  meanSteps=   128.6  copy=0.856  A(t)=1817  sim=52.8s
epoch   25450  HO=0.0521  meanSteps=   128.8  copy=0.858  A(t)=1818  sim=52.9s
epoch   25500  HO=0.0189  meanSteps=   129.0  copy=0.850  A(t)=1818  sim=53.0s
epoch   25550  HO=0.0370  meanSteps=   132.1  copy=0.854  A(t)=1822  sim=53.0s
epoch   25600  HO=0.0715  meanSteps=   143.1  copy=0.859  A(t)=1823  sim=53.1s
epoch   25650  HO=0.0151  meanSteps=   145.7  copy=0.839  A(t)=1823  sim=53.2s
epoch   25700  HO=0.0086  meanSteps=   135.6  copy=0.844  A(t)=1823  sim=53.3s
epoch   25750  HO=0.0250  meanSteps=   128.5  copy=0.862  A(t)=1825  sim=53.3s
epoch   25800  HO=-0.0150  meanSteps=   128.6  copy=0.860  A(t)=1825  sim=53.4s
epoch   25850  HO=0.0492  meanSteps=   128.8  copy=0.863  A(t)=1829  sim=53.5s
epoch   25900  HO=-0.0046  meanSteps=   128.7  copy=0.850  A(t)=1830  sim=53.5s
epoch   25950  HO=-0.0021  meanSteps=   128.9  copy=0.857  A(t)=1830  sim=53.6s
epoch   26000  HO=-0.0353  meanSteps=   128.9  copy=0.869  A(t)=1838  sim=53.7s
epoch   26050  HO=-0.0009  meanSteps=   128.8  copy=0.839  A(t)=1838  sim=53.7s
epoch   26100  HO=0.0013  meanSteps=   129.7  copy=0.841  A(t)=1838  sim=53.8s
epoch   26150  HO=0.0173  meanSteps=   128.9  copy=0.849  A(t)=1838  sim=53.9s
epoch   26200  HO=0.0396  meanSteps=   128.8  copy=0.851  A(t)=1838  sim=54.0s
epoch   26250  HO=0.0131  meanSteps=   128.9  copy=0.863  A(t)=1838  sim=54.0s
epoch   26300  HO=-0.0199  meanSteps=   128.8  copy=0.876  A(t)=1838  sim=54.1s
epoch   26350  HO=0.0490  meanSteps=   128.9  copy=0.868  A(t)=1838  sim=54.2s
epoch   26400  HO=0.0253  meanSteps=   129.0  copy=0.841  A(t)=1838  sim=54.2s
epoch   26450  HO=0.0213  meanSteps=   128.9  copy=0.846  A(t)=1838  sim=54.3s
epoch   26500  HO=-0.0168  meanSteps=   128.7  copy=0.848  A(t)=1844  sim=54.4s
epoch   26550  HO=-0.0182  meanSteps=   128.5  copy=0.847  A(t)=1844  sim=54.4s
epoch   26600  HO=0.0375  meanSteps=   128.4  copy=0.843  A(t)=1845  sim=54.5s
epoch   26650  HO=0.0073  meanSteps=   128.3  copy=0.829  A(t)=1846  sim=54.6s
epoch   26700  HO=0.0162  meanSteps=   128.5  copy=0.855  A(t)=1846  sim=54.6s
epoch   26750  HO=0.0593  meanSteps=   128.8  copy=0.858  A(t)=1850  sim=54.7s
epoch   26800  HO=0.0833  meanSteps=   128.8  copy=0.858  A(t)=1850  sim=54.8s
epoch   26850  HO=0.0826  meanSteps=   133.6  copy=0.846  A(t)=1850  sim=54.8s
epoch   26900  HO=0.0674  meanSteps=   128.8  copy=0.823  A(t)=1852  sim=54.9s
epoch   26950  HO=0.0724  meanSteps=   128.8  copy=0.816  A(t)=1852  sim=55.0s
epoch   27000  HO=0.0698  meanSteps=   128.7  copy=0.811  A(t)=1852  sim=55.0s
epoch   27050  HO=0.0320  meanSteps=   128.8  copy=0.803  A(t)=1852  sim=55.1s
epoch   27100  HO=0.0161  meanSteps=   128.8  copy=0.818  A(t)=1852  sim=55.2s
epoch   27150  HO=0.0319  meanSteps=   128.9  copy=0.821  A(t)=1856  sim=55.3s
epoch   27200  HO=0.0745  meanSteps=   128.9  copy=0.845  A(t)=1856  sim=55.3s
epoch   27250  HO=-0.0187  meanSteps=   128.7  copy=0.839  A(t)=1856  sim=55.4s
epoch   27300  HO=0.0139  meanSteps=   128.8  copy=0.835  A(t)=1856  sim=55.5s
epoch   27350  HO=0.0358  meanSteps=   128.8  copy=0.844  A(t)=1856  sim=55.5s
epoch   27400  HO=0.0438  meanSteps=   128.7  copy=0.855  A(t)=1856  sim=55.6s
epoch   27450  HO=0.0439  meanSteps=   128.7  copy=0.861  A(t)=1856  sim=55.7s
epoch   27500  HO=0.0324  meanSteps=   128.9  copy=0.851  A(t)=1856  sim=55.7s
epoch   27550  HO=0.0188  meanSteps=   129.0  copy=0.836  A(t)=1856  sim=55.8s
epoch   27600  HO=-0.0096  meanSteps=   128.8  copy=0.824  A(t)=1860  sim=55.9s
epoch   27650  HO=0.0018  meanSteps=   128.7  copy=0.829  A(t)=1861  sim=55.9s
epoch   27700  HO=0.0618  meanSteps=   128.6  copy=0.820  A(t)=1861  sim=56.0s
epoch   27750  HO=-0.0325  meanSteps=   128.5  copy=0.821  A(t)=1861  sim=56.1s
epoch   27800  HO=0.0126  meanSteps=   128.7  copy=0.817  A(t)=1861  sim=56.1s
epoch   27850  HO=0.0478  meanSteps=   128.7  copy=0.822  A(t)=1861  sim=56.2s
epoch   27900  HO=0.0295  meanSteps=   128.8  copy=0.831  A(t)=1862  sim=56.3s
epoch   27950  HO=0.0203  meanSteps=   128.8  copy=0.814  A(t)=1864  sim=56.4s
epoch   28000  HO=0.0218  meanSteps=   128.7  copy=0.826  A(t)=1865  sim=56.4s
epoch   28050  HO=-0.0055  meanSteps=   128.5  copy=0.832  A(t)=1865  sim=56.5s
epoch   28100  HO=-0.0067  meanSteps=   128.5  copy=0.829  A(t)=1871  sim=56.6s
epoch   28150  HO=0.0391  meanSteps=   128.8  copy=0.838  A(t)=1877  sim=56.6s
epoch   28200  HO=0.0349  meanSteps=   128.9  copy=0.866  A(t)=1881  sim=56.7s
epoch   28250  HO=0.0369  meanSteps=   128.9  copy=0.886  A(t)=1881  sim=56.8s
epoch   28300  HO=-0.0058  meanSteps=   128.9  copy=0.885  A(t)=1881  sim=56.8s
epoch   28350  HO=0.0442  meanSteps=   128.9  copy=0.882  A(t)=1881  sim=56.9s
epoch   28400  HO=0.0856  meanSteps=   129.0  copy=0.881  A(t)=1881  sim=57.0s
epoch   28450  HO=0.0680  meanSteps=   128.8  copy=0.852  A(t)=1881  sim=57.0s
epoch   28500  HO=0.0839  meanSteps=   128.8  copy=0.835  A(t)=1881  sim=57.1s
epoch   28550  HO=0.0387  meanSteps=   128.7  copy=0.852  A(t)=1887  sim=57.2s
epoch   28600  HO=0.0201  meanSteps=   128.7  copy=0.844  A(t)=1887  sim=57.2s
epoch   28650  HO=0.0064  meanSteps=   128.7  copy=0.815  A(t)=1887  sim=57.3s
epoch   28700  HO=-0.0031  meanSteps=   128.8  copy=0.841  A(t)=1889  sim=57.4s
epoch   28750  HO=0.0085  meanSteps=   128.8  copy=0.849  A(t)=1889  sim=57.5s
epoch   28800  HO=0.0275  meanSteps=   128.9  copy=0.822  A(t)=1895  sim=57.5s
epoch   28850  HO=-0.0027  meanSteps=   129.0  copy=0.809  A(t)=1895  sim=57.6s
epoch   28900  HO=0.0197  meanSteps=   129.0  copy=0.794  A(t)=1903  sim=57.7s
epoch   28950  HO=0.0171  meanSteps=   128.9  copy=0.794  A(t)=1903  sim=57.8s
epoch   29000  HO=0.0329  meanSteps=   129.0  copy=0.820  A(t)=1903  sim=57.8s
epoch   29050  HO=0.0533  meanSteps=   128.9  copy=0.844  A(t)=1903  sim=57.9s
epoch   29100  HO=0.0408  meanSteps=   138.6  copy=0.828  A(t)=1904  sim=58.0s
epoch   29150  HO=0.0253  meanSteps=   132.3  copy=0.828  A(t)=1904  sim=58.0s
epoch   29200  HO=0.0596  meanSteps=   128.8  copy=0.848  A(t)=1904  sim=58.1s
epoch   29250  HO=0.0451  meanSteps=   128.8  copy=0.850  A(t)=1904  sim=58.2s
epoch   29300  HO=0.0561  meanSteps=   128.6  copy=0.858  A(t)=1904  sim=58.2s
epoch   29350  HO=0.1057  meanSteps=   128.8  copy=0.838  A(t)=1904  sim=58.3s
epoch   29400  HO=0.1325  meanSteps=   128.7  copy=0.819  A(t)=1912  sim=58.4s
epoch   29450  HO=0.0724  meanSteps=   128.5  copy=0.809  A(t)=1915  sim=58.4s
epoch   29500  HO=0.0532  meanSteps=   128.8  copy=0.798  A(t)=1915  sim=58.5s
epoch   29550  HO=0.0730  meanSteps=   128.7  copy=0.795  A(t)=1915  sim=58.6s
epoch   29600  HO=0.0597  meanSteps=   128.7  copy=0.802  A(t)=1918  sim=58.7s
epoch   29650  HO=0.0564  meanSteps=   128.9  copy=0.798  A(t)=1918  sim=58.7s
epoch   29700  HO=0.0316  meanSteps=   128.8  copy=0.802  A(t)=1918  sim=58.8s
epoch   29750  HO=0.0429  meanSteps=   128.7  copy=0.815  A(t)=1918  sim=58.9s
epoch   29800  HO=0.0753  meanSteps=   128.9  copy=0.807  A(t)=1918  sim=58.9s
epoch   29850  HO=0.0322  meanSteps=   140.2  copy=0.815  A(t)=1918  sim=59.0s
epoch   29900  HO=0.0742  meanSteps=   134.1  copy=0.823  A(t)=1918  sim=59.1s
epoch   29950  HO=0.0771  meanSteps=   128.7  copy=0.805  A(t)=1918  sim=59.1s
epoch   30000  HO=0.1011  meanSteps=   128.8  copy=0.809  A(t)=1918  sim=59.2s
epoch   30050  HO=0.0821  meanSteps=   128.8  copy=0.802  A(t)=1918  sim=59.3s
epoch   30100  HO=0.0804  meanSteps=   128.9  copy=0.794  A(t)=1918  sim=59.3s
epoch   30150  HO=0.0793  meanSteps=   128.7  copy=0.791  A(t)=1918  sim=59.4s
epoch   30200  HO=0.0728  meanSteps=   128.8  copy=0.805  A(t)=1918  sim=59.5s
epoch   30250  HO=0.0896  meanSteps=   128.7  copy=0.788  A(t)=1923  sim=59.6s
epoch   30300  HO=0.1213  meanSteps=   130.6  copy=0.801  A(t)=1923  sim=59.6s
epoch   30350  HO=0.1089  meanSteps=   128.7  copy=0.802  A(t)=1924  sim=59.7s
epoch   30400  HO=0.0539  meanSteps=   128.7  copy=0.801  A(t)=1927  sim=59.8s
epoch   30450  HO=0.1232  meanSteps=   129.3  copy=0.780  A(t)=1927  sim=59.8s
epoch   30500  HO=0.1157  meanSteps=   128.6  copy=0.782  A(t)=1927  sim=59.9s
epoch   30550  HO=0.1243  meanSteps=   128.5  copy=0.789  A(t)=1927  sim=60.0s
epoch   30600  HO=0.1079  meanSteps=   128.6  copy=0.804  A(t)=1927  sim=60.0s
epoch   30650  HO=0.0850  meanSteps=   128.7  copy=0.803  A(t)=1927  sim=60.1s
epoch   30700  HO=0.1073  meanSteps=   128.6  copy=0.785  A(t)=1930  sim=60.2s
epoch   30750  HO=0.1101  meanSteps=   128.4  copy=0.766  A(t)=1933  sim=60.2s
epoch   30800  HO=0.1090  meanSteps=   128.0  copy=0.781  A(t)=1934  sim=60.3s
epoch   30850  HO=0.0898  meanSteps=   140.1  copy=0.790  A(t)=1934  sim=60.4s
epoch   30900  HO=0.0833  meanSteps=   128.3  copy=0.783  A(t)=1934  sim=60.5s
epoch   30950  HO=0.0763  meanSteps=   128.3  copy=0.803  A(t)=1934  sim=60.5s
epoch   31000  HO=0.1014  meanSteps=   128.2  copy=0.808  A(t)=1934  sim=60.6s
epoch   31050  HO=0.0724  meanSteps=   128.3  copy=0.809  A(t)=1935  sim=60.7s
epoch   31100  HO=0.0509  meanSteps=   128.5  copy=0.823  A(t)=1935  sim=60.7s
epoch   31150  HO=0.0541  meanSteps=   128.4  copy=0.815  A(t)=1939  sim=60.8s
epoch   31200  HO=0.1032  meanSteps=   128.5  copy=0.816  A(t)=1939  sim=60.9s
epoch   31250  HO=0.0700  meanSteps=   128.7  copy=0.830  A(t)=1941  sim=60.9s
epoch   31300  HO=0.0494  meanSteps=   128.8  copy=0.847  A(t)=1942  sim=61.0s
epoch   31350  HO=0.0725  meanSteps=   129.0  copy=0.852  A(t)=1942  sim=61.1s
epoch   31400  HO=0.0416  meanSteps=   129.2  copy=0.846  A(t)=1942  sim=61.2s
epoch   31450  HO=0.0559  meanSteps=   129.0  copy=0.850  A(t)=1942  sim=61.2s
epoch   31500  HO=0.0673  meanSteps=   138.3  copy=0.829  A(t)=1942  sim=61.3s
epoch   31550  HO=0.1056  meanSteps=   146.1  copy=0.838  A(t)=1942  sim=61.4s
epoch   31600  HO=0.0662  meanSteps=   128.8  copy=0.832  A(t)=1945  sim=61.5s
epoch   31650  HO=0.0919  meanSteps=   128.7  copy=0.834  A(t)=1945  sim=61.5s
epoch   31700  HO=0.0759  meanSteps=   128.6  copy=0.840  A(t)=1945  sim=61.6s
epoch   31750  HO=0.0663  meanSteps=   128.5  copy=0.849  A(t)=1945  sim=61.7s
epoch   31800  HO=0.0495  meanSteps=   128.5  copy=0.851  A(t)=1946  sim=61.7s
epoch   31850  HO=0.0598  meanSteps=   128.5  copy=0.846  A(t)=1946  sim=61.8s
epoch   31900  HO=0.0308  meanSteps=   128.7  copy=0.835  A(t)=1946  sim=61.9s
epoch   31950  HO=0.0370  meanSteps=   128.8  copy=0.836  A(t)=1948  sim=61.9s
epoch   32000  HO=0.0447  meanSteps=   128.9  copy=0.837  A(t)=1951  sim=62.0s
epoch   32050  HO=0.1023  meanSteps=   128.9  copy=0.832  A(t)=1951  sim=62.1s
epoch   32100  HO=0.0746  meanSteps=   128.9  copy=0.829  A(t)=1951  sim=62.1s
epoch   32150  HO=0.0398  meanSteps=   129.0  copy=0.847  A(t)=1953  sim=62.2s
epoch   32200  HO=0.0287  meanSteps=   128.9  copy=0.833  A(t)=1959  sim=62.3s
epoch   32250  HO=0.0569  meanSteps=   129.0  copy=0.834  A(t)=1959  sim=62.3s
epoch   32300  HO=0.0658  meanSteps=   129.0  copy=0.843  A(t)=1959  sim=62.4s
epoch   32350  HO=0.0587  meanSteps=   128.8  copy=0.847  A(t)=1959  sim=62.5s
epoch   32400  HO=0.0062  meanSteps=   128.7  copy=0.856  A(t)=1959  sim=62.5s
epoch   32450  HO=-0.0080  meanSteps=   128.7  copy=0.855  A(t)=1959  sim=62.6s
epoch   32500  HO=0.0055  meanSteps=   128.7  copy=0.840  A(t)=1961  sim=62.7s
epoch   32550  HO=0.0726  meanSteps=   128.7  copy=0.830  A(t)=1961  sim=62.7s
epoch   32600  HO=0.0830  meanSteps=   128.7  copy=0.824  A(t)=1961  sim=62.8s
epoch   32650  HO=0.0563  meanSteps=   128.6  copy=0.817  A(t)=1966  sim=62.9s
epoch   32700  HO=0.0371  meanSteps=   128.8  copy=0.812  A(t)=1974  sim=62.9s
epoch   32750  HO=0.0550  meanSteps=   128.8  copy=0.840  A(t)=1974  sim=63.0s
epoch   32800  HO=0.0694  meanSteps=   128.7  copy=0.846  A(t)=1974  sim=63.1s
epoch   32850  HO=0.0907  meanSteps=   128.8  copy=0.846  A(t)=1974  sim=63.2s
epoch   32900  HO=0.0571  meanSteps=   128.7  copy=0.850  A(t)=1985  sim=63.2s
epoch   32950  HO=0.0524  meanSteps=   128.9  copy=0.869  A(t)=1985  sim=63.3s
epoch   33000  HO=0.0489  meanSteps=   129.0  copy=0.883  A(t)=1985  sim=63.4s
epoch   33050  HO=0.0876  meanSteps=   128.9  copy=0.907  A(t)=1985  sim=63.5s
epoch   33100  HO=0.0031  meanSteps=   129.2  copy=0.914  A(t)=1985  sim=63.5s
epoch   33150  HO=0.0569  meanSteps=   128.8  copy=0.879  A(t)=1985  sim=63.6s
epoch   33200  HO=0.0475  meanSteps=   128.8  copy=0.869  A(t)=1985  sim=63.7s
epoch   33250  HO=0.0651  meanSteps=   129.0  copy=0.848  A(t)=1985  sim=63.7s
epoch   33300  HO=0.0436  meanSteps=   128.9  copy=0.852  A(t)=1993  sim=63.8s
epoch   33350  HO=0.0622  meanSteps=   128.9  copy=0.869  A(t)=1993  sim=63.9s
epoch   33400  HO=0.0307  meanSteps=   128.9  copy=0.850  A(t)=1993  sim=63.9s
epoch   33450  HO=0.0203  meanSteps=   128.9  copy=0.850  A(t)=1993  sim=64.0s
epoch   33500  HO=0.0559  meanSteps=   128.8  copy=0.842  A(t)=1993  sim=64.1s
epoch   33550  HO=0.0324  meanSteps=   128.8  copy=0.851  A(t)=1994  sim=64.1s
epoch   33600  HO=0.0666  meanSteps=   128.8  copy=0.862  A(t)=1994  sim=64.2s
epoch   33650  HO=0.0447  meanSteps=   128.7  copy=0.854  A(t)=1994  sim=64.3s
epoch   33700  HO=0.0875  meanSteps=   128.5  copy=0.832  A(t)=1996  sim=64.3s
epoch   33750  HO=0.0357  meanSteps=   128.8  copy=0.818  A(t)=1996  sim=64.4s
epoch   33800  HO=0.0544  meanSteps=   128.7  copy=0.821  A(t)=1996  sim=64.5s
epoch   33850  HO=0.0443  meanSteps=   128.6  copy=0.825  A(t)=1996  sim=64.5s
epoch   33900  HO=0.0515  meanSteps=   128.6  copy=0.825  A(t)=1998  sim=64.6s
epoch   33950  HO=0.0896  meanSteps=   128.8  copy=0.829  A(t)=1999  sim=64.7s
epoch   34000  HO=0.0621  meanSteps=   128.4  copy=0.800  A(t)=2005  sim=64.8s
epoch   34050  HO=0.0939  meanSteps=   128.3  copy=0.804  A(t)=2005  sim=64.8s
epoch   34100  HO=0.0982  meanSteps=   128.6  copy=0.824  A(t)=2005  sim=64.9s
epoch   34150  HO=0.1062  meanSteps=   128.7  copy=0.823  A(t)=2005  sim=65.0s
epoch   34200  HO=0.0436  meanSteps=   128.5  copy=0.829  A(t)=2006  sim=65.0s
epoch   34250  HO=0.0979  meanSteps=   128.6  copy=0.846  A(t)=2006  sim=65.1s
epoch   34300  HO=0.0449  meanSteps=   128.7  copy=0.858  A(t)=2007  sim=65.2s
epoch   34350  HO=0.0147  meanSteps=   128.5  copy=0.874  A(t)=2007  sim=65.2s
epoch   34400  HO=0.0174  meanSteps=   128.7  copy=0.877  A(t)=2007  sim=65.3s
epoch   34450  HO=-0.0024  meanSteps=   129.0  copy=0.860  A(t)=2007  sim=65.4s
epoch   34500  HO=0.0141  meanSteps=   129.0  copy=0.864  A(t)=2007  sim=65.5s
epoch   34550  HO=-0.0394  meanSteps=   128.9  copy=0.868  A(t)=2007  sim=65.5s
epoch   34600  HO=0.0060  meanSteps=   128.7  copy=0.847  A(t)=2008  sim=65.6s
epoch   34650  HO=-0.0190  meanSteps=   128.8  copy=0.842  A(t)=2008  sim=65.7s
epoch   34700  HO=0.0073  meanSteps=   128.7  copy=0.837  A(t)=2008  sim=65.7s
epoch   34750  HO=-0.0005  meanSteps=   129.0  copy=0.844  A(t)=2008  sim=65.8s
epoch   34800  HO=0.0307  meanSteps=   128.9  copy=0.843  A(t)=2010  sim=65.9s
epoch   34850  HO=0.0377  meanSteps=   128.8  copy=0.836  A(t)=2010  sim=65.9s
epoch   34900  HO=0.0512  meanSteps=   128.9  copy=0.851  A(t)=2010  sim=66.0s
epoch   34950  HO=0.0442  meanSteps=   129.0  copy=0.832  A(t)=2010  sim=66.1s
epoch   35000  HO=0.0526  meanSteps=   128.9  copy=0.843  A(t)=2010  sim=66.1s
epoch   35050  HO=0.0430  meanSteps=   128.8  copy=0.850  A(t)=2017  sim=66.2s
epoch   35100  HO=0.0736  meanSteps=   128.9  copy=0.869  A(t)=2017  sim=66.3s
epoch   35150  HO=0.1361  meanSteps=   128.6  copy=0.856  A(t)=2019  sim=66.3s
epoch   35200  HO=0.1215  meanSteps=   128.6  copy=0.857  A(t)=2019  sim=66.4s
epoch   35250  HO=0.1332  meanSteps=   128.6  copy=0.844  A(t)=2020  sim=66.5s
epoch   35300  HO=0.1304  meanSteps=   128.6  copy=0.849  A(t)=2022  sim=66.6s
epoch   35350  HO=0.1061  meanSteps=   128.8  copy=0.851  A(t)=2022  sim=66.6s
epoch   35400  HO=0.0871  meanSteps=   128.8  copy=0.842  A(t)=2023  sim=66.7s
epoch   35450  HO=0.1166  meanSteps=   128.8  copy=0.829  A(t)=2023  sim=66.8s
epoch   35500  HO=0.0769  meanSteps=   128.7  copy=0.829  A(t)=2023  sim=66.8s
epoch   35550  HO=0.0462  meanSteps=   128.6  copy=0.835  A(t)=2023  sim=66.9s
epoch   35600  HO=0.0544  meanSteps=   128.7  copy=0.833  A(t)=2023  sim=67.0s
epoch   35650  HO=0.0722  meanSteps=   128.8  copy=0.830  A(t)=2023  sim=67.0s
epoch   35700  HO=0.0333  meanSteps=   128.8  copy=0.840  A(t)=2027  sim=67.1s
epoch   35750  HO=0.0840  meanSteps=   128.7  copy=0.853  A(t)=2027  sim=67.2s
epoch   35800  HO=0.0696  meanSteps=   128.7  copy=0.839  A(t)=2027  sim=67.2s
epoch   35850  HO=0.0030  meanSteps=   128.6  copy=0.845  A(t)=2027  sim=67.3s
epoch   35900  HO=0.0538  meanSteps=   131.7  copy=0.829  A(t)=2030  sim=67.4s
epoch   35950  HO=0.0847  meanSteps=   128.9  copy=0.834  A(t)=2030  sim=67.5s
epoch   36000  HO=0.0620  meanSteps=   128.8  copy=0.838  A(t)=2034  sim=67.5s
epoch   36050  HO=0.0349  meanSteps=   128.6  copy=0.842  A(t)=2034  sim=67.6s
epoch   36100  HO=0.0336  meanSteps=   128.6  copy=0.853  A(t)=2034  sim=67.7s
epoch   36150  HO=0.0238  meanSteps=   128.7  copy=0.854  A(t)=2038  sim=67.7s
epoch   36200  HO=0.0558  meanSteps=   128.9  copy=0.861  A(t)=2038  sim=67.8s
epoch   36250  HO=0.0843  meanSteps=   129.0  copy=0.869  A(t)=2038  sim=67.9s
epoch   36300  HO=0.1023  meanSteps=   128.8  copy=0.843  A(t)=2043  sim=68.0s
epoch   36350  HO=0.0800  meanSteps=   128.8  copy=0.833  A(t)=2043  sim=68.0s
epoch   36400  HO=0.0200  meanSteps=   129.0  copy=0.850  A(t)=2047  sim=68.1s
epoch   36450  HO=0.0246  meanSteps=   129.0  copy=0.854  A(t)=2048  sim=68.2s
epoch   36500  HO=0.0388  meanSteps=   129.0  copy=0.860  A(t)=2048  sim=68.2s
epoch   36550  HO=0.0548  meanSteps=   129.0  copy=0.860  A(t)=2048  sim=68.3s
epoch   36600  HO=0.0642  meanSteps=   128.9  copy=0.847  A(t)=2048  sim=68.4s
epoch   36650  HO=0.0749  meanSteps=   128.9  copy=0.856  A(t)=2048  sim=68.4s
epoch   36700  HO=0.0448  meanSteps=   128.8  copy=0.885  A(t)=2048  sim=68.5s
epoch   36750  HO=0.0316  meanSteps=   128.8  copy=0.870  A(t)=2049  sim=68.6s
epoch   36800  HO=0.0758  meanSteps=   136.8  copy=0.850  A(t)=2049  sim=68.6s
epoch   36850  HO=0.0420  meanSteps=   129.3  copy=0.855  A(t)=2049  sim=68.7s
epoch   36900  HO=0.0137  meanSteps=   128.8  copy=0.849  A(t)=2049  sim=68.8s
epoch   36950  HO=0.0474  meanSteps=   128.7  copy=0.846  A(t)=2049  sim=68.8s
epoch   37000  HO=0.0034  meanSteps=   128.7  copy=0.847  A(t)=2049  sim=68.9s
epoch   37050  HO=0.0015  meanSteps=   128.6  copy=0.846  A(t)=2049  sim=69.0s
epoch   37100  HO=0.0130  meanSteps=   128.4  copy=0.854  A(t)=2049  sim=69.1s
epoch   37150  HO=0.0584  meanSteps=   128.7  copy=0.838  A(t)=2053  sim=69.1s
epoch   37200  HO=0.0187  meanSteps=   128.8  copy=0.832  A(t)=2055  sim=69.2s
epoch   37250  HO=0.0139  meanSteps=   128.7  copy=0.826  A(t)=2055  sim=69.3s
epoch   37300  HO=0.0833  meanSteps=   128.5  copy=0.822  A(t)=2055  sim=69.3s
epoch   37350  HO=0.0576  meanSteps=   128.6  copy=0.822  A(t)=2056  sim=69.4s
epoch   37400  HO=0.0168  meanSteps=   128.8  copy=0.848  A(t)=2057  sim=69.5s
epoch   37450  HO=0.0233  meanSteps=   129.3  copy=0.851  A(t)=2058  sim=69.5s
epoch   37500  HO=0.0576  meanSteps=   128.8  copy=0.841  A(t)=2058  sim=69.6s
epoch   37550  HO=0.0755  meanSteps=   128.6  copy=0.857  A(t)=2058  sim=69.7s
epoch   37600  HO=0.0969  meanSteps=   128.7  copy=0.872  A(t)=2060  sim=69.8s
epoch   37650  HO=0.0872  meanSteps=   128.7  copy=0.849  A(t)=2060  sim=69.8s
epoch   37700  HO=0.0522  meanSteps=   128.8  copy=0.836  A(t)=2060  sim=69.9s
epoch   37750  HO=-0.0192  meanSteps=   129.0  copy=0.827  A(t)=2060  sim=70.0s
epoch   37800  HO=-0.0125  meanSteps=   128.8  copy=0.813  A(t)=2060  sim=70.0s
epoch   37850  HO=-0.0142  meanSteps=   128.8  copy=0.830  A(t)=2060  sim=70.1s
epoch   37900  HO=0.0398  meanSteps=   128.7  copy=0.847  A(t)=2060  sim=70.2s
epoch   37950  HO=0.0345  meanSteps=   128.6  copy=0.853  A(t)=2060  sim=70.2s
epoch   38000  HO=-0.0075  meanSteps=   131.5  copy=0.853  A(t)=2062  sim=70.3s
epoch   38050  HO=0.0056  meanSteps=   131.7  copy=0.839  A(t)=2064  sim=70.4s
epoch   38100  HO=0.0053  meanSteps=   132.3  copy=0.819  A(t)=2066  sim=70.5s
epoch   38150  HO=-0.0251  meanSteps=   130.9  copy=0.828  A(t)=2066  sim=70.5s
epoch   38200  HO=0.0562  meanSteps=   128.7  copy=0.842  A(t)=2066  sim=70.6s
epoch   38250  HO=0.0395  meanSteps=   128.7  copy=0.837  A(t)=2066  sim=70.7s
epoch   38300  HO=0.0582  meanSteps=   129.0  copy=0.841  A(t)=2066  sim=70.7s
epoch   38350  HO=0.0239  meanSteps=   132.7  copy=0.824  A(t)=2066  sim=70.8s
epoch   38400  HO=0.0459  meanSteps=   129.0  copy=0.802  A(t)=2066  sim=70.9s
epoch   38450  HO=0.0433  meanSteps=   129.0  copy=0.811  A(t)=2071  sim=70.9s
epoch   38500  HO=0.0239  meanSteps=   128.9  copy=0.821  A(t)=2072  sim=71.0s
epoch   38550  HO=0.0741  meanSteps=   128.9  copy=0.830  A(t)=2075  sim=71.1s
epoch   38600  HO=0.0537  meanSteps=   128.9  copy=0.826  A(t)=2081  sim=71.2s
epoch   38650  HO=0.1159  meanSteps=   128.9  copy=0.821  A(t)=2081  sim=71.2s
epoch   38700  HO=0.0805  meanSteps=   128.8  copy=0.831  A(t)=2081  sim=71.3s
epoch   38750  HO=0.0965  meanSteps=   128.7  copy=0.827  A(t)=2082  sim=71.4s
epoch   38800  HO=0.1189  meanSteps=   128.8  copy=0.827  A(t)=2082  sim=71.4s
epoch   38850  HO=0.1059  meanSteps=   128.7  copy=0.815  A(t)=2082  sim=71.5s
epoch   38900  HO=0.0953  meanSteps=   128.7  copy=0.842  A(t)=2082  sim=71.6s
epoch   38950  HO=0.0793  meanSteps=   129.0  copy=0.867  A(t)=2082  sim=71.6s
epoch   39000  HO=0.1093  meanSteps=   135.7  copy=0.870  A(t)=2082  sim=71.7s
epoch   39050  HO=0.1478  meanSteps=   128.6  copy=0.871  A(t)=2082  sim=71.8s
epoch   39100  HO=0.1170  meanSteps=   128.6  copy=0.856  A(t)=2082  sim=71.8s
epoch   39150  HO=0.1164  meanSteps=   131.6  copy=0.854  A(t)=2082  sim=71.9s
epoch   39200  HO=0.0921  meanSteps=   132.3  copy=0.841  A(t)=2082  sim=72.0s
epoch   39250  HO=0.1475  meanSteps=   131.0  copy=0.831  A(t)=2090  sim=72.1s
epoch   39300  HO=0.1690  meanSteps=   128.6  copy=0.851  A(t)=2090  sim=72.2s
epoch   39350  HO=0.1184  meanSteps=   129.0  copy=0.845  A(t)=2090  sim=72.2s
epoch   39400  HO=0.0642  meanSteps=   129.0  copy=0.848  A(t)=2090  sim=72.3s
epoch   39450  HO=0.0594  meanSteps=   129.0  copy=0.843  A(t)=2090  sim=72.4s
epoch   39500  HO=0.0261  meanSteps=   128.8  copy=0.844  A(t)=2090  sim=72.4s
epoch   39550  HO=0.0275  meanSteps=   128.6  copy=0.861  A(t)=2090  sim=72.5s
epoch   39600  HO=0.0164  meanSteps=   128.9  copy=0.845  A(t)=2091  sim=72.6s
epoch   39650  HO=0.0312  meanSteps=   128.7  copy=0.820  A(t)=2091  sim=72.6s
epoch   39700  HO=0.0249  meanSteps=   128.8  copy=0.835  A(t)=2091  sim=72.7s
epoch   39750  HO=0.0467  meanSteps=   128.8  copy=0.812  A(t)=2091  sim=72.8s
epoch   39800  HO=0.0550  meanSteps=   128.8  copy=0.796  A(t)=2092  sim=72.8s
epoch   39850  HO=0.0583  meanSteps=   128.6  copy=0.791  A(t)=2095  sim=72.9s
epoch   39900  HO=0.0732  meanSteps=   128.7  copy=0.799  A(t)=2095  sim=73.0s
epoch   39950  HO=0.1230  meanSteps=   128.5  copy=0.806  A(t)=2099  sim=73.0s
epoch   40000  HO=0.0645  meanSteps=   128.8  copy=0.816  A(t)=2100  sim=73.1s
epoch   40050  HO=0.1142  meanSteps=   128.8  copy=0.820  A(t)=2103  sim=73.2s
epoch   40100  HO=0.1546  meanSteps=   128.9  copy=0.824  A(t)=2105  sim=73.2s
epoch   40150  HO=0.1185  meanSteps=   128.9  copy=0.825  A(t)=2105  sim=73.3s
epoch   40200  HO=0.0879  meanSteps=   128.9  copy=0.837  A(t)=2105  sim=73.4s
epoch   40250  HO=0.1233  meanSteps=   128.7  copy=0.833  A(t)=2105  sim=73.5s
epoch   40300  HO=0.0905  meanSteps=   128.6  copy=0.826  A(t)=2106  sim=73.5s
epoch   40350  HO=0.1515  meanSteps=   128.7  copy=0.825  A(t)=2106  sim=73.6s
epoch   40400  HO=0.1045  meanSteps=   128.6  copy=0.816  A(t)=2106  sim=73.7s
epoch   40450  HO=0.0614  meanSteps=   128.6  copy=0.798  A(t)=2107  sim=73.7s
epoch   40500  HO=0.0754  meanSteps=   128.7  copy=0.813  A(t)=2107  sim=73.8s
epoch   40550  HO=0.0985  meanSteps=   128.4  copy=0.820  A(t)=2107  sim=73.9s
epoch   40600  HO=0.1035  meanSteps=   128.4  copy=0.814  A(t)=2107  sim=73.9s
epoch   40650  HO=0.0837  meanSteps=   128.4  copy=0.803  A(t)=2107  sim=74.0s
epoch   40700  HO=0.0443  meanSteps=   128.5  copy=0.796  A(t)=2107  sim=74.1s
epoch   40750  HO=0.0449  meanSteps=   128.5  copy=0.801  A(t)=2110  sim=74.1s
epoch   40800  HO=0.0759  meanSteps=   128.3  copy=0.804  A(t)=2110  sim=74.2s
epoch   40850  HO=0.0485  meanSteps=   128.4  copy=0.805  A(t)=2116  sim=74.3s
epoch   40900  HO=0.0762  meanSteps=   128.7  copy=0.821  A(t)=2116  sim=74.3s
epoch   40950  HO=0.0829  meanSteps=   128.8  copy=0.815  A(t)=2116  sim=74.4s
epoch   41000  HO=0.0523  meanSteps=   129.4  copy=0.828  A(t)=2120  sim=74.5s
epoch   41050  HO=0.0383  meanSteps=   132.7  copy=0.812  A(t)=2120  sim=74.5s
epoch   41100  HO=0.0476  meanSteps=   128.9  copy=0.825  A(t)=2120  sim=74.6s
epoch   41150  HO=0.0406  meanSteps=   128.6  copy=0.833  A(t)=2120  sim=74.7s
epoch   41200  HO=0.0471  meanSteps=   128.7  copy=0.837  A(t)=2120  sim=74.7s
epoch   41250  HO=0.0392  meanSteps=   129.0  copy=0.803  A(t)=2120  sim=74.8s
epoch   41300  HO=0.0339  meanSteps=   128.9  copy=0.788  A(t)=2121  sim=74.9s
epoch   41350  HO=0.0416  meanSteps=   128.7  copy=0.802  A(t)=2121  sim=75.0s
epoch   41400  HO=0.0813  meanSteps=   128.6  copy=0.802  A(t)=2123  sim=75.0s
epoch   41450  HO=0.0697  meanSteps=   128.9  copy=0.785  A(t)=2124  sim=75.1s
epoch   41500  HO=0.0753  meanSteps=   128.5  copy=0.787  A(t)=2127  sim=75.2s
epoch   41550  HO=0.0340  meanSteps=   128.4  copy=0.778  A(t)=2128  sim=75.2s
epoch   41600  HO=0.0071  meanSteps=   128.6  copy=0.772  A(t)=2128  sim=75.3s
epoch   41650  HO=0.0160  meanSteps=   128.6  copy=0.785  A(t)=2128  sim=75.4s
epoch   41700  HO=0.0188  meanSteps=   128.7  copy=0.793  A(t)=2131  sim=75.4s
epoch   41750  HO=0.0707  meanSteps=   128.4  copy=0.784  A(t)=2131  sim=75.5s
epoch   41800  HO=0.0168  meanSteps=   128.5  copy=0.777  A(t)=2131  sim=75.6s
epoch   41850  HO=0.0504  meanSteps=   128.5  copy=0.784  A(t)=2131  sim=75.6s
epoch   41900  HO=0.0758  meanSteps=   128.7  copy=0.792  A(t)=2131  sim=75.7s
epoch   41950  HO=0.0597  meanSteps=   128.9  copy=0.803  A(t)=2131  sim=75.8s
epoch   42000  HO=0.0536  meanSteps=   132.4  copy=0.802  A(t)=2132  sim=75.8s
epoch   42050  HO=0.0527  meanSteps=   140.7  copy=0.817  A(t)=2133  sim=75.9s
epoch   42100  HO=0.0355  meanSteps=   128.7  copy=0.820  A(t)=2133  sim=76.0s
epoch   42150  HO=0.0676  meanSteps=   128.6  copy=0.820  A(t)=2133  sim=76.0s
epoch   42200  HO=0.0517  meanSteps=   128.7  copy=0.832  A(t)=2133  sim=76.1s
epoch   42250  HO=0.0432  meanSteps=   128.8  copy=0.825  A(t)=2134  sim=76.2s
epoch   42300  HO=0.0264  meanSteps=   128.9  copy=0.857  A(t)=2134  sim=76.2s
epoch   42350  HO=0.0050  meanSteps=   129.0  copy=0.850  A(t)=2136  sim=76.3s
epoch   42400  HO=0.0032  meanSteps=   129.0  copy=0.846  A(t)=2138  sim=76.4s
epoch   42450  HO=0.0465  meanSteps=   128.8  copy=0.858  A(t)=2139  sim=76.5s
epoch   42500  HO=0.0198  meanSteps=   128.5  copy=0.860  A(t)=2139  sim=76.5s
epoch   42550  HO=0.0119  meanSteps=   128.4  copy=0.849  A(t)=2139  sim=76.6s
epoch   42600  HO=0.0536  meanSteps=   128.6  copy=0.864  A(t)=2140  sim=76.7s
epoch   42650  HO=0.0428  meanSteps=   128.8  copy=0.850  A(t)=2140  sim=76.7s
epoch   42700  HO=0.0549  meanSteps=   128.8  copy=0.852  A(t)=2140  sim=76.8s
epoch   42750  HO=0.0598  meanSteps=   128.9  copy=0.844  A(t)=2140  sim=76.9s
epoch   42800  HO=0.0792  meanSteps=   128.8  copy=0.844  A(t)=2140  sim=76.9s
epoch   42850  HO=0.0651  meanSteps=   128.9  copy=0.835  A(t)=2140  sim=77.0s
epoch   42900  HO=0.0677  meanSteps=   128.8  copy=0.845  A(t)=2146  sim=77.1s
epoch   42950  HO=0.0696  meanSteps=   129.9  copy=0.838  A(t)=2151  sim=77.1s
epoch   43000  HO=0.0765  meanSteps=   128.7  copy=0.850  A(t)=2152  sim=77.2s
epoch   43050  HO=0.0935  meanSteps=   128.7  copy=0.844  A(t)=2154  sim=77.3s
epoch   43100  HO=0.1084  meanSteps=   128.7  copy=0.857  A(t)=2156  sim=77.3s
epoch   43150  HO=0.0648  meanSteps=   129.6  copy=0.838  A(t)=2156  sim=77.4s
epoch   43200  HO=0.0835  meanSteps=   146.9  copy=0.841  A(t)=2156  sim=77.5s
epoch   43250  HO=0.0398  meanSteps=   146.9  copy=0.838  A(t)=2156  sim=77.6s
epoch   43300  HO=0.0622  meanSteps=   144.0  copy=0.846  A(t)=2156  sim=77.6s
epoch   43350  HO=0.0824  meanSteps=   129.1  copy=0.868  A(t)=2156  sim=77.7s
epoch   43400  HO=0.0435  meanSteps=   128.8  copy=0.871  A(t)=2156  sim=77.8s
epoch   43450  HO=0.0625  meanSteps=   128.8  copy=0.879  A(t)=2156  sim=77.8s
epoch   43500  HO=0.0133  meanSteps=   128.8  copy=0.886  A(t)=2156  sim=77.9s
epoch   43550  HO=0.0625  meanSteps=   128.8  copy=0.874  A(t)=2156  sim=78.0s
epoch   43600  HO=0.0674  meanSteps=   128.7  copy=0.869  A(t)=2156  sim=78.0s
epoch   43650  HO=0.1000  meanSteps=   128.6  copy=0.862  A(t)=2156  sim=78.1s
epoch   43700  HO=0.0875  meanSteps=   128.5  copy=0.857  A(t)=2156  sim=78.2s
epoch   43750  HO=0.0775  meanSteps=   128.5  copy=0.839  A(t)=2156  sim=78.2s
epoch   43800  HO=0.0925  meanSteps=   128.5  copy=0.834  A(t)=2156  sim=78.3s
epoch   43850  HO=0.0735  meanSteps=   128.9  copy=0.842  A(t)=2156  sim=78.4s
epoch   43900  HO=0.1152  meanSteps=   128.8  copy=0.854  A(t)=2157  sim=78.4s
epoch   43950  HO=0.0579  meanSteps=   128.9  copy=0.841  A(t)=2157  sim=78.5s
epoch   44000  HO=0.1003  meanSteps=   128.8  copy=0.839  A(t)=2157  sim=78.6s
epoch   44050  HO=0.0895  meanSteps=   128.7  copy=0.819  A(t)=2157  sim=78.7s
epoch   44100  HO=0.0979  meanSteps=   128.8  copy=0.833  A(t)=2157  sim=78.7s
epoch   44150  HO=0.0507  meanSteps=   128.8  copy=0.826  A(t)=2158  sim=78.8s
epoch   44200  HO=0.0694  meanSteps=   128.6  copy=0.832  A(t)=2158  sim=78.9s
epoch   44250  HO=0.0528  meanSteps=   129.0  copy=0.841  A(t)=2158  sim=78.9s
epoch   44300  HO=0.0676  meanSteps=   129.0  copy=0.851  A(t)=2158  sim=79.0s
epoch   44350  HO=0.0233  meanSteps=   129.0  copy=0.854  A(t)=2161  sim=79.1s
epoch   44400  HO=0.0523  meanSteps=   128.9  copy=0.856  A(t)=2161  sim=79.1s
epoch   44450  HO=0.0786  meanSteps=   129.0  copy=0.841  A(t)=2161  sim=79.2s
epoch   44500  HO=0.0738  meanSteps=   129.0  copy=0.842  A(t)=2163  sim=79.3s
epoch   44550  HO=0.0942  meanSteps=   128.8  copy=0.824  A(t)=2165  sim=79.3s
epoch   44600  HO=0.0956  meanSteps=   128.6  copy=0.806  A(t)=2165  sim=79.4s
epoch   44650  HO=0.0499  meanSteps=   128.8  copy=0.822  A(t)=2166  sim=79.5s
epoch   44700  HO=0.0527  meanSteps=   128.9  copy=0.827  A(t)=2166  sim=79.5s
epoch   44750  HO=0.0165  meanSteps=   128.8  copy=0.819  A(t)=2166  sim=79.6s
epoch   44800  HO=0.0599  meanSteps=   128.6  copy=0.838  A(t)=2167  sim=79.7s
epoch   44850  HO=0.0385  meanSteps=   136.4  copy=0.845  A(t)=2167  sim=79.7s
epoch   44900  HO=0.0070  meanSteps=   134.4  copy=0.865  A(t)=2167  sim=79.8s
epoch   44950  HO=0.0499  meanSteps=   128.6  copy=0.871  A(t)=2168  sim=79.9s
epoch   45000  HO=0.0338  meanSteps=   128.8  copy=0.869  A(t)=2168  sim=79.9s
epoch   45050  HO=0.0069  meanSteps=   128.9  copy=0.874  A(t)=2173  sim=80.0s
epoch   45100  HO=0.0180  meanSteps=   128.7  copy=0.851  A(t)=2175  sim=80.1s
epoch   45150  HO=0.0531  meanSteps=   128.9  copy=0.852  A(t)=2179  sim=80.1s
epoch   45200  HO=0.0372  meanSteps=   128.7  copy=0.831  A(t)=2181  sim=80.2s
epoch   45250  HO=0.0625  meanSteps=   128.5  copy=0.827  A(t)=2181  sim=80.3s
epoch   45300  HO=0.0696  meanSteps=   129.0  copy=0.830  A(t)=2182  sim=80.3s
epoch   45350  HO=0.0783  meanSteps=   128.9  copy=0.840  A(t)=2182  sim=80.4s
epoch   45400  HO=0.0756  meanSteps=   128.9  copy=0.854  A(t)=2182  sim=80.5s
epoch   45450  HO=0.1061  meanSteps=   129.0  copy=0.852  A(t)=2183  sim=80.6s
epoch   45500  HO=0.0502  meanSteps=   128.8  copy=0.841  A(t)=2184  sim=80.6s
epoch   45550  HO=0.0669  meanSteps=   128.9  copy=0.834  A(t)=2184  sim=80.7s
epoch   45600  HO=0.0343  meanSteps=   131.5  copy=0.835  A(t)=2184  sim=80.8s
epoch   45650  HO=0.0251  meanSteps=   128.6  copy=0.833  A(t)=2184  sim=80.8s
epoch   45700  HO=0.0128  meanSteps=   128.8  copy=0.825  A(t)=2184  sim=80.9s
epoch   45750  HO=0.0145  meanSteps=   128.8  copy=0.844  A(t)=2184  sim=81.0s
epoch   45800  HO=-0.0007  meanSteps=   128.8  copy=0.867  A(t)=2184  sim=81.0s
epoch   45850  HO=0.0033  meanSteps=   128.7  copy=0.868  A(t)=2184  sim=81.1s
epoch   45900  HO=0.0171  meanSteps=   128.7  copy=0.861  A(t)=2188  sim=81.2s
epoch   45950  HO=0.0202  meanSteps=   128.8  copy=0.869  A(t)=2188  sim=81.2s
epoch   46000  HO=0.0462  meanSteps=   128.8  copy=0.867  A(t)=2188  sim=81.3s
epoch   46050  HO=0.0478  meanSteps=   128.8  copy=0.862  A(t)=2188  sim=81.4s
epoch   46100  HO=0.0588  meanSteps=   128.9  copy=0.857  A(t)=2188  sim=81.4s
epoch   46150  HO=0.0674  meanSteps=   129.0  copy=0.854  A(t)=2188  sim=81.5s
epoch   46200  HO=0.0642  meanSteps=   128.9  copy=0.874  A(t)=2188  sim=81.6s
epoch   46250  HO=0.0803  meanSteps=   128.8  copy=0.871  A(t)=2188  sim=81.6s
epoch   46300  HO=0.0315  meanSteps=   129.0  copy=0.874  A(t)=2188  sim=81.7s
epoch   46350  HO=0.0279  meanSteps=   128.9  copy=0.857  A(t)=2188  sim=81.8s
epoch   46400  HO=0.0379  meanSteps=   128.8  copy=0.856  A(t)=2188  sim=81.8s
epoch   46450  HO=0.0240  meanSteps=   128.8  copy=0.839  A(t)=2188  sim=81.9s
epoch   46500  HO=0.0694  meanSteps=   128.9  copy=0.848  A(t)=2188  sim=82.0s
epoch   46550  HO=0.0385  meanSteps=   128.9  copy=0.871  A(t)=2188  sim=82.0s
epoch   46600  HO=0.0807  meanSteps=   129.0  copy=0.869  A(t)=2188  sim=82.1s
epoch   46650  HO=0.0893  meanSteps=   128.8  copy=0.876  A(t)=2192  sim=82.2s
epoch   46700  HO=0.1021  meanSteps=   128.8  copy=0.869  A(t)=2192  sim=82.3s
epoch   46750  HO=0.0595  meanSteps=   128.8  copy=0.841  A(t)=2192  sim=82.3s
epoch   46800  HO=0.0748  meanSteps=   128.9  copy=0.837  A(t)=2192  sim=82.4s
epoch   46850  HO=0.0285  meanSteps=   128.8  copy=0.838  A(t)=2192  sim=82.5s
epoch   46900  HO=0.0926  meanSteps=   128.8  copy=0.833  A(t)=2192  sim=82.5s
epoch   46950  HO=0.1073  meanSteps=   128.8  copy=0.840  A(t)=2192  sim=82.6s
epoch   47000  HO=0.0430  meanSteps=   128.8  copy=0.831  A(t)=2192  sim=82.7s
epoch   47050  HO=0.0569  meanSteps=   128.8  copy=0.832  A(t)=2192  sim=82.7s
epoch   47100  HO=0.1088  meanSteps=   128.9  copy=0.809  A(t)=2192  sim=82.8s
epoch   47150  HO=0.0524  meanSteps=   128.7  copy=0.826  A(t)=2194  sim=82.9s
epoch   47200  HO=0.0555  meanSteps=   129.0  copy=0.850  A(t)=2194  sim=82.9s
epoch   47250  HO=0.0316  meanSteps=   128.9  copy=0.851  A(t)=2194  sim=83.0s
epoch   47300  HO=0.0272  meanSteps=   128.8  copy=0.850  A(t)=2194  sim=83.1s
epoch   47350  HO=0.0700  meanSteps=   128.9  copy=0.859  A(t)=2197  sim=83.1s
epoch   47400  HO=0.0672  meanSteps=   128.9  copy=0.855  A(t)=2197  sim=83.2s
epoch   47450  HO=0.0455  meanSteps=   128.8  copy=0.866  A(t)=2197  sim=83.3s
epoch   47500  HO=0.0008  meanSteps=   128.9  copy=0.873  A(t)=2197  sim=83.3s
epoch   47550  HO=0.0767  meanSteps=   128.9  copy=0.857  A(t)=2197  sim=83.4s
epoch   47600  HO=0.0354  meanSteps=   132.0  copy=0.858  A(t)=2199  sim=83.5s
epoch   47650  HO=0.0822  meanSteps=   128.6  copy=0.847  A(t)=2199  sim=83.5s
epoch   47700  HO=0.1161  meanSteps=   128.7  copy=0.848  A(t)=2200  sim=83.6s
epoch   47750  HO=0.0260  meanSteps=   128.8  copy=0.863  A(t)=2206  sim=83.7s
epoch   47800  HO=0.0264  meanSteps=   128.8  copy=0.852  A(t)=2206  sim=83.8s
epoch   47850  HO=-0.0130  meanSteps=   128.8  copy=0.850  A(t)=2206  sim=83.8s
epoch   47900  HO=0.0320  meanSteps=   128.8  copy=0.838  A(t)=2206  sim=83.9s
epoch   47950  HO=0.0798  meanSteps=   128.9  copy=0.847  A(t)=2206  sim=84.0s
epoch   48000  HO=0.0778  meanSteps=   128.8  copy=0.863  A(t)=2206  sim=84.0s
epoch   48050  HO=0.0625  meanSteps=   128.8  copy=0.863  A(t)=2206  sim=84.1s
epoch   48100  HO=0.0848  meanSteps=   128.9  copy=0.861  A(t)=2207  sim=84.2s
epoch   48150  HO=0.0585  meanSteps=   134.1  copy=0.845  A(t)=2207  sim=84.2s
epoch   48200  HO=0.0605  meanSteps=   133.0  copy=0.861  A(t)=2207  sim=84.3s
epoch   48250  HO=0.0980  meanSteps=   129.0  copy=0.845  A(t)=2207  sim=84.4s
epoch   48300  HO=0.1078  meanSteps=   129.2  copy=0.848  A(t)=2212  sim=84.4s
epoch   48350  HO=0.0461  meanSteps=   128.8  copy=0.853  A(t)=2212  sim=84.5s
epoch   48400  HO=0.0929  meanSteps=   128.6  copy=0.856  A(t)=2213  sim=84.6s
epoch   48450  HO=0.0342  meanSteps=   128.8  copy=0.862  A(t)=2213  sim=84.6s
epoch   48500  HO=0.0809  meanSteps=   128.7  copy=0.846  A(t)=2213  sim=84.7s
epoch   48550  HO=0.0360  meanSteps=   128.6  copy=0.845  A(t)=2213  sim=84.8s
epoch   48600  HO=0.0355  meanSteps=   132.5  copy=0.850  A(t)=2213  sim=84.8s
epoch   48650  HO=0.0263  meanSteps=   129.0  copy=0.835  A(t)=2213  sim=84.9s
epoch   48700  HO=0.0403  meanSteps=   129.0  copy=0.840  A(t)=2213  sim=85.0s
epoch   48750  HO=0.0429  meanSteps=   134.0  copy=0.850  A(t)=2213  sim=85.1s
epoch   48800  HO=0.0347  meanSteps=   144.3  copy=0.822  A(t)=2213  sim=85.1s
epoch   48850  HO=0.0868  meanSteps=   143.8  copy=0.824  A(t)=2213  sim=85.2s
epoch   48900  HO=0.1160  meanSteps=   144.4  copy=0.852  A(t)=2213  sim=85.3s
epoch   48950  HO=0.0877  meanSteps=   133.2  copy=0.869  A(t)=2213  sim=85.4s
epoch   49000  HO=0.0847  meanSteps=   129.0  copy=0.876  A(t)=2213  sim=85.4s
epoch   49050  HO=0.0553  meanSteps=   129.0  copy=0.894  A(t)=2213  sim=85.5s
epoch   49100  HO=0.0705  meanSteps=   128.8  copy=0.884  A(t)=2213  sim=85.6s
epoch   49150  HO=0.0405  meanSteps=   128.8  copy=0.871  A(t)=2213  sim=85.6s
epoch   49200  HO=0.0150  meanSteps=   141.9  copy=0.862  A(t)=2213  sim=85.7s
epoch   49250  HO=0.0019  meanSteps=   132.2  copy=0.864  A(t)=2213  sim=85.8s
epoch   49300  HO=-0.0129  meanSteps=   128.8  copy=0.866  A(t)=2213  sim=85.8s
epoch   49350  HO=-0.0230  meanSteps=   128.9  copy=0.871  A(t)=2213  sim=85.9s
epoch   49400  HO=0.0481  meanSteps=   128.9  copy=0.874  A(t)=2213  sim=86.0s
epoch   49450  HO=0.0176  meanSteps=   128.7  copy=0.857  A(t)=2214  sim=86.0s
epoch   49500  HO=0.0703  meanSteps=   128.8  copy=0.846  A(t)=2214  sim=86.1s
epoch   49550  HO=0.0835  meanSteps=   128.8  copy=0.833  A(t)=2215  sim=86.2s
epoch   49600  HO=0.0861  meanSteps=   128.7  copy=0.822  A(t)=2217  sim=86.2s
epoch   49650  HO=0.1168  meanSteps=   143.0  copy=0.817  A(t)=2217  sim=86.3s
epoch   49700  HO=0.1060  meanSteps=   146.2  copy=0.819  A(t)=2219  sim=86.4s
epoch   49750  HO=0.0743  meanSteps=   147.7  copy=0.838  A(t)=2225  sim=86.5s
epoch   49800  HO=0.1125  meanSteps=   143.3  copy=0.833  A(t)=2232  sim=86.5s
epoch   49850  HO=0.0809  meanSteps=   142.1  copy=0.817  A(t)=2232  sim=86.6s
epoch   49900  HO=0.0471  meanSteps=   144.2  copy=0.813  A(t)=2233  sim=86.7s
epoch   49950  HO=0.0992  meanSteps=   130.3  copy=0.831  A(t)=2233  sim=86.7s
epoch   50000  HO=0.0447  meanSteps=   128.8  copy=0.839  A(t)=2233  sim=86.8s
done: 50000 epochs in 148.7s wall (86.8s simulating), runs/ring_s3
