# epoch 0  H=7.9999 C=8.0025 HO=-0.0001  A(t)=0
         1  ....$.Z....m.Y._  fffff1bb24d75afc9c16a06d1859ff5f
         1  ...nu..I..N.....  ffffcb6e75adcd498eda4eb4ecef81a1
         1  .........|T2rm.&  ffffb687cfec9ce4a57c5432726dd526
         1  ....d.7.(.A.w..n  ffffb40364ac3701280a41b677ecd56e
         1  ..............c_  ffffb2fe1bc1fad009b1d7be09a3635f
         1  ......m..0..j...  ffffb0d2a7116df78d30f9896aa5a113
         1  .....i.#..v..K@.  ffffa7a31b69aa23e18d76b1914b409a
         1  ......N-....Ka..  ffffa2efaa2e4e2dceba11e44b61f1f0
         1  ......17.6I_....  ffff99ff8b1f313704364920e5a39fd5
         1  ...y.ef.(...".ml  ffff81792e65662e28b30e8522aa6d6c
# epoch 250  H=7.9871 C=7.8753 HO=0.0850  A(t)=0
       360  ]]]]]]]]]]]]]]]]  5d5d5d5d5d5d5d5d5d5d5d5d5d5d5d5d
       228  ,,,,,,,,,,,,,,,,  2c2c2c2c2c2c2c2c2c2c2c2c2c2c2c2c
       223  [[[[[[[[[[[[[[[[  5b5b5b5b5b5b5b5b5b5b5b5b5b5b5b5b
        85  ................  d1d1d1d1d1d1d1d1d1d1d1d1d1d1d1d1
        83  ................  c5c5c5c5c5c5c5c5c5c5c5c5c5c5c5c5
        81  ................  eeeeeeeeeeeeeeeeeeeeeeeeeeeeeeee
        77  }}}}}}}}}}}}}}}}  7d7d7d7d7d7d7d7d7d7d7d7d7d7d7d7d
        69  {{{{{{{{{{{{{{{{  7b7b7b7b7b7b7b7b7b7b7b7b7b7b7b7b
        68  5555555555555555  35353535353535353535353535353535
        66  ````````````````  60606060606060606060606060606060
# epoch 500  H=7.9640 C=7.8367 HO=0.0752  A(t)=0
       371  ]]]]]]]]]]]]]]]]  5d5d5d5d5d5d5d5d5d5d5d5d5d5d5d5d
       360  [[[[[[[[[[[[[[[[  5b5b5b5b5b5b5b5b5b5b5b5b5b5b5b5b
       270  ,,,,,,,,,,,,,,,,  2c2c2c2c2c2c2c2c2c2c2c2c2c2c2c2c
       196  ................  2e2e2e2e2e2e2e2e2e2e2e2e2e2e2e2e
        77  ................  cfcfcfcfcfcfcfcfcfcfcfcfcfcfcfcf
        74  ................  dededededededededededededededede
        72  ................  9f9f9f9f9f9f9f9f9f9f9f9f9f9f9f9f
        71  ................  c7c7c7c7c7c7c7c7c7c7c7c7c7c7c7c7
        71  ................  82828282828282828282828282828282
        70  ................  16161616161616161616161616161616
# epoch 750  H=7.9349 C=7.7895 HO=0.0863  A(t)=0
       342  ,,,,,,,,,,,,,,,,  2c2c2c2c2c2c2c2c2c2c2c2c2c2c2c2c
       322  ]]]]]]]]]]]]]]]]  5d5d5d5d5d5d5d5d5d5d5d5d5d5d5d5d
       262  [[[[[[[[[[[[[[[[  5b5b5b5b5b5b5b5b5b5b5b5b5b5b5b5b
       111  ||||||||||||||||  7c7c7c7c7c7c7c7c7c7c7c7c7c7c7c7c
        90  ................  2e2e2e2e2e2e2e2e2e2e2e2e2e2e2e2e
        89  ................  83838383838383838383838383838383
        87  ................  b5b5b5b5b5b5b5b5b5b5b5b5b5b5b5b5
        84  ................  8a8a8a8a8a8a8a8a8a8a8a8a8a8a8a8a
        82  ................  cdcdcdcdcdcdcdcdcdcdcdcdcdcdcdcd
        82  """"""""""""""""  22222222222222222222222222222222
# epoch 1000  H=7.9110 C=7.7429 HO=0.1048  A(t)=0
       390  ,,,,,,,,,,,,,,,,  2c2c2c2c2c2c2c2c2c2c2c2c2c2c2c2c
       293  [[[[[[[[[[[[[[[[  5b5b5b5b5b5b5b5b5b5b5b5b5b5b5b5b
       187  eeeeeeeeeeeeeeee  65656565656565656565656565656565
       162  ]]]]]]]]]]]]]]]]  5d5d5d5d5d5d5d5d5d5d5d5d5d5d5d5d
       132  ................  2e2e2e2e2e2e2e2e2e2e2e2e2e2e2e2e
        94  ;;;;;;;;;;;;;;;;  3b3b3b3b3b3b3b3b3b3b3b3b3b3b3b3b
        89  LLLLLLLLLLLLLLLL  4c4c4c4c4c4c4c4c4c4c4c4c4c4c4c4c
        86  ................  96969696969696969696969696969696
        79  hhhhhhhhhhhhhhhh  68686868686868686868686868686868
        73  ................  13131313131313131313131313131313
# epoch 1250  H=7.8884 C=7.6893 HO=0.1315  A(t)=179
       694  ,,,,,,,,,,,,,,,,  2c2c2c2c2c2c2c2c2c2c2c2c2c2c2c2c
       506  [[[[[[[[[[[[[[[[  5b5b5b5b5b5b5b5b5b5b5b5b5b5b5b5b
       389  ]]]]]]]]]]]]]]]]  5d5d5d5d5d5d5d5d5d5d5d5d5d5d5d5d
       219  ................  2e2e2e2e2e2e2e2e2e2e2e2e2e2e2e2e
       150  \\\\\\\\\\\\\\\\  5c5c5c5c5c5c5c5c5c5c5c5c5c5c5c5c
       119  mmmmmmmmmmmmmmmm  6d6d6d6d6d6d6d6d6d6d6d6d6d6d6d6d
       119  ................  03030303030303030303030303030303
       119  ................  01010101010101010101010101010101
       110  ................  02020202020202020202020202020202
       105  ||||||||||||||||  7c7c7c7c7c7c7c7c7c7c7c7c7c7c7c7c
# epoch 1500  H=7.8754 C=7.6843 HO=0.1203  A(t)=197
       564  ,,,,,,,,,,,,,,,,  2c2c2c2c2c2c2c2c2c2c2c2c2c2c2c2c
       505  [[[[[[[[[[[[[[[[  5b5b5b5b5b5b5b5b5b5b5b5b5b5b5b5b
       250  ]]]]]]]]]]]]]]]]  5d5d5d5d5d5d5d5d5d5d5d5d5d5d5d5d
       231  ................  2e2e2e2e2e2e2e2e2e2e2e2e2e2e2e2e
       172  \\\\\\\\\\\\\\\\  5c5c5c5c5c5c5c5c5c5c5c5c5c5c5c5c
       108  ................  abababababababababababababababab
       103  ................  c1c1c1c1c1c1c1c1c1c1c1c1c1c1c1c1
        79  OOOOOOOOOOOOOOOO  4f4f4f4f4f4f4f4f4f4f4f4f4f4f4f4f
        78  %%%%%%%%%%%%%%%%  25252525252525252525252525252525
        74  ................  d9d9d9d9d9d9d9d9d9d9d9d9d9d9d9d9
# epoch 1750  H=7.8659 C=7.6658 HO=0.1341  A(t)=226
       634  [[[[[[[[[[[[[[[[  5b5b5b5b5b5b5b5b5b5b5b5b5b5b5b5b
       475  ,,,,,,,,,,,,,,,,  2c2c2c2c2c2c2c2c2c2c2c2c2c2c2c2c
       344  ]]]]]]]]]]]]]]]]  5d5d5d5d5d5d5d5d5d5d5d5d5d5d5d5d
       125  ................  aeaeaeaeaeaeaeaeaeaeaeaeaeaeaeae
       111  ZZZZZZZZZZZZZZZZ  5a5a5a5a5a5a5a5a5a5a5a5a5a5a5a5a
       111  ????????????????  3f3f3f3f3f3f3f3f3f3f3f3f3f3f3f3f
       110  ................  2e2e2e2e2e2e2e2e2e2e2e2e2e2e2e2e
       101  ................  cccccccccccccccccccccccccccccccc
        98  ................  d2d2d2d2d2d2d2d2d2d2d2d2d2d2d2d2
        96  llllllllllllllll  6c6c6c6c6c6c6c6c6c6c6c6c6c6c6c6c
# epoch 2000  H=7.8579 C=7.6574 HO=0.1312  A(t)=251
       653  [[[[[[[[[[[[[[[[  5b5b5b5b5b5b5b5b5b5b5b5b5b5b5b5b
       560  ,,,,,,,,,,,,,,,,  2c2c2c2c2c2c2c2c2c2c2c2c2c2c2c2c
       337  ]]]]]]]]]]]]]]]]  5d5d5d5d5d5d5d5d5d5d5d5d5d5d5d5d
       220  ................  2e2e2e2e2e2e2e2e2e2e2e2e2e2e2e2e
       123  ................  04040404040404040404040404040404
       122  ................  01010101010101010101010101010101
       120  \\\\\\\\\\\\\\\\  5c5c5c5c5c5c5c5c5c5c5c5c5c5c5c5c
       116  IIIIIIIIIIIIIIII  49494949494949494949494949494949
        96  ................  81818181818181818181818181818181
        95  ----------------  2d2d2d2d2d2d2d2d2d2d2d2d2d2d2d2d
# epoch 2250  H=7.8457 C=7.6461 HO=0.1312  A(t)=274
       725  [[[[[[[[[[[[[[[[  5b5b5b5b5b5b5b5b5b5b5b5b5b5b5b5b
       652  ,,,,,,,,,,,,,,,,  2c2c2c2c2c2c2c2c2c2c2c2c2c2c2c2c
       283  ]]]]]]]]]]]]]]]]  5d5d5d5d5d5d5d5d5d5d5d5d5d5d5d5d
       256  ^^^^^^^^^^^^^^^^  5e5e5e5e5e5e5e5e5e5e5e5e5e5e5e5e
       198  ................  ffffffffffffffffffffffffffffffff
       132  ................  2e2e2e2e2e2e2e2e2e2e2e2e2e2e2e2e
       122  <<<<<<<<<<<<<<<<  3c3c3c3c3c3c3c3c3c3c3c3c3c3c3c3c
       115  ................  01010101010101010101010101010101
       112  ________________  5f5f5f5f5f5f5f5f5f5f5f5f5f5f5f5f
       111  ................  86868686868686868686868686868686
# epoch 2500  H=7.8364 C=7.6330 HO=0.1331  A(t)=282
       609  ,,,,,,,,,,,,,,,,  2c2c2c2c2c2c2c2c2c2c2c2c2c2c2c2c
       608  [[[[[[[[[[[[[[[[  5b5b5b5b5b5b5b5b5b5b5b5b5b5b5b5b
       314  ................  2e2e2e2e2e2e2e2e2e2e2e2e2e2e2e2e
       280  ]]]]]]]]]]]]]]]]  5d5d5d5d5d5d5d5d5d5d5d5d5d5d5d5d
       201  ................  01010101010101010101010101010101
       183  \\\\\\\\\\\\\\\\  5c5c5c5c5c5c5c5c5c5c5c5c5c5c5c5c
       175  >>>>>>>>>>>>>>>>  3e3e3e3e3e3e3e3e3e3e3e3e3e3e3e3e
       141  ................  7f7f7f7f7f7f7f7f7f7f7f7f7f7f7f7f
        88  ^^^^^^^^^^^^^^^^  5e5e5e5e5e5e5e5e5e5e5e5e5e5e5e5e
        84  ................  bbbbbbbbbbbbbbbbbbbbbbbbbbbbbbbb
# epoch 2750  H=7.8267 C=7.6211 HO=0.1378  A(t)=290
       887  [[[[[[[[[[[[[[[[  5b5b5b5b5b5b5b5b5b5b5b5b5b5b5b5b
       752  ,,,,,,,,,,,,,,,,  2c2c2c2c2c2c2c2c2c2c2c2c2c2c2c2c
       523  ]]]]]]]]]]]]]]]]  5d5d5d5d5d5d5d5d5d5d5d5d5d5d5d5d
       159  ................  2e2e2e2e2e2e2e2e2e2e2e2e2e2e2e2e
       132  ................  ffffffffffffffffffffffffffffffff
       112  ................  e6e6e6e6e6e6e6e6e6e6e6e6e6e6e6e6
       108  ................  cccccccccccccccccccccccccccccccc
       104  ^^^^^^^^^^^^^^^^  5e5e5e5e5e5e5e5e5e5e5e5e5e5e5e5e
       104  ................  02020202020202020202020202020202
        96  ................  01010101010101010101010101010101
# epoch 3000  H=7.8196 C=7.6155 HO=0.1359  A(t)=292
       574  [[[[[[[[[[[[[[[[  5b5b5b5b5b5b5b5b5b5b5b5b5b5b5b5b
       533  ,,,,,,,,,,,,,,,,  2c2c2c2c2c2c2c2c2c2c2c2c2c2c2c2c
       367  ]]]]]]]]]]]]]]]]  5d5d5d5d5d5d5d5d5d5d5d5d5d5d5d5d
       148  ................  2e2e2e2e2e2e2e2e2e2e2e2e2e2e2e2e
       144  \\\\\\\\\\\\\\\\  5c5c5c5c5c5c5c5c5c5c5c5c5c5c5c5c
       130  3333333333333333  33333333333333333333333333333333
       126  ................  01010101010101010101010101010101
       104  ================  3d3d3d3d3d3d3d3d3d3d3d3d3d3d3d3d
        95  ZZZZZZZZZZZZZZZZ  5a5a5a5a5a5a5a5a5a5a5a5a5a5a5a5a
        87  """"""""""""""""  22222222222222222222222222222222
# epoch 3250  H=7.8140 C=7.5990 HO=0.1442  A(t)=297
       662  ]]]]]]]]]]]]]]]]  5d5d5d5d5d5d5d5d5d5d5d5d5d5d5d5d
       637  [[[[[[[[[[[[[[[[  5b5b5b5b5b5b5b5b5b5b5b5b5b5b5b5b
       603  ,,,,,,,,,,,,,,,,  2c2c2c2c2c2c2c2c2c2c2c2c2c2c2c2c
       251  ZZZZZZZZZZZZZZZZ  5a5a5a5a5a5a5a5a5a5a5a5a5a5a5a5a
       162  <<<<<<<<<<<<<<<<  3c3c3c3c3c3c3c3c3c3c3c3c3c3c3c3c
       158  \\\\\\\\\\\\\\\\  5c5c5c5c5c5c5c5c5c5c5c5c5c5c5c5c
       133  ................  01010101010101010101010101010101
       126  ................  2e2e2e2e2e2e2e2e2e2e2e2e2e2e2e2e
       103  ................  f4f4f4f4f4f4f4f4f4f4f4f4f4f4f4f4
        98  ................  07070707070707070707070707070707
# epoch 3500  H=7.8106 C=7.5988 HO=0.1428  A(t)=299
       618  ,,,,,,,,,,,,,,,,  2c2c2c2c2c2c2c2c2c2c2c2c2c2c2c2c
       401  ]]]]]]]]]]]]]]]]  5d5d5d5d5d5d5d5d5d5d5d5d5d5d5d5d
       359  [[[[[[[[[[[[[[[[  5b5b5b5b5b5b5b5b5b5b5b5b5b5b5b5b
       205  \\\\\\\\\\\\\\\\  5c5c5c5c5c5c5c5c5c5c5c5c5c5c5c5c
       205  ................  2e2e2e2e2e2e2e2e2e2e2e2e2e2e2e2e
       133  >>>>>>>>>>>>>>>>  3e3e3e3e3e3e3e3e3e3e3e3e3e3e3e3e
       128  ................  02020202020202020202020202020202
       124  ................  01010101010101010101010101010101
       121  ................  ffffffffffffffffffffffffffffffff
        95  ................  00000000000000000000000000000000
# epoch 3750  H=7.8082 C=7.5946 HO=0.1427  A(t)=302
       574  [[[[[[[[[[[[[[[[  5b5b5b5b5b5b5b5b5b5b5b5b5b5b5b5b
       440  ]]]]]]]]]]]]]]]]  5d5d5d5d5d5d5d5d5d5d5d5d5d5d5d5d
       395  ,,,,,,,,,,,,,,,,  2c2c2c2c2c2c2c2c2c2c2c2c2c2c2c2c
       193  ................  2e2e2e2e2e2e2e2e2e2e2e2e2e2e2e2e
       127  ................  01010101010101010101010101010101
       120  \\\\\\\\\\\\\\\\  5c5c5c5c5c5c5c5c5c5c5c5c5c5c5c5c
       118  <<<<<<<<<<<<<<<<  3c3c3c3c3c3c3c3c3c3c3c3c3c3c3c3c
        98  5555555555555555  35353535353535353535353535353535
        87  ________________  5f5f5f5f5f5f5f5f5f5f5f5f5f5f5f5f
        83  ................  fefefefefefefefefefefefefefefefe
# epoch 4000  H=7.8029 C=7.5990 HO=0.1356  A(t)=305
       625  [[[[[[[[[[[[[[[[  5b5b5b5b5b5b5b5b5b5b5b5b5b5b5b5b
       534  ,,,,,,,,,,,,,,,,  2c2c2c2c2c2c2c2c2c2c2c2c2c2c2c2c
       291  ]]]]]]]]]]]]]]]]  5d5d5d5d5d5d5d5d5d5d5d5d5d5d5d5d
       260  ................  2e2e2e2e2e2e2e2e2e2e2e2e2e2e2e2e
       204  ................  01010101010101010101010101010101
       182  ................  02020202020202020202020202020202
       170  \\\\\\\\\\\\\\\\  5c5c5c5c5c5c5c5c5c5c5c5c5c5c5c5c
       144  ................  fefefefefefefefefefefefefefefefe
       119  ZZZZZZZZZZZZZZZZ  5a5a5a5a5a5a5a5a5a5a5a5a5a5a5a5a
       110  ................  ffffffffffffffffffffffffffffffff
# epoch 4250  H=7.8008 C=7.5866 HO=0.1498  A(t)=311
       946  ,,,,,,,,,,,,,,,,  2c2c2c2c2c2c2c2c2c2c2c2c2c2c2c2c
       571  [[[[[[[[[[[[[[[[  5b5b5b5b5b5b5b5b5b5b5b5b5b5b5b5b
       356  ]]]]]]]]]]]]]]]]  5d5d5d5d5d5d5d5d5d5d5d5d5d5d5d5d
       180  ................  2e2e2e2e2e2e2e2e2e2e2e2e2e2e2e2e
       173  ................  01010101010101010101010101010101
       171  \\\\\\\\\\\\\\\\  5c5c5c5c5c5c5c5c5c5c5c5c5c5c5c5c
       131  ////////////////  2f2f2f2f2f2f2f2f2f2f2f2f2f2f2f2f
       124  {{{{{{{{{{{{{{{{  7b7b7b7b7b7b7b7b7b7b7b7b7b7b7b7b
       121  ................  03030303030303030303030303030303
       113  1111111111111111  31313131313131313131313131313131
# epoch 4500  H=7.7942 C=7.5721 HO=0.1529  A(t)=311
       738  ]]]]]]]]]]]]]]]]  5d5d5d5d5d5d5d5d5d5d5d5d5d5d5d5d
       622  ,,,,,,,,,,,,,,,,  2c2c2c2c2c2c2c2c2c2c2c2c2c2c2c2c
       458  [[[[[[[[[[[[[[[[  5b5b5b5b5b5b5b5b5b5b5b5b5b5b5b5b
       249  ................  2e2e2e2e2e2e2e2e2e2e2e2e2e2e2e2e
       164  ................  03030303030303030303030303030303
       137  ZZZZZZZZZZZZZZZZ  5a5a5a5a5a5a5a5a5a5a5a5a5a5a5a5a
       134  ................  1e1e1e1e1e1e1e1e1e1e1e1e1e1e1e1e
       116  """"""""""""""""  22222222222222222222222222222222
       104  ****************  2a2a2a2a2a2a2a2a2a2a2a2a2a2a2a2a
       100  ????????????????  3f3f3f3f3f3f3f3f3f3f3f3f3f3f3f3f
# epoch 4750  H=7.7845 C=7.5577 HO=0.1609  A(t)=311
       567  ,,,,,,,,,,,,,,,,  2c2c2c2c2c2c2c2c2c2c2c2c2c2c2c2c
       533  [[[[[[[[[[[[[[[[  5b5b5b5b5b5b5b5b5b5b5b5b5b5b5b5b
       499  ]]]]]]]]]]]]]]]]  5d5d5d5d5d5d5d5d5d5d5d5d5d5d5d5d
       198  ................  2e2e2e2e2e2e2e2e2e2e2e2e2e2e2e2e
       167  ................  c9c9c9c9c9c9c9c9c9c9c9c9c9c9c9c9
       162  \\\\\\\\\\\\\\\\  5c5c5c5c5c5c5c5c5c5c5c5c5c5c5c5c
       155  ^^^^^^^^^^^^^^^^  5e5e5e5e5e5e5e5e5e5e5e5e5e5e5e5e
       142  ................  ffffffffffffffffffffffffffffffff
       140  ................  01010101010101010101010101010101
       125  ................  02020202020202020202020202020202
# epoch 5000  H=7.7810 C=7.5684 HO=0.1486  A(t)=311
       686  ,,,,,,,,,,,,,,,,  2c2c2c2c2c2c2c2c2c2c2c2c2c2c2c2c
       416  [[[[[[[[[[[[[[[[  5b5b5b5b5b5b5b5b5b5b5b5b5b5b5b5b
       240  ]]]]]]]]]]]]]]]]  5d5d5d5d5d5d5d5d5d5d5d5d5d5d5d5d
       200  \\\\\\\\\\\\\\\\  5c5c5c5c5c5c5c5c5c5c5c5c5c5c5c5c
       189  ................  01010101010101010101010101010101
       174  ................  02020202020202020202020202020202
       142  ................  2e2e2e2e2e2e2e2e2e2e2e2e2e2e2e2e
       134  ................  fefefefefefefefefefefefefefefefe
       106  ................  fdfdfdfdfdfdfdfdfdfdfdfdfdfdfdfd
       105  ''''''''''''''''  27272727272727272727272727272727
# epoch 5250  H=7.7823 C=7.5586 HO=0.1542  A(t)=311
       667  ,,,,,,,,,,,,,,,,  2c2c2c2c2c2c2c2c2c2c2c2c2c2c2c2c
       402  ]]]]]]]]]]]]]]]]  5d5d5d5d5d5d5d5d5d5d5d5d5d5d5d5d
       299  [[[[[[[[[[[[[[[[  5b5b5b5b5b5b5b5b5b5b5b5b5b5b5b5b
       251  \\\\\\\\\\\\\\\\  5c5c5c5c5c5c5c5c5c5c5c5c5c5c5c5c
       210  ................  01010101010101010101010101010101
       147  WWWWWWWWWWWWWWWW  57575757575757575757575757575757
       129  3333333333333333  33333333333333333333333333333333
       125  ................  03030303030303030303030303030303
       121  ................  fefefefefefefefefefefefefefefefe
       116  ;;;;;;;;;;;;;;;;  3b3b3b3b3b3b3b3b3b3b3b3b3b3b3b3b
# epoch 5500  H=7.7779 C=7.5556 HO=0.1549  A(t)=311
       590  ,,,,,,,,,,,,,,,,  2c2c2c2c2c2c2c2c2c2c2c2c2c2c2c2c
       443  [[[[[[[[[[[[[[[[  5b5b5b5b5b5b5b5b5b5b5b5b5b5b5b5b
       428  ]]]]]]]]]]]]]]]]  5d5d5d5d5d5d5d5d5d5d5d5d5d5d5d5d
       221  \\\\\\\\\\\\\\\\  5c5c5c5c5c5c5c5c5c5c5c5c5c5c5c5c
       213  ................  2e2e2e2e2e2e2e2e2e2e2e2e2e2e2e2e
       156  YYYYYYYYYYYYYYYY  59595959595959595959595959595959
       149  ))))))))))))))))  29292929292929292929292929292929
       139  >>>>>>>>>>>>>>>>  3e3e3e3e3e3e3e3e3e3e3e3e3e3e3e3e
       133  ((((((((((((((((  28282828282828282828282828282828
       121  ................  01010101010101010101010101010101
# epoch 5750  H=7.7767 C=7.5524 HO=0.1553  A(t)=311
       749  ,,,,,,,,,,,,,,,,  2c2c2c2c2c2c2c2c2c2c2c2c2c2c2c2c
       575  [[[[[[[[[[[[[[[[  5b5b5b5b5b5b5b5b5b5b5b5b5b5b5b5b
       499  ]]]]]]]]]]]]]]]]  5d5d5d5d5d5d5d5d5d5d5d5d5d5d5d5d
       228  ................  01010101010101010101010101010101
       222  \\\\\\\\\\\\\\\\  5c5c5c5c5c5c5c5c5c5c5c5c5c5c5c5c
       150  ZZZZZZZZZZZZZZZZ  5a5a5a5a5a5a5a5a5a5a5a5a5a5a5a5a
       142  ................  02020202020202020202020202020202
       138  1111111111111111  31313131313131313131313131313131
       130  ;;;;;;;;;;;;;;;;  3b3b3b3b3b3b3b3b3b3b3b3b3b3b3b3b
       127  ^^^^^^^^^^^^^^^^  5e5e5e5e5e5e5e5e5e5e5e5e5e5e5e5e
# epoch 6000  H=7.7695 C=7.5526 HO=0.1526  A(t)=311
       951  ,,,,,,,,,,,,,,,,  2c2c2c2c2c2c2c2c2c2c2c2c2c2c2c2c
       554  [[[[[[[[[[[[[[[[  5b5b5b5b5b5b5b5b5b5b5b5b5b5b5b5b
       352  ]]]]]]]]]]]]]]]]  5d5d5d5d5d5d5d5d5d5d5d5d5d5d5d5d
       215  ................  04040404040404040404040404040404
       209  ................  01010101010101010101010101010101
       188  \\\\\\\\\\\\\\\\  5c5c5c5c5c5c5c5c5c5c5c5c5c5c5c5c
       171  ................  2e2e2e2e2e2e2e2e2e2e2e2e2e2e2e2e
       167  >>>>>>>>>>>>>>>>  3e3e3e3e3e3e3e3e3e3e3e3e3e3e3e3e
       125  ................  f6f6f6f6f6f6f6f6f6f6f6f6f6f6f6f6
       121  ................  abababababababababababababababab
# epoch 6250  H=7.7723 C=7.5597 HO=0.1503  A(t)=312
       587  [[[[[[[[[[[[[[[[  5b5b5b5b5b5b5b5b5b5b5b5b5b5b5b5b
       575  ,,,,,,,,,,,,,,,,  2c2c2c2c2c2c2c2c2c2c2c2c2c2c2c2c
       514  ]]]]]]]]]]]]]]]]  5d5d5d5d5d5d5d5d5d5d5d5d5d5d5d5d
       208  ................  2e2e2e2e2e2e2e2e2e2e2e2e2e2e2e2e
       135  ^^^^^^^^^^^^^^^^  5e5e5e5e5e5e5e5e5e5e5e5e5e5e5e5e
       132  ................  02020202020202020202020202020202
       130  ................  f1f1f1f1f1f1f1f1f1f1f1f1f1f1f1f1
       128  \\\\\\\\\\\\\\\\  5c5c5c5c5c5c5c5c5c5c5c5c5c5c5c5c
       127  ................  07070707070707070707070707070707
       104  ................  f3f3f3f3f3f3f3f3f3f3f3f3f3f3f3f3
# epoch 6500  H=7.7689 C=7.5615 HO=0.1450  A(t)=312
       723  ,,,,,,,,,,,,,,,,  2c2c2c2c2c2c2c2c2c2c2c2c2c2c2c2c
       498  [[[[[[[[[[[[[[[[  5b5b5b5b5b5b5b5b5b5b5b5b5b5b5b5b
       457  ]]]]]]]]]]]]]]]]  5d5d5d5d5d5d5d5d5d5d5d5d5d5d5d5d
       295  ................  2e2e2e2e2e2e2e2e2e2e2e2e2e2e2e2e
       269  ZZZZZZZZZZZZZZZZ  5a5a5a5a5a5a5a5a5a5a5a5a5a5a5a5a
       119  >>>>>>>>>>>>>>>>  3e3e3e3e3e3e3e3e3e3e3e3e3e3e3e3e
       119  ----------------  2d2d2d2d2d2d2d2d2d2d2d2d2d2d2d2d
       118  ::::::::::::::::  3a3a3a3a3a3a3a3a3a3a3a3a3a3a3a3a
       117  ................  1f1f1f1f1f1f1f1f1f1f1f1f1f1f1f1f
       114  ^^^^^^^^^^^^^^^^  5e5e5e5e5e5e5e5e5e5e5e5e5e5e5e5e
# epoch 6750  H=7.7658 C=7.5535 HO=0.1480  A(t)=312
       662  ,,,,,,,,,,,,,,,,  2c2c2c2c2c2c2c2c2c2c2c2c2c2c2c2c
       562  [[[[[[[[[[[[[[[[  5b5b5b5b5b5b5b5b5b5b5b5b5b5b5b5b
       321  ]]]]]]]]]]]]]]]]  5d5d5d5d5d5d5d5d5d5d5d5d5d5d5d5d
       238  ................  ffffffffffffffffffffffffffffffff
       220  \\\\\\\\\\\\\\\\  5c5c5c5c5c5c5c5c5c5c5c5c5c5c5c5c
       205  ................  2e2e2e2e2e2e2e2e2e2e2e2e2e2e2e2e
       141  ................  01010101010101010101010101010101
       138  pppppppppppppppp  70707070707070707070707070707070
       133  1111111111111111  31313131313131313131313131313131
       129  ................  84848484848484848484848484848484
# epoch 7000  H=7.7661 C=7.5510 HO=0.1525  A(t)=312
       720  ,,,,,,,,,,,,,,,,  2c2c2c2c2c2c2c2c2c2c2c2c2c2c2c2c
       605  [[[[[[[[[[[[[[[[  5b5b5b5b5b5b5b5b5b5b5b5b5b5b5b5b
       568  ]]]]]]]]]]]]]]]]  5d5d5d5d5d5d5d5d5d5d5d5d5d5d5d5d
       165  ................  01010101010101010101010101010101
       159  ................  2e2e2e2e2e2e2e2e2e2e2e2e2e2e2e2e
       147  1111111111111111  31313131313131313131313131313131
       130  ................  ffffffffffffffffffffffffffffffff
       123  ----------------  2d2d2d2d2d2d2d2d2d2d2d2d2d2d2d2d
       119  7777777777777777  37373737373737373737373737373737
       113  ////////////////  2f2f2f2f2f2f2f2f2f2f2f2f2f2f2f2f
# epoch 7250  H=7.7694 C=7.5630 HO=0.1440  A(t)=312
       606  ,,,,,,,,,,,,,,,,  2c2c2c2c2c2c2c2c2c2c2c2c2c2c2c2c
       439  [[[[[[[[[[[[[[[[  5b5b5b5b5b5b5b5b5b5b5b5b5b5b5b5b
       402  ]]]]]]]]]]]]]]]]  5d5d5d5d5d5d5d5d5d5d5d5d5d5d5d5d
       226  \\\\\\\\\\\\\\\\  5c5c5c5c5c5c5c5c5c5c5c5c5c5c5c5c
       225  ................  2e2e2e2e2e2e2e2e2e2e2e2e2e2e2e2e
       152  ................  ffffffffffffffffffffffffffffffff
       148  ................  01010101010101010101010101010101
       134  3333333333333333  33333333333333333333333333333333
       133  ((((((((((((((((  28282828282828282828282828282828
       104  ................  9d9d9d9d9d9d9d9d9d9d9d9d9d9d9d9d
# epoch 7500  H=7.7757 C=7.5738 HO=0.1369  A(t)=312
       630  [[[[[[[[[[[[[[[[  5b5b5b5b5b5b5b5b5b5b5b5b5b5b5b5b
       583  ,,,,,,,,,,,,,,,,  2c2c2c2c2c2c2c2c2c2c2c2c2c2c2c2c
       417  ]]]]]]]]]]]]]]]]  5d5d5d5d5d5d5d5d5d5d5d5d5d5d5d5d
       163  ................  2e2e2e2e2e2e2e2e2e2e2e2e2e2e2e2e
       160  ^^^^^^^^^^^^^^^^  5e5e5e5e5e5e5e5e5e5e5e5e5e5e5e5e
       150  ================  3d3d3d3d3d3d3d3d3d3d3d3d3d3d3d3d
       109  ................  ffffffffffffffffffffffffffffffff
       106  ////////////////  2f2f2f2f2f2f2f2f2f2f2f2f2f2f2f2f
       103  ((((((((((((((((  28282828282828282828282828282828
       101  ................  01010101010101010101010101010101
# epoch 7750  H=7.7779 C=7.5661 HO=0.1457  A(t)=312
       571  ,,,,,,,,,,,,,,,,  2c2c2c2c2c2c2c2c2c2c2c2c2c2c2c2c
       517  ]]]]]]]]]]]]]]]]  5d5d5d5d5d5d5d5d5d5d5d5d5d5d5d5d
       507  [[[[[[[[[[[[[[[[  5b5b5b5b5b5b5b5b5b5b5b5b5b5b5b5b
       186  ................  ffffffffffffffffffffffffffffffff
       155  ................  2e2e2e2e2e2e2e2e2e2e2e2e2e2e2e2e
       137  ZZZZZZZZZZZZZZZZ  5a5a5a5a5a5a5a5a5a5a5a5a5a5a5a5a
       116  ................  01010101010101010101010101010101
       102  NNNNNNNNNNNNNNNN  4e4e4e4e4e4e4e4e4e4e4e4e4e4e4e4e
        97  ................  bbbbbbbbbbbbbbbbbbbbbbbbbbbbbbbb
        96  ________________  5f5f5f5f5f5f5f5f5f5f5f5f5f5f5f5f
# epoch 8000  H=7.7774 C=7.5716 HO=0.1431  A(t)=312
       796  [[[[[[[[[[[[[[[[  5b5b5b5b5b5b5b5b5b5b5b5b5b5b5b5b
       569  ,,,,,,,,,,,,,,,,  2c2c2c2c2c2c2c2c2c2c2c2c2c2c2c2c
       324  ]]]]]]]]]]]]]]]]  5d5d5d5d5d5d5d5d5d5d5d5d5d5d5d5d
       175  ................  2e2e2e2e2e2e2e2e2e2e2e2e2e2e2e2e
       152  ................  fefefefefefefefefefefefefefefefe
       142  ................  fdfdfdfdfdfdfdfdfdfdfdfdfdfdfdfd
       136  \\\\\\\\\\\\\\\\  5c5c5c5c5c5c5c5c5c5c5c5c5c5c5c5c
       134  ++++++++++++++++  2b2b2b2b2b2b2b2b2b2b2b2b2b2b2b2b
       120  ::::::::::::::::  3a3a3a3a3a3a3a3a3a3a3a3a3a3a3a3a
       119  AAAAAAAAAAAAAAAA  41414141414141414141414141414141
# epoch 8250  H=7.7747 C=7.5578 HO=0.1521  A(t)=312
       779  ,,,,,,,,,,,,,,,,  2c2c2c2c2c2c2c2c2c2c2c2c2c2c2c2c
       435  [[[[[[[[[[[[[[[[  5b5b5b5b5b5b5b5b5b5b5b5b5b5b5b5b
       355  ]]]]]]]]]]]]]]]]  5d5d5d5d5d5d5d5d5d5d5d5d5d5d5d5d
       326  ................  fbfbfbfbfbfbfbfbfbfbfbfbfbfbfbfb
       189  ZZZZZZZZZZZZZZZZ  5a5a5a5a5a5a5a5a5a5a5a5a5a5a5a5a
       171  ................  2e2e2e2e2e2e2e2e2e2e2e2e2e2e2e2e
       166  ................  ffffffffffffffffffffffffffffffff
       154  ................  06060606060606060606060606060606
       121  ????????????????  3f3f3f3f3f3f3f3f3f3f3f3f3f3f3f3f
       117  ................  01010101010101010101010101010101
# epoch 8500  H=7.7759 C=7.5715 HO=0.1411  A(t)=312
       739  [[[[[[[[[[[[[[[[  5b5b5b5b5b5b5b5b5b5b5b5b5b5b5b5b
       450  ,,,,,,,,,,,,,,,,  2c2c2c2c2c2c2c2c2c2c2c2c2c2c2c2c
       375  ]]]]]]]]]]]]]]]]  5d5d5d5d5d5d5d5d5d5d5d5d5d5d5d5d
       193  ZZZZZZZZZZZZZZZZ  5a5a5a5a5a5a5a5a5a5a5a5a5a5a5a5a
       151  ................  2e2e2e2e2e2e2e2e2e2e2e2e2e2e2e2e
       143  ................  b8b8b8b8b8b8b8b8b8b8b8b8b8b8b8b8
       125  5555555555555555  35353535353535353535353535353535
       113  ................  02020202020202020202020202020202
       108  vvvvvvvvvvvvvvvv  76767676767676767676767676767676
        98  ((((((((((((((((  28282828282828282828282828282828
# epoch 8750  H=7.7743 C=7.5549 HO=0.1551  A(t)=313
       627  [[[[[[[[[[[[[[[[  5b5b5b5b5b5b5b5b5b5b5b5b5b5b5b5b
       584  ,,,,,,,,,,,,,,,,  2c2c2c2c2c2c2c2c2c2c2c2c2c2c2c2c
       371  ]]]]]]]]]]]]]]]]  5d5d5d5d5d5d5d5d5d5d5d5d5d5d5d5d
       312  ................  ffffffffffffffffffffffffffffffff
       193  ................  01010101010101010101010101010101
       146  ................  02020202020202020202020202020202
       144  ................  2e2e2e2e2e2e2e2e2e2e2e2e2e2e2e2e
       128  0000000000000000  30303030303030303030303030303030
       122  ZZZZZZZZZZZZZZZZ  5a5a5a5a5a5a5a5a5a5a5a5a5a5a5a5a
       119  VVVVVVVVVVVVVVVV  56565656565656565656565656565656
# epoch 9000  H=7.7737 C=7.5552 HO=0.1552  A(t)=313
       538  ,,,,,,,,,,,,,,,,  2c2c2c2c2c2c2c2c2c2c2c2c2c2c2c2c
       524  ]]]]]]]]]]]]]]]]  5d5d5d5d5d5d5d5d5d5d5d5d5d5d5d5d
       502  [[[[[[[[[[[[[[[[  5b5b5b5b5b5b5b5b5b5b5b5b5b5b5b5b
       258  ................  07070707070707070707070707070707
       207  ................  ffffffffffffffffffffffffffffffff
       163  ################  23232323232323232323232323232323
       151  ................  2e2e2e2e2e2e2e2e2e2e2e2e2e2e2e2e
       140  \\\\\\\\\\\\\\\\  5c5c5c5c5c5c5c5c5c5c5c5c5c5c5c5c
       134  ZZZZZZZZZZZZZZZZ  5a5a5a5a5a5a5a5a5a5a5a5a5a5a5a5a
       126  >>>>>>>>>>>>>>>>  3e3e3e3e3e3e3e3e3e3e3e3e3e3e3e3e
# epoch 9250  H=7.7691 C=7.5458 HO=0.1590  A(t)=314
       731  [[[[[[[[[[[[[[[[  5b5b5b5b5b5b5b5b5b5b5b5b5b5b5b5b
       563  ,,,,,,,,,,,,,,,,  2c2c2c2c2c2c2c2c2c2c2c2c2c2c2c2c
       368  ]]]]]]]]]]]]]]]]  5d5d5d5d5d5d5d5d5d5d5d5d5d5d5d5d
       191  \\\\\\\\\\\\\\\\  5c5c5c5c5c5c5c5c5c5c5c5c5c5c5c5c
       188  ////////////////  2f2f2f2f2f2f2f2f2f2f2f2f2f2f2f2f
       187  ................  2e2e2e2e2e2e2e2e2e2e2e2e2e2e2e2e
       143  ................  94949494949494949494949494949494
       126  ZZZZZZZZZZZZZZZZ  5a5a5a5a5a5a5a5a5a5a5a5a5a5a5a5a
       124  ................  f7f7f7f7f7f7f7f7f7f7f7f7f7f7f7f7
       113  ................  03030303030303030303030303030303
# epoch 9500  H=7.7636 C=7.5458 HO=0.1553  A(t)=316
       510  ]]]]]]]]]]]]]]]]  5d5d5d5d5d5d5d5d5d5d5d5d5d5d5d5d
       410  ,,,,,,,,,,,,,,,,  2c2c2c2c2c2c2c2c2c2c2c2c2c2c2c2c
       386  [[[[[[[[[[[[[[[[  5b5b5b5b5b5b5b5b5b5b5b5b5b5b5b5b
       210  ................  01010101010101010101010101010101
       162  ................  ffffffffffffffffffffffffffffffff
       133  ................  98989898989898989898989898989898
       113  ................  fefefefefefefefefefefefefefefefe
       113  2222222222222222  32323232323232323232323232323232
       109  ................  2e2e2e2e2e2e2e2e2e2e2e2e2e2e2e2e
       102  \\\\\\\\\\\\\\\\  5c5c5c5c5c5c5c5c5c5c5c5c5c5c5c5c
# epoch 9750  H=7.7669 C=7.5538 HO=0.1476  A(t)=316
       816  [[[[[[[[[[[[[[[[  5b5b5b5b5b5b5b5b5b5b5b5b5b5b5b5b
       429  ,,,,,,,,,,,,,,,,  2c2c2c2c2c2c2c2c2c2c2c2c2c2c2c2c
       371  ]]]]]]]]]]]]]]]]  5d5d5d5d5d5d5d5d5d5d5d5d5d5d5d5d
       200  \\\\\\\\\\\\\\\\  5c5c5c5c5c5c5c5c5c5c5c5c5c5c5c5c
       151  ................  2e2e2e2e2e2e2e2e2e2e2e2e2e2e2e2e
       102  ................  0f0f0f0f0f0f0f0f0f0f0f0f0f0f0f0f
        94  ////////////////  2f2f2f2f2f2f2f2f2f2f2f2f2f2f2f2f
        92  ................  05050505050505050505050505050505
        91  ................  fefefefefefefefefefefefefefefefe
        90  0000000000000000  30303030303030303030303030303030
# epoch 10000  H=7.7667 C=7.5537 HO=0.1444  A(t)=317
       795  ,,,,,,,,,,,,,,,,  2c2c2c2c2c2c2c2c2c2c2c2c2c2c2c2c
       422  [[[[[[[[[[[[[[[[  5b5b5b5b5b5b5b5b5b5b5b5b5b5b5b5b
       377  ]]]]]]]]]]]]]]]]  5d5d5d5d5d5d5d5d5d5d5d5d5d5d5d5d
       296  ................  2e2e2e2e2e2e2e2e2e2e2e2e2e2e2e2e
       153  ****************  2a2a2a2a2a2a2a2a2a2a2a2a2a2a2a2a
       125  ................  f9f9f9f9f9f9f9f9f9f9f9f9f9f9f9f9
       117  \\\\\\\\\\\\\\\\  5c5c5c5c5c5c5c5c5c5c5c5c5c5c5c5c
       116  ;;;;;;;;;;;;;;;;  3b3b3b3b3b3b3b3b3b3b3b3b3b3b3b3b
       113  6666666666666666  36363636363636363636363636363636
       105  ................  ffffffffffffffffffffffffffffffff
# epoch 10250  H=7.7637 C=7.5535 HO=0.1481  A(t)=317
       713  [[[[[[[[[[[[[[[[  5b5b5b5b5b5b5b5b5b5b5b5b5b5b5b5b
       465  ,,,,,,,,,,,,,,,,  2c2c2c2c2c2c2c2c2c2c2c2c2c2c2c2c
       278  ................  2e2e2e2e2e2e2e2e2e2e2e2e2e2e2e2e
       259  ]]]]]]]]]]]]]]]]  5d5d5d5d5d5d5d5d5d5d5d5d5d5d5d5d
       218  ................  01010101010101010101010101010101
       139  ................  03030303030303030303030303030303
       128  ................  a1a1a1a1a1a1a1a1a1a1a1a1a1a1a1a1
       126  ----------------  2d2d2d2d2d2d2d2d2d2d2d2d2d2d2d2d
       123  0000000000000000  30303030303030303030303030303030
       121  ................  05050505050505050505050505050505
# epoch 10500  H=7.7632 C=7.5603 HO=0.1415  A(t)=317
       720  ,,,,,,,,,,,,,,,,  2c2c2c2c2c2c2c2c2c2c2c2c2c2c2c2c
       447  [[[[[[[[[[[[[[[[  5b5b5b5b5b5b5b5b5b5b5b5b5b5b5b5b
       294  ]]]]]]]]]]]]]]]]  5d5d5d5d5d5d5d5d5d5d5d5d5d5d5d5d
       196  \\\\\\\\\\\\\\\\  5c5c5c5c5c5c5c5c5c5c5c5c5c5c5c5c
       157  ................  ffffffffffffffffffffffffffffffff
       141  ................  c9c9c9c9c9c9c9c9c9c9c9c9c9c9c9c9
       130  ^^^^^^^^^^^^^^^^  5e5e5e5e5e5e5e5e5e5e5e5e5e5e5e5e
       126  MMMMMMMMMMMMMMMM  4d4d4d4d4d4d4d4d4d4d4d4d4d4d4d4d
       121  ................  2e2e2e2e2e2e2e2e2e2e2e2e2e2e2e2e
       112  ????????????????  3f3f3f3f3f3f3f3f3f3f3f3f3f3f3f3f
# epoch 10750  H=7.7692 C=7.5573 HO=0.1510  A(t)=317
       722  [[[[[[[[[[[[[[[[  5b5b5b5b5b5b5b5b5b5b5b5b5b5b5b5b
       661  ]]]]]]]]]]]]]]]]  5d5d5d5d5d5d5d5d5d5d5d5d5d5d5d5d
       495  ,,,,,,,,,,,,,,,,  2c2c2c2c2c2c2c2c2c2c2c2c2c2c2c2c
       258  ................  01010101010101010101010101010101
       198  ................  02020202020202020202020202020202
       170  ................  2e2e2e2e2e2e2e2e2e2e2e2e2e2e2e2e
       148  \\\\\\\\\\\\\\\\  5c5c5c5c5c5c5c5c5c5c5c5c5c5c5c5c
       147  ;;;;;;;;;;;;;;;;  3b3b3b3b3b3b3b3b3b3b3b3b3b3b3b3b
       141  kkkkkkkkkkkkkkkk  6b6b6b6b6b6b6b6b6b6b6b6b6b6b6b6b
       124  yyyyyyyyyyyyyyyy  79797979797979797979797979797979
# epoch 11000  H=7.7678 C=7.5555 HO=0.1474  A(t)=317
       605  ]]]]]]]]]]]]]]]]  5d5d5d5d5d5d5d5d5d5d5d5d5d5d5d5d
       542  ,,,,,,,,,,,,,,,,  2c2c2c2c2c2c2c2c2c2c2c2c2c2c2c2c
       496  [[[[[[[[[[[[[[[[  5b5b5b5b5b5b5b5b5b5b5b5b5b5b5b5b
       222  ................  2e2e2e2e2e2e2e2e2e2e2e2e2e2e2e2e
       159  AAAAAAAAAAAAAAAA  41414141414141414141414141414141
       150  ................  01010101010101010101010101010101
       141  ????????????????  3f3f3f3f3f3f3f3f3f3f3f3f3f3f3f3f
       115  \\\\\\\\\\\\\\\\  5c5c5c5c5c5c5c5c5c5c5c5c5c5c5c5c
       113  ________________  20202020202020202020202020202020
       110  ^^^^^^^^^^^^^^^^  5e5e5e5e5e5e5e5e5e5e5e5e5e5e5e5e
# epoch 11250  H=5.1393 C=1.5776 HO=3.8648  A(t)=317
     14348  ..?.?N2.2.2....[  feff3f0f3f4e3205321b32b4b708b75b
     13813  ...?.?N2.2.2....  94feff3f0f3f4e3205321b32b4b708b7
     12668  1...?.?N2.2.2...  3194feff3f0f3f4e3205321b32b4b708
     12268  .1...?.?N2.2.2..  fe3194feff3f0f3f4e3205321b32b4b7
     11977  ...1...?.?N2.2.2  fefefe3194feff3f0f3f4e3205321b32
     11901  ..1...?.?N2.2.2.  fefe3194feff3f0f3f4e3205321b32b4
     11656  2>2222}E,]>...1.  323e323232327d452c5d3efefefe3194
     11620  >2222}E,]>...1.0  3e323232327d452c5d3efefefe319430
     11256  >...1...?.?N2.2.  3efefefe3194feff3f0f3f4e3205321b
     11214  2222}E,]>...1.0e  323232327d452c5d3efefefe31943065
# epoch 11500  H=5.1887 C=0.8549 HO=4.6486  A(t)=317
     14206  ?.?N2.2.2....[E.  3f0f3f4e3205321b32b4b708b75b45e5
     14077  .?.?N2.2.2....[E  ff3f0f3f4e3205321b32b4b708b75b45
     13342  ..?.?N2.2.2....[  feff3f0f3f4e3205321b32b4b708b75b
     12256  ,2>2222}E,],,..1  2c323e323232327d452c5d2c2c00fe31
     12088  >2222}E,],,..1.0  3e323232327d452c5d2c2c00fe319430
     12081  2>2222}E,],,..1.  323e323232327d452c5d2c2c00fe3194
     11912  ...?.?N2.2.2....  94feff3f0f3f4e3205321b32b4b708b7
     11828  }E,],,..1.0e^...  7d452c5d2c2c00fe319430655ea501d7
     11731  ,],,..1.0e^....-  2c5d2c2c00fe319430655ea501d7082d
     11601  22}E,],,..1.0e^.  32327d452c5d2c2c00fe319430655ea5
# epoch 11750  H=5.4790 C=1.0105 HO=4.9301  A(t)=317
      5202  2>2222}E,],,..1.  323e323232327d452c5d2c2c00fe3194
      5123  ?.?N2.2.2....[E.  3f0f3f4e3205321b32b4b708b75b45e5
      5111  ,],,..1.0e^....-  2c5d2c2c00fe319430655ea501d7082d
      5085  >2222}E,],,..1.0  3e323232327d452c5d2c2c00fe319430
      5014  ,2>2222}E,],,..1  2c323e323232327d452c5d2c2c00fe31
      4972  .1.0e^....-.].^.  fe319430655ea501d7082d875dd85eff
      4965  }E,],,..1.0e^...  7d452c5d2c2c00fe319430655ea501d7
      4833  ,2,2>2222}E,],,.  2c322c323e323232327d452c5d2c2c00
      4790  ,..1.0e^....-.].  2c00fe319430655ea501d7082d875dd8
      4777  E,],,..1.0e^....  452c5d2c2c00fe319430655ea501d708
# epoch 12000  H=5.7866 C=1.0997 HO=5.2441  A(t)=317
      2361  ,],,..1.0e^....-  2c5d2c2c00fe319430655ea501d7082d
      2259  ,..1.0e^....-.].  2c00fe319430655ea501d7082d875dd8
      2190  }E,],,..1.0e^...  7d452c5d2c2c00fe319430655ea501d7
      2144  ,,..1.0e^....-.]  2c2c00fe319430655ea501d7082d875d
      2143  ],,..1.0e^....-.  5d2c2c00fe319430655ea501d7082d87
      2104  2>2222}E,],,..1.  323e323232327d452c5d2c2c00fe3194
      2095  E,],,..1.0e^....  452c5d2c2c00fe319430655ea501d708
      1977  ,2,2>2222}E,],,.  2c322c323e323232327d452c5d2c2c00
      1968  ..1.0e^....-.].^  00fe319430655ea501d7082d875dd85e
      1962  ,2>2222}E,],,..1  2c323e323232327d452c5d2c2c00fe31
# epoch 12250  H=5.9835 C=1.1536 HO=5.4503  A(t)=445
      1268  >2222}E,],,..1.0  3e323232327d452c5d2c2c00fe319430
      1141  2>2222}E,],,..1.  323e323232327d452c5d2c2c00fe3194
      1119  222}E,],,..1.0e^  3232327d452c5d2c2c00fe319430655e
      1107  22}E,],,..1.0e^.  32327d452c5d2c2c00fe319430655ea5
      1071  2222}E,],,..1.0e  323232327d452c5d2c2c00fe31943065
      1044  ...,2,2>2222}E,]  08fe082c322c323e323232327d452c5d
      1034  ..,2,2>2222}E,],  fe082c322c323e323232327d452c5d2c
       993  ,2,2>2222}E,],,.  2c322c323e323232327d452c5d2c2c00
       928  ....,2,2>2222}E,  0808fe082c322c323e323232327d452c
       870  ],,..1.0e^....-.  5d2c2c00fe319430655ea501d7082d87
# epoch 12500  H=6.1601 C=1.1917 HO=5.6232  A(t)=968
      1205  >o/22},]}...1.0e  3e6f2f32327d2c5d7dfefefe31943065
      1081  o/22},]}...1.0e^  6f2f32327d2c5d7dfefefe319430655e
      1063  /22},]}...1.0e^.  2f32327d2c5d7dfefefe319430655ea5
       998  2>o/22},]}...1.0  323e6f2f32327d2c5d7dfefefe319430
       889  E..|........2>22  45a9187cec0808fe08d5e3d6323e3232
       860  .[E..|........2>  b75b45a9187cec0808fe08d5e3d6323e
       855  2|2>o/22},]}...1  327c323e6f2f32327d2c5d7dfefefe31
       849  |2>o/22},]}...1.  7c323e6f2f32327d2c5d7dfefefe3194
       826  [E..|........2>2  5b45a9187cec0808fe08d5e3d6323e32
       825  }.,],,..1..e^...  7ddd2c5d2c2cfffe31942e655ea501d7
# epoch 12750  H=6.3475 C=1.1832 HO=5.8193  A(t)=1358
      1349  .?N20[.2....[E8.  0f3f4e32305b1b32b49208b75b453818
      1230  ?.?N20[.2....[E8  3f0f3f4e32305b1b32b49208b75b4538
       991  1...?.?N2.2.2..X  3194feff3f863f4e3205320b32b4b758
       984  .?N2.2.2..X.[E.2  863f4e3205320b32b4b758b75b45e532
       966  ?.?N2.2.2..X.[E.  3f863f4e3205320b32b4b758b75b45e5
       964  .?.?N2.2.2..X.[E  ff3f863f4e3205320b32b4b758b75b45
       924  N20[.2....[E8.E.  4e32305b1b32b49208b75b45381845ec
       924  20[.2....[E8.E..  32305b1b32b49208b75b45381845ec08
       923  ..?..N2.2.2....[  feff3f0fef4e32ec321b32b4b708b75b
       912  ..?.?N2.2.2..X.[  feff3f863f4e3205320b32b4b758b75b
