# epoch 0  H=7.9999 C=8.0025 HO=-0.0001  A(t)=0
         1  .......c..3.....  fffffc809b1508632ef733b91b8ffeb6
         1  ...u].......c..V  fffff0755d7fd5f5e01cc6b663ffca56
         1  .......a_..s....  ffffdc80affa97615f1d0d739cbe13f1
         1  ...k...(T).#j.._  ffffc06bf2f3df2854291f236a8b8c20
         1  ...^.....E.....A  ffffa15ea0c71f8fbb45a58a00bc8b41
         1  ......q..G....*.  ffffa086e20c71cbf347d69fe3182a97
         1  ....T..4.,]k...o  ffff8dc7549d9c34ad2c5d6be5db876f
         1  ..|\2.........,.  ffff7c5c32fd06bf931abbe3debf2cea
         1  ..|:.N...t.N..F^  ffff7c3ad84e9eb71974b44eaffe465e
         1  ..zP.<.lc.h.....  ffff7a501b3ce96c639f6808a5cbff95
# epoch 250  H=7.9879 C=7.8880 HO=0.0754  A(t)=0
       444  [[[[[[[[[[[[[[[[  5b5b5b5b5b5b5b5b5b5b5b5b5b5b5b5b
       142  ................  2e2e2e2e2e2e2e2e2e2e2e2e2e2e2e2e
       129  ,,,,,,,,,,,,,,,,  2c2c2c2c2c2c2c2c2c2c2c2c2c2c2c2c
        99  ................  03030303030303030303030303030303
        91  ................  1a1a1a1a1a1a1a1a1a1a1a1a1a1a1a1a
        83  bbbbbbbbbbbbbbbb  62626262626262626262626262626262
        80  OOOOOOOOOOOOOOOO  4f4f4f4f4f4f4f4f4f4f4f4f4f4f4f4f
        71  ................  ecececececececececececececececec
        70  ]]]]]]]]]]]]]]]]  5d5d5d5d5d5d5d5d5d5d5d5d5d5d5d5d
        64  qqqqqqqqqqqqqqqq  71717171717171717171717171717171
# epoch 500  H=7.9629 C=7.8242 HO=0.0852  A(t)=0
       340  ,,,,,,,,,,,,,,,,  2c2c2c2c2c2c2c2c2c2c2c2c2c2c2c2c
       263  [[[[[[[[[[[[[[[[  5b5b5b5b5b5b5b5b5b5b5b5b5b5b5b5b
       126  ]]]]]]]]]]]]]]]]  5d5d5d5d5d5d5d5d5d5d5d5d5d5d5d5d
       110  ................  01010101010101010101010101010101
        86  llllllllllllllll  6c6c6c6c6c6c6c6c6c6c6c6c6c6c6c6c
        71  ................  2e2e2e2e2e2e2e2e2e2e2e2e2e2e2e2e
        69  ................  c3c3c3c3c3c3c3c3c3c3c3c3c3c3c3c3
        67  ffffffffffffffff  66666666666666666666666666666666
        59  oooooooooooooooo  6f6f6f6f6f6f6f6f6f6f6f6f6f6f6f6f
        58  ................  bdbdbdbdbdbdbdbdbdbdbdbdbdbdbdbd
# epoch 750  H=7.9359 C=7.7670 HO=0.1077  A(t)=0
       555  [[[[[[[[[[[[[[[[  5b5b5b5b5b5b5b5b5b5b5b5b5b5b5b5b
       297  ,,,,,,,,,,,,,,,,  2c2c2c2c2c2c2c2c2c2c2c2c2c2c2c2c
       244  ................  2e2e2e2e2e2e2e2e2e2e2e2e2e2e2e2e
       224  ]]]]]]]]]]]]]]]]  5d5d5d5d5d5d5d5d5d5d5d5d5d5d5d5d
       109  rrrrrrrrrrrrrrrr  72727272727272727272727272727272
       102  <<<<<<<<<<<<<<<<  3c3c3c3c3c3c3c3c3c3c3c3c3c3c3c3c
        86  8888888888888888  38383838383838383838383838383838
        83  ................  a7a7a7a7a7a7a7a7a7a7a7a7a7a7a7a7
        77  VVVVVVVVVVVVVVVV  56565656565656565656565656565656
        69  ................  dcdcdcdcdcdcdcdcdcdcdcdcdcdcdcdc
# epoch 1000  H=7.9071 C=7.7231 HO=0.1199  A(t)=0
       457  [[[[[[[[[[[[[[[[  5b5b5b5b5b5b5b5b5b5b5b5b5b5b5b5b
       354  ,,,,,,,,,,,,,,,,  2c2c2c2c2c2c2c2c2c2c2c2c2c2c2c2c
       230  ................  2e2e2e2e2e2e2e2e2e2e2e2e2e2e2e2e
       224  ]]]]]]]]]]]]]]]]  5d5d5d5d5d5d5d5d5d5d5d5d5d5d5d5d
       152  \\\\\\\\\\\\\\\\  5c5c5c5c5c5c5c5c5c5c5c5c5c5c5c5c
       108  CCCCCCCCCCCCCCCC  43434343434343434343434343434343
        97  bbbbbbbbbbbbbbbb  62626262626262626262626262626262
        91  ................  d1d1d1d1d1d1d1d1d1d1d1d1d1d1d1d1
        91  dddddddddddddddd  64646464646464646464646464646464
        90  JJJJJJJJJJJJJJJJ  4a4a4a4a4a4a4a4a4a4a4a4a4a4a4a4a
# epoch 1250  H=7.8852 C=7.6938 HO=0.1260  A(t)=185
       515  ,,,,,,,,,,,,,,,,  2c2c2c2c2c2c2c2c2c2c2c2c2c2c2c2c
       354  ]]]]]]]]]]]]]]]]  5d5d5d5d5d5d5d5d5d5d5d5d5d5d5d5d
       284  [[[[[[[[[[[[[[[[  5b5b5b5b5b5b5b5b5b5b5b5b5b5b5b5b
       140  ................  2e2e2e2e2e2e2e2e2e2e2e2e2e2e2e2e
       118  ................  b2b2b2b2b2b2b2b2b2b2b2b2b2b2b2b2
        96  ****************  2a2a2a2a2a2a2a2a2a2a2a2a2a2a2a2a
        92  3333333333333333  33333333333333333333333333333333
        89  ................  f1f1f1f1f1f1f1f1f1f1f1f1f1f1f1f1
        88  ????????????????  3f3f3f3f3f3f3f3f3f3f3f3f3f3f3f3f
        87  >>>>>>>>>>>>>>>>  3e3e3e3e3e3e3e3e3e3e3e3e3e3e3e3e
# epoch 1500  H=7.8697 C=7.6656 HO=0.1337  A(t)=211
       551  ]]]]]]]]]]]]]]]]  5d5d5d5d5d5d5d5d5d5d5d5d5d5d5d5d
       484  ,,,,,,,,,,,,,,,,  2c2c2c2c2c2c2c2c2c2c2c2c2c2c2c2c
       428  [[[[[[[[[[[[[[[[  5b5b5b5b5b5b5b5b5b5b5b5b5b5b5b5b
       268  ................  2e2e2e2e2e2e2e2e2e2e2e2e2e2e2e2e
       121  ................  0a0a0a0a0a0a0a0a0a0a0a0a0a0a0a0a
       119  >>>>>>>>>>>>>>>>  3e3e3e3e3e3e3e3e3e3e3e3e3e3e3e3e
       119  ................  01010101010101010101010101010101
       117  ................  fefefefefefefefefefefefefefefefe
        88  ................  fdfdfdfdfdfdfdfdfdfdfdfdfdfdfdfd
        73  ................  81818181818181818181818181818181
# epoch 1750  H=7.8614 C=7.6579 HO=0.1330  A(t)=226
       574  ,,,,,,,,,,,,,,,,  2c2c2c2c2c2c2c2c2c2c2c2c2c2c2c2c
       372  [[[[[[[[[[[[[[[[  5b5b5b5b5b5b5b5b5b5b5b5b5b5b5b5b
       306  ]]]]]]]]]]]]]]]]  5d5d5d5d5d5d5d5d5d5d5d5d5d5d5d5d
       221  ................  2e2e2e2e2e2e2e2e2e2e2e2e2e2e2e2e
       135  ................  81818181818181818181818181818181
       110  @@@@@@@@@@@@@@@@  40404040404040404040404040404040
        98  ................  19191919191919191919191919191919
        91  ................  9f9f9f9f9f9f9f9f9f9f9f9f9f9f9f9f
        86  ****************  2a2a2a2a2a2a2a2a2a2a2a2a2a2a2a2a
        84  ................  94949494949494949494949494949494
# epoch 2000  H=7.8514 C=7.6542 HO=0.1306  A(t)=243
       662  [[[[[[[[[[[[[[[[  5b5b5b5b5b5b5b5b5b5b5b5b5b5b5b5b
       527  ,,,,,,,,,,,,,,,,  2c2c2c2c2c2c2c2c2c2c2c2c2c2c2c2c
       361  ]]]]]]]]]]]]]]]]  5d5d5d5d5d5d5d5d5d5d5d5d5d5d5d5d
       154  ................  ffffffffffffffffffffffffffffffff
       130  \\\\\\\\\\\\\\\\  5c5c5c5c5c5c5c5c5c5c5c5c5c5c5c5c
       121  ................  ebebebebebebebebebebebebebebebeb
       120  ................  bcbcbcbcbcbcbcbcbcbcbcbcbcbcbcbc
       116  ................  f7f7f7f7f7f7f7f7f7f7f7f7f7f7f7f7
       112  ................  2e2e2e2e2e2e2e2e2e2e2e2e2e2e2e2e
       104  ................  01010101010101010101010101010101
# epoch 2250  H=7.8410 C=7.6389 HO=0.1315  A(t)=266
       516  ]]]]]]]]]]]]]]]]  5d5d5d5d5d5d5d5d5d5d5d5d5d5d5d5d
       511  [[[[[[[[[[[[[[[[  5b5b5b5b5b5b5b5b5b5b5b5b5b5b5b5b
       432  ,,,,,,,,,,,,,,,,  2c2c2c2c2c2c2c2c2c2c2c2c2c2c2c2c
       167  ZZZZZZZZZZZZZZZZ  5a5a5a5a5a5a5a5a5a5a5a5a5a5a5a5a
       134  ................  cfcfcfcfcfcfcfcfcfcfcfcfcfcfcfcf
       109  ................  bebebebebebebebebebebebebebebebe
       103  ................  2e2e2e2e2e2e2e2e2e2e2e2e2e2e2e2e
        94  ................  efefefefefefefefefefefefefefefef
        92  ................  e5e5e5e5e5e5e5e5e5e5e5e5e5e5e5e5
        90  ................  fbfbfbfbfbfbfbfbfbfbfbfbfbfbfbfb
# epoch 2500  H=7.8319 C=7.6218 HO=0.1428  A(t)=293
       774  ,,,,,,,,,,,,,,,,  2c2c2c2c2c2c2c2c2c2c2c2c2c2c2c2c
       701  [[[[[[[[[[[[[[[[  5b5b5b5b5b5b5b5b5b5b5b5b5b5b5b5b
       389  ]]]]]]]]]]]]]]]]  5d5d5d5d5d5d5d5d5d5d5d5d5d5d5d5d
       271  ................  2e2e2e2e2e2e2e2e2e2e2e2e2e2e2e2e
       144  \\\\\\\\\\\\\\\\  5c5c5c5c5c5c5c5c5c5c5c5c5c5c5c5c
       128  ................  fdfdfdfdfdfdfdfdfdfdfdfdfdfdfdfd
       128  ................  07070707070707070707070707070707
       106  ................  bcbcbcbcbcbcbcbcbcbcbcbcbcbcbcbc
       105  ................  ffffffffffffffffffffffffffffffff
       101  ????????????????  3f3f3f3f3f3f3f3f3f3f3f3f3f3f3f3f
# epoch 2750  H=7.8244 C=7.6118 HO=0.1440  A(t)=301
       593  ,,,,,,,,,,,,,,,,  2c2c2c2c2c2c2c2c2c2c2c2c2c2c2c2c
       369  [[[[[[[[[[[[[[[[  5b5b5b5b5b5b5b5b5b5b5b5b5b5b5b5b
       310  ]]]]]]]]]]]]]]]]  5d5d5d5d5d5d5d5d5d5d5d5d5d5d5d5d
       187  ................  2e2e2e2e2e2e2e2e2e2e2e2e2e2e2e2e
       118  YYYYYYYYYYYYYYYY  59595959595959595959595959595959
       113  ????????????????  3f3f3f3f3f3f3f3f3f3f3f3f3f3f3f3f
       103  ................  04040404040404040404040404040404
        84  ................  9d9d9d9d9d9d9d9d9d9d9d9d9d9d9d9d
        83  ^^^^^^^^^^^^^^^^  5e5e5e5e5e5e5e5e5e5e5e5e5e5e5e5e
        81  ................  e5e5e5e5e5e5e5e5e5e5e5e5e5e5e5e5
# epoch 3000  H=7.8202 C=7.6115 HO=0.1406  A(t)=303
       715  [[[[[[[[[[[[[[[[  5b5b5b5b5b5b5b5b5b5b5b5b5b5b5b5b
       557  ,,,,,,,,,,,,,,,,  2c2c2c2c2c2c2c2c2c2c2c2c2c2c2c2c
       210  ]]]]]]]]]]]]]]]]  5d5d5d5d5d5d5d5d5d5d5d5d5d5d5d5d
       189  ................  2e2e2e2e2e2e2e2e2e2e2e2e2e2e2e2e
       148  ZZZZZZZZZZZZZZZZ  5a5a5a5a5a5a5a5a5a5a5a5a5a5a5a5a
       143  ................  02020202020202020202020202020202
       133  >>>>>>>>>>>>>>>>  3e3e3e3e3e3e3e3e3e3e3e3e3e3e3e3e
       129  ((((((((((((((((  28282828282828282828282828282828
       128  ................  00000000000000000000000000000000
       101  ++++++++++++++++  2b2b2b2b2b2b2b2b2b2b2b2b2b2b2b2b
# epoch 3250  H=7.8210 C=7.6196 HO=0.1344  A(t)=307
       494  [[[[[[[[[[[[[[[[  5b5b5b5b5b5b5b5b5b5b5b5b5b5b5b5b
       340  ,,,,,,,,,,,,,,,,  2c2c2c2c2c2c2c2c2c2c2c2c2c2c2c2c
       195  \\\\\\\\\\\\\\\\  5c5c5c5c5c5c5c5c5c5c5c5c5c5c5c5c
       188  ]]]]]]]]]]]]]]]]  5d5d5d5d5d5d5d5d5d5d5d5d5d5d5d5d
       177  ................  2e2e2e2e2e2e2e2e2e2e2e2e2e2e2e2e
       157  ................  02020202020202020202020202020202
       137  ................  82828282828282828282828282828282
       136  ................  04040404040404040404040404040404
       129  ................  d4d4d4d4d4d4d4d4d4d4d4d4d4d4d4d4
       114  ................  01010101010101010101010101010101
# epoch 3500  H=7.8154 C=7.6108 HO=0.1406  A(t)=307
       432  ,,,,,,,,,,,,,,,,  2c2c2c2c2c2c2c2c2c2c2c2c2c2c2c2c
       419  ]]]]]]]]]]]]]]]]  5d5d5d5d5d5d5d5d5d5d5d5d5d5d5d5d
       382  [[[[[[[[[[[[[[[[  5b5b5b5b5b5b5b5b5b5b5b5b5b5b5b5b
       181  ................  2e2e2e2e2e2e2e2e2e2e2e2e2e2e2e2e
       170  \\\\\\\\\\\\\\\\  5c5c5c5c5c5c5c5c5c5c5c5c5c5c5c5c
       116  5555555555555555  35353535353535353535353535353535
       114  ;;;;;;;;;;;;;;;;  3b3b3b3b3b3b3b3b3b3b3b3b3b3b3b3b
       112  ????????????????  3f3f3f3f3f3f3f3f3f3f3f3f3f3f3f3f
       108  ................  01010101010101010101010101010101
       104  ................  93939393939393939393939393939393
# epoch 3750  H=7.8072 C=7.5924 HO=0.1487  A(t)=309
       696  ,,,,,,,,,,,,,,,,  2c2c2c2c2c2c2c2c2c2c2c2c2c2c2c2c
       658  [[[[[[[[[[[[[[[[  5b5b5b5b5b5b5b5b5b5b5b5b5b5b5b5b
       444  ]]]]]]]]]]]]]]]]  5d5d5d5d5d5d5d5d5d5d5d5d5d5d5d5d
       176  ................  2e2e2e2e2e2e2e2e2e2e2e2e2e2e2e2e
       145  4444444444444444  34343434343434343434343434343434
       145  ................  02020202020202020202020202020202
       106  \\\\\\\\\\\\\\\\  5c5c5c5c5c5c5c5c5c5c5c5c5c5c5c5c
       105  ................  ffffffffffffffffffffffffffffffff
       101  cccccccccccccccc  63636363636363636363636363636363
        97  ................  efefefefefefefefefefefefefefefef
# epoch 4000  H=7.7974 C=7.5804 HO=0.1453  A(t)=311
       617  [[[[[[[[[[[[[[[[  5b5b5b5b5b5b5b5b5b5b5b5b5b5b5b5b
       572  ,,,,,,,,,,,,,,,,  2c2c2c2c2c2c2c2c2c2c2c2c2c2c2c2c
       245  ]]]]]]]]]]]]]]]]  5d5d5d5d5d5d5d5d5d5d5d5d5d5d5d5d
       224  \\\\\\\\\\\\\\\\  5c5c5c5c5c5c5c5c5c5c5c5c5c5c5c5c
       212  ................  2e2e2e2e2e2e2e2e2e2e2e2e2e2e2e2e
       155  ................  ffffffffffffffffffffffffffffffff
       153  ................  02020202020202020202020202020202
       115  ................  01010101010101010101010101010101
       106  aaaaaaaaaaaaaaaa  61616161616161616161616161616161
       105  ================  3d3d3d3d3d3d3d3d3d3d3d3d3d3d3d3d
# epoch 4250  H=7.7975 C=7.5855 HO=0.1407  A(t)=311
       462  ]]]]]]]]]]]]]]]]  5d5d5d5d5d5d5d5d5d5d5d5d5d5d5d5d
       448  [[[[[[[[[[[[[[[[  5b5b5b5b5b5b5b5b5b5b5b5b5b5b5b5b
       422  ,,,,,,,,,,,,,,,,  2c2c2c2c2c2c2c2c2c2c2c2c2c2c2c2c
       277  ................  2e2e2e2e2e2e2e2e2e2e2e2e2e2e2e2e
       167  \\\\\\\\\\\\\\\\  5c5c5c5c5c5c5c5c5c5c5c5c5c5c5c5c
       141  ................  ffffffffffffffffffffffffffffffff
       139  <<<<<<<<<<<<<<<<  3c3c3c3c3c3c3c3c3c3c3c3c3c3c3c3c
       108  WWWWWWWWWWWWWWWW  57575757575757575757575757575757
       107  ................  01010101010101010101010101010101
       104  @@@@@@@@@@@@@@@@  40404040404040404040404040404040
# epoch 4500  H=7.7929 C=7.5853 HO=0.1411  A(t)=311
       697  [[[[[[[[[[[[[[[[  5b5b5b5b5b5b5b5b5b5b5b5b5b5b5b5b
       640  ]]]]]]]]]]]]]]]]  5d5d5d5d5d5d5d5d5d5d5d5d5d5d5d5d
       601  ,,,,,,,,,,,,,,,,  2c2c2c2c2c2c2c2c2c2c2c2c2c2c2c2c
       305  ................  2e2e2e2e2e2e2e2e2e2e2e2e2e2e2e2e
       180  ................  02020202020202020202020202020202
       116  ................  ffffffffffffffffffffffffffffffff
       111  ................  fefefefefefefefefefefefefefefefe
       107  \\\\\\\\\\\\\\\\  5c5c5c5c5c5c5c5c5c5c5c5c5c5c5c5c
       100  AAAAAAAAAAAAAAAA  41414141414141414141414141414141
        99  ////////////////  2f2f2f2f2f2f2f2f2f2f2f2f2f2f2f2f
# epoch 4750  H=7.7858 C=7.5641 HO=0.1526  A(t)=311
       786  ,,,,,,,,,,,,,,,,  2c2c2c2c2c2c2c2c2c2c2c2c2c2c2c2c
       628  [[[[[[[[[[[[[[[[  5b5b5b5b5b5b5b5b5b5b5b5b5b5b5b5b
       324  ]]]]]]]]]]]]]]]]  5d5d5d5d5d5d5d5d5d5d5d5d5d5d5d5d
       195  ................  ffffffffffffffffffffffffffffffff
       194  \\\\\\\\\\\\\\\\  5c5c5c5c5c5c5c5c5c5c5c5c5c5c5c5c
       193  ................  01010101010101010101010101010101
       189  ................  2e2e2e2e2e2e2e2e2e2e2e2e2e2e2e2e
       151  ................  02020202020202020202020202020202
       142  ****************  2a2a2a2a2a2a2a2a2a2a2a2a2a2a2a2a
       133  >>>>>>>>>>>>>>>>  3e3e3e3e3e3e3e3e3e3e3e3e3e3e3e3e
# epoch 5000  H=7.7824 C=7.5588 HO=0.1550  A(t)=311
       690  ,,,,,,,,,,,,,,,,  2c2c2c2c2c2c2c2c2c2c2c2c2c2c2c2c
       539  ]]]]]]]]]]]]]]]]  5d5d5d5d5d5d5d5d5d5d5d5d5d5d5d5d
       509  [[[[[[[[[[[[[[[[  5b5b5b5b5b5b5b5b5b5b5b5b5b5b5b5b
       232  ................  01010101010101010101010101010101
       224  ................  2e2e2e2e2e2e2e2e2e2e2e2e2e2e2e2e
       153  ................  ffffffffffffffffffffffffffffffff
       137  <<<<<<<<<<<<<<<<  3c3c3c3c3c3c3c3c3c3c3c3c3c3c3c3c
       127  \\\\\\\\\\\\\\\\  5c5c5c5c5c5c5c5c5c5c5c5c5c5c5c5c
       126  ................  05050505050505050505050505050505
       121  >>>>>>>>>>>>>>>>  3e3e3e3e3e3e3e3e3e3e3e3e3e3e3e3e
# epoch 5250  H=7.7751 C=7.5517 HO=0.1563  A(t)=311
       531  [[[[[[[[[[[[[[[[  5b5b5b5b5b5b5b5b5b5b5b5b5b5b5b5b
       515  ,,,,,,,,,,,,,,,,  2c2c2c2c2c2c2c2c2c2c2c2c2c2c2c2c
       416  ]]]]]]]]]]]]]]]]  5d5d5d5d5d5d5d5d5d5d5d5d5d5d5d5d
       244  ................  2e2e2e2e2e2e2e2e2e2e2e2e2e2e2e2e
       211  \\\\\\\\\\\\\\\\  5c5c5c5c5c5c5c5c5c5c5c5c5c5c5c5c
       187  ................  01010101010101010101010101010101
       155  ................  ffffffffffffffffffffffffffffffff
       141  ................  02020202020202020202020202020202
       121  ^^^^^^^^^^^^^^^^  5e5e5e5e5e5e5e5e5e5e5e5e5e5e5e5e
       114  ................  e9e9e9e9e9e9e9e9e9e9e9e9e9e9e9e9
# epoch 5500  H=7.7774 C=7.5519 HO=0.1566  A(t)=311
       791  ]]]]]]]]]]]]]]]]  5d5d5d5d5d5d5d5d5d5d5d5d5d5d5d5d
       544  ,,,,,,,,,,,,,,,,  2c2c2c2c2c2c2c2c2c2c2c2c2c2c2c2c
       530  [[[[[[[[[[[[[[[[  5b5b5b5b5b5b5b5b5b5b5b5b5b5b5b5b
       168  \\\\\\\\\\\\\\\\  5c5c5c5c5c5c5c5c5c5c5c5c5c5c5c5c
       132  CCCCCCCCCCCCCCCC  43434343434343434343434343434343
       132  ''''''''''''''''  27272727272727272727272727272727
       130  SSSSSSSSSSSSSSSS  53535353535353535353535353535353
       115  ................  84848484848484848484848484848484
       111  ................  0a0a0a0a0a0a0a0a0a0a0a0a0a0a0a0a
       107  ................  2e2e2e2e2e2e2e2e2e2e2e2e2e2e2e2e
# epoch 5750  H=7.7724 C=7.5426 HO=0.1607  A(t)=313
       866  ,,,,,,,,,,,,,,,,  2c2c2c2c2c2c2c2c2c2c2c2c2c2c2c2c
       558  [[[[[[[[[[[[[[[[  5b5b5b5b5b5b5b5b5b5b5b5b5b5b5b5b
       465  ]]]]]]]]]]]]]]]]  5d5d5d5d5d5d5d5d5d5d5d5d5d5d5d5d
       265  ................  2e2e2e2e2e2e2e2e2e2e2e2e2e2e2e2e
       224  ................  01010101010101010101010101010101
       156  ................  ffffffffffffffffffffffffffffffff
       150  ZZZZZZZZZZZZZZZZ  5a5a5a5a5a5a5a5a5a5a5a5a5a5a5a5a
       132  5555555555555555  35353535353535353535353535353535
       126  TTTTTTTTTTTTTTTT  54545454545454545454545454545454
       126  >>>>>>>>>>>>>>>>  3e3e3e3e3e3e3e3e3e3e3e3e3e3e3e3e
# epoch 6000  H=7.7691 C=7.5513 HO=0.1517  A(t)=315
       638  [[[[[[[[[[[[[[[[  5b5b5b5b5b5b5b5b5b5b5b5b5b5b5b5b
       453  ]]]]]]]]]]]]]]]]  5d5d5d5d5d5d5d5d5d5d5d5d5d5d5d5d
       355  ,,,,,,,,,,,,,,,,  2c2c2c2c2c2c2c2c2c2c2c2c2c2c2c2c
       233  ................  01010101010101010101010101010101
       175  \\\\\\\\\\\\\\\\  5c5c5c5c5c5c5c5c5c5c5c5c5c5c5c5c
       126  <<<<<<<<<<<<<<<<  3c3c3c3c3c3c3c3c3c3c3c3c3c3c3c3c
       121  ZZZZZZZZZZZZZZZZ  5a5a5a5a5a5a5a5a5a5a5a5a5a5a5a5a
       118  ````````````````  60606060606060606060606060606060
       111  ................  03030303030303030303030303030303
       102  ................  06060606060606060606060606060606
# epoch 6250  H=7.7651 C=7.5342 HO=0.1647  A(t)=315
       549  [[[[[[[[[[[[[[[[  5b5b5b5b5b5b5b5b5b5b5b5b5b5b5b5b
       482  ,,,,,,,,,,,,,,,,  2c2c2c2c2c2c2c2c2c2c2c2c2c2c2c2c
       473  ]]]]]]]]]]]]]]]]  5d5d5d5d5d5d5d5d5d5d5d5d5d5d5d5d
       224  xxxxxxxxxxxxxxxx  78787878787878787878787878787878
       154  ................  ffffffffffffffffffffffffffffffff
       122  ................  1f1f1f1f1f1f1f1f1f1f1f1f1f1f1f1f
       113  ................  2e2e2e2e2e2e2e2e2e2e2e2e2e2e2e2e
       112  ================  3d3d3d3d3d3d3d3d3d3d3d3d3d3d3d3d
       106  ................  02020202020202020202020202020202
       103  ////////////////  2f2f2f2f2f2f2f2f2f2f2f2f2f2f2f2f
# epoch 6500  H=7.7597 C=7.5369 HO=0.1574  A(t)=315
       633  ,,,,,,,,,,,,,,,,  2c2c2c2c2c2c2c2c2c2c2c2c2c2c2c2c
       574  [[[[[[[[[[[[[[[[  5b5b5b5b5b5b5b5b5b5b5b5b5b5b5b5b
       278  ]]]]]]]]]]]]]]]]  5d5d5d5d5d5d5d5d5d5d5d5d5d5d5d5d
       246  ................  2e2e2e2e2e2e2e2e2e2e2e2e2e2e2e2e
       179  ................  0b0b0b0b0b0b0b0b0b0b0b0b0b0b0b0b
       167  ////////////////  2f2f2f2f2f2f2f2f2f2f2f2f2f2f2f2f
       113  ................  ffffffffffffffffffffffffffffffff
       109  ................  01010101010101010101010101010101
       100  UUUUUUUUUUUUUUUU  55555555555555555555555555555555
        95  yyyyyyyyyyyyyyyy  79797979797979797979797979797979
# epoch 6750  H=7.7594 C=7.5389 HO=0.1546  A(t)=315
       647  ,,,,,,,,,,,,,,,,  2c2c2c2c2c2c2c2c2c2c2c2c2c2c2c2c
       547  [[[[[[[[[[[[[[[[  5b5b5b5b5b5b5b5b5b5b5b5b5b5b5b5b
       543  ]]]]]]]]]]]]]]]]  5d5d5d5d5d5d5d5d5d5d5d5d5d5d5d5d
       158  ................  02020202020202020202020202020202
       150  ????????????????  3f3f3f3f3f3f3f3f3f3f3f3f3f3f3f3f
       147  <<<<<<<<<<<<<<<<  3c3c3c3c3c3c3c3c3c3c3c3c3c3c3c3c
       130  ................  01010101010101010101010101010101
       114  DDDDDDDDDDDDDDDD  44444444444444444444444444444444
       110  ................  ffffffffffffffffffffffffffffffff
       107  ................  83838383838383838383838383838383
# epoch 7000  H=7.7604 C=7.5363 HO=0.1588  A(t)=315
       616  ,,,,,,,,,,,,,,,,  2c2c2c2c2c2c2c2c2c2c2c2c2c2c2c2c
       546  ]]]]]]]]]]]]]]]]  5d5d5d5d5d5d5d5d5d5d5d5d5d5d5d5d
       489  [[[[[[[[[[[[[[[[  5b5b5b5b5b5b5b5b5b5b5b5b5b5b5b5b
       141  ................  7f7f7f7f7f7f7f7f7f7f7f7f7f7f7f7f
       113  ................  01010101010101010101010101010101
       111  ................  2e2e2e2e2e2e2e2e2e2e2e2e2e2e2e2e
       109  \\\\\\\\\\\\\\\\  5c5c5c5c5c5c5c5c5c5c5c5c5c5c5c5c
       108  ................  a9a9a9a9a9a9a9a9a9a9a9a9a9a9a9a9
       102  ;;;;;;;;;;;;;;;;  3b3b3b3b3b3b3b3b3b3b3b3b3b3b3b3b
        96  ................  02020202020202020202020202020202
# epoch 7250  H=7.7635 C=7.5355 HO=0.1639  A(t)=315
       649  ,,,,,,,,,,,,,,,,  2c2c2c2c2c2c2c2c2c2c2c2c2c2c2c2c
       445  [[[[[[[[[[[[[[[[  5b5b5b5b5b5b5b5b5b5b5b5b5b5b5b5b
       293  ................  2e2e2e2e2e2e2e2e2e2e2e2e2e2e2e2e
       265  ................  ffffffffffffffffffffffffffffffff
       258  ]]]]]]]]]]]]]]]]  5d5d5d5d5d5d5d5d5d5d5d5d5d5d5d5d
       193  1111111111111111  31313131313131313131313131313131
       164  ^^^^^^^^^^^^^^^^  5e5e5e5e5e5e5e5e5e5e5e5e5e5e5e5e
       153  ................  e8e8e8e8e8e8e8e8e8e8e8e8e8e8e8e8
       136  \\\\\\\\\\\\\\\\  5c5c5c5c5c5c5c5c5c5c5c5c5c5c5c5c
       135  ................  01010101010101010101010101010101
# epoch 7500  H=7.7583 C=7.5327 HO=0.1617  A(t)=315
       575  [[[[[[[[[[[[[[[[  5b5b5b5b5b5b5b5b5b5b5b5b5b5b5b5b
       571  ,,,,,,,,,,,,,,,,  2c2c2c2c2c2c2c2c2c2c2c2c2c2c2c2c
       557  ]]]]]]]]]]]]]]]]  5d5d5d5d5d5d5d5d5d5d5d5d5d5d5d5d
       195  ................  ffffffffffffffffffffffffffffffff
       180  ZZZZZZZZZZZZZZZZ  5a5a5a5a5a5a5a5a5a5a5a5a5a5a5a5a
       167  ................  01010101010101010101010101010101
       138  ;;;;;;;;;;;;;;;;  3b3b3b3b3b3b3b3b3b3b3b3b3b3b3b3b
       126  ................  fefefefefefefefefefefefefefefefe
       123  ................  07070707070707070707070707070707
       115  ................  02020202020202020202020202020202
# epoch 7750  H=7.7623 C=7.5460 HO=0.1516  A(t)=315
       526  ,,,,,,,,,,,,,,,,  2c2c2c2c2c2c2c2c2c2c2c2c2c2c2c2c
       522  [[[[[[[[[[[[[[[[  5b5b5b5b5b5b5b5b5b5b5b5b5b5b5b5b
       195  ]]]]]]]]]]]]]]]]  5d5d5d5d5d5d5d5d5d5d5d5d5d5d5d5d
       178  ................  ffffffffffffffffffffffffffffffff
       168  \\\\\\\\\\\\\\\\  5c5c5c5c5c5c5c5c5c5c5c5c5c5c5c5c
       151  ^^^^^^^^^^^^^^^^  5e5e5e5e5e5e5e5e5e5e5e5e5e5e5e5e
       134  ................  2e2e2e2e2e2e2e2e2e2e2e2e2e2e2e2e
       123  ''''''''''''''''  27272727272727272727272727272727
       110  ????????????????  3f3f3f3f3f3f3f3f3f3f3f3f3f3f3f3f
       110  ::::::::::::::::  3a3a3a3a3a3a3a3a3a3a3a3a3a3a3a3a
# epoch 8000  H=7.7617 C=7.5340 HO=0.1629  A(t)=315
       605  ,,,,,,,,,,,,,,,,  2c2c2c2c2c2c2c2c2c2c2c2c2c2c2c2c
       575  [[[[[[[[[[[[[[[[  5b5b5b5b5b5b5b5b5b5b5b5b5b5b5b5b
       382  ................  ffffffffffffffffffffffffffffffff
       301  ]]]]]]]]]]]]]]]]  5d5d5d5d5d5d5d5d5d5d5d5d5d5d5d5d
       230  ................  fcfcfcfcfcfcfcfcfcfcfcfcfcfcfcfc
       179  ................  02020202020202020202020202020202
       169  ................  1d1d1d1d1d1d1d1d1d1d1d1d1d1d1d1d
       154  ZZZZZZZZZZZZZZZZ  5a5a5a5a5a5a5a5a5a5a5a5a5a5a5a5a
       136  8888888888888888  38383838383838383838383838383838
       116  \\\\\\\\\\\\\\\\  5c5c5c5c5c5c5c5c5c5c5c5c5c5c5c5c
# epoch 8250  H=4.4686 C=0.9527 HO=3.5747  A(t)=315
     33041  ....,.P2..>..2o.  00fef50b2cfe5032f6f83efefe326ff8
     32314  ..,.P2..>..2o.2]  f50b2cfe5032f6f83efefe326ff8325d
     31946  ...,.P2..>..2o.2  fef50b2cfe5032f6f83efefe326ff832
     29786  .,.P2..>..2o.2]\  0b2cfe5032f6f83efefe326ff8325d5c
     26737  ,.P2..>..2o.2]\~  2cfe5032f6f83efefe326ff8325d5c7e
     15453  .P2..>..2o.2]\~q  fe5032f6f83efefe326ff8325d5c7e71
     15272  .....,.P2..>..2o  0000fef50b2cfe5032f6f83efefe326f
     14835  Q....,.P2..>..2o  5100fef50b2cfe5032f6f83efefe326f
     14160  ......,.P2..>..2  000000fef50b2cfe5032f6f83efefe32
     12308  ,.Q....,.P2..>..  2ce95100fef50b2cfe5032f6f83efefe
# epoch 8500  H=4.5331 C=4.3455 HO=0.2915  A(t)=315
      3286  ................  fefefefefefefefefefefefefefefefe
      3127  ................  00000000000000000000000000000000
      1431  ,,,,,,,,,,,,,,,,  2c2c2c2c2c2c2c2c2c2c2c2c2c2c2c2c
      1240  ]]]]]]]]]]]]]]]]  5d5d5d5d5d5d5d5d5d5d5d5d5d5d5d5d
      1009  [[[[[[[[[[[[[[[[  5b5b5b5b5b5b5b5b5b5b5b5b5b5b5b5b
       880  2222222222222222  32323232323232323232323232323232
       560  ~~~~~~~~~~~~~~~~  7e7e7e7e7e7e7e7e7e7e7e7e7e7e7e7e
       555  ................  f5f5f5f5f5f5f5f5f5f5f5f5f5f5f5f5
       551  ................  0b0b0b0b0b0b0b0b0b0b0b0b0b0b0b0b
       490  ................  fdfdfdfdfdfdfdfdfdfdfdfdfdfdfdfd
# epoch 8750  H=4.8636 C=0.8285 HO=4.2815  A(t)=315
     27861  ,+,+,+,+,+,+,+,+  2c2b2c2b2c2b2c2b2c2b2c2b2c2b2c2b
     26027  +,+,+,+,+,+,+,+,  2b2c2b2c2b2c2b2c2b2c2b2c2b2c2b2c
     22027  [..},:::::.P2Q.>  5bfdfb7d2c3a3a3a3a3afe503251bf3e
     21989  .},:::::.P2Q.>..  fb7d2c3a3a3a3a3afe503251bf3efef5
     21863  ..},:::::.P2Q.>.  fdfb7d2c3a3a3a3a3afe503251bf3efe
     21629  },:::::.P2Q.>...  7d2c3a3a3a3a3afe503251bf3efef5f5
     21466  @.q[..},:::::.P2  40ff715bfdfb7d2c3a3a3a3a3afe5032
     21431  ,:::::.P2Q.>...,  2c3a3a3a3a3afe503251bf3efef5f52c
     21189  :::.P2Q.>...,..2  3a3a3afe503251bf3efef5f52cfefe32
     21135  .q[..},:::::.P2Q  ff715bfdfb7d2c3a3a3a3a3afe503251
# epoch 9000  H=5.0944 C=1.0047 HO=4.5556  A(t)=315
     17462  ,+,+,+,+,+,+,+,+  2c2b2c2b2c2b2c2b2c2b2c2b2c2b2c2b
     17024  +,+,+,+,+,+,+,+,  2b2c2b2c2b2c2b2c2b2c2b2c2b2c2b2c
     10416  @.q[..},:::::.P2  40ff715bfdfb7d2c3a3a3a3a3afe5032
      9173  .q[..},:::::.P2Q  ff715bfdfb7d2c3a3a3a3a3afe503251
      9032  [..},:::::.P2Q.>  5bfdfb7d2c3a3a3a3a3afe503251bf3e
      8907  Q.>...,..2oI2..]  51bf3efef5f52cfefe326f4932fabf5d
      8867  },:::::.P2Q.>...  7d2c3a3a3a3a3afe503251bf3efef5f5
      8661  ,:::::.P2Q.>...,  2c3a3a3a3a3afe503251bf3efef5f52c
      8657  .>...,..2oI2..].  bf3efef5f52cfefe326f4932fabf5d00
      8631  ::.P2Q.>...,..2o  3a3afe503251bf3efef5f52cfefe326f
# epoch 9250  H=5.4160 C=1.1097 HO=4.8666  A(t)=315
      6258  ,+,+,+,+,+,+,+,+  2c2b2c2b2c2b2c2b2c2b2c2b2c2b2c2b
      5567  +,+,+,+,+,+,+,+,  2b2c2b2c2b2c2b2c2b2c2b2c2b2c2b2c
      4101  },:::::.P2Q.>...  7d2c3a3a3a3a3afe503251bf3efef5f5
      4007  ,:::::.P2Q.>...,  2c3a3a3a3a3afe503251bf3efef5f52c
      3902  @.q[..},:::::.P2  40ff715bfdfb7d2c3a3a3a3a3afe5032
      3863  ::.P2Q.>...,..2o  3a3afe503251bf3efef5f52cfefe326f
      3667  .>...,..2oI2..].  bf3efef5f52cfefe326f4932fabf5d00
      3646  .},:::::.P2Q.>..  fb7d2c3a3a3a3a3afe503251bf3efef5
      3571  ::::.P2Q.>...,..  3a3a3a3afe503251bf3efef5f52cfefe
      3436  Q.>...,..2oI2..]  51bf3efef5f52cfefe326f4932fabf5d
# epoch 9500  H=5.6858 C=1.1314 HO=5.1256  A(t)=319
      1873  @.q[..},:::::.P2  40ff715bfdfb7d2c3a3a3a3a3afe5032
      1844  ::.P2Q.>...,..2o  3a3afe503251bf3efef5f52cfefe326f
      1594  ,+,+,+,+,+,+,+,+  2c2b2c2b2c2b2c2b2c2b2c2b2c2b2c2b
      1491  :.P2Q.>...,..2oI  3afe503251bf3efef5f52cfefe326f49
      1476  >...,..2oI2..]..  3efef5f52cfefe326f4932fabf5d0001
      1474  .>...,..2oI2..].  bf3efef5f52cfefe326f4932fabf5d00
      1430  .},:::::.P2Q.>..  fb7d2c3a3a3a3a3afe503251bf3efef5
      1415  },:::::.P2Q.>...  7d2c3a3a3a3a3afe503251bf3efef5f5
      1407  ,:::::.P2Q.>...,  2c3a3a3a3a3afe503251bf3efef5f52c
      1393  .q[..},:::::.P2Q  ff715bfdfb7d2c3a3a3a3a3afe503251
# epoch 9750  H=5.8618 C=1.1941 HO=5.2982  A(t)=859
      1084  },:::::.P2Q.>...  7d2c3a3a3a3a3afe503251bf3efef5f5
      1083  ,:::::.P2Q.>...,  2c3a3a3a3a3afe503251bf3efef5f52c
       988  @.q[..},:::::.P2  40ff715bfdfb7d2c3a3a3a3a3afe5032
       888  .},:::::.P2Q.>..  fb7d2c3a3a3a3a3afe503251bf3efef5
       859  ...>P..>.|......  7f0ba13e50f3f83e017cf6f8f513f8fe
       854  .q[..},:::::.P2Q  ff715bfdfb7d2c3a3a3a3a3afe503251
       854  .>...,..2oI2..].  bf3efef5f52cfefe326f4932fabf5d00
       851  [..},:::::.P2Q.>  5bfdfb7d2c3a3a3a3a3afe503251bf3e
       850  ..},:::::.P2Q.>.  fdfb7d2c3a3a3a3a3afe503251bf3efe
       836  q[..},:::::.P2Q.  715bfdfb7d2c3a3a3a3a3afe503251bf
# epoch 10000  H=6.0122 C=1.2069 HO=5.4419  A(t)=1363
       740  .q[..},::::..P=Q  ff715be5fb7d2c3a3a3a3aabfe503d51
       740  q[..},::::..P=Q.  715be5fb7d2c3a3a3a3aabfe503d51bf
       740  @.q[..},::::..P=  40ff715be5fb7d2c3a3a3a3aabfe503d
       739  [..},::::..P=Q.>  5be5fb7d2c3a3a3a3aabfe503d51bf3e
       738  ..},::::..P=Q.>.  e5fb7d2c3a3a3a3aabfe503d51bf3e90
       719  P2Q.>...,..2oI2.  503251bf3efef5f52cfefe326f4932fa
       658  :::.P2Qj>.q.,..2  3a3a3aaa5032516a3efe711f2cfefe32
       650  [..},:::::.P2Q.>  5bfdfb7d2c3a3a3a3a3afe503251bf3e
       645  ::::.P2Q.>...,..  3a3a3a3afe503251bf3efef5f52cfefe
       641  @.q[L.},:.::1.P2  40ff715b4cfb7d2c3acb3a3a31fe5032
# epoch 10250  H=6.0983 C=1.1692 HO=5.5337  A(t)=1799
      1022  [..},b::::.P2Qj>  5bfdfb7d2c623a3a3a3aaa5032516a3e
       984  @.q[..},b::::.P2  40ff715bfdfb7d2c623a3a3a3aaa5032
       982  .q[..},b::::.P2Q  ff715bfdfb7d2c623a3a3a3aaa503251
       955  q[..},b::::.P2Qj  715bfdfb7d2c623a3a3a3aaa5032516a
       908  @.q[..},bd:::.P2  40ff715bfdfb7d2c62643a3a3aaa5032
       831  .},b::::.P2Qj>.q  fb7d2c623a3a3a3aaa5032516a3efe71
       828  ..},b::::.P2Qj>.  fdfb7d2c623a3a3a3aaa5032516a3efe
       811  0>...,..2o.2..].  303efe01f52cfefe326fca32fabf5d00
       715  Q0>...,..2o.2..]  51303efe01f52cfefe326fca32fabf5d
       713  Q.>...,../oI2..]  51bf3efef5f52cfefe2f6f4932fabf5d
