# epoch 0  H=7.9949 C=7.9694 HO=0.0255  A(t)=0
        20  }}}}}}}}]+++++++  7d7d7d7d7d7d7d7d5d2b2b2b2b2b2b2b
        20  }}}}}}}]++++++++  7d7d7d7d7d7d7d5d2b2b2b2b2b2b2b2b
        20  }}}}}}]++++++++[  7d7d7d7d7d7d5d2b2b2b2b2b2b2b2b5b
        20  }}}}}]++++++++[.  7d7d7d7d7d5d2b2b2b2b2b2b2b2b5b2e
        20  }}}}]++++++++[.>  7d7d7d7d5d2b2b2b2b2b2b2b2b5b2e3e
        20  }}}]++++++++[.>}  7d7d7d5d2b2b2b2b2b2b2b2b5b2e3e7d
        20  }}]++++++++[.>}]  7d7d5d2b2b2b2b2b2b2b2b5b2e3e7d5d
        20  [-}}}}}}}}]+++++  5b2d7d7d7d7d7d7d7d7d5d2b2b2b2b2b
        20  -}}}}}}}}]++++++  2d7d7d7d7d7d7d7d7d5d2b2b2b2b2b2b
        20  .[-}}}}}}}}]++++  085b2d7d7d7d7d7d7d7d7d5d2b2b2b2b
# epoch 10  H=7.9495 C=6.9333 HO=1.0161  A(t)=0
       193  ................  08080808080808080808080808080808
        63  }}}}]++++++++[.>  7d7d7d7d5d2b2b2b2b2b2b2b2b5b2e3e
        61  }}}}}}]++++++++[  7d7d7d7d7d7d5d2b2b2b2b2b2b2b2b5b
        61  }}}}}]++++++++[.  7d7d7d7d7d5d2b2b2b2b2b2b2b2b5b2e
        61  }}}]++++++++[.>}  7d7d7d5d2b2b2b2b2b2b2b2b5b2e3e7d
        60  }}}}}}}}]+++++++  7d7d7d7d7d7d7d7d5d2b2b2b2b2b2b2b
        60  }}}}}}}]++++++++  7d7d7d7d7d7d7d5d2b2b2b2b2b2b2b2b
        60  }}]++++++++[.>}]  7d7d5d2b2b2b2b2b2b2b2b5b2e3e7d5d
        60  -}}}}}}}}]++++++  2d7d7d7d7d7d7d7d7d5d2b2b2b2b2b2b
        58  .[-}}}}}}}}]++++  085b2d7d7d7d7d7d7d7d7d5d2b2b2b2b
# epoch 20  H=7.4986 C=4.0730 HO=3.4256  A(t)=0
       299  }}}]++++++++[.>}  7d7d7d5d2b2b2b2b2b2b2b2b5b2e3e7d
       296  }}}}]++++++++[.>  7d7d7d7d5d2b2b2b2b2b2b2b2b5b2e3e
       296  .[-}}}}}}}}]++++  085b2d7d7d7d7d7d7d7d7d5d2b2b2b2b
       293  }}}}}}}}]+++++++  7d7d7d7d7d7d7d7d5d2b2b2b2b2b2b2b
       293  }}}}}}}]++++++++  7d7d7d7d7d7d7d5d2b2b2b2b2b2b2b2b
       293  }}}}}}]++++++++[  7d7d7d7d7d7d5d2b2b2b2b2b2b2b2b5b
       293  [-}}}}}}}}]+++++  5b2d7d7d7d7d7d7d7d7d5d2b2b2b2b2b
       293  -}}}}}}}}]++++++  2d7d7d7d7d7d7d7d7d5d2b2b2b2b2b2b
       292  }}}}}]++++++++[.  7d7d7d7d7d5d2b2b2b2b2b2b2b2b5b2e
       291  }}]++++++++[.>}]  7d7d5d2b2b2b2b2b2b2b2b5b2e3e7d5d
# epoch 30  H=6.1572 C=0.6305 HO=5.5267  A(t)=0
       899  }}}]++++++++[.>}  7d7d7d5d2b2b2b2b2b2b2b2b5b2e3e7d
       896  }}]++++++++[.>}]  7d7d5d2b2b2b2b2b2b2b2b5b2e3e7d5d
       895  }}}}}}}}]+++++++  7d7d7d7d7d7d7d7d5d2b2b2b2b2b2b2b
       895  -}}}}}}}}]++++++  2d7d7d7d7d7d7d7d7d5d2b2b2b2b2b2b
       893  }}}}}}}]++++++++  7d7d7d7d7d7d7d5d2b2b2b2b2b2b2b2b
       893  [-}}}}}}}}]+++++  5b2d7d7d7d7d7d7d7d7d5d2b2b2b2b2b
       893  .[-}}}}}}}}]++++  085b2d7d7d7d7d7d7d7d7d5d2b2b2b2b
       892  }}}}}}]++++++++[  7d7d7d7d7d7d5d2b2b2b2b2b2b2b2b5b
       892  }}}}]++++++++[.>  7d7d7d7d5d2b2b2b2b2b2b2b2b5b2e3e
       891  }}}}}]++++++++[.  7d7d7d7d7d5d2b2b2b2b2b2b2b2b5b2e
# epoch 40  H=5.8385 C=0.2715 HO=5.5670  A(t)=18
      1010  }}}}]++++++++[.>  7d7d7d7d5d2b2b2b2b2b2b2b2b5b2e3e
      1010  }}}]++++++++[.>}  7d7d7d5d2b2b2b2b2b2b2b2b5b2e3e7d
      1010  }}]++++++++[.>}]  7d7d5d2b2b2b2b2b2b2b2b5b2e3e7d5d
      1009  }}}}}}}}]+++++++  7d7d7d7d7d7d7d7d5d2b2b2b2b2b2b2b
      1009  }}}}}}}]++++++++  7d7d7d7d7d7d7d5d2b2b2b2b2b2b2b2b
      1009  -}}}}}}}}]++++++  2d7d7d7d7d7d7d7d7d5d2b2b2b2b2b2b
      1008  }}}}}}]++++++++[  7d7d7d7d7d7d5d2b2b2b2b2b2b2b2b5b
      1008  }}}}}]++++++++[.  7d7d7d7d7d5d2b2b2b2b2b2b2b2b5b2e
      1007  [-}}}}}}}}]+++++  5b2d7d7d7d7d7d7d7d7d5d2b2b2b2b2b
      1007  .[-}}}}}}}}]++++  085b2d7d7d7d7d7d7d7d7d5d2b2b2b2b
# epoch 50  H=5.8858 C=0.3063 HO=5.5796  A(t)=180
      1012  }}}}}}}}]+++++++  7d7d7d7d7d7d7d7d5d2b2b2b2b2b2b2b
      1012  [-}}}}}}}}]+++++  5b2d7d7d7d7d7d7d7d7d5d2b2b2b2b2b
      1012  -}}}}}}}}]++++++  2d7d7d7d7d7d7d7d7d5d2b2b2b2b2b2b
      1011  .[-}}}}}}}}]++++  085b2d7d7d7d7d7d7d7d7d5d2b2b2b2b
      1009  }}}]++++++++[.>}  7d7d7d5d2b2b2b2b2b2b2b2b5b2e3e7d
      1009  }}]++++++++[.>}]  7d7d5d2b2b2b2b2b2b2b2b5b2e3e7d5d
      1008  }}}}}}}]++++++++  7d7d7d7d7d7d7d5d2b2b2b2b2b2b2b2b
      1007  }}}}}}]++++++++[  7d7d7d7d7d7d5d2b2b2b2b2b2b2b2b5b
      1006  }}}}}]++++++++[.  7d7d7d7d7d5d2b2b2b2b2b2b2b2b5b2e
      1006  }}}}]++++++++[.>  7d7d7d7d5d2b2b2b2b2b2b2b2b5b2e3e
# epoch 60  H=5.8624 C=0.3264 HO=5.5359  A(t)=241
      1013  }}]++++++++[.>}]  7d7d5d2b2b2b2b2b2b2b2b5b2e3e7d5d
      1012  }}}]++++++++[.>}  7d7d7d5d2b2b2b2b2b2b2b2b5b2e3e7d
      1011  [-}}}}}}}}]+++++  5b2d7d7d7d7d7d7d7d7d5d2b2b2b2b2b
      1011  .[-}}}}}}}}]++++  085b2d7d7d7d7d7d7d7d7d5d2b2b2b2b
      1010  }}}}}}}}]+++++++  7d7d7d7d7d7d7d7d5d2b2b2b2b2b2b2b
      1010  }}}}}}}]++++++++  7d7d7d7d7d7d7d5d2b2b2b2b2b2b2b2b
      1010  }}}}}}]++++++++[  7d7d7d7d7d7d5d2b2b2b2b2b2b2b2b5b
      1010  }}}}}]++++++++[.  7d7d7d7d7d5d2b2b2b2b2b2b2b2b5b2e
      1010  }}}}]++++++++[.>  7d7d7d7d5d2b2b2b2b2b2b2b2b5b2e3e
      1010  -}}}}}}}}]++++++  2d7d7d7d7d7d7d7d7d5d2b2b2b2b2b2b
# epoch 70  H=5.8530 C=0.2997 HO=5.5533  A(t)=268
      1031  }}}}}}]++++++++[  7d7d7d7d7d7d5d2b2b2b2b2b2b2b2b5b
      1031  }}}}}]++++++++[.  7d7d7d7d7d5d2b2b2b2b2b2b2b2b5b2e
      1031  }}}}]++++++++[.>  7d7d7d7d5d2b2b2b2b2b2b2b2b5b2e3e
      1031  }}}]++++++++[.>}  7d7d7d5d2b2b2b2b2b2b2b2b5b2e3e7d
      1031  }}]++++++++[.>}]  7d7d5d2b2b2b2b2b2b2b2b5b2e3e7d5d
      1030  }}}}}}}}]+++++++  7d7d7d7d7d7d7d7d5d2b2b2b2b2b2b2b
      1030  }}}}}}}]++++++++  7d7d7d7d7d7d7d5d2b2b2b2b2b2b2b2b
      1030  -}}}}}}}}]++++++  2d7d7d7d7d7d7d7d7d5d2b2b2b2b2b2b
      1029  [-}}}}}}}}]+++++  5b2d7d7d7d7d7d7d7d7d5d2b2b2b2b2b
      1029  .[-}}}}}}}}]++++  085b2d7d7d7d7d7d7d7d7d5d2b2b2b2b
# epoch 80  H=5.7938 C=0.3027 HO=5.4911  A(t)=286
      1056  [-}}}}}}}}]+++++  5b2d7d7d7d7d7d7d7d7d5d2b2b2b2b2b
      1055  }}}}}]++++++++[.  7d7d7d7d7d5d2b2b2b2b2b2b2b2b5b2e
      1055  }}}}]++++++++[.>  7d7d7d7d5d2b2b2b2b2b2b2b2b5b2e3e
      1055  }}}]++++++++[.>}  7d7d7d5d2b2b2b2b2b2b2b2b5b2e3e7d
      1055  }}]++++++++[.>}]  7d7d5d2b2b2b2b2b2b2b2b5b2e3e7d5d
      1054  }}}}}}}}]+++++++  7d7d7d7d7d7d7d7d5d2b2b2b2b2b2b2b
      1054  }}}}}}}]++++++++  7d7d7d7d7d7d7d5d2b2b2b2b2b2b2b2b
      1054  }}}}}}]++++++++[  7d7d7d7d7d7d5d2b2b2b2b2b2b2b2b5b
      1054  -}}}}}}}}]++++++  2d7d7d7d7d7d7d7d7d5d2b2b2b2b2b2b
      1054  .[-}}}}}}}}]++++  085b2d7d7d7d7d7d7d7d7d5d2b2b2b2b
# epoch 90  H=5.7592 C=0.3202 HO=5.4390  A(t)=302
      1070  }}}]++++++++[.>}  7d7d7d5d2b2b2b2b2b2b2b2b5b2e3e7d
      1069  }}}}}}}]++++++++  7d7d7d7d7d7d7d5d2b2b2b2b2b2b2b2b
      1069  }}}}}}]++++++++[  7d7d7d7d7d7d5d2b2b2b2b2b2b2b2b5b
      1068  }}}}}}}}]+++++++  7d7d7d7d7d7d7d7d5d2b2b2b2b2b2b2b
      1068  }}}}}]++++++++[.  7d7d7d7d7d5d2b2b2b2b2b2b2b2b5b2e
      1068  }}}}]++++++++[.>  7d7d7d7d5d2b2b2b2b2b2b2b2b5b2e3e
      1068  }}]++++++++[.>}]  7d7d5d2b2b2b2b2b2b2b2b5b2e3e7d5d
      1066  -}}}}}}}}]++++++  2d7d7d7d7d7d7d7d7d5d2b2b2b2b2b2b
      1065  [-}}}}}}}}]+++++  5b2d7d7d7d7d7d7d7d7d5d2b2b2b2b2b
      1065  .[-}}}}}}}}]++++  085b2d7d7d7d7d7d7d7d7d5d2b2b2b2b
# epoch 100  H=5.8228 C=0.3010 HO=5.5218  A(t)=334
      1051  }}}}}}]++++++++[  7d7d7d7d7d7d5d2b2b2b2b2b2b2b2b5b
      1051  }}}}}]++++++++[.  7d7d7d7d7d5d2b2b2b2b2b2b2b2b5b2e
      1049  }}}]++++++++[.>}  7d7d7d5d2b2b2b2b2b2b2b2b5b2e3e7d
      1048  }}}}}}}]++++++++  7d7d7d7d7d7d7d5d2b2b2b2b2b2b2b2b
      1048  }}]++++++++[.>}]  7d7d5d2b2b2b2b2b2b2b2b5b2e3e7d5d
      1047  }}}}]++++++++[.>  7d7d7d7d5d2b2b2b2b2b2b2b2b5b2e3e
      1036  }}}}}}}}]+++++++  7d7d7d7d7d7d7d7d5d2b2b2b2b2b2b2b
      1035  [-}}}}}}}}]+++++  5b2d7d7d7d7d7d7d7d7d5d2b2b2b2b2b
      1035  -}}}}}}}}]++++++  2d7d7d7d7d7d7d7d7d5d2b2b2b2b2b2b
      1035  .[-}}}}}}}}]++++  085b2d7d7d7d7d7d7d7d7d5d2b2b2b2b
# epoch 110  H=5.7858 C=0.3123 HO=5.4735  A(t)=355
      1052  }}}}}}}]++++++++  7d7d7d7d7d7d7d5d2b2b2b2b2b2b2b2b
      1052  }}}}}}]++++++++[  7d7d7d7d7d7d5d2b2b2b2b2b2b2b2b5b
      1051  }}}}}]++++++++[.  7d7d7d7d7d5d2b2b2b2b2b2b2b2b5b2e
      1049  [-}}}}}}}}]+++++  5b2d7d7d7d7d7d7d7d7d5d2b2b2b2b2b
      1049  .[-}}}}}}}}]++++  085b2d7d7d7d7d7d7d7d7d5d2b2b2b2b
      1048  -}}}}}}}}]++++++  2d7d7d7d7d7d7d7d7d5d2b2b2b2b2b2b
      1047  }}}}}}}}]+++++++  7d7d7d7d7d7d7d7d5d2b2b2b2b2b2b2b
      1038  }}}}]++++++++[.>  7d7d7d7d5d2b2b2b2b2b2b2b2b5b2e3e
      1037  }}}]++++++++[.>}  7d7d7d5d2b2b2b2b2b2b2b2b5b2e3e7d
      1037  }}]++++++++[.>}]  7d7d5d2b2b2b2b2b2b2b2b5b2e3e7d5d
# epoch 120  H=5.7856 C=0.3182 HO=5.4674  A(t)=359
      1022  }}}]++++++++[.>}  7d7d7d5d2b2b2b2b2b2b2b2b5b2e3e7d
      1020  }}]++++++++[.>}]  7d7d5d2b2b2b2b2b2b2b2b5b2e3e7d5d
      1018  }}}}}}}}]+++++++  7d7d7d7d7d7d7d7d5d2b2b2b2b2b2b2b
      1018  }}}}]++++++++[.>  7d7d7d7d5d2b2b2b2b2b2b2b2b5b2e3e
      1017  }}}}}}}]++++++++  7d7d7d7d7d7d7d5d2b2b2b2b2b2b2b2b
      1017  -}}}}}}}}]++++++  2d7d7d7d7d7d7d7d7d5d2b2b2b2b2b2b
      1016  }}}}}}]++++++++[  7d7d7d7d7d7d5d2b2b2b2b2b2b2b2b5b
      1016  }}}}}]++++++++[.  7d7d7d7d7d5d2b2b2b2b2b2b2b2b5b2e
      1016  [-}}}}}}}}]+++++  5b2d7d7d7d7d7d7d7d7d5d2b2b2b2b2b
      1016  .[-}}}}}}}}]++++  085b2d7d7d7d7d7d7d7d7d5d2b2b2b2b
# epoch 130  H=5.7605 C=0.3108 HO=5.4497  A(t)=367
      1028  [-}}}}}}}}]+++++  5b2d7d7d7d7d7d7d7d7d5d2b2b2b2b2b
      1026  }}}}}}}}]+++++++  7d7d7d7d7d7d7d7d5d2b2b2b2b2b2b2b
      1026  -}}}}}}}}]++++++  2d7d7d7d7d7d7d7d7d5d2b2b2b2b2b2b
      1026  .[-}}}}}}}}]++++  085b2d7d7d7d7d7d7d7d7d5d2b2b2b2b
      1024  }}}}}}}]++++++++  7d7d7d7d7d7d7d5d2b2b2b2b2b2b2b2b
      1024  }}}]++++++++[.>}  7d7d7d5d2b2b2b2b2b2b2b2b5b2e3e7d
      1023  }}}}}}]++++++++[  7d7d7d7d7d7d5d2b2b2b2b2b2b2b2b5b
      1023  }}}}}]++++++++[.  7d7d7d7d7d5d2b2b2b2b2b2b2b2b5b2e
      1023  }}}}]++++++++[.>  7d7d7d7d5d2b2b2b2b2b2b2b2b5b2e3e
      1023  }}]++++++++[.>}]  7d7d5d2b2b2b2b2b2b2b2b5b2e3e7d5d
# epoch 140  H=5.6784 C=0.3084 HO=5.3700  A(t)=383
      1040  -}}}}}}}}]++++++  2d7d7d7d7d7d7d7d7d5d2b2b2b2b2b2b
      1039  }}}}}}}}]+++++++  7d7d7d7d7d7d7d7d5d2b2b2b2b2b2b2b
      1039  }}}}}}}]++++++++  7d7d7d7d7d7d7d5d2b2b2b2b2b2b2b2b
      1039  [-}}}}}}}}]+++++  5b2d7d7d7d7d7d7d7d7d5d2b2b2b2b2b
      1038  }}}}}}]++++++++[  7d7d7d7d7d7d5d2b2b2b2b2b2b2b2b5b
      1038  }}}}]++++++++[.>  7d7d7d7d5d2b2b2b2b2b2b2b2b5b2e3e
      1037  }}}}}]++++++++[.  7d7d7d7d7d5d2b2b2b2b2b2b2b2b5b2e
      1037  .[-}}}}}}}}]++++  085b2d7d7d7d7d7d7d7d7d5d2b2b2b2b
      1035  }}}]++++++++[.>}  7d7d7d5d2b2b2b2b2b2b2b2b5b2e3e7d
      1035  }}]++++++++[.>}]  7d7d5d2b2b2b2b2b2b2b2b5b2e3e7d5d
# epoch 150  H=5.7585 C=0.3252 HO=5.4333  A(t)=391
      1025  [-}}}}}}}}]+++++  5b2d7d7d7d7d7d7d7d7d5d2b2b2b2b2b
      1023  }}}}}}}}]+++++++  7d7d7d7d7d7d7d7d5d2b2b2b2b2b2b2b
      1023  -}}}}}}}}]++++++  2d7d7d7d7d7d7d7d7d5d2b2b2b2b2b2b
      1021  }}}}}}}]++++++++  7d7d7d7d7d7d7d5d2b2b2b2b2b2b2b2b
      1021  }}}}}}]++++++++[  7d7d7d7d7d7d5d2b2b2b2b2b2b2b2b5b
      1021  }}}}}]++++++++[.  7d7d7d7d7d5d2b2b2b2b2b2b2b2b5b2e
      1021  .[-}}}}}}}}]++++  085b2d7d7d7d7d7d7d7d7d5d2b2b2b2b
      1020  }}]++++++++[.>}]  7d7d5d2b2b2b2b2b2b2b2b5b2e3e7d5d
      1018  }}}}]++++++++[.>  7d7d7d7d5d2b2b2b2b2b2b2b2b5b2e3e
      1018  }}}]++++++++[.>}  7d7d7d5d2b2b2b2b2b2b2b2b5b2e3e7d
# epoch 160  H=5.7915 C=0.3228 HO=5.4688  A(t)=397
      1023  -}}}}}}}}]++++++  2d7d7d7d7d7d7d7d7d5d2b2b2b2b2b2b
      1020  }}}]++++++++[.>}  7d7d7d5d2b2b2b2b2b2b2b2b5b2e3e7d
      1020  [-}}}}}}}}]+++++  5b2d7d7d7d7d7d7d7d7d5d2b2b2b2b2b
      1020  .[-}}}}}}}}]++++  085b2d7d7d7d7d7d7d7d7d5d2b2b2b2b
      1019  }}}}}}}}]+++++++  7d7d7d7d7d7d7d7d5d2b2b2b2b2b2b2b
      1019  }}}}}}}]++++++++  7d7d7d7d7d7d7d5d2b2b2b2b2b2b2b2b
      1019  }}}}}}]++++++++[  7d7d7d7d7d7d5d2b2b2b2b2b2b2b2b5b
      1019  }}}}}]++++++++[.  7d7d7d7d7d5d2b2b2b2b2b2b2b2b5b2e
      1019  }}}}]++++++++[.>  7d7d7d7d5d2b2b2b2b2b2b2b2b5b2e3e
      1019  }}]++++++++[.>}]  7d7d5d2b2b2b2b2b2b2b2b5b2e3e7d5d
# epoch 170  H=5.7320 C=0.3142 HO=5.4178  A(t)=397
      1050  -}}}}}}}}]++++++  2d7d7d7d7d7d7d7d7d5d2b2b2b2b2b2b
      1048  [-}}}}}}}}]+++++  5b2d7d7d7d7d7d7d7d7d5d2b2b2b2b2b
      1043  .[-}}}}}}}}]++++  085b2d7d7d7d7d7d7d7d7d5d2b2b2b2b
      1030  }}}}}}}}]+++++++  7d7d7d7d7d7d7d7d5d2b2b2b2b2b2b2b
      1029  }}}}}}}]++++++++  7d7d7d7d7d7d7d5d2b2b2b2b2b2b2b2b
      1029  }}}]++++++++[.>}  7d7d7d5d2b2b2b2b2b2b2b2b5b2e3e7d
      1028  }}}}}}]++++++++[  7d7d7d7d7d7d5d2b2b2b2b2b2b2b2b5b
      1028  }}}}}]++++++++[.  7d7d7d7d7d5d2b2b2b2b2b2b2b2b5b2e
      1028  }}}}]++++++++[.>  7d7d7d7d5d2b2b2b2b2b2b2b2b5b2e3e
      1027  }}]++++++++[.>}]  7d7d5d2b2b2b2b2b2b2b2b5b2e3e7d5d
# epoch 180  H=5.8718 C=0.3397 HO=5.5321  A(t)=421
      1026  -}}}}}}}}]++++++  2d7d7d7d7d7d7d7d7d5d2b2b2b2b2b2b
      1025  [-}}}}}}}}]+++++  5b2d7d7d7d7d7d7d7d7d5d2b2b2b2b2b
      1024  }}}}}}}}]+++++++  7d7d7d7d7d7d7d7d5d2b2b2b2b2b2b2b
      1022  }}}}}}}]++++++++  7d7d7d7d7d7d7d5d2b2b2b2b2b2b2b2b
      1022  }}}}}}]++++++++[  7d7d7d7d7d7d5d2b2b2b2b2b2b2b2b5b
      1021  .[-}}}}}}}}]++++  085b2d7d7d7d7d7d7d7d7d5d2b2b2b2b
      1020  }}}}}]++++++++[.  7d7d7d7d7d5d2b2b2b2b2b2b2b2b5b2e
      1020  }}}}]++++++++[.>  7d7d7d7d5d2b2b2b2b2b2b2b2b5b2e3e
      1018  }}}]++++++++[.>}  7d7d7d5d2b2b2b2b2b2b2b2b5b2e3e7d
      1015  }}]++++++++[.>}]  7d7d5d2b2b2b2b2b2b2b2b5b2e3e7d5d
# epoch 190  H=5.8805 C=0.3264 HO=5.5541  A(t)=445
      1032  .[-}}}}}}}}]++++  085b2d7d7d7d7d7d7d7d7d5d2b2b2b2b
      1031  }}}}}}}}]+++++++  7d7d7d7d7d7d7d7d5d2b2b2b2b2b2b2b
      1031  }}}}}}}]++++++++  7d7d7d7d7d7d7d5d2b2b2b2b2b2b2b2b
      1031  }}}}}}]++++++++[  7d7d7d7d7d7d5d2b2b2b2b2b2b2b2b5b
      1031  -}}}}}}}}]++++++  2d7d7d7d7d7d7d7d7d5d2b2b2b2b2b2b
      1030  }}}}}]++++++++[.  7d7d7d7d7d5d2b2b2b2b2b2b2b2b5b2e
      1030  }}}}]++++++++[.>  7d7d7d7d5d2b2b2b2b2b2b2b2b5b2e3e
      1030  [-}}}}}}}}]+++++  5b2d7d7d7d7d7d7d7d7d5d2b2b2b2b2b
      1013  }}}]++++++++[.>}  7d7d7d5d2b2b2b2b2b2b2b2b5b2e3e7d
      1013  }}]++++++++[.>}]  7d7d5d2b2b2b2b2b2b2b2b5b2e3e7d5d
# epoch 200  H=5.9076 C=0.3246 HO=5.5830  A(t)=491
      1029  }}}}}]++++++++[.  7d7d7d7d7d5d2b2b2b2b2b2b2b2b5b2e
      1029  }}}}]++++++++[.>  7d7d7d7d5d2b2b2b2b2b2b2b2b5b2e3e
      1028  }}}}}}}}]+++++++  7d7d7d7d7d7d7d7d5d2b2b2b2b2b2b2b
      1028  }}}}}}}]++++++++  7d7d7d7d7d7d7d5d2b2b2b2b2b2b2b2b
      1028  }}}}}}]++++++++[  7d7d7d7d7d7d5d2b2b2b2b2b2b2b2b5b
      1028  -}}}}}}}}]++++++  2d7d7d7d7d7d7d7d7d5d2b2b2b2b2b2b
      1024  }}}]++++++++[.>}  7d7d7d5d2b2b2b2b2b2b2b2b5b2e3e7d
      1023  [-}}}}}}}}]+++++  5b2d7d7d7d7d7d7d7d7d5d2b2b2b2b2b
      1023  .[-}}}}}}}}]++++  085b2d7d7d7d7d7d7d7d7d5d2b2b2b2b
      1022  }}]++++++++[.>}]  7d7d5d2b2b2b2b2b2b2b2b5b2e3e7d5d
# epoch 210  H=5.9475 C=0.3295 HO=5.6180  A(t)=491
      1023  [-}}}}}}}}]+++++  5b2d7d7d7d7d7d7d7d7d5d2b2b2b2b2b
      1023  .[-}}}}}}}}]++++  085b2d7d7d7d7d7d7d7d7d5d2b2b2b2b
      1022  }}}}}}}}]+++++++  7d7d7d7d7d7d7d7d5d2b2b2b2b2b2b2b
      1022  }}}}}}}]++++++++  7d7d7d7d7d7d7d5d2b2b2b2b2b2b2b2b
      1022  }}}}}}]++++++++[  7d7d7d7d7d7d5d2b2b2b2b2b2b2b2b5b
      1022  -}}}}}}}}]++++++  2d7d7d7d7d7d7d7d7d5d2b2b2b2b2b2b
      1020  }}}}}]++++++++[.  7d7d7d7d7d5d2b2b2b2b2b2b2b2b5b2e
      1020  }}}}]++++++++[.>  7d7d7d7d5d2b2b2b2b2b2b2b2b5b2e3e
      1009  }}]++++++++[.>}]  7d7d5d2b2b2b2b2b2b2b2b5b2e3e7d5d
      1008  }}}]++++++++[.>}  7d7d7d5d2b2b2b2b2b2b2b2b5b2e3e7d
# epoch 220  H=5.9634 C=0.3438 HO=5.6196  A(t)=507
      1019  }}}}}}]++++++++[  7d7d7d7d7d7d5d2b2b2b2b2b2b2b2b5b
      1018  }}}}}}}}]+++++++  7d7d7d7d7d7d7d7d5d2b2b2b2b2b2b2b
      1018  }}}}}}}]++++++++  7d7d7d7d7d7d7d5d2b2b2b2b2b2b2b2b
      1018  }}}}}]++++++++[.  7d7d7d7d7d5d2b2b2b2b2b2b2b2b5b2e
      1018  -}}}}}}}}]++++++  2d7d7d7d7d7d7d7d7d5d2b2b2b2b2b2b
      1017  }}}}]++++++++[.>  7d7d7d7d5d2b2b2b2b2b2b2b2b5b2e3e
      1017  }}}]++++++++[.>}  7d7d7d5d2b2b2b2b2b2b2b2b5b2e3e7d
      1015  [-}}}}}}}}]+++++  5b2d7d7d7d7d7d7d7d7d5d2b2b2b2b2b
      1015  .[-}}}}}}}}]++++  085b2d7d7d7d7d7d7d7d7d5d2b2b2b2b
      1012  }}]++++++++[.>}]  7d7d5d2b2b2b2b2b2b2b2b5b2e3e7d5d
# epoch 230  H=5.9104 C=0.3112 HO=5.5992  A(t)=525
      1014  [-}}}}}}}}]+++++  5b2d7d7d7d7d7d7d7d7d5d2b2b2b2b2b
      1013  .[-}}}}}}}}]++++  085b2d7d7d7d7d7d7d7d7d5d2b2b2b2b
      1011  -}}}}}}}}]++++++  2d7d7d7d7d7d7d7d7d5d2b2b2b2b2b2b
      1010  }}}}}}}}]+++++++  7d7d7d7d7d7d7d7d5d2b2b2b2b2b2b2b
      1010  }}}}}}}]++++++++  7d7d7d7d7d7d7d5d2b2b2b2b2b2b2b2b
      1007  }}}}}}]++++++++[  7d7d7d7d7d7d5d2b2b2b2b2b2b2b2b5b
      1007  }}]++++++++[.>}]  7d7d5d2b2b2b2b2b2b2b2b5b2e3e7d5d
      1006  }}}}}]++++++++[.  7d7d7d7d7d5d2b2b2b2b2b2b2b2b5b2e
      1006  }}}}]++++++++[.>  7d7d7d7d5d2b2b2b2b2b2b2b2b5b2e3e
      1006  }}}]++++++++[.>}  7d7d7d5d2b2b2b2b2b2b2b2b5b2e3e7d
# epoch 240  H=5.9304 C=0.3226 HO=5.6078  A(t)=531
      1005  }}}}}}}}]+++++++  7d7d7d7d7d7d7d7d5d2b2b2b2b2b2b2b
      1005  }}}}}}}]++++++++  7d7d7d7d7d7d7d5d2b2b2b2b2b2b2b2b
      1005  }}]++++++++[.>}]  7d7d5d2b2b2b2b2b2b2b2b5b2e3e7d5d
      1005  -}}}}}}}}]++++++  2d7d7d7d7d7d7d7d7d5d2b2b2b2b2b2b
      1004  }}}}}}]++++++++[  7d7d7d7d7d7d5d2b2b2b2b2b2b2b2b5b
      1004  }}}]++++++++[.>}  7d7d7d5d2b2b2b2b2b2b2b2b5b2e3e7d
      1003  }}}}}]++++++++[.  7d7d7d7d7d5d2b2b2b2b2b2b2b2b5b2e
      1003  }}}}]++++++++[.>  7d7d7d7d5d2b2b2b2b2b2b2b2b5b2e3e
      1003  [-}}}}}}}}]+++++  5b2d7d7d7d7d7d7d7d7d5d2b2b2b2b2b
      1003  .[-}}}}}}}}]++++  085b2d7d7d7d7d7d7d7d7d5d2b2b2b2b
# epoch 250  H=5.8753 C=0.3137 HO=5.5616  A(t)=541
      1009  }}}]++++++++[.>}  7d7d7d5d2b2b2b2b2b2b2b2b5b2e3e7d
      1009  }}]++++++++[.>}]  7d7d5d2b2b2b2b2b2b2b2b5b2e3e7d5d
      1007  }}}}}}}}]+++++++  7d7d7d7d7d7d7d7d5d2b2b2b2b2b2b2b
      1007  }}}}}}}]++++++++  7d7d7d7d7d7d7d5d2b2b2b2b2b2b2b2b
      1007  -}}}}}}}}]++++++  2d7d7d7d7d7d7d7d7d5d2b2b2b2b2b2b
      1006  }}}}}}]++++++++[  7d7d7d7d7d7d5d2b2b2b2b2b2b2b2b5b
      1006  }}}}}]++++++++[.  7d7d7d7d7d5d2b2b2b2b2b2b2b2b5b2e
      1006  }}}}]++++++++[.>  7d7d7d7d5d2b2b2b2b2b2b2b2b5b2e3e
      1006  [-}}}}}}}}]+++++  5b2d7d7d7d7d7d7d7d7d5d2b2b2b2b2b
      1006  .[-}}}}}}}}]++++  085b2d7d7d7d7d7d7d7d7d5d2b2b2b2b
# epoch 260  H=5.9213 C=0.3181 HO=5.6031  A(t)=565
      1012  }}}]++++++++[.>}  7d7d7d5d2b2b2b2b2b2b2b2b5b2e3e7d
      1012  }}]++++++++[.>}]  7d7d5d2b2b2b2b2b2b2b2b5b2e3e7d5d
      1011  }}}}}}}}]+++++++  7d7d7d7d7d7d7d7d5d2b2b2b2b2b2b2b
      1011  }}}}}}}]++++++++  7d7d7d7d7d7d7d5d2b2b2b2b2b2b2b2b
      1011  }}}}}}]++++++++[  7d7d7d7d7d7d5d2b2b2b2b2b2b2b2b5b
      1011  }}}}}]++++++++[.  7d7d7d7d7d5d2b2b2b2b2b2b2b2b5b2e
      1011  }}}}]++++++++[.>  7d7d7d7d5d2b2b2b2b2b2b2b2b5b2e3e
      1011  [-}}}}}}}}]+++++  5b2d7d7d7d7d7d7d7d7d5d2b2b2b2b2b
      1011  -}}}}}}}}]++++++  2d7d7d7d7d7d7d7d7d5d2b2b2b2b2b2b
      1011  .[-}}}}}}}}]++++  085b2d7d7d7d7d7d7d7d7d5d2b2b2b2b
# epoch 270  H=5.8792 C=0.3341 HO=5.5451  A(t)=566
      1007  }}}}}}}]++++++++  7d7d7d7d7d7d7d5d2b2b2b2b2b2b2b2b
      1006  }}}}}}}}]+++++++  7d7d7d7d7d7d7d7d5d2b2b2b2b2b2b2b
      1006  }}]++++++++[.>}]  7d7d5d2b2b2b2b2b2b2b2b5b2e3e7d5d
      1006  [-}}}}}}}}]+++++  5b2d7d7d7d7d7d7d7d7d5d2b2b2b2b2b
      1006  -}}}}}}}}]++++++  2d7d7d7d7d7d7d7d7d5d2b2b2b2b2b2b
      1005  }}}}}}]++++++++[  7d7d7d7d7d7d5d2b2b2b2b2b2b2b2b5b
      1005  }}}}}]++++++++[.  7d7d7d7d7d5d2b2b2b2b2b2b2b2b5b2e
      1005  }}}}]++++++++[.>  7d7d7d7d5d2b2b2b2b2b2b2b2b5b2e3e
      1005  }}}]++++++++[.>}  7d7d7d5d2b2b2b2b2b2b2b2b5b2e3e7d
      1004  .[-}}}}}}}}]++++  085b2d7d7d7d7d7d7d7d7d5d2b2b2b2b
# epoch 280  H=5.9603 C=0.3416 HO=5.6187  A(t)=587
      1015  [-}}}}}}}}]+++++  5b2d7d7d7d7d7d7d7d7d5d2b2b2b2b2b
      1014  }}}]++++++++[.>}  7d7d7d5d2b2b2b2b2b2b2b2b5b2e3e7d
      1014  }}]++++++++[.>}]  7d7d5d2b2b2b2b2b2b2b2b5b2e3e7d5d
      1014  -}}}}}}}}]++++++  2d7d7d7d7d7d7d7d7d5d2b2b2b2b2b2b
      1013  }}}}}}}}]+++++++  7d7d7d7d7d7d7d7d5d2b2b2b2b2b2b2b
      1013  }}}}}}}]++++++++  7d7d7d7d7d7d7d5d2b2b2b2b2b2b2b2b
      1013  }}}}}}]++++++++[  7d7d7d7d7d7d5d2b2b2b2b2b2b2b2b5b
      1013  }}}}}]++++++++[.  7d7d7d7d7d5d2b2b2b2b2b2b2b2b5b2e
      1013  }}}}]++++++++[.>  7d7d7d7d5d2b2b2b2b2b2b2b2b5b2e3e
      1013  .[-}}}}}}}}]++++  085b2d7d7d7d7d7d7d7d7d5d2b2b2b2b
# epoch 290  H=5.9544 C=0.3279 HO=5.6265  A(t)=597
      1012  [-}}}}}}}}]+++++  5b2d7d7d7d7d7d7d7d7d5d2b2b2b2b2b
      1009  }}}}}}}}]+++++++  7d7d7d7d7d7d7d7d5d2b2b2b2b2b2b2b
      1009  }}}}}}}]++++++++  7d7d7d7d7d7d7d5d2b2b2b2b2b2b2b2b
      1009  -}}}}}}}}]++++++  2d7d7d7d7d7d7d7d7d5d2b2b2b2b2b2b
      1009  .[-}}}}}}}}]++++  085b2d7d7d7d7d7d7d7d7d5d2b2b2b2b
      1008  }}}}}}]++++++++[  7d7d7d7d7d7d5d2b2b2b2b2b2b2b2b5b
      1007  }}}}}]++++++++[.  7d7d7d7d7d5d2b2b2b2b2b2b2b2b5b2e
      1007  }}}}]++++++++[.>  7d7d7d7d5d2b2b2b2b2b2b2b2b5b2e3e
      1006  }}}]++++++++[.>}  7d7d7d5d2b2b2b2b2b2b2b2b5b2e3e7d
      1005  }}]++++++++[.>}]  7d7d5d2b2b2b2b2b2b2b2b5b2e3e7d5d
# epoch 300  H=5.9455 C=0.3319 HO=5.6136  A(t)=616
      1011  }}}}}}}}]+++++++  7d7d7d7d7d7d7d7d5d2b2b2b2b2b2b2b
      1010  -}}}}}}}}]++++++  2d7d7d7d7d7d7d7d7d5d2b2b2b2b2b2b
      1009  }}}}}}}]++++++++  7d7d7d7d7d7d7d5d2b2b2b2b2b2b2b2b
      1009  }}}}}}]++++++++[  7d7d7d7d7d7d5d2b2b2b2b2b2b2b2b5b
      1009  }}}}}]++++++++[.  7d7d7d7d7d5d2b2b2b2b2b2b2b2b5b2e
      1009  [-}}}}}}}}]+++++  5b2d7d7d7d7d7d7d7d7d5d2b2b2b2b2b
      1008  }}}}]++++++++[.>  7d7d7d7d5d2b2b2b2b2b2b2b2b5b2e3e
      1008  }}}]++++++++[.>}  7d7d7d5d2b2b2b2b2b2b2b2b5b2e3e7d
      1007  }}]++++++++[.>}]  7d7d5d2b2b2b2b2b2b2b2b5b2e3e7d5d
      1007  .[-}}}}}}}}]++++  085b2d7d7d7d7d7d7d7d7d5d2b2b2b2b
# epoch 310  H=5.9316 C=0.3391 HO=5.5925  A(t)=639
      1014  }}}]++++++++[.>}  7d7d7d5d2b2b2b2b2b2b2b2b5b2e3e7d
      1014  [-}}}}}}}}]+++++  5b2d7d7d7d7d7d7d7d7d5d2b2b2b2b2b
      1013  }}}}]++++++++[.>  7d7d7d7d5d2b2b2b2b2b2b2b2b5b2e3e
      1012  }}}}}}}}]+++++++  7d7d7d7d7d7d7d7d5d2b2b2b2b2b2b2b
      1012  }}}}}}]++++++++[  7d7d7d7d7d7d5d2b2b2b2b2b2b2b2b5b
      1012  }}}}}]++++++++[.  7d7d7d7d7d5d2b2b2b2b2b2b2b2b5b2e
      1012  }}]++++++++[.>}]  7d7d5d2b2b2b2b2b2b2b2b5b2e3e7d5d
      1012  .[-}}}}}}}}]++++  085b2d7d7d7d7d7d7d7d7d5d2b2b2b2b
      1011  }}}}}}}]++++++++  7d7d7d7d7d7d7d5d2b2b2b2b2b2b2b2b
      1011  -}}}}}}}}]++++++  2d7d7d7d7d7d7d7d7d5d2b2b2b2b2b2b
# epoch 320  H=5.9465 C=0.3240 HO=5.6226  A(t)=657
      1010  }}]++++++++[.>}]  7d7d5d2b2b2b2b2b2b2b2b5b2e3e7d5d
      1009  }}}}}}}}]+++++++  7d7d7d7d7d7d7d7d5d2b2b2b2b2b2b2b
      1009  }}}]++++++++[.>}  7d7d7d5d2b2b2b2b2b2b2b2b5b2e3e7d
      1009  [-}}}}}}}}]+++++  5b2d7d7d7d7d7d7d7d7d5d2b2b2b2b2b
      1009  -}}}}}}}}]++++++  2d7d7d7d7d7d7d7d7d5d2b2b2b2b2b2b
      1009  .[-}}}}}}}}]++++  085b2d7d7d7d7d7d7d7d7d5d2b2b2b2b
      1008  }}}}}}}]++++++++  7d7d7d7d7d7d7d5d2b2b2b2b2b2b2b2b
      1006  }}}}}}]++++++++[  7d7d7d7d7d7d5d2b2b2b2b2b2b2b2b5b
      1006  }}}}}]++++++++[.  7d7d7d7d7d5d2b2b2b2b2b2b2b2b5b2e
      1006  }}}}]++++++++[.>  7d7d7d7d5d2b2b2b2b2b2b2b2b5b2e3e
# epoch 330  H=5.9566 C=0.3467 HO=5.6099  A(t)=665
      1014  [-}}}}}}}}]+++++  5b2d7d7d7d7d7d7d7d7d5d2b2b2b2b2b
      1014  -}}}}}}}}]++++++  2d7d7d7d7d7d7d7d7d5d2b2b2b2b2b2b
      1014  .[-}}}}}}}}]++++  085b2d7d7d7d7d7d7d7d7d5d2b2b2b2b
      1013  }}}}}}}}]+++++++  7d7d7d7d7d7d7d7d5d2b2b2b2b2b2b2b
      1006  }}}}}}}]++++++++  7d7d7d7d7d7d7d5d2b2b2b2b2b2b2b2b
      1006  }}}}}}]++++++++[  7d7d7d7d7d7d5d2b2b2b2b2b2b2b2b5b
      1006  }}}}}]++++++++[.  7d7d7d7d7d5d2b2b2b2b2b2b2b2b5b2e
      1006  }}}}]++++++++[.>  7d7d7d7d5d2b2b2b2b2b2b2b2b5b2e3e
      1006  }}]++++++++[.>}]  7d7d5d2b2b2b2b2b2b2b2b5b2e3e7d5d
      1005  }}}]++++++++[.>}  7d7d7d5d2b2b2b2b2b2b2b2b5b2e3e7d
# epoch 340  H=5.9611 C=0.3606 HO=5.6005  A(t)=697
      1003  .[-}}}}}}}}]++++  085b2d7d7d7d7d7d7d7d7d5d2b2b2b2b
      1002  }}}}}}}}]+++++++  7d7d7d7d7d7d7d7d5d2b2b2b2b2b2b2b
      1002  [-}}}}}}}}]+++++  5b2d7d7d7d7d7d7d7d7d5d2b2b2b2b2b
      1002  -}}}}}}}}]++++++  2d7d7d7d7d7d7d7d7d5d2b2b2b2b2b2b
       997  }}}]++++++++[.>}  7d7d7d5d2b2b2b2b2b2b2b2b5b2e3e7d
       997  }}]++++++++[.>}]  7d7d5d2b2b2b2b2b2b2b2b5b2e3e7d5d
       994  }}}}]++++++++[.>  7d7d7d7d5d2b2b2b2b2b2b2b2b5b2e3e
       993  }}}}}}}]++++++++  7d7d7d7d7d7d7d5d2b2b2b2b2b2b2b2b
       993  }}}}}}]++++++++[  7d7d7d7d7d7d5d2b2b2b2b2b2b2b2b5b
       993  }}}}}]++++++++[.  7d7d7d7d7d5d2b2b2b2b2b2b2b2b5b2e
# epoch 350  H=5.9565 C=0.3652 HO=5.5912  A(t)=701
       998  [-}}}}}}}}]+++++  5b2d7d7d7d7d7d7d7d7d5d2b2b2b2b2b
       997  }}}}}}]++++++++[  7d7d7d7d7d7d5d2b2b2b2b2b2b2b2b5b
       997  }}}]++++++++[.>}  7d7d7d5d2b2b2b2b2b2b2b2b5b2e3e7d
       997  .[-}}}}}}}}]++++  085b2d7d7d7d7d7d7d7d7d5d2b2b2b2b
       996  }}}}}}}}]+++++++  7d7d7d7d7d7d7d7d5d2b2b2b2b2b2b2b
       996  }}}}}}}]++++++++  7d7d7d7d7d7d7d5d2b2b2b2b2b2b2b2b
       996  }}}}}]++++++++[.  7d7d7d7d7d5d2b2b2b2b2b2b2b2b5b2e
       996  }}}}]++++++++[.>  7d7d7d7d5d2b2b2b2b2b2b2b2b5b2e3e
       996  }}]++++++++[.>}]  7d7d5d2b2b2b2b2b2b2b2b5b2e3e7d5d
       996  -}}}}}}}}]++++++  2d7d7d7d7d7d7d7d7d5d2b2b2b2b2b2b
# epoch 360  H=5.9028 C=0.3469 HO=5.5559  A(t)=720
      1010  [-}}}}}}}}]+++++  5b2d7d7d7d7d7d7d7d7d5d2b2b2b2b2b
      1009  -}}}}}}}}]++++++  2d7d7d7d7d7d7d7d7d5d2b2b2b2b2b2b
      1008  }}}}}}}}]+++++++  7d7d7d7d7d7d7d7d5d2b2b2b2b2b2b2b
      1008  }}}}}}}]++++++++  7d7d7d7d7d7d7d5d2b2b2b2b2b2b2b2b
      1008  }}}}}}]++++++++[  7d7d7d7d7d7d5d2b2b2b2b2b2b2b2b5b
      1008  .[-}}}}}}}}]++++  085b2d7d7d7d7d7d7d7d7d5d2b2b2b2b
      1007  }}}}}]++++++++[.  7d7d7d7d7d5d2b2b2b2b2b2b2b2b5b2e
      1007  }}}}]++++++++[.>  7d7d7d7d5d2b2b2b2b2b2b2b2b5b2e3e
      1007  }}]++++++++[.>}]  7d7d5d2b2b2b2b2b2b2b2b5b2e3e7d5d
      1006  }}}]++++++++[.>}  7d7d7d5d2b2b2b2b2b2b2b2b5b2e3e7d
# epoch 370  H=5.9193 C=0.3320 HO=5.5872  A(t)=756
      1015  }}]++++++++[.>}]  7d7d5d2b2b2b2b2b2b2b2b5b2e3e7d5d
      1014  }}}]++++++++[.>}  7d7d7d5d2b2b2b2b2b2b2b2b5b2e3e7d
      1013  }}}}}}}}]+++++++  7d7d7d7d7d7d7d7d5d2b2b2b2b2b2b2b
      1013  }}}}}}}]++++++++  7d7d7d7d7d7d7d5d2b2b2b2b2b2b2b2b
      1013  }}}}}}]++++++++[  7d7d7d7d7d7d5d2b2b2b2b2b2b2b2b5b
      1013  }}}}]++++++++[.>  7d7d7d7d5d2b2b2b2b2b2b2b2b5b2e3e
      1013  [-}}}}}}}}]+++++  5b2d7d7d7d7d7d7d7d7d5d2b2b2b2b2b
      1013  -}}}}}}}}]++++++  2d7d7d7d7d7d7d7d7d5d2b2b2b2b2b2b
      1013  .[-}}}}}}}}]++++  085b2d7d7d7d7d7d7d7d7d5d2b2b2b2b
      1012  }}}}}]++++++++[.  7d7d7d7d7d5d2b2b2b2b2b2b2b2b5b2e
# epoch 380  H=5.8703 C=0.3434 HO=5.5270  A(t)=767
      1005  [-}}}}}}}}]+++++  5b2d7d7d7d7d7d7d7d7d5d2b2b2b2b2b
      1004  }}}}}}}}]+++++++  7d7d7d7d7d7d7d7d5d2b2b2b2b2b2b2b
      1004  }}}}}}}]++++++++  7d7d7d7d7d7d7d5d2b2b2b2b2b2b2b2b
      1004  }}}}}}]++++++++[  7d7d7d7d7d7d5d2b2b2b2b2b2b2b2b5b
      1004  }}}}}]++++++++[.  7d7d7d7d7d5d2b2b2b2b2b2b2b2b5b2e
      1004  }}}}]++++++++[.>  7d7d7d7d5d2b2b2b2b2b2b2b2b5b2e3e
      1004  }}}]++++++++[.>}  7d7d7d5d2b2b2b2b2b2b2b2b5b2e3e7d
      1004  }}]++++++++[.>}]  7d7d5d2b2b2b2b2b2b2b2b5b2e3e7d5d
      1004  -}}}}}}}}]++++++  2d7d7d7d7d7d7d7d7d5d2b2b2b2b2b2b
      1004  .[-}}}}}}}}]++++  085b2d7d7d7d7d7d7d7d7d5d2b2b2b2b
# epoch 390  H=5.9138 C=0.3602 HO=5.5536  A(t)=787
      1005  }}}}}}}}]+++++++  7d7d7d7d7d7d7d7d5d2b2b2b2b2b2b2b
      1005  -}}}}}}}}]++++++  2d7d7d7d7d7d7d7d7d5d2b2b2b2b2b2b
      1004  [-}}}}}}}}]+++++  5b2d7d7d7d7d7d7d7d7d5d2b2b2b2b2b
      1002  }}}}}}}]++++++++  7d7d7d7d7d7d7d5d2b2b2b2b2b2b2b2b
      1001  }}}}}}]++++++++[  7d7d7d7d7d7d5d2b2b2b2b2b2b2b2b5b
      1001  }}}}}]++++++++[.  7d7d7d7d7d5d2b2b2b2b2b2b2b2b5b2e
      1001  .[-}}}}}}}}]++++  085b2d7d7d7d7d7d7d7d7d5d2b2b2b2b
      1000  }}}}]++++++++[.>  7d7d7d7d5d2b2b2b2b2b2b2b2b5b2e3e
       999  }}}]++++++++[.>}  7d7d7d5d2b2b2b2b2b2b2b2b5b2e3e7d
       996  }}]++++++++[.>}]  7d7d5d2b2b2b2b2b2b2b2b5b2e3e7d5d
# epoch 400  H=5.8833 C=0.3348 HO=5.5485  A(t)=797
      1011  [-}}}}}}}}]+++++  5b2d7d7d7d7d7d7d7d7d5d2b2b2b2b2b
      1010  -}}}}}}}}]++++++  2d7d7d7d7d7d7d7d7d5d2b2b2b2b2b2b
      1009  }}}}}}}}]+++++++  7d7d7d7d7d7d7d7d5d2b2b2b2b2b2b2b
      1009  .[-}}}}}}}}]++++  085b2d7d7d7d7d7d7d7d7d5d2b2b2b2b
      1008  }}}]++++++++[.>}  7d7d7d5d2b2b2b2b2b2b2b2b5b2e3e7d
      1008  }}]++++++++[.>}]  7d7d5d2b2b2b2b2b2b2b2b5b2e3e7d5d
      1007  }}}}}}}]++++++++  7d7d7d7d7d7d7d5d2b2b2b2b2b2b2b2b
      1007  }}}}]++++++++[.>  7d7d7d7d5d2b2b2b2b2b2b2b2b5b2e3e
      1006  }}}}}}]++++++++[  7d7d7d7d7d7d5d2b2b2b2b2b2b2b2b5b
      1006  }}}}}]++++++++[.  7d7d7d7d7d5d2b2b2b2b2b2b2b2b5b2e
