# epoch 0  H=7.9999 C=8.0025 HO=-0.0001  A(t)=0
         1  ......`..d..U8..  fffffe98ebeb60b0aa64a190553801e0
         1  ....v.........s.  fffff39f76fad0189ebcdebdd8d77392
         1  ...b...../.P.Lk.  fffff3620bfb19de8c2f9b50834c6bcf
         1  ...............~  ffffeaeecfe1d1e6bccdadcbb985f17e
         1  .............L.s  ffffcbe7f7ee16151bcee714114cd673
         1  ...;OB.k........  ffffb83b4f42c66b029c98c7a9b811f5
         1  .......q4.S.-...  ffffb2a514a6f27134b253072d9daf03
         1  ....".I..v...>8.  ffffafa5229349a2e6761ae0b43e38e7
         1  ...Y.EO./a.....L  ffffad59e0454f022f61c710e7e4a74c
         1  .....X_H..7..V.1  ffffa6a2a1585f48a1cb3714d4569631
# epoch 250  H=7.9868 C=7.8764 HO=0.0855  A(t)=0
       318  ,,,,,,,,,,,,,,,,  2c2c2c2c2c2c2c2c2c2c2c2c2c2c2c2c
       316  ]]]]]]]]]]]]]]]]  5d5d5d5d5d5d5d5d5d5d5d5d5d5d5d5d
       191  [[[[[[[[[[[[[[[[  5b5b5b5b5b5b5b5b5b5b5b5b5b5b5b5b
       100  ................  2e2e2e2e2e2e2e2e2e2e2e2e2e2e2e2e
        82  llllllllllllllll  6c6c6c6c6c6c6c6c6c6c6c6c6c6c6c6c
        76  ################  23232323232323232323232323232323
        74  rrrrrrrrrrrrrrrr  72727272727272727272727272727272
        74  ................  18181818181818181818181818181818
        69  ................  f1f1f1f1f1f1f1f1f1f1f1f1f1f1f1f1
        69  \\\\\\\\\\\\\\\\  5c5c5c5c5c5c5c5c5c5c5c5c5c5c5c5c
# epoch 500  H=7.9626 C=7.8382 HO=0.0722  A(t)=0
       322  [[[[[[[[[[[[[[[[  5b5b5b5b5b5b5b5b5b5b5b5b5b5b5b5b
       287  ,,,,,,,,,,,,,,,,  2c2c2c2c2c2c2c2c2c2c2c2c2c2c2c2c
       196  ]]]]]]]]]]]]]]]]  5d5d5d5d5d5d5d5d5d5d5d5d5d5d5d5d
       145  ................  2e2e2e2e2e2e2e2e2e2e2e2e2e2e2e2e
        82  ................  dededededededededededededededede
        79  DDDDDDDDDDDDDDDD  44444444444444444444444444444444
        76  ................  b3b3b3b3b3b3b3b3b3b3b3b3b3b3b3b3
        62  ''''''''''''''''  27272727272727272727272727272727
        60  ................  cdcdcdcdcdcdcdcdcdcdcdcdcdcdcdcd
        60  ................  9e9e9e9e9e9e9e9e9e9e9e9e9e9e9e9e
# epoch 750  H=7.9367 C=7.7962 HO=0.0831  A(t)=0
       361  ,,,,,,,,,,,,,,,,  2c2c2c2c2c2c2c2c2c2c2c2c2c2c2c2c
       225  [[[[[[[[[[[[[[[[  5b5b5b5b5b5b5b5b5b5b5b5b5b5b5b5b
       179  ]]]]]]]]]]]]]]]]  5d5d5d5d5d5d5d5d5d5d5d5d5d5d5d5d
       120  ................  2e2e2e2e2e2e2e2e2e2e2e2e2e2e2e2e
        80  ................  8d8d8d8d8d8d8d8d8d8d8d8d8d8d8d8d
        73  ................  15151515151515151515151515151515
        66  ................  c8c8c8c8c8c8c8c8c8c8c8c8c8c8c8c8
        65  ................  c3c3c3c3c3c3c3c3c3c3c3c3c3c3c3c3
        63  \\\\\\\\\\\\\\\\  5c5c5c5c5c5c5c5c5c5c5c5c5c5c5c5c
        62  ................  f6f6f6f6f6f6f6f6f6f6f6f6f6f6f6f6
# epoch 1000  H=7.9120 C=7.7450 HO=0.1056  A(t)=0
       459  ,,,,,,,,,,,,,,,,  2c2c2c2c2c2c2c2c2c2c2c2c2c2c2c2c
       429  [[[[[[[[[[[[[[[[  5b5b5b5b5b5b5b5b5b5b5b5b5b5b5b5b
       344  ]]]]]]]]]]]]]]]]  5d5d5d5d5d5d5d5d5d5d5d5d5d5d5d5d
       141  ................  2e2e2e2e2e2e2e2e2e2e2e2e2e2e2e2e
       129  ................  01010101010101010101010101010101
       102  ................  ffffffffffffffffffffffffffffffff
        77  ................  c0c0c0c0c0c0c0c0c0c0c0c0c0c0c0c0
        74  ;;;;;;;;;;;;;;;;  3b3b3b3b3b3b3b3b3b3b3b3b3b3b3b3b
        71  ................  ebebebebebebebebebebebebebebebeb
        67  ZZZZZZZZZZZZZZZZ  5a5a5a5a5a5a5a5a5a5a5a5a5a5a5a5a
# epoch 1250  H=7.8862 C=7.6959 HO=0.1257  A(t)=200
       633  ,,,,,,,,,,,,,,,,  2c2c2c2c2c2c2c2c2c2c2c2c2c2c2c2c
       598  [[[[[[[[[[[[[[[[  5b5b5b5b5b5b5b5b5b5b5b5b5b5b5b5b
       328  ]]]]]]]]]]]]]]]]  5d5d5d5d5d5d5d5d5d5d5d5d5d5d5d5d
       291  ................  2e2e2e2e2e2e2e2e2e2e2e2e2e2e2e2e
       172  \\\\\\\\\\\\\\\\  5c5c5c5c5c5c5c5c5c5c5c5c5c5c5c5c
        96  ZZZZZZZZZZZZZZZZ  5a5a5a5a5a5a5a5a5a5a5a5a5a5a5a5a
        85  ................  01010101010101010101010101010101
        84  ;;;;;;;;;;;;;;;;  3b3b3b3b3b3b3b3b3b3b3b3b3b3b3b3b
        82  ................  03030303030303030303030303030303
        80  0000000000000000  30303030303030303030303030303030
# epoch 1500  H=7.8708 C=7.6666 HO=0.1307  A(t)=209
       503  [[[[[[[[[[[[[[[[  5b5b5b5b5b5b5b5b5b5b5b5b5b5b5b5b
       409  ,,,,,,,,,,,,,,,,  2c2c2c2c2c2c2c2c2c2c2c2c2c2c2c2c
       265  ]]]]]]]]]]]]]]]]  5d5d5d5d5d5d5d5d5d5d5d5d5d5d5d5d
       231  ................  2e2e2e2e2e2e2e2e2e2e2e2e2e2e2e2e
        90  WWWWWWWWWWWWWWWW  57575757575757575757575757575757
        83  ::::::::::::::::  3a3a3a3a3a3a3a3a3a3a3a3a3a3a3a3a
        82  ////////////////  2f2f2f2f2f2f2f2f2f2f2f2f2f2f2f2f
        80  <<<<<<<<<<<<<<<<  3c3c3c3c3c3c3c3c3c3c3c3c3c3c3c3c
        79  ................  03030303030303030303030303030303
        77  ''''''''''''''''  27272727272727272727272727272727
# epoch 1750  H=7.8592 C=7.6455 HO=0.1436  A(t)=226
       698  ,,,,,,,,,,,,,,,,  2c2c2c2c2c2c2c2c2c2c2c2c2c2c2c2c
       599  [[[[[[[[[[[[[[[[  5b5b5b5b5b5b5b5b5b5b5b5b5b5b5b5b
       493  ]]]]]]]]]]]]]]]]  5d5d5d5d5d5d5d5d5d5d5d5d5d5d5d5d
       138  >>>>>>>>>>>>>>>>  3e3e3e3e3e3e3e3e3e3e3e3e3e3e3e3e
       136  ////////////////  2f2f2f2f2f2f2f2f2f2f2f2f2f2f2f2f
       136  ................  2e2e2e2e2e2e2e2e2e2e2e2e2e2e2e2e
       117  ================  3d3d3d3d3d3d3d3d3d3d3d3d3d3d3d3d
       102  pppppppppppppppp  70707070707070707070707070707070
        97  ................  d9d9d9d9d9d9d9d9d9d9d9d9d9d9d9d9
        97  4444444444444444  34343434343434343434343434343434
# epoch 2000  H=7.8505 C=7.6435 HO=0.1376  A(t)=247
       901  ,,,,,,,,,,,,,,,,  2c2c2c2c2c2c2c2c2c2c2c2c2c2c2c2c
       499  [[[[[[[[[[[[[[[[  5b5b5b5b5b5b5b5b5b5b5b5b5b5b5b5b
       268  ]]]]]]]]]]]]]]]]  5d5d5d5d5d5d5d5d5d5d5d5d5d5d5d5d
       222  ................  2e2e2e2e2e2e2e2e2e2e2e2e2e2e2e2e
       158  ****************  2a2a2a2a2a2a2a2a2a2a2a2a2a2a2a2a
       145  7777777777777777  37373737373737373737373737373737
       123  ;;;;;;;;;;;;;;;;  3b3b3b3b3b3b3b3b3b3b3b3b3b3b3b3b
       105  ................  17171717171717171717171717171717
       100  ................  b4b4b4b4b4b4b4b4b4b4b4b4b4b4b4b4
        86  \\\\\\\\\\\\\\\\  5c5c5c5c5c5c5c5c5c5c5c5c5c5c5c5c
# epoch 2250  H=7.8396 C=7.6291 HO=0.1387  A(t)=267
       643  ,,,,,,,,,,,,,,,,  2c2c2c2c2c2c2c2c2c2c2c2c2c2c2c2c
       417  ]]]]]]]]]]]]]]]]  5d5d5d5d5d5d5d5d5d5d5d5d5d5d5d5d
       250  [[[[[[[[[[[[[[[[  5b5b5b5b5b5b5b5b5b5b5b5b5b5b5b5b
       239  ................  2e2e2e2e2e2e2e2e2e2e2e2e2e2e2e2e
       169  ^^^^^^^^^^^^^^^^  5e5e5e5e5e5e5e5e5e5e5e5e5e5e5e5e
       157  ZZZZZZZZZZZZZZZZ  5a5a5a5a5a5a5a5a5a5a5a5a5a5a5a5a
       129  ................  b6b6b6b6b6b6b6b6b6b6b6b6b6b6b6b6
        99  AAAAAAAAAAAAAAAA  41414141414141414141414141414141
        99  ////////////////  2f2f2f2f2f2f2f2f2f2f2f2f2f2f2f2f
        97  ++++++++++++++++  2b2b2b2b2b2b2b2b2b2b2b2b2b2b2b2b
# epoch 2500  H=7.8306 C=7.6204 HO=0.1420  A(t)=288
       561  [[[[[[[[[[[[[[[[  5b5b5b5b5b5b5b5b5b5b5b5b5b5b5b5b
       557  ,,,,,,,,,,,,,,,,  2c2c2c2c2c2c2c2c2c2c2c2c2c2c2c2c
       292  ]]]]]]]]]]]]]]]]  5d5d5d5d5d5d5d5d5d5d5d5d5d5d5d5d
       182  ................  2e2e2e2e2e2e2e2e2e2e2e2e2e2e2e2e
       176  ................  01010101010101010101010101010101
       157  \\\\\\\\\\\\\\\\  5c5c5c5c5c5c5c5c5c5c5c5c5c5c5c5c
       156  ................  02020202020202020202020202020202
       127  ****************  2a2a2a2a2a2a2a2a2a2a2a2a2a2a2a2a
       123  ................  a8a8a8a8a8a8a8a8a8a8a8a8a8a8a8a8
       106  ................  fdfdfdfdfdfdfdfdfdfdfdfdfdfdfdfd
# epoch 2750  H=7.8185 C=7.6130 HO=0.1347  A(t)=303
       598  [[[[[[[[[[[[[[[[  5b5b5b5b5b5b5b5b5b5b5b5b5b5b5b5b
       555  ,,,,,,,,,,,,,,,,  2c2c2c2c2c2c2c2c2c2c2c2c2c2c2c2c
       482  ]]]]]]]]]]]]]]]]  5d5d5d5d5d5d5d5d5d5d5d5d5d5d5d5d
       250  ................  2e2e2e2e2e2e2e2e2e2e2e2e2e2e2e2e
       123  ................  01010101010101010101010101010101
       113  <<<<<<<<<<<<<<<<  3c3c3c3c3c3c3c3c3c3c3c3c3c3c3c3c
       110  ................  fefefefefefefefefefefefefefefefe
       105  oooooooooooooooo  6f6f6f6f6f6f6f6f6f6f6f6f6f6f6f6f
       104  ................  06060606060606060606060606060606
        98  DDDDDDDDDDDDDDDD  44444444444444444444444444444444
# epoch 3000  H=7.8118 C=7.6106 HO=0.1339  A(t)=304
       454  ,,,,,,,,,,,,,,,,  2c2c2c2c2c2c2c2c2c2c2c2c2c2c2c2c
       402  [[[[[[[[[[[[[[[[  5b5b5b5b5b5b5b5b5b5b5b5b5b5b5b5b
       371  ]]]]]]]]]]]]]]]]  5d5d5d5d5d5d5d5d5d5d5d5d5d5d5d5d
       223  ................  2e2e2e2e2e2e2e2e2e2e2e2e2e2e2e2e
       149  ................  a6a6a6a6a6a6a6a6a6a6a6a6a6a6a6a6
       143  ----------------  2d2d2d2d2d2d2d2d2d2d2d2d2d2d2d2d
       138  5555555555555555  35353535353535353535353535353535
       129  \\\\\\\\\\\\\\\\  5c5c5c5c5c5c5c5c5c5c5c5c5c5c5c5c
       122  ................  04040404040404040404040404040404
       115  ................  d1d1d1d1d1d1d1d1d1d1d1d1d1d1d1d1
# epoch 3250  H=7.8082 C=7.6070 HO=0.1329  A(t)=306
       811  [[[[[[[[[[[[[[[[  5b5b5b5b5b5b5b5b5b5b5b5b5b5b5b5b
       477  ,,,,,,,,,,,,,,,,  2c2c2c2c2c2c2c2c2c2c2c2c2c2c2c2c
       375  ]]]]]]]]]]]]]]]]  5d5d5d5d5d5d5d5d5d5d5d5d5d5d5d5d
       151  ................  2e2e2e2e2e2e2e2e2e2e2e2e2e2e2e2e
       139  AAAAAAAAAAAAAAAA  41414141414141414141414141414141
       117  ................  aaaaaaaaaaaaaaaaaaaaaaaaaaaaaaaa
       104  ||||||||||||||||  7c7c7c7c7c7c7c7c7c7c7c7c7c7c7c7c
       100  \\\\\\\\\\\\\\\\  5c5c5c5c5c5c5c5c5c5c5c5c5c5c5c5c
        94  LLLLLLLLLLLLLLLL  4c4c4c4c4c4c4c4c4c4c4c4c4c4c4c4c
        93  >>>>>>>>>>>>>>>>  3e3e3e3e3e3e3e3e3e3e3e3e3e3e3e3e
# epoch 3500  H=7.8002 C=7.5971 HO=0.1360  A(t)=306
       499  ,,,,,,,,,,,,,,,,  2c2c2c2c2c2c2c2c2c2c2c2c2c2c2c2c
       394  [[[[[[[[[[[[[[[[  5b5b5b5b5b5b5b5b5b5b5b5b5b5b5b5b
       328  ................  2e2e2e2e2e2e2e2e2e2e2e2e2e2e2e2e
       297  ]]]]]]]]]]]]]]]]  5d5d5d5d5d5d5d5d5d5d5d5d5d5d5d5d
       187  ****************  2a2a2a2a2a2a2a2a2a2a2a2a2a2a2a2a
       163  \\\\\\\\\\\\\\\\  5c5c5c5c5c5c5c5c5c5c5c5c5c5c5c5c
       146  >>>>>>>>>>>>>>>>  3e3e3e3e3e3e3e3e3e3e3e3e3e3e3e3e
       129  ZZZZZZZZZZZZZZZZ  5a5a5a5a5a5a5a5a5a5a5a5a5a5a5a5a
       125  ................  02020202020202020202020202020202
       121  ................  ffffffffffffffffffffffffffffffff
# epoch 3750  H=7.7975 C=7.5987 HO=0.1342  A(t)=306
       639  [[[[[[[[[[[[[[[[  5b5b5b5b5b5b5b5b5b5b5b5b5b5b5b5b
       520  ]]]]]]]]]]]]]]]]  5d5d5d5d5d5d5d5d5d5d5d5d5d5d5d5d
       510  ,,,,,,,,,,,,,,,,  2c2c2c2c2c2c2c2c2c2c2c2c2c2c2c2c
       184  ................  fefefefefefefefefefefefefefefefe
       113  ................  2e2e2e2e2e2e2e2e2e2e2e2e2e2e2e2e
       111  ................  02020202020202020202020202020202
       106  >>>>>>>>>>>>>>>>  3e3e3e3e3e3e3e3e3e3e3e3e3e3e3e3e
       103  ________________  5f5f5f5f5f5f5f5f5f5f5f5f5f5f5f5f
        98  ................  ffffffffffffffffffffffffffffffff
        86  ................  c9c9c9c9c9c9c9c9c9c9c9c9c9c9c9c9
# epoch 4000  H=7.7902 C=7.5716 HO=0.1504  A(t)=306
       680  ,,,,,,,,,,,,,,,,  2c2c2c2c2c2c2c2c2c2c2c2c2c2c2c2c
       500  [[[[[[[[[[[[[[[[  5b5b5b5b5b5b5b5b5b5b5b5b5b5b5b5b
       336  ]]]]]]]]]]]]]]]]  5d5d5d5d5d5d5d5d5d5d5d5d5d5d5d5d
       276  ................  01010101010101010101010101010101
       206  ................  ffffffffffffffffffffffffffffffff
       188  \\\\\\\\\\\\\\\\  5c5c5c5c5c5c5c5c5c5c5c5c5c5c5c5c
       171  ................  2e2e2e2e2e2e2e2e2e2e2e2e2e2e2e2e
       161  ????????????????  3f3f3f3f3f3f3f3f3f3f3f3f3f3f3f3f
       114  ))))))))))))))))  29292929292929292929292929292929
       104  ................  a7a7a7a7a7a7a7a7a7a7a7a7a7a7a7a7
# epoch 4250  H=7.7857 C=7.5595 HO=0.1579  A(t)=308
       676  ,,,,,,,,,,,,,,,,  2c2c2c2c2c2c2c2c2c2c2c2c2c2c2c2c
       615  [[[[[[[[[[[[[[[[  5b5b5b5b5b5b5b5b5b5b5b5b5b5b5b5b
       382  ]]]]]]]]]]]]]]]]  5d5d5d5d5d5d5d5d5d5d5d5d5d5d5d5d
       170  ................  01010101010101010101010101010101
       167  ................  02020202020202020202020202020202
       166  ;;;;;;;;;;;;;;;;  3b3b3b3b3b3b3b3b3b3b3b3b3b3b3b3b
       157  ................  f4f4f4f4f4f4f4f4f4f4f4f4f4f4f4f4
       151  ................  ffffffffffffffffffffffffffffffff
       127  <<<<<<<<<<<<<<<<  3c3c3c3c3c3c3c3c3c3c3c3c3c3c3c3c
       124  ????????????????  3f3f3f3f3f3f3f3f3f3f3f3f3f3f3f3f
# epoch 4500  H=7.7742 C=7.5377 HO=0.1683  A(t)=309
       868  [[[[[[[[[[[[[[[[  5b5b5b5b5b5b5b5b5b5b5b5b5b5b5b5b
       627  ,,,,,,,,,,,,,,,,  2c2c2c2c2c2c2c2c2c2c2c2c2c2c2c2c
       456  ]]]]]]]]]]]]]]]]  5d5d5d5d5d5d5d5d5d5d5d5d5d5d5d5d
       223  ////////////////  2f2f2f2f2f2f2f2f2f2f2f2f2f2f2f2f
       180  ................  ffffffffffffffffffffffffffffffff
       154  ................  01010101010101010101010101010101
       127  ................  2e2e2e2e2e2e2e2e2e2e2e2e2e2e2e2e
       121  ................  fcfcfcfcfcfcfcfcfcfcfcfcfcfcfcfc
       105  \\\\\\\\\\\\\\\\  5c5c5c5c5c5c5c5c5c5c5c5c5c5c5c5c
       103  ................  03030303030303030303030303030303
# epoch 4750  H=7.7753 C=7.5431 HO=0.1622  A(t)=309
       750  [[[[[[[[[[[[[[[[  5b5b5b5b5b5b5b5b5b5b5b5b5b5b5b5b
       591  ,,,,,,,,,,,,,,,,  2c2c2c2c2c2c2c2c2c2c2c2c2c2c2c2c
       433  ]]]]]]]]]]]]]]]]  5d5d5d5d5d5d5d5d5d5d5d5d5d5d5d5d
       303  ................  2e2e2e2e2e2e2e2e2e2e2e2e2e2e2e2e
       170  ))))))))))))))))  29292929292929292929292929292929
       149  \\\\\\\\\\\\\\\\  5c5c5c5c5c5c5c5c5c5c5c5c5c5c5c5c
       142  >>>>>>>>>>>>>>>>  3e3e3e3e3e3e3e3e3e3e3e3e3e3e3e3e
       142  ................  01010101010101010101010101010101
       119  ................  03030303030303030303030303030303
       107  ................  0e0e0e0e0e0e0e0e0e0e0e0e0e0e0e0e
# epoch 5000  H=7.7730 C=7.5466 HO=0.1581  A(t)=309
      1137  [[[[[[[[[[[[[[[[  5b5b5b5b5b5b5b5b5b5b5b5b5b5b5b5b
       599  ,,,,,,,,,,,,,,,,  2c2c2c2c2c2c2c2c2c2c2c2c2c2c2c2c
       395  ]]]]]]]]]]]]]]]]  5d5d5d5d5d5d5d5d5d5d5d5d5d5d5d5d
       183  \\\\\\\\\\\\\\\\  5c5c5c5c5c5c5c5c5c5c5c5c5c5c5c5c
       178  ................  2e2e2e2e2e2e2e2e2e2e2e2e2e2e2e2e
       125  ................  81818181818181818181818181818181
       106  ................  dfdfdfdfdfdfdfdfdfdfdfdfdfdfdfdf
       106  ^^^^^^^^^^^^^^^^  5e5e5e5e5e5e5e5e5e5e5e5e5e5e5e5e
       106  9999999999999999  39393939393939393939393939393939
       106  ................  01010101010101010101010101010101
# epoch 5250  H=7.7694 C=7.5392 HO=0.1652  A(t)=309
       617  ,,,,,,,,,,,,,,,,  2c2c2c2c2c2c2c2c2c2c2c2c2c2c2c2c
       433  [[[[[[[[[[[[[[[[  5b5b5b5b5b5b5b5b5b5b5b5b5b5b5b5b
       345  ................  2e2e2e2e2e2e2e2e2e2e2e2e2e2e2e2e
       340  ]]]]]]]]]]]]]]]]  5d5d5d5d5d5d5d5d5d5d5d5d5d5d5d5d
       160  \\\\\\\\\\\\\\\\  5c5c5c5c5c5c5c5c5c5c5c5c5c5c5c5c
       133  ................  02020202020202020202020202020202
       132  ((((((((((((((((  28282828282828282828282828282828
       131  ................  ffffffffffffffffffffffffffffffff
       124  0000000000000000  30303030303030303030303030303030
       114  ................  f1f1f1f1f1f1f1f1f1f1f1f1f1f1f1f1
# epoch 5500  H=7.7631 C=7.5227 HO=0.1726  A(t)=309
       783  ,,,,,,,,,,,,,,,,  2c2c2c2c2c2c2c2c2c2c2c2c2c2c2c2c
       527  ]]]]]]]]]]]]]]]]  5d5d5d5d5d5d5d5d5d5d5d5d5d5d5d5d
       520  [[[[[[[[[[[[[[[[  5b5b5b5b5b5b5b5b5b5b5b5b5b5b5b5b
       193  ................  01010101010101010101010101010101
       142  3333333333333333  33333333333333333333333333333333
       139  ////////////////  2f2f2f2f2f2f2f2f2f2f2f2f2f2f2f2f
       137  ................  fdfdfdfdfdfdfdfdfdfdfdfdfdfdfdfd
       134  ................  06060606060606060606060606060606
       132  ................  2e2e2e2e2e2e2e2e2e2e2e2e2e2e2e2e
       126  ................  84848484848484848484848484848484
# epoch 5750  H=7.7621 C=7.5297 HO=0.1637  A(t)=309
       835  [[[[[[[[[[[[[[[[  5b5b5b5b5b5b5b5b5b5b5b5b5b5b5b5b
       762  ,,,,,,,,,,,,,,,,  2c2c2c2c2c2c2c2c2c2c2c2c2c2c2c2c
       471  ]]]]]]]]]]]]]]]]  5d5d5d5d5d5d5d5d5d5d5d5d5d5d5d5d
       205  ................  2e2e2e2e2e2e2e2e2e2e2e2e2e2e2e2e
       161  \\\\\\\\\\\\\\\\  5c5c5c5c5c5c5c5c5c5c5c5c5c5c5c5c
       157  ZZZZZZZZZZZZZZZZ  5a5a5a5a5a5a5a5a5a5a5a5a5a5a5a5a
       130  ................  05050505050505050505050505050505
       126  ................  01010101010101010101010101010101
       123  ................  02020202020202020202020202020202
       119  ................  fefefefefefefefefefefefefefefefe
# epoch 6000  H=7.7633 C=7.5469 HO=0.1539  A(t)=312
       735  [[[[[[[[[[[[[[[[  5b5b5b5b5b5b5b5b5b5b5b5b5b5b5b5b
       545  ]]]]]]]]]]]]]]]]  5d5d5d5d5d5d5d5d5d5d5d5d5d5d5d5d
       499  ,,,,,,,,,,,,,,,,  2c2c2c2c2c2c2c2c2c2c2c2c2c2c2c2c
       235  ................  01010101010101010101010101010101
       234  ................  2e2e2e2e2e2e2e2e2e2e2e2e2e2e2e2e
       147  \\\\\\\\\\\\\\\\  5c5c5c5c5c5c5c5c5c5c5c5c5c5c5c5c
       132  ................  03030303030303030303030303030303
       124  1111111111111111  31313131313131313131313131313131
       124  ////////////////  2f2f2f2f2f2f2f2f2f2f2f2f2f2f2f2f
       113  ZZZZZZZZZZZZZZZZ  5a5a5a5a5a5a5a5a5a5a5a5a5a5a5a5a
# epoch 6250  H=7.7648 C=7.5351 HO=0.1648  A(t)=314
       508  ,,,,,,,,,,,,,,,,  2c2c2c2c2c2c2c2c2c2c2c2c2c2c2c2c
       483  [[[[[[[[[[[[[[[[  5b5b5b5b5b5b5b5b5b5b5b5b5b5b5b5b
       349  ]]]]]]]]]]]]]]]]  5d5d5d5d5d5d5d5d5d5d5d5d5d5d5d5d
       185  ................  01010101010101010101010101010101
       146  ................  03030303030303030303030303030303
       139  ................  2e2e2e2e2e2e2e2e2e2e2e2e2e2e2e2e
       131  YYYYYYYYYYYYYYYY  59595959595959595959595959595959
       127  ????????????????  3f3f3f3f3f3f3f3f3f3f3f3f3f3f3f3f
       121  ................  dededededededededededededededede
       112  ZZZZZZZZZZZZZZZZ  5a5a5a5a5a5a5a5a5a5a5a5a5a5a5a5a
# epoch 6500  H=7.7645 C=7.5457 HO=0.1557  A(t)=314
       615  [[[[[[[[[[[[[[[[  5b5b5b5b5b5b5b5b5b5b5b5b5b5b5b5b
       541  ,,,,,,,,,,,,,,,,  2c2c2c2c2c2c2c2c2c2c2c2c2c2c2c2c
       285  ]]]]]]]]]]]]]]]]  5d5d5d5d5d5d5d5d5d5d5d5d5d5d5d5d
       221  ................  2e2e2e2e2e2e2e2e2e2e2e2e2e2e2e2e
       158  ................  fefefefefefefefefefefefefefefefe
       156  ZZZZZZZZZZZZZZZZ  5a5a5a5a5a5a5a5a5a5a5a5a5a5a5a5a
       122  \\\\\\\\\\\\\\\\  5c5c5c5c5c5c5c5c5c5c5c5c5c5c5c5c
       119  ................  01010101010101010101010101010101
       116  YYYYYYYYYYYYYYYY  59595959595959595959595959595959
       114  ================  3d3d3d3d3d3d3d3d3d3d3d3d3d3d3d3d
# epoch 6750  H=7.7652 C=7.5480 HO=0.1478  A(t)=315
       560  [[[[[[[[[[[[[[[[  5b5b5b5b5b5b5b5b5b5b5b5b5b5b5b5b
       479  ]]]]]]]]]]]]]]]]  5d5d5d5d5d5d5d5d5d5d5d5d5d5d5d5d
       459  ,,,,,,,,,,,,,,,,  2c2c2c2c2c2c2c2c2c2c2c2c2c2c2c2c
       151  ????????????????  3f3f3f3f3f3f3f3f3f3f3f3f3f3f3f3f
       142  ................  2e2e2e2e2e2e2e2e2e2e2e2e2e2e2e2e
       138  ................  ffffffffffffffffffffffffffffffff
       133  ZZZZZZZZZZZZZZZZ  5a5a5a5a5a5a5a5a5a5a5a5a5a5a5a5a
       127  ----------------  2d2d2d2d2d2d2d2d2d2d2d2d2d2d2d2d
       127  ................  01010101010101010101010101010101
        99  ////////////////  2f2f2f2f2f2f2f2f2f2f2f2f2f2f2f2f
# epoch 7000  H=7.7600 C=7.5379 HO=0.1553  A(t)=315
       645  [[[[[[[[[[[[[[[[  5b5b5b5b5b5b5b5b5b5b5b5b5b5b5b5b
       544  ,,,,,,,,,,,,,,,,  2c2c2c2c2c2c2c2c2c2c2c2c2c2c2c2c
       264  ]]]]]]]]]]]]]]]]  5d5d5d5d5d5d5d5d5d5d5d5d5d5d5d5d
       201  ................  2e2e2e2e2e2e2e2e2e2e2e2e2e2e2e2e
       142  ................  fdfdfdfdfdfdfdfdfdfdfdfdfdfdfdfd
       139  \\\\\\\\\\\\\\\\  5c5c5c5c5c5c5c5c5c5c5c5c5c5c5c5c
       132  ................  ffffffffffffffffffffffffffffffff
       123  ................  02020202020202020202020202020202
       113  ****************  2a2a2a2a2a2a2a2a2a2a2a2a2a2a2a2a
       105  bbbbbbbbbbbbbbbb  62626262626262626262626262626262
# epoch 7250  H=7.7617 C=7.5335 HO=0.1641  A(t)=315
       734  [[[[[[[[[[[[[[[[  5b5b5b5b5b5b5b5b5b5b5b5b5b5b5b5b
       584  ,,,,,,,,,,,,,,,,  2c2c2c2c2c2c2c2c2c2c2c2c2c2c2c2c
       378  ]]]]]]]]]]]]]]]]  5d5d5d5d5d5d5d5d5d5d5d5d5d5d5d5d
       253  ................  01010101010101010101010101010101
       203  \\\\\\\\\\\\\\\\  5c5c5c5c5c5c5c5c5c5c5c5c5c5c5c5c
       191  ................  fdfdfdfdfdfdfdfdfdfdfdfdfdfdfdfd
       148  ZZZZZZZZZZZZZZZZ  5a5a5a5a5a5a5a5a5a5a5a5a5a5a5a5a
       147  ................  2e2e2e2e2e2e2e2e2e2e2e2e2e2e2e2e
       140  >>>>>>>>>>>>>>>>  3e3e3e3e3e3e3e3e3e3e3e3e3e3e3e3e
       110  1111111111111111  31313131313131313131313131313131
# epoch 7500  H=7.7582 C=7.5260 HO=0.1678  A(t)=315
       619  [[[[[[[[[[[[[[[[  5b5b5b5b5b5b5b5b5b5b5b5b5b5b5b5b
       477  ,,,,,,,,,,,,,,,,  2c2c2c2c2c2c2c2c2c2c2c2c2c2c2c2c
       412  ]]]]]]]]]]]]]]]]  5d5d5d5d5d5d5d5d5d5d5d5d5d5d5d5d
       216  ................  2e2e2e2e2e2e2e2e2e2e2e2e2e2e2e2e
       179  ................  ffffffffffffffffffffffffffffffff
       178  ................  01010101010101010101010101010101
       174  \\\\\\\\\\\\\\\\  5c5c5c5c5c5c5c5c5c5c5c5c5c5c5c5c
       146  ................  03030303030303030303030303030303
       142  ;;;;;;;;;;;;;;;;  3b3b3b3b3b3b3b3b3b3b3b3b3b3b3b3b
       118  ****************  2a2a2a2a2a2a2a2a2a2a2a2a2a2a2a2a
# epoch 7750  H=7.7570 C=7.5327 HO=0.1576  A(t)=315
       627  [[[[[[[[[[[[[[[[  5b5b5b5b5b5b5b5b5b5b5b5b5b5b5b5b
       535  ,,,,,,,,,,,,,,,,  2c2c2c2c2c2c2c2c2c2c2c2c2c2c2c2c
       278  ]]]]]]]]]]]]]]]]  5d5d5d5d5d5d5d5d5d5d5d5d5d5d5d5d
       216  ................  00000000000000000000000000000000
       133  ................  fefefefefefefefefefefefefefefefe
       131  ................  ffffffffffffffffffffffffffffffff
       127  ZZZZZZZZZZZZZZZZ  5a5a5a5a5a5a5a5a5a5a5a5a5a5a5a5a
       123  ................  08080808080808080808080808080808
       119  """"""""""""""""  22222222222222222222222222222222
       109  ++++++++++++++++  2b2b2b2b2b2b2b2b2b2b2b2b2b2b2b2b
# epoch 8000  H=5.9435 C=1.7643 HO=4.6072  A(t)=315
     21072  3..q6...}./....[  339b9a7136e8e49e7d9b2f1f9b9b065b
     21066  u3..q6...}./....  75339b9a7136e8e49e7d9b2f1f9b9b06
     20184  ..}./....[2kj;.=  e49e7d9b2f1f9b9b065b326b6a3b103d
     20092  ...}./....[2kj;.  e8e49e7d9b2f1f9b9b065b326b6a3b10
     19969  6...}./....[2kj;  36e8e49e7d9b2f1f9b9b065b326b6a3b
     19777  ..q6...}./....[2  9b9a7136e8e49e7d9b2f1f9b9b065b32
     19562  .}./....[2kj;.=.  9e7d9b2f1f9b9b065b326b6a3b103dd5
     19281  q6...}./....[2kj  7136e8e49e7d9b2f1f9b9b065b326b6a
     19207  }./....[2kj;.=..  7d9b2f1f9b9b065b326b6a3b103dd5d0
     19133  ./....[2kj;.=..<  9b2f1f9b9b065b326b6a3b103dd5d03c
# epoch 8250  H=5.9102 C=1.3911 HO=5.0452  A(t)=315
     12376  ..<\.....11./.,.  d5d03c5c16b00418183131012f162cdb
     12370  .....11./.,..;.{  16b00418183131012f162cdba93b0a7b
     12360  =..<\.....11./.,  3dd5d03c5c16b00418183131012f162c
     12029  .<\.....11./.,..  d03c5c16b00418183131012f162cdba9
     11818  ...[2kj;.=..<\..  9b9b065b326b6a3b103dd5d03c5c16b0
     11658  ;.=..<\.....11./  3b103dd5d03c5c16b00418183131012f
     11620  <\.....11./.,..;  3c5c16b00418183131012f162cdba93b
     11592  .=..<\.....11./.  103dd5d03c5c16b00418183131012f16
     11563  j;.=..<\.....11.  6a3b103dd5d03c5c16b0041818313101
     11504  .[2kj;.=..<\....  065b326b6a3b103dd5d03c5c16b00418
# epoch 8500  H=6.0428 C=1.4688 HO=5.1908  A(t)=315
      6176  .[2kj;.=..<\....  065b326b6a3b103dd5d03c5c16b00418
      6065  ..<\.....11./.,.  d5d03c5c16b00418183131012f162cdb
      5866  j;.=..<\.....11.  6a3b103dd5d03c5c16b0041818313101
      5568  =..<\.....11./.,  3dd5d03c5c16b00418183131012f162c
      5527  .....11./.,..;.{  16b00418183131012f162cdba93b0a7b
      5511  ..[2kj;.=..<\...  9b065b326b6a3b103dd5d03c5c16b004
      5491  ;.=..<\.....11./  3b103dd5d03c5c16b00418183131012f
      5425  [2kj;.=..<\.....  5b326b6a3b103dd5d03c5c16b0041818
      5420  .<\.....11./.,..  d03c5c16b00418183131012f162cdba9
      5316  .=..<\.....11./.  103dd5d03c5c16b00418183131012f16
# epoch 8750  H=6.1678 C=1.5411 HO=5.2942  A(t)=315
      3597  j;.=..<\.....11.  6a3b103dd5d03c5c16b0041818313101
      3076  .[2kj;.=..<\....  065b326b6a3b103dd5d03c5c16b00418
      2932  ;.=..<\.....11./  3b103dd5d03c5c16b00418183131012f
      2863  ..<\.....11./.,.  d5d03c5c16b00418183131012f162cdb
      2792  ..[2kj;.=..<\...  9b065b326b6a3b103dd5d03c5c16b004
      2599  =..<\.....11./.,  3dd5d03c5c16b00418183131012f162c
      2525  kj;.=..<\.....11  6b6a3b103dd5d03c5c16b00418183131
      2496  .<\.....11./.,..  d03c5c16b00418183131012f162cdba9
      2422  [2kj;.=..<\.....  5b326b6a3b103dd5d03c5c16b0041818
      2414  .=..<\.....11./.  103dd5d03c5c16b00418183131012f16
# epoch 9000  H=6.3129 C=1.5469 HO=5.4398  A(t)=528
      1416  .....11./.,..;.{  16b00418183131012f162cdba93b0a7b
      1223  ....11./.,..;.{$  b00418183131012f162cdba93b0a7b24
      1107  ;.=..<\.....11./  3b103dd5d03c5c16b00418183131012f
      1075  .<\.....11./.,..  d03c5c16b00418183131012f162cdba9
      1051  j;.=..<\.....11.  6a3b103dd5d03c5c16b0041818313101
       846  ...}./3...[2kj;.  e8e49e7d9b2f339b9b065b326b6a3b10
       824  ...11./.,..;.{$;  0418183131012f162cdba93b0a7b243b
       806  ..11./.,..;.{$;;  18183131012f162cdba93b0a7b243b3b
       798  <\.....11./.,..;  3c5c16b00418183131012f162cdba93b
       789  .11./.,..;.{$;;]  183131012f162cdba93b0a7b243b3b5d
# epoch 9250  H=6.4404 C=1.5611 HO=5.5706  A(t)=996
       887  [2kj;.=..<\.....  5b326b6a3b103dd5d03c5c16b0041818
       877  u3..q6Q..}./3...  75339b9a713651e49e7d9b2f339b9b06
       877  3..q6Q..}./3...[  339b9a713651e49e7d9b2f339b9b065b
       845  ./....[2kj;.=..<  9b2f1f9b9b065b326b6a3b103dd5d03c
       845  }./....[2kj;.=..  7d9b2f1f9b9b065b326b6a3b103dd5d0
       844  ..q6Q..}./3...[2  9b9a713651e49e7d9b2f339b9b065b32
       837  ;.=..<\.....11./  3b103dd5d03c5c16b00418183131012f
       832  j;.=..<\.....11.  6a3b103dd5d03c5c16b0041818313101
       831  ..[2kj;.=..<\...  9b065b326b6a3b103dd5d03c5c16b004
       829  .q6Q..}./3...[2k  9a713651e49e7d9b2f339b9b065b326b
# epoch 9500  H=6.5447 C=1.5671 HO=5.6893  A(t)=1367
       976  .<\.....11./.,..  d03c5c16b00418183131a42f162cdba9
       960  ..<\.....11./.,.  d5d03c5c16b00418183131a42f162cdb
       925  =..<\.....11./.,  3dd5d03c5c16b00418183131a42f162c
       914  /.,v.;.{.].P+1.1  2f162c76a93b0a7b0c5d01502b31f131
       907  [2ka;.=..<...;G.  5b326b613b103dd5983ce716b03b4718
       888  ./.,v.;.{.].P+1.  012f162c76a93b0a7b0c5d01502b31f1
       885  2ka;.=..<...;G..  326b613b103dd5983ce716b03b4718ee
       877  ka;.=..<...;G..1  6b613b103dd5983ce716b03b4718ee31
       871  G..1./.,..S.{$].  4718ee311a2f162cf6a9530a7b245de7
       863  ..1./.,..S.{$]..  18ee311a2f162cf6a9530a7b245de701
