# epoch 0  H=7.9999 C=8.0025 HO=-0.0001  A(t)=0
         1  ....5..Lt..&h..A  fffffba035b1cf4c748009266898c341
         1  ...MWX.DUgu.$...  ffffd64d5758ce445567750724bda891
         1  ..........q_u.ms  ffffd2b9d1bdca9306ba712075b96d73
         1  ...^...._..Q.,..  ffffd15eeda616c020a4cc519e2ca3f0
         1  ....h......D.._.  ffffcddb68920ac818d2a344d1fd5fb9
         1  ...iy..~.3w.ON.;  ffffcd6979dbc67e123377134f4eb73b
         1  ........\.sF...=  ffffc5cd04b1f58f5cc873460bc0fe3d
         1  ...../..v.e.HeKv  ffffbe84c42f0898768a659348654b76
         1  ....U.@......c..  ffffade35588400487fcdda1f3631f7f
         1  ...1...VV.....d.  ffff9231141bb35656c7bcfaf38164a8
# epoch 250  H=7.9868 C=7.8857 HO=0.0764  A(t)=0
       243  ,,,,,,,,,,,,,,,,  2c2c2c2c2c2c2c2c2c2c2c2c2c2c2c2c
       112  ]]]]]]]]]]]]]]]]  5d5d5d5d5d5d5d5d5d5d5d5d5d5d5d5d
       111  [[[[[[[[[[[[[[[[  5b5b5b5b5b5b5b5b5b5b5b5b5b5b5b5b
        95  zzzzzzzzzzzzzzzz  7a7a7a7a7a7a7a7a7a7a7a7a7a7a7a7a
        70  ................  fdfdfdfdfdfdfdfdfdfdfdfdfdfdfdfd
        66  ................  17171717171717171717171717171717
        62  ................  fbfbfbfbfbfbfbfbfbfbfbfbfbfbfbfb
        59  ................  c2c2c2c2c2c2c2c2c2c2c2c2c2c2c2c2
        58  ................  cececececececececececececececece
        56  ................  c5c5c5c5c5c5c5c5c5c5c5c5c5c5c5c5
# epoch 500  H=7.9623 C=7.8271 HO=0.0838  A(t)=0
       330  [[[[[[[[[[[[[[[[  5b5b5b5b5b5b5b5b5b5b5b5b5b5b5b5b
       315  ,,,,,,,,,,,,,,,,  2c2c2c2c2c2c2c2c2c2c2c2c2c2c2c2c
       144  ................  01010101010101010101010101010101
       124  ]]]]]]]]]]]]]]]]  5d5d5d5d5d5d5d5d5d5d5d5d5d5d5d5d
       112  {{{{{{{{{{{{{{{{  7b7b7b7b7b7b7b7b7b7b7b7b7b7b7b7b
        98  ................  2e2e2e2e2e2e2e2e2e2e2e2e2e2e2e2e
        94  ****************  2a2a2a2a2a2a2a2a2a2a2a2a2a2a2a2a
        92  4444444444444444  34343434343434343434343434343434
        89  ................  b0b0b0b0b0b0b0b0b0b0b0b0b0b0b0b0
        84  }}}}}}}}}}}}}}}}  7d7d7d7d7d7d7d7d7d7d7d7d7d7d7d7d
# epoch 750  H=7.9308 C=7.7580 HO=0.1091  A(t)=0
       350  [[[[[[[[[[[[[[[[  5b5b5b5b5b5b5b5b5b5b5b5b5b5b5b5b
       346  ]]]]]]]]]]]]]]]]  5d5d5d5d5d5d5d5d5d5d5d5d5d5d5d5d
       320  ................  2e2e2e2e2e2e2e2e2e2e2e2e2e2e2e2e
       318  ,,,,,,,,,,,,,,,,  2c2c2c2c2c2c2c2c2c2c2c2c2c2c2c2c
       133  ................  85858585858585858585858585858585
       100  ................  f8f8f8f8f8f8f8f8f8f8f8f8f8f8f8f8
        99  ................  99999999999999999999999999999999
        96  ................  8e8e8e8e8e8e8e8e8e8e8e8e8e8e8e8e
        95  wwwwwwwwwwwwwwww  77777777777777777777777777777777
        87  KKKKKKKKKKKKKKKK  4b4b4b4b4b4b4b4b4b4b4b4b4b4b4b4b
# epoch 1000  H=7.9038 C=7.7210 HO=0.1184  A(t)=0
       428  [[[[[[[[[[[[[[[[  5b5b5b5b5b5b5b5b5b5b5b5b5b5b5b5b
       300  ]]]]]]]]]]]]]]]]  5d5d5d5d5d5d5d5d5d5d5d5d5d5d5d5d
       295  ,,,,,,,,,,,,,,,,  2c2c2c2c2c2c2c2c2c2c2c2c2c2c2c2c
       207  ................  2e2e2e2e2e2e2e2e2e2e2e2e2e2e2e2e
       103  ................  0a0a0a0a0a0a0a0a0a0a0a0a0a0a0a0a
        99  ................  01010101010101010101010101010101
        90  OOOOOOOOOOOOOOOO  4f4f4f4f4f4f4f4f4f4f4f4f4f4f4f4f
        86  %%%%%%%%%%%%%%%%  25252525252525252525252525252525
        85  TTTTTTTTTTTTTTTT  54545454545454545454545454545454
        85  2222222222222222  32323232323232323232323232323232
# epoch 1250  H=7.8870 C=7.6911 HO=0.1294  A(t)=212
       603  [[[[[[[[[[[[[[[[  5b5b5b5b5b5b5b5b5b5b5b5b5b5b5b5b
       478  ,,,,,,,,,,,,,,,,  2c2c2c2c2c2c2c2c2c2c2c2c2c2c2c2c
       241  ]]]]]]]]]]]]]]]]  5d5d5d5d5d5d5d5d5d5d5d5d5d5d5d5d
       169  ................  2e2e2e2e2e2e2e2e2e2e2e2e2e2e2e2e
       131  0000000000000000  30303030303030303030303030303030
       121  ................  ffffffffffffffffffffffffffffffff
        98  qqqqqqqqqqqqqqqq  71717171717171717171717171717171
        90  ................  f2f2f2f2f2f2f2f2f2f2f2f2f2f2f2f2
        90  ................  ecececececececececececececececec
        82  """"""""""""""""  22222222222222222222222222222222
# epoch 1500  H=7.8722 C=7.6864 HO=0.1172  A(t)=229
       587  ,,,,,,,,,,,,,,,,  2c2c2c2c2c2c2c2c2c2c2c2c2c2c2c2c
       441  [[[[[[[[[[[[[[[[  5b5b5b5b5b5b5b5b5b5b5b5b5b5b5b5b
       319  ]]]]]]]]]]]]]]]]  5d5d5d5d5d5d5d5d5d5d5d5d5d5d5d5d
       159  ................  2e2e2e2e2e2e2e2e2e2e2e2e2e2e2e2e
       129  ^^^^^^^^^^^^^^^^  5e5e5e5e5e5e5e5e5e5e5e5e5e5e5e5e
       107  \\\\\\\\\\\\\\\\  5c5c5c5c5c5c5c5c5c5c5c5c5c5c5c5c
        99  ZZZZZZZZZZZZZZZZ  5a5a5a5a5a5a5a5a5a5a5a5a5a5a5a5a
        93  ................  99999999999999999999999999999999
        91  YYYYYYYYYYYYYYYY  59595959595959595959595959595959
        77  ................  aeaeaeaeaeaeaeaeaeaeaeaeaeaeaeae
# epoch 1750  H=7.8630 C=7.6706 HO=0.1229  A(t)=241
       796  [[[[[[[[[[[[[[[[  5b5b5b5b5b5b5b5b5b5b5b5b5b5b5b5b
       393  ,,,,,,,,,,,,,,,,  2c2c2c2c2c2c2c2c2c2c2c2c2c2c2c2c
       274  ................  2e2e2e2e2e2e2e2e2e2e2e2e2e2e2e2e
       233  ]]]]]]]]]]]]]]]]  5d5d5d5d5d5d5d5d5d5d5d5d5d5d5d5d
       160  ................  03030303030303030303030303030303
       113  >>>>>>>>>>>>>>>>  3e3e3e3e3e3e3e3e3e3e3e3e3e3e3e3e
       110  wwwwwwwwwwwwwwww  77777777777777777777777777777777
       108  ^^^^^^^^^^^^^^^^  5e5e5e5e5e5e5e5e5e5e5e5e5e5e5e5e
        97  ................  86868686868686868686868686868686
        92  ................  ffffffffffffffffffffffffffffffff
# epoch 2000  H=7.8516 C=7.6512 HO=0.1320  A(t)=248
       643  ,,,,,,,,,,,,,,,,  2c2c2c2c2c2c2c2c2c2c2c2c2c2c2c2c
       360  [[[[[[[[[[[[[[[[  5b5b5b5b5b5b5b5b5b5b5b5b5b5b5b5b
       357  ]]]]]]]]]]]]]]]]  5d5d5d5d5d5d5d5d5d5d5d5d5d5d5d5d
       247  \\\\\\\\\\\\\\\\  5c5c5c5c5c5c5c5c5c5c5c5c5c5c5c5c
       169  ^^^^^^^^^^^^^^^^  5e5e5e5e5e5e5e5e5e5e5e5e5e5e5e5e
       163  ................  2e2e2e2e2e2e2e2e2e2e2e2e2e2e2e2e
       144  ................  e6e6e6e6e6e6e6e6e6e6e6e6e6e6e6e6
       126  BBBBBBBBBBBBBBBB  42424242424242424242424242424242
       122  ................  01010101010101010101010101010101
       117  ................  ffffffffffffffffffffffffffffffff
# epoch 2250  H=7.8391 C=7.6397 HO=0.1325  A(t)=264
       701  [[[[[[[[[[[[[[[[  5b5b5b5b5b5b5b5b5b5b5b5b5b5b5b5b
       672  ,,,,,,,,,,,,,,,,  2c2c2c2c2c2c2c2c2c2c2c2c2c2c2c2c
       322  ]]]]]]]]]]]]]]]]  5d5d5d5d5d5d5d5d5d5d5d5d5d5d5d5d
       315  ................  2e2e2e2e2e2e2e2e2e2e2e2e2e2e2e2e
       212  ................  01010101010101010101010101010101
       107  ++++++++++++++++  2b2b2b2b2b2b2b2b2b2b2b2b2b2b2b2b
        98  ................  dddddddddddddddddddddddddddddddd
        80  ................  16161616161616161616161616161616
        79  PPPPPPPPPPPPPPPP  50505050505050505050505050505050
        78  ................  08080808080808080808080808080808
# epoch 2500  H=7.8326 C=7.6313 HO=0.1316  A(t)=280
       546  [[[[[[[[[[[[[[[[  5b5b5b5b5b5b5b5b5b5b5b5b5b5b5b5b
       460  ,,,,,,,,,,,,,,,,  2c2c2c2c2c2c2c2c2c2c2c2c2c2c2c2c
       444  ]]]]]]]]]]]]]]]]  5d5d5d5d5d5d5d5d5d5d5d5d5d5d5d5d
       252  \\\\\\\\\\\\\\\\  5c5c5c5c5c5c5c5c5c5c5c5c5c5c5c5c
       151  ................  2e2e2e2e2e2e2e2e2e2e2e2e2e2e2e2e
       123  ^^^^^^^^^^^^^^^^  5e5e5e5e5e5e5e5e5e5e5e5e5e5e5e5e
       120  ................  ffffffffffffffffffffffffffffffff
       117  ................  01010101010101010101010101010101
       113  0000000000000000  30303030303030303030303030303030
       111  8888888888888888  38383838383838383838383838383838
# epoch 2750  H=7.8246 C=7.6037 HO=0.1535  A(t)=289
       812  [[[[[[[[[[[[[[[[  5b5b5b5b5b5b5b5b5b5b5b5b5b5b5b5b
       570  ]]]]]]]]]]]]]]]]  5d5d5d5d5d5d5d5d5d5d5d5d5d5d5d5d
       560  ,,,,,,,,,,,,,,,,  2c2c2c2c2c2c2c2c2c2c2c2c2c2c2c2c
       195  ................  2e2e2e2e2e2e2e2e2e2e2e2e2e2e2e2e
       195  ................  01010101010101010101010101010101
       160  \\\\\\\\\\\\\\\\  5c5c5c5c5c5c5c5c5c5c5c5c5c5c5c5c
       111  4444444444444444  34343434343434343434343434343434
       111  ................  15151515151515151515151515151515
       106  3333333333333333  33333333333333333333333333333333
       102  0000000000000000  30303030303030303030303030303030
# epoch 3000  H=7.8215 C=7.6029 HO=0.1502  A(t)=295
       753  ,,,,,,,,,,,,,,,,  2c2c2c2c2c2c2c2c2c2c2c2c2c2c2c2c
       502  [[[[[[[[[[[[[[[[  5b5b5b5b5b5b5b5b5b5b5b5b5b5b5b5b
       466  ]]]]]]]]]]]]]]]]  5d5d5d5d5d5d5d5d5d5d5d5d5d5d5d5d
       211  ................  2e2e2e2e2e2e2e2e2e2e2e2e2e2e2e2e
       125  aaaaaaaaaaaaaaaa  61616161616161616161616161616161
       116  ................  ebebebebebebebebebebebebebebebeb
       111  ................  02020202020202020202020202020202
        92  ................  ffffffffffffffffffffffffffffffff
        86  ????????????????  3f3f3f3f3f3f3f3f3f3f3f3f3f3f3f3f
        85  ................  fefefefefefefefefefefefefefefefe
# epoch 3250  H=7.8164 C=7.6082 HO=0.1386  A(t)=302
       559  [[[[[[[[[[[[[[[[  5b5b5b5b5b5b5b5b5b5b5b5b5b5b5b5b
       503  ,,,,,,,,,,,,,,,,  2c2c2c2c2c2c2c2c2c2c2c2c2c2c2c2c
       329  ]]]]]]]]]]]]]]]]  5d5d5d5d5d5d5d5d5d5d5d5d5d5d5d5d
       297  ................  2e2e2e2e2e2e2e2e2e2e2e2e2e2e2e2e
       152  ................  03030303030303030303030303030303
       142  ................  01010101010101010101010101010101
       139  ................  bfbfbfbfbfbfbfbfbfbfbfbfbfbfbfbf
        99  dddddddddddddddd  64646464646464646464646464646464
        98  ^^^^^^^^^^^^^^^^  5e5e5e5e5e5e5e5e5e5e5e5e5e5e5e5e
        94  rrrrrrrrrrrrrrrr  72727272727272727272727272727272
# epoch 3500  H=7.8104 C=7.6026 HO=0.1417  A(t)=302
       737  [[[[[[[[[[[[[[[[  5b5b5b5b5b5b5b5b5b5b5b5b5b5b5b5b
       634  ,,,,,,,,,,,,,,,,  2c2c2c2c2c2c2c2c2c2c2c2c2c2c2c2c
       489  ]]]]]]]]]]]]]]]]  5d5d5d5d5d5d5d5d5d5d5d5d5d5d5d5d
       215  ................  2e2e2e2e2e2e2e2e2e2e2e2e2e2e2e2e
       170  ................  bcbcbcbcbcbcbcbcbcbcbcbcbcbcbcbc
       160  ................  01010101010101010101010101010101
       122  ZZZZZZZZZZZZZZZZ  5a5a5a5a5a5a5a5a5a5a5a5a5a5a5a5a
       120  ................  03030303030303030303030303030303
       104  zzzzzzzzzzzzzzzz  7a7a7a7a7a7a7a7a7a7a7a7a7a7a7a7a
       103  CCCCCCCCCCCCCCCC  43434343434343434343434343434343
# epoch 3750  H=7.8030 C=7.5907 HO=0.1420  A(t)=305
       787  [[[[[[[[[[[[[[[[  5b5b5b5b5b5b5b5b5b5b5b5b5b5b5b5b
       705  ,,,,,,,,,,,,,,,,  2c2c2c2c2c2c2c2c2c2c2c2c2c2c2c2c
       485  ]]]]]]]]]]]]]]]]  5d5d5d5d5d5d5d5d5d5d5d5d5d5d5d5d
       221  ................  2e2e2e2e2e2e2e2e2e2e2e2e2e2e2e2e
       131  \\\\\\\\\\\\\\\\  5c5c5c5c5c5c5c5c5c5c5c5c5c5c5c5c
       128  qqqqqqqqqqqqqqqq  71717171717171717171717171717171
       114  <<<<<<<<<<<<<<<<  3c3c3c3c3c3c3c3c3c3c3c3c3c3c3c3c
       106  IIIIIIIIIIIIIIII  49494949494949494949494949494949
        97  ................  f9f9f9f9f9f9f9f9f9f9f9f9f9f9f9f9
        93  rrrrrrrrrrrrrrrr  72727272727272727272727272727272
# epoch 4000  H=7.8007 C=7.5794 HO=0.1544  A(t)=307
       489  ,,,,,,,,,,,,,,,,  2c2c2c2c2c2c2c2c2c2c2c2c2c2c2c2c
       405  ]]]]]]]]]]]]]]]]  5d5d5d5d5d5d5d5d5d5d5d5d5d5d5d5d
       336  [[[[[[[[[[[[[[[[  5b5b5b5b5b5b5b5b5b5b5b5b5b5b5b5b
       260  ................  ffffffffffffffffffffffffffffffff
       247  ................  2e2e2e2e2e2e2e2e2e2e2e2e2e2e2e2e
       141  3333333333333333  33333333333333333333333333333333
       135  ................  fefefefefefefefefefefefefefefefe
       131  ................  01010101010101010101010101010101
       127  9999999999999999  39393939393939393939393939393939
       107  ^^^^^^^^^^^^^^^^  5e5e5e5e5e5e5e5e5e5e5e5e5e5e5e5e
# epoch 4250  H=7.7927 C=7.5736 HO=0.1507  A(t)=307
       905  [[[[[[[[[[[[[[[[  5b5b5b5b5b5b5b5b5b5b5b5b5b5b5b5b
       599  ,,,,,,,,,,,,,,,,  2c2c2c2c2c2c2c2c2c2c2c2c2c2c2c2c
       334  ]]]]]]]]]]]]]]]]  5d5d5d5d5d5d5d5d5d5d5d5d5d5d5d5d
       157  ................  2e2e2e2e2e2e2e2e2e2e2e2e2e2e2e2e
       118  ................  04040404040404040404040404040404
       107  ................  08080808080808080808080808080808
       105  XXXXXXXXXXXXXXXX  58585858585858585858585858585858
        84  LLLLLLLLLLLLLLLL  4c4c4c4c4c4c4c4c4c4c4c4c4c4c4c4c
        83  UUUUUUUUUUUUUUUU  55555555555555555555555555555555
        78  0000000000000000  30303030303030303030303030303030
# epoch 4500  H=7.7954 C=7.5778 HO=0.1497  A(t)=307
       442  [[[[[[[[[[[[[[[[  5b5b5b5b5b5b5b5b5b5b5b5b5b5b5b5b
       426  ,,,,,,,,,,,,,,,,  2c2c2c2c2c2c2c2c2c2c2c2c2c2c2c2c
       359  ]]]]]]]]]]]]]]]]  5d5d5d5d5d5d5d5d5d5d5d5d5d5d5d5d
       184  ................  01010101010101010101010101010101
       162  @@@@@@@@@@@@@@@@  40404040404040404040404040404040
       154  ................  2e2e2e2e2e2e2e2e2e2e2e2e2e2e2e2e
       130  \\\\\\\\\\\\\\\\  5c5c5c5c5c5c5c5c5c5c5c5c5c5c5c5c
        99  EEEEEEEEEEEEEEEE  45454545454545454545454545454545
        98  ................  dddddddddddddddddddddddddddddddd
        93  ^^^^^^^^^^^^^^^^  5e5e5e5e5e5e5e5e5e5e5e5e5e5e5e5e
# epoch 4750  H=7.7985 C=7.5871 HO=0.1462  A(t)=308
       586  ]]]]]]]]]]]]]]]]  5d5d5d5d5d5d5d5d5d5d5d5d5d5d5d5d
       499  ,,,,,,,,,,,,,,,,  2c2c2c2c2c2c2c2c2c2c2c2c2c2c2c2c
       348  [[[[[[[[[[[[[[[[  5b5b5b5b5b5b5b5b5b5b5b5b5b5b5b5b
       205  \\\\\\\\\\\\\\\\  5c5c5c5c5c5c5c5c5c5c5c5c5c5c5c5c
       181  ................  2e2e2e2e2e2e2e2e2e2e2e2e2e2e2e2e
       132  ................  81818181818181818181818181818181
       118  ................  ffffffffffffffffffffffffffffffff
       115  ****************  2a2a2a2a2a2a2a2a2a2a2a2a2a2a2a2a
       112  TTTTTTTTTTTTTTTT  54545454545454545454545454545454
       111  ;;;;;;;;;;;;;;;;  3b3b3b3b3b3b3b3b3b3b3b3b3b3b3b3b
# epoch 5000  H=7.7943 C=7.5765 HO=0.1527  A(t)=309
       531  [[[[[[[[[[[[[[[[  5b5b5b5b5b5b5b5b5b5b5b5b5b5b5b5b
       511  ]]]]]]]]]]]]]]]]  5d5d5d5d5d5d5d5d5d5d5d5d5d5d5d5d
       461  ,,,,,,,,,,,,,,,,  2c2c2c2c2c2c2c2c2c2c2c2c2c2c2c2c
       174  \\\\\\\\\\\\\\\\  5c5c5c5c5c5c5c5c5c5c5c5c5c5c5c5c
       174  ................  01010101010101010101010101010101
       171  ................  2e2e2e2e2e2e2e2e2e2e2e2e2e2e2e2e
       149  ................  02020202020202020202020202020202
       103  rrrrrrrrrrrrrrrr  72727272727272727272727272727272
        97  ................  00000000000000000000000000000000
        95  ................  fefefefefefefefefefefefefefefefe
# epoch 5250  H=7.7915 C=7.5783 HO=0.1482  A(t)=310
       778  [[[[[[[[[[[[[[[[  5b5b5b5b5b5b5b5b5b5b5b5b5b5b5b5b
       569  ]]]]]]]]]]]]]]]]  5d5d5d5d5d5d5d5d5d5d5d5d5d5d5d5d
       550  ,,,,,,,,,,,,,,,,  2c2c2c2c2c2c2c2c2c2c2c2c2c2c2c2c
       220  ................  ffffffffffffffffffffffffffffffff
       183  ................  2e2e2e2e2e2e2e2e2e2e2e2e2e2e2e2e
       148  ^^^^^^^^^^^^^^^^  5e5e5e5e5e5e5e5e5e5e5e5e5e5e5e5e
       144  ................  01010101010101010101010101010101
       134  \\\\\\\\\\\\\\\\  5c5c5c5c5c5c5c5c5c5c5c5c5c5c5c5c
       106  ////////////////  2f2f2f2f2f2f2f2f2f2f2f2f2f2f2f2f
       100  ................  02020202020202020202020202020202
# epoch 5500  H=7.7885 C=7.5766 HO=0.1481  A(t)=310
       596  ,,,,,,,,,,,,,,,,  2c2c2c2c2c2c2c2c2c2c2c2c2c2c2c2c
       468  ]]]]]]]]]]]]]]]]  5d5d5d5d5d5d5d5d5d5d5d5d5d5d5d5d
       466  [[[[[[[[[[[[[[[[  5b5b5b5b5b5b5b5b5b5b5b5b5b5b5b5b
       211  ................  03030303030303030303030303030303
       125  YYYYYYYYYYYYYYYY  59595959595959595959595959595959
       110  <<<<<<<<<<<<<<<<  3c3c3c3c3c3c3c3c3c3c3c3c3c3c3c3c
       108  ................  c2c2c2c2c2c2c2c2c2c2c2c2c2c2c2c2
       107  ^^^^^^^^^^^^^^^^  5e5e5e5e5e5e5e5e5e5e5e5e5e5e5e5e
       106  ................  0a0a0a0a0a0a0a0a0a0a0a0a0a0a0a0a
       102  GGGGGGGGGGGGGGGG  47474747474747474747474747474747
# epoch 5750  H=7.7882 C=7.5901 HO=0.1355  A(t)=310
       608  [[[[[[[[[[[[[[[[  5b5b5b5b5b5b5b5b5b5b5b5b5b5b5b5b
       491  ,,,,,,,,,,,,,,,,  2c2c2c2c2c2c2c2c2c2c2c2c2c2c2c2c
       399  ]]]]]]]]]]]]]]]]  5d5d5d5d5d5d5d5d5d5d5d5d5d5d5d5d
       214  ................  2e2e2e2e2e2e2e2e2e2e2e2e2e2e2e2e
       191  \\\\\\\\\\\\\\\\  5c5c5c5c5c5c5c5c5c5c5c5c5c5c5c5c
       178  ................  01010101010101010101010101010101
       131  ................  f0f0f0f0f0f0f0f0f0f0f0f0f0f0f0f0
       120  ))))))))))))))))  29292929292929292929292929292929
       117  ................  c6c6c6c6c6c6c6c6c6c6c6c6c6c6c6c6
       103  ::::::::::::::::  3a3a3a3a3a3a3a3a3a3a3a3a3a3a3a3a
# epoch 6000  H=7.7893 C=7.5769 HO=0.1471  A(t)=310
       662  [[[[[[[[[[[[[[[[  5b5b5b5b5b5b5b5b5b5b5b5b5b5b5b5b
       631  ]]]]]]]]]]]]]]]]  5d5d5d5d5d5d5d5d5d5d5d5d5d5d5d5d
       510  ,,,,,,,,,,,,,,,,  2c2c2c2c2c2c2c2c2c2c2c2c2c2c2c2c
       248  ................  bfbfbfbfbfbfbfbfbfbfbfbfbfbfbfbf
       203  ................  2e2e2e2e2e2e2e2e2e2e2e2e2e2e2e2e
       162  ................  01010101010101010101010101010101
       144  ================  3d3d3d3d3d3d3d3d3d3d3d3d3d3d3d3d
       118  ZZZZZZZZZZZZZZZZ  5a5a5a5a5a5a5a5a5a5a5a5a5a5a5a5a
       107  2222222222222222  32323232323232323232323232323232
       106  \\\\\\\\\\\\\\\\  5c5c5c5c5c5c5c5c5c5c5c5c5c5c5c5c
# epoch 6250  H=7.7856 C=7.5678 HO=0.1532  A(t)=310
       839  ,,,,,,,,,,,,,,,,  2c2c2c2c2c2c2c2c2c2c2c2c2c2c2c2c
       463  [[[[[[[[[[[[[[[[  5b5b5b5b5b5b5b5b5b5b5b5b5b5b5b5b
       263  ]]]]]]]]]]]]]]]]  5d5d5d5d5d5d5d5d5d5d5d5d5d5d5d5d
       182  ................  2e2e2e2e2e2e2e2e2e2e2e2e2e2e2e2e
       170  ================  3d3d3d3d3d3d3d3d3d3d3d3d3d3d3d3d
       148  ................  02020202020202020202020202020202
       146  ................  ffffffffffffffffffffffffffffffff
       137  \\\\\\\\\\\\\\\\  5c5c5c5c5c5c5c5c5c5c5c5c5c5c5c5c
       128  7777777777777777  37373737373737373737373737373737
       126  1111111111111111  31313131313131313131313131313131
# epoch 6500  H=7.7891 C=7.5871 HO=0.1344  A(t)=310
       712  ,,,,,,,,,,,,,,,,  2c2c2c2c2c2c2c2c2c2c2c2c2c2c2c2c
       682  [[[[[[[[[[[[[[[[  5b5b5b5b5b5b5b5b5b5b5b5b5b5b5b5b
       388  ]]]]]]]]]]]]]]]]  5d5d5d5d5d5d5d5d5d5d5d5d5d5d5d5d
       152  ................  01010101010101010101010101010101
       119  UUUUUUUUUUUUUUUU  55555555555555555555555555555555
       102  ................  f9f9f9f9f9f9f9f9f9f9f9f9f9f9f9f9
        95  oooooooooooooooo  6f6f6f6f6f6f6f6f6f6f6f6f6f6f6f6f
        93  ????????????????  3f3f3f3f3f3f3f3f3f3f3f3f3f3f3f3f
        90  ................  04040404040404040404040404040404
        88  ................  2e2e2e2e2e2e2e2e2e2e2e2e2e2e2e2e
# epoch 6750  H=7.7884 C=7.5668 HO=0.1557  A(t)=311
       583  ,,,,,,,,,,,,,,,,  2c2c2c2c2c2c2c2c2c2c2c2c2c2c2c2c
       517  [[[[[[[[[[[[[[[[  5b5b5b5b5b5b5b5b5b5b5b5b5b5b5b5b
       344  ]]]]]]]]]]]]]]]]  5d5d5d5d5d5d5d5d5d5d5d5d5d5d5d5d
       179  ................  02020202020202020202020202020202
       137  ................  03030303030303030303030303030303
       130  ````````````````  60606060606060606060606060606060
       122  \\\\\\\\\\\\\\\\  5c5c5c5c5c5c5c5c5c5c5c5c5c5c5c5c
       118  ................  2e2e2e2e2e2e2e2e2e2e2e2e2e2e2e2e
       103  2222222222222222  32323232323232323232323232323232
       100  ................  f7f7f7f7f7f7f7f7f7f7f7f7f7f7f7f7
# epoch 7000  H=7.7851 C=7.5856 HO=0.1365  A(t)=311
       696  ,,,,,,,,,,,,,,,,  2c2c2c2c2c2c2c2c2c2c2c2c2c2c2c2c
       325  ]]]]]]]]]]]]]]]]  5d5d5d5d5d5d5d5d5d5d5d5d5d5d5d5d
       315  [[[[[[[[[[[[[[[[  5b5b5b5b5b5b5b5b5b5b5b5b5b5b5b5b
       151  ................  2e2e2e2e2e2e2e2e2e2e2e2e2e2e2e2e
       124  ................  ffffffffffffffffffffffffffffffff
       118  ................  03030303030303030303030303030303
       115  ................  80808080808080808080808080808080
       114  ================  3d3d3d3d3d3d3d3d3d3d3d3d3d3d3d3d
       100  ................  05050505050505050505050505050505
        97  ................  09090909090909090909090909090909
# epoch 7250  H=7.7841 C=7.5876 HO=0.1368  A(t)=311
       500  [[[[[[[[[[[[[[[[  5b5b5b5b5b5b5b5b5b5b5b5b5b5b5b5b
       386  ]]]]]]]]]]]]]]]]  5d5d5d5d5d5d5d5d5d5d5d5d5d5d5d5d
       381  ,,,,,,,,,,,,,,,,  2c2c2c2c2c2c2c2c2c2c2c2c2c2c2c2c
       149  \\\\\\\\\\\\\\\\  5c5c5c5c5c5c5c5c5c5c5c5c5c5c5c5c
       148  ................  fefefefefefefefefefefefefefefefe
       139  ................  d8d8d8d8d8d8d8d8d8d8d8d8d8d8d8d8
       130  ________________  5f5f5f5f5f5f5f5f5f5f5f5f5f5f5f5f
       125  1111111111111111  31313131313131313131313131313131
       108  ZZZZZZZZZZZZZZZZ  5a5a5a5a5a5a5a5a5a5a5a5a5a5a5a5a
       104  ................  f7f7f7f7f7f7f7f7f7f7f7f7f7f7f7f7
# epoch 7500  H=7.7861 C=7.5782 HO=0.1467  A(t)=311
       570  [[[[[[[[[[[[[[[[  5b5b5b5b5b5b5b5b5b5b5b5b5b5b5b5b
       521  ,,,,,,,,,,,,,,,,  2c2c2c2c2c2c2c2c2c2c2c2c2c2c2c2c
       391  ]]]]]]]]]]]]]]]]  5d5d5d5d5d5d5d5d5d5d5d5d5d5d5d5d
       226  ................  02020202020202020202020202020202
       179  ................  01010101010101010101010101010101
       160  ZZZZZZZZZZZZZZZZ  5a5a5a5a5a5a5a5a5a5a5a5a5a5a5a5a
       120  ................  03030303030303030303030303030303
       113  ................  1f1f1f1f1f1f1f1f1f1f1f1f1f1f1f1f
       107  &&&&&&&&&&&&&&&&  26262626262626262626262626262626
       100  ................  0b0b0b0b0b0b0b0b0b0b0b0b0b0b0b0b
# epoch 7750  H=7.7772 C=7.5616 HO=0.1477  A(t)=311
       619  [[[[[[[[[[[[[[[[  5b5b5b5b5b5b5b5b5b5b5b5b5b5b5b5b
       555  ]]]]]]]]]]]]]]]]  5d5d5d5d5d5d5d5d5d5d5d5d5d5d5d5d
       495  ,,,,,,,,,,,,,,,,  2c2c2c2c2c2c2c2c2c2c2c2c2c2c2c2c
       154  \\\\\\\\\\\\\\\\  5c5c5c5c5c5c5c5c5c5c5c5c5c5c5c5c
       146  ................  2e2e2e2e2e2e2e2e2e2e2e2e2e2e2e2e
       146  ****************  2a2a2a2a2a2a2a2a2a2a2a2a2a2a2a2a
       141  ................  fefefefefefefefefefefefefefefefe
       136  ................  02020202020202020202020202020202
       125  ZZZZZZZZZZZZZZZZ  5a5a5a5a5a5a5a5a5a5a5a5a5a5a5a5a
       122  ................  00000000000000000000000000000000
# epoch 8000  H=7.7762 C=7.5678 HO=0.1464  A(t)=311
       815  [[[[[[[[[[[[[[[[  5b5b5b5b5b5b5b5b5b5b5b5b5b5b5b5b
       543  ,,,,,,,,,,,,,,,,  2c2c2c2c2c2c2c2c2c2c2c2c2c2c2c2c
       442  ]]]]]]]]]]]]]]]]  5d5d5d5d5d5d5d5d5d5d5d5d5d5d5d5d
       164  ................  2e2e2e2e2e2e2e2e2e2e2e2e2e2e2e2e
       158  >>>>>>>>>>>>>>>>  3e3e3e3e3e3e3e3e3e3e3e3e3e3e3e3e
       150  ////////////////  2f2f2f2f2f2f2f2f2f2f2f2f2f2f2f2f
       129  ................  fefefefefefefefefefefefefefefefe
       126  ................  02020202020202020202020202020202
       118  \\\\\\\\\\\\\\\\  5c5c5c5c5c5c5c5c5c5c5c5c5c5c5c5c
       107  ZZZZZZZZZZZZZZZZ  5a5a5a5a5a5a5a5a5a5a5a5a5a5a5a5a
# epoch 8250  H=7.7749 C=7.5522 HO=0.1543  A(t)=311
       567  [[[[[[[[[[[[[[[[  5b5b5b5b5b5b5b5b5b5b5b5b5b5b5b5b
       516  ,,,,,,,,,,,,,,,,  2c2c2c2c2c2c2c2c2c2c2c2c2c2c2c2c
       410  ]]]]]]]]]]]]]]]]  5d5d5d5d5d5d5d5d5d5d5d5d5d5d5d5d
       176  ................  2e2e2e2e2e2e2e2e2e2e2e2e2e2e2e2e
       166  }}}}}}}}}}}}}}}}  7d7d7d7d7d7d7d7d7d7d7d7d7d7d7d7d
       144  ................  01010101010101010101010101010101
       115  ZZZZZZZZZZZZZZZZ  5a5a5a5a5a5a5a5a5a5a5a5a5a5a5a5a
       115  ================  3d3d3d3d3d3d3d3d3d3d3d3d3d3d3d3d
       112  ................  05050505050505050505050505050505
       111  llllllllllllllll  6c6c6c6c6c6c6c6c6c6c6c6c6c6c6c6c
# epoch 8500  H=7.7766 C=7.5604 HO=0.1458  A(t)=311
       597  ,,,,,,,,,,,,,,,,  2c2c2c2c2c2c2c2c2c2c2c2c2c2c2c2c
       508  [[[[[[[[[[[[[[[[  5b5b5b5b5b5b5b5b5b5b5b5b5b5b5b5b
       309  ]]]]]]]]]]]]]]]]  5d5d5d5d5d5d5d5d5d5d5d5d5d5d5d5d
       271  \\\\\\\\\\\\\\\\  5c5c5c5c5c5c5c5c5c5c5c5c5c5c5c5c
       249  ................  2e2e2e2e2e2e2e2e2e2e2e2e2e2e2e2e
       139  ................  01010101010101010101010101010101
       130  BBBBBBBBBBBBBBBB  42424242424242424242424242424242
       124  ................  96969696969696969696969696969696
       115  ================  3d3d3d3d3d3d3d3d3d3d3d3d3d3d3d3d
       100  ................  ffffffffffffffffffffffffffffffff
# epoch 8750  H=7.7758 C=7.5540 HO=0.1551  A(t)=311
       469  ]]]]]]]]]]]]]]]]  5d5d5d5d5d5d5d5d5d5d5d5d5d5d5d5d
       434  ,,,,,,,,,,,,,,,,  2c2c2c2c2c2c2c2c2c2c2c2c2c2c2c2c
       410  [[[[[[[[[[[[[[[[  5b5b5b5b5b5b5b5b5b5b5b5b5b5b5b5b
       188  ................  11111111111111111111111111111111
       118  ................  86868686868686868686868686868686
       113  ................  ffffffffffffffffffffffffffffffff
       103  \\\\\\\\\\\\\\\\  5c5c5c5c5c5c5c5c5c5c5c5c5c5c5c5c
       102  {{{{{{{{{{{{{{{{  7b7b7b7b7b7b7b7b7b7b7b7b7b7b7b7b
        98  ................  10101010101010101010101010101010
        96  ::::::::::::::::  3a3a3a3a3a3a3a3a3a3a3a3a3a3a3a3a
# epoch 9000  H=7.7735 C=7.5665 HO=0.1419  A(t)=311
       555  ]]]]]]]]]]]]]]]]  5d5d5d5d5d5d5d5d5d5d5d5d5d5d5d5d
       469  [[[[[[[[[[[[[[[[  5b5b5b5b5b5b5b5b5b5b5b5b5b5b5b5b
       376  ,,,,,,,,,,,,,,,,  2c2c2c2c2c2c2c2c2c2c2c2c2c2c2c2c
       173  0000000000000000  30303030303030303030303030303030
       148  ................  2e2e2e2e2e2e2e2e2e2e2e2e2e2e2e2e
       112  ................  83838383838383838383838383838383
       109  ZZZZZZZZZZZZZZZZ  5a5a5a5a5a5a5a5a5a5a5a5a5a5a5a5a
        96  ................  96969696969696969696969696969696
        96  &&&&&&&&&&&&&&&&  26262626262626262626262626262626
        92  ................  bdbdbdbdbdbdbdbdbdbdbdbdbdbdbdbd
# epoch 9250  H=7.7762 C=7.5656 HO=0.1482  A(t)=311
       518  ,,,,,,,,,,,,,,,,  2c2c2c2c2c2c2c2c2c2c2c2c2c2c2c2c
       400  [[[[[[[[[[[[[[[[  5b5b5b5b5b5b5b5b5b5b5b5b5b5b5b5b
       397  ]]]]]]]]]]]]]]]]  5d5d5d5d5d5d5d5d5d5d5d5d5d5d5d5d
       233  ................  2e2e2e2e2e2e2e2e2e2e2e2e2e2e2e2e
       138  ................  01010101010101010101010101010101
       131  ................  fdfdfdfdfdfdfdfdfdfdfdfdfdfdfdfd
       131  BBBBBBBBBBBBBBBB  42424242424242424242424242424242
       125  ZZZZZZZZZZZZZZZZ  5a5a5a5a5a5a5a5a5a5a5a5a5a5a5a5a
       118  ................  ffffffffffffffffffffffffffffffff
       108  ++++++++++++++++  2b2b2b2b2b2b2b2b2b2b2b2b2b2b2b2b
# epoch 9500  H=7.7719 C=7.5560 HO=0.1526  A(t)=312
       693  ,,,,,,,,,,,,,,,,  2c2c2c2c2c2c2c2c2c2c2c2c2c2c2c2c
       410  ]]]]]]]]]]]]]]]]  5d5d5d5d5d5d5d5d5d5d5d5d5d5d5d5d
       388  [[[[[[[[[[[[[[[[  5b5b5b5b5b5b5b5b5b5b5b5b5b5b5b5b
       134  \\\\\\\\\\\\\\\\  5c5c5c5c5c5c5c5c5c5c5c5c5c5c5c5c
       133  ................  2e2e2e2e2e2e2e2e2e2e2e2e2e2e2e2e
       126  ................  01010101010101010101010101010101
       118  YYYYYYYYYYYYYYYY  59595959595959595959595959595959
       106  ................  0f0f0f0f0f0f0f0f0f0f0f0f0f0f0f0f
       101  @@@@@@@@@@@@@@@@  40404040404040404040404040404040
       100  7777777777777777  37373737373737373737373737373737
# epoch 9750  H=7.7722 C=7.5614 HO=0.1493  A(t)=312
       615  [[[[[[[[[[[[[[[[  5b5b5b5b5b5b5b5b5b5b5b5b5b5b5b5b
       605  ,,,,,,,,,,,,,,,,  2c2c2c2c2c2c2c2c2c2c2c2c2c2c2c2c
       435  ]]]]]]]]]]]]]]]]  5d5d5d5d5d5d5d5d5d5d5d5d5d5d5d5d
       417  ................  01010101010101010101010101010101
       173  \\\\\\\\\\\\\\\\  5c5c5c5c5c5c5c5c5c5c5c5c5c5c5c5c
       166  ................  1d1d1d1d1d1d1d1d1d1d1d1d1d1d1d1d
       151  ****************  2a2a2a2a2a2a2a2a2a2a2a2a2a2a2a2a
       118  ................  fefefefefefefefefefefefefefefefe
       104  ................  2e2e2e2e2e2e2e2e2e2e2e2e2e2e2e2e
       100  %%%%%%%%%%%%%%%%  25252525252525252525252525252525
# epoch 10000  H=7.7683 C=7.5547 HO=0.1491  A(t)=312
       693  [[[[[[[[[[[[[[[[  5b5b5b5b5b5b5b5b5b5b5b5b5b5b5b5b
       478  ,,,,,,,,,,,,,,,,  2c2c2c2c2c2c2c2c2c2c2c2c2c2c2c2c
       356  ]]]]]]]]]]]]]]]]  5d5d5d5d5d5d5d5d5d5d5d5d5d5d5d5d
       147  ))))))))))))))))  29292929292929292929292929292929
       141  ................  2e2e2e2e2e2e2e2e2e2e2e2e2e2e2e2e
       132  ^^^^^^^^^^^^^^^^  5e5e5e5e5e5e5e5e5e5e5e5e5e5e5e5e
       101  ................  fbfbfbfbfbfbfbfbfbfbfbfbfbfbfbfb
        95  0000000000000000  30303030303030303030303030303030
        94  9999999999999999  39393939393939393939393939393939
        90  \\\\\\\\\\\\\\\\  5c5c5c5c5c5c5c5c5c5c5c5c5c5c5c5c
# epoch 10250  H=7.7639 C=7.5435 HO=0.1556  A(t)=313
       494  ,,,,,,,,,,,,,,,,  2c2c2c2c2c2c2c2c2c2c2c2c2c2c2c2c
       346  [[[[[[[[[[[[[[[[  5b5b5b5b5b5b5b5b5b5b5b5b5b5b5b5b
       330  ]]]]]]]]]]]]]]]]  5d5d5d5d5d5d5d5d5d5d5d5d5d5d5d5d
       297  ................  01010101010101010101010101010101
       159  ................  2e2e2e2e2e2e2e2e2e2e2e2e2e2e2e2e
       142  ZZZZZZZZZZZZZZZZ  5a5a5a5a5a5a5a5a5a5a5a5a5a5a5a5a
       135  ................  03030303030303030303030303030303
       120  ................  e6e6e6e6e6e6e6e6e6e6e6e6e6e6e6e6
       105  xxxxxxxxxxxxxxxx  78787878787878787878787878787878
        93  6666666666666666  36363636363636363636363636363636
# epoch 10500  H=7.7727 C=7.5569 HO=0.1512  A(t)=313
       424  ,,,,,,,,,,,,,,,,  2c2c2c2c2c2c2c2c2c2c2c2c2c2c2c2c
       406  [[[[[[[[[[[[[[[[  5b5b5b5b5b5b5b5b5b5b5b5b5b5b5b5b
       344  ]]]]]]]]]]]]]]]]  5d5d5d5d5d5d5d5d5d5d5d5d5d5d5d5d
       161  ????????????????  3f3f3f3f3f3f3f3f3f3f3f3f3f3f3f3f
       137  ................  ffffffffffffffffffffffffffffffff
       137  ................  01010101010101010101010101010101
       133  ZZZZZZZZZZZZZZZZ  5a5a5a5a5a5a5a5a5a5a5a5a5a5a5a5a
       122  5555555555555555  35353535353535353535353535353535
       120  ................  2e2e2e2e2e2e2e2e2e2e2e2e2e2e2e2e
       109  \\\\\\\\\\\\\\\\  5c5c5c5c5c5c5c5c5c5c5c5c5c5c5c5c
# epoch 10750  H=7.7736 C=7.5673 HO=0.1426  A(t)=314
       557  ,,,,,,,,,,,,,,,,  2c2c2c2c2c2c2c2c2c2c2c2c2c2c2c2c
       533  [[[[[[[[[[[[[[[[  5b5b5b5b5b5b5b5b5b5b5b5b5b5b5b5b
       417  ]]]]]]]]]]]]]]]]  5d5d5d5d5d5d5d5d5d5d5d5d5d5d5d5d
       201  ZZZZZZZZZZZZZZZZ  5a5a5a5a5a5a5a5a5a5a5a5a5a5a5a5a
       156  ................  01010101010101010101010101010101
       143  ((((((((((((((((  28282828282828282828282828282828
       135  ................  8f8f8f8f8f8f8f8f8f8f8f8f8f8f8f8f
       124  0000000000000000  30303030303030303030303030303030
        95  ................  e5e5e5e5e5e5e5e5e5e5e5e5e5e5e5e5
        91  ????????????????  3f3f3f3f3f3f3f3f3f3f3f3f3f3f3f3f
# epoch 11000  H=7.7701 C=7.5576 HO=0.1504  A(t)=314
       746  ,,,,,,,,,,,,,,,,  2c2c2c2c2c2c2c2c2c2c2c2c2c2c2c2c
       569  ]]]]]]]]]]]]]]]]  5d5d5d5d5d5d5d5d5d5d5d5d5d5d5d5d
       334  [[[[[[[[[[[[[[[[  5b5b5b5b5b5b5b5b5b5b5b5b5b5b5b5b
       164  ZZZZZZZZZZZZZZZZ  5a5a5a5a5a5a5a5a5a5a5a5a5a5a5a5a
       157  ////////////////  2f2f2f2f2f2f2f2f2f2f2f2f2f2f2f2f
       151  \\\\\\\\\\\\\\\\  5c5c5c5c5c5c5c5c5c5c5c5c5c5c5c5c
       146  ................  01010101010101010101010101010101
       113  ................  03030303030303030303030303030303
       108  ................  ffffffffffffffffffffffffffffffff
       102  @@@@@@@@@@@@@@@@  40404040404040404040404040404040
# epoch 11250  H=7.7691 C=7.5598 HO=0.1428  A(t)=315
       551  ,,,,,,,,,,,,,,,,  2c2c2c2c2c2c2c2c2c2c2c2c2c2c2c2c
       492  [[[[[[[[[[[[[[[[  5b5b5b5b5b5b5b5b5b5b5b5b5b5b5b5b
       421  ]]]]]]]]]]]]]]]]  5d5d5d5d5d5d5d5d5d5d5d5d5d5d5d5d
       154  ................  2e2e2e2e2e2e2e2e2e2e2e2e2e2e2e2e
       141  ................  fefefefefefefefefefefefefefefefe
       131  \\\\\\\\\\\\\\\\  5c5c5c5c5c5c5c5c5c5c5c5c5c5c5c5c
       121  ^^^^^^^^^^^^^^^^  5e5e5e5e5e5e5e5e5e5e5e5e5e5e5e5e
       115  ================  3d3d3d3d3d3d3d3d3d3d3d3d3d3d3d3d
       104  ****************  2a2a2a2a2a2a2a2a2a2a2a2a2a2a2a2a
        99  ................  f4f4f4f4f4f4f4f4f4f4f4f4f4f4f4f4
# epoch 11500  H=7.7689 C=7.5675 HO=0.1376  A(t)=315
       652  ,,,,,,,,,,,,,,,,  2c2c2c2c2c2c2c2c2c2c2c2c2c2c2c2c
       561  [[[[[[[[[[[[[[[[  5b5b5b5b5b5b5b5b5b5b5b5b5b5b5b5b
       310  ]]]]]]]]]]]]]]]]  5d5d5d5d5d5d5d5d5d5d5d5d5d5d5d5d
       229  ................  2e2e2e2e2e2e2e2e2e2e2e2e2e2e2e2e
       166  ................  01010101010101010101010101010101
       104  ................  e9e9e9e9e9e9e9e9e9e9e9e9e9e9e9e9
        97  ................  fefefefefefefefefefefefefefefefe
        97  ((((((((((((((((  28282828282828282828282828282828
        96  yyyyyyyyyyyyyyyy  79797979797979797979797979797979
        95  0000000000000000  30303030303030303030303030303030
# epoch 11750  H=7.7717 C=7.5680 HO=0.1434  A(t)=315
       496  [[[[[[[[[[[[[[[[  5b5b5b5b5b5b5b5b5b5b5b5b5b5b5b5b
       477  ,,,,,,,,,,,,,,,,  2c2c2c2c2c2c2c2c2c2c2c2c2c2c2c2c
       316  ]]]]]]]]]]]]]]]]  5d5d5d5d5d5d5d5d5d5d5d5d5d5d5d5d
       166  {{{{{{{{{{{{{{{{  7b7b7b7b7b7b7b7b7b7b7b7b7b7b7b7b
       135  ................  2e2e2e2e2e2e2e2e2e2e2e2e2e2e2e2e
       123  ................  f7f7f7f7f7f7f7f7f7f7f7f7f7f7f7f7
       117  ................  ffffffffffffffffffffffffffffffff
       106  \\\\\\\\\\\\\\\\  5c5c5c5c5c5c5c5c5c5c5c5c5c5c5c5c
       106  VVVVVVVVVVVVVVVV  56565656565656565656565656565656
       101  ................  edededededededededededededededed
# epoch 12000  H=7.7700 C=7.5457 HO=0.1581  A(t)=315
       605  ,,,,,,,,,,,,,,,,  2c2c2c2c2c2c2c2c2c2c2c2c2c2c2c2c
       563  [[[[[[[[[[[[[[[[  5b5b5b5b5b5b5b5b5b5b5b5b5b5b5b5b
       232  ................  2e2e2e2e2e2e2e2e2e2e2e2e2e2e2e2e
       231  ]]]]]]]]]]]]]]]]  5d5d5d5d5d5d5d5d5d5d5d5d5d5d5d5d
       161  ................  01010101010101010101010101010101
       143  ****************  2a2a2a2a2a2a2a2a2a2a2a2a2a2a2a2a
       135  ZZZZZZZZZZZZZZZZ  5a5a5a5a5a5a5a5a5a5a5a5a5a5a5a5a
       124  ________________  5f5f5f5f5f5f5f5f5f5f5f5f5f5f5f5f
       116  ................  b9b9b9b9b9b9b9b9b9b9b9b9b9b9b9b9
       108  ................  02020202020202020202020202020202
# epoch 12250  H=7.7657 C=7.5420 HO=0.1595  A(t)=315
       584  ,,,,,,,,,,,,,,,,  2c2c2c2c2c2c2c2c2c2c2c2c2c2c2c2c
       493  [[[[[[[[[[[[[[[[  5b5b5b5b5b5b5b5b5b5b5b5b5b5b5b5b
       420  ]]]]]]]]]]]]]]]]  5d5d5d5d5d5d5d5d5d5d5d5d5d5d5d5d
       298  ................  2e2e2e2e2e2e2e2e2e2e2e2e2e2e2e2e
       115  ................  fcfcfcfcfcfcfcfcfcfcfcfcfcfcfcfc
       114  ZZZZZZZZZZZZZZZZ  5a5a5a5a5a5a5a5a5a5a5a5a5a5a5a5a
       108  0000000000000000  30303030303030303030303030303030
       107  ................  bcbcbcbcbcbcbcbcbcbcbcbcbcbcbcbc
       105  ################  23232323232323232323232323232323
       101  ????????????????  3f3f3f3f3f3f3f3f3f3f3f3f3f3f3f3f
# epoch 12500  H=7.7615 C=7.5387 HO=0.1586  A(t)=315
       502  ,,,,,,,,,,,,,,,,  2c2c2c2c2c2c2c2c2c2c2c2c2c2c2c2c
       495  ]]]]]]]]]]]]]]]]  5d5d5d5d5d5d5d5d5d5d5d5d5d5d5d5d
       450  [[[[[[[[[[[[[[[[  5b5b5b5b5b5b5b5b5b5b5b5b5b5b5b5b
       206  ................  01010101010101010101010101010101
       192  \\\\\\\\\\\\\\\\  5c5c5c5c5c5c5c5c5c5c5c5c5c5c5c5c
       180  ................  fefefefefefefefefefefefefefefefe
       151  ................  cbcbcbcbcbcbcbcbcbcbcbcbcbcbcbcb
       147  ................  2e2e2e2e2e2e2e2e2e2e2e2e2e2e2e2e
       122  ________________  5f5f5f5f5f5f5f5f5f5f5f5f5f5f5f5f
       119  >>>>>>>>>>>>>>>>  3e3e3e3e3e3e3e3e3e3e3e3e3e3e3e3e
# epoch 12750  H=7.7585 C=7.5202 HO=0.1735  A(t)=315
       790  ,,,,,,,,,,,,,,,,  2c2c2c2c2c2c2c2c2c2c2c2c2c2c2c2c
       636  [[[[[[[[[[[[[[[[  5b5b5b5b5b5b5b5b5b5b5b5b5b5b5b5b
       520  ................  00000000000000000000000000000000
       436  ]]]]]]]]]]]]]]]]  5d5d5d5d5d5d5d5d5d5d5d5d5d5d5d5d
       199  ................  2e2e2e2e2e2e2e2e2e2e2e2e2e2e2e2e
       154  ................  02020202020202020202020202020202
       149  ................  04040404040404040404040404040404
       132  ''''''''''''''''  27272727272727272727272727272727
       129  ................  f3f3f3f3f3f3f3f3f3f3f3f3f3f3f3f3
       117  &&&&&&&&&&&&&&&&  26262626262626262626262626262626
# epoch 13000  H=7.7569 C=7.5366 HO=0.1560  A(t)=317
       699  ,,,,,,,,,,,,,,,,  2c2c2c2c2c2c2c2c2c2c2c2c2c2c2c2c
       678  [[[[[[[[[[[[[[[[  5b5b5b5b5b5b5b5b5b5b5b5b5b5b5b5b
       223  ]]]]]]]]]]]]]]]]  5d5d5d5d5d5d5d5d5d5d5d5d5d5d5d5d
       218  ................  01010101010101010101010101010101
       170  \\\\\\\\\\\\\\\\  5c5c5c5c5c5c5c5c5c5c5c5c5c5c5c5c
       124  ................  06060606060606060606060606060606
       119  ................  03030303030303030303030303030303
       104  ****************  2a2a2a2a2a2a2a2a2a2a2a2a2a2a2a2a
        93  ;;;;;;;;;;;;;;;;  3b3b3b3b3b3b3b3b3b3b3b3b3b3b3b3b
        88  5555555555555555  35353535353535353535353535353535
# epoch 13250  H=7.7577 C=7.5421 HO=0.1499  A(t)=317
       703  [[[[[[[[[[[[[[[[  5b5b5b5b5b5b5b5b5b5b5b5b5b5b5b5b
       656  ,,,,,,,,,,,,,,,,  2c2c2c2c2c2c2c2c2c2c2c2c2c2c2c2c
       415  ]]]]]]]]]]]]]]]]  5d5d5d5d5d5d5d5d5d5d5d5d5d5d5d5d
       166  ................  01010101010101010101010101010101
       131  ................  8a8a8a8a8a8a8a8a8a8a8a8a8a8a8a8a
       129  8888888888888888  38383838383838383838383838383838
       126  ****************  2a2a2a2a2a2a2a2a2a2a2a2a2a2a2a2a
       124  ::::::::::::::::  3a3a3a3a3a3a3a3a3a3a3a3a3a3a3a3a
       120  ZZZZZZZZZZZZZZZZ  5a5a5a5a5a5a5a5a5a5a5a5a5a5a5a5a
       118  ................  04040404040404040404040404040404
# epoch 13500  H=7.7584 C=7.5453 HO=0.1472  A(t)=317
       670  [[[[[[[[[[[[[[[[  5b5b5b5b5b5b5b5b5b5b5b5b5b5b5b5b
       583  ,,,,,,,,,,,,,,,,  2c2c2c2c2c2c2c2c2c2c2c2c2c2c2c2c
       551  ]]]]]]]]]]]]]]]]  5d5d5d5d5d5d5d5d5d5d5d5d5d5d5d5d
       190  ................  02020202020202020202020202020202
       179  ZZZZZZZZZZZZZZZZ  5a5a5a5a5a5a5a5a5a5a5a5a5a5a5a5a
       130  ^^^^^^^^^^^^^^^^  5e5e5e5e5e5e5e5e5e5e5e5e5e5e5e5e
       122  \\\\\\\\\\\\\\\\  5c5c5c5c5c5c5c5c5c5c5c5c5c5c5c5c
       113  ................  2e2e2e2e2e2e2e2e2e2e2e2e2e2e2e2e
       111  ssssssssssssssss  73737373737373737373737373737373
       101  YYYYYYYYYYYYYYYY  59595959595959595959595959595959
# epoch 13750  H=7.7569 C=7.5357 HO=0.1568  A(t)=318
       718  ,,,,,,,,,,,,,,,,  2c2c2c2c2c2c2c2c2c2c2c2c2c2c2c2c
       591  [[[[[[[[[[[[[[[[  5b5b5b5b5b5b5b5b5b5b5b5b5b5b5b5b
       312  ]]]]]]]]]]]]]]]]  5d5d5d5d5d5d5d5d5d5d5d5d5d5d5d5d
       173  ................  2e2e2e2e2e2e2e2e2e2e2e2e2e2e2e2e
       158  ................  ffffffffffffffffffffffffffffffff
       115  ++++++++++++++++  2b2b2b2b2b2b2b2b2b2b2b2b2b2b2b2b
       111  ________________  5f5f5f5f5f5f5f5f5f5f5f5f5f5f5f5f
       105  ................  fefefefefefefefefefefefefefefefe
       105  ................  f4f4f4f4f4f4f4f4f4f4f4f4f4f4f4f4
        99  6666666666666666  36363636363636363636363636363636
# epoch 14000  H=7.7613 C=7.5258 HO=0.1702  A(t)=318
       698  ]]]]]]]]]]]]]]]]  5d5d5d5d5d5d5d5d5d5d5d5d5d5d5d5d
       648  ,,,,,,,,,,,,,,,,  2c2c2c2c2c2c2c2c2c2c2c2c2c2c2c2c
       489  [[[[[[[[[[[[[[[[  5b5b5b5b5b5b5b5b5b5b5b5b5b5b5b5b
       186  \\\\\\\\\\\\\\\\  5c5c5c5c5c5c5c5c5c5c5c5c5c5c5c5c
       173  ................  fdfdfdfdfdfdfdfdfdfdfdfdfdfdfdfd
       171  ................  02020202020202020202020202020202
       169  ................  2e2e2e2e2e2e2e2e2e2e2e2e2e2e2e2e
       129  ================  3d3d3d3d3d3d3d3d3d3d3d3d3d3d3d3d
       128  ................  ffffffffffffffffffffffffffffffff
       121  ZZZZZZZZZZZZZZZZ  5a5a5a5a5a5a5a5a5a5a5a5a5a5a5a5a
# epoch 14250  H=7.7629 C=7.5339 HO=0.1637  A(t)=318
       633  ,,,,,,,,,,,,,,,,  2c2c2c2c2c2c2c2c2c2c2c2c2c2c2c2c
       595  [[[[[[[[[[[[[[[[  5b5b5b5b5b5b5b5b5b5b5b5b5b5b5b5b
       454  ]]]]]]]]]]]]]]]]  5d5d5d5d5d5d5d5d5d5d5d5d5d5d5d5d
       124  ................  01010101010101010101010101010101
       118  !!!!!!!!!!!!!!!!  21212121212121212121212121212121
       117  ????????????????  3f3f3f3f3f3f3f3f3f3f3f3f3f3f3f3f
       116  ................  f8f8f8f8f8f8f8f8f8f8f8f8f8f8f8f8
       107  ................  acacacacacacacacacacacacacacacac
       101  ................  fbfbfbfbfbfbfbfbfbfbfbfbfbfbfbfb
        95  ................  2e2e2e2e2e2e2e2e2e2e2e2e2e2e2e2e
# epoch 14500  H=7.7691 C=7.5467 HO=0.1589  A(t)=318
       643  [[[[[[[[[[[[[[[[  5b5b5b5b5b5b5b5b5b5b5b5b5b5b5b5b
       563  ,,,,,,,,,,,,,,,,  2c2c2c2c2c2c2c2c2c2c2c2c2c2c2c2c
       446  ]]]]]]]]]]]]]]]]  5d5d5d5d5d5d5d5d5d5d5d5d5d5d5d5d
       204  \\\\\\\\\\\\\\\\  5c5c5c5c5c5c5c5c5c5c5c5c5c5c5c5c
       202  >>>>>>>>>>>>>>>>  3e3e3e3e3e3e3e3e3e3e3e3e3e3e3e3e
       184  ................  2e2e2e2e2e2e2e2e2e2e2e2e2e2e2e2e
       173  ................  03030303030303030303030303030303
       151  ================  3d3d3d3d3d3d3d3d3d3d3d3d3d3d3d3d
       142  ................  a8a8a8a8a8a8a8a8a8a8a8a8a8a8a8a8
       125  ................  01010101010101010101010101010101
# epoch 14750  H=7.7677 C=7.5335 HO=0.1675  A(t)=318
       722  ]]]]]]]]]]]]]]]]  5d5d5d5d5d5d5d5d5d5d5d5d5d5d5d5d
       599  ,,,,,,,,,,,,,,,,  2c2c2c2c2c2c2c2c2c2c2c2c2c2c2c2c
       569  [[[[[[[[[[[[[[[[  5b5b5b5b5b5b5b5b5b5b5b5b5b5b5b5b
       204  ................  01010101010101010101010101010101
       190  ................  2e2e2e2e2e2e2e2e2e2e2e2e2e2e2e2e
       179  ZZZZZZZZZZZZZZZZ  5a5a5a5a5a5a5a5a5a5a5a5a5a5a5a5a
       173  ////////////////  2f2f2f2f2f2f2f2f2f2f2f2f2f2f2f2f
       172  <<<<<<<<<<<<<<<<  3c3c3c3c3c3c3c3c3c3c3c3c3c3c3c3c
       159  @@@@@@@@@@@@@@@@  40404040404040404040404040404040
       157  ................  ffffffffffffffffffffffffffffffff
# epoch 15000  H=7.7711 C=7.5395 HO=0.1646  A(t)=318
       617  ,,,,,,,,,,,,,,,,  2c2c2c2c2c2c2c2c2c2c2c2c2c2c2c2c
       509  ]]]]]]]]]]]]]]]]  5d5d5d5d5d5d5d5d5d5d5d5d5d5d5d5d
       466  [[[[[[[[[[[[[[[[  5b5b5b5b5b5b5b5b5b5b5b5b5b5b5b5b
       307  ................  2e2e2e2e2e2e2e2e2e2e2e2e2e2e2e2e
       140  ::::::::::::::::  3a3a3a3a3a3a3a3a3a3a3a3a3a3a3a3a
       139  ................  ffffffffffffffffffffffffffffffff
       127  ................  01010101010101010101010101010101
       112  1111111111111111  31313131313131313131313131313131
       106  llllllllllllllll  6c6c6c6c6c6c6c6c6c6c6c6c6c6c6c6c
       101  ................  11111111111111111111111111111111
# epoch 15250  H=7.7691 C=7.5399 HO=0.1642  A(t)=318
       683  ,,,,,,,,,,,,,,,,  2c2c2c2c2c2c2c2c2c2c2c2c2c2c2c2c
       482  [[[[[[[[[[[[[[[[  5b5b5b5b5b5b5b5b5b5b5b5b5b5b5b5b
       330  ]]]]]]]]]]]]]]]]  5d5d5d5d5d5d5d5d5d5d5d5d5d5d5d5d
       258  ................  2e2e2e2e2e2e2e2e2e2e2e2e2e2e2e2e
       227  \\\\\\\\\\\\\\\\  5c5c5c5c5c5c5c5c5c5c5c5c5c5c5c5c
       160  ................  03030303030303030303030303030303
       154  ................  fcfcfcfcfcfcfcfcfcfcfcfcfcfcfcfc
       153  <<<<<<<<<<<<<<<<  3c3c3c3c3c3c3c3c3c3c3c3c3c3c3c3c
       138  CCCCCCCCCCCCCCCC  43434343434343434343434343434343
       133  ZZZZZZZZZZZZZZZZ  5a5a5a5a5a5a5a5a5a5a5a5a5a5a5a5a
# epoch 15500  H=7.7693 C=7.5484 HO=0.1536  A(t)=318
       765  [[[[[[[[[[[[[[[[  5b5b5b5b5b5b5b5b5b5b5b5b5b5b5b5b
       596  ,,,,,,,,,,,,,,,,  2c2c2c2c2c2c2c2c2c2c2c2c2c2c2c2c
       359  ]]]]]]]]]]]]]]]]  5d5d5d5d5d5d5d5d5d5d5d5d5d5d5d5d
       283  ................  01010101010101010101010101010101
       155  ................  2e2e2e2e2e2e2e2e2e2e2e2e2e2e2e2e
       129  ................  fcfcfcfcfcfcfcfcfcfcfcfcfcfcfcfc
       125  ................  81818181818181818181818181818181
       125  ................  02020202020202020202020202020202
        99  ................  fdfdfdfdfdfdfdfdfdfdfdfdfdfdfdfd
        96  ................  f5f5f5f5f5f5f5f5f5f5f5f5f5f5f5f5
# epoch 15750  H=7.7638 C=7.5434 HO=0.1541  A(t)=318
       670  [[[[[[[[[[[[[[[[  5b5b5b5b5b5b5b5b5b5b5b5b5b5b5b5b
       616  ,,,,,,,,,,,,,,,,  2c2c2c2c2c2c2c2c2c2c2c2c2c2c2c2c
       567  ]]]]]]]]]]]]]]]]  5d5d5d5d5d5d5d5d5d5d5d5d5d5d5d5d
       179  ................  2e2e2e2e2e2e2e2e2e2e2e2e2e2e2e2e
       166  <<<<<<<<<<<<<<<<  3c3c3c3c3c3c3c3c3c3c3c3c3c3c3c3c
       144  """"""""""""""""  22222222222222222222222222222222
       129  \\\\\\\\\\\\\\\\  5c5c5c5c5c5c5c5c5c5c5c5c5c5c5c5c
       128  ................  01010101010101010101010101010101
       117  ''''''''''''''''  27272727272727272727272727272727
       110  ================  3d3d3d3d3d3d3d3d3d3d3d3d3d3d3d3d
# epoch 16000  H=7.7653 C=7.5317 HO=0.1639  A(t)=319
       604  [[[[[[[[[[[[[[[[  5b5b5b5b5b5b5b5b5b5b5b5b5b5b5b5b
       543  ]]]]]]]]]]]]]]]]  5d5d5d5d5d5d5d5d5d5d5d5d5d5d5d5d
       494  ,,,,,,,,,,,,,,,,  2c2c2c2c2c2c2c2c2c2c2c2c2c2c2c2c
       201  >>>>>>>>>>>>>>>>  3e3e3e3e3e3e3e3e3e3e3e3e3e3e3e3e
       187  \\\\\\\\\\\\\\\\  5c5c5c5c5c5c5c5c5c5c5c5c5c5c5c5c
       179  ................  06060606060606060606060606060606
       157  ................  01010101010101010101010101010101
       148  7777777777777777  37373737373737373737373737373737
       135  ................  2e2e2e2e2e2e2e2e2e2e2e2e2e2e2e2e
       129  ''''''''''''''''  27272727272727272727272727272727
