# epoch 0  H=7.9999 C=8.0025 HO=-0.0001  A(t)=0
         1  ...s...$.8...D..  fffffd73c2bd0524d438d49f8544ced4
         1  ...,.d...A.Wo..g  fffffd2ce064daef2e418c576fc01067
         1  .........+.<...=  fffffb05f615f4c3b22b133caae60f3d
         1  ......."EB....MA  fffff884affb122245421fd7c5c34d41
         1  .....X....`.r...  ffffd616b058eff3a80f6081728212cd
         1  ....p.+s=.Q..pEr  ffffceb470852b733d8151b9c5704572
         1  ....0..M..B...*.  ffffaf9f301a0f4dbecd428789ea2ab9
         1  .....7{u...a.H+M  fffface998377b75ee96db619a482b4d
         1  ....7......O....  ffffa6dd37f08eaf19f5894f1db4a207
         1  .....|.Cq0.1....  ffffa3b60e7ca8437130f731c0c6f7f6
# epoch 250  H=7.9947 C=7.6429 HO=0.3415  A(t)=0
      1065  ................  ffffffffffffffffffffffffffffffff
       960  [[[[[[[[[[[[[[[[  5b5b5b5b5b5b5b5b5b5b5b5b5b5b5b5b
       868  ,,,,,,,,,,,,,,,,  2c2c2c2c2c2c2c2c2c2c2c2c2c2c2c2c
       858  >>>>>>>>>>>>>>>>  3e3e3e3e3e3e3e3e3e3e3e3e3e3e3e3e
       849  PPPPPPPPPPPPPPPP  50505050505050505050505050505050
       811  ................  01010101010101010101010101010101
       562  ................  05050505050505050505050505050505
       546  ????????????????  3f3f3f3f3f3f3f3f3f3f3f3f3f3f3f3f
       439  ................  e8e8e8e8e8e8e8e8e8e8e8e8e8e8e8e8
       432  ................  fefefefefefefefefefefefefefefefe
# epoch 500  H=7.9819 C=7.5129 HO=0.4565  A(t)=0
      1373  <<<<<<<<<<<<<<<<  3c3c3c3c3c3c3c3c3c3c3c3c3c3c3c3c
      1258  [[[[[[[[[[[[[[[[  5b5b5b5b5b5b5b5b5b5b5b5b5b5b5b5b
      1089  ................  01010101010101010101010101010101
       955  >>>>>>>>>>>>>>>>  3e3e3e3e3e3e3e3e3e3e3e3e3e3e3e3e
       790  PPPPPPPPPPPPPPPP  50505050505050505050505050505050
       663  ................  ffffffffffffffffffffffffffffffff
       581  ,,,,,,,,,,,,,,,,  2c2c2c2c2c2c2c2c2c2c2c2c2c2c2c2c
       449  }}}}}}}}}}}}}}}}  7d7d7d7d7d7d7d7d7d7d7d7d7d7d7d7d
       429  ................  fcfcfcfcfcfcfcfcfcfcfcfcfcfcfcfc
       413  ;;;;;;;;;;;;;;;;  3b3b3b3b3b3b3b3b3b3b3b3b3b3b3b3b
# epoch 750  H=7.9612 C=7.4481 HO=0.4912  A(t)=0
      1896  <<<<<<<<<<<<<<<<  3c3c3c3c3c3c3c3c3c3c3c3c3c3c3c3c
      1406  >>>>>>>>>>>>>>>>  3e3e3e3e3e3e3e3e3e3e3e3e3e3e3e3e
      1134  ,,,,,,,,,,,,,,,,  2c2c2c2c2c2c2c2c2c2c2c2c2c2c2c2c
      1133  [[[[[[[[[[[[[[[[  5b5b5b5b5b5b5b5b5b5b5b5b5b5b5b5b
       733  ................  ffffffffffffffffffffffffffffffff
       660  ................  01010101010101010101010101010101
       595  ::::::::::::::::  3a3a3a3a3a3a3a3a3a3a3a3a3a3a3a3a
       415  ................  fefefefefefefefefefefefefefefefe
       379  ................  92929292929292929292929292929292
       351  ;;;;;;;;;;;;;;;;  3b3b3b3b3b3b3b3b3b3b3b3b3b3b3b3b
# epoch 1000  H=7.9379 C=7.4086 HO=0.4987  A(t)=0
      1799  [[[[[[[[[[[[[[[[  5b5b5b5b5b5b5b5b5b5b5b5b5b5b5b5b
      1638  <<<<<<<<<<<<<<<<  3c3c3c3c3c3c3c3c3c3c3c3c3c3c3c3c
      1139  >>>>>>>>>>>>>>>>  3e3e3e3e3e3e3e3e3e3e3e3e3e3e3e3e
      1120  ;;;;;;;;;;;;;;;;  3b3b3b3b3b3b3b3b3b3b3b3b3b3b3b3b
       861  ................  ffffffffffffffffffffffffffffffff
       831  ,,,,,,,,,,,,,,,,  2c2c2c2c2c2c2c2c2c2c2c2c2c2c2c2c
       776  ================  3d3d3d3d3d3d3d3d3d3d3d3d3d3d3d3d
       404  ................  fefefefefefefefefefefefefefefefe
       375  ................  01010101010101010101010101010101
       368  ................  bfbfbfbfbfbfbfbfbfbfbfbfbfbfbfbf
# epoch 1250  H=7.9085 C=7.3692 HO=0.5004  A(t)=262
      1979  <<<<<<<<<<<<<<<<  3c3c3c3c3c3c3c3c3c3c3c3c3c3c3c3c
      1401  [[[[[[[[[[[[[[[[  5b5b5b5b5b5b5b5b5b5b5b5b5b5b5b5b
      1150  ;;;;;;;;;;;;;;;;  3b3b3b3b3b3b3b3b3b3b3b3b3b3b3b3b
       811  ................  ffffffffffffffffffffffffffffffff
       777  ================  3d3d3d3d3d3d3d3d3d3d3d3d3d3d3d3d
       772  >>>>>>>>>>>>>>>>  3e3e3e3e3e3e3e3e3e3e3e3e3e3e3e3e
       588  ????????????????  3f3f3f3f3f3f3f3f3f3f3f3f3f3f3f3f
       551  ,,,,,,,,,,,,,,,,  2c2c2c2c2c2c2c2c2c2c2c2c2c2c2c2c
       503  ................  01010101010101010101010101010101
       419  ................  8c8c8c8c8c8c8c8c8c8c8c8c8c8c8c8c
# epoch 1500  H=7.8713 C=7.3286 HO=0.4935  A(t)=278
      2924  <<<<<<<<<<<<<<<<  3c3c3c3c3c3c3c3c3c3c3c3c3c3c3c3c
      1719  [[[[[[[[[[[[[[[[  5b5b5b5b5b5b5b5b5b5b5b5b5b5b5b5b
      1026  ;;;;;;;;;;;;;;;;  3b3b3b3b3b3b3b3b3b3b3b3b3b3b3b3b
       888  >>>>>>>>>>>>>>>>  3e3e3e3e3e3e3e3e3e3e3e3e3e3e3e3e
       811  ================  3d3d3d3d3d3d3d3d3d3d3d3d3d3d3d3d
       808  ,,,,,,,,,,,,,,,,  2c2c2c2c2c2c2c2c2c2c2c2c2c2c2c2c
       736  ................  ffffffffffffffffffffffffffffffff
       485  ????????????????  3f3f3f3f3f3f3f3f3f3f3f3f3f3f3f3f
       412  zzzzzzzzzzzzzzzz  7a7a7a7a7a7a7a7a7a7a7a7a7a7a7a7a
       400  &&&&&&&&&&&&&&&&  26262626262626262626262626262626
# epoch 1750  H=7.8391 C=7.3328 HO=0.4513  A(t)=290
      2266  <<<<<<<<<<<<<<<<  3c3c3c3c3c3c3c3c3c3c3c3c3c3c3c3c
      1384  [[[[[[[[[[[[[[[[  5b5b5b5b5b5b5b5b5b5b5b5b5b5b5b5b
       932  >>>>>>>>>>>>>>>>  3e3e3e3e3e3e3e3e3e3e3e3e3e3e3e3e
       920  ;;;;;;;;;;;;;;;;  3b3b3b3b3b3b3b3b3b3b3b3b3b3b3b3b
       627  ................  ffffffffffffffffffffffffffffffff
       605  ????????????????  3f3f3f3f3f3f3f3f3f3f3f3f3f3f3f3f
       554  ================  3d3d3d3d3d3d3d3d3d3d3d3d3d3d3d3d
       509  ::::::::::::::::  3a3a3a3a3a3a3a3a3a3a3a3a3a3a3a3a
       487  ,,,,,,,,,,,,,,,,  2c2c2c2c2c2c2c2c2c2c2c2c2c2c2c2c
       339  ................  1e1e1e1e1e1e1e1e1e1e1e1e1e1e1e1e
# epoch 2000  H=7.8147 C=7.3249 HO=0.4243  A(t)=295
      2060  <<<<<<<<<<<<<<<<  3c3c3c3c3c3c3c3c3c3c3c3c3c3c3c3c
      1074  >>>>>>>>>>>>>>>>  3e3e3e3e3e3e3e3e3e3e3e3e3e3e3e3e
      1073  [[[[[[[[[[[[[[[[  5b5b5b5b5b5b5b5b5b5b5b5b5b5b5b5b
       874  ;;;;;;;;;;;;;;;;  3b3b3b3b3b3b3b3b3b3b3b3b3b3b3b3b
       675  ::::::::::::::::  3a3a3a3a3a3a3a3a3a3a3a3a3a3a3a3a
       542  ================  3d3d3d3d3d3d3d3d3d3d3d3d3d3d3d3d
       530  ,,,,,,,,,,,,,,,,  2c2c2c2c2c2c2c2c2c2c2c2c2c2c2c2c
       384  ................  ffffffffffffffffffffffffffffffff
       337  ................  acacacacacacacacacacacacacacacac
       335  ................  01010101010101010101010101010101
# epoch 2250  H=7.7882 C=7.2953 HO=0.4223  A(t)=304
      2221  <<<<<<<<<<<<<<<<  3c3c3c3c3c3c3c3c3c3c3c3c3c3c3c3c
      1486  [[[[[[[[[[[[[[[[  5b5b5b5b5b5b5b5b5b5b5b5b5b5b5b5b
       943  >>>>>>>>>>>>>>>>  3e3e3e3e3e3e3e3e3e3e3e3e3e3e3e3e
       673  ;;;;;;;;;;;;;;;;  3b3b3b3b3b3b3b3b3b3b3b3b3b3b3b3b
       576  ::::::::::::::::  3a3a3a3a3a3a3a3a3a3a3a3a3a3a3a3a
       554  ????????????????  3f3f3f3f3f3f3f3f3f3f3f3f3f3f3f3f
       474  ================  3d3d3d3d3d3d3d3d3d3d3d3d3d3d3d3d
       442  ,,,,,,,,,,,,,,,,  2c2c2c2c2c2c2c2c2c2c2c2c2c2c2c2c
       372  9999999999999999  39393939393939393939393939393939
       352  }}}}}}}}}}}}}}}}  7d7d7d7d7d7d7d7d7d7d7d7d7d7d7d7d
# epoch 2500  H=7.7604 C=7.2893 HO=0.3983  A(t)=319
      2056  <<<<<<<<<<<<<<<<  3c3c3c3c3c3c3c3c3c3c3c3c3c3c3c3c
      1610  [[[[[[[[[[[[[[[[  5b5b5b5b5b5b5b5b5b5b5b5b5b5b5b5b
       993  ;;;;;;;;;;;;;;;;  3b3b3b3b3b3b3b3b3b3b3b3b3b3b3b3b
       884  ================  3d3d3d3d3d3d3d3d3d3d3d3d3d3d3d3d
       831  >>>>>>>>>>>>>>>>  3e3e3e3e3e3e3e3e3e3e3e3e3e3e3e3e
       804  ,,,,,,,,,,,,,,,,  2c2c2c2c2c2c2c2c2c2c2c2c2c2c2c2c
       636  ::::::::::::::::  3a3a3a3a3a3a3a3a3a3a3a3a3a3a3a3a
       529  ????????????????  3f3f3f3f3f3f3f3f3f3f3f3f3f3f3f3f
       343  @@@@@@@@@@@@@@@@  40404040404040404040404040404040
       268  cccccccccccccccc  63636363636363636363636363636363
# epoch 2750  H=7.7388 C=7.2811 HO=0.3820  A(t)=323
      1725  <<<<<<<<<<<<<<<<  3c3c3c3c3c3c3c3c3c3c3c3c3c3c3c3c
      1371  [[[[[[[[[[[[[[[[  5b5b5b5b5b5b5b5b5b5b5b5b5b5b5b5b
       922  ================  3d3d3d3d3d3d3d3d3d3d3d3d3d3d3d3d
       845  ;;;;;;;;;;;;;;;;  3b3b3b3b3b3b3b3b3b3b3b3b3b3b3b3b
       816  >>>>>>>>>>>>>>>>  3e3e3e3e3e3e3e3e3e3e3e3e3e3e3e3e
       786  ,,,,,,,,,,,,,,,,  2c2c2c2c2c2c2c2c2c2c2c2c2c2c2c2c
       462  {{{{{{{{{{{{{{{{  7b7b7b7b7b7b7b7b7b7b7b7b7b7b7b7b
       312  ................  ffffffffffffffffffffffffffffffff
       302  9999999999999999  39393939393939393939393939393939
       292  ::::::::::::::::  3a3a3a3a3a3a3a3a3a3a3a3a3a3a3a3a
# epoch 3000  H=7.7188 C=7.2769 HO=0.3657  A(t)=329
      1672  ;;;;;;;;;;;;;;;;  3b3b3b3b3b3b3b3b3b3b3b3b3b3b3b3b
      1494  <<<<<<<<<<<<<<<<  3c3c3c3c3c3c3c3c3c3c3c3c3c3c3c3c
      1366  [[[[[[[[[[[[[[[[  5b5b5b5b5b5b5b5b5b5b5b5b5b5b5b5b
       759  ================  3d3d3d3d3d3d3d3d3d3d3d3d3d3d3d3d
       643  ,,,,,,,,,,,,,,,,  2c2c2c2c2c2c2c2c2c2c2c2c2c2c2c2c
       614  >>>>>>>>>>>>>>>>  3e3e3e3e3e3e3e3e3e3e3e3e3e3e3e3e
       556  ::::::::::::::::  3a3a3a3a3a3a3a3a3a3a3a3a3a3a3a3a
       318  9999999999999999  39393939393939393939393939393939
       304  8888888888888888  38383838383838383838383838383838
       300  ................  ffffffffffffffffffffffffffffffff
# epoch 3250  H=7.6966 C=7.2671 HO=0.3515  A(t)=330
      2435  ;;;;;;;;;;;;;;;;  3b3b3b3b3b3b3b3b3b3b3b3b3b3b3b3b
      1648  <<<<<<<<<<<<<<<<  3c3c3c3c3c3c3c3c3c3c3c3c3c3c3c3c
      1277  [[[[[[[[[[[[[[[[  5b5b5b5b5b5b5b5b5b5b5b5b5b5b5b5b
       924  ================  3d3d3d3d3d3d3d3d3d3d3d3d3d3d3d3d
       616  >>>>>>>>>>>>>>>>  3e3e3e3e3e3e3e3e3e3e3e3e3e3e3e3e
       602  ,,,,,,,,,,,,,,,,  2c2c2c2c2c2c2c2c2c2c2c2c2c2c2c2c
       385  9999999999999999  39393939393939393939393939393939
       358  ::::::::::::::::  3a3a3a3a3a3a3a3a3a3a3a3a3a3a3a3a
       265  0000000000000000  30303030303030303030303030303030
       231  ~~~~~~~~~~~~~~~~  7e7e7e7e7e7e7e7e7e7e7e7e7e7e7e7e
# epoch 3500  H=7.6728 C=7.2681 HO=0.3293  A(t)=334
      1304  <<<<<<<<<<<<<<<<  3c3c3c3c3c3c3c3c3c3c3c3c3c3c3c3c
       996  [[[[[[[[[[[[[[[[  5b5b5b5b5b5b5b5b5b5b5b5b5b5b5b5b
       821  ;;;;;;;;;;;;;;;;  3b3b3b3b3b3b3b3b3b3b3b3b3b3b3b3b
       655  ================  3d3d3d3d3d3d3d3d3d3d3d3d3d3d3d3d
       509  ::::::::::::::::  3a3a3a3a3a3a3a3a3a3a3a3a3a3a3a3a
       496  >>>>>>>>>>>>>>>>  3e3e3e3e3e3e3e3e3e3e3e3e3e3e3e3e
       465  ,,,,,,,,,,,,,,,,  2c2c2c2c2c2c2c2c2c2c2c2c2c2c2c2c
       405  9999999999999999  39393939393939393939393939393939
       259  ????????????????  3f3f3f3f3f3f3f3f3f3f3f3f3f3f3f3f
       249  ZZZZZZZZZZZZZZZZ  5a5a5a5a5a5a5a5a5a5a5a5a5a5a5a5a
# epoch 3750  H=7.6575 C=7.2870 HO=0.2932  A(t)=336
      1192  <<<<<<<<<<<<<<<<  3c3c3c3c3c3c3c3c3c3c3c3c3c3c3c3c
       687  ;;;;;;;;;;;;;;;;  3b3b3b3b3b3b3b3b3b3b3b3b3b3b3b3b
       666  [[[[[[[[[[[[[[[[  5b5b5b5b5b5b5b5b5b5b5b5b5b5b5b5b
       603  ================  3d3d3d3d3d3d3d3d3d3d3d3d3d3d3d3d
       465  ,,,,,,,,,,,,,,,,  2c2c2c2c2c2c2c2c2c2c2c2c2c2c2c2c
       375  >>>>>>>>>>>>>>>>  3e3e3e3e3e3e3e3e3e3e3e3e3e3e3e3e
       350  ::::::::::::::::  3a3a3a3a3a3a3a3a3a3a3a3a3a3a3a3a
       289  9999999999999999  39393939393939393939393939393939
       249  zzzzzzzzzzzzzzzz  7a7a7a7a7a7a7a7a7a7a7a7a7a7a7a7a
       234  BBBBBBBBBBBBBBBB  42424242424242424242424242424242
# epoch 4000  H=7.6457 C=7.2925 HO=0.2813  A(t)=339
      1399  <<<<<<<<<<<<<<<<  3c3c3c3c3c3c3c3c3c3c3c3c3c3c3c3c
      1336  ................  01010101010101010101010101010101
       739  [[[[[[[[[[[[[[[[  5b5b5b5b5b5b5b5b5b5b5b5b5b5b5b5b
       738  ;;;;;;;;;;;;;;;;  3b3b3b3b3b3b3b3b3b3b3b3b3b3b3b3b
       484  ::::::::::::::::  3a3a3a3a3a3a3a3a3a3a3a3a3a3a3a3a
       447  ================  3d3d3d3d3d3d3d3d3d3d3d3d3d3d3d3d
       416  ,,,,,,,,,,,,,,,,  2c2c2c2c2c2c2c2c2c2c2c2c2c2c2c2c
       336  9999999999999999  39393939393939393939393939393939
       270  >>>>>>>>>>>>>>>>  3e3e3e3e3e3e3e3e3e3e3e3e3e3e3e3e
       260  ????????????????  3f3f3f3f3f3f3f3f3f3f3f3f3f3f3f3f
# epoch 4250  H=7.6307 C=7.2790 HO=0.2832  A(t)=341
      2584  ................  01010101010101010101010101010101
      1443  <<<<<<<<<<<<<<<<  3c3c3c3c3c3c3c3c3c3c3c3c3c3c3c3c
       663  ================  3d3d3d3d3d3d3d3d3d3d3d3d3d3d3d3d
       586  ;;;;;;;;;;;;;;;;  3b3b3b3b3b3b3b3b3b3b3b3b3b3b3b3b
       584  [[[[[[[[[[[[[[[[  5b5b5b5b5b5b5b5b5b5b5b5b5b5b5b5b
       534  ,,,,,,,,,,,,,,,,  2c2c2c2c2c2c2c2c2c2c2c2c2c2c2c2c
       424  rrrrrrrrrrrrrrrr  72727272727272727272727272727272
       376  >>>>>>>>>>>>>>>>  3e3e3e3e3e3e3e3e3e3e3e3e3e3e3e3e
       229  ::::::::::::::::  3a3a3a3a3a3a3a3a3a3a3a3a3a3a3a3a
       227  AAAAAAAAAAAAAAAA  41414141414141414141414141414141
# epoch 4500  H=7.6267 C=7.2820 HO=0.2768  A(t)=345
      3028  ................  01010101010101010101010101010101
       888  <<<<<<<<<<<<<<<<  3c3c3c3c3c3c3c3c3c3c3c3c3c3c3c3c
       681  ;;;;;;;;;;;;;;;;  3b3b3b3b3b3b3b3b3b3b3b3b3b3b3b3b
       623  ================  3d3d3d3d3d3d3d3d3d3d3d3d3d3d3d3d
       608  [[[[[[[[[[[[[[[[  5b5b5b5b5b5b5b5b5b5b5b5b5b5b5b5b
       482  >>>>>>>>>>>>>>>>  3e3e3e3e3e3e3e3e3e3e3e3e3e3e3e3e
       432  ,,,,,,,,,,,,,,,,  2c2c2c2c2c2c2c2c2c2c2c2c2c2c2c2c
       396  ::::::::::::::::  3a3a3a3a3a3a3a3a3a3a3a3a3a3a3a3a
       304  ????????????????  3f3f3f3f3f3f3f3f3f3f3f3f3f3f3f3f
       257  {{{{{{{{{{{{{{{{  7b7b7b7b7b7b7b7b7b7b7b7b7b7b7b7b
# epoch 4750  H=7.6154 C=7.2787 HO=0.2680  A(t)=348
      1437  ................  00000000000000000000000000000000
       941  <<<<<<<<<<<<<<<<  3c3c3c3c3c3c3c3c3c3c3c3c3c3c3c3c
       808  [[[[[[[[[[[[[[[[  5b5b5b5b5b5b5b5b5b5b5b5b5b5b5b5b
       636  ................  01010101010101010101010101010101
       573  ================  3d3d3d3d3d3d3d3d3d3d3d3d3d3d3d3d
       510  ,,,,,,,,,,,,,,,,  2c2c2c2c2c2c2c2c2c2c2c2c2c2c2c2c
       400  ;;;;;;;;;;;;;;;;  3b3b3b3b3b3b3b3b3b3b3b3b3b3b3b3b
       344  >>>>>>>>>>>>>>>>  3e3e3e3e3e3e3e3e3e3e3e3e3e3e3e3e
       339  ::::::::::::::::  3a3a3a3a3a3a3a3a3a3a3a3a3a3a3a3a
       268  @@@@@@@@@@@@@@@@  40404040404040404040404040404040
# epoch 5000  H=7.6000 C=7.2768 HO=0.2602  A(t)=350
      1251  ................  00000000000000000000000000000000
      1013  ,,,,,,,,,,,,,,,,  2c2c2c2c2c2c2c2c2c2c2c2c2c2c2c2c
       947  <<<<<<<<<<<<<<<<  3c3c3c3c3c3c3c3c3c3c3c3c3c3c3c3c
       856  [[[[[[[[[[[[[[[[  5b5b5b5b5b5b5b5b5b5b5b5b5b5b5b5b
       664  ================  3d3d3d3d3d3d3d3d3d3d3d3d3d3d3d3d
       580  ;;;;;;;;;;;;;;;;  3b3b3b3b3b3b3b3b3b3b3b3b3b3b3b3b
       267  >>>>>>>>>>>>>>>>  3e3e3e3e3e3e3e3e3e3e3e3e3e3e3e3e
       262  ................  01010101010101010101010101010101
       236  ::::::::::::::::  3a3a3a3a3a3a3a3a3a3a3a3a3a3a3a3a
       225  ????????????????  3f3f3f3f3f3f3f3f3f3f3f3f3f3f3f3f
# epoch 5250  H=7.5917 C=7.2858 HO=0.2443  A(t)=355
       808  ,,,,,,,,,,,,,,,,  2c2c2c2c2c2c2c2c2c2c2c2c2c2c2c2c
       793  <<<<<<<<<<<<<<<<  3c3c3c3c3c3c3c3c3c3c3c3c3c3c3c3c
       728  ================  3d3d3d3d3d3d3d3d3d3d3d3d3d3d3d3d
       672  [[[[[[[[[[[[[[[[  5b5b5b5b5b5b5b5b5b5b5b5b5b5b5b5b
       608  ;;;;;;;;;;;;;;;;  3b3b3b3b3b3b3b3b3b3b3b3b3b3b3b3b
       338  ................  00000000000000000000000000000000
       283  ::::::::::::::::  3a3a3a3a3a3a3a3a3a3a3a3a3a3a3a3a
       261  ||||||||||||||||  7c7c7c7c7c7c7c7c7c7c7c7c7c7c7c7c
       258  >>>>>>>>>>>>>>>>  3e3e3e3e3e3e3e3e3e3e3e3e3e3e3e3e
       239  ................  01010101010101010101010101010101
# epoch 5500  H=7.5775 C=7.2889 HO=0.2319  A(t)=355
       692  ,,,,,,,,,,,,,,,,  2c2c2c2c2c2c2c2c2c2c2c2c2c2c2c2c
       689  <<<<<<<<<<<<<<<<  3c3c3c3c3c3c3c3c3c3c3c3c3c3c3c3c
       658  ================  3d3d3d3d3d3d3d3d3d3d3d3d3d3d3d3d
       624  [[[[[[[[[[[[[[[[  5b5b5b5b5b5b5b5b5b5b5b5b5b5b5b5b
       554  ;;;;;;;;;;;;;;;;  3b3b3b3b3b3b3b3b3b3b3b3b3b3b3b3b
       436  ????????????????  3f3f3f3f3f3f3f3f3f3f3f3f3f3f3f3f
       243  ::::::::::::::::  3a3a3a3a3a3a3a3a3a3a3a3a3a3a3a3a
       180  >>>>>>>>>>>>>>>>  3e3e3e3e3e3e3e3e3e3e3e3e3e3e3e3e
       170  ................  ffffffffffffffffffffffffffffffff
       170  9999999999999999  39393939393939393939393939393939
# epoch 5750  H=7.5639 C=7.2897 HO=0.2190  A(t)=358
       733  <<<<<<<<<<<<<<<<  3c3c3c3c3c3c3c3c3c3c3c3c3c3c3c3c
       701  [[[[[[[[[[[[[[[[  5b5b5b5b5b5b5b5b5b5b5b5b5b5b5b5b
       641  ;;;;;;;;;;;;;;;;  3b3b3b3b3b3b3b3b3b3b3b3b3b3b3b3b
       551  ================  3d3d3d3d3d3d3d3d3d3d3d3d3d3d3d3d
       541  ,,,,,,,,,,,,,,,,  2c2c2c2c2c2c2c2c2c2c2c2c2c2c2c2c
       391  ????????????????  3f3f3f3f3f3f3f3f3f3f3f3f3f3f3f3f
       332  >>>>>>>>>>>>>>>>  3e3e3e3e3e3e3e3e3e3e3e3e3e3e3e3e
       240  ::::::::::::::::  3a3a3a3a3a3a3a3a3a3a3a3a3a3a3a3a
       224  ................  01010101010101010101010101010101
       212  zzzzzzzzzzzzzzzz  7a7a7a7a7a7a7a7a7a7a7a7a7a7a7a7a
# epoch 6000  H=7.5589 C=7.2906 HO=0.2157  A(t)=359
       999  <<<<<<<<<<<<<<<<  3c3c3c3c3c3c3c3c3c3c3c3c3c3c3c3c
       923  [[[[[[[[[[[[[[[[  5b5b5b5b5b5b5b5b5b5b5b5b5b5b5b5b
       717  ;;;;;;;;;;;;;;;;  3b3b3b3b3b3b3b3b3b3b3b3b3b3b3b3b
       592  ,,,,,,,,,,,,,,,,  2c2c2c2c2c2c2c2c2c2c2c2c2c2c2c2c
       581  ================  3d3d3d3d3d3d3d3d3d3d3d3d3d3d3d3d
       383  ................  01010101010101010101010101010101
       298  ????????????????  3f3f3f3f3f3f3f3f3f3f3f3f3f3f3f3f
       172  ................  fefefefefefefefefefefefefefefefe
       172  ::::::::::::::::  3a3a3a3a3a3a3a3a3a3a3a3a3a3a3a3a
       169  oooooooooooooooo  6f6f6f6f6f6f6f6f6f6f6f6f6f6f6f6f
# epoch 6250  H=7.5581 C=7.2884 HO=0.2169  A(t)=360
       991  <<<<<<<<<<<<<<<<  3c3c3c3c3c3c3c3c3c3c3c3c3c3c3c3c
       855  ,,,,,,,,,,,,,,,,  2c2c2c2c2c2c2c2c2c2c2c2c2c2c2c2c
       818  ;;;;;;;;;;;;;;;;  3b3b3b3b3b3b3b3b3b3b3b3b3b3b3b3b
       813  [[[[[[[[[[[[[[[[  5b5b5b5b5b5b5b5b5b5b5b5b5b5b5b5b
       649  ================  3d3d3d3d3d3d3d3d3d3d3d3d3d3d3d3d
       415  ::::::::::::::::  3a3a3a3a3a3a3a3a3a3a3a3a3a3a3a3a
       280  >>>>>>>>>>>>>>>>  3e3e3e3e3e3e3e3e3e3e3e3e3e3e3e3e
       240  ................  01010101010101010101010101010101
       210  BBBBBBBBBBBBBBBB  42424242424242424242424242424242
       171  ................  99999999999999999999999999999999
# epoch 6500  H=7.5519 C=7.2824 HO=0.2161  A(t)=361
       971  ;;;;;;;;;;;;;;;;  3b3b3b3b3b3b3b3b3b3b3b3b3b3b3b3b
       797  ,,,,,,,,,,,,,,,,  2c2c2c2c2c2c2c2c2c2c2c2c2c2c2c2c
       747  [[[[[[[[[[[[[[[[  5b5b5b5b5b5b5b5b5b5b5b5b5b5b5b5b
       694  ================  3d3d3d3d3d3d3d3d3d3d3d3d3d3d3d3d
       653  <<<<<<<<<<<<<<<<  3c3c3c3c3c3c3c3c3c3c3c3c3c3c3c3c
       394  >>>>>>>>>>>>>>>>  3e3e3e3e3e3e3e3e3e3e3e3e3e3e3e3e
       380  ::::::::::::::::  3a3a3a3a3a3a3a3a3a3a3a3a3a3a3a3a
       354  9999999999999999  39393939393939393939393939393939
       307  ????????????????  3f3f3f3f3f3f3f3f3f3f3f3f3f3f3f3f
       276  ................  01010101010101010101010101010101
# epoch 6750  H=7.5432 C=7.2852 HO=0.2049  A(t)=361
       818  <<<<<<<<<<<<<<<<  3c3c3c3c3c3c3c3c3c3c3c3c3c3c3c3c
       724  ;;;;;;;;;;;;;;;;  3b3b3b3b3b3b3b3b3b3b3b3b3b3b3b3b
       608  ================  3d3d3d3d3d3d3d3d3d3d3d3d3d3d3d3d
       594  ,,,,,,,,,,,,,,,,  2c2c2c2c2c2c2c2c2c2c2c2c2c2c2c2c
       564  [[[[[[[[[[[[[[[[  5b5b5b5b5b5b5b5b5b5b5b5b5b5b5b5b
       320  >>>>>>>>>>>>>>>>  3e3e3e3e3e3e3e3e3e3e3e3e3e3e3e3e
       311  9999999999999999  39393939393939393939393939393939
       263  ????????????????  3f3f3f3f3f3f3f3f3f3f3f3f3f3f3f3f
       204  ::::::::::::::::  3a3a3a3a3a3a3a3a3a3a3a3a3a3a3a3a
       183  0000000000000000  30303030303030303030303030303030
# epoch 7000  H=7.5446 C=7.2979 HO=0.1985  A(t)=361
      1088  <<<<<<<<<<<<<<<<  3c3c3c3c3c3c3c3c3c3c3c3c3c3c3c3c
       597  ;;;;;;;;;;;;;;;;  3b3b3b3b3b3b3b3b3b3b3b3b3b3b3b3b
       554  ,,,,,,,,,,,,,,,,  2c2c2c2c2c2c2c2c2c2c2c2c2c2c2c2c
       499  [[[[[[[[[[[[[[[[  5b5b5b5b5b5b5b5b5b5b5b5b5b5b5b5b
       435  ================  3d3d3d3d3d3d3d3d3d3d3d3d3d3d3d3d
       247  ::::::::::::::::  3a3a3a3a3a3a3a3a3a3a3a3a3a3a3a3a
       237  9999999999999999  39393939393939393939393939393939
       236  ................  f2f2f2f2f2f2f2f2f2f2f2f2f2f2f2f2
       179  7777777777777777  37373737373737373737373737373737
       174  ................  c3c3c3c3c3c3c3c3c3c3c3c3c3c3c3c3
# epoch 7250  H=7.5515 C=7.3100 HO=0.1951  A(t)=361
       669  ,,,,,,,,,,,,,,,,  2c2c2c2c2c2c2c2c2c2c2c2c2c2c2c2c
       609  <<<<<<<<<<<<<<<<  3c3c3c3c3c3c3c3c3c3c3c3c3c3c3c3c
       548  ????????????????  3f3f3f3f3f3f3f3f3f3f3f3f3f3f3f3f
       527  ;;;;;;;;;;;;;;;;  3b3b3b3b3b3b3b3b3b3b3b3b3b3b3b3b
       467  ================  3d3d3d3d3d3d3d3d3d3d3d3d3d3d3d3d
       365  [[[[[[[[[[[[[[[[  5b5b5b5b5b5b5b5b5b5b5b5b5b5b5b5b
       358  >>>>>>>>>>>>>>>>  3e3e3e3e3e3e3e3e3e3e3e3e3e3e3e3e
       355  ::::::::::::::::  3a3a3a3a3a3a3a3a3a3a3a3a3a3a3a3a
       229  @@@@@@@@@@@@@@@@  40404040404040404040404040404040
       215  BBBBBBBBBBBBBBBB  42424242424242424242424242424242
# epoch 7500  H=7.5533 C=7.3023 HO=0.2088  A(t)=363
       873  ;;;;;;;;;;;;;;;;  3b3b3b3b3b3b3b3b3b3b3b3b3b3b3b3b
       846  <<<<<<<<<<<<<<<<  3c3c3c3c3c3c3c3c3c3c3c3c3c3c3c3c
       608  [[[[[[[[[[[[[[[[  5b5b5b5b5b5b5b5b5b5b5b5b5b5b5b5b
       599  ,,,,,,,,,,,,,,,,  2c2c2c2c2c2c2c2c2c2c2c2c2c2c2c2c
       521  ================  3d3d3d3d3d3d3d3d3d3d3d3d3d3d3d3d
       412  ????????????????  3f3f3f3f3f3f3f3f3f3f3f3f3f3f3f3f
       357  ::::::::::::::::  3a3a3a3a3a3a3a3a3a3a3a3a3a3a3a3a
       257  ................  2e2e2e2e2e2e2e2e2e2e2e2e2e2e2e2e
       247  DDDDDDDDDDDDDDDD  44444444444444444444444444444444
       243  @@@@@@@@@@@@@@@@  40404040404040404040404040404040
# epoch 7750  H=7.5541 C=7.2984 HO=0.2125  A(t)=363
       776  <<<<<<<<<<<<<<<<  3c3c3c3c3c3c3c3c3c3c3c3c3c3c3c3c
       661  ================  3d3d3d3d3d3d3d3d3d3d3d3d3d3d3d3d
       638  ;;;;;;;;;;;;;;;;  3b3b3b3b3b3b3b3b3b3b3b3b3b3b3b3b
       432  ,,,,,,,,,,,,,,,,  2c2c2c2c2c2c2c2c2c2c2c2c2c2c2c2c
       416  [[[[[[[[[[[[[[[[  5b5b5b5b5b5b5b5b5b5b5b5b5b5b5b5b
       351  9999999999999999  39393939393939393939393939393939
       321  ::::::::::::::::  3a3a3a3a3a3a3a3a3a3a3a3a3a3a3a3a
       271  >>>>>>>>>>>>>>>>  3e3e3e3e3e3e3e3e3e3e3e3e3e3e3e3e
       262  0000000000000000  30303030303030303030303030303030
       255  ////////////////  2f2f2f2f2f2f2f2f2f2f2f2f2f2f2f2f
# epoch 8000  H=7.5515 C=7.2948 HO=0.2086  A(t)=364
       836  [[[[[[[[[[[[[[[[  5b5b5b5b5b5b5b5b5b5b5b5b5b5b5b5b
       728  <<<<<<<<<<<<<<<<  3c3c3c3c3c3c3c3c3c3c3c3c3c3c3c3c
       632  ================  3d3d3d3d3d3d3d3d3d3d3d3d3d3d3d3d
       607  ;;;;;;;;;;;;;;;;  3b3b3b3b3b3b3b3b3b3b3b3b3b3b3b3b
       472  ,,,,,,,,,,,,,,,,  2c2c2c2c2c2c2c2c2c2c2c2c2c2c2c2c
       304  ::::::::::::::::  3a3a3a3a3a3a3a3a3a3a3a3a3a3a3a3a
       230  ////////////////  2f2f2f2f2f2f2f2f2f2f2f2f2f2f2f2f
       219  AAAAAAAAAAAAAAAA  41414141414141414141414141414141
       217  >>>>>>>>>>>>>>>>  3e3e3e3e3e3e3e3e3e3e3e3e3e3e3e3e
       216  0000000000000000  30303030303030303030303030303030
# epoch 8250  H=7.5513 C=7.2852 HO=0.2237  A(t)=365
       736  <<<<<<<<<<<<<<<<  3c3c3c3c3c3c3c3c3c3c3c3c3c3c3c3c
       714  ;;;;;;;;;;;;;;;;  3b3b3b3b3b3b3b3b3b3b3b3b3b3b3b3b
       637  ================  3d3d3d3d3d3d3d3d3d3d3d3d3d3d3d3d
       603  [[[[[[[[[[[[[[[[  5b5b5b5b5b5b5b5b5b5b5b5b5b5b5b5b
       585  ,,,,,,,,,,,,,,,,  2c2c2c2c2c2c2c2c2c2c2c2c2c2c2c2c
       486  ::::::::::::::::  3a3a3a3a3a3a3a3a3a3a3a3a3a3a3a3a
       420  >>>>>>>>>>>>>>>>  3e3e3e3e3e3e3e3e3e3e3e3e3e3e3e3e
       413  ????????????????  3f3f3f3f3f3f3f3f3f3f3f3f3f3f3f3f
       360  9999999999999999  39393939393939393939393939393939
       254  8888888888888888  38383838383838383838383838383838
# epoch 8500  H=7.5564 C=7.2893 HO=0.2205  A(t)=365
       900  ,,,,,,,,,,,,,,,,  2c2c2c2c2c2c2c2c2c2c2c2c2c2c2c2c
       811  <<<<<<<<<<<<<<<<  3c3c3c3c3c3c3c3c3c3c3c3c3c3c3c3c
       692  ;;;;;;;;;;;;;;;;  3b3b3b3b3b3b3b3b3b3b3b3b3b3b3b3b
       448  ================  3d3d3d3d3d3d3d3d3d3d3d3d3d3d3d3d
       394  [[[[[[[[[[[[[[[[  5b5b5b5b5b5b5b5b5b5b5b5b5b5b5b5b
       342  ::::::::::::::::  3a3a3a3a3a3a3a3a3a3a3a3a3a3a3a3a
       303  9999999999999999  39393939393939393939393939393939
       283  >>>>>>>>>>>>>>>>  3e3e3e3e3e3e3e3e3e3e3e3e3e3e3e3e
       274  ????????????????  3f3f3f3f3f3f3f3f3f3f3f3f3f3f3f3f
       251  ))))))))))))))))  29292929292929292929292929292929
# epoch 8750  H=7.5606 C=7.2737 HO=0.2381  A(t)=366
       997  ;;;;;;;;;;;;;;;;  3b3b3b3b3b3b3b3b3b3b3b3b3b3b3b3b
       893  <<<<<<<<<<<<<<<<  3c3c3c3c3c3c3c3c3c3c3c3c3c3c3c3c
       808  ,,,,,,,,,,,,,,,,  2c2c2c2c2c2c2c2c2c2c2c2c2c2c2c2c
       716  ================  3d3d3d3d3d3d3d3d3d3d3d3d3d3d3d3d
       464  ::::::::::::::::  3a3a3a3a3a3a3a3a3a3a3a3a3a3a3a3a
       394  [[[[[[[[[[[[[[[[  5b5b5b5b5b5b5b5b5b5b5b5b5b5b5b5b
       295  8888888888888888  38383838383838383838383838383838
       286  ????????????????  3f3f3f3f3f3f3f3f3f3f3f3f3f3f3f3f
       283  3333333333333333  33333333333333333333333333333333
       232  ................  9e9e9e9e9e9e9e9e9e9e9e9e9e9e9e9e
# epoch 9000  H=7.5594 C=7.2791 HO=0.2373  A(t)=366
       850  <<<<<<<<<<<<<<<<  3c3c3c3c3c3c3c3c3c3c3c3c3c3c3c3c
       787  ;;;;;;;;;;;;;;;;  3b3b3b3b3b3b3b3b3b3b3b3b3b3b3b3b
       646  ,,,,,,,,,,,,,,,,  2c2c2c2c2c2c2c2c2c2c2c2c2c2c2c2c
       496  [[[[[[[[[[[[[[[[  5b5b5b5b5b5b5b5b5b5b5b5b5b5b5b5b
       474  ================  3d3d3d3d3d3d3d3d3d3d3d3d3d3d3d3d
       471  >>>>>>>>>>>>>>>>  3e3e3e3e3e3e3e3e3e3e3e3e3e3e3e3e
       410  8888888888888888  38383838383838383838383838383838
       379  ????????????????  3f3f3f3f3f3f3f3f3f3f3f3f3f3f3f3f
       266  ::::::::::::::::  3a3a3a3a3a3a3a3a3a3a3a3a3a3a3a3a
       250  9999999999999999  39393939393939393939393939393939
# epoch 9250  H=7.5594 C=7.2824 HO=0.2332  A(t)=366
       754  <<<<<<<<<<<<<<<<  3c3c3c3c3c3c3c3c3c3c3c3c3c3c3c3c
       651  ;;;;;;;;;;;;;;;;  3b3b3b3b3b3b3b3b3b3b3b3b3b3b3b3b
       616  ::::::::::::::::  3a3a3a3a3a3a3a3a3a3a3a3a3a3a3a3a
       603  ,,,,,,,,,,,,,,,,  2c2c2c2c2c2c2c2c2c2c2c2c2c2c2c2c
       544  [[[[[[[[[[[[[[[[  5b5b5b5b5b5b5b5b5b5b5b5b5b5b5b5b
       518  ================  3d3d3d3d3d3d3d3d3d3d3d3d3d3d3d3d
       436  >>>>>>>>>>>>>>>>  3e3e3e3e3e3e3e3e3e3e3e3e3e3e3e3e
       357  8888888888888888  38383838383838383838383838383838
       241  ????????????????  3f3f3f3f3f3f3f3f3f3f3f3f3f3f3f3f
       232  @@@@@@@@@@@@@@@@  40404040404040404040404040404040
# epoch 9500  H=7.5491 C=7.2684 HO=0.2344  A(t)=366
      1071  <<<<<<<<<<<<<<<<  3c3c3c3c3c3c3c3c3c3c3c3c3c3c3c3c
       801  ;;;;;;;;;;;;;;;;  3b3b3b3b3b3b3b3b3b3b3b3b3b3b3b3b
       793  ,,,,,,,,,,,,,,,,  2c2c2c2c2c2c2c2c2c2c2c2c2c2c2c2c
       576  ================  3d3d3d3d3d3d3d3d3d3d3d3d3d3d3d3d
       561  [[[[[[[[[[[[[[[[  5b5b5b5b5b5b5b5b5b5b5b5b5b5b5b5b
       464  @@@@@@@@@@@@@@@@  40404040404040404040404040404040
       351  ::::::::::::::::  3a3a3a3a3a3a3a3a3a3a3a3a3a3a3a3a
       339  ????????????????  3f3f3f3f3f3f3f3f3f3f3f3f3f3f3f3f
       308  8888888888888888  38383838383838383838383838383838
       292  9999999999999999  39393939393939393939393939393939
# epoch 9750  H=7.5365 C=7.2451 HO=0.2463  A(t)=367
      2448  <<<<<<<<<<<<<<<<  3c3c3c3c3c3c3c3c3c3c3c3c3c3c3c3c
       753  ,,,,,,,,,,,,,,,,  2c2c2c2c2c2c2c2c2c2c2c2c2c2c2c2c
       655  ;;;;;;;;;;;;;;;;  3b3b3b3b3b3b3b3b3b3b3b3b3b3b3b3b
       654  ================  3d3d3d3d3d3d3d3d3d3d3d3d3d3d3d3d
       636  [[[[[[[[[[[[[[[[  5b5b5b5b5b5b5b5b5b5b5b5b5b5b5b5b
       503  >>>>>>>>>>>>>>>>  3e3e3e3e3e3e3e3e3e3e3e3e3e3e3e3e
       416  ::::::::::::::::  3a3a3a3a3a3a3a3a3a3a3a3a3a3a3a3a
       371  9999999999999999  39393939393939393939393939393939
       301  ????????????????  3f3f3f3f3f3f3f3f3f3f3f3f3f3f3f3f
       296  5555555555555555  35353535353535353535353535353535
# epoch 10000  H=7.5322 C=7.2433 HO=0.2467  A(t)=367
      1130  <<<<<<<<<<<<<<<<  3c3c3c3c3c3c3c3c3c3c3c3c3c3c3c3c
       869  ,,,,,,,,,,,,,,,,  2c2c2c2c2c2c2c2c2c2c2c2c2c2c2c2c
       834  ;;;;;;;;;;;;;;;;  3b3b3b3b3b3b3b3b3b3b3b3b3b3b3b3b
       831  [[[[[[[[[[[[[[[[  5b5b5b5b5b5b5b5b5b5b5b5b5b5b5b5b
       529  ================  3d3d3d3d3d3d3d3d3d3d3d3d3d3d3d3d
       465  >>>>>>>>>>>>>>>>  3e3e3e3e3e3e3e3e3e3e3e3e3e3e3e3e
       461  ::::::::::::::::  3a3a3a3a3a3a3a3a3a3a3a3a3a3a3a3a
       316  9999999999999999  39393939393939393939393939393939
       312  7777777777777777  37373737373737373737373737373737
       287  0000000000000000  30303030303030303030303030303030
# epoch 10250  H=7.5333 C=7.2406 HO=0.2447  A(t)=368
      1050  ;;;;;;;;;;;;;;;;  3b3b3b3b3b3b3b3b3b3b3b3b3b3b3b3b
      1041  <<<<<<<<<<<<<<<<  3c3c3c3c3c3c3c3c3c3c3c3c3c3c3c3c
       930  [[[[[[[[[[[[[[[[  5b5b5b5b5b5b5b5b5b5b5b5b5b5b5b5b
       632  ,,,,,,,,,,,,,,,,  2c2c2c2c2c2c2c2c2c2c2c2c2c2c2c2c
       619  ================  3d3d3d3d3d3d3d3d3d3d3d3d3d3d3d3d
       481  ::::::::::::::::  3a3a3a3a3a3a3a3a3a3a3a3a3a3a3a3a
       459  >>>>>>>>>>>>>>>>  3e3e3e3e3e3e3e3e3e3e3e3e3e3e3e3e
       249  2222222222222222  32323232323232323232323232323232
       246  @@@@@@@@@@@@@@@@  40404040404040404040404040404040
       236  ////////////////  2f2f2f2f2f2f2f2f2f2f2f2f2f2f2f2f
# epoch 10500  H=7.5273 C=7.2342 HO=0.2483  A(t)=369
      1055  <<<<<<<<<<<<<<<<  3c3c3c3c3c3c3c3c3c3c3c3c3c3c3c3c
       739  ;;;;;;;;;;;;;;;;  3b3b3b3b3b3b3b3b3b3b3b3b3b3b3b3b
       689  [[[[[[[[[[[[[[[[  5b5b5b5b5b5b5b5b5b5b5b5b5b5b5b5b
       668  ================  3d3d3d3d3d3d3d3d3d3d3d3d3d3d3d3d
       641  ,,,,,,,,,,,,,,,,  2c2c2c2c2c2c2c2c2c2c2c2c2c2c2c2c
       501  ::::::::::::::::  3a3a3a3a3a3a3a3a3a3a3a3a3a3a3a3a
       354  >>>>>>>>>>>>>>>>  3e3e3e3e3e3e3e3e3e3e3e3e3e3e3e3e
       320  ????????????????  3f3f3f3f3f3f3f3f3f3f3f3f3f3f3f3f
       286  2222222222222222  32323232323232323232323232323232
       253  @@@@@@@@@@@@@@@@  40404040404040404040404040404040
# epoch 10750  H=7.5217 C=7.2330 HO=0.2419  A(t)=370
      1141  <<<<<<<<<<<<<<<<  3c3c3c3c3c3c3c3c3c3c3c3c3c3c3c3c
       886  ;;;;;;;;;;;;;;;;  3b3b3b3b3b3b3b3b3b3b3b3b3b3b3b3b
       834  ================  3d3d3d3d3d3d3d3d3d3d3d3d3d3d3d3d
       649  [[[[[[[[[[[[[[[[  5b5b5b5b5b5b5b5b5b5b5b5b5b5b5b5b
       630  ,,,,,,,,,,,,,,,,  2c2c2c2c2c2c2c2c2c2c2c2c2c2c2c2c
       337  >>>>>>>>>>>>>>>>  3e3e3e3e3e3e3e3e3e3e3e3e3e3e3e3e
       334  9999999999999999  39393939393939393939393939393939
       308  ::::::::::::::::  3a3a3a3a3a3a3a3a3a3a3a3a3a3a3a3a
       262  ????????????????  3f3f3f3f3f3f3f3f3f3f3f3f3f3f3f3f
       232  @@@@@@@@@@@@@@@@  40404040404040404040404040404040
# epoch 11000  H=7.5193 C=7.2382 HO=0.2356  A(t)=370
       886  <<<<<<<<<<<<<<<<  3c3c3c3c3c3c3c3c3c3c3c3c3c3c3c3c
       741  [[[[[[[[[[[[[[[[  5b5b5b5b5b5b5b5b5b5b5b5b5b5b5b5b
       620  ;;;;;;;;;;;;;;;;  3b3b3b3b3b3b3b3b3b3b3b3b3b3b3b3b
       550  >>>>>>>>>>>>>>>>  3e3e3e3e3e3e3e3e3e3e3e3e3e3e3e3e
       544  ================  3d3d3d3d3d3d3d3d3d3d3d3d3d3d3d3d
       454  ,,,,,,,,,,,,,,,,  2c2c2c2c2c2c2c2c2c2c2c2c2c2c2c2c
       299  9999999999999999  39393939393939393939393939393939
       282  8888888888888888  38383838383838383838383838383838
       279  ::::::::::::::::  3a3a3a3a3a3a3a3a3a3a3a3a3a3a3a3a
       219  7777777777777777  37373737373737373737373737373737
# epoch 11250  H=7.5115 C=7.2312 HO=0.2370  A(t)=370
      1058  <<<<<<<<<<<<<<<<  3c3c3c3c3c3c3c3c3c3c3c3c3c3c3c3c
       898  ;;;;;;;;;;;;;;;;  3b3b3b3b3b3b3b3b3b3b3b3b3b3b3b3b
       700  ================  3d3d3d3d3d3d3d3d3d3d3d3d3d3d3d3d
       637  ,,,,,,,,,,,,,,,,  2c2c2c2c2c2c2c2c2c2c2c2c2c2c2c2c
       504  ::::::::::::::::  3a3a3a3a3a3a3a3a3a3a3a3a3a3a3a3a
       471  [[[[[[[[[[[[[[[[  5b5b5b5b5b5b5b5b5b5b5b5b5b5b5b5b
       450  ????????????????  3f3f3f3f3f3f3f3f3f3f3f3f3f3f3f3f
       316  8888888888888888  38383838383838383838383838383838
       309  >>>>>>>>>>>>>>>>  3e3e3e3e3e3e3e3e3e3e3e3e3e3e3e3e
       229  1111111111111111  31313131313131313131313131313131
# epoch 11500  H=7.5033 C=7.2176 HO=0.2402  A(t)=371
      1116  ================  3d3d3d3d3d3d3d3d3d3d3d3d3d3d3d3d
       983  <<<<<<<<<<<<<<<<  3c3c3c3c3c3c3c3c3c3c3c3c3c3c3c3c
       847  ,,,,,,,,,,,,,,,,  2c2c2c2c2c2c2c2c2c2c2c2c2c2c2c2c
       838  [[[[[[[[[[[[[[[[  5b5b5b5b5b5b5b5b5b5b5b5b5b5b5b5b
       744  ;;;;;;;;;;;;;;;;  3b3b3b3b3b3b3b3b3b3b3b3b3b3b3b3b
       534  >>>>>>>>>>>>>>>>  3e3e3e3e3e3e3e3e3e3e3e3e3e3e3e3e
       402  ::::::::::::::::  3a3a3a3a3a3a3a3a3a3a3a3a3a3a3a3a
       390  ????????????????  3f3f3f3f3f3f3f3f3f3f3f3f3f3f3f3f
       288  ****************  2a2a2a2a2a2a2a2a2a2a2a2a2a2a2a2a
       259  9999999999999999  39393939393939393939393939393939
# epoch 11750  H=7.5042 C=7.2149 HO=0.2442  A(t)=373
      1099  ================  3d3d3d3d3d3d3d3d3d3d3d3d3d3d3d3d
       916  <<<<<<<<<<<<<<<<  3c3c3c3c3c3c3c3c3c3c3c3c3c3c3c3c
       756  ;;;;;;;;;;;;;;;;  3b3b3b3b3b3b3b3b3b3b3b3b3b3b3b3b
       746  ,,,,,,,,,,,,,,,,  2c2c2c2c2c2c2c2c2c2c2c2c2c2c2c2c
       712  [[[[[[[[[[[[[[[[  5b5b5b5b5b5b5b5b5b5b5b5b5b5b5b5b
       537  >>>>>>>>>>>>>>>>  3e3e3e3e3e3e3e3e3e3e3e3e3e3e3e3e
       416  9999999999999999  39393939393939393939393939393939
       395  ::::::::::::::::  3a3a3a3a3a3a3a3a3a3a3a3a3a3a3a3a
       292  8888888888888888  38383838383838383838383838383838
       276  AAAAAAAAAAAAAAAA  41414141414141414141414141414141
# epoch 12000  H=7.5016 C=7.2258 HO=0.2286  A(t)=373
       858  <<<<<<<<<<<<<<<<  3c3c3c3c3c3c3c3c3c3c3c3c3c3c3c3c
       718  ;;;;;;;;;;;;;;;;  3b3b3b3b3b3b3b3b3b3b3b3b3b3b3b3b
       712  ================  3d3d3d3d3d3d3d3d3d3d3d3d3d3d3d3d
       665  ,,,,,,,,,,,,,,,,  2c2c2c2c2c2c2c2c2c2c2c2c2c2c2c2c
       550  ::::::::::::::::  3a3a3a3a3a3a3a3a3a3a3a3a3a3a3a3a
       523  [[[[[[[[[[[[[[[[  5b5b5b5b5b5b5b5b5b5b5b5b5b5b5b5b
       366  >>>>>>>>>>>>>>>>  3e3e3e3e3e3e3e3e3e3e3e3e3e3e3e3e
       309  7777777777777777  37373737373737373737373737373737
       300  9999999999999999  39393939393939393939393939393939
       289  ????????????????  3f3f3f3f3f3f3f3f3f3f3f3f3f3f3f3f
# epoch 12250  H=7.5045 C=7.2236 HO=0.2347  A(t)=373
      1017  ................  00000000000000000000000000000000
       806  ;;;;;;;;;;;;;;;;  3b3b3b3b3b3b3b3b3b3b3b3b3b3b3b3b
       677  ,,,,,,,,,,,,,,,,  2c2c2c2c2c2c2c2c2c2c2c2c2c2c2c2c
       648  ================  3d3d3d3d3d3d3d3d3d3d3d3d3d3d3d3d
       511  <<<<<<<<<<<<<<<<  3c3c3c3c3c3c3c3c3c3c3c3c3c3c3c3c
       509  ::::::::::::::::  3a3a3a3a3a3a3a3a3a3a3a3a3a3a3a3a
       472  >>>>>>>>>>>>>>>>  3e3e3e3e3e3e3e3e3e3e3e3e3e3e3e3e
       448  9999999999999999  39393939393939393939393939393939
       408  [[[[[[[[[[[[[[[[  5b5b5b5b5b5b5b5b5b5b5b5b5b5b5b5b
       310  7777777777777777  37373737373737373737373737373737
# epoch 12500  H=7.5088 C=7.2197 HO=0.2417  A(t)=373
      1019  <<<<<<<<<<<<<<<<  3c3c3c3c3c3c3c3c3c3c3c3c3c3c3c3c
       750  ================  3d3d3d3d3d3d3d3d3d3d3d3d3d3d3d3d
       737  ,,,,,,,,,,,,,,,,  2c2c2c2c2c2c2c2c2c2c2c2c2c2c2c2c
       563  [[[[[[[[[[[[[[[[  5b5b5b5b5b5b5b5b5b5b5b5b5b5b5b5b
       546  ;;;;;;;;;;;;;;;;  3b3b3b3b3b3b3b3b3b3b3b3b3b3b3b3b
       518  jjjjjjjjjjjjjjjj  6a6a6a6a6a6a6a6a6a6a6a6a6a6a6a6a
       474  ::::::::::::::::  3a3a3a3a3a3a3a3a3a3a3a3a3a3a3a3a
       398  >>>>>>>>>>>>>>>>  3e3e3e3e3e3e3e3e3e3e3e3e3e3e3e3e
       383  ................  00000000000000000000000000000000
       376  @@@@@@@@@@@@@@@@  40404040404040404040404040404040
# epoch 12750  H=7.5091 C=7.2133 HO=0.2453  A(t)=375
       993  <<<<<<<<<<<<<<<<  3c3c3c3c3c3c3c3c3c3c3c3c3c3c3c3c
       695  [[[[[[[[[[[[[[[[  5b5b5b5b5b5b5b5b5b5b5b5b5b5b5b5b
       670  ,,,,,,,,,,,,,,,,  2c2c2c2c2c2c2c2c2c2c2c2c2c2c2c2c
       631  >>>>>>>>>>>>>>>>  3e3e3e3e3e3e3e3e3e3e3e3e3e3e3e3e
       624  ::::::::::::::::  3a3a3a3a3a3a3a3a3a3a3a3a3a3a3a3a
       578  ================  3d3d3d3d3d3d3d3d3d3d3d3d3d3d3d3d
       454  9999999999999999  39393939393939393939393939393939
       444  ;;;;;;;;;;;;;;;;  3b3b3b3b3b3b3b3b3b3b3b3b3b3b3b3b
       370  ????????????????  3f3f3f3f3f3f3f3f3f3f3f3f3f3f3f3f
       319  8888888888888888  38383838383838383838383838383838
# epoch 13000  H=7.5148 C=7.2196 HO=0.2451  A(t)=377
       956  ================  3d3d3d3d3d3d3d3d3d3d3d3d3d3d3d3d
       743  <<<<<<<<<<<<<<<<  3c3c3c3c3c3c3c3c3c3c3c3c3c3c3c3c
       737  ,,,,,,,,,,,,,,,,  2c2c2c2c2c2c2c2c2c2c2c2c2c2c2c2c
       697  [[[[[[[[[[[[[[[[  5b5b5b5b5b5b5b5b5b5b5b5b5b5b5b5b
       560  >>>>>>>>>>>>>>>>  3e3e3e3e3e3e3e3e3e3e3e3e3e3e3e3e
       421  9999999999999999  39393939393939393939393939393939
       405  ;;;;;;;;;;;;;;;;  3b3b3b3b3b3b3b3b3b3b3b3b3b3b3b3b
       386  ::::::::::::::::  3a3a3a3a3a3a3a3a3a3a3a3a3a3a3a3a
       304  ????????????????  3f3f3f3f3f3f3f3f3f3f3f3f3f3f3f3f
       265  8888888888888888  38383838383838383838383838383838
# epoch 13250  H=7.5134 C=7.2141 HO=0.2539  A(t)=379
       842  [[[[[[[[[[[[[[[[  5b5b5b5b5b5b5b5b5b5b5b5b5b5b5b5b
       798  ,,,,,,,,,,,,,,,,  2c2c2c2c2c2c2c2c2c2c2c2c2c2c2c2c
       780  <<<<<<<<<<<<<<<<  3c3c3c3c3c3c3c3c3c3c3c3c3c3c3c3c
       769  ================  3d3d3d3d3d3d3d3d3d3d3d3d3d3d3d3d
       422  ????????????????  3f3f3f3f3f3f3f3f3f3f3f3f3f3f3f3f
       397  ;;;;;;;;;;;;;;;;  3b3b3b3b3b3b3b3b3b3b3b3b3b3b3b3b
       347  ::::::::::::::::  3a3a3a3a3a3a3a3a3a3a3a3a3a3a3a3a
       346  9999999999999999  39393939393939393939393939393939
       318  7777777777777777  37373737373737373737373737373737
       281  @@@@@@@@@@@@@@@@  40404040404040404040404040404040
# epoch 13500  H=7.5124 C=7.1985 HO=0.2685  A(t)=379
       863  <<<<<<<<<<<<<<<<  3c3c3c3c3c3c3c3c3c3c3c3c3c3c3c3c
       832  ================  3d3d3d3d3d3d3d3d3d3d3d3d3d3d3d3d
       778  [[[[[[[[[[[[[[[[  5b5b5b5b5b5b5b5b5b5b5b5b5b5b5b5b
       757  ,,,,,,,,,,,,,,,,  2c2c2c2c2c2c2c2c2c2c2c2c2c2c2c2c
       712  ;;;;;;;;;;;;;;;;  3b3b3b3b3b3b3b3b3b3b3b3b3b3b3b3b
       523  >>>>>>>>>>>>>>>>  3e3e3e3e3e3e3e3e3e3e3e3e3e3e3e3e
       431  ::::::::::::::::  3a3a3a3a3a3a3a3a3a3a3a3a3a3a3a3a
       403  9999999999999999  39393939393939393939393939393939
       389  8888888888888888  38383838383838383838383838383838
       328  ................  2e2e2e2e2e2e2e2e2e2e2e2e2e2e2e2e
# epoch 13750  H=7.5128 C=7.1942 HO=0.2744  A(t)=380
       953  [[[[[[[[[[[[[[[[  5b5b5b5b5b5b5b5b5b5b5b5b5b5b5b5b
       794  ,,,,,,,,,,,,,,,,  2c2c2c2c2c2c2c2c2c2c2c2c2c2c2c2c
       743  <<<<<<<<<<<<<<<<  3c3c3c3c3c3c3c3c3c3c3c3c3c3c3c3c
       631  ================  3d3d3d3d3d3d3d3d3d3d3d3d3d3d3d3d
       576  ;;;;;;;;;;;;;;;;  3b3b3b3b3b3b3b3b3b3b3b3b3b3b3b3b
       535  >>>>>>>>>>>>>>>>  3e3e3e3e3e3e3e3e3e3e3e3e3e3e3e3e
       407  8888888888888888  38383838383838383838383838383838
       365  ::::::::::::::::  3a3a3a3a3a3a3a3a3a3a3a3a3a3a3a3a
       322  7777777777777777  37373737373737373737373737373737
       284  ????????????????  3f3f3f3f3f3f3f3f3f3f3f3f3f3f3f3f
# epoch 14000  H=7.5023 C=7.1857 HO=0.2685  A(t)=382
      1400  <<<<<<<<<<<<<<<<  3c3c3c3c3c3c3c3c3c3c3c3c3c3c3c3c
       833  [[[[[[[[[[[[[[[[  5b5b5b5b5b5b5b5b5b5b5b5b5b5b5b5b
       800  ,,,,,,,,,,,,,,,,  2c2c2c2c2c2c2c2c2c2c2c2c2c2c2c2c
       789  ================  3d3d3d3d3d3d3d3d3d3d3d3d3d3d3d3d
       764  ;;;;;;;;;;;;;;;;  3b3b3b3b3b3b3b3b3b3b3b3b3b3b3b3b
       582  >>>>>>>>>>>>>>>>  3e3e3e3e3e3e3e3e3e3e3e3e3e3e3e3e
       473  ::::::::::::::::  3a3a3a3a3a3a3a3a3a3a3a3a3a3a3a3a
       441  @@@@@@@@@@@@@@@@  40404040404040404040404040404040
       346  6666666666666666  36363636363636363636363636363636
       322  8888888888888888  38383838383838383838383838383838
# epoch 14250  H=7.5019 C=7.1792 HO=0.2776  A(t)=383
      1150  <<<<<<<<<<<<<<<<  3c3c3c3c3c3c3c3c3c3c3c3c3c3c3c3c
       995  ,,,,,,,,,,,,,,,,  2c2c2c2c2c2c2c2c2c2c2c2c2c2c2c2c
       797  ================  3d3d3d3d3d3d3d3d3d3d3d3d3d3d3d3d
       746  [[[[[[[[[[[[[[[[  5b5b5b5b5b5b5b5b5b5b5b5b5b5b5b5b
       725  ;;;;;;;;;;;;;;;;  3b3b3b3b3b3b3b3b3b3b3b3b3b3b3b3b
       559  9999999999999999  39393939393939393939393939393939
       470  >>>>>>>>>>>>>>>>  3e3e3e3e3e3e3e3e3e3e3e3e3e3e3e3e
       454  ????????????????  3f3f3f3f3f3f3f3f3f3f3f3f3f3f3f3f
       409  @@@@@@@@@@@@@@@@  40404040404040404040404040404040
       372  ::::::::::::::::  3a3a3a3a3a3a3a3a3a3a3a3a3a3a3a3a
# epoch 14500  H=7.5061 C=7.1833 HO=0.2700  A(t)=383
      1151  ================  3d3d3d3d3d3d3d3d3d3d3d3d3d3d3d3d
      1002  [[[[[[[[[[[[[[[[  5b5b5b5b5b5b5b5b5b5b5b5b5b5b5b5b
       806  ,,,,,,,,,,,,,,,,  2c2c2c2c2c2c2c2c2c2c2c2c2c2c2c2c
       792  <<<<<<<<<<<<<<<<  3c3c3c3c3c3c3c3c3c3c3c3c3c3c3c3c
       709  ;;;;;;;;;;;;;;;;  3b3b3b3b3b3b3b3b3b3b3b3b3b3b3b3b
       686  ::::::::::::::::  3a3a3a3a3a3a3a3a3a3a3a3a3a3a3a3a
       600  >>>>>>>>>>>>>>>>  3e3e3e3e3e3e3e3e3e3e3e3e3e3e3e3e
       404  ????????????????  3f3f3f3f3f3f3f3f3f3f3f3f3f3f3f3f
       268  9999999999999999  39393939393939393939393939393939
       244  6666666666666666  36363636363636363636363636363636
# epoch 14750  H=7.5133 C=7.1998 HO=0.2646  A(t)=386
       876  <<<<<<<<<<<<<<<<  3c3c3c3c3c3c3c3c3c3c3c3c3c3c3c3c
       827  ;;;;;;;;;;;;;;;;  3b3b3b3b3b3b3b3b3b3b3b3b3b3b3b3b
       800  ,,,,,,,,,,,,,,,,  2c2c2c2c2c2c2c2c2c2c2c2c2c2c2c2c
       663  ================  3d3d3d3d3d3d3d3d3d3d3d3d3d3d3d3d
       592  [[[[[[[[[[[[[[[[  5b5b5b5b5b5b5b5b5b5b5b5b5b5b5b5b
       394  ::::::::::::::::  3a3a3a3a3a3a3a3a3a3a3a3a3a3a3a3a
       368  >>>>>>>>>>>>>>>>  3e3e3e3e3e3e3e3e3e3e3e3e3e3e3e3e
       328  ????????????????  3f3f3f3f3f3f3f3f3f3f3f3f3f3f3f3f
       310  9999999999999999  39393939393939393939393939393939
       276  7777777777777777  37373737373737373737373737373737
# epoch 15000  H=7.5169 C=7.2025 HO=0.2629  A(t)=386
       821  <<<<<<<<<<<<<<<<  3c3c3c3c3c3c3c3c3c3c3c3c3c3c3c3c
       749  ,,,,,,,,,,,,,,,,  2c2c2c2c2c2c2c2c2c2c2c2c2c2c2c2c
       708  ;;;;;;;;;;;;;;;;  3b3b3b3b3b3b3b3b3b3b3b3b3b3b3b3b
       602  >>>>>>>>>>>>>>>>  3e3e3e3e3e3e3e3e3e3e3e3e3e3e3e3e
       583  [[[[[[[[[[[[[[[[  5b5b5b5b5b5b5b5b5b5b5b5b5b5b5b5b
       450  ????????????????  3f3f3f3f3f3f3f3f3f3f3f3f3f3f3f3f
       447  ================  3d3d3d3d3d3d3d3d3d3d3d3d3d3d3d3d
       406  ::::::::::::::::  3a3a3a3a3a3a3a3a3a3a3a3a3a3a3a3a
       347  9999999999999999  39393939393939393939393939393939
       298  1111111111111111  31313131313131313131313131313131
# epoch 15250  H=7.5103 C=7.1947 HO=0.2657  A(t)=386
      1295  <<<<<<<<<<<<<<<<  3c3c3c3c3c3c3c3c3c3c3c3c3c3c3c3c
       952  ,,,,,,,,,,,,,,,,  2c2c2c2c2c2c2c2c2c2c2c2c2c2c2c2c
       774  ;;;;;;;;;;;;;;;;  3b3b3b3b3b3b3b3b3b3b3b3b3b3b3b3b
       688  ================  3d3d3d3d3d3d3d3d3d3d3d3d3d3d3d3d
       575  [[[[[[[[[[[[[[[[  5b5b5b5b5b5b5b5b5b5b5b5b5b5b5b5b
       458  ::::::::::::::::  3a3a3a3a3a3a3a3a3a3a3a3a3a3a3a3a
       428  >>>>>>>>>>>>>>>>  3e3e3e3e3e3e3e3e3e3e3e3e3e3e3e3e
       313  6666666666666666  36363636363636363636363636363636
       293  9999999999999999  39393939393939393939393939393939
       288  @@@@@@@@@@@@@@@@  40404040404040404040404040404040
# epoch 15500  H=7.5145 C=7.2065 HO=0.2565  A(t)=386
       946  ,,,,,,,,,,,,,,,,  2c2c2c2c2c2c2c2c2c2c2c2c2c2c2c2c
       716  <<<<<<<<<<<<<<<<  3c3c3c3c3c3c3c3c3c3c3c3c3c3c3c3c
       659  [[[[[[[[[[[[[[[[  5b5b5b5b5b5b5b5b5b5b5b5b5b5b5b5b
       567  ================  3d3d3d3d3d3d3d3d3d3d3d3d3d3d3d3d
       542  ;;;;;;;;;;;;;;;;  3b3b3b3b3b3b3b3b3b3b3b3b3b3b3b3b
       511  >>>>>>>>>>>>>>>>  3e3e3e3e3e3e3e3e3e3e3e3e3e3e3e3e
       327  ::::::::::::::::  3a3a3a3a3a3a3a3a3a3a3a3a3a3a3a3a
       310  ................  2e2e2e2e2e2e2e2e2e2e2e2e2e2e2e2e
       293  9999999999999999  39393939393939393939393939393939
       264  ****************  2a2a2a2a2a2a2a2a2a2a2a2a2a2a2a2a
# epoch 15750  H=7.5144 C=7.2070 HO=0.2581  A(t)=386
       895  ;;;;;;;;;;;;;;;;  3b3b3b3b3b3b3b3b3b3b3b3b3b3b3b3b
       874  <<<<<<<<<<<<<<<<  3c3c3c3c3c3c3c3c3c3c3c3c3c3c3c3c
       871  [[[[[[[[[[[[[[[[  5b5b5b5b5b5b5b5b5b5b5b5b5b5b5b5b
       699  ,,,,,,,,,,,,,,,,  2c2c2c2c2c2c2c2c2c2c2c2c2c2c2c2c
       522  ================  3d3d3d3d3d3d3d3d3d3d3d3d3d3d3d3d
       467  ::::::::::::::::  3a3a3a3a3a3a3a3a3a3a3a3a3a3a3a3a
       466  >>>>>>>>>>>>>>>>  3e3e3e3e3e3e3e3e3e3e3e3e3e3e3e3e
       286  6666666666666666  36363636363636363636363636363636
       279  ????????????????  3f3f3f3f3f3f3f3f3f3f3f3f3f3f3f3f
       226  7777777777777777  37373737373737373737373737373737
# epoch 16000  H=7.5121 C=7.2083 HO=0.2555  A(t)=387
       901  [[[[[[[[[[[[[[[[  5b5b5b5b5b5b5b5b5b5b5b5b5b5b5b5b
       900  ;;;;;;;;;;;;;;;;  3b3b3b3b3b3b3b3b3b3b3b3b3b3b3b3b
       835  <<<<<<<<<<<<<<<<  3c3c3c3c3c3c3c3c3c3c3c3c3c3c3c3c
       669  ================  3d3d3d3d3d3d3d3d3d3d3d3d3d3d3d3d
       664  ,,,,,,,,,,,,,,,,  2c2c2c2c2c2c2c2c2c2c2c2c2c2c2c2c
       427  >>>>>>>>>>>>>>>>  3e3e3e3e3e3e3e3e3e3e3e3e3e3e3e3e
       403  ::::::::::::::::  3a3a3a3a3a3a3a3a3a3a3a3a3a3a3a3a
       383  ????????????????  3f3f3f3f3f3f3f3f3f3f3f3f3f3f3f3f
       376  @@@@@@@@@@@@@@@@  40404040404040404040404040404040
       336  6666666666666666  36363636363636363636363636363636
