# epoch 0  H=7.9996 C=8.0025 HO=-0.0004  A(t)=0
         1  ........].or..R.  ffffee8a0fe2e5905d146f72960a52d9
         1  .........1.[....  ffffe9910185b3aac631805bd3811707
         1  .....z"f.w.j.F.|  ffffca99f27a2266fb77d06ad6462e7c
         1  ..v.\...@-..q...  ffff768a5cf5aed0402dae0971e3c7f0
         1  ..[.v.......d...  ffff5bbd761690e0f415bd946402bdd4
         1  ..U......(".....  ffff55ec9d929f9e142822e9b2e9d4ce
         1  ...U.........J).  fffef6559899cc0b13ca140edc4a29b4
         1  ......8~..(y..$.  fffee692eff6387e09e62879ebb924eb
         1  ...N.>._...v...!  fffecb4eb13eeb20152ede76c98aeb21
         1  ...Nl.(x..<.Ae..  fffea34e6cae2878e7e43cf94165c0cd
# epoch 50  H=7.9994 C=7.9770 HO=-0.0007  A(t)=0
       133  [[[[[[[[[[[[[[[[  5b5b5b5b5b5b5b5b5b5b5b5b5b5b5b5b
        77  ................  09090909090909090909090909090909
        47  ................  aeaeaeaeaeaeaeaeaeaeaeaeaeaeaeae
        47  ................  93939393939393939393939393939393
        47  ................  8d8d8d8d8d8d8d8d8d8d8d8d8d8d8d8d
        47  ................  08080808080808080808080808080808
        45  ................  8b8b8b8b8b8b8b8b8b8b8b8b8b8b8b8b
        42  ................  a8a8a8a8a8a8a8a8a8a8a8a8a8a8a8a8
        42  ................  11111111111111111111111111111111
        40  cccccccccccccccc  63636363636363636363636363636363
# epoch 100  H=7.9991 C=7.9694 HO=-0.0010  A(t)=0
       189  [[[[[[[[[[[[[[[[  5b5b5b5b5b5b5b5b5b5b5b5b5b5b5b5b
       107  ................  09090909090909090909090909090909
        71  ................  a5a5a5a5a5a5a5a5a5a5a5a5a5a5a5a5
        67  >>>>>>>>>>>>>>>>  3e3e3e3e3e3e3e3e3e3e3e3e3e3e3e3e
        48  ................  aeaeaeaeaeaeaeaeaeaeaeaeaeaeaeae
        47  ................  c5c5c5c5c5c5c5c5c5c5c5c5c5c5c5c5
        47  ................  93939393939393939393939393939393
        47  ................  8d8d8d8d8d8d8d8d8d8d8d8d8d8d8d8d
        42  cccccccccccccccc  63636363636363636363636363636363
        40  ................  07070707070707070707070707070707
# epoch 150  H=7.9988 C=7.9653 HO=-0.0013  A(t)=0
       173  [[[[[[[[[[[[[[[[  5b5b5b5b5b5b5b5b5b5b5b5b5b5b5b5b
       100  >>>>>>>>>>>>>>>>  3e3e3e3e3e3e3e3e3e3e3e3e3e3e3e3e
        93  ................  09090909090909090909090909090909
        61  ................  a5a5a5a5a5a5a5a5a5a5a5a5a5a5a5a5
        57  ]]]]]]]]]]]]]]]]  5d5d5d5d5d5d5d5d5d5d5d5d5d5d5d5d
        47  ................  93939393939393939393939393939393
        47  ................  8d8d8d8d8d8d8d8d8d8d8d8d8d8d8d8d
        43  ................  c5c5c5c5c5c5c5c5c5c5c5c5c5c5c5c5
        41  ,,,,,,,,,,,,,,,,  2c2c2c2c2c2c2c2c2c2c2c2c2c2c2c2c
        39  ................  c7c7c7c7c7c7c7c7c7c7c7c7c7c7c7c7
# epoch 200  H=7.9983 C=7.9581 HO=-0.0017  A(t)=0
       159  >>>>>>>>>>>>>>>>  3e3e3e3e3e3e3e3e3e3e3e3e3e3e3e3e
       141  [[[[[[[[[[[[[[[[  5b5b5b5b5b5b5b5b5b5b5b5b5b5b5b5b
        78  ****************  2a2a2a2a2a2a2a2a2a2a2a2a2a2a2a2a
        47  ................  93939393939393939393939393939393
        44  ????????????????  3f3f3f3f3f3f3f3f3f3f3f3f3f3f3f3f
        42  ................  a5a5a5a5a5a5a5a5a5a5a5a5a5a5a5a5
        40  ,,,,,,,,,,,,,,,,  2c2c2c2c2c2c2c2c2c2c2c2c2c2c2c2c
        39  ................  c7c7c7c7c7c7c7c7c7c7c7c7c7c7c7c7
        38  aaaaaaaaaaaaaaaa  61616161616161616161616161616161
        38  ]]]]]]]]]]]]]]]]  5d5d5d5d5d5d5d5d5d5d5d5d5d5d5d5d
# epoch 250  H=7.9979 C=7.9539 HO=-0.0022  A(t)=0
       208  >>>>>>>>>>>>>>>>  3e3e3e3e3e3e3e3e3e3e3e3e3e3e3e3e
       134  [[[[[[[[[[[[[[[[  5b5b5b5b5b5b5b5b5b5b5b5b5b5b5b5b
        86  ,,,,,,,,,,,,,,,,  2c2c2c2c2c2c2c2c2c2c2c2c2c2c2c2c
        77  ................  09090909090909090909090909090909
        71  ****************  2a2a2a2a2a2a2a2a2a2a2a2a2a2a2a2a
        65  <<<<<<<<<<<<<<<<  3c3c3c3c3c3c3c3c3c3c3c3c3c3c3c3c
        47  ................  efefefefefefefefefefefefefefefef
        47  ................  93939393939393939393939393939393
        39  ................  ffffffffffffffffffffffffffffffff
        38  ]]]]]]]]]]]]]]]]  5d5d5d5d5d5d5d5d5d5d5d5d5d5d5d5d
# epoch 300  H=7.9975 C=7.9477 HO=-0.0026  A(t)=50
       267  >>>>>>>>>>>>>>>>  3e3e3e3e3e3e3e3e3e3e3e3e3e3e3e3e
       130  [[[[[[[[[[[[[[[[  5b5b5b5b5b5b5b5b5b5b5b5b5b5b5b5b
        70  ,,,,,,,,,,,,,,,,  2c2c2c2c2c2c2c2c2c2c2c2c2c2c2c2c
        55  ****************  2a2a2a2a2a2a2a2a2a2a2a2a2a2a2a2a
        49  ................  a2a2a2a2a2a2a2a2a2a2a2a2a2a2a2a2
        49  llllllllllllllll  6c6c6c6c6c6c6c6c6c6c6c6c6c6c6c6c
        47  ................  bebebebebebebebebebebebebebebebe
        46  ................  09090909090909090909090909090909
        43  <<<<<<<<<<<<<<<<  3c3c3c3c3c3c3c3c3c3c3c3c3c3c3c3c
        40  ................  efefefefefefefefefefefefefefefef
# epoch 350  H=7.9970 C=7.9424 HO=-0.0030  A(t)=57
       295  >>>>>>>>>>>>>>>>  3e3e3e3e3e3e3e3e3e3e3e3e3e3e3e3e
       124  [[[[[[[[[[[[[[[[  5b5b5b5b5b5b5b5b5b5b5b5b5b5b5b5b
        80  ,,,,,,,,,,,,,,,,  2c2c2c2c2c2c2c2c2c2c2c2c2c2c2c2c
        71  ]]]]]]]]]]]]]]]]  5d5d5d5d5d5d5d5d5d5d5d5d5d5d5d5d
        55  ****************  2a2a2a2a2a2a2a2a2a2a2a2a2a2a2a2a
        49  ................  a2a2a2a2a2a2a2a2a2a2a2a2a2a2a2a2
        48  8888888888888888  38383838383838383838383838383838
        47  ................  bebebebebebebebebebebebebebebebe
        42  <<<<<<<<<<<<<<<<  3c3c3c3c3c3c3c3c3c3c3c3c3c3c3c3c
        40  ................  efefefefefefefefefefefefefefefef
# epoch 400  H=7.9968 C=7.9422 HO=-0.0033  A(t)=64
       241  >>>>>>>>>>>>>>>>  3e3e3e3e3e3e3e3e3e3e3e3e3e3e3e3e
       101  [[[[[[[[[[[[[[[[  5b5b5b5b5b5b5b5b5b5b5b5b5b5b5b5b
        92  ]]]]]]]]]]]]]]]]  5d5d5d5d5d5d5d5d5d5d5d5d5d5d5d5d
        80  ,,,,,,,,,,,,,,,,  2c2c2c2c2c2c2c2c2c2c2c2c2c2c2c2c
        48  8888888888888888  38383838383838383838383838383838
        47  ................  a2a2a2a2a2a2a2a2a2a2a2a2a2a2a2a2
        44  ................  9d9d9d9d9d9d9d9d9d9d9d9d9d9d9d9d
        40  ................  efefefefefefefefefefefefefefefef
        34  ................  8d8d8d8d8d8d8d8d8d8d8d8d8d8d8d8d
        34  ****************  2a2a2a2a2a2a2a2a2a2a2a2a2a2a2a2a
# epoch 450  H=7.9964 C=7.9413 HO=-0.0036  A(t)=69
       228  >>>>>>>>>>>>>>>>  3e3e3e3e3e3e3e3e3e3e3e3e3e3e3e3e
       103  ,,,,,,,,,,,,,,,,  2c2c2c2c2c2c2c2c2c2c2c2c2c2c2c2c
        91  [[[[[[[[[[[[[[[[  5b5b5b5b5b5b5b5b5b5b5b5b5b5b5b5b
        66  ]]]]]]]]]]]]]]]]  5d5d5d5d5d5d5d5d5d5d5d5d5d5d5d5d
        48  ................  a4a4a4a4a4a4a4a4a4a4a4a4a4a4a4a4
        44  ................  9d9d9d9d9d9d9d9d9d9d9d9d9d9d9d9d
        38  ................  18181818181818181818181818181818
        34  }}}}}}}}}}}}}}}}  7d7d7d7d7d7d7d7d7d7d7d7d7d7d7d7d
        34  ****************  2a2a2a2a2a2a2a2a2a2a2a2a2a2a2a2a
        31  ................  a2a2a2a2a2a2a2a2a2a2a2a2a2a2a2a2
# epoch 500  H=7.9961 C=7.9404 HO=0.0587  A(t)=72
       252  >>>>>>>>>>>>>>>>  3e3e3e3e3e3e3e3e3e3e3e3e3e3e3e3e
        91  ]]]]]]]]]]]]]]]]  5d5d5d5d5d5d5d5d5d5d5d5d5d5d5d5d
        81  ,,,,,,,,,,,,,,,,  2c2c2c2c2c2c2c2c2c2c2c2c2c2c2c2c
        70  [[[[[[[[[[[[[[[[  5b5b5b5b5b5b5b5b5b5b5b5b5b5b5b5b
        53  }}}}}}}}}}}}}}}}  7d7d7d7d7d7d7d7d7d7d7d7d7d7d7d7d
        48  ................  a4a4a4a4a4a4a4a4a4a4a4a4a4a4a4a4
        44  ................  9d9d9d9d9d9d9d9d9d9d9d9d9d9d9d9d
        38  ................  18181818181818181818181818181818
        31  ................  f2f2f2f2f2f2f2f2f2f2f2f2f2f2f2f2
        28  ................  bebebebebebebebebebebebebebebebe
# epoch 550  H=7.9959 C=7.9411 HO=0.0579  A(t)=81
       239  >>>>>>>>>>>>>>>>  3e3e3e3e3e3e3e3e3e3e3e3e3e3e3e3e
        82  ,,,,,,,,,,,,,,,,  2c2c2c2c2c2c2c2c2c2c2c2c2c2c2c2c
        63  [[[[[[[[[[[[[[[[  5b5b5b5b5b5b5b5b5b5b5b5b5b5b5b5b
        55  ................  11111111111111111111111111111111
        54  ]]]]]]]]]]]]]]]]  5d5d5d5d5d5d5d5d5d5d5d5d5d5d5d5d
        48  ................  a4a4a4a4a4a4a4a4a4a4a4a4a4a4a4a4
        48  ****************  2a2a2a2a2a2a2a2a2a2a2a2a2a2a2a2a
        44  }}}}}}}}}}}}}}}}  7d7d7d7d7d7d7d7d7d7d7d7d7d7d7d7d
        43  ................  9d9d9d9d9d9d9d9d9d9d9d9d9d9d9d9d
        28  ................  bebebebebebebebebebebebebebebebe
# epoch 600  H=7.9956 C=7.9332 HO=0.0646  A(t)=83
       240  >>>>>>>>>>>>>>>>  3e3e3e3e3e3e3e3e3e3e3e3e3e3e3e3e
       120  [[[[[[[[[[[[[[[[  5b5b5b5b5b5b5b5b5b5b5b5b5b5b5b5b
       105  ................  a0a0a0a0a0a0a0a0a0a0a0a0a0a0a0a0
        72  ,,,,,,,,,,,,,,,,  2c2c2c2c2c2c2c2c2c2c2c2c2c2c2c2c
        49  ................  fbfbfbfbfbfbfbfbfbfbfbfbfbfbfbfb
        48  ................  a4a4a4a4a4a4a4a4a4a4a4a4a4a4a4a4
        48  ................  a2a2a2a2a2a2a2a2a2a2a2a2a2a2a2a2
        47  ................  13131313131313131313131313131313
        44  ................  11111111111111111111111111111111
        43  ................  9d9d9d9d9d9d9d9d9d9d9d9d9d9d9d9d
# epoch 650  H=7.9952 C=7.9291 HO=0.0679  A(t)=84
       253  >>>>>>>>>>>>>>>>  3e3e3e3e3e3e3e3e3e3e3e3e3e3e3e3e
       122  [[[[[[[[[[[[[[[[  5b5b5b5b5b5b5b5b5b5b5b5b5b5b5b5b
        92  ................  a0a0a0a0a0a0a0a0a0a0a0a0a0a0a0a0
        59  ................  bebebebebebebebebebebebebebebebe
        56  <<<<<<<<<<<<<<<<  3c3c3c3c3c3c3c3c3c3c3c3c3c3c3c3c
        53  ,,,,,,,,,,,,,,,,  2c2c2c2c2c2c2c2c2c2c2c2c2c2c2c2c
        49  ................  a4a4a4a4a4a4a4a4a4a4a4a4a4a4a4a4
        48  VVVVVVVVVVVVVVVV  56565656565656565656565656565656
        47  ................  a2a2a2a2a2a2a2a2a2a2a2a2a2a2a2a2
        47  ................  1b1b1b1b1b1b1b1b1b1b1b1b1b1b1b1b
# epoch 700  H=7.9949 C=7.9276 HO=0.0693  A(t)=85
       237  >>>>>>>>>>>>>>>>  3e3e3e3e3e3e3e3e3e3e3e3e3e3e3e3e
       102  [[[[[[[[[[[[[[[[  5b5b5b5b5b5b5b5b5b5b5b5b5b5b5b5b
        89  ................  a0a0a0a0a0a0a0a0a0a0a0a0a0a0a0a0
        60  ................  bebebebebebebebebebebebebebebebe
        56  <<<<<<<<<<<<<<<<  3c3c3c3c3c3c3c3c3c3c3c3c3c3c3c3c
        53  ,,,,,,,,,,,,,,,,  2c2c2c2c2c2c2c2c2c2c2c2c2c2c2c2c
        48  ................  a4a4a4a4a4a4a4a4a4a4a4a4a4a4a4a4
        48  VVVVVVVVVVVVVVVV  56565656565656565656565656565656
        47  !!!!!!!!!!!!!!!!  21212121212121212121212121212121
        44  ................  14141414141414141414141414141414
# epoch 750  H=7.9947 C=7.9270 HO=0.0689  A(t)=89
       184  >>>>>>>>>>>>>>>>  3e3e3e3e3e3e3e3e3e3e3e3e3e3e3e3e
        89  ................  a0a0a0a0a0a0a0a0a0a0a0a0a0a0a0a0
        77  [[[[[[[[[[[[[[[[  5b5b5b5b5b5b5b5b5b5b5b5b5b5b5b5b
        60  ''''''''''''''''  27272727272727272727272727272727
        54  <<<<<<<<<<<<<<<<  3c3c3c3c3c3c3c3c3c3c3c3c3c3c3c3c
        53  ................  bebebebebebebebebebebebebebebebe
        49  ,,,,,,,,,,,,,,,,  2c2c2c2c2c2c2c2c2c2c2c2c2c2c2c2c
        48  ................  a4a4a4a4a4a4a4a4a4a4a4a4a4a4a4a4
        44  ................  14141414141414141414141414141414
        43  ++++++++++++++++  2b2b2b2b2b2b2b2b2b2b2b2b2b2b2b2b
# epoch 800  H=7.9944 C=7.9226 HO=0.0698  A(t)=89
       187  >>>>>>>>>>>>>>>>  3e3e3e3e3e3e3e3e3e3e3e3e3e3e3e3e
       114  [[[[[[[[[[[[[[[[  5b5b5b5b5b5b5b5b5b5b5b5b5b5b5b5b
        80  ................  a0a0a0a0a0a0a0a0a0a0a0a0a0a0a0a0
        54  <<<<<<<<<<<<<<<<  3c3c3c3c3c3c3c3c3c3c3c3c3c3c3c3c
        50  ................  a3a3a3a3a3a3a3a3a3a3a3a3a3a3a3a3
        49  ,,,,,,,,,,,,,,,,  2c2c2c2c2c2c2c2c2c2c2c2c2c2c2c2c
        48  ^^^^^^^^^^^^^^^^  5e5e5e5e5e5e5e5e5e5e5e5e5e5e5e5e
        47  ////////////////  2f2f2f2f2f2f2f2f2f2f2f2f2f2f2f2f
        43  ++++++++++++++++  2b2b2b2b2b2b2b2b2b2b2b2b2b2b2b2b
        39  }}}}}}}}}}}}}}}}  7d7d7d7d7d7d7d7d7d7d7d7d7d7d7d7d
# epoch 850  H=7.9942 C=7.9224 HO=0.0715  A(t)=95
       208  >>>>>>>>>>>>>>>>  3e3e3e3e3e3e3e3e3e3e3e3e3e3e3e3e
       107  [[[[[[[[[[[[[[[[  5b5b5b5b5b5b5b5b5b5b5b5b5b5b5b5b
        73  ................  a0a0a0a0a0a0a0a0a0a0a0a0a0a0a0a0
        54  ................  e2e2e2e2e2e2e2e2e2e2e2e2e2e2e2e2
        47  ////////////////  2f2f2f2f2f2f2f2f2f2f2f2f2f2f2f2f
        47  ................  02020202020202020202020202020202
        44  ,,,,,,,,,,,,,,,,  2c2c2c2c2c2c2c2c2c2c2c2c2c2c2c2c
        37  ++++++++++++++++  2b2b2b2b2b2b2b2b2b2b2b2b2b2b2b2b
        34  ................  a4a4a4a4a4a4a4a4a4a4a4a4a4a4a4a4
        32  }}}}}}}}}}}}}}}}  7d7d7d7d7d7d7d7d7d7d7d7d7d7d7d7d
# epoch 900  H=7.9939 C=7.9212 HO=0.0724  A(t)=99
       212  >>>>>>>>>>>>>>>>  3e3e3e3e3e3e3e3e3e3e3e3e3e3e3e3e
       107  [[[[[[[[[[[[[[[[  5b5b5b5b5b5b5b5b5b5b5b5b5b5b5b5b
        73  ................  a0a0a0a0a0a0a0a0a0a0a0a0a0a0a0a0
        51  ................  e2e2e2e2e2e2e2e2e2e2e2e2e2e2e2e2
        47  ////////////////  2f2f2f2f2f2f2f2f2f2f2f2f2f2f2f2f
        47  ................  02020202020202020202020202020202
        45  ................  9e9e9e9e9e9e9e9e9e9e9e9e9e9e9e9e
        40  ................  ffffffffffffffffffffffffffffffff
        40  ,,,,,,,,,,,,,,,,  2c2c2c2c2c2c2c2c2c2c2c2c2c2c2c2c
        37  ++++++++++++++++  2b2b2b2b2b2b2b2b2b2b2b2b2b2b2b2b
# epoch 950  H=7.9937 C=7.9202 HO=0.0689  A(t)=102
       190  >>>>>>>>>>>>>>>>  3e3e3e3e3e3e3e3e3e3e3e3e3e3e3e3e
        90  [[[[[[[[[[[[[[[[  5b5b5b5b5b5b5b5b5b5b5b5b5b5b5b5b
        57  ................  a0a0a0a0a0a0a0a0a0a0a0a0a0a0a0a0
        56  ................  ffffffffffffffffffffffffffffffff
        49  NNNNNNNNNNNNNNNN  4e4e4e4e4e4e4e4e4e4e4e4e4e4e4e4e
        46  ////////////////  2f2f2f2f2f2f2f2f2f2f2f2f2f2f2f2f
        45  ................  9e9e9e9e9e9e9e9e9e9e9e9e9e9e9e9e
        40  ................  e2e2e2e2e2e2e2e2e2e2e2e2e2e2e2e2
        39  mmmmmmmmmmmmmmmm  6d6d6d6d6d6d6d6d6d6d6d6d6d6d6d6d
        38  ................  03030303030303030303030303030303
# epoch 1000  H=7.9934 C=7.9175 HO=0.0728  A(t)=104
       250  >>>>>>>>>>>>>>>>  3e3e3e3e3e3e3e3e3e3e3e3e3e3e3e3e
        84  [[[[[[[[[[[[[[[[  5b5b5b5b5b5b5b5b5b5b5b5b5b5b5b5b
        67  VVVVVVVVVVVVVVVV  56565656565656565656565656565656
        50  ................  03030303030303030303030303030303
        49  ................  ffffffffffffffffffffffffffffffff
        47  QQQQQQQQQQQQQQQQ  51515151515151515151515151515151
        47  ;;;;;;;;;;;;;;;;  3b3b3b3b3b3b3b3b3b3b3b3b3b3b3b3b
        46  ================  3d3d3d3d3d3d3d3d3d3d3d3d3d3d3d3d
        45  ................  9e9e9e9e9e9e9e9e9e9e9e9e9e9e9e9e
        44  ////////////////  2f2f2f2f2f2f2f2f2f2f2f2f2f2f2f2f
# epoch 1050  H=7.9929 C=7.9147 HO=0.0747  A(t)=109
       256  >>>>>>>>>>>>>>>>  3e3e3e3e3e3e3e3e3e3e3e3e3e3e3e3e
        76  [[[[[[[[[[[[[[[[  5b5b5b5b5b5b5b5b5b5b5b5b5b5b5b5b
        52  VVVVVVVVVVVVVVVV  56565656565656565656565656565656
        49  zzzzzzzzzzzzzzzz  7a7a7a7a7a7a7a7a7a7a7a7a7a7a7a7a
        47  ................  83838383838383838383838383838383
        47  QQQQQQQQQQQQQQQQ  51515151515151515151515151515151
        46  ================  3d3d3d3d3d3d3d3d3d3d3d3d3d3d3d3d
        43  WWWWWWWWWWWWWWWW  57575757575757575757575757575757
        39  mmmmmmmmmmmmmmmm  6d6d6d6d6d6d6d6d6d6d6d6d6d6d6d6d
        39  ////////////////  2f2f2f2f2f2f2f2f2f2f2f2f2f2f2f2f
# epoch 1100  H=7.9929 C=7.9147 HO=0.0740  A(t)=109
       200  >>>>>>>>>>>>>>>>  3e3e3e3e3e3e3e3e3e3e3e3e3e3e3e3e
        49  ================  3d3d3d3d3d3d3d3d3d3d3d3d3d3d3d3d
        48  zzzzzzzzzzzzzzzz  7a7a7a7a7a7a7a7a7a7a7a7a7a7a7a7a
        47  ................  d8d8d8d8d8d8d8d8d8d8d8d8d8d8d8d8
        47  ................  83838383838383838383838383838383
        47  [[[[[[[[[[[[[[[[  5b5b5b5b5b5b5b5b5b5b5b5b5b5b5b5b
        47  QQQQQQQQQQQQQQQQ  51515151515151515151515151515151
        45  BBBBBBBBBBBBBBBB  42424242424242424242424242424242
        43  WWWWWWWWWWWWWWWW  57575757575757575757575757575757
        40  mmmmmmmmmmmmmmmm  6d6d6d6d6d6d6d6d6d6d6d6d6d6d6d6d
# epoch 1150  H=7.9925 C=7.9145 HO=0.0755  A(t)=110
       255  >>>>>>>>>>>>>>>>  3e3e3e3e3e3e3e3e3e3e3e3e3e3e3e3e
        48  ================  3d3d3d3d3d3d3d3d3d3d3d3d3d3d3d3d
        47  ................  d8d8d8d8d8d8d8d8d8d8d8d8d8d8d8d8
        47  QQQQQQQQQQQQQQQQ  51515151515151515151515151515151
        46  [[[[[[[[[[[[[[[[  5b5b5b5b5b5b5b5b5b5b5b5b5b5b5b5b
        37  <<<<<<<<<<<<<<<<  3c3c3c3c3c3c3c3c3c3c3c3c3c3c3c3c
        31  ................  9e9e9e9e9e9e9e9e9e9e9e9e9e9e9e9e
        31  ................  83838383838383838383838383838383
        31  zzzzzzzzzzzzzzzz  7a7a7a7a7a7a7a7a7a7a7a7a7a7a7a7a
        30  ................  b6b6b6b6b6b6b6b6b6b6b6b6b6b6b6b6
# epoch 1200  H=7.9921 C=7.9126 HO=0.0764  A(t)=112
       347  >>>>>>>>>>>>>>>>  3e3e3e3e3e3e3e3e3e3e3e3e3e3e3e3e
        96  QQQQQQQQQQQQQQQQ  51515151515151515151515151515151
        49  ................  dcdcdcdcdcdcdcdcdcdcdcdcdcdcdcdc
        49  ................  12121212121212121212121212121212
        42  [[[[[[[[[[[[[[[[  5b5b5b5b5b5b5b5b5b5b5b5b5b5b5b5b
        41  PPPPPPPPPPPPPPPP  50505050505050505050505050505050
        31  ................  9e9e9e9e9e9e9e9e9e9e9e9e9e9e9e9e
        31  zzzzzzzzzzzzzzzz  7a7a7a7a7a7a7a7a7a7a7a7a7a7a7a7a
        30  ................  b6b6b6b6b6b6b6b6b6b6b6b6b6b6b6b6
        30  VVVVVVVVVVVVVVVV  56565656565656565656565656565656
# epoch 1250  H=7.9919 C=7.9121 HO=0.0762  A(t)=116
       327  >>>>>>>>>>>>>>>>  3e3e3e3e3e3e3e3e3e3e3e3e3e3e3e3e
        95  QQQQQQQQQQQQQQQQ  51515151515151515151515151515151
        73  [[[[[[[[[[[[[[[[  5b5b5b5b5b5b5b5b5b5b5b5b5b5b5b5b
        49  ................  dcdcdcdcdcdcdcdcdcdcdcdcdcdcdcdc
        48  gggggggggggggggg  67676767676767676767676767676767
        41  PPPPPPPPPPPPPPPP  50505050505050505050505050505050
        40  7777777777777777  37373737373737373737373737373737
        32  <<<<<<<<<<<<<<<<  3c3c3c3c3c3c3c3c3c3c3c3c3c3c3c3c
        31  ................  b6b6b6b6b6b6b6b6b6b6b6b6b6b6b6b6
        31  zzzzzzzzzzzzzzzz  7a7a7a7a7a7a7a7a7a7a7a7a7a7a7a7a
# epoch 1300  H=7.9914 C=7.9054 HO=0.0801  A(t)=120
       346  >>>>>>>>>>>>>>>>  3e3e3e3e3e3e3e3e3e3e3e3e3e3e3e3e
        94  ****************  2a2a2a2a2a2a2a2a2a2a2a2a2a2a2a2a
        91  9999999999999999  39393939393939393939393939393939
        86  QQQQQQQQQQQQQQQQ  51515151515151515151515151515151
        72  <<<<<<<<<<<<<<<<  3c3c3c3c3c3c3c3c3c3c3c3c3c3c3c3c
        58  ,,,,,,,,,,,,,,,,  2c2c2c2c2c2c2c2c2c2c2c2c2c2c2c2c
        56  [[[[[[[[[[[[[[[[  5b5b5b5b5b5b5b5b5b5b5b5b5b5b5b5b
        46  ''''''''''''''''  27272727272727272727272727272727
        40  7777777777777777  37373737373737373737373737373737
        37  ................  d4d4d4d4d4d4d4d4d4d4d4d4d4d4d4d4
# epoch 1350  H=7.9908 C=7.9023 HO=0.0823  A(t)=124
       377  >>>>>>>>>>>>>>>>  3e3e3e3e3e3e3e3e3e3e3e3e3e3e3e3e
        88  ,,,,,,,,,,,,,,,,  2c2c2c2c2c2c2c2c2c2c2c2c2c2c2c2c
        74  ]]]]]]]]]]]]]]]]  5d5d5d5d5d5d5d5d5d5d5d5d5d5d5d5d
        70  QQQQQQQQQQQQQQQQ  51515151515151515151515151515151
        69  9999999999999999  39393939393939393939393939393939
        68  ****************  2a2a2a2a2a2a2a2a2a2a2a2a2a2a2a2a
        64  ................  c3c3c3c3c3c3c3c3c3c3c3c3c3c3c3c3
        62  [[[[[[[[[[[[[[[[  5b5b5b5b5b5b5b5b5b5b5b5b5b5b5b5b
        56  ................  9d9d9d9d9d9d9d9d9d9d9d9d9d9d9d9d
        52  <<<<<<<<<<<<<<<<  3c3c3c3c3c3c3c3c3c3c3c3c3c3c3c3c
# epoch 1400  H=7.9905 C=7.9034 HO=0.0808  A(t)=126
       291  >>>>>>>>>>>>>>>>  3e3e3e3e3e3e3e3e3e3e3e3e3e3e3e3e
        95  ,,,,,,,,,,,,,,,,  2c2c2c2c2c2c2c2c2c2c2c2c2c2c2c2c
        70  QQQQQQQQQQQQQQQQ  51515151515151515151515151515151
        61  ****************  2a2a2a2a2a2a2a2a2a2a2a2a2a2a2a2a
        56  qqqqqqqqqqqqqqqq  71717171717171717171717171717171
        55  ................  c3c3c3c3c3c3c3c3c3c3c3c3c3c3c3c3
        54  9999999999999999  39393939393939393939393939393939
        49  ................  9d9d9d9d9d9d9d9d9d9d9d9d9d9d9d9d
        46  ................  cacacacacacacacacacacacacacacaca
        45  [[[[[[[[[[[[[[[[  5b5b5b5b5b5b5b5b5b5b5b5b5b5b5b5b
# epoch 1450  H=7.9904 C=7.9056 HO=0.0804  A(t)=129
       315  >>>>>>>>>>>>>>>>  3e3e3e3e3e3e3e3e3e3e3e3e3e3e3e3e
        72  ,,,,,,,,,,,,,,,,  2c2c2c2c2c2c2c2c2c2c2c2c2c2c2c2c
        61  ****************  2a2a2a2a2a2a2a2a2a2a2a2a2a2a2a2a
        56  qqqqqqqqqqqqqqqq  71717171717171717171717171717171
        54  9999999999999999  39393939393939393939393939393939
        53  QQQQQQQQQQQQQQQQ  51515151515151515151515151515151
        49  ................  c3c3c3c3c3c3c3c3c3c3c3c3c3c3c3c3
        46  ................  cacacacacacacacacacacacacacacaca
        45  [[[[[[[[[[[[[[[[  5b5b5b5b5b5b5b5b5b5b5b5b5b5b5b5b
        41  ................  9d9d9d9d9d9d9d9d9d9d9d9d9d9d9d9d
# epoch 1500  H=7.9900 C=7.8999 HO=0.0849  A(t)=131
       311  >>>>>>>>>>>>>>>>  3e3e3e3e3e3e3e3e3e3e3e3e3e3e3e3e
       115  ,,,,,,,,,,,,,,,,  2c2c2c2c2c2c2c2c2c2c2c2c2c2c2c2c
        85  ................  00000000000000000000000000000000
        56  ****************  2a2a2a2a2a2a2a2a2a2a2a2a2a2a2a2a
        54  9999999999999999  39393939393939393939393939393939
        51  [[[[[[[[[[[[[[[[  5b5b5b5b5b5b5b5b5b5b5b5b5b5b5b5b
        48  ................  c3c3c3c3c3c3c3c3c3c3c3c3c3c3c3c3
        46  ................  cacacacacacacacacacacacacacacaca
        44  ................  b4b4b4b4b4b4b4b4b4b4b4b4b4b4b4b4
        44  qqqqqqqqqqqqqqqq  71717171717171717171717171717171
# epoch 1550  H=7.9896 C=7.8949 HO=0.0886  A(t)=134
       259  >>>>>>>>>>>>>>>>  3e3e3e3e3e3e3e3e3e3e3e3e3e3e3e3e
       150  ,,,,,,,,,,,,,,,,  2c2c2c2c2c2c2c2c2c2c2c2c2c2c2c2c
        85  ................  00000000000000000000000000000000
        64  ................  adadadadadadadadadadadadadadadad
        54  9999999999999999  39393939393939393939393939393939
        53  }}}}}}}}}}}}}}}}  7d7d7d7d7d7d7d7d7d7d7d7d7d7d7d7d
        51  [[[[[[[[[[[[[[[[  5b5b5b5b5b5b5b5b5b5b5b5b5b5b5b5b
        49  ****************  2a2a2a2a2a2a2a2a2a2a2a2a2a2a2a2a
        48  ................  c3c3c3c3c3c3c3c3c3c3c3c3c3c3c3c3
        47  ................  dbdbdbdbdbdbdbdbdbdbdbdbdbdbdbdb
# epoch 1600  H=7.9894 C=7.8981 HO=0.0872  A(t)=135
       241  >>>>>>>>>>>>>>>>  3e3e3e3e3e3e3e3e3e3e3e3e3e3e3e3e
       133  ,,,,,,,,,,,,,,,,  2c2c2c2c2c2c2c2c2c2c2c2c2c2c2c2c
        85  ................  00000000000000000000000000000000
        63  }}}}}}}}}}}}}}}}  7d7d7d7d7d7d7d7d7d7d7d7d7d7d7d7d
        54  9999999999999999  39393939393939393939393939393939
        49  ................  dbdbdbdbdbdbdbdbdbdbdbdbdbdbdbdb
        48  ................  c3c3c3c3c3c3c3c3c3c3c3c3c3c3c3c3
        48  [[[[[[[[[[[[[[[[  5b5b5b5b5b5b5b5b5b5b5b5b5b5b5b5b
        46  ----------------  2d2d2d2d2d2d2d2d2d2d2d2d2d2d2d2d
        41  ................  9d9d9d9d9d9d9d9d9d9d9d9d9d9d9d9d
# epoch 1650  H=7.9890 C=7.8957 HO=0.0876  A(t)=135
       216  >>>>>>>>>>>>>>>>  3e3e3e3e3e3e3e3e3e3e3e3e3e3e3e3e
       125  ,,,,,,,,,,,,,,,,  2c2c2c2c2c2c2c2c2c2c2c2c2c2c2c2c
        96  ................  fefefefefefefefefefefefefefefefe
        68  ................  00000000000000000000000000000000
        61  QQQQQQQQQQQQQQQQ  51515151515151515151515151515151
        53  <<<<<<<<<<<<<<<<  3c3c3c3c3c3c3c3c3c3c3c3c3c3c3c3c
        49  ................  dbdbdbdbdbdbdbdbdbdbdbdbdbdbdbdb
        48  ................  c3c3c3c3c3c3c3c3c3c3c3c3c3c3c3c3
        47  9999999999999999  39393939393939393939393939393939
        46  }}}}}}}}}}}}}}}}  7d7d7d7d7d7d7d7d7d7d7d7d7d7d7d7d
# epoch 1700  H=7.9884 C=7.8913 HO=0.0917  A(t)=136
       318  >>>>>>>>>>>>>>>>  3e3e3e3e3e3e3e3e3e3e3e3e3e3e3e3e
       130  ................  fefefefefefefefefefefefefefefefe
       112  ,,,,,,,,,,,,,,,,  2c2c2c2c2c2c2c2c2c2c2c2c2c2c2c2c
        73  ................  ffffffffffffffffffffffffffffffff
        65  ................  00000000000000000000000000000000
        61  QQQQQQQQQQQQQQQQ  51515151515151515151515151515151
        52  <<<<<<<<<<<<<<<<  3c3c3c3c3c3c3c3c3c3c3c3c3c3c3c3c
        48  ................  dbdbdbdbdbdbdbdbdbdbdbdbdbdbdbdb
        47  ................  8f8f8f8f8f8f8f8f8f8f8f8f8f8f8f8f
        46  }}}}}}}}}}}}}}}}  7d7d7d7d7d7d7d7d7d7d7d7d7d7d7d7d
# epoch 1750  H=7.9881 C=7.8933 HO=0.0880  A(t)=140
       325  >>>>>>>>>>>>>>>>  3e3e3e3e3e3e3e3e3e3e3e3e3e3e3e3e
        87  ................  fefefefefefefefefefefefefefefefe
        83  ,,,,,,,,,,,,,,,,  2c2c2c2c2c2c2c2c2c2c2c2c2c2c2c2c
        71  ................  ffffffffffffffffffffffffffffffff
        57  ................  00000000000000000000000000000000
        52  }}}}}}}}}}}}}}}}  7d7d7d7d7d7d7d7d7d7d7d7d7d7d7d7d
        36  ................  9d9d9d9d9d9d9d9d9d9d9d9d9d9d9d9d
        32  ................  8f8f8f8f8f8f8f8f8f8f8f8f8f8f8f8f
        29  QQQQQQQQQQQQQQQQ  51515151515151515151515151515151
        28  qqqqqqqqqqqqqqqq  71717171717171717171717171717171
# epoch 1800  H=7.9882 C=7.8958 HO=0.0832  A(t)=145
       318  >>>>>>>>>>>>>>>>  3e3e3e3e3e3e3e3e3e3e3e3e3e3e3e3e
        87  ................  ffffffffffffffffffffffffffffffff
        60  ................  fefefefefefefefefefefefefefefefe
        57  ................  00000000000000000000000000000000
        54  }}}}}}}}}}}}}}}}  7d7d7d7d7d7d7d7d7d7d7d7d7d7d7d7d
        48  ,,,,,,,,,,,,,,,,  2c2c2c2c2c2c2c2c2c2c2c2c2c2c2c2c
        40  [[[[[[[[[[[[[[[[  5b5b5b5b5b5b5b5b5b5b5b5b5b5b5b5b
        31  ................  9d9d9d9d9d9d9d9d9d9d9d9d9d9d9d9d
        31  ................  8f8f8f8f8f8f8f8f8f8f8f8f8f8f8f8f
        27  ................  9f9f9f9f9f9f9f9f9f9f9f9f9f9f9f9f
# epoch 1850  H=7.9880 C=7.8917 HO=0.0918  A(t)=145
       278  >>>>>>>>>>>>>>>>  3e3e3e3e3e3e3e3e3e3e3e3e3e3e3e3e
       102  ................  ffffffffffffffffffffffffffffffff
        81  ................  fefefefefefefefefefefefefefefefe
        57  ................  05050505050505050505050505050505
        54  ................  00000000000000000000000000000000
        48  bbbbbbbbbbbbbbbb  62626262626262626262626262626262
        48  HHHHHHHHHHHHHHHH  48484848484848484848484848484848
        48  ,,,,,,,,,,,,,,,,  2c2c2c2c2c2c2c2c2c2c2c2c2c2c2c2c
        40  [[[[[[[[[[[[[[[[  5b5b5b5b5b5b5b5b5b5b5b5b5b5b5b5b
        38  }}}}}}}}}}}}}}}}  7d7d7d7d7d7d7d7d7d7d7d7d7d7d7d7d
# epoch 1900  H=7.9878 C=7.8914 HO=0.0904  A(t)=147
       221  >>>>>>>>>>>>>>>>  3e3e3e3e3e3e3e3e3e3e3e3e3e3e3e3e
       108  ;;;;;;;;;;;;;;;;  3b3b3b3b3b3b3b3b3b3b3b3b3b3b3b3b
        93  ................  ffffffffffffffffffffffffffffffff
        80  ................  fefefefefefefefefefefefefefefefe
        80  ,,,,,,,,,,,,,,,,  2c2c2c2c2c2c2c2c2c2c2c2c2c2c2c2c
        77  ................  05050505050505050505050505050505
        47  3333333333333333  33333333333333333333333333333333
        43  ................  00000000000000000000000000000000
        38  }}}}}}}}}}}}}}}}  7d7d7d7d7d7d7d7d7d7d7d7d7d7d7d7d
        37  [[[[[[[[[[[[[[[[  5b5b5b5b5b5b5b5b5b5b5b5b5b5b5b5b
# epoch 1950  H=7.9878 C=7.8922 HO=0.0890  A(t)=149
       199  >>>>>>>>>>>>>>>>  3e3e3e3e3e3e3e3e3e3e3e3e3e3e3e3e
        86  ;;;;;;;;;;;;;;;;  3b3b3b3b3b3b3b3b3b3b3b3b3b3b3b3b
        75  ................  ffffffffffffffffffffffffffffffff
        73  ,,,,,,,,,,,,,,,,  2c2c2c2c2c2c2c2c2c2c2c2c2c2c2c2c
        69  ................  fefefefefefefefefefefefefefefefe
        52  ................  05050505050505050505050505050505
        47  3333333333333333  33333333333333333333333333333333
        42  &&&&&&&&&&&&&&&&  26262626262626262626262626262626
        40  mmmmmmmmmmmmmmmm  6d6d6d6d6d6d6d6d6d6d6d6d6d6d6d6d
        35  <<<<<<<<<<<<<<<<  3c3c3c3c3c3c3c3c3c3c3c3c3c3c3c3c
# epoch 2000  H=7.9873 C=7.8901 HO=0.0905  A(t)=150
       216  >>>>>>>>>>>>>>>>  3e3e3e3e3e3e3e3e3e3e3e3e3e3e3e3e
        83  ................  84848484848484848484848484848484
        65  ,,,,,,,,,,,,,,,,  2c2c2c2c2c2c2c2c2c2c2c2c2c2c2c2c
        63  ................  fefefefefefefefefefefefefefefefe
        63  ;;;;;;;;;;;;;;;;  3b3b3b3b3b3b3b3b3b3b3b3b3b3b3b3b
        51  ................  ffffffffffffffffffffffffffffffff
        48  <<<<<<<<<<<<<<<<  3c3c3c3c3c3c3c3c3c3c3c3c3c3c3c3c
        40  mmmmmmmmmmmmmmmm  6d6d6d6d6d6d6d6d6d6d6d6d6d6d6d6d
        40  ................  05050505050505050505050505050505
        36  ----------------  2d2d2d2d2d2d2d2d2d2d2d2d2d2d2d2d
# epoch 2050  H=7.9870 C=7.8925 HO=0.0880  A(t)=150
       227  >>>>>>>>>>>>>>>>  3e3e3e3e3e3e3e3e3e3e3e3e3e3e3e3e
        53  ................  84848484848484848484848484848484
        50  ;;;;;;;;;;;;;;;;  3b3b3b3b3b3b3b3b3b3b3b3b3b3b3b3b
        49  ,,,,,,,,,,,,,,,,  2c2c2c2c2c2c2c2c2c2c2c2c2c2c2c2c
        47  ................  fefefefefefefefefefefefefefefefe
        42  ................  ffffffffffffffffffffffffffffffff
        40  }}}}}}}}}}}}}}}}  7d7d7d7d7d7d7d7d7d7d7d7d7d7d7d7d
        39  mmmmmmmmmmmmmmmm  6d6d6d6d6d6d6d6d6d6d6d6d6d6d6d6d
        36  <<<<<<<<<<<<<<<<  3c3c3c3c3c3c3c3c3c3c3c3c3c3c3c3c
        32  ----------------  2d2d2d2d2d2d2d2d2d2d2d2d2d2d2d2d
# epoch 2100  H=7.9868 C=7.8905 HO=0.0861  A(t)=152
       215  >>>>>>>>>>>>>>>>  3e3e3e3e3e3e3e3e3e3e3e3e3e3e3e3e
        93  ................  84848484848484848484848484848484
        76  }}}}}}}}}}}}}}}}  7d7d7d7d7d7d7d7d7d7d7d7d7d7d7d7d
        49  ,,,,,,,,,,,,,,,,  2c2c2c2c2c2c2c2c2c2c2c2c2c2c2c2c
        48  ................  a9a9a9a9a9a9a9a9a9a9a9a9a9a9a9a9
        42  ................  ffffffffffffffffffffffffffffffff
        42  ;;;;;;;;;;;;;;;;  3b3b3b3b3b3b3b3b3b3b3b3b3b3b3b3b
        40  ................  b1b1b1b1b1b1b1b1b1b1b1b1b1b1b1b1
        39  mmmmmmmmmmmmmmmm  6d6d6d6d6d6d6d6d6d6d6d6d6d6d6d6d
        39  JJJJJJJJJJJJJJJJ  4a4a4a4a4a4a4a4a4a4a4a4a4a4a4a4a
# epoch 2150  H=7.9864 C=7.8873 HO=0.0887  A(t)=153
       251  >>>>>>>>>>>>>>>>  3e3e3e3e3e3e3e3e3e3e3e3e3e3e3e3e
        94  ................  b8b8b8b8b8b8b8b8b8b8b8b8b8b8b8b8
        79  ................  84848484848484848484848484848484
        65  ;;;;;;;;;;;;;;;;  3b3b3b3b3b3b3b3b3b3b3b3b3b3b3b3b
        62  }}}}}}}}}}}}}}}}  7d7d7d7d7d7d7d7d7d7d7d7d7d7d7d7d
        46  ................  a9a9a9a9a9a9a9a9a9a9a9a9a9a9a9a9
        44  ZZZZZZZZZZZZZZZZ  5a5a5a5a5a5a5a5a5a5a5a5a5a5a5a5a
        41  ................  00000000000000000000000000000000
        40  ................  b1b1b1b1b1b1b1b1b1b1b1b1b1b1b1b1
        39  JJJJJJJJJJJJJJJJ  4a4a4a4a4a4a4a4a4a4a4a4a4a4a4a4a
# epoch 2200  H=7.9862 C=7.8873 HO=0.0901  A(t)=154
       205  >>>>>>>>>>>>>>>>  3e3e3e3e3e3e3e3e3e3e3e3e3e3e3e3e
        87  VVVVVVVVVVVVVVVV  56565656565656565656565656565656
        78  ................  b8b8b8b8b8b8b8b8b8b8b8b8b8b8b8b8
        69  ................  84848484848484848484848484848484
        59  ;;;;;;;;;;;;;;;;  3b3b3b3b3b3b3b3b3b3b3b3b3b3b3b3b
        55  }}}}}}}}}}}}}}}}  7d7d7d7d7d7d7d7d7d7d7d7d7d7d7d7d
        46  ................  a9a9a9a9a9a9a9a9a9a9a9a9a9a9a9a9
        43  ZZZZZZZZZZZZZZZZ  5a5a5a5a5a5a5a5a5a5a5a5a5a5a5a5a
        40  ................  b1b1b1b1b1b1b1b1b1b1b1b1b1b1b1b1
        39  JJJJJJJJJJJJJJJJ  4a4a4a4a4a4a4a4a4a4a4a4a4a4a4a4a
# epoch 2250  H=7.9860 C=7.8866 HO=0.0889  A(t)=156
       197  >>>>>>>>>>>>>>>>  3e3e3e3e3e3e3e3e3e3e3e3e3e3e3e3e
        69  ................  84848484848484848484848484848484
        66  ................  b8b8b8b8b8b8b8b8b8b8b8b8b8b8b8b8
        60  [[[[[[[[[[[[[[[[  5b5b5b5b5b5b5b5b5b5b5b5b5b5b5b5b
        59  ;;;;;;;;;;;;;;;;  3b3b3b3b3b3b3b3b3b3b3b3b3b3b3b3b
        54  VVVVVVVVVVVVVVVV  56565656565656565656565656565656
        46  ................  a9a9a9a9a9a9a9a9a9a9a9a9a9a9a9a9
        40  ................  b1b1b1b1b1b1b1b1b1b1b1b1b1b1b1b1
        39  JJJJJJJJJJJJJJJJ  4a4a4a4a4a4a4a4a4a4a4a4a4a4a4a4a
        38  }}}}}}}}}}}}}}}}  7d7d7d7d7d7d7d7d7d7d7d7d7d7d7d7d
# epoch 2300  H=7.9857 C=7.8853 HO=0.0926  A(t)=156
       193  >>>>>>>>>>>>>>>>  3e3e3e3e3e3e3e3e3e3e3e3e3e3e3e3e
        74  ................  7f7f7f7f7f7f7f7f7f7f7f7f7f7f7f7f
        66  ................  ffffffffffffffffffffffffffffffff
        62  ................  b8b8b8b8b8b8b8b8b8b8b8b8b8b8b8b8
        60  ;;;;;;;;;;;;;;;;  3b3b3b3b3b3b3b3b3b3b3b3b3b3b3b3b
        46  ................  a9a9a9a9a9a9a9a9a9a9a9a9a9a9a9a9
        43  ................  84848484848484848484848484848484
        42  }}}}}}}}}}}}}}}}  7d7d7d7d7d7d7d7d7d7d7d7d7d7d7d7d
        40  ................  b1b1b1b1b1b1b1b1b1b1b1b1b1b1b1b1
        38  [[[[[[[[[[[[[[[[  5b5b5b5b5b5b5b5b5b5b5b5b5b5b5b5b
# epoch 2350  H=7.9854 C=7.8815 HO=0.0974  A(t)=156
       197  >>>>>>>>>>>>>>>>  3e3e3e3e3e3e3e3e3e3e3e3e3e3e3e3e
        64  ................  ffffffffffffffffffffffffffffffff
        62  ................  b8b8b8b8b8b8b8b8b8b8b8b8b8b8b8b8
        60  <<<<<<<<<<<<<<<<  3c3c3c3c3c3c3c3c3c3c3c3c3c3c3c3c
        60  ----------------  2d2d2d2d2d2d2d2d2d2d2d2d2d2d2d2d
        58  ................  7f7f7f7f7f7f7f7f7f7f7f7f7f7f7f7f
        46  ................  a9a9a9a9a9a9a9a9a9a9a9a9a9a9a9a9
        46  }}}}}}}}}}}}}}}}  7d7d7d7d7d7d7d7d7d7d7d7d7d7d7d7d
        43  ................  fefefefefefefefefefefefefefefefe
        42  ................  b4b4b4b4b4b4b4b4b4b4b4b4b4b4b4b4
# epoch 2400  H=7.9851 C=7.8834 HO=0.0920  A(t)=156
       174  >>>>>>>>>>>>>>>>  3e3e3e3e3e3e3e3e3e3e3e3e3e3e3e3e
        56  ................  b8b8b8b8b8b8b8b8b8b8b8b8b8b8b8b8
        53  }}}}}}}}}}}}}}}}  7d7d7d7d7d7d7d7d7d7d7d7d7d7d7d7d
        53  ----------------  2d2d2d2d2d2d2d2d2d2d2d2d2d2d2d2d
        46  ................  a9a9a9a9a9a9a9a9a9a9a9a9a9a9a9a9
        46  ................  7f7f7f7f7f7f7f7f7f7f7f7f7f7f7f7f
        45  ................  ffffffffffffffffffffffffffffffff
        38  ................  b4b4b4b4b4b4b4b4b4b4b4b4b4b4b4b4
        36  <<<<<<<<<<<<<<<<  3c3c3c3c3c3c3c3c3c3c3c3c3c3c3c3c
        32  ;;;;;;;;;;;;;;;;  3b3b3b3b3b3b3b3b3b3b3b3b3b3b3b3b
# epoch 2450  H=7.9847 C=7.8838 HO=0.0899  A(t)=156
       266  >>>>>>>>>>>>>>>>  3e3e3e3e3e3e3e3e3e3e3e3e3e3e3e3e
        98  }}}}}}}}}}}}}}}}  7d7d7d7d7d7d7d7d7d7d7d7d7d7d7d7d
        61  <<<<<<<<<<<<<<<<  3c3c3c3c3c3c3c3c3c3c3c3c3c3c3c3c
        56  ................  b8b8b8b8b8b8b8b8b8b8b8b8b8b8b8b8
        46  ................  a9a9a9a9a9a9a9a9a9a9a9a9a9a9a9a9
        36  ................  7f7f7f7f7f7f7f7f7f7f7f7f7f7f7f7f
        33  ----------------  2d2d2d2d2d2d2d2d2d2d2d2d2d2d2d2d
        31  ................  b4b4b4b4b4b4b4b4b4b4b4b4b4b4b4b4
        29  ................  f0f0f0f0f0f0f0f0f0f0f0f0f0f0f0f0
        29  ................  b6b6b6b6b6b6b6b6b6b6b6b6b6b6b6b6
# epoch 2500  H=7.9842 C=7.8833 HO=0.0873  A(t)=160
       304  >>>>>>>>>>>>>>>>  3e3e3e3e3e3e3e3e3e3e3e3e3e3e3e3e
        90  &&&&&&&&&&&&&&&&  26262626262626262626262626262626
        81  <<<<<<<<<<<<<<<<  3c3c3c3c3c3c3c3c3c3c3c3c3c3c3c3c
        79  }}}}}}}}}}}}}}}}  7d7d7d7d7d7d7d7d7d7d7d7d7d7d7d7d
        46  ................  b8b8b8b8b8b8b8b8b8b8b8b8b8b8b8b8
        46  ................  a9a9a9a9a9a9a9a9a9a9a9a9a9a9a9a9
        41  ||||||||||||||||  7c7c7c7c7c7c7c7c7c7c7c7c7c7c7c7c
        31  ................  b4b4b4b4b4b4b4b4b4b4b4b4b4b4b4b4
        29  ................  b6b6b6b6b6b6b6b6b6b6b6b6b6b6b6b6
        26  ................  d3d3d3d3d3d3d3d3d3d3d3d3d3d3d3d3
# epoch 2550  H=7.9839 C=7.8863 HO=0.0845  A(t)=161
       281  >>>>>>>>>>>>>>>>  3e3e3e3e3e3e3e3e3e3e3e3e3e3e3e3e
        83  }}}}}}}}}}}}}}}}  7d7d7d7d7d7d7d7d7d7d7d7d7d7d7d7d
        68  &&&&&&&&&&&&&&&&  26262626262626262626262626262626
        56  <<<<<<<<<<<<<<<<  3c3c3c3c3c3c3c3c3c3c3c3c3c3c3c3c
        46  ................  b8b8b8b8b8b8b8b8b8b8b8b8b8b8b8b8
        46  ................  a9a9a9a9a9a9a9a9a9a9a9a9a9a9a9a9
        41  IIIIIIIIIIIIIIII  49494949494949494949494949494949
        29  ................  b6b6b6b6b6b6b6b6b6b6b6b6b6b6b6b6
        29  ................  b4b4b4b4b4b4b4b4b4b4b4b4b4b4b4b4
        26  ................  d3d3d3d3d3d3d3d3d3d3d3d3d3d3d3d3
# epoch 2600  H=7.9839 C=7.8886 HO=0.0820  A(t)=161
       257  >>>>>>>>>>>>>>>>  3e3e3e3e3e3e3e3e3e3e3e3e3e3e3e3e
        84  }}}}}}}}}}}}}}}}  7d7d7d7d7d7d7d7d7d7d7d7d7d7d7d7d
        68  &&&&&&&&&&&&&&&&  26262626262626262626262626262626
        43  <<<<<<<<<<<<<<<<  3c3c3c3c3c3c3c3c3c3c3c3c3c3c3c3c
        41  ................  8f8f8f8f8f8f8f8f8f8f8f8f8f8f8f8f
        41  IIIIIIIIIIIIIIII  49494949494949494949494949494949
        30  ................  a9a9a9a9a9a9a9a9a9a9a9a9a9a9a9a9
        27  ................  b4b4b4b4b4b4b4b4b4b4b4b4b4b4b4b4
        26  ................  d3d3d3d3d3d3d3d3d3d3d3d3d3d3d3d3
        24  ................  b8b8b8b8b8b8b8b8b8b8b8b8b8b8b8b8
# epoch 2650  H=7.9836 C=7.8846 HO=0.0849  A(t)=164
       222  >>>>>>>>>>>>>>>>  3e3e3e3e3e3e3e3e3e3e3e3e3e3e3e3e
       114  ////////////////  2f2f2f2f2f2f2f2f2f2f2f2f2f2f2f2f
        70  }}}}}}}}}}}}}}}}  7d7d7d7d7d7d7d7d7d7d7d7d7d7d7d7d
        67  [[[[[[[[[[[[[[[[  5b5b5b5b5b5b5b5b5b5b5b5b5b5b5b5b
        57  &&&&&&&&&&&&&&&&  26262626262626262626262626262626
        43  ]]]]]]]]]]]]]]]]  5d5d5d5d5d5d5d5d5d5d5d5d5d5d5d5d
        43  <<<<<<<<<<<<<<<<  3c3c3c3c3c3c3c3c3c3c3c3c3c3c3c3c
        41  IIIIIIIIIIIIIIII  49494949494949494949494949494949
        35  ................  f9f9f9f9f9f9f9f9f9f9f9f9f9f9f9f9
        33  ................  1f1f1f1f1f1f1f1f1f1f1f1f1f1f1f1f
# epoch 2700  H=7.9837 C=7.8872 HO=0.0794  A(t)=165
       212  >>>>>>>>>>>>>>>>  3e3e3e3e3e3e3e3e3e3e3e3e3e3e3e3e
        90  ////////////////  2f2f2f2f2f2f2f2f2f2f2f2f2f2f2f2f
        65  ................  a9a9a9a9a9a9a9a9a9a9a9a9a9a9a9a9
        63  }}}}}}}}}}}}}}}}  7d7d7d7d7d7d7d7d7d7d7d7d7d7d7d7d
        57  &&&&&&&&&&&&&&&&  26262626262626262626262626262626
        51  [[[[[[[[[[[[[[[[  5b5b5b5b5b5b5b5b5b5b5b5b5b5b5b5b
        44  !!!!!!!!!!!!!!!!  21212121212121212121212121212121
        41  IIIIIIIIIIIIIIII  49494949494949494949494949494949
        31  <<<<<<<<<<<<<<<<  3c3c3c3c3c3c3c3c3c3c3c3c3c3c3c3c
        27  ................  f9f9f9f9f9f9f9f9f9f9f9f9f9f9f9f9
# epoch 2750  H=7.9834 C=7.8867 HO=0.0790  A(t)=165
       264  >>>>>>>>>>>>>>>>  3e3e3e3e3e3e3e3e3e3e3e3e3e3e3e3e
        84  {{{{{{{{{{{{{{{{  7b7b7b7b7b7b7b7b7b7b7b7b7b7b7b7b
        84  ////////////////  2f2f2f2f2f2f2f2f2f2f2f2f2f2f2f2f
        67  }}}}}}}}}}}}}}}}  7d7d7d7d7d7d7d7d7d7d7d7d7d7d7d7d
        65  ................  a9a9a9a9a9a9a9a9a9a9a9a9a9a9a9a9
        51  [[[[[[[[[[[[[[[[  5b5b5b5b5b5b5b5b5b5b5b5b5b5b5b5b
        44  !!!!!!!!!!!!!!!!  21212121212121212121212121212121
        43  ................  f8f8f8f8f8f8f8f8f8f8f8f8f8f8f8f8
        41  ................  bdbdbdbdbdbdbdbdbdbdbdbdbdbdbdbd
        41  ................  0b0b0b0b0b0b0b0b0b0b0b0b0b0b0b0b
# epoch 2800  H=7.9832 C=7.8877 HO=0.0777  A(t)=165
       263  >>>>>>>>>>>>>>>>  3e3e3e3e3e3e3e3e3e3e3e3e3e3e3e3e
        83  ////////////////  2f2f2f2f2f2f2f2f2f2f2f2f2f2f2f2f
        70  {{{{{{{{{{{{{{{{  7b7b7b7b7b7b7b7b7b7b7b7b7b7b7b7b
        67  }}}}}}}}}}}}}}}}  7d7d7d7d7d7d7d7d7d7d7d7d7d7d7d7d
        51  ................  a9a9a9a9a9a9a9a9a9a9a9a9a9a9a9a9
        46  [[[[[[[[[[[[[[[[  5b5b5b5b5b5b5b5b5b5b5b5b5b5b5b5b
        44  !!!!!!!!!!!!!!!!  21212121212121212121212121212121
        43  ................  f8f8f8f8f8f8f8f8f8f8f8f8f8f8f8f8
        43  ................  bdbdbdbdbdbdbdbdbdbdbdbdbdbdbdbd
        41  qqqqqqqqqqqqqqqq  71717171717171717171717171717171
# epoch 2850  H=7.9831 C=7.8902 HO=0.0767  A(t)=170
       199  >>>>>>>>>>>>>>>>  3e3e3e3e3e3e3e3e3e3e3e3e3e3e3e3e
        70  {{{{{{{{{{{{{{{{  7b7b7b7b7b7b7b7b7b7b7b7b7b7b7b7b
        52  }}}}}}}}}}}}}}}}  7d7d7d7d7d7d7d7d7d7d7d7d7d7d7d7d
        51  ................  a9a9a9a9a9a9a9a9a9a9a9a9a9a9a9a9
        51  !!!!!!!!!!!!!!!!  21212121212121212121212121212121
        46  [[[[[[[[[[[[[[[[  5b5b5b5b5b5b5b5b5b5b5b5b5b5b5b5b
        43  ................  f8f8f8f8f8f8f8f8f8f8f8f8f8f8f8f8
        41  ................  bdbdbdbdbdbdbdbdbdbdbdbdbdbdbdbd
        41  qqqqqqqqqqqqqqqq  71717171717171717171717171717171
        41  ////////////////  2f2f2f2f2f2f2f2f2f2f2f2f2f2f2f2f
# epoch 2900  H=7.9834 C=7.8912 HO=0.0769  A(t)=172
       161  >>>>>>>>>>>>>>>>  3e3e3e3e3e3e3e3e3e3e3e3e3e3e3e3e
        72  ................  08080808080808080808080808080808
        54  {{{{{{{{{{{{{{{{  7b7b7b7b7b7b7b7b7b7b7b7b7b7b7b7b
        47  ................  f7f7f7f7f7f7f7f7f7f7f7f7f7f7f7f7
        45  [[[[[[[[[[[[[[[[  5b5b5b5b5b5b5b5b5b5b5b5b5b5b5b5b
        43  ................  f8f8f8f8f8f8f8f8f8f8f8f8f8f8f8f8
        42  ................  a9a9a9a9a9a9a9a9a9a9a9a9a9a9a9a9
        41  qqqqqqqqqqqqqqqq  71717171717171717171717171717171
        41  !!!!!!!!!!!!!!!!  21212121212121212121212121212121
        39  }}}}}}}}}}}}}}}}  7d7d7d7d7d7d7d7d7d7d7d7d7d7d7d7d
# epoch 2950  H=7.9833 C=7.8942 HO=0.0717  A(t)=172
       128  >>>>>>>>>>>>>>>>  3e3e3e3e3e3e3e3e3e3e3e3e3e3e3e3e
        49  ]]]]]]]]]]]]]]]]  5d5d5d5d5d5d5d5d5d5d5d5d5d5d5d5d
        46  ................  a4a4a4a4a4a4a4a4a4a4a4a4a4a4a4a4
        43  [[[[[[[[[[[[[[[[  5b5b5b5b5b5b5b5b5b5b5b5b5b5b5b5b
        40  !!!!!!!!!!!!!!!!  21212121212121212121212121212121
        38  }}}}}}}}}}}}}}}}  7d7d7d7d7d7d7d7d7d7d7d7d7d7d7d7d
        35  ................  a9a9a9a9a9a9a9a9a9a9a9a9a9a9a9a9
        35  {{{{{{{{{{{{{{{{  7b7b7b7b7b7b7b7b7b7b7b7b7b7b7b7b
        32  ................  97979797979797979797979797979797
        32  dddddddddddddddd  64646464646464646464646464646464
# epoch 3000  H=7.9831 C=7.8959 HO=0.0705  A(t)=173
       146  >>>>>>>>>>>>>>>>  3e3e3e3e3e3e3e3e3e3e3e3e3e3e3e3e
        42  ,,,,,,,,,,,,,,,,  2c2c2c2c2c2c2c2c2c2c2c2c2c2c2c2c
        40  !!!!!!!!!!!!!!!!  21212121212121212121212121212121
        36  ++++++++++++++++  2b2b2b2b2b2b2b2b2b2b2b2b2b2b2b2b
        35  ................  a9a9a9a9a9a9a9a9a9a9a9a9a9a9a9a9
        35  {{{{{{{{{{{{{{{{  7b7b7b7b7b7b7b7b7b7b7b7b7b7b7b7b
        34  ................  a4a4a4a4a4a4a4a4a4a4a4a4a4a4a4a4
        32  ................  97979797979797979797979797979797
        32  ]]]]]]]]]]]]]]]]  5d5d5d5d5d5d5d5d5d5d5d5d5d5d5d5d
        31  qqqqqqqqqqqqqqqq  71717171717171717171717171717171
# epoch 3050  H=7.9827 C=7.8964 HO=0.0727  A(t)=174
       206  >>>>>>>>>>>>>>>>  3e3e3e3e3e3e3e3e3e3e3e3e3e3e3e3e
        64  ,,,,,,,,,,,,,,,,  2c2c2c2c2c2c2c2c2c2c2c2c2c2c2c2c
        40  !!!!!!!!!!!!!!!!  21212121212121212121212121212121
        38  ................  b4b4b4b4b4b4b4b4b4b4b4b4b4b4b4b4
        35  ................  a9a9a9a9a9a9a9a9a9a9a9a9a9a9a9a9
        35  {{{{{{{{{{{{{{{{  7b7b7b7b7b7b7b7b7b7b7b7b7b7b7b7b
        33  ................  a4a4a4a4a4a4a4a4a4a4a4a4a4a4a4a4
        30  ++++++++++++++++  2b2b2b2b2b2b2b2b2b2b2b2b2b2b2b2b
        29  ................  f7f7f7f7f7f7f7f7f7f7f7f7f7f7f7f7
        27  ................  bdbdbdbdbdbdbdbdbdbdbdbdbdbdbdbd
# epoch 3100  H=7.9826 C=7.8940 HO=0.0712  A(t)=174
       196  >>>>>>>>>>>>>>>>  3e3e3e3e3e3e3e3e3e3e3e3e3e3e3e3e
        79  ................  c7c7c7c7c7c7c7c7c7c7c7c7c7c7c7c7
        63  ,,,,,,,,,,,,,,,,  2c2c2c2c2c2c2c2c2c2c2c2c2c2c2c2c
        63  ................  16161616161616161616161616161616
        37  ................  b4b4b4b4b4b4b4b4b4b4b4b4b4b4b4b4
        35  ................  a9a9a9a9a9a9a9a9a9a9a9a9a9a9a9a9
        33  }}}}}}}}}}}}}}}}  7d7d7d7d7d7d7d7d7d7d7d7d7d7d7d7d
        32  !!!!!!!!!!!!!!!!  21212121212121212121212121212121
        30  ++++++++++++++++  2b2b2b2b2b2b2b2b2b2b2b2b2b2b2b2b
        29  ................  eeeeeeeeeeeeeeeeeeeeeeeeeeeeeeee
# epoch 3150  H=7.9823 C=7.8950 HO=0.0718  A(t)=177
       209  >>>>>>>>>>>>>>>>  3e3e3e3e3e3e3e3e3e3e3e3e3e3e3e3e
        64  ................  c7c7c7c7c7c7c7c7c7c7c7c7c7c7c7c7
        59  ................  16161616161616161616161616161616
        54  ,,,,,,,,,,,,,,,,  2c2c2c2c2c2c2c2c2c2c2c2c2c2c2c2c
        38  }}}}}}}}}}}}}}}}  7d7d7d7d7d7d7d7d7d7d7d7d7d7d7d7d
        37  ................  b4b4b4b4b4b4b4b4b4b4b4b4b4b4b4b4
        36  ????????????????  3f3f3f3f3f3f3f3f3f3f3f3f3f3f3f3f
        35  ................  a9a9a9a9a9a9a9a9a9a9a9a9a9a9a9a9
        32  !!!!!!!!!!!!!!!!  21212121212121212121212121212121
        30  ++++++++++++++++  2b2b2b2b2b2b2b2b2b2b2b2b2b2b2b2b
# epoch 3200  H=7.9819 C=7.8924 HO=0.0730  A(t)=178
       249  >>>>>>>>>>>>>>>>  3e3e3e3e3e3e3e3e3e3e3e3e3e3e3e3e
        86  ,,,,,,,,,,,,,,,,  2c2c2c2c2c2c2c2c2c2c2c2c2c2c2c2c
        64  ................  c7c7c7c7c7c7c7c7c7c7c7c7c7c7c7c7
        57  ................  16161616161616161616161616161616
        49  ................  13131313131313131313131313131313
        40  ................  d4d4d4d4d4d4d4d4d4d4d4d4d4d4d4d4
        37  ................  b4b4b4b4b4b4b4b4b4b4b4b4b4b4b4b4
        36  ????????????????  3f3f3f3f3f3f3f3f3f3f3f3f3f3f3f3f
        35  ................  a9a9a9a9a9a9a9a9a9a9a9a9a9a9a9a9
        33  }}}}}}}}}}}}}}}}  7d7d7d7d7d7d7d7d7d7d7d7d7d7d7d7d
# epoch 3250  H=7.9815 C=7.8921 HO=0.0742  A(t)=178
       231  >>>>>>>>>>>>>>>>  3e3e3e3e3e3e3e3e3e3e3e3e3e3e3e3e
        63  ,,,,,,,,,,,,,,,,  2c2c2c2c2c2c2c2c2c2c2c2c2c2c2c2c
        57  ................  16161616161616161616161616161616
        51  \\\\\\\\\\\\\\\\  5c5c5c5c5c5c5c5c5c5c5c5c5c5c5c5c
        48  ................  c7c7c7c7c7c7c7c7c7c7c7c7c7c7c7c7
        46  }}}}}}}}}}}}}}}}  7d7d7d7d7d7d7d7d7d7d7d7d7d7d7d7d
        40  ................  d4d4d4d4d4d4d4d4d4d4d4d4d4d4d4d4
        36  ((((((((((((((((  28282828282828282828282828282828
        35  ................  a9a9a9a9a9a9a9a9a9a9a9a9a9a9a9a9
        32  !!!!!!!!!!!!!!!!  21212121212121212121212121212121
# epoch 3300  H=7.9814 C=7.8922 HO=0.0719  A(t)=178
       229  >>>>>>>>>>>>>>>>  3e3e3e3e3e3e3e3e3e3e3e3e3e3e3e3e
        86  ,,,,,,,,,,,,,,,,  2c2c2c2c2c2c2c2c2c2c2c2c2c2c2c2c
        57  \\\\\\\\\\\\\\\\  5c5c5c5c5c5c5c5c5c5c5c5c5c5c5c5c
        54  ................  16161616161616161616161616161616
        51  }}}}}}}}}}}}}}}}  7d7d7d7d7d7d7d7d7d7d7d7d7d7d7d7d
        49  ................  babababababababababababababababa
        46  ................  c7c7c7c7c7c7c7c7c7c7c7c7c7c7c7c7
        35  ((((((((((((((((  28282828282828282828282828282828
        32  !!!!!!!!!!!!!!!!  21212121212121212121212121212121
        31  ................  13131313131313131313131313131313
# epoch 3350  H=7.9814 C=7.8918 HO=0.0762  A(t)=178
       205  >>>>>>>>>>>>>>>>  3e3e3e3e3e3e3e3e3e3e3e3e3e3e3e3e
        62  ................  a4a4a4a4a4a4a4a4a4a4a4a4a4a4a4a4
        58  ,,,,,,,,,,,,,,,,  2c2c2c2c2c2c2c2c2c2c2c2c2c2c2c2c
        50  }}}}}}}}}}}}}}}}  7d7d7d7d7d7d7d7d7d7d7d7d7d7d7d7d
        49  ................  babababababababababababababababa
        48  ................  9c9c9c9c9c9c9c9c9c9c9c9c9c9c9c9c
        46  ................  c7c7c7c7c7c7c7c7c7c7c7c7c7c7c7c7
        45  \\\\\\\\\\\\\\\\  5c5c5c5c5c5c5c5c5c5c5c5c5c5c5c5c
        36  ................  16161616161616161616161616161616
        35  ((((((((((((((((  28282828282828282828282828282828
# epoch 3400  H=7.9810 C=7.8904 HO=0.0752  A(t)=179
       244  >>>>>>>>>>>>>>>>  3e3e3e3e3e3e3e3e3e3e3e3e3e3e3e3e
        66  [[[[[[[[[[[[[[[[  5b5b5b5b5b5b5b5b5b5b5b5b5b5b5b5b
        56  }}}}}}}}}}}}}}}}  7d7d7d7d7d7d7d7d7d7d7d7d7d7d7d7d
        52  ,,,,,,,,,,,,,,,,  2c2c2c2c2c2c2c2c2c2c2c2c2c2c2c2c
        48  ................  9c9c9c9c9c9c9c9c9c9c9c9c9c9c9c9c
        46  ................  c7c7c7c7c7c7c7c7c7c7c7c7c7c7c7c7
        36  \\\\\\\\\\\\\\\\  5c5c5c5c5c5c5c5c5c5c5c5c5c5c5c5c
        32  ................  bfbfbfbfbfbfbfbfbfbfbfbfbfbfbfbf
        32  ................  a4a4a4a4a4a4a4a4a4a4a4a4a4a4a4a4
        32  !!!!!!!!!!!!!!!!  21212121212121212121212121212121
# epoch 3450  H=7.9807 C=7.8908 HO=0.0738  A(t)=179
       223  >>>>>>>>>>>>>>>>  3e3e3e3e3e3e3e3e3e3e3e3e3e3e3e3e
        66  [[[[[[[[[[[[[[[[  5b5b5b5b5b5b5b5b5b5b5b5b5b5b5b5b
        57  }}}}}}}}}}}}}}}}  7d7d7d7d7d7d7d7d7d7d7d7d7d7d7d7d
        48  ................  9c9c9c9c9c9c9c9c9c9c9c9c9c9c9c9c
        39  ................  fafafafafafafafafafafafafafafafa
        32  ,,,,,,,,,,,,,,,,  2c2c2c2c2c2c2c2c2c2c2c2c2c2c2c2c
        32  !!!!!!!!!!!!!!!!  21212121212121212121212121212121
        21  ................  ffffffffffffffffffffffffffffffff
        21  ((((((((((((((((  28282828282828282828282828282828
        20  ................  16161616161616161616161616161616
# epoch 3500  H=7.9809 C=7.8925 HO=0.0711  A(t)=180
       153  >>>>>>>>>>>>>>>>  3e3e3e3e3e3e3e3e3e3e3e3e3e3e3e3e
        54  }}}}}}}}}}}}}}}}  7d7d7d7d7d7d7d7d7d7d7d7d7d7d7d7d
        54  [[[[[[[[[[[[[[[[  5b5b5b5b5b5b5b5b5b5b5b5b5b5b5b5b
        48  ................  9c9c9c9c9c9c9c9c9c9c9c9c9c9c9c9c
        34  ................  fafafafafafafafafafafafafafafafa
        31  ,,,,,,,,,,,,,,,,  2c2c2c2c2c2c2c2c2c2c2c2c2c2c2c2c
        29  ................  ffffffffffffffffffffffffffffffff
        21  ((((((((((((((((  28282828282828282828282828282828
        19  ................  c7c7c7c7c7c7c7c7c7c7c7c7c7c7c7c7
        19  !!!!!!!!!!!!!!!!  21212121212121212121212121212121
# epoch 3550  H=7.9811 C=7.8971 HO=0.0678  A(t)=181
       129  >>>>>>>>>>>>>>>>  3e3e3e3e3e3e3e3e3e3e3e3e3e3e3e3e
        54  [[[[[[[[[[[[[[[[  5b5b5b5b5b5b5b5b5b5b5b5b5b5b5b5b
        41  }}}}}}}}}}}}}}}}  7d7d7d7d7d7d7d7d7d7d7d7d7d7d7d7d
        32  ................  9c9c9c9c9c9c9c9c9c9c9c9c9c9c9c9c
        31  ................  fafafafafafafafafafafafafafafafa
        31  ,,,,,,,,,,,,,,,,  2c2c2c2c2c2c2c2c2c2c2c2c2c2c2c2c
        27  ................  ffffffffffffffffffffffffffffffff
        21  ((((((((((((((((  28282828282828282828282828282828
        19  yyyyyyyyyyyyyyyy  79797979797979797979797979797979
        17  ................  00000000000000000000000000000000
# epoch 3600  H=7.9812 C=7.8980 HO=0.0678  A(t)=184
       151  >>>>>>>>>>>>>>>>  3e3e3e3e3e3e3e3e3e3e3e3e3e3e3e3e
        60  ................  ffffffffffffffffffffffffffffffff
        59  \\\\\\\\\\\\\\\\  5c5c5c5c5c5c5c5c5c5c5c5c5c5c5c5c
        54  [[[[[[[[[[[[[[[[  5b5b5b5b5b5b5b5b5b5b5b5b5b5b5b5b
        48  ................  15151515151515151515151515151515
        46  <<<<<<<<<<<<<<<<  3c3c3c3c3c3c3c3c3c3c3c3c3c3c3c3c
        28  }}}}}}}}}}}}}}}}  7d7d7d7d7d7d7d7d7d7d7d7d7d7d7d7d
        25  ................  fafafafafafafafafafafafafafafafa
        25  ,,,,,,,,,,,,,,,,  2c2c2c2c2c2c2c2c2c2c2c2c2c2c2c2c
        19  yyyyyyyyyyyyyyyy  79797979797979797979797979797979
# epoch 3650  H=7.9807 C=7.8997 HO=0.0685  A(t)=185
       176  >>>>>>>>>>>>>>>>  3e3e3e3e3e3e3e3e3e3e3e3e3e3e3e3e
        60  ................  ffffffffffffffffffffffffffffffff
        49  \\\\\\\\\\\\\\\\  5c5c5c5c5c5c5c5c5c5c5c5c5c5c5c5c
        46  <<<<<<<<<<<<<<<<  3c3c3c3c3c3c3c3c3c3c3c3c3c3c3c3c
        39  [[[[[[[[[[[[[[[[  5b5b5b5b5b5b5b5b5b5b5b5b5b5b5b5b
        27  }}}}}}}}}}}}}}}}  7d7d7d7d7d7d7d7d7d7d7d7d7d7d7d7d
        25  ................  fafafafafafafafafafafafafafafafa
        24  ................  15151515151515151515151515151515
        21  ,,,,,,,,,,,,,,,,  2c2c2c2c2c2c2c2c2c2c2c2c2c2c2c2c
        19  yyyyyyyyyyyyyyyy  79797979797979797979797979797979
# epoch 3700  H=7.9805 C=7.8972 HO=0.0702  A(t)=187
       205  >>>>>>>>>>>>>>>>  3e3e3e3e3e3e3e3e3e3e3e3e3e3e3e3e
        59  ,,,,,,,,,,,,,,,,  2c2c2c2c2c2c2c2c2c2c2c2c2c2c2c2c
        56  ................  ffffffffffffffffffffffffffffffff
        49  <<<<<<<<<<<<<<<<  3c3c3c3c3c3c3c3c3c3c3c3c3c3c3c3c
        47  bbbbbbbbbbbbbbbb  62626262626262626262626262626262
        46  RRRRRRRRRRRRRRRR  52525252525252525252525252525252
        43  \\\\\\\\\\\\\\\\  5c5c5c5c5c5c5c5c5c5c5c5c5c5c5c5c
        42  TTTTTTTTTTTTTTTT  54545454545454545454545454545454
        39  [[[[[[[[[[[[[[[[  5b5b5b5b5b5b5b5b5b5b5b5b5b5b5b5b
        32  ................  03030303030303030303030303030303
# epoch 3750  H=7.9799 C=7.8960 HO=0.0733  A(t)=189
       222  >>>>>>>>>>>>>>>>  3e3e3e3e3e3e3e3e3e3e3e3e3e3e3e3e
        94  <<<<<<<<<<<<<<<<  3c3c3c3c3c3c3c3c3c3c3c3c3c3c3c3c
        63  ,,,,,,,,,,,,,,,,  2c2c2c2c2c2c2c2c2c2c2c2c2c2c2c2c
        48  ................  ffffffffffffffffffffffffffffffff
        48  ................  f1f1f1f1f1f1f1f1f1f1f1f1f1f1f1f1
        41  \\\\\\\\\\\\\\\\  5c5c5c5c5c5c5c5c5c5c5c5c5c5c5c5c
        41  TTTTTTTTTTTTTTTT  54545454545454545454545454545454
        35  [[[[[[[[[[[[[[[[  5b5b5b5b5b5b5b5b5b5b5b5b5b5b5b5b
        30  ................  17171717171717171717171717171717
        29  RRRRRRRRRRRRRRRR  52525252525252525252525252525252
# epoch 3800  H=7.9799 C=7.8956 HO=0.0711  A(t)=190
       224  >>>>>>>>>>>>>>>>  3e3e3e3e3e3e3e3e3e3e3e3e3e3e3e3e
        94  <<<<<<<<<<<<<<<<  3c3c3c3c3c3c3c3c3c3c3c3c3c3c3c3c
        59  ,,,,,,,,,,,,,,,,  2c2c2c2c2c2c2c2c2c2c2c2c2c2c2c2c
        48  ................  ffffffffffffffffffffffffffffffff
        48  }}}}}}}}}}}}}}}}  7d7d7d7d7d7d7d7d7d7d7d7d7d7d7d7d
        41  TTTTTTTTTTTTTTTT  54545454545454545454545454545454
        38  \\\\\\\\\\\\\\\\  5c5c5c5c5c5c5c5c5c5c5c5c5c5c5c5c
        32  ................  f1f1f1f1f1f1f1f1f1f1f1f1f1f1f1f1
        32  ................  aeaeaeaeaeaeaeaeaeaeaeaeaeaeaeae
        29  RRRRRRRRRRRRRRRR  52525252525252525252525252525252
# epoch 3850  H=7.9799 C=7.8961 HO=0.0726  A(t)=190
       201  >>>>>>>>>>>>>>>>  3e3e3e3e3e3e3e3e3e3e3e3e3e3e3e3e
        95  <<<<<<<<<<<<<<<<  3c3c3c3c3c3c3c3c3c3c3c3c3c3c3c3c
        68  }}}}}}}}}}}}}}}}  7d7d7d7d7d7d7d7d7d7d7d7d7d7d7d7d
        65  ................  2e2e2e2e2e2e2e2e2e2e2e2e2e2e2e2e
        41  TTTTTTTTTTTTTTTT  54545454545454545454545454545454
        41  ................  01010101010101010101010101010101
        38  \\\\\\\\\\\\\\\\  5c5c5c5c5c5c5c5c5c5c5c5c5c5c5c5c
        35  ................  f2f2f2f2f2f2f2f2f2f2f2f2f2f2f2f2
        32  ................  f1f1f1f1f1f1f1f1f1f1f1f1f1f1f1f1
        27  ................  ffffffffffffffffffffffffffffffff
# epoch 3900  H=7.9800 C=7.8934 HO=0.0727  A(t)=190
       212  >>>>>>>>>>>>>>>>  3e3e3e3e3e3e3e3e3e3e3e3e3e3e3e3e
       147  ................  81818181818181818181818181818181
       104  <<<<<<<<<<<<<<<<  3c3c3c3c3c3c3c3c3c3c3c3c3c3c3c3c
        83  ................  e7e7e7e7e7e7e7e7e7e7e7e7e7e7e7e7
        49  ................  2e2e2e2e2e2e2e2e2e2e2e2e2e2e2e2e
        42  }}}}}}}}}}}}}}}}  7d7d7d7d7d7d7d7d7d7d7d7d7d7d7d7d
        36  TTTTTTTTTTTTTTTT  54545454545454545454545454545454
        34  ................  f2f2f2f2f2f2f2f2f2f2f2f2f2f2f2f2
        29  ????????????????  3f3f3f3f3f3f3f3f3f3f3f3f3f3f3f3f
        29  ................  02020202020202020202020202020202
# epoch 3950  H=7.9795 C=7.8918 HO=0.0750  A(t)=190
       241  >>>>>>>>>>>>>>>>  3e3e3e3e3e3e3e3e3e3e3e3e3e3e3e3e
       139  ................  81818181818181818181818181818181
        79  ................  c4c4c4c4c4c4c4c4c4c4c4c4c4c4c4c4
        77  <<<<<<<<<<<<<<<<  3c3c3c3c3c3c3c3c3c3c3c3c3c3c3c3c
        67  ................  e7e7e7e7e7e7e7e7e7e7e7e7e7e7e7e7
        48  YYYYYYYYYYYYYYYY  59595959595959595959595959595959
        48  ................  2e2e2e2e2e2e2e2e2e2e2e2e2e2e2e2e
        33  ................  f2f2f2f2f2f2f2f2f2f2f2f2f2f2f2f2
        32  }}}}}}}}}}}}}}}}  7d7d7d7d7d7d7d7d7d7d7d7d7d7d7d7d
        29  ................  02020202020202020202020202020202
# epoch 4000  H=7.9792 C=7.8891 HO=0.0792  A(t)=191
       206  >>>>>>>>>>>>>>>>  3e3e3e3e3e3e3e3e3e3e3e3e3e3e3e3e
       136  ................  81818181818181818181818181818181
       115  <<<<<<<<<<<<<<<<  3c3c3c3c3c3c3c3c3c3c3c3c3c3c3c3c
        75  ................  c4c4c4c4c4c4c4c4c4c4c4c4c4c4c4c4
        71  [[[[[[[[[[[[[[[[  5b5b5b5b5b5b5b5b5b5b5b5b5b5b5b5b
        59  ................  e7e7e7e7e7e7e7e7e7e7e7e7e7e7e7e7
        48  YYYYYYYYYYYYYYYY  59595959595959595959595959595959
        48  ................  2e2e2e2e2e2e2e2e2e2e2e2e2e2e2e2e
        47  ................  ecececececececececececececececec
        28  ................  f1f1f1f1f1f1f1f1f1f1f1f1f1f1f1f1
# epoch 4050  H=7.9789 C=7.8894 HO=0.0761  A(t)=192
       174  >>>>>>>>>>>>>>>>  3e3e3e3e3e3e3e3e3e3e3e3e3e3e3e3e
       118  <<<<<<<<<<<<<<<<  3c3c3c3c3c3c3c3c3c3c3c3c3c3c3c3c
       100  ................  81818181818181818181818181818181
        73  [[[[[[[[[[[[[[[[  5b5b5b5b5b5b5b5b5b5b5b5b5b5b5b5b
        64  ................  c4c4c4c4c4c4c4c4c4c4c4c4c4c4c4c4
        48  ................  abababababababababababababababab
        48  YYYYYYYYYYYYYYYY  59595959595959595959595959595959
        48  ................  2e2e2e2e2e2e2e2e2e2e2e2e2e2e2e2e
        47  ................  ecececececececececececececececec
        44  PPPPPPPPPPPPPPPP  50505050505050505050505050505050
# epoch 4100  H=7.9784 C=7.8881 HO=0.0785  A(t)=192
       218  >>>>>>>>>>>>>>>>  3e3e3e3e3e3e3e3e3e3e3e3e3e3e3e3e
        92  <<<<<<<<<<<<<<<<  3c3c3c3c3c3c3c3c3c3c3c3c3c3c3c3c
        91  ................  81818181818181818181818181818181
        90  ,,,,,,,,,,,,,,,,  2c2c2c2c2c2c2c2c2c2c2c2c2c2c2c2c
        73  [[[[[[[[[[[[[[[[  5b5b5b5b5b5b5b5b5b5b5b5b5b5b5b5b
        48  ................  2e2e2e2e2e2e2e2e2e2e2e2e2e2e2e2e
        47  ................  ecececececececececececececececec
        44  }}}}}}}}}}}}}}}}  7d7d7d7d7d7d7d7d7d7d7d7d7d7d7d7d
        44  PPPPPPPPPPPPPPPP  50505050505050505050505050505050
        43  ................  c4c4c4c4c4c4c4c4c4c4c4c4c4c4c4c4
# epoch 4150  H=7.9786 C=7.8879 HO=0.0745  A(t)=194
       208  >>>>>>>>>>>>>>>>  3e3e3e3e3e3e3e3e3e3e3e3e3e3e3e3e
        82  ................  81818181818181818181818181818181
        79  <<<<<<<<<<<<<<<<  3c3c3c3c3c3c3c3c3c3c3c3c3c3c3c3c
        68  [[[[[[[[[[[[[[[[  5b5b5b5b5b5b5b5b5b5b5b5b5b5b5b5b
        60  ,,,,,,,,,,,,,,,,  2c2c2c2c2c2c2c2c2c2c2c2c2c2c2c2c
        58  }}}}}}}}}}}}}}}}  7d7d7d7d7d7d7d7d7d7d7d7d7d7d7d7d
        48  ................  2e2e2e2e2e2e2e2e2e2e2e2e2e2e2e2e
        44  PPPPPPPPPPPPPPPP  50505050505050505050505050505050
        43  ................  03030303030303030303030303030303
        39  ................  d8d8d8d8d8d8d8d8d8d8d8d8d8d8d8d8
# epoch 4200  H=7.9786 C=7.8907 HO=0.0750  A(t)=195
       227  >>>>>>>>>>>>>>>>  3e3e3e3e3e3e3e3e3e3e3e3e3e3e3e3e
        89  <<<<<<<<<<<<<<<<  3c3c3c3c3c3c3c3c3c3c3c3c3c3c3c3c
        65  [[[[[[[[[[[[[[[[  5b5b5b5b5b5b5b5b5b5b5b5b5b5b5b5b
        63  ,,,,,,,,,,,,,,,,  2c2c2c2c2c2c2c2c2c2c2c2c2c2c2c2c
        62  ................  81818181818181818181818181818181
        48  ................  2e2e2e2e2e2e2e2e2e2e2e2e2e2e2e2e
        41  PPPPPPPPPPPPPPPP  50505050505050505050505050505050
        39  ................  d8d8d8d8d8d8d8d8d8d8d8d8d8d8d8d8
        39  ................  c4c4c4c4c4c4c4c4c4c4c4c4c4c4c4c4
        38  }}}}}}}}}}}}}}}}  7d7d7d7d7d7d7d7d7d7d7d7d7d7d7d7d
# epoch 4250  H=7.9785 C=7.8913 HO=0.0692  A(t)=195
       176  >>>>>>>>>>>>>>>>  3e3e3e3e3e3e3e3e3e3e3e3e3e3e3e3e
        84  <<<<<<<<<<<<<<<<  3c3c3c3c3c3c3c3c3c3c3c3c3c3c3c3c
        65  [[[[[[[[[[[[[[[[  5b5b5b5b5b5b5b5b5b5b5b5b5b5b5b5b
        62  ................  81818181818181818181818181818181
        54  ,,,,,,,,,,,,,,,,  2c2c2c2c2c2c2c2c2c2c2c2c2c2c2c2c
        41  ................  d7d7d7d7d7d7d7d7d7d7d7d7d7d7d7d7
        41  PPPPPPPPPPPPPPPP  50505050505050505050505050505050
        33  }}}}}}}}}}}}}}}}  7d7d7d7d7d7d7d7d7d7d7d7d7d7d7d7d
        26  ................  ffffffffffffffffffffffffffffffff
        26  ................  f1f1f1f1f1f1f1f1f1f1f1f1f1f1f1f1
# epoch 4300  H=7.9778 C=7.8881 HO=0.0762  A(t)=196
       213  >>>>>>>>>>>>>>>>  3e3e3e3e3e3e3e3e3e3e3e3e3e3e3e3e
       178  ,,,,,,,,,,,,,,,,  2c2c2c2c2c2c2c2c2c2c2c2c2c2c2c2c
        98  MMMMMMMMMMMMMMMM  4d4d4d4d4d4d4d4d4d4d4d4d4d4d4d4d
        88  [[[[[[[[[[[[[[[[  5b5b5b5b5b5b5b5b5b5b5b5b5b5b5b5b
        85  <<<<<<<<<<<<<<<<  3c3c3c3c3c3c3c3c3c3c3c3c3c3c3c3c
        47  ................  81818181818181818181818181818181
        41  PPPPPPPPPPPPPPPP  50505050505050505050505050505050
        33  TTTTTTTTTTTTTTTT  54545454545454545454545454545454
        31  ................  d7d7d7d7d7d7d7d7d7d7d7d7d7d7d7d7
        28  }}}}}}}}}}}}}}}}  7d7d7d7d7d7d7d7d7d7d7d7d7d7d7d7d
# epoch 4350  H=7.9775 C=7.8889 HO=0.0752  A(t)=196
       235  >>>>>>>>>>>>>>>>  3e3e3e3e3e3e3e3e3e3e3e3e3e3e3e3e
       163  ,,,,,,,,,,,,,,,,  2c2c2c2c2c2c2c2c2c2c2c2c2c2c2c2c
        97  MMMMMMMMMMMMMMMM  4d4d4d4d4d4d4d4d4d4d4d4d4d4d4d4d
        77  [[[[[[[[[[[[[[[[  5b5b5b5b5b5b5b5b5b5b5b5b5b5b5b5b
        74  <<<<<<<<<<<<<<<<  3c3c3c3c3c3c3c3c3c3c3c3c3c3c3c3c
        52  ................  8a8a8a8a8a8a8a8a8a8a8a8a8a8a8a8a
        35  ................  81818181818181818181818181818181
        32  }}}}}}}}}}}}}}}}  7d7d7d7d7d7d7d7d7d7d7d7d7d7d7d7d
        31  PPPPPPPPPPPPPPPP  50505050505050505050505050505050
        26  ................  f1f1f1f1f1f1f1f1f1f1f1f1f1f1f1f1
