# epoch 0  H=7.9999 C=8.0025 HO=-0.0001  A(t)=0
         1  .....8.!..;...8u  ffffef821938ee21c0a33b0cd9d73875
         1  ....Cm.Y.koG..3.  ffffeeb8436d9659126b6f47eef233ac
         1  .....T0....8....  ffffd2ae955430800ec2d638dcd20bd7
         1  ...{.+......e...  ffffd17bdc2b9e08a6eefaea65d7fa8b
         1  .......C..|..U.x  ffffa9c8d60e1743b9a57c028b55e978
         1  ......k..|......  ffffa88d9f146b89bd7cce0fb57fb1f0
         1  ...f\;.....~W...  ffffa6665c3b1eb3a6cdb67e579ccccb
         1  ......ad%....#U.  ffffa481a717616425a9a8918b2355cc
         1  ....J.P....z3K..  ffff9fbf4ad350bed90ab97a334b7fff
         1  ....be........9q  ffff98f5626507f00dbb16d10de83971
# epoch 250  H=7.9849 C=7.8735 HO=0.0830  A(t)=0
       367  ]]]]]]]]]]]]]]]]  5d5d5d5d5d5d5d5d5d5d5d5d5d5d5d5d
       202  [[[[[[[[[[[[[[[[  5b5b5b5b5b5b5b5b5b5b5b5b5b5b5b5b
       193  ,,,,,,,,,,,,,,,,  2c2c2c2c2c2c2c2c2c2c2c2c2c2c2c2c
       103  UUUUUUUUUUUUUUUU  55555555555555555555555555555555
       103  ................  2e2e2e2e2e2e2e2e2e2e2e2e2e2e2e2e
        76  ................  aaaaaaaaaaaaaaaaaaaaaaaaaaaaaaaa
        75  ||||||||||||||||  7c7c7c7c7c7c7c7c7c7c7c7c7c7c7c7c
        73  ................  03030303030303030303030303030303
        66  ................  0b0b0b0b0b0b0b0b0b0b0b0b0b0b0b0b
        64  ................  d9d9d9d9d9d9d9d9d9d9d9d9d9d9d9d9
# epoch 500  H=7.9570 C=7.7958 HO=0.1031  A(t)=0
       336  ]]]]]]]]]]]]]]]]  5d5d5d5d5d5d5d5d5d5d5d5d5d5d5d5d
       283  ,,,,,,,,,,,,,,,,  2c2c2c2c2c2c2c2c2c2c2c2c2c2c2c2c
       262  [[[[[[[[[[[[[[[[  5b5b5b5b5b5b5b5b5b5b5b5b5b5b5b5b
       165  ................  01010101010101010101010101010101
       125  ................  2e2e2e2e2e2e2e2e2e2e2e2e2e2e2e2e
       116  ................  abababababababababababababababab
       114  ................  ffffffffffffffffffffffffffffffff
        74  ................  d1d1d1d1d1d1d1d1d1d1d1d1d1d1d1d1
        73  ................  eeeeeeeeeeeeeeeeeeeeeeeeeeeeeeee
        72  ................  f2f2f2f2f2f2f2f2f2f2f2f2f2f2f2f2
# epoch 750  H=7.9292 C=7.7574 HO=0.1111  A(t)=0
       635  ,,,,,,,,,,,,,,,,  2c2c2c2c2c2c2c2c2c2c2c2c2c2c2c2c
       309  [[[[[[[[[[[[[[[[  5b5b5b5b5b5b5b5b5b5b5b5b5b5b5b5b
       163  ................  2e2e2e2e2e2e2e2e2e2e2e2e2e2e2e2e
       135  ]]]]]]]]]]]]]]]]  5d5d5d5d5d5d5d5d5d5d5d5d5d5d5d5d
       133  ................  87878787878787878787878787878787
       128  ................  d5d5d5d5d5d5d5d5d5d5d5d5d5d5d5d5
       110  tttttttttttttttt  74747474747474747474747474747474
        94  >>>>>>>>>>>>>>>>  3e3e3e3e3e3e3e3e3e3e3e3e3e3e3e3e
        80  ................  07070707070707070707070707070707
        78  ^^^^^^^^^^^^^^^^  5e5e5e5e5e5e5e5e5e5e5e5e5e5e5e5e
# epoch 1000  H=7.9012 C=7.7173 HO=0.1185  A(t)=0
       590  [[[[[[[[[[[[[[[[  5b5b5b5b5b5b5b5b5b5b5b5b5b5b5b5b
       541  ,,,,,,,,,,,,,,,,  2c2c2c2c2c2c2c2c2c2c2c2c2c2c2c2c
       127  ................  2e2e2e2e2e2e2e2e2e2e2e2e2e2e2e2e
       114  ................  dbdbdbdbdbdbdbdbdbdbdbdbdbdbdbdb
        99  dddddddddddddddd  64646464646464646464646464646464
        95  ]]]]]]]]]]]]]]]]  5d5d5d5d5d5d5d5d5d5d5d5d5d5d5d5d
        88  ::::::::::::::::  3a3a3a3a3a3a3a3a3a3a3a3a3a3a3a3a
        83  ................  0d0d0d0d0d0d0d0d0d0d0d0d0d0d0d0d
        82  \\\\\\\\\\\\\\\\  5c5c5c5c5c5c5c5c5c5c5c5c5c5c5c5c
        75  ????????????????  3f3f3f3f3f3f3f3f3f3f3f3f3f3f3f3f
# epoch 1250  H=7.8820 C=7.6741 HO=0.1400  A(t)=207
       492  ]]]]]]]]]]]]]]]]  5d5d5d5d5d5d5d5d5d5d5d5d5d5d5d5d
       459  [[[[[[[[[[[[[[[[  5b5b5b5b5b5b5b5b5b5b5b5b5b5b5b5b
       352  ,,,,,,,,,,,,,,,,  2c2c2c2c2c2c2c2c2c2c2c2c2c2c2c2c
       269  ................  01010101010101010101010101010101
       191  ................  81818181818181818181818181818181
       142  ................  ffffffffffffffffffffffffffffffff
       134  <<<<<<<<<<<<<<<<  3c3c3c3c3c3c3c3c3c3c3c3c3c3c3c3c
       131  jjjjjjjjjjjjjjjj  6a6a6a6a6a6a6a6a6a6a6a6a6a6a6a6a
       119  ................  82828282828282828282828282828282
       118  ^^^^^^^^^^^^^^^^  5e5e5e5e5e5e5e5e5e5e5e5e5e5e5e5e
# epoch 1500  H=7.8654 C=7.6672 HO=0.1265  A(t)=224
       524  ,,,,,,,,,,,,,,,,  2c2c2c2c2c2c2c2c2c2c2c2c2c2c2c2c
       400  [[[[[[[[[[[[[[[[  5b5b5b5b5b5b5b5b5b5b5b5b5b5b5b5b
       306  ]]]]]]]]]]]]]]]]  5d5d5d5d5d5d5d5d5d5d5d5d5d5d5d5d
       149  \\\\\\\\\\\\\\\\  5c5c5c5c5c5c5c5c5c5c5c5c5c5c5c5c
       138  ................  c0c0c0c0c0c0c0c0c0c0c0c0c0c0c0c0
       121  ................  2e2e2e2e2e2e2e2e2e2e2e2e2e2e2e2e
       117  ................  fefefefefefefefefefefefefefefefe
        96  ................  93939393939393939393939393939393
        95  ZZZZZZZZZZZZZZZZ  5a5a5a5a5a5a5a5a5a5a5a5a5a5a5a5a
        93  ................  02020202020202020202020202020202
# epoch 1750  H=7.8546 C=7.6511 HO=0.1347  A(t)=240
       626  ,,,,,,,,,,,,,,,,  2c2c2c2c2c2c2c2c2c2c2c2c2c2c2c2c
       508  [[[[[[[[[[[[[[[[  5b5b5b5b5b5b5b5b5b5b5b5b5b5b5b5b
       345  ]]]]]]]]]]]]]]]]  5d5d5d5d5d5d5d5d5d5d5d5d5d5d5d5d
       247  ................  2e2e2e2e2e2e2e2e2e2e2e2e2e2e2e2e
       130  XXXXXXXXXXXXXXXX  58585858585858585858585858585858
        95  \\\\\\\\\\\\\\\\  5c5c5c5c5c5c5c5c5c5c5c5c5c5c5c5c
        82  }}}}}}}}}}}}}}}}  7d7d7d7d7d7d7d7d7d7d7d7d7d7d7d7d
        81  oooooooooooooooo  6f6f6f6f6f6f6f6f6f6f6f6f6f6f6f6f
        80  ................  05050505050505050505050505050505
        79  YYYYYYYYYYYYYYYY  59595959595959595959595959595959
# epoch 2000  H=7.8433 C=7.6457 HO=0.1286  A(t)=251
       629  ,,,,,,,,,,,,,,,,  2c2c2c2c2c2c2c2c2c2c2c2c2c2c2c2c
       415  [[[[[[[[[[[[[[[[  5b5b5b5b5b5b5b5b5b5b5b5b5b5b5b5b
       298  ]]]]]]]]]]]]]]]]  5d5d5d5d5d5d5d5d5d5d5d5d5d5d5d5d
       281  ................  2e2e2e2e2e2e2e2e2e2e2e2e2e2e2e2e
       122  ****************  2a2a2a2a2a2a2a2a2a2a2a2a2a2a2a2a
       120  ================  3d3d3d3d3d3d3d3d3d3d3d3d3d3d3d3d
       112  ................  fefefefefefefefefefefefefefefefe
       105  \\\\\\\\\\\\\\\\  5c5c5c5c5c5c5c5c5c5c5c5c5c5c5c5c
       105  ................  01010101010101010101010101010101
       102  ''''''''''''''''  27272727272727272727272727272727
# epoch 2250  H=7.8337 C=7.6239 HO=0.1408  A(t)=273
       609  [[[[[[[[[[[[[[[[  5b5b5b5b5b5b5b5b5b5b5b5b5b5b5b5b
       519  ,,,,,,,,,,,,,,,,  2c2c2c2c2c2c2c2c2c2c2c2c2c2c2c2c
       314  ]]]]]]]]]]]]]]]]  5d5d5d5d5d5d5d5d5d5d5d5d5d5d5d5d
       231  ................  2e2e2e2e2e2e2e2e2e2e2e2e2e2e2e2e
       221  \\\\\\\\\\\\\\\\  5c5c5c5c5c5c5c5c5c5c5c5c5c5c5c5c
       143  ))))))))))))))))  29292929292929292929292929292929
       123  <<<<<<<<<<<<<<<<  3c3c3c3c3c3c3c3c3c3c3c3c3c3c3c3c
       114  ................  fbfbfbfbfbfbfbfbfbfbfbfbfbfbfbfb
       107  ////////////////  2f2f2f2f2f2f2f2f2f2f2f2f2f2f2f2f
       101  ................  a2a2a2a2a2a2a2a2a2a2a2a2a2a2a2a2
# epoch 2500  H=7.8290 C=7.6278 HO=0.1315  A(t)=289
       561  [[[[[[[[[[[[[[[[  5b5b5b5b5b5b5b5b5b5b5b5b5b5b5b5b
       518  ,,,,,,,,,,,,,,,,  2c2c2c2c2c2c2c2c2c2c2c2c2c2c2c2c
       378  ]]]]]]]]]]]]]]]]  5d5d5d5d5d5d5d5d5d5d5d5d5d5d5d5d
       209  ................  2e2e2e2e2e2e2e2e2e2e2e2e2e2e2e2e
       184  ................  ffffffffffffffffffffffffffffffff
       142  ////////////////  2f2f2f2f2f2f2f2f2f2f2f2f2f2f2f2f
       124  ZZZZZZZZZZZZZZZZ  5a5a5a5a5a5a5a5a5a5a5a5a5a5a5a5a
       122  ................  02020202020202020202020202020202
       101  ................  fbfbfbfbfbfbfbfbfbfbfbfbfbfbfbfb
        99  ================  3d3d3d3d3d3d3d3d3d3d3d3d3d3d3d3d
# epoch 2750  H=7.8229 C=7.6346 HO=0.1233  A(t)=293
       641  ,,,,,,,,,,,,,,,,  2c2c2c2c2c2c2c2c2c2c2c2c2c2c2c2c
       470  [[[[[[[[[[[[[[[[  5b5b5b5b5b5b5b5b5b5b5b5b5b5b5b5b
       411  ]]]]]]]]]]]]]]]]  5d5d5d5d5d5d5d5d5d5d5d5d5d5d5d5d
       202  ................  2e2e2e2e2e2e2e2e2e2e2e2e2e2e2e2e
       120  ................  07070707070707070707070707070707
       120  ................  04040404040404040404040404040404
       103  ................  ffffffffffffffffffffffffffffffff
        96  ................  fefefefefefefefefefefefefefefefe
        92  ................  01010101010101010101010101010101
        86  ................  b2b2b2b2b2b2b2b2b2b2b2b2b2b2b2b2
# epoch 3000  H=7.8197 C=7.6219 HO=0.1313  A(t)=295
       515  [[[[[[[[[[[[[[[[  5b5b5b5b5b5b5b5b5b5b5b5b5b5b5b5b
       455  ,,,,,,,,,,,,,,,,  2c2c2c2c2c2c2c2c2c2c2c2c2c2c2c2c
       448  ]]]]]]]]]]]]]]]]  5d5d5d5d5d5d5d5d5d5d5d5d5d5d5d5d
       167  ................  2e2e2e2e2e2e2e2e2e2e2e2e2e2e2e2e
       116  ZZZZZZZZZZZZZZZZ  5a5a5a5a5a5a5a5a5a5a5a5a5a5a5a5a
       101  \\\\\\\\\\\\\\\\  5c5c5c5c5c5c5c5c5c5c5c5c5c5c5c5c
        99  ))))))))))))))))  29292929292929292929292929292929
        89  ////////////////  2f2f2f2f2f2f2f2f2f2f2f2f2f2f2f2f
        86  ................  f6f6f6f6f6f6f6f6f6f6f6f6f6f6f6f6
        86  KKKKKKKKKKKKKKKK  4b4b4b4b4b4b4b4b4b4b4b4b4b4b4b4b
# epoch 3250  H=7.8141 C=7.6085 HO=0.1394  A(t)=300
       643  ]]]]]]]]]]]]]]]]  5d5d5d5d5d5d5d5d5d5d5d5d5d5d5d5d
       638  [[[[[[[[[[[[[[[[  5b5b5b5b5b5b5b5b5b5b5b5b5b5b5b5b
       513  ,,,,,,,,,,,,,,,,  2c2c2c2c2c2c2c2c2c2c2c2c2c2c2c2c
       149  ................  2e2e2e2e2e2e2e2e2e2e2e2e2e2e2e2e
       143  ````````````````  60606060606060606060606060606060
       113  ................  12121212121212121212121212121212
       109  1111111111111111  31313131313131313131313131313131
        93  2222222222222222  32323232323232323232323232323232
        92  ////////////////  2f2f2f2f2f2f2f2f2f2f2f2f2f2f2f2f
        90  ................  01010101010101010101010101010101
# epoch 3500  H=7.8109 C=7.6071 HO=0.1385  A(t)=300
       702  [[[[[[[[[[[[[[[[  5b5b5b5b5b5b5b5b5b5b5b5b5b5b5b5b
       587  ,,,,,,,,,,,,,,,,  2c2c2c2c2c2c2c2c2c2c2c2c2c2c2c2c
       279  ]]]]]]]]]]]]]]]]  5d5d5d5d5d5d5d5d5d5d5d5d5d5d5d5d
       111  ................  08080808080808080808080808080808
       108  ................  2e2e2e2e2e2e2e2e2e2e2e2e2e2e2e2e
       104  YYYYYYYYYYYYYYYY  59595959595959595959595959595959
       103  ................  01010101010101010101010101010101
       102  ................  ffffffffffffffffffffffffffffffff
       100  ZZZZZZZZZZZZZZZZ  5a5a5a5a5a5a5a5a5a5a5a5a5a5a5a5a
        94  \\\\\\\\\\\\\\\\  5c5c5c5c5c5c5c5c5c5c5c5c5c5c5c5c
# epoch 3750  H=7.8096 C=7.6028 HO=0.1420  A(t)=300
       997  [[[[[[[[[[[[[[[[  5b5b5b5b5b5b5b5b5b5b5b5b5b5b5b5b
       872  ,,,,,,,,,,,,,,,,  2c2c2c2c2c2c2c2c2c2c2c2c2c2c2c2c
       343  ................  2e2e2e2e2e2e2e2e2e2e2e2e2e2e2e2e
       324  ]]]]]]]]]]]]]]]]  5d5d5d5d5d5d5d5d5d5d5d5d5d5d5d5d
       146  ................  01010101010101010101010101010101
       119  ________________  5f5f5f5f5f5f5f5f5f5f5f5f5f5f5f5f
       102  0000000000000000  30303030303030303030303030303030
        99  NNNNNNNNNNNNNNNN  4e4e4e4e4e4e4e4e4e4e4e4e4e4e4e4e
        93  ................  ebebebebebebebebebebebebebebebeb
        87  ................  fbfbfbfbfbfbfbfbfbfbfbfbfbfbfbfb
# epoch 4000  H=7.7996 C=7.5846 HO=0.1463  A(t)=303
       887  ,,,,,,,,,,,,,,,,  2c2c2c2c2c2c2c2c2c2c2c2c2c2c2c2c
       398  ]]]]]]]]]]]]]]]]  5d5d5d5d5d5d5d5d5d5d5d5d5d5d5d5d
       336  [[[[[[[[[[[[[[[[  5b5b5b5b5b5b5b5b5b5b5b5b5b5b5b5b
       274  ................  2e2e2e2e2e2e2e2e2e2e2e2e2e2e2e2e
       221  ZZZZZZZZZZZZZZZZ  5a5a5a5a5a5a5a5a5a5a5a5a5a5a5a5a
       204  \\\\\\\\\\\\\\\\  5c5c5c5c5c5c5c5c5c5c5c5c5c5c5c5c
       127  ................  02020202020202020202020202020202
       104  XXXXXXXXXXXXXXXX  58585858585858585858585858585858
       103  @@@@@@@@@@@@@@@@  40404040404040404040404040404040
        95  ................  b7b7b7b7b7b7b7b7b7b7b7b7b7b7b7b7
# epoch 4250  H=7.7931 C=7.5787 HO=0.1493  A(t)=303
       600  [[[[[[[[[[[[[[[[  5b5b5b5b5b5b5b5b5b5b5b5b5b5b5b5b
       441  ,,,,,,,,,,,,,,,,  2c2c2c2c2c2c2c2c2c2c2c2c2c2c2c2c
       382  ]]]]]]]]]]]]]]]]  5d5d5d5d5d5d5d5d5d5d5d5d5d5d5d5d
       147  ................  2e2e2e2e2e2e2e2e2e2e2e2e2e2e2e2e
       141  ................  01010101010101010101010101010101
       131  5555555555555555  35353535353535353535353535353535
       128  \\\\\\\\\\\\\\\\  5c5c5c5c5c5c5c5c5c5c5c5c5c5c5c5c
       121  RRRRRRRRRRRRRRRR  52525252525252525252525252525252
       118  ZZZZZZZZZZZZZZZZ  5a5a5a5a5a5a5a5a5a5a5a5a5a5a5a5a
        97  ................  0d0d0d0d0d0d0d0d0d0d0d0d0d0d0d0d
# epoch 4500  H=7.7912 C=7.5719 HO=0.1525  A(t)=305
       687  ,,,,,,,,,,,,,,,,  2c2c2c2c2c2c2c2c2c2c2c2c2c2c2c2c
       445  [[[[[[[[[[[[[[[[  5b5b5b5b5b5b5b5b5b5b5b5b5b5b5b5b
       411  ]]]]]]]]]]]]]]]]  5d5d5d5d5d5d5d5d5d5d5d5d5d5d5d5d
       221  ................  01010101010101010101010101010101
       154  \\\\\\\\\\\\\\\\  5c5c5c5c5c5c5c5c5c5c5c5c5c5c5c5c
       144  ................  2e2e2e2e2e2e2e2e2e2e2e2e2e2e2e2e
       144  ****************  2a2a2a2a2a2a2a2a2a2a2a2a2a2a2a2a
       135  <<<<<<<<<<<<<<<<  3c3c3c3c3c3c3c3c3c3c3c3c3c3c3c3c
       132  8888888888888888  38383838383838383838383838383838
        96  ................  ecececececececececececececececec
# epoch 4750  H=7.7906 C=7.5735 HO=0.1495  A(t)=306
       686  ]]]]]]]]]]]]]]]]  5d5d5d5d5d5d5d5d5d5d5d5d5d5d5d5d
       640  [[[[[[[[[[[[[[[[  5b5b5b5b5b5b5b5b5b5b5b5b5b5b5b5b
       484  ,,,,,,,,,,,,,,,,  2c2c2c2c2c2c2c2c2c2c2c2c2c2c2c2c
       272  ................  2e2e2e2e2e2e2e2e2e2e2e2e2e2e2e2e
       157  ))))))))))))))))  29292929292929292929292929292929
       138  ................  08080808080808080808080808080808
       123  ................  01010101010101010101010101010101
       120  ................  85858585858585858585858585858585
       111  2222222222222222  32323232323232323232323232323232
       108  ................  03030303030303030303030303030303
# epoch 5000  H=7.7881 C=7.5829 HO=0.1407  A(t)=311
       772  [[[[[[[[[[[[[[[[  5b5b5b5b5b5b5b5b5b5b5b5b5b5b5b5b
       651  ,,,,,,,,,,,,,,,,  2c2c2c2c2c2c2c2c2c2c2c2c2c2c2c2c
       418  ]]]]]]]]]]]]]]]]  5d5d5d5d5d5d5d5d5d5d5d5d5d5d5d5d
       176  \\\\\\\\\\\\\\\\  5c5c5c5c5c5c5c5c5c5c5c5c5c5c5c5c
       170  9999999999999999  39393939393939393939393939393939
       168  ................  2e2e2e2e2e2e2e2e2e2e2e2e2e2e2e2e
       124  ................  82828282828282828282828282828282
       113  SSSSSSSSSSSSSSSS  53535353535353535353535353535353
       105  CCCCCCCCCCCCCCCC  43434343434343434343434343434343
       100  ****************  2a2a2a2a2a2a2a2a2a2a2a2a2a2a2a2a
# epoch 5250  H=7.7877 C=7.5785 HO=0.1452  A(t)=311
       566  [[[[[[[[[[[[[[[[  5b5b5b5b5b5b5b5b5b5b5b5b5b5b5b5b
       552  ,,,,,,,,,,,,,,,,  2c2c2c2c2c2c2c2c2c2c2c2c2c2c2c2c
       289  ]]]]]]]]]]]]]]]]  5d5d5d5d5d5d5d5d5d5d5d5d5d5d5d5d
       207  ................  2e2e2e2e2e2e2e2e2e2e2e2e2e2e2e2e
       143  llllllllllllllll  6c6c6c6c6c6c6c6c6c6c6c6c6c6c6c6c
       125  ................  01010101010101010101010101010101
       119  \\\\\\\\\\\\\\\\  5c5c5c5c5c5c5c5c5c5c5c5c5c5c5c5c
       109  7777777777777777  37373737373737373737373737373737
       108  ================  3d3d3d3d3d3d3d3d3d3d3d3d3d3d3d3d
       105  1111111111111111  31313131313131313131313131313131
# epoch 5500  H=7.7895 C=7.5859 HO=0.1390  A(t)=313
       661  ,,,,,,,,,,,,,,,,  2c2c2c2c2c2c2c2c2c2c2c2c2c2c2c2c
       450  [[[[[[[[[[[[[[[[  5b5b5b5b5b5b5b5b5b5b5b5b5b5b5b5b
       409  ]]]]]]]]]]]]]]]]  5d5d5d5d5d5d5d5d5d5d5d5d5d5d5d5d
       164  ................  2e2e2e2e2e2e2e2e2e2e2e2e2e2e2e2e
       143  ................  81818181818181818181818181818181
       142  \\\\\\\\\\\\\\\\  5c5c5c5c5c5c5c5c5c5c5c5c5c5c5c5c
       114  ++++++++++++++++  2b2b2b2b2b2b2b2b2b2b2b2b2b2b2b2b
       107  ZZZZZZZZZZZZZZZZ  5a5a5a5a5a5a5a5a5a5a5a5a5a5a5a5a
       104  ################  23232323232323232323232323232323
       103  ................  ffffffffffffffffffffffffffffffff
# epoch 5750  H=7.7879 C=7.5720 HO=0.1467  A(t)=314
       599  ,,,,,,,,,,,,,,,,  2c2c2c2c2c2c2c2c2c2c2c2c2c2c2c2c
       523  [[[[[[[[[[[[[[[[  5b5b5b5b5b5b5b5b5b5b5b5b5b5b5b5b
       256  ]]]]]]]]]]]]]]]]  5d5d5d5d5d5d5d5d5d5d5d5d5d5d5d5d
       209  \\\\\\\\\\\\\\\\  5c5c5c5c5c5c5c5c5c5c5c5c5c5c5c5c
       158  ................  2e2e2e2e2e2e2e2e2e2e2e2e2e2e2e2e
       152  ................  ffffffffffffffffffffffffffffffff
       147  <<<<<<<<<<<<<<<<  3c3c3c3c3c3c3c3c3c3c3c3c3c3c3c3c
       117  yyyyyyyyyyyyyyyy  79797979797979797979797979797979
       109  ................  01010101010101010101010101010101
       105  ^^^^^^^^^^^^^^^^  5e5e5e5e5e5e5e5e5e5e5e5e5e5e5e5e
# epoch 6000  H=7.7857 C=7.5683 HO=0.1519  A(t)=314
       441  ]]]]]]]]]]]]]]]]  5d5d5d5d5d5d5d5d5d5d5d5d5d5d5d5d
       398  ,,,,,,,,,,,,,,,,  2c2c2c2c2c2c2c2c2c2c2c2c2c2c2c2c
       356  [[[[[[[[[[[[[[[[  5b5b5b5b5b5b5b5b5b5b5b5b5b5b5b5b
       296  ................  2e2e2e2e2e2e2e2e2e2e2e2e2e2e2e2e
       199  \\\\\\\\\\\\\\\\  5c5c5c5c5c5c5c5c5c5c5c5c5c5c5c5c
       140  ZZZZZZZZZZZZZZZZ  5a5a5a5a5a5a5a5a5a5a5a5a5a5a5a5a
       133  ................  01010101010101010101010101010101
       121  ................  02020202020202020202020202020202
       110  ................  80808080808080808080808080808080
       110  ^^^^^^^^^^^^^^^^  5e5e5e5e5e5e5e5e5e5e5e5e5e5e5e5e
# epoch 6250  H=7.7885 C=7.5787 HO=0.1470  A(t)=314
       613  ,,,,,,,,,,,,,,,,  2c2c2c2c2c2c2c2c2c2c2c2c2c2c2c2c
       595  [[[[[[[[[[[[[[[[  5b5b5b5b5b5b5b5b5b5b5b5b5b5b5b5b
       515  ]]]]]]]]]]]]]]]]  5d5d5d5d5d5d5d5d5d5d5d5d5d5d5d5d
       271  \\\\\\\\\\\\\\\\  5c5c5c5c5c5c5c5c5c5c5c5c5c5c5c5c
       192  ................  02020202020202020202020202020202
       177  ZZZZZZZZZZZZZZZZ  5a5a5a5a5a5a5a5a5a5a5a5a5a5a5a5a
       131  ................  06060606060606060606060606060606
       118  ................  eaeaeaeaeaeaeaeaeaeaeaeaeaeaeaea
       115  ................  fafafafafafafafafafafafafafafafa
       104  ................  2e2e2e2e2e2e2e2e2e2e2e2e2e2e2e2e
# epoch 6500  H=7.7929 C=7.5802 HO=0.1448  A(t)=314
       506  ]]]]]]]]]]]]]]]]  5d5d5d5d5d5d5d5d5d5d5d5d5d5d5d5d
       498  [[[[[[[[[[[[[[[[  5b5b5b5b5b5b5b5b5b5b5b5b5b5b5b5b
       430  ,,,,,,,,,,,,,,,,  2c2c2c2c2c2c2c2c2c2c2c2c2c2c2c2c
       215  ................  01010101010101010101010101010101
       177  ................  2e2e2e2e2e2e2e2e2e2e2e2e2e2e2e2e
       176  >>>>>>>>>>>>>>>>  3e3e3e3e3e3e3e3e3e3e3e3e3e3e3e3e
       154  ////////////////  2f2f2f2f2f2f2f2f2f2f2f2f2f2f2f2f
       153  \\\\\\\\\\\\\\\\  5c5c5c5c5c5c5c5c5c5c5c5c5c5c5c5c
       144  ZZZZZZZZZZZZZZZZ  5a5a5a5a5a5a5a5a5a5a5a5a5a5a5a5a
       139  NNNNNNNNNNNNNNNN  4e4e4e4e4e4e4e4e4e4e4e4e4e4e4e4e
# epoch 6750  H=7.7940 C=7.5778 HO=0.1508  A(t)=314
       602  [[[[[[[[[[[[[[[[  5b5b5b5b5b5b5b5b5b5b5b5b5b5b5b5b
       420  ,,,,,,,,,,,,,,,,  2c2c2c2c2c2c2c2c2c2c2c2c2c2c2c2c
       374  ]]]]]]]]]]]]]]]]  5d5d5d5d5d5d5d5d5d5d5d5d5d5d5d5d
       197  \\\\\\\\\\\\\\\\  5c5c5c5c5c5c5c5c5c5c5c5c5c5c5c5c
       165  ................  ffffffffffffffffffffffffffffffff
       127  KKKKKKKKKKKKKKKK  4b4b4b4b4b4b4b4b4b4b4b4b4b4b4b4b
       117  ................  fefefefefefefefefefefefefefefefe
       109  ................  2e2e2e2e2e2e2e2e2e2e2e2e2e2e2e2e
       106  ................  01010101010101010101010101010101
       102  ))))))))))))))))  29292929292929292929292929292929
# epoch 7000  H=7.7907 C=7.5775 HO=0.1482  A(t)=314
       550  ,,,,,,,,,,,,,,,,  2c2c2c2c2c2c2c2c2c2c2c2c2c2c2c2c
       537  ]]]]]]]]]]]]]]]]  5d5d5d5d5d5d5d5d5d5d5d5d5d5d5d5d
       373  [[[[[[[[[[[[[[[[  5b5b5b5b5b5b5b5b5b5b5b5b5b5b5b5b
       278  ................  2e2e2e2e2e2e2e2e2e2e2e2e2e2e2e2e
       146  ZZZZZZZZZZZZZZZZ  5a5a5a5a5a5a5a5a5a5a5a5a5a5a5a5a
       145  ................  0f0f0f0f0f0f0f0f0f0f0f0f0f0f0f0f
       144  ................  01010101010101010101010101010101
       135  \\\\\\\\\\\\\\\\  5c5c5c5c5c5c5c5c5c5c5c5c5c5c5c5c
       134  ................  ffffffffffffffffffffffffffffffff
       120  ................  9c9c9c9c9c9c9c9c9c9c9c9c9c9c9c9c
# epoch 7250  H=7.7849 C=7.5645 HO=0.1544  A(t)=314
       573  ,,,,,,,,,,,,,,,,  2c2c2c2c2c2c2c2c2c2c2c2c2c2c2c2c
       510  [[[[[[[[[[[[[[[[  5b5b5b5b5b5b5b5b5b5b5b5b5b5b5b5b
       402  ]]]]]]]]]]]]]]]]  5d5d5d5d5d5d5d5d5d5d5d5d5d5d5d5d
       180  ................  ffffffffffffffffffffffffffffffff
       146  ................  2e2e2e2e2e2e2e2e2e2e2e2e2e2e2e2e
       125  ||||||||||||||||  7c7c7c7c7c7c7c7c7c7c7c7c7c7c7c7c
       121  \\\\\\\\\\\\\\\\  5c5c5c5c5c5c5c5c5c5c5c5c5c5c5c5c
       116  ................  01010101010101010101010101010101
       111  ................  fefefefefefefefefefefefefefefefe
       102  @@@@@@@@@@@@@@@@  40404040404040404040404040404040
# epoch 7500  H=7.7809 C=7.5619 HO=0.1506  A(t)=316
       768  ,,,,,,,,,,,,,,,,  2c2c2c2c2c2c2c2c2c2c2c2c2c2c2c2c
       561  [[[[[[[[[[[[[[[[  5b5b5b5b5b5b5b5b5b5b5b5b5b5b5b5b
       521  ]]]]]]]]]]]]]]]]  5d5d5d5d5d5d5d5d5d5d5d5d5d5d5d5d
       251  ................  2e2e2e2e2e2e2e2e2e2e2e2e2e2e2e2e
       172  \\\\\\\\\\\\\\\\  5c5c5c5c5c5c5c5c5c5c5c5c5c5c5c5c
       151  YYYYYYYYYYYYYYYY  59595959595959595959595959595959
       146  ................  fcfcfcfcfcfcfcfcfcfcfcfcfcfcfcfc
       139  ................  ffffffffffffffffffffffffffffffff
       128  ................  01010101010101010101010101010101
       100  ----------------  2d2d2d2d2d2d2d2d2d2d2d2d2d2d2d2d
# epoch 7750  H=7.7789 C=7.5676 HO=0.1452  A(t)=316
       697  ,,,,,,,,,,,,,,,,  2c2c2c2c2c2c2c2c2c2c2c2c2c2c2c2c
       654  [[[[[[[[[[[[[[[[  5b5b5b5b5b5b5b5b5b5b5b5b5b5b5b5b
       554  ]]]]]]]]]]]]]]]]  5d5d5d5d5d5d5d5d5d5d5d5d5d5d5d5d
       194  \\\\\\\\\\\\\\\\  5c5c5c5c5c5c5c5c5c5c5c5c5c5c5c5c
       161  <<<<<<<<<<<<<<<<  3c3c3c3c3c3c3c3c3c3c3c3c3c3c3c3c
       114  ................  01010101010101010101010101010101
       108  @@@@@@@@@@@@@@@@  40404040404040404040404040404040
       107  ................  ffffffffffffffffffffffffffffffff
       102  ................  fefefefefefefefefefefefefefefefe
        96  5555555555555555  35353535353535353535353535353535
# epoch 8000  H=7.7704 C=7.5552 HO=0.1504  A(t)=316
       809  ,,,,,,,,,,,,,,,,  2c2c2c2c2c2c2c2c2c2c2c2c2c2c2c2c
       395  [[[[[[[[[[[[[[[[  5b5b5b5b5b5b5b5b5b5b5b5b5b5b5b5b
       335  ]]]]]]]]]]]]]]]]  5d5d5d5d5d5d5d5d5d5d5d5d5d5d5d5d
       205  ................  9d9d9d9d9d9d9d9d9d9d9d9d9d9d9d9d
       175  3333333333333333  33333333333333333333333333333333
       142  ????????????????  3f3f3f3f3f3f3f3f3f3f3f3f3f3f3f3f
       133  ................  fdfdfdfdfdfdfdfdfdfdfdfdfdfdfdfd
       124  BBBBBBBBBBBBBBBB  42424242424242424242424242424242
       115  0000000000000000  30303030303030303030303030303030
       114  ................  ffffffffffffffffffffffffffffffff
# epoch 8250  H=7.7725 C=7.5537 HO=0.1521  A(t)=316
       562  [[[[[[[[[[[[[[[[  5b5b5b5b5b5b5b5b5b5b5b5b5b5b5b5b
       514  ]]]]]]]]]]]]]]]]  5d5d5d5d5d5d5d5d5d5d5d5d5d5d5d5d
       474  ,,,,,,,,,,,,,,,,  2c2c2c2c2c2c2c2c2c2c2c2c2c2c2c2c
       176  AAAAAAAAAAAAAAAA  41414141414141414141414141414141
       143  ................  02020202020202020202020202020202
       135  ^^^^^^^^^^^^^^^^  5e5e5e5e5e5e5e5e5e5e5e5e5e5e5e5e
       105  ................  e9e9e9e9e9e9e9e9e9e9e9e9e9e9e9e9
       103  ////////////////  2f2f2f2f2f2f2f2f2f2f2f2f2f2f2f2f
        91  ................  05050505050505050505050505050505
        86  ................  95959595959595959595959595959595
# epoch 8500  H=7.7694 C=7.5348 HO=0.1676  A(t)=317
       633  ]]]]]]]]]]]]]]]]  5d5d5d5d5d5d5d5d5d5d5d5d5d5d5d5d
       621  ,,,,,,,,,,,,,,,,  2c2c2c2c2c2c2c2c2c2c2c2c2c2c2c2c
       513  [[[[[[[[[[[[[[[[  5b5b5b5b5b5b5b5b5b5b5b5b5b5b5b5b
       226  ................  2e2e2e2e2e2e2e2e2e2e2e2e2e2e2e2e
       205  ................  03030303030303030303030303030303
       165  ZZZZZZZZZZZZZZZZ  5a5a5a5a5a5a5a5a5a5a5a5a5a5a5a5a
       151  ................  01010101010101010101010101010101
       133  ................  fefefefefefefefefefefefefefefefe
       115  ................  80808080808080808080808080808080
       115  ________________  5f5f5f5f5f5f5f5f5f5f5f5f5f5f5f5f
# epoch 8750  H=7.7691 C=7.5544 HO=0.1493  A(t)=317
       731  ,,,,,,,,,,,,,,,,  2c2c2c2c2c2c2c2c2c2c2c2c2c2c2c2c
       584  ]]]]]]]]]]]]]]]]  5d5d5d5d5d5d5d5d5d5d5d5d5d5d5d5d
       554  [[[[[[[[[[[[[[[[  5b5b5b5b5b5b5b5b5b5b5b5b5b5b5b5b
       181  ................  01010101010101010101010101010101
       161  ;;;;;;;;;;;;;;;;  3b3b3b3b3b3b3b3b3b3b3b3b3b3b3b3b
       151  \\\\\\\\\\\\\\\\  5c5c5c5c5c5c5c5c5c5c5c5c5c5c5c5c
       134  ................  85858585858585858585858585858585
       129  ................  2e2e2e2e2e2e2e2e2e2e2e2e2e2e2e2e
       128  YYYYYYYYYYYYYYYY  59595959595959595959595959595959
       119  ================  3d3d3d3d3d3d3d3d3d3d3d3d3d3d3d3d
# epoch 9000  H=7.7639 C=7.5316 HO=0.1671  A(t)=317
       646  ,,,,,,,,,,,,,,,,  2c2c2c2c2c2c2c2c2c2c2c2c2c2c2c2c
       645  ]]]]]]]]]]]]]]]]  5d5d5d5d5d5d5d5d5d5d5d5d5d5d5d5d
       516  [[[[[[[[[[[[[[[[  5b5b5b5b5b5b5b5b5b5b5b5b5b5b5b5b
       230  \\\\\\\\\\\\\\\\  5c5c5c5c5c5c5c5c5c5c5c5c5c5c5c5c
       221  ................  2e2e2e2e2e2e2e2e2e2e2e2e2e2e2e2e
       204  WWWWWWWWWWWWWWWW  57575757575757575757575757575757
       200  ................  03030303030303030303030303030303
       173  ================  3d3d3d3d3d3d3d3d3d3d3d3d3d3d3d3d
       168  ................  ffffffffffffffffffffffffffffffff
       159  ................  01010101010101010101010101010101
# epoch 9250  H=7.7603 C=7.5383 HO=0.1570  A(t)=317
       953  ,,,,,,,,,,,,,,,,  2c2c2c2c2c2c2c2c2c2c2c2c2c2c2c2c
       495  [[[[[[[[[[[[[[[[  5b5b5b5b5b5b5b5b5b5b5b5b5b5b5b5b
       338  ]]]]]]]]]]]]]]]]  5d5d5d5d5d5d5d5d5d5d5d5d5d5d5d5d
       148  ................  2e2e2e2e2e2e2e2e2e2e2e2e2e2e2e2e
       131  ................  01010101010101010101010101010101
       126  \\\\\\\\\\\\\\\\  5c5c5c5c5c5c5c5c5c5c5c5c5c5c5c5c
       119  ^^^^^^^^^^^^^^^^  5e5e5e5e5e5e5e5e5e5e5e5e5e5e5e5e
       115  ;;;;;;;;;;;;;;;;  3b3b3b3b3b3b3b3b3b3b3b3b3b3b3b3b
       112  ................  07070707070707070707070707070707
       108  0000000000000000  30303030303030303030303030303030
# epoch 9500  H=5.7920 C=2.9141 HO=3.5641  A(t)=317
     14024  ..,..,......{WE.  19012c9af92cdf2e9a029b9a7b574589
     13957  .,..,......{WE.<  012c9af92cdf2e9a029b9a7b5745893c
     13764  [...,..,......{W  5bfe19012c9af92cdf2e9a029b9a7b57
     13747  .[...,..,......{  9b5bfe19012c9af92cdf2e9a029b9a7b
     13548  ...,..,......{WE  fe19012c9af92cdf2e9a029b9a7b5745
     13109  ,..,......{WE.<.  2c9af92cdf2e9a029b9a7b5745893cf3
     12008  ..,......{WE.<.2  9af92cdf2e9a029b9a7b5745893cf332
     10004  .,......{WE.<.2.  f92cdf2e9a029b9a7b5745893cf332e7
      7137  ,......{WE.<.2..  2cdf2e9a029b9a7b5745893cf332e72e
      4514  2.,@.........X..  32e72c40acdf2e012e9ac39a0258029b
# epoch 9750  H=5.0172 C=1.3136 HO=4.0647  A(t)=317
     14459  .E..<..@]>...[..  f345e7893cf32e405d3e2e9bfd5be5e5
     14437  ...{W.E..<..@]>.  df9a9b7b57f345e7893cf32e405d3e2e
     14350  ,...{W.E..<..@]>  2cdf9a9b7b57f345e7893cf32e405d3e
     13908  E..<..@]>...[..[  45e7893cf32e405d3e2e9bfd5be5e55b
     13833  ..{W.E..<..@]>..  9a9b7b57f345e7893cf32e405d3e2e9b
     13676  {W.E..<..@]>...[  7b57f345e7893cf32e405d3e2e9bfd5b
     13396  .{W.E..<..@]>...  9b7b57f345e7893cf32e405d3e2e9bfd
     12648  W.E..<..@]>...[.  57f345e7893cf32e405d3e2e9bfd5be5
     12345  ..<..@]>...[..[,  e7893cf32e405d3e2e9bfd5be5e55b2c
     12177  ,..,...{W.E..<..  2c9af92cdf9a9b7b57f345e7893cf32e
# epoch 10000  H=5.2843 C=1.4009 HO=4.3358  A(t)=317
      6708  .{W.E..<..@]>...  9b7b57f345e7893cf32e405d3e2e9bfd
      6315  {W.E..<..@]>...[  7b57f345e7893cf32e405d3e2e9bfd5b
      6251  .E..<..@]>...[..  f345e7893cf32e405d3e2e9bfd5be5e5
      5837  E..<..@]>...[..[  45e7893cf32e405d3e2e9bfd5be5e55b
      5663  ,..,...{W.E..<..  2c9af92cdf9a9b7b57f345e7893cf32e
      5466  ..{W.E..<..@]>..  9a9b7b57f345e7893cf32e405d3e2e9b
      5387  .,..,...{W.E..<.  012c9af92cdf9a9b7b57f345e7893cf3
      5268  W.E..<..@]>...[.  57f345e7893cf32e405d3e2e9bfd5be5
      5086  ,...{W.E..<..@]>  2cdf9a9b7b57f345e7893cf32e405d3e
      4746  ..<..@]>...[..[,  e7893cf32e405d3e2e9bfd5be5e55b2c
# epoch 10250  H=5.4971 C=1.4650 HO=4.5478  A(t)=317
      4651  .{W.E..<..@]>...  9b7b57f345e7893cf32e405d3e2e9bfd
      4501  ..{W.E..<..@]>..  9a9b7b57f345e7893cf32e405d3e2e9b
      4488  {W.E..<..@]>...[  7b57f345e7893cf32e405d3e2e9bfd5b
      3769  ...{W.E..<..@]>.  df9a9b7b57f345e7893cf32e405d3e2e
      3732  .E..<..@]>...[..  f345e7893cf32e405d3e2e9bfd5be5e5
      3665  W.E..<..@]>...[.  57f345e7893cf32e405d3e2e9bfd5be5
      3540  ,...{W.E..<..@]>  2cdf9a9b7b57f345e7893cf32e405d3e
      3261  E..<..@]>...[..[  45e7893cf32e405d3e2e9bfd5be5e55b
      2425  ..<..@]>...[..[,  e7893cf32e405d3e2e9bfd5be5e55b2c
      2189  ,..,...{W.E..<..  2c9af92cdf9a9b7b57f345e7893cf32e
# epoch 10500  H=5.6750 C=1.4398 HO=4.7161  A(t)=412
      2043  .{W.E..<..@]>...  9b7b57f345e7893cf32e405d3e2e9bfd
      1856  {W.E..<..@]>...[  7b57f345e7893cf32e405d3e2e9bfd5b
      1744  W.E..<..@]>...[.  57f345e7893cf32e405d3e2e9bfd5be5
      1667  ..{W.E..<..@]>..  9a9b7b57f345e7893cf32e405d3e2e9b
      1596  ,...{W.E..<..@]>  2cdf9a9b7b57f345e7893cf32e405d3e
      1561  ...{W.E..<..@]>.  df9a9b7b57f345e7893cf32e405d3e2e
      1525  .E..<..@]>...[..  f345e7893cf32e405d3e2e9bfd5be5e5
      1424  E..<..@]>...[..[  45e7893cf32e405d3e2e9bfd5be5e55b
      1405  ..,..,...{W.E..<  19012c9a0f2cdf9a9b7b57f345e7893c
      1351  ...,..,...{W.E..  9a19012c9a0f2cdf9a9b7b57f345e789
# epoch 10750  H=5.8384 C=1.4266 HO=4.8998  A(t)=979
      1244  .E..<..@]>...[..  f345e7893cf32e405d3e2e9bfd5be5e5
      1225  .{W.E..<..@]>...  9b7b57f345e7893cf32e405d3e2e9bfd
      1149  {W.E..<..@]>...[  7b57f345e7893cf32e405d3e2e9bfd5b
      1137  W.E..<..@]>...[.  57f345e7893cf32e405d3e2e9bfd5be5
      1124  ..{W.E..<...]>..  9a9b7b57f345e7893cf32e805d3e2e9b
      1124  ...{W.E..<...]>.  959a9b7b57f345e7893cf32e805d3e2e
      1000  E..<..@]>...[..p  45e7893cf32e405d3e2e9bfd5be5e570
       988  {W....<..@]>...[  7b57f387e7893cf32e405d3e2e9ce45b
       986  .,5..{W.E..<..@]  0f2c359aee7b57f345e7893cf32e405d
       978  .@]>...[....@...  2e405d3e2e9bfd5be5e597f540c32edf
# epoch 11000  H=6.0378 C=1.4142 HO=5.1015  A(t)=1280
      1516  .{..E..<..@]>...  9b7b8cf345e7033cf32e405d3e2e9b2e
      1455  ..{..E..<..@]>..  c69b7b8cf345e7033cf32e405d3e2e9b
      1418  ...{..E..<..@]>.  dfc69b7b8cf345e7033cf32e405d3e2e
      1390  M...{..E..<..@]>  4ddfc69b7b8cf345e7033cf32e405d3e
      1362  .M...{..E..<..@]  f94ddfc69b7b8cf345e7033cf32e405d
      1333  {..E..<..@]>...[  7b8cf345e7033cf32e405d3e2e9b2e5b
      1017  ,..,...{W.E..<9.  2c9a0f2cdf9a9b7b57fb45e7893c392e
       983  ,...{W.E..<9.@]>  2cdf9a9b7b57fb45e7893c392e405d3e
       982  .[...,..,...I..{  9b5bfe19012c9af92cd42e9a49c99a7b
       979  ..,...{W.E..<9.@  9a0f2cdf9a9b7b57fb45e7893c392e40
