# epoch 0  H=7.9999 C=8.0025 HO=-0.0001  A(t)=0
         1  ....n....._t..^y  fffffafa6edabbc48daa5f74b5c75e79
         1  ......p......e..  fffff08b1aaa700904ac1defbd65d1a3
         1  ...w./0.&M."..n.  ffffed77822f30d8264df02294db6ede
         1  .......W~....:.+  ffffecc70fb8dd577ea5c1fb183ac62b
         1  .....8I.o.+".Q.S  ffffdb0aa63849ee6feb2b22de51e753
         1  ...E....N}W..^.l  ffffd445c47f9af54e7d5719f75efb6c
         1  ...3..)T#.c.^...  ffffd133e7e92954238563a35eeeabc4
         1  ...}...M/..G@.i.  ffffbc7dd6b2c34d2fa2a74740e269a6
         1  ...m..VU....g.w.  ffffaa6d91a25655d3a90fb9671577f1
         1  ...CU....."...(.  ffffa943551dcdc402ac22a1e29828e0
# epoch 250  H=7.9986 C=7.9596 HO=-0.0014  A(t)=0
       282  ]]]]]]]]]]]]]]]]  5d5d5d5d5d5d5d5d5d5d5d5d5d5d5d5d
       231  [[[[[[[[[[[[[[[[  5b5b5b5b5b5b5b5b5b5b5b5b5b5b5b5b
       196  ................  82828282828282828282828282828282
       103  ................  2e2e2e2e2e2e2e2e2e2e2e2e2e2e2e2e
        83  ,,,,,,,,,,,,,,,,  2c2c2c2c2c2c2c2c2c2c2c2c2c2c2c2c
        74  qqqqqqqqqqqqqqqq  71717171717171717171717171717171
        72  ................  8f8f8f8f8f8f8f8f8f8f8f8f8f8f8f8f
        56  ................  ffffffffffffffffffffffffffffffff
        43  ................  96969696969696969696969696969696
        41  ................  aeaeaeaeaeaeaeaeaeaeaeaeaeaeaeae
# epoch 500  H=7.9971 C=7.9426 HO=-0.0029  A(t)=0
       272  [[[[[[[[[[[[[[[[  5b5b5b5b5b5b5b5b5b5b5b5b5b5b5b5b
       215  ]]]]]]]]]]]]]]]]  5d5d5d5d5d5d5d5d5d5d5d5d5d5d5d5d
       181  ,,,,,,,,,,,,,,,,  2c2c2c2c2c2c2c2c2c2c2c2c2c2c2c2c
        97  ................  2e2e2e2e2e2e2e2e2e2e2e2e2e2e2e2e
        61  {{{{{{{{{{{{{{{{  7b7b7b7b7b7b7b7b7b7b7b7b7b7b7b7b
        58  ................  89898989898989898989898989898989
        52  ................  ffffffffffffffffffffffffffffffff
        45  ssssssssssssssss  73737373737373737373737373737373
        44  ................  fbfbfbfbfbfbfbfbfbfbfbfbfbfbfbfb
        44  ................  a7a7a7a7a7a7a7a7a7a7a7a7a7a7a7a7
# epoch 750  H=7.9957 C=7.9321 HO=0.0586  A(t)=0
       182  [[[[[[[[[[[[[[[[  5b5b5b5b5b5b5b5b5b5b5b5b5b5b5b5b
       180  ,,,,,,,,,,,,,,,,  2c2c2c2c2c2c2c2c2c2c2c2c2c2c2c2c
       169  ]]]]]]]]]]]]]]]]  5d5d5d5d5d5d5d5d5d5d5d5d5d5d5d5d
        82  {{{{{{{{{{{{{{{{  7b7b7b7b7b7b7b7b7b7b7b7b7b7b7b7b
        67  ................  0b0b0b0b0b0b0b0b0b0b0b0b0b0b0b0b
        66  ................  2e2e2e2e2e2e2e2e2e2e2e2e2e2e2e2e
        56  <<<<<<<<<<<<<<<<  3c3c3c3c3c3c3c3c3c3c3c3c3c3c3c3c
        54  ================  3d3d3d3d3d3d3d3d3d3d3d3d3d3d3d3d
        47  ................  f7f7f7f7f7f7f7f7f7f7f7f7f7f7f7f7
        47  ................  12121212121212121212121212121212
# epoch 1000  H=7.9941 C=7.9242 HO=0.0610  A(t)=0
       292  ]]]]]]]]]]]]]]]]  5d5d5d5d5d5d5d5d5d5d5d5d5d5d5d5d
       209  ,,,,,,,,,,,,,,,,  2c2c2c2c2c2c2c2c2c2c2c2c2c2c2c2c
       111  ................  2e2e2e2e2e2e2e2e2e2e2e2e2e2e2e2e
        78  [[[[[[[[[[[[[[[[  5b5b5b5b5b5b5b5b5b5b5b5b5b5b5b5b
        73  >>>>>>>>>>>>>>>>  3e3e3e3e3e3e3e3e3e3e3e3e3e3e3e3e
        72  ................  cacacacacacacacacacacacacacacaca
        51  <<<<<<<<<<<<<<<<  3c3c3c3c3c3c3c3c3c3c3c3c3c3c3c3c
        50  ZZZZZZZZZZZZZZZZ  5a5a5a5a5a5a5a5a5a5a5a5a5a5a5a5a
        42  ................  01010101010101010101010101010101
        41  UUUUUUUUUUUUUUUU  55555555555555555555555555555555
# epoch 1250  H=7.9928 C=7.9176 HO=0.0639  A(t)=123
       238  ,,,,,,,,,,,,,,,,  2c2c2c2c2c2c2c2c2c2c2c2c2c2c2c2c
       220  ]]]]]]]]]]]]]]]]  5d5d5d5d5d5d5d5d5d5d5d5d5d5d5d5d
       153  [[[[[[[[[[[[[[[[  5b5b5b5b5b5b5b5b5b5b5b5b5b5b5b5b
        81  <<<<<<<<<<<<<<<<  3c3c3c3c3c3c3c3c3c3c3c3c3c3c3c3c
        55  ................  ffffffffffffffffffffffffffffffff
        55  }}}}}}}}}}}}}}}}  7d7d7d7d7d7d7d7d7d7d7d7d7d7d7d7d
        53  ................  f0f0f0f0f0f0f0f0f0f0f0f0f0f0f0f0
        53  ................  2e2e2e2e2e2e2e2e2e2e2e2e2e2e2e2e
        46  XXXXXXXXXXXXXXXX  58585858585858585858585858585858
        38  ................  fbfbfbfbfbfbfbfbfbfbfbfbfbfbfbfb
# epoch 1500  H=7.9918 C=7.9116 HO=0.0659  A(t)=145
       247  ,,,,,,,,,,,,,,,,  2c2c2c2c2c2c2c2c2c2c2c2c2c2c2c2c
       212  ]]]]]]]]]]]]]]]]  5d5d5d5d5d5d5d5d5d5d5d5d5d5d5d5d
       127  [[[[[[[[[[[[[[[[  5b5b5b5b5b5b5b5b5b5b5b5b5b5b5b5b
        84  ................  2e2e2e2e2e2e2e2e2e2e2e2e2e2e2e2e
        51  ................  e3e3e3e3e3e3e3e3e3e3e3e3e3e3e3e3
        50  \\\\\\\\\\\\\\\\  5c5c5c5c5c5c5c5c5c5c5c5c5c5c5c5c
        49  ................  85858585858585858585858585858585
        44  XXXXXXXXXXXXXXXX  58585858585858585858585858585858
        43  gggggggggggggggg  67676767676767676767676767676767
        40  cccccccccccccccc  63636363636363636363636363636363
# epoch 1750  H=7.9910 C=7.9105 HO=0.0640  A(t)=158
       154  [[[[[[[[[[[[[[[[  5b5b5b5b5b5b5b5b5b5b5b5b5b5b5b5b
       132  ]]]]]]]]]]]]]]]]  5d5d5d5d5d5d5d5d5d5d5d5d5d5d5d5d
       128  ,,,,,,,,,,,,,,,,  2c2c2c2c2c2c2c2c2c2c2c2c2c2c2c2c
        68  ................  2e2e2e2e2e2e2e2e2e2e2e2e2e2e2e2e
        49  ................  17171717171717171717171717171717
        47  qqqqqqqqqqqqqqqq  71717171717171717171717171717171
        44  ................  c2c2c2c2c2c2c2c2c2c2c2c2c2c2c2c2
        42  ................  ffffffffffffffffffffffffffffffff
        40  >>>>>>>>>>>>>>>>  3e3e3e3e3e3e3e3e3e3e3e3e3e3e3e3e
        39  ................  9b9b9b9b9b9b9b9b9b9b9b9b9b9b9b9b
# epoch 2000  H=7.9903 C=7.9090 HO=0.0620  A(t)=168
       174  ,,,,,,,,,,,,,,,,  2c2c2c2c2c2c2c2c2c2c2c2c2c2c2c2c
       157  [[[[[[[[[[[[[[[[  5b5b5b5b5b5b5b5b5b5b5b5b5b5b5b5b
       106  ]]]]]]]]]]]]]]]]  5d5d5d5d5d5d5d5d5d5d5d5d5d5d5d5d
       100  ................  fefefefefefefefefefefefefefefefe
        74  >>>>>>>>>>>>>>>>  3e3e3e3e3e3e3e3e3e3e3e3e3e3e3e3e
        58  ................  91919191919191919191919191919191
        57  ^^^^^^^^^^^^^^^^  5e5e5e5e5e5e5e5e5e5e5e5e5e5e5e5e
        53  ................  2e2e2e2e2e2e2e2e2e2e2e2e2e2e2e2e
        52  }}}}}}}}}}}}}}}}  7d7d7d7d7d7d7d7d7d7d7d7d7d7d7d7d
        46  ................  ebebebebebebebebebebebebebebebeb
# epoch 2250  H=7.9895 C=7.9073 HO=0.0624  A(t)=182
        90  ,,,,,,,,,,,,,,,,  2c2c2c2c2c2c2c2c2c2c2c2c2c2c2c2c
        83  [[[[[[[[[[[[[[[[  5b5b5b5b5b5b5b5b5b5b5b5b5b5b5b5b
        76  <<<<<<<<<<<<<<<<  3c3c3c3c3c3c3c3c3c3c3c3c3c3c3c3c
        67  ]]]]]]]]]]]]]]]]  5d5d5d5d5d5d5d5d5d5d5d5d5d5d5d5d
        54  }}}}}}}}}}}}}}}}  7d7d7d7d7d7d7d7d7d7d7d7d7d7d7d7d
        51  ))))))))))))))))  29292929292929292929292929292929
        48  ................  e4e4e4e4e4e4e4e4e4e4e4e4e4e4e4e4
        47  ................  c1c1c1c1c1c1c1c1c1c1c1c1c1c1c1c1
        47  >>>>>>>>>>>>>>>>  3e3e3e3e3e3e3e3e3e3e3e3e3e3e3e3e
        47  ................  2e2e2e2e2e2e2e2e2e2e2e2e2e2e2e2e
# epoch 2500  H=7.9889 C=7.9102 HO=0.0596  A(t)=199
       129  ,,,,,,,,,,,,,,,,  2c2c2c2c2c2c2c2c2c2c2c2c2c2c2c2c
       108  [[[[[[[[[[[[[[[[  5b5b5b5b5b5b5b5b5b5b5b5b5b5b5b5b
       104  ]]]]]]]]]]]]]]]]  5d5d5d5d5d5d5d5d5d5d5d5d5d5d5d5d
        72  >>>>>>>>>>>>>>>>  3e3e3e3e3e3e3e3e3e3e3e3e3e3e3e3e
        61  ................  86868686868686868686868686868686
        57  ................  f7f7f7f7f7f7f7f7f7f7f7f7f7f7f7f7
        57  <<<<<<<<<<<<<<<<  3c3c3c3c3c3c3c3c3c3c3c3c3c3c3c3c
        55  ................  c1c1c1c1c1c1c1c1c1c1c1c1c1c1c1c1
        53  qqqqqqqqqqqqqqqq  71717171717171717171717171717171
        48  ................  ffffffffffffffffffffffffffffffff
# epoch 2750  H=7.9880 C=7.9044 HO=0.0628  A(t)=206
       168  ,,,,,,,,,,,,,,,,  2c2c2c2c2c2c2c2c2c2c2c2c2c2c2c2c
       142  ]]]]]]]]]]]]]]]]  5d5d5d5d5d5d5d5d5d5d5d5d5d5d5d5d
        64  ................  86868686868686868686868686868686
        64  <<<<<<<<<<<<<<<<  3c3c3c3c3c3c3c3c3c3c3c3c3c3c3c3c
        60  ................  bbbbbbbbbbbbbbbbbbbbbbbbbbbbbbbb
        60  ................  97979797979797979797979797979797
        57  ................  2e2e2e2e2e2e2e2e2e2e2e2e2e2e2e2e
        54  [[[[[[[[[[[[[[[[  5b5b5b5b5b5b5b5b5b5b5b5b5b5b5b5b
        51  MMMMMMMMMMMMMMMM  4d4d4d4d4d4d4d4d4d4d4d4d4d4d4d4d
        49  ................  fbfbfbfbfbfbfbfbfbfbfbfbfbfbfbfb
# epoch 3000  H=7.9873 C=7.9031 HO=0.0642  A(t)=212
       286  ]]]]]]]]]]]]]]]]  5d5d5d5d5d5d5d5d5d5d5d5d5d5d5d5d
       121  [[[[[[[[[[[[[[[[  5b5b5b5b5b5b5b5b5b5b5b5b5b5b5b5b
        88  ................  2e2e2e2e2e2e2e2e2e2e2e2e2e2e2e2e
        72  ,,,,,,,,,,,,,,,,  2c2c2c2c2c2c2c2c2c2c2c2c2c2c2c2c
        64  ................  86868686868686868686868686868686
        55  ................  99999999999999999999999999999999
        55  >>>>>>>>>>>>>>>>  3e3e3e3e3e3e3e3e3e3e3e3e3e3e3e3e
        50  ................  97979797979797979797979797979797
        47  ................  aeaeaeaeaeaeaeaeaeaeaeaeaeaeaeae
        46  ................  b3b3b3b3b3b3b3b3b3b3b3b3b3b3b3b3
# epoch 3250  H=7.9868 C=7.9044 HO=0.0619  A(t)=219
       180  ]]]]]]]]]]]]]]]]  5d5d5d5d5d5d5d5d5d5d5d5d5d5d5d5d
       157  [[[[[[[[[[[[[[[[  5b5b5b5b5b5b5b5b5b5b5b5b5b5b5b5b
       110  }}}}}}}}}}}}}}}}  7d7d7d7d7d7d7d7d7d7d7d7d7d7d7d7d
        99  ,,,,,,,,,,,,,,,,  2c2c2c2c2c2c2c2c2c2c2c2c2c2c2c2c
        98  ................  2e2e2e2e2e2e2e2e2e2e2e2e2e2e2e2e
        53  ................  e7e7e7e7e7e7e7e7e7e7e7e7e7e7e7e7
        46  ................  17171717171717171717171717171717
        42  <<<<<<<<<<<<<<<<  3c3c3c3c3c3c3c3c3c3c3c3c3c3c3c3c
        41  ................  a7a7a7a7a7a7a7a7a7a7a7a7a7a7a7a7
        41  >>>>>>>>>>>>>>>>  3e3e3e3e3e3e3e3e3e3e3e3e3e3e3e3e
# epoch 3500  H=7.9860 C=7.9058 HO=0.0591  A(t)=229
       163  [[[[[[[[[[[[[[[[  5b5b5b5b5b5b5b5b5b5b5b5b5b5b5b5b
       140  ,,,,,,,,,,,,,,,,  2c2c2c2c2c2c2c2c2c2c2c2c2c2c2c2c
        94  ]]]]]]]]]]]]]]]]  5d5d5d5d5d5d5d5d5d5d5d5d5d5d5d5d
        77  ................  97979797979797979797979797979797
        67  ................  2e2e2e2e2e2e2e2e2e2e2e2e2e2e2e2e
        60  dddddddddddddddd  64646464646464646464646464646464
        49  ................  b8b8b8b8b8b8b8b8b8b8b8b8b8b8b8b8
        49  <<<<<<<<<<<<<<<<  3c3c3c3c3c3c3c3c3c3c3c3c3c3c3c3c
        46  ................  17171717171717171717171717171717
        44  ................  c8c8c8c8c8c8c8c8c8c8c8c8c8c8c8c8
# epoch 3750  H=7.9852 C=7.9000 HO=0.0648  A(t)=233
       149  ]]]]]]]]]]]]]]]]  5d5d5d5d5d5d5d5d5d5d5d5d5d5d5d5d
       146  [[[[[[[[[[[[[[[[  5b5b5b5b5b5b5b5b5b5b5b5b5b5b5b5b
       118  ,,,,,,,,,,,,,,,,  2c2c2c2c2c2c2c2c2c2c2c2c2c2c2c2c
       109  ................  ffffffffffffffffffffffffffffffff
       109  ................  2e2e2e2e2e2e2e2e2e2e2e2e2e2e2e2e
        76  ????????????????  3f3f3f3f3f3f3f3f3f3f3f3f3f3f3f3f
        74  ~~~~~~~~~~~~~~~~  7e7e7e7e7e7e7e7e7e7e7e7e7e7e7e7e
        74  >>>>>>>>>>>>>>>>  3e3e3e3e3e3e3e3e3e3e3e3e3e3e3e3e
        49  ................  97979797979797979797979797979797
        49  ................  80808080808080808080808080808080
# epoch 4000  H=7.9849 C=7.8974 HO=0.0656  A(t)=238
       220  ,,,,,,,,,,,,,,,,  2c2c2c2c2c2c2c2c2c2c2c2c2c2c2c2c
       119  ================  3d3d3d3d3d3d3d3d3d3d3d3d3d3d3d3d
       104  [[[[[[[[[[[[[[[[  5b5b5b5b5b5b5b5b5b5b5b5b5b5b5b5b
        91  ]]]]]]]]]]]]]]]]  5d5d5d5d5d5d5d5d5d5d5d5d5d5d5d5d
        79  ................  97979797979797979797979797979797
        69  ................  2e2e2e2e2e2e2e2e2e2e2e2e2e2e2e2e
        62  ................  00000000000000000000000000000000
        60  }}}}}}}}}}}}}}}}  7d7d7d7d7d7d7d7d7d7d7d7d7d7d7d7d
        57  ZZZZZZZZZZZZZZZZ  5a5a5a5a5a5a5a5a5a5a5a5a5a5a5a5a
        56  ................  ffffffffffffffffffffffffffffffff
# epoch 4250  H=7.9845 C=7.9021 HO=0.0623  A(t)=240
       139  [[[[[[[[[[[[[[[[  5b5b5b5b5b5b5b5b5b5b5b5b5b5b5b5b
       101  ,,,,,,,,,,,,,,,,  2c2c2c2c2c2c2c2c2c2c2c2c2c2c2c2c
        89  ................  2e2e2e2e2e2e2e2e2e2e2e2e2e2e2e2e
        80  ]]]]]]]]]]]]]]]]  5d5d5d5d5d5d5d5d5d5d5d5d5d5d5d5d
        59  ................  97979797979797979797979797979797
        51  ||||||||||||||||  7c7c7c7c7c7c7c7c7c7c7c7c7c7c7c7c
        44  ................  ffffffffffffffffffffffffffffffff
        35  yyyyyyyyyyyyyyyy  79797979797979797979797979797979
        34  ................  d2d2d2d2d2d2d2d2d2d2d2d2d2d2d2d2
        33  ................  f5f5f5f5f5f5f5f5f5f5f5f5f5f5f5f5
# epoch 4500  H=7.9842 C=7.9024 HO=0.0601  A(t)=242
       189  ................  2e2e2e2e2e2e2e2e2e2e2e2e2e2e2e2e
       155  [[[[[[[[[[[[[[[[  5b5b5b5b5b5b5b5b5b5b5b5b5b5b5b5b
        91  \\\\\\\\\\\\\\\\  5c5c5c5c5c5c5c5c5c5c5c5c5c5c5c5c
        83  ,,,,,,,,,,,,,,,,  2c2c2c2c2c2c2c2c2c2c2c2c2c2c2c2c
        76  <<<<<<<<<<<<<<<<  3c3c3c3c3c3c3c3c3c3c3c3c3c3c3c3c
        72  ................  ffffffffffffffffffffffffffffffff
        59  ................  97979797979797979797979797979797
        52  BBBBBBBBBBBBBBBB  42424242424242424242424242424242
        49  KKKKKKKKKKKKKKKK  4b4b4b4b4b4b4b4b4b4b4b4b4b4b4b4b
        48  ................  d8d8d8d8d8d8d8d8d8d8d8d8d8d8d8d8
# epoch 4750  H=7.9839 C=7.9040 HO=0.0591  A(t)=244
       128  [[[[[[[[[[[[[[[[  5b5b5b5b5b5b5b5b5b5b5b5b5b5b5b5b
       126  ,,,,,,,,,,,,,,,,  2c2c2c2c2c2c2c2c2c2c2c2c2c2c2c2c
       105  ]]]]]]]]]]]]]]]]  5d5d5d5d5d5d5d5d5d5d5d5d5d5d5d5d
        77  ................  2e2e2e2e2e2e2e2e2e2e2e2e2e2e2e2e
        73  <<<<<<<<<<<<<<<<  3c3c3c3c3c3c3c3c3c3c3c3c3c3c3c3c
        56  ................  ffffffffffffffffffffffffffffffff
        48  ................  08080808080808080808080808080808
        47  EEEEEEEEEEEEEEEE  45454545454545454545454545454545
        45  >>>>>>>>>>>>>>>>  3e3e3e3e3e3e3e3e3e3e3e3e3e3e3e3e
        43  ................  e0e0e0e0e0e0e0e0e0e0e0e0e0e0e0e0
# epoch 5000  H=7.9832 C=7.9005 HO=0.0606  A(t)=248
       176  ,,,,,,,,,,,,,,,,  2c2c2c2c2c2c2c2c2c2c2c2c2c2c2c2c
       129  [[[[[[[[[[[[[[[[  5b5b5b5b5b5b5b5b5b5b5b5b5b5b5b5b
       122  ]]]]]]]]]]]]]]]]  5d5d5d5d5d5d5d5d5d5d5d5d5d5d5d5d
       105  ................  dcdcdcdcdcdcdcdcdcdcdcdcdcdcdcdc
        85  ................  2e2e2e2e2e2e2e2e2e2e2e2e2e2e2e2e
        60  YYYYYYYYYYYYYYYY  59595959595959595959595959595959
        49  ................  e5e5e5e5e5e5e5e5e5e5e5e5e5e5e5e5
        49  ................  14141414141414141414141414141414
        48  mmmmmmmmmmmmmmmm  6d6d6d6d6d6d6d6d6d6d6d6d6d6d6d6d
        48  ................  08080808080808080808080808080808
# epoch 5250  H=7.9830 C=7.9007 HO=0.0614  A(t)=248
       207  [[[[[[[[[[[[[[[[  5b5b5b5b5b5b5b5b5b5b5b5b5b5b5b5b
       116  ]]]]]]]]]]]]]]]]  5d5d5d5d5d5d5d5d5d5d5d5d5d5d5d5d
        85  ,,,,,,,,,,,,,,,,  2c2c2c2c2c2c2c2c2c2c2c2c2c2c2c2c
        81  <<<<<<<<<<<<<<<<  3c3c3c3c3c3c3c3c3c3c3c3c3c3c3c3c
        74  0000000000000000  30303030303030303030303030303030
        73  ................  2e2e2e2e2e2e2e2e2e2e2e2e2e2e2e2e
        56  ................  01010101010101010101010101010101
        55  9999999999999999  39393939393939393939393939393939
        47  ................  0c0c0c0c0c0c0c0c0c0c0c0c0c0c0c0c
        38  ................  e2e2e2e2e2e2e2e2e2e2e2e2e2e2e2e2
# epoch 5500  H=7.9828 C=7.9015 HO=0.0610  A(t)=248
       171  [[[[[[[[[[[[[[[[  5b5b5b5b5b5b5b5b5b5b5b5b5b5b5b5b
       139  ,,,,,,,,,,,,,,,,  2c2c2c2c2c2c2c2c2c2c2c2c2c2c2c2c
       117  ................  2e2e2e2e2e2e2e2e2e2e2e2e2e2e2e2e
        96  ]]]]]]]]]]]]]]]]  5d5d5d5d5d5d5d5d5d5d5d5d5d5d5d5d
        93  <<<<<<<<<<<<<<<<  3c3c3c3c3c3c3c3c3c3c3c3c3c3c3c3c
        70  ################  23232323232323232323232323232323
        61  ................  c9c9c9c9c9c9c9c9c9c9c9c9c9c9c9c9
        49  ................  f0f0f0f0f0f0f0f0f0f0f0f0f0f0f0f0
        41  ................  ecececececececececececececececec
        41  ................  dcdcdcdcdcdcdcdcdcdcdcdcdcdcdcdc
# epoch 5750  H=7.9828 C=7.9034 HO=0.0587  A(t)=248
       130  ,,,,,,,,,,,,,,,,  2c2c2c2c2c2c2c2c2c2c2c2c2c2c2c2c
       117  [[[[[[[[[[[[[[[[  5b5b5b5b5b5b5b5b5b5b5b5b5b5b5b5b
       107  ................  2e2e2e2e2e2e2e2e2e2e2e2e2e2e2e2e
        71  ]]]]]]]]]]]]]]]]  5d5d5d5d5d5d5d5d5d5d5d5d5d5d5d5d
        65  5555555555555555  35353535353535353535353535353535
        57  ................  e1e1e1e1e1e1e1e1e1e1e1e1e1e1e1e1
        51  ................  d9d9d9d9d9d9d9d9d9d9d9d9d9d9d9d9
        51  ................  00000000000000000000000000000000
        46  ................  18181818181818181818181818181818
        45  HHHHHHHHHHHHHHHH  48484848484848484848484848484848
# epoch 6000  H=7.9828 C=7.9017 HO=0.0607  A(t)=249
       144  [[[[[[[[[[[[[[[[  5b5b5b5b5b5b5b5b5b5b5b5b5b5b5b5b
        72  ................  2e2e2e2e2e2e2e2e2e2e2e2e2e2e2e2e
        68  QQQQQQQQQQQQQQQQ  51515151515151515151515151515151
        64  ,,,,,,,,,,,,,,,,  2c2c2c2c2c2c2c2c2c2c2c2c2c2c2c2c
        64  ................  1e1e1e1e1e1e1e1e1e1e1e1e1e1e1e1e
        53  ((((((((((((((((  28282828282828282828282828282828
        52  ................  cdcdcdcdcdcdcdcdcdcdcdcdcdcdcdcd
        52  ................  88888888888888888888888888888888
        43  ................  afafafafafafafafafafafafafafafaf
        40  ................  18181818181818181818181818181818
# epoch 6250  H=7.9825 C=7.9016 HO=0.0580  A(t)=250
       120  ,,,,,,,,,,,,,,,,  2c2c2c2c2c2c2c2c2c2c2c2c2c2c2c2c
       101  [[[[[[[[[[[[[[[[  5b5b5b5b5b5b5b5b5b5b5b5b5b5b5b5b
        69  ................  cdcdcdcdcdcdcdcdcdcdcdcdcdcdcdcd
        65  ................  e3e3e3e3e3e3e3e3e3e3e3e3e3e3e3e3
        65  ]]]]]]]]]]]]]]]]  5d5d5d5d5d5d5d5d5d5d5d5d5d5d5d5d
        57  ................  ebebebebebebebebebebebebebebebeb
        56  ................  83838383838383838383838383838383
        55  ................  02020202020202020202020202020202
        49  ................  88888888888888888888888888888888
        47  WWWWWWWWWWWWWWWW  57575757575757575757575757575757
# epoch 6500  H=7.9823 C=7.9043 HO=0.0560  A(t)=250
       191  [[[[[[[[[[[[[[[[  5b5b5b5b5b5b5b5b5b5b5b5b5b5b5b5b
       126  ,,,,,,,,,,,,,,,,  2c2c2c2c2c2c2c2c2c2c2c2c2c2c2c2c
        51  ]]]]]]]]]]]]]]]]  5d5d5d5d5d5d5d5d5d5d5d5d5d5d5d5d
        50  ................  efefefefefefefefefefefefefefefef
        50  ................  88888888888888888888888888888888
        49  ................  96969696969696969696969696969696
        47  <<<<<<<<<<<<<<<<  3c3c3c3c3c3c3c3c3c3c3c3c3c3c3c3c
        43  ................  81818181818181818181818181818181
        40  ................  16161616161616161616161616161616
        40  ................  05050505050505050505050505050505
# epoch 6750  H=7.9819 C=7.9002 HO=0.0587  A(t)=250
       240  ,,,,,,,,,,,,,,,,  2c2c2c2c2c2c2c2c2c2c2c2c2c2c2c2c
       152  [[[[[[[[[[[[[[[[  5b5b5b5b5b5b5b5b5b5b5b5b5b5b5b5b
       103  ]]]]]]]]]]]]]]]]  5d5d5d5d5d5d5d5d5d5d5d5d5d5d5d5d
        88  <<<<<<<<<<<<<<<<  3c3c3c3c3c3c3c3c3c3c3c3c3c3c3c3c
        75  ................  b5b5b5b5b5b5b5b5b5b5b5b5b5b5b5b5
        74  ................  cccccccccccccccccccccccccccccccc
        72  ................  e3e3e3e3e3e3e3e3e3e3e3e3e3e3e3e3
        51  ________________  5f5f5f5f5f5f5f5f5f5f5f5f5f5f5f5f
        45  ++++++++++++++++  2b2b2b2b2b2b2b2b2b2b2b2b2b2b2b2b
        44  ................  e9e9e9e9e9e9e9e9e9e9e9e9e9e9e9e9
# epoch 7000  H=7.9818 C=7.8983 HO=0.0611  A(t)=251
       198  ,,,,,,,,,,,,,,,,  2c2c2c2c2c2c2c2c2c2c2c2c2c2c2c2c
       130  [[[[[[[[[[[[[[[[  5b5b5b5b5b5b5b5b5b5b5b5b5b5b5b5b
        84  <<<<<<<<<<<<<<<<  3c3c3c3c3c3c3c3c3c3c3c3c3c3c3c3c
        82  ................  b5b5b5b5b5b5b5b5b5b5b5b5b5b5b5b5
        78  ................  01010101010101010101010101010101
        57  ]]]]]]]]]]]]]]]]  5d5d5d5d5d5d5d5d5d5d5d5d5d5d5d5d
        56  }}}}}}}}}}}}}}}}  7d7d7d7d7d7d7d7d7d7d7d7d7d7d7d7d
        56  VVVVVVVVVVVVVVVV  56565656565656565656565656565656
        50  ................  e3e3e3e3e3e3e3e3e3e3e3e3e3e3e3e3
        48  OOOOOOOOOOOOOOOO  4f4f4f4f4f4f4f4f4f4f4f4f4f4f4f4f
# epoch 7250  H=7.9816 C=7.8977 HO=0.0622  A(t)=251
       139  [[[[[[[[[[[[[[[[  5b5b5b5b5b5b5b5b5b5b5b5b5b5b5b5b
       109  ,,,,,,,,,,,,,,,,  2c2c2c2c2c2c2c2c2c2c2c2c2c2c2c2c
       107  <<<<<<<<<<<<<<<<  3c3c3c3c3c3c3c3c3c3c3c3c3c3c3c3c
        98  }}}}}}}}}}}}}}}}  7d7d7d7d7d7d7d7d7d7d7d7d7d7d7d7d
        77  >>>>>>>>>>>>>>>>  3e3e3e3e3e3e3e3e3e3e3e3e3e3e3e3e
        65  2222222222222222  32323232323232323232323232323232
        62  ................  a0a0a0a0a0a0a0a0a0a0a0a0a0a0a0a0
        53  ................  96969696969696969696969696969696
        48  5555555555555555  35353535353535353535353535353535
        45  ................  17171717171717171717171717171717
# epoch 7500  H=7.9816 C=7.8965 HO=0.0607  A(t)=252
       120  ,,,,,,,,,,,,,,,,  2c2c2c2c2c2c2c2c2c2c2c2c2c2c2c2c
       111  ]]]]]]]]]]]]]]]]  5d5d5d5d5d5d5d5d5d5d5d5d5d5d5d5d
        80  ................  2e2e2e2e2e2e2e2e2e2e2e2e2e2e2e2e
        71  }}}}}}}}}}}}}}}}  7d7d7d7d7d7d7d7d7d7d7d7d7d7d7d7d
        63  [[[[[[[[[[[[[[[[  5b5b5b5b5b5b5b5b5b5b5b5b5b5b5b5b
        57  <<<<<<<<<<<<<<<<  3c3c3c3c3c3c3c3c3c3c3c3c3c3c3c3c
        53  ................  aaaaaaaaaaaaaaaaaaaaaaaaaaaaaaaa
        53  >>>>>>>>>>>>>>>>  3e3e3e3e3e3e3e3e3e3e3e3e3e3e3e3e
        47  ................  e4e4e4e4e4e4e4e4e4e4e4e4e4e4e4e4
        47  ^^^^^^^^^^^^^^^^  5e5e5e5e5e5e5e5e5e5e5e5e5e5e5e5e
# epoch 7750  H=7.9812 C=7.8973 HO=0.0612  A(t)=253
       126  ,,,,,,,,,,,,,,,,  2c2c2c2c2c2c2c2c2c2c2c2c2c2c2c2c
       103  [[[[[[[[[[[[[[[[  5b5b5b5b5b5b5b5b5b5b5b5b5b5b5b5b
        89  ................  dadadadadadadadadadadadadadadada
        78  ................  e8e8e8e8e8e8e8e8e8e8e8e8e8e8e8e8
        70  ]]]]]]]]]]]]]]]]  5d5d5d5d5d5d5d5d5d5d5d5d5d5d5d5d
        65  ................  eeeeeeeeeeeeeeeeeeeeeeeeeeeeeeee
        65  ................  2e2e2e2e2e2e2e2e2e2e2e2e2e2e2e2e
        61  ................  17171717171717171717171717171717
        46  }}}}}}}}}}}}}}}}  7d7d7d7d7d7d7d7d7d7d7d7d7d7d7d7d
        46  <<<<<<<<<<<<<<<<  3c3c3c3c3c3c3c3c3c3c3c3c3c3c3c3c
# epoch 8000  H=7.9806 C=7.8973 HO=0.0606  A(t)=253
       188  [[[[[[[[[[[[[[[[  5b5b5b5b5b5b5b5b5b5b5b5b5b5b5b5b
       176  ,,,,,,,,,,,,,,,,  2c2c2c2c2c2c2c2c2c2c2c2c2c2c2c2c
       117  ]]]]]]]]]]]]]]]]  5d5d5d5d5d5d5d5d5d5d5d5d5d5d5d5d
        69  ................  efefefefefefefefefefefefefefefef
        57  ................  dadadadadadadadadadadadadadadada
        49  ................  fefefefefefefefefefefefefefefefe
        46  >>>>>>>>>>>>>>>>  3e3e3e3e3e3e3e3e3e3e3e3e3e3e3e3e
        43  ................  a2a2a2a2a2a2a2a2a2a2a2a2a2a2a2a2
        42  ................  06060606060606060606060606060606
        35  """"""""""""""""  22222222222222222222222222222222
# epoch 8250  H=7.9805 C=7.8974 HO=0.0623  A(t)=253
       272  [[[[[[[[[[[[[[[[  5b5b5b5b5b5b5b5b5b5b5b5b5b5b5b5b
       147  ,,,,,,,,,,,,,,,,  2c2c2c2c2c2c2c2c2c2c2c2c2c2c2c2c
        76  ]]]]]]]]]]]]]]]]  5d5d5d5d5d5d5d5d5d5d5d5d5d5d5d5d
        67  GGGGGGGGGGGGGGGG  47474747474747474747474747474747
        60  ................  06060606060606060606060606060606
        49  JJJJJJJJJJJJJJJJ  4a4a4a4a4a4a4a4a4a4a4a4a4a4a4a4a
        47  {{{{{{{{{{{{{{{{  7b7b7b7b7b7b7b7b7b7b7b7b7b7b7b7b
        47  ................  12121212121212121212121212121212
        44  ................  dadadadadadadadadadadadadadadada
        44  aaaaaaaaaaaaaaaa  61616161616161616161616161616161
# epoch 8500  H=7.9802 C=7.8966 HO=0.0602  A(t)=253
       209  ,,,,,,,,,,,,,,,,  2c2c2c2c2c2c2c2c2c2c2c2c2c2c2c2c
        93  ]]]]]]]]]]]]]]]]  5d5d5d5d5d5d5d5d5d5d5d5d5d5d5d5d
        72  [[[[[[[[[[[[[[[[  5b5b5b5b5b5b5b5b5b5b5b5b5b5b5b5b
        66  ................  06060606060606060606060606060606
        62  hhhhhhhhhhhhhhhh  68686868686868686868686868686868
        54  ||||||||||||||||  7c7c7c7c7c7c7c7c7c7c7c7c7c7c7c7c
        52  ................  bfbfbfbfbfbfbfbfbfbfbfbfbfbfbfbf
        51  ................  2e2e2e2e2e2e2e2e2e2e2e2e2e2e2e2e
        45  ================  3d3d3d3d3d3d3d3d3d3d3d3d3d3d3d3d
        43  {{{{{{{{{{{{{{{{  7b7b7b7b7b7b7b7b7b7b7b7b7b7b7b7b
# epoch 8750  H=7.9802 C=7.8964 HO=0.0611  A(t)=253
       137  ,,,,,,,,,,,,,,,,  2c2c2c2c2c2c2c2c2c2c2c2c2c2c2c2c
        98  [[[[[[[[[[[[[[[[  5b5b5b5b5b5b5b5b5b5b5b5b5b5b5b5b
        92  ]]]]]]]]]]]]]]]]  5d5d5d5d5d5d5d5d5d5d5d5d5d5d5d5d
        69  <<<<<<<<<<<<<<<<  3c3c3c3c3c3c3c3c3c3c3c3c3c3c3c3c
        63  ^^^^^^^^^^^^^^^^  5e5e5e5e5e5e5e5e5e5e5e5e5e5e5e5e
        61  ................  0f0f0f0f0f0f0f0f0f0f0f0f0f0f0f0f
        55  ................  06060606060606060606060606060606
        49  >>>>>>>>>>>>>>>>  3e3e3e3e3e3e3e3e3e3e3e3e3e3e3e3e
        48  ................  f9f9f9f9f9f9f9f9f9f9f9f9f9f9f9f9
        48  ................  c7c7c7c7c7c7c7c7c7c7c7c7c7c7c7c7
# epoch 9000  H=7.9798 C=7.8918 HO=0.0622  A(t)=254
       199  ,,,,,,,,,,,,,,,,  2c2c2c2c2c2c2c2c2c2c2c2c2c2c2c2c
       157  [[[[[[[[[[[[[[[[  5b5b5b5b5b5b5b5b5b5b5b5b5b5b5b5b
       153  ]]]]]]]]]]]]]]]]  5d5d5d5d5d5d5d5d5d5d5d5d5d5d5d5d
       114  >>>>>>>>>>>>>>>>  3e3e3e3e3e3e3e3e3e3e3e3e3e3e3e3e
       107  <<<<<<<<<<<<<<<<  3c3c3c3c3c3c3c3c3c3c3c3c3c3c3c3c
        86  ................  2e2e2e2e2e2e2e2e2e2e2e2e2e2e2e2e
        83  ^^^^^^^^^^^^^^^^  5e5e5e5e5e5e5e5e5e5e5e5e5e5e5e5e
        68  ................  16161616161616161616161616161616
        66  ................  f5f5f5f5f5f5f5f5f5f5f5f5f5f5f5f5
        62  ................  c5c5c5c5c5c5c5c5c5c5c5c5c5c5c5c5
# epoch 9250  H=7.9795 C=7.8927 HO=0.0641  A(t)=255
       285  ,,,,,,,,,,,,,,,,  2c2c2c2c2c2c2c2c2c2c2c2c2c2c2c2c
       139  ]]]]]]]]]]]]]]]]  5d5d5d5d5d5d5d5d5d5d5d5d5d5d5d5d
       106  [[[[[[[[[[[[[[[[  5b5b5b5b5b5b5b5b5b5b5b5b5b5b5b5b
        72  ................  2e2e2e2e2e2e2e2e2e2e2e2e2e2e2e2e
        67  ................  fdfdfdfdfdfdfdfdfdfdfdfdfdfdfdfd
        61  ................  16161616161616161616161616161616
        56  ||||||||||||||||  7c7c7c7c7c7c7c7c7c7c7c7c7c7c7c7c
        55  <<<<<<<<<<<<<<<<  3c3c3c3c3c3c3c3c3c3c3c3c3c3c3c3c
        47  YYYYYYYYYYYYYYYY  59595959595959595959595959595959
        46  ................  06060606060606060606060606060606
# epoch 9500  H=7.9797 C=7.8928 HO=0.0650  A(t)=255
       197  ,,,,,,,,,,,,,,,,  2c2c2c2c2c2c2c2c2c2c2c2c2c2c2c2c
       115  ................  2e2e2e2e2e2e2e2e2e2e2e2e2e2e2e2e
        99  ]]]]]]]]]]]]]]]]  5d5d5d5d5d5d5d5d5d5d5d5d5d5d5d5d
        68  >>>>>>>>>>>>>>>>  3e3e3e3e3e3e3e3e3e3e3e3e3e3e3e3e
        66  [[[[[[[[[[[[[[[[  5b5b5b5b5b5b5b5b5b5b5b5b5b5b5b5b
        60  {{{{{{{{{{{{{{{{  7b7b7b7b7b7b7b7b7b7b7b7b7b7b7b7b
        55  ................  e1e1e1e1e1e1e1e1e1e1e1e1e1e1e1e1
        55  ................  bbbbbbbbbbbbbbbbbbbbbbbbbbbbbbbb
        42  MMMMMMMMMMMMMMMM  4d4d4d4d4d4d4d4d4d4d4d4d4d4d4d4d
        41  ................  93939393939393939393939393939393
# epoch 9750  H=7.9794 C=7.8923 HO=0.0639  A(t)=255
       254  [[[[[[[[[[[[[[[[  5b5b5b5b5b5b5b5b5b5b5b5b5b5b5b5b
       212  ,,,,,,,,,,,,,,,,  2c2c2c2c2c2c2c2c2c2c2c2c2c2c2c2c
       111  ]]]]]]]]]]]]]]]]  5d5d5d5d5d5d5d5d5d5d5d5d5d5d5d5d
        90  {{{{{{{{{{{{{{{{  7b7b7b7b7b7b7b7b7b7b7b7b7b7b7b7b
        86  >>>>>>>>>>>>>>>>  3e3e3e3e3e3e3e3e3e3e3e3e3e3e3e3e
        58  ................  07070707070707070707070707070707
        55  ................  97979797979797979797979797979797
        53  ................  2e2e2e2e2e2e2e2e2e2e2e2e2e2e2e2e
        52  ................  d0d0d0d0d0d0d0d0d0d0d0d0d0d0d0d0
        47  ................  cccccccccccccccccccccccccccccccc
# epoch 10000  H=7.9792 C=7.8938 HO=0.0619  A(t)=255
       183  ,,,,,,,,,,,,,,,,  2c2c2c2c2c2c2c2c2c2c2c2c2c2c2c2c
       159  [[[[[[[[[[[[[[[[  5b5b5b5b5b5b5b5b5b5b5b5b5b5b5b5b
       138  ]]]]]]]]]]]]]]]]  5d5d5d5d5d5d5d5d5d5d5d5d5d5d5d5d
       104  ................  2e2e2e2e2e2e2e2e2e2e2e2e2e2e2e2e
        67  >>>>>>>>>>>>>>>>  3e3e3e3e3e3e3e3e3e3e3e3e3e3e3e3e
        66  ................  82828282828282828282828282828282
        58  }}}}}}}}}}}}}}}}  7d7d7d7d7d7d7d7d7d7d7d7d7d7d7d7d
        51  ................  c1c1c1c1c1c1c1c1c1c1c1c1c1c1c1c1
        47  ................  d1d1d1d1d1d1d1d1d1d1d1d1d1d1d1d1
        44  ................  97979797979797979797979797979797
# epoch 10250  H=7.9791 C=7.8945 HO=0.0610  A(t)=255
       209  ,,,,,,,,,,,,,,,,  2c2c2c2c2c2c2c2c2c2c2c2c2c2c2c2c
       153  ]]]]]]]]]]]]]]]]  5d5d5d5d5d5d5d5d5d5d5d5d5d5d5d5d
        83  [[[[[[[[[[[[[[[[  5b5b5b5b5b5b5b5b5b5b5b5b5b5b5b5b
        62  ................  2e2e2e2e2e2e2e2e2e2e2e2e2e2e2e2e
        55  ................  81818181818181818181818181818181
        54  CCCCCCCCCCCCCCCC  43434343434343434343434343434343
        50  ................  cececececececececececececececece
        48  {{{{{{{{{{{{{{{{  7b7b7b7b7b7b7b7b7b7b7b7b7b7b7b7b
        43  ................  11111111111111111111111111111111
        40  ::::::::::::::::  3a3a3a3a3a3a3a3a3a3a3a3a3a3a3a3a
# epoch 10500  H=7.9788 C=7.8952 HO=0.0599  A(t)=255
       172  ,,,,,,,,,,,,,,,,  2c2c2c2c2c2c2c2c2c2c2c2c2c2c2c2c
       122  ]]]]]]]]]]]]]]]]  5d5d5d5d5d5d5d5d5d5d5d5d5d5d5d5d
       115  ................  2e2e2e2e2e2e2e2e2e2e2e2e2e2e2e2e
        75  ................  cececececececececececececececece
        68  [[[[[[[[[[[[[[[[  5b5b5b5b5b5b5b5b5b5b5b5b5b5b5b5b
        66  ................  81818181818181818181818181818181
        65  hhhhhhhhhhhhhhhh  68686868686868686868686868686868
        55  ................  11111111111111111111111111111111
        52  }}}}}}}}}}}}}}}}  7d7d7d7d7d7d7d7d7d7d7d7d7d7d7d7d
        47  ................  b1b1b1b1b1b1b1b1b1b1b1b1b1b1b1b1
# epoch 10750  H=7.9786 C=7.8956 HO=0.0594  A(t)=255
       214  ,,,,,,,,,,,,,,,,  2c2c2c2c2c2c2c2c2c2c2c2c2c2c2c2c
       133  ]]]]]]]]]]]]]]]]  5d5d5d5d5d5d5d5d5d5d5d5d5d5d5d5d
        92  [[[[[[[[[[[[[[[[  5b5b5b5b5b5b5b5b5b5b5b5b5b5b5b5b
        77  TTTTTTTTTTTTTTTT  54545454545454545454545454545454
        62  <<<<<<<<<<<<<<<<  3c3c3c3c3c3c3c3c3c3c3c3c3c3c3c3c
        53  ................  85858585858585858585858585858585
        47  ................  2e2e2e2e2e2e2e2e2e2e2e2e2e2e2e2e
        45  ................  c3c3c3c3c3c3c3c3c3c3c3c3c3c3c3c3
        43  ................  cdcdcdcdcdcdcdcdcdcdcdcdcdcdcdcd
        42  hhhhhhhhhhhhhhhh  68686868686868686868686868686868
# epoch 11000  H=7.9785 C=7.8959 HO=0.0588  A(t)=256
       224  [[[[[[[[[[[[[[[[  5b5b5b5b5b5b5b5b5b5b5b5b5b5b5b5b
       176  ,,,,,,,,,,,,,,,,  2c2c2c2c2c2c2c2c2c2c2c2c2c2c2c2c
       138  ]]]]]]]]]]]]]]]]  5d5d5d5d5d5d5d5d5d5d5d5d5d5d5d5d
       110  ................  2e2e2e2e2e2e2e2e2e2e2e2e2e2e2e2e
        60  ................  fafafafafafafafafafafafafafafafa
        57  TTTTTTTTTTTTTTTT  54545454545454545454545454545454
        51  >>>>>>>>>>>>>>>>  3e3e3e3e3e3e3e3e3e3e3e3e3e3e3e3e
        51  <<<<<<<<<<<<<<<<  3c3c3c3c3c3c3c3c3c3c3c3c3c3c3c3c
        49  ................  a3a3a3a3a3a3a3a3a3a3a3a3a3a3a3a3
        44  {{{{{{{{{{{{{{{{  7b7b7b7b7b7b7b7b7b7b7b7b7b7b7b7b
# epoch 11250  H=7.9783 C=7.8966 HO=0.0568  A(t)=256
       134  [[[[[[[[[[[[[[[[  5b5b5b5b5b5b5b5b5b5b5b5b5b5b5b5b
       126  ................  2e2e2e2e2e2e2e2e2e2e2e2e2e2e2e2e
       119  ]]]]]]]]]]]]]]]]  5d5d5d5d5d5d5d5d5d5d5d5d5d5d5d5d
       116  ,,,,,,,,,,,,,,,,  2c2c2c2c2c2c2c2c2c2c2c2c2c2c2c2c
        81  <<<<<<<<<<<<<<<<  3c3c3c3c3c3c3c3c3c3c3c3c3c3c3c3c
        63  ................  01010101010101010101010101010101
        59  5555555555555555  35353535353535353535353535353535
        57  ................  f3f3f3f3f3f3f3f3f3f3f3f3f3f3f3f3
        47  0000000000000000  30303030303030303030303030303030
        45  ................  80808080808080808080808080808080
# epoch 11500  H=7.9781 C=7.8932 HO=0.0605  A(t)=256
       288  ,,,,,,,,,,,,,,,,  2c2c2c2c2c2c2c2c2c2c2c2c2c2c2c2c
       166  ]]]]]]]]]]]]]]]]  5d5d5d5d5d5d5d5d5d5d5d5d5d5d5d5d
       131  [[[[[[[[[[[[[[[[  5b5b5b5b5b5b5b5b5b5b5b5b5b5b5b5b
        76  ................  ffffffffffffffffffffffffffffffff
        74  <<<<<<<<<<<<<<<<  3c3c3c3c3c3c3c3c3c3c3c3c3c3c3c3c
        65  ................  2e2e2e2e2e2e2e2e2e2e2e2e2e2e2e2e
        53  tttttttttttttttt  74747474747474747474747474747474
        51  ................  fdfdfdfdfdfdfdfdfdfdfdfdfdfdfdfd
        44  ................  89898989898989898989898989898989
        43  ................  d6d6d6d6d6d6d6d6d6d6d6d6d6d6d6d6
# epoch 11750  H=7.9780 C=7.8916 HO=0.0629  A(t)=256
       272  ,,,,,,,,,,,,,,,,  2c2c2c2c2c2c2c2c2c2c2c2c2c2c2c2c
       145  [[[[[[[[[[[[[[[[  5b5b5b5b5b5b5b5b5b5b5b5b5b5b5b5b
       109  ................  2e2e2e2e2e2e2e2e2e2e2e2e2e2e2e2e
        96  ]]]]]]]]]]]]]]]]  5d5d5d5d5d5d5d5d5d5d5d5d5d5d5d5d
        93  ................  fcfcfcfcfcfcfcfcfcfcfcfcfcfcfcfc
        73  ................  01010101010101010101010101010101
        68  ................  1d1d1d1d1d1d1d1d1d1d1d1d1d1d1d1d
        59  ................  04040404040404040404040404040404
        57  yyyyyyyyyyyyyyyy  79797979797979797979797979797979
        54  ................  b7b7b7b7b7b7b7b7b7b7b7b7b7b7b7b7
# epoch 12000  H=7.9779 C=7.8905 HO=0.0637  A(t)=256
       266  ,,,,,,,,,,,,,,,,  2c2c2c2c2c2c2c2c2c2c2c2c2c2c2c2c
       249  [[[[[[[[[[[[[[[[  5b5b5b5b5b5b5b5b5b5b5b5b5b5b5b5b
       154  ]]]]]]]]]]]]]]]]  5d5d5d5d5d5d5d5d5d5d5d5d5d5d5d5d
        67  ................  fcfcfcfcfcfcfcfcfcfcfcfcfcfcfcfc
        56  ................  2e2e2e2e2e2e2e2e2e2e2e2e2e2e2e2e
        54  ................  f0f0f0f0f0f0f0f0f0f0f0f0f0f0f0f0
        51  >>>>>>>>>>>>>>>>  3e3e3e3e3e3e3e3e3e3e3e3e3e3e3e3e
        50  ................  04040404040404040404040404040404
        48  ................  1d1d1d1d1d1d1d1d1d1d1d1d1d1d1d1d
        45  ................  92929292929292929292929292929292
# epoch 12250  H=7.9777 C=7.8935 HO=0.0616  A(t)=256
       301  ,,,,,,,,,,,,,,,,  2c2c2c2c2c2c2c2c2c2c2c2c2c2c2c2c
       253  [[[[[[[[[[[[[[[[  5b5b5b5b5b5b5b5b5b5b5b5b5b5b5b5b
       104  ]]]]]]]]]]]]]]]]  5d5d5d5d5d5d5d5d5d5d5d5d5d5d5d5d
        93  }}}}}}}}}}}}}}}}  7d7d7d7d7d7d7d7d7d7d7d7d7d7d7d7d
        77  >>>>>>>>>>>>>>>>  3e3e3e3e3e3e3e3e3e3e3e3e3e3e3e3e
        70  <<<<<<<<<<<<<<<<  3c3c3c3c3c3c3c3c3c3c3c3c3c3c3c3c
        57  pppppppppppppppp  70707070707070707070707070707070
        51  ................  d1d1d1d1d1d1d1d1d1d1d1d1d1d1d1d1
        49  ................  b8b8b8b8b8b8b8b8b8b8b8b8b8b8b8b8
        44  ................  89898989898989898989898989898989
# epoch 12500  H=7.9777 C=7.8957 HO=0.0589  A(t)=256
       206  ,,,,,,,,,,,,,,,,  2c2c2c2c2c2c2c2c2c2c2c2c2c2c2c2c
       166  [[[[[[[[[[[[[[[[  5b5b5b5b5b5b5b5b5b5b5b5b5b5b5b5b
       124  HHHHHHHHHHHHHHHH  48484848484848484848484848484848
        73  }}}}}}}}}}}}}}}}  7d7d7d7d7d7d7d7d7d7d7d7d7d7d7d7d
        57  ]]]]]]]]]]]]]]]]  5d5d5d5d5d5d5d5d5d5d5d5d5d5d5d5d
        54  >>>>>>>>>>>>>>>>  3e3e3e3e3e3e3e3e3e3e3e3e3e3e3e3e
        54  ________________  20202020202020202020202020202020
        52  cccccccccccccccc  63636363636363636363636363636363
        50  <<<<<<<<<<<<<<<<  3c3c3c3c3c3c3c3c3c3c3c3c3c3c3c3c
        48  ................  d1d1d1d1d1d1d1d1d1d1d1d1d1d1d1d1
# epoch 12750  H=7.9776 C=7.8951 HO=0.0587  A(t)=256
       258  ,,,,,,,,,,,,,,,,  2c2c2c2c2c2c2c2c2c2c2c2c2c2c2c2c
       218  [[[[[[[[[[[[[[[[  5b5b5b5b5b5b5b5b5b5b5b5b5b5b5b5b
       166  ]]]]]]]]]]]]]]]]  5d5d5d5d5d5d5d5d5d5d5d5d5d5d5d5d
        75  }}}}}}}}}}}}}}}}  7d7d7d7d7d7d7d7d7d7d7d7d7d7d7d7d
        74  HHHHHHHHHHHHHHHH  48484848484848484848484848484848
        74  <<<<<<<<<<<<<<<<  3c3c3c3c3c3c3c3c3c3c3c3c3c3c3c3c
        54  ................  1a1a1a1a1a1a1a1a1a1a1a1a1a1a1a1a
        44  ................  89898989898989898989898989898989
        44  ................  2e2e2e2e2e2e2e2e2e2e2e2e2e2e2e2e
        43  ................  b9b9b9b9b9b9b9b9b9b9b9b9b9b9b9b9
# epoch 13000  H=7.9774 C=7.8945 HO=0.0583  A(t)=256
       295  ,,,,,,,,,,,,,,,,  2c2c2c2c2c2c2c2c2c2c2c2c2c2c2c2c
       170  ]]]]]]]]]]]]]]]]  5d5d5d5d5d5d5d5d5d5d5d5d5d5d5d5d
       128  [[[[[[[[[[[[[[[[  5b5b5b5b5b5b5b5b5b5b5b5b5b5b5b5b
        71  ................  94949494949494949494949494949494
        54  llllllllllllllll  6c6c6c6c6c6c6c6c6c6c6c6c6c6c6c6c
        52  ................  d4d4d4d4d4d4d4d4d4d4d4d4d4d4d4d4
        52  ................  93939393939393939393939393939393
        50  ................  a4a4a4a4a4a4a4a4a4a4a4a4a4a4a4a4
        48  ................  2e2e2e2e2e2e2e2e2e2e2e2e2e2e2e2e
        43  gggggggggggggggg  67676767676767676767676767676767
# epoch 13250  H=7.9772 C=7.8943 HO=0.0597  A(t)=256
       230  ,,,,,,,,,,,,,,,,  2c2c2c2c2c2c2c2c2c2c2c2c2c2c2c2c
       208  [[[[[[[[[[[[[[[[  5b5b5b5b5b5b5b5b5b5b5b5b5b5b5b5b
       153  ]]]]]]]]]]]]]]]]  5d5d5d5d5d5d5d5d5d5d5d5d5d5d5d5d
        70  \\\\\\\\\\\\\\\\  5c5c5c5c5c5c5c5c5c5c5c5c5c5c5c5c
        55  rrrrrrrrrrrrrrrr  72727272727272727272727272727272
        53  ................  aaaaaaaaaaaaaaaaaaaaaaaaaaaaaaaa
        43  <<<<<<<<<<<<<<<<  3c3c3c3c3c3c3c3c3c3c3c3c3c3c3c3c
        42  ................  8f8f8f8f8f8f8f8f8f8f8f8f8f8f8f8f
        40  ................  e8e8e8e8e8e8e8e8e8e8e8e8e8e8e8e8
        37  ................  a4a4a4a4a4a4a4a4a4a4a4a4a4a4a4a4
# epoch 13500  H=7.9772 C=7.8930 HO=0.0611  A(t)=256
       230  ]]]]]]]]]]]]]]]]  5d5d5d5d5d5d5d5d5d5d5d5d5d5d5d5d
       219  ,,,,,,,,,,,,,,,,  2c2c2c2c2c2c2c2c2c2c2c2c2c2c2c2c
       121  [[[[[[[[[[[[[[[[  5b5b5b5b5b5b5b5b5b5b5b5b5b5b5b5b
        54  ................  bfbfbfbfbfbfbfbfbfbfbfbfbfbfbfbf
        50  ................  02020202020202020202020202020202
        48  cccccccccccccccc  63636363636363636363636363636363
        47  ****************  2a2a2a2a2a2a2a2a2a2a2a2a2a2a2a2a
        43  ................  b1b1b1b1b1b1b1b1b1b1b1b1b1b1b1b1
        43  ................  97979797979797979797979797979797
        40  rrrrrrrrrrrrrrrr  72727272727272727272727272727272
# epoch 13750  H=7.9772 C=7.8914 HO=0.0615  A(t)=256
       214  ]]]]]]]]]]]]]]]]  5d5d5d5d5d5d5d5d5d5d5d5d5d5d5d5d
       189  ,,,,,,,,,,,,,,,,  2c2c2c2c2c2c2c2c2c2c2c2c2c2c2c2c
       154  ................  2e2e2e2e2e2e2e2e2e2e2e2e2e2e2e2e
        76  <<<<<<<<<<<<<<<<  3c3c3c3c3c3c3c3c3c3c3c3c3c3c3c3c
        75  ................  cacacacacacacacacacacacacacacaca
        67  ................  ffffffffffffffffffffffffffffffff
        65  SSSSSSSSSSSSSSSS  53535353535353535353535353535353
        62  ................  08080808080808080808080808080808
        50  ++++++++++++++++  2b2b2b2b2b2b2b2b2b2b2b2b2b2b2b2b
        48  [[[[[[[[[[[[[[[[  5b5b5b5b5b5b5b5b5b5b5b5b5b5b5b5b
# epoch 14000  H=7.9773 C=7.8921 HO=0.0613  A(t)=257
       161  ,,,,,,,,,,,,,,,,  2c2c2c2c2c2c2c2c2c2c2c2c2c2c2c2c
       151  ]]]]]]]]]]]]]]]]  5d5d5d5d5d5d5d5d5d5d5d5d5d5d5d5d
        97  [[[[[[[[[[[[[[[[  5b5b5b5b5b5b5b5b5b5b5b5b5b5b5b5b
        78  &&&&&&&&&&&&&&&&  26262626262626262626262626262626
        71  ................  a6a6a6a6a6a6a6a6a6a6a6a6a6a6a6a6
        68  <<<<<<<<<<<<<<<<  3c3c3c3c3c3c3c3c3c3c3c3c3c3c3c3c
        57  ................  0e0e0e0e0e0e0e0e0e0e0e0e0e0e0e0e
        55  ................  fbfbfbfbfbfbfbfbfbfbfbfbfbfbfbfb
        47  ................  f0f0f0f0f0f0f0f0f0f0f0f0f0f0f0f0
        42  iiiiiiiiiiiiiiii  69696969696969696969696969696969
# epoch 14250  H=7.9773 C=7.8912 HO=0.0627  A(t)=257
       228  ]]]]]]]]]]]]]]]]  5d5d5d5d5d5d5d5d5d5d5d5d5d5d5d5d
       176  ,,,,,,,,,,,,,,,,  2c2c2c2c2c2c2c2c2c2c2c2c2c2c2c2c
        79  [[[[[[[[[[[[[[[[  5b5b5b5b5b5b5b5b5b5b5b5b5b5b5b5b
        73  <<<<<<<<<<<<<<<<  3c3c3c3c3c3c3c3c3c3c3c3c3c3c3c3c
        73  ................  0e0e0e0e0e0e0e0e0e0e0e0e0e0e0e0e
        59  ................  f0f0f0f0f0f0f0f0f0f0f0f0f0f0f0f0
        44  &&&&&&&&&&&&&&&&  26262626262626262626262626262626
        41  ................  c7c7c7c7c7c7c7c7c7c7c7c7c7c7c7c7
        37  ................  1e1e1e1e1e1e1e1e1e1e1e1e1e1e1e1e
        36  ................  dbdbdbdbdbdbdbdbdbdbdbdbdbdbdbdb
# epoch 14500  H=7.9772 C=7.8905 HO=0.0611  A(t)=257
       208  ]]]]]]]]]]]]]]]]  5d5d5d5d5d5d5d5d5d5d5d5d5d5d5d5d
       181  [[[[[[[[[[[[[[[[  5b5b5b5b5b5b5b5b5b5b5b5b5b5b5b5b
       126  <<<<<<<<<<<<<<<<  3c3c3c3c3c3c3c3c3c3c3c3c3c3c3c3c
        86  ,,,,,,,,,,,,,,,,  2c2c2c2c2c2c2c2c2c2c2c2c2c2c2c2c
        82  ////////////////  2f2f2f2f2f2f2f2f2f2f2f2f2f2f2f2f
        66  ................  babababababababababababababababa
        60  ................  a7a7a7a7a7a7a7a7a7a7a7a7a7a7a7a7
        50  nnnnnnnnnnnnnnnn  6e6e6e6e6e6e6e6e6e6e6e6e6e6e6e6e
        49  ................  cdcdcdcdcdcdcdcdcdcdcdcdcdcdcdcd
        49  @@@@@@@@@@@@@@@@  40404040404040404040404040404040
# epoch 14750  H=7.9774 C=7.8911 HO=0.0614  A(t)=257
       211  ]]]]]]]]]]]]]]]]  5d5d5d5d5d5d5d5d5d5d5d5d5d5d5d5d
       168  [[[[[[[[[[[[[[[[  5b5b5b5b5b5b5b5b5b5b5b5b5b5b5b5b
       151  ,,,,,,,,,,,,,,,,  2c2c2c2c2c2c2c2c2c2c2c2c2c2c2c2c
       126  <<<<<<<<<<<<<<<<  3c3c3c3c3c3c3c3c3c3c3c3c3c3c3c3c
        79  ................  fbfbfbfbfbfbfbfbfbfbfbfbfbfbfbfb
        61  ................  a7a7a7a7a7a7a7a7a7a7a7a7a7a7a7a7
        61  WWWWWWWWWWWWWWWW  57575757575757575757575757575757
        55  nnnnnnnnnnnnnnnn  6e6e6e6e6e6e6e6e6e6e6e6e6e6e6e6e
        55  ????????????????  3f3f3f3f3f3f3f3f3f3f3f3f3f3f3f3f
        46  ssssssssssssssss  73737373737373737373737373737373
# epoch 15000  H=7.9774 C=7.8904 HO=0.0628  A(t)=257
       226  [[[[[[[[[[[[[[[[  5b5b5b5b5b5b5b5b5b5b5b5b5b5b5b5b
       181  ]]]]]]]]]]]]]]]]  5d5d5d5d5d5d5d5d5d5d5d5d5d5d5d5d
       105  ,,,,,,,,,,,,,,,,  2c2c2c2c2c2c2c2c2c2c2c2c2c2c2c2c
        91  ................  2e2e2e2e2e2e2e2e2e2e2e2e2e2e2e2e
        60  ................  a4a4a4a4a4a4a4a4a4a4a4a4a4a4a4a4
        59  <<<<<<<<<<<<<<<<  3c3c3c3c3c3c3c3c3c3c3c3c3c3c3c3c
        55  nnnnnnnnnnnnnnnn  6e6e6e6e6e6e6e6e6e6e6e6e6e6e6e6e
        50  WWWWWWWWWWWWWWWW  57575757575757575757575757575757
        45  HHHHHHHHHHHHHHHH  48484848484848484848484848484848
        44  ................  edededededededededededededededed
# epoch 15250  H=7.9774 C=7.8938 HO=0.0578  A(t)=257
       133  ]]]]]]]]]]]]]]]]  5d5d5d5d5d5d5d5d5d5d5d5d5d5d5d5d
       121  [[[[[[[[[[[[[[[[  5b5b5b5b5b5b5b5b5b5b5b5b5b5b5b5b
       114  ,,,,,,,,,,,,,,,,  2c2c2c2c2c2c2c2c2c2c2c2c2c2c2c2c
        93  ................  01010101010101010101010101010101
        70  ................  2e2e2e2e2e2e2e2e2e2e2e2e2e2e2e2e
        65  ................  bdbdbdbdbdbdbdbdbdbdbdbdbdbdbdbd
        64  ................  b1b1b1b1b1b1b1b1b1b1b1b1b1b1b1b1
        46  ................  15151515151515151515151515151515
        41  ................  d7d7d7d7d7d7d7d7d7d7d7d7d7d7d7d7
        38  5555555555555555  35353535353535353535353535353535
# epoch 15500  H=7.9778 C=7.8929 HO=0.0607  A(t)=257
       165  ,,,,,,,,,,,,,,,,  2c2c2c2c2c2c2c2c2c2c2c2c2c2c2c2c
       123  ]]]]]]]]]]]]]]]]  5d5d5d5d5d5d5d5d5d5d5d5d5d5d5d5d
        90  ................  80808080808080808080808080808080
        82  ................  0e0e0e0e0e0e0e0e0e0e0e0e0e0e0e0e
        81  ................  2e2e2e2e2e2e2e2e2e2e2e2e2e2e2e2e
        57  ................  ffffffffffffffffffffffffffffffff
        57  ................  0f0f0f0f0f0f0f0f0f0f0f0f0f0f0f0f
        51  ................  15151515151515151515151515151515
        49  [[[[[[[[[[[[[[[[  5b5b5b5b5b5b5b5b5b5b5b5b5b5b5b5b
        48  ................  dbdbdbdbdbdbdbdbdbdbdbdbdbdbdbdb
# epoch 15750  H=7.9775 C=7.8896 HO=0.0659  A(t)=257
       168  [[[[[[[[[[[[[[[[  5b5b5b5b5b5b5b5b5b5b5b5b5b5b5b5b
       144  ,,,,,,,,,,,,,,,,  2c2c2c2c2c2c2c2c2c2c2c2c2c2c2c2c
       115  ................  2e2e2e2e2e2e2e2e2e2e2e2e2e2e2e2e
        97  ]]]]]]]]]]]]]]]]  5d5d5d5d5d5d5d5d5d5d5d5d5d5d5d5d
        90  ................  0e0e0e0e0e0e0e0e0e0e0e0e0e0e0e0e
        56  bbbbbbbbbbbbbbbb  62626262626262626262626262626262
        53  ................  80808080808080808080808080808080
        52  hhhhhhhhhhhhhhhh  68686868686868686868686868686868
        51  PPPPPPPPPPPPPPPP  50505050505050505050505050505050
        48  kkkkkkkkkkkkkkkk  6b6b6b6b6b6b6b6b6b6b6b6b6b6b6b6b
# epoch 16000  H=7.9773 C=7.8920 HO=0.0605  A(t)=257
       168  ]]]]]]]]]]]]]]]]  5d5d5d5d5d5d5d5d5d5d5d5d5d5d5d5d
       117  [[[[[[[[[[[[[[[[  5b5b5b5b5b5b5b5b5b5b5b5b5b5b5b5b
        85  \\\\\\\\\\\\\\\\  5c5c5c5c5c5c5c5c5c5c5c5c5c5c5c5c
        83  ................  0e0e0e0e0e0e0e0e0e0e0e0e0e0e0e0e
        80  ,,,,,,,,,,,,,,,,  2c2c2c2c2c2c2c2c2c2c2c2c2c2c2c2c
        73  <<<<<<<<<<<<<<<<  3c3c3c3c3c3c3c3c3c3c3c3c3c3c3c3c
        70  >>>>>>>>>>>>>>>>  3e3e3e3e3e3e3e3e3e3e3e3e3e3e3e3e
        55  ////////////////  2f2f2f2f2f2f2f2f2f2f2f2f2f2f2f2f
        46  PPPPPPPPPPPPPPPP  50505050505050505050505050505050
        46  ................  0c0c0c0c0c0c0c0c0c0c0c0c0c0c0c0c
