# epoch 0  H=7.9999 C=8.0025 HO=-0.0001  A(t)=0
         1  ....G".N....T{..  fffff2d74722a24ece0dc3e7547bd0b9
         1  ......F.X.%._mO.  ffffedfef32e46b6581425f8206d4f06
         1  ......sN....q.'.  ffffecc9b0ec734ec995a1cb710627bd
         1  ...._......5$...  ffffe91e5fb88010ed091f3524fa9dec
         1  .........3$.4...  ffffe302d989a495153324873487e881
         1  ......,......H..  ffffdee5b0f82c9b11d80c9d8e48e9f3
         1  ......~...B..Y.f  ffffde199a067e0391de4213db599666
         1  .......w....W..@  ffffd280b3aca377068e1d0257e8b540
         1  ...-..ma..h..R.]  ffffca2db1176d61d3bb68bbbe52c15d
         1  ....$.i5;F......  ffffc77f240569353b4693ac0be19808
# epoch 250  H=7.9880 C=7.8782 HO=0.0823  A(t)=0
       287  [[[[[[[[[[[[[[[[  5b5b5b5b5b5b5b5b5b5b5b5b5b5b5b5b
       164  ]]]]]]]]]]]]]]]]  5d5d5d5d5d5d5d5d5d5d5d5d5d5d5d5d
        87  ,,,,,,,,,,,,,,,,  2c2c2c2c2c2c2c2c2c2c2c2c2c2c2c2c
        83  ................  01010101010101010101010101010101
        73  ................  fefefefefefefefefefefefefefefefe
        73  NNNNNNNNNNNNNNNN  4e4e4e4e4e4e4e4e4e4e4e4e4e4e4e4e
        72  ................  d3d3d3d3d3d3d3d3d3d3d3d3d3d3d3d3
        66  ................  2e2e2e2e2e2e2e2e2e2e2e2e2e2e2e2e
        63  ................  09090909090909090909090909090909
        62  1111111111111111  31313131313131313131313131313131
# epoch 500  H=7.9626 C=7.8263 HO=0.0832  A(t)=0
       457  [[[[[[[[[[[[[[[[  5b5b5b5b5b5b5b5b5b5b5b5b5b5b5b5b
       264  ,,,,,,,,,,,,,,,,  2c2c2c2c2c2c2c2c2c2c2c2c2c2c2c2c
       200  ]]]]]]]]]]]]]]]]  5d5d5d5d5d5d5d5d5d5d5d5d5d5d5d5d
        92  ................  92929292929292929292929292929292
        81  cccccccccccccccc  63636363636363636363636363636363
        79  KKKKKKKKKKKKKKKK  4b4b4b4b4b4b4b4b4b4b4b4b4b4b4b4b
        76  ................  2e2e2e2e2e2e2e2e2e2e2e2e2e2e2e2e
        73  ################  23232323232323232323232323232323
        71  ................  e9e9e9e9e9e9e9e9e9e9e9e9e9e9e9e9
        67  ................  fbfbfbfbfbfbfbfbfbfbfbfbfbfbfbfb
# epoch 750  H=7.9321 C=7.7625 HO=0.1084  A(t)=0
       422  ,,,,,,,,,,,,,,,,  2c2c2c2c2c2c2c2c2c2c2c2c2c2c2c2c
       405  ]]]]]]]]]]]]]]]]  5d5d5d5d5d5d5d5d5d5d5d5d5d5d5d5d
       342  [[[[[[[[[[[[[[[[  5b5b5b5b5b5b5b5b5b5b5b5b5b5b5b5b
       191  ................  2e2e2e2e2e2e2e2e2e2e2e2e2e2e2e2e
       115  ................  bcbcbcbcbcbcbcbcbcbcbcbcbcbcbcbc
        94  ................  1a1a1a1a1a1a1a1a1a1a1a1a1a1a1a1a
        93  ................  a5a5a5a5a5a5a5a5a5a5a5a5a5a5a5a5
        87  ................  09090909090909090909090909090909
        78  llllllllllllllll  6c6c6c6c6c6c6c6c6c6c6c6c6c6c6c6c
        77  cccccccccccccccc  63636363636363636363636363636363
# epoch 1000  H=7.9040 C=7.7134 HO=0.1228  A(t)=0
       437  [[[[[[[[[[[[[[[[  5b5b5b5b5b5b5b5b5b5b5b5b5b5b5b5b
       422  ,,,,,,,,,,,,,,,,  2c2c2c2c2c2c2c2c2c2c2c2c2c2c2c2c
       264  ]]]]]]]]]]]]]]]]  5d5d5d5d5d5d5d5d5d5d5d5d5d5d5d5d
       120  ................  2e2e2e2e2e2e2e2e2e2e2e2e2e2e2e2e
       118  ................  b7b7b7b7b7b7b7b7b7b7b7b7b7b7b7b7
       106  ................  fbfbfbfbfbfbfbfbfbfbfbfbfbfbfbfb
       105  <<<<<<<<<<<<<<<<  3c3c3c3c3c3c3c3c3c3c3c3c3c3c3c3c
       103  ................  bebebebebebebebebebebebebebebebe
        98  {{{{{{{{{{{{{{{{  7b7b7b7b7b7b7b7b7b7b7b7b7b7b7b7b
        89  ................  0b0b0b0b0b0b0b0b0b0b0b0b0b0b0b0b
# epoch 1250  H=7.8835 C=7.6756 HO=0.1398  A(t)=219
       450  ,,,,,,,,,,,,,,,,  2c2c2c2c2c2c2c2c2c2c2c2c2c2c2c2c
       401  ]]]]]]]]]]]]]]]]  5d5d5d5d5d5d5d5d5d5d5d5d5d5d5d5d
       354  [[[[[[[[[[[[[[[[  5b5b5b5b5b5b5b5b5b5b5b5b5b5b5b5b
       332  ................  2e2e2e2e2e2e2e2e2e2e2e2e2e2e2e2e
       212  ................  01010101010101010101010101010101
       128  ................  0c0c0c0c0c0c0c0c0c0c0c0c0c0c0c0c
       123  \\\\\\\\\\\\\\\\  5c5c5c5c5c5c5c5c5c5c5c5c5c5c5c5c
       110  ................  9c9c9c9c9c9c9c9c9c9c9c9c9c9c9c9c
        98  jjjjjjjjjjjjjjjj  6a6a6a6a6a6a6a6a6a6a6a6a6a6a6a6a
        97  5555555555555555  35353535353535353535353535353535
# epoch 1500  H=7.8686 C=7.6635 HO=0.1334  A(t)=225
       660  ,,,,,,,,,,,,,,,,  2c2c2c2c2c2c2c2c2c2c2c2c2c2c2c2c
       427  [[[[[[[[[[[[[[[[  5b5b5b5b5b5b5b5b5b5b5b5b5b5b5b5b
       257  ]]]]]]]]]]]]]]]]  5d5d5d5d5d5d5d5d5d5d5d5d5d5d5d5d
       158  ................  2e2e2e2e2e2e2e2e2e2e2e2e2e2e2e2e
       149  ................  01010101010101010101010101010101
       134  9999999999999999  39393939393939393939393939393939
       113  ................  83838383838383838383838383838383
       112  ................  e5e5e5e5e5e5e5e5e5e5e5e5e5e5e5e5
       103  >>>>>>>>>>>>>>>>  3e3e3e3e3e3e3e3e3e3e3e3e3e3e3e3e
       101  8888888888888888  38383838383838383838383838383838
# epoch 1750  H=7.8569 C=7.6601 HO=0.1280  A(t)=242
       610  [[[[[[[[[[[[[[[[  5b5b5b5b5b5b5b5b5b5b5b5b5b5b5b5b
       536  ,,,,,,,,,,,,,,,,  2c2c2c2c2c2c2c2c2c2c2c2c2c2c2c2c
       487  ]]]]]]]]]]]]]]]]  5d5d5d5d5d5d5d5d5d5d5d5d5d5d5d5d
       152  ................  2e2e2e2e2e2e2e2e2e2e2e2e2e2e2e2e
       111  ZZZZZZZZZZZZZZZZ  5a5a5a5a5a5a5a5a5a5a5a5a5a5a5a5a
       108  iiiiiiiiiiiiiiii  69696969696969696969696969696969
       106  ----------------  2d2d2d2d2d2d2d2d2d2d2d2d2d2d2d2d
       103  ================  3d3d3d3d3d3d3d3d3d3d3d3d3d3d3d3d
       100  \\\\\\\\\\\\\\\\  5c5c5c5c5c5c5c5c5c5c5c5c5c5c5c5c
        94  XXXXXXXXXXXXXXXX  58585858585858585858585858585858
# epoch 2000  H=7.8521 C=7.6581 HO=0.1271  A(t)=255
       653  [[[[[[[[[[[[[[[[  5b5b5b5b5b5b5b5b5b5b5b5b5b5b5b5b
       485  ,,,,,,,,,,,,,,,,  2c2c2c2c2c2c2c2c2c2c2c2c2c2c2c2c
       390  ]]]]]]]]]]]]]]]]  5d5d5d5d5d5d5d5d5d5d5d5d5d5d5d5d
       119  ................  e4e4e4e4e4e4e4e4e4e4e4e4e4e4e4e4
       100  kkkkkkkkkkkkkkkk  6b6b6b6b6b6b6b6b6b6b6b6b6b6b6b6b
        98  ________________  5f5f5f5f5f5f5f5f5f5f5f5f5f5f5f5f
        95  ................  d0d0d0d0d0d0d0d0d0d0d0d0d0d0d0d0
        92  ((((((((((((((((  28282828282828282828282828282828
        91  ................  2e2e2e2e2e2e2e2e2e2e2e2e2e2e2e2e
        90  """"""""""""""""  22222222222222222222222222222222
# epoch 2250  H=7.8462 C=7.6469 HO=0.1313  A(t)=268
       731  [[[[[[[[[[[[[[[[  5b5b5b5b5b5b5b5b5b5b5b5b5b5b5b5b
       654  ,,,,,,,,,,,,,,,,  2c2c2c2c2c2c2c2c2c2c2c2c2c2c2c2c
       453  ]]]]]]]]]]]]]]]]  5d5d5d5d5d5d5d5d5d5d5d5d5d5d5d5d
       300  ................  2e2e2e2e2e2e2e2e2e2e2e2e2e2e2e2e
       158  \\\\\\\\\\\\\\\\  5c5c5c5c5c5c5c5c5c5c5c5c5c5c5c5c
       127  YYYYYYYYYYYYYYYY  59595959595959595959595959595959
       122  ))))))))))))))))  29292929292929292929292929292929
       109  ................  ffffffffffffffffffffffffffffffff
       109  ZZZZZZZZZZZZZZZZ  5a5a5a5a5a5a5a5a5a5a5a5a5a5a5a5a
       103  ................  c4c4c4c4c4c4c4c4c4c4c4c4c4c4c4c4
# epoch 2500  H=7.8359 C=7.6258 HO=0.1401  A(t)=283
       590  [[[[[[[[[[[[[[[[  5b5b5b5b5b5b5b5b5b5b5b5b5b5b5b5b
       574  ,,,,,,,,,,,,,,,,  2c2c2c2c2c2c2c2c2c2c2c2c2c2c2c2c
       379  ]]]]]]]]]]]]]]]]  5d5d5d5d5d5d5d5d5d5d5d5d5d5d5d5d
       261  ................  2e2e2e2e2e2e2e2e2e2e2e2e2e2e2e2e
       213  ZZZZZZZZZZZZZZZZ  5a5a5a5a5a5a5a5a5a5a5a5a5a5a5a5a
       170  ................  0b0b0b0b0b0b0b0b0b0b0b0b0b0b0b0b
       149  ................  05050505050505050505050505050505
       129  ................  a4a4a4a4a4a4a4a4a4a4a4a4a4a4a4a4
       125  ................  01010101010101010101010101010101
       121  ................  cccccccccccccccccccccccccccccccc
# epoch 2750  H=7.8260 C=7.6250 HO=0.1334  A(t)=293
       763  [[[[[[[[[[[[[[[[  5b5b5b5b5b5b5b5b5b5b5b5b5b5b5b5b
       636  ,,,,,,,,,,,,,,,,  2c2c2c2c2c2c2c2c2c2c2c2c2c2c2c2c
       532  ]]]]]]]]]]]]]]]]  5d5d5d5d5d5d5d5d5d5d5d5d5d5d5d5d
       172  ................  ffffffffffffffffffffffffffffffff
       132  ................  2e2e2e2e2e2e2e2e2e2e2e2e2e2e2e2e
       104  >>>>>>>>>>>>>>>>  3e3e3e3e3e3e3e3e3e3e3e3e3e3e3e3e
       101  \\\\\\\\\\\\\\\\  5c5c5c5c5c5c5c5c5c5c5c5c5c5c5c5c
        93  ................  81818181818181818181818181818181
        92  aaaaaaaaaaaaaaaa  61616161616161616161616161616161
        79  9999999999999999  39393939393939393939393939393939
# epoch 3000  H=7.8208 C=7.6247 HO=0.1284  A(t)=296
       604  ,,,,,,,,,,,,,,,,  2c2c2c2c2c2c2c2c2c2c2c2c2c2c2c2c
       416  [[[[[[[[[[[[[[[[  5b5b5b5b5b5b5b5b5b5b5b5b5b5b5b5b
       357  ]]]]]]]]]]]]]]]]  5d5d5d5d5d5d5d5d5d5d5d5d5d5d5d5d
       264  ................  2e2e2e2e2e2e2e2e2e2e2e2e2e2e2e2e
       164  ????????????????  3f3f3f3f3f3f3f3f3f3f3f3f3f3f3f3f
       153  ................  01010101010101010101010101010101
       132  \\\\\\\\\\\\\\\\  5c5c5c5c5c5c5c5c5c5c5c5c5c5c5c5c
       117  ................  02020202020202020202020202020202
       114  ................  04040404040404040404040404040404
        99  0000000000000000  30303030303030303030303030303030
# epoch 3250  H=7.8108 C=7.6130 HO=0.1318  A(t)=301
       665  [[[[[[[[[[[[[[[[  5b5b5b5b5b5b5b5b5b5b5b5b5b5b5b5b
       611  ,,,,,,,,,,,,,,,,  2c2c2c2c2c2c2c2c2c2c2c2c2c2c2c2c
       450  ]]]]]]]]]]]]]]]]  5d5d5d5d5d5d5d5d5d5d5d5d5d5d5d5d
       242  ................  2e2e2e2e2e2e2e2e2e2e2e2e2e2e2e2e
       144  ................  01010101010101010101010101010101
       136  ................  ffffffffffffffffffffffffffffffff
       119  ................  0d0d0d0d0d0d0d0d0d0d0d0d0d0d0d0d
       104  ................  04040404040404040404040404040404
       100  \\\\\\\\\\\\\\\\  5c5c5c5c5c5c5c5c5c5c5c5c5c5c5c5c
        99  ................  fefefefefefefefefefefefefefefefe
# epoch 3500  H=7.8077 C=7.5942 HO=0.1475  A(t)=307
       592  [[[[[[[[[[[[[[[[  5b5b5b5b5b5b5b5b5b5b5b5b5b5b5b5b
       505  ,,,,,,,,,,,,,,,,  2c2c2c2c2c2c2c2c2c2c2c2c2c2c2c2c
       384  ]]]]]]]]]]]]]]]]  5d5d5d5d5d5d5d5d5d5d5d5d5d5d5d5d
       160  ................  2e2e2e2e2e2e2e2e2e2e2e2e2e2e2e2e
       154  ................  01010101010101010101010101010101
       127  ^^^^^^^^^^^^^^^^  5e5e5e5e5e5e5e5e5e5e5e5e5e5e5e5e
       106  \\\\\\\\\\\\\\\\  5c5c5c5c5c5c5c5c5c5c5c5c5c5c5c5c
        97  ))))))))))))))))  29292929292929292929292929292929
        97  ................  02020202020202020202020202020202
        96  ________________  5f5f5f5f5f5f5f5f5f5f5f5f5f5f5f5f
# epoch 3750  H=7.8021 C=7.5780 HO=0.1560  A(t)=307
       705  ,,,,,,,,,,,,,,,,  2c2c2c2c2c2c2c2c2c2c2c2c2c2c2c2c
       682  [[[[[[[[[[[[[[[[  5b5b5b5b5b5b5b5b5b5b5b5b5b5b5b5b
       519  ]]]]]]]]]]]]]]]]  5d5d5d5d5d5d5d5d5d5d5d5d5d5d5d5d
       207  ................  2e2e2e2e2e2e2e2e2e2e2e2e2e2e2e2e
       196  \\\\\\\\\\\\\\\\  5c5c5c5c5c5c5c5c5c5c5c5c5c5c5c5c
       176  ................  01010101010101010101010101010101
       164  ................  02020202020202020202020202020202
       131  ................  81818181818181818181818181818181
       131  ................  05050505050505050505050505050505
        98  ................  82828282828282828282828282828282
# epoch 4000  H=6.1878 C=0.7971 HO=5.6902  A(t)=307
     21415  .[>}.B44,,.:..]]  ff5b3e7dfc4234342c2cf83aec9b5d5d
     21120  .....+9./.,..[>}  80fcfc8ffe2b398f2ffe2cffff5b3e7d
     21013  .,..[>}.B44,,.:.  fe2cffff5b3e7dfc4234342c2cf83aec
     20903  @.....+9./.,..[>  4080fcfc8ffe2b398f2ffe2cffff5b3e
     20897  ,..[>}.B44,,.:..  2cffff5b3e7dfc4234342c2cf83aec9b
     20533  9./.,..[>}.B44,,  398f2ffe2cffff5b3e7dfc4234342c2c
     20526  ..+9./.,..[>}.B4  8ffe2b398f2ffe2cffff5b3e7dfc4234
     20428  .+9./.,..[>}.B44  fe2b398f2ffe2cffff5b3e7dfc423434
     20419  /.,..[>}.B44,,.:  2ffe2cffff5b3e7dfc4234342c2cf83a
     20367  ...+9./.,..[>}.B  fc8ffe2b398f2ffe2cffff5b3e7dfc42
# epoch 4250  H=6.3637 C=0.9968 HO=5.8466  A(t)=307
     10146  .....+9./.,..[>}  80fcfc8ffe2b398f2ffe2cffff5b3e7d
      9968  .[>}.B44,,.:..]]  ff5b3e7dfc4234342c2cf83aec9b5d5d
      9884  @.....+9./.,..[>  4080fcfc8ffe2b398f2ffe2cffff5b3e
      9544  .,..[>}.B44,,.:.  fe2cffff5b3e7dfc4234342c2cf83aec
      9515  ..+9./.,..[>}.B4  8ffe2b398f2ffe2cffff5b3e7dfc4234
      9407  ...+9./.,..[>}.B  fc8ffe2b398f2ffe2cffff5b3e7dfc42
      9114  .+9./.,..[>}.B44  fe2b398f2ffe2cffff5b3e7dfc423434
      9113  ....+9./.,..[>}.  fcfc8ffe2b398f2ffe2cffff5b3e7dfc
      9112  ,..[>}.B44,,.:..  2cffff5b3e7dfc4234342c2cf83aec9b
      9078  [>}.B44,,.:..]].  5b3e7dfc4234342c2cf83aec9b5d5dff
# epoch 4500  H=6.5632 C=1.1304 HO=6.0434  A(t)=307
      4750  .....+9./.,..[>}  80fcfc8ffe2b398f2ffe2cffff5b3e7d
      4490  .[>}.B44,,.:..]]  ff5b3e7dfc4234342c2cf83aec9b5d5d
      4458  ....+9./.,..[>}.  fcfc8ffe2b398f2ffe2cffff5b3e7dfc
      4321  ...+9./.,..[>}.B  fc8ffe2b398f2ffe2cffff5b3e7dfc42
      4310  .+9./.,..[>}.B44  fe2b398f2ffe2cffff5b3e7dfc423434
      4263  @.....+9./.,..[>  4080fcfc8ffe2b398f2ffe2cffff5b3e
      4254  [>}.B44,,.:..]].  5b3e7dfc4234342c2cf83aec9b5d5dff
      4077  ..+9./.,..[>}.B4  8ffe2b398f2ffe2cffff5b3e7dfc4234
      3944  9./.,..[>}.B44,,  398f2ffe2cffff5b3e7dfc4234342c2c
      3863  +9./.,..[>}.B44,  2b398f2ffe2cffff5b3e7dfc4234342c
# epoch 4750  H=6.6644 C=1.1503 HO=6.1448  A(t)=307
      3063  .....+9./.,..[>}  80fcfc8ffe2b398f2ffe2cffff5b3e7d
      2795  ....+9./.,..[>}.  fcfc8ffe2b398f2ffe2cffff5b3e7dfc
      2787  @.....+9./.,..[>  4080fcfc8ffe2b398f2ffe2cffff5b3e
      2057  ...+9./.,..[>}.B  fc8ffe2b398f2ffe2cffff5b3e7dfc42
      1984  +9./.,..[>}.B44,  2b398f2ffe2cffff5b3e7dfc4234342c
      1860  9./.,..[>}.B44,,  398f2ffe2cffff5b3e7dfc4234342c2c
      1798  ./.,..[>}.B44,,.  8f2ffe2cffff5b3e7dfc4234342c2cf8
      1722  ..+9./.,..[>}.B4  8ffe2b398f2ffe2cffff5b3e7dfc4234
      1717  /.,..[>}.B44,,.:  2ffe2cffff5b3e7dfc4234342c2cf83a
      1627  .+9./.,..[>}.B44  fe2b398f2ffe2cffff5b3e7dfc423434
# epoch 5000  H=6.7207 C=1.1805 HO=6.1971  A(t)=812
      1559  .....+9./.,..[>}  80fcfc8ffe2b398f2ffe2cffff5b3e7d
      1488  @.....+9./.,..[>  4080fcfc8ffe2b398f2ffe2cffff5b3e
      1468  ....+9./.,..[>}.  fcfc8ffe2b398f2ffe2cffff5b3e7dfc
      1256  [>}.B44,,.:..]].  5b3e7dfc4234342c2cf83aec9b5d5dff
      1173  +9./.,..[>}.B44,  2b398f2ffe2cffff5b3e7dfc4234342c
      1039  ...+9./.,..[>}.B  fc8ffe2b398f2ffe2cffff5b3e7dfc42
       967  >}.B44,,.:..]]..  3e7dfc4234342c2cf83aec9b5d5dffff
       824  .|..+9./.,..[>}.  fc7c8ffe2b398f2ffe2cffb55b3e7daf
       823  ..|..+9./.,..[>}  80fc7c8ffe2b398f2ffe2cffb55b3e7d
       823  @..|..+9./.,..[>  4080fc7c8ffe2b398f2ffe2cffb55b3e
# epoch 5250  H=6.8012 C=1.1562 HO=6.2843  A(t)=1205
      1055  +9./.,..[>}.B44,  2b398f2ffe2cffff5b3e7dfc4234342c
       960  .,..[>}.944,,.:.  fe2cff825b3e7dfc3934342c2ceb3aec
       954  .....+9./.,..[>}  80fcfc8ffe2b398f2ffe2cffff5b3e7d
       954  @.....+9./.,..[>  4080fcfc8ffe2b398f2ffe2cffff5b3e
       931  ..+9./.,..[>}.B4  8ffe2b398f2ffe2cffff5b3e7dfc4234
       921  ....`".LM4Bh..?l  fb8887886022f64c4d344268a4d03f6c
       915  OA....`".LM4Bh..  4f41fb8887886022f64c4d344268a4d0
       906  ,..[>}.944,,.:..  2cff825b3e7dfc3934342c2ceb3aec9b
       902  .+9./.,..[>}.B44  fe2b398f2ffe2cffff5b3e7dfc423434
       887  A....`".LM4Bh..?  41fb8887886022f64c4d344268a4d03f
# epoch 5500  H=6.8637 C=1.2000 HO=6.3530  A(t)=1607
       742  .._9...,..[>}.BM  8ffe20398ff7fe2cfeba5b3e7dfc424d
       738  ./.,v.[>}.B44.,D  8f2f082c76905b3e7d07423434832c44
       734  ....._9...,..[>}  80be028ffe20398ff7fe2cfeba5b3e7d
       732  ._9...,..[>}.BM4  fe20398ff7fe2cfeba5b3e7dfc424d34
       732  9./.,v.[>}.B44.,  398f2f082c76905b3e7d07423434832c
       729  ...._9...,..[>}.  be028ffe20398ff7fe2cfeba5b3e7dfc
       726  ..._9...,..[>}.B  028ffe20398ff7fe2cfeba5b3e7dfc42
       696  /.,v.[>}.B44.,D:  2f082c76905b3e7d07423434832c443a
       684  v.[>}.B44.,D:..]  76905b3e7d07423434832c443aec9b5d
       675  :/.,..[>}..4.,,.  3a2ffe2cffff5b3e7dfcf734042c2cf8
