# epoch 0  H=7.9999 C=8.0025 HO=-0.0001  A(t)=0
         1  ...jD.W}.m*.N.&"  fffffc6a44bc577dcd6d2a9d4ec82622
         1  ....qU.}..z..d..  fffff5807155d87d9cce7a9ac864978b
         1  ....Q(d.].<8.u..  ffffe712512864ac5db63c38b8751d8d
         1  .....#F...Ch..q.  ffffe6d9b523460c93ec43681bad71a9
         1  ...T..ItM...b...  ffffe454fd1049744ddafbbf62d1c5c3
         1  .........2......  ffffd515ed908418a332c99710f4cf0f
         1  ....Bv"..p.&.a.d  ffffaebc42762281a970f1268661c764
         1  ........v.......  ffffa682a59cd0e676c3a3da93c2c5e6
         1  ...];.....U....,  ffff9f5d3b80848da906558609c6d22c
         1  ....Z^.\.....i..  ffff98a95a5ef15c8ffc0bc9ef690e0c
# epoch 250  H=7.9876 C=7.8784 HO=0.0815  A(t)=0
       213  ]]]]]]]]]]]]]]]]  5d5d5d5d5d5d5d5d5d5d5d5d5d5d5d5d
       118  ................  2e2e2e2e2e2e2e2e2e2e2e2e2e2e2e2e
       111  [[[[[[[[[[[[[[[[  5b5b5b5b5b5b5b5b5b5b5b5b5b5b5b5b
       102  ................  c6c6c6c6c6c6c6c6c6c6c6c6c6c6c6c6
        99  ................  0d0d0d0d0d0d0d0d0d0d0d0d0d0d0d0d
        96  ................  b1b1b1b1b1b1b1b1b1b1b1b1b1b1b1b1
        88  ZZZZZZZZZZZZZZZZ  5a5a5a5a5a5a5a5a5a5a5a5a5a5a5a5a
        82  ,,,,,,,,,,,,,,,,  2c2c2c2c2c2c2c2c2c2c2c2c2c2c2c2c
        76  ................  11111111111111111111111111111111
        75  ................  e6e6e6e6e6e6e6e6e6e6e6e6e6e6e6e6
# epoch 500  H=7.9626 C=7.8237 HO=0.0845  A(t)=0
       317  [[[[[[[[[[[[[[[[  5b5b5b5b5b5b5b5b5b5b5b5b5b5b5b5b
       304  ]]]]]]]]]]]]]]]]  5d5d5d5d5d5d5d5d5d5d5d5d5d5d5d5d
       263  ,,,,,,,,,,,,,,,,  2c2c2c2c2c2c2c2c2c2c2c2c2c2c2c2c
        91  ................  ecececececececececececececececec
        80  ................  01010101010101010101010101010101
        79  ................  c5c5c5c5c5c5c5c5c5c5c5c5c5c5c5c5
        67  ................  2e2e2e2e2e2e2e2e2e2e2e2e2e2e2e2e
        67  ................  10101010101010101010101010101010
        66  ................  07070707070707070707070707070707
        64  ````````````````  60606060606060606060606060606060
# epoch 750  H=7.9345 C=7.7703 HO=0.1001  A(t)=0
       433  ,,,,,,,,,,,,,,,,  2c2c2c2c2c2c2c2c2c2c2c2c2c2c2c2c
       379  [[[[[[[[[[[[[[[[  5b5b5b5b5b5b5b5b5b5b5b5b5b5b5b5b
       325  ]]]]]]]]]]]]]]]]  5d5d5d5d5d5d5d5d5d5d5d5d5d5d5d5d
       163  ................  2e2e2e2e2e2e2e2e2e2e2e2e2e2e2e2e
       112  ................  93939393939393939393939393939393
       103  ZZZZZZZZZZZZZZZZ  5a5a5a5a5a5a5a5a5a5a5a5a5a5a5a5a
        95  ................  1f1f1f1f1f1f1f1f1f1f1f1f1f1f1f1f
        72  ................  c3c3c3c3c3c3c3c3c3c3c3c3c3c3c3c3
        71  ................  c4c4c4c4c4c4c4c4c4c4c4c4c4c4c4c4
        69  ................  d4d4d4d4d4d4d4d4d4d4d4d4d4d4d4d4
# epoch 1000  H=7.9072 C=7.7087 HO=0.1286  A(t)=0
       552  ,,,,,,,,,,,,,,,,  2c2c2c2c2c2c2c2c2c2c2c2c2c2c2c2c
       377  ]]]]]]]]]]]]]]]]  5d5d5d5d5d5d5d5d5d5d5d5d5d5d5d5d
       318  [[[[[[[[[[[[[[[[  5b5b5b5b5b5b5b5b5b5b5b5b5b5b5b5b
       223  ................  2e2e2e2e2e2e2e2e2e2e2e2e2e2e2e2e
       129  ................  01010101010101010101010101010101
       104  ................  05050505050505050505050505050505
        99  bbbbbbbbbbbbbbbb  62626262626262626262626262626262
        94  ................  87878787878787878787878787878787
        93  ................  8c8c8c8c8c8c8c8c8c8c8c8c8c8c8c8c
        90  ................  cccccccccccccccccccccccccccccccc
# epoch 1250  H=7.8811 C=7.6646 HO=0.1464  A(t)=201
       686  ,,,,,,,,,,,,,,,,  2c2c2c2c2c2c2c2c2c2c2c2c2c2c2c2c
       448  [[[[[[[[[[[[[[[[  5b5b5b5b5b5b5b5b5b5b5b5b5b5b5b5b
       445  ]]]]]]]]]]]]]]]]  5d5d5d5d5d5d5d5d5d5d5d5d5d5d5d5d
       236  ................  2e2e2e2e2e2e2e2e2e2e2e2e2e2e2e2e
       133  ................  ffffffffffffffffffffffffffffffff
       130  ................  01010101010101010101010101010101
       108  ................  94949494949494949494949494949494
       106  ................  e9e9e9e9e9e9e9e9e9e9e9e9e9e9e9e9
       104  }}}}}}}}}}}}}}}}  7d7d7d7d7d7d7d7d7d7d7d7d7d7d7d7d
        99  WWWWWWWWWWWWWWWW  57575757575757575757575757575757
# epoch 1500  H=7.8659 C=7.6520 HO=0.1418  A(t)=219
       658  ,,,,,,,,,,,,,,,,  2c2c2c2c2c2c2c2c2c2c2c2c2c2c2c2c
       587  ]]]]]]]]]]]]]]]]  5d5d5d5d5d5d5d5d5d5d5d5d5d5d5d5d
       392  [[[[[[[[[[[[[[[[  5b5b5b5b5b5b5b5b5b5b5b5b5b5b5b5b
       221  ................  2e2e2e2e2e2e2e2e2e2e2e2e2e2e2e2e
       153  ................  14141414141414141414141414141414
       132  ................  ffffffffffffffffffffffffffffffff
       129  qqqqqqqqqqqqqqqq  71717171717171717171717171717171
       105  ................  1c1c1c1c1c1c1c1c1c1c1c1c1c1c1c1c
        91  ................  cfcfcfcfcfcfcfcfcfcfcfcfcfcfcfcf
        88  \\\\\\\\\\\\\\\\  5c5c5c5c5c5c5c5c5c5c5c5c5c5c5c5c
# epoch 1750  H=7.8510 C=7.6315 HO=0.1454  A(t)=231
       732  ,,,,,,,,,,,,,,,,  2c2c2c2c2c2c2c2c2c2c2c2c2c2c2c2c
       487  [[[[[[[[[[[[[[[[  5b5b5b5b5b5b5b5b5b5b5b5b5b5b5b5b
       451  ]]]]]]]]]]]]]]]]  5d5d5d5d5d5d5d5d5d5d5d5d5d5d5d5d
       245  ^^^^^^^^^^^^^^^^  5e5e5e5e5e5e5e5e5e5e5e5e5e5e5e5e
       232  ................  2e2e2e2e2e2e2e2e2e2e2e2e2e2e2e2e
       127  \\\\\\\\\\\\\\\\  5c5c5c5c5c5c5c5c5c5c5c5c5c5c5c5c
        99  ................  f0f0f0f0f0f0f0f0f0f0f0f0f0f0f0f0
        94  jjjjjjjjjjjjjjjj  6a6a6a6a6a6a6a6a6a6a6a6a6a6a6a6a
        94  ................  00000000000000000000000000000000
        93  ................  1e1e1e1e1e1e1e1e1e1e1e1e1e1e1e1e
# epoch 2000  H=7.8409 C=7.6385 HO=0.1337  A(t)=262
       732  ,,,,,,,,,,,,,,,,  2c2c2c2c2c2c2c2c2c2c2c2c2c2c2c2c
       535  [[[[[[[[[[[[[[[[  5b5b5b5b5b5b5b5b5b5b5b5b5b5b5b5b
       430  ]]]]]]]]]]]]]]]]  5d5d5d5d5d5d5d5d5d5d5d5d5d5d5d5d
       250  ................  2e2e2e2e2e2e2e2e2e2e2e2e2e2e2e2e
       111  >>>>>>>>>>>>>>>>  3e3e3e3e3e3e3e3e3e3e3e3e3e3e3e3e
       107  \\\\\\\\\\\\\\\\  5c5c5c5c5c5c5c5c5c5c5c5c5c5c5c5c
        92  ................  17171717171717171717171717171717
        90  7777777777777777  37373737373737373737373737373737
        87  ZZZZZZZZZZZZZZZZ  5a5a5a5a5a5a5a5a5a5a5a5a5a5a5a5a
        83  ))))))))))))))))  29292929292929292929292929292929
# epoch 2250  H=7.8297 C=7.6145 HO=0.1414  A(t)=277
       850  [[[[[[[[[[[[[[[[  5b5b5b5b5b5b5b5b5b5b5b5b5b5b5b5b
       670  ,,,,,,,,,,,,,,,,  2c2c2c2c2c2c2c2c2c2c2c2c2c2c2c2c
       452  ]]]]]]]]]]]]]]]]  5d5d5d5d5d5d5d5d5d5d5d5d5d5d5d5d
       224  ................  01010101010101010101010101010101
       174  ................  2e2e2e2e2e2e2e2e2e2e2e2e2e2e2e2e
       156  8888888888888888  38383838383838383838383838383838
       133  ................  02020202020202020202020202020202
       130  ................  fefefefefefefefefefefefefefefefe
       116  \\\\\\\\\\\\\\\\  5c5c5c5c5c5c5c5c5c5c5c5c5c5c5c5c
       109  ((((((((((((((((  28282828282828282828282828282828
# epoch 2500  H=7.8236 C=7.6141 HO=0.1372  A(t)=297
       824  [[[[[[[[[[[[[[[[  5b5b5b5b5b5b5b5b5b5b5b5b5b5b5b5b
       581  ,,,,,,,,,,,,,,,,  2c2c2c2c2c2c2c2c2c2c2c2c2c2c2c2c
       348  ]]]]]]]]]]]]]]]]  5d5d5d5d5d5d5d5d5d5d5d5d5d5d5d5d
       272  ................  2e2e2e2e2e2e2e2e2e2e2e2e2e2e2e2e
       140  ................  fdfdfdfdfdfdfdfdfdfdfdfdfdfdfdfd
       117  ZZZZZZZZZZZZZZZZ  5a5a5a5a5a5a5a5a5a5a5a5a5a5a5a5a
       110  \\\\\\\\\\\\\\\\  5c5c5c5c5c5c5c5c5c5c5c5c5c5c5c5c
       106  ................  18181818181818181818181818181818
        96  4444444444444444  34343434343434343434343434343434
        93  YYYYYYYYYYYYYYYY  59595959595959595959595959595959
# epoch 2750  H=7.8205 C=7.6026 HO=0.1470  A(t)=297
       565  [[[[[[[[[[[[[[[[  5b5b5b5b5b5b5b5b5b5b5b5b5b5b5b5b
       548  ,,,,,,,,,,,,,,,,  2c2c2c2c2c2c2c2c2c2c2c2c2c2c2c2c
       497  ]]]]]]]]]]]]]]]]  5d5d5d5d5d5d5d5d5d5d5d5d5d5d5d5d
       214  \\\\\\\\\\\\\\\\  5c5c5c5c5c5c5c5c5c5c5c5c5c5c5c5c
       170  ZZZZZZZZZZZZZZZZ  5a5a5a5a5a5a5a5a5a5a5a5a5a5a5a5a
       161  $$$$$$$$$$$$$$$$  24242424242424242424242424242424
       147  ................  2e2e2e2e2e2e2e2e2e2e2e2e2e2e2e2e
       141  ................  ffffffffffffffffffffffffffffffff
       127  ................  c8c8c8c8c8c8c8c8c8c8c8c8c8c8c8c8
       114  ~~~~~~~~~~~~~~~~  7e7e7e7e7e7e7e7e7e7e7e7e7e7e7e7e
# epoch 3000  H=7.8157 C=7.6071 HO=0.1417  A(t)=302
       574  [[[[[[[[[[[[[[[[  5b5b5b5b5b5b5b5b5b5b5b5b5b5b5b5b
       540  ,,,,,,,,,,,,,,,,  2c2c2c2c2c2c2c2c2c2c2c2c2c2c2c2c
       472  ]]]]]]]]]]]]]]]]  5d5d5d5d5d5d5d5d5d5d5d5d5d5d5d5d
       241  ................  ffffffffffffffffffffffffffffffff
       173  ZZZZZZZZZZZZZZZZ  5a5a5a5a5a5a5a5a5a5a5a5a5a5a5a5a
       154  ................  2e2e2e2e2e2e2e2e2e2e2e2e2e2e2e2e
       136  ................  f7f7f7f7f7f7f7f7f7f7f7f7f7f7f7f7
       130  ................  02020202020202020202020202020202
       125  ................  fafafafafafafafafafafafafafafafa
       113  ................  87878787878787878787878787878787
# epoch 3250  H=7.8078 C=7.5895 HO=0.1533  A(t)=306
       732  ,,,,,,,,,,,,,,,,  2c2c2c2c2c2c2c2c2c2c2c2c2c2c2c2c
       518  ]]]]]]]]]]]]]]]]  5d5d5d5d5d5d5d5d5d5d5d5d5d5d5d5d
       505  [[[[[[[[[[[[[[[[  5b5b5b5b5b5b5b5b5b5b5b5b5b5b5b5b
       272  \\\\\\\\\\\\\\\\  5c5c5c5c5c5c5c5c5c5c5c5c5c5c5c5c
       142  ................  01010101010101010101010101010101
       136  5555555555555555  35353535353535353535353535353535
       115  ................  03030303030303030303030303030303
       110  ................  2e2e2e2e2e2e2e2e2e2e2e2e2e2e2e2e
       106  ++++++++++++++++  2b2b2b2b2b2b2b2b2b2b2b2b2b2b2b2b
       103  ================  3d3d3d3d3d3d3d3d3d3d3d3d3d3d3d3d
# epoch 3500  H=7.8011 C=7.5882 HO=0.1473  A(t)=307
       707  [[[[[[[[[[[[[[[[  5b5b5b5b5b5b5b5b5b5b5b5b5b5b5b5b
       647  ,,,,,,,,,,,,,,,,  2c2c2c2c2c2c2c2c2c2c2c2c2c2c2c2c
       293  ]]]]]]]]]]]]]]]]  5d5d5d5d5d5d5d5d5d5d5d5d5d5d5d5d
       241  ................  2e2e2e2e2e2e2e2e2e2e2e2e2e2e2e2e
       132  ................  02020202020202020202020202020202
       118  ................  f1f1f1f1f1f1f1f1f1f1f1f1f1f1f1f1
       102  ****************  2a2a2a2a2a2a2a2a2a2a2a2a2a2a2a2a
       101  ................  01010101010101010101010101010101
        95  ................  9d9d9d9d9d9d9d9d9d9d9d9d9d9d9d9d
        95  ^^^^^^^^^^^^^^^^  5e5e5e5e5e5e5e5e5e5e5e5e5e5e5e5e
# epoch 3750  H=7.7941 C=7.5790 HO=0.1451  A(t)=308
       656  ,,,,,,,,,,,,,,,,  2c2c2c2c2c2c2c2c2c2c2c2c2c2c2c2c
       653  [[[[[[[[[[[[[[[[  5b5b5b5b5b5b5b5b5b5b5b5b5b5b5b5b
       375  ]]]]]]]]]]]]]]]]  5d5d5d5d5d5d5d5d5d5d5d5d5d5d5d5d
       135  ................  01010101010101010101010101010101
       128  ################  23232323232323232323232323232323
       126  <<<<<<<<<<<<<<<<  3c3c3c3c3c3c3c3c3c3c3c3c3c3c3c3c
       110  ````````````````  60606060606060606060606060606060
       104  ZZZZZZZZZZZZZZZZ  5a5a5a5a5a5a5a5a5a5a5a5a5a5a5a5a
        95  ................  ffffffffffffffffffffffffffffffff
        94  ^^^^^^^^^^^^^^^^  5e5e5e5e5e5e5e5e5e5e5e5e5e5e5e5e
# epoch 4000  H=7.7873 C=7.5667 HO=0.1551  A(t)=309
       719  [[[[[[[[[[[[[[[[  5b5b5b5b5b5b5b5b5b5b5b5b5b5b5b5b
       646  ,,,,,,,,,,,,,,,,  2c2c2c2c2c2c2c2c2c2c2c2c2c2c2c2c
       382  ]]]]]]]]]]]]]]]]  5d5d5d5d5d5d5d5d5d5d5d5d5d5d5d5d
       271  ................  2e2e2e2e2e2e2e2e2e2e2e2e2e2e2e2e
       239  ................  ffffffffffffffffffffffffffffffff
       157  !!!!!!!!!!!!!!!!  21212121212121212121212121212121
       147  >>>>>>>>>>>>>>>>  3e3e3e3e3e3e3e3e3e3e3e3e3e3e3e3e
       144  ................  02020202020202020202020202020202
       143  \\\\\\\\\\\\\\\\  5c5c5c5c5c5c5c5c5c5c5c5c5c5c5c5c
       137  ^^^^^^^^^^^^^^^^  5e5e5e5e5e5e5e5e5e5e5e5e5e5e5e5e
# epoch 4250  H=7.7807 C=7.5591 HO=0.1557  A(t)=309
       668  ,,,,,,,,,,,,,,,,  2c2c2c2c2c2c2c2c2c2c2c2c2c2c2c2c
       605  [[[[[[[[[[[[[[[[  5b5b5b5b5b5b5b5b5b5b5b5b5b5b5b5b
       397  ]]]]]]]]]]]]]]]]  5d5d5d5d5d5d5d5d5d5d5d5d5d5d5d5d
       305  ................  2e2e2e2e2e2e2e2e2e2e2e2e2e2e2e2e
       295  ................  01010101010101010101010101010101
       226  ................  ffffffffffffffffffffffffffffffff
       184  \\\\\\\\\\\\\\\\  5c5c5c5c5c5c5c5c5c5c5c5c5c5c5c5c
       129  oooooooooooooooo  6f6f6f6f6f6f6f6f6f6f6f6f6f6f6f6f
       129  ))))))))))))))))  29292929292929292929292929292929
       110  &&&&&&&&&&&&&&&&  26262626262626262626262626262626
# epoch 4500  H=7.7764 C=7.5560 HO=0.1568  A(t)=310
       751  ]]]]]]]]]]]]]]]]  5d5d5d5d5d5d5d5d5d5d5d5d5d5d5d5d
       736  ,,,,,,,,,,,,,,,,  2c2c2c2c2c2c2c2c2c2c2c2c2c2c2c2c
       464  [[[[[[[[[[[[[[[[  5b5b5b5b5b5b5b5b5b5b5b5b5b5b5b5b
       157  ................  2e2e2e2e2e2e2e2e2e2e2e2e2e2e2e2e
       135  ................  efefefefefefefefefefefefefefefef
       125  ................  fefefefefefefefefefefefefefefefe
       118  ................  01010101010101010101010101010101
       114  ................  f6f6f6f6f6f6f6f6f6f6f6f6f6f6f6f6
       108  \\\\\\\\\\\\\\\\  5c5c5c5c5c5c5c5c5c5c5c5c5c5c5c5c
        97  ................  e9e9e9e9e9e9e9e9e9e9e9e9e9e9e9e9
# epoch 4750  H=7.7765 C=7.5568 HO=0.1521  A(t)=310
       846  ,,,,,,,,,,,,,,,,  2c2c2c2c2c2c2c2c2c2c2c2c2c2c2c2c
       732  [[[[[[[[[[[[[[[[  5b5b5b5b5b5b5b5b5b5b5b5b5b5b5b5b
       349  ]]]]]]]]]]]]]]]]  5d5d5d5d5d5d5d5d5d5d5d5d5d5d5d5d
       248  ................  2e2e2e2e2e2e2e2e2e2e2e2e2e2e2e2e
       175  ))))))))))))))))  29292929292929292929292929292929
       169  @@@@@@@@@@@@@@@@  40404040404040404040404040404040
       156  ................  01010101010101010101010101010101
       135  8888888888888888  38383838383838383838383838383838
       130  ................  ffffffffffffffffffffffffffffffff
       122  ................  fdfdfdfdfdfdfdfdfdfdfdfdfdfdfdfd
# epoch 5000  H=7.7775 C=7.5584 HO=0.1551  A(t)=311
       827  ,,,,,,,,,,,,,,,,  2c2c2c2c2c2c2c2c2c2c2c2c2c2c2c2c
       672  [[[[[[[[[[[[[[[[  5b5b5b5b5b5b5b5b5b5b5b5b5b5b5b5b
       619  ]]]]]]]]]]]]]]]]  5d5d5d5d5d5d5d5d5d5d5d5d5d5d5d5d
       255  ................  2e2e2e2e2e2e2e2e2e2e2e2e2e2e2e2e
       225  ................  01010101010101010101010101010101
       163  ****************  2a2a2a2a2a2a2a2a2a2a2a2a2a2a2a2a
       129  ''''''''''''''''  27272727272727272727272727272727
       116  aaaaaaaaaaaaaaaa  61616161616161616161616161616161
       112  &&&&&&&&&&&&&&&&  26262626262626262626262626262626
        99  RRRRRRRRRRRRRRRR  52525252525252525252525252525252
# epoch 5250  H=7.7767 C=7.5514 HO=0.1574  A(t)=311
       791  ,,,,,,,,,,,,,,,,  2c2c2c2c2c2c2c2c2c2c2c2c2c2c2c2c
       660  [[[[[[[[[[[[[[[[  5b5b5b5b5b5b5b5b5b5b5b5b5b5b5b5b
       472  ]]]]]]]]]]]]]]]]  5d5d5d5d5d5d5d5d5d5d5d5d5d5d5d5d
       214  ................  2e2e2e2e2e2e2e2e2e2e2e2e2e2e2e2e
       206  ................  fefefefefefefefefefefefefefefefe
       155  ................  fdfdfdfdfdfdfdfdfdfdfdfdfdfdfdfd
       138  ................  ffffffffffffffffffffffffffffffff
       128  \\\\\\\\\\\\\\\\  5c5c5c5c5c5c5c5c5c5c5c5c5c5c5c5c
       125  ................  81818181818181818181818181818181
       123  ZZZZZZZZZZZZZZZZ  5a5a5a5a5a5a5a5a5a5a5a5a5a5a5a5a
# epoch 5500  H=7.7760 C=7.5513 HO=0.1569  A(t)=311
       637  [[[[[[[[[[[[[[[[  5b5b5b5b5b5b5b5b5b5b5b5b5b5b5b5b
       560  ,,,,,,,,,,,,,,,,  2c2c2c2c2c2c2c2c2c2c2c2c2c2c2c2c
       470  ]]]]]]]]]]]]]]]]  5d5d5d5d5d5d5d5d5d5d5d5d5d5d5d5d
       256  ZZZZZZZZZZZZZZZZ  5a5a5a5a5a5a5a5a5a5a5a5a5a5a5a5a
       147  ................  01010101010101010101010101010101
       137  \\\\\\\\\\\\\\\\  5c5c5c5c5c5c5c5c5c5c5c5c5c5c5c5c
       120  ................  fdfdfdfdfdfdfdfdfdfdfdfdfdfdfdfd
       116  ................  2e2e2e2e2e2e2e2e2e2e2e2e2e2e2e2e
       108  7777777777777777  37373737373737373737373737373737
       100  ****************  2a2a2a2a2a2a2a2a2a2a2a2a2a2a2a2a
# epoch 5750  H=7.7715 C=7.5490 HO=0.1549  A(t)=313
       562  [[[[[[[[[[[[[[[[  5b5b5b5b5b5b5b5b5b5b5b5b5b5b5b5b
       513  ,,,,,,,,,,,,,,,,  2c2c2c2c2c2c2c2c2c2c2c2c2c2c2c2c
       409  ]]]]]]]]]]]]]]]]  5d5d5d5d5d5d5d5d5d5d5d5d5d5d5d5d
       251  ................  2e2e2e2e2e2e2e2e2e2e2e2e2e2e2e2e
       205  \\\\\\\\\\\\\\\\  5c5c5c5c5c5c5c5c5c5c5c5c5c5c5c5c
       173  ................  01010101010101010101010101010101
       139  aaaaaaaaaaaaaaaa  61616161616161616161616161616161
       123  ................  ffffffffffffffffffffffffffffffff
       120  ZZZZZZZZZZZZZZZZ  5a5a5a5a5a5a5a5a5a5a5a5a5a5a5a5a
       107  ................  80808080808080808080808080808080
# epoch 6000  H=7.7722 C=7.5473 HO=0.1582  A(t)=313
       664  [[[[[[[[[[[[[[[[  5b5b5b5b5b5b5b5b5b5b5b5b5b5b5b5b
       616  ,,,,,,,,,,,,,,,,  2c2c2c2c2c2c2c2c2c2c2c2c2c2c2c2c
       516  ]]]]]]]]]]]]]]]]  5d5d5d5d5d5d5d5d5d5d5d5d5d5d5d5d
       208  ................  01010101010101010101010101010101
       164  ZZZZZZZZZZZZZZZZ  5a5a5a5a5a5a5a5a5a5a5a5a5a5a5a5a
       143  ................  8b8b8b8b8b8b8b8b8b8b8b8b8b8b8b8b
       140  \\\\\\\\\\\\\\\\  5c5c5c5c5c5c5c5c5c5c5c5c5c5c5c5c
       139  <<<<<<<<<<<<<<<<  3c3c3c3c3c3c3c3c3c3c3c3c3c3c3c3c
       126  ................  2e2e2e2e2e2e2e2e2e2e2e2e2e2e2e2e
       125  2222222222222222  32323232323232323232323232323232
# epoch 6250  H=7.7715 C=7.5586 HO=0.1489  A(t)=313
       769  [[[[[[[[[[[[[[[[  5b5b5b5b5b5b5b5b5b5b5b5b5b5b5b5b
       533  ,,,,,,,,,,,,,,,,  2c2c2c2c2c2c2c2c2c2c2c2c2c2c2c2c
       396  ]]]]]]]]]]]]]]]]  5d5d5d5d5d5d5d5d5d5d5d5d5d5d5d5d
       230  ................  2e2e2e2e2e2e2e2e2e2e2e2e2e2e2e2e
       215  ................  81818181818181818181818181818181
       149  ****************  2a2a2a2a2a2a2a2a2a2a2a2a2a2a2a2a
       120  ................  01010101010101010101010101010101
       106  ................  fafafafafafafafafafafafafafafafa
        97  !!!!!!!!!!!!!!!!  21212121212121212121212121212121
        97  ................  02020202020202020202020202020202
# epoch 6500  H=7.7714 C=7.5407 HO=0.1619  A(t)=313
       686  ,,,,,,,,,,,,,,,,  2c2c2c2c2c2c2c2c2c2c2c2c2c2c2c2c
       655  [[[[[[[[[[[[[[[[  5b5b5b5b5b5b5b5b5b5b5b5b5b5b5b5b
       422  ]]]]]]]]]]]]]]]]  5d5d5d5d5d5d5d5d5d5d5d5d5d5d5d5d
       238  ................  01010101010101010101010101010101
       155  \\\\\\\\\\\\\\\\  5c5c5c5c5c5c5c5c5c5c5c5c5c5c5c5c
       140  ................  2e2e2e2e2e2e2e2e2e2e2e2e2e2e2e2e
       122  0000000000000000  30303030303030303030303030303030
       119  ................  02020202020202020202020202020202
       110  ################  23232323232323232323232323232323
       107  ................  fefefefefefefefefefefefefefefefe
# epoch 6750  H=7.7697 C=7.5313 HO=0.1753  A(t)=314
       715  [[[[[[[[[[[[[[[[  5b5b5b5b5b5b5b5b5b5b5b5b5b5b5b5b
       467  ,,,,,,,,,,,,,,,,  2c2c2c2c2c2c2c2c2c2c2c2c2c2c2c2c
       430  ]]]]]]]]]]]]]]]]  5d5d5d5d5d5d5d5d5d5d5d5d5d5d5d5d
       201  ................  fefefefefefefefefefefefefefefefe
       195  \\\\\\\\\\\\\\\\  5c5c5c5c5c5c5c5c5c5c5c5c5c5c5c5c
       151  ................  e5e5e5e5e5e5e5e5e5e5e5e5e5e5e5e5
       149  ................  03030303030303030303030303030303
       148  7777777777777777  37373737373737373737373737373737
       144  ^^^^^^^^^^^^^^^^  5e5e5e5e5e5e5e5e5e5e5e5e5e5e5e5e
       144  ................  2e2e2e2e2e2e2e2e2e2e2e2e2e2e2e2e
# epoch 7000  H=7.7655 C=7.5356 HO=0.1641  A(t)=314
       921  [[[[[[[[[[[[[[[[  5b5b5b5b5b5b5b5b5b5b5b5b5b5b5b5b
       581  ,,,,,,,,,,,,,,,,  2c2c2c2c2c2c2c2c2c2c2c2c2c2c2c2c
       469  ]]]]]]]]]]]]]]]]  5d5d5d5d5d5d5d5d5d5d5d5d5d5d5d5d
       236  ................  ffffffffffffffffffffffffffffffff
       217  ZZZZZZZZZZZZZZZZ  5a5a5a5a5a5a5a5a5a5a5a5a5a5a5a5a
       200  ................  01010101010101010101010101010101
       169  ................  fefefefefefefefefefefefefefefefe
       169  ................  1f1f1f1f1f1f1f1f1f1f1f1f1f1f1f1f
       162  ;;;;;;;;;;;;;;;;  3b3b3b3b3b3b3b3b3b3b3b3b3b3b3b3b
       133  \\\\\\\\\\\\\\\\  5c5c5c5c5c5c5c5c5c5c5c5c5c5c5c5c
# epoch 7250  H=7.7638 C=7.5411 HO=0.1532  A(t)=315
       781  ]]]]]]]]]]]]]]]]  5d5d5d5d5d5d5d5d5d5d5d5d5d5d5d5d
       632  ,,,,,,,,,,,,,,,,  2c2c2c2c2c2c2c2c2c2c2c2c2c2c2c2c
       464  [[[[[[[[[[[[[[[[  5b5b5b5b5b5b5b5b5b5b5b5b5b5b5b5b
       258  ................  2e2e2e2e2e2e2e2e2e2e2e2e2e2e2e2e
       153  \\\\\\\\\\\\\\\\  5c5c5c5c5c5c5c5c5c5c5c5c5c5c5c5c
       138  ................  01010101010101010101010101010101
       123  ................  fefefefefefefefefefefefefefefefe
       118  ................  8b8b8b8b8b8b8b8b8b8b8b8b8b8b8b8b
       104  ................  fdfdfdfdfdfdfdfdfdfdfdfdfdfdfdfd
       104  ................  02020202020202020202020202020202
# epoch 7500  H=7.7598 C=7.5444 HO=0.1545  A(t)=315
       694  [[[[[[[[[[[[[[[[  5b5b5b5b5b5b5b5b5b5b5b5b5b5b5b5b
       661  ,,,,,,,,,,,,,,,,  2c2c2c2c2c2c2c2c2c2c2c2c2c2c2c2c
       397  ]]]]]]]]]]]]]]]]  5d5d5d5d5d5d5d5d5d5d5d5d5d5d5d5d
       231  ................  ffffffffffffffffffffffffffffffff
       136  ................  01010101010101010101010101010101
       130  \\\\\\\\\\\\\\\\  5c5c5c5c5c5c5c5c5c5c5c5c5c5c5c5c
       123  ................  2e2e2e2e2e2e2e2e2e2e2e2e2e2e2e2e
       122  ................  03030303030303030303030303030303
       107  ****************  2a2a2a2a2a2a2a2a2a2a2a2a2a2a2a2a
       106  ^^^^^^^^^^^^^^^^  5e5e5e5e5e5e5e5e5e5e5e5e5e5e5e5e
# epoch 7750  H=7.7601 C=7.5325 HO=0.1632  A(t)=315
       654  [[[[[[[[[[[[[[[[  5b5b5b5b5b5b5b5b5b5b5b5b5b5b5b5b
       503  ,,,,,,,,,,,,,,,,  2c2c2c2c2c2c2c2c2c2c2c2c2c2c2c2c
       465  ]]]]]]]]]]]]]]]]  5d5d5d5d5d5d5d5d5d5d5d5d5d5d5d5d
       247  ................  01010101010101010101010101010101
       158  ZZZZZZZZZZZZZZZZ  5a5a5a5a5a5a5a5a5a5a5a5a5a5a5a5a
       133  ................  04040404040404040404040404040404
       123  uuuuuuuuuuuuuuuu  75757575757575757575757575757575
       118  ................  0b0b0b0b0b0b0b0b0b0b0b0b0b0b0b0b
       112  ................  80808080808080808080808080808080
       108  <<<<<<<<<<<<<<<<  3c3c3c3c3c3c3c3c3c3c3c3c3c3c3c3c
# epoch 8000  H=7.7581 C=7.5255 HO=0.1660  A(t)=315
       639  [[[[[[[[[[[[[[[[  5b5b5b5b5b5b5b5b5b5b5b5b5b5b5b5b
       599  ,,,,,,,,,,,,,,,,  2c2c2c2c2c2c2c2c2c2c2c2c2c2c2c2c
       387  ]]]]]]]]]]]]]]]]  5d5d5d5d5d5d5d5d5d5d5d5d5d5d5d5d
       220  ................  2e2e2e2e2e2e2e2e2e2e2e2e2e2e2e2e
       188  ................  ffffffffffffffffffffffffffffffff
       183  ................  82828282828282828282828282828282
       177  ................  02020202020202020202020202020202
       134  ................  05050505050505050505050505050505
       127  ................  fdfdfdfdfdfdfdfdfdfdfdfdfdfdfdfd
       123  ................  03030303030303030303030303030303
# epoch 8250  H=7.7547 C=7.5204 HO=0.1721  A(t)=315
       788  [[[[[[[[[[[[[[[[  5b5b5b5b5b5b5b5b5b5b5b5b5b5b5b5b
       742  ,,,,,,,,,,,,,,,,  2c2c2c2c2c2c2c2c2c2c2c2c2c2c2c2c
       449  ]]]]]]]]]]]]]]]]  5d5d5d5d5d5d5d5d5d5d5d5d5d5d5d5d
       245  ................  2e2e2e2e2e2e2e2e2e2e2e2e2e2e2e2e
       149  ^^^^^^^^^^^^^^^^  5e5e5e5e5e5e5e5e5e5e5e5e5e5e5e5e
       141  ................  fdfdfdfdfdfdfdfdfdfdfdfdfdfdfdfd
       129  ................  01010101010101010101010101010101
       123  0000000000000000  30303030303030303030303030303030
       121  ................  ffffffffffffffffffffffffffffffff
       119  mmmmmmmmmmmmmmmm  6d6d6d6d6d6d6d6d6d6d6d6d6d6d6d6d
# epoch 8500  H=7.7518 C=7.5250 HO=0.1618  A(t)=316
       621  ,,,,,,,,,,,,,,,,  2c2c2c2c2c2c2c2c2c2c2c2c2c2c2c2c
       522  [[[[[[[[[[[[[[[[  5b5b5b5b5b5b5b5b5b5b5b5b5b5b5b5b
       499  ]]]]]]]]]]]]]]]]  5d5d5d5d5d5d5d5d5d5d5d5d5d5d5d5d
       260  ................  01010101010101010101010101010101
       228  ................  2e2e2e2e2e2e2e2e2e2e2e2e2e2e2e2e
       185  ????????????????  3f3f3f3f3f3f3f3f3f3f3f3f3f3f3f3f
       167  ................  ffffffffffffffffffffffffffffffff
       148  \\\\\\\\\\\\\\\\  5c5c5c5c5c5c5c5c5c5c5c5c5c5c5c5c
       137  SSSSSSSSSSSSSSSS  53535353535353535353535353535353
       134  ZZZZZZZZZZZZZZZZ  5a5a5a5a5a5a5a5a5a5a5a5a5a5a5a5a
# epoch 8750  H=7.7529 C=7.5312 HO=0.1554  A(t)=316
       717  ,,,,,,,,,,,,,,,,  2c2c2c2c2c2c2c2c2c2c2c2c2c2c2c2c
       639  ]]]]]]]]]]]]]]]]  5d5d5d5d5d5d5d5d5d5d5d5d5d5d5d5d
       619  [[[[[[[[[[[[[[[[  5b5b5b5b5b5b5b5b5b5b5b5b5b5b5b5b
       199  ................  2e2e2e2e2e2e2e2e2e2e2e2e2e2e2e2e
       165  ................  01010101010101010101010101010101
       130  <<<<<<<<<<<<<<<<  3c3c3c3c3c3c3c3c3c3c3c3c3c3c3c3c
       125  \\\\\\\\\\\\\\\\  5c5c5c5c5c5c5c5c5c5c5c5c5c5c5c5c
       101  8888888888888888  38383838383838383838383838383838
        96  ................  fcfcfcfcfcfcfcfcfcfcfcfcfcfcfcfc
        94  ZZZZZZZZZZZZZZZZ  5a5a5a5a5a5a5a5a5a5a5a5a5a5a5a5a
# epoch 9000  H=7.7583 C=7.5501 HO=0.1442  A(t)=316
       486  ,,,,,,,,,,,,,,,,  2c2c2c2c2c2c2c2c2c2c2c2c2c2c2c2c
       408  [[[[[[[[[[[[[[[[  5b5b5b5b5b5b5b5b5b5b5b5b5b5b5b5b
       273  ]]]]]]]]]]]]]]]]  5d5d5d5d5d5d5d5d5d5d5d5d5d5d5d5d
       194  ................  ffffffffffffffffffffffffffffffff
       170  ................  f6f6f6f6f6f6f6f6f6f6f6f6f6f6f6f6
       118  ................  01010101010101010101010101010101
       108  5555555555555555  35353535353535353535353535353535
       103  @@@@@@@@@@@@@@@@  40404040404040404040404040404040
       103  9999999999999999  39393939393939393939393939393939
        91  ================  3d3d3d3d3d3d3d3d3d3d3d3d3d3d3d3d
# epoch 9250  H=7.7592 C=7.5488 HO=0.1504  A(t)=316
       651  ,,,,,,,,,,,,,,,,  2c2c2c2c2c2c2c2c2c2c2c2c2c2c2c2c
       463  [[[[[[[[[[[[[[[[  5b5b5b5b5b5b5b5b5b5b5b5b5b5b5b5b
       187  ]]]]]]]]]]]]]]]]  5d5d5d5d5d5d5d5d5d5d5d5d5d5d5d5d
       153  ////////////////  2f2f2f2f2f2f2f2f2f2f2f2f2f2f2f2f
       129  ................  01010101010101010101010101010101
       128  ................  02020202020202020202020202020202
       127  ................  2e2e2e2e2e2e2e2e2e2e2e2e2e2e2e2e
       125  ~~~~~~~~~~~~~~~~  7e7e7e7e7e7e7e7e7e7e7e7e7e7e7e7e
       123  ZZZZZZZZZZZZZZZZ  5a5a5a5a5a5a5a5a5a5a5a5a5a5a5a5a
       116  >>>>>>>>>>>>>>>>  3e3e3e3e3e3e3e3e3e3e3e3e3e3e3e3e
# epoch 9500  H=7.7547 C=7.5277 HO=0.1637  A(t)=316
       922  [[[[[[[[[[[[[[[[  5b5b5b5b5b5b5b5b5b5b5b5b5b5b5b5b
       699  ,,,,,,,,,,,,,,,,  2c2c2c2c2c2c2c2c2c2c2c2c2c2c2c2c
       555  ]]]]]]]]]]]]]]]]  5d5d5d5d5d5d5d5d5d5d5d5d5d5d5d5d
       225  ................  2e2e2e2e2e2e2e2e2e2e2e2e2e2e2e2e
       204  ................  01010101010101010101010101010101
       174  ________________  20202020202020202020202020202020
       154  ================  3d3d3d3d3d3d3d3d3d3d3d3d3d3d3d3d
       141  ................  02020202020202020202020202020202
       121  \\\\\\\\\\\\\\\\  5c5c5c5c5c5c5c5c5c5c5c5c5c5c5c5c
       116  ZZZZZZZZZZZZZZZZ  5a5a5a5a5a5a5a5a5a5a5a5a5a5a5a5a
# epoch 9750  H=7.7557 C=7.5385 HO=0.1551  A(t)=316
       727  [[[[[[[[[[[[[[[[  5b5b5b5b5b5b5b5b5b5b5b5b5b5b5b5b
       481  ,,,,,,,,,,,,,,,,  2c2c2c2c2c2c2c2c2c2c2c2c2c2c2c2c
       289  ]]]]]]]]]]]]]]]]  5d5d5d5d5d5d5d5d5d5d5d5d5d5d5d5d
       151  ................  01010101010101010101010101010101
       138  \\\\\\\\\\\\\\\\  5c5c5c5c5c5c5c5c5c5c5c5c5c5c5c5c
       116  ;;;;;;;;;;;;;;;;  3b3b3b3b3b3b3b3b3b3b3b3b3b3b3b3b
       116  ****************  2a2a2a2a2a2a2a2a2a2a2a2a2a2a2a2a
       109  ................  02020202020202020202020202020202
       105  <<<<<<<<<<<<<<<<  3c3c3c3c3c3c3c3c3c3c3c3c3c3c3c3c
        98  BBBBBBBBBBBBBBBB  42424242424242424242424242424242
# epoch 10000  H=7.7540 C=7.5388 HO=0.1535  A(t)=316
       983  [[[[[[[[[[[[[[[[  5b5b5b5b5b5b5b5b5b5b5b5b5b5b5b5b
       560  ,,,,,,,,,,,,,,,,  2c2c2c2c2c2c2c2c2c2c2c2c2c2c2c2c
       436  ]]]]]]]]]]]]]]]]  5d5d5d5d5d5d5d5d5d5d5d5d5d5d5d5d
       390  ................  ffffffffffffffffffffffffffffffff
       203  ................  2e2e2e2e2e2e2e2e2e2e2e2e2e2e2e2e
       127  }}}}}}}}}}}}}}}}  7d7d7d7d7d7d7d7d7d7d7d7d7d7d7d7d
       119  ----------------  2d2d2d2d2d2d2d2d2d2d2d2d2d2d2d2d
       104  \\\\\\\\\\\\\\\\  5c5c5c5c5c5c5c5c5c5c5c5c5c5c5c5c
       104  ................  01010101010101010101010101010101
       102  PPPPPPPPPPPPPPPP  50505050505050505050505050505050
# epoch 10250  H=5.4942 C=1.7451 HO=4.0171  A(t)=316
     14742  >3}c}.}ZZ[.[[[Z.  3e337d637d887d5a5a5b815b5b5b5adf
     14546  ;.>3}c}.}ZZ[.[[[  3b193e337d637d887d5a5a5b815b5b5b
     14496  6;.>3}c}.}ZZ[.[[  363b193e337d637d887d5a5a5b815b5b
     14467  .>3}c}.}ZZ[.[[[Z  193e337d637d887d5a5a5b815b5b5b5a
     14317  |6;.>3}c}.}ZZ[.[  7c363b193e337d637d887d5a5a5b815b
     13982  }c}.}ZZ[.[[[Z...  7d637d887d5a5a5b815b5b5b5adfc4c4
     13586  }.}ZZ[.[[[Z...;[  7d887d5a5a5b815b5b5b5adfc4c43b5b
     13453  3}c}.}ZZ[.[[[Z..  337d637d887d5a5a5b815b5b5b5adfc4
     13014  c}.}ZZ[.[[[Z...;  637d887d5a5a5b815b5b5b5adfc4c43b
     12754  .}ZZ[.[[[Z...;[{  887d5a5a5b815b5b5b5adfc4c43b5b7b
# epoch 10500  H=5.5690 C=1.1024 HO=4.7206  A(t)=316
     12864  Q<..`L..m.....]]  513c2e89604c03ed6dcb830781f35d5d
     12729  .Q<..`L..m.....]  ce513c2e89604c03ed6dcb830781f35d
      9728  ..o|6;.>3}c}.}ZZ  b6f46f7c363b193e337d637d887d5a5a
      9479  .o|6;.>3}c}.}ZZ[  f46f7c363b193e337d637d887d5a5a5b
      9208  o|6;.>3}c}.}ZZ[.  6f7c363b193e337d637d887d5a5a5b2e
      8968  |6;.>3}c}.}ZZ[.[  7c363b193e337d637d887d5a5a5b2e5b
      8701  ;.>3}c}.}ZZ[.[[[  3b193e337d637d887d5a5a5b2e5b5b5b
      8673  6;.>3}c}.}ZZ[.[[  363b193e337d637d887d5a5a5b2e5b5b
      8507  >3}c}.}ZZ[.[[[Z.  3e337d637d887d5a5a5b2e5b5b5b5adf
      8149  }c}.}ZZ[.[[[Z...  7d637d887d5a5a5b2e5b5b5b5adfb9c4
# epoch 10750  H=5.8042 C=1.0984 HO=5.1063  A(t)=316
      6680  Q<..`L..m.....]]  513c2e89604c03ed6dcb830781f35d5d
      6636  .Q<..`L..m.....]  ce513c2e89604c03ed6dcb830781f35d
      5632  ..o|6;.>3}c}.}ZZ  b6f46f7c363b193e337d637d887d5a5a
      4886  >3}c}.}ZZ[.[[[Z.  3e337d637d887d5a5a5b2e5b5b5b5adf
      4862  .o|6;.>3}c}.}ZZ[  f46f7c363b193e337d637d887d5a5a5b
      4710  6;.>3}c}.}ZZ[.[[  363b193e337d637d887d5a5a5b2e5b5b
      4692  o|6;.>3}c}.}ZZ[.  6f7c363b193e337d637d887d5a5a5b2e
      4518  3}c}.}ZZ[.[[[Z..  337d637d887d5a5a5b2e5b5b5b5adfb9
      4463  ;.>3}c}.}ZZ[.[[[  3b193e337d637d887d5a5a5b2e5b5b5b
      4334  |6;.>3}c}.}ZZ[.[  7c363b193e337d637d887d5a5a5b2e5b
