# epoch 0  H=7.9999 C=8.0025 HO=-0.0026  A(t)=0
         1  ...#....K36{...K  ffffe023a2b5ff9b4b33367bd9f9bf4b
         1  ...g|.J.....X.N.  ffffce677ca44aeedfb9e81258b54eb9
         1  ...Cw.n;..o.h.U.  ffffcd4377fc6e3bb8fe6faf680d55f4
         1  ...c.4....-E...$  ffffc163813416c29ef22d4588190b24
         1  ....>..<...W..g.  ffffbead3ee7a93cd8c8a557dddd67ec
         1  ...]REe......{1G  ffffb95d524565fa16d983a80b7b3147
         1  ......X....).h..  ffffa6e2afa758c1fdbc8e29d3681112
         1  .......+.....O..  ffffa686b2b6862b97a6c8c3c04f9913
         1  .....9...|e.f...  ffff8edeae392ebbc57c65a966eebc04
         1  ..............==  ffff8ca4c7c51a1804c00a818e8e3d3d
# epoch 200  H=7.9972 C=7.7074 HO=0.2898  A(t)=0
      1117  [[[[[[[[[[[[[[[[  5b5b5b5b5b5b5b5b5b5b5b5b5b5b5b5b
       584  ,,,,,,,,,,,,,,,,  2c2c2c2c2c2c2c2c2c2c2c2c2c2c2c2c
       513  <<<<<<<<<<<<<<<<  3c3c3c3c3c3c3c3c3c3c3c3c3c3c3c3c
       502  ................  ffffffffffffffffffffffffffffffff
       465  gggggggggggggggg  67676767676767676767676767676767
       456  ................  01010101010101010101010101010101
       438  HHHHHHHHHHHHHHHH  48484848484848484848484848484848
       376  ................  b5b5b5b5b5b5b5b5b5b5b5b5b5b5b5b5
       372  ................  a3a3a3a3a3a3a3a3a3a3a3a3a3a3a3a3
       365  >>>>>>>>>>>>>>>>  3e3e3e3e3e3e3e3e3e3e3e3e3e3e3e3e
# epoch 400  H=7.9888 C=7.5677 HO=0.4211  A(t)=0
      1342  [[[[[[[[[[[[[[[[  5b5b5b5b5b5b5b5b5b5b5b5b5b5b5b5b
      1254  ,,,,,,,,,,,,,,,,  2c2c2c2c2c2c2c2c2c2c2c2c2c2c2c2c
      1012  <<<<<<<<<<<<<<<<  3c3c3c3c3c3c3c3c3c3c3c3c3c3c3c3c
       956  ................  01010101010101010101010101010101
       899  ................  ffffffffffffffffffffffffffffffff
       524  ................  02020202020202020202020202020202
       485  ................  d0d0d0d0d0d0d0d0d0d0d0d0d0d0d0d0
       483  ................  b9b9b9b9b9b9b9b9b9b9b9b9b9b9b9b9
       452  ................  95959595959595959595959595959595
       437  ................  edededededededededededededededed
# epoch 600  H=7.9757 C=7.4653 HO=0.5104  A(t)=0
      1451  <<<<<<<<<<<<<<<<  3c3c3c3c3c3c3c3c3c3c3c3c3c3c3c3c
      1280  [[[[[[[[[[[[[[[[  5b5b5b5b5b5b5b5b5b5b5b5b5b5b5b5b
      1066  ,,,,,,,,,,,,,,,,  2c2c2c2c2c2c2c2c2c2c2c2c2c2c2c2c
       947  ................  ffffffffffffffffffffffffffffffff
       818  ................  01010101010101010101010101010101
       736  ................  fefefefefefefefefefefefefefefefe
       734  ;;;;;;;;;;;;;;;;  3b3b3b3b3b3b3b3b3b3b3b3b3b3b3b3b
       702  >>>>>>>>>>>>>>>>  3e3e3e3e3e3e3e3e3e3e3e3e3e3e3e3e
       596  ................  02020202020202020202020202020202
       538  ::::::::::::::::  3a3a3a3a3a3a3a3a3a3a3a3a3a3a3a3a
# epoch 800  H=7.9569 C=7.3928 HO=0.5641  A(t)=0
      2166  <<<<<<<<<<<<<<<<  3c3c3c3c3c3c3c3c3c3c3c3c3c3c3c3c
      1339  [[[[[[[[[[[[[[[[  5b5b5b5b5b5b5b5b5b5b5b5b5b5b5b5b
       858  ................  ffffffffffffffffffffffffffffffff
       849  ,,,,,,,,,,,,,,,,  2c2c2c2c2c2c2c2c2c2c2c2c2c2c2c2c
       844  >>>>>>>>>>>>>>>>  3e3e3e3e3e3e3e3e3e3e3e3e3e3e3e3e
       791  ................  01010101010101010101010101010101
       771  ;;;;;;;;;;;;;;;;  3b3b3b3b3b3b3b3b3b3b3b3b3b3b3b3b
       599  ................  03030303030303030303030303030303
       584  ................  02020202020202020202020202020202
       487  ================  3d3d3d3d3d3d3d3d3d3d3d3d3d3d3d3d
# epoch 1000  H=7.9365 C=7.3483 HO=0.5882  A(t)=308
      2966  [[[[[[[[[[[[[[[[  5b5b5b5b5b5b5b5b5b5b5b5b5b5b5b5b
      1992  <<<<<<<<<<<<<<<<  3c3c3c3c3c3c3c3c3c3c3c3c3c3c3c3c
      1097  ................  01010101010101010101010101010101
      1047  >>>>>>>>>>>>>>>>  3e3e3e3e3e3e3e3e3e3e3e3e3e3e3e3e
       893  ;;;;;;;;;;;;;;;;  3b3b3b3b3b3b3b3b3b3b3b3b3b3b3b3b
       731  ................  02020202020202020202020202020202
       635  ................  e8e8e8e8e8e8e8e8e8e8e8e8e8e8e8e8
       501  ................  ffffffffffffffffffffffffffffffff
       501  ================  3d3d3d3d3d3d3d3d3d3d3d3d3d3d3d3d
       486  ,,,,,,,,,,,,,,,,  2c2c2c2c2c2c2c2c2c2c2c2c2c2c2c2c
# epoch 1200  H=7.9137 C=7.3448 HO=0.5689  A(t)=316
      2641  [[[[[[[[[[[[[[[[  5b5b5b5b5b5b5b5b5b5b5b5b5b5b5b5b
      2609  <<<<<<<<<<<<<<<<  3c3c3c3c3c3c3c3c3c3c3c3c3c3c3c3c
       895  ;;;;;;;;;;;;;;;;  3b3b3b3b3b3b3b3b3b3b3b3b3b3b3b3b
       843  >>>>>>>>>>>>>>>>  3e3e3e3e3e3e3e3e3e3e3e3e3e3e3e3e
       722  ================  3d3d3d3d3d3d3d3d3d3d3d3d3d3d3d3d
       721  ................  01010101010101010101010101010101
       572  ,,,,,,,,,,,,,,,,  2c2c2c2c2c2c2c2c2c2c2c2c2c2c2c2c
       499  ................  18181818181818181818181818181818
       383  ................  02020202020202020202020202020202
       355  ................  e8e8e8e8e8e8e8e8e8e8e8e8e8e8e8e8
# epoch 1400  H=7.8892 C=7.3091 HO=0.5801  A(t)=324
      2796  <<<<<<<<<<<<<<<<  3c3c3c3c3c3c3c3c3c3c3c3c3c3c3c3c
      2383  ................  01010101010101010101010101010101
      1774  [[[[[[[[[[[[[[[[  5b5b5b5b5b5b5b5b5b5b5b5b5b5b5b5b
      1183  ================  3d3d3d3d3d3d3d3d3d3d3d3d3d3d3d3d
       944  >>>>>>>>>>>>>>>>  3e3e3e3e3e3e3e3e3e3e3e3e3e3e3e3e
       818  ;;;;;;;;;;;;;;;;  3b3b3b3b3b3b3b3b3b3b3b3b3b3b3b3b
       672  ,,,,,,,,,,,,,,,,  2c2c2c2c2c2c2c2c2c2c2c2c2c2c2c2c
       479  ................  ffffffffffffffffffffffffffffffff
       459  {{{{{{{{{{{{{{{{  7b7b7b7b7b7b7b7b7b7b7b7b7b7b7b7b
       417  ................  18181818181818181818181818181818
# epoch 1600  H=7.8629 C=7.2864 HO=0.5765  A(t)=334
      2669  <<<<<<<<<<<<<<<<  3c3c3c3c3c3c3c3c3c3c3c3c3c3c3c3c
      1523  [[[[[[[[[[[[[[[[  5b5b5b5b5b5b5b5b5b5b5b5b5b5b5b5b
      1250  ================  3d3d3d3d3d3d3d3d3d3d3d3d3d3d3d3d
      1004  >>>>>>>>>>>>>>>>  3e3e3e3e3e3e3e3e3e3e3e3e3e3e3e3e
       983  ................  01010101010101010101010101010101
       806  ,,,,,,,,,,,,,,,,  2c2c2c2c2c2c2c2c2c2c2c2c2c2c2c2c
       677  ;;;;;;;;;;;;;;;;  3b3b3b3b3b3b3b3b3b3b3b3b3b3b3b3b
       646  ????????????????  3f3f3f3f3f3f3f3f3f3f3f3f3f3f3f3f
       462  ................  c1c1c1c1c1c1c1c1c1c1c1c1c1c1c1c1
       360  BBBBBBBBBBBBBBBB  42424242424242424242424242424242
# epoch 1800  H=7.8308 C=7.2418 HO=0.5890  A(t)=345
      2600  <<<<<<<<<<<<<<<<  3c3c3c3c3c3c3c3c3c3c3c3c3c3c3c3c
      1928  [[[[[[[[[[[[[[[[  5b5b5b5b5b5b5b5b5b5b5b5b5b5b5b5b
      1191  ,,,,,,,,,,,,,,,,  2c2c2c2c2c2c2c2c2c2c2c2c2c2c2c2c
      1031  ================  3d3d3d3d3d3d3d3d3d3d3d3d3d3d3d3d
       948  ;;;;;;;;;;;;;;;;  3b3b3b3b3b3b3b3b3b3b3b3b3b3b3b3b
       933  >>>>>>>>>>>>>>>>  3e3e3e3e3e3e3e3e3e3e3e3e3e3e3e3e
       627  9999999999999999  39393939393939393939393939393939
       582  ????????????????  3f3f3f3f3f3f3f3f3f3f3f3f3f3f3f3f
       532  ................  01010101010101010101010101010101
       476  {{{{{{{{{{{{{{{{  7b7b7b7b7b7b7b7b7b7b7b7b7b7b7b7b
# epoch 2000  H=7.8007 C=7.2226 HO=0.5781  A(t)=366
      2620  <<<<<<<<<<<<<<<<  3c3c3c3c3c3c3c3c3c3c3c3c3c3c3c3c
      1740  [[[[[[[[[[[[[[[[  5b5b5b5b5b5b5b5b5b5b5b5b5b5b5b5b
      1160  ,,,,,,,,,,,,,,,,  2c2c2c2c2c2c2c2c2c2c2c2c2c2c2c2c
       911  ;;;;;;;;;;;;;;;;  3b3b3b3b3b3b3b3b3b3b3b3b3b3b3b3b
       895  ================  3d3d3d3d3d3d3d3d3d3d3d3d3d3d3d3d
       740  >>>>>>>>>>>>>>>>  3e3e3e3e3e3e3e3e3e3e3e3e3e3e3e3e
       591  ::::::::::::::::  3a3a3a3a3a3a3a3a3a3a3a3a3a3a3a3a
       481  {{{{{{{{{{{{{{{{  7b7b7b7b7b7b7b7b7b7b7b7b7b7b7b7b
       475  8888888888888888  38383838383838383838383838383838
       455  9999999999999999  39393939393939393939393939393939
# epoch 2200  H=7.7694 C=7.2252 HO=0.5442  A(t)=380
      2184  <<<<<<<<<<<<<<<<  3c3c3c3c3c3c3c3c3c3c3c3c3c3c3c3c
      1574  [[[[[[[[[[[[[[[[  5b5b5b5b5b5b5b5b5b5b5b5b5b5b5b5b
      1145  ;;;;;;;;;;;;;;;;  3b3b3b3b3b3b3b3b3b3b3b3b3b3b3b3b
       918  ,,,,,,,,,,,,,,,,  2c2c2c2c2c2c2c2c2c2c2c2c2c2c2c2c
       868  ================  3d3d3d3d3d3d3d3d3d3d3d3d3d3d3d3d
       825  >>>>>>>>>>>>>>>>  3e3e3e3e3e3e3e3e3e3e3e3e3e3e3e3e
       771  ::::::::::::::::  3a3a3a3a3a3a3a3a3a3a3a3a3a3a3a3a
       399  ................  01010101010101010101010101010101
       391  {{{{{{{{{{{{{{{{  7b7b7b7b7b7b7b7b7b7b7b7b7b7b7b7b
       379  ????????????????  3f3f3f3f3f3f3f3f3f3f3f3f3f3f3f3f
# epoch 2400  H=7.7346 C=7.2160 HO=0.5186  A(t)=386
      1913  [[[[[[[[[[[[[[[[  5b5b5b5b5b5b5b5b5b5b5b5b5b5b5b5b
      1848  <<<<<<<<<<<<<<<<  3c3c3c3c3c3c3c3c3c3c3c3c3c3c3c3c
       881  ::::::::::::::::  3a3a3a3a3a3a3a3a3a3a3a3a3a3a3a3a
       866  ,,,,,,,,,,,,,,,,  2c2c2c2c2c2c2c2c2c2c2c2c2c2c2c2c
       823  >>>>>>>>>>>>>>>>  3e3e3e3e3e3e3e3e3e3e3e3e3e3e3e3e
       740  ;;;;;;;;;;;;;;;;  3b3b3b3b3b3b3b3b3b3b3b3b3b3b3b3b
       714  ================  3d3d3d3d3d3d3d3d3d3d3d3d3d3d3d3d
       348  ????????????????  3f3f3f3f3f3f3f3f3f3f3f3f3f3f3f3f
       344  @@@@@@@@@@@@@@@@  40404040404040404040404040404040
       294  ................  2e2e2e2e2e2e2e2e2e2e2e2e2e2e2e2e
# epoch 2600  H=7.7108 C=7.2277 HO=0.4831  A(t)=390
      1844  <<<<<<<<<<<<<<<<  3c3c3c3c3c3c3c3c3c3c3c3c3c3c3c3c
      1271  [[[[[[[[[[[[[[[[  5b5b5b5b5b5b5b5b5b5b5b5b5b5b5b5b
       918  ;;;;;;;;;;;;;;;;  3b3b3b3b3b3b3b3b3b3b3b3b3b3b3b3b
       856  ,,,,,,,,,,,,,,,,  2c2c2c2c2c2c2c2c2c2c2c2c2c2c2c2c
       802  ================  3d3d3d3d3d3d3d3d3d3d3d3d3d3d3d3d
       693  ::::::::::::::::  3a3a3a3a3a3a3a3a3a3a3a3a3a3a3a3a
       563  >>>>>>>>>>>>>>>>  3e3e3e3e3e3e3e3e3e3e3e3e3e3e3e3e
       388  ????????????????  3f3f3f3f3f3f3f3f3f3f3f3f3f3f3f3f
       323  5555555555555555  35353535353535353535353535353535
       319  9999999999999999  39393939393939393939393939393939
# epoch 2800  H=7.6852 C=7.2457 HO=0.4395  A(t)=399
      1565  <<<<<<<<<<<<<<<<  3c3c3c3c3c3c3c3c3c3c3c3c3c3c3c3c
      1014  [[[[[[[[[[[[[[[[  5b5b5b5b5b5b5b5b5b5b5b5b5b5b5b5b
       906  ;;;;;;;;;;;;;;;;  3b3b3b3b3b3b3b3b3b3b3b3b3b3b3b3b
       818  ,,,,,,,,,,,,,,,,  2c2c2c2c2c2c2c2c2c2c2c2c2c2c2c2c
       675  ================  3d3d3d3d3d3d3d3d3d3d3d3d3d3d3d3d
       516  >>>>>>>>>>>>>>>>  3e3e3e3e3e3e3e3e3e3e3e3e3e3e3e3e
       474  ::::::::::::::::  3a3a3a3a3a3a3a3a3a3a3a3a3a3a3a3a
       264  ................  b4b4b4b4b4b4b4b4b4b4b4b4b4b4b4b4
       257  5555555555555555  35353535353535353535353535353535
       252  }}}}}}}}}}}}}}}}  7d7d7d7d7d7d7d7d7d7d7d7d7d7d7d7d
# epoch 3000  H=7.6743 C=7.2763 HO=0.3980  A(t)=404
      1252  <<<<<<<<<<<<<<<<  3c3c3c3c3c3c3c3c3c3c3c3c3c3c3c3c
       768  [[[[[[[[[[[[[[[[  5b5b5b5b5b5b5b5b5b5b5b5b5b5b5b5b
       634  ;;;;;;;;;;;;;;;;  3b3b3b3b3b3b3b3b3b3b3b3b3b3b3b3b
       595  ================  3d3d3d3d3d3d3d3d3d3d3d3d3d3d3d3d
       489  >>>>>>>>>>>>>>>>  3e3e3e3e3e3e3e3e3e3e3e3e3e3e3e3e
       457  ,,,,,,,,,,,,,,,,  2c2c2c2c2c2c2c2c2c2c2c2c2c2c2c2c
       430  ::::::::::::::::  3a3a3a3a3a3a3a3a3a3a3a3a3a3a3a3a
       260  ????????????????  3f3f3f3f3f3f3f3f3f3f3f3f3f3f3f3f
       259  ((((((((((((((((  28282828282828282828282828282828
       254  zzzzzzzzzzzzzzzz  7a7a7a7a7a7a7a7a7a7a7a7a7a7a7a7a
# epoch 3200  H=7.6694 C=7.2915 HO=0.3779  A(t)=406
       938  <<<<<<<<<<<<<<<<  3c3c3c3c3c3c3c3c3c3c3c3c3c3c3c3c
       791  ================  3d3d3d3d3d3d3d3d3d3d3d3d3d3d3d3d
       726  [[[[[[[[[[[[[[[[  5b5b5b5b5b5b5b5b5b5b5b5b5b5b5b5b
       640  ;;;;;;;;;;;;;;;;  3b3b3b3b3b3b3b3b3b3b3b3b3b3b3b3b
       561  >>>>>>>>>>>>>>>>  3e3e3e3e3e3e3e3e3e3e3e3e3e3e3e3e
       489  ,,,,,,,,,,,,,,,,  2c2c2c2c2c2c2c2c2c2c2c2c2c2c2c2c
       426  ::::::::::::::::  3a3a3a3a3a3a3a3a3a3a3a3a3a3a3a3a
       301  9999999999999999  39393939393939393939393939393939
       225  ????????????????  3f3f3f3f3f3f3f3f3f3f3f3f3f3f3f3f
       218  ................  01010101010101010101010101010101
# epoch 3400  H=7.6621 C=7.2995 HO=0.3627  A(t)=408
      1091  [[[[[[[[[[[[[[[[  5b5b5b5b5b5b5b5b5b5b5b5b5b5b5b5b
      1019  ================  3d3d3d3d3d3d3d3d3d3d3d3d3d3d3d3d
       899  <<<<<<<<<<<<<<<<  3c3c3c3c3c3c3c3c3c3c3c3c3c3c3c3c
       524  ,,,,,,,,,,,,,,,,  2c2c2c2c2c2c2c2c2c2c2c2c2c2c2c2c
       517  ;;;;;;;;;;;;;;;;  3b3b3b3b3b3b3b3b3b3b3b3b3b3b3b3b
       406  ::::::::::::::::  3a3a3a3a3a3a3a3a3a3a3a3a3a3a3a3a
       327  >>>>>>>>>>>>>>>>  3e3e3e3e3e3e3e3e3e3e3e3e3e3e3e3e
       272  ????????????????  3f3f3f3f3f3f3f3f3f3f3f3f3f3f3f3f
       240  ................  a5a5a5a5a5a5a5a5a5a5a5a5a5a5a5a5
       235  9999999999999999  39393939393939393939393939393939
# epoch 3600  H=7.6485 C=7.3089 HO=0.3396  A(t)=411
       913  [[[[[[[[[[[[[[[[  5b5b5b5b5b5b5b5b5b5b5b5b5b5b5b5b
       885  ;;;;;;;;;;;;;;;;  3b3b3b3b3b3b3b3b3b3b3b3b3b3b3b3b
       769  ================  3d3d3d3d3d3d3d3d3d3d3d3d3d3d3d3d
       744  <<<<<<<<<<<<<<<<  3c3c3c3c3c3c3c3c3c3c3c3c3c3c3c3c
       552  >>>>>>>>>>>>>>>>  3e3e3e3e3e3e3e3e3e3e3e3e3e3e3e3e
       390  ????????????????  3f3f3f3f3f3f3f3f3f3f3f3f3f3f3f3f
       296  ,,,,,,,,,,,,,,,,  2c2c2c2c2c2c2c2c2c2c2c2c2c2c2c2c
       250  ::::::::::::::::  3a3a3a3a3a3a3a3a3a3a3a3a3a3a3a3a
       204  9999999999999999  39393939393939393939393939393939
       192  {{{{{{{{{{{{{{{{  7b7b7b7b7b7b7b7b7b7b7b7b7b7b7b7b
# epoch 3800  H=7.6399 C=7.3229 HO=0.3170  A(t)=412
      1230  <<<<<<<<<<<<<<<<  3c3c3c3c3c3c3c3c3c3c3c3c3c3c3c3c
       885  [[[[[[[[[[[[[[[[  5b5b5b5b5b5b5b5b5b5b5b5b5b5b5b5b
       544  ================  3d3d3d3d3d3d3d3d3d3d3d3d3d3d3d3d
       507  ,,,,,,,,,,,,,,,,  2c2c2c2c2c2c2c2c2c2c2c2c2c2c2c2c
       489  >>>>>>>>>>>>>>>>  3e3e3e3e3e3e3e3e3e3e3e3e3e3e3e3e
       459  ;;;;;;;;;;;;;;;;  3b3b3b3b3b3b3b3b3b3b3b3b3b3b3b3b
       411  9999999999999999  39393939393939393939393939393939
       239  ::::::::::::::::  3a3a3a3a3a3a3a3a3a3a3a3a3a3a3a3a
       222  ????????????????  3f3f3f3f3f3f3f3f3f3f3f3f3f3f3f3f
       199  {{{{{{{{{{{{{{{{  7b7b7b7b7b7b7b7b7b7b7b7b7b7b7b7b
# epoch 4000  H=7.6256 C=7.3199 HO=0.3057  A(t)=416
      1265  <<<<<<<<<<<<<<<<  3c3c3c3c3c3c3c3c3c3c3c3c3c3c3c3c
       855  [[[[[[[[[[[[[[[[  5b5b5b5b5b5b5b5b5b5b5b5b5b5b5b5b
       775  ,,,,,,,,,,,,,,,,  2c2c2c2c2c2c2c2c2c2c2c2c2c2c2c2c
       668  ;;;;;;;;;;;;;;;;  3b3b3b3b3b3b3b3b3b3b3b3b3b3b3b3b
       559  ================  3d3d3d3d3d3d3d3d3d3d3d3d3d3d3d3d
       521  >>>>>>>>>>>>>>>>  3e3e3e3e3e3e3e3e3e3e3e3e3e3e3e3e
       433  ::::::::::::::::  3a3a3a3a3a3a3a3a3a3a3a3a3a3a3a3a
       320  9999999999999999  39393939393939393939393939393939
       284  {{{{{{{{{{{{{{{{  7b7b7b7b7b7b7b7b7b7b7b7b7b7b7b7b
       188  4444444444444444  34343434343434343434343434343434
# epoch 4200  H=7.6186 C=7.3259 HO=0.2926  A(t)=416
      1140  <<<<<<<<<<<<<<<<  3c3c3c3c3c3c3c3c3c3c3c3c3c3c3c3c
       642  ================  3d3d3d3d3d3d3d3d3d3d3d3d3d3d3d3d
       588  ,,,,,,,,,,,,,,,,  2c2c2c2c2c2c2c2c2c2c2c2c2c2c2c2c
       573  [[[[[[[[[[[[[[[[  5b5b5b5b5b5b5b5b5b5b5b5b5b5b5b5b
       479  ::::::::::::::::  3a3a3a3a3a3a3a3a3a3a3a3a3a3a3a3a
       475  ;;;;;;;;;;;;;;;;  3b3b3b3b3b3b3b3b3b3b3b3b3b3b3b3b
       391  >>>>>>>>>>>>>>>>  3e3e3e3e3e3e3e3e3e3e3e3e3e3e3e3e
       302  ????????????????  3f3f3f3f3f3f3f3f3f3f3f3f3f3f3f3f
       298  @@@@@@@@@@@@@@@@  40404040404040404040404040404040
       246  {{{{{{{{{{{{{{{{  7b7b7b7b7b7b7b7b7b7b7b7b7b7b7b7b
# epoch 4400  H=7.6078 C=7.3251 HO=0.2828  A(t)=418
      1130  <<<<<<<<<<<<<<<<  3c3c3c3c3c3c3c3c3c3c3c3c3c3c3c3c
       770  ================  3d3d3d3d3d3d3d3d3d3d3d3d3d3d3d3d
       718  [[[[[[[[[[[[[[[[  5b5b5b5b5b5b5b5b5b5b5b5b5b5b5b5b
       598  ,,,,,,,,,,,,,,,,  2c2c2c2c2c2c2c2c2c2c2c2c2c2c2c2c
       457  ::::::::::::::::  3a3a3a3a3a3a3a3a3a3a3a3a3a3a3a3a
       410  >>>>>>>>>>>>>>>>  3e3e3e3e3e3e3e3e3e3e3e3e3e3e3e3e
       379  ????????????????  3f3f3f3f3f3f3f3f3f3f3f3f3f3f3f3f
       366  ;;;;;;;;;;;;;;;;  3b3b3b3b3b3b3b3b3b3b3b3b3b3b3b3b
       324  @@@@@@@@@@@@@@@@  40404040404040404040404040404040
       320  8888888888888888  38383838383838383838383838383838
# epoch 4600  H=7.6048 C=7.3366 HO=0.2681  A(t)=418
       924  <<<<<<<<<<<<<<<<  3c3c3c3c3c3c3c3c3c3c3c3c3c3c3c3c
       725  [[[[[[[[[[[[[[[[  5b5b5b5b5b5b5b5b5b5b5b5b5b5b5b5b
       557  ================  3d3d3d3d3d3d3d3d3d3d3d3d3d3d3d3d
       535  ;;;;;;;;;;;;;;;;  3b3b3b3b3b3b3b3b3b3b3b3b3b3b3b3b
       450  ,,,,,,,,,,,,,,,,  2c2c2c2c2c2c2c2c2c2c2c2c2c2c2c2c
       371  ::::::::::::::::  3a3a3a3a3a3a3a3a3a3a3a3a3a3a3a3a
       332  ????????????????  3f3f3f3f3f3f3f3f3f3f3f3f3f3f3f3f
       318  @@@@@@@@@@@@@@@@  40404040404040404040404040404040
       242  8888888888888888  38383838383838383838383838383838
       213  9999999999999999  39393939393939393939393939393939
# epoch 4800  H=7.6005 C=7.3393 HO=0.2612  A(t)=418
       853  <<<<<<<<<<<<<<<<  3c3c3c3c3c3c3c3c3c3c3c3c3c3c3c3c
       708  ================  3d3d3d3d3d3d3d3d3d3d3d3d3d3d3d3d
       689  ;;;;;;;;;;;;;;;;  3b3b3b3b3b3b3b3b3b3b3b3b3b3b3b3b
       557  [[[[[[[[[[[[[[[[  5b5b5b5b5b5b5b5b5b5b5b5b5b5b5b5b
       484  ,,,,,,,,,,,,,,,,  2c2c2c2c2c2c2c2c2c2c2c2c2c2c2c2c
       372  ::::::::::::::::  3a3a3a3a3a3a3a3a3a3a3a3a3a3a3a3a
       284  >>>>>>>>>>>>>>>>  3e3e3e3e3e3e3e3e3e3e3e3e3e3e3e3e
       198  8888888888888888  38383838383838383838383838383838
       185  ////////////////  2f2f2f2f2f2f2f2f2f2f2f2f2f2f2f2f
       158  ................  fefefefefefefefefefefefefefefefe
# epoch 5000  H=7.5999 C=7.3289 HO=0.2711  A(t)=420
       895  <<<<<<<<<<<<<<<<  3c3c3c3c3c3c3c3c3c3c3c3c3c3c3c3c
       687  [[[[[[[[[[[[[[[[  5b5b5b5b5b5b5b5b5b5b5b5b5b5b5b5b
       644  ,,,,,,,,,,,,,,,,  2c2c2c2c2c2c2c2c2c2c2c2c2c2c2c2c
       611  ================  3d3d3d3d3d3d3d3d3d3d3d3d3d3d3d3d
       508  >>>>>>>>>>>>>>>>  3e3e3e3e3e3e3e3e3e3e3e3e3e3e3e3e
       502  ;;;;;;;;;;;;;;;;  3b3b3b3b3b3b3b3b3b3b3b3b3b3b3b3b
       310  ::::::::::::::::  3a3a3a3a3a3a3a3a3a3a3a3a3a3a3a3a
       260  @@@@@@@@@@@@@@@@  40404040404040404040404040404040
       235  9999999999999999  39393939393939393939393939393939
       231  ................  9c9c9c9c9c9c9c9c9c9c9c9c9c9c9c9c
# epoch 5200  H=7.5879 C=7.3287 HO=0.2592  A(t)=420
      1307  <<<<<<<<<<<<<<<<  3c3c3c3c3c3c3c3c3c3c3c3c3c3c3c3c
       685  [[[[[[[[[[[[[[[[  5b5b5b5b5b5b5b5b5b5b5b5b5b5b5b5b
       568  ================  3d3d3d3d3d3d3d3d3d3d3d3d3d3d3d3d
       565  ;;;;;;;;;;;;;;;;  3b3b3b3b3b3b3b3b3b3b3b3b3b3b3b3b
       552  ,,,,,,,,,,,,,,,,  2c2c2c2c2c2c2c2c2c2c2c2c2c2c2c2c
       416  >>>>>>>>>>>>>>>>  3e3e3e3e3e3e3e3e3e3e3e3e3e3e3e3e
       379  9999999999999999  39393939393939393939393939393939
       368  ::::::::::::::::  3a3a3a3a3a3a3a3a3a3a3a3a3a3a3a3a
       204  ................  2e2e2e2e2e2e2e2e2e2e2e2e2e2e2e2e
       203  6666666666666666  36363636363636363636363636363636
# epoch 5400  H=7.5773 C=7.3198 HO=0.2575  A(t)=421
      1340  <<<<<<<<<<<<<<<<  3c3c3c3c3c3c3c3c3c3c3c3c3c3c3c3c
       729  ;;;;;;;;;;;;;;;;  3b3b3b3b3b3b3b3b3b3b3b3b3b3b3b3b
       694  ,,,,,,,,,,,,,,,,  2c2c2c2c2c2c2c2c2c2c2c2c2c2c2c2c
       646  ================  3d3d3d3d3d3d3d3d3d3d3d3d3d3d3d3d
       645  ::::::::::::::::  3a3a3a3a3a3a3a3a3a3a3a3a3a3a3a3a
       458  [[[[[[[[[[[[[[[[  5b5b5b5b5b5b5b5b5b5b5b5b5b5b5b5b
       309  8888888888888888  38383838383838383838383838383838
       306  9999999999999999  39393939393939393939393939393939
       231  >>>>>>>>>>>>>>>>  3e3e3e3e3e3e3e3e3e3e3e3e3e3e3e3e
       208  AAAAAAAAAAAAAAAA  41414141414141414141414141414141
# epoch 5600  H=7.5754 C=7.3175 HO=0.2578  A(t)=421
      1281  <<<<<<<<<<<<<<<<  3c3c3c3c3c3c3c3c3c3c3c3c3c3c3c3c
       829  ================  3d3d3d3d3d3d3d3d3d3d3d3d3d3d3d3d
       671  ,,,,,,,,,,,,,,,,  2c2c2c2c2c2c2c2c2c2c2c2c2c2c2c2c
       638  ;;;;;;;;;;;;;;;;  3b3b3b3b3b3b3b3b3b3b3b3b3b3b3b3b
       556  >>>>>>>>>>>>>>>>  3e3e3e3e3e3e3e3e3e3e3e3e3e3e3e3e
       469  [[[[[[[[[[[[[[[[  5b5b5b5b5b5b5b5b5b5b5b5b5b5b5b5b
       336  ::::::::::::::::  3a3a3a3a3a3a3a3a3a3a3a3a3a3a3a3a
       316  CCCCCCCCCCCCCCCC  43434343434343434343434343434343
       295  9999999999999999  39393939393939393939393939393939
       277  8888888888888888  38383838383838383838383838383838
# epoch 5800  H=7.5661 C=7.3059 HO=0.2602  A(t)=423
      1035  <<<<<<<<<<<<<<<<  3c3c3c3c3c3c3c3c3c3c3c3c3c3c3c3c
       748  ,,,,,,,,,,,,,,,,  2c2c2c2c2c2c2c2c2c2c2c2c2c2c2c2c
       529  [[[[[[[[[[[[[[[[  5b5b5b5b5b5b5b5b5b5b5b5b5b5b5b5b
       518  ;;;;;;;;;;;;;;;;  3b3b3b3b3b3b3b3b3b3b3b3b3b3b3b3b
       431  ================  3d3d3d3d3d3d3d3d3d3d3d3d3d3d3d3d
       415  >>>>>>>>>>>>>>>>  3e3e3e3e3e3e3e3e3e3e3e3e3e3e3e3e
       335  ::::::::::::::::  3a3a3a3a3a3a3a3a3a3a3a3a3a3a3a3a
       236  7777777777777777  37373737373737373737373737373737
       224  9999999999999999  39393939393939393939393939393939
       219  AAAAAAAAAAAAAAAA  41414141414141414141414141414141
# epoch 6000  H=7.5551 C=7.2957 HO=0.2595  A(t)=423
      1085  <<<<<<<<<<<<<<<<  3c3c3c3c3c3c3c3c3c3c3c3c3c3c3c3c
       747  ,,,,,,,,,,,,,,,,  2c2c2c2c2c2c2c2c2c2c2c2c2c2c2c2c
       735  ;;;;;;;;;;;;;;;;  3b3b3b3b3b3b3b3b3b3b3b3b3b3b3b3b
       515  ================  3d3d3d3d3d3d3d3d3d3d3d3d3d3d3d3d
       482  ::::::::::::::::  3a3a3a3a3a3a3a3a3a3a3a3a3a3a3a3a
       325  >>>>>>>>>>>>>>>>  3e3e3e3e3e3e3e3e3e3e3e3e3e3e3e3e
       269  [[[[[[[[[[[[[[[[  5b5b5b5b5b5b5b5b5b5b5b5b5b5b5b5b
       269  6666666666666666  36363636363636363636363636363636
       244  ????????????????  3f3f3f3f3f3f3f3f3f3f3f3f3f3f3f3f
       233  9999999999999999  39393939393939393939393939393939
# epoch 6200  H=7.5489 C=7.2888 HO=0.2602  A(t)=423
       776  ================  3d3d3d3d3d3d3d3d3d3d3d3d3d3d3d3d
       766  ;;;;;;;;;;;;;;;;  3b3b3b3b3b3b3b3b3b3b3b3b3b3b3b3b
       667  <<<<<<<<<<<<<<<<  3c3c3c3c3c3c3c3c3c3c3c3c3c3c3c3c
       556  ,,,,,,,,,,,,,,,,  2c2c2c2c2c2c2c2c2c2c2c2c2c2c2c2c
       420  ::::::::::::::::  3a3a3a3a3a3a3a3a3a3a3a3a3a3a3a3a
       404  [[[[[[[[[[[[[[[[  5b5b5b5b5b5b5b5b5b5b5b5b5b5b5b5b
       298  >>>>>>>>>>>>>>>>  3e3e3e3e3e3e3e3e3e3e3e3e3e3e3e3e
       225  ................  02020202020202020202020202020202
       206  ????????????????  3f3f3f3f3f3f3f3f3f3f3f3f3f3f3f3f
       199  ////////////////  2f2f2f2f2f2f2f2f2f2f2f2f2f2f2f2f
# epoch 6400  H=7.5482 C=7.2875 HO=0.2608  A(t)=423
      1063  ;;;;;;;;;;;;;;;;  3b3b3b3b3b3b3b3b3b3b3b3b3b3b3b3b
       739  ================  3d3d3d3d3d3d3d3d3d3d3d3d3d3d3d3d
       734  <<<<<<<<<<<<<<<<  3c3c3c3c3c3c3c3c3c3c3c3c3c3c3c3c
       493  ,,,,,,,,,,,,,,,,  2c2c2c2c2c2c2c2c2c2c2c2c2c2c2c2c
       385  9999999999999999  39393939393939393939393939393939
       336  ::::::::::::::::  3a3a3a3a3a3a3a3a3a3a3a3a3a3a3a3a
       321  [[[[[[[[[[[[[[[[  5b5b5b5b5b5b5b5b5b5b5b5b5b5b5b5b
       274  7777777777777777  37373737373737373737373737373737
       232  ................  03030303030303030303030303030303
       206  xxxxxxxxxxxxxxxx  78787878787878787878787878787878
# epoch 6600  H=7.5462 C=7.2828 HO=0.2634  A(t)=426
      1071  <<<<<<<<<<<<<<<<  3c3c3c3c3c3c3c3c3c3c3c3c3c3c3c3c
       920  ,,,,,,,,,,,,,,,,  2c2c2c2c2c2c2c2c2c2c2c2c2c2c2c2c
       742  ;;;;;;;;;;;;;;;;  3b3b3b3b3b3b3b3b3b3b3b3b3b3b3b3b
       436  [[[[[[[[[[[[[[[[  5b5b5b5b5b5b5b5b5b5b5b5b5b5b5b5b
       377  >>>>>>>>>>>>>>>>  3e3e3e3e3e3e3e3e3e3e3e3e3e3e3e3e
       375  ::::::::::::::::  3a3a3a3a3a3a3a3a3a3a3a3a3a3a3a3a
       307  ================  3d3d3d3d3d3d3d3d3d3d3d3d3d3d3d3d
       306  9999999999999999  39393939393939393939393939393939
       290  ????????????????  3f3f3f3f3f3f3f3f3f3f3f3f3f3f3f3f
       264  3333333333333333  33333333333333333333333333333333
# epoch 6800  H=7.5453 C=7.2903 HO=0.2550  A(t)=426
       941  <<<<<<<<<<<<<<<<  3c3c3c3c3c3c3c3c3c3c3c3c3c3c3c3c
       739  ,,,,,,,,,,,,,,,,  2c2c2c2c2c2c2c2c2c2c2c2c2c2c2c2c
       658  ;;;;;;;;;;;;;;;;  3b3b3b3b3b3b3b3b3b3b3b3b3b3b3b3b
       487  ::::::::::::::::  3a3a3a3a3a3a3a3a3a3a3a3a3a3a3a3a
       394  ================  3d3d3d3d3d3d3d3d3d3d3d3d3d3d3d3d
       378  [[[[[[[[[[[[[[[[  5b5b5b5b5b5b5b5b5b5b5b5b5b5b5b5b
       336  >>>>>>>>>>>>>>>>  3e3e3e3e3e3e3e3e3e3e3e3e3e3e3e3e
       273  ????????????????  3f3f3f3f3f3f3f3f3f3f3f3f3f3f3f3f
       226  @@@@@@@@@@@@@@@@  40404040404040404040404040404040
       194  9999999999999999  39393939393939393939393939393939
# epoch 7000  H=7.5477 C=7.2901 HO=0.2576  A(t)=426
       765  ,,,,,,,,,,,,,,,,  2c2c2c2c2c2c2c2c2c2c2c2c2c2c2c2c
       742  <<<<<<<<<<<<<<<<  3c3c3c3c3c3c3c3c3c3c3c3c3c3c3c3c
       680  ================  3d3d3d3d3d3d3d3d3d3d3d3d3d3d3d3d
       530  ;;;;;;;;;;;;;;;;  3b3b3b3b3b3b3b3b3b3b3b3b3b3b3b3b
       501  >>>>>>>>>>>>>>>>  3e3e3e3e3e3e3e3e3e3e3e3e3e3e3e3e
       437  ::::::::::::::::  3a3a3a3a3a3a3a3a3a3a3a3a3a3a3a3a
       431  [[[[[[[[[[[[[[[[  5b5b5b5b5b5b5b5b5b5b5b5b5b5b5b5b
       310  0000000000000000  30303030303030303030303030303030
       308  ????????????????  3f3f3f3f3f3f3f3f3f3f3f3f3f3f3f3f
       284  AAAAAAAAAAAAAAAA  41414141414141414141414141414141
# epoch 7200  H=7.5465 C=7.2889 HO=0.2576  A(t)=426
       885  <<<<<<<<<<<<<<<<  3c3c3c3c3c3c3c3c3c3c3c3c3c3c3c3c
       729  ,,,,,,,,,,,,,,,,  2c2c2c2c2c2c2c2c2c2c2c2c2c2c2c2c
       601  ;;;;;;;;;;;;;;;;  3b3b3b3b3b3b3b3b3b3b3b3b3b3b3b3b
       505  ::::::::::::::::  3a3a3a3a3a3a3a3a3a3a3a3a3a3a3a3a
       501  [[[[[[[[[[[[[[[[  5b5b5b5b5b5b5b5b5b5b5b5b5b5b5b5b
       476  ================  3d3d3d3d3d3d3d3d3d3d3d3d3d3d3d3d
       371  >>>>>>>>>>>>>>>>  3e3e3e3e3e3e3e3e3e3e3e3e3e3e3e3e
       276  8888888888888888  38383838383838383838383838383838
       269  ????????????????  3f3f3f3f3f3f3f3f3f3f3f3f3f3f3f3f
       247  0000000000000000  30303030303030303030303030303030
# epoch 7400  H=7.5488 C=7.2852 HO=0.2636  A(t)=427
       798  <<<<<<<<<<<<<<<<  3c3c3c3c3c3c3c3c3c3c3c3c3c3c3c3c
       701  ,,,,,,,,,,,,,,,,  2c2c2c2c2c2c2c2c2c2c2c2c2c2c2c2c
       698  [[[[[[[[[[[[[[[[  5b5b5b5b5b5b5b5b5b5b5b5b5b5b5b5b
       606  ................  ffffffffffffffffffffffffffffffff
       575  ================  3d3d3d3d3d3d3d3d3d3d3d3d3d3d3d3d
       548  ;;;;;;;;;;;;;;;;  3b3b3b3b3b3b3b3b3b3b3b3b3b3b3b3b
       407  >>>>>>>>>>>>>>>>  3e3e3e3e3e3e3e3e3e3e3e3e3e3e3e3e
       386  ::::::::::::::::  3a3a3a3a3a3a3a3a3a3a3a3a3a3a3a3a
       260  @@@@@@@@@@@@@@@@  40404040404040404040404040404040
       259  7777777777777777  37373737373737373737373737373737
# epoch 7600  H=7.5413 C=7.2653 HO=0.2760  A(t)=429
       955  <<<<<<<<<<<<<<<<  3c3c3c3c3c3c3c3c3c3c3c3c3c3c3c3c
       881  ================  3d3d3d3d3d3d3d3d3d3d3d3d3d3d3d3d
       831  ,,,,,,,,,,,,,,,,  2c2c2c2c2c2c2c2c2c2c2c2c2c2c2c2c
       696  [[[[[[[[[[[[[[[[  5b5b5b5b5b5b5b5b5b5b5b5b5b5b5b5b
       652  ;;;;;;;;;;;;;;;;  3b3b3b3b3b3b3b3b3b3b3b3b3b3b3b3b
       480  ::::::::::::::::  3a3a3a3a3a3a3a3a3a3a3a3a3a3a3a3a
       450  >>>>>>>>>>>>>>>>  3e3e3e3e3e3e3e3e3e3e3e3e3e3e3e3e
       389  ????????????????  3f3f3f3f3f3f3f3f3f3f3f3f3f3f3f3f
       290  ................  2e2e2e2e2e2e2e2e2e2e2e2e2e2e2e2e
       243  3333333333333333  33333333333333333333333333333333
# epoch 7800  H=7.5389 C=7.2614 HO=0.2775  A(t)=429
      1107  <<<<<<<<<<<<<<<<  3c3c3c3c3c3c3c3c3c3c3c3c3c3c3c3c
       895  ================  3d3d3d3d3d3d3d3d3d3d3d3d3d3d3d3d
       853  ,,,,,,,,,,,,,,,,  2c2c2c2c2c2c2c2c2c2c2c2c2c2c2c2c
       772  ;;;;;;;;;;;;;;;;  3b3b3b3b3b3b3b3b3b3b3b3b3b3b3b3b
       490  [[[[[[[[[[[[[[[[  5b5b5b5b5b5b5b5b5b5b5b5b5b5b5b5b
       416  ................  2e2e2e2e2e2e2e2e2e2e2e2e2e2e2e2e
       408  ::::::::::::::::  3a3a3a3a3a3a3a3a3a3a3a3a3a3a3a3a
       402  >>>>>>>>>>>>>>>>  3e3e3e3e3e3e3e3e3e3e3e3e3e3e3e3e
       356  ????????????????  3f3f3f3f3f3f3f3f3f3f3f3f3f3f3f3f
       266  4444444444444444  34343434343434343434343434343434
# epoch 8000  H=7.5412 C=7.2603 HO=0.2809  A(t)=430
       876  ;;;;;;;;;;;;;;;;  3b3b3b3b3b3b3b3b3b3b3b3b3b3b3b3b
       846  <<<<<<<<<<<<<<<<  3c3c3c3c3c3c3c3c3c3c3c3c3c3c3c3c
       710  ================  3d3d3d3d3d3d3d3d3d3d3d3d3d3d3d3d
       689  ,,,,,,,,,,,,,,,,  2c2c2c2c2c2c2c2c2c2c2c2c2c2c2c2c
       595  ::::::::::::::::  3a3a3a3a3a3a3a3a3a3a3a3a3a3a3a3a
       521  [[[[[[[[[[[[[[[[  5b5b5b5b5b5b5b5b5b5b5b5b5b5b5b5b
       484  9999999999999999  39393939393939393939393939393939
       393  7777777777777777  37373737373737373737373737373737
       346  ????????????????  3f3f3f3f3f3f3f3f3f3f3f3f3f3f3f3f
       284  >>>>>>>>>>>>>>>>  3e3e3e3e3e3e3e3e3e3e3e3e3e3e3e3e
# epoch 8200  H=7.5456 C=7.2551 HO=0.2904  A(t)=430
      1101  ;;;;;;;;;;;;;;;;  3b3b3b3b3b3b3b3b3b3b3b3b3b3b3b3b
       762  [[[[[[[[[[[[[[[[  5b5b5b5b5b5b5b5b5b5b5b5b5b5b5b5b
       739  <<<<<<<<<<<<<<<<  3c3c3c3c3c3c3c3c3c3c3c3c3c3c3c3c
       733  ,,,,,,,,,,,,,,,,  2c2c2c2c2c2c2c2c2c2c2c2c2c2c2c2c
       633  ================  3d3d3d3d3d3d3d3d3d3d3d3d3d3d3d3d
       527  9999999999999999  39393939393939393939393939393939
       440  ::::::::::::::::  3a3a3a3a3a3a3a3a3a3a3a3a3a3a3a3a
       424  >>>>>>>>>>>>>>>>  3e3e3e3e3e3e3e3e3e3e3e3e3e3e3e3e
       362  ????????????????  3f3f3f3f3f3f3f3f3f3f3f3f3f3f3f3f
       356  5555555555555555  35353535353535353535353535353535
# epoch 8400  H=7.5494 C=7.2496 HO=0.2997  A(t)=431
      1076  [[[[[[[[[[[[[[[[  5b5b5b5b5b5b5b5b5b5b5b5b5b5b5b5b
       948  ,,,,,,,,,,,,,,,,  2c2c2c2c2c2c2c2c2c2c2c2c2c2c2c2c
       872  ================  3d3d3d3d3d3d3d3d3d3d3d3d3d3d3d3d
       654  ;;;;;;;;;;;;;;;;  3b3b3b3b3b3b3b3b3b3b3b3b3b3b3b3b
       652  <<<<<<<<<<<<<<<<  3c3c3c3c3c3c3c3c3c3c3c3c3c3c3c3c
       498  >>>>>>>>>>>>>>>>  3e3e3e3e3e3e3e3e3e3e3e3e3e3e3e3e
       474  ::::::::::::::::  3a3a3a3a3a3a3a3a3a3a3a3a3a3a3a3a
       379  ????????????????  3f3f3f3f3f3f3f3f3f3f3f3f3f3f3f3f
       321  9999999999999999  39393939393939393939393939393939
       274  7777777777777777  37373737373737373737373737373737
# epoch 8600  H=7.5467 C=7.2419 HO=0.3047  A(t)=431
      1112  ;;;;;;;;;;;;;;;;  3b3b3b3b3b3b3b3b3b3b3b3b3b3b3b3b
       997  [[[[[[[[[[[[[[[[  5b5b5b5b5b5b5b5b5b5b5b5b5b5b5b5b
       907  <<<<<<<<<<<<<<<<  3c3c3c3c3c3c3c3c3c3c3c3c3c3c3c3c
       684  ,,,,,,,,,,,,,,,,  2c2c2c2c2c2c2c2c2c2c2c2c2c2c2c2c
       521  >>>>>>>>>>>>>>>>  3e3e3e3e3e3e3e3e3e3e3e3e3e3e3e3e
       500  ::::::::::::::::  3a3a3a3a3a3a3a3a3a3a3a3a3a3a3a3a
       489  ================  3d3d3d3d3d3d3d3d3d3d3d3d3d3d3d3d
       349  1111111111111111  31313131313131313131313131313131
       297  ????????????????  3f3f3f3f3f3f3f3f3f3f3f3f3f3f3f3f
       272  8888888888888888  38383838383838383838383838383838
# epoch 8800  H=7.5385 C=7.2332 HO=0.3053  A(t)=431
      1002  <<<<<<<<<<<<<<<<  3c3c3c3c3c3c3c3c3c3c3c3c3c3c3c3c
       771  ;;;;;;;;;;;;;;;;  3b3b3b3b3b3b3b3b3b3b3b3b3b3b3b3b
       770  ,,,,,,,,,,,,,,,,  2c2c2c2c2c2c2c2c2c2c2c2c2c2c2c2c
       697  ::::::::::::::::  3a3a3a3a3a3a3a3a3a3a3a3a3a3a3a3a
       635  [[[[[[[[[[[[[[[[  5b5b5b5b5b5b5b5b5b5b5b5b5b5b5b5b
       620  >>>>>>>>>>>>>>>>  3e3e3e3e3e3e3e3e3e3e3e3e3e3e3e3e
       604  ================  3d3d3d3d3d3d3d3d3d3d3d3d3d3d3d3d
       316  @@@@@@@@@@@@@@@@  40404040404040404040404040404040
       302  8888888888888888  38383838383838383838383838383838
       279  ????????????????  3f3f3f3f3f3f3f3f3f3f3f3f3f3f3f3f
# epoch 9000  H=7.5360 C=7.2243 HO=0.3117  A(t)=431
      1892  <<<<<<<<<<<<<<<<  3c3c3c3c3c3c3c3c3c3c3c3c3c3c3c3c
       843  ,,,,,,,,,,,,,,,,  2c2c2c2c2c2c2c2c2c2c2c2c2c2c2c2c
       760  ================  3d3d3d3d3d3d3d3d3d3d3d3d3d3d3d3d
       683  ::::::::::::::::  3a3a3a3a3a3a3a3a3a3a3a3a3a3a3a3a
       636  >>>>>>>>>>>>>>>>  3e3e3e3e3e3e3e3e3e3e3e3e3e3e3e3e
       601  [[[[[[[[[[[[[[[[  5b5b5b5b5b5b5b5b5b5b5b5b5b5b5b5b
       570  ;;;;;;;;;;;;;;;;  3b3b3b3b3b3b3b3b3b3b3b3b3b3b3b3b
       448  ................  90909090909090909090909090909090
       299  4444444444444444  34343434343434343434343434343434
       277  8888888888888888  38383838383838383838383838383838
# epoch 9200  H=7.5293 C=7.2151 HO=0.3142  A(t)=431
      1548  ................  90909090909090909090909090909090
      1159  <<<<<<<<<<<<<<<<  3c3c3c3c3c3c3c3c3c3c3c3c3c3c3c3c
       769  ::::::::::::::::  3a3a3a3a3a3a3a3a3a3a3a3a3a3a3a3a
       699  [[[[[[[[[[[[[[[[  5b5b5b5b5b5b5b5b5b5b5b5b5b5b5b5b
       694  ,,,,,,,,,,,,,,,,  2c2c2c2c2c2c2c2c2c2c2c2c2c2c2c2c
       615  ;;;;;;;;;;;;;;;;  3b3b3b3b3b3b3b3b3b3b3b3b3b3b3b3b
       601  ================  3d3d3d3d3d3d3d3d3d3d3d3d3d3d3d3d
       441  >>>>>>>>>>>>>>>>  3e3e3e3e3e3e3e3e3e3e3e3e3e3e3e3e
       358  AAAAAAAAAAAAAAAA  41414141414141414141414141414141
       349  8888888888888888  38383838383838383838383838383838
# epoch 9400  H=7.5253 C=7.2152 HO=0.3100  A(t)=431
      2545  ::::::::::::::::  3a3a3a3a3a3a3a3a3a3a3a3a3a3a3a3a
       926  <<<<<<<<<<<<<<<<  3c3c3c3c3c3c3c3c3c3c3c3c3c3c3c3c
       746  ================  3d3d3d3d3d3d3d3d3d3d3d3d3d3d3d3d
       686  [[[[[[[[[[[[[[[[  5b5b5b5b5b5b5b5b5b5b5b5b5b5b5b5b
       670  ,,,,,,,,,,,,,,,,  2c2c2c2c2c2c2c2c2c2c2c2c2c2c2c2c
       657  ;;;;;;;;;;;;;;;;  3b3b3b3b3b3b3b3b3b3b3b3b3b3b3b3b
       520  ................  90909090909090909090909090909090
       495  ????????????????  3f3f3f3f3f3f3f3f3f3f3f3f3f3f3f3f
       394  9999999999999999  39393939393939393939393939393939
       327  8888888888888888  38383838383838383838383838383838
# epoch 9600  H=7.5258 C=7.2104 HO=0.3154  A(t)=431
      2588  ::::::::::::::::  3a3a3a3a3a3a3a3a3a3a3a3a3a3a3a3a
      1184  <<<<<<<<<<<<<<<<  3c3c3c3c3c3c3c3c3c3c3c3c3c3c3c3c
       734  ================  3d3d3d3d3d3d3d3d3d3d3d3d3d3d3d3d
       647  [[[[[[[[[[[[[[[[  5b5b5b5b5b5b5b5b5b5b5b5b5b5b5b5b
       629  ,,,,,,,,,,,,,,,,  2c2c2c2c2c2c2c2c2c2c2c2c2c2c2c2c
       526  9999999999999999  39393939393939393939393939393939
       511  ;;;;;;;;;;;;;;;;  3b3b3b3b3b3b3b3b3b3b3b3b3b3b3b3b
       359  >>>>>>>>>>>>>>>>  3e3e3e3e3e3e3e3e3e3e3e3e3e3e3e3e
       346  ))))))))))))))))  29292929292929292929292929292929
       290  8888888888888888  38383838383838383838383838383838
# epoch 9800  H=7.5220 C=7.2063 HO=0.3157  A(t)=432
      1454  ................  0f0f0f0f0f0f0f0f0f0f0f0f0f0f0f0f
      1294  <<<<<<<<<<<<<<<<  3c3c3c3c3c3c3c3c3c3c3c3c3c3c3c3c
      1159  ::::::::::::::::  3a3a3a3a3a3a3a3a3a3a3a3a3a3a3a3a
       850  ,,,,,,,,,,,,,,,,  2c2c2c2c2c2c2c2c2c2c2c2c2c2c2c2c
       828  ================  3d3d3d3d3d3d3d3d3d3d3d3d3d3d3d3d
       631  [[[[[[[[[[[[[[[[  5b5b5b5b5b5b5b5b5b5b5b5b5b5b5b5b
       554  9999999999999999  39393939393939393939393939393939
       529  ;;;;;;;;;;;;;;;;  3b3b3b3b3b3b3b3b3b3b3b3b3b3b3b3b
       337  ????????????????  3f3f3f3f3f3f3f3f3f3f3f3f3f3f3f3f
       327  8888888888888888  38383838383838383838383838383838
# epoch 10000  H=7.5272 C=7.1961 HO=0.3311  A(t)=433
      1819  ................  0f0f0f0f0f0f0f0f0f0f0f0f0f0f0f0f
      1264  <<<<<<<<<<<<<<<<  3c3c3c3c3c3c3c3c3c3c3c3c3c3c3c3c
       979  ;;;;;;;;;;;;;;;;  3b3b3b3b3b3b3b3b3b3b3b3b3b3b3b3b
       967  ................  fafafafafafafafafafafafafafafafa
       804  ================  3d3d3d3d3d3d3d3d3d3d3d3d3d3d3d3d
       771  ,,,,,,,,,,,,,,,,  2c2c2c2c2c2c2c2c2c2c2c2c2c2c2c2c
       680  ::::::::::::::::  3a3a3a3a3a3a3a3a3a3a3a3a3a3a3a3a
       524  [[[[[[[[[[[[[[[[  5b5b5b5b5b5b5b5b5b5b5b5b5b5b5b5b
       408  9999999999999999  39393939393939393939393939393939
       335  4444444444444444  34343434343434343434343434343434
# epoch 10200  H=7.5288 C=7.1785 HO=0.3502  A(t)=438
      1412  ................  98989898989898989898989898989898
      1254  <<<<<<<<<<<<<<<<  3c3c3c3c3c3c3c3c3c3c3c3c3c3c3c3c
       838  ================  3d3d3d3d3d3d3d3d3d3d3d3d3d3d3d3d
       764  ;;;;;;;;;;;;;;;;  3b3b3b3b3b3b3b3b3b3b3b3b3b3b3b3b
       638  [[[[[[[[[[[[[[[[  5b5b5b5b5b5b5b5b5b5b5b5b5b5b5b5b
       620  ................  f4f4f4f4f4f4f4f4f4f4f4f4f4f4f4f4
       574  ,,,,,,,,,,,,,,,,  2c2c2c2c2c2c2c2c2c2c2c2c2c2c2c2c
       520  ::::::::::::::::  3a3a3a3a3a3a3a3a3a3a3a3a3a3a3a3a
       511  ................  0f0f0f0f0f0f0f0f0f0f0f0f0f0f0f0f
       410  ................  fafafafafafafafafafafafafafafafa
# epoch 10400  H=7.5345 C=7.1947 HO=0.3398  A(t)=439
      1152  ;;;;;;;;;;;;;;;;  3b3b3b3b3b3b3b3b3b3b3b3b3b3b3b3b
       940  <<<<<<<<<<<<<<<<  3c3c3c3c3c3c3c3c3c3c3c3c3c3c3c3c
       887  [[[[[[[[[[[[[[[[  5b5b5b5b5b5b5b5b5b5b5b5b5b5b5b5b
       833  ================  3d3d3d3d3d3d3d3d3d3d3d3d3d3d3d3d
       681  ,,,,,,,,,,,,,,,,  2c2c2c2c2c2c2c2c2c2c2c2c2c2c2c2c
       628  ::::::::::::::::  3a3a3a3a3a3a3a3a3a3a3a3a3a3a3a3a
       462  >>>>>>>>>>>>>>>>  3e3e3e3e3e3e3e3e3e3e3e3e3e3e3e3e
       369  ................  98989898989898989898989898989898
       323  9999999999999999  39393939393939393939393939393939
       310  ????????????????  3f3f3f3f3f3f3f3f3f3f3f3f3f3f3f3f
# epoch 10600  H=7.5381 C=7.1922 HO=0.3459  A(t)=439
       931  ;;;;;;;;;;;;;;;;  3b3b3b3b3b3b3b3b3b3b3b3b3b3b3b3b
       921  <<<<<<<<<<<<<<<<  3c3c3c3c3c3c3c3c3c3c3c3c3c3c3c3c
       865  [[[[[[[[[[[[[[[[  5b5b5b5b5b5b5b5b5b5b5b5b5b5b5b5b
       836  ================  3d3d3d3d3d3d3d3d3d3d3d3d3d3d3d3d
       621  ,,,,,,,,,,,,,,,,  2c2c2c2c2c2c2c2c2c2c2c2c2c2c2c2c
       500  ::::::::::::::::  3a3a3a3a3a3a3a3a3a3a3a3a3a3a3a3a
       366  8888888888888888  38383838383838383838383838383838
       336  >>>>>>>>>>>>>>>>  3e3e3e3e3e3e3e3e3e3e3e3e3e3e3e3e
       286  1111111111111111  31313131313131313131313131313131
       259  @@@@@@@@@@@@@@@@  40404040404040404040404040404040
# epoch 10800  H=7.5348 C=7.1881 HO=0.3468  A(t)=439
      1205  <<<<<<<<<<<<<<<<  3c3c3c3c3c3c3c3c3c3c3c3c3c3c3c3c
       900  [[[[[[[[[[[[[[[[  5b5b5b5b5b5b5b5b5b5b5b5b5b5b5b5b
       824  ,,,,,,,,,,,,,,,,  2c2c2c2c2c2c2c2c2c2c2c2c2c2c2c2c
       681  ;;;;;;;;;;;;;;;;  3b3b3b3b3b3b3b3b3b3b3b3b3b3b3b3b
       579  ================  3d3d3d3d3d3d3d3d3d3d3d3d3d3d3d3d
       453  >>>>>>>>>>>>>>>>  3e3e3e3e3e3e3e3e3e3e3e3e3e3e3e3e
       302  9999999999999999  39393939393939393939393939393939
       291  ????????????????  3f3f3f3f3f3f3f3f3f3f3f3f3f3f3f3f
       288  ::::::::::::::::  3a3a3a3a3a3a3a3a3a3a3a3a3a3a3a3a
       252  ]]]]]]]]]]]]]]]]  5d5d5d5d5d5d5d5d5d5d5d5d5d5d5d5d
# epoch 11000  H=7.5269 C=7.1835 HO=0.3434  A(t)=439
      1035  <<<<<<<<<<<<<<<<  3c3c3c3c3c3c3c3c3c3c3c3c3c3c3c3c
       966  [[[[[[[[[[[[[[[[  5b5b5b5b5b5b5b5b5b5b5b5b5b5b5b5b
       673  ================  3d3d3d3d3d3d3d3d3d3d3d3d3d3d3d3d
       671  ,,,,,,,,,,,,,,,,  2c2c2c2c2c2c2c2c2c2c2c2c2c2c2c2c
       669  ;;;;;;;;;;;;;;;;  3b3b3b3b3b3b3b3b3b3b3b3b3b3b3b3b
       496  >>>>>>>>>>>>>>>>  3e3e3e3e3e3e3e3e3e3e3e3e3e3e3e3e
       462  ::::::::::::::::  3a3a3a3a3a3a3a3a3a3a3a3a3a3a3a3a
       382  ????????????????  3f3f3f3f3f3f3f3f3f3f3f3f3f3f3f3f
       246  @@@@@@@@@@@@@@@@  40404040404040404040404040404040
       226  9999999999999999  39393939393939393939393939393939
# epoch 11200  H=7.5246 C=7.1970 HO=0.3276  A(t)=441
       991  <<<<<<<<<<<<<<<<  3c3c3c3c3c3c3c3c3c3c3c3c3c3c3c3c
       988  ;;;;;;;;;;;;;;;;  3b3b3b3b3b3b3b3b3b3b3b3b3b3b3b3b
       723  [[[[[[[[[[[[[[[[  5b5b5b5b5b5b5b5b5b5b5b5b5b5b5b5b
       645  ================  3d3d3d3d3d3d3d3d3d3d3d3d3d3d3d3d
       471  >>>>>>>>>>>>>>>>  3e3e3e3e3e3e3e3e3e3e3e3e3e3e3e3e
       451  ,,,,,,,,,,,,,,,,  2c2c2c2c2c2c2c2c2c2c2c2c2c2c2c2c
       396  ????????????????  3f3f3f3f3f3f3f3f3f3f3f3f3f3f3f3f
       261  8888888888888888  38383838383838383838383838383838
       257  ................  ffffffffffffffffffffffffffffffff
       232  ::::::::::::::::  3a3a3a3a3a3a3a3a3a3a3a3a3a3a3a3a
# epoch 11400  H=7.5205 C=7.2031 HO=0.3174  A(t)=441
      1314  <<<<<<<<<<<<<<<<  3c3c3c3c3c3c3c3c3c3c3c3c3c3c3c3c
       919  ;;;;;;;;;;;;;;;;  3b3b3b3b3b3b3b3b3b3b3b3b3b3b3b3b
       764  [[[[[[[[[[[[[[[[  5b5b5b5b5b5b5b5b5b5b5b5b5b5b5b5b
       668  ================  3d3d3d3d3d3d3d3d3d3d3d3d3d3d3d3d
       589  ::::::::::::::::  3a3a3a3a3a3a3a3a3a3a3a3a3a3a3a3a
       525  ,,,,,,,,,,,,,,,,  2c2c2c2c2c2c2c2c2c2c2c2c2c2c2c2c
       395  >>>>>>>>>>>>>>>>  3e3e3e3e3e3e3e3e3e3e3e3e3e3e3e3e
       345  8888888888888888  38383838383838383838383838383838
       317  ????????????????  3f3f3f3f3f3f3f3f3f3f3f3f3f3f3f3f
       202  ................  f9f9f9f9f9f9f9f9f9f9f9f9f9f9f9f9
# epoch 11600  H=7.5118 C=7.2045 HO=0.3073  A(t)=443
      1034  <<<<<<<<<<<<<<<<  3c3c3c3c3c3c3c3c3c3c3c3c3c3c3c3c
       987  [[[[[[[[[[[[[[[[  5b5b5b5b5b5b5b5b5b5b5b5b5b5b5b5b
       793  ,,,,,,,,,,,,,,,,  2c2c2c2c2c2c2c2c2c2c2c2c2c2c2c2c
       772  ================  3d3d3d3d3d3d3d3d3d3d3d3d3d3d3d3d
       678  ;;;;;;;;;;;;;;;;  3b3b3b3b3b3b3b3b3b3b3b3b3b3b3b3b
       602  ::::::::::::::::  3a3a3a3a3a3a3a3a3a3a3a3a3a3a3a3a
       530  >>>>>>>>>>>>>>>>  3e3e3e3e3e3e3e3e3e3e3e3e3e3e3e3e
       357  @@@@@@@@@@@@@@@@  40404040404040404040404040404040
       354  ????????????????  3f3f3f3f3f3f3f3f3f3f3f3f3f3f3f3f
       258  9999999999999999  39393939393939393939393939393939
# epoch 11800  H=7.5202 C=7.2144 HO=0.3058  A(t)=443
       995  <<<<<<<<<<<<<<<<  3c3c3c3c3c3c3c3c3c3c3c3c3c3c3c3c
       942  ,,,,,,,,,,,,,,,,  2c2c2c2c2c2c2c2c2c2c2c2c2c2c2c2c
       781  ================  3d3d3d3d3d3d3d3d3d3d3d3d3d3d3d3d
       742  ;;;;;;;;;;;;;;;;  3b3b3b3b3b3b3b3b3b3b3b3b3b3b3b3b
       728  [[[[[[[[[[[[[[[[  5b5b5b5b5b5b5b5b5b5b5b5b5b5b5b5b
       668  ::::::::::::::::  3a3a3a3a3a3a3a3a3a3a3a3a3a3a3a3a
       507  >>>>>>>>>>>>>>>>  3e3e3e3e3e3e3e3e3e3e3e3e3e3e3e3e
       441  ????????????????  3f3f3f3f3f3f3f3f3f3f3f3f3f3f3f3f
       275  3333333333333333  33333333333333333333333333333333
       270  4444444444444444  34343434343434343434343434343434
# epoch 12000  H=7.5188 C=7.2129 HO=0.3059  A(t)=443
      1230  <<<<<<<<<<<<<<<<  3c3c3c3c3c3c3c3c3c3c3c3c3c3c3c3c
       861  ,,,,,,,,,,,,,,,,  2c2c2c2c2c2c2c2c2c2c2c2c2c2c2c2c
       669  ::::::::::::::::  3a3a3a3a3a3a3a3a3a3a3a3a3a3a3a3a
       581  [[[[[[[[[[[[[[[[  5b5b5b5b5b5b5b5b5b5b5b5b5b5b5b5b
       574  ================  3d3d3d3d3d3d3d3d3d3d3d3d3d3d3d3d
       559  ;;;;;;;;;;;;;;;;  3b3b3b3b3b3b3b3b3b3b3b3b3b3b3b3b
       399  9999999999999999  39393939393939393939393939393939
       357  ????????????????  3f3f3f3f3f3f3f3f3f3f3f3f3f3f3f3f
       269  4444444444444444  34343434343434343434343434343434
       261  >>>>>>>>>>>>>>>>  3e3e3e3e3e3e3e3e3e3e3e3e3e3e3e3e
# epoch 12200  H=7.5181 C=7.2237 HO=0.2944  A(t)=443
       850  <<<<<<<<<<<<<<<<  3c3c3c3c3c3c3c3c3c3c3c3c3c3c3c3c
       691  ================  3d3d3d3d3d3d3d3d3d3d3d3d3d3d3d3d
       591  ;;;;;;;;;;;;;;;;  3b3b3b3b3b3b3b3b3b3b3b3b3b3b3b3b
       590  [[[[[[[[[[[[[[[[  5b5b5b5b5b5b5b5b5b5b5b5b5b5b5b5b
       560  ::::::::::::::::  3a3a3a3a3a3a3a3a3a3a3a3a3a3a3a3a
       461  ,,,,,,,,,,,,,,,,  2c2c2c2c2c2c2c2c2c2c2c2c2c2c2c2c
       416  >>>>>>>>>>>>>>>>  3e3e3e3e3e3e3e3e3e3e3e3e3e3e3e3e
       411  ????????????????  3f3f3f3f3f3f3f3f3f3f3f3f3f3f3f3f
       330  8888888888888888  38383838383838383838383838383838
       289  ////////////////  2f2f2f2f2f2f2f2f2f2f2f2f2f2f2f2f
# epoch 12400  H=7.5166 C=7.2281 HO=0.2884  A(t)=443
      1117  [[[[[[[[[[[[[[[[  5b5b5b5b5b5b5b5b5b5b5b5b5b5b5b5b
       920  <<<<<<<<<<<<<<<<  3c3c3c3c3c3c3c3c3c3c3c3c3c3c3c3c
       600  ,,,,,,,,,,,,,,,,  2c2c2c2c2c2c2c2c2c2c2c2c2c2c2c2c
       570  ;;;;;;;;;;;;;;;;  3b3b3b3b3b3b3b3b3b3b3b3b3b3b3b3b
       543  ================  3d3d3d3d3d3d3d3d3d3d3d3d3d3d3d3d
       447  ::::::::::::::::  3a3a3a3a3a3a3a3a3a3a3a3a3a3a3a3a
       434  ????????????????  3f3f3f3f3f3f3f3f3f3f3f3f3f3f3f3f
       412  >>>>>>>>>>>>>>>>  3e3e3e3e3e3e3e3e3e3e3e3e3e3e3e3e
       407  9999999999999999  39393939393939393939393939393939
       334  8888888888888888  38383838383838383838383838383838
# epoch 12600  H=7.5201 C=7.2282 HO=0.2919  A(t)=445
       814  ================  3d3d3d3d3d3d3d3d3d3d3d3d3d3d3d3d
       800  <<<<<<<<<<<<<<<<  3c3c3c3c3c3c3c3c3c3c3c3c3c3c3c3c
       767  ;;;;;;;;;;;;;;;;  3b3b3b3b3b3b3b3b3b3b3b3b3b3b3b3b
       746  [[[[[[[[[[[[[[[[  5b5b5b5b5b5b5b5b5b5b5b5b5b5b5b5b
       688  ,,,,,,,,,,,,,,,,  2c2c2c2c2c2c2c2c2c2c2c2c2c2c2c2c
       494  ::::::::::::::::  3a3a3a3a3a3a3a3a3a3a3a3a3a3a3a3a
       396  >>>>>>>>>>>>>>>>  3e3e3e3e3e3e3e3e3e3e3e3e3e3e3e3e
       335  ????????????????  3f3f3f3f3f3f3f3f3f3f3f3f3f3f3f3f
       243  ................  2e2e2e2e2e2e2e2e2e2e2e2e2e2e2e2e
       230  ................  01010101010101010101010101010101
# epoch 12800  H=7.5172 C=7.2171 HO=0.3001  A(t)=445
       992  ,,,,,,,,,,,,,,,,  2c2c2c2c2c2c2c2c2c2c2c2c2c2c2c2c
       846  <<<<<<<<<<<<<<<<  3c3c3c3c3c3c3c3c3c3c3c3c3c3c3c3c
       786  ;;;;;;;;;;;;;;;;  3b3b3b3b3b3b3b3b3b3b3b3b3b3b3b3b
       650  ================  3d3d3d3d3d3d3d3d3d3d3d3d3d3d3d3d
       628  [[[[[[[[[[[[[[[[  5b5b5b5b5b5b5b5b5b5b5b5b5b5b5b5b
       494  >>>>>>>>>>>>>>>>  3e3e3e3e3e3e3e3e3e3e3e3e3e3e3e3e
       277  ::::::::::::::::  3a3a3a3a3a3a3a3a3a3a3a3a3a3a3a3a
       268  ????????????????  3f3f3f3f3f3f3f3f3f3f3f3f3f3f3f3f
       258  ////////////////  2f2f2f2f2f2f2f2f2f2f2f2f2f2f2f2f
       225  6666666666666666  36363636363636363636363636363636
# epoch 13000  H=7.5182 C=7.2108 HO=0.3074  A(t)=451
       837  ,,,,,,,,,,,,,,,,  2c2c2c2c2c2c2c2c2c2c2c2c2c2c2c2c
       790  ;;;;;;;;;;;;;;;;  3b3b3b3b3b3b3b3b3b3b3b3b3b3b3b3b
       770  <<<<<<<<<<<<<<<<  3c3c3c3c3c3c3c3c3c3c3c3c3c3c3c3c
       763  ================  3d3d3d3d3d3d3d3d3d3d3d3d3d3d3d3d
       478  [[[[[[[[[[[[[[[[  5b5b5b5b5b5b5b5b5b5b5b5b5b5b5b5b
       469  >>>>>>>>>>>>>>>>  3e3e3e3e3e3e3e3e3e3e3e3e3e3e3e3e
       455  ????????????????  3f3f3f3f3f3f3f3f3f3f3f3f3f3f3f3f
       328  ................  2e2e2e2e2e2e2e2e2e2e2e2e2e2e2e2e
       280  DDDDDDDDDDDDDDDD  44444444444444444444444444444444
       272  ////////////////  2f2f2f2f2f2f2f2f2f2f2f2f2f2f2f2f
# epoch 13200  H=7.5144 C=7.2055 HO=0.3089  A(t)=451
      1254  <<<<<<<<<<<<<<<<  3c3c3c3c3c3c3c3c3c3c3c3c3c3c3c3c
      1008  ,,,,,,,,,,,,,,,,  2c2c2c2c2c2c2c2c2c2c2c2c2c2c2c2c
       770  ;;;;;;;;;;;;;;;;  3b3b3b3b3b3b3b3b3b3b3b3b3b3b3b3b
       687  ================  3d3d3d3d3d3d3d3d3d3d3d3d3d3d3d3d
       523  >>>>>>>>>>>>>>>>  3e3e3e3e3e3e3e3e3e3e3e3e3e3e3e3e
       481  [[[[[[[[[[[[[[[[  5b5b5b5b5b5b5b5b5b5b5b5b5b5b5b5b
       416  ????????????????  3f3f3f3f3f3f3f3f3f3f3f3f3f3f3f3f
       385  ::::::::::::::::  3a3a3a3a3a3a3a3a3a3a3a3a3a3a3a3a
       331  @@@@@@@@@@@@@@@@  40404040404040404040404040404040
       282  ................  2e2e2e2e2e2e2e2e2e2e2e2e2e2e2e2e
# epoch 13400  H=7.5132 C=7.2047 HO=0.3086  A(t)=451
      1081  <<<<<<<<<<<<<<<<  3c3c3c3c3c3c3c3c3c3c3c3c3c3c3c3c
       741  >>>>>>>>>>>>>>>>  3e3e3e3e3e3e3e3e3e3e3e3e3e3e3e3e
       734  ;;;;;;;;;;;;;;;;  3b3b3b3b3b3b3b3b3b3b3b3b3b3b3b3b
       681  ,,,,,,,,,,,,,,,,  2c2c2c2c2c2c2c2c2c2c2c2c2c2c2c2c
       553  ================  3d3d3d3d3d3d3d3d3d3d3d3d3d3d3d3d
       536  [[[[[[[[[[[[[[[[  5b5b5b5b5b5b5b5b5b5b5b5b5b5b5b5b
       415  ::::::::::::::::  3a3a3a3a3a3a3a3a3a3a3a3a3a3a3a3a
       398  ????????????????  3f3f3f3f3f3f3f3f3f3f3f3f3f3f3f3f
       353  8888888888888888  38383838383838383838383838383838
       290  7777777777777777  37373737373737373737373737373737
# epoch 13600  H=7.5111 C=7.2080 HO=0.3031  A(t)=452
      1056  <<<<<<<<<<<<<<<<  3c3c3c3c3c3c3c3c3c3c3c3c3c3c3c3c
       922  ,,,,,,,,,,,,,,,,  2c2c2c2c2c2c2c2c2c2c2c2c2c2c2c2c
       735  ;;;;;;;;;;;;;;;;  3b3b3b3b3b3b3b3b3b3b3b3b3b3b3b3b
       696  ================  3d3d3d3d3d3d3d3d3d3d3d3d3d3d3d3d
       677  [[[[[[[[[[[[[[[[  5b5b5b5b5b5b5b5b5b5b5b5b5b5b5b5b
       540  ::::::::::::::::  3a3a3a3a3a3a3a3a3a3a3a3a3a3a3a3a
       446  8888888888888888  38383838383838383838383838383838
       424  >>>>>>>>>>>>>>>>  3e3e3e3e3e3e3e3e3e3e3e3e3e3e3e3e
       392  ????????????????  3f3f3f3f3f3f3f3f3f3f3f3f3f3f3f3f
       373  9999999999999999  39393939393939393939393939393939
# epoch 13800  H=7.5166 C=7.2081 HO=0.3085  A(t)=452
       887  ================  3d3d3d3d3d3d3d3d3d3d3d3d3d3d3d3d
       855  <<<<<<<<<<<<<<<<  3c3c3c3c3c3c3c3c3c3c3c3c3c3c3c3c
       836  ,,,,,,,,,,,,,,,,  2c2c2c2c2c2c2c2c2c2c2c2c2c2c2c2c
       629  >>>>>>>>>>>>>>>>  3e3e3e3e3e3e3e3e3e3e3e3e3e3e3e3e
       626  [[[[[[[[[[[[[[[[  5b5b5b5b5b5b5b5b5b5b5b5b5b5b5b5b
       615  ????????????????  3f3f3f3f3f3f3f3f3f3f3f3f3f3f3f3f
       501  ;;;;;;;;;;;;;;;;  3b3b3b3b3b3b3b3b3b3b3b3b3b3b3b3b
       456  9999999999999999  39393939393939393939393939393939
       449  ::::::::::::::::  3a3a3a3a3a3a3a3a3a3a3a3a3a3a3a3a
       337  8888888888888888  38383838383838383838383838383838
# epoch 14000  H=7.5116 C=7.1952 HO=0.3164  A(t)=452
      1128  <<<<<<<<<<<<<<<<  3c3c3c3c3c3c3c3c3c3c3c3c3c3c3c3c
      1024  [[[[[[[[[[[[[[[[  5b5b5b5b5b5b5b5b5b5b5b5b5b5b5b5b
       698  ,,,,,,,,,,,,,,,,  2c2c2c2c2c2c2c2c2c2c2c2c2c2c2c2c
       646  ;;;;;;;;;;;;;;;;  3b3b3b3b3b3b3b3b3b3b3b3b3b3b3b3b
       590  ================  3d3d3d3d3d3d3d3d3d3d3d3d3d3d3d3d
       448  9999999999999999  39393939393939393939393939393939
       421  8888888888888888  38383838383838383838383838383838
       394  >>>>>>>>>>>>>>>>  3e3e3e3e3e3e3e3e3e3e3e3e3e3e3e3e
       356  ::::::::::::::::  3a3a3a3a3a3a3a3a3a3a3a3a3a3a3a3a
       312  ................  2e2e2e2e2e2e2e2e2e2e2e2e2e2e2e2e
# epoch 14200  H=7.5094 C=7.1927 HO=0.3166  A(t)=453
      1133  <<<<<<<<<<<<<<<<  3c3c3c3c3c3c3c3c3c3c3c3c3c3c3c3c
       810  ,,,,,,,,,,,,,,,,  2c2c2c2c2c2c2c2c2c2c2c2c2c2c2c2c
       749  ;;;;;;;;;;;;;;;;  3b3b3b3b3b3b3b3b3b3b3b3b3b3b3b3b
       745  [[[[[[[[[[[[[[[[  5b5b5b5b5b5b5b5b5b5b5b5b5b5b5b5b
       655  ================  3d3d3d3d3d3d3d3d3d3d3d3d3d3d3d3d
       463  ::::::::::::::::  3a3a3a3a3a3a3a3a3a3a3a3a3a3a3a3a
       449  9999999999999999  39393939393939393939393939393939
       352  >>>>>>>>>>>>>>>>  3e3e3e3e3e3e3e3e3e3e3e3e3e3e3e3e
       289  ................  2e2e2e2e2e2e2e2e2e2e2e2e2e2e2e2e
       275  6666666666666666  36363636363636363636363636363636
# epoch 14400  H=7.5103 C=7.1907 HO=0.3197  A(t)=455
      1161  <<<<<<<<<<<<<<<<  3c3c3c3c3c3c3c3c3c3c3c3c3c3c3c3c
       820  [[[[[[[[[[[[[[[[  5b5b5b5b5b5b5b5b5b5b5b5b5b5b5b5b
       812  ================  3d3d3d3d3d3d3d3d3d3d3d3d3d3d3d3d
       742  ,,,,,,,,,,,,,,,,  2c2c2c2c2c2c2c2c2c2c2c2c2c2c2c2c
       654  ;;;;;;;;;;;;;;;;  3b3b3b3b3b3b3b3b3b3b3b3b3b3b3b3b
       398  ::::::::::::::::  3a3a3a3a3a3a3a3a3a3a3a3a3a3a3a3a
       363  >>>>>>>>>>>>>>>>  3e3e3e3e3e3e3e3e3e3e3e3e3e3e3e3e
       314  9999999999999999  39393939393939393939393939393939
       306  5555555555555555  35353535353535353535353535353535
       268  2222222222222222  32323232323232323232323232323232
# epoch 14600  H=7.5089 C=7.1847 HO=0.3242  A(t)=455
      1107  <<<<<<<<<<<<<<<<  3c3c3c3c3c3c3c3c3c3c3c3c3c3c3c3c
      1012  ,,,,,,,,,,,,,,,,  2c2c2c2c2c2c2c2c2c2c2c2c2c2c2c2c
       640  [[[[[[[[[[[[[[[[  5b5b5b5b5b5b5b5b5b5b5b5b5b5b5b5b
       631  ;;;;;;;;;;;;;;;;  3b3b3b3b3b3b3b3b3b3b3b3b3b3b3b3b
       626  ================  3d3d3d3d3d3d3d3d3d3d3d3d3d3d3d3d
       438  9999999999999999  39393939393939393939393939393939
       376  >>>>>>>>>>>>>>>>  3e3e3e3e3e3e3e3e3e3e3e3e3e3e3e3e
       349  ????????????????  3f3f3f3f3f3f3f3f3f3f3f3f3f3f3f3f
       311  ::::::::::::::::  3a3a3a3a3a3a3a3a3a3a3a3a3a3a3a3a
       294  0000000000000000  30303030303030303030303030303030
