# epoch 0  H=7.9999 C=8.0025 HO=-0.0001  A(t)=0
         1  ................  ffffe18e1407fee591e1aac60ccad7d5
         1  ...4q{....)..\..  ffffdb34717b0c14b215290f9b5c96cc
         1  .....w~:3j7..n.x  ffffcaf1df777e3a336a378ab46e0078
         1  ....N.s.u..$Ck.w  ffffbb924ec473d775fad824436b0177
         1  ......0....-....  ffffb00d0f2e3080fb05902dd2ac1fa4
         1  ....&c...b.El.NI  ffffaec82663b1dd9f62a3456ca34e49
         1  ....S...ALb&....  ffffa7d15399b200414c622686c3b3bf
         1  ......kR...Yt.p.  ffffa61cf9c16b5213e6f359741e709b
         1  ......%.mb..3...  ffffa2a2e8da25f06d62b41533a5b1fa
         1  ...~.M..J..y..'.  ffff977efa4d08cb4ac8e679d9da27b9
# epoch 250  H=7.9953 C=7.6413 HO=0.3483  A(t)=0
      1271  [[[[[[[[[[[[[[[[  5b5b5b5b5b5b5b5b5b5b5b5b5b5b5b5b
       869  ................  ffffffffffffffffffffffffffffffff
       671  ,,,,,,,,,,,,,,,,  2c2c2c2c2c2c2c2c2c2c2c2c2c2c2c2c
       595  EEEEEEEEEEEEEEEE  45454545454545454545454545454545
       534  <<<<<<<<<<<<<<<<  3c3c3c3c3c3c3c3c3c3c3c3c3c3c3c3c
       500  ................  01010101010101010101010101010101
       447  ................  b6b6b6b6b6b6b6b6b6b6b6b6b6b6b6b6
       438  ................  fefefefefefefefefefefefefefefefe
       434  ................  f5f5f5f5f5f5f5f5f5f5f5f5f5f5f5f5
       410  ................  1f1f1f1f1f1f1f1f1f1f1f1f1f1f1f1f
# epoch 500  H=7.9815 C=7.4981 HO=0.4749  A(t)=0
      2199  ................  ffffffffffffffffffffffffffffffff
      1726  [[[[[[[[[[[[[[[[  5b5b5b5b5b5b5b5b5b5b5b5b5b5b5b5b
      1182  <<<<<<<<<<<<<<<<  3c3c3c3c3c3c3c3c3c3c3c3c3c3c3c3c
      1046  ,,,,,,,,,,,,,,,,  2c2c2c2c2c2c2c2c2c2c2c2c2c2c2c2c
       899  ................  04040404040404040404040404040404
       814  ................  01010101010101010101010101010101
       567  ................  fefefefefefefefefefefefefefefefe
       541  ;;;;;;;;;;;;;;;;  3b3b3b3b3b3b3b3b3b3b3b3b3b3b3b3b
       527  ????????????????  3f3f3f3f3f3f3f3f3f3f3f3f3f3f3f3f
       485  >>>>>>>>>>>>>>>>  3e3e3e3e3e3e3e3e3e3e3e3e3e3e3e3e
# epoch 750  H=7.9634 C=7.4245 HO=0.5221  A(t)=0
      2039  <<<<<<<<<<<<<<<<  3c3c3c3c3c3c3c3c3c3c3c3c3c3c3c3c
      1411  [[[[[[[[[[[[[[[[  5b5b5b5b5b5b5b5b5b5b5b5b5b5b5b5b
      1291  ................  ffffffffffffffffffffffffffffffff
       710  ................  fdfdfdfdfdfdfdfdfdfdfdfdfdfdfdfd
       658  ................  01010101010101010101010101010101
       634  ================  3d3d3d3d3d3d3d3d3d3d3d3d3d3d3d3d
       618  ,,,,,,,,,,,,,,,,  2c2c2c2c2c2c2c2c2c2c2c2c2c2c2c2c
       583  >>>>>>>>>>>>>>>>  3e3e3e3e3e3e3e3e3e3e3e3e3e3e3e3e
       522  ;;;;;;;;;;;;;;;;  3b3b3b3b3b3b3b3b3b3b3b3b3b3b3b3b
       403  ................  fbfbfbfbfbfbfbfbfbfbfbfbfbfbfbfb
# epoch 1000  H=7.9378 C=7.3816 HO=0.5338  A(t)=0
      2260  <<<<<<<<<<<<<<<<  3c3c3c3c3c3c3c3c3c3c3c3c3c3c3c3c
      1912  [[[[[[[[[[[[[[[[  5b5b5b5b5b5b5b5b5b5b5b5b5b5b5b5b
      1086  ================  3d3d3d3d3d3d3d3d3d3d3d3d3d3d3d3d
       948  >>>>>>>>>>>>>>>>  3e3e3e3e3e3e3e3e3e3e3e3e3e3e3e3e
       826  ................  ffffffffffffffffffffffffffffffff
       776  ,,,,,,,,,,,,,,,,  2c2c2c2c2c2c2c2c2c2c2c2c2c2c2c2c
       709  ;;;;;;;;;;;;;;;;  3b3b3b3b3b3b3b3b3b3b3b3b3b3b3b3b
       480  HHHHHHHHHHHHHHHH  48484848484848484848484848484848
       418  2222222222222222  32323232323232323232323232323232
       366  ((((((((((((((((  28282828282828282828282828282828
# epoch 1250  H=7.9138 C=7.3422 HO=0.5351  A(t)=267
      2434  <<<<<<<<<<<<<<<<  3c3c3c3c3c3c3c3c3c3c3c3c3c3c3c3c
      1550  [[[[[[[[[[[[[[[[  5b5b5b5b5b5b5b5b5b5b5b5b5b5b5b5b
       802  ================  3d3d3d3d3d3d3d3d3d3d3d3d3d3d3d3d
       798  ,,,,,,,,,,,,,,,,  2c2c2c2c2c2c2c2c2c2c2c2c2c2c2c2c
       656  ;;;;;;;;;;;;;;;;  3b3b3b3b3b3b3b3b3b3b3b3b3b3b3b3b
       626  ................  ffffffffffffffffffffffffffffffff
       517  >>>>>>>>>>>>>>>>  3e3e3e3e3e3e3e3e3e3e3e3e3e3e3e3e
       454  ................  01010101010101010101010101010101
       392  ................  1b1b1b1b1b1b1b1b1b1b1b1b1b1b1b1b
       374  }}}}}}}}}}}}}}}}  7d7d7d7d7d7d7d7d7d7d7d7d7d7d7d7d
# epoch 1500  H=7.8857 C=7.3230 HO=0.5142  A(t)=289
      2152  <<<<<<<<<<<<<<<<  3c3c3c3c3c3c3c3c3c3c3c3c3c3c3c3c
      1285  [[[[[[[[[[[[[[[[  5b5b5b5b5b5b5b5b5b5b5b5b5b5b5b5b
      1161  ,,,,,,,,,,,,,,,,  2c2c2c2c2c2c2c2c2c2c2c2c2c2c2c2c
       840  ================  3d3d3d3d3d3d3d3d3d3d3d3d3d3d3d3d
       788  ................  01010101010101010101010101010101
       686  >>>>>>>>>>>>>>>>  3e3e3e3e3e3e3e3e3e3e3e3e3e3e3e3e
       529  ;;;;;;;;;;;;;;;;  3b3b3b3b3b3b3b3b3b3b3b3b3b3b3b3b
       496  ::::::::::::::::  3a3a3a3a3a3a3a3a3a3a3a3a3a3a3a3a
       496  8888888888888888  38383838383838383838383838383838
       494  DDDDDDDDDDDDDDDD  44444444444444444444444444444444
# epoch 1750  H=7.8573 C=7.3170 HO=0.4823  A(t)=291
      2238  <<<<<<<<<<<<<<<<  3c3c3c3c3c3c3c3c3c3c3c3c3c3c3c3c
      1370  [[[[[[[[[[[[[[[[  5b5b5b5b5b5b5b5b5b5b5b5b5b5b5b5b
       842  >>>>>>>>>>>>>>>>  3e3e3e3e3e3e3e3e3e3e3e3e3e3e3e3e
       657  ................  01010101010101010101010101010101
       642  ,,,,,,,,,,,,,,,,  2c2c2c2c2c2c2c2c2c2c2c2c2c2c2c2c
       619  ================  3d3d3d3d3d3d3d3d3d3d3d3d3d3d3d3d
       615  ;;;;;;;;;;;;;;;;  3b3b3b3b3b3b3b3b3b3b3b3b3b3b3b3b
       552  ::::::::::::::::  3a3a3a3a3a3a3a3a3a3a3a3a3a3a3a3a
       437  9999999999999999  39393939393939393939393939393939
       422  ................  fefefefefefefefefefefefefefefefe
# epoch 2000  H=7.8236 C=7.3054 HO=0.4510  A(t)=295
      1721  <<<<<<<<<<<<<<<<  3c3c3c3c3c3c3c3c3c3c3c3c3c3c3c3c
      1435  [[[[[[[[[[[[[[[[  5b5b5b5b5b5b5b5b5b5b5b5b5b5b5b5b
      1117  >>>>>>>>>>>>>>>>  3e3e3e3e3e3e3e3e3e3e3e3e3e3e3e3e
      1076  ,,,,,,,,,,,,,,,,  2c2c2c2c2c2c2c2c2c2c2c2c2c2c2c2c
       951  ;;;;;;;;;;;;;;;;  3b3b3b3b3b3b3b3b3b3b3b3b3b3b3b3b
       794  ================  3d3d3d3d3d3d3d3d3d3d3d3d3d3d3d3d
       550  9999999999999999  39393939393939393939393939393939
       399  ................  01010101010101010101010101010101
       350  BBBBBBBBBBBBBBBB  42424242424242424242424242424242
       345  ZZZZZZZZZZZZZZZZ  5a5a5a5a5a5a5a5a5a5a5a5a5a5a5a5a
# epoch 2250  H=7.7880 C=7.2740 HO=0.4423  A(t)=299
      2303  [[[[[[[[[[[[[[[[  5b5b5b5b5b5b5b5b5b5b5b5b5b5b5b5b
      1952  <<<<<<<<<<<<<<<<  3c3c3c3c3c3c3c3c3c3c3c3c3c3c3c3c
      1174  ,,,,,,,,,,,,,,,,  2c2c2c2c2c2c2c2c2c2c2c2c2c2c2c2c
      1081  ;;;;;;;;;;;;;;;;  3b3b3b3b3b3b3b3b3b3b3b3b3b3b3b3b
       788  ================  3d3d3d3d3d3d3d3d3d3d3d3d3d3d3d3d
       700  >>>>>>>>>>>>>>>>  3e3e3e3e3e3e3e3e3e3e3e3e3e3e3e3e
       469  ????????????????  3f3f3f3f3f3f3f3f3f3f3f3f3f3f3f3f
       441  9999999999999999  39393939393939393939393939393939
       346  @@@@@@@@@@@@@@@@  40404040404040404040404040404040
       339  ................  ffffffffffffffffffffffffffffffff
# epoch 2500  H=7.7534 C=7.2697 HO=0.4115  A(t)=306
      2472  [[[[[[[[[[[[[[[[  5b5b5b5b5b5b5b5b5b5b5b5b5b5b5b5b
      2194  <<<<<<<<<<<<<<<<  3c3c3c3c3c3c3c3c3c3c3c3c3c3c3c3c
      1035  ================  3d3d3d3d3d3d3d3d3d3d3d3d3d3d3d3d
       889  >>>>>>>>>>>>>>>>  3e3e3e3e3e3e3e3e3e3e3e3e3e3e3e3e
       841  ,,,,,,,,,,,,,,,,  2c2c2c2c2c2c2c2c2c2c2c2c2c2c2c2c
       835  ;;;;;;;;;;;;;;;;  3b3b3b3b3b3b3b3b3b3b3b3b3b3b3b3b
       584  ::::::::::::::::  3a3a3a3a3a3a3a3a3a3a3a3a3a3a3a3a
       261  cccccccccccccccc  63636363636363636363636363636363
       259  BBBBBBBBBBBBBBBB  42424242424242424242424242424242
       249  }}}}}}}}}}}}}}}}  7d7d7d7d7d7d7d7d7d7d7d7d7d7d7d7d
# epoch 2750  H=7.7391 C=7.2793 HO=0.3830  A(t)=317
      1582  [[[[[[[[[[[[[[[[  5b5b5b5b5b5b5b5b5b5b5b5b5b5b5b5b
      1237  <<<<<<<<<<<<<<<<  3c3c3c3c3c3c3c3c3c3c3c3c3c3c3c3c
      1001  ================  3d3d3d3d3d3d3d3d3d3d3d3d3d3d3d3d
       781  ;;;;;;;;;;;;;;;;  3b3b3b3b3b3b3b3b3b3b3b3b3b3b3b3b
       750  ,,,,,,,,,,,,,,,,  2c2c2c2c2c2c2c2c2c2c2c2c2c2c2c2c
       551  ::::::::::::::::  3a3a3a3a3a3a3a3a3a3a3a3a3a3a3a3a
       509  >>>>>>>>>>>>>>>>  3e3e3e3e3e3e3e3e3e3e3e3e3e3e3e3e
       418  {{{{{{{{{{{{{{{{  7b7b7b7b7b7b7b7b7b7b7b7b7b7b7b7b
       338  ????????????????  3f3f3f3f3f3f3f3f3f3f3f3f3f3f3f3f
       316  9999999999999999  39393939393939393939393939393939
# epoch 3000  H=7.7150 C=7.2875 HO=0.3533  A(t)=323
      1483  [[[[[[[[[[[[[[[[  5b5b5b5b5b5b5b5b5b5b5b5b5b5b5b5b
      1385  <<<<<<<<<<<<<<<<  3c3c3c3c3c3c3c3c3c3c3c3c3c3c3c3c
       796  ;;;;;;;;;;;;;;;;  3b3b3b3b3b3b3b3b3b3b3b3b3b3b3b3b
       628  ================  3d3d3d3d3d3d3d3d3d3d3d3d3d3d3d3d
       595  ::::::::::::::::  3a3a3a3a3a3a3a3a3a3a3a3a3a3a3a3a
       581  ,,,,,,,,,,,,,,,,  2c2c2c2c2c2c2c2c2c2c2c2c2c2c2c2c
       387  >>>>>>>>>>>>>>>>  3e3e3e3e3e3e3e3e3e3e3e3e3e3e3e3e
       340  ................  01010101010101010101010101010101
       332  {{{{{{{{{{{{{{{{  7b7b7b7b7b7b7b7b7b7b7b7b7b7b7b7b
       300  }}}}}}}}}}}}}}}}  7d7d7d7d7d7d7d7d7d7d7d7d7d7d7d7d
# epoch 3250  H=7.6852 C=7.2699 HO=0.3405  A(t)=327
      2165  <<<<<<<<<<<<<<<<  3c3c3c3c3c3c3c3c3c3c3c3c3c3c3c3c
      1675  [[[[[[[[[[[[[[[[  5b5b5b5b5b5b5b5b5b5b5b5b5b5b5b5b
       953  ;;;;;;;;;;;;;;;;  3b3b3b3b3b3b3b3b3b3b3b3b3b3b3b3b
       788  ================  3d3d3d3d3d3d3d3d3d3d3d3d3d3d3d3d
       732  ,,,,,,,,,,,,,,,,  2c2c2c2c2c2c2c2c2c2c2c2c2c2c2c2c
       558  ::::::::::::::::  3a3a3a3a3a3a3a3a3a3a3a3a3a3a3a3a
       486  >>>>>>>>>>>>>>>>  3e3e3e3e3e3e3e3e3e3e3e3e3e3e3e3e
       340  {{{{{{{{{{{{{{{{  7b7b7b7b7b7b7b7b7b7b7b7b7b7b7b7b
       340  9999999999999999  39393939393939393939393939393939
       265  ................  00000000000000000000000000000000
# epoch 3500  H=7.6702 C=7.2872 HO=0.3059  A(t)=331
      1558  <<<<<<<<<<<<<<<<  3c3c3c3c3c3c3c3c3c3c3c3c3c3c3c3c
      1015  [[[[[[[[[[[[[[[[  5b5b5b5b5b5b5b5b5b5b5b5b5b5b5b5b
       631  ================  3d3d3d3d3d3d3d3d3d3d3d3d3d3d3d3d
       621  ,,,,,,,,,,,,,,,,  2c2c2c2c2c2c2c2c2c2c2c2c2c2c2c2c
       619  ;;;;;;;;;;;;;;;;  3b3b3b3b3b3b3b3b3b3b3b3b3b3b3b3b
       340  MMMMMMMMMMMMMMMM  4d4d4d4d4d4d4d4d4d4d4d4d4d4d4d4d
       291  >>>>>>>>>>>>>>>>  3e3e3e3e3e3e3e3e3e3e3e3e3e3e3e3e
       283  ::::::::::::::::  3a3a3a3a3a3a3a3a3a3a3a3a3a3a3a3a
       238  7777777777777777  37373737373737373737373737373737
       237  EEEEEEEEEEEEEEEE  45454545454545454545454545454545
# epoch 3750  H=7.6597 C=7.2939 HO=0.2915  A(t)=331
      1188  [[[[[[[[[[[[[[[[  5b5b5b5b5b5b5b5b5b5b5b5b5b5b5b5b
       980  <<<<<<<<<<<<<<<<  3c3c3c3c3c3c3c3c3c3c3c3c3c3c3c3c
       680  ================  3d3d3d3d3d3d3d3d3d3d3d3d3d3d3d3d
       609  ,,,,,,,,,,,,,,,,  2c2c2c2c2c2c2c2c2c2c2c2c2c2c2c2c
       503  ;;;;;;;;;;;;;;;;  3b3b3b3b3b3b3b3b3b3b3b3b3b3b3b3b
       363  ????????????????  3f3f3f3f3f3f3f3f3f3f3f3f3f3f3f3f
       361  >>>>>>>>>>>>>>>>  3e3e3e3e3e3e3e3e3e3e3e3e3e3e3e3e
       332  zzzzzzzzzzzzzzzz  7a7a7a7a7a7a7a7a7a7a7a7a7a7a7a7a
       283  @@@@@@@@@@@@@@@@  40404040404040404040404040404040
       225  ::::::::::::::::  3a3a3a3a3a3a3a3a3a3a3a3a3a3a3a3a
# epoch 4000  H=7.6479 C=7.2970 HO=0.2797  A(t)=332
      1398  <<<<<<<<<<<<<<<<  3c3c3c3c3c3c3c3c3c3c3c3c3c3c3c3c
       915  [[[[[[[[[[[[[[[[  5b5b5b5b5b5b5b5b5b5b5b5b5b5b5b5b
       719  ,,,,,,,,,,,,,,,,  2c2c2c2c2c2c2c2c2c2c2c2c2c2c2c2c
       699  ================  3d3d3d3d3d3d3d3d3d3d3d3d3d3d3d3d
       474  ;;;;;;;;;;;;;;;;  3b3b3b3b3b3b3b3b3b3b3b3b3b3b3b3b
       285  zzzzzzzzzzzzzzzz  7a7a7a7a7a7a7a7a7a7a7a7a7a7a7a7a
       221  >>>>>>>>>>>>>>>>  3e3e3e3e3e3e3e3e3e3e3e3e3e3e3e3e
       217  RRRRRRRRRRRRRRRR  52525252525252525252525252525252
       195  ????????????????  3f3f3f3f3f3f3f3f3f3f3f3f3f3f3f3f
       193  @@@@@@@@@@@@@@@@  40404040404040404040404040404040
# epoch 4250  H=7.6341 C=7.3054 HO=0.2586  A(t)=333
      1134  <<<<<<<<<<<<<<<<  3c3c3c3c3c3c3c3c3c3c3c3c3c3c3c3c
       714  [[[[[[[[[[[[[[[[  5b5b5b5b5b5b5b5b5b5b5b5b5b5b5b5b
       643  ================  3d3d3d3d3d3d3d3d3d3d3d3d3d3d3d3d
       619  ;;;;;;;;;;;;;;;;  3b3b3b3b3b3b3b3b3b3b3b3b3b3b3b3b
       618  ,,,,,,,,,,,,,,,,  2c2c2c2c2c2c2c2c2c2c2c2c2c2c2c2c
       429  ::::::::::::::::  3a3a3a3a3a3a3a3a3a3a3a3a3a3a3a3a
       421  >>>>>>>>>>>>>>>>  3e3e3e3e3e3e3e3e3e3e3e3e3e3e3e3e
       216  {{{{{{{{{{{{{{{{  7b7b7b7b7b7b7b7b7b7b7b7b7b7b7b7b
       205  9999999999999999  39393939393939393939393939393939
       179  ................  cacacacacacacacacacacacacacacaca
# epoch 4500  H=7.6195 C=7.3107 HO=0.2371  A(t)=335
       870  <<<<<<<<<<<<<<<<  3c3c3c3c3c3c3c3c3c3c3c3c3c3c3c3c
       656  ,,,,,,,,,,,,,,,,  2c2c2c2c2c2c2c2c2c2c2c2c2c2c2c2c
       556  [[[[[[[[[[[[[[[[  5b5b5b5b5b5b5b5b5b5b5b5b5b5b5b5b
       523  ================  3d3d3d3d3d3d3d3d3d3d3d3d3d3d3d3d
       374  >>>>>>>>>>>>>>>>  3e3e3e3e3e3e3e3e3e3e3e3e3e3e3e3e
       352  ;;;;;;;;;;;;;;;;  3b3b3b3b3b3b3b3b3b3b3b3b3b3b3b3b
       308  ::::::::::::::::  3a3a3a3a3a3a3a3a3a3a3a3a3a3a3a3a
       260  zzzzzzzzzzzzzzzz  7a7a7a7a7a7a7a7a7a7a7a7a7a7a7a7a
       217  ................  bebebebebebebebebebebebebebebebe
       199  ]]]]]]]]]]]]]]]]  5d5d5d5d5d5d5d5d5d5d5d5d5d5d5d5d
# epoch 4750  H=7.6139 C=7.3228 HO=0.2292  A(t)=335
      1193  <<<<<<<<<<<<<<<<  3c3c3c3c3c3c3c3c3c3c3c3c3c3c3c3c
       640  [[[[[[[[[[[[[[[[  5b5b5b5b5b5b5b5b5b5b5b5b5b5b5b5b
       503  ,,,,,,,,,,,,,,,,  2c2c2c2c2c2c2c2c2c2c2c2c2c2c2c2c
       429  ================  3d3d3d3d3d3d3d3d3d3d3d3d3d3d3d3d
       429  ;;;;;;;;;;;;;;;;  3b3b3b3b3b3b3b3b3b3b3b3b3b3b3b3b
       331  >>>>>>>>>>>>>>>>  3e3e3e3e3e3e3e3e3e3e3e3e3e3e3e3e
       267  ????????????????  3f3f3f3f3f3f3f3f3f3f3f3f3f3f3f3f
       246  ::::::::::::::::  3a3a3a3a3a3a3a3a3a3a3a3a3a3a3a3a
       215  }}}}}}}}}}}}}}}}  7d7d7d7d7d7d7d7d7d7d7d7d7d7d7d7d
       185  7777777777777777  37373737373737373737373737373737
# epoch 5000  H=7.6011 C=7.3227 HO=0.2166  A(t)=335
       730  <<<<<<<<<<<<<<<<  3c3c3c3c3c3c3c3c3c3c3c3c3c3c3c3c
       718  ,,,,,,,,,,,,,,,,  2c2c2c2c2c2c2c2c2c2c2c2c2c2c2c2c
       626  ================  3d3d3d3d3d3d3d3d3d3d3d3d3d3d3d3d
       621  [[[[[[[[[[[[[[[[  5b5b5b5b5b5b5b5b5b5b5b5b5b5b5b5b
       546  ;;;;;;;;;;;;;;;;  3b3b3b3b3b3b3b3b3b3b3b3b3b3b3b3b
       401  >>>>>>>>>>>>>>>>  3e3e3e3e3e3e3e3e3e3e3e3e3e3e3e3e
       394  ))))))))))))))))  29292929292929292929292929292929
       314  ::::::::::::::::  3a3a3a3a3a3a3a3a3a3a3a3a3a3a3a3a
       249  ????????????????  3f3f3f3f3f3f3f3f3f3f3f3f3f3f3f3f
       177  AAAAAAAAAAAAAAAA  41414141414141414141414141414141
# epoch 5250  H=7.5865 C=7.3166 HO=0.2115  A(t)=336
       942  <<<<<<<<<<<<<<<<  3c3c3c3c3c3c3c3c3c3c3c3c3c3c3c3c
       760  ,,,,,,,,,,,,,,,,  2c2c2c2c2c2c2c2c2c2c2c2c2c2c2c2c
       720  [[[[[[[[[[[[[[[[  5b5b5b5b5b5b5b5b5b5b5b5b5b5b5b5b
       656  ================  3d3d3d3d3d3d3d3d3d3d3d3d3d3d3d3d
       525  >>>>>>>>>>>>>>>>  3e3e3e3e3e3e3e3e3e3e3e3e3e3e3e3e
       434  ;;;;;;;;;;;;;;;;  3b3b3b3b3b3b3b3b3b3b3b3b3b3b3b3b
       348  ::::::::::::::::  3a3a3a3a3a3a3a3a3a3a3a3a3a3a3a3a
       200  8888888888888888  38383838383838383838383838383838
       188  yyyyyyyyyyyyyyyy  79797979797979797979797979797979
       188  9999999999999999  39393939393939393939393939393939
# epoch 5500  H=7.5738 C=7.3035 HO=0.2129  A(t)=338
       917  <<<<<<<<<<<<<<<<  3c3c3c3c3c3c3c3c3c3c3c3c3c3c3c3c
       760  ================  3d3d3d3d3d3d3d3d3d3d3d3d3d3d3d3d
       690  [[[[[[[[[[[[[[[[  5b5b5b5b5b5b5b5b5b5b5b5b5b5b5b5b
       567  ;;;;;;;;;;;;;;;;  3b3b3b3b3b3b3b3b3b3b3b3b3b3b3b3b
       534  ,,,,,,,,,,,,,,,,  2c2c2c2c2c2c2c2c2c2c2c2c2c2c2c2c
       311  >>>>>>>>>>>>>>>>  3e3e3e3e3e3e3e3e3e3e3e3e3e3e3e3e
       276  ||||||||||||||||  7c7c7c7c7c7c7c7c7c7c7c7c7c7c7c7c
       266  @@@@@@@@@@@@@@@@  40404040404040404040404040404040
       263  ::::::::::::::::  3a3a3a3a3a3a3a3a3a3a3a3a3a3a3a3a
       231  ................  2e2e2e2e2e2e2e2e2e2e2e2e2e2e2e2e
# epoch 5750  H=7.5685 C=7.2981 HO=0.2126  A(t)=338
      1070  <<<<<<<<<<<<<<<<  3c3c3c3c3c3c3c3c3c3c3c3c3c3c3c3c
       791  ;;;;;;;;;;;;;;;;  3b3b3b3b3b3b3b3b3b3b3b3b3b3b3b3b
       783  [[[[[[[[[[[[[[[[  5b5b5b5b5b5b5b5b5b5b5b5b5b5b5b5b
       567  ================  3d3d3d3d3d3d3d3d3d3d3d3d3d3d3d3d
       425  ,,,,,,,,,,,,,,,,  2c2c2c2c2c2c2c2c2c2c2c2c2c2c2c2c
       409  >>>>>>>>>>>>>>>>  3e3e3e3e3e3e3e3e3e3e3e3e3e3e3e3e
       331  9999999999999999  39393939393939393939393939393939
       295  ::::::::::::::::  3a3a3a3a3a3a3a3a3a3a3a3a3a3a3a3a
       217  ????????????????  3f3f3f3f3f3f3f3f3f3f3f3f3f3f3f3f
       212  &&&&&&&&&&&&&&&&  26262626262626262626262626262626
# epoch 6000  H=7.5627 C=7.2947 HO=0.2127  A(t)=338
      1051  <<<<<<<<<<<<<<<<  3c3c3c3c3c3c3c3c3c3c3c3c3c3c3c3c
       700  ;;;;;;;;;;;;;;;;  3b3b3b3b3b3b3b3b3b3b3b3b3b3b3b3b
       698  ,,,,,,,,,,,,,,,,  2c2c2c2c2c2c2c2c2c2c2c2c2c2c2c2c
       569  [[[[[[[[[[[[[[[[  5b5b5b5b5b5b5b5b5b5b5b5b5b5b5b5b
       498  ::::::::::::::::  3a3a3a3a3a3a3a3a3a3a3a3a3a3a3a3a
       385  >>>>>>>>>>>>>>>>  3e3e3e3e3e3e3e3e3e3e3e3e3e3e3e3e
       306  9999999999999999  39393939393939393939393939393939
       292  ================  3d3d3d3d3d3d3d3d3d3d3d3d3d3d3d3d
       226  ????????????????  3f3f3f3f3f3f3f3f3f3f3f3f3f3f3f3f
       213  FFFFFFFFFFFFFFFF  46464646464646464646464646464646
# epoch 6250  H=7.5437 C=7.2896 HO=0.2036  A(t)=342
       937  <<<<<<<<<<<<<<<<  3c3c3c3c3c3c3c3c3c3c3c3c3c3c3c3c
       846  ;;;;;;;;;;;;;;;;  3b3b3b3b3b3b3b3b3b3b3b3b3b3b3b3b
       660  [[[[[[[[[[[[[[[[  5b5b5b5b5b5b5b5b5b5b5b5b5b5b5b5b
       652  ,,,,,,,,,,,,,,,,  2c2c2c2c2c2c2c2c2c2c2c2c2c2c2c2c
       388  ::::::::::::::::  3a3a3a3a3a3a3a3a3a3a3a3a3a3a3a3a
       290  ????????????????  3f3f3f3f3f3f3f3f3f3f3f3f3f3f3f3f
       276  9999999999999999  39393939393939393939393939393939
       265  ================  3d3d3d3d3d3d3d3d3d3d3d3d3d3d3d3d
       253  >>>>>>>>>>>>>>>>  3e3e3e3e3e3e3e3e3e3e3e3e3e3e3e3e
       221  8888888888888888  38383838383838383838383838383838
# epoch 6500  H=7.5427 C=7.2851 HO=0.2063  A(t)=342
      1129  <<<<<<<<<<<<<<<<  3c3c3c3c3c3c3c3c3c3c3c3c3c3c3c3c
       894  ,,,,,,,,,,,,,,,,  2c2c2c2c2c2c2c2c2c2c2c2c2c2c2c2c
       722  ;;;;;;;;;;;;;;;;  3b3b3b3b3b3b3b3b3b3b3b3b3b3b3b3b
       454  8888888888888888  38383838383838383838383838383838
       441  [[[[[[[[[[[[[[[[  5b5b5b5b5b5b5b5b5b5b5b5b5b5b5b5b
       349  ================  3d3d3d3d3d3d3d3d3d3d3d3d3d3d3d3d
       336  ::::::::::::::::  3a3a3a3a3a3a3a3a3a3a3a3a3a3a3a3a
       334  9999999999999999  39393939393939393939393939393939
       333  ????????????????  3f3f3f3f3f3f3f3f3f3f3f3f3f3f3f3f
       271  >>>>>>>>>>>>>>>>  3e3e3e3e3e3e3e3e3e3e3e3e3e3e3e3e
# epoch 6750  H=7.5378 C=7.2892 HO=0.2022  A(t)=342
       801  ,,,,,,,,,,,,,,,,  2c2c2c2c2c2c2c2c2c2c2c2c2c2c2c2c
       607  <<<<<<<<<<<<<<<<  3c3c3c3c3c3c3c3c3c3c3c3c3c3c3c3c
       590  >>>>>>>>>>>>>>>>  3e3e3e3e3e3e3e3e3e3e3e3e3e3e3e3e
       584  ;;;;;;;;;;;;;;;;  3b3b3b3b3b3b3b3b3b3b3b3b3b3b3b3b
       465  ::::::::::::::::  3a3a3a3a3a3a3a3a3a3a3a3a3a3a3a3a
       432  ================  3d3d3d3d3d3d3d3d3d3d3d3d3d3d3d3d
       394  [[[[[[[[[[[[[[[[  5b5b5b5b5b5b5b5b5b5b5b5b5b5b5b5b
       246  9999999999999999  39393939393939393939393939393939
       234  ????????????????  3f3f3f3f3f3f3f3f3f3f3f3f3f3f3f3f
       231  1111111111111111  31313131313131313131313131313131
# epoch 7000  H=7.5377 C=7.2934 HO=0.1957  A(t)=343
       981  <<<<<<<<<<<<<<<<  3c3c3c3c3c3c3c3c3c3c3c3c3c3c3c3c
       692  ================  3d3d3d3d3d3d3d3d3d3d3d3d3d3d3d3d
       610  ;;;;;;;;;;;;;;;;  3b3b3b3b3b3b3b3b3b3b3b3b3b3b3b3b
       544  ,,,,,,,,,,,,,,,,  2c2c2c2c2c2c2c2c2c2c2c2c2c2c2c2c
       453  [[[[[[[[[[[[[[[[  5b5b5b5b5b5b5b5b5b5b5b5b5b5b5b5b
       411  ::::::::::::::::  3a3a3a3a3a3a3a3a3a3a3a3a3a3a3a3a
       329  >>>>>>>>>>>>>>>>  3e3e3e3e3e3e3e3e3e3e3e3e3e3e3e3e
       327  9999999999999999  39393939393939393939393939393939
       244  ????????????????  3f3f3f3f3f3f3f3f3f3f3f3f3f3f3f3f
       225  7777777777777777  37373737373737373737373737373737
# epoch 7250  H=7.5308 C=7.2811 HO=0.1994  A(t)=343
      1120  <<<<<<<<<<<<<<<<  3c3c3c3c3c3c3c3c3c3c3c3c3c3c3c3c
       911  ;;;;;;;;;;;;;;;;  3b3b3b3b3b3b3b3b3b3b3b3b3b3b3b3b
       660  ,,,,,,,,,,,,,,,,  2c2c2c2c2c2c2c2c2c2c2c2c2c2c2c2c
       645  ================  3d3d3d3d3d3d3d3d3d3d3d3d3d3d3d3d
       536  [[[[[[[[[[[[[[[[  5b5b5b5b5b5b5b5b5b5b5b5b5b5b5b5b
       392  ::::::::::::::::  3a3a3a3a3a3a3a3a3a3a3a3a3a3a3a3a
       336  >>>>>>>>>>>>>>>>  3e3e3e3e3e3e3e3e3e3e3e3e3e3e3e3e
       267  9999999999999999  39393939393939393939393939393939
       251  7777777777777777  37373737373737373737373737373737
       221  8888888888888888  38383838383838383838383838383838
# epoch 7500  H=7.5256 C=7.2829 HO=0.1985  A(t)=344
       851  <<<<<<<<<<<<<<<<  3c3c3c3c3c3c3c3c3c3c3c3c3c3c3c3c
       735  ;;;;;;;;;;;;;;;;  3b3b3b3b3b3b3b3b3b3b3b3b3b3b3b3b
       672  ,,,,,,,,,,,,,,,,  2c2c2c2c2c2c2c2c2c2c2c2c2c2c2c2c
       582  ================  3d3d3d3d3d3d3d3d3d3d3d3d3d3d3d3d
       408  [[[[[[[[[[[[[[[[  5b5b5b5b5b5b5b5b5b5b5b5b5b5b5b5b
       336  >>>>>>>>>>>>>>>>  3e3e3e3e3e3e3e3e3e3e3e3e3e3e3e3e
       288  ::::::::::::::::  3a3a3a3a3a3a3a3a3a3a3a3a3a3a3a3a
       223  9999999999999999  39393939393939393939393939393939
       211  OOOOOOOOOOOOOOOO  4f4f4f4f4f4f4f4f4f4f4f4f4f4f4f4f
       181  @@@@@@@@@@@@@@@@  40404040404040404040404040404040
# epoch 7750  H=7.5265 C=7.2783 HO=0.2035  A(t)=348
       747  ,,,,,,,,,,,,,,,,  2c2c2c2c2c2c2c2c2c2c2c2c2c2c2c2c
       731  <<<<<<<<<<<<<<<<  3c3c3c3c3c3c3c3c3c3c3c3c3c3c3c3c
       554  [[[[[[[[[[[[[[[[  5b5b5b5b5b5b5b5b5b5b5b5b5b5b5b5b
       554  ;;;;;;;;;;;;;;;;  3b3b3b3b3b3b3b3b3b3b3b3b3b3b3b3b
       501  ================  3d3d3d3d3d3d3d3d3d3d3d3d3d3d3d3d
       405  ::::::::::::::::  3a3a3a3a3a3a3a3a3a3a3a3a3a3a3a3a
       342  9999999999999999  39393939393939393939393939393939
       285  >>>>>>>>>>>>>>>>  3e3e3e3e3e3e3e3e3e3e3e3e3e3e3e3e
       227  AAAAAAAAAAAAAAAA  41414141414141414141414141414141
       206  6666666666666666  36363636363636363636363636363636
# epoch 8000  H=7.5303 C=7.2769 HO=0.2094  A(t)=348
       727  ,,,,,,,,,,,,,,,,  2c2c2c2c2c2c2c2c2c2c2c2c2c2c2c2c
       679  [[[[[[[[[[[[[[[[  5b5b5b5b5b5b5b5b5b5b5b5b5b5b5b5b
       603  <<<<<<<<<<<<<<<<  3c3c3c3c3c3c3c3c3c3c3c3c3c3c3c3c
       517  ;;;;;;;;;;;;;;;;  3b3b3b3b3b3b3b3b3b3b3b3b3b3b3b3b
       512  ================  3d3d3d3d3d3d3d3d3d3d3d3d3d3d3d3d
       320  ::::::::::::::::  3a3a3a3a3a3a3a3a3a3a3a3a3a3a3a3a
       314  >>>>>>>>>>>>>>>>  3e3e3e3e3e3e3e3e3e3e3e3e3e3e3e3e
       287  9999999999999999  39393939393939393939393939393939
       285  7777777777777777  37373737373737373737373737373737
       263  @@@@@@@@@@@@@@@@  40404040404040404040404040404040
# epoch 8250  H=7.5256 C=7.2562 HO=0.2275  A(t)=348
      1402  [[[[[[[[[[[[[[[[  5b5b5b5b5b5b5b5b5b5b5b5b5b5b5b5b
      1018  ,,,,,,,,,,,,,,,,  2c2c2c2c2c2c2c2c2c2c2c2c2c2c2c2c
       978  <<<<<<<<<<<<<<<<  3c3c3c3c3c3c3c3c3c3c3c3c3c3c3c3c
       939  ;;;;;;;;;;;;;;;;  3b3b3b3b3b3b3b3b3b3b3b3b3b3b3b3b
       595  ================  3d3d3d3d3d3d3d3d3d3d3d3d3d3d3d3d
       489  ::::::::::::::::  3a3a3a3a3a3a3a3a3a3a3a3a3a3a3a3a
       287  >>>>>>>>>>>>>>>>  3e3e3e3e3e3e3e3e3e3e3e3e3e3e3e3e
       283  @@@@@@@@@@@@@@@@  40404040404040404040404040404040
       281  ????????????????  3f3f3f3f3f3f3f3f3f3f3f3f3f3f3f3f
       271  ................  ffffffffffffffffffffffffffffffff
# epoch 8500  H=7.5217 C=7.2337 HO=0.2513  A(t)=350
      1873  ................  84848484848484848484848484848484
      1065  [[[[[[[[[[[[[[[[  5b5b5b5b5b5b5b5b5b5b5b5b5b5b5b5b
       918  <<<<<<<<<<<<<<<<  3c3c3c3c3c3c3c3c3c3c3c3c3c3c3c3c
       815  ;;;;;;;;;;;;;;;;  3b3b3b3b3b3b3b3b3b3b3b3b3b3b3b3b
       665  ,,,,,,,,,,,,,,,,  2c2c2c2c2c2c2c2c2c2c2c2c2c2c2c2c
       578  ================  3d3d3d3d3d3d3d3d3d3d3d3d3d3d3d3d
       409  >>>>>>>>>>>>>>>>  3e3e3e3e3e3e3e3e3e3e3e3e3e3e3e3e
       387  ????????????????  3f3f3f3f3f3f3f3f3f3f3f3f3f3f3f3f
       345  ::::::::::::::::  3a3a3a3a3a3a3a3a3a3a3a3a3a3a3a3a
       331  8888888888888888  38383838383838383838383838383838
# epoch 8750  H=7.5368 C=7.2594 HO=0.2298  A(t)=350
       905  ;;;;;;;;;;;;;;;;  3b3b3b3b3b3b3b3b3b3b3b3b3b3b3b3b
       878  <<<<<<<<<<<<<<<<  3c3c3c3c3c3c3c3c3c3c3c3c3c3c3c3c
       822  ................  84848484848484848484848484848484
       800  [[[[[[[[[[[[[[[[  5b5b5b5b5b5b5b5b5b5b5b5b5b5b5b5b
       622  ,,,,,,,,,,,,,,,,  2c2c2c2c2c2c2c2c2c2c2c2c2c2c2c2c
       426  ================  3d3d3d3d3d3d3d3d3d3d3d3d3d3d3d3d
       329  8888888888888888  38383838383838383838383838383838
       286  9999999999999999  39393939393939393939393939393939
       262  6666666666666666  36363636363636363636363636363636
       258  >>>>>>>>>>>>>>>>  3e3e3e3e3e3e3e3e3e3e3e3e3e3e3e3e
# epoch 9000  H=7.5346 C=7.2468 HO=0.2405  A(t)=352
       928  <<<<<<<<<<<<<<<<  3c3c3c3c3c3c3c3c3c3c3c3c3c3c3c3c
       727  ;;;;;;;;;;;;;;;;  3b3b3b3b3b3b3b3b3b3b3b3b3b3b3b3b
       719  ,,,,,,,,,,,,,,,,  2c2c2c2c2c2c2c2c2c2c2c2c2c2c2c2c
       604  [[[[[[[[[[[[[[[[  5b5b5b5b5b5b5b5b5b5b5b5b5b5b5b5b
       590  ================  3d3d3d3d3d3d3d3d3d3d3d3d3d3d3d3d
       510  ????????????????  3f3f3f3f3f3f3f3f3f3f3f3f3f3f3f3f
       404  8888888888888888  38383838383838383838383838383838
       354  >>>>>>>>>>>>>>>>  3e3e3e3e3e3e3e3e3e3e3e3e3e3e3e3e
       261  ::::::::::::::::  3a3a3a3a3a3a3a3a3a3a3a3a3a3a3a3a
       257  6666666666666666  36363636363636363636363636363636
# epoch 9250  H=7.5291 C=7.2388 HO=0.2436  A(t)=352
       924  [[[[[[[[[[[[[[[[  5b5b5b5b5b5b5b5b5b5b5b5b5b5b5b5b
       764  ,,,,,,,,,,,,,,,,  2c2c2c2c2c2c2c2c2c2c2c2c2c2c2c2c
       737  ================  3d3d3d3d3d3d3d3d3d3d3d3d3d3d3d3d
       712  ;;;;;;;;;;;;;;;;  3b3b3b3b3b3b3b3b3b3b3b3b3b3b3b3b
       704  <<<<<<<<<<<<<<<<  3c3c3c3c3c3c3c3c3c3c3c3c3c3c3c3c
       514  >>>>>>>>>>>>>>>>  3e3e3e3e3e3e3e3e3e3e3e3e3e3e3e3e
       361  ::::::::::::::::  3a3a3a3a3a3a3a3a3a3a3a3a3a3a3a3a
       310  9999999999999999  39393939393939393939393939393939
       283  8888888888888888  38383838383838383838383838383838
       259  ????????????????  3f3f3f3f3f3f3f3f3f3f3f3f3f3f3f3f
# epoch 9500  H=7.5265 C=7.2389 HO=0.2427  A(t)=353
      1045  <<<<<<<<<<<<<<<<  3c3c3c3c3c3c3c3c3c3c3c3c3c3c3c3c
       801  ;;;;;;;;;;;;;;;;  3b3b3b3b3b3b3b3b3b3b3b3b3b3b3b3b
       797  ,,,,,,,,,,,,,,,,  2c2c2c2c2c2c2c2c2c2c2c2c2c2c2c2c
       529  [[[[[[[[[[[[[[[[  5b5b5b5b5b5b5b5b5b5b5b5b5b5b5b5b
       465  ================  3d3d3d3d3d3d3d3d3d3d3d3d3d3d3d3d
       376  ::::::::::::::::  3a3a3a3a3a3a3a3a3a3a3a3a3a3a3a3a
       361  8888888888888888  38383838383838383838383838383838
       355  9999999999999999  39393939393939393939393939393939
       340  >>>>>>>>>>>>>>>>  3e3e3e3e3e3e3e3e3e3e3e3e3e3e3e3e
       333  BBBBBBBBBBBBBBBB  42424242424242424242424242424242
# epoch 9750  H=7.5281 C=7.2406 HO=0.2417  A(t)=354
       859  ,,,,,,,,,,,,,,,,  2c2c2c2c2c2c2c2c2c2c2c2c2c2c2c2c
       844  ================  3d3d3d3d3d3d3d3d3d3d3d3d3d3d3d3d
       783  ;;;;;;;;;;;;;;;;  3b3b3b3b3b3b3b3b3b3b3b3b3b3b3b3b
       749  <<<<<<<<<<<<<<<<  3c3c3c3c3c3c3c3c3c3c3c3c3c3c3c3c
       590  [[[[[[[[[[[[[[[[  5b5b5b5b5b5b5b5b5b5b5b5b5b5b5b5b
       493  ::::::::::::::::  3a3a3a3a3a3a3a3a3a3a3a3a3a3a3a3a
       455  >>>>>>>>>>>>>>>>  3e3e3e3e3e3e3e3e3e3e3e3e3e3e3e3e
       412  9999999999999999  39393939393939393939393939393939
       284  7777777777777777  37373737373737373737373737373737
       224  @@@@@@@@@@@@@@@@  40404040404040404040404040404040
# epoch 10000  H=7.5244 C=7.2319 HO=0.2452  A(t)=356
      1011  <<<<<<<<<<<<<<<<  3c3c3c3c3c3c3c3c3c3c3c3c3c3c3c3c
       979  ,,,,,,,,,,,,,,,,  2c2c2c2c2c2c2c2c2c2c2c2c2c2c2c2c
       786  ;;;;;;;;;;;;;;;;  3b3b3b3b3b3b3b3b3b3b3b3b3b3b3b3b
       634  ================  3d3d3d3d3d3d3d3d3d3d3d3d3d3d3d3d
       568  [[[[[[[[[[[[[[[[  5b5b5b5b5b5b5b5b5b5b5b5b5b5b5b5b
       476  ::::::::::::::::  3a3a3a3a3a3a3a3a3a3a3a3a3a3a3a3a
       388  >>>>>>>>>>>>>>>>  3e3e3e3e3e3e3e3e3e3e3e3e3e3e3e3e
       321  9999999999999999  39393939393939393939393939393939
       314  ????????????????  3f3f3f3f3f3f3f3f3f3f3f3f3f3f3f3f
       263  8888888888888888  38383838383838383838383838383838
# epoch 10250  H=7.5104 C=7.2204 HO=0.2477  A(t)=358
       945  <<<<<<<<<<<<<<<<  3c3c3c3c3c3c3c3c3c3c3c3c3c3c3c3c
       880  ,,,,,,,,,,,,,,,,  2c2c2c2c2c2c2c2c2c2c2c2c2c2c2c2c
       693  [[[[[[[[[[[[[[[[  5b5b5b5b5b5b5b5b5b5b5b5b5b5b5b5b
       641  ;;;;;;;;;;;;;;;;  3b3b3b3b3b3b3b3b3b3b3b3b3b3b3b3b
       446  ................  2e2e2e2e2e2e2e2e2e2e2e2e2e2e2e2e
       430  >>>>>>>>>>>>>>>>  3e3e3e3e3e3e3e3e3e3e3e3e3e3e3e3e
       420  ================  3d3d3d3d3d3d3d3d3d3d3d3d3d3d3d3d
       414  9999999999999999  39393939393939393939393939393939
       383  6666666666666666  36363636363636363636363636363636
       337  ::::::::::::::::  3a3a3a3a3a3a3a3a3a3a3a3a3a3a3a3a
# epoch 10500  H=7.5146 C=7.2190 HO=0.2498  A(t)=358
      1258  <<<<<<<<<<<<<<<<  3c3c3c3c3c3c3c3c3c3c3c3c3c3c3c3c
       907  ,,,,,,,,,,,,,,,,  2c2c2c2c2c2c2c2c2c2c2c2c2c2c2c2c
       858  ================  3d3d3d3d3d3d3d3d3d3d3d3d3d3d3d3d
       780  ;;;;;;;;;;;;;;;;  3b3b3b3b3b3b3b3b3b3b3b3b3b3b3b3b
       525  >>>>>>>>>>>>>>>>  3e3e3e3e3e3e3e3e3e3e3e3e3e3e3e3e
       499  [[[[[[[[[[[[[[[[  5b5b5b5b5b5b5b5b5b5b5b5b5b5b5b5b
       401  ????????????????  3f3f3f3f3f3f3f3f3f3f3f3f3f3f3f3f
       368  9999999999999999  39393939393939393939393939393939
       323  ................  2e2e2e2e2e2e2e2e2e2e2e2e2e2e2e2e
       319  8888888888888888  38383838383838383838383838383838
# epoch 10750  H=7.5210 C=7.2179 HO=0.2546  A(t)=358
       957  ================  3d3d3d3d3d3d3d3d3d3d3d3d3d3d3d3d
       774  ,,,,,,,,,,,,,,,,  2c2c2c2c2c2c2c2c2c2c2c2c2c2c2c2c
       739  <<<<<<<<<<<<<<<<  3c3c3c3c3c3c3c3c3c3c3c3c3c3c3c3c
       696  [[[[[[[[[[[[[[[[  5b5b5b5b5b5b5b5b5b5b5b5b5b5b5b5b
       661  ;;;;;;;;;;;;;;;;  3b3b3b3b3b3b3b3b3b3b3b3b3b3b3b3b
       467  ????????????????  3f3f3f3f3f3f3f3f3f3f3f3f3f3f3f3f
       400  ::::::::::::::::  3a3a3a3a3a3a3a3a3a3a3a3a3a3a3a3a
       381  >>>>>>>>>>>>>>>>  3e3e3e3e3e3e3e3e3e3e3e3e3e3e3e3e
       364  9999999999999999  39393939393939393939393939393939
       304  7777777777777777  37373737373737373737373737373737
# epoch 11000  H=7.5259 C=7.2363 HO=0.2423  A(t)=358
       733  [[[[[[[[[[[[[[[[  5b5b5b5b5b5b5b5b5b5b5b5b5b5b5b5b
       707  ,,,,,,,,,,,,,,,,  2c2c2c2c2c2c2c2c2c2c2c2c2c2c2c2c
       491  <<<<<<<<<<<<<<<<  3c3c3c3c3c3c3c3c3c3c3c3c3c3c3c3c
       469  ;;;;;;;;;;;;;;;;  3b3b3b3b3b3b3b3b3b3b3b3b3b3b3b3b
       430  >>>>>>>>>>>>>>>>  3e3e3e3e3e3e3e3e3e3e3e3e3e3e3e3e
       393  ================  3d3d3d3d3d3d3d3d3d3d3d3d3d3d3d3d
       381  9999999999999999  39393939393939393939393939393939
       326  ::::::::::::::::  3a3a3a3a3a3a3a3a3a3a3a3a3a3a3a3a
       296  ????????????????  3f3f3f3f3f3f3f3f3f3f3f3f3f3f3f3f
       292  7777777777777777  37373737373737373737373737373737
# epoch 11250  H=7.5179 C=7.2090 HO=0.2633  A(t)=359
      1387  <<<<<<<<<<<<<<<<  3c3c3c3c3c3c3c3c3c3c3c3c3c3c3c3c
      1023  ;;;;;;;;;;;;;;;;  3b3b3b3b3b3b3b3b3b3b3b3b3b3b3b3b
       946  ,,,,,,,,,,,,,,,,  2c2c2c2c2c2c2c2c2c2c2c2c2c2c2c2c
       907  [[[[[[[[[[[[[[[[  5b5b5b5b5b5b5b5b5b5b5b5b5b5b5b5b
       735  ================  3d3d3d3d3d3d3d3d3d3d3d3d3d3d3d3d
       388  9999999999999999  39393939393939393939393939393939
       346  8888888888888888  38383838383838383838383838383838
       337  7777777777777777  37373737373737373737373737373737
       325  >>>>>>>>>>>>>>>>  3e3e3e3e3e3e3e3e3e3e3e3e3e3e3e3e
       321  0000000000000000  30303030303030303030303030303030
# epoch 11500  H=7.5207 C=7.2050 HO=0.2719  A(t)=359
      1119  <<<<<<<<<<<<<<<<  3c3c3c3c3c3c3c3c3c3c3c3c3c3c3c3c
       953  ;;;;;;;;;;;;;;;;  3b3b3b3b3b3b3b3b3b3b3b3b3b3b3b3b
       920  ,,,,,,,,,,,,,,,,  2c2c2c2c2c2c2c2c2c2c2c2c2c2c2c2c
       879  ================  3d3d3d3d3d3d3d3d3d3d3d3d3d3d3d3d
       588  [[[[[[[[[[[[[[[[  5b5b5b5b5b5b5b5b5b5b5b5b5b5b5b5b
       529  ::::::::::::::::  3a3a3a3a3a3a3a3a3a3a3a3a3a3a3a3a
       503  ................  2e2e2e2e2e2e2e2e2e2e2e2e2e2e2e2e
       421  9999999999999999  39393939393939393939393939393939
       328  >>>>>>>>>>>>>>>>  3e3e3e3e3e3e3e3e3e3e3e3e3e3e3e3e
       322  7777777777777777  37373737373737373737373737373737
# epoch 11750  H=7.5289 C=7.2080 HO=0.2772  A(t)=359
      1041  ,,,,,,,,,,,,,,,,  2c2c2c2c2c2c2c2c2c2c2c2c2c2c2c2c
       886  <<<<<<<<<<<<<<<<  3c3c3c3c3c3c3c3c3c3c3c3c3c3c3c3c
       754  [[[[[[[[[[[[[[[[  5b5b5b5b5b5b5b5b5b5b5b5b5b5b5b5b
       635  ;;;;;;;;;;;;;;;;  3b3b3b3b3b3b3b3b3b3b3b3b3b3b3b3b
       594  ================  3d3d3d3d3d3d3d3d3d3d3d3d3d3d3d3d
       507  7777777777777777  37373737373737373737373737373737
       414  ::::::::::::::::  3a3a3a3a3a3a3a3a3a3a3a3a3a3a3a3a
       409  9999999999999999  39393939393939393939393939393939
       392  ................  2e2e2e2e2e2e2e2e2e2e2e2e2e2e2e2e
       364  >>>>>>>>>>>>>>>>  3e3e3e3e3e3e3e3e3e3e3e3e3e3e3e3e
# epoch 12000  H=7.5300 C=7.2084 HO=0.2726  A(t)=359
      1105  ,,,,,,,,,,,,,,,,  2c2c2c2c2c2c2c2c2c2c2c2c2c2c2c2c
       950  <<<<<<<<<<<<<<<<  3c3c3c3c3c3c3c3c3c3c3c3c3c3c3c3c
       910  ;;;;;;;;;;;;;;;;  3b3b3b3b3b3b3b3b3b3b3b3b3b3b3b3b
       848  [[[[[[[[[[[[[[[[  5b5b5b5b5b5b5b5b5b5b5b5b5b5b5b5b
       635  ================  3d3d3d3d3d3d3d3d3d3d3d3d3d3d3d3d
       483  >>>>>>>>>>>>>>>>  3e3e3e3e3e3e3e3e3e3e3e3e3e3e3e3e
       415  ::::::::::::::::  3a3a3a3a3a3a3a3a3a3a3a3a3a3a3a3a
       405  9999999999999999  39393939393939393939393939393939
       349  8888888888888888  38383838383838383838383838383838
       292  @@@@@@@@@@@@@@@@  40404040404040404040404040404040
# epoch 12250  H=7.5283 C=7.2108 HO=0.2696  A(t)=359
      1044  <<<<<<<<<<<<<<<<  3c3c3c3c3c3c3c3c3c3c3c3c3c3c3c3c
       906  ,,,,,,,,,,,,,,,,  2c2c2c2c2c2c2c2c2c2c2c2c2c2c2c2c
       899  ;;;;;;;;;;;;;;;;  3b3b3b3b3b3b3b3b3b3b3b3b3b3b3b3b
       688  ================  3d3d3d3d3d3d3d3d3d3d3d3d3d3d3d3d
       588  [[[[[[[[[[[[[[[[  5b5b5b5b5b5b5b5b5b5b5b5b5b5b5b5b
       476  ::::::::::::::::  3a3a3a3a3a3a3a3a3a3a3a3a3a3a3a3a
       412  >>>>>>>>>>>>>>>>  3e3e3e3e3e3e3e3e3e3e3e3e3e3e3e3e
       311  8888888888888888  38383838383838383838383838383838
       275  @@@@@@@@@@@@@@@@  40404040404040404040404040404040
       270  ................  2e2e2e2e2e2e2e2e2e2e2e2e2e2e2e2e
# epoch 12500  H=7.5339 C=7.2141 HO=0.2725  A(t)=359
      1002  <<<<<<<<<<<<<<<<  3c3c3c3c3c3c3c3c3c3c3c3c3c3c3c3c
       845  ,,,,,,,,,,,,,,,,  2c2c2c2c2c2c2c2c2c2c2c2c2c2c2c2c
       788  ;;;;;;;;;;;;;;;;  3b3b3b3b3b3b3b3b3b3b3b3b3b3b3b3b
       756  [[[[[[[[[[[[[[[[  5b5b5b5b5b5b5b5b5b5b5b5b5b5b5b5b
       501  >>>>>>>>>>>>>>>>  3e3e3e3e3e3e3e3e3e3e3e3e3e3e3e3e
       482  ::::::::::::::::  3a3a3a3a3a3a3a3a3a3a3a3a3a3a3a3a
       471  ================  3d3d3d3d3d3d3d3d3d3d3d3d3d3d3d3d
       391  9999999999999999  39393939393939393939393939393939
       362  8888888888888888  38383838383838383838383838383838
       269  AAAAAAAAAAAAAAAA  41414141414141414141414141414141
# epoch 12750  H=7.5375 C=7.2080 HO=0.2821  A(t)=359
       992  ,,,,,,,,,,,,,,,,  2c2c2c2c2c2c2c2c2c2c2c2c2c2c2c2c
       894  <<<<<<<<<<<<<<<<  3c3c3c3c3c3c3c3c3c3c3c3c3c3c3c3c
       847  ================  3d3d3d3d3d3d3d3d3d3d3d3d3d3d3d3d
       721  [[[[[[[[[[[[[[[[  5b5b5b5b5b5b5b5b5b5b5b5b5b5b5b5b
       658  ;;;;;;;;;;;;;;;;  3b3b3b3b3b3b3b3b3b3b3b3b3b3b3b3b
       536  >>>>>>>>>>>>>>>>  3e3e3e3e3e3e3e3e3e3e3e3e3e3e3e3e
       377  ::::::::::::::::  3a3a3a3a3a3a3a3a3a3a3a3a3a3a3a3a
       333  8888888888888888  38383838383838383838383838383838
       236  HHHHHHHHHHHHHHHH  48484848484848484848484848484848
       236  6666666666666666  36363636363636363636363636363636
# epoch 13000  H=7.5318 C=7.1959 HO=0.2860  A(t)=360
      1262  <<<<<<<<<<<<<<<<  3c3c3c3c3c3c3c3c3c3c3c3c3c3c3c3c
      1168  ;;;;;;;;;;;;;;;;  3b3b3b3b3b3b3b3b3b3b3b3b3b3b3b3b
       813  ================  3d3d3d3d3d3d3d3d3d3d3d3d3d3d3d3d
       803  ,,,,,,,,,,,,,,,,  2c2c2c2c2c2c2c2c2c2c2c2c2c2c2c2c
       768  [[[[[[[[[[[[[[[[  5b5b5b5b5b5b5b5b5b5b5b5b5b5b5b5b
       600  ::::::::::::::::  3a3a3a3a3a3a3a3a3a3a3a3a3a3a3a3a
       546  >>>>>>>>>>>>>>>>  3e3e3e3e3e3e3e3e3e3e3e3e3e3e3e3e
       335  6666666666666666  36363636363636363636363636363636
       332  8888888888888888  38383838383838383838383838383838
       329  9999999999999999  39393939393939393939393939393939
# epoch 13250  H=7.5345 C=7.2001 HO=0.2855  A(t)=360
      1317  <<<<<<<<<<<<<<<<  3c3c3c3c3c3c3c3c3c3c3c3c3c3c3c3c
       808  ================  3d3d3d3d3d3d3d3d3d3d3d3d3d3d3d3d
       772  ,,,,,,,,,,,,,,,,  2c2c2c2c2c2c2c2c2c2c2c2c2c2c2c2c
       736  ;;;;;;;;;;;;;;;;  3b3b3b3b3b3b3b3b3b3b3b3b3b3b3b3b
       572  [[[[[[[[[[[[[[[[  5b5b5b5b5b5b5b5b5b5b5b5b5b5b5b5b
       524  ::::::::::::::::  3a3a3a3a3a3a3a3a3a3a3a3a3a3a3a3a
       468  >>>>>>>>>>>>>>>>  3e3e3e3e3e3e3e3e3e3e3e3e3e3e3e3e
       460  9999999999999999  39393939393939393939393939393939
       382  8888888888888888  38383838383838383838383838383838
       347  ????????????????  3f3f3f3f3f3f3f3f3f3f3f3f3f3f3f3f
# epoch 13500  H=7.5352 C=7.1995 HO=0.2914  A(t)=361
      1057  ================  3d3d3d3d3d3d3d3d3d3d3d3d3d3d3d3d
       872  ,,,,,,,,,,,,,,,,  2c2c2c2c2c2c2c2c2c2c2c2c2c2c2c2c
       714  ;;;;;;;;;;;;;;;;  3b3b3b3b3b3b3b3b3b3b3b3b3b3b3b3b
       689  <<<<<<<<<<<<<<<<  3c3c3c3c3c3c3c3c3c3c3c3c3c3c3c3c
       670  [[[[[[[[[[[[[[[[  5b5b5b5b5b5b5b5b5b5b5b5b5b5b5b5b
       653  ::::::::::::::::  3a3a3a3a3a3a3a3a3a3a3a3a3a3a3a3a
       501  ????????????????  3f3f3f3f3f3f3f3f3f3f3f3f3f3f3f3f
       466  >>>>>>>>>>>>>>>>  3e3e3e3e3e3e3e3e3e3e3e3e3e3e3e3e
       301  1111111111111111  31313131313131313131313131313131
       268  9999999999999999  39393939393939393939393939393939
# epoch 13750  H=7.5325 C=7.1997 HO=0.2826  A(t)=361
      1209  <<<<<<<<<<<<<<<<  3c3c3c3c3c3c3c3c3c3c3c3c3c3c3c3c
      1165  [[[[[[[[[[[[[[[[  5b5b5b5b5b5b5b5b5b5b5b5b5b5b5b5b
       980  ,,,,,,,,,,,,,,,,  2c2c2c2c2c2c2c2c2c2c2c2c2c2c2c2c
       941  ================  3d3d3d3d3d3d3d3d3d3d3d3d3d3d3d3d
       595  ;;;;;;;;;;;;;;;;  3b3b3b3b3b3b3b3b3b3b3b3b3b3b3b3b
       567  ::::::::::::::::  3a3a3a3a3a3a3a3a3a3a3a3a3a3a3a3a
       408  >>>>>>>>>>>>>>>>  3e3e3e3e3e3e3e3e3e3e3e3e3e3e3e3e
       398  9999999999999999  39393939393939393939393939393939
       363  @@@@@@@@@@@@@@@@  40404040404040404040404040404040
       353  8888888888888888  38383838383838383838383838383838
# epoch 14000  H=7.5359 C=7.1992 HO=0.2873  A(t)=363
      1151  <<<<<<<<<<<<<<<<  3c3c3c3c3c3c3c3c3c3c3c3c3c3c3c3c
       846  [[[[[[[[[[[[[[[[  5b5b5b5b5b5b5b5b5b5b5b5b5b5b5b5b
       835  ,,,,,,,,,,,,,,,,  2c2c2c2c2c2c2c2c2c2c2c2c2c2c2c2c
       760  ================  3d3d3d3d3d3d3d3d3d3d3d3d3d3d3d3d
       666  ;;;;;;;;;;;;;;;;  3b3b3b3b3b3b3b3b3b3b3b3b3b3b3b3b
       441  ::::::::::::::::  3a3a3a3a3a3a3a3a3a3a3a3a3a3a3a3a
       385  @@@@@@@@@@@@@@@@  40404040404040404040404040404040
       382  >>>>>>>>>>>>>>>>  3e3e3e3e3e3e3e3e3e3e3e3e3e3e3e3e
       376  0000000000000000  30303030303030303030303030303030
       289  9999999999999999  39393939393939393939393939393939
# epoch 14250  H=7.5343 C=7.1911 HO=0.2913  A(t)=363
      1258  [[[[[[[[[[[[[[[[  5b5b5b5b5b5b5b5b5b5b5b5b5b5b5b5b
      1145  ================  3d3d3d3d3d3d3d3d3d3d3d3d3d3d3d3d
       863  <<<<<<<<<<<<<<<<  3c3c3c3c3c3c3c3c3c3c3c3c3c3c3c3c
       713  ;;;;;;;;;;;;;;;;  3b3b3b3b3b3b3b3b3b3b3b3b3b3b3b3b
       662  ,,,,,,,,,,,,,,,,  2c2c2c2c2c2c2c2c2c2c2c2c2c2c2c2c
       400  ::::::::::::::::  3a3a3a3a3a3a3a3a3a3a3a3a3a3a3a3a
       398  ????????????????  3f3f3f3f3f3f3f3f3f3f3f3f3f3f3f3f
       283  9999999999999999  39393939393939393939393939393939
       275  AAAAAAAAAAAAAAAA  41414141414141414141414141414141
       268  0000000000000000  30303030303030303030303030303030
# epoch 14500  H=7.5367 C=7.1963 HO=0.2873  A(t)=363
       969  <<<<<<<<<<<<<<<<  3c3c3c3c3c3c3c3c3c3c3c3c3c3c3c3c
       920  ;;;;;;;;;;;;;;;;  3b3b3b3b3b3b3b3b3b3b3b3b3b3b3b3b
       700  ,,,,,,,,,,,,,,,,  2c2c2c2c2c2c2c2c2c2c2c2c2c2c2c2c
       677  ================  3d3d3d3d3d3d3d3d3d3d3d3d3d3d3d3d
       606  [[[[[[[[[[[[[[[[  5b5b5b5b5b5b5b5b5b5b5b5b5b5b5b5b
       574  9999999999999999  39393939393939393939393939393939
       453  ????????????????  3f3f3f3f3f3f3f3f3f3f3f3f3f3f3f3f
       398  >>>>>>>>>>>>>>>>  3e3e3e3e3e3e3e3e3e3e3e3e3e3e3e3e
       318  8888888888888888  38383838383838383838383838383838
       236  1111111111111111  31313131313131313131313131313131
# epoch 14750  H=7.5331 C=7.1984 HO=0.2842  A(t)=364
       906  <<<<<<<<<<<<<<<<  3c3c3c3c3c3c3c3c3c3c3c3c3c3c3c3c
       903  ;;;;;;;;;;;;;;;;  3b3b3b3b3b3b3b3b3b3b3b3b3b3b3b3b
       701  ,,,,,,,,,,,,,,,,  2c2c2c2c2c2c2c2c2c2c2c2c2c2c2c2c
       610  ================  3d3d3d3d3d3d3d3d3d3d3d3d3d3d3d3d
       408  >>>>>>>>>>>>>>>>  3e3e3e3e3e3e3e3e3e3e3e3e3e3e3e3e
       404  [[[[[[[[[[[[[[[[  5b5b5b5b5b5b5b5b5b5b5b5b5b5b5b5b
       396  ::::::::::::::::  3a3a3a3a3a3a3a3a3a3a3a3a3a3a3a3a
       337  9999999999999999  39393939393939393939393939393939
       320  ????????????????  3f3f3f3f3f3f3f3f3f3f3f3f3f3f3f3f
       303  5555555555555555  35353535353535353535353535353535
# epoch 15000  H=7.5282 C=7.2102 HO=0.2661  A(t)=366
       922  <<<<<<<<<<<<<<<<  3c3c3c3c3c3c3c3c3c3c3c3c3c3c3c3c
       741  [[[[[[[[[[[[[[[[  5b5b5b5b5b5b5b5b5b5b5b5b5b5b5b5b
       731  ;;;;;;;;;;;;;;;;  3b3b3b3b3b3b3b3b3b3b3b3b3b3b3b3b
       717  ,,,,,,,,,,,,,,,,  2c2c2c2c2c2c2c2c2c2c2c2c2c2c2c2c
       628  ================  3d3d3d3d3d3d3d3d3d3d3d3d3d3d3d3d
       387  >>>>>>>>>>>>>>>>  3e3e3e3e3e3e3e3e3e3e3e3e3e3e3e3e
       371  ::::::::::::::::  3a3a3a3a3a3a3a3a3a3a3a3a3a3a3a3a
       370  9999999999999999  39393939393939393939393939393939
       334  8888888888888888  38383838383838383838383838383838
       246  ????????????????  3f3f3f3f3f3f3f3f3f3f3f3f3f3f3f3f
# epoch 15250  H=7.5209 C=7.2004 HO=0.2707  A(t)=368
      1078  <<<<<<<<<<<<<<<<  3c3c3c3c3c3c3c3c3c3c3c3c3c3c3c3c
      1014  ,,,,,,,,,,,,,,,,  2c2c2c2c2c2c2c2c2c2c2c2c2c2c2c2c
       726  ;;;;;;;;;;;;;;;;  3b3b3b3b3b3b3b3b3b3b3b3b3b3b3b3b
       600  ================  3d3d3d3d3d3d3d3d3d3d3d3d3d3d3d3d
       476  >>>>>>>>>>>>>>>>  3e3e3e3e3e3e3e3e3e3e3e3e3e3e3e3e
       469  ::::::::::::::::  3a3a3a3a3a3a3a3a3a3a3a3a3a3a3a3a
       422  [[[[[[[[[[[[[[[[  5b5b5b5b5b5b5b5b5b5b5b5b5b5b5b5b
       419  ????????????????  3f3f3f3f3f3f3f3f3f3f3f3f3f3f3f3f
       405  9999999999999999  39393939393939393939393939393939
       362  8888888888888888  38383838383838383838383838383838
# epoch 15500  H=7.5167 C=7.2026 HO=0.2629  A(t)=369
      1187  <<<<<<<<<<<<<<<<  3c3c3c3c3c3c3c3c3c3c3c3c3c3c3c3c
       815  [[[[[[[[[[[[[[[[  5b5b5b5b5b5b5b5b5b5b5b5b5b5b5b5b
       740  ================  3d3d3d3d3d3d3d3d3d3d3d3d3d3d3d3d
       731  ;;;;;;;;;;;;;;;;  3b3b3b3b3b3b3b3b3b3b3b3b3b3b3b3b
       629  ,,,,,,,,,,,,,,,,  2c2c2c2c2c2c2c2c2c2c2c2c2c2c2c2c
       571  >>>>>>>>>>>>>>>>  3e3e3e3e3e3e3e3e3e3e3e3e3e3e3e3e
       348  9999999999999999  39393939393939393939393939393939
       321  ::::::::::::::::  3a3a3a3a3a3a3a3a3a3a3a3a3a3a3a3a
       299  8888888888888888  38383838383838383838383838383838
       285  ????????????????  3f3f3f3f3f3f3f3f3f3f3f3f3f3f3f3f
# epoch 15750  H=7.5088 C=7.1954 HO=0.2676  A(t)=371
       988  <<<<<<<<<<<<<<<<  3c3c3c3c3c3c3c3c3c3c3c3c3c3c3c3c
       804  ;;;;;;;;;;;;;;;;  3b3b3b3b3b3b3b3b3b3b3b3b3b3b3b3b
       759  ================  3d3d3d3d3d3d3d3d3d3d3d3d3d3d3d3d
       758  ,,,,,,,,,,,,,,,,  2c2c2c2c2c2c2c2c2c2c2c2c2c2c2c2c
       596  [[[[[[[[[[[[[[[[  5b5b5b5b5b5b5b5b5b5b5b5b5b5b5b5b
       479  ::::::::::::::::  3a3a3a3a3a3a3a3a3a3a3a3a3a3a3a3a
       417  >>>>>>>>>>>>>>>>  3e3e3e3e3e3e3e3e3e3e3e3e3e3e3e3e
       290  ................  e4e4e4e4e4e4e4e4e4e4e4e4e4e4e4e4
       288  8888888888888888  38383838383838383838383838383838
       274  7777777777777777  37373737373737373737373737373737
# epoch 16000  H=7.5118 C=7.1905 HO=0.2710  A(t)=371
      1026  ================  3d3d3d3d3d3d3d3d3d3d3d3d3d3d3d3d
       864  <<<<<<<<<<<<<<<<  3c3c3c3c3c3c3c3c3c3c3c3c3c3c3c3c
       783  ,,,,,,,,,,,,,,,,  2c2c2c2c2c2c2c2c2c2c2c2c2c2c2c2c
       735  ;;;;;;;;;;;;;;;;  3b3b3b3b3b3b3b3b3b3b3b3b3b3b3b3b
       564  >>>>>>>>>>>>>>>>  3e3e3e3e3e3e3e3e3e3e3e3e3e3e3e3e
       549  [[[[[[[[[[[[[[[[  5b5b5b5b5b5b5b5b5b5b5b5b5b5b5b5b
       545  9999999999999999  39393939393939393939393939393939
       408  ::::::::::::::::  3a3a3a3a3a3a3a3a3a3a3a3a3a3a3a3a
       369  ????????????????  3f3f3f3f3f3f3f3f3f3f3f3f3f3f3f3f
       338  @@@@@@@@@@@@@@@@  40404040404040404040404040404040
