# epoch 0  H=7.9999 C=8.0025 HO=-0.0001  A(t)=0
         1  ........yg..N^.{  ffffeb2ed9841eed796788874e5ea47b
         1  ......:<.^.RQ...  ffffe1d1de1b3a3c915ec25251bbf90d
         1  ....'.9..k.Y.N..  ffffdfe2279f39abb56ba159a54ee785
         1  .....c..y."eh2M.  ffffc47fd463c2c379ca226568324df8
         1  ...=.Gr.........  ffffc03d934772edddadd3199cebc205
         1  ...1O[.....1=.8.  ffffb3314f5bd1b409a0fa313dfc38fc
         1  ....d.a...,.\...  ffffa4f864bd611991982c085ca7fabe
         1  ...s.....z.....e  ffffa273c6bccf17ff7a87fdf1aae365
         1  .....j.S.U0.L..z  ffff9f99a26a8153055530bf4c7f957a
         1  ...).Z$....&....  ffff9529db5a24cca398da2699849a8d
# epoch 250  H=7.9868 C=7.8741 HO=0.0853  A(t)=0
       353  ]]]]]]]]]]]]]]]]  5d5d5d5d5d5d5d5d5d5d5d5d5d5d5d5d
       243  ,,,,,,,,,,,,,,,,  2c2c2c2c2c2c2c2c2c2c2c2c2c2c2c2c
       111  ................  abababababababababababababababab
       104  [[[[[[[[[[[[[[[[  5b5b5b5b5b5b5b5b5b5b5b5b5b5b5b5b
       103  ................  d0d0d0d0d0d0d0d0d0d0d0d0d0d0d0d0
        95  ................  fafafafafafafafafafafafafafafafa
        81  ................  04040404040404040404040404040404
        65  OOOOOOOOOOOOOOOO  4f4f4f4f4f4f4f4f4f4f4f4f4f4f4f4f
        62  ................  1d1d1d1d1d1d1d1d1d1d1d1d1d1d1d1d
        61  ................  05050505050505050505050505050505
# epoch 500  H=7.9626 C=7.8182 HO=0.0902  A(t)=0
       364  ]]]]]]]]]]]]]]]]  5d5d5d5d5d5d5d5d5d5d5d5d5d5d5d5d
       128  [[[[[[[[[[[[[[[[  5b5b5b5b5b5b5b5b5b5b5b5b5b5b5b5b
       120  ,,,,,,,,,,,,,,,,  2c2c2c2c2c2c2c2c2c2c2c2c2c2c2c2c
        97  ................  ffffffffffffffffffffffffffffffff
        87  ................  96969696969696969696969696969696
        84  ................  95959595959595959595959595959595
        82  \\\\\\\\\\\\\\\\  5c5c5c5c5c5c5c5c5c5c5c5c5c5c5c5c
        71  ////////////////  2f2f2f2f2f2f2f2f2f2f2f2f2f2f2f2f
        68  ................  0c0c0c0c0c0c0c0c0c0c0c0c0c0c0c0c
        67  ................  01010101010101010101010101010101
# epoch 750  H=7.9361 C=7.7785 HO=0.0968  A(t)=0
       539  ]]]]]]]]]]]]]]]]  5d5d5d5d5d5d5d5d5d5d5d5d5d5d5d5d
       335  ,,,,,,,,,,,,,,,,  2c2c2c2c2c2c2c2c2c2c2c2c2c2c2c2c
       196  [[[[[[[[[[[[[[[[  5b5b5b5b5b5b5b5b5b5b5b5b5b5b5b5b
       180  ................  2e2e2e2e2e2e2e2e2e2e2e2e2e2e2e2e
        96  ................  82828282828282828282828282828282
        95  ^^^^^^^^^^^^^^^^  5e5e5e5e5e5e5e5e5e5e5e5e5e5e5e5e
        86  HHHHHHHHHHHHHHHH  48484848484848484848484848484848
        72  ................  d0d0d0d0d0d0d0d0d0d0d0d0d0d0d0d0
        66  ................  8d8d8d8d8d8d8d8d8d8d8d8d8d8d8d8d
        59  ................  e6e6e6e6e6e6e6e6e6e6e6e6e6e6e6e6
# epoch 1000  H=7.9050 C=7.7256 HO=0.1160  A(t)=0
       553  ,,,,,,,,,,,,,,,,  2c2c2c2c2c2c2c2c2c2c2c2c2c2c2c2c
       398  [[[[[[[[[[[[[[[[  5b5b5b5b5b5b5b5b5b5b5b5b5b5b5b5b
       275  ................  2e2e2e2e2e2e2e2e2e2e2e2e2e2e2e2e
       233  ]]]]]]]]]]]]]]]]  5d5d5d5d5d5d5d5d5d5d5d5d5d5d5d5d
       120  ================  3d3d3d3d3d3d3d3d3d3d3d3d3d3d3d3d
        83  ................  89898989898989898989898989898989
        74  ................  8a8a8a8a8a8a8a8a8a8a8a8a8a8a8a8a
        72  SSSSSSSSSSSSSSSS  53535353535353535353535353535353
        71  ................  e5e5e5e5e5e5e5e5e5e5e5e5e5e5e5e5
        71  ................  a2a2a2a2a2a2a2a2a2a2a2a2a2a2a2a2
# epoch 1250  H=7.8837 C=7.6980 HO=0.1175  A(t)=208
       519  ,,,,,,,,,,,,,,,,  2c2c2c2c2c2c2c2c2c2c2c2c2c2c2c2c
       384  [[[[[[[[[[[[[[[[  5b5b5b5b5b5b5b5b5b5b5b5b5b5b5b5b
       336  ]]]]]]]]]]]]]]]]  5d5d5d5d5d5d5d5d5d5d5d5d5d5d5d5d
       141  ................  01010101010101010101010101010101
       126  ................  2e2e2e2e2e2e2e2e2e2e2e2e2e2e2e2e
       118  ................  ffffffffffffffffffffffffffffffff
       109  ................  82828282828282828282828282828282
        97  JJJJJJJJJJJJJJJJ  4a4a4a4a4a4a4a4a4a4a4a4a4a4a4a4a
        92  XXXXXXXXXXXXXXXX  58585858585858585858585858585858
        84  ................  f4f4f4f4f4f4f4f4f4f4f4f4f4f4f4f4
# epoch 1500  H=7.8729 C=7.6922 HO=0.1139  A(t)=218
       536  [[[[[[[[[[[[[[[[  5b5b5b5b5b5b5b5b5b5b5b5b5b5b5b5b
       326  ,,,,,,,,,,,,,,,,  2c2c2c2c2c2c2c2c2c2c2c2c2c2c2c2c
       262  ]]]]]]]]]]]]]]]]  5d5d5d5d5d5d5d5d5d5d5d5d5d5d5d5d
       117  ................  2e2e2e2e2e2e2e2e2e2e2e2e2e2e2e2e
       111  hhhhhhhhhhhhhhhh  68686868686868686868686868686868
       101  ................  c2c2c2c2c2c2c2c2c2c2c2c2c2c2c2c2
       101  ................  00000000000000000000000000000000
        91  XXXXXXXXXXXXXXXX  58585858585858585858585858585858
        88  ................  fefefefefefefefefefefefefefefefe
        78  ................  b0b0b0b0b0b0b0b0b0b0b0b0b0b0b0b0
# epoch 1750  H=7.8598 C=7.6758 HO=0.1165  A(t)=229
       520  [[[[[[[[[[[[[[[[  5b5b5b5b5b5b5b5b5b5b5b5b5b5b5b5b
       510  ,,,,,,,,,,,,,,,,  2c2c2c2c2c2c2c2c2c2c2c2c2c2c2c2c
       480  ]]]]]]]]]]]]]]]]  5d5d5d5d5d5d5d5d5d5d5d5d5d5d5d5d
       223  ................  2e2e2e2e2e2e2e2e2e2e2e2e2e2e2e2e
       159  ................  01010101010101010101010101010101
       119  IIIIIIIIIIIIIIII  49494949494949494949494949494949
       109  >>>>>>>>>>>>>>>>  3e3e3e3e3e3e3e3e3e3e3e3e3e3e3e3e
        94  ................  00000000000000000000000000000000
        93  YYYYYYYYYYYYYYYY  59595959595959595959595959595959
        84  EEEEEEEEEEEEEEEE  45454545454545454545454545454545
# epoch 2000  H=7.8518 C=7.6803 HO=0.1056  A(t)=242
       522  ,,,,,,,,,,,,,,,,  2c2c2c2c2c2c2c2c2c2c2c2c2c2c2c2c
       521  [[[[[[[[[[[[[[[[  5b5b5b5b5b5b5b5b5b5b5b5b5b5b5b5b
       255  ................  01010101010101010101010101010101
       185  ................  2e2e2e2e2e2e2e2e2e2e2e2e2e2e2e2e
       181  ]]]]]]]]]]]]]]]]  5d5d5d5d5d5d5d5d5d5d5d5d5d5d5d5d
       135  ................  fefefefefefefefefefefefefefefefe
       125  ZZZZZZZZZZZZZZZZ  5a5a5a5a5a5a5a5a5a5a5a5a5a5a5a5a
       124  \\\\\\\\\\\\\\\\  5c5c5c5c5c5c5c5c5c5c5c5c5c5c5c5c
       100  ................  c1c1c1c1c1c1c1c1c1c1c1c1c1c1c1c1
       100  ................  02020202020202020202020202020202
# epoch 2250  H=7.8415 C=7.6599 HO=0.1175  A(t)=258
       696  [[[[[[[[[[[[[[[[  5b5b5b5b5b5b5b5b5b5b5b5b5b5b5b5b
       649  ,,,,,,,,,,,,,,,,  2c2c2c2c2c2c2c2c2c2c2c2c2c2c2c2c
       197  ................  2e2e2e2e2e2e2e2e2e2e2e2e2e2e2e2e
       163  ]]]]]]]]]]]]]]]]  5d5d5d5d5d5d5d5d5d5d5d5d5d5d5d5d
       156  \\\\\\\\\\\\\\\\  5c5c5c5c5c5c5c5c5c5c5c5c5c5c5c5c
       109  <<<<<<<<<<<<<<<<  3c3c3c3c3c3c3c3c3c3c3c3c3c3c3c3c
       108  ................  d2d2d2d2d2d2d2d2d2d2d2d2d2d2d2d2
        95  ................  08080808080808080808080808080808
        88  ................  a3a3a3a3a3a3a3a3a3a3a3a3a3a3a3a3
        87  ................  04040404040404040404040404040404
# epoch 2500  H=7.8346 C=7.6356 HO=0.1334  A(t)=276
       632  ,,,,,,,,,,,,,,,,  2c2c2c2c2c2c2c2c2c2c2c2c2c2c2c2c
       547  ]]]]]]]]]]]]]]]]  5d5d5d5d5d5d5d5d5d5d5d5d5d5d5d5d
       356  [[[[[[[[[[[[[[[[  5b5b5b5b5b5b5b5b5b5b5b5b5b5b5b5b
       216  ................  01010101010101010101010101010101
       209  ................  2e2e2e2e2e2e2e2e2e2e2e2e2e2e2e2e
       131  ////////////////  2f2f2f2f2f2f2f2f2f2f2f2f2f2f2f2f
       123  ................  ffffffffffffffffffffffffffffffff
       123  \\\\\\\\\\\\\\\\  5c5c5c5c5c5c5c5c5c5c5c5c5c5c5c5c
        98  ________________  5f5f5f5f5f5f5f5f5f5f5f5f5f5f5f5f
        98  ----------------  2d2d2d2d2d2d2d2d2d2d2d2d2d2d2d2d
# epoch 2750  H=7.8279 C=7.6292 HO=0.1325  A(t)=286
       479  ,,,,,,,,,,,,,,,,  2c2c2c2c2c2c2c2c2c2c2c2c2c2c2c2c
       464  ]]]]]]]]]]]]]]]]  5d5d5d5d5d5d5d5d5d5d5d5d5d5d5d5d
       378  [[[[[[[[[[[[[[[[  5b5b5b5b5b5b5b5b5b5b5b5b5b5b5b5b
       227  ................  2e2e2e2e2e2e2e2e2e2e2e2e2e2e2e2e
       160  ................  01010101010101010101010101010101
       122  ;;;;;;;;;;;;;;;;  3b3b3b3b3b3b3b3b3b3b3b3b3b3b3b3b
       121  ................  f0f0f0f0f0f0f0f0f0f0f0f0f0f0f0f0
       111  ................  b3b3b3b3b3b3b3b3b3b3b3b3b3b3b3b3
       106  ZZZZZZZZZZZZZZZZ  5a5a5a5a5a5a5a5a5a5a5a5a5a5a5a5a
       104  ................  fdfdfdfdfdfdfdfdfdfdfdfdfdfdfdfd
# epoch 3000  H=7.8279 C=7.6252 HO=0.1341  A(t)=291
       635  [[[[[[[[[[[[[[[[  5b5b5b5b5b5b5b5b5b5b5b5b5b5b5b5b
       407  ,,,,,,,,,,,,,,,,  2c2c2c2c2c2c2c2c2c2c2c2c2c2c2c2c
       302  ]]]]]]]]]]]]]]]]  5d5d5d5d5d5d5d5d5d5d5d5d5d5d5d5d
       171  ^^^^^^^^^^^^^^^^  5e5e5e5e5e5e5e5e5e5e5e5e5e5e5e5e
       161  ................  fafafafafafafafafafafafafafafafa
       136  ................  ffffffffffffffffffffffffffffffff
       113  ++++++++++++++++  2b2b2b2b2b2b2b2b2b2b2b2b2b2b2b2b
       108  @@@@@@@@@@@@@@@@  40404040404040404040404040404040
       106  ................  d8d8d8d8d8d8d8d8d8d8d8d8d8d8d8d8
       105  ................  fefefefefefefefefefefefefefefefe
# epoch 3250  H=7.8267 C=7.6414 HO=0.1212  A(t)=296
       499  ,,,,,,,,,,,,,,,,  2c2c2c2c2c2c2c2c2c2c2c2c2c2c2c2c
       492  ]]]]]]]]]]]]]]]]  5d5d5d5d5d5d5d5d5d5d5d5d5d5d5d5d
       404  [[[[[[[[[[[[[[[[  5b5b5b5b5b5b5b5b5b5b5b5b5b5b5b5b
       169  ................  01010101010101010101010101010101
       127  ................  ffffffffffffffffffffffffffffffff
       114  ZZZZZZZZZZZZZZZZ  5a5a5a5a5a5a5a5a5a5a5a5a5a5a5a5a
       106  ~~~~~~~~~~~~~~~~  7e7e7e7e7e7e7e7e7e7e7e7e7e7e7e7e
       102  ))))))))))))))))  29292929292929292929292929292929
        98  ................  a2a2a2a2a2a2a2a2a2a2a2a2a2a2a2a2
        96  }}}}}}}}}}}}}}}}  7d7d7d7d7d7d7d7d7d7d7d7d7d7d7d7d
# epoch 3500  H=7.8160 C=7.5929 HO=0.1531  A(t)=300
       683  ,,,,,,,,,,,,,,,,  2c2c2c2c2c2c2c2c2c2c2c2c2c2c2c2c
       508  [[[[[[[[[[[[[[[[  5b5b5b5b5b5b5b5b5b5b5b5b5b5b5b5b
       462  ]]]]]]]]]]]]]]]]  5d5d5d5d5d5d5d5d5d5d5d5d5d5d5d5d
       267  ................  2e2e2e2e2e2e2e2e2e2e2e2e2e2e2e2e
       195  ................  01010101010101010101010101010101
       135  \\\\\\\\\\\\\\\\  5c5c5c5c5c5c5c5c5c5c5c5c5c5c5c5c
       109  ................  ffffffffffffffffffffffffffffffff
       106  ................  81818181818181818181818181818181
       101  ZZZZZZZZZZZZZZZZ  5a5a5a5a5a5a5a5a5a5a5a5a5a5a5a5a
       101  ))))))))))))))))  29292929292929292929292929292929
# epoch 3750  H=7.8101 C=7.6167 HO=0.1254  A(t)=300
       548  ,,,,,,,,,,,,,,,,  2c2c2c2c2c2c2c2c2c2c2c2c2c2c2c2c
       497  ]]]]]]]]]]]]]]]]  5d5d5d5d5d5d5d5d5d5d5d5d5d5d5d5d
       323  [[[[[[[[[[[[[[[[  5b5b5b5b5b5b5b5b5b5b5b5b5b5b5b5b
       192  \\\\\\\\\\\\\\\\  5c5c5c5c5c5c5c5c5c5c5c5c5c5c5c5c
       144  ................  2e2e2e2e2e2e2e2e2e2e2e2e2e2e2e2e
       117  ................  00000000000000000000000000000000
       109  ))))))))))))))))  29292929292929292929292929292929
       106  ................  fcfcfcfcfcfcfcfcfcfcfcfcfcfcfcfc
        98  ................  f9f9f9f9f9f9f9f9f9f9f9f9f9f9f9f9
        98  ****************  2a2a2a2a2a2a2a2a2a2a2a2a2a2a2a2a
# epoch 4000  H=7.8040 C=7.6124 HO=0.1276  A(t)=301
       595  [[[[[[[[[[[[[[[[  5b5b5b5b5b5b5b5b5b5b5b5b5b5b5b5b
       374  ,,,,,,,,,,,,,,,,  2c2c2c2c2c2c2c2c2c2c2c2c2c2c2c2c
       301  ................  2e2e2e2e2e2e2e2e2e2e2e2e2e2e2e2e
       261  ]]]]]]]]]]]]]]]]  5d5d5d5d5d5d5d5d5d5d5d5d5d5d5d5d
       191  ZZZZZZZZZZZZZZZZ  5a5a5a5a5a5a5a5a5a5a5a5a5a5a5a5a
       176  ................  01010101010101010101010101010101
       174  ................  fdfdfdfdfdfdfdfdfdfdfdfdfdfdfdfd
       160  ================  3d3d3d3d3d3d3d3d3d3d3d3d3d3d3d3d
       152  ****************  2a2a2a2a2a2a2a2a2a2a2a2a2a2a2a2a
       127  ................  0f0f0f0f0f0f0f0f0f0f0f0f0f0f0f0f
# epoch 4250  H=7.7984 C=7.6019 HO=0.1335  A(t)=302
       484  ,,,,,,,,,,,,,,,,  2c2c2c2c2c2c2c2c2c2c2c2c2c2c2c2c
       375  [[[[[[[[[[[[[[[[  5b5b5b5b5b5b5b5b5b5b5b5b5b5b5b5b
       325  ]]]]]]]]]]]]]]]]  5d5d5d5d5d5d5d5d5d5d5d5d5d5d5d5d
       159  ZZZZZZZZZZZZZZZZ  5a5a5a5a5a5a5a5a5a5a5a5a5a5a5a5a
       158  \\\\\\\\\\\\\\\\  5c5c5c5c5c5c5c5c5c5c5c5c5c5c5c5c
       136  ffffffffffffffff  66666666666666666666666666666666
       122  ++++++++++++++++  2b2b2b2b2b2b2b2b2b2b2b2b2b2b2b2b
       114  ................  07070707070707070707070707070707
       110  ;;;;;;;;;;;;;;;;  3b3b3b3b3b3b3b3b3b3b3b3b3b3b3b3b
       104  ................  01010101010101010101010101010101
# epoch 4500  H=7.7918 C=7.5807 HO=0.1463  A(t)=303
       700  [[[[[[[[[[[[[[[[  5b5b5b5b5b5b5b5b5b5b5b5b5b5b5b5b
       624  ,,,,,,,,,,,,,,,,  2c2c2c2c2c2c2c2c2c2c2c2c2c2c2c2c
       582  ]]]]]]]]]]]]]]]]  5d5d5d5d5d5d5d5d5d5d5d5d5d5d5d5d
       172  ................  2e2e2e2e2e2e2e2e2e2e2e2e2e2e2e2e
       167  \\\\\\\\\\\\\\\\  5c5c5c5c5c5c5c5c5c5c5c5c5c5c5c5c
       153  <<<<<<<<<<<<<<<<  3c3c3c3c3c3c3c3c3c3c3c3c3c3c3c3c
       137  ................  01010101010101010101010101010101
       109  ................  03030303030303030303030303030303
       102  ||||||||||||||||  7c7c7c7c7c7c7c7c7c7c7c7c7c7c7c7c
       100  ++++++++++++++++  2b2b2b2b2b2b2b2b2b2b2b2b2b2b2b2b
# epoch 4750  H=7.7848 C=7.5773 HO=0.1403  A(t)=304
       767  ,,,,,,,,,,,,,,,,  2c2c2c2c2c2c2c2c2c2c2c2c2c2c2c2c
       516  ]]]]]]]]]]]]]]]]  5d5d5d5d5d5d5d5d5d5d5d5d5d5d5d5d
       338  [[[[[[[[[[[[[[[[  5b5b5b5b5b5b5b5b5b5b5b5b5b5b5b5b
       190  \\\\\\\\\\\\\\\\  5c5c5c5c5c5c5c5c5c5c5c5c5c5c5c5c
       143  ................  ffffffffffffffffffffffffffffffff
       139  ZZZZZZZZZZZZZZZZ  5a5a5a5a5a5a5a5a5a5a5a5a5a5a5a5a
       127  NNNNNNNNNNNNNNNN  4e4e4e4e4e4e4e4e4e4e4e4e4e4e4e4e
       112  ................  fefefefefefefefefefefefefefefefe
       100  0000000000000000  30303030303030303030303030303030
        99  ||||||||||||||||  7c7c7c7c7c7c7c7c7c7c7c7c7c7c7c7c
# epoch 5000  H=7.7823 C=7.5695 HO=0.1467  A(t)=307
       588  ,,,,,,,,,,,,,,,,  2c2c2c2c2c2c2c2c2c2c2c2c2c2c2c2c
       514  [[[[[[[[[[[[[[[[  5b5b5b5b5b5b5b5b5b5b5b5b5b5b5b5b
       437  ]]]]]]]]]]]]]]]]  5d5d5d5d5d5d5d5d5d5d5d5d5d5d5d5d
       244  \\\\\\\\\\\\\\\\  5c5c5c5c5c5c5c5c5c5c5c5c5c5c5c5c
       185  ................  2e2e2e2e2e2e2e2e2e2e2e2e2e2e2e2e
       176  ................  01010101010101010101010101010101
       142  ^^^^^^^^^^^^^^^^  5e5e5e5e5e5e5e5e5e5e5e5e5e5e5e5e
       126  ................  02020202020202020202020202020202
       118  ................  ffffffffffffffffffffffffffffffff
       115  ________________  20202020202020202020202020202020
# epoch 5250  H=7.7813 C=7.5713 HO=0.1452  A(t)=310
       606  [[[[[[[[[[[[[[[[  5b5b5b5b5b5b5b5b5b5b5b5b5b5b5b5b
       459  ]]]]]]]]]]]]]]]]  5d5d5d5d5d5d5d5d5d5d5d5d5d5d5d5d
       435  ,,,,,,,,,,,,,,,,  2c2c2c2c2c2c2c2c2c2c2c2c2c2c2c2c
       174  ................  2e2e2e2e2e2e2e2e2e2e2e2e2e2e2e2e
       167  ................  fefefefefefefefefefefefefefefefe
       153  ZZZZZZZZZZZZZZZZ  5a5a5a5a5a5a5a5a5a5a5a5a5a5a5a5a
       148  ^^^^^^^^^^^^^^^^  5e5e5e5e5e5e5e5e5e5e5e5e5e5e5e5e
       115  zzzzzzzzzzzzzzzz  7a7a7a7a7a7a7a7a7a7a7a7a7a7a7a7a
       113  ////////////////  2f2f2f2f2f2f2f2f2f2f2f2f2f2f2f2f
       113  ................  02020202020202020202020202020202
# epoch 5500  H=7.7803 C=7.5728 HO=0.1406  A(t)=311
       630  [[[[[[[[[[[[[[[[  5b5b5b5b5b5b5b5b5b5b5b5b5b5b5b5b
       570  ,,,,,,,,,,,,,,,,  2c2c2c2c2c2c2c2c2c2c2c2c2c2c2c2c
       502  ]]]]]]]]]]]]]]]]  5d5d5d5d5d5d5d5d5d5d5d5d5d5d5d5d
       203  ................  01010101010101010101010101010101
       184  ................  2e2e2e2e2e2e2e2e2e2e2e2e2e2e2e2e
       139  ................  02020202020202020202020202020202
       126  \\\\\\\\\\\\\\\\  5c5c5c5c5c5c5c5c5c5c5c5c5c5c5c5c
       116  ................  fefefefefefefefefefefefefefefefe
       112  ::::::::::::::::  3a3a3a3a3a3a3a3a3a3a3a3a3a3a3a3a
       109  ................  06060606060606060606060606060606
# epoch 5750  H=7.7755 C=7.5524 HO=0.1554  A(t)=312
       563  [[[[[[[[[[[[[[[[  5b5b5b5b5b5b5b5b5b5b5b5b5b5b5b5b
       521  ,,,,,,,,,,,,,,,,  2c2c2c2c2c2c2c2c2c2c2c2c2c2c2c2c
       461  ]]]]]]]]]]]]]]]]  5d5d5d5d5d5d5d5d5d5d5d5d5d5d5d5d
       198  ................  2e2e2e2e2e2e2e2e2e2e2e2e2e2e2e2e
       155  ................  fefefefefefefefefefefefefefefefe
       153  ................  01010101010101010101010101010101
       152  ................  eeeeeeeeeeeeeeeeeeeeeeeeeeeeeeee
       150  ^^^^^^^^^^^^^^^^  5e5e5e5e5e5e5e5e5e5e5e5e5e5e5e5e
       145  ////////////////  2f2f2f2f2f2f2f2f2f2f2f2f2f2f2f2f
       142  ................  07070707070707070707070707070707
# epoch 6000  H=7.7723 C=7.5543 HO=0.1492  A(t)=312
       740  ,,,,,,,,,,,,,,,,  2c2c2c2c2c2c2c2c2c2c2c2c2c2c2c2c
       634  [[[[[[[[[[[[[[[[  5b5b5b5b5b5b5b5b5b5b5b5b5b5b5b5b
       291  ZZZZZZZZZZZZZZZZ  5a5a5a5a5a5a5a5a5a5a5a5a5a5a5a5a
       250  ................  2e2e2e2e2e2e2e2e2e2e2e2e2e2e2e2e
       248  ]]]]]]]]]]]]]]]]  5d5d5d5d5d5d5d5d5d5d5d5d5d5d5d5d
       243  \\\\\\\\\\\\\\\\  5c5c5c5c5c5c5c5c5c5c5c5c5c5c5c5c
       127  ................  d5d5d5d5d5d5d5d5d5d5d5d5d5d5d5d5
       120  ))))))))))))))))  29292929292929292929292929292929
       118  ................  fefefefefefefefefefefefefefefefe
       105  ................  fdfdfdfdfdfdfdfdfdfdfdfdfdfdfdfd
# epoch 6250  H=7.7763 C=7.5585 HO=0.1520  A(t)=312
       716  ,,,,,,,,,,,,,,,,  2c2c2c2c2c2c2c2c2c2c2c2c2c2c2c2c
       611  [[[[[[[[[[[[[[[[  5b5b5b5b5b5b5b5b5b5b5b5b5b5b5b5b
       376  ]]]]]]]]]]]]]]]]  5d5d5d5d5d5d5d5d5d5d5d5d5d5d5d5d
       215  ................  2e2e2e2e2e2e2e2e2e2e2e2e2e2e2e2e
       212  ................  01010101010101010101010101010101
       165  ZZZZZZZZZZZZZZZZ  5a5a5a5a5a5a5a5a5a5a5a5a5a5a5a5a
       131  ................  02020202020202020202020202020202
       126  ................  03030303030303030303030303030303
       125  ................  c5c5c5c5c5c5c5c5c5c5c5c5c5c5c5c5
       116  ----------------  2d2d2d2d2d2d2d2d2d2d2d2d2d2d2d2d
# epoch 6500  H=7.7754 C=7.5574 HO=0.1509  A(t)=313
       509  ]]]]]]]]]]]]]]]]  5d5d5d5d5d5d5d5d5d5d5d5d5d5d5d5d
       497  ,,,,,,,,,,,,,,,,  2c2c2c2c2c2c2c2c2c2c2c2c2c2c2c2c
       467  [[[[[[[[[[[[[[[[  5b5b5b5b5b5b5b5b5b5b5b5b5b5b5b5b
       300  \\\\\\\\\\\\\\\\  5c5c5c5c5c5c5c5c5c5c5c5c5c5c5c5c
       215  ................  2e2e2e2e2e2e2e2e2e2e2e2e2e2e2e2e
       185  ................  01010101010101010101010101010101
       113  YYYYYYYYYYYYYYYY  59595959595959595959595959595959
       103  {{{{{{{{{{{{{{{{  7b7b7b7b7b7b7b7b7b7b7b7b7b7b7b7b
       101  FFFFFFFFFFFFFFFF  46464646464646464646464646464646
        98  ________________  20202020202020202020202020202020
# epoch 6750  H=7.7678 C=7.5418 HO=0.1594  A(t)=313
       732  [[[[[[[[[[[[[[[[  5b5b5b5b5b5b5b5b5b5b5b5b5b5b5b5b
       639  ,,,,,,,,,,,,,,,,  2c2c2c2c2c2c2c2c2c2c2c2c2c2c2c2c
       617  ]]]]]]]]]]]]]]]]  5d5d5d5d5d5d5d5d5d5d5d5d5d5d5d5d
       177  ZZZZZZZZZZZZZZZZ  5a5a5a5a5a5a5a5a5a5a5a5a5a5a5a5a
       139  ................  2e2e2e2e2e2e2e2e2e2e2e2e2e2e2e2e
       109  ................  85858585858585858585858585858585
       103  YYYYYYYYYYYYYYYY  59595959595959595959595959595959
       101  ................  01010101010101010101010101010101
        98  ................  f0f0f0f0f0f0f0f0f0f0f0f0f0f0f0f0
        96  ________________  5f5f5f5f5f5f5f5f5f5f5f5f5f5f5f5f
# epoch 7000  H=7.7653 C=7.5342 HO=0.1670  A(t)=313
       677  ,,,,,,,,,,,,,,,,  2c2c2c2c2c2c2c2c2c2c2c2c2c2c2c2c
       502  [[[[[[[[[[[[[[[[  5b5b5b5b5b5b5b5b5b5b5b5b5b5b5b5b
       464  ]]]]]]]]]]]]]]]]  5d5d5d5d5d5d5d5d5d5d5d5d5d5d5d5d
       295  \\\\\\\\\\\\\\\\  5c5c5c5c5c5c5c5c5c5c5c5c5c5c5c5c
       241  ................  2e2e2e2e2e2e2e2e2e2e2e2e2e2e2e2e
       188  ;;;;;;;;;;;;;;;;  3b3b3b3b3b3b3b3b3b3b3b3b3b3b3b3b
       148  ................  01010101010101010101010101010101
       144  ................  9b9b9b9b9b9b9b9b9b9b9b9b9b9b9b9b
       134  %%%%%%%%%%%%%%%%  25252525252525252525252525252525
       130  ................  02020202020202020202020202020202
# epoch 7250  H=7.7587 C=7.5171 HO=0.1745  A(t)=314
       801  [[[[[[[[[[[[[[[[  5b5b5b5b5b5b5b5b5b5b5b5b5b5b5b5b
       753  ,,,,,,,,,,,,,,,,  2c2c2c2c2c2c2c2c2c2c2c2c2c2c2c2c
       334  ]]]]]]]]]]]]]]]]  5d5d5d5d5d5d5d5d5d5d5d5d5d5d5d5d
       285  ................  2e2e2e2e2e2e2e2e2e2e2e2e2e2e2e2e
       234  ................  01010101010101010101010101010101
       216  ::::::::::::::::  3a3a3a3a3a3a3a3a3a3a3a3a3a3a3a3a
       175  ;;;;;;;;;;;;;;;;  3b3b3b3b3b3b3b3b3b3b3b3b3b3b3b3b
       153  ================  3d3d3d3d3d3d3d3d3d3d3d3d3d3d3d3d
       137  VVVVVVVVVVVVVVVV  56565656565656565656565656565656
       126  ................  07070707070707070707070707070707
# epoch 7500  H=7.7540 C=7.5226 HO=0.1646  A(t)=314
       755  [[[[[[[[[[[[[[[[  5b5b5b5b5b5b5b5b5b5b5b5b5b5b5b5b
       501  ,,,,,,,,,,,,,,,,  2c2c2c2c2c2c2c2c2c2c2c2c2c2c2c2c
       406  ]]]]]]]]]]]]]]]]  5d5d5d5d5d5d5d5d5d5d5d5d5d5d5d5d
       307  ................  2e2e2e2e2e2e2e2e2e2e2e2e2e2e2e2e
       282  ................  01010101010101010101010101010101
       228  \\\\\\\\\\\\\\\\  5c5c5c5c5c5c5c5c5c5c5c5c5c5c5c5c
       174  ZZZZZZZZZZZZZZZZ  5a5a5a5a5a5a5a5a5a5a5a5a5a5a5a5a
       153  ................  fefefefefefefefefefefefefefefefe
       129  ................  d9d9d9d9d9d9d9d9d9d9d9d9d9d9d9d9
       112  YYYYYYYYYYYYYYYY  59595959595959595959595959595959
# epoch 7750  H=7.7563 C=7.5370 HO=0.1521  A(t)=316
       643  ,,,,,,,,,,,,,,,,  2c2c2c2c2c2c2c2c2c2c2c2c2c2c2c2c
       627  [[[[[[[[[[[[[[[[  5b5b5b5b5b5b5b5b5b5b5b5b5b5b5b5b
       490  ]]]]]]]]]]]]]]]]  5d5d5d5d5d5d5d5d5d5d5d5d5d5d5d5d
       333  \\\\\\\\\\\\\\\\  5c5c5c5c5c5c5c5c5c5c5c5c5c5c5c5c
       233  ................  01010101010101010101010101010101
       176  ................  2e2e2e2e2e2e2e2e2e2e2e2e2e2e2e2e
       129  ZZZZZZZZZZZZZZZZ  5a5a5a5a5a5a5a5a5a5a5a5a5a5a5a5a
       114  ................  fefefefefefefefefefefefefefefefe
       102  ................  b6b6b6b6b6b6b6b6b6b6b6b6b6b6b6b6
       101  zzzzzzzzzzzzzzzz  7a7a7a7a7a7a7a7a7a7a7a7a7a7a7a7a
# epoch 8000  H=7.7572 C=7.5516 HO=0.1435  A(t)=316
       562  ,,,,,,,,,,,,,,,,  2c2c2c2c2c2c2c2c2c2c2c2c2c2c2c2c
       531  ]]]]]]]]]]]]]]]]  5d5d5d5d5d5d5d5d5d5d5d5d5d5d5d5d
       511  [[[[[[[[[[[[[[[[  5b5b5b5b5b5b5b5b5b5b5b5b5b5b5b5b
       140  ................  fefefefefefefefefefefefefefefefe
       129  <<<<<<<<<<<<<<<<  3c3c3c3c3c3c3c3c3c3c3c3c3c3c3c3c
       112  ~~~~~~~~~~~~~~~~  7e7e7e7e7e7e7e7e7e7e7e7e7e7e7e7e
       111  \\\\\\\\\\\\\\\\  5c5c5c5c5c5c5c5c5c5c5c5c5c5c5c5c
       109  ^^^^^^^^^^^^^^^^  5e5e5e5e5e5e5e5e5e5e5e5e5e5e5e5e
       106  9999999999999999  39393939393939393939393939393939
        98  ................  ffffffffffffffffffffffffffffffff
# epoch 8250  H=7.7571 C=7.5375 HO=0.1550  A(t)=316
       591  [[[[[[[[[[[[[[[[  5b5b5b5b5b5b5b5b5b5b5b5b5b5b5b5b
       408  ,,,,,,,,,,,,,,,,  2c2c2c2c2c2c2c2c2c2c2c2c2c2c2c2c
       334  ]]]]]]]]]]]]]]]]  5d5d5d5d5d5d5d5d5d5d5d5d5d5d5d5d
       254  ................  2e2e2e2e2e2e2e2e2e2e2e2e2e2e2e2e
       253  ................  00000000000000000000000000000000
       197  ................  fdfdfdfdfdfdfdfdfdfdfdfdfdfdfdfd
       184  ================  3d3d3d3d3d3d3d3d3d3d3d3d3d3d3d3d
       151  \\\\\\\\\\\\\\\\  5c5c5c5c5c5c5c5c5c5c5c5c5c5c5c5c
       142  ................  01010101010101010101010101010101
       130  8888888888888888  38383838383838383838383838383838
# epoch 8500  H=7.7548 C=7.5209 HO=0.1699  A(t)=317
       754  [[[[[[[[[[[[[[[[  5b5b5b5b5b5b5b5b5b5b5b5b5b5b5b5b
       616  ]]]]]]]]]]]]]]]]  5d5d5d5d5d5d5d5d5d5d5d5d5d5d5d5d
       453  ,,,,,,,,,,,,,,,,  2c2c2c2c2c2c2c2c2c2c2c2c2c2c2c2c
       260  ................  01010101010101010101010101010101
       251  ................  2e2e2e2e2e2e2e2e2e2e2e2e2e2e2e2e
       155  ................  ffffffffffffffffffffffffffffffff
       150  ................  1e1e1e1e1e1e1e1e1e1e1e1e1e1e1e1e
       147  \\\\\\\\\\\\\\\\  5c5c5c5c5c5c5c5c5c5c5c5c5c5c5c5c
       116  aaaaaaaaaaaaaaaa  61616161616161616161616161616161
       111  ~~~~~~~~~~~~~~~~  7e7e7e7e7e7e7e7e7e7e7e7e7e7e7e7e
# epoch 8750  H=7.7552 C=7.5252 HO=0.1691  A(t)=317
       640  [[[[[[[[[[[[[[[[  5b5b5b5b5b5b5b5b5b5b5b5b5b5b5b5b
       524  ,,,,,,,,,,,,,,,,  2c2c2c2c2c2c2c2c2c2c2c2c2c2c2c2c
       280  ]]]]]]]]]]]]]]]]  5d5d5d5d5d5d5d5d5d5d5d5d5d5d5d5d
       177  ================  3d3d3d3d3d3d3d3d3d3d3d3d3d3d3d3d
       170  ^^^^^^^^^^^^^^^^  5e5e5e5e5e5e5e5e5e5e5e5e5e5e5e5e
       167  ................  01010101010101010101010101010101
       135  ................  2e2e2e2e2e2e2e2e2e2e2e2e2e2e2e2e
       114  ................  81818181818181818181818181818181
       110  ................  eeeeeeeeeeeeeeeeeeeeeeeeeeeeeeee
       107  ................  ffffffffffffffffffffffffffffffff
# epoch 9000  H=7.7534 C=7.5386 HO=0.1518  A(t)=318
       715  ,,,,,,,,,,,,,,,,  2c2c2c2c2c2c2c2c2c2c2c2c2c2c2c2c
       404  ]]]]]]]]]]]]]]]]  5d5d5d5d5d5d5d5d5d5d5d5d5d5d5d5d
       396  [[[[[[[[[[[[[[[[  5b5b5b5b5b5b5b5b5b5b5b5b5b5b5b5b
       250  ::::::::::::::::  3a3a3a3a3a3a3a3a3a3a3a3a3a3a3a3a
       219  ................  2e2e2e2e2e2e2e2e2e2e2e2e2e2e2e2e
       199  \\\\\\\\\\\\\\\\  5c5c5c5c5c5c5c5c5c5c5c5c5c5c5c5c
       160  ZZZZZZZZZZZZZZZZ  5a5a5a5a5a5a5a5a5a5a5a5a5a5a5a5a
       150  9999999999999999  39393939393939393939393939393939
       143  ................  ffffffffffffffffffffffffffffffff
       138  ................  01010101010101010101010101010101
# epoch 9250  H=7.7548 C=7.5305 HO=0.1570  A(t)=318
       667  [[[[[[[[[[[[[[[[  5b5b5b5b5b5b5b5b5b5b5b5b5b5b5b5b
       583  ,,,,,,,,,,,,,,,,  2c2c2c2c2c2c2c2c2c2c2c2c2c2c2c2c
       488  ]]]]]]]]]]]]]]]]  5d5d5d5d5d5d5d5d5d5d5d5d5d5d5d5d
       180  ................  2e2e2e2e2e2e2e2e2e2e2e2e2e2e2e2e
       145  ................  01010101010101010101010101010101
       134  0000000000000000  30303030303030303030303030303030
       124  ????????????????  3f3f3f3f3f3f3f3f3f3f3f3f3f3f3f3f
       119  ________________  5f5f5f5f5f5f5f5f5f5f5f5f5f5f5f5f
       116  ................  02020202020202020202020202020202
       107  ................  ffffffffffffffffffffffffffffffff
# epoch 9500  H=7.7595 C=7.5371 HO=0.1584  A(t)=318
       637  [[[[[[[[[[[[[[[[  5b5b5b5b5b5b5b5b5b5b5b5b5b5b5b5b
       527  ,,,,,,,,,,,,,,,,  2c2c2c2c2c2c2c2c2c2c2c2c2c2c2c2c
       500  ]]]]]]]]]]]]]]]]  5d5d5d5d5d5d5d5d5d5d5d5d5d5d5d5d
       222  \\\\\\\\\\\\\\\\  5c5c5c5c5c5c5c5c5c5c5c5c5c5c5c5c
       135  ................  01010101010101010101010101010101
       131  ~~~~~~~~~~~~~~~~  7e7e7e7e7e7e7e7e7e7e7e7e7e7e7e7e
       122  ................  f4f4f4f4f4f4f4f4f4f4f4f4f4f4f4f4
       121  ................  ecececececececececececececececec
       121  ................  2e2e2e2e2e2e2e2e2e2e2e2e2e2e2e2e
       120  8888888888888888  38383838383838383838383838383838
# epoch 9750  H=7.7599 C=7.5345 HO=0.1580  A(t)=318
       661  [[[[[[[[[[[[[[[[  5b5b5b5b5b5b5b5b5b5b5b5b5b5b5b5b
       611  ,,,,,,,,,,,,,,,,  2c2c2c2c2c2c2c2c2c2c2c2c2c2c2c2c
       283  ]]]]]]]]]]]]]]]]  5d5d5d5d5d5d5d5d5d5d5d5d5d5d5d5d
       230  ................  03030303030303030303030303030303
       177  ZZZZZZZZZZZZZZZZ  5a5a5a5a5a5a5a5a5a5a5a5a5a5a5a5a
       163  ................  ffffffffffffffffffffffffffffffff
       154  ;;;;;;;;;;;;;;;;  3b3b3b3b3b3b3b3b3b3b3b3b3b3b3b3b
       145  ****************  2a2a2a2a2a2a2a2a2a2a2a2a2a2a2a2a
       142  ................  2e2e2e2e2e2e2e2e2e2e2e2e2e2e2e2e
       139  \\\\\\\\\\\\\\\\  5c5c5c5c5c5c5c5c5c5c5c5c5c5c5c5c
# epoch 10000  H=7.7587 C=7.5527 HO=0.1448  A(t)=318
       473  ]]]]]]]]]]]]]]]]  5d5d5d5d5d5d5d5d5d5d5d5d5d5d5d5d
       395  [[[[[[[[[[[[[[[[  5b5b5b5b5b5b5b5b5b5b5b5b5b5b5b5b
       384  ,,,,,,,,,,,,,,,,  2c2c2c2c2c2c2c2c2c2c2c2c2c2c2c2c
       192  ................  01010101010101010101010101010101
       186  \\\\\\\\\\\\\\\\  5c5c5c5c5c5c5c5c5c5c5c5c5c5c5c5c
       159  ................  2e2e2e2e2e2e2e2e2e2e2e2e2e2e2e2e
       127  ................  fcfcfcfcfcfcfcfcfcfcfcfcfcfcfcfc
       116  eeeeeeeeeeeeeeee  65656565656565656565656565656565
       105  ................  9e9e9e9e9e9e9e9e9e9e9e9e9e9e9e9e
        98  ................  81818181818181818181818181818181
# epoch 10250  H=7.7629 C=7.5521 HO=0.1467  A(t)=318
       765  [[[[[[[[[[[[[[[[  5b5b5b5b5b5b5b5b5b5b5b5b5b5b5b5b
       737  ,,,,,,,,,,,,,,,,  2c2c2c2c2c2c2c2c2c2c2c2c2c2c2c2c
       423  ]]]]]]]]]]]]]]]]  5d5d5d5d5d5d5d5d5d5d5d5d5d5d5d5d
       179  ................  2e2e2e2e2e2e2e2e2e2e2e2e2e2e2e2e
       163  >>>>>>>>>>>>>>>>  3e3e3e3e3e3e3e3e3e3e3e3e3e3e3e3e
       153  \\\\\\\\\\\\\\\\  5c5c5c5c5c5c5c5c5c5c5c5c5c5c5c5c
       150  ................  03030303030303030303030303030303
       132  ................  01010101010101010101010101010101
       127  ................  02020202020202020202020202020202
       115  dddddddddddddddd  64646464646464646464646464646464
# epoch 10500  H=7.7628 C=7.5592 HO=0.1398  A(t)=318
       538  [[[[[[[[[[[[[[[[  5b5b5b5b5b5b5b5b5b5b5b5b5b5b5b5b
       510  ,,,,,,,,,,,,,,,,  2c2c2c2c2c2c2c2c2c2c2c2c2c2c2c2c
       387  ]]]]]]]]]]]]]]]]  5d5d5d5d5d5d5d5d5d5d5d5d5d5d5d5d
       196  ................  2e2e2e2e2e2e2e2e2e2e2e2e2e2e2e2e
       193  ................  fdfdfdfdfdfdfdfdfdfdfdfdfdfdfdfd
       187  \\\\\\\\\\\\\\\\  5c5c5c5c5c5c5c5c5c5c5c5c5c5c5c5c
       133  ................  01010101010101010101010101010101
       126  ================  3d3d3d3d3d3d3d3d3d3d3d3d3d3d3d3d
       125  ................  fbfbfbfbfbfbfbfbfbfbfbfbfbfbfbfb
       119  LLLLLLLLLLLLLLLL  4c4c4c4c4c4c4c4c4c4c4c4c4c4c4c4c
# epoch 10750  H=7.7651 C=7.5500 HO=0.1515  A(t)=318
       660  [[[[[[[[[[[[[[[[  5b5b5b5b5b5b5b5b5b5b5b5b5b5b5b5b
       559  ,,,,,,,,,,,,,,,,  2c2c2c2c2c2c2c2c2c2c2c2c2c2c2c2c
       358  ]]]]]]]]]]]]]]]]  5d5d5d5d5d5d5d5d5d5d5d5d5d5d5d5d
       253  \\\\\\\\\\\\\\\\  5c5c5c5c5c5c5c5c5c5c5c5c5c5c5c5c
       225  ................  2e2e2e2e2e2e2e2e2e2e2e2e2e2e2e2e
       217  ................  9e9e9e9e9e9e9e9e9e9e9e9e9e9e9e9e
       170  ................  03030303030303030303030303030303
       161  ________________  5f5f5f5f5f5f5f5f5f5f5f5f5f5f5f5f
       152  bbbbbbbbbbbbbbbb  62626262626262626262626262626262
       147  1111111111111111  31313131313131313131313131313131
# epoch 11000  H=7.7694 C=7.5591 HO=0.1456  A(t)=318
       631  ,,,,,,,,,,,,,,,,  2c2c2c2c2c2c2c2c2c2c2c2c2c2c2c2c
       520  [[[[[[[[[[[[[[[[  5b5b5b5b5b5b5b5b5b5b5b5b5b5b5b5b
       392  ]]]]]]]]]]]]]]]]  5d5d5d5d5d5d5d5d5d5d5d5d5d5d5d5d
       177  ................  01010101010101010101010101010101
       171  \\\\\\\\\\\\\\\\  5c5c5c5c5c5c5c5c5c5c5c5c5c5c5c5c
       140  ................  2e2e2e2e2e2e2e2e2e2e2e2e2e2e2e2e
       106  <<<<<<<<<<<<<<<<  3c3c3c3c3c3c3c3c3c3c3c3c3c3c3c3c
        99  ................  fafafafafafafafafafafafafafafafa
        92  9999999999999999  39393939393939393939393939393939
        89  ;;;;;;;;;;;;;;;;  3b3b3b3b3b3b3b3b3b3b3b3b3b3b3b3b
# epoch 11250  H=7.7702 C=7.5517 HO=0.1539  A(t)=318
       660  ]]]]]]]]]]]]]]]]  5d5d5d5d5d5d5d5d5d5d5d5d5d5d5d5d
       518  ,,,,,,,,,,,,,,,,  2c2c2c2c2c2c2c2c2c2c2c2c2c2c2c2c
       479  [[[[[[[[[[[[[[[[  5b5b5b5b5b5b5b5b5b5b5b5b5b5b5b5b
       249  ................  2e2e2e2e2e2e2e2e2e2e2e2e2e2e2e2e
       168  \\\\\\\\\\\\\\\\  5c5c5c5c5c5c5c5c5c5c5c5c5c5c5c5c
       168  WWWWWWWWWWWWWWWW  57575757575757575757575757575757
       156  ................  01010101010101010101010101010101
       129  iiiiiiiiiiiiiiii  69696969696969696969696969696969
       121  ................  02020202020202020202020202020202
       118  YYYYYYYYYYYYYYYY  59595959595959595959595959595959
# epoch 11500  H=7.7656 C=7.5524 HO=0.1493  A(t)=318
       721  ]]]]]]]]]]]]]]]]  5d5d5d5d5d5d5d5d5d5d5d5d5d5d5d5d
       637  ,,,,,,,,,,,,,,,,  2c2c2c2c2c2c2c2c2c2c2c2c2c2c2c2c
       291  [[[[[[[[[[[[[[[[  5b5b5b5b5b5b5b5b5b5b5b5b5b5b5b5b
       211  ................  2e2e2e2e2e2e2e2e2e2e2e2e2e2e2e2e
       209  \\\\\\\\\\\\\\\\  5c5c5c5c5c5c5c5c5c5c5c5c5c5c5c5c
       151  ????????????????  3f3f3f3f3f3f3f3f3f3f3f3f3f3f3f3f
       151  ****************  2a2a2a2a2a2a2a2a2a2a2a2a2a2a2a2a
       140  ................  03030303030303030303030303030303
       132  0000000000000000  30303030303030303030303030303030
       123  ))))))))))))))))  29292929292929292929292929292929
# epoch 11750  H=7.7706 C=7.5570 HO=0.1487  A(t)=319
       564  ]]]]]]]]]]]]]]]]  5d5d5d5d5d5d5d5d5d5d5d5d5d5d5d5d
       537  ,,,,,,,,,,,,,,,,  2c2c2c2c2c2c2c2c2c2c2c2c2c2c2c2c
       382  [[[[[[[[[[[[[[[[  5b5b5b5b5b5b5b5b5b5b5b5b5b5b5b5b
       144  ................  2e2e2e2e2e2e2e2e2e2e2e2e2e2e2e2e
       131  ................  01010101010101010101010101010101
       128  ................  fcfcfcfcfcfcfcfcfcfcfcfcfcfcfcfc
       112  ================  3d3d3d3d3d3d3d3d3d3d3d3d3d3d3d3d
       100  ................  f4f4f4f4f4f4f4f4f4f4f4f4f4f4f4f4
        83  ................  dcdcdcdcdcdcdcdcdcdcdcdcdcdcdcdc
        81  ................  ffffffffffffffffffffffffffffffff
# epoch 12000  H=7.7652 C=7.5510 HO=0.1491  A(t)=319
       817  ,,,,,,,,,,,,,,,,  2c2c2c2c2c2c2c2c2c2c2c2c2c2c2c2c
       637  ]]]]]]]]]]]]]]]]  5d5d5d5d5d5d5d5d5d5d5d5d5d5d5d5d
       486  [[[[[[[[[[[[[[[[  5b5b5b5b5b5b5b5b5b5b5b5b5b5b5b5b
       252  ................  2e2e2e2e2e2e2e2e2e2e2e2e2e2e2e2e
       249  ................  01010101010101010101010101010101
       195  BBBBBBBBBBBBBBBB  42424242424242424242424242424242
       147  ZZZZZZZZZZZZZZZZ  5a5a5a5a5a5a5a5a5a5a5a5a5a5a5a5a
       141  \\\\\\\\\\\\\\\\  5c5c5c5c5c5c5c5c5c5c5c5c5c5c5c5c
       129  ----------------  2d2d2d2d2d2d2d2d2d2d2d2d2d2d2d2d
       112  ................  00000000000000000000000000000000
# epoch 12250  H=7.7711 C=7.5595 HO=0.1483  A(t)=319
       752  ,,,,,,,,,,,,,,,,  2c2c2c2c2c2c2c2c2c2c2c2c2c2c2c2c
       529  [[[[[[[[[[[[[[[[  5b5b5b5b5b5b5b5b5b5b5b5b5b5b5b5b
       442  ]]]]]]]]]]]]]]]]  5d5d5d5d5d5d5d5d5d5d5d5d5d5d5d5d
       159  \\\\\\\\\\\\\\\\  5c5c5c5c5c5c5c5c5c5c5c5c5c5c5c5c
       152  ................  2e2e2e2e2e2e2e2e2e2e2e2e2e2e2e2e
       128  ^^^^^^^^^^^^^^^^  5e5e5e5e5e5e5e5e5e5e5e5e5e5e5e5e
       121  ................  ffffffffffffffffffffffffffffffff
       116  ................  03030303030303030303030303030303
       100  XXXXXXXXXXXXXXXX  58585858585858585858585858585858
        96  VVVVVVVVVVVVVVVV  56565656565656565656565656565656
# epoch 12500  H=7.7734 C=7.5561 HO=0.1510  A(t)=319
       754  ,,,,,,,,,,,,,,,,  2c2c2c2c2c2c2c2c2c2c2c2c2c2c2c2c
       633  [[[[[[[[[[[[[[[[  5b5b5b5b5b5b5b5b5b5b5b5b5b5b5b5b
       230  ]]]]]]]]]]]]]]]]  5d5d5d5d5d5d5d5d5d5d5d5d5d5d5d5d
       199  ................  01010101010101010101010101010101
       153  ................  2e2e2e2e2e2e2e2e2e2e2e2e2e2e2e2e
       146  ................  ffffffffffffffffffffffffffffffff
       116  \\\\\\\\\\\\\\\\  5c5c5c5c5c5c5c5c5c5c5c5c5c5c5c5c
       115  <<<<<<<<<<<<<<<<  3c3c3c3c3c3c3c3c3c3c3c3c3c3c3c3c
       109  }}}}}}}}}}}}}}}}  7d7d7d7d7d7d7d7d7d7d7d7d7d7d7d7d
       109  ................  05050505050505050505050505050505
# epoch 12750  H=7.7760 C=7.5628 HO=0.1488  A(t)=321
       692  [[[[[[[[[[[[[[[[  5b5b5b5b5b5b5b5b5b5b5b5b5b5b5b5b
       535  ,,,,,,,,,,,,,,,,  2c2c2c2c2c2c2c2c2c2c2c2c2c2c2c2c
       472  ]]]]]]]]]]]]]]]]  5d5d5d5d5d5d5d5d5d5d5d5d5d5d5d5d
       169  ................  01010101010101010101010101010101
       119  ................  fefefefefefefefefefefefefefefefe
       115  ................  02020202020202020202020202020202
       112  ................  2e2e2e2e2e2e2e2e2e2e2e2e2e2e2e2e
       108  ................  c9c9c9c9c9c9c9c9c9c9c9c9c9c9c9c9
       108  ................  1b1b1b1b1b1b1b1b1b1b1b1b1b1b1b1b
       107  ................  80808080808080808080808080808080
# epoch 13000  H=7.7727 C=7.5654 HO=0.1440  A(t)=321
       649  ,,,,,,,,,,,,,,,,  2c2c2c2c2c2c2c2c2c2c2c2c2c2c2c2c
       321  [[[[[[[[[[[[[[[[  5b5b5b5b5b5b5b5b5b5b5b5b5b5b5b5b
       279  ]]]]]]]]]]]]]]]]  5d5d5d5d5d5d5d5d5d5d5d5d5d5d5d5d
       207  ................  2e2e2e2e2e2e2e2e2e2e2e2e2e2e2e2e
       163  ................  01010101010101010101010101010101
       122  ................  fbfbfbfbfbfbfbfbfbfbfbfbfbfbfbfb
       121  ................  08080808080808080808080808080808
       119  3333333333333333  33333333333333333333333333333333
       116  <<<<<<<<<<<<<<<<  3c3c3c3c3c3c3c3c3c3c3c3c3c3c3c3c
       114  ................  05050505050505050505050505050505
# epoch 13250  H=7.7686 C=7.5534 HO=0.1549  A(t)=321
       782  [[[[[[[[[[[[[[[[  5b5b5b5b5b5b5b5b5b5b5b5b5b5b5b5b
       504  ,,,,,,,,,,,,,,,,  2c2c2c2c2c2c2c2c2c2c2c2c2c2c2c2c
       385  ]]]]]]]]]]]]]]]]  5d5d5d5d5d5d5d5d5d5d5d5d5d5d5d5d
       197  ................  05050505050505050505050505050505
       129  ................  2e2e2e2e2e2e2e2e2e2e2e2e2e2e2e2e
       118  7777777777777777  37373737373737373737373737373737
       116  ................  dfdfdfdfdfdfdfdfdfdfdfdfdfdfdfdf
       113  ................  03030303030303030303030303030303
       104  ////////////////  2f2f2f2f2f2f2f2f2f2f2f2f2f2f2f2f
       101  ................  bbbbbbbbbbbbbbbbbbbbbbbbbbbbbbbb
# epoch 13500  H=7.7711 C=7.5431 HO=0.1616  A(t)=321
       766  ,,,,,,,,,,,,,,,,  2c2c2c2c2c2c2c2c2c2c2c2c2c2c2c2c
       561  [[[[[[[[[[[[[[[[  5b5b5b5b5b5b5b5b5b5b5b5b5b5b5b5b
       231  ]]]]]]]]]]]]]]]]  5d5d5d5d5d5d5d5d5d5d5d5d5d5d5d5d
       190  ................  01010101010101010101010101010101
       189  ZZZZZZZZZZZZZZZZ  5a5a5a5a5a5a5a5a5a5a5a5a5a5a5a5a
       176  ................  2e2e2e2e2e2e2e2e2e2e2e2e2e2e2e2e
       159  \\\\\\\\\\\\\\\\  5c5c5c5c5c5c5c5c5c5c5c5c5c5c5c5c
       152  ))))))))))))))))  29292929292929292929292929292929
       147  ////////////////  2f2f2f2f2f2f2f2f2f2f2f2f2f2f2f2f
       121  ................  dededededededededededededededede
# epoch 13750  H=7.7725 C=7.5642 HO=0.1423  A(t)=321
       548  ,,,,,,,,,,,,,,,,  2c2c2c2c2c2c2c2c2c2c2c2c2c2c2c2c
       525  [[[[[[[[[[[[[[[[  5b5b5b5b5b5b5b5b5b5b5b5b5b5b5b5b
       331  ]]]]]]]]]]]]]]]]  5d5d5d5d5d5d5d5d5d5d5d5d5d5d5d5d
       213  \\\\\\\\\\\\\\\\  5c5c5c5c5c5c5c5c5c5c5c5c5c5c5c5c
       133  ................  2e2e2e2e2e2e2e2e2e2e2e2e2e2e2e2e
       130  SSSSSSSSSSSSSSSS  53535353535353535353535353535353
       105  2222222222222222  32323232323232323232323232323232
       103  ................  ebebebebebebebebebebebebebebebeb
        94  ZZZZZZZZZZZZZZZZ  5a5a5a5a5a5a5a5a5a5a5a5a5a5a5a5a
        90  JJJJJJJJJJJJJJJJ  4a4a4a4a4a4a4a4a4a4a4a4a4a4a4a4a
# epoch 14000  H=7.7736 C=7.5589 HO=0.1480  A(t)=321
       768  [[[[[[[[[[[[[[[[  5b5b5b5b5b5b5b5b5b5b5b5b5b5b5b5b
       486  ,,,,,,,,,,,,,,,,  2c2c2c2c2c2c2c2c2c2c2c2c2c2c2c2c
       358  ]]]]]]]]]]]]]]]]  5d5d5d5d5d5d5d5d5d5d5d5d5d5d5d5d
       213  ................  2e2e2e2e2e2e2e2e2e2e2e2e2e2e2e2e
       168  \\\\\\\\\\\\\\\\  5c5c5c5c5c5c5c5c5c5c5c5c5c5c5c5c
       167  ////////////////  2f2f2f2f2f2f2f2f2f2f2f2f2f2f2f2f
       139  ................  fdfdfdfdfdfdfdfdfdfdfdfdfdfdfdfd
       126  ................  01010101010101010101010101010101
       120  ................  96969696969696969696969696969696
       109  ................  ffffffffffffffffffffffffffffffff
# epoch 14250  H=7.7719 C=7.5593 HO=0.1472  A(t)=321
       815  ,,,,,,,,,,,,,,,,  2c2c2c2c2c2c2c2c2c2c2c2c2c2c2c2c
       477  ]]]]]]]]]]]]]]]]  5d5d5d5d5d5d5d5d5d5d5d5d5d5d5d5d
       472  [[[[[[[[[[[[[[[[  5b5b5b5b5b5b5b5b5b5b5b5b5b5b5b5b
       170  2222222222222222  32323232323232323232323232323232
       148  ................  2e2e2e2e2e2e2e2e2e2e2e2e2e2e2e2e
       130  ((((((((((((((((  28282828282828282828282828282828
       120  ................  01010101010101010101010101010101
       119  ================  3d3d3d3d3d3d3d3d3d3d3d3d3d3d3d3d
       106  3333333333333333  33333333333333333333333333333333
       105  ................  a3a3a3a3a3a3a3a3a3a3a3a3a3a3a3a3
# epoch 14500  H=7.7746 C=7.5557 HO=0.1546  A(t)=321
       608  ,,,,,,,,,,,,,,,,  2c2c2c2c2c2c2c2c2c2c2c2c2c2c2c2c
       570  ]]]]]]]]]]]]]]]]  5d5d5d5d5d5d5d5d5d5d5d5d5d5d5d5d
       545  [[[[[[[[[[[[[[[[  5b5b5b5b5b5b5b5b5b5b5b5b5b5b5b5b
       293  ................  2e2e2e2e2e2e2e2e2e2e2e2e2e2e2e2e
       126  3333333333333333  33333333333333333333333333333333
       120  \\\\\\\\\\\\\\\\  5c5c5c5c5c5c5c5c5c5c5c5c5c5c5c5c
       108  ................  f1f1f1f1f1f1f1f1f1f1f1f1f1f1f1f1
       102  """"""""""""""""  22222222222222222222222222222222
       101  ................  ffffffffffffffffffffffffffffffff
        98  ((((((((((((((((  28282828282828282828282828282828
# epoch 14750  H=7.7709 C=7.5595 HO=0.1471  A(t)=322
       594  ,,,,,,,,,,,,,,,,  2c2c2c2c2c2c2c2c2c2c2c2c2c2c2c2c
       552  [[[[[[[[[[[[[[[[  5b5b5b5b5b5b5b5b5b5b5b5b5b5b5b5b
       469  ]]]]]]]]]]]]]]]]  5d5d5d5d5d5d5d5d5d5d5d5d5d5d5d5d
       224  ................  2e2e2e2e2e2e2e2e2e2e2e2e2e2e2e2e
       146  ZZZZZZZZZZZZZZZZ  5a5a5a5a5a5a5a5a5a5a5a5a5a5a5a5a
       132  ................  01010101010101010101010101010101
       131  ................  ffffffffffffffffffffffffffffffff
       124  ^^^^^^^^^^^^^^^^  5e5e5e5e5e5e5e5e5e5e5e5e5e5e5e5e
       124  \\\\\\\\\\\\\\\\  5c5c5c5c5c5c5c5c5c5c5c5c5c5c5c5c
       124  YYYYYYYYYYYYYYYY  59595959595959595959595959595959
# epoch 15000  H=7.7668 C=7.5427 HO=0.1562  A(t)=322
       683  ,,,,,,,,,,,,,,,,  2c2c2c2c2c2c2c2c2c2c2c2c2c2c2c2c
       629  [[[[[[[[[[[[[[[[  5b5b5b5b5b5b5b5b5b5b5b5b5b5b5b5b
       360  ]]]]]]]]]]]]]]]]  5d5d5d5d5d5d5d5d5d5d5d5d5d5d5d5d
       230  ................  2e2e2e2e2e2e2e2e2e2e2e2e2e2e2e2e
       152  ZZZZZZZZZZZZZZZZ  5a5a5a5a5a5a5a5a5a5a5a5a5a5a5a5a
       149  5555555555555555  35353535353535353535353535353535
       148  ::::::::::::::::  3a3a3a3a3a3a3a3a3a3a3a3a3a3a3a3a
       133  3333333333333333  33333333333333333333333333333333
       118  ................  00000000000000000000000000000000
       110  ----------------  2d2d2d2d2d2d2d2d2d2d2d2d2d2d2d2d
# epoch 15250  H=7.7724 C=7.5563 HO=0.1501  A(t)=322
      1046  [[[[[[[[[[[[[[[[  5b5b5b5b5b5b5b5b5b5b5b5b5b5b5b5b
       446  ,,,,,,,,,,,,,,,,  2c2c2c2c2c2c2c2c2c2c2c2c2c2c2c2c
       417  ]]]]]]]]]]]]]]]]  5d5d5d5d5d5d5d5d5d5d5d5d5d5d5d5d
       153  EEEEEEEEEEEEEEEE  45454545454545454545454545454545
       120  ................  01010101010101010101010101010101
       106  ................  05050505050505050505050505050505
       101  @@@@@@@@@@@@@@@@  40404040404040404040404040404040
       100  ................  e1e1e1e1e1e1e1e1e1e1e1e1e1e1e1e1
        95  ................  ffffffffffffffffffffffffffffffff
        95  ................  9f9f9f9f9f9f9f9f9f9f9f9f9f9f9f9f
# epoch 15500  H=7.7719 C=7.5547 HO=0.1524  A(t)=322
       697  ,,,,,,,,,,,,,,,,  2c2c2c2c2c2c2c2c2c2c2c2c2c2c2c2c
       608  [[[[[[[[[[[[[[[[  5b5b5b5b5b5b5b5b5b5b5b5b5b5b5b5b
       423  ]]]]]]]]]]]]]]]]  5d5d5d5d5d5d5d5d5d5d5d5d5d5d5d5d
       202  ................  2e2e2e2e2e2e2e2e2e2e2e2e2e2e2e2e
       189  ................  1e1e1e1e1e1e1e1e1e1e1e1e1e1e1e1e
       154  \\\\\\\\\\\\\\\\  5c5c5c5c5c5c5c5c5c5c5c5c5c5c5c5c
       142  HHHHHHHHHHHHHHHH  48484848484848484848484848484848
       139  ................  fdfdfdfdfdfdfdfdfdfdfdfdfdfdfdfd
       136  9999999999999999  39393939393939393939393939393939
       132  ................  01010101010101010101010101010101
# epoch 15750  H=7.7679 C=7.5494 HO=0.1555  A(t)=322
       673  [[[[[[[[[[[[[[[[  5b5b5b5b5b5b5b5b5b5b5b5b5b5b5b5b
       623  ,,,,,,,,,,,,,,,,  2c2c2c2c2c2c2c2c2c2c2c2c2c2c2c2c
       558  ]]]]]]]]]]]]]]]]  5d5d5d5d5d5d5d5d5d5d5d5d5d5d5d5d
       190  7777777777777777  37373737373737373737373737373737
       180  ................  2e2e2e2e2e2e2e2e2e2e2e2e2e2e2e2e
       179  9999999999999999  39393939393939393939393939393939
       164  ================  3d3d3d3d3d3d3d3d3d3d3d3d3d3d3d3d
       159  \\\\\\\\\\\\\\\\  5c5c5c5c5c5c5c5c5c5c5c5c5c5c5c5c
       151  ****************  2a2a2a2a2a2a2a2a2a2a2a2a2a2a2a2a
       142  ................  ffffffffffffffffffffffffffffffff
# epoch 16000  H=7.7644 C=7.5545 HO=0.1457  A(t)=322
       588  [[[[[[[[[[[[[[[[  5b5b5b5b5b5b5b5b5b5b5b5b5b5b5b5b
       561  ,,,,,,,,,,,,,,,,  2c2c2c2c2c2c2c2c2c2c2c2c2c2c2c2c
       448  ]]]]]]]]]]]]]]]]  5d5d5d5d5d5d5d5d5d5d5d5d5d5d5d5d
       192  ................  2e2e2e2e2e2e2e2e2e2e2e2e2e2e2e2e
       173  ................  0b0b0b0b0b0b0b0b0b0b0b0b0b0b0b0b
       149  8888888888888888  38383838383838383838383838383838
       148  ................  ffffffffffffffffffffffffffffffff
       147  \\\\\\\\\\\\\\\\  5c5c5c5c5c5c5c5c5c5c5c5c5c5c5c5c
       138  ................  02020202020202020202020202020202
       104  KKKKKKKKKKKKKKKK  4b4b4b4b4b4b4b4b4b4b4b4b4b4b4b4b
