# epoch 0  H=7.9999 C=8.0025 HO=-0.0001  A(t)=0
         1  ...N.X.mS.......  fffffe4e9158126d5399e6bbb910fec7
         1  ...e.>.u...G;...  fffff865a93e867586dbec473bc1f5e8
         1  ..........$a.IF.  fffff6ef0c0c08d785f32461f14946cd
         1  .....uP.\..i..r.  fffff08dd97550df5ce3fb69c4a072c5
         1  .........%9.....  ffffe986dbbef20cc72539a2bde61409
         1  ........>E.!".M.  ffffe7d68c1ed39a3e45eb2122c74dcc
         1  .....BI......Rr.  ffffe2a5ed4249100214091f175272f1
         1  ......;.0.Op....  ffffaccf0bee3b0630ec4f70d41a1b7f
         1  ......Ve...7<...  ffff8aa2d3aa5665b6d19d373c1f1bb5
         1  ..v.A.U&r.O..\5.  ffff76be4107552672c54fdc875c351c
# epoch 250  H=7.9873 C=7.8786 HO=0.0811  A(t)=0
       240  ,,,,,,,,,,,,,,,,  2c2c2c2c2c2c2c2c2c2c2c2c2c2c2c2c
       181  ]]]]]]]]]]]]]]]]  5d5d5d5d5d5d5d5d5d5d5d5d5d5d5d5d
       131  [[[[[[[[[[[[[[[[  5b5b5b5b5b5b5b5b5b5b5b5b5b5b5b5b
       102  ................  f9f9f9f9f9f9f9f9f9f9f9f9f9f9f9f9
        85  ................  2e2e2e2e2e2e2e2e2e2e2e2e2e2e2e2e
        80  ................  efefefefefefefefefefefefefefefef
        79  ................  c3c3c3c3c3c3c3c3c3c3c3c3c3c3c3c3
        74  ................  d2d2d2d2d2d2d2d2d2d2d2d2d2d2d2d2
        70  ................  cfcfcfcfcfcfcfcfcfcfcfcfcfcfcfcf
        64  ................  b4b4b4b4b4b4b4b4b4b4b4b4b4b4b4b4
# epoch 500  H=7.9648 C=7.8177 HO=0.0903  A(t)=0
       318  [[[[[[[[[[[[[[[[  5b5b5b5b5b5b5b5b5b5b5b5b5b5b5b5b
       293  ,,,,,,,,,,,,,,,,  2c2c2c2c2c2c2c2c2c2c2c2c2c2c2c2c
       183  ]]]]]]]]]]]]]]]]  5d5d5d5d5d5d5d5d5d5d5d5d5d5d5d5d
       162  ................  2e2e2e2e2e2e2e2e2e2e2e2e2e2e2e2e
       160  ................  ffffffffffffffffffffffffffffffff
       122  0000000000000000  30303030303030303030303030303030
       106  ................  95959595959595959595959595959595
       105  ................  b2b2b2b2b2b2b2b2b2b2b2b2b2b2b2b2
        97  >>>>>>>>>>>>>>>>  3e3e3e3e3e3e3e3e3e3e3e3e3e3e3e3e
        92  ................  a9a9a9a9a9a9a9a9a9a9a9a9a9a9a9a9
# epoch 750  H=7.9372 C=7.7696 HO=0.1037  A(t)=0
       452  ,,,,,,,,,,,,,,,,  2c2c2c2c2c2c2c2c2c2c2c2c2c2c2c2c
       343  [[[[[[[[[[[[[[[[  5b5b5b5b5b5b5b5b5b5b5b5b5b5b5b5b
       176  ]]]]]]]]]]]]]]]]  5d5d5d5d5d5d5d5d5d5d5d5d5d5d5d5d
       109  4444444444444444  34343434343434343434343434343434
       102  ................  93939393939393939393939393939393
       101  ................  89898989898989898989898989898989
        95  HHHHHHHHHHHHHHHH  48484848484848484848484848484848
        87  ................  dfdfdfdfdfdfdfdfdfdfdfdfdfdfdfdf
        87  \\\\\\\\\\\\\\\\  5c5c5c5c5c5c5c5c5c5c5c5c5c5c5c5c
        86  ................  1f1f1f1f1f1f1f1f1f1f1f1f1f1f1f1f
# epoch 1000  H=7.9115 C=7.7259 HO=0.1191  A(t)=0
       426  ,,,,,,,,,,,,,,,,  2c2c2c2c2c2c2c2c2c2c2c2c2c2c2c2c
       415  [[[[[[[[[[[[[[[[  5b5b5b5b5b5b5b5b5b5b5b5b5b5b5b5b
       324  ]]]]]]]]]]]]]]]]  5d5d5d5d5d5d5d5d5d5d5d5d5d5d5d5d
       118  >>>>>>>>>>>>>>>>  3e3e3e3e3e3e3e3e3e3e3e3e3e3e3e3e
       103  ................  2e2e2e2e2e2e2e2e2e2e2e2e2e2e2e2e
        92  2222222222222222  32323232323232323232323232323232
        86  ................  bfbfbfbfbfbfbfbfbfbfbfbfbfbfbfbf
        85  jjjjjjjjjjjjjjjj  6a6a6a6a6a6a6a6a6a6a6a6a6a6a6a6a
        80  rrrrrrrrrrrrrrrr  72727272727272727272727272727272
        77  ................  e7e7e7e7e7e7e7e7e7e7e7e7e7e7e7e7
# epoch 1250  H=7.8852 C=7.6826 HO=0.1299  A(t)=203
       513  [[[[[[[[[[[[[[[[  5b5b5b5b5b5b5b5b5b5b5b5b5b5b5b5b
       466  ]]]]]]]]]]]]]]]]  5d5d5d5d5d5d5d5d5d5d5d5d5d5d5d5d
       367  ,,,,,,,,,,,,,,,,  2c2c2c2c2c2c2c2c2c2c2c2c2c2c2c2c
       158  ................  2e2e2e2e2e2e2e2e2e2e2e2e2e2e2e2e
       123  ................  94949494949494949494949494949494
        93  ................  ffffffffffffffffffffffffffffffff
        91  ................  1a1a1a1a1a1a1a1a1a1a1a1a1a1a1a1a
        88  YYYYYYYYYYYYYYYY  59595959595959595959595959595959
        82  ................  b8b8b8b8b8b8b8b8b8b8b8b8b8b8b8b8
        76  ''''''''''''''''  27272727272727272727272727272727
# epoch 1500  H=7.8654 C=7.6481 HO=0.1440  A(t)=219
       605  ,,,,,,,,,,,,,,,,  2c2c2c2c2c2c2c2c2c2c2c2c2c2c2c2c
       434  [[[[[[[[[[[[[[[[  5b5b5b5b5b5b5b5b5b5b5b5b5b5b5b5b
       432  ]]]]]]]]]]]]]]]]  5d5d5d5d5d5d5d5d5d5d5d5d5d5d5d5d
       331  ................  2e2e2e2e2e2e2e2e2e2e2e2e2e2e2e2e
       157  ................  85858585858585858585858585858585
       153  >>>>>>>>>>>>>>>>  3e3e3e3e3e3e3e3e3e3e3e3e3e3e3e3e
       110  ................  ffffffffffffffffffffffffffffffff
       107  \\\\\\\\\\\\\\\\  5c5c5c5c5c5c5c5c5c5c5c5c5c5c5c5c
        97  ----------------  2d2d2d2d2d2d2d2d2d2d2d2d2d2d2d2d
        88  ////////////////  2f2f2f2f2f2f2f2f2f2f2f2f2f2f2f2f
# epoch 1750  H=7.8603 C=7.6658 HO=0.1259  A(t)=233
       420  [[[[[[[[[[[[[[[[  5b5b5b5b5b5b5b5b5b5b5b5b5b5b5b5b
       382  ,,,,,,,,,,,,,,,,  2c2c2c2c2c2c2c2c2c2c2c2c2c2c2c2c
       357  ]]]]]]]]]]]]]]]]  5d5d5d5d5d5d5d5d5d5d5d5d5d5d5d5d
       223  ................  2e2e2e2e2e2e2e2e2e2e2e2e2e2e2e2e
       150  >>>>>>>>>>>>>>>>  3e3e3e3e3e3e3e3e3e3e3e3e3e3e3e3e
       142  ****************  2a2a2a2a2a2a2a2a2a2a2a2a2a2a2a2a
        96  EEEEEEEEEEEEEEEE  45454545454545454545454545454545
        91  \\\\\\\\\\\\\\\\  5c5c5c5c5c5c5c5c5c5c5c5c5c5c5c5c
        86  ................  96969696969696969696969696969696
        85  ................  90909090909090909090909090909090
# epoch 2000  H=7.8496 C=7.6469 HO=0.1324  A(t)=249
       931  [[[[[[[[[[[[[[[[  5b5b5b5b5b5b5b5b5b5b5b5b5b5b5b5b
       437  ,,,,,,,,,,,,,,,,  2c2c2c2c2c2c2c2c2c2c2c2c2c2c2c2c
       298  ]]]]]]]]]]]]]]]]  5d5d5d5d5d5d5d5d5d5d5d5d5d5d5d5d
       177  ................  01010101010101010101010101010101
       126  ................  2e2e2e2e2e2e2e2e2e2e2e2e2e2e2e2e
        94  ................  05050505050505050505050505050505
        93  ================  3d3d3d3d3d3d3d3d3d3d3d3d3d3d3d3d
        87  ................  fefefefefefefefefefefefefefefefe
        84  ................  82828282828282828282828282828282
        79  ||||||||||||||||  7c7c7c7c7c7c7c7c7c7c7c7c7c7c7c7c
# epoch 2250  H=7.8414 C=7.6400 HO=0.1297  A(t)=267
       722  ,,,,,,,,,,,,,,,,  2c2c2c2c2c2c2c2c2c2c2c2c2c2c2c2c
       422  ]]]]]]]]]]]]]]]]  5d5d5d5d5d5d5d5d5d5d5d5d5d5d5d5d
       333  [[[[[[[[[[[[[[[[  5b5b5b5b5b5b5b5b5b5b5b5b5b5b5b5b
       274  \\\\\\\\\\\\\\\\  5c5c5c5c5c5c5c5c5c5c5c5c5c5c5c5c
       220  ................  ffffffffffffffffffffffffffffffff
       173  ................  2e2e2e2e2e2e2e2e2e2e2e2e2e2e2e2e
       124  ................  1c1c1c1c1c1c1c1c1c1c1c1c1c1c1c1c
       123  ----------------  2d2d2d2d2d2d2d2d2d2d2d2d2d2d2d2d
       119  ================  3d3d3d3d3d3d3d3d3d3d3d3d3d3d3d3d
       112  ................  13131313131313131313131313131313
# epoch 2500  H=7.8348 C=7.6459 HO=0.1205  A(t)=281
       598  [[[[[[[[[[[[[[[[  5b5b5b5b5b5b5b5b5b5b5b5b5b5b5b5b
       485  ,,,,,,,,,,,,,,,,  2c2c2c2c2c2c2c2c2c2c2c2c2c2c2c2c
       269  ]]]]]]]]]]]]]]]]  5d5d5d5d5d5d5d5d5d5d5d5d5d5d5d5d
       151  ................  2e2e2e2e2e2e2e2e2e2e2e2e2e2e2e2e
       137  \\\\\\\\\\\\\\\\  5c5c5c5c5c5c5c5c5c5c5c5c5c5c5c5c
       109  ++++++++++++++++  2b2b2b2b2b2b2b2b2b2b2b2b2b2b2b2b
       105  ................  ffffffffffffffffffffffffffffffff
       105  ZZZZZZZZZZZZZZZZ  5a5a5a5a5a5a5a5a5a5a5a5a5a5a5a5a
        94  ................  dadadadadadadadadadadadadadadada
        85  ................  02020202020202020202020202020202
# epoch 2750  H=7.8248 C=7.6255 HO=0.1271  A(t)=288
       781  [[[[[[[[[[[[[[[[  5b5b5b5b5b5b5b5b5b5b5b5b5b5b5b5b
       654  ,,,,,,,,,,,,,,,,  2c2c2c2c2c2c2c2c2c2c2c2c2c2c2c2c
       196  ]]]]]]]]]]]]]]]]  5d5d5d5d5d5d5d5d5d5d5d5d5d5d5d5d
       179  ................  2e2e2e2e2e2e2e2e2e2e2e2e2e2e2e2e
       131  ................  fefefefefefefefefefefefefefefefe
       128  \\\\\\\\\\\\\\\\  5c5c5c5c5c5c5c5c5c5c5c5c5c5c5c5c
       126  >>>>>>>>>>>>>>>>  3e3e3e3e3e3e3e3e3e3e3e3e3e3e3e3e
       124  ................  ffffffffffffffffffffffffffffffff
       114  ................  01010101010101010101010101010101
       112  ................  81818181818181818181818181818181
# epoch 3000  H=7.8189 C=7.6258 HO=0.1279  A(t)=296
       618  ,,,,,,,,,,,,,,,,  2c2c2c2c2c2c2c2c2c2c2c2c2c2c2c2c
       610  [[[[[[[[[[[[[[[[  5b5b5b5b5b5b5b5b5b5b5b5b5b5b5b5b
       481  ]]]]]]]]]]]]]]]]  5d5d5d5d5d5d5d5d5d5d5d5d5d5d5d5d
       159  ................  2e2e2e2e2e2e2e2e2e2e2e2e2e2e2e2e
       122  ^^^^^^^^^^^^^^^^  5e5e5e5e5e5e5e5e5e5e5e5e5e5e5e5e
       122  ((((((((((((((((  28282828282828282828282828282828
       120  ................  fdfdfdfdfdfdfdfdfdfdfdfdfdfdfdfd
       107  ................  e8e8e8e8e8e8e8e8e8e8e8e8e8e8e8e8
        93  ................  03030303030303030303030303030303
        91  wwwwwwwwwwwwwwww  77777777777777777777777777777777
# epoch 3250  H=7.8139 C=7.6084 HO=0.1378  A(t)=296
       753  [[[[[[[[[[[[[[[[  5b5b5b5b5b5b5b5b5b5b5b5b5b5b5b5b
       423  ,,,,,,,,,,,,,,,,  2c2c2c2c2c2c2c2c2c2c2c2c2c2c2c2c
       420  ]]]]]]]]]]]]]]]]  5d5d5d5d5d5d5d5d5d5d5d5d5d5d5d5d
       233  ................  01010101010101010101010101010101
       193  \\\\\\\\\\\\\\\\  5c5c5c5c5c5c5c5c5c5c5c5c5c5c5c5c
       156  ::::::::::::::::  3a3a3a3a3a3a3a3a3a3a3a3a3a3a3a3a
       140  ////////////////  2f2f2f2f2f2f2f2f2f2f2f2f2f2f2f2f
       136  ................  16161616161616161616161616161616
       135  ................  2e2e2e2e2e2e2e2e2e2e2e2e2e2e2e2e
       125  ................  fdfdfdfdfdfdfdfdfdfdfdfdfdfdfdfd
# epoch 3500  H=7.8050 C=7.6034 HO=0.1382  A(t)=297
       646  ,,,,,,,,,,,,,,,,  2c2c2c2c2c2c2c2c2c2c2c2c2c2c2c2c
       437  [[[[[[[[[[[[[[[[  5b5b5b5b5b5b5b5b5b5b5b5b5b5b5b5b
       261  ]]]]]]]]]]]]]]]]  5d5d5d5d5d5d5d5d5d5d5d5d5d5d5d5d
       218  ................  2e2e2e2e2e2e2e2e2e2e2e2e2e2e2e2e
       169  ................  cacacacacacacacacacacacacacacaca
       158  cccccccccccccccc  63636363636363636363636363636363
       127  ................  01010101010101010101010101010101
       126  @@@@@@@@@@@@@@@@  40404040404040404040404040404040
       125  ****************  2a2a2a2a2a2a2a2a2a2a2a2a2a2a2a2a
        99  hhhhhhhhhhhhhhhh  68686868686868686868686868686868
# epoch 3750  H=7.7963 C=7.5869 HO=0.1430  A(t)=300
       672  ,,,,,,,,,,,,,,,,  2c2c2c2c2c2c2c2c2c2c2c2c2c2c2c2c
       666  [[[[[[[[[[[[[[[[  5b5b5b5b5b5b5b5b5b5b5b5b5b5b5b5b
       495  ]]]]]]]]]]]]]]]]  5d5d5d5d5d5d5d5d5d5d5d5d5d5d5d5d
       268  ................  2e2e2e2e2e2e2e2e2e2e2e2e2e2e2e2e
       143  ................  ffffffffffffffffffffffffffffffff
       138  ................  fefefefefefefefefefefefefefefefe
       130  ................  01010101010101010101010101010101
       111  ----------------  2d2d2d2d2d2d2d2d2d2d2d2d2d2d2d2d
       110  ................  02020202020202020202020202020202
        96  ((((((((((((((((  28282828282828282828282828282828
# epoch 4000  H=7.7945 C=7.5826 HO=0.1467  A(t)=301
       587  ,,,,,,,,,,,,,,,,  2c2c2c2c2c2c2c2c2c2c2c2c2c2c2c2c
       429  ]]]]]]]]]]]]]]]]  5d5d5d5d5d5d5d5d5d5d5d5d5d5d5d5d
       341  [[[[[[[[[[[[[[[[  5b5b5b5b5b5b5b5b5b5b5b5b5b5b5b5b
       166  ^^^^^^^^^^^^^^^^  5e5e5e5e5e5e5e5e5e5e5e5e5e5e5e5e
       146  ................  10101010101010101010101010101010
       125  ................  2e2e2e2e2e2e2e2e2e2e2e2e2e2e2e2e
       122  ................  ffffffffffffffffffffffffffffffff
       112  ................  02020202020202020202020202020202
       107  ................  fcfcfcfcfcfcfcfcfcfcfcfcfcfcfcfc
        88  ................  01010101010101010101010101010101
# epoch 4250  H=7.7939 C=7.5749 HO=0.1489  A(t)=301
       648  ,,,,,,,,,,,,,,,,  2c2c2c2c2c2c2c2c2c2c2c2c2c2c2c2c
       439  [[[[[[[[[[[[[[[[  5b5b5b5b5b5b5b5b5b5b5b5b5b5b5b5b
       383  ]]]]]]]]]]]]]]]]  5d5d5d5d5d5d5d5d5d5d5d5d5d5d5d5d
       201  ................  01010101010101010101010101010101
       183  ................  ffffffffffffffffffffffffffffffff
       152  ................  2e2e2e2e2e2e2e2e2e2e2e2e2e2e2e2e
       114  QQQQQQQQQQQQQQQQ  51515151515151515151515151515151
       113  YYYYYYYYYYYYYYYY  59595959595959595959595959595959
       111  ................  03030303030303030303030303030303
       103  IIIIIIIIIIIIIIII  49494949494949494949494949494949
# epoch 4500  H=7.7887 C=7.5721 HO=0.1476  A(t)=302
       687  ,,,,,,,,,,,,,,,,  2c2c2c2c2c2c2c2c2c2c2c2c2c2c2c2c
       493  [[[[[[[[[[[[[[[[  5b5b5b5b5b5b5b5b5b5b5b5b5b5b5b5b
       377  ]]]]]]]]]]]]]]]]  5d5d5d5d5d5d5d5d5d5d5d5d5d5d5d5d
       270  ................  2e2e2e2e2e2e2e2e2e2e2e2e2e2e2e2e
       140  ................  fefefefefefefefefefefefefefefefe
       136  ................  02020202020202020202020202020202
       130  ................  01010101010101010101010101010101
       127  ================  3d3d3d3d3d3d3d3d3d3d3d3d3d3d3d3d
       126  YYYYYYYYYYYYYYYY  59595959595959595959595959595959
       120  ????????????????  3f3f3f3f3f3f3f3f3f3f3f3f3f3f3f3f
# epoch 4750  H=7.7825 C=7.5661 HO=0.1501  A(t)=302
       826  [[[[[[[[[[[[[[[[  5b5b5b5b5b5b5b5b5b5b5b5b5b5b5b5b
       600  ,,,,,,,,,,,,,,,,  2c2c2c2c2c2c2c2c2c2c2c2c2c2c2c2c
       525  ]]]]]]]]]]]]]]]]  5d5d5d5d5d5d5d5d5d5d5d5d5d5d5d5d
       202  ................  01010101010101010101010101010101
       137  ................  e3e3e3e3e3e3e3e3e3e3e3e3e3e3e3e3
       106  ................  11111111111111111111111111111111
       105  ................  2e2e2e2e2e2e2e2e2e2e2e2e2e2e2e2e
       102  ZZZZZZZZZZZZZZZZ  5a5a5a5a5a5a5a5a5a5a5a5a5a5a5a5a
       101  ................  bcbcbcbcbcbcbcbcbcbcbcbcbcbcbcbc
        95  WWWWWWWWWWWWWWWW  57575757575757575757575757575757
# epoch 5000  H=7.7847 C=7.5799 HO=0.1386  A(t)=305
       470  ,,,,,,,,,,,,,,,,  2c2c2c2c2c2c2c2c2c2c2c2c2c2c2c2c
       407  [[[[[[[[[[[[[[[[  5b5b5b5b5b5b5b5b5b5b5b5b5b5b5b5b
       371  ]]]]]]]]]]]]]]]]  5d5d5d5d5d5d5d5d5d5d5d5d5d5d5d5d
       198  ................  2e2e2e2e2e2e2e2e2e2e2e2e2e2e2e2e
       126  \\\\\\\\\\\\\\\\  5c5c5c5c5c5c5c5c5c5c5c5c5c5c5c5c
       102  ................  02020202020202020202020202020202
        99  ................  f5f5f5f5f5f5f5f5f5f5f5f5f5f5f5f5
        97  ................  04040404040404040404040404040404
        91  ////////////////  2f2f2f2f2f2f2f2f2f2f2f2f2f2f2f2f
        88  ((((((((((((((((  28282828282828282828282828282828
# epoch 5250  H=7.7821 C=7.5725 HO=0.1446  A(t)=305
       617  ,,,,,,,,,,,,,,,,  2c2c2c2c2c2c2c2c2c2c2c2c2c2c2c2c
       497  [[[[[[[[[[[[[[[[  5b5b5b5b5b5b5b5b5b5b5b5b5b5b5b5b
       454  ]]]]]]]]]]]]]]]]  5d5d5d5d5d5d5d5d5d5d5d5d5d5d5d5d
       175  ................  2e2e2e2e2e2e2e2e2e2e2e2e2e2e2e2e
       171  ________________  5f5f5f5f5f5f5f5f5f5f5f5f5f5f5f5f
       157  ................  fcfcfcfcfcfcfcfcfcfcfcfcfcfcfcfc
       127  0000000000000000  30303030303030303030303030303030
       115  \\\\\\\\\\\\\\\\  5c5c5c5c5c5c5c5c5c5c5c5c5c5c5c5c
       112  ................  fdfdfdfdfdfdfdfdfdfdfdfdfdfdfdfd
       108  ================  3d3d3d3d3d3d3d3d3d3d3d3d3d3d3d3d
# epoch 5500  H=5.5450 C=1.2745 HO=4.8017  A(t)=305
     16977  [[>........m}Q.Q  5b5b3eea08e708a0e2fde76d7d510851
     16433  ]+]&...YY...[YY4  5d2b5d26b0c7125959d8a0c75b595934
     16098  +]&...YY...[YY4.  2b5d26b0c7125959d8a0c75b5959341e
     15872  ]&...YY...[YY4.4  5d26b0c7125959d8a0c75b5959341e34
     15671  4t4YYF.&[[>.....  3474345959468e265b5b3eea08e708a0
     15642  .]+]&...YY...[YY  f05d2b5d26b0c7125959d8a0c75b5959
     15590  &...YY...[YY4.45  26b0c7125959d8a0c75b5959341e3435
     15252  ..]+]&...YY...[Y  c7f05d2b5d26b0c7125959d8a0c75b59
     14957  t4YYF.&[[>......  74345959468e265b5b3eea08e708a0e2
     14831  [>........m}Q.QQ  5b3eea08e708a0e2fde76d7d51085151
# epoch 5750  H=5.6823 C=1.3091 HO=4.8991  A(t)=305
      7029  m}Q.QQ?.,Y.bQ..]  6d7d510851513ffa2c590a6251c7f05d
      6945  4t4YYF.&[[>.....  3474345959468e265b5b3eea08e708a0
      6625  }Q.QQ?.,Y.bQ..]+  7d510851513ffa2c590a6251c7f05d2b
      6604  [[>........m}Q.Q  5b5b3eea08e708a0e2fde76d7d510851
      6494  F.&[[>........m}  468e265b5b3eea08e708a0e2fde76d7d
      6381  t4YYF.&[[>......  74345959468e265b5b3eea08e708a0e2
      6326  .m}Q.QQ?.,Y.bQ..  e76d7d510851513ffa2c590a6251c7f0
      6248  .&[[>........m}Q  8e265b5b3eea08e708a0e2fde76d7d51
      6222  [>........m}Q.QQ  5b3eea08e708a0e2fde76d7d51085151
      6218  Q.QQ?.,Y.bQ..]+]  510851513ffa2c590a6251c7f05d2b5d
# epoch 6000  H=5.8227 C=1.3654 HO=5.0393  A(t)=305
      3052  4t4YYF.&[[>.....  3474345959468e265b5b3eea08e708a0
      2720  }Q.QQ?.,Y.bQ..]+  7d510851513ffa2c590a6251c7f05d2b
      2671  m}Q.QQ?.,Y.bQ..]  6d7d510851513ffa2c590a6251c7f05d
      2518  t4YYF.&[[>......  74345959468e265b5b3eea08e708a0e2
      2466  [[>........m}Q.Q  5b5b3eea08e708a0e2fde76d7d510851
      2453  .....m}Q.QQ?.,Y.  08a0e2fde76d7d510851513ffa2c590a
      2354  ....m}Q.QQ?.,Y.b  a0e2fde76d7d510851513ffa2c590a62
      2293  Q.QQ?.,Y.bQ..]+]  510851513ffa2c590a6251c7f05d2b5d
      2270  .m}Q.QQ?.,Y.bQ..  e76d7d510851513ffa2c590a6251c7f0
      2255  .......m}Q.QQ?.,  08e708a0e2fde76d7d510851513ffa2c
# epoch 6250  H=5.9893 C=1.3944 HO=5.2019  A(t)=305
      2062  }Q.QQ?.,Y.bQ..]+  7d510851513ffa2c590a6251c7f05d2b
      1822  Q.QQ?.,Y.bQ..]+]  510851513ffa2c590a6251c7f05d2b5d
      1477  .QQ?.,Y.bQ..]+]&  0851513ffa2c590a6251c7f05d2b5d26
      1130  .,Y.bQ..]+]&...Y  fa2c590a6251c7f05d2b5d26b0c71259
      1104  m}Q.QQ?.,Y.bQ..]  6d7d510851513ffa2c590a6251c7f05d
      1060  ]+]&...YY...[YY4  5d2b5d26b0c7125959d8a0c75b595934
      1043  UV...]+]&...YY.L  555613c7f05d2b5d26b0c7125959d84c
      1023  ,.UV...]+]&...YY  2ced555613c7f05d2b5d26b0c7125959
      1018  .UV...]+]&...YY.  ed555613c7f05d2b5d26b0c7125959d8
       974  ...]+]&...YY.L([  13c7f05d2b5d26b0c7125959d84c285b
# epoch 6500  H=6.1655 C=1.4233 HO=5.3845  A(t)=970
      1140  >........m}Q.QQ?  3eea089108a0e2fde76d7d510851513f
      1136  [>........m}Q.QQ  5b3eea089108a0e2fde76d7d51085151
      1001  ........m}Q.QQ?'  ea089108a0e2fde76d7d510851513f27
      1000  .......m}Q.QQ?',  089108a0e2fde76d7d510851513f272c
       990  ......m}Q.QQ?',Y  9108a0e2fde76d7d510851513f272c59
       903  ....m}Q.QQ?',Y.b  a0e2fde76d7d510851513f272c590a62
       895  .....m}Q.QQ?',Y.  08a0e2fde76d7d510851513f272c590a
       812  ..m}Q.QQ6.,Y..Q.  fd8e6d7d5108515136fa2c590a0151c7
       812  ...m}Q.QQ6.,Y..Q  e2fd8e6d7d5108515136fa2c590a0151
       760  .&[[>........m}Q  8e265b5b3eea089108a0e2fde76d7d51
# epoch 6750  H=6.2581 C=1.4563 HO=5.4727  A(t)=1441
       903  .....m}Q.QQ?',Y.  08a0e2fde76d7d510851513f272c590a
       893  ....m}Q.QQ?',Y.b  a0e2fde76d7d510851513f272c590a62
       818  ......m}Q.QQ?',Y  9108a0e2fde76d7d510851513f272c59
       818  .......m}Q.QQ?',  089108a0e2fde76d7d510851513f272c
       776  ...m}Q.Q.?.,Y.bQ  e2fde76d7d510851c93ffa2c590a6251
       752  m}Q.Q.?.,Y.bQ..]  6d7d510851c93ffa2c590a6251c7f05d
       740  ..m}Q.Q.?.,Y.bQ.  fde76d7d510851c93ffa2c590a6251c7
       740  .m}Q.Q.?.,Y.bQ..  e76d7d510851c93ffa2c590a6251c7f0
       726  ]+]&...YY...[YY4  5d2b5d26b0c7125959d8a0c75b595934
       679  ...m}Q.QQ?',Y.bQ  e2fde76d7d510851513f272c590a6251
# epoch 7000  H=6.4013 C=1.5147 HO=5.6180  A(t)=1812
       741  ]x...YY...[:Y4.4  5d78b2c7125959d8a0c75b3a59341e34
       648  t*Yp..&[[>......  742a5970948e265b5b3e92089108a095
       648  4t*Yp..&[[>.....  34742a5970948e265b5b3e92089108a0
       648  *Yp..&[[>.......  2a5970948e265b5b3e92089108a095fd
       644  4t4Y.Fo&[[>...h.  34743459e9466f265b5b3eeaebe268a0
       636  t4Y.Fo&[[>...h..  743459e9466f265b5b3eeaebe268a0e2
       635  4t..YF..[[>.....  3474a9d759468ef25b5b3eea08e708fa
       634  Y.Fo&[[>...h....  59e9466f265b5b3eeaebe268a0e2fde7
       634  4Y.Fo&[[>...h...  3459e9466f265b5b3eeaebe268a0e2fd
       631  t..YF..[[>......  74a9d759468ef25b5b3eea08e708fae2
