# epoch 0  H=7.9996 C=8.0025 HO=-0.0004  A(t)=0
         1  ......Z...\.L...  fffec4f51f065a1ca6145c064cc6fc87
         1  ...n._......O.(8  fffebc6ed45f81a0c0a8948f4fbb2838
         1  ...L.Z.........T  fffea04cdc5ae8eddce1e396a5fd8154
         1  ..S.<...xO...].*  fffe530b3c1cfce1784ff692175da62a
         1  ..E../#.RU;.....  fffe4515b22f238152553bcac4db9d87
         1  ......].)...CXu.  fffe1bc0079a5d05298eefb143587596
         1  ...Z...n.w:.....  fffdfb5aa1abef6e07773accd7d1f6f0
         1  ....83.X.zA..c^.  fffdf6e83833a7580c7a41cbb2635ec4
         1  ...G.%Um.F.R.C.v  fffdc1470125556de646c752c643bc76
         1  .......x.....c..  fffd86a0e0fe9178ebfaada2a563f2a5
# epoch 50  H=7.9994 C=7.9785 HO=-0.0007  A(t)=0
        68  ................  fefefefefefefefefefefefefefefefe
        52  >>>>>>>>>>>>>>>>  3e3e3e3e3e3e3e3e3e3e3e3e3e3e3e3e
        50  ................  9e9e9e9e9e9e9e9e9e9e9e9e9e9e9e9e
        47  ................  d3d3d3d3d3d3d3d3d3d3d3d3d3d3d3d3
        46  ^^^^^^^^^^^^^^^^  5e5e5e5e5e5e5e5e5e5e5e5e5e5e5e5e
        45  ................  1b1b1b1b1b1b1b1b1b1b1b1b1b1b1b1b
        41  \\\\\\\\\\\\\\\\  5c5c5c5c5c5c5c5c5c5c5c5c5c5c5c5c
        39  ................  dededededededededededededededede
        34  ................  d4d4d4d4d4d4d4d4d4d4d4d4d4d4d4d4
        34  ................  93939393939393939393939393939393
# epoch 100  H=7.9991 C=7.9726 HO=-0.0010  A(t)=0
        91  >>>>>>>>>>>>>>>>  3e3e3e3e3e3e3e3e3e3e3e3e3e3e3e3e
        52  ................  fefefefefefefefefefefefefefefefe
        52  ................  fafafafafafafafafafafafafafafafa
        49  ................  d2d2d2d2d2d2d2d2d2d2d2d2d2d2d2d2
        48  ++++++++++++++++  2b2b2b2b2b2b2b2b2b2b2b2b2b2b2b2b
        47  ................  9e9e9e9e9e9e9e9e9e9e9e9e9e9e9e9e
        34  ................  d4d4d4d4d4d4d4d4d4d4d4d4d4d4d4d4
        33  ................  07070707070707070707070707070707
        32  ................  93939393939393939393939393939393
        31  ................  d3d3d3d3d3d3d3d3d3d3d3d3d3d3d3d3
# epoch 150  H=7.9987 C=7.9655 HO=-0.0014  A(t)=0
       241  >>>>>>>>>>>>>>>>  3e3e3e3e3e3e3e3e3e3e3e3e3e3e3e3e
        52  ................  fafafafafafafafafafafafafafafafa
        49  ................  d2d2d2d2d2d2d2d2d2d2d2d2d2d2d2d2
        47  ................  cdcdcdcdcdcdcdcdcdcdcdcdcdcdcdcd
        33  ................  07070707070707070707070707070707
        32  ................  93939393939393939393939393939393
        31  ................  d3d3d3d3d3d3d3d3d3d3d3d3d3d3d3d3
        31  ++++++++++++++++  2b2b2b2b2b2b2b2b2b2b2b2b2b2b2b2b
        30  ................  9e9e9e9e9e9e9e9e9e9e9e9e9e9e9e9e
        30  ^^^^^^^^^^^^^^^^  5e5e5e5e5e5e5e5e5e5e5e5e5e5e5e5e
# epoch 200  H=7.9983 C=7.9616 HO=-0.0017  A(t)=0
       218  >>>>>>>>>>>>>>>>  3e3e3e3e3e3e3e3e3e3e3e3e3e3e3e3e
       106  [[[[[[[[[[[[[[[[  5b5b5b5b5b5b5b5b5b5b5b5b5b5b5b5b
        48  ................  d2d2d2d2d2d2d2d2d2d2d2d2d2d2d2d2
        48  ................  cfcfcfcfcfcfcfcfcfcfcfcfcfcfcfcf
        43  }}}}}}}}}}}}}}}}  7d7d7d7d7d7d7d7d7d7d7d7d7d7d7d7d
        36  ................  fafafafafafafafafafafafafafafafa
        33  ................  07070707070707070707070707070707
        31  ................  d3d3d3d3d3d3d3d3d3d3d3d3d3d3d3d3
        31  ................  cdcdcdcdcdcdcdcdcdcdcdcdcdcdcdcd
        30  ^^^^^^^^^^^^^^^^  5e5e5e5e5e5e5e5e5e5e5e5e5e5e5e5e
# epoch 250  H=7.9979 C=7.9533 HO=-0.0022  A(t)=0
       230  >>>>>>>>>>>>>>>>  3e3e3e3e3e3e3e3e3e3e3e3e3e3e3e3e
       118  ,,,,,,,,,,,,,,,,  2c2c2c2c2c2c2c2c2c2c2c2c2c2c2c2c
        88  }}}}}}}}}}}}}}}}  7d7d7d7d7d7d7d7d7d7d7d7d7d7d7d7d
        83  [[[[[[[[[[[[[[[[  5b5b5b5b5b5b5b5b5b5b5b5b5b5b5b5b
        57  ________________  20202020202020202020202020202020
        54  ................  bebebebebebebebebebebebebebebebe
        49  ................  96969696969696969696969696969696
        48  ................  cfcfcfcfcfcfcfcfcfcfcfcfcfcfcfcf
        45  ................  babababababababababababababababa
        40  ................  13131313131313131313131313131313
# epoch 300  H=7.9974 C=7.9489 HO=-0.0027  A(t)=51
       285  >>>>>>>>>>>>>>>>  3e3e3e3e3e3e3e3e3e3e3e3e3e3e3e3e
       116  ,,,,,,,,,,,,,,,,  2c2c2c2c2c2c2c2c2c2c2c2c2c2c2c2c
        88  ................  ffffffffffffffffffffffffffffffff
        59  [[[[[[[[[[[[[[[[  5b5b5b5b5b5b5b5b5b5b5b5b5b5b5b5b
        57  ................  fefefefefefefefefefefefefefefefe
        57  ________________  20202020202020202020202020202020
        56  }}}}}}}}}}}}}}}}  7d7d7d7d7d7d7d7d7d7d7d7d7d7d7d7d
        48  ................  96969696969696969696969696969696
        42  ................  bebebebebebebebebebebebebebebebe
        41  ................  babababababababababababababababa
# epoch 350  H=7.9970 C=7.9472 HO=-0.0031  A(t)=55
       277  >>>>>>>>>>>>>>>>  3e3e3e3e3e3e3e3e3e3e3e3e3e3e3e3e
        98  ,,,,,,,,,,,,,,,,  2c2c2c2c2c2c2c2c2c2c2c2c2c2c2c2c
        85  ................  ffffffffffffffffffffffffffffffff
        47  ________________  20202020202020202020202020202020
        43  }}}}}}}}}}}}}}}}  7d7d7d7d7d7d7d7d7d7d7d7d7d7d7d7d
        40  ................  13131313131313131313131313131313
        40  ................  00000000000000000000000000000000
        36  ................  fafafafafafafafafafafafafafafafa
        36  \\\\\\\\\\\\\\\\  5c5c5c5c5c5c5c5c5c5c5c5c5c5c5c5c
        36  <<<<<<<<<<<<<<<<  3c3c3c3c3c3c3c3c3c3c3c3c3c3c3c3c
# epoch 400  H=7.9965 C=7.9412 HO=0.0589  A(t)=61
       352  >>>>>>>>>>>>>>>>  3e3e3e3e3e3e3e3e3e3e3e3e3e3e3e3e
       124  gggggggggggggggg  67676767676767676767676767676767
        89  ,,,,,,,,,,,,,,,,  2c2c2c2c2c2c2c2c2c2c2c2c2c2c2c2c
        78  ................  ffffffffffffffffffffffffffffffff
        49  IIIIIIIIIIIIIIII  49494949494949494949494949494949
        48  ................  f2f2f2f2f2f2f2f2f2f2f2f2f2f2f2f2
        47  ________________  20202020202020202020202020202020
        44  }}}}}}}}}}}}}}}}  7d7d7d7d7d7d7d7d7d7d7d7d7d7d7d7d
        36  ................  fafafafafafafafafafafafafafafafa
        36  \\\\\\\\\\\\\\\\  5c5c5c5c5c5c5c5c5c5c5c5c5c5c5c5c
# epoch 450  H=7.9963 C=7.9409 HO=0.0572  A(t)=64
       297  >>>>>>>>>>>>>>>>  3e3e3e3e3e3e3e3e3e3e3e3e3e3e3e3e
        91  gggggggggggggggg  67676767676767676767676767676767
        78  ................  ffffffffffffffffffffffffffffffff
        70  ,,,,,,,,,,,,,,,,  2c2c2c2c2c2c2c2c2c2c2c2c2c2c2c2c
        47  xxxxxxxxxxxxxxxx  78787878787878787878787878787878
        46  ZZZZZZZZZZZZZZZZ  5a5a5a5a5a5a5a5a5a5a5a5a5a5a5a5a
        43  }}}}}}}}}}}}}}}}  7d7d7d7d7d7d7d7d7d7d7d7d7d7d7d7d
        40  IIIIIIIIIIIIIIII  49494949494949494949494949494949
        36  ................  fafafafafafafafafafafafafafafafa
        35  ????????????????  3f3f3f3f3f3f3f3f3f3f3f3f3f3f3f3f
# epoch 500  H=7.9961 C=7.9382 HO=0.0585  A(t)=70
       270  >>>>>>>>>>>>>>>>  3e3e3e3e3e3e3e3e3e3e3e3e3e3e3e3e
        77  gggggggggggggggg  67676767676767676767676767676767
        70  ,,,,,,,,,,,,,,,,  2c2c2c2c2c2c2c2c2c2c2c2c2c2c2c2c
        62  ................  ffffffffffffffffffffffffffffffff
        49  ................  88888888888888888888888888888888
        47  }}}}}}}}}}}}}}}}  7d7d7d7d7d7d7d7d7d7d7d7d7d7d7d7d
        47  xxxxxxxxxxxxxxxx  78787878787878787878787878787878
        46  ZZZZZZZZZZZZZZZZ  5a5a5a5a5a5a5a5a5a5a5a5a5a5a5a5a
        38  ................  f9f9f9f9f9f9f9f9f9f9f9f9f9f9f9f9
        36  ................  fafafafafafafafafafafafafafafafa
# epoch 550  H=7.9958 C=7.9381 HO=0.0594  A(t)=72
       218  >>>>>>>>>>>>>>>>  3e3e3e3e3e3e3e3e3e3e3e3e3e3e3e3e
        67  gggggggggggggggg  67676767676767676767676767676767
        62  ................  ffffffffffffffffffffffffffffffff
        61  ,,,,,,,,,,,,,,,,  2c2c2c2c2c2c2c2c2c2c2c2c2c2c2c2c
        47  ................  88888888888888888888888888888888
        46  ZZZZZZZZZZZZZZZZ  5a5a5a5a5a5a5a5a5a5a5a5a5a5a5a5a
        43  [[[[[[[[[[[[[[[[  5b5b5b5b5b5b5b5b5b5b5b5b5b5b5b5b
        41  }}}}}}}}}}}}}}}}  7d7d7d7d7d7d7d7d7d7d7d7d7d7d7d7d
        38  ++++++++++++++++  2b2b2b2b2b2b2b2b2b2b2b2b2b2b2b2b
        35  ................  fafafafafafafafafafafafafafafafa
# epoch 600  H=7.9956 C=7.9350 HO=0.0620  A(t)=75
       233  >>>>>>>>>>>>>>>>  3e3e3e3e3e3e3e3e3e3e3e3e3e3e3e3e
        79  [[[[[[[[[[[[[[[[  5b5b5b5b5b5b5b5b5b5b5b5b5b5b5b5b
        62  ................  ffffffffffffffffffffffffffffffff
        62  gggggggggggggggg  67676767676767676767676767676767
        61  ,,,,,,,,,,,,,,,,  2c2c2c2c2c2c2c2c2c2c2c2c2c2c2c2c
        51  ................  c9c9c9c9c9c9c9c9c9c9c9c9c9c9c9c9
        47  xxxxxxxxxxxxxxxx  78787878787878787878787878787878
        46  ZZZZZZZZZZZZZZZZ  5a5a5a5a5a5a5a5a5a5a5a5a5a5a5a5a
        45  ................  88888888888888888888888888888888
        38  }}}}}}}}}}}}}}}}  7d7d7d7d7d7d7d7d7d7d7d7d7d7d7d7d
# epoch 650  H=7.9952 C=7.9294 HO=0.0632  A(t)=80
       243  >>>>>>>>>>>>>>>>  3e3e3e3e3e3e3e3e3e3e3e3e3e3e3e3e
       122  [[[[[[[[[[[[[[[[  5b5b5b5b5b5b5b5b5b5b5b5b5b5b5b5b
        92  ,,,,,,,,,,,,,,,,  2c2c2c2c2c2c2c2c2c2c2c2c2c2c2c2c
        87  ................  c1c1c1c1c1c1c1c1c1c1c1c1c1c1c1c1
        55  ................  ffffffffffffffffffffffffffffffff
        50  gggggggggggggggg  67676767676767676767676767676767
        49  ................  cacacacacacacacacacacacacacacaca
        46  ZZZZZZZZZZZZZZZZ  5a5a5a5a5a5a5a5a5a5a5a5a5a5a5a5a
        42  ................  b7b7b7b7b7b7b7b7b7b7b7b7b7b7b7b7
        41  ................  89898989898989898989898989898989
# epoch 700  H=7.9949 C=7.9293 HO=0.0658  A(t)=82
       218  >>>>>>>>>>>>>>>>  3e3e3e3e3e3e3e3e3e3e3e3e3e3e3e3e
       121  [[[[[[[[[[[[[[[[  5b5b5b5b5b5b5b5b5b5b5b5b5b5b5b5b
        96  ,,,,,,,,,,,,,,,,  2c2c2c2c2c2c2c2c2c2c2c2c2c2c2c2c
        59  ................  c1c1c1c1c1c1c1c1c1c1c1c1c1c1c1c1
        49  ................  ffffffffffffffffffffffffffffffff
        47  ................  cacacacacacacacacacacacacacacaca
        45  ................  fafafafafafafafafafafafafafafafa
        39  ................  dcdcdcdcdcdcdcdcdcdcdcdcdcdcdcdc
        36  ................  b7b7b7b7b7b7b7b7b7b7b7b7b7b7b7b7
        36  xxxxxxxxxxxxxxxx  78787878787878787878787878787878
# epoch 750  H=7.9946 C=7.9275 HO=0.0667  A(t)=88
       213  >>>>>>>>>>>>>>>>  3e3e3e3e3e3e3e3e3e3e3e3e3e3e3e3e
        87  ,,,,,,,,,,,,,,,,  2c2c2c2c2c2c2c2c2c2c2c2c2c2c2c2c
        83  [[[[[[[[[[[[[[[[  5b5b5b5b5b5b5b5b5b5b5b5b5b5b5b5b
        68  rrrrrrrrrrrrrrrr  72727272727272727272727272727272
        59  ................  c1c1c1c1c1c1c1c1c1c1c1c1c1c1c1c1
        57  ................  cfcfcfcfcfcfcfcfcfcfcfcfcfcfcfcf
        52  ................  b1b1b1b1b1b1b1b1b1b1b1b1b1b1b1b1
        49  ................  ffffffffffffffffffffffffffffffff
        45  ................  fafafafafafafafafafafafafafafafa
        39  ................  dbdbdbdbdbdbdbdbdbdbdbdbdbdbdbdb
# epoch 800  H=7.9943 C=7.9293 HO=0.0667  A(t)=89
       202  >>>>>>>>>>>>>>>>  3e3e3e3e3e3e3e3e3e3e3e3e3e3e3e3e
        83  }}}}}}}}}}}}}}}}  7d7d7d7d7d7d7d7d7d7d7d7d7d7d7d7d
        68  [[[[[[[[[[[[[[[[  5b5b5b5b5b5b5b5b5b5b5b5b5b5b5b5b
        68  ,,,,,,,,,,,,,,,,  2c2c2c2c2c2c2c2c2c2c2c2c2c2c2c2c
        51  ................  b1b1b1b1b1b1b1b1b1b1b1b1b1b1b1b1
        49  kkkkkkkkkkkkkkkk  6b6b6b6b6b6b6b6b6b6b6b6b6b6b6b6b
        41  ................  cfcfcfcfcfcfcfcfcfcfcfcfcfcfcfcf
        41  ................  8c8c8c8c8c8c8c8c8c8c8c8c8c8c8c8c
        40  ................  ffffffffffffffffffffffffffffffff
        39  ................  dbdbdbdbdbdbdbdbdbdbdbdbdbdbdbdb
# epoch 850  H=7.9941 C=7.9297 HO=0.0629  A(t)=93
       220  >>>>>>>>>>>>>>>>  3e3e3e3e3e3e3e3e3e3e3e3e3e3e3e3e
       110  }}}}}}}}}}}}}}}}  7d7d7d7d7d7d7d7d7d7d7d7d7d7d7d7d
        68  [[[[[[[[[[[[[[[[  5b5b5b5b5b5b5b5b5b5b5b5b5b5b5b5b
        55  ,,,,,,,,,,,,,,,,  2c2c2c2c2c2c2c2c2c2c2c2c2c2c2c2c
        49  kkkkkkkkkkkkkkkk  6b6b6b6b6b6b6b6b6b6b6b6b6b6b6b6b
        42  ................  b1b1b1b1b1b1b1b1b1b1b1b1b1b1b1b1
        41  ................  cfcfcfcfcfcfcfcfcfcfcfcfcfcfcfcf
        36  ................  ffffffffffffffffffffffffffffffff
        24  rrrrrrrrrrrrrrrr  72727272727272727272727272727272
        23  ................  dbdbdbdbdbdbdbdbdbdbdbdbdbdbdbdb
# epoch 900  H=7.9936 C=7.9273 HO=0.0632  A(t)=96
       228  >>>>>>>>>>>>>>>>  3e3e3e3e3e3e3e3e3e3e3e3e3e3e3e3e
       101  }}}}}}}}}}}}}}}}  7d7d7d7d7d7d7d7d7d7d7d7d7d7d7d7d
        99  [[[[[[[[[[[[[[[[  5b5b5b5b5b5b5b5b5b5b5b5b5b5b5b5b
        91  ,,,,,,,,,,,,,,,,  2c2c2c2c2c2c2c2c2c2c2c2c2c2c2c2c
        49  kkkkkkkkkkkkkkkk  6b6b6b6b6b6b6b6b6b6b6b6b6b6b6b6b
        38  ................  17171717171717171717171717171717
        36  ................  ffffffffffffffffffffffffffffffff
        28  ................  b1b1b1b1b1b1b1b1b1b1b1b1b1b1b1b1
        26  ................  cfcfcfcfcfcfcfcfcfcfcfcfcfcfcfcf
        23  rrrrrrrrrrrrrrrr  72727272727272727272727272727272
# epoch 950  H=7.9933 C=7.9265 HO=0.0638  A(t)=99
       238  >>>>>>>>>>>>>>>>  3e3e3e3e3e3e3e3e3e3e3e3e3e3e3e3e
       117  }}}}}}}}}}}}}}}}  7d7d7d7d7d7d7d7d7d7d7d7d7d7d7d7d
        83  [[[[[[[[[[[[[[[[  5b5b5b5b5b5b5b5b5b5b5b5b5b5b5b5b
        75  ,,,,,,,,,,,,,,,,  2c2c2c2c2c2c2c2c2c2c2c2c2c2c2c2c
        44  NNNNNNNNNNNNNNNN  4e4e4e4e4e4e4e4e4e4e4e4e4e4e4e4e
        38  ................  17171717171717171717171717171717
        36  ................  ffffffffffffffffffffffffffffffff
        27  ................  b1b1b1b1b1b1b1b1b1b1b1b1b1b1b1b1
        25  ................  cfcfcfcfcfcfcfcfcfcfcfcfcfcfcfcf
        22  ................  f6f6f6f6f6f6f6f6f6f6f6f6f6f6f6f6
# epoch 1000  H=7.9932 C=7.9250 HO=0.0654  A(t)=100
       238  >>>>>>>>>>>>>>>>  3e3e3e3e3e3e3e3e3e3e3e3e3e3e3e3e
       122  }}}}}}}}}}}}}}}}  7d7d7d7d7d7d7d7d7d7d7d7d7d7d7d7d
       112  ,,,,,,,,,,,,,,,,  2c2c2c2c2c2c2c2c2c2c2c2c2c2c2c2c
        80  [[[[[[[[[[[[[[[[  5b5b5b5b5b5b5b5b5b5b5b5b5b5b5b5b
        47  vvvvvvvvvvvvvvvv  76767676767676767676767676767676
        44  NNNNNNNNNNNNNNNN  4e4e4e4e4e4e4e4e4e4e4e4e4e4e4e4e
        30  ................  f2f2f2f2f2f2f2f2f2f2f2f2f2f2f2f2
        28  ................  17171717171717171717171717171717
        26  ................  f1f1f1f1f1f1f1f1f1f1f1f1f1f1f1f1
        25  ................  cfcfcfcfcfcfcfcfcfcfcfcfcfcfcfcf
# epoch 1050  H=7.9929 C=7.9255 HO=0.0675  A(t)=101
       250  >>>>>>>>>>>>>>>>  3e3e3e3e3e3e3e3e3e3e3e3e3e3e3e3e
       146  }}}}}}}}}}}}}}}}  7d7d7d7d7d7d7d7d7d7d7d7d7d7d7d7d
       104  ,,,,,,,,,,,,,,,,  2c2c2c2c2c2c2c2c2c2c2c2c2c2c2c2c
        75  [[[[[[[[[[[[[[[[  5b5b5b5b5b5b5b5b5b5b5b5b5b5b5b5b
        35  NNNNNNNNNNNNNNNN  4e4e4e4e4e4e4e4e4e4e4e4e4e4e4e4e
        31  vvvvvvvvvvvvvvvv  76767676767676767676767676767676
        30  ................  f2f2f2f2f2f2f2f2f2f2f2f2f2f2f2f2
        28  ................  b1b1b1b1b1b1b1b1b1b1b1b1b1b1b1b1
        28  ................  17171717171717171717171717171717
        26  ................  f1f1f1f1f1f1f1f1f1f1f1f1f1f1f1f1
# epoch 1100  H=7.9926 C=7.9223 HO=0.0674  A(t)=103
       219  >>>>>>>>>>>>>>>>  3e3e3e3e3e3e3e3e3e3e3e3e3e3e3e3e
       155  ,,,,,,,,,,,,,,,,  2c2c2c2c2c2c2c2c2c2c2c2c2c2c2c2c
       145  }}}}}}}}}}}}}}}}  7d7d7d7d7d7d7d7d7d7d7d7d7d7d7d7d
        50  [[[[[[[[[[[[[[[[  5b5b5b5b5b5b5b5b5b5b5b5b5b5b5b5b
        48  ................  ecececececececececececececececec
        47  ................  c6c6c6c6c6c6c6c6c6c6c6c6c6c6c6c6
        41  ................  0c0c0c0c0c0c0c0c0c0c0c0c0c0c0c0c
        34  NNNNNNNNNNNNNNNN  4e4e4e4e4e4e4e4e4e4e4e4e4e4e4e4e
        33  ................  c8c8c8c8c8c8c8c8c8c8c8c8c8c8c8c8
        31  vvvvvvvvvvvvvvvv  76767676767676767676767676767676
# epoch 1150  H=7.9924 C=7.9205 HO=0.0661  A(t)=105
       213  >>>>>>>>>>>>>>>>  3e3e3e3e3e3e3e3e3e3e3e3e3e3e3e3e
       136  }}}}}}}}}}}}}}}}  7d7d7d7d7d7d7d7d7d7d7d7d7d7d7d7d
       113  ,,,,,,,,,,,,,,,,  2c2c2c2c2c2c2c2c2c2c2c2c2c2c2c2c
        99  [[[[[[[[[[[[[[[[  5b5b5b5b5b5b5b5b5b5b5b5b5b5b5b5b
        49  ................  8c8c8c8c8c8c8c8c8c8c8c8c8c8c8c8c
        48  ................  ecececececececececececececececec
        48  ................  9a9a9a9a9a9a9a9a9a9a9a9a9a9a9a9a
        47  CCCCCCCCCCCCCCCC  43434343434343434343434343434343
        41  ................  0c0c0c0c0c0c0c0c0c0c0c0c0c0c0c0c
        37  ................  c6c6c6c6c6c6c6c6c6c6c6c6c6c6c6c6
# epoch 1200  H=7.9920 C=7.9142 HO=0.0721  A(t)=107
       165  >>>>>>>>>>>>>>>>  3e3e3e3e3e3e3e3e3e3e3e3e3e3e3e3e
       159  ,,,,,,,,,,,,,,,,  2c2c2c2c2c2c2c2c2c2c2c2c2c2c2c2c
       128  }}}}}}}}}}}}}}}}  7d7d7d7d7d7d7d7d7d7d7d7d7d7d7d7d
        95  [[[[[[[[[[[[[[[[  5b5b5b5b5b5b5b5b5b5b5b5b5b5b5b5b
        49  ................  8c8c8c8c8c8c8c8c8c8c8c8c8c8c8c8c
        48  ................  ecececececececececececececececec
        47  ................  b7b7b7b7b7b7b7b7b7b7b7b7b7b7b7b7
        47  CCCCCCCCCCCCCCCC  43434343434343434343434343434343
        45  AAAAAAAAAAAAAAAA  41414141414141414141414141414141
        44  ''''''''''''''''  27272727272727272727272727272727
# epoch 1250  H=7.9918 C=7.9117 HO=0.0754  A(t)=110
       152  >>>>>>>>>>>>>>>>  3e3e3e3e3e3e3e3e3e3e3e3e3e3e3e3e
       144  ................  a9a9a9a9a9a9a9a9a9a9a9a9a9a9a9a9
       114  }}}}}}}}}}}}}}}}  7d7d7d7d7d7d7d7d7d7d7d7d7d7d7d7d
       103  ,,,,,,,,,,,,,,,,  2c2c2c2c2c2c2c2c2c2c2c2c2c2c2c2c
        77  [[[[[[[[[[[[[[[[  5b5b5b5b5b5b5b5b5b5b5b5b5b5b5b5b
        76  ................  b9b9b9b9b9b9b9b9b9b9b9b9b9b9b9b9
        49  ................  8c8c8c8c8c8c8c8c8c8c8c8c8c8c8c8c
        48  ................  ecececececececececececececececec
        48  CCCCCCCCCCCCCCCC  43434343434343434343434343434343
        45  AAAAAAAAAAAAAAAA  41414141414141414141414141414141
# epoch 1300  H=7.9914 C=7.9065 HO=0.0825  A(t)=112
       154  >>>>>>>>>>>>>>>>  3e3e3e3e3e3e3e3e3e3e3e3e3e3e3e3e
        93  ................  a9a9a9a9a9a9a9a9a9a9a9a9a9a9a9a9
        93  ;;;;;;;;;;;;;;;;  3b3b3b3b3b3b3b3b3b3b3b3b3b3b3b3b
        90  ,,,,,,,,,,,,,,,,  2c2c2c2c2c2c2c2c2c2c2c2c2c2c2c2c
        88  [[[[[[[[[[[[[[[[  5b5b5b5b5b5b5b5b5b5b5b5b5b5b5b5b
        79  }}}}}}}}}}}}}}}}  7d7d7d7d7d7d7d7d7d7d7d7d7d7d7d7d
        49  ................  adadadadadadadadadadadadadadadad
        48  ................  ecececececececececececececececec
        48  CCCCCCCCCCCCCCCC  43434343434343434343434343434343
        47  ................  95959595959595959595959595959595
# epoch 1350  H=7.9909 C=7.9031 HO=0.0826  A(t)=118
       175  >>>>>>>>>>>>>>>>  3e3e3e3e3e3e3e3e3e3e3e3e3e3e3e3e
       129  ,,,,,,,,,,,,,,,,  2c2c2c2c2c2c2c2c2c2c2c2c2c2c2c2c
       116  [[[[[[[[[[[[[[[[  5b5b5b5b5b5b5b5b5b5b5b5b5b5b5b5b
        77  ;;;;;;;;;;;;;;;;  3b3b3b3b3b3b3b3b3b3b3b3b3b3b3b3b
        76  ................  a9a9a9a9a9a9a9a9a9a9a9a9a9a9a9a9
        56  }}}}}}}}}}}}}}}}  7d7d7d7d7d7d7d7d7d7d7d7d7d7d7d7d
        52  ................  04040404040404040404040404040404
        49  ................  adadadadadadadadadadadadadadadad
        48  ................  ecececececececececececececececec
        47  ................  e0e0e0e0e0e0e0e0e0e0e0e0e0e0e0e0
# epoch 1400  H=7.9906 C=7.9000 HO=0.0835  A(t)=121
       146  >>>>>>>>>>>>>>>>  3e3e3e3e3e3e3e3e3e3e3e3e3e3e3e3e
        90  ,,,,,,,,,,,,,,,,  2c2c2c2c2c2c2c2c2c2c2c2c2c2c2c2c
        76  ................  a9a9a9a9a9a9a9a9a9a9a9a9a9a9a9a9
        76  [[[[[[[[[[[[[[[[  5b5b5b5b5b5b5b5b5b5b5b5b5b5b5b5b
        66  ;;;;;;;;;;;;;;;;  3b3b3b3b3b3b3b3b3b3b3b3b3b3b3b3b
        58  }}}}}}}}}}}}}}}}  7d7d7d7d7d7d7d7d7d7d7d7d7d7d7d7d
        50  ................  d2d2d2d2d2d2d2d2d2d2d2d2d2d2d2d2
        49  ................  01010101010101010101010101010101
        48  ................  adadadadadadadadadadadadadadadad
        47  ................  e0e0e0e0e0e0e0e0e0e0e0e0e0e0e0e0
# epoch 1450  H=7.9903 C=7.9022 HO=0.0815  A(t)=126
       124  >>>>>>>>>>>>>>>>  3e3e3e3e3e3e3e3e3e3e3e3e3e3e3e3e
        86  ,,,,,,,,,,,,,,,,  2c2c2c2c2c2c2c2c2c2c2c2c2c2c2c2c
        76  ................  a9a9a9a9a9a9a9a9a9a9a9a9a9a9a9a9
        71  [[[[[[[[[[[[[[[[  5b5b5b5b5b5b5b5b5b5b5b5b5b5b5b5b
        66  }}}}}}}}}}}}}}}}  7d7d7d7d7d7d7d7d7d7d7d7d7d7d7d7d
        66  ;;;;;;;;;;;;;;;;  3b3b3b3b3b3b3b3b3b3b3b3b3b3b3b3b
        48  ................  adadadadadadadadadadadadadadadad
        47  ................  e0e0e0e0e0e0e0e0e0e0e0e0e0e0e0e0
        46  ZZZZZZZZZZZZZZZZ  5a5a5a5a5a5a5a5a5a5a5a5a5a5a5a5a
        45  ................  b8b8b8b8b8b8b8b8b8b8b8b8b8b8b8b8
# epoch 1500  H=7.9901 C=7.9021 HO=0.0811  A(t)=127
       125  >>>>>>>>>>>>>>>>  3e3e3e3e3e3e3e3e3e3e3e3e3e3e3e3e
        74  ,,,,,,,,,,,,,,,,  2c2c2c2c2c2c2c2c2c2c2c2c2c2c2c2c
        71  [[[[[[[[[[[[[[[[  5b5b5b5b5b5b5b5b5b5b5b5b5b5b5b5b
        62  }}}}}}}}}}}}}}}}  7d7d7d7d7d7d7d7d7d7d7d7d7d7d7d7d
        50  ;;;;;;;;;;;;;;;;  3b3b3b3b3b3b3b3b3b3b3b3b3b3b3b3b
        48  ................  abababababababababababababababab
        48  ................  a9a9a9a9a9a9a9a9a9a9a9a9a9a9a9a9
        47  ................  e0e0e0e0e0e0e0e0e0e0e0e0e0e0e0e0
        45  ................  b8b8b8b8b8b8b8b8b8b8b8b8b8b8b8b8
        38  ................  a2a2a2a2a2a2a2a2a2a2a2a2a2a2a2a2
# epoch 1550  H=7.9899 C=7.9000 HO=0.0817  A(t)=132
       132  >>>>>>>>>>>>>>>>  3e3e3e3e3e3e3e3e3e3e3e3e3e3e3e3e
       116  [[[[[[[[[[[[[[[[  5b5b5b5b5b5b5b5b5b5b5b5b5b5b5b5b
        87  }}}}}}}}}}}}}}}}  7d7d7d7d7d7d7d7d7d7d7d7d7d7d7d7d
        57  ----------------  2d2d2d2d2d2d2d2d2d2d2d2d2d2d2d2d
        48  ................  bfbfbfbfbfbfbfbfbfbfbfbfbfbfbfbf
        47  ................  abababababababababababababababab
        46  ................  16161616161616161616161616161616
        45  ................  b8b8b8b8b8b8b8b8b8b8b8b8b8b8b8b8
        41  ................  e0e0e0e0e0e0e0e0e0e0e0e0e0e0e0e0
        39  ,,,,,,,,,,,,,,,,  2c2c2c2c2c2c2c2c2c2c2c2c2c2c2c2c
# epoch 1600  H=7.9898 C=7.9000 HO=0.0821  A(t)=136
       125  >>>>>>>>>>>>>>>>  3e3e3e3e3e3e3e3e3e3e3e3e3e3e3e3e
       104  [[[[[[[[[[[[[[[[  5b5b5b5b5b5b5b5b5b5b5b5b5b5b5b5b
        88  ................  e5e5e5e5e5e5e5e5e5e5e5e5e5e5e5e5
        82  }}}}}}}}}}}}}}}}  7d7d7d7d7d7d7d7d7d7d7d7d7d7d7d7d
        79  ----------------  2d2d2d2d2d2d2d2d2d2d2d2d2d2d2d2d
        47  ................  bfbfbfbfbfbfbfbfbfbfbfbfbfbfbfbf
        45  ................  b8b8b8b8b8b8b8b8b8b8b8b8b8b8b8b8
        42  ................  abababababababababababababababab
        38  ................  a2a2a2a2a2a2a2a2a2a2a2a2a2a2a2a2
        38  ................  04040404040404040404040404040404
# epoch 1650  H=7.9894 C=7.8971 HO=0.0826  A(t)=139
       181  >>>>>>>>>>>>>>>>  3e3e3e3e3e3e3e3e3e3e3e3e3e3e3e3e
       147  [[[[[[[[[[[[[[[[  5b5b5b5b5b5b5b5b5b5b5b5b5b5b5b5b
       105  ----------------  2d2d2d2d2d2d2d2d2d2d2d2d2d2d2d2d
        85  ................  e5e5e5e5e5e5e5e5e5e5e5e5e5e5e5e5
        76  \\\\\\\\\\\\\\\\  5c5c5c5c5c5c5c5c5c5c5c5c5c5c5c5c
        68  }}}}}}}}}}}}}}}}  7d7d7d7d7d7d7d7d7d7d7d7d7d7d7d7d
        47  mmmmmmmmmmmmmmmm  6d6d6d6d6d6d6d6d6d6d6d6d6d6d6d6d
        45  ................  b8b8b8b8b8b8b8b8b8b8b8b8b8b8b8b8
        41  ................  abababababababababababababababab
        32  ................  f1f1f1f1f1f1f1f1f1f1f1f1f1f1f1f1
# epoch 1700  H=7.9890 C=7.8916 HO=0.0884  A(t)=139
       197  >>>>>>>>>>>>>>>>  3e3e3e3e3e3e3e3e3e3e3e3e3e3e3e3e
       166  [[[[[[[[[[[[[[[[  5b5b5b5b5b5b5b5b5b5b5b5b5b5b5b5b
        88  ................  1c1c1c1c1c1c1c1c1c1c1c1c1c1c1c1c
        81  ................  e5e5e5e5e5e5e5e5e5e5e5e5e5e5e5e5
        74  ----------------  2d2d2d2d2d2d2d2d2d2d2d2d2d2d2d2d
        67  \\\\\\\\\\\\\\\\  5c5c5c5c5c5c5c5c5c5c5c5c5c5c5c5c
        63  }}}}}}}}}}}}}}}}  7d7d7d7d7d7d7d7d7d7d7d7d7d7d7d7d
        54  %%%%%%%%%%%%%%%%  25252525252525252525252525252525
        49  yyyyyyyyyyyyyyyy  79797979797979797979797979797979
        48  mmmmmmmmmmmmmmmm  6d6d6d6d6d6d6d6d6d6d6d6d6d6d6d6d
# epoch 1750  H=7.9890 C=7.8929 HO=0.0886  A(t)=141
       166  [[[[[[[[[[[[[[[[  5b5b5b5b5b5b5b5b5b5b5b5b5b5b5b5b
       142  >>>>>>>>>>>>>>>>  3e3e3e3e3e3e3e3e3e3e3e3e3e3e3e3e
       107  ................  c7c7c7c7c7c7c7c7c7c7c7c7c7c7c7c7
        74  ................  e5e5e5e5e5e5e5e5e5e5e5e5e5e5e5e5
        59  \\\\\\\\\\\\\\\\  5c5c5c5c5c5c5c5c5c5c5c5c5c5c5c5c
        54  %%%%%%%%%%%%%%%%  25252525252525252525252525252525
        52  ................  2e2e2e2e2e2e2e2e2e2e2e2e2e2e2e2e
        51  }}}}}}}}}}}}}}}}  7d7d7d7d7d7d7d7d7d7d7d7d7d7d7d7d
        48  mmmmmmmmmmmmmmmm  6d6d6d6d6d6d6d6d6d6d6d6d6d6d6d6d
        43  ................  1c1c1c1c1c1c1c1c1c1c1c1c1c1c1c1c
# epoch 1800  H=7.9888 C=7.8943 HO=0.0867  A(t)=142
       161  [[[[[[[[[[[[[[[[  5b5b5b5b5b5b5b5b5b5b5b5b5b5b5b5b
       124  >>>>>>>>>>>>>>>>  3e3e3e3e3e3e3e3e3e3e3e3e3e3e3e3e
        97  MMMMMMMMMMMMMMMM  4d4d4d4d4d4d4d4d4d4d4d4d4d4d4d4d
        80  ................  c7c7c7c7c7c7c7c7c7c7c7c7c7c7c7c7
        74  ................  e5e5e5e5e5e5e5e5e5e5e5e5e5e5e5e5
        59  \\\\\\\\\\\\\\\\  5c5c5c5c5c5c5c5c5c5c5c5c5c5c5c5c
        52  ................  2e2e2e2e2e2e2e2e2e2e2e2e2e2e2e2e
        48  mmmmmmmmmmmmmmmm  6d6d6d6d6d6d6d6d6d6d6d6d6d6d6d6d
        37  ,,,,,,,,,,,,,,,,  2c2c2c2c2c2c2c2c2c2c2c2c2c2c2c2c
        37  %%%%%%%%%%%%%%%%  25252525252525252525252525252525
# epoch 1850  H=7.9887 C=7.8958 HO=0.0840  A(t)=144
       141  >>>>>>>>>>>>>>>>  3e3e3e3e3e3e3e3e3e3e3e3e3e3e3e3e
       121  [[[[[[[[[[[[[[[[  5b5b5b5b5b5b5b5b5b5b5b5b5b5b5b5b
        80  MMMMMMMMMMMMMMMM  4d4d4d4d4d4d4d4d4d4d4d4d4d4d4d4d
        74  ................  c7c7c7c7c7c7c7c7c7c7c7c7c7c7c7c7
        72  ................  e5e5e5e5e5e5e5e5e5e5e5e5e5e5e5e5
        48  mmmmmmmmmmmmmmmm  6d6d6d6d6d6d6d6d6d6d6d6d6d6d6d6d
        45  ................  bbbbbbbbbbbbbbbbbbbbbbbbbbbbbbbb
        43  \\\\\\\\\\\\\\\\  5c5c5c5c5c5c5c5c5c5c5c5c5c5c5c5c
        42  ................  2e2e2e2e2e2e2e2e2e2e2e2e2e2e2e2e
        35  XXXXXXXXXXXXXXXX  58585858585858585858585858585858
# epoch 1900  H=7.9885 C=7.8964 HO=0.0827  A(t)=145
       167  >>>>>>>>>>>>>>>>  3e3e3e3e3e3e3e3e3e3e3e3e3e3e3e3e
       120  [[[[[[[[[[[[[[[[  5b5b5b5b5b5b5b5b5b5b5b5b5b5b5b5b
        80  MMMMMMMMMMMMMMMM  4d4d4d4d4d4d4d4d4d4d4d4d4d4d4d4d
        74  ................  c7c7c7c7c7c7c7c7c7c7c7c7c7c7c7c7
        62  ................  e5e5e5e5e5e5e5e5e5e5e5e5e5e5e5e5
        48  ................  9e9e9e9e9e9e9e9e9e9e9e9e9e9e9e9e
        47  ................  9f9f9f9f9f9f9f9f9f9f9f9f9f9f9f9f
        39  ................  bbbbbbbbbbbbbbbbbbbbbbbbbbbbbbbb
        37  XXXXXXXXXXXXXXXX  58585858585858585858585858585858
        34  ,,,,,,,,,,,,,,,,  2c2c2c2c2c2c2c2c2c2c2c2c2c2c2c2c
# epoch 1950  H=7.9882 C=7.8957 HO=0.0824  A(t)=151
       214  [[[[[[[[[[[[[[[[  5b5b5b5b5b5b5b5b5b5b5b5b5b5b5b5b
       156  >>>>>>>>>>>>>>>>  3e3e3e3e3e3e3e3e3e3e3e3e3e3e3e3e
        80  MMMMMMMMMMMMMMMM  4d4d4d4d4d4d4d4d4d4d4d4d4d4d4d4d
        68  ................  c7c7c7c7c7c7c7c7c7c7c7c7c7c7c7c7
        60  ................  e5e5e5e5e5e5e5e5e5e5e5e5e5e5e5e5
        47  ................  9e9e9e9e9e9e9e9e9e9e9e9e9e9e9e9e
        46  ................  9f9f9f9f9f9f9f9f9f9f9f9f9f9f9f9f
        32  ,,,,,,,,,,,,,,,,  2c2c2c2c2c2c2c2c2c2c2c2c2c2c2c2c
        28  \\\\\\\\\\\\\\\\  5c5c5c5c5c5c5c5c5c5c5c5c5c5c5c5c
        24  VVVVVVVVVVVVVVVV  56565656565656565656565656565656
# epoch 2000  H=7.9877 C=7.8948 HO=0.0834  A(t)=151
       211  [[[[[[[[[[[[[[[[  5b5b5b5b5b5b5b5b5b5b5b5b5b5b5b5b
       194  >>>>>>>>>>>>>>>>  3e3e3e3e3e3e3e3e3e3e3e3e3e3e3e3e
        60  ................  e5e5e5e5e5e5e5e5e5e5e5e5e5e5e5e5
        49  ................  b9b9b9b9b9b9b9b9b9b9b9b9b9b9b9b9
        47  ................  9e9e9e9e9e9e9e9e9e9e9e9e9e9e9e9e
        47  \\\\\\\\\\\\\\\\  5c5c5c5c5c5c5c5c5c5c5c5c5c5c5c5c
        46  ................  9f9f9f9f9f9f9f9f9f9f9f9f9f9f9f9f
        38  ................  c7c7c7c7c7c7c7c7c7c7c7c7c7c7c7c7
        33  ................  aeaeaeaeaeaeaeaeaeaeaeaeaeaeaeae
        32  ,,,,,,,,,,,,,,,,  2c2c2c2c2c2c2c2c2c2c2c2c2c2c2c2c
# epoch 2050  H=7.9874 C=7.8952 HO=0.0788  A(t)=151
       196  >>>>>>>>>>>>>>>>  3e3e3e3e3e3e3e3e3e3e3e3e3e3e3e3e
       152  [[[[[[[[[[[[[[[[  5b5b5b5b5b5b5b5b5b5b5b5b5b5b5b5b
        59  ................  e5e5e5e5e5e5e5e5e5e5e5e5e5e5e5e5
        56  <<<<<<<<<<<<<<<<  3c3c3c3c3c3c3c3c3c3c3c3c3c3c3c3c
        49  ................  b9b9b9b9b9b9b9b9b9b9b9b9b9b9b9b9
        48  ................  dadadadadadadadadadadadadadadada
        47  \\\\\\\\\\\\\\\\  5c5c5c5c5c5c5c5c5c5c5c5c5c5c5c5c
        46  ................  9f9f9f9f9f9f9f9f9f9f9f9f9f9f9f9f
        38  ................  c7c7c7c7c7c7c7c7c7c7c7c7c7c7c7c7
        31  ................  9e9e9e9e9e9e9e9e9e9e9e9e9e9e9e9e
# epoch 2100  H=7.9869 C=7.8929 HO=0.0811  A(t)=153
       181  >>>>>>>>>>>>>>>>  3e3e3e3e3e3e3e3e3e3e3e3e3e3e3e3e
       125  [[[[[[[[[[[[[[[[  5b5b5b5b5b5b5b5b5b5b5b5b5b5b5b5b
        63  ................  bdbdbdbdbdbdbdbdbdbdbdbdbdbdbdbd
        47  ................  eeeeeeeeeeeeeeeeeeeeeeeeeeeeeeee
        47  ................  dadadadadadadadadadadadadadadada
        47  \\\\\\\\\\\\\\\\  5c5c5c5c5c5c5c5c5c5c5c5c5c5c5c5c
        38  ................  c7c7c7c7c7c7c7c7c7c7c7c7c7c7c7c7
        35  ................  e5e5e5e5e5e5e5e5e5e5e5e5e5e5e5e5
        31  3333333333333333  33333333333333333333333333333333
        30  ................  d5d5d5d5d5d5d5d5d5d5d5d5d5d5d5d5
# epoch 2150  H=7.9866 C=7.8950 HO=0.0769  A(t)=153
       241  >>>>>>>>>>>>>>>>  3e3e3e3e3e3e3e3e3e3e3e3e3e3e3e3e
       109  [[[[[[[[[[[[[[[[  5b5b5b5b5b5b5b5b5b5b5b5b5b5b5b5b
        49  ................  bdbdbdbdbdbdbdbdbdbdbdbdbdbdbdbd
        47  ................  dadadadadadadadadadadadadadadada
        40  \\\\\\\\\\\\\\\\  5c5c5c5c5c5c5c5c5c5c5c5c5c5c5c5c
        38  ................  ffffffffffffffffffffffffffffffff
        35  ................  e5e5e5e5e5e5e5e5e5e5e5e5e5e5e5e5
        33  ................  c7c7c7c7c7c7c7c7c7c7c7c7c7c7c7c7
        30  3333333333333333  33333333333333333333333333333333
        26  ]]]]]]]]]]]]]]]]  5d5d5d5d5d5d5d5d5d5d5d5d5d5d5d5d
# epoch 2200  H=7.9861 C=7.8921 HO=0.0825  A(t)=155
       341  >>>>>>>>>>>>>>>>  3e3e3e3e3e3e3e3e3e3e3e3e3e3e3e3e
        99  [[[[[[[[[[[[[[[[  5b5b5b5b5b5b5b5b5b5b5b5b5b5b5b5b
        91  ................  a7a7a7a7a7a7a7a7a7a7a7a7a7a7a7a7
        47  ................  dadadadadadadadadadadadadadadada
        47  ................  80808080808080808080808080808080
        47  ((((((((((((((((  28282828282828282828282828282828
        38  ................  ffffffffffffffffffffffffffffffff
        38  \\\\\\\\\\\\\\\\  5c5c5c5c5c5c5c5c5c5c5c5c5c5c5c5c
        36  ................  fefefefefefefefefefefefefefefefe
        35  ................  e5e5e5e5e5e5e5e5e5e5e5e5e5e5e5e5
# epoch 2250  H=7.9857 C=7.8929 HO=0.0813  A(t)=157
       359  >>>>>>>>>>>>>>>>  3e3e3e3e3e3e3e3e3e3e3e3e3e3e3e3e
        87  [[[[[[[[[[[[[[[[  5b5b5b5b5b5b5b5b5b5b5b5b5b5b5b5b
        59  ................  a7a7a7a7a7a7a7a7a7a7a7a7a7a7a7a7
        48  ................  d1d1d1d1d1d1d1d1d1d1d1d1d1d1d1d1
        47  ................  80808080808080808080808080808080
        45  ((((((((((((((((  28282828282828282828282828282828
        39  ,,,,,,,,,,,,,,,,  2c2c2c2c2c2c2c2c2c2c2c2c2c2c2c2c
        38  ................  ffffffffffffffffffffffffffffffff
        35  ................  fefefefefefefefefefefefefefefefe
        35  ................  e5e5e5e5e5e5e5e5e5e5e5e5e5e5e5e5
# epoch 2300  H=7.9851 C=7.8913 HO=0.0835  A(t)=158
       378  >>>>>>>>>>>>>>>>  3e3e3e3e3e3e3e3e3e3e3e3e3e3e3e3e
       110  ................  ffffffffffffffffffffffffffffffff
        59  ................  a7a7a7a7a7a7a7a7a7a7a7a7a7a7a7a7
        59  [[[[[[[[[[[[[[[[  5b5b5b5b5b5b5b5b5b5b5b5b5b5b5b5b
        54  ................  c7c7c7c7c7c7c7c7c7c7c7c7c7c7c7c7
        53  <<<<<<<<<<<<<<<<  3c3c3c3c3c3c3c3c3c3c3c3c3c3c3c3c
        47  ................  80808080808080808080808080808080
        45  ................  d1d1d1d1d1d1d1d1d1d1d1d1d1d1d1d1
        45  ((((((((((((((((  28282828282828282828282828282828
        35  ................  fefefefefefefefefefefefefefefefe
# epoch 2350  H=7.9849 C=7.8929 HO=0.0802  A(t)=160
       336  >>>>>>>>>>>>>>>>  3e3e3e3e3e3e3e3e3e3e3e3e3e3e3e3e
        93  ................  ffffffffffffffffffffffffffffffff
        66  ]]]]]]]]]]]]]]]]  5d5d5d5d5d5d5d5d5d5d5d5d5d5d5d5d
        51  [[[[[[[[[[[[[[[[  5b5b5b5b5b5b5b5b5b5b5b5b5b5b5b5b
        51  <<<<<<<<<<<<<<<<  3c3c3c3c3c3c3c3c3c3c3c3c3c3c3c3c
        43  ................  c7c7c7c7c7c7c7c7c7c7c7c7c7c7c7c7
        40  ................  a7a7a7a7a7a7a7a7a7a7a7a7a7a7a7a7
        35  ................  fefefefefefefefefefefefefefefefe
        33  ,,,,,,,,,,,,,,,,  2c2c2c2c2c2c2c2c2c2c2c2c2c2c2c2c
        31  ................  80808080808080808080808080808080
# epoch 2400  H=7.9849 C=7.8948 HO=0.0778  A(t)=160
       291  >>>>>>>>>>>>>>>>  3e3e3e3e3e3e3e3e3e3e3e3e3e3e3e3e
        57  ]]]]]]]]]]]]]]]]  5d5d5d5d5d5d5d5d5d5d5d5d5d5d5d5d
        51  <<<<<<<<<<<<<<<<  3c3c3c3c3c3c3c3c3c3c3c3c3c3c3c3c
        45  [[[[[[[[[[[[[[[[  5b5b5b5b5b5b5b5b5b5b5b5b5b5b5b5b
        40  ................  a7a7a7a7a7a7a7a7a7a7a7a7a7a7a7a7
        36  ffffffffffffffff  66666666666666666666666666666666
        35  ................  fefefefefefefefefefefefefefefefe
        35  ................  c7c7c7c7c7c7c7c7c7c7c7c7c7c7c7c7
        32  ................  ffffffffffffffffffffffffffffffff
        29  ))))))))))))))))  29292929292929292929292929292929
# epoch 2450  H=7.9850 C=7.8900 HO=0.0824  A(t)=161
       235  >>>>>>>>>>>>>>>>  3e3e3e3e3e3e3e3e3e3e3e3e3e3e3e3e
       115  ................  8e8e8e8e8e8e8e8e8e8e8e8e8e8e8e8e
        83  ................  c1c1c1c1c1c1c1c1c1c1c1c1c1c1c1c1
        49  ]]]]]]]]]]]]]]]]  5d5d5d5d5d5d5d5d5d5d5d5d5d5d5d5d
        49  ................  2e2e2e2e2e2e2e2e2e2e2e2e2e2e2e2e
        46  \\\\\\\\\\\\\\\\  5c5c5c5c5c5c5c5c5c5c5c5c5c5c5c5c
        44  [[[[[[[[[[[[[[[[  5b5b5b5b5b5b5b5b5b5b5b5b5b5b5b5b
        40  ................  a7a7a7a7a7a7a7a7a7a7a7a7a7a7a7a7
        38  ................  e1e1e1e1e1e1e1e1e1e1e1e1e1e1e1e1
        36  ffffffffffffffff  66666666666666666666666666666666
# epoch 2500  H=7.9849 C=7.8883 HO=0.0843  A(t)=161
       206  >>>>>>>>>>>>>>>>  3e3e3e3e3e3e3e3e3e3e3e3e3e3e3e3e
       117  {{{{{{{{{{{{{{{{  7b7b7b7b7b7b7b7b7b7b7b7b7b7b7b7b
        96  ................  8e8e8e8e8e8e8e8e8e8e8e8e8e8e8e8e
        93  \\\\\\\\\\\\\\\\  5c5c5c5c5c5c5c5c5c5c5c5c5c5c5c5c
        82  ................  c1c1c1c1c1c1c1c1c1c1c1c1c1c1c1c1
        58  ))))))))))))))))  29292929292929292929292929292929
        49  ................  2e2e2e2e2e2e2e2e2e2e2e2e2e2e2e2e
        40  ................  a7a7a7a7a7a7a7a7a7a7a7a7a7a7a7a7
        38  ................  e1e1e1e1e1e1e1e1e1e1e1e1e1e1e1e1
        36  ffffffffffffffff  66666666666666666666666666666666
# epoch 2550  H=7.9848 C=7.8872 HO=0.0847  A(t)=161
       217  >>>>>>>>>>>>>>>>  3e3e3e3e3e3e3e3e3e3e3e3e3e3e3e3e
       117  {{{{{{{{{{{{{{{{  7b7b7b7b7b7b7b7b7b7b7b7b7b7b7b7b
        77  ................  8e8e8e8e8e8e8e8e8e8e8e8e8e8e8e8e
        69  [[[[[[[[[[[[[[[[  5b5b5b5b5b5b5b5b5b5b5b5b5b5b5b5b
        67  ................  c1c1c1c1c1c1c1c1c1c1c1c1c1c1c1c1
        58  ))))))))))))))))  29292929292929292929292929292929
        56  \\\\\\\\\\\\\\\\  5c5c5c5c5c5c5c5c5c5c5c5c5c5c5c5c
        49  ................  2e2e2e2e2e2e2e2e2e2e2e2e2e2e2e2e
        47  ................  f9f9f9f9f9f9f9f9f9f9f9f9f9f9f9f9
        47  ::::::::::::::::  3a3a3a3a3a3a3a3a3a3a3a3a3a3a3a3a
# epoch 2600  H=7.9846 C=7.8873 HO=0.0839  A(t)=166
       205  >>>>>>>>>>>>>>>>  3e3e3e3e3e3e3e3e3e3e3e3e3e3e3e3e
       113  {{{{{{{{{{{{{{{{  7b7b7b7b7b7b7b7b7b7b7b7b7b7b7b7b
       108  ................  8e8e8e8e8e8e8e8e8e8e8e8e8e8e8e8e
        69  [[[[[[[[[[[[[[[[  5b5b5b5b5b5b5b5b5b5b5b5b5b5b5b5b
        56  \\\\\\\\\\\\\\\\  5c5c5c5c5c5c5c5c5c5c5c5c5c5c5c5c
        51  ))))))))))))))))  29292929292929292929292929292929
        49  CCCCCCCCCCCCCCCC  43434343434343434343434343434343
        49  ................  2e2e2e2e2e2e2e2e2e2e2e2e2e2e2e2e
        45  ................  c1c1c1c1c1c1c1c1c1c1c1c1c1c1c1c1
        44  ................  fbfbfbfbfbfbfbfbfbfbfbfbfbfbfbfb
# epoch 2650  H=7.9844 C=7.8863 HO=0.0846  A(t)=168
       205  >>>>>>>>>>>>>>>>  3e3e3e3e3e3e3e3e3e3e3e3e3e3e3e3e
        92  ................  8e8e8e8e8e8e8e8e8e8e8e8e8e8e8e8e
        81  {{{{{{{{{{{{{{{{  7b7b7b7b7b7b7b7b7b7b7b7b7b7b7b7b
        56  \\\\\\\\\\\\\\\\  5c5c5c5c5c5c5c5c5c5c5c5c5c5c5c5c
        52  ================  3d3d3d3d3d3d3d3d3d3d3d3d3d3d3d3d
        49  ................  2e2e2e2e2e2e2e2e2e2e2e2e2e2e2e2e
        48  ................  b9b9b9b9b9b9b9b9b9b9b9b9b9b9b9b9
        47  CCCCCCCCCCCCCCCC  43434343434343434343434343434343
        47  ))))))))))))))))  29292929292929292929292929292929
        45  ................  c1c1c1c1c1c1c1c1c1c1c1c1c1c1c1c1
# epoch 2700  H=7.9844 C=7.8850 HO=0.0868  A(t)=171
       286  >>>>>>>>>>>>>>>>  3e3e3e3e3e3e3e3e3e3e3e3e3e3e3e3e
        96  ................  d5d5d5d5d5d5d5d5d5d5d5d5d5d5d5d5
        81  {{{{{{{{{{{{{{{{  7b7b7b7b7b7b7b7b7b7b7b7b7b7b7b7b
        80  ................  8e8e8e8e8e8e8e8e8e8e8e8e8e8e8e8e
        76  ................  ffffffffffffffffffffffffffffffff
        56  ================  3d3d3d3d3d3d3d3d3d3d3d3d3d3d3d3d
        51  \\\\\\\\\\\\\\\\  5c5c5c5c5c5c5c5c5c5c5c5c5c5c5c5c
        49  ................  2e2e2e2e2e2e2e2e2e2e2e2e2e2e2e2e
        47  ))))))))))))))))  29292929292929292929292929292929
        44  ................  01010101010101010101010101010101
# epoch 2750  H=7.9842 C=7.8856 HO=0.0892  A(t)=172
       244  >>>>>>>>>>>>>>>>  3e3e3e3e3e3e3e3e3e3e3e3e3e3e3e3e
        96  ................  d5d5d5d5d5d5d5d5d5d5d5d5d5d5d5d5
        81  {{{{{{{{{{{{{{{{  7b7b7b7b7b7b7b7b7b7b7b7b7b7b7b7b
        71  ................  ffffffffffffffffffffffffffffffff
        58  \\\\\\\\\\\\\\\\  5c5c5c5c5c5c5c5c5c5c5c5c5c5c5c5c
        58  ................  15151515151515151515151515151515
        52  [[[[[[[[[[[[[[[[  5b5b5b5b5b5b5b5b5b5b5b5b5b5b5b5b
        49  ................  8e8e8e8e8e8e8e8e8e8e8e8e8e8e8e8e
        49  ]]]]]]]]]]]]]]]]  5d5d5d5d5d5d5d5d5d5d5d5d5d5d5d5d
        49  ================  3d3d3d3d3d3d3d3d3d3d3d3d3d3d3d3d
# epoch 2800  H=7.9840 C=7.8897 HO=0.0799  A(t)=174
       229  >>>>>>>>>>>>>>>>  3e3e3e3e3e3e3e3e3e3e3e3e3e3e3e3e
        81  {{{{{{{{{{{{{{{{  7b7b7b7b7b7b7b7b7b7b7b7b7b7b7b7b
        67  ................  d5d5d5d5d5d5d5d5d5d5d5d5d5d5d5d5
        63  ................  ffffffffffffffffffffffffffffffff
        58  ................  15151515151515151515151515151515
        50  [[[[[[[[[[[[[[[[  5b5b5b5b5b5b5b5b5b5b5b5b5b5b5b5b
        47  ))))))))))))))))  29292929292929292929292929292929
        44  \\\\\\\\\\\\\\\\  5c5c5c5c5c5c5c5c5c5c5c5c5c5c5c5c
        40  ================  3d3d3d3d3d3d3d3d3d3d3d3d3d3d3d3d
        33  ................  8e8e8e8e8e8e8e8e8e8e8e8e8e8e8e8e
# epoch 2850  H=7.9839 C=7.8896 HO=0.0828  A(t)=174
       243  >>>>>>>>>>>>>>>>  3e3e3e3e3e3e3e3e3e3e3e3e3e3e3e3e
        80  [[[[[[[[[[[[[[[[  5b5b5b5b5b5b5b5b5b5b5b5b5b5b5b5b
        60  ................  d5d5d5d5d5d5d5d5d5d5d5d5d5d5d5d5
        53  }}}}}}}}}}}}}}}}  7d7d7d7d7d7d7d7d7d7d7d7d7d7d7d7d
        48  {{{{{{{{{{{{{{{{  7b7b7b7b7b7b7b7b7b7b7b7b7b7b7b7b
        39  ================  3d3d3d3d3d3d3d3d3d3d3d3d3d3d3d3d
        34  ))))))))))))))))  29292929292929292929292929292929
        34  ................  15151515151515151515151515151515
        29  ................  d2d2d2d2d2d2d2d2d2d2d2d2d2d2d2d2
        28  ................  a7a7a7a7a7a7a7a7a7a7a7a7a7a7a7a7
# epoch 2900  H=7.9836 C=7.8905 HO=0.0829  A(t)=175
       215  >>>>>>>>>>>>>>>>  3e3e3e3e3e3e3e3e3e3e3e3e3e3e3e3e
        81  <<<<<<<<<<<<<<<<  3c3c3c3c3c3c3c3c3c3c3c3c3c3c3c3c
        70  [[[[[[[[[[[[[[[[  5b5b5b5b5b5b5b5b5b5b5b5b5b5b5b5b
        69  }}}}}}}}}}}}}}}}  7d7d7d7d7d7d7d7d7d7d7d7d7d7d7d7d
        60  ................  d5d5d5d5d5d5d5d5d5d5d5d5d5d5d5d5
        54  ................  80808080808080808080808080808080
        42  ================  3d3d3d3d3d3d3d3d3d3d3d3d3d3d3d3d
        34  ))))))))))))))))  29292929292929292929292929292929
        34  ................  15151515151515151515151515151515
        29  {{{{{{{{{{{{{{{{  7b7b7b7b7b7b7b7b7b7b7b7b7b7b7b7b
# epoch 2950  H=7.9837 C=7.8920 HO=0.0799  A(t)=175
       169  >>>>>>>>>>>>>>>>  3e3e3e3e3e3e3e3e3e3e3e3e3e3e3e3e
        96  }}}}}}}}}}}}}}}}  7d7d7d7d7d7d7d7d7d7d7d7d7d7d7d7d
        79  <<<<<<<<<<<<<<<<  3c3c3c3c3c3c3c3c3c3c3c3c3c3c3c3c
        74  [[[[[[[[[[[[[[[[  5b5b5b5b5b5b5b5b5b5b5b5b5b5b5b5b
        48  ................  d5d5d5d5d5d5d5d5d5d5d5d5d5d5d5d5
        47  ................  80808080808080808080808080808080
        33  ))))))))))))))))  29292929292929292929292929292929
        32  ................  15151515151515151515151515151515
        28  ................  a7a7a7a7a7a7a7a7a7a7a7a7a7a7a7a7
        28  ................  13131313131313131313131313131313
# epoch 3000  H=7.9835 C=7.8926 HO=0.0773  A(t)=176
       117  <<<<<<<<<<<<<<<<  3c3c3c3c3c3c3c3c3c3c3c3c3c3c3c3c
        99  ................  fefefefefefefefefefefefefefefefe
        93  >>>>>>>>>>>>>>>>  3e3e3e3e3e3e3e3e3e3e3e3e3e3e3e3e
        70  [[[[[[[[[[[[[[[[  5b5b5b5b5b5b5b5b5b5b5b5b5b5b5b5b
        67  }}}}}}}}}}}}}}}}  7d7d7d7d7d7d7d7d7d7d7d7d7d7d7d7d
        47  ................  80808080808080808080808080808080
        44  ................  d5d5d5d5d5d5d5d5d5d5d5d5d5d5d5d5
        32  ................  d4d4d4d4d4d4d4d4d4d4d4d4d4d4d4d4
        32  ................  15151515151515151515151515151515
        28  ................  a7a7a7a7a7a7a7a7a7a7a7a7a7a7a7a7
# epoch 3050  H=7.9833 C=7.8928 HO=0.0762  A(t)=176
       101  \\\\\\\\\\\\\\\\  5c5c5c5c5c5c5c5c5c5c5c5c5c5c5c5c
        90  <<<<<<<<<<<<<<<<  3c3c3c3c3c3c3c3c3c3c3c3c3c3c3c3c
        80  ................  fefefefefefefefefefefefefefefefe
        66  >>>>>>>>>>>>>>>>  3e3e3e3e3e3e3e3e3e3e3e3e3e3e3e3e
        47  ................  80808080808080808080808080808080
        47  [[[[[[[[[[[[[[[[  5b5b5b5b5b5b5b5b5b5b5b5b5b5b5b5b
        41  }}}}}}}}}}}}}}}}  7d7d7d7d7d7d7d7d7d7d7d7d7d7d7d7d
        37  ................  d5d5d5d5d5d5d5d5d5d5d5d5d5d5d5d5
        33  ................  ffffffffffffffffffffffffffffffff
        32  ................  d4d4d4d4d4d4d4d4d4d4d4d4d4d4d4d4
# epoch 3100  H=7.9832 C=7.8941 HO=0.0755  A(t)=179
        92  }}}}}}}}}}}}}}}}  7d7d7d7d7d7d7d7d7d7d7d7d7d7d7d7d
        82  \\\\\\\\\\\\\\\\  5c5c5c5c5c5c5c5c5c5c5c5c5c5c5c5c
        80  <<<<<<<<<<<<<<<<  3c3c3c3c3c3c3c3c3c3c3c3c3c3c3c3c
        80  ________________  20202020202020202020202020202020
        72  >>>>>>>>>>>>>>>>  3e3e3e3e3e3e3e3e3e3e3e3e3e3e3e3e
        61  [[[[[[[[[[[[[[[[  5b5b5b5b5b5b5b5b5b5b5b5b5b5b5b5b
        51  ................  fefefefefefefefefefefefefefefefe
        37  ................  d5d5d5d5d5d5d5d5d5d5d5d5d5d5d5d5
        32  ................  1b1b1b1b1b1b1b1b1b1b1b1b1b1b1b1b
        32  ................  15151515151515151515151515151515
# epoch 3150  H=7.9830 C=7.8925 HO=0.0776  A(t)=179
       122  }}}}}}}}}}}}}}}}  7d7d7d7d7d7d7d7d7d7d7d7d7d7d7d7d
       119  >>>>>>>>>>>>>>>>  3e3e3e3e3e3e3e3e3e3e3e3e3e3e3e3e
        97  ________________  20202020202020202020202020202020
        59  \\\\\\\\\\\\\\\\  5c5c5c5c5c5c5c5c5c5c5c5c5c5c5c5c
        53  <<<<<<<<<<<<<<<<  3c3c3c3c3c3c3c3c3c3c3c3c3c3c3c3c
        48  ................  00000000000000000000000000000000
        38  [[[[[[[[[[[[[[[[  5b5b5b5b5b5b5b5b5b5b5b5b5b5b5b5b
        33  ................  fefefefefefefefefefefefefefefefe
        32  ................  15151515151515151515151515151515
        30  ................  18181818181818181818181818181818
# epoch 3200  H=7.9830 C=7.8954 HO=0.0758  A(t)=182
       162  >>>>>>>>>>>>>>>>  3e3e3e3e3e3e3e3e3e3e3e3e3e3e3e3e
       112  }}}}}}}}}}}}}}}}  7d7d7d7d7d7d7d7d7d7d7d7d7d7d7d7d
        96  ________________  20202020202020202020202020202020
        48  ................  fdfdfdfdfdfdfdfdfdfdfdfdfdfdfdfd
        48  ................  00000000000000000000000000000000
        39  \\\\\\\\\\\\\\\\  5c5c5c5c5c5c5c5c5c5c5c5c5c5c5c5c
        37  <<<<<<<<<<<<<<<<  3c3c3c3c3c3c3c3c3c3c3c3c3c3c3c3c
        36  ................  d5d5d5d5d5d5d5d5d5d5d5d5d5d5d5d5
        30  ................  fefefefefefefefefefefefefefefefe
        29  [[[[[[[[[[[[[[[[  5b5b5b5b5b5b5b5b5b5b5b5b5b5b5b5b
# epoch 3250  H=7.9825 C=7.8914 HO=0.0782  A(t)=182
       209  >>>>>>>>>>>>>>>>  3e3e3e3e3e3e3e3e3e3e3e3e3e3e3e3e
       120  }}}}}}}}}}}}}}}}  7d7d7d7d7d7d7d7d7d7d7d7d7d7d7d7d
        83  ________________  20202020202020202020202020202020
        82  [[[[[[[[[[[[[[[[  5b5b5b5b5b5b5b5b5b5b5b5b5b5b5b5b
        55  ................  2e2e2e2e2e2e2e2e2e2e2e2e2e2e2e2e
        52  ,,,,,,,,,,,,,,,,  2c2c2c2c2c2c2c2c2c2c2c2c2c2c2c2c
        49  1111111111111111  31313131313131313131313131313131
        48  ................  00000000000000000000000000000000
        45  ................  fdfdfdfdfdfdfdfdfdfdfdfdfdfdfdfd
        39  ................  a6a6a6a6a6a6a6a6a6a6a6a6a6a6a6a6
# epoch 3300  H=7.9824 C=7.8931 HO=0.0740  A(t)=182
       209  >>>>>>>>>>>>>>>>  3e3e3e3e3e3e3e3e3e3e3e3e3e3e3e3e
       106  }}}}}}}}}}}}}}}}  7d7d7d7d7d7d7d7d7d7d7d7d7d7d7d7d
        71  ________________  20202020202020202020202020202020
        64  [[[[[[[[[[[[[[[[  5b5b5b5b5b5b5b5b5b5b5b5b5b5b5b5b
        49  1111111111111111  31313131313131313131313131313131
        48  ................  00000000000000000000000000000000
        47  ,,,,,,,,,,,,,,,,  2c2c2c2c2c2c2c2c2c2c2c2c2c2c2c2c
        39  ................  2e2e2e2e2e2e2e2e2e2e2e2e2e2e2e2e
        31  <<<<<<<<<<<<<<<<  3c3c3c3c3c3c3c3c3c3c3c3c3c3c3c3c
        28  ................  fefefefefefefefefefefefefefefefe
# epoch 3350  H=7.9822 C=7.8925 HO=0.0751  A(t)=182
       194  >>>>>>>>>>>>>>>>  3e3e3e3e3e3e3e3e3e3e3e3e3e3e3e3e
        91  ................  b7b7b7b7b7b7b7b7b7b7b7b7b7b7b7b7
        83  }}}}}}}}}}}}}}}}  7d7d7d7d7d7d7d7d7d7d7d7d7d7d7d7d
        70  ................  00000000000000000000000000000000
        49  [[[[[[[[[[[[[[[[  5b5b5b5b5b5b5b5b5b5b5b5b5b5b5b5b
        48  ________________  20202020202020202020202020202020
        47  ,,,,,,,,,,,,,,,,  2c2c2c2c2c2c2c2c2c2c2c2c2c2c2c2c
        40  ................  82828282828282828282828282828282
        39  1111111111111111  31313131313131313131313131313131
        33  <<<<<<<<<<<<<<<<  3c3c3c3c3c3c3c3c3c3c3c3c3c3c3c3c
# epoch 3400  H=7.9821 C=7.8924 HO=0.0759  A(t)=185
       189  >>>>>>>>>>>>>>>>  3e3e3e3e3e3e3e3e3e3e3e3e3e3e3e3e
       114  ................  ffffffffffffffffffffffffffffffff
        91  ................  b7b7b7b7b7b7b7b7b7b7b7b7b7b7b7b7
        82  ................  00000000000000000000000000000000
        62  }}}}}}}}}}}}}}}}  7d7d7d7d7d7d7d7d7d7d7d7d7d7d7d7d
        48  ________________  20202020202020202020202020202020
        45  [[[[[[[[[[[[[[[[  5b5b5b5b5b5b5b5b5b5b5b5b5b5b5b5b
        39  1111111111111111  31313131313131313131313131313131
        38  ,,,,,,,,,,,,,,,,  2c2c2c2c2c2c2c2c2c2c2c2c2c2c2c2c
        29  SSSSSSSSSSSSSSSS  53535353535353535353535353535353
# epoch 3450  H=7.9820 C=7.8911 HO=0.0774  A(t)=186
       198  >>>>>>>>>>>>>>>>  3e3e3e3e3e3e3e3e3e3e3e3e3e3e3e3e
       128  ................  ffffffffffffffffffffffffffffffff
       114  [[[[[[[[[[[[[[[[  5b5b5b5b5b5b5b5b5b5b5b5b5b5b5b5b
        75  ................  b7b7b7b7b7b7b7b7b7b7b7b7b7b7b7b7
        66  ................  00000000000000000000000000000000
        60  }}}}}}}}}}}}}}}}  7d7d7d7d7d7d7d7d7d7d7d7d7d7d7d7d
        49  ________________  20202020202020202020202020202020
        48  ................  05050505050505050505050505050505
        38  ,,,,,,,,,,,,,,,,  2c2c2c2c2c2c2c2c2c2c2c2c2c2c2c2c
        36  @@@@@@@@@@@@@@@@  40404040404040404040404040404040
# epoch 3500  H=7.9818 C=7.8925 HO=0.0766  A(t)=186
       202  >>>>>>>>>>>>>>>>  3e3e3e3e3e3e3e3e3e3e3e3e3e3e3e3e
       119  [[[[[[[[[[[[[[[[  5b5b5b5b5b5b5b5b5b5b5b5b5b5b5b5b
       101  ................  ffffffffffffffffffffffffffffffff
        86  ................  05050505050505050505050505050505
        82  }}}}}}}}}}}}}}}}  7d7d7d7d7d7d7d7d7d7d7d7d7d7d7d7d
        67  ................  b7b7b7b7b7b7b7b7b7b7b7b7b7b7b7b7
        66  ................  00000000000000000000000000000000
        36  1111111111111111  31313131313131313131313131313131
        34  ________________  20202020202020202020202020202020
        22  ................  fefefefefefefefefefefefefefefefe
# epoch 3550  H=7.9816 C=7.8936 HO=0.0759  A(t)=186
       193  >>>>>>>>>>>>>>>>  3e3e3e3e3e3e3e3e3e3e3e3e3e3e3e3e
       102  [[[[[[[[[[[[[[[[  5b5b5b5b5b5b5b5b5b5b5b5b5b5b5b5b
        88  }}}}}}}}}}}}}}}}  7d7d7d7d7d7d7d7d7d7d7d7d7d7d7d7d
        80  ................  05050505050505050505050505050505
        79  ................  ffffffffffffffffffffffffffffffff
        64  ................  00000000000000000000000000000000
        38  ................  b7b7b7b7b7b7b7b7b7b7b7b7b7b7b7b7
        36  1111111111111111  31313131313131313131313131313131
        34  ________________  20202020202020202020202020202020
        30  8888888888888888  38383838383838383838383838383838
